[2020-05-01T16:51:41.499+0000][1][gc] Using Concurrent Mark Sweep
[2020-05-01T16:51:41.499+0000][1][gc,heap,coops] Heap address: 0x00000000e0000000, size: 512 MB, Compressed Oops mode: 32-bit
[2020-05-01T16:51:41.538+0000][1][safepoint    ] Safepoint "EnableBiasedLocking", Time since last: 31000900 ns, Reaching safepoint: 147200 ns, At safepoint: 54900 ns, Total: 202100 ns
[2020-05-01T16:51:41.541+0000][1][safepoint    ] Safepoint "RevokeBias", Time since last: 2178400 ns, Reaching safepoint: 128600 ns, At safepoint: 54100 ns, Total: 182700 ns
[2020-05-01T16:51:41.549+0000][1][safepoint    ] Safepoint "Deoptimize", Time since last: 7935400 ns, Reaching safepoint: 9000 ns, At safepoint: 34100 ns, Total: 43100 ns
[2020-05-01T16:51:41.649+0000][1][safepoint    ] Safepoint "RevokeBias", Time since last: 100095700 ns, Reaching safepoint: 125500 ns, At safepoint: 76900 ns, Total: 202400 ns
[2020-05-01T16:51:41.651+0000][1][safepoint    ] Safepoint "Deoptimize", Time since last: 1422300 ns, Reaching safepoint: 9100 ns, At safepoint: 52300 ns, Total: 61400 ns
[2020-05-01T16:51:41.652+0000][1][safepoint    ] Safepoint "Deoptimize", Time since last: 1474000 ns, Reaching safepoint: 8200 ns, At safepoint: 67500 ns, Total: 75700 ns
[2020-05-01T16:51:41.686+0000][1][safepoint    ] Safepoint "Deoptimize", Time since last: 34225600 ns, Reaching safepoint: 22600 ns, At safepoint: 86500 ns, Total: 109100 ns
[2020-05-01T16:51:42.041+0000][1][safepoint    ] Safepoint "Deoptimize", Time since last: 354278800 ns, Reaching safepoint: 104300 ns, At safepoint: 138800 ns, Total: 243100 ns
[2020-05-01T16:51:42.097+0000][1][safepoint    ] Safepoint "Deoptimize", Time since last: 55962900 ns, Reaching safepoint: 33300 ns, At safepoint: 118200 ns, Total: 151500 ns
[2020-05-01T16:51:42.203+0000][1][safepoint    ] Safepoint "Deoptimize", Time since last: 105622700 ns, Reaching safepoint: 31200 ns, At safepoint: 119900 ns, Total: 151100 ns
[2020-05-01T16:51:42.416+0000][1][safepoint    ] Safepoint "Deoptimize", Time since last: 212999900 ns, Reaching safepoint: 183700 ns, At safepoint: 145400 ns, Total: 329100 ns
[2020-05-01T16:51:42.760+0000][1][safepoint    ] Safepoint "Deoptimize", Time since last: 344060200 ns, Reaching safepoint: 56700 ns, At safepoint: 121200 ns, Total: 177900 ns
[2020-05-01T16:51:42.857+0000][1][safepoint    ] Safepoint "RevokeBias", Time since last: 96281100 ns, Reaching safepoint: 134600 ns, At safepoint: 81800 ns, Total: 216400 ns
[2020-05-01T16:51:42.974+0000][1][safepoint    ] Safepoint "Deoptimize", Time since last: 117221000 ns, Reaching safepoint: 86200 ns, At safepoint: 220200 ns, Total: 306400 ns
[2020-05-01T16:51:43.101+0000][1][safepoint    ] Safepoint "Deoptimize", Time since last: 125854800 ns, Reaching safepoint: 33400 ns, At safepoint: 182400 ns, Total: 215800 ns
[2020-05-01T16:51:43.101+0000][1][safepoint    ] Safepoint "Deoptimize", Time since last: 255100 ns, Reaching safepoint: 110700 ns, At safepoint: 193600 ns, Total: 304300 ns
[2020-05-01T16:51:43.163+0000][1][safepoint    ] Safepoint "Deoptimize", Time since last: 61392400 ns, Reaching safepoint: 37800 ns, At safepoint: 230300 ns, Total: 268100 ns
[2020-05-01T16:51:43.166+0000][1][safepoint    ] Safepoint "Deoptimize", Time since last: 2593300 ns, Reaching safepoint: 18300 ns, At safepoint: 149100 ns, Total: 167400 ns
[2020-05-01T16:51:43.176+0000][1][safepoint    ] Safepoint "RevokeBias", Time since last: 10718200 ns, Reaching safepoint: 97200 ns, At safepoint: 55600 ns, Total: 152800 ns
[2020-05-01T16:51:43.177+0000][1][safepoint    ] Safepoint "RevokeBias", Time since last: 104200 ns, Reaching safepoint: 102300 ns, At safepoint: 47900 ns, Total: 150200 ns
[2020-05-01T16:51:43.177+0000][1][safepoint    ] Safepoint "RevokeBias", Time since last: 151400 ns, Reaching safepoint: 94800 ns, At safepoint: 51500 ns, Total: 146300 ns
[2020-05-01T16:51:43.177+0000][1][safepoint    ] Safepoint "RevokeBias", Time since last: 106000 ns, Reaching safepoint: 97300 ns, At safepoint: 55800 ns, Total: 153100 ns
[2020-05-01T16:51:43.178+0000][1][safepoint    ] Safepoint "RevokeBias", Time since last: 342400 ns, Reaching safepoint: 97700 ns, At safepoint: 42200 ns, Total: 139900 ns
[2020-05-01T16:51:43.185+0000][1][safepoint    ] Safepoint "Deoptimize", Time since last: 6758600 ns, Reaching safepoint: 16000 ns, At safepoint: 149600 ns, Total: 165600 ns
[2020-05-01T16:51:43.670+0000][1][safepoint    ] Safepoint "Deoptimize", Time since last: 485236600 ns, Reaching safepoint: 175300 ns, At safepoint: 270700 ns, Total: 446000 ns
[2020-05-01T16:51:44.055+0000][1][gc,start     ] GC(0) Pause Young (Allocation Failure)
[2020-05-01T16:51:44.057+0000][1][gc,task      ] GC(0) Using 10 workers of 10 for evacuation
[2020-05-01T16:51:44.063+0000][1][gc,age       ] GC(0) Desired survivor size 8945664 bytes, new threshold 1 (max threshold 6)
[2020-05-01T16:51:44.063+0000][1][gc,age       ] GC(0) Age table with threshold 1 (max threshold 6)
[2020-05-01T16:51:44.063+0000][1][gc,age       ] GC(0) - age   1:   10636448 bytes,   10636448 total
[2020-05-01T16:51:44.063+0000][1][gc,heap      ] GC(0) ParNew: 139776K->10526K(157248K)
[2020-05-01T16:51:44.063+0000][1][gc,heap      ] GC(0) CMS: 0K->0K(349568K)
[2020-05-01T16:51:44.063+0000][1][gc,metaspace ] GC(0) Metaspace: 17268K->17268K(1064960K)
[2020-05-01T16:51:44.063+0000][1][gc           ] GC(0) Pause Young (Allocation Failure) 136M->10M(494M) 7.611ms
[2020-05-01T16:51:44.063+0000][1][gc,cpu       ] GC(0) User=0.06s Sys=0.01s Real=0.01s
[2020-05-01T16:51:44.063+0000][1][safepoint    ] Safepoint "GenCollectForAllocation", Time since last: 384739700 ns, Reaching safepoint: 97700 ns, At safepoint: 7701800 ns, Total: 7799500 ns
[2020-05-01T16:51:44.063+0000][1][safepoint    ] Safepoint "RevokeBias", Time since last: 316000 ns, Reaching safepoint: 116600 ns, At safepoint: 98300 ns, Total: 214900 ns
[2020-05-01T16:51:44.064+0000][1][safepoint    ] Safepoint "RevokeBias", Time since last: 127400 ns, Reaching safepoint: 110000 ns, At safepoint: 123800 ns, Total: 233800 ns
[2020-05-01T16:51:44.064+0000][1][safepoint    ] Safepoint "RevokeBias", Time since last: 130300 ns, Reaching safepoint: 115900 ns, At safepoint: 144900 ns, Total: 260800 ns
[2020-05-01T16:51:44.065+0000][1][safepoint    ] Safepoint "BulkRevokeBias", Time since last: 49400 ns, Reaching safepoint: 128100 ns, At safepoint: 269200 ns, Total: 397300 ns
[2020-05-01T16:51:44.065+0000][1][safepoint    ] Safepoint "RevokeBias", Time since last: 49900 ns, Reaching safepoint: 118800 ns, At safepoint: 173400 ns, Total: 292200 ns
[2020-05-01T16:51:44.065+0000][1][safepoint    ] Safepoint "RevokeBias", Time since last: 48200 ns, Reaching safepoint: 104100 ns, At safepoint: 100500 ns, Total: 204600 ns
[2020-05-01T16:51:44.065+0000][1][safepoint    ] Safepoint "RevokeBias", Time since last: 38900 ns, Reaching safepoint: 98800 ns, At safepoint: 85700 ns, Total: 184500 ns
[2020-05-01T16:51:44.066+0000][1][safepoint    ] Safepoint "RevokeBias", Time since last: 56200 ns, Reaching safepoint: 103400 ns, At safepoint: 95500 ns, Total: 198900 ns
[2020-05-01T16:51:44.066+0000][1][safepoint    ] Safepoint "RevokeBias", Time since last: 41300 ns, Reaching safepoint: 103800 ns, At safepoint: 71600 ns, Total: 175400 ns
[2020-05-01T16:51:44.066+0000][1][safepoint    ] Safepoint "RevokeBias", Time since last: 278300 ns, Reaching safepoint: 96400 ns, At safepoint: 68500 ns, Total: 164900 ns
[2020-05-01T16:51:44.067+0000][1][safepoint    ] Safepoint "RevokeBias", Time since last: 102400 ns, Reaching safepoint: 108200 ns, At safepoint: 69400 ns, Total: 177600 ns
[2020-05-01T16:51:44.067+0000][1][safepoint    ] Safepoint "RevokeBias", Time since last: 127100 ns, Reaching safepoint: 105600 ns, At safepoint: 63500 ns, Total: 169100 ns
[2020-05-01T16:51:44.067+0000][1][safepoint    ] Safepoint "RevokeBias", Time since last: 100000 ns, Reaching safepoint: 97300 ns, At safepoint: 54400 ns, Total: 151700 ns
[2020-05-01T16:51:44.067+0000][1][safepoint    ] Safepoint "RevokeBias", Time since last: 104200 ns, Reaching safepoint: 102100 ns, At safepoint: 82300 ns, Total: 184400 ns
[2020-05-01T16:51:44.068+0000][1][safepoint    ] Safepoint "RevokeBias", Time since last: 127200 ns, Reaching safepoint: 109600 ns, At safepoint: 74000 ns, Total: 183600 ns
[2020-05-01T16:51:44.068+0000][1][safepoint    ] Safepoint "RevokeBias", Time since last: 114400 ns, Reaching safepoint: 117100 ns, At safepoint: 55500 ns, Total: 172600 ns
[2020-05-01T16:51:44.068+0000][1][safepoint    ] Safepoint "RevokeBias", Time since last: 155900 ns, Reaching safepoint: 151400 ns, At safepoint: 81700 ns, Total: 233100 ns
[2020-05-01T16:51:44.069+0000][1][safepoint    ] Safepoint "RevokeBias", Time since last: 142200 ns, Reaching safepoint: 135700 ns, At safepoint: 157000 ns, Total: 292700 ns
[2020-05-01T16:51:44.069+0000][1][safepoint    ] Safepoint "RevokeBias", Time since last: 196000 ns, Reaching safepoint: 152000 ns, At safepoint: 143300 ns, Total: 295300 ns
[2020-05-01T16:51:44.070+0000][1][safepoint    ] Safepoint "RevokeBias", Time since last: 299500 ns, Reaching safepoint: 115600 ns, At safepoint: 101400 ns, Total: 217000 ns
[2020-05-01T16:51:44.070+0000][1][safepoint    ] Safepoint "RevokeBias", Time since last: 112600 ns, Reaching safepoint: 109500 ns, At safepoint: 106600 ns, Total: 216100 ns
[2020-05-01T16:51:44.070+0000][1][safepoint    ] Safepoint "RevokeBias", Time since last: 108100 ns, Reaching safepoint: 108500 ns, At safepoint: 118500 ns, Total: 227000 ns
[2020-05-01T16:51:44.071+0000][1][safepoint    ] Safepoint "RevokeBias", Time since last: 94300 ns, Reaching safepoint: 104200 ns, At safepoint: 97900 ns, Total: 202100 ns
[2020-05-01T16:51:44.071+0000][1][safepoint    ] Safepoint "RevokeBias", Time since last: 117100 ns, Reaching safepoint: 124500 ns, At safepoint: 124400 ns, Total: 248900 ns
[2020-05-01T16:51:44.072+0000][1][safepoint    ] Safepoint "RevokeBias", Time since last: 140200 ns, Reaching safepoint: 166000 ns, At safepoint: 122600 ns, Total: 288600 ns
[2020-05-01T16:51:44.072+0000][1][safepoint    ] Safepoint "RevokeBias", Time since last: 117200 ns, Reaching safepoint: 154500 ns, At safepoint: 114500 ns, Total: 269000 ns
[2020-05-01T16:51:44.072+0000][1][safepoint    ] Safepoint "RevokeBias", Time since last: 130600 ns, Reaching safepoint: 112200 ns, At safepoint: 125000 ns, Total: 237200 ns
[2020-05-01T16:51:44.073+0000][1][safepoint    ] Safepoint "RevokeBias", Time since last: 667400 ns, Reaching safepoint: 138100 ns, At safepoint: 103800 ns, Total: 241900 ns
[2020-05-01T16:51:44.074+0000][1][safepoint    ] Safepoint "RevokeBias", Time since last: 99800 ns, Reaching safepoint: 144200 ns, At safepoint: 110200 ns, Total: 254400 ns
[2020-05-01T16:51:44.074+0000][1][safepoint    ] Safepoint "RevokeBias", Time since last: 115500 ns, Reaching safepoint: 151300 ns, At safepoint: 96500 ns, Total: 247800 ns
[2020-05-01T16:51:44.074+0000][1][safepoint    ] Safepoint "RevokeBias", Time since last: 96400 ns, Reaching safepoint: 109100 ns, At safepoint: 85600 ns, Total: 194700 ns
[2020-05-01T16:51:44.075+0000][1][safepoint    ] Safepoint "RevokeBias", Time since last: 119000 ns, Reaching safepoint: 104600 ns, At safepoint: 132200 ns, Total: 236800 ns
[2020-05-01T16:51:44.075+0000][1][safepoint    ] Safepoint "RevokeBias", Time since last: 108500 ns, Reaching safepoint: 101800 ns, At safepoint: 111200 ns, Total: 213000 ns
[2020-05-01T16:51:44.075+0000][1][safepoint    ] Safepoint "RevokeBias", Time since last: 130500 ns, Reaching safepoint: 147500 ns, At safepoint: 82700 ns, Total: 230200 ns
[2020-05-01T16:51:44.076+0000][1][safepoint    ] Safepoint "RevokeBias", Time since last: 133900 ns, Reaching safepoint: 114400 ns, At safepoint: 106700 ns, Total: 221100 ns
[2020-05-01T16:51:44.076+0000][1][safepoint    ] Safepoint "RevokeBias", Time since last: 136000 ns, Reaching safepoint: 115200 ns, At safepoint: 156800 ns, Total: 272000 ns
[2020-05-01T16:51:44.076+0000][1][safepoint    ] Safepoint "RevokeBias", Time since last: 131700 ns, Reaching safepoint: 125900 ns, At safepoint: 108600 ns, Total: 234500 ns
[2020-05-01T16:51:44.077+0000][1][safepoint    ] Safepoint "RevokeBias", Time since last: 239000 ns, Reaching safepoint: 113300 ns, At safepoint: 79800 ns, Total: 193100 ns
[2020-05-01T16:51:44.077+0000][1][safepoint    ] Safepoint "RevokeBias", Time since last: 154000 ns, Reaching safepoint: 126300 ns, At safepoint: 68500 ns, Total: 194800 ns
[2020-05-01T16:51:44.078+0000][1][safepoint    ] Safepoint "BulkRevokeBias", Time since last: 151400 ns, Reaching safepoint: 104300 ns, At safepoint: 88000 ns, Total: 192300 ns
[2020-05-01T16:51:44.078+0000][1][safepoint    ] Safepoint "BulkRevokeBias", Time since last: 110400 ns, Reaching safepoint: 100400 ns, At safepoint: 97700 ns, Total: 198100 ns
[2020-05-01T16:51:44.085+0000][1][safepoint    ] Safepoint "RevokeBias", Time since last: 6690900 ns, Reaching safepoint: 23900 ns, At safepoint: 86900 ns, Total: 110800 ns
[2020-05-01T16:51:44.088+0000][1][safepoint    ] Safepoint "RevokeBias", Time since last: 2933900 ns, Reaching safepoint: 24600 ns, At safepoint: 101000 ns, Total: 125600 ns
[2020-05-01T16:51:44.469+0000][1][gc,start     ] GC(1) Pause Young (Allocation Failure)
[2020-05-01T16:51:44.469+0000][1][gc,task      ] GC(1) Using 10 workers of 10 for evacuation
[2020-05-01T16:51:44.491+0000][1][gc,age       ] GC(1) Desired survivor size 8945664 bytes, new threshold 6 (max threshold 6)
[2020-05-01T16:51:44.491+0000][1][gc,age       ] GC(1) Age table with threshold 6 (max threshold 6)
[2020-05-01T16:51:44.491+0000][1][gc,age       ] GC(1) - age   1:    2041872 bytes,    2041872 total
[2020-05-01T16:51:44.491+0000][1][gc,heap      ] GC(1) ParNew: 150302K->7368K(157248K)
[2020-05-01T16:51:44.491+0000][1][gc,heap      ] GC(1) CMS: 0K->9561K(349568K)
[2020-05-01T16:51:44.491+0000][1][gc,metaspace ] GC(1) Metaspace: 18631K->18631K(1067008K)
[2020-05-01T16:51:44.491+0000][1][gc           ] GC(1) Pause Young (Allocation Failure) 146M->16M(494M) 21.756ms
[2020-05-01T16:51:44.491+0000][1][gc,cpu       ] GC(1) User=0.21s Sys=0.00s Real=0.03s
[2020-05-01T16:51:44.491+0000][1][safepoint    ] Safepoint "GenCollectForAllocation", Time since last: 381322300 ns, Reaching safepoint: 216400 ns, At safepoint: 21900600 ns, Total: 22117000 ns
[2020-05-01T16:51:44.492+0000][1][safepoint    ] Safepoint "RevokeBias", Time since last: 233500 ns, Reaching safepoint: 103000 ns, At safepoint: 71200 ns, Total: 174200 ns
[2020-05-01T16:51:44.492+0000][1][safepoint    ] Safepoint "RevokeBias", Time since last: 85400 ns, Reaching safepoint: 91400 ns, At safepoint: 46400 ns, Total: 137800 ns
[2020-05-01T16:51:44.492+0000][1][safepoint    ] Safepoint "RevokeBias", Time since last: 86800 ns, Reaching safepoint: 99200 ns, At safepoint: 59700 ns, Total: 158900 ns
[2020-05-01T16:51:44.492+0000][1][safepoint    ] Safepoint "RevokeBias", Time since last: 112600 ns, Reaching safepoint: 98700 ns, At safepoint: 54800 ns, Total: 153500 ns
[2020-05-01T16:51:44.492+0000][1][safepoint    ] Safepoint "RevokeBias", Time since last: 88000 ns, Reaching safepoint: 11000 ns, At safepoint: 60400 ns, Total: 71400 ns
[2020-05-01T16:51:44.493+0000][1][safepoint    ] Safepoint "RevokeBias", Time since last: 81100 ns, Reaching safepoint: 88300 ns, At safepoint: 50200 ns, Total: 138500 ns
[2020-05-01T16:51:44.493+0000][1][safepoint    ] Safepoint "RevokeBias", Time since last: 87800 ns, Reaching safepoint: 88200 ns, At safepoint: 51000 ns, Total: 139200 ns
[2020-05-01T16:51:44.493+0000][1][safepoint    ] Safepoint "RevokeBias", Time since last: 82900 ns, Reaching safepoint: 138900 ns, At safepoint: 113600 ns, Total: 252500 ns
[2020-05-01T16:51:44.494+0000][1][safepoint    ] Safepoint "RevokeBias", Time since last: 242700 ns, Reaching safepoint: 138300 ns, At safepoint: 111000 ns, Total: 249300 ns
[2020-05-01T16:51:44.494+0000][1][safepoint    ] Safepoint "RevokeBias", Time since last: 178000 ns, Reaching safepoint: 120700 ns, At safepoint: 95600 ns, Total: 216300 ns
[2020-05-01T16:51:44.494+0000][1][safepoint    ] Safepoint "RevokeBias", Time since last: 124900 ns, Reaching safepoint: 94700 ns, At safepoint: 55700 ns, Total: 150400 ns
[2020-05-01T16:51:44.495+0000][1][safepoint    ] Safepoint "RevokeBias", Time since last: 101700 ns, Reaching safepoint: 93700 ns, At safepoint: 55200 ns, Total: 148900 ns
[2020-05-01T16:51:44.495+0000][1][safepoint    ] Safepoint "RevokeBias", Time since last: 114800 ns, Reaching safepoint: 120300 ns, At safepoint: 60100 ns, Total: 180400 ns
[2020-05-01T16:51:44.495+0000][1][safepoint    ] Safepoint "RevokeBias", Time since last: 107400 ns, Reaching safepoint: 13200 ns, At safepoint: 60700 ns, Total: 73900 ns
[2020-05-01T16:51:44.495+0000][1][safepoint    ] Safepoint "RevokeBias", Time since last: 109200 ns, Reaching safepoint: 94600 ns, At safepoint: 47100 ns, Total: 141700 ns
[2020-05-01T16:51:44.496+0000][1][safepoint    ] Safepoint "RevokeBias", Time since last: 102700 ns, Reaching safepoint: 117700 ns, At safepoint: 70900 ns, Total: 188600 ns
[2020-05-01T16:51:44.496+0000][1][safepoint    ] Safepoint "RevokeBias", Time since last: 108300 ns, Reaching safepoint: 104200 ns, At safepoint: 84200 ns, Total: 188400 ns
[2020-05-01T16:51:44.496+0000][1][safepoint    ] Safepoint "RevokeBias", Time since last: 93500 ns, Reaching safepoint: 92200 ns, At safepoint: 58700 ns, Total: 150900 ns
[2020-05-01T16:51:44.496+0000][1][safepoint    ] Safepoint "RevokeBias", Time since last: 93800 ns, Reaching safepoint: 92200 ns, At safepoint: 67100 ns, Total: 159300 ns
[2020-05-01T16:51:44.497+0000][1][safepoint    ] Safepoint "RevokeBias", Time since last: 100300 ns, Reaching safepoint: 91000 ns, At safepoint: 53900 ns, Total: 144900 ns
[2020-05-01T16:51:44.497+0000][1][safepoint    ] Safepoint "RevokeBias", Time since last: 91700 ns, Reaching safepoint: 91100 ns, At safepoint: 53400 ns, Total: 144500 ns
[2020-05-01T16:51:44.497+0000][1][safepoint    ] Safepoint "RevokeBias", Time since last: 129200 ns, Reaching safepoint: 136000 ns, At safepoint: 132900 ns, Total: 268900 ns
[2020-05-01T16:51:44.498+0000][1][safepoint    ] Safepoint "RevokeBias", Time since last: 232400 ns, Reaching safepoint: 147000 ns, At safepoint: 161200 ns, Total: 308200 ns
[2020-05-01T16:51:44.498+0000][1][safepoint    ] Safepoint "RevokeBias", Time since last: 250200 ns, Reaching safepoint: 99300 ns, At safepoint: 83100 ns, Total: 182400 ns
[2020-05-01T16:51:44.499+0000][1][safepoint    ] Safepoint "RevokeBias", Time since last: 143900 ns, Reaching safepoint: 99500 ns, At safepoint: 69700 ns, Total: 169200 ns
[2020-05-01T16:51:44.499+0000][1][safepoint    ] Safepoint "RevokeBias", Time since last: 128100 ns, Reaching safepoint: 101300 ns, At safepoint: 75500 ns, Total: 176800 ns
[2020-05-01T16:51:44.499+0000][1][safepoint    ] Safepoint "RevokeBias", Time since last: 160900 ns, Reaching safepoint: 109500 ns, At safepoint: 78100 ns, Total: 187600 ns
[2020-05-01T16:51:44.787+0000][1][gc,start     ] GC(2) Pause Young (Allocation Failure)
[2020-05-01T16:51:44.787+0000][1][gc,task      ] GC(2) Using 10 workers of 10 for evacuation
[2020-05-01T16:51:44.789+0000][1][gc,age       ] GC(2) Desired survivor size 8945664 bytes, new threshold 6 (max threshold 6)
[2020-05-01T16:51:44.789+0000][1][gc,age       ] GC(2) Age table with threshold 6 (max threshold 6)
[2020-05-01T16:51:44.789+0000][1][gc,age       ] GC(2) - age   1:    1779696 bytes,    1779696 total
[2020-05-01T16:51:44.789+0000][1][gc,age       ] GC(2) - age   2:    1619432 bytes,    3399128 total
[2020-05-01T16:51:44.789+0000][1][gc,heap      ] GC(2) ParNew: 147144K->4717K(157248K)
[2020-05-01T16:51:44.789+0000][1][gc,heap      ] GC(2) CMS: 9561K->9561K(349568K)
[2020-05-01T16:51:44.789+0000][1][gc,metaspace ] GC(2) Metaspace: 19124K->19124K(1067008K)
[2020-05-01T16:51:44.789+0000][1][gc           ] GC(2) Pause Young (Allocation Failure) 153M->13M(494M) 1.941ms
[2020-05-01T16:51:44.789+0000][1][gc,cpu       ] GC(2) User=0.02s Sys=0.00s Real=0.00s
[2020-05-01T16:51:44.789+0000][1][safepoint    ] Safepoint "GenCollectForAllocation", Time since last: 287707800 ns, Reaching safepoint: 93300 ns, At safepoint: 2035500 ns, Total: 2128800 ns
[2020-05-01T16:51:44.790+0000][1][safepoint    ] Safepoint "BulkRevokeBias", Time since last: 190600 ns, Reaching safepoint: 106000 ns, At safepoint: 110500 ns, Total: 216500 ns
[2020-05-01T16:51:44.790+0000][1][safepoint    ] Safepoint "RevokeBias", Time since last: 111000 ns, Reaching safepoint: 89400 ns, At safepoint: 52600 ns, Total: 142000 ns
[2020-05-01T16:51:44.790+0000][1][safepoint    ] Safepoint "RevokeBias", Time since last: 121200 ns, Reaching safepoint: 98100 ns, At safepoint: 106600 ns, Total: 204700 ns
[2020-05-01T16:51:44.791+0000][1][safepoint    ] Safepoint "RevokeBias", Time since last: 267900 ns, Reaching safepoint: 155600 ns, At safepoint: 130200 ns, Total: 285800 ns
[2020-05-01T16:51:44.791+0000][1][safepoint    ] Safepoint "RevokeBias", Time since last: 275000 ns, Reaching safepoint: 275500 ns, At safepoint: 70200 ns, Total: 345700 ns
[2020-05-01T16:51:44.792+0000][1][safepoint    ] Safepoint "RevokeBias", Time since last: 104800 ns, Reaching safepoint: 93800 ns, At safepoint: 56600 ns, Total: 150400 ns
[2020-05-01T16:51:44.792+0000][1][safepoint    ] Safepoint "RevokeBias", Time since last: 103100 ns, Reaching safepoint: 92100 ns, At safepoint: 55100 ns, Total: 147200 ns
[2020-05-01T16:51:44.792+0000][1][safepoint    ] Safepoint "RevokeBias", Time since last: 109600 ns, Reaching safepoint: 101300 ns, At safepoint: 73900 ns, Total: 175200 ns
[2020-05-01T16:51:44.799+0000][1][safepoint    ] Safepoint "Deoptimize", Time since last: 6377100 ns, Reaching safepoint: 27900 ns, At safepoint: 306800 ns, Total: 334700 ns
[2020-05-01T16:51:44.844+0000][1][safepoint    ] Safepoint "Deoptimize", Time since last: 45101000 ns, Reaching safepoint: 36500 ns, At safepoint: 268100 ns, Total: 304600 ns
[2020-05-01T16:51:45.059+0000][1][gc,start     ] GC(3) Pause Young (Allocation Failure)
[2020-05-01T16:51:45.059+0000][1][gc,task      ] GC(3) Using 10 workers of 10 for evacuation
[2020-05-01T16:51:45.063+0000][1][gc,age       ] GC(3) Desired survivor size 8945664 bytes, new threshold 6 (max threshold 6)
[2020-05-01T16:51:45.063+0000][1][gc,age       ] GC(3) Age table with threshold 6 (max threshold 6)
[2020-05-01T16:51:45.063+0000][1][gc,age       ] GC(3) - age   1:    3639792 bytes,    3639792 total
[2020-05-01T16:51:45.063+0000][1][gc,age       ] GC(3) - age   2:    1737928 bytes,    5377720 total
[2020-05-01T16:51:45.063+0000][1][gc,age       ] GC(3) - age   3:    1615488 bytes,    6993208 total
[2020-05-01T16:51:45.063+0000][1][gc,heap      ] GC(3) ParNew: 144493K->7759K(157248K)
[2020-05-01T16:51:45.063+0000][1][gc,heap      ] GC(3) CMS: 9561K->9561K(349568K)
[2020-05-01T16:51:45.063+0000][1][gc,metaspace ] GC(3) Metaspace: 19584K->19584K(1067008K)
[2020-05-01T16:51:45.063+0000][1][gc           ] GC(3) Pause Young (Allocation Failure) 150M->16M(494M) 4.542ms
[2020-05-01T16:51:45.063+0000][1][gc,cpu       ] GC(3) User=0.06s Sys=0.00s Real=0.01s
[2020-05-01T16:51:45.063+0000][1][safepoint    ] Safepoint "GenCollectForAllocation", Time since last: 214365700 ns, Reaching safepoint: 69400 ns, At safepoint: 4624000 ns, Total: 4693400 ns
[2020-05-01T16:51:45.064+0000][1][safepoint    ] Safepoint "RevokeBias", Time since last: 303500 ns, Reaching safepoint: 116000 ns, At safepoint: 68400 ns, Total: 184400 ns
[2020-05-01T16:51:45.064+0000][1][safepoint    ] Safepoint "RevokeBias", Time since last: 118700 ns, Reaching safepoint: 18700 ns, At safepoint: 74500 ns, Total: 93200 ns
[2020-05-01T16:51:45.064+0000][1][safepoint    ] Safepoint "RevokeBias", Time since last: 121600 ns, Reaching safepoint: 109700 ns, At safepoint: 71500 ns, Total: 181200 ns
[2020-05-01T16:51:45.065+0000][1][safepoint    ] Safepoint "BulkRevokeBias", Time since last: 103600 ns, Reaching safepoint: 97800 ns, At safepoint: 103900 ns, Total: 201700 ns
[2020-05-01T16:51:45.065+0000][1][safepoint    ] Safepoint "BulkRevokeBias", Time since last: 109000 ns, Reaching safepoint: 112700 ns, At safepoint: 69700 ns, Total: 182400 ns
[2020-05-01T16:51:45.248+0000][1][gc,start     ] GC(4) Pause Young (Allocation Failure)
[2020-05-01T16:51:45.248+0000][1][gc,task      ] GC(4) Using 10 workers of 10 for evacuation
[2020-05-01T16:51:45.252+0000][1][gc,age       ] GC(4) Desired survivor size 8945664 bytes, new threshold 6 (max threshold 6)
[2020-05-01T16:51:45.252+0000][1][gc,age       ] GC(4) Age table with threshold 6 (max threshold 6)
[2020-05-01T16:51:45.252+0000][1][gc,age       ] GC(4) - age   1:    2540096 bytes,    2540096 total
[2020-05-01T16:51:45.252+0000][1][gc,age       ] GC(4) - age   2:    2294720 bytes,    4834816 total
[2020-05-01T16:51:45.252+0000][1][gc,age       ] GC(4) - age   3:    1737168 bytes,    6571984 total
[2020-05-01T16:51:45.252+0000][1][gc,age       ] GC(4) - age   4:    1615128 bytes,    8187112 total
[2020-05-01T16:51:45.252+0000][1][gc,heap      ] GC(4) ParNew: 147535K->11067K(157248K)
[2020-05-01T16:51:45.252+0000][1][gc,heap      ] GC(4) CMS: 9561K->9561K(349568K)
[2020-05-01T16:51:45.252+0000][1][gc,metaspace ] GC(4) Metaspace: 19845K->19845K(1067008K)
[2020-05-01T16:51:45.252+0000][1][gc           ] GC(4) Pause Young (Allocation Failure) 153M->20M(494M) 4.010ms
[2020-05-01T16:51:45.252+0000][1][gc,cpu       ] GC(4) User=0.03s Sys=0.02s Real=0.01s
[2020-05-01T16:51:45.252+0000][1][safepoint    ] Safepoint "GenCollectForAllocation", Time since last: 182976800 ns, Reaching safepoint: 35800 ns, At safepoint: 4104500 ns, Total: 4140300 ns
[2020-05-01T16:51:45.326+0000][1][safepoint    ] Safepoint "CollectForMetadataAllocation", Time since last: 73907300 ns, Reaching safepoint: 31000 ns, At safepoint: 172500 ns, Total: 203500 ns
[2020-05-01T16:51:45.340+0000][1][safepoint    ] Safepoint "CollectForMetadataAllocation", Time since last: 13613600 ns, Reaching safepoint: 25700 ns, At safepoint: 169300 ns, Total: 195000 ns
[2020-05-01T16:51:45.362+0000][1][safepoint    ] Safepoint "CollectForMetadataAllocation", Time since last: 22366300 ns, Reaching safepoint: 28000 ns, At safepoint: 120600 ns, Total: 148600 ns
[2020-05-01T16:51:45.493+0000][1][gc,start     ] GC(5) Pause Young (Allocation Failure)
[2020-05-01T16:51:45.493+0000][1][gc,task      ] GC(5) Using 10 workers of 10 for evacuation
[2020-05-01T16:51:45.496+0000][1][gc,age       ] GC(5) Desired survivor size 8945664 bytes, new threshold 6 (max threshold 6)
[2020-05-01T16:51:45.496+0000][1][gc,age       ] GC(5) Age table with threshold 6 (max threshold 6)
[2020-05-01T16:51:45.496+0000][1][gc,age       ] GC(5) - age   1:    1566128 bytes,    1566128 total
[2020-05-01T16:51:45.496+0000][1][gc,age       ] GC(5) - age   2:     526136 bytes,    2092264 total
[2020-05-01T16:51:45.496+0000][1][gc,age       ] GC(5) - age   3:    2294144 bytes,    4386408 total
[2020-05-01T16:51:45.496+0000][1][gc,age       ] GC(5) - age   4:    1737168 bytes,    6123576 total
[2020-05-01T16:51:45.496+0000][1][gc,age       ] GC(5) - age   5:    1615128 bytes,    7738704 total
[2020-05-01T16:51:45.496+0000][1][gc,heap      ] GC(5) ParNew: 150843K->10415K(157248K)
[2020-05-01T16:51:45.496+0000][1][gc,heap      ] GC(5) CMS: 9561K->9561K(349568K)
[2020-05-01T16:51:45.496+0000][1][gc,metaspace ] GC(5) Metaspace: 20789K->20789K(1069056K)
[2020-05-01T16:51:45.496+0000][1][gc           ] GC(5) Pause Young (Allocation Failure) 156M->19M(494M) 3.281ms
[2020-05-01T16:51:45.496+0000][1][gc,cpu       ] GC(5) User=0.02s Sys=0.00s Real=0.00s
[2020-05-01T16:51:45.496+0000][1][safepoint    ] Safepoint "GenCollectForAllocation", Time since last: 130664200 ns, Reaching safepoint: 39200 ns, At safepoint: 3374800 ns, Total: 3414000 ns
[2020-05-01T16:51:45.497+0000][1][gc,start     ] GC(6) Pause Initial Mark
[2020-05-01T16:51:45.498+0000][1][gc           ] GC(6) Pause Initial Mark 22M->22M(494M) 0.822ms
[2020-05-01T16:51:45.498+0000][1][gc,cpu       ] GC(6) User=0.01s Sys=0.00s Real=0.00s
[2020-05-01T16:51:45.498+0000][1][safepoint    ] Safepoint "CMS_Initial_Mark", Time since last: 223800 ns, Reaching safepoint: 118000 ns, At safepoint: 920900 ns, Total: 1038900 ns
[2020-05-01T16:51:45.498+0000][1][gc           ] GC(6) Concurrent Mark
[2020-05-01T16:51:45.498+0000][1][gc,task      ] GC(6) Using 3 workers of 3 for marking
[2020-05-01T16:51:45.504+0000][1][gc           ] GC(6) Concurrent Mark 6.011ms
[2020-05-01T16:51:45.504+0000][1][gc,cpu       ] GC(6) User=0.02s Sys=0.01s Real=0.01s
[2020-05-01T16:51:45.504+0000][1][gc           ] GC(6) Concurrent Preclean
[2020-05-01T16:51:45.505+0000][1][gc           ] GC(6) Concurrent Preclean 0.856ms
[2020-05-01T16:51:45.505+0000][1][gc,cpu       ] GC(6) User=0.00s Sys=0.00s Real=0.00s
[2020-05-01T16:51:45.505+0000][1][gc           ] GC(6) Concurrent Abortable Preclean
[2020-05-01T16:51:45.682+0000][1][gc           ] GC(6) Concurrent Abortable Preclean 177.686ms
[2020-05-01T16:51:45.683+0000][1][gc,cpu       ] GC(6) User=0.71s Sys=0.02s Real=0.18s
[2020-05-01T16:51:45.683+0000][1][gc,start     ] GC(6) Pause Remark
[2020-05-01T16:51:45.699+0000][1][gc           ] GC(6) Pause Remark 155M->155M(494M) 16.168ms
[2020-05-01T16:51:45.699+0000][1][gc,cpu       ] GC(6) User=0.12s Sys=0.01s Real=0.01s
[2020-05-01T16:51:45.699+0000][1][safepoint    ] Safepoint "CMS_Final_Remark", Time since last: 184895900 ns, Reaching safepoint: 39800 ns, At safepoint: 16290600 ns, Total: 16330400 ns
[2020-05-01T16:51:45.699+0000][1][gc           ] GC(6) Concurrent Sweep
[2020-05-01T16:51:45.704+0000][1][gc           ] GC(6) Concurrent Sweep 4.616ms
[2020-05-01T16:51:45.704+0000][1][gc,cpu       ] GC(6) User=0.02s Sys=0.00s Real=0.01s
[2020-05-01T16:51:45.704+0000][1][gc           ] GC(6) Concurrent Reset
[2020-05-01T16:51:45.705+0000][1][gc,start     ] GC(7) Pause Young (Allocation Failure)
[2020-05-01T16:51:45.705+0000][1][gc,task      ] GC(7) Using 10 workers of 10 for evacuation
[2020-05-01T16:51:45.708+0000][1][gc,age       ] GC(7) Desired survivor size 8945664 bytes, new threshold 6 (max threshold 6)
[2020-05-01T16:51:45.708+0000][1][gc,age       ] GC(7) Age table with threshold 6 (max threshold 6)
[2020-05-01T16:51:45.708+0000][1][gc,age       ] GC(7) - age   1:     412152 bytes,     412152 total
[2020-05-01T16:51:45.708+0000][1][gc,age       ] GC(7) - age   2:     796800 bytes,    1208952 total
[2020-05-01T16:51:45.708+0000][1][gc,age       ] GC(7) - age   3:     526136 bytes,    1735088 total
[2020-05-01T16:51:45.708+0000][1][gc,age       ] GC(7) - age   4:    2292792 bytes,    4027880 total
[2020-05-01T16:51:45.708+0000][1][gc,age       ] GC(7) - age   5:    1737136 bytes,    5765016 total
[2020-05-01T16:51:45.708+0000][1][gc,age       ] GC(7) - age   6:    1615096 bytes,    7380112 total
[2020-05-01T16:51:45.708+0000][1][gc,heap      ] GC(7) ParNew: 150191K->10082K(157248K)
[2020-05-01T16:51:45.708+0000][1][gc,heap      ] GC(7) CMS: 9558K->9558K(349568K)
[2020-05-01T16:51:45.708+0000][1][gc,metaspace ] GC(7) Metaspace: 20967K->20967K(1069056K)
[2020-05-01T16:51:45.708+0000][1][gc           ] GC(7) Pause Young (Allocation Failure) 156M->19M(494M) 3.253ms
[2020-05-01T16:51:45.708+0000][1][gc,cpu       ] GC(7) User=0.02s Sys=0.00s Real=0.00s
[2020-05-01T16:51:45.708+0000][1][safepoint    ] Safepoint "GenCollectForAllocation", Time since last: 5177700 ns, Reaching safepoint: 480000 ns, At safepoint: 3357300 ns, Total: 3837300 ns
[2020-05-01T16:51:45.708+0000][1][gc           ] GC(6) Concurrent Reset 4.428ms
[2020-05-01T16:51:45.708+0000][1][gc,cpu       ] GC(6) User=0.03s Sys=0.00s Real=0.00s
[2020-05-01T16:51:45.708+0000][1][gc,heap      ] GC(6) Old: 9561K->9558K(349568K)
[2020-05-01T16:51:45.876+0000][1][gc,start     ] GC(8) Pause Young (Allocation Failure)
[2020-05-01T16:51:45.876+0000][1][gc,task      ] GC(8) Using 10 workers of 10 for evacuation
[2020-05-01T16:51:45.879+0000][1][gc,age       ] GC(8) Desired survivor size 8945664 bytes, new threshold 6 (max threshold 6)
[2020-05-01T16:51:45.879+0000][1][gc,age       ] GC(8) Age table with threshold 6 (max threshold 6)
[2020-05-01T16:51:45.880+0000][1][gc,age       ] GC(8) - age   1:    1069624 bytes,    1069624 total
[2020-05-01T16:51:45.880+0000][1][gc,age       ] GC(8) - age   2:     390488 bytes,    1460112 total
[2020-05-01T16:51:45.880+0000][1][gc,age       ] GC(8) - age   3:     796600 bytes,    2256712 total
[2020-05-01T16:51:45.880+0000][1][gc,age       ] GC(8) - age   4:     526136 bytes,    2782848 total
[2020-05-01T16:51:45.880+0000][1][gc,age       ] GC(8) - age   5:    2292792 bytes,    5075640 total
[2020-05-01T16:51:45.880+0000][1][gc,age       ] GC(8) - age   6:    1737136 bytes,    6812776 total
[2020-05-01T16:51:45.880+0000][1][gc,heap      ] GC(8) ParNew: 149858K->10380K(157248K)
[2020-05-01T16:51:45.880+0000][1][gc,heap      ] GC(8) CMS: 9558K->11152K(349568K)
[2020-05-01T16:51:45.880+0000][1][gc,metaspace ] GC(8) Metaspace: 21073K->21073K(1069056K)
[2020-05-01T16:51:45.880+0000][1][gc           ] GC(8) Pause Young (Allocation Failure) 155M->21M(494M) 4.212ms
[2020-05-01T16:51:45.880+0000][1][gc,cpu       ] GC(8) User=0.03s Sys=0.01s Real=0.00s
[2020-05-01T16:51:45.880+0000][1][safepoint    ] Safepoint "GenCollectForAllocation", Time since last: 167447100 ns, Reaching safepoint: 66000 ns, At safepoint: 4373400 ns, Total: 4439400 ns
[2020-05-01T16:51:46.374+0000][1][safepoint    ] Safepoint "Deoptimize", Time since last: 493571900 ns, Reaching safepoint: 220500 ns, At safepoint: 266700 ns, Total: 487200 ns
[2020-05-01T16:51:46.379+0000][1][safepoint    ] Safepoint "Deoptimize", Time since last: 4600000 ns, Reaching safepoint: 24200 ns, At safepoint: 351200 ns, Total: 375400 ns
[2020-05-01T16:51:47.121+0000][1][gc,start     ] GC(9) Pause Young (Allocation Failure)
[2020-05-01T16:51:47.121+0000][1][gc,task      ] GC(9) Using 10 workers of 10 for evacuation
[2020-05-01T16:51:47.133+0000][1][gc,age       ] GC(9) Desired survivor size 8945664 bytes, new threshold 1 (max threshold 6)
[2020-05-01T16:51:47.133+0000][1][gc,age       ] GC(9) Age table with threshold 1 (max threshold 6)
[2020-05-01T16:51:47.133+0000][1][gc,age       ] GC(9) - age   1:   11568624 bytes,   11568624 total
[2020-05-01T16:51:47.133+0000][1][gc,age       ] GC(9) - age   2:     292648 bytes,   11861272 total
[2020-05-01T16:51:47.133+0000][1][gc,age       ] GC(9) - age   3:     387864 bytes,   12249136 total
[2020-05-01T16:51:47.133+0000][1][gc,age       ] GC(9) - age   4:     795592 bytes,   13044728 total
[2020-05-01T16:51:47.133+0000][1][gc,age       ] GC(9) - age   5:     523800 bytes,   13568528 total
[2020-05-01T16:51:47.133+0000][1][gc,age       ] GC(9) - age   6:    2288344 bytes,   15856872 total
[2020-05-01T16:51:47.133+0000][1][gc,heap      ] GC(9) ParNew: 150156K->17472K(157248K)
[2020-05-01T16:51:47.133+0000][1][gc,heap      ] GC(9) CMS: 11152K->12856K(349568K)
[2020-05-01T16:51:47.133+0000][1][gc,metaspace ] GC(9) Metaspace: 28077K->28077K(1075200K)
[2020-05-01T16:51:47.133+0000][1][gc           ] GC(9) Pause Young (Allocation Failure) 157M->29M(494M) 12.490ms
[2020-05-01T16:51:47.133+0000][1][gc,cpu       ] GC(9) User=0.10s Sys=0.01s Real=0.02s
[2020-05-01T16:51:47.133+0000][1][safepoint    ] Safepoint "GenCollectForAllocation", Time since last: 741679800 ns, Reaching safepoint: 186500 ns, At safepoint: 12621800 ns, Total: 12808300 ns
[2020-05-01T16:51:47.516+0000][1][safepoint    ] Safepoint "RevokeBias", Time since last: 381787000 ns, Reaching safepoint: 226600 ns, At safepoint: 116500 ns, Total: 343100 ns
[2020-05-01T16:51:47.870+0000][1][safepoint    ] Safepoint "Deoptimize", Time since last: 353842100 ns, Reaching safepoint: 33500 ns, At safepoint: 310300 ns, Total: 343800 ns
[2020-05-01T16:51:48.032+0000][1][safepoint    ] Safepoint "RevokeBias", Time since last: 162575200 ns, Reaching safepoint: 45600 ns, At safepoint: 80400 ns, Total: 126000 ns
[2020-05-01T16:51:48.142+0000][1][gc,start     ] GC(10) Pause Young (Allocation Failure)
[2020-05-01T16:51:48.142+0000][1][gc,task      ] GC(10) Using 10 workers of 10 for evacuation
[2020-05-01T16:51:48.165+0000][1][gc,age       ] GC(10) Desired survivor size 8945664 bytes, new threshold 1 (max threshold 6)
[2020-05-01T16:51:48.165+0000][1][gc,age       ] GC(10) Age table with threshold 1 (max threshold 6)
[2020-05-01T16:51:48.165+0000][1][gc,age       ] GC(10) - age   1:   16712944 bytes,   16712944 total
[2020-05-01T16:51:48.165+0000][1][gc,heap      ] GC(10) ParNew: 157248K->17472K(157248K)
[2020-05-01T16:51:48.165+0000][1][gc,heap      ] GC(10) CMS: 12856K->29958K(349568K)
[2020-05-01T16:51:48.165+0000][1][gc,metaspace ] GC(10) Metaspace: 29773K->29773K(1077248K)
[2020-05-01T16:51:48.165+0000][1][gc           ] GC(10) Pause Young (Allocation Failure) 166M->46M(494M) 23.484ms
[2020-05-01T16:51:48.165+0000][1][gc,cpu       ] GC(10) User=0.23s Sys=0.00s Real=0.02s
[2020-05-01T16:51:48.165+0000][1][safepoint    ] Safepoint "GenCollectForAllocation", Time since last: 109127500 ns, Reaching safepoint: 63900 ns, At safepoint: 23674900 ns, Total: 23738800 ns
[2020-05-01T16:51:48.638+0000][1][safepoint    ] Safepoint "ICBufferFull", Time since last: 472792200 ns, Reaching safepoint: 144800 ns, At safepoint: 93000 ns, Total: 237800 ns
[2020-05-01T16:51:48.708+0000][1][gc,start     ] GC(11) Pause Young (Allocation Failure)
[2020-05-01T16:51:48.708+0000][1][gc,task      ] GC(11) Using 10 workers of 10 for evacuation
[2020-05-01T16:51:48.723+0000][1][gc,age       ] GC(11) Desired survivor size 8945664 bytes, new threshold 6 (max threshold 6)
[2020-05-01T16:51:48.723+0000][1][gc,age       ] GC(11) Age table with threshold 6 (max threshold 6)
[2020-05-01T16:51:48.723+0000][1][gc,age       ] GC(11) - age   1:    2255456 bytes,    2255456 total
[2020-05-01T16:51:48.723+0000][1][gc,heap      ] GC(11) ParNew: 157248K->15428K(157248K)
[2020-05-01T16:51:48.723+0000][1][gc,heap      ] GC(11) CMS: 29958K->47387K(349568K)
[2020-05-01T16:51:48.723+0000][1][gc,metaspace ] GC(11) Metaspace: 33983K->33983K(1081344K)
[2020-05-01T16:51:48.723+0000][1][gc           ] GC(11) Pause Young (Allocation Failure) 182M->61M(494M) 14.674ms
[2020-05-01T16:51:48.723+0000][1][gc,cpu       ] GC(11) User=0.14s Sys=0.00s Real=0.02s
[2020-05-01T16:51:48.723+0000][1][safepoint    ] Safepoint "GenCollectForAllocation", Time since last: 69779500 ns, Reaching safepoint: 137200 ns, At safepoint: 14869400 ns, Total: 15006600 ns
[2020-05-01T16:51:48.785+0000][1][safepoint    ] Safepoint "CollectForMetadataAllocation", Time since last: 61901500 ns, Reaching safepoint: 29600 ns, At safepoint: 107700 ns, Total: 137300 ns
[2020-05-01T16:51:48.809+0000][1][safepoint    ] Safepoint "CollectForMetadataAllocation", Time since last: 23385500 ns, Reaching safepoint: 33200 ns, At safepoint: 133200 ns, Total: 166400 ns
[2020-05-01T16:51:48.840+0000][1][safepoint    ] Safepoint "CollectForMetadataAllocation", Time since last: 30921000 ns, Reaching safepoint: 32800 ns, At safepoint: 119400 ns, Total: 152200 ns
[2020-05-01T16:51:48.871+0000][1][safepoint    ] Safepoint "CollectForMetadataAllocation", Time since last: 30872300 ns, Reaching safepoint: 27000 ns, At safepoint: 118700 ns, Total: 145700 ns
[2020-05-01T16:51:48.882+0000][1][safepoint    ] Safepoint "CollectForMetadataAllocation", Time since last: 10604600 ns, Reaching safepoint: 21100 ns, At safepoint: 142900 ns, Total: 164000 ns
[2020-05-01T16:51:48.900+0000][1][safepoint    ] Safepoint "CollectForMetadataAllocation", Time since last: 18590600 ns, Reaching safepoint: 26000 ns, At safepoint: 194300 ns, Total: 220300 ns
[2020-05-01T16:51:48.910+0000][1][safepoint    ] Safepoint "CollectForMetadataAllocation", Time since last: 9785500 ns, Reaching safepoint: 19900 ns, At safepoint: 132200 ns, Total: 152100 ns
[2020-05-01T16:51:48.926+0000][1][safepoint    ] Safepoint "CollectForMetadataAllocation", Time since last: 15784000 ns, Reaching safepoint: 30300 ns, At safepoint: 105900 ns, Total: 136200 ns
[2020-05-01T16:51:48.941+0000][1][safepoint    ] Safepoint "CollectForMetadataAllocation", Time since last: 14478600 ns, Reaching safepoint: 19100 ns, At safepoint: 118300 ns, Total: 137400 ns
[2020-05-01T16:51:48.958+0000][1][safepoint    ] Safepoint "CollectForMetadataAllocation", Time since last: 16317400 ns, Reaching safepoint: 20600 ns, At safepoint: 417400 ns, Total: 438000 ns
[2020-05-01T16:51:48.972+0000][1][safepoint    ] Safepoint "CollectForMetadataAllocation", Time since last: 14359000 ns, Reaching safepoint: 111200 ns, At safepoint: 147100 ns, Total: 258300 ns
[2020-05-01T16:51:48.980+0000][1][safepoint    ] Safepoint "Deoptimize", Time since last: 7046900 ns, Reaching safepoint: 19600 ns, At safepoint: 306300 ns, Total: 325900 ns
[2020-05-01T16:51:48.983+0000][1][safepoint    ] Safepoint "CollectForMetadataAllocation", Time since last: 3515500 ns, Reaching safepoint: 19000 ns, At safepoint: 84600 ns, Total: 103600 ns
[2020-05-01T16:51:48.984+0000][1][safepoint    ] Safepoint "Deoptimize", Time since last: 661800 ns, Reaching safepoint: 14000 ns, At safepoint: 434700 ns, Total: 448700 ns
[2020-05-01T16:51:49.004+0000][1][safepoint    ] Safepoint "CollectForMetadataAllocation", Time since last: 19009900 ns, Reaching safepoint: 43700 ns, At safepoint: 978700 ns, Total: 1022400 ns
[2020-05-01T16:51:49.014+0000][1][safepoint    ] Safepoint "RevokeBias", Time since last: 9500400 ns, Reaching safepoint: 39600 ns, At safepoint: 98700 ns, Total: 138300 ns
[2020-05-01T16:51:49.015+0000][1][safepoint    ] Safepoint "Deoptimize", Time since last: 811300 ns, Reaching safepoint: 14100 ns, At safepoint: 321400 ns, Total: 335500 ns
[2020-05-01T16:51:49.030+0000][1][safepoint    ] Safepoint "CollectForMetadataAllocation", Time since last: 14862700 ns, Reaching safepoint: 77000 ns, At safepoint: 252700 ns, Total: 329700 ns
[2020-05-01T16:51:49.066+0000][1][safepoint    ] Safepoint "CollectForMetadataAllocation", Time since last: 35268800 ns, Reaching safepoint: 62000 ns, At safepoint: 130700 ns, Total: 192700 ns
[2020-05-01T16:51:49.078+0000][1][safepoint    ] Safepoint "CollectForMetadataAllocation", Time since last: 12520900 ns, Reaching safepoint: 18700 ns, At safepoint: 76500 ns, Total: 95200 ns
[2020-05-01T16:51:49.100+0000][1][safepoint    ] Safepoint "CollectForMetadataAllocation", Time since last: 21864500 ns, Reaching safepoint: 27100 ns, At safepoint: 166100 ns, Total: 193200 ns
[2020-05-01T16:51:49.117+0000][1][safepoint    ] Safepoint "CollectForMetadataAllocation", Time since last: 16217700 ns, Reaching safepoint: 18700 ns, At safepoint: 329100 ns, Total: 347800 ns
[2020-05-01T16:51:49.133+0000][1][safepoint    ] Safepoint "CollectForMetadataAllocation", Time since last: 15454400 ns, Reaching safepoint: 118100 ns, At safepoint: 113200 ns, Total: 231300 ns
[2020-05-01T16:51:49.144+0000][1][safepoint    ] Safepoint "CollectForMetadataAllocation", Time since last: 11569300 ns, Reaching safepoint: 21700 ns, At safepoint: 176200 ns, Total: 197900 ns
[2020-05-01T16:51:49.170+0000][1][safepoint    ] Safepoint "CollectForMetadataAllocation", Time since last: 25353000 ns, Reaching safepoint: 22100 ns, At safepoint: 141400 ns, Total: 163500 ns
[2020-05-01T16:51:49.190+0000][1][safepoint    ] Safepoint "CollectForMetadataAllocation", Time since last: 20114200 ns, Reaching safepoint: 126500 ns, At safepoint: 138600 ns, Total: 265100 ns
[2020-05-01T16:51:49.221+0000][1][safepoint    ] Safepoint "CollectForMetadataAllocation", Time since last: 30849400 ns, Reaching safepoint: 27100 ns, At safepoint: 181100 ns, Total: 208200 ns
[2020-05-01T16:51:49.243+0000][1][safepoint    ] Safepoint "CollectForMetadataAllocation", Time since last: 21387000 ns, Reaching safepoint: 21300 ns, At safepoint: 134700 ns, Total: 156000 ns
[2020-05-01T16:51:49.269+0000][1][safepoint    ] Safepoint "CollectForMetadataAllocation", Time since last: 25875800 ns, Reaching safepoint: 21200 ns, At safepoint: 130300 ns, Total: 151500 ns
[2020-05-01T16:51:49.284+0000][1][safepoint    ] Safepoint "CollectForMetadataAllocation", Time since last: 15040000 ns, Reaching safepoint: 23100 ns, At safepoint: 133300 ns, Total: 156400 ns
[2020-05-01T16:51:49.308+0000][1][safepoint    ] Safepoint "CollectForMetadataAllocation", Time since last: 22796100 ns, Reaching safepoint: 25900 ns, At safepoint: 590200 ns, Total: 616100 ns
[2020-05-01T16:51:49.340+0000][1][safepoint    ] Safepoint "CollectForMetadataAllocation", Time since last: 31743400 ns, Reaching safepoint: 21800 ns, At safepoint: 321300 ns, Total: 343100 ns
[2020-05-01T16:51:49.368+0000][1][safepoint    ] Safepoint "CollectForMetadataAllocation", Time since last: 28089500 ns, Reaching safepoint: 23700 ns, At safepoint: 143000 ns, Total: 166700 ns
[2020-05-01T16:51:49.392+0000][1][safepoint    ] Safepoint "CollectForMetadataAllocation", Time since last: 23738600 ns, Reaching safepoint: 40300 ns, At safepoint: 148400 ns, Total: 188700 ns
[2020-05-01T16:51:49.420+0000][1][safepoint    ] Safepoint "CollectForMetadataAllocation", Time since last: 28273800 ns, Reaching safepoint: 22500 ns, At safepoint: 145600 ns, Total: 168100 ns
[2020-05-01T16:51:49.451+0000][1][safepoint    ] Safepoint "CollectForMetadataAllocation", Time since last: 30339900 ns, Reaching safepoint: 42300 ns, At safepoint: 291000 ns, Total: 333300 ns
[2020-05-01T16:51:49.471+0000][1][safepoint    ] Safepoint "CollectForMetadataAllocation", Time since last: 19586800 ns, Reaching safepoint: 23700 ns, At safepoint: 141900 ns, Total: 165600 ns
[2020-05-01T16:51:49.490+0000][1][safepoint    ] Safepoint "CollectForMetadataAllocation", Time since last: 19043600 ns, Reaching safepoint: 26700 ns, At safepoint: 151200 ns, Total: 177900 ns
[2020-05-01T16:51:49.509+0000][1][safepoint    ] Safepoint "RevokeBias", Time since last: 19230700 ns, Reaching safepoint: 24700 ns, At safepoint: 67300 ns, Total: 92000 ns
[2020-05-01T16:51:49.510+0000][1][safepoint    ] Safepoint "RevokeBias", Time since last: 127900 ns, Reaching safepoint: 116000 ns, At safepoint: 71700 ns, Total: 187700 ns
[2020-05-01T16:51:49.510+0000][1][safepoint    ] Safepoint "RevokeBias", Time since last: 185500 ns, Reaching safepoint: 104100 ns, At safepoint: 61100 ns, Total: 165200 ns
[2020-05-01T16:51:49.510+0000][1][safepoint    ] Safepoint "RevokeBias", Time since last: 103900 ns, Reaching safepoint: 108200 ns, At safepoint: 57400 ns, Total: 165600 ns
[2020-05-01T16:51:49.511+0000][1][safepoint    ] Safepoint "CollectForMetadataAllocation", Time since last: 540300 ns, Reaching safepoint: 11600 ns, At safepoint: 123500 ns, Total: 135100 ns
[2020-05-01T16:51:49.525+0000][1][safepoint    ] Safepoint "CollectForMetadataAllocation", Time since last: 14229200 ns, Reaching safepoint: 21600 ns, At safepoint: 110600 ns, Total: 132200 ns
[2020-05-01T16:51:49.592+0000][1][safepoint    ] Safepoint "CollectForMetadataAllocation", Time since last: 66960200 ns, Reaching safepoint: 131200 ns, At safepoint: 152400 ns, Total: 283600 ns
[2020-05-01T16:51:49.598+0000][1][safepoint    ] Safepoint "CollectForMetadataAllocation", Time since last: 5159400 ns, Reaching safepoint: 25000 ns, At safepoint: 113800 ns, Total: 138800 ns
[2020-05-01T16:51:49.602+0000][1][safepoint    ] Safepoint "CollectForMetadataAllocation", Time since last: 4334900 ns, Reaching safepoint: 29200 ns, At safepoint: 164600 ns, Total: 193800 ns
[2020-05-01T16:51:49.607+0000][1][safepoint    ] Safepoint "Deoptimize", Time since last: 4722800 ns, Reaching safepoint: 21800 ns, At safepoint: 317500 ns, Total: 339300 ns
[2020-05-01T16:51:49.610+0000][1][safepoint    ] Safepoint "CollectForMetadataAllocation", Time since last: 1932800 ns, Reaching safepoint: 24200 ns, At safepoint: 533800 ns, Total: 558000 ns
[2020-05-01T16:51:49.628+0000][1][safepoint    ] Safepoint "CollectForMetadataAllocation", Time since last: 17673300 ns, Reaching safepoint: 181600 ns, At safepoint: 140400 ns, Total: 322000 ns
[2020-05-01T16:51:49.867+0000][1][safepoint    ] Safepoint "CollectForMetadataAllocation", Time since last: 238948700 ns, Reaching safepoint: 39900 ns, At safepoint: 120100 ns, Total: 160000 ns
[2020-05-01T16:51:50.148+0000][1][safepoint    ] Safepoint "CollectForMetadataAllocation", Time since last: 280566000 ns, Reaching safepoint: 37800 ns, At safepoint: 150300 ns, Total: 188100 ns
[2020-05-01T16:51:50.194+0000][1][safepoint    ] Safepoint "Deoptimize", Time since last: 45450600 ns, Reaching safepoint: 36300 ns, At safepoint: 357800 ns, Total: 394100 ns
[2020-05-01T16:51:50.198+0000][1][safepoint    ] Safepoint "CollectForMetadataAllocation", Time since last: 4372500 ns, Reaching safepoint: 119000 ns, At safepoint: 141800 ns, Total: 260800 ns
[2020-05-01T16:51:50.379+0000][1][safepoint    ] Safepoint "CollectForMetadataAllocation", Time since last: 180927600 ns, Reaching safepoint: 63100 ns, At safepoint: 151900 ns, Total: 215000 ns
[2020-05-01T16:51:50.395+0000][1][safepoint    ] Safepoint "CollectForMetadataAllocation", Time since last: 15771600 ns, Reaching safepoint: 43300 ns, At safepoint: 122800 ns, Total: 166100 ns
[2020-05-01T16:51:50.416+0000][1][safepoint    ] Safepoint "CollectForMetadataAllocation", Time since last: 20601500 ns, Reaching safepoint: 30800 ns, At safepoint: 107800 ns, Total: 138600 ns
[2020-05-01T16:51:50.456+0000][1][safepoint    ] Safepoint "Deoptimize", Time since last: 39722200 ns, Reaching safepoint: 31200 ns, At safepoint: 359300 ns, Total: 390500 ns
[2020-05-01T16:51:50.459+0000][1][safepoint    ] Safepoint "CollectForMetadataAllocation", Time since last: 3109000 ns, Reaching safepoint: 20300 ns, At safepoint: 93800 ns, Total: 114100 ns
[2020-05-01T16:51:50.511+0000][1][safepoint    ] Safepoint "RevokeBias", Time since last: 51284500 ns, Reaching safepoint: 136200 ns, At safepoint: 97900 ns, Total: 234100 ns
[2020-05-01T16:51:50.515+0000][1][safepoint    ] Safepoint "RevokeBias", Time since last: 4107900 ns, Reaching safepoint: 138200 ns, At safepoint: 105900 ns, Total: 244100 ns
[2020-05-01T16:51:50.544+0000][1][safepoint    ] Safepoint "CollectForMetadataAllocation", Time since last: 28426300 ns, Reaching safepoint: 254000 ns, At safepoint: 437600 ns, Total: 691600 ns
[2020-05-01T16:51:50.578+0000][1][safepoint    ] Safepoint "CollectForMetadataAllocation", Time since last: 33554600 ns, Reaching safepoint: 33200 ns, At safepoint: 179300 ns, Total: 212500 ns
[2020-05-01T16:51:50.622+0000][1][safepoint    ] Safepoint "CollectForMetadataAllocation", Time since last: 43662500 ns, Reaching safepoint: 43500 ns, At safepoint: 212000 ns, Total: 255500 ns
[2020-05-01T16:51:50.664+0000][1][safepoint    ] Safepoint "CollectForMetadataAllocation", Time since last: 41513000 ns, Reaching safepoint: 31500 ns, At safepoint: 136000 ns, Total: 167500 ns
[2020-05-01T16:51:50.688+0000][1][gc,start     ] GC(12) Pause Young (Allocation Failure)
[2020-05-01T16:51:50.688+0000][1][gc,task      ] GC(12) Using 10 workers of 10 for evacuation
[2020-05-01T16:51:50.696+0000][1][gc,age       ] GC(12) Desired survivor size 8945664 bytes, new threshold 2 (max threshold 6)
[2020-05-01T16:51:50.696+0000][1][gc,age       ] GC(12) Age table with threshold 2 (max threshold 6)
[2020-05-01T16:51:50.696+0000][1][gc,age       ] GC(12) - age   1:    7635904 bytes,    7635904 total
[2020-05-01T16:51:50.696+0000][1][gc,age       ] GC(12) - age   2:    2039504 bytes,    9675408 total
[2020-05-01T16:51:50.696+0000][1][gc,heap      ] GC(12) ParNew: 155204K->11108K(157248K)
[2020-05-01T16:51:50.696+0000][1][gc,heap      ] GC(12) CMS: 47387K->47387K(349568K)
[2020-05-01T16:51:50.696+0000][1][gc,metaspace ] GC(12) Metaspace: 49883K->49883K(1095680K)
[2020-05-01T16:51:50.696+0000][1][gc           ] GC(12) Pause Young (Allocation Failure) 197M->57M(494M) 8.431ms
[2020-05-01T16:51:50.696+0000][1][gc,cpu       ] GC(12) User=0.09s Sys=0.00s Real=0.01s
[2020-05-01T16:51:50.696+0000][1][safepoint    ] Safepoint "GenCollectForAllocation", Time since last: 24151900 ns, Reaching safepoint: 37300 ns, At safepoint: 8584400 ns, Total: 8621700 ns
[2020-05-01T16:51:50.697+0000][1][gc,start     ] GC(13) Pause Initial Mark
[2020-05-01T16:51:50.700+0000][1][gc           ] GC(13) Pause Initial Mark 59M->59M(494M) 3.196ms
[2020-05-01T16:51:50.700+0000][1][gc,cpu       ] GC(13) User=0.02s Sys=0.00s Real=0.00s
[2020-05-01T16:51:50.700+0000][1][safepoint    ] Safepoint "CMS_Initial_Mark", Time since last: 317600 ns, Reaching safepoint: 146800 ns, At safepoint: 3438000 ns, Total: 3584800 ns
[2020-05-01T16:51:50.700+0000][1][gc           ] GC(13) Concurrent Mark
[2020-05-01T16:51:50.701+0000][1][gc,task      ] GC(13) Using 3 workers of 3 for marking
[2020-05-01T16:51:50.703+0000][1][safepoint    ] Safepoint "RevokeBias", Time since last: 2597500 ns, Reaching safepoint: 291100 ns, At safepoint: 89800 ns, Total: 380900 ns
[2020-05-01T16:51:50.704+0000][1][safepoint    ] Safepoint "RevokeBias", Time since last: 165800 ns, Reaching safepoint: 199100 ns, At safepoint: 80900 ns, Total: 280000 ns
[2020-05-01T16:51:50.704+0000][1][safepoint    ] Safepoint "RevokeBias", Time since last: 127300 ns, Reaching safepoint: 107700 ns, At safepoint: 69800 ns, Total: 177500 ns
[2020-05-01T16:51:50.705+0000][1][safepoint    ] Safepoint "RevokeBias", Time since last: 131200 ns, Reaching safepoint: 224800 ns, At safepoint: 106100 ns, Total: 330900 ns
[2020-05-01T16:51:50.705+0000][1][safepoint    ] Safepoint "RevokeBias", Time since last: 157200 ns, Reaching safepoint: 296600 ns, At safepoint: 67800 ns, Total: 364400 ns
[2020-05-01T16:51:50.705+0000][1][safepoint    ] Safepoint "RevokeBias", Time since last: 144600 ns, Reaching safepoint: 125400 ns, At safepoint: 55200 ns, Total: 180600 ns
[2020-05-01T16:51:50.706+0000][1][safepoint    ] Safepoint "RevokeBias", Time since last: 176600 ns, Reaching safepoint: 123200 ns, At safepoint: 59100 ns, Total: 182300 ns
[2020-05-01T16:51:50.706+0000][1][safepoint    ] Safepoint "RevokeBias", Time since last: 140100 ns, Reaching safepoint: 122200 ns, At safepoint: 89700 ns, Total: 211900 ns
[2020-05-01T16:51:50.707+0000][1][safepoint    ] Safepoint "RevokeBias", Time since last: 134800 ns, Reaching safepoint: 499700 ns, At safepoint: 80200 ns, Total: 579900 ns
[2020-05-01T16:51:50.707+0000][1][safepoint    ] Safepoint "RevokeBias", Time since last: 127700 ns, Reaching safepoint: 25200 ns, At safepoint: 89800 ns, Total: 115000 ns
[2020-05-01T16:51:50.707+0000][1][safepoint    ] Safepoint "RevokeBias", Time since last: 120600 ns, Reaching safepoint: 18400 ns, At safepoint: 48100 ns, Total: 66500 ns
[2020-05-01T16:51:50.708+0000][1][safepoint    ] Safepoint "RevokeBias", Time since last: 119100 ns, Reaching safepoint: 114000 ns, At safepoint: 143300 ns, Total: 257300 ns
[2020-05-01T16:51:50.708+0000][1][safepoint    ] Safepoint "RevokeBias", Time since last: 119100 ns, Reaching safepoint: 311600 ns, At safepoint: 48800 ns, Total: 360400 ns
[2020-05-01T16:51:50.708+0000][1][safepoint    ] Safepoint "BulkRevokeBias", Time since last: 104100 ns, Reaching safepoint: 106300 ns, At safepoint: 92300 ns, Total: 198600 ns
[2020-05-01T16:51:50.712+0000][1][safepoint    ] Safepoint "CollectForMetadataAllocation", Time since last: 3248900 ns, Reaching safepoint: 298000 ns, At safepoint: 181200 ns, Total: 479200 ns
[2020-05-01T16:51:50.742+0000][1][gc           ] GC(13) Concurrent Mark 41.241ms
[2020-05-01T16:51:50.742+0000][1][gc,cpu       ] GC(13) User=0.26s Sys=0.00s Real=0.05s
[2020-05-01T16:51:50.742+0000][1][gc           ] GC(13) Concurrent Preclean
[2020-05-01T16:51:50.743+0000][1][gc           ] GC(13) Concurrent Preclean 1.433ms
[2020-05-01T16:51:50.743+0000][1][gc,cpu       ] GC(13) User=0.00s Sys=0.00s Real=0.00s
[2020-05-01T16:51:50.743+0000][1][gc           ] GC(13) Concurrent Abortable Preclean
[2020-05-01T16:51:50.747+0000][1][safepoint    ] Safepoint "CollectForMetadataAllocation", Time since last: 34220600 ns, Reaching safepoint: 310700 ns, At safepoint: 118000 ns, Total: 428700 ns
[2020-05-01T16:51:50.749+0000][1][safepoint    ] Safepoint "RevokeBias", Time since last: 1706600 ns, Reaching safepoint: 92000 ns, At safepoint: 124800 ns, Total: 216800 ns
[2020-05-01T16:51:50.749+0000][1][safepoint    ] Safepoint "RevokeBias", Time since last: 159100 ns, Reaching safepoint: 335000 ns, At safepoint: 78100 ns, Total: 413100 ns
[2020-05-01T16:51:50.750+0000][1][safepoint    ] Safepoint "RevokeBias", Time since last: 219500 ns, Reaching safepoint: 40200 ns, At safepoint: 85200 ns, Total: 125400 ns
[2020-05-01T16:51:50.762+0000][1][safepoint    ] Safepoint "RevokeBias", Time since last: 11858200 ns, Reaching safepoint: 44500 ns, At safepoint: 42900 ns, Total: 87400 ns
[2020-05-01T16:51:50.766+0000][1][safepoint    ] Safepoint "CollectForMetadataAllocation", Time since last: 4474400 ns, Reaching safepoint: 59300 ns, At safepoint: 189300 ns, Total: 248600 ns
[2020-05-01T16:51:50.808+0000][1][safepoint    ] Safepoint "RevokeBias", Time since last: 41848500 ns, Reaching safepoint: 44900 ns, At safepoint: 65500 ns, Total: 110400 ns
[2020-05-01T16:51:50.809+0000][1][safepoint    ] Safepoint "RevokeBias", Time since last: 125500 ns, Reaching safepoint: 112600 ns, At safepoint: 55900 ns, Total: 168500 ns
[2020-05-01T16:51:50.809+0000][1][safepoint    ] Safepoint "RevokeBias", Time since last: 164600 ns, Reaching safepoint: 24900 ns, At safepoint: 36400 ns, Total: 61300 ns
[2020-05-01T16:51:50.809+0000][1][safepoint    ] Safepoint "RevokeBias", Time since last: 156200 ns, Reaching safepoint: 108200 ns, At safepoint: 56500 ns, Total: 164700 ns
[2020-05-01T16:51:50.809+0000][1][safepoint    ] Safepoint "RevokeBias", Time since last: 93600 ns, Reaching safepoint: 108200 ns, At safepoint: 54700 ns, Total: 162900 ns
[2020-05-01T16:51:50.811+0000][1][safepoint    ] Safepoint "RevokeBias", Time since last: 1117100 ns, Reaching safepoint: 170900 ns, At safepoint: 479100 ns, Total: 650000 ns
[2020-05-01T16:51:50.812+0000][1][safepoint    ] Safepoint "RevokeBias", Time since last: 996400 ns, Reaching safepoint: 143400 ns, At safepoint: 54500 ns, Total: 197900 ns
[2020-05-01T16:51:50.813+0000][1][safepoint    ] Safepoint "RevokeBias", Time since last: 351700 ns, Reaching safepoint: 44600 ns, At safepoint: 73200 ns, Total: 117800 ns
[2020-05-01T16:51:50.813+0000][1][safepoint    ] Safepoint "RevokeBias", Time since last: 103300 ns, Reaching safepoint: 34600 ns, At safepoint: 47200 ns, Total: 81800 ns
[2020-05-01T16:51:50.813+0000][1][safepoint    ] Safepoint "RevokeBias", Time since last: 107700 ns, Reaching safepoint: 170500 ns, At safepoint: 62900 ns, Total: 233400 ns
[2020-05-01T16:51:50.814+0000][1][safepoint    ] Safepoint "RevokeBias", Time since last: 98200 ns, Reaching safepoint: 305400 ns, At safepoint: 73100 ns, Total: 378500 ns
[2020-05-01T16:51:50.814+0000][1][safepoint    ] Safepoint "RevokeBias", Time since last: 100200 ns, Reaching safepoint: 189800 ns, At safepoint: 244800 ns, Total: 434600 ns
[2020-05-01T16:51:50.815+0000][1][safepoint    ] Safepoint "RevokeBias", Time since last: 484900 ns, Reaching safepoint: 332100 ns, At safepoint: 199400 ns, Total: 531500 ns
[2020-05-01T16:51:50.816+0000][1][safepoint    ] Safepoint "RevokeBias", Time since last: 361000 ns, Reaching safepoint: 327200 ns, At safepoint: 204200 ns, Total: 531400 ns
[2020-05-01T16:51:50.817+0000][1][safepoint    ] Safepoint "RevokeBias", Time since last: 85900 ns, Reaching safepoint: 125700 ns, At safepoint: 67900 ns, Total: 193600 ns
[2020-05-01T16:51:50.817+0000][1][safepoint    ] Safepoint "RevokeBias", Time since last: 108500 ns, Reaching safepoint: 159400 ns, At safepoint: 67400 ns, Total: 226800 ns
[2020-05-01T16:51:50.817+0000][1][safepoint    ] Safepoint "RevokeBias", Time since last: 92600 ns, Reaching safepoint: 172900 ns, At safepoint: 59200 ns, Total: 232100 ns
[2020-05-01T16:51:50.817+0000][1][safepoint    ] Safepoint "RevokeBias", Time since last: 91300 ns, Reaching safepoint: 119200 ns, At safepoint: 62900 ns, Total: 182100 ns
[2020-05-01T16:51:50.818+0000][1][safepoint    ] Safepoint "RevokeBias", Time since last: 114300 ns, Reaching safepoint: 121100 ns, At safepoint: 66500 ns, Total: 187600 ns
[2020-05-01T16:51:50.818+0000][1][safepoint    ] Safepoint "RevokeBias", Time since last: 107500 ns, Reaching safepoint: 117400 ns, At safepoint: 266500 ns, Total: 383900 ns
[2020-05-01T16:51:50.819+0000][1][safepoint    ] Safepoint "RevokeBias", Time since last: 490900 ns, Reaching safepoint: 333800 ns, At safepoint: 204400 ns, Total: 538200 ns
[2020-05-01T16:51:50.820+0000][1][safepoint    ] Safepoint "RevokeBias", Time since last: 257700 ns, Reaching safepoint: 106800 ns, At safepoint: 139300 ns, Total: 246100 ns
[2020-05-01T16:51:50.820+0000][1][safepoint    ] Safepoint "RevokeBias", Time since last: 248000 ns, Reaching safepoint: 113600 ns, At safepoint: 134500 ns, Total: 248100 ns
[2020-05-01T16:51:50.821+0000][1][safepoint    ] Safepoint "RevokeBias", Time since last: 200400 ns, Reaching safepoint: 62400 ns, At safepoint: 137600 ns, Total: 200000 ns
[2020-05-01T16:51:50.822+0000][1][safepoint    ] Safepoint "RevokeBias", Time since last: 195200 ns, Reaching safepoint: 562400 ns, At safepoint: 132900 ns, Total: 695300 ns
[2020-05-01T16:51:50.822+0000][1][safepoint    ] Safepoint "RevokeBias", Time since last: 193400 ns, Reaching safepoint: 290800 ns, At safepoint: 137500 ns, Total: 428300 ns
[2020-05-01T16:51:50.823+0000][1][safepoint    ] Safepoint "BulkRevokeBias", Time since last: 180700 ns, Reaching safepoint: 190400 ns, At safepoint: 266700 ns, Total: 457100 ns
[2020-05-01T16:51:50.823+0000][1][safepoint    ] Safepoint "RevokeBias", Time since last: 238800 ns, Reaching safepoint: 231900 ns, At safepoint: 165500 ns, Total: 397400 ns
[2020-05-01T16:51:50.824+0000][1][safepoint    ] Safepoint "RevokeBias", Time since last: 196200 ns, Reaching safepoint: 187500 ns, At safepoint: 171300 ns, Total: 358800 ns
[2020-05-01T16:51:50.825+0000][1][safepoint    ] Safepoint "RevokeBias", Time since last: 255500 ns, Reaching safepoint: 192300 ns, At safepoint: 120900 ns, Total: 313200 ns
[2020-05-01T16:51:50.825+0000][1][safepoint    ] Safepoint "RevokeBias", Time since last: 73300 ns, Reaching safepoint: 161000 ns, At safepoint: 162500 ns, Total: 323500 ns
[2020-05-01T16:51:50.826+0000][1][safepoint    ] Safepoint "RevokeBias", Time since last: 71900 ns, Reaching safepoint: 276000 ns, At safepoint: 144700 ns, Total: 420700 ns
[2020-05-01T16:51:50.826+0000][1][safepoint    ] Safepoint "RevokeBias", Time since last: 69500 ns, Reaching safepoint: 182500 ns, At safepoint: 100100 ns, Total: 282600 ns
[2020-05-01T16:51:50.826+0000][1][safepoint    ] Safepoint "RevokeBias", Time since last: 174300 ns, Reaching safepoint: 184700 ns, At safepoint: 98200 ns, Total: 282900 ns
[2020-05-01T16:51:50.827+0000][1][safepoint    ] Safepoint "RevokeBias", Time since last: 183600 ns, Reaching safepoint: 62700 ns, At safepoint: 59200 ns, Total: 121900 ns
[2020-05-01T16:51:50.827+0000][1][safepoint    ] Safepoint "RevokeBias", Time since last: 577700 ns, Reaching safepoint: 164400 ns, At safepoint: 110200 ns, Total: 274600 ns
[2020-05-01T16:51:50.828+0000][1][safepoint    ] Safepoint "RevokeBias", Time since last: 349300 ns, Reaching safepoint: 50900 ns, At safepoint: 95000 ns, Total: 145900 ns
[2020-05-01T16:51:50.828+0000][1][safepoint    ] Safepoint "RevokeBias", Time since last: 181700 ns, Reaching safepoint: 142000 ns, At safepoint: 88700 ns, Total: 230700 ns
[2020-05-01T16:51:50.832+0000][1][safepoint    ] Safepoint "CollectForMetadataAllocation", Time since last: 2816200 ns, Reaching safepoint: 274300 ns, At safepoint: 579800 ns, Total: 854100 ns
[2020-05-01T16:51:50.835+0000][1][safepoint    ] Safepoint "RevokeBias", Time since last: 2645100 ns, Reaching safepoint: 160600 ns, At safepoint: 86200 ns, Total: 246800 ns
[2020-05-01T16:51:50.835+0000][1][safepoint    ] Safepoint "RevokeBias", Time since last: 142000 ns, Reaching safepoint: 137200 ns, At safepoint: 75300 ns, Total: 212500 ns
[2020-05-01T16:51:50.836+0000][1][safepoint    ] Safepoint "RevokeBias", Time since last: 125200 ns, Reaching safepoint: 135300 ns, At safepoint: 76000 ns, Total: 211300 ns
[2020-05-01T16:51:50.836+0000][1][safepoint    ] Safepoint "RevokeBias", Time since last: 157400 ns, Reaching safepoint: 141700 ns, At safepoint: 76500 ns, Total: 218200 ns
[2020-05-01T16:51:50.836+0000][1][safepoint    ] Safepoint "RevokeBias", Time since last: 135000 ns, Reaching safepoint: 42600 ns, At safepoint: 100200 ns, Total: 142800 ns
[2020-05-01T16:51:50.837+0000][1][safepoint    ] Safepoint "RevokeBias", Time since last: 124300 ns, Reaching safepoint: 35000 ns, At safepoint: 74000 ns, Total: 109000 ns
[2020-05-01T16:51:50.837+0000][1][safepoint    ] Safepoint "RevokeBias", Time since last: 122100 ns, Reaching safepoint: 127100 ns, At safepoint: 135900 ns, Total: 263000 ns
[2020-05-01T16:51:50.837+0000][1][safepoint    ] Safepoint "RevokeBias", Time since last: 131900 ns, Reaching safepoint: 132700 ns, At safepoint: 103300 ns, Total: 236000 ns
[2020-05-01T16:51:50.838+0000][1][safepoint    ] Safepoint "RevokeBias", Time since last: 120100 ns, Reaching safepoint: 126800 ns, At safepoint: 87900 ns, Total: 214700 ns
[2020-05-01T16:51:50.838+0000][1][safepoint    ] Safepoint "RevokeBias", Time since last: 121800 ns, Reaching safepoint: 34400 ns, At safepoint: 72900 ns, Total: 107300 ns
[2020-05-01T16:51:50.838+0000][1][safepoint    ] Safepoint "RevokeBias", Time since last: 119800 ns, Reaching safepoint: 141500 ns, At safepoint: 85600 ns, Total: 227100 ns
[2020-05-01T16:51:50.838+0000][1][safepoint    ] Safepoint "RevokeBias", Time since last: 138100 ns, Reaching safepoint: 41500 ns, At safepoint: 82100 ns, Total: 123600 ns
[2020-05-01T16:51:50.839+0000][1][safepoint    ] Safepoint "RevokeBias", Time since last: 140600 ns, Reaching safepoint: 41300 ns, At safepoint: 84900 ns, Total: 126200 ns
[2020-05-01T16:51:50.839+0000][1][safepoint    ] Safepoint "RevokeBias", Time since last: 128700 ns, Reaching safepoint: 139500 ns, At safepoint: 85900 ns, Total: 225400 ns
[2020-05-01T16:51:50.839+0000][1][safepoint    ] Safepoint "BulkRevokeBias", Time since last: 127700 ns, Reaching safepoint: 134100 ns, At safepoint: 152600 ns, Total: 286700 ns
[2020-05-01T16:51:50.840+0000][1][safepoint    ] Safepoint "RevokeBias", Time since last: 253300 ns, Reaching safepoint: 43000 ns, At safepoint: 87800 ns, Total: 130800 ns
[2020-05-01T16:51:50.840+0000][1][safepoint    ] Safepoint "RevokeBias", Time since last: 236700 ns, Reaching safepoint: 37500 ns, At safepoint: 92900 ns, Total: 130400 ns
[2020-05-01T16:51:50.841+0000][1][safepoint    ] Safepoint "RevokeBias", Time since last: 203200 ns, Reaching safepoint: 157600 ns, At safepoint: 103400 ns, Total: 261000 ns
[2020-05-01T16:51:50.841+0000][1][safepoint    ] Safepoint "RevokeBias", Time since last: 158700 ns, Reaching safepoint: 217200 ns, At safepoint: 94100 ns, Total: 311300 ns
[2020-05-01T16:51:50.842+0000][1][safepoint    ] Safepoint "RevokeBias", Time since last: 146300 ns, Reaching safepoint: 138300 ns, At safepoint: 105700 ns, Total: 244000 ns
[2020-05-01T16:51:50.842+0000][1][safepoint    ] Safepoint "RevokeBias", Time since last: 232800 ns, Reaching safepoint: 120000 ns, At safepoint: 92100 ns, Total: 212100 ns
[2020-05-01T16:51:50.843+0000][1][safepoint    ] Safepoint "RevokeBias", Time since last: 332400 ns, Reaching safepoint: 204100 ns, At safepoint: 92900 ns, Total: 297000 ns
[2020-05-01T16:51:50.843+0000][1][safepoint    ] Safepoint "RevokeBias", Time since last: 133700 ns, Reaching safepoint: 116300 ns, At safepoint: 79300 ns, Total: 195600 ns
[2020-05-01T16:51:50.843+0000][1][safepoint    ] Safepoint "RevokeBias", Time since last: 223200 ns, Reaching safepoint: 125600 ns, At safepoint: 81500 ns, Total: 207100 ns
[2020-05-01T16:51:50.844+0000][1][safepoint    ] Safepoint "RevokeBias", Time since last: 136900 ns, Reaching safepoint: 127800 ns, At safepoint: 88000 ns, Total: 215800 ns
[2020-05-01T16:51:50.844+0000][1][safepoint    ] Safepoint "RevokeBias", Time since last: 113700 ns, Reaching safepoint: 133700 ns, At safepoint: 95000 ns, Total: 228700 ns
[2020-05-01T16:51:50.844+0000][1][safepoint    ] Safepoint "RevokeBias", Time since last: 109200 ns, Reaching safepoint: 59100 ns, At safepoint: 112700 ns, Total: 171800 ns
[2020-05-01T16:51:50.845+0000][1][safepoint    ] Safepoint "RevokeBias", Time since last: 381600 ns, Reaching safepoint: 37400 ns, At safepoint: 61300 ns, Total: 98700 ns
[2020-05-01T16:51:50.846+0000][1][safepoint    ] Safepoint "RevokeBias", Time since last: 527800 ns, Reaching safepoint: 40700 ns, At safepoint: 114200 ns, Total: 154900 ns
[2020-05-01T16:51:50.846+0000][1][safepoint    ] Safepoint "RevokeBias", Time since last: 455100 ns, Reaching safepoint: 394700 ns, At safepoint: 97100 ns, Total: 491800 ns
[2020-05-01T16:51:50.847+0000][1][safepoint    ] Safepoint "RevokeBias", Time since last: 187100 ns, Reaching safepoint: 290500 ns, At safepoint: 78600 ns, Total: 369100 ns
[2020-05-01T16:51:50.848+0000][1][safepoint    ] Safepoint "RevokeBias", Time since last: 310100 ns, Reaching safepoint: 218000 ns, At safepoint: 82500 ns, Total: 300500 ns
[2020-05-01T16:51:50.849+0000][1][safepoint    ] Safepoint "Deoptimize", Time since last: 1372500 ns, Reaching safepoint: 40300 ns, At safepoint: 372600 ns, Total: 412900 ns
[2020-05-01T16:51:50.850+0000][1][safepoint    ] Safepoint "RevokeBias", Time since last: 248600 ns, Reaching safepoint: 127600 ns, At safepoint: 68600 ns, Total: 196200 ns
[2020-05-01T16:51:50.851+0000][1][safepoint    ] Safepoint "RevokeBias", Time since last: 455500 ns, Reaching safepoint: 161400 ns, At safepoint: 127300 ns, Total: 288700 ns
[2020-05-01T16:51:50.851+0000][1][safepoint    ] Safepoint "RevokeBias", Time since last: 143800 ns, Reaching safepoint: 133700 ns, At safepoint: 148800 ns, Total: 282500 ns
[2020-05-01T16:51:50.854+0000][1][safepoint    ] Safepoint "RevokeBias", Time since last: 2171900 ns, Reaching safepoint: 178600 ns, At safepoint: 110000 ns, Total: 288600 ns
[2020-05-01T16:51:50.854+0000][1][safepoint    ] Safepoint "RevokeBias", Time since last: 63000 ns, Reaching safepoint: 127300 ns, At safepoint: 138300 ns, Total: 265600 ns
[2020-05-01T16:51:50.854+0000][1][safepoint    ] Safepoint "RevokeBias", Time since last: 50300 ns, Reaching safepoint: 120300 ns, At safepoint: 136600 ns, Total: 256900 ns
[2020-05-01T16:51:50.855+0000][1][safepoint    ] Safepoint "RevokeBias", Time since last: 278100 ns, Reaching safepoint: 163500 ns, At safepoint: 164600 ns, Total: 328100 ns
[2020-05-01T16:51:50.855+0000][1][safepoint    ] Safepoint "RevokeBias", Time since last: 414300 ns, Reaching safepoint: 147200 ns, At safepoint: 140500 ns, Total: 287700 ns
[2020-05-01T16:51:50.856+0000][1][safepoint    ] Safepoint "RevokeBias", Time since last: 57900 ns, Reaching safepoint: 128600 ns, At safepoint: 147500 ns, Total: 276100 ns
[2020-05-01T16:51:50.856+0000][1][safepoint    ] Safepoint "RevokeBias", Time since last: 58200 ns, Reaching safepoint: 126600 ns, At safepoint: 143000 ns, Total: 269600 ns
[2020-05-01T16:51:50.857+0000][1][safepoint    ] Safepoint "RevokeBias", Time since last: 220400 ns, Reaching safepoint: 173800 ns, At safepoint: 142700 ns, Total: 316500 ns
[2020-05-01T16:51:50.857+0000][1][safepoint    ] Safepoint "RevokeBias", Time since last: 265800 ns, Reaching safepoint: 131600 ns, At safepoint: 122600 ns, Total: 254200 ns
[2020-05-01T16:51:50.858+0000][1][safepoint    ] Safepoint "RevokeBias", Time since last: 303200 ns, Reaching safepoint: 264400 ns, At safepoint: 142900 ns, Total: 407300 ns
[2020-05-01T16:51:50.858+0000][1][safepoint    ] Safepoint "RevokeBias", Time since last: 143100 ns, Reaching safepoint: 181700 ns, At safepoint: 136200 ns, Total: 317900 ns
[2020-05-01T16:51:50.861+0000][1][safepoint    ] Safepoint "RevokeBias", Time since last: 2083900 ns, Reaching safepoint: 158600 ns, At safepoint: 166200 ns, Total: 324800 ns
[2020-05-01T16:51:50.861+0000][1][safepoint    ] Safepoint "RevokeBias", Time since last: 164300 ns, Reaching safepoint: 213400 ns, At safepoint: 223100 ns, Total: 436500 ns
[2020-05-01T16:51:50.863+0000][1][safepoint    ] Safepoint "RevokeBias", Time since last: 635500 ns, Reaching safepoint: 365800 ns, At safepoint: 170400 ns, Total: 536200 ns
[2020-05-01T16:51:50.867+0000][1][safepoint    ] Safepoint "CollectForMetadataAllocation", Time since last: 4085100 ns, Reaching safepoint: 54700 ns, At safepoint: 198500 ns, Total: 253200 ns
[2020-05-01T16:51:50.875+0000][1][safepoint    ] Safepoint "RevokeBias", Time since last: 8007900 ns, Reaching safepoint: 137000 ns, At safepoint: 51900 ns, Total: 188900 ns
[2020-05-01T16:51:50.892+0000][1][safepoint    ] Safepoint "BulkRevokeBias", Time since last: 16419300 ns, Reaching safepoint: 70700 ns, At safepoint: 179200 ns, Total: 249900 ns
[2020-05-01T16:51:50.910+0000][1][safepoint    ] Safepoint "CollectForMetadataAllocation", Time since last: 18065500 ns, Reaching safepoint: 48500 ns, At safepoint: 162800 ns, Total: 211300 ns
[2020-05-01T16:51:50.955+0000][1][safepoint    ] Safepoint "CollectForMetadataAllocation", Time since last: 44423200 ns, Reaching safepoint: 179400 ns, At safepoint: 249400 ns, Total: 428800 ns
[2020-05-01T16:51:51.006+0000][1][safepoint    ] Safepoint "CollectForMetadataAllocation", Time since last: 50905700 ns, Reaching safepoint: 51600 ns, At safepoint: 200800 ns, Total: 252400 ns
[2020-05-01T16:51:51.055+0000][1][safepoint    ] Safepoint "CollectForMetadataAllocation", Time since last: 47785600 ns, Reaching safepoint: 652300 ns, At safepoint: 203600 ns, Total: 855900 ns
[2020-05-01T16:51:51.094+0000][1][safepoint    ] Safepoint "CollectForMetadataAllocation", Time since last: 39041800 ns, Reaching safepoint: 66600 ns, At safepoint: 189100 ns, Total: 255700 ns
[2020-05-01T16:51:51.132+0000][1][safepoint    ] Safepoint "CollectForMetadataAllocation", Time since last: 37167400 ns, Reaching safepoint: 177900 ns, At safepoint: 225000 ns, Total: 402900 ns
[2020-05-01T16:51:51.133+0000][1][safepoint    ] Safepoint "RevokeBias", Time since last: 1098400 ns, Reaching safepoint: 31200 ns, At safepoint: 49500 ns, Total: 80700 ns
[2020-05-01T16:51:51.158+0000][1][safepoint    ] Safepoint "CollectForMetadataAllocation", Time since last: 24952400 ns, Reaching safepoint: 304600 ns, At safepoint: 166100 ns, Total: 470700 ns
[2020-05-01T16:51:51.186+0000][1][safepoint    ] Safepoint "CollectForMetadataAllocation", Time since last: 27380500 ns, Reaching safepoint: 60500 ns, At safepoint: 610900 ns, Total: 671400 ns
[2020-05-01T16:51:51.212+0000][1][safepoint    ] Safepoint "CollectForMetadataAllocation", Time since last: 26080700 ns, Reaching safepoint: 47900 ns, At safepoint: 152300 ns, Total: 200200 ns
[2020-05-01T16:51:51.245+0000][1][safepoint    ] Safepoint "CollectForMetadataAllocation", Time since last: 32847300 ns, Reaching safepoint: 49400 ns, At safepoint: 92700 ns, Total: 142100 ns
[2020-05-01T16:51:51.265+0000][1][safepoint    ] Safepoint "CollectForMetadataAllocation", Time since last: 19603500 ns, Reaching safepoint: 42900 ns, At safepoint: 382900 ns, Total: 425800 ns
[2020-05-01T16:51:51.279+0000][1][safepoint    ] Safepoint "CollectForMetadataAllocation", Time since last: 13187100 ns, Reaching safepoint: 33900 ns, At safepoint: 196200 ns, Total: 230100 ns
[2020-05-01T16:51:51.279+0000][1][gc           ] GC(13) Concurrent Abortable Preclean 535.685ms
[2020-05-01T16:51:51.279+0000][1][gc,cpu       ] GC(13) User=2.23s Sys=0.05s Real=0.53s
[2020-05-01T16:51:51.279+0000][1][gc,start     ] GC(13) Pause Remark
[2020-05-01T16:51:51.291+0000][1][gc           ] GC(13) Pause Remark 126M->126M(494M) 12.070ms
[2020-05-01T16:51:51.291+0000][1][gc,cpu       ] GC(13) User=0.09s Sys=0.00s Real=0.02s
[2020-05-01T16:51:51.292+0000][1][safepoint    ] Safepoint "CMS_Final_Remark", Time since last: 275700 ns, Reaching safepoint: 151000 ns, At safepoint: 12204100 ns, Total: 12355100 ns
[2020-05-01T16:51:51.292+0000][1][gc           ] GC(13) Concurrent Sweep
[2020-05-01T16:51:51.310+0000][1][gc           ] GC(13) Concurrent Sweep 18.509ms
[2020-05-01T16:51:51.310+0000][1][gc,cpu       ] GC(13) User=0.05s Sys=0.00s Real=0.01s
[2020-05-01T16:51:51.310+0000][1][gc           ] GC(13) Concurrent Reset
[2020-05-01T16:51:51.311+0000][1][gc           ] GC(13) Concurrent Reset 0.588ms
[2020-05-01T16:51:51.311+0000][1][gc,cpu       ] GC(13) User=0.00s Sys=0.00s Real=0.00s
[2020-05-01T16:51:51.311+0000][1][gc,heap      ] GC(13) Old: 47387K->47112K(349568K)
[2020-05-01T16:51:51.894+0000][1][safepoint    ] Safepoint "RevokeBias", Time since last: 600892200 ns, Reaching safepoint: 1968400 ns, At safepoint: 71600 ns, Total: 2040000 ns
[2020-05-01T16:51:51.895+0000][1][safepoint    ] Safepoint "RevokeBias", Time since last: 153500 ns, Reaching safepoint: 21200 ns, At safepoint: 69100 ns, Total: 90300 ns
[2020-05-01T16:51:51.895+0000][1][safepoint    ] Safepoint "RevokeBias", Time since last: 159000 ns, Reaching safepoint: 99400 ns, At safepoint: 52100 ns, Total: 151500 ns
[2020-05-01T16:51:51.895+0000][1][gc,start     ] GC(14) Pause Young (Allocation Failure)
[2020-05-01T16:51:51.895+0000][1][gc,task      ] GC(14) Using 10 workers of 10 for evacuation
[2020-05-01T16:51:51.907+0000][1][gc,age       ] GC(14) Desired survivor size 8945664 bytes, new threshold 2 (max threshold 6)
[2020-05-01T16:51:51.907+0000][1][gc,age       ] GC(14) Age table with threshold 2 (max threshold 6)
[2020-05-01T16:51:51.907+0000][1][gc,age       ] GC(14) - age   1:    3328504 bytes,    3328504 total
[2020-05-01T16:51:51.907+0000][1][gc,age       ] GC(14) - age   2:    7416376 bytes,   10744880 total
[2020-05-01T16:51:51.907+0000][1][gc,heap      ] GC(14) ParNew: 150884K->14668K(157248K)
[2020-05-01T16:51:51.907+0000][1][gc,heap      ] GC(14) CMS: 47112K->49131K(349568K)
[2020-05-01T16:51:51.907+0000][1][gc,metaspace ] GC(14) Metaspace: 62609K->62609K(1107968K)
[2020-05-01T16:51:51.907+0000][1][gc           ] GC(14) Pause Young (Allocation Failure) 193M->62M(494M) 11.975ms
[2020-05-01T16:51:51.907+0000][1][gc,cpu       ] GC(14) User=0.08s Sys=0.00s Real=0.01s
[2020-05-01T16:51:51.907+0000][1][safepoint    ] Safepoint "GenCollectForAllocation", Time since last: 227900 ns, Reaching safepoint: 98300 ns, At safepoint: 12106500 ns, Total: 12204800 ns
[2020-05-01T16:51:51.911+0000][1][safepoint    ] Safepoint "RevokeBias", Time since last: 2967500 ns, Reaching safepoint: 36200 ns, At safepoint: 82900 ns, Total: 119100 ns
[2020-05-01T16:51:52.112+0000][1][safepoint    ] Safepoint "Deoptimize", Time since last: 200522500 ns, Reaching safepoint: 76900 ns, At safepoint: 403300 ns, Total: 480200 ns
[2020-05-01T16:51:52.629+0000][1][safepoint    ] Safepoint "RevokeBias", Time since last: 517049200 ns, Reaching safepoint: 75800 ns, At safepoint: 40600 ns, Total: 116400 ns
[2020-05-01T16:51:52.676+0000][1][safepoint    ] Safepoint "Deoptimize", Time since last: 47130000 ns, Reaching safepoint: 27700 ns, At safepoint: 367100 ns, Total: 394800 ns
[2020-05-01T16:51:52.759+0000][1][safepoint    ] Safepoint "BulkRevokeBias", Time since last: 82360700 ns, Reaching safepoint: 138800 ns, At safepoint: 175600 ns, Total: 314400 ns
[2020-05-01T16:51:52.760+0000][1][safepoint    ] Safepoint "RevokeBias", Time since last: 1189100 ns, Reaching safepoint: 204500 ns, At safepoint: 76800 ns, Total: 281300 ns
[2020-05-01T16:51:52.761+0000][1][safepoint    ] Safepoint "RevokeBias", Time since last: 683500 ns, Reaching safepoint: 118700 ns, At safepoint: 68100 ns, Total: 186800 ns
[2020-05-01T16:51:52.761+0000][1][safepoint    ] Safepoint "RevokeBias", Time since last: 119600 ns, Reaching safepoint: 29600 ns, At safepoint: 49800 ns, Total: 79400 ns
[2020-05-01T16:51:52.762+0000][1][safepoint    ] Safepoint "RevokeBias", Time since last: 267700 ns, Reaching safepoint: 104800 ns, At safepoint: 61500 ns, Total: 166300 ns
[2020-05-01T16:51:52.762+0000][1][safepoint    ] Safepoint "RevokeBias", Time since last: 280900 ns, Reaching safepoint: 101300 ns, At safepoint: 42300 ns, Total: 143600 ns
[2020-05-01T16:51:52.763+0000][1][safepoint    ] Safepoint "RevokeBias", Time since last: 211200 ns, Reaching safepoint: 15900 ns, At safepoint: 40600 ns, Total: 56500 ns
[2020-05-01T16:51:52.763+0000][1][safepoint    ] Safepoint "RevokeBias", Time since last: 97700 ns, Reaching safepoint: 14400 ns, At safepoint: 38900 ns, Total: 53300 ns
[2020-05-01T16:51:52.764+0000][1][safepoint    ] Safepoint "RevokeBias", Time since last: 1297400 ns, Reaching safepoint: 24600 ns, At safepoint: 48600 ns, Total: 73200 ns
[2020-05-01T16:51:52.764+0000][1][safepoint    ] Safepoint "RevokeBias", Time since last: 169300 ns, Reaching safepoint: 16600 ns, At safepoint: 42100 ns, Total: 58700 ns
[2020-05-01T16:51:52.767+0000][1][safepoint    ] Safepoint "Deoptimize", Time since last: 2182700 ns, Reaching safepoint: 22900 ns, At safepoint: 333000 ns, Total: 355900 ns
[2020-05-01T16:51:52.767+0000][1][safepoint    ] Safepoint "RevokeBias", Time since last: 431100 ns, Reaching safepoint: 16700 ns, At safepoint: 35400 ns, Total: 52100 ns
[2020-05-01T16:51:52.860+0000][1][safepoint    ] Safepoint "Deoptimize", Time since last: 92164900 ns, Reaching safepoint: 64300 ns, At safepoint: 506200 ns, Total: 570500 ns
[2020-05-01T16:51:52.960+0000][1][safepoint    ] Safepoint "Deoptimize", Time since last: 99096200 ns, Reaching safepoint: 56400 ns, At safepoint: 453600 ns, Total: 510000 ns
[2020-05-01T16:51:53.147+0000][1][safepoint    ] Safepoint "RevokeBias", Time since last: 187330700 ns, Reaching safepoint: 160300 ns, At safepoint: 61800 ns, Total: 222100 ns
[2020-05-01T16:51:53.148+0000][1][safepoint    ] Safepoint "RevokeBias", Time since last: 669700 ns, Reaching safepoint: 262400 ns, At safepoint: 77600 ns, Total: 340000 ns
[2020-05-01T16:51:53.152+0000][1][safepoint    ] Safepoint "RevokeBias", Time since last: 3399600 ns, Reaching safepoint: 155600 ns, At safepoint: 149500 ns, Total: 305100 ns
[2020-05-01T16:51:53.156+0000][1][safepoint    ] Safepoint "RevokeBias", Time since last: 3712400 ns, Reaching safepoint: 248500 ns, At safepoint: 241400 ns, Total: 489900 ns
[2020-05-01T16:51:53.160+0000][1][safepoint    ] Safepoint "RevokeBias", Time since last: 3026400 ns, Reaching safepoint: 164100 ns, At safepoint: 265000 ns, Total: 429100 ns
[2020-05-01T16:51:53.160+0000][1][safepoint    ] Safepoint "RevokeBias", Time since last: 106600 ns, Reaching safepoint: 145000 ns, At safepoint: 249200 ns, Total: 394200 ns
[2020-05-01T16:51:53.161+0000][1][safepoint    ] Safepoint "RevokeBias", Time since last: 189400 ns, Reaching safepoint: 380900 ns, At safepoint: 140700 ns, Total: 521600 ns
[2020-05-01T16:51:53.161+0000][1][safepoint    ] Safepoint "RevokeBias", Time since last: 53300 ns, Reaching safepoint: 155600 ns, At safepoint: 214000 ns, Total: 369600 ns
[2020-05-01T16:51:53.162+0000][1][safepoint    ] Safepoint "RevokeBias", Time since last: 64200 ns, Reaching safepoint: 132300 ns, At safepoint: 139600 ns, Total: 271900 ns
[2020-05-01T16:51:53.162+0000][1][safepoint    ] Safepoint "RevokeBias", Time since last: 469200 ns, Reaching safepoint: 145200 ns, At safepoint: 124800 ns, Total: 270000 ns
[2020-05-01T16:51:53.163+0000][1][safepoint    ] Safepoint "RevokeBias", Time since last: 148800 ns, Reaching safepoint: 166800 ns, At safepoint: 156800 ns, Total: 323600 ns
[2020-05-01T16:51:53.165+0000][1][safepoint    ] Safepoint "RevokeBias", Time since last: 1661700 ns, Reaching safepoint: 152500 ns, At safepoint: 113500 ns, Total: 266000 ns
[2020-05-01T16:51:53.165+0000][1][safepoint    ] Safepoint "RevokeBias", Time since last: 213800 ns, Reaching safepoint: 168400 ns, At safepoint: 154300 ns, Total: 322700 ns
[2020-05-01T16:51:53.168+0000][1][safepoint    ] Safepoint "RevokeBias", Time since last: 2410700 ns, Reaching safepoint: 148700 ns, At safepoint: 195800 ns, Total: 344500 ns
[2020-05-01T16:51:53.169+0000][1][safepoint    ] Safepoint "BulkRevokeBias", Time since last: 331500 ns, Reaching safepoint: 156900 ns, At safepoint: 338200 ns, Total: 495100 ns
[2020-05-01T16:51:53.177+0000][1][safepoint    ] Safepoint "RevokeBias", Time since last: 6384600 ns, Reaching safepoint: 1740400 ns, At safepoint: 212400 ns, Total: 1952800 ns
[2020-05-01T16:51:53.178+0000][1][safepoint    ] Safepoint "RevokeBias", Time since last: 209100 ns, Reaching safepoint: 142600 ns, At safepoint: 232800 ns, Total: 375400 ns
[2020-05-01T16:51:53.178+0000][1][safepoint    ] Safepoint "RevokeBias", Time since last: 306300 ns, Reaching safepoint: 138000 ns, At safepoint: 105900 ns, Total: 243900 ns
[2020-05-01T16:51:53.179+0000][1][safepoint    ] Safepoint "RevokeBias", Time since last: 114800 ns, Reaching safepoint: 133500 ns, At safepoint: 136800 ns, Total: 270300 ns
[2020-05-01T16:51:53.179+0000][1][safepoint    ] Safepoint "RevokeBias", Time since last: 118600 ns, Reaching safepoint: 136900 ns, At safepoint: 169700 ns, Total: 306600 ns
[2020-05-01T16:51:53.184+0000][1][safepoint    ] Safepoint "RevokeBias", Time since last: 4166800 ns, Reaching safepoint: 145700 ns, At safepoint: 159600 ns, Total: 305300 ns
[2020-05-01T16:51:53.184+0000][1][safepoint    ] Safepoint "RevokeBias", Time since last: 112600 ns, Reaching safepoint: 142000 ns, At safepoint: 94000 ns, Total: 236000 ns
[2020-05-01T16:51:53.184+0000][1][safepoint    ] Safepoint "RevokeBias", Time since last: 286600 ns, Reaching safepoint: 49700 ns, At safepoint: 65200 ns, Total: 114900 ns
[2020-05-01T16:51:53.185+0000][1][safepoint    ] Safepoint "RevokeBias", Time since last: 195200 ns, Reaching safepoint: 72700 ns, At safepoint: 66400 ns, Total: 139100 ns
[2020-05-01T16:51:53.189+0000][1][safepoint    ] Safepoint "RevokeBias", Time since last: 4042200 ns, Reaching safepoint: 162100 ns, At safepoint: 146400 ns, Total: 308500 ns
[2020-05-01T16:51:53.190+0000][1][safepoint    ] Safepoint "RevokeBias", Time since last: 875600 ns, Reaching safepoint: 141900 ns, At safepoint: 107100 ns, Total: 249000 ns
[2020-05-01T16:51:53.191+0000][1][safepoint    ] Safepoint "RevokeBias", Time since last: 300200 ns, Reaching safepoint: 141400 ns, At safepoint: 136900 ns, Total: 278300 ns
[2020-05-01T16:51:53.191+0000][1][safepoint    ] Safepoint "RevokeBias", Time since last: 150300 ns, Reaching safepoint: 204200 ns, At safepoint: 190900 ns, Total: 395100 ns
[2020-05-01T16:51:53.192+0000][1][safepoint    ] Safepoint "RevokeBias", Time since last: 53600 ns, Reaching safepoint: 139300 ns, At safepoint: 167900 ns, Total: 307200 ns
[2020-05-01T16:51:53.192+0000][1][safepoint    ] Safepoint "RevokeBias", Time since last: 54400 ns, Reaching safepoint: 31500 ns, At safepoint: 57100 ns, Total: 88600 ns
[2020-05-01T16:51:53.192+0000][1][safepoint    ] Safepoint "RevokeBias", Time since last: 47700 ns, Reaching safepoint: 131500 ns, At safepoint: 56300 ns, Total: 187800 ns
[2020-05-01T16:51:53.194+0000][1][safepoint    ] Safepoint "RevokeBias", Time since last: 2151500 ns, Reaching safepoint: 42500 ns, At safepoint: 46100 ns, Total: 88600 ns
[2020-05-01T16:51:53.195+0000][1][safepoint    ] Safepoint "RevokeBias", Time since last: 180200 ns, Reaching safepoint: 135200 ns, At safepoint: 52300 ns, Total: 187500 ns
[2020-05-01T16:51:53.195+0000][1][safepoint    ] Safepoint "RevokeBias", Time since last: 167000 ns, Reaching safepoint: 116600 ns, At safepoint: 67900 ns, Total: 184500 ns
[2020-05-01T16:51:53.195+0000][1][safepoint    ] Safepoint "RevokeBias", Time since last: 158400 ns, Reaching safepoint: 117400 ns, At safepoint: 52300 ns, Total: 169700 ns
[2020-05-01T16:51:53.196+0000][1][safepoint    ] Safepoint "RevokeBias", Time since last: 175300 ns, Reaching safepoint: 114300 ns, At safepoint: 101600 ns, Total: 215900 ns
[2020-05-01T16:51:53.196+0000][1][safepoint    ] Safepoint "RevokeBias", Time since last: 186000 ns, Reaching safepoint: 123700 ns, At safepoint: 90100 ns, Total: 213800 ns
[2020-05-01T16:51:53.198+0000][1][safepoint    ] Safepoint "RevokeBias", Time since last: 2149800 ns, Reaching safepoint: 137000 ns, At safepoint: 122200 ns, Total: 259200 ns
[2020-05-01T16:51:53.199+0000][1][safepoint    ] Safepoint "RevokeBias", Time since last: 46200 ns, Reaching safepoint: 139000 ns, At safepoint: 160000 ns, Total: 299000 ns
[2020-05-01T16:51:53.201+0000][1][safepoint    ] Safepoint "RevokeBias", Time since last: 1755600 ns, Reaching safepoint: 175300 ns, At safepoint: 174000 ns, Total: 349300 ns
[2020-05-01T16:51:53.203+0000][1][safepoint    ] Safepoint "RevokeBias", Time since last: 1351500 ns, Reaching safepoint: 130900 ns, At safepoint: 141300 ns, Total: 272200 ns
[2020-05-01T16:51:53.205+0000][1][safepoint    ] Safepoint "RevokeBias", Time since last: 1817800 ns, Reaching safepoint: 269900 ns, At safepoint: 214400 ns, Total: 484300 ns
[2020-05-01T16:51:53.205+0000][1][safepoint    ] Safepoint "RevokeBias", Time since last: 198100 ns, Reaching safepoint: 134300 ns, At safepoint: 74200 ns, Total: 208500 ns
[2020-05-01T16:51:53.206+0000][1][safepoint    ] Safepoint "RevokeBias", Time since last: 99800 ns, Reaching safepoint: 122300 ns, At safepoint: 63800 ns, Total: 186100 ns
[2020-05-01T16:51:53.206+0000][1][safepoint    ] Safepoint "RevokeBias", Time since last: 661800 ns, Reaching safepoint: 141200 ns, At safepoint: 129000 ns, Total: 270200 ns
[2020-05-01T16:51:53.207+0000][1][safepoint    ] Safepoint "RevokeBias", Time since last: 629700 ns, Reaching safepoint: 200300 ns, At safepoint: 159100 ns, Total: 359400 ns
[2020-05-01T16:51:53.208+0000][1][safepoint    ] Safepoint "RevokeBias", Time since last: 370800 ns, Reaching safepoint: 215900 ns, At safepoint: 112300 ns, Total: 328200 ns
[2020-05-01T16:51:53.210+0000][1][safepoint    ] Safepoint "RevokeBias", Time since last: 1621400 ns, Reaching safepoint: 66300 ns, At safepoint: 62200 ns, Total: 128500 ns
[2020-05-01T16:51:53.210+0000][1][safepoint    ] Safepoint "RevokeBias", Time since last: 99000 ns, Reaching safepoint: 127800 ns, At safepoint: 62400 ns, Total: 190200 ns
[2020-05-01T16:51:53.220+0000][1][safepoint    ] Safepoint "RevokeBias", Time since last: 9813300 ns, Reaching safepoint: 67600 ns, At safepoint: 36400 ns, Total: 104000 ns
[2020-05-01T16:51:53.228+0000][1][safepoint    ] Safepoint "RevokeBias", Time since last: 7978900 ns, Reaching safepoint: 39500 ns, At safepoint: 54800 ns, Total: 94300 ns
[2020-05-01T16:51:53.251+0000][1][safepoint    ] Safepoint "RevokeBias", Time since last: 22742800 ns, Reaching safepoint: 304500 ns, At safepoint: 81900 ns, Total: 386400 ns
[2020-05-01T16:51:53.252+0000][1][safepoint    ] Safepoint "RevokeBias", Time since last: 618700 ns, Reaching safepoint: 153900 ns, At safepoint: 101700 ns, Total: 255600 ns
[2020-05-01T16:51:53.253+0000][1][safepoint    ] Safepoint "RevokeBias", Time since last: 138200 ns, Reaching safepoint: 139100 ns, At safepoint: 107000 ns, Total: 246100 ns
[2020-05-01T16:51:53.253+0000][1][safepoint    ] Safepoint "RevokeBias", Time since last: 151800 ns, Reaching safepoint: 177900 ns, At safepoint: 167000 ns, Total: 344900 ns
[2020-05-01T16:51:53.260+0000][1][safepoint    ] Safepoint "RevokeBias", Time since last: 7087300 ns, Reaching safepoint: 162700 ns, At safepoint: 149700 ns, Total: 312400 ns
[2020-05-01T16:51:53.264+0000][1][safepoint    ] Safepoint "RevokeBias", Time since last: 2856000 ns, Reaching safepoint: 179300 ns, At safepoint: 105100 ns, Total: 284400 ns
[2020-05-01T16:51:53.264+0000][1][safepoint    ] Safepoint "RevokeBias", Time since last: 205300 ns, Reaching safepoint: 177300 ns, At safepoint: 102100 ns, Total: 279400 ns
[2020-05-01T16:51:53.265+0000][1][safepoint    ] Safepoint "RevokeBias", Time since last: 140000 ns, Reaching safepoint: 158400 ns, At safepoint: 102900 ns, Total: 261300 ns
[2020-05-01T16:51:53.265+0000][1][safepoint    ] Safepoint "RevokeBias", Time since last: 136800 ns, Reaching safepoint: 133500 ns, At safepoint: 92100 ns, Total: 225600 ns
[2020-05-01T16:51:53.265+0000][1][safepoint    ] Safepoint "RevokeBias", Time since last: 136700 ns, Reaching safepoint: 39000 ns, At safepoint: 101200 ns, Total: 140200 ns
[2020-05-01T16:51:53.266+0000][1][safepoint    ] Safepoint "RevokeBias", Time since last: 283000 ns, Reaching safepoint: 136900 ns, At safepoint: 124300 ns, Total: 261200 ns
[2020-05-01T16:51:53.266+0000][1][safepoint    ] Safepoint "RevokeBias", Time since last: 135000 ns, Reaching safepoint: 150200 ns, At safepoint: 124800 ns, Total: 275000 ns
[2020-05-01T16:51:53.268+0000][1][safepoint    ] Safepoint "RevokeBias", Time since last: 1947900 ns, Reaching safepoint: 154900 ns, At safepoint: 132600 ns, Total: 287500 ns
[2020-05-01T16:51:53.283+0000][1][safepoint    ] Safepoint "RevokeBias", Time since last: 14807900 ns, Reaching safepoint: 181400 ns, At safepoint: 105600 ns, Total: 287000 ns
[2020-05-01T16:51:53.289+0000][1][safepoint    ] Safepoint "RevokeBias", Time since last: 5611100 ns, Reaching safepoint: 59000 ns, At safepoint: 55800 ns, Total: 114800 ns
[2020-05-01T16:51:53.291+0000][1][safepoint    ] Safepoint "RevokeBias", Time since last: 1702800 ns, Reaching safepoint: 71500 ns, At safepoint: 85100 ns, Total: 156600 ns
[2020-05-01T16:51:53.299+0000][1][safepoint    ] Safepoint "RevokeBias", Time since last: 7551800 ns, Reaching safepoint: 108000 ns, At safepoint: 67600 ns, Total: 175600 ns
[2020-05-01T16:51:53.300+0000][1][safepoint    ] Safepoint "RevokeBias", Time since last: 1083700 ns, Reaching safepoint: 42200 ns, At safepoint: 41300 ns, Total: 83500 ns
[2020-05-01T16:51:53.300+0000][1][safepoint    ] Safepoint "RevokeBias", Time since last: 270700 ns, Reaching safepoint: 32200 ns, At safepoint: 35800 ns, Total: 68000 ns
[2020-05-01T16:51:53.300+0000][1][safepoint    ] Safepoint "RevokeBias", Time since last: 124100 ns, Reaching safepoint: 22000 ns, At safepoint: 32700 ns, Total: 54700 ns
[2020-05-01T16:51:53.301+0000][1][safepoint    ] Safepoint "RevokeBias", Time since last: 299500 ns, Reaching safepoint: 43100 ns, At safepoint: 35300 ns, Total: 78400 ns
[2020-05-01T16:51:53.316+0000][1][safepoint    ] Safepoint "RevokeBias", Time since last: 14948000 ns, Reaching safepoint: 157400 ns, At safepoint: 69600 ns, Total: 227000 ns
[2020-05-01T16:51:53.322+0000][1][safepoint    ] Safepoint "RevokeBias", Time since last: 6251500 ns, Reaching safepoint: 44900 ns, At safepoint: 63900 ns, Total: 108800 ns
[2020-05-01T16:51:53.335+0000][1][safepoint    ] Safepoint "RevokeBias", Time since last: 12235700 ns, Reaching safepoint: 60100 ns, At safepoint: 78600 ns, Total: 138700 ns
[2020-05-01T16:51:53.351+0000][1][safepoint    ] Safepoint "RevokeBias", Time since last: 15724200 ns, Reaching safepoint: 125300 ns, At safepoint: 53500 ns, Total: 178800 ns
[2020-05-01T16:51:53.353+0000][1][safepoint    ] Safepoint "RevokeBias", Time since last: 2328600 ns, Reaching safepoint: 141700 ns, At safepoint: 72000 ns, Total: 213700 ns
[2020-05-01T16:51:53.387+0000][1][gc,start     ] GC(15) Pause Young (Allocation Failure)
[2020-05-01T16:51:53.387+0000][1][gc,task      ] GC(15) Using 10 workers of 10 for evacuation
[2020-05-01T16:51:53.402+0000][1][gc,age       ] GC(15) Desired survivor size 8945664 bytes, new threshold 6 (max threshold 6)
[2020-05-01T16:51:53.402+0000][1][gc,age       ] GC(15) Age table with threshold 6 (max threshold 6)
[2020-05-01T16:51:53.402+0000][1][gc,age       ] GC(15) - age   1:    5698400 bytes,    5698400 total
[2020-05-01T16:51:53.402+0000][1][gc,age       ] GC(15) - age   2:    2954160 bytes,    8652560 total
[2020-05-01T16:51:53.403+0000][1][gc,heap      ] GC(15) ParNew: 154444K->12874K(157248K)
[2020-05-01T16:51:53.403+0000][1][gc,heap      ] GC(15) CMS: 49131K->56489K(349568K)
[2020-05-01T16:51:53.403+0000][1][gc,metaspace ] GC(15) Metaspace: 75503K->75503K(1118208K)
[2020-05-01T16:51:53.403+0000][1][gc           ] GC(15) Pause Young (Allocation Failure) 198M->67M(494M) 15.466ms
[2020-05-01T16:51:53.403+0000][1][gc,cpu       ] GC(15) User=0.15s Sys=0.00s Real=0.02s
[2020-05-01T16:51:53.403+0000][1][safepoint    ] Safepoint "GenCollectForAllocation", Time since last: 33866200 ns, Reaching safepoint: 68000 ns, At safepoint: 15661600 ns, Total: 15729600 ns
[2020-05-01T16:51:53.411+0000][1][safepoint    ] Safepoint "RevokeBias", Time since last: 8021600 ns, Reaching safepoint: 53900 ns, At safepoint: 65900 ns, Total: 119800 ns
[2020-05-01T16:51:53.411+0000][1][safepoint    ] Safepoint "RevokeBias", Time since last: 120800 ns, Reaching safepoint: 43700 ns, At safepoint: 54800 ns, Total: 98500 ns
[2020-05-01T16:51:53.411+0000][1][safepoint    ] Safepoint "RevokeBias", Time since last: 124600 ns, Reaching safepoint: 115300 ns, At safepoint: 52100 ns, Total: 167400 ns
[2020-05-01T16:51:53.412+0000][1][safepoint    ] Safepoint "RevokeBias", Time since last: 712800 ns, Reaching safepoint: 35600 ns, At safepoint: 37400 ns, Total: 73000 ns
[2020-05-01T16:51:53.412+0000][1][safepoint    ] Safepoint "RevokeBias", Time since last: 174000 ns, Reaching safepoint: 35200 ns, At safepoint: 38000 ns, Total: 73200 ns
[2020-05-01T16:51:53.413+0000][1][safepoint    ] Safepoint "RevokeBias", Time since last: 91700 ns, Reaching safepoint: 37400 ns, At safepoint: 34800 ns, Total: 72200 ns
[2020-05-01T16:51:53.423+0000][1][safepoint    ] Safepoint "RevokeBias", Time since last: 10256800 ns, Reaching safepoint: 159200 ns, At safepoint: 281200 ns, Total: 440400 ns
[2020-05-01T16:51:53.425+0000][1][safepoint    ] Safepoint "RevokeBias", Time since last: 1059100 ns, Reaching safepoint: 194300 ns, At safepoint: 266500 ns, Total: 460800 ns
[2020-05-01T16:51:53.426+0000][1][safepoint    ] Safepoint "RevokeBias", Time since last: 243600 ns, Reaching safepoint: 199400 ns, At safepoint: 225200 ns, Total: 424600 ns
[2020-05-01T16:51:53.426+0000][1][safepoint    ] Safepoint "RevokeBias", Time since last: 202500 ns, Reaching safepoint: 164200 ns, At safepoint: 174300 ns, Total: 338500 ns
[2020-05-01T16:51:53.427+0000][1][safepoint    ] Safepoint "RevokeBias", Time since last: 384300 ns, Reaching safepoint: 182300 ns, At safepoint: 146800 ns, Total: 329100 ns
[2020-05-01T16:51:53.434+0000][1][safepoint    ] Safepoint "RevokeBias", Time since last: 7170800 ns, Reaching safepoint: 193700 ns, At safepoint: 78600 ns, Total: 272300 ns
[2020-05-01T16:51:53.435+0000][1][safepoint    ] Safepoint "RevokeBias", Time since last: 333800 ns, Reaching safepoint: 168200 ns, At safepoint: 79200 ns, Total: 247400 ns
[2020-05-01T16:51:53.440+0000][1][safepoint    ] Safepoint "RevokeBias", Time since last: 4847900 ns, Reaching safepoint: 196000 ns, At safepoint: 136700 ns, Total: 332700 ns
[2020-05-01T16:51:53.441+0000][1][safepoint    ] Safepoint "RevokeBias", Time since last: 390400 ns, Reaching safepoint: 158100 ns, At safepoint: 76000 ns, Total: 234100 ns
[2020-05-01T16:51:53.447+0000][1][safepoint    ] Safepoint "RevokeBias", Time since last: 6206600 ns, Reaching safepoint: 55900 ns, At safepoint: 38100 ns, Total: 94000 ns
[2020-05-01T16:51:53.447+0000][1][safepoint    ] Safepoint "RevokeBias", Time since last: 119000 ns, Reaching safepoint: 42600 ns, At safepoint: 31800 ns, Total: 74400 ns
[2020-05-01T16:51:53.449+0000][1][safepoint    ] Safepoint "RevokeBias", Time since last: 1665700 ns, Reaching safepoint: 61200 ns, At safepoint: 38100 ns, Total: 99300 ns
[2020-05-01T16:51:53.449+0000][1][safepoint    ] Safepoint "RevokeBias", Time since last: 136600 ns, Reaching safepoint: 36000 ns, At safepoint: 28500 ns, Total: 64500 ns
[2020-05-01T16:51:53.454+0000][1][safepoint    ] Safepoint "RevokeBias", Time since last: 4658800 ns, Reaching safepoint: 154200 ns, At safepoint: 45900 ns, Total: 200100 ns
[2020-05-01T16:51:53.462+0000][1][safepoint    ] Safepoint "RevokeBias", Time since last: 8007400 ns, Reaching safepoint: 174200 ns, At safepoint: 103900 ns, Total: 278100 ns
[2020-05-01T16:51:53.463+0000][1][safepoint    ] Safepoint "RevokeBias", Time since last: 386800 ns, Reaching safepoint: 142900 ns, At safepoint: 128300 ns, Total: 271200 ns
[2020-05-01T16:51:53.475+0000][1][safepoint    ] Safepoint "RevokeBias", Time since last: 12410900 ns, Reaching safepoint: 70400 ns, At safepoint: 78500 ns, Total: 148900 ns
[2020-05-01T16:51:53.478+0000][1][safepoint    ] Safepoint "RevokeBias", Time since last: 2475400 ns, Reaching safepoint: 228400 ns, At safepoint: 150700 ns, Total: 379100 ns
[2020-05-01T16:51:53.483+0000][1][safepoint    ] Safepoint "RevokeBias", Time since last: 4290300 ns, Reaching safepoint: 155600 ns, At safepoint: 87000 ns, Total: 242600 ns
[2020-05-01T16:51:53.484+0000][1][safepoint    ] Safepoint "RevokeBias", Time since last: 1147100 ns, Reaching safepoint: 152500 ns, At safepoint: 75700 ns, Total: 228200 ns
[2020-05-01T16:51:53.501+0000][1][safepoint    ] Safepoint "RevokeBias", Time since last: 16979500 ns, Reaching safepoint: 56400 ns, At safepoint: 31100 ns, Total: 87500 ns
[2020-05-01T16:51:53.502+0000][1][safepoint    ] Safepoint "RevokeBias", Time since last: 244200 ns, Reaching safepoint: 41900 ns, At safepoint: 27900 ns, Total: 69800 ns
[2020-05-01T16:51:53.502+0000][1][safepoint    ] Safepoint "RevokeBias", Time since last: 87900 ns, Reaching safepoint: 27400 ns, At safepoint: 43400 ns, Total: 70800 ns
[2020-05-01T16:51:53.502+0000][1][safepoint    ] Safepoint "RevokeBias", Time since last: 189600 ns, Reaching safepoint: 29200 ns, At safepoint: 43800 ns, Total: 73000 ns
[2020-05-01T16:51:53.503+0000][1][safepoint    ] Safepoint "RevokeBias", Time since last: 831800 ns, Reaching safepoint: 41500 ns, At safepoint: 48900 ns, Total: 90400 ns
[2020-05-01T16:51:53.503+0000][1][safepoint    ] Safepoint "RevokeBias", Time since last: 267400 ns, Reaching safepoint: 35800 ns, At safepoint: 46100 ns, Total: 81900 ns
[2020-05-01T16:51:53.507+0000][1][safepoint    ] Safepoint "RevokeBias", Time since last: 3642600 ns, Reaching safepoint: 58900 ns, At safepoint: 32500 ns, Total: 91400 ns
[2020-05-01T16:51:53.507+0000][1][safepoint    ] Safepoint "RevokeBias", Time since last: 118600 ns, Reaching safepoint: 42500 ns, At safepoint: 27100 ns, Total: 69600 ns
[2020-05-01T16:51:53.557+0000][1][safepoint    ] Safepoint "Deoptimize", Time since last: 48797300 ns, Reaching safepoint: 75200 ns, At safepoint: 534200 ns, Total: 609400 ns
[2020-05-01T16:51:53.612+0000][1][safepoint    ] Safepoint "BulkRevokeBias", Time since last: 54978100 ns, Reaching safepoint: 75800 ns, At safepoint: 300500 ns, Total: 376300 ns
[2020-05-01T16:51:53.612+0000][1][safepoint    ] Safepoint "RevokeBias", Time since last: 133200 ns, Reaching safepoint: 42700 ns, At safepoint: 36100 ns, Total: 78800 ns
[2020-05-01T16:51:53.616+0000][1][safepoint    ] Safepoint "BulkRevokeBias", Time since last: 3455100 ns, Reaching safepoint: 161400 ns, At safepoint: 325000 ns, Total: 486400 ns
[2020-05-01T16:51:53.617+0000][1][safepoint    ] Safepoint "RevokeBias", Time since last: 320000 ns, Reaching safepoint: 51900 ns, At safepoint: 59600 ns, Total: 111500 ns
[2020-05-01T16:51:53.617+0000][1][safepoint    ] Safepoint "RevokeBias", Time since last: 127000 ns, Reaching safepoint: 130900 ns, At safepoint: 74800 ns, Total: 205700 ns
[2020-05-01T16:51:53.617+0000][1][safepoint    ] Safepoint "RevokeBias", Time since last: 139500 ns, Reaching safepoint: 159400 ns, At safepoint: 122200 ns, Total: 281600 ns
[2020-05-01T16:51:53.618+0000][1][safepoint    ] Safepoint "RevokeBias", Time since last: 176000 ns, Reaching safepoint: 174600 ns, At safepoint: 103500 ns, Total: 278100 ns
[2020-05-01T16:51:53.618+0000][1][safepoint    ] Safepoint "RevokeBias", Time since last: 196800 ns, Reaching safepoint: 155900 ns, At safepoint: 77500 ns, Total: 233400 ns
[2020-05-01T16:51:53.618+0000][1][safepoint    ] Safepoint "RevokeBias", Time since last: 115100 ns, Reaching safepoint: 134800 ns, At safepoint: 69400 ns, Total: 204200 ns
[2020-05-01T16:51:53.619+0000][1][safepoint    ] Safepoint "RevokeBias", Time since last: 114200 ns, Reaching safepoint: 149800 ns, At safepoint: 66500 ns, Total: 216300 ns
[2020-05-01T16:51:53.619+0000][1][safepoint    ] Safepoint "RevokeBias", Time since last: 128500 ns, Reaching safepoint: 155000 ns, At safepoint: 79000 ns, Total: 234000 ns
[2020-05-01T16:51:53.621+0000][1][safepoint    ] Safepoint "RevokeBias", Time since last: 2146600 ns, Reaching safepoint: 55300 ns, At safepoint: 54900 ns, Total: 110200 ns
[2020-05-01T16:51:53.622+0000][1][safepoint    ] Safepoint "RevokeBias", Time since last: 308800 ns, Reaching safepoint: 49900 ns, At safepoint: 59300 ns, Total: 109200 ns
[2020-05-01T16:51:53.629+0000][1][safepoint    ] Safepoint "RevokeBias", Time since last: 6763100 ns, Reaching safepoint: 74800 ns, At safepoint: 74200 ns, Total: 149000 ns
[2020-05-01T16:51:53.631+0000][1][safepoint    ] Safepoint "RevokeBias", Time since last: 2542300 ns, Reaching safepoint: 78600 ns, At safepoint: 93700 ns, Total: 172300 ns
[2020-05-01T16:51:53.632+0000][1][safepoint    ] Safepoint "RevokeBias", Time since last: 299100 ns, Reaching safepoint: 61000 ns, At safepoint: 60600 ns, Total: 121600 ns
[2020-05-01T16:51:53.640+0000][1][safepoint    ] Safepoint "RevokeBias", Time since last: 7463300 ns, Reaching safepoint: 123700 ns, At safepoint: 73200 ns, Total: 196900 ns
[2020-05-01T16:51:53.644+0000][1][safepoint    ] Safepoint "RevokeBias", Time since last: 4137800 ns, Reaching safepoint: 69400 ns, At safepoint: 58600 ns, Total: 128000 ns
[2020-05-01T16:51:53.644+0000][1][safepoint    ] Safepoint "RevokeBias", Time since last: 126100 ns, Reaching safepoint: 134300 ns, At safepoint: 73800 ns, Total: 208100 ns
[2020-05-01T16:51:53.644+0000][1][safepoint    ] Safepoint "RevokeBias", Time since last: 83000 ns, Reaching safepoint: 27700 ns, At safepoint: 41900 ns, Total: 69600 ns
[2020-05-01T16:51:53.644+0000][1][safepoint    ] Safepoint "RevokeBias", Time since last: 74400 ns, Reaching safepoint: 23400 ns, At safepoint: 44600 ns, Total: 68000 ns
[2020-05-01T16:51:53.645+0000][1][safepoint    ] Safepoint "RevokeBias", Time since last: 76800 ns, Reaching safepoint: 22800 ns, At safepoint: 22900 ns, Total: 45700 ns
[2020-05-01T16:51:53.645+0000][1][safepoint    ] Safepoint "RevokeBias", Time since last: 70300 ns, Reaching safepoint: 22500 ns, At safepoint: 23400 ns, Total: 45900 ns
[2020-05-01T16:51:53.645+0000][1][safepoint    ] Safepoint "RevokeBias", Time since last: 72100 ns, Reaching safepoint: 22600 ns, At safepoint: 22500 ns, Total: 45100 ns
[2020-05-01T16:51:53.645+0000][1][safepoint    ] Safepoint "RevokeBias", Time since last: 71100 ns, Reaching safepoint: 22700 ns, At safepoint: 22800 ns, Total: 45500 ns
[2020-05-01T16:51:53.672+0000][1][safepoint    ] Safepoint "RevokeBias", Time since last: 26949500 ns, Reaching safepoint: 171000 ns, At safepoint: 87100 ns, Total: 258100 ns
[2020-05-01T16:51:53.673+0000][1][safepoint    ] Safepoint "RevokeBias", Time since last: 568200 ns, Reaching safepoint: 52500 ns, At safepoint: 37700 ns, Total: 90200 ns
[2020-05-01T16:51:53.686+0000][1][safepoint    ] Safepoint "RevokeBias", Time since last: 12848400 ns, Reaching safepoint: 81100 ns, At safepoint: 38100 ns, Total: 119200 ns
[2020-05-01T16:51:53.687+0000][1][safepoint    ] Safepoint "RevokeBias", Time since last: 912800 ns, Reaching safepoint: 66000 ns, At safepoint: 38100 ns, Total: 104100 ns
[2020-05-01T16:51:53.689+0000][1][safepoint    ] Safepoint "RevokeBias", Time since last: 2089300 ns, Reaching safepoint: 91900 ns, At safepoint: 59200 ns, Total: 151100 ns
[2020-05-01T16:51:53.693+0000][1][safepoint    ] Safepoint "RevokeBias", Time since last: 3700800 ns, Reaching safepoint: 69100 ns, At safepoint: 38900 ns, Total: 108000 ns
[2020-05-01T16:51:53.719+0000][1][safepoint    ] Safepoint "RevokeBias", Time since last: 25647800 ns, Reaching safepoint: 186700 ns, At safepoint: 40200 ns, Total: 226900 ns
[2020-05-01T16:51:53.753+0000][1][safepoint    ] Safepoint "RevokeBias", Time since last: 34479900 ns, Reaching safepoint: 63900 ns, At safepoint: 41400 ns, Total: 105300 ns
[2020-05-01T16:51:53.766+0000][1][safepoint    ] Safepoint "RevokeBias", Time since last: 12213100 ns, Reaching safepoint: 103700 ns, At safepoint: 108800 ns, Total: 212500 ns
[2020-05-01T16:51:53.819+0000][1][safepoint    ] Safepoint "RevokeBias", Time since last: 53176000 ns, Reaching safepoint: 73800 ns, At safepoint: 30500 ns, Total: 104300 ns
[2020-05-01T16:51:53.819+0000][1][safepoint    ] Safepoint "RevokeBias", Time since last: 129000 ns, Reaching safepoint: 35800 ns, At safepoint: 30600 ns, Total: 66400 ns
[2020-05-01T16:51:53.844+0000][1][safepoint    ] Safepoint "RevokeBias", Time since last: 25075100 ns, Reaching safepoint: 63700 ns, At safepoint: 36500 ns, Total: 100200 ns
[2020-05-01T16:51:53.845+0000][1][safepoint    ] Safepoint "RevokeBias", Time since last: 234400 ns, Reaching safepoint: 41800 ns, At safepoint: 30400 ns, Total: 72200 ns
[2020-05-01T16:51:53.854+0000][1][safepoint    ] Safepoint "RevokeBias", Time since last: 8969300 ns, Reaching safepoint: 162900 ns, At safepoint: 49400 ns, Total: 212300 ns
[2020-05-01T16:51:53.854+0000][1][safepoint    ] Safepoint "RevokeBias", Time since last: 123200 ns, Reaching safepoint: 175900 ns, At safepoint: 64500 ns, Total: 240400 ns
[2020-05-01T16:51:53.854+0000][1][safepoint    ] Safepoint "RevokeBias", Time since last: 138800 ns, Reaching safepoint: 68100 ns, At safepoint: 78900 ns, Total: 147000 ns
[2020-05-01T16:51:53.916+0000][1][safepoint    ] Safepoint "Deoptimize", Time since last: 60549300 ns, Reaching safepoint: 87800 ns, At safepoint: 611900 ns, Total: 699700 ns
[2020-05-01T16:51:53.923+0000][1][safepoint    ] Safepoint "Deoptimize", Time since last: 6871100 ns, Reaching safepoint: 54400 ns, At safepoint: 421000 ns, Total: 475400 ns
[2020-05-01T16:51:53.966+0000][1][safepoint    ] Safepoint "Deoptimize", Time since last: 42683000 ns, Reaching safepoint: 59800 ns, At safepoint: 490500 ns, Total: 550300 ns
[2020-05-01T16:51:54.453+0000][1][safepoint    ] Safepoint "RevokeBias", Time since last: 485782000 ns, Reaching safepoint: 581600 ns, At safepoint: 39200 ns, Total: 620800 ns
[2020-05-01T16:51:54.475+0000][1][safepoint    ] Safepoint "RevokeBias", Time since last: 22355700 ns, Reaching safepoint: 56700 ns, At safepoint: 34400 ns, Total: 91100 ns
[2020-05-01T16:51:54.476+0000][1][safepoint    ] Safepoint "RevokeBias", Time since last: 244500 ns, Reaching safepoint: 76600 ns, At safepoint: 34200 ns, Total: 110800 ns
[2020-05-01T16:51:54.489+0000][1][safepoint    ] Safepoint "RevokeBias", Time since last: 13126600 ns, Reaching safepoint: 57500 ns, At safepoint: 36500 ns, Total: 94000 ns
[2020-05-01T16:51:54.579+0000][1][safepoint    ] Safepoint "RevokeBias", Time since last: 89550700 ns, Reaching safepoint: 102100 ns, At safepoint: 102000 ns, Total: 204100 ns
[2020-05-01T16:51:54.579+0000][1][safepoint    ] Safepoint "RevokeBias", Time since last: 560000 ns, Reaching safepoint: 234400 ns, At safepoint: 85300 ns, Total: 319700 ns
[2020-05-01T16:51:54.616+0000][1][safepoint    ] Safepoint "RevokeBias", Time since last: 36854800 ns, Reaching safepoint: 133900 ns, At safepoint: 48400 ns, Total: 182300 ns
[2020-05-01T16:51:54.617+0000][1][safepoint    ] Safepoint "RevokeBias", Time since last: 569600 ns, Reaching safepoint: 154100 ns, At safepoint: 75500 ns, Total: 229600 ns
[2020-05-01T16:51:54.690+0000][1][safepoint    ] Safepoint "RevokeBias", Time since last: 72965300 ns, Reaching safepoint: 133900 ns, At safepoint: 109400 ns, Total: 243300 ns
[2020-05-01T16:51:54.728+0000][1][safepoint    ] Safepoint "RevokeBias", Time since last: 36867000 ns, Reaching safepoint: 182000 ns, At safepoint: 77100 ns, Total: 259100 ns
[2020-05-01T16:51:54.729+0000][1][safepoint    ] Safepoint "RevokeBias", Time since last: 1250300 ns, Reaching safepoint: 77300 ns, At safepoint: 134600 ns, Total: 211900 ns
[2020-05-01T16:51:54.729+0000][1][safepoint    ] Safepoint "RevokeBias", Time since last: 132000 ns, Reaching safepoint: 148000 ns, At safepoint: 112200 ns, Total: 260200 ns
[2020-05-01T16:51:54.738+0000][1][safepoint    ] Safepoint "RevokeBias", Time since last: 7999400 ns, Reaching safepoint: 149700 ns, At safepoint: 66800 ns, Total: 216500 ns
[2020-05-01T16:51:54.746+0000][1][safepoint    ] Safepoint "RevokeBias", Time since last: 8477100 ns, Reaching safepoint: 196100 ns, At safepoint: 145600 ns, Total: 341700 ns
[2020-05-01T16:51:54.748+0000][1][safepoint    ] Safepoint "RevokeBias", Time since last: 774700 ns, Reaching safepoint: 169800 ns, At safepoint: 154700 ns, Total: 324500 ns
[2020-05-01T16:51:54.750+0000][1][safepoint    ] Safepoint "RevokeBias", Time since last: 2325800 ns, Reaching safepoint: 181800 ns, At safepoint: 163000 ns, Total: 344800 ns
[2020-05-01T16:51:54.751+0000][1][safepoint    ] Safepoint "RevokeBias", Time since last: 197200 ns, Reaching safepoint: 194000 ns, At safepoint: 168600 ns, Total: 362600 ns
[2020-05-01T16:51:54.754+0000][1][safepoint    ] Safepoint "RevokeBias", Time since last: 2685800 ns, Reaching safepoint: 706900 ns, At safepoint: 209500 ns, Total: 916400 ns
[2020-05-01T16:51:54.755+0000][1][safepoint    ] Safepoint "RevokeBias", Time since last: 189200 ns, Reaching safepoint: 175300 ns, At safepoint: 151400 ns, Total: 326700 ns
[2020-05-01T16:51:54.821+0000][1][safepoint    ] Safepoint "RevokeBias", Time since last: 65377800 ns, Reaching safepoint: 344400 ns, At safepoint: 134900 ns, Total: 479300 ns
[2020-05-01T16:51:54.822+0000][1][safepoint    ] Safepoint "RevokeBias", Time since last: 306400 ns, Reaching safepoint: 259100 ns, At safepoint: 239800 ns, Total: 498900 ns
[2020-05-01T16:51:54.825+0000][1][safepoint    ] Safepoint "RevokeBias", Time since last: 2928000 ns, Reaching safepoint: 266300 ns, At safepoint: 110000 ns, Total: 376300 ns
[2020-05-01T16:51:54.828+0000][1][safepoint    ] Safepoint "RevokeBias", Time since last: 2265900 ns, Reaching safepoint: 229400 ns, At safepoint: 205900 ns, Total: 435300 ns
[2020-05-01T16:51:54.828+0000][1][safepoint    ] Safepoint "RevokeBias", Time since last: 685700 ns, Reaching safepoint: 90500 ns, At safepoint: 82700 ns, Total: 173200 ns
[2020-05-01T16:51:54.834+0000][1][safepoint    ] Safepoint "RevokeBias", Time since last: 5738800 ns, Reaching safepoint: 169600 ns, At safepoint: 85300 ns, Total: 254900 ns
[2020-05-01T16:51:54.836+0000][1][safepoint    ] Safepoint "RevokeBias", Time since last: 877000 ns, Reaching safepoint: 166100 ns, At safepoint: 134700 ns, Total: 300800 ns
[2020-05-01T16:51:54.836+0000][1][gc,start     ] GC(16) Pause Young (Allocation Failure)
[2020-05-01T16:51:54.836+0000][1][gc,task      ] GC(16) Using 10 workers of 10 for evacuation
[2020-05-01T16:51:54.844+0000][1][gc,age       ] GC(16) Desired survivor size 8945664 bytes, new threshold 2 (max threshold 6)
[2020-05-01T16:51:54.844+0000][1][gc,age       ] GC(16) Age table with threshold 2 (max threshold 6)
[2020-05-01T16:51:54.844+0000][1][gc,age       ] GC(16) - age   1:    7716512 bytes,    7716512 total
[2020-05-01T16:51:54.844+0000][1][gc,age       ] GC(16) - age   2:    5202592 bytes,   12919104 total
[2020-05-01T16:51:54.844+0000][1][gc,age       ] GC(16) - age   3:    2841080 bytes,   15760184 total
[2020-05-01T16:51:54.844+0000][1][gc,heap      ] GC(16) ParNew: 152650K->17472K(157248K)
[2020-05-01T16:51:54.844+0000][1][gc,heap      ] GC(16) CMS: 56489K->61134K(349568K)
[2020-05-01T16:51:54.844+0000][1][gc,metaspace ] GC(16) Metaspace: 83698K->83698K(1126400K)
[2020-05-01T16:51:54.844+0000][1][gc           ] GC(16) Pause Young (Allocation Failure) 204M->76M(494M) 8.456ms
[2020-05-01T16:51:54.844+0000][1][gc,cpu       ] GC(16) User=0.08s Sys=0.00s Real=0.01s
[2020-05-01T16:51:54.845+0000][1][safepoint    ] Safepoint "GenCollectForAllocation", Time since last: 284600 ns, Reaching safepoint: 66700 ns, At safepoint: 8611900 ns, Total: 8678600 ns
[2020-05-01T16:51:54.856+0000][1][safepoint    ] Safepoint "RevokeBias", Time since last: 11701500 ns, Reaching safepoint: 154700 ns, At safepoint: 49600 ns, Total: 204300 ns
[2020-05-01T16:51:54.873+0000][1][safepoint    ] Safepoint "RevokeBias", Time since last: 15768800 ns, Reaching safepoint: 181200 ns, At safepoint: 102700 ns, Total: 283900 ns
[2020-05-01T16:51:54.886+0000][1][safepoint    ] Safepoint "RevokeBias", Time since last: 13343400 ns, Reaching safepoint: 211400 ns, At safepoint: 128600 ns, Total: 340000 ns
[2020-05-01T16:51:54.894+0000][1][safepoint    ] Safepoint "RevokeBias", Time since last: 7254500 ns, Reaching safepoint: 394800 ns, At safepoint: 423800 ns, Total: 818600 ns
[2020-05-01T16:51:54.902+0000][1][safepoint    ] Safepoint "RevokeBias", Time since last: 7552500 ns, Reaching safepoint: 128600 ns, At safepoint: 207300 ns, Total: 335900 ns
[2020-05-01T16:51:54.922+0000][1][safepoint    ] Safepoint "RevokeBias", Time since last: 19289200 ns, Reaching safepoint: 175700 ns, At safepoint: 57200 ns, Total: 232900 ns
[2020-05-01T16:51:54.922+0000][1][safepoint    ] Safepoint "RevokeBias", Time since last: 113000 ns, Reaching safepoint: 136300 ns, At safepoint: 55200 ns, Total: 191500 ns
[2020-05-01T16:51:54.925+0000][1][safepoint    ] Safepoint "RevokeBias", Time since last: 2493400 ns, Reaching safepoint: 195800 ns, At safepoint: 116200 ns, Total: 312000 ns
[2020-05-01T16:51:54.926+0000][1][safepoint    ] Safepoint "RevokeBias", Time since last: 770800 ns, Reaching safepoint: 52500 ns, At safepoint: 85200 ns, Total: 137700 ns
[2020-05-01T16:51:54.926+0000][1][safepoint    ] Safepoint "RevokeBias", Time since last: 123000 ns, Reaching safepoint: 137100 ns, At safepoint: 78800 ns, Total: 215900 ns
[2020-05-01T16:51:54.941+0000][1][safepoint    ] Safepoint "RevokeBias", Time since last: 14709800 ns, Reaching safepoint: 127800 ns, At safepoint: 179700 ns, Total: 307500 ns
[2020-05-01T16:51:54.942+0000][1][safepoint    ] Safepoint "RevokeBias", Time since last: 171400 ns, Reaching safepoint: 187800 ns, At safepoint: 139400 ns, Total: 327200 ns
[2020-05-01T16:51:54.944+0000][1][safepoint    ] Safepoint "Deoptimize", Time since last: 1724400 ns, Reaching safepoint: 107500 ns, At safepoint: 721600 ns, Total: 829100 ns
[2020-05-01T16:51:54.946+0000][1][safepoint    ] Safepoint "RevokeBias", Time since last: 1382700 ns, Reaching safepoint: 173700 ns, At safepoint: 103700 ns, Total: 277400 ns
[2020-05-01T16:51:54.946+0000][1][safepoint    ] Safepoint "RevokeBias", Time since last: 106100 ns, Reaching safepoint: 137300 ns, At safepoint: 95100 ns, Total: 232400 ns
[2020-05-01T16:51:54.946+0000][1][safepoint    ] Safepoint "RevokeBias", Time since last: 116000 ns, Reaching safepoint: 158700 ns, At safepoint: 114200 ns, Total: 272900 ns
[2020-05-01T16:51:54.947+0000][1][safepoint    ] Safepoint "RevokeBias", Time since last: 124300 ns, Reaching safepoint: 135500 ns, At safepoint: 95200 ns, Total: 230700 ns
[2020-05-01T16:51:54.947+0000][1][safepoint    ] Safepoint "RevokeBias", Time since last: 114400 ns, Reaching safepoint: 135400 ns, At safepoint: 95000 ns, Total: 230400 ns
[2020-05-01T16:51:55.009+0000][1][safepoint    ] Safepoint "RevokeBias", Time since last: 60783400 ns, Reaching safepoint: 379300 ns, At safepoint: 155200 ns, Total: 534500 ns
[2020-05-01T16:51:55.010+0000][1][safepoint    ] Safepoint "RevokeBias", Time since last: 176700 ns, Reaching safepoint: 830300 ns, At safepoint: 152500 ns, Total: 982800 ns
[2020-05-01T16:51:55.010+0000][1][safepoint    ] Safepoint "RevokeBias", Time since last: 132600 ns, Reaching safepoint: 140500 ns, At safepoint: 217600 ns, Total: 358100 ns
[2020-05-01T16:51:55.011+0000][1][safepoint    ] Safepoint "RevokeBias", Time since last: 60400 ns, Reaching safepoint: 379300 ns, At safepoint: 202500 ns, Total: 581800 ns
[2020-05-01T16:51:55.011+0000][1][safepoint    ] Safepoint "RevokeBias", Time since last: 72900 ns, Reaching safepoint: 164000 ns, At safepoint: 176600 ns, Total: 340600 ns
[2020-05-01T16:51:55.012+0000][1][safepoint    ] Safepoint "RevokeBias", Time since last: 49800 ns, Reaching safepoint: 131700 ns, At safepoint: 158200 ns, Total: 289900 ns
[2020-05-01T16:51:55.017+0000][1][safepoint    ] Safepoint "RevokeBias", Time since last: 5806100 ns, Reaching safepoint: 60100 ns, At safepoint: 40300 ns, Total: 100400 ns
[2020-05-01T16:51:55.561+0000][1][safepoint    ] Safepoint "RevokeBias", Time since last: 543301900 ns, Reaching safepoint: 93400 ns, At safepoint: 33900 ns, Total: 127300 ns
[2020-05-01T16:51:55.561+0000][1][safepoint    ] Safepoint "RevokeBias", Time since last: 303900 ns, Reaching safepoint: 50900 ns, At safepoint: 57000 ns, Total: 107900 ns
[2020-05-01T16:51:55.562+0000][1][safepoint    ] Safepoint "RevokeBias", Time since last: 153100 ns, Reaching safepoint: 35200 ns, At safepoint: 37000 ns, Total: 72200 ns
[2020-05-01T16:51:55.667+0000][1][safepoint    ] Safepoint "RevokeBias", Time since last: 105675400 ns, Reaching safepoint: 74600 ns, At safepoint: 60300 ns, Total: 134900 ns
[2020-05-01T16:51:55.668+0000][1][safepoint    ] Safepoint "RevokeBias", Time since last: 187400 ns, Reaching safepoint: 123200 ns, At safepoint: 34000 ns, Total: 157200 ns
[2020-05-01T16:51:55.668+0000][1][safepoint    ] Safepoint "RevokeBias", Time since last: 157700 ns, Reaching safepoint: 163100 ns, At safepoint: 49800 ns, Total: 212900 ns
[2020-05-01T16:51:55.685+0000][1][safepoint    ] Safepoint "RevokeBias", Time since last: 16624800 ns, Reaching safepoint: 55300 ns, At safepoint: 34400 ns, Total: 89700 ns
[2020-05-01T16:51:55.685+0000][1][safepoint    ] Safepoint "RevokeBias", Time since last: 151600 ns, Reaching safepoint: 48300 ns, At safepoint: 38800 ns, Total: 87100 ns
[2020-05-01T16:51:55.685+0000][1][safepoint    ] Safepoint "RevokeBias", Time since last: 112500 ns, Reaching safepoint: 30000 ns, At safepoint: 33200 ns, Total: 63200 ns
[2020-05-01T16:51:55.685+0000][1][safepoint    ] Safepoint "RevokeBias", Time since last: 103000 ns, Reaching safepoint: 36000 ns, At safepoint: 35000 ns, Total: 71000 ns
[2020-05-01T16:51:55.686+0000][1][safepoint    ] Safepoint "RevokeBias", Time since last: 108000 ns, Reaching safepoint: 36400 ns, At safepoint: 35100 ns, Total: 71500 ns
[2020-05-01T16:51:55.686+0000][1][safepoint    ] Safepoint "RevokeBias", Time since last: 114400 ns, Reaching safepoint: 35200 ns, At safepoint: 35400 ns, Total: 70600 ns
[2020-05-01T16:51:56.686+0000][1][safepoint    ] Safepoint "Cleanup", Time since last: 1000210100 ns, Reaching safepoint: 69200 ns, At safepoint: 47900 ns, Total: 117100 ns
[2020-05-01T16:51:57.686+0000][1][safepoint    ] Safepoint "Cleanup", Time since last: 1000172400 ns, Reaching safepoint: 83200 ns, At safepoint: 34000 ns, Total: 117200 ns
[2020-05-01T16:51:58.687+0000][1][safepoint    ] Safepoint "Cleanup", Time since last: 1000155000 ns, Reaching safepoint: 59700 ns, At safepoint: 33100 ns, Total: 92800 ns
[2020-05-01T16:51:59.510+0000][1][safepoint    ] Safepoint "RevokeBias", Time since last: 823162900 ns, Reaching safepoint: 51600 ns, At safepoint: 37900 ns, Total: 89500 ns
[2020-05-01T16:51:59.510+0000][1][safepoint    ] Safepoint "RevokeBias", Time since last: 137200 ns, Reaching safepoint: 28800 ns, At safepoint: 32700 ns, Total: 61500 ns
[2020-05-01T16:52:00.510+0000][1][safepoint    ] Safepoint "Cleanup", Time since last: 1000231000 ns, Reaching safepoint: 90300 ns, At safepoint: 49200 ns, Total: 139500 ns
[2020-05-01T16:52:01.511+0000][1][safepoint    ] Safepoint "Cleanup", Time since last: 1000386000 ns, Reaching safepoint: 448500 ns, At safepoint: 95900 ns, Total: 544400 ns
[2020-05-01T16:52:02.512+0000][1][safepoint    ] Safepoint "Cleanup", Time since last: 1000263200 ns, Reaching safepoint: 76900 ns, At safepoint: 44700 ns, Total: 121600 ns
[2020-05-01T16:52:03.512+0000][1][safepoint    ] Safepoint "Cleanup", Time since last: 1000139900 ns, Reaching safepoint: 66200 ns, At safepoint: 26400 ns, Total: 92600 ns
[2020-05-01T16:52:04.512+0000][1][safepoint    ] Safepoint "Cleanup", Time since last: 1000185400 ns, Reaching safepoint: 64600 ns, At safepoint: 44200 ns, Total: 108800 ns
[2020-05-01T16:52:05.513+0000][1][safepoint    ] Safepoint "Cleanup", Time since last: 1000165700 ns, Reaching safepoint: 65000 ns, At safepoint: 24000 ns, Total: 89000 ns
[2020-05-01T16:52:06.513+0000][1][safepoint    ] Safepoint "Cleanup", Time since last: 1000163300 ns, Reaching safepoint: 67900 ns, At safepoint: 28100 ns, Total: 96000 ns
[2020-05-01T16:52:07.513+0000][1][safepoint    ] Safepoint "Cleanup", Time since last: 1000137800 ns, Reaching safepoint: 72600 ns, At safepoint: 25600 ns, Total: 98200 ns
[2020-05-01T16:52:08.513+0000][1][safepoint    ] Safepoint "Cleanup", Time since last: 1000199900 ns, Reaching safepoint: 72400 ns, At safepoint: 25800 ns, Total: 98200 ns
[2020-05-01T16:52:09.514+0000][1][safepoint    ] Safepoint "Cleanup", Time since last: 1000177700 ns, Reaching safepoint: 58600 ns, At safepoint: 26000 ns, Total: 84600 ns
[2020-05-01T16:52:10.514+0000][1][safepoint    ] Safepoint "Cleanup", Time since last: 1000149900 ns, Reaching safepoint: 66100 ns, At safepoint: 26400 ns, Total: 92500 ns
[2020-05-01T16:52:11.514+0000][1][safepoint    ] Safepoint "Cleanup", Time since last: 1000212500 ns, Reaching safepoint: 277700 ns, At safepoint: 40600 ns, Total: 318300 ns
[2020-05-01T16:52:12.440+0000][1][safepoint    ] Safepoint "RevokeBias", Time since last: 924777400 ns, Reaching safepoint: 438600 ns, At safepoint: 61400 ns, Total: 500000 ns
[2020-05-01T16:52:12.440+0000][1][safepoint    ] Safepoint "RevokeBias", Time since last: 212000 ns, Reaching safepoint: 133300 ns, At safepoint: 59400 ns, Total: 192700 ns
[2020-05-01T16:52:12.441+0000][1][safepoint    ] Safepoint "RevokeBias", Time since last: 543600 ns, Reaching safepoint: 33900 ns, At safepoint: 43700 ns, Total: 77600 ns
[2020-05-01T16:52:12.443+0000][1][safepoint    ] Safepoint "RevokeBias", Time since last: 2507900 ns, Reaching safepoint: 186500 ns, At safepoint: 101000 ns, Total: 287500 ns
[2020-05-01T16:52:12.444+0000][1][safepoint    ] Safepoint "RevokeBias", Time since last: 206900 ns, Reaching safepoint: 33500 ns, At safepoint: 23800 ns, Total: 57300 ns
[2020-05-01T16:52:12.447+0000][1][safepoint    ] Safepoint "RevokeBias", Time since last: 2722300 ns, Reaching safepoint: 124200 ns, At safepoint: 77200 ns, Total: 201400 ns
[2020-05-01T16:52:12.454+0000][1][safepoint    ] Safepoint "RevokeBias", Time since last: 7261100 ns, Reaching safepoint: 72400 ns, At safepoint: 59500 ns, Total: 131900 ns
[2020-05-01T16:52:12.455+0000][1][safepoint    ] Safepoint "RevokeBias", Time since last: 220900 ns, Reaching safepoint: 186100 ns, At safepoint: 111300 ns, Total: 297400 ns
[2020-05-01T16:52:12.464+0000][1][safepoint    ] Safepoint "Deoptimize", Time since last: 9454700 ns, Reaching safepoint: 46600 ns, At safepoint: 422300 ns, Total: 468900 ns
[2020-05-01T16:52:12.466+0000][1][safepoint    ] Safepoint "RevokeBias", Time since last: 1583000 ns, Reaching safepoint: 41900 ns, At safepoint: 37800 ns, Total: 79700 ns
[2020-05-01T16:52:12.466+0000][1][safepoint    ] Safepoint "RevokeBias", Time since last: 158800 ns, Reaching safepoint: 34000 ns, At safepoint: 35200 ns, Total: 69200 ns
[2020-05-01T16:52:12.470+0000][1][safepoint    ] Safepoint "RevokeBias", Time since last: 3664400 ns, Reaching safepoint: 47800 ns, At safepoint: 59500 ns, Total: 107300 ns
[2020-05-01T16:52:12.470+0000][1][safepoint    ] Safepoint "RevokeBias", Time since last: 103100 ns, Reaching safepoint: 185800 ns, At safepoint: 70700 ns, Total: 256500 ns
[2020-05-01T16:52:12.478+0000][1][safepoint    ] Safepoint "RevokeBias", Time since last: 7626200 ns, Reaching safepoint: 58100 ns, At safepoint: 28400 ns, Total: 86500 ns
[2020-05-01T16:52:12.483+0000][1][safepoint    ] Safepoint "Deoptimize", Time since last: 4679400 ns, Reaching safepoint: 82700 ns, At safepoint: 463000 ns, Total: 545700 ns
[2020-05-01T16:52:12.491+0000][1][safepoint    ] Safepoint "RevokeBias", Time since last: 7627900 ns, Reaching safepoint: 254000 ns, At safepoint: 96400 ns, Total: 350400 ns
[2020-05-01T16:52:12.499+0000][1][safepoint    ] Safepoint "RevokeBias", Time since last: 7140100 ns, Reaching safepoint: 218400 ns, At safepoint: 95300 ns, Total: 313700 ns
[2020-05-01T16:52:12.500+0000][1][safepoint    ] Safepoint "RevokeBias", Time since last: 624100 ns, Reaching safepoint: 174700 ns, At safepoint: 96400 ns, Total: 271100 ns
[2020-05-01T16:52:12.502+0000][1][safepoint    ] Safepoint "RevokeBias", Time since last: 1761900 ns, Reaching safepoint: 365600 ns, At safepoint: 111300 ns, Total: 476900 ns
[2020-05-01T16:52:12.503+0000][1][safepoint    ] Safepoint "RevokeBias", Time since last: 589000 ns, Reaching safepoint: 170400 ns, At safepoint: 110300 ns, Total: 280700 ns
[2020-05-01T16:52:12.505+0000][1][safepoint    ] Safepoint "RevokeBias", Time since last: 1370100 ns, Reaching safepoint: 199500 ns, At safepoint: 147400 ns, Total: 346900 ns
[2020-05-01T16:52:12.505+0000][1][safepoint    ] Safepoint "RevokeBias", Time since last: 479400 ns, Reaching safepoint: 166700 ns, At safepoint: 113800 ns, Total: 280500 ns
[2020-05-01T16:52:12.506+0000][1][safepoint    ] Safepoint "RevokeBias", Time since last: 245000 ns, Reaching safepoint: 135300 ns, At safepoint: 110000 ns, Total: 245300 ns
[2020-05-01T16:52:12.507+0000][1][safepoint    ] Safepoint "RevokeBias", Time since last: 154500 ns, Reaching safepoint: 551400 ns, At safepoint: 123600 ns, Total: 675000 ns
[2020-05-01T16:52:12.507+0000][1][safepoint    ] Safepoint "RevokeBias", Time since last: 307900 ns, Reaching safepoint: 132200 ns, At safepoint: 122500 ns, Total: 254700 ns
[2020-05-01T16:52:12.509+0000][1][safepoint    ] Safepoint "RevokeBias", Time since last: 223400 ns, Reaching safepoint: 954800 ns, At safepoint: 130500 ns, Total: 1085300 ns
[2020-05-01T16:52:12.509+0000][1][safepoint    ] Safepoint "RevokeBias", Time since last: 202300 ns, Reaching safepoint: 53600 ns, At safepoint: 113300 ns, Total: 166900 ns
[2020-05-01T16:52:12.509+0000][1][safepoint    ] Safepoint "RevokeBias", Time since last: 194700 ns, Reaching safepoint: 196000 ns, At safepoint: 126000 ns, Total: 322000 ns
[2020-05-01T16:52:12.510+0000][1][safepoint    ] Safepoint "RevokeBias", Time since last: 284600 ns, Reaching safepoint: 182100 ns, At safepoint: 92900 ns, Total: 275000 ns
[2020-05-01T16:52:12.510+0000][1][safepoint    ] Safepoint "RevokeBias", Time since last: 130200 ns, Reaching safepoint: 113900 ns, At safepoint: 88000 ns, Total: 201900 ns
[2020-05-01T16:52:12.511+0000][1][safepoint    ] Safepoint "RevokeBias", Time since last: 151400 ns, Reaching safepoint: 31700 ns, At safepoint: 79100 ns, Total: 110800 ns
[2020-05-01T16:52:12.511+0000][1][safepoint    ] Safepoint "RevokeBias", Time since last: 140500 ns, Reaching safepoint: 31800 ns, At safepoint: 79000 ns, Total: 110800 ns
[2020-05-01T16:52:12.511+0000][1][safepoint    ] Safepoint "RevokeBias", Time since last: 93300 ns, Reaching safepoint: 146800 ns, At safepoint: 116000 ns, Total: 262800 ns
[2020-05-01T16:52:12.512+0000][1][safepoint    ] Safepoint "RevokeBias", Time since last: 272200 ns, Reaching safepoint: 63100 ns, At safepoint: 70800 ns, Total: 133900 ns
[2020-05-01T16:52:12.512+0000][1][safepoint    ] Safepoint "RevokeBias", Time since last: 199900 ns, Reaching safepoint: 164400 ns, At safepoint: 120700 ns, Total: 285100 ns
[2020-05-01T16:52:12.513+0000][1][safepoint    ] Safepoint "RevokeBias", Time since last: 206100 ns, Reaching safepoint: 185000 ns, At safepoint: 135200 ns, Total: 320200 ns
[2020-05-01T16:52:12.513+0000][1][safepoint    ] Safepoint "RevokeBias", Time since last: 394000 ns, Reaching safepoint: 199900 ns, At safepoint: 147800 ns, Total: 347700 ns
[2020-05-01T16:52:12.514+0000][1][safepoint    ] Safepoint "RevokeBias", Time since last: 453000 ns, Reaching safepoint: 228200 ns, At safepoint: 102100 ns, Total: 330300 ns
[2020-05-01T16:52:12.515+0000][1][safepoint    ] Safepoint "RevokeBias", Time since last: 208900 ns, Reaching safepoint: 221200 ns, At safepoint: 102000 ns, Total: 323200 ns
[2020-05-01T16:52:12.515+0000][1][safepoint    ] Safepoint "RevokeBias", Time since last: 226200 ns, Reaching safepoint: 262300 ns, At safepoint: 162300 ns, Total: 424600 ns
[2020-05-01T16:52:12.516+0000][1][safepoint    ] Safepoint "RevokeBias", Time since last: 370500 ns, Reaching safepoint: 162200 ns, At safepoint: 219600 ns, Total: 381800 ns
[2020-05-01T16:52:12.517+0000][1][safepoint    ] Safepoint "RevokeBias", Time since last: 361100 ns, Reaching safepoint: 361500 ns, At safepoint: 252800 ns, Total: 614300 ns
[2020-05-01T16:52:12.518+0000][1][safepoint    ] Safepoint "RevokeBias", Time since last: 924400 ns, Reaching safepoint: 222700 ns, At safepoint: 200100 ns, Total: 422800 ns
[2020-05-01T16:52:12.520+0000][1][safepoint    ] Safepoint "RevokeBias", Time since last: 817000 ns, Reaching safepoint: 263600 ns, At safepoint: 200500 ns, Total: 464100 ns
[2020-05-01T16:52:12.521+0000][1][safepoint    ] Safepoint "RevokeBias", Time since last: 501400 ns, Reaching safepoint: 298600 ns, At safepoint: 149800 ns, Total: 448400 ns
[2020-05-01T16:52:12.521+0000][1][safepoint    ] Safepoint "RevokeBias", Time since last: 206500 ns, Reaching safepoint: 246800 ns, At safepoint: 148600 ns, Total: 395400 ns
[2020-05-01T16:52:12.522+0000][1][safepoint    ] Safepoint "RevokeBias", Time since last: 249600 ns, Reaching safepoint: 204100 ns, At safepoint: 129800 ns, Total: 333900 ns
[2020-05-01T16:52:12.522+0000][1][safepoint    ] Safepoint "RevokeBias", Time since last: 199400 ns, Reaching safepoint: 242200 ns, At safepoint: 169200 ns, Total: 411400 ns
[2020-05-01T16:52:12.523+0000][1][safepoint    ] Safepoint "RevokeBias", Time since last: 269300 ns, Reaching safepoint: 186700 ns, At safepoint: 152000 ns, Total: 338700 ns
[2020-05-01T16:52:12.524+0000][1][safepoint    ] Safepoint "RevokeBias", Time since last: 219800 ns, Reaching safepoint: 199400 ns, At safepoint: 122500 ns, Total: 321900 ns
[2020-05-01T16:52:12.524+0000][1][safepoint    ] Safepoint "RevokeBias", Time since last: 215400 ns, Reaching safepoint: 202500 ns, At safepoint: 120900 ns, Total: 323400 ns
[2020-05-01T16:52:12.525+0000][1][safepoint    ] Safepoint "RevokeBias", Time since last: 530700 ns, Reaching safepoint: 148300 ns, At safepoint: 119400 ns, Total: 267700 ns
[2020-05-01T16:52:12.525+0000][1][safepoint    ] Safepoint "RevokeBias", Time since last: 127900 ns, Reaching safepoint: 148800 ns, At safepoint: 111100 ns, Total: 259900 ns
[2020-05-01T16:52:12.526+0000][1][safepoint    ] Safepoint "RevokeBias", Time since last: 256500 ns, Reaching safepoint: 145400 ns, At safepoint: 116800 ns, Total: 262200 ns
[2020-05-01T16:52:12.526+0000][1][safepoint    ] Safepoint "RevokeBias", Time since last: 198000 ns, Reaching safepoint: 214200 ns, At safepoint: 127000 ns, Total: 341200 ns
[2020-05-01T16:52:12.527+0000][1][safepoint    ] Safepoint "RevokeBias", Time since last: 159800 ns, Reaching safepoint: 200900 ns, At safepoint: 136600 ns, Total: 337500 ns
[2020-05-01T16:52:12.528+0000][1][safepoint    ] Safepoint "BulkRevokeBias", Time since last: 143800 ns, Reaching safepoint: 209900 ns, At safepoint: 1146000 ns, Total: 1355900 ns
[2020-05-01T16:52:12.529+0000][1][safepoint    ] Safepoint "RevokeBias", Time since last: 365200 ns, Reaching safepoint: 62800 ns, At safepoint: 94600 ns, Total: 157400 ns
[2020-05-01T16:52:12.529+0000][1][safepoint    ] Safepoint "RevokeBias", Time since last: 211200 ns, Reaching safepoint: 146800 ns, At safepoint: 69800 ns, Total: 216600 ns
[2020-05-01T16:52:12.531+0000][1][safepoint    ] Safepoint "RevokeBias", Time since last: 1652000 ns, Reaching safepoint: 179100 ns, At safepoint: 218300 ns, Total: 397400 ns
[2020-05-01T16:52:12.532+0000][1][safepoint    ] Safepoint "RevokeBias", Time since last: 247300 ns, Reaching safepoint: 136300 ns, At safepoint: 225100 ns, Total: 361400 ns
[2020-05-01T16:52:12.533+0000][1][safepoint    ] Safepoint "RevokeBias", Time since last: 386100 ns, Reaching safepoint: 141500 ns, At safepoint: 90300 ns, Total: 231800 ns
[2020-05-01T16:52:12.533+0000][1][safepoint    ] Safepoint "RevokeBias", Time since last: 199900 ns, Reaching safepoint: 201600 ns, At safepoint: 91800 ns, Total: 293400 ns
[2020-05-01T16:52:12.534+0000][1][safepoint    ] Safepoint "RevokeBias", Time since last: 162400 ns, Reaching safepoint: 668600 ns, At safepoint: 134800 ns, Total: 803400 ns
[2020-05-01T16:52:12.535+0000][1][safepoint    ] Safepoint "RevokeBias", Time since last: 891900 ns, Reaching safepoint: 292300 ns, At safepoint: 148700 ns, Total: 441000 ns
[2020-05-01T16:52:12.536+0000][1][safepoint    ] Safepoint "RevokeBias", Time since last: 225300 ns, Reaching safepoint: 257000 ns, At safepoint: 146700 ns, Total: 403700 ns
[2020-05-01T16:52:12.536+0000][1][safepoint    ] Safepoint "RevokeBias", Time since last: 225900 ns, Reaching safepoint: 53800 ns, At safepoint: 79700 ns, Total: 133500 ns
[2020-05-01T16:52:12.537+0000][1][safepoint    ] Safepoint "RevokeBias", Time since last: 195600 ns, Reaching safepoint: 182100 ns, At safepoint: 98300 ns, Total: 280400 ns
[2020-05-01T16:52:12.537+0000][1][safepoint    ] Safepoint "RevokeBias", Time since last: 151300 ns, Reaching safepoint: 128300 ns, At safepoint: 98200 ns, Total: 226500 ns
[2020-05-01T16:52:12.538+0000][1][safepoint    ] Safepoint "RevokeBias", Time since last: 143800 ns, Reaching safepoint: 120100 ns, At safepoint: 104200 ns, Total: 224300 ns
[2020-05-01T16:52:12.538+0000][1][safepoint    ] Safepoint "RevokeBias", Time since last: 144700 ns, Reaching safepoint: 168100 ns, At safepoint: 99100 ns, Total: 267200 ns
[2020-05-01T16:52:12.539+0000][1][safepoint    ] Safepoint "RevokeBias", Time since last: 489800 ns, Reaching safepoint: 381700 ns, At safepoint: 351900 ns, Total: 733600 ns
[2020-05-01T16:52:12.540+0000][1][safepoint    ] Safepoint "RevokeBias", Time since last: 538700 ns, Reaching safepoint: 307300 ns, At safepoint: 183800 ns, Total: 491100 ns
[2020-05-01T16:52:12.541+0000][1][safepoint    ] Safepoint "RevokeBias", Time since last: 151200 ns, Reaching safepoint: 173800 ns, At safepoint: 86500 ns, Total: 260300 ns
[2020-05-01T16:52:12.542+0000][1][safepoint    ] Safepoint "BulkRevokeBias", Time since last: 172600 ns, Reaching safepoint: 133800 ns, At safepoint: 879300 ns, Total: 1013100 ns
[2020-05-01T16:52:12.542+0000][1][safepoint    ] Safepoint "RevokeBias", Time since last: 341900 ns, Reaching safepoint: 162100 ns, At safepoint: 107700 ns, Total: 269800 ns
[2020-05-01T16:52:12.543+0000][1][safepoint    ] Safepoint "BulkRevokeBias", Time since last: 142100 ns, Reaching safepoint: 136200 ns, At safepoint: 394000 ns, Total: 530200 ns
[2020-05-01T16:52:12.544+0000][1][safepoint    ] Safepoint "RevokeBias", Time since last: 175400 ns, Reaching safepoint: 189000 ns, At safepoint: 215700 ns, Total: 404700 ns
[2020-05-01T16:52:12.544+0000][1][safepoint    ] Safepoint "RevokeBias", Time since last: 249600 ns, Reaching safepoint: 201500 ns, At safepoint: 134800 ns, Total: 336300 ns
[2020-05-01T16:52:12.545+0000][1][safepoint    ] Safepoint "RevokeBias", Time since last: 125400 ns, Reaching safepoint: 128500 ns, At safepoint: 138300 ns, Total: 266800 ns
[2020-05-01T16:52:12.546+0000][1][safepoint    ] Safepoint "RevokeBias", Time since last: 1236000 ns, Reaching safepoint: 172600 ns, At safepoint: 138000 ns, Total: 310600 ns
[2020-05-01T16:52:12.555+0000][1][safepoint    ] Safepoint "RevokeBias", Time since last: 8803000 ns, Reaching safepoint: 185700 ns, At safepoint: 116400 ns, Total: 302100 ns
[2020-05-01T16:52:12.557+0000][1][safepoint    ] Safepoint "RevokeBias", Time since last: 1155000 ns, Reaching safepoint: 202900 ns, At safepoint: 95500 ns, Total: 298400 ns
[2020-05-01T16:52:12.559+0000][1][safepoint    ] Safepoint "RevokeBias", Time since last: 1624800 ns, Reaching safepoint: 151100 ns, At safepoint: 110800 ns, Total: 261900 ns
[2020-05-01T16:52:12.562+0000][1][safepoint    ] Safepoint "RevokeBias", Time since last: 3425600 ns, Reaching safepoint: 73200 ns, At safepoint: 50500 ns, Total: 123700 ns
[2020-05-01T16:52:12.563+0000][1][safepoint    ] Safepoint "RevokeBias", Time since last: 217000 ns, Reaching safepoint: 220900 ns, At safepoint: 69600 ns, Total: 290500 ns
[2020-05-01T16:52:12.563+0000][1][safepoint    ] Safepoint "RevokeBias", Time since last: 225800 ns, Reaching safepoint: 206900 ns, At safepoint: 57300 ns, Total: 264200 ns
[2020-05-01T16:52:12.564+0000][1][safepoint    ] Safepoint "RevokeBias", Time since last: 126700 ns, Reaching safepoint: 642300 ns, At safepoint: 73600 ns, Total: 715900 ns
[2020-05-01T16:52:12.564+0000][1][safepoint    ] Safepoint "RevokeBias", Time since last: 108100 ns, Reaching safepoint: 164900 ns, At safepoint: 55500 ns, Total: 220400 ns
[2020-05-01T16:52:12.565+0000][1][safepoint    ] Safepoint "BulkRevokeBias", Time since last: 105900 ns, Reaching safepoint: 68200 ns, At safepoint: 916700 ns, Total: 984900 ns
[2020-05-01T16:52:12.579+0000][1][safepoint    ] Safepoint "RevokeBias", Time since last: 13622800 ns, Reaching safepoint: 87300 ns, At safepoint: 69700 ns, Total: 157000 ns
[2020-05-01T16:52:12.594+0000][1][safepoint    ] Safepoint "RevokeBias", Time since last: 14453200 ns, Reaching safepoint: 154800 ns, At safepoint: 78200 ns, Total: 233000 ns
[2020-05-01T16:52:12.604+0000][1][safepoint    ] Safepoint "RevokeBias", Time since last: 9853400 ns, Reaching safepoint: 159400 ns, At safepoint: 90600 ns, Total: 250000 ns
[2020-05-01T16:52:12.610+0000][1][safepoint    ] Safepoint "RevokeBias", Time since last: 5504600 ns, Reaching safepoint: 93400 ns, At safepoint: 88300 ns, Total: 181700 ns
[2020-05-01T16:52:12.617+0000][1][safepoint    ] Safepoint "RevokeBias", Time since last: 7197200 ns, Reaching safepoint: 93500 ns, At safepoint: 82900 ns, Total: 176400 ns
[2020-05-01T16:52:12.618+0000][1][safepoint    ] Safepoint "RevokeBias", Time since last: 477200 ns, Reaching safepoint: 201800 ns, At safepoint: 83800 ns, Total: 285600 ns
[2020-05-01T16:52:12.618+0000][1][safepoint    ] Safepoint "RevokeBias", Time since last: 158500 ns, Reaching safepoint: 186600 ns, At safepoint: 68600 ns, Total: 255200 ns
[2020-05-01T16:52:12.619+0000][1][safepoint    ] Safepoint "RevokeBias", Time since last: 185000 ns, Reaching safepoint: 220800 ns, At safepoint: 70900 ns, Total: 291700 ns
[2020-05-01T16:52:12.620+0000][1][safepoint    ] Safepoint "RevokeBias", Time since last: 1517300 ns, Reaching safepoint: 145300 ns, At safepoint: 77500 ns, Total: 222800 ns
[2020-05-01T16:52:13.621+0000][1][safepoint    ] Safepoint "Cleanup", Time since last: 1000195200 ns, Reaching safepoint: 77400 ns, At safepoint: 28600 ns, Total: 106000 ns
[2020-05-01T16:52:14.621+0000][1][safepoint    ] Safepoint "Cleanup", Time since last: 1000156500 ns, Reaching safepoint: 104800 ns, At safepoint: 26400 ns, Total: 131200 ns
[2020-05-01T16:52:15.614+0000][1][safepoint    ] Safepoint "RevokeBias", Time since last: 992391500 ns, Reaching safepoint: 66500 ns, At safepoint: 69000 ns, Total: 135500 ns
[2020-05-01T16:52:15.614+0000][1][safepoint    ] Safepoint "RevokeBias", Time since last: 172200 ns, Reaching safepoint: 143300 ns, At safepoint: 43500 ns, Total: 186800 ns
[2020-05-01T16:52:15.614+0000][1][safepoint    ] Safepoint "RevokeBias", Time since last: 82400 ns, Reaching safepoint: 134200 ns, At safepoint: 45700 ns, Total: 179900 ns
[2020-05-01T16:52:15.615+0000][1][safepoint    ] Safepoint "RevokeBias", Time since last: 212500 ns, Reaching safepoint: 123200 ns, At safepoint: 43900 ns, Total: 167100 ns
[2020-05-01T16:52:15.617+0000][1][safepoint    ] Safepoint "RevokeBias", Time since last: 2117600 ns, Reaching safepoint: 473100 ns, At safepoint: 106600 ns, Total: 579700 ns
[2020-05-01T16:52:15.618+0000][1][safepoint    ] Safepoint "RevokeBias", Time since last: 68900 ns, Reaching safepoint: 149800 ns, At safepoint: 162400 ns, Total: 312200 ns
[2020-05-01T16:52:15.618+0000][1][safepoint    ] Safepoint "RevokeBias", Time since last: 33600 ns, Reaching safepoint: 187000 ns, At safepoint: 127300 ns, Total: 314300 ns
[2020-05-01T16:52:15.619+0000][1][safepoint    ] Safepoint "RevokeBias", Time since last: 739000 ns, Reaching safepoint: 265500 ns, At safepoint: 148500 ns, Total: 414000 ns
[2020-05-01T16:52:15.620+0000][1][safepoint    ] Safepoint "RevokeBias", Time since last: 668700 ns, Reaching safepoint: 196400 ns, At safepoint: 113600 ns, Total: 310000 ns
[2020-05-01T16:52:15.621+0000][1][safepoint    ] Safepoint "BulkRevokeBias", Time since last: 43400 ns, Reaching safepoint: 371500 ns, At safepoint: 510900 ns, Total: 882400 ns
[2020-05-01T16:52:15.627+0000][1][safepoint    ] Safepoint "RevokeBias", Time since last: 5515200 ns, Reaching safepoint: 262900 ns, At safepoint: 258100 ns, Total: 521000 ns
[2020-05-01T16:52:15.628+0000][1][safepoint    ] Safepoint "RevokeBias", Time since last: 320000 ns, Reaching safepoint: 167700 ns, At safepoint: 114400 ns, Total: 282100 ns
[2020-05-01T16:52:15.631+0000][1][safepoint    ] Safepoint "RevokeBias", Time since last: 2914500 ns, Reaching safepoint: 276800 ns, At safepoint: 158500 ns, Total: 435300 ns
[2020-05-01T16:52:15.643+0000][1][safepoint    ] Safepoint "RevokeBias", Time since last: 11621900 ns, Reaching safepoint: 365700 ns, At safepoint: 213200 ns, Total: 578900 ns
[2020-05-01T16:52:15.646+0000][1][safepoint    ] Safepoint "RevokeBias", Time since last: 1972000 ns, Reaching safepoint: 180700 ns, At safepoint: 237300 ns, Total: 418000 ns
[2020-05-01T16:52:15.651+0000][1][safepoint    ] Safepoint "RevokeBias", Time since last: 4834400 ns, Reaching safepoint: 106500 ns, At safepoint: 121700 ns, Total: 228200 ns
[2020-05-01T16:52:15.674+0000][1][safepoint    ] Safepoint "RevokeBias", Time since last: 22710300 ns, Reaching safepoint: 109100 ns, At safepoint: 64300 ns, Total: 173400 ns
[2020-05-01T16:52:16.338+0000][1][safepoint    ] Safepoint "RevokeBias", Time since last: 663821300 ns, Reaching safepoint: 343500 ns, At safepoint: 160800 ns, Total: 504300 ns
[2020-05-01T16:52:16.349+0000][1][safepoint    ] Safepoint "RevokeBias", Time since last: 10346800 ns, Reaching safepoint: 439300 ns, At safepoint: 206700 ns, Total: 646000 ns
[2020-05-01T16:52:16.350+0000][1][safepoint    ] Safepoint "RevokeBias", Time since last: 395800 ns, Reaching safepoint: 235300 ns, At safepoint: 200000 ns, Total: 435300 ns
[2020-05-01T16:52:16.351+0000][1][safepoint    ] Safepoint "RevokeBias", Time since last: 443800 ns, Reaching safepoint: 219600 ns, At safepoint: 149500 ns, Total: 369100 ns
[2020-05-01T16:52:16.351+0000][1][safepoint    ] Safepoint "RevokeBias", Time since last: 217700 ns, Reaching safepoint: 193900 ns, At safepoint: 68600 ns, Total: 262500 ns
[2020-05-01T16:52:16.352+0000][1][safepoint    ] Safepoint "RevokeBias", Time since last: 491900 ns, Reaching safepoint: 192800 ns, At safepoint: 177200 ns, Total: 370000 ns
[2020-05-01T16:52:16.366+0000][1][safepoint    ] Safepoint "RevokeBias", Time since last: 14156100 ns, Reaching safepoint: 220300 ns, At safepoint: 91200 ns, Total: 311500 ns
[2020-05-01T16:52:16.369+0000][1][safepoint    ] Safepoint "RevokeBias", Time since last: 2324600 ns, Reaching safepoint: 98100 ns, At safepoint: 75100 ns, Total: 173200 ns
[2020-05-01T16:52:16.371+0000][1][safepoint    ] Safepoint "RevokeBias", Time since last: 1823400 ns, Reaching safepoint: 82800 ns, At safepoint: 53800 ns, Total: 136600 ns
[2020-05-01T16:52:16.371+0000][1][safepoint    ] Safepoint "RevokeBias", Time since last: 108400 ns, Reaching safepoint: 148200 ns, At safepoint: 45300 ns, Total: 193500 ns
[2020-05-01T16:52:16.378+0000][1][safepoint    ] Safepoint "RevokeBias", Time since last: 6742600 ns, Reaching safepoint: 119000 ns, At safepoint: 51400 ns, Total: 170400 ns
[2020-05-01T16:52:16.379+0000][1][safepoint    ] Safepoint "RevokeBias", Time since last: 1121800 ns, Reaching safepoint: 78100 ns, At safepoint: 57500 ns, Total: 135600 ns
[2020-05-01T16:52:17.380+0000][1][safepoint    ] Safepoint "Cleanup", Time since last: 1000536900 ns, Reaching safepoint: 285200 ns, At safepoint: 120300 ns, Total: 405500 ns
[2020-05-01T16:52:18.125+0000][1][safepoint    ] Safepoint "RevokeBias", Time since last: 744162200 ns, Reaching safepoint: 160600 ns, At safepoint: 141400 ns, Total: 302000 ns
[2020-05-01T16:52:19.126+0000][1][safepoint    ] Safepoint "Cleanup", Time since last: 1000713300 ns, Reaching safepoint: 249200 ns, At safepoint: 116500 ns, Total: 365700 ns
[2020-05-01T16:52:19.323+0000][1][safepoint    ] Safepoint "RevokeBias", Time since last: 196979500 ns, Reaching safepoint: 172400 ns, At safepoint: 42900 ns, Total: 215300 ns
[2020-05-01T16:52:19.324+0000][1][safepoint    ] Safepoint "RevokeBias", Time since last: 543000 ns, Reaching safepoint: 61600 ns, At safepoint: 61500 ns, Total: 123100 ns
[2020-05-01T16:52:19.330+0000][1][safepoint    ] Safepoint "RevokeBias", Time since last: 6334500 ns, Reaching safepoint: 78100 ns, At safepoint: 28700 ns, Total: 106800 ns
[2020-05-01T16:52:19.334+0000][1][safepoint    ] Safepoint "RevokeBias", Time since last: 4039400 ns, Reaching safepoint: 163200 ns, At safepoint: 58700 ns, Total: 221900 ns
[2020-05-01T16:52:19.335+0000][1][safepoint    ] Safepoint "RevokeBias", Time since last: 231600 ns, Reaching safepoint: 52400 ns, At safepoint: 56800 ns, Total: 109200 ns
[2020-05-01T16:52:19.335+0000][1][safepoint    ] Safepoint "RevokeBias", Time since last: 305000 ns, Reaching safepoint: 43300 ns, At safepoint: 29900 ns, Total: 73200 ns
[2020-05-01T16:52:19.336+0000][1][safepoint    ] Safepoint "RevokeBias", Time since last: 354800 ns, Reaching safepoint: 44300 ns, At safepoint: 47600 ns, Total: 91900 ns
[2020-05-01T16:52:19.336+0000][1][safepoint    ] Safepoint "RevokeBias", Time since last: 181100 ns, Reaching safepoint: 138900 ns, At safepoint: 42400 ns, Total: 181300 ns
[2020-05-01T16:52:19.336+0000][1][safepoint    ] Safepoint "RevokeBias", Time since last: 193800 ns, Reaching safepoint: 43400 ns, At safepoint: 44100 ns, Total: 87500 ns
[2020-05-01T16:52:19.337+0000][1][safepoint    ] Safepoint "RevokeBias", Time since last: 483200 ns, Reaching safepoint: 43900 ns, At safepoint: 56700 ns, Total: 100600 ns
[2020-05-01T16:52:19.338+0000][1][safepoint    ] Safepoint "RevokeBias", Time since last: 527000 ns, Reaching safepoint: 167700 ns, At safepoint: 59100 ns, Total: 226800 ns
[2020-05-01T16:52:19.338+0000][1][safepoint    ] Safepoint "RevokeBias", Time since last: 281400 ns, Reaching safepoint: 132300 ns, At safepoint: 42500 ns, Total: 174800 ns
[2020-05-01T16:52:19.339+0000][1][safepoint    ] Safepoint "RevokeBias", Time since last: 891900 ns, Reaching safepoint: 133900 ns, At safepoint: 54400 ns, Total: 188300 ns
[2020-05-01T16:52:19.340+0000][1][safepoint    ] Safepoint "RevokeBias", Time since last: 277800 ns, Reaching safepoint: 140700 ns, At safepoint: 63000 ns, Total: 203700 ns
[2020-05-01T16:52:19.340+0000][1][safepoint    ] Safepoint "RevokeBias", Time since last: 217300 ns, Reaching safepoint: 42300 ns, At safepoint: 43000 ns, Total: 85300 ns
[2020-05-01T16:52:19.340+0000][1][safepoint    ] Safepoint "RevokeBias", Time since last: 209200 ns, Reaching safepoint: 55600 ns, At safepoint: 43200 ns, Total: 98800 ns
[2020-05-01T16:52:19.341+0000][1][safepoint    ] Safepoint "RevokeBias", Time since last: 239300 ns, Reaching safepoint: 129300 ns, At safepoint: 66500 ns, Total: 195800 ns
[2020-05-01T16:52:19.341+0000][1][safepoint    ] Safepoint "RevokeBias", Time since last: 674000 ns, Reaching safepoint: 46000 ns, At safepoint: 49500 ns, Total: 95500 ns
[2020-05-01T16:52:19.342+0000][1][safepoint    ] Safepoint "RevokeBias", Time since last: 562100 ns, Reaching safepoint: 129000 ns, At safepoint: 43200 ns, Total: 172200 ns
[2020-05-01T16:52:19.342+0000][1][safepoint    ] Safepoint "RevokeBias", Time since last: 185400 ns, Reaching safepoint: 151700 ns, At safepoint: 54900 ns, Total: 206600 ns
[2020-05-01T16:52:19.343+0000][1][safepoint    ] Safepoint "RevokeBias", Time since last: 254400 ns, Reaching safepoint: 42400 ns, At safepoint: 43700 ns, Total: 86100 ns
[2020-05-01T16:52:19.343+0000][1][safepoint    ] Safepoint "RevokeBias", Time since last: 174900 ns, Reaching safepoint: 42100 ns, At safepoint: 43600 ns, Total: 85700 ns
[2020-05-01T16:52:19.343+0000][1][safepoint    ] Safepoint "RevokeBias", Time since last: 185900 ns, Reaching safepoint: 42200 ns, At safepoint: 49200 ns, Total: 91400 ns
[2020-05-01T16:52:19.344+0000][1][safepoint    ] Safepoint "RevokeBias", Time since last: 191300 ns, Reaching safepoint: 42100 ns, At safepoint: 46800 ns, Total: 88900 ns
[2020-05-01T16:52:19.344+0000][1][safepoint    ] Safepoint "RevokeBias", Time since last: 444000 ns, Reaching safepoint: 56900 ns, At safepoint: 43400 ns, Total: 100300 ns
[2020-05-01T16:52:19.345+0000][1][safepoint    ] Safepoint "RevokeBias", Time since last: 228100 ns, Reaching safepoint: 129800 ns, At safepoint: 54300 ns, Total: 184100 ns
[2020-05-01T16:52:19.345+0000][1][safepoint    ] Safepoint "RevokeBias", Time since last: 194100 ns, Reaching safepoint: 42400 ns, At safepoint: 29800 ns, Total: 72200 ns
[2020-05-01T16:52:19.345+0000][1][safepoint    ] Safepoint "RevokeBias", Time since last: 176100 ns, Reaching safepoint: 42200 ns, At safepoint: 33000 ns, Total: 75200 ns
[2020-05-01T16:52:19.345+0000][1][safepoint    ] Safepoint "RevokeBias", Time since last: 257600 ns, Reaching safepoint: 42500 ns, At safepoint: 30400 ns, Total: 72900 ns
[2020-05-01T16:52:19.346+0000][1][safepoint    ] Safepoint "RevokeBias", Time since last: 159400 ns, Reaching safepoint: 42100 ns, At safepoint: 29600 ns, Total: 71700 ns
[2020-05-01T16:52:19.346+0000][1][safepoint    ] Safepoint "RevokeBias", Time since last: 225700 ns, Reaching safepoint: 42600 ns, At safepoint: 44200 ns, Total: 86800 ns
[2020-05-01T16:52:19.346+0000][1][safepoint    ] Safepoint "RevokeBias", Time since last: 356800 ns, Reaching safepoint: 98600 ns, At safepoint: 37000 ns, Total: 135600 ns
[2020-05-01T16:52:19.347+0000][1][safepoint    ] Safepoint "RevokeBias", Time since last: 163200 ns, Reaching safepoint: 61800 ns, At safepoint: 56500 ns, Total: 118300 ns
[2020-05-01T16:52:19.348+0000][1][safepoint    ] Safepoint "BulkRevokeBias", Time since last: 934400 ns, Reaching safepoint: 53700 ns, At safepoint: 458800 ns, Total: 512500 ns
[2020-05-01T16:52:19.351+0000][1][safepoint    ] Safepoint "RevokeBias", Time since last: 2845200 ns, Reaching safepoint: 157200 ns, At safepoint: 43200 ns, Total: 200400 ns
[2020-05-01T16:52:19.369+0000][1][safepoint    ] Safepoint "RevokeBias", Time since last: 17525000 ns, Reaching safepoint: 88700 ns, At safepoint: 50400 ns, Total: 139100 ns
[2020-05-01T16:52:19.369+0000][1][safepoint    ] Safepoint "RevokeBias", Time since last: 176700 ns, Reaching safepoint: 50300 ns, At safepoint: 45200 ns, Total: 95500 ns
[2020-05-01T16:52:19.377+0000][1][safepoint    ] Safepoint "RevokeBias", Time since last: 7644100 ns, Reaching safepoint: 82300 ns, At safepoint: 71100 ns, Total: 153400 ns
[2020-05-01T16:52:20.378+0000][1][safepoint    ] Safepoint "Cleanup", Time since last: 1000604300 ns, Reaching safepoint: 256000 ns, At safepoint: 117200 ns, Total: 373200 ns
[2020-05-01T16:52:20.622+0000][1][safepoint    ] Safepoint "RevokeBias", Time since last: 244333800 ns, Reaching safepoint: 119100 ns, At safepoint: 80300 ns, Total: 199400 ns
[2020-05-01T16:52:21.623+0000][1][safepoint    ] Safepoint "Cleanup", Time since last: 1000259600 ns, Reaching safepoint: 171700 ns, At safepoint: 54000 ns, Total: 225700 ns
[2020-05-01T16:52:22.331+0000][1][safepoint    ] Safepoint "RevokeBias", Time since last: 707810700 ns, Reaching safepoint: 106300 ns, At safepoint: 34900 ns, Total: 141200 ns
[2020-05-01T16:52:23.123+0000][1][safepoint    ] Safepoint "RevokeBias", Time since last: 791837100 ns, Reaching safepoint: 168200 ns, At safepoint: 83000 ns, Total: 251200 ns
[2020-05-01T16:52:23.438+0000][1][safepoint    ] Safepoint "RevokeBias", Time since last: 314076300 ns, Reaching safepoint: 314900 ns, At safepoint: 224900 ns, Total: 539800 ns
[2020-05-01T16:52:24.439+0000][1][safepoint    ] Safepoint "Cleanup", Time since last: 1000881300 ns, Reaching safepoint: 312300 ns, At safepoint: 130900 ns, Total: 443200 ns
[2020-05-01T16:52:24.562+0000][1][safepoint    ] Safepoint "RevokeBias", Time since last: 122835200 ns, Reaching safepoint: 494900 ns, At safepoint: 173400 ns, Total: 668300 ns
[2020-05-01T16:52:24.567+0000][1][safepoint    ] Safepoint "RevokeBias", Time since last: 3969600 ns, Reaching safepoint: 452800 ns, At safepoint: 274900 ns, Total: 727700 ns
[2020-05-01T16:52:24.668+0000][1][safepoint    ] Safepoint "RevokeBias", Time since last: 100078300 ns, Reaching safepoint: 252500 ns, At safepoint: 116800 ns, Total: 369300 ns
[2020-05-01T16:52:24.668+0000][1][safepoint    ] Safepoint "RevokeBias", Time since last: 62000 ns, Reaching safepoint: 84100 ns, At safepoint: 99500 ns, Total: 183600 ns
[2020-05-01T16:52:24.668+0000][1][safepoint    ] Safepoint "RevokeBias", Time since last: 55800 ns, Reaching safepoint: 106200 ns, At safepoint: 81200 ns, Total: 187400 ns
[2020-05-01T16:52:24.669+0000][1][safepoint    ] Safepoint "RevokeBias", Time since last: 264300 ns, Reaching safepoint: 135100 ns, At safepoint: 62300 ns, Total: 197400 ns
[2020-05-01T16:52:24.685+0000][1][safepoint    ] Safepoint "RevokeBias", Time since last: 16175000 ns, Reaching safepoint: 113800 ns, At safepoint: 90200 ns, Total: 204000 ns
[2020-05-01T16:52:24.685+0000][1][safepoint    ] Safepoint "RevokeBias", Time since last: 44500 ns, Reaching safepoint: 122000 ns, At safepoint: 77300 ns, Total: 199300 ns
[2020-05-01T16:52:25.161+0000][1][safepoint    ] Safepoint "RevokeBias", Time since last: 475761900 ns, Reaching safepoint: 113800 ns, At safepoint: 80500 ns, Total: 194300 ns
[2020-05-01T16:52:25.162+0000][1][safepoint    ] Safepoint "RevokeBias", Time since last: 566000 ns, Reaching safepoint: 225400 ns, At safepoint: 103700 ns, Total: 329100 ns
[2020-05-01T16:52:25.162+0000][1][safepoint    ] Safepoint "RevokeBias", Time since last: 240900 ns, Reaching safepoint: 96000 ns, At safepoint: 65600 ns, Total: 161600 ns
[2020-05-01T16:52:25.165+0000][1][safepoint    ] Safepoint "RevokeBias", Time since last: 2352900 ns, Reaching safepoint: 76400 ns, At safepoint: 59200 ns, Total: 135600 ns
[2020-05-01T16:52:25.165+0000][1][safepoint    ] Safepoint "RevokeBias", Time since last: 135100 ns, Reaching safepoint: 66800 ns, At safepoint: 64500 ns, Total: 131300 ns
[2020-05-01T16:52:25.166+0000][1][safepoint    ] Safepoint "RevokeBias", Time since last: 653700 ns, Reaching safepoint: 82300 ns, At safepoint: 68900 ns, Total: 151200 ns
[2020-05-01T16:52:25.167+0000][1][safepoint    ] Safepoint "RevokeBias", Time since last: 742400 ns, Reaching safepoint: 73600 ns, At safepoint: 42900 ns, Total: 116500 ns
[2020-05-01T16:52:25.168+0000][1][safepoint    ] Safepoint "RevokeBias", Time since last: 866000 ns, Reaching safepoint: 89600 ns, At safepoint: 58800 ns, Total: 148400 ns
[2020-05-01T16:52:25.194+0000][1][safepoint    ] Safepoint "Deoptimize", Time since last: 25185400 ns, Reaching safepoint: 160500 ns, At safepoint: 642200 ns, Total: 802700 ns
[2020-05-01T16:52:25.198+0000][1][safepoint    ] Safepoint "RevokeBias", Time since last: 4024800 ns, Reaching safepoint: 105400 ns, At safepoint: 56100 ns, Total: 161500 ns
[2020-05-01T16:52:25.203+0000][1][safepoint    ] Safepoint "RevokeBias", Time since last: 5231200 ns, Reaching safepoint: 103600 ns, At safepoint: 38700 ns, Total: 142300 ns
[2020-05-01T16:52:25.206+0000][1][safepoint    ] Safepoint "RevokeBias", Time since last: 2504500 ns, Reaching safepoint: 86700 ns, At safepoint: 54500 ns, Total: 141200 ns
[2020-05-01T16:52:25.206+0000][1][safepoint    ] Safepoint "RevokeBias", Time since last: 164300 ns, Reaching safepoint: 64600 ns, At safepoint: 45000 ns, Total: 109600 ns
[2020-05-01T16:52:25.207+0000][1][safepoint    ] Safepoint "RevokeBias", Time since last: 579600 ns, Reaching safepoint: 147600 ns, At safepoint: 61000 ns, Total: 208600 ns
[2020-05-01T16:52:25.214+0000][1][safepoint    ] Safepoint "RevokeBias", Time since last: 7045900 ns, Reaching safepoint: 97800 ns, At safepoint: 58000 ns, Total: 155800 ns
[2020-05-01T16:52:25.221+0000][1][safepoint    ] Safepoint "RevokeBias", Time since last: 6667400 ns, Reaching safepoint: 211300 ns, At safepoint: 51100 ns, Total: 262400 ns
[2020-05-01T16:52:25.224+0000][1][safepoint    ] Safepoint "RevokeBias", Time since last: 2579800 ns, Reaching safepoint: 93600 ns, At safepoint: 53000 ns, Total: 146600 ns
[2020-05-01T16:52:25.225+0000][1][safepoint    ] Safepoint "RevokeBias", Time since last: 597700 ns, Reaching safepoint: 228800 ns, At safepoint: 50600 ns, Total: 279400 ns
[2020-05-01T16:52:25.227+0000][1][safepoint    ] Safepoint "RevokeBias", Time since last: 2001600 ns, Reaching safepoint: 87900 ns, At safepoint: 36300 ns, Total: 124200 ns
[2020-05-01T16:52:25.228+0000][1][safepoint    ] Safepoint "BulkRevokeBias", Time since last: 568400 ns, Reaching safepoint: 78500 ns, At safepoint: 609300 ns, Total: 687800 ns
[2020-05-01T16:52:25.239+0000][1][safepoint    ] Safepoint "RevokeBias", Time since last: 10220500 ns, Reaching safepoint: 109600 ns, At safepoint: 64200 ns, Total: 173800 ns
[2020-05-01T16:52:25.239+0000][1][safepoint    ] Safepoint "RevokeBias", Time since last: 368400 ns, Reaching safepoint: 76000 ns, At safepoint: 44700 ns, Total: 120700 ns
[2020-05-01T16:52:25.239+0000][1][safepoint    ] Safepoint "RevokeBias", Time since last: 133800 ns, Reaching safepoint: 55600 ns, At safepoint: 29800 ns, Total: 85400 ns
[2020-05-01T16:52:25.240+0000][1][safepoint    ] Safepoint "RevokeBias", Time since last: 294300 ns, Reaching safepoint: 147200 ns, At safepoint: 43200 ns, Total: 190400 ns
[2020-05-01T16:52:25.241+0000][1][safepoint    ] Safepoint "RevokeBias", Time since last: 1017700 ns, Reaching safepoint: 57500 ns, At safepoint: 30000 ns, Total: 87500 ns
[2020-05-01T16:52:25.241+0000][1][safepoint    ] Safepoint "RevokeBias", Time since last: 249300 ns, Reaching safepoint: 57300 ns, At safepoint: 44100 ns, Total: 101400 ns
[2020-05-01T16:52:25.242+0000][1][safepoint    ] Safepoint "RevokeBias", Time since last: 134100 ns, Reaching safepoint: 70100 ns, At safepoint: 28700 ns, Total: 98800 ns
[2020-05-01T16:52:25.243+0000][1][safepoint    ] Safepoint "RevokeBias", Time since last: 807100 ns, Reaching safepoint: 142900 ns, At safepoint: 58600 ns, Total: 201500 ns
[2020-05-01T16:52:25.243+0000][1][safepoint    ] Safepoint "RevokeBias", Time since last: 728400 ns, Reaching safepoint: 57200 ns, At safepoint: 28700 ns, Total: 85900 ns
[2020-05-01T16:52:25.577+0000][1][safepoint    ] Safepoint "RevokeBias", Time since last: 333192200 ns, Reaching safepoint: 355400 ns, At safepoint: 158000 ns, Total: 513400 ns
[2020-05-01T16:52:25.578+0000][1][safepoint    ] Safepoint "RevokeBias", Time since last: 636400 ns, Reaching safepoint: 267700 ns, At safepoint: 146400 ns, Total: 414100 ns
[2020-05-01T16:52:25.580+0000][1][safepoint    ] Safepoint "RevokeBias", Time since last: 1404400 ns, Reaching safepoint: 259900 ns, At safepoint: 145100 ns, Total: 405000 ns
[2020-05-01T16:52:25.586+0000][1][safepoint    ] Safepoint "RevokeBias", Time since last: 6413500 ns, Reaching safepoint: 101900 ns, At safepoint: 40400 ns, Total: 142300 ns
[2020-05-01T16:52:25.587+0000][1][safepoint    ] Safepoint "RevokeBias", Time since last: 295800 ns, Reaching safepoint: 78000 ns, At safepoint: 32400 ns, Total: 110400 ns
[2020-05-01T16:52:25.587+0000][1][safepoint    ] Safepoint "RevokeBias", Time since last: 215800 ns, Reaching safepoint: 61600 ns, At safepoint: 33100 ns, Total: 94700 ns
[2020-05-01T16:52:25.587+0000][1][safepoint    ] Safepoint "RevokeBias", Time since last: 202400 ns, Reaching safepoint: 57200 ns, At safepoint: 31900 ns, Total: 89100 ns
[2020-05-01T16:52:25.591+0000][1][safepoint    ] Safepoint "RevokeBias", Time since last: 3678800 ns, Reaching safepoint: 125100 ns, At safepoint: 31600 ns, Total: 156700 ns
[2020-05-01T16:52:25.592+0000][1][safepoint    ] Safepoint "RevokeBias", Time since last: 231000 ns, Reaching safepoint: 235500 ns, At safepoint: 66800 ns, Total: 302300 ns
[2020-05-01T16:52:25.592+0000][1][safepoint    ] Safepoint "RevokeBias", Time since last: 290700 ns, Reaching safepoint: 54800 ns, At safepoint: 56100 ns, Total: 110900 ns
[2020-05-01T16:52:25.594+0000][1][safepoint    ] Safepoint "RevokeBias", Time since last: 2137200 ns, Reaching safepoint: 78300 ns, At safepoint: 44700 ns, Total: 123000 ns
[2020-05-01T16:52:25.595+0000][1][safepoint    ] Safepoint "RevokeBias", Time since last: 578100 ns, Reaching safepoint: 154400 ns, At safepoint: 55500 ns, Total: 209900 ns
[2020-05-01T16:52:25.597+0000][1][safepoint    ] Safepoint "RevokeBias", Time since last: 1530200 ns, Reaching safepoint: 153000 ns, At safepoint: 55300 ns, Total: 208300 ns
[2020-05-01T16:52:25.597+0000][1][safepoint    ] Safepoint "RevokeBias", Time since last: 257700 ns, Reaching safepoint: 55000 ns, At safepoint: 44000 ns, Total: 99000 ns
[2020-05-01T16:52:25.598+0000][1][safepoint    ] Safepoint "RevokeBias", Time since last: 179600 ns, Reaching safepoint: 53400 ns, At safepoint: 30400 ns, Total: 83800 ns
[2020-05-01T16:52:25.598+0000][1][safepoint    ] Safepoint "RevokeBias", Time since last: 679800 ns, Reaching safepoint: 55500 ns, At safepoint: 48300 ns, Total: 103800 ns
[2020-05-01T16:52:25.599+0000][1][safepoint    ] Safepoint "RevokeBias", Time since last: 315600 ns, Reaching safepoint: 54000 ns, At safepoint: 30200 ns, Total: 84200 ns
[2020-05-01T16:52:25.601+0000][1][safepoint    ] Safepoint "RevokeBias", Time since last: 1715800 ns, Reaching safepoint: 62200 ns, At safepoint: 31800 ns, Total: 94000 ns
[2020-05-01T16:52:25.605+0000][1][safepoint    ] Safepoint "RevokeBias", Time since last: 4065400 ns, Reaching safepoint: 100100 ns, At safepoint: 48200 ns, Total: 148300 ns
[2020-05-01T16:52:25.605+0000][1][safepoint    ] Safepoint "RevokeBias", Time since last: 213900 ns, Reaching safepoint: 78000 ns, At safepoint: 28700 ns, Total: 106700 ns
[2020-05-01T16:52:25.605+0000][1][safepoint    ] Safepoint "RevokeBias", Time since last: 160100 ns, Reaching safepoint: 54700 ns, At safepoint: 26900 ns, Total: 81600 ns
[2020-05-01T16:52:25.606+0000][1][safepoint    ] Safepoint "RevokeBias", Time since last: 157200 ns, Reaching safepoint: 54600 ns, At safepoint: 26700 ns, Total: 81300 ns
[2020-05-01T16:52:25.606+0000][1][safepoint    ] Safepoint "RevokeBias", Time since last: 147900 ns, Reaching safepoint: 54400 ns, At safepoint: 26700 ns, Total: 81100 ns
[2020-05-01T16:52:25.606+0000][1][safepoint    ] Safepoint "RevokeBias", Time since last: 259800 ns, Reaching safepoint: 89300 ns, At safepoint: 29900 ns, Total: 119200 ns
[2020-05-01T16:52:25.606+0000][1][safepoint    ] Safepoint "RevokeBias", Time since last: 155200 ns, Reaching safepoint: 55100 ns, At safepoint: 26700 ns, Total: 81800 ns
[2020-05-01T16:52:25.607+0000][1][safepoint    ] Safepoint "RevokeBias", Time since last: 153800 ns, Reaching safepoint: 54400 ns, At safepoint: 26600 ns, Total: 81000 ns
[2020-05-01T16:52:25.607+0000][1][safepoint    ] Safepoint "RevokeBias", Time since last: 265100 ns, Reaching safepoint: 107900 ns, At safepoint: 49700 ns, Total: 157600 ns
[2020-05-01T16:52:25.620+0000][1][safepoint    ] Safepoint "RevokeBias", Time since last: 12557500 ns, Reaching safepoint: 209400 ns, At safepoint: 94600 ns, Total: 304000 ns
[2020-05-01T16:52:25.621+0000][1][safepoint    ] Safepoint "BulkRevokeBias", Time since last: 182200 ns, Reaching safepoint: 184700 ns, At safepoint: 424100 ns, Total: 608800 ns
[2020-05-01T16:52:25.639+0000][1][safepoint    ] Safepoint "RevokeBias", Time since last: 18486600 ns, Reaching safepoint: 129200 ns, At safepoint: 80400 ns, Total: 209600 ns
[2020-05-01T16:52:25.641+0000][1][safepoint    ] Safepoint "RevokeBias", Time since last: 1370900 ns, Reaching safepoint: 101100 ns, At safepoint: 42500 ns, Total: 143600 ns
[2020-05-01T16:52:25.645+0000][1][safepoint    ] Safepoint "RevokeBias", Time since last: 3466100 ns, Reaching safepoint: 119300 ns, At safepoint: 50600 ns, Total: 169900 ns
[2020-05-01T16:52:25.652+0000][1][safepoint    ] Safepoint "RevokeBias", Time since last: 7220000 ns, Reaching safepoint: 108800 ns, At safepoint: 50900 ns, Total: 159700 ns
[2020-05-01T16:52:25.669+0000][1][safepoint    ] Safepoint "RevokeBias", Time since last: 17037500 ns, Reaching safepoint: 151500 ns, At safepoint: 51600 ns, Total: 203100 ns
[2020-05-01T16:52:25.691+0000][1][safepoint    ] Safepoint "RevokeBias", Time since last: 21179700 ns, Reaching safepoint: 119900 ns, At safepoint: 58500 ns, Total: 178400 ns
[2020-05-01T16:52:25.696+0000][1][safepoint    ] Safepoint "RevokeBias", Time since last: 5613600 ns, Reaching safepoint: 124300 ns, At safepoint: 41300 ns, Total: 165600 ns
[2020-05-01T16:52:25.697+0000][1][safepoint    ] Safepoint "RevokeBias", Time since last: 172800 ns, Reaching safepoint: 84100 ns, At safepoint: 28400 ns, Total: 112500 ns
[2020-05-01T16:52:26.697+0000][1][safepoint    ] Safepoint "Cleanup", Time since last: 1000150600 ns, Reaching safepoint: 134000 ns, At safepoint: 35100 ns, Total: 169100 ns
[2020-05-01T16:52:27.697+0000][1][safepoint    ] Safepoint "Cleanup", Time since last: 1000176700 ns, Reaching safepoint: 218400 ns, At safepoint: 28300 ns, Total: 246700 ns
[2020-05-01T16:52:28.698+0000][1][safepoint    ] Safepoint "Cleanup", Time since last: 1000126800 ns, Reaching safepoint: 204400 ns, At safepoint: 33700 ns, Total: 238100 ns
[2020-05-01T16:52:29.698+0000][1][safepoint    ] Safepoint "Cleanup", Time since last: 1000188400 ns, Reaching safepoint: 136900 ns, At safepoint: 35000 ns, Total: 171900 ns
[2020-05-01T16:52:30.698+0000][1][safepoint    ] Safepoint "Cleanup", Time since last: 1000155000 ns, Reaching safepoint: 127000 ns, At safepoint: 49100 ns, Total: 176100 ns
[2020-05-01T16:52:31.699+0000][1][safepoint    ] Safepoint "Cleanup", Time since last: 1000124100 ns, Reaching safepoint: 242200 ns, At safepoint: 26400 ns, Total: 268600 ns
[2020-05-01T16:52:32.631+0000][1][gc,start     ] GC(17) Pause Young (Allocation Failure)
[2020-05-01T16:52:32.631+0000][1][gc,task      ] GC(17) Using 10 workers of 10 for evacuation
[2020-05-01T16:52:32.647+0000][1][gc,age       ] GC(17) Desired survivor size 8945664 bytes, new threshold 2 (max threshold 6)
[2020-05-01T16:52:32.647+0000][1][gc,age       ] GC(17) Age table with threshold 2 (max threshold 6)
[2020-05-01T16:52:32.647+0000][1][gc,age       ] GC(17) - age   1:    4210144 bytes,    4210144 total
[2020-05-01T16:52:32.647+0000][1][gc,age       ] GC(17) - age   2:    7439288 bytes,   11649432 total
[2020-05-01T16:52:32.647+0000][1][gc,heap      ] GC(17) ParNew: 157248K->17472K(157248K)
[2020-05-01T16:52:32.647+0000][1][gc,heap      ] GC(17) CMS: 61134K->69226K(349568K)
[2020-05-01T16:52:32.647+0000][1][gc,metaspace ] GC(17) Metaspace: 90496K->90496K(1132544K)
[2020-05-01T16:52:32.647+0000][1][gc           ] GC(17) Pause Young (Allocation Failure) 213M->84M(494M) 16.754ms
[2020-05-01T16:52:32.647+0000][1][gc,cpu       ] GC(17) User=0.13s Sys=0.01s Real=0.02s
[2020-05-01T16:52:32.648+0000][1][safepoint    ] Safepoint "GenCollectForAllocation", Time since last: 931600700 ns, Reaching safepoint: 185000 ns, At safepoint: 16878000 ns, Total: 17063000 ns
[2020-05-01T16:52:33.648+0000][1][safepoint    ] Safepoint "Cleanup", Time since last: 1000336800 ns, Reaching safepoint: 145000 ns, At safepoint: 29500 ns, Total: 174500 ns
[2020-05-01T16:52:34.649+0000][1][safepoint    ] Safepoint "Cleanup", Time since last: 1000591800 ns, Reaching safepoint: 405600 ns, At safepoint: 133300 ns, Total: 538900 ns
[2020-05-01T16:52:35.159+0000][1][safepoint    ] Safepoint "RevokeBias", Time since last: 509855600 ns, Reaching safepoint: 143300 ns, At safepoint: 53800 ns, Total: 197100 ns
[2020-05-01T16:52:36.160+0000][1][safepoint    ] Safepoint "Cleanup", Time since last: 1000161500 ns, Reaching safepoint: 124700 ns, At safepoint: 28200 ns, Total: 152900 ns
[2020-05-01T16:52:37.160+0000][1][safepoint    ] Safepoint "Cleanup", Time since last: 1000167800 ns, Reaching safepoint: 165000 ns, At safepoint: 62700 ns, Total: 227700 ns
[2020-05-01T16:52:38.160+0000][1][safepoint    ] Safepoint "Cleanup", Time since last: 1000215700 ns, Reaching safepoint: 154200 ns, At safepoint: 47800 ns, Total: 202000 ns
[2020-05-01T16:52:39.161+0000][1][safepoint    ] Safepoint "Cleanup", Time since last: 1000261100 ns, Reaching safepoint: 120900 ns, At safepoint: 29000 ns, Total: 149900 ns
[2020-05-01T16:52:40.161+0000][1][safepoint    ] Safepoint "Cleanup", Time since last: 1000268500 ns, Reaching safepoint: 306200 ns, At safepoint: 92100 ns, Total: 398300 ns
[2020-05-01T16:52:41.163+0000][1][safepoint    ] Safepoint "Cleanup", Time since last: 1000331300 ns, Reaching safepoint: 537600 ns, At safepoint: 204900 ns, Total: 742500 ns
[2020-05-01T16:52:42.163+0000][1][safepoint    ] Safepoint "Cleanup", Time since last: 1000393200 ns, Reaching safepoint: 154800 ns, At safepoint: 30600 ns, Total: 185400 ns
[2020-05-01T16:52:43.164+0000][1][safepoint    ] Safepoint "Cleanup", Time since last: 1000389900 ns, Reaching safepoint: 137800 ns, At safepoint: 48500 ns, Total: 186300 ns
[2020-05-01T16:52:44.164+0000][1][safepoint    ] Safepoint "Cleanup", Time since last: 1000232500 ns, Reaching safepoint: 146500 ns, At safepoint: 46300 ns, Total: 192800 ns
[2020-05-01T16:52:45.161+0000][1][safepoint    ] Safepoint "RevokeBias", Time since last: 996508600 ns, Reaching safepoint: 197800 ns, At safepoint: 57600 ns, Total: 255400 ns
[2020-05-01T16:52:46.162+0000][1][safepoint    ] Safepoint "Cleanup", Time since last: 1000356200 ns, Reaching safepoint: 294700 ns, At safepoint: 82100 ns, Total: 376800 ns
[2020-05-01T16:52:47.162+0000][1][safepoint    ] Safepoint "Cleanup", Time since last: 1000261700 ns, Reaching safepoint: 160000 ns, At safepoint: 39700 ns, Total: 199700 ns
[2020-05-01T16:52:48.163+0000][1][safepoint    ] Safepoint "Cleanup", Time since last: 1000524700 ns, Reaching safepoint: 152800 ns, At safepoint: 35100 ns, Total: 187900 ns
[2020-05-01T16:52:49.164+0000][1][safepoint    ] Safepoint "Cleanup", Time since last: 1000322200 ns, Reaching safepoint: 466100 ns, At safepoint: 131200 ns, Total: 597300 ns
[2020-05-01T16:52:50.164+0000][1][safepoint    ] Safepoint "Cleanup", Time since last: 1000276900 ns, Reaching safepoint: 295700 ns, At safepoint: 70200 ns, Total: 365900 ns
[2020-05-01T16:52:51.165+0000][1][safepoint    ] Safepoint "Cleanup", Time since last: 1000581000 ns, Reaching safepoint: 132600 ns, At safepoint: 37000 ns, Total: 169600 ns
[2020-05-01T16:52:52.165+0000][1][safepoint    ] Safepoint "Cleanup", Time since last: 1000170500 ns, Reaching safepoint: 127300 ns, At safepoint: 29500 ns, Total: 156800 ns
[2020-05-01T16:52:53.166+0000][1][safepoint    ] Safepoint "Cleanup", Time since last: 1000216800 ns, Reaching safepoint: 153600 ns, At safepoint: 32200 ns, Total: 185800 ns
[2020-05-01T16:52:53.458+0000][1][safepoint    ] Safepoint "RevokeBias", Time since last: 292073900 ns, Reaching safepoint: 166300 ns, At safepoint: 55400 ns, Total: 221700 ns
[2020-05-01T16:52:53.459+0000][1][safepoint    ] Safepoint "RevokeBias", Time since last: 245300 ns, Reaching safepoint: 110100 ns, At safepoint: 47700 ns, Total: 157800 ns
[2020-05-01T16:52:54.459+0000][1][safepoint    ] Safepoint "Cleanup", Time since last: 1000204400 ns, Reaching safepoint: 255200 ns, At safepoint: 64000 ns, Total: 319200 ns
[2020-05-01T16:52:55.459+0000][1][safepoint    ] Safepoint "Cleanup", Time since last: 1000207800 ns, Reaching safepoint: 168900 ns, At safepoint: 38700 ns, Total: 207600 ns
[2020-05-01T16:52:56.460+0000][1][safepoint    ] Safepoint "Cleanup", Time since last: 1000200200 ns, Reaching safepoint: 276500 ns, At safepoint: 38500 ns, Total: 315000 ns
[2020-05-01T16:52:57.461+0000][1][safepoint    ] Safepoint "Cleanup", Time since last: 1000528900 ns, Reaching safepoint: 188000 ns, At safepoint: 57200 ns, Total: 245200 ns
[2020-05-01T16:52:58.461+0000][1][safepoint    ] Safepoint "Cleanup", Time since last: 1000258900 ns, Reaching safepoint: 334400 ns, At safepoint: 58300 ns, Total: 392700 ns
[2020-05-01T16:53:01.462+0000][1][safepoint    ] Safepoint "Cleanup", Time since last: 3000749000 ns, Reaching safepoint: 129100 ns, At safepoint: 27000 ns, Total: 156100 ns
[2020-05-01T16:53:03.463+0000][1][safepoint    ] Safepoint "Cleanup", Time since last: 2000517000 ns, Reaching safepoint: 496900 ns, At safepoint: 125800 ns, Total: 622700 ns
[2020-05-01T16:53:04.464+0000][1][safepoint    ] Safepoint "Cleanup", Time since last: 1000651600 ns, Reaching safepoint: 281600 ns, At safepoint: 81400 ns, Total: 363000 ns
[2020-05-01T16:53:05.465+0000][1][safepoint    ] Safepoint "Cleanup", Time since last: 1000251300 ns, Reaching safepoint: 165800 ns, At safepoint: 38500 ns, Total: 204300 ns
[2020-05-01T16:53:06.466+0000][1][safepoint    ] Safepoint "Cleanup", Time since last: 1000347200 ns, Reaching safepoint: 457900 ns, At safepoint: 119200 ns, Total: 577100 ns
[2020-05-01T16:53:07.467+0000][1][safepoint    ] Safepoint "Cleanup", Time since last: 1000621700 ns, Reaching safepoint: 187100 ns, At safepoint: 49000 ns, Total: 236100 ns
[2020-05-01T16:53:08.468+0000][1][safepoint    ] Safepoint "Cleanup", Time since last: 1000409200 ns, Reaching safepoint: 505600 ns, At safepoint: 134700 ns, Total: 640300 ns
[2020-05-01T16:53:10.469+0000][1][safepoint    ] Safepoint "Cleanup", Time since last: 2000589900 ns, Reaching safepoint: 421900 ns, At safepoint: 176400 ns, Total: 598300 ns
[2020-05-01T16:53:11.469+0000][1][safepoint    ] Safepoint "Cleanup", Time since last: 1000239600 ns, Reaching safepoint: 135900 ns, At safepoint: 30300 ns, Total: 166200 ns
[2020-05-01T16:53:12.470+0000][1][safepoint    ] Safepoint "Cleanup", Time since last: 1000342600 ns, Reaching safepoint: 132200 ns, At safepoint: 31200 ns, Total: 163400 ns
[2020-05-01T16:53:13.471+0000][1][safepoint    ] Safepoint "Cleanup", Time since last: 1000281400 ns, Reaching safepoint: 319200 ns, At safepoint: 86400 ns, Total: 405600 ns
[2020-05-01T16:53:16.472+0000][1][safepoint    ] Safepoint "Cleanup", Time since last: 3001162100 ns, Reaching safepoint: 133200 ns, At safepoint: 32400 ns, Total: 165600 ns
[2020-05-01T16:53:17.472+0000][1][safepoint    ] Safepoint "Cleanup", Time since last: 1000287600 ns, Reaching safepoint: 198100 ns, At safepoint: 29800 ns, Total: 227900 ns
[2020-05-01T16:53:18.473+0000][1][safepoint    ] Safepoint "Cleanup", Time since last: 1000222900 ns, Reaching safepoint: 162100 ns, At safepoint: 29700 ns, Total: 191800 ns
[2020-05-01T16:53:19.473+0000][1][safepoint    ] Safepoint "Cleanup", Time since last: 1000251100 ns, Reaching safepoint: 144500 ns, At safepoint: 28600 ns, Total: 173100 ns
[2020-05-01T16:53:21.474+0000][1][safepoint    ] Safepoint "Cleanup", Time since last: 2000355200 ns, Reaching safepoint: 146900 ns, At safepoint: 30900 ns, Total: 177800 ns
[2020-05-01T16:53:22.474+0000][1][safepoint    ] Safepoint "Cleanup", Time since last: 1000181000 ns, Reaching safepoint: 128300 ns, At safepoint: 30700 ns, Total: 159000 ns
[2020-05-01T16:53:23.475+0000][1][safepoint    ] Safepoint "Cleanup", Time since last: 1000207200 ns, Reaching safepoint: 283000 ns, At safepoint: 65500 ns, Total: 348500 ns
[2020-05-01T16:53:25.244+0000][1][safepoint    ] Safepoint "RevokeBias", Time since last: 1768852300 ns, Reaching safepoint: 127200 ns, At safepoint: 40800 ns, Total: 168000 ns
[2020-05-01T16:53:25.248+0000][1][safepoint    ] Safepoint "RevokeBias", Time since last: 3698000 ns, Reaching safepoint: 142700 ns, At safepoint: 42200 ns, Total: 184900 ns
[2020-05-01T16:53:25.248+0000][1][safepoint    ] Safepoint "RevokeBias", Time since last: 536800 ns, Reaching safepoint: 108300 ns, At safepoint: 64900 ns, Total: 173200 ns
[2020-05-01T16:53:25.333+0000][1][safepoint    ] Safepoint "RevokeBias", Time since last: 85073100 ns, Reaching safepoint: 123300 ns, At safepoint: 58600 ns, Total: 181900 ns
[2020-05-01T16:53:26.334+0000][1][safepoint    ] Safepoint "Cleanup", Time since last: 1000131000 ns, Reaching safepoint: 140100 ns, At safepoint: 26000 ns, Total: 166100 ns
[2020-05-01T16:53:29.334+0000][1][safepoint    ] Safepoint "Cleanup", Time since last: 3000335800 ns, Reaching safepoint: 167000 ns, At safepoint: 28300 ns, Total: 195300 ns
[2020-05-01T16:53:31.335+0000][1][safepoint    ] Safepoint "Cleanup", Time since last: 2000236800 ns, Reaching safepoint: 302600 ns, At safepoint: 70400 ns, Total: 373000 ns
[2020-05-01T16:53:31.786+0000][1][safepoint    ] Safepoint "RevokeBias", Time since last: 451069100 ns, Reaching safepoint: 246200 ns, At safepoint: 69700 ns, Total: 315900 ns
[2020-05-01T16:53:31.800+0000][1][safepoint    ] Safepoint "RevokeBias", Time since last: 13253200 ns, Reaching safepoint: 477100 ns, At safepoint: 246000 ns, Total: 723100 ns
[2020-05-01T16:53:31.806+0000][1][safepoint    ] Safepoint "BulkRevokeBias", Time since last: 3322800 ns, Reaching safepoint: 507800 ns, At safepoint: 1613900 ns, Total: 2121700 ns
[2020-05-01T16:53:31.812+0000][1][safepoint    ] Safepoint "RevokeBias", Time since last: 5734300 ns, Reaching safepoint: 176400 ns, At safepoint: 56300 ns, Total: 232700 ns
[2020-05-01T16:53:31.813+0000][1][safepoint    ] Safepoint "RevokeBias", Time since last: 764600 ns, Reaching safepoint: 214800 ns, At safepoint: 52900 ns, Total: 267700 ns
[2020-05-01T16:53:32.814+0000][1][safepoint    ] Safepoint "Cleanup", Time since last: 1000360900 ns, Reaching safepoint: 408500 ns, At safepoint: 92400 ns, Total: 500900 ns
[2020-05-01T16:53:33.814+0000][1][safepoint    ] Safepoint "Cleanup", Time since last: 1000292700 ns, Reaching safepoint: 285000 ns, At safepoint: 82800 ns, Total: 367800 ns
[2020-05-01T16:53:34.815+0000][1][safepoint    ] Safepoint "Cleanup", Time since last: 1000185800 ns, Reaching safepoint: 127600 ns, At safepoint: 28300 ns, Total: 155900 ns
[2020-05-01T16:53:35.815+0000][1][safepoint    ] Safepoint "Cleanup", Time since last: 1000168400 ns, Reaching safepoint: 145800 ns, At safepoint: 28100 ns, Total: 173900 ns
[2020-05-01T16:53:37.815+0000][1][safepoint    ] Safepoint "Cleanup", Time since last: 2000255100 ns, Reaching safepoint: 120000 ns, At safepoint: 45200 ns, Total: 165200 ns
[2020-05-01T16:53:40.816+0000][1][safepoint    ] Safepoint "Cleanup", Time since last: 3000406700 ns, Reaching safepoint: 126900 ns, At safepoint: 29400 ns, Total: 156300 ns
[2020-05-01T16:53:43.817+0000][1][safepoint    ] Safepoint "Cleanup", Time since last: 3000533700 ns, Reaching safepoint: 126100 ns, At safepoint: 27100 ns, Total: 153200 ns
[2020-05-01T16:53:44.817+0000][1][safepoint    ] Safepoint "Cleanup", Time since last: 1000145100 ns, Reaching safepoint: 149800 ns, At safepoint: 63900 ns, Total: 213700 ns
[2020-05-01T16:53:45.817+0000][1][safepoint    ] Safepoint "Cleanup", Time since last: 1000174400 ns, Reaching safepoint: 130100 ns, At safepoint: 28000 ns, Total: 158100 ns
[2020-05-01T16:53:46.818+0000][1][safepoint    ] Safepoint "Cleanup", Time since last: 1000167900 ns, Reaching safepoint: 152000 ns, At safepoint: 27900 ns, Total: 179900 ns
[2020-05-01T16:53:48.818+0000][1][safepoint    ] Safepoint "Cleanup", Time since last: 2000345300 ns, Reaching safepoint: 171500 ns, At safepoint: 33700 ns, Total: 205200 ns
[2020-05-01T16:53:49.819+0000][1][safepoint    ] Safepoint "Cleanup", Time since last: 1000130800 ns, Reaching safepoint: 226900 ns, At safepoint: 57400 ns, Total: 284300 ns
[2020-05-01T16:53:52.820+0000][1][safepoint    ] Safepoint "Cleanup", Time since last: 3000798100 ns, Reaching safepoint: 161400 ns, At safepoint: 32000 ns, Total: 193400 ns
[2020-05-01T16:53:54.820+0000][1][safepoint    ] Safepoint "Cleanup", Time since last: 2000367600 ns, Reaching safepoint: 210200 ns, At safepoint: 27800 ns, Total: 238000 ns
[2020-05-01T16:53:55.821+0000][1][safepoint    ] Safepoint "Cleanup", Time since last: 1000183900 ns, Reaching safepoint: 132900 ns, At safepoint: 28400 ns, Total: 161300 ns
[2020-05-01T16:53:56.821+0000][1][safepoint    ] Safepoint "Cleanup", Time since last: 1000143900 ns, Reaching safepoint: 174800 ns, At safepoint: 35300 ns, Total: 210100 ns
[2020-05-01T16:53:57.821+0000][1][safepoint    ] Safepoint "Cleanup", Time since last: 1000137900 ns, Reaching safepoint: 122800 ns, At safepoint: 29100 ns, Total: 151900 ns
[2020-05-01T16:53:58.822+0000][1][safepoint    ] Safepoint "Cleanup", Time since last: 1000148300 ns, Reaching safepoint: 192200 ns, At safepoint: 37700 ns, Total: 229900 ns
[2020-05-01T16:53:59.822+0000][1][safepoint    ] Safepoint "Cleanup", Time since last: 1000194900 ns, Reaching safepoint: 184000 ns, At safepoint: 32300 ns, Total: 216300 ns
[2020-05-01T16:54:00.822+0000][1][safepoint    ] Safepoint "Cleanup", Time since last: 1000173300 ns, Reaching safepoint: 126400 ns, At safepoint: 26600 ns, Total: 153000 ns
[2020-05-01T16:54:01.823+0000][1][safepoint    ] Safepoint "Cleanup", Time since last: 1000195400 ns, Reaching safepoint: 128300 ns, At safepoint: 46400 ns, Total: 174700 ns
[2020-05-01T16:54:02.823+0000][1][safepoint    ] Safepoint "Cleanup", Time since last: 1000185300 ns, Reaching safepoint: 146000 ns, At safepoint: 45500 ns, Total: 191500 ns
[2020-05-01T16:54:03.824+0000][1][safepoint    ] Safepoint "Cleanup", Time since last: 1000438100 ns, Reaching safepoint: 246500 ns, At safepoint: 71400 ns, Total: 317900 ns
[2020-05-01T16:54:04.824+0000][1][safepoint    ] Safepoint "Cleanup", Time since last: 1000179300 ns, Reaching safepoint: 151700 ns, At safepoint: 28200 ns, Total: 179900 ns
[2020-05-01T16:54:05.825+0000][1][safepoint    ] Safepoint "Cleanup", Time since last: 1000226800 ns, Reaching safepoint: 367600 ns, At safepoint: 94000 ns, Total: 461600 ns
[2020-05-01T16:54:06.825+0000][1][safepoint    ] Safepoint "Cleanup", Time since last: 1000262000 ns, Reaching safepoint: 121700 ns, At safepoint: 27400 ns, Total: 149100 ns
[2020-05-01T16:54:07.826+0000][1][safepoint    ] Safepoint "Cleanup", Time since last: 1000370300 ns, Reaching safepoint: 136300 ns, At safepoint: 35900 ns, Total: 172200 ns
[2020-05-01T16:54:08.826+0000][1][safepoint    ] Safepoint "Cleanup", Time since last: 1000150100 ns, Reaching safepoint: 129000 ns, At safepoint: 27500 ns, Total: 156500 ns
[2020-05-01T16:54:09.827+0000][1][safepoint    ] Safepoint "Cleanup", Time since last: 1000223900 ns, Reaching safepoint: 200700 ns, At safepoint: 56600 ns, Total: 257300 ns
[2020-05-01T16:54:10.827+0000][1][safepoint    ] Safepoint "Cleanup", Time since last: 1000143100 ns, Reaching safepoint: 133600 ns, At safepoint: 27900 ns, Total: 161500 ns
[2020-05-01T16:54:11.827+0000][1][safepoint    ] Safepoint "Cleanup", Time since last: 1000263100 ns, Reaching safepoint: 124600 ns, At safepoint: 25300 ns, Total: 149900 ns
[2020-05-01T16:54:12.828+0000][1][safepoint    ] Safepoint "Cleanup", Time since last: 1000175700 ns, Reaching safepoint: 133200 ns, At safepoint: 27100 ns, Total: 160300 ns
[2020-05-01T16:54:13.828+0000][1][safepoint    ] Safepoint "Cleanup", Time since last: 1000179800 ns, Reaching safepoint: 138700 ns, At safepoint: 31900 ns, Total: 170600 ns
[2020-05-01T16:54:14.829+0000][1][safepoint    ] Safepoint "Cleanup", Time since last: 1000309000 ns, Reaching safepoint: 239400 ns, At safepoint: 53900 ns, Total: 293300 ns
[2020-05-01T16:54:15.829+0000][1][safepoint    ] Safepoint "Cleanup", Time since last: 1000192700 ns, Reaching safepoint: 134500 ns, At safepoint: 28400 ns, Total: 162900 ns
[2020-05-01T16:54:16.829+0000][1][safepoint    ] Safepoint "Cleanup", Time since last: 1000210100 ns, Reaching safepoint: 132500 ns, At safepoint: 29800 ns, Total: 162300 ns
[2020-05-01T16:54:17.830+0000][1][safepoint    ] Safepoint "Cleanup", Time since last: 1000247200 ns, Reaching safepoint: 138200 ns, At safepoint: 30900 ns, Total: 169100 ns
[2020-05-01T16:54:18.830+0000][1][safepoint    ] Safepoint "Cleanup", Time since last: 1000157200 ns, Reaching safepoint: 124500 ns, At safepoint: 27300 ns, Total: 151800 ns
[2020-05-01T16:54:19.830+0000][1][safepoint    ] Safepoint "Cleanup", Time since last: 1000184600 ns, Reaching safepoint: 135500 ns, At safepoint: 27200 ns, Total: 162700 ns
[2020-05-01T16:54:20.831+0000][1][safepoint    ] Safepoint "Cleanup", Time since last: 1000476900 ns, Reaching safepoint: 205800 ns, At safepoint: 35900 ns, Total: 241700 ns
[2020-05-01T16:54:21.831+0000][1][safepoint    ] Safepoint "Cleanup", Time since last: 1000145200 ns, Reaching safepoint: 119600 ns, At safepoint: 27700 ns, Total: 147300 ns
[2020-05-01T16:54:22.832+0000][1][safepoint    ] Safepoint "Cleanup", Time since last: 1000621700 ns, Reaching safepoint: 323600 ns, At safepoint: 100200 ns, Total: 423800 ns
[2020-05-01T16:54:23.833+0000][1][safepoint    ] Safepoint "Cleanup", Time since last: 1000438100 ns, Reaching safepoint: 444500 ns, At safepoint: 90600 ns, Total: 535100 ns
[2020-05-01T16:54:24.835+0000][1][safepoint    ] Safepoint "Cleanup", Time since last: 1000951100 ns, Reaching safepoint: 132500 ns, At safepoint: 27100 ns, Total: 159600 ns
[2020-05-01T16:54:25.835+0000][1][safepoint    ] Safepoint "Cleanup", Time since last: 1000168000 ns, Reaching safepoint: 251200 ns, At safepoint: 50100 ns, Total: 301300 ns
[2020-05-01T16:54:26.835+0000][1][safepoint    ] Safepoint "Cleanup", Time since last: 1000207600 ns, Reaching safepoint: 137500 ns, At safepoint: 26400 ns, Total: 163900 ns
[2020-05-01T16:54:27.836+0000][1][safepoint    ] Safepoint "Cleanup", Time since last: 1000202700 ns, Reaching safepoint: 123700 ns, At safepoint: 31500 ns, Total: 155200 ns
[2020-05-01T16:54:28.836+0000][1][safepoint    ] Safepoint "Cleanup", Time since last: 1000237600 ns, Reaching safepoint: 171200 ns, At safepoint: 26300 ns, Total: 197500 ns
[2020-05-01T16:54:29.837+0000][1][safepoint    ] Safepoint "Cleanup", Time since last: 1000790700 ns, Reaching safepoint: 127500 ns, At safepoint: 31300 ns, Total: 158800 ns
[2020-05-01T16:54:30.838+0000][1][safepoint    ] Safepoint "Cleanup", Time since last: 1000161600 ns, Reaching safepoint: 235400 ns, At safepoint: 48900 ns, Total: 284300 ns
[2020-05-01T16:54:31.838+0000][1][safepoint    ] Safepoint "Cleanup", Time since last: 1000247800 ns, Reaching safepoint: 150200 ns, At safepoint: 29200 ns, Total: 179400 ns
[2020-05-01T16:54:31.844+0000][1][safepoint    ] Safepoint "RevokeBias", Time since last: 5440400 ns, Reaching safepoint: 105500 ns, At safepoint: 55200 ns, Total: 160700 ns
[2020-05-01T16:54:32.753+0000][1][safepoint    ] Safepoint "RevokeBias", Time since last: 909460000 ns, Reaching safepoint: 118800 ns, At safepoint: 39400 ns, Total: 158200 ns
[2020-05-01T16:54:32.759+0000][1][safepoint    ] Safepoint "RevokeBias", Time since last: 5914300 ns, Reaching safepoint: 154900 ns, At safepoint: 68900 ns, Total: 223800 ns
[2020-05-01T16:54:32.772+0000][1][safepoint    ] Safepoint "RevokeBias", Time since last: 12686100 ns, Reaching safepoint: 145200 ns, At safepoint: 62000 ns, Total: 207200 ns
[2020-05-01T16:54:32.773+0000][1][safepoint    ] Safepoint "RevokeBias", Time since last: 187900 ns, Reaching safepoint: 101100 ns, At safepoint: 56400 ns, Total: 157500 ns
[2020-05-01T16:54:32.773+0000][1][safepoint    ] Safepoint "RevokeBias", Time since last: 183800 ns, Reaching safepoint: 100400 ns, At safepoint: 49500 ns, Total: 149900 ns
[2020-05-01T16:54:32.773+0000][1][safepoint    ] Safepoint "RevokeBias", Time since last: 127600 ns, Reaching safepoint: 69200 ns, At safepoint: 47300 ns, Total: 116500 ns
[2020-05-01T16:54:32.773+0000][1][safepoint    ] Safepoint "RevokeBias", Time since last: 134600 ns, Reaching safepoint: 70400 ns, At safepoint: 30800 ns, Total: 101200 ns
[2020-05-01T16:54:32.776+0000][1][safepoint    ] Safepoint "RevokeBias", Time since last: 2024400 ns, Reaching safepoint: 127800 ns, At safepoint: 61500 ns, Total: 189300 ns
[2020-05-01T16:54:32.788+0000][1][safepoint    ] Safepoint "RevokeBias", Time since last: 11992600 ns, Reaching safepoint: 412700 ns, At safepoint: 109500 ns, Total: 522200 ns
[2020-05-01T16:54:32.789+0000][1][safepoint    ] Safepoint "RevokeBias", Time since last: 129400 ns, Reaching safepoint: 115300 ns, At safepoint: 112500 ns, Total: 227800 ns
[2020-05-01T16:54:32.790+0000][1][safepoint    ] Safepoint "RevokeBias", Time since last: 1086300 ns, Reaching safepoint: 232600 ns, At safepoint: 114400 ns, Total: 347000 ns
[2020-05-01T16:54:32.793+0000][1][safepoint    ] Safepoint "RevokeBias", Time since last: 2191500 ns, Reaching safepoint: 357400 ns, At safepoint: 110500 ns, Total: 467900 ns
[2020-05-01T16:54:32.794+0000][1][safepoint    ] Safepoint "RevokeBias", Time since last: 1057100 ns, Reaching safepoint: 142500 ns, At safepoint: 76600 ns, Total: 219100 ns
[2020-05-01T16:54:32.798+0000][1][safepoint    ] Safepoint "RevokeBias", Time since last: 3686900 ns, Reaching safepoint: 144400 ns, At safepoint: 76400 ns, Total: 220800 ns
[2020-05-01T16:54:32.822+0000][1][safepoint    ] Safepoint "RevokeBias", Time since last: 23557200 ns, Reaching safepoint: 125700 ns, At safepoint: 52600 ns, Total: 178300 ns
[2020-05-01T16:54:32.835+0000][1][safepoint    ] Safepoint "RevokeBias", Time since last: 13623300 ns, Reaching safepoint: 126000 ns, At safepoint: 57200 ns, Total: 183200 ns
[2020-05-01T16:54:32.837+0000][1][safepoint    ] Safepoint "RevokeBias", Time since last: 1511500 ns, Reaching safepoint: 110700 ns, At safepoint: 38000 ns, Total: 148700 ns
[2020-05-01T16:54:33.675+0000][1][safepoint    ] Safepoint "RevokeBias", Time since last: 837455000 ns, Reaching safepoint: 462700 ns, At safepoint: 99500 ns, Total: 562200 ns
[2020-05-01T16:54:33.677+0000][1][safepoint    ] Safepoint "RevokeBias", Time since last: 1716400 ns, Reaching safepoint: 115300 ns, At safepoint: 36000 ns, Total: 151300 ns
[2020-05-01T16:54:33.677+0000][1][safepoint    ] Safepoint "RevokeBias", Time since last: 200700 ns, Reaching safepoint: 73800 ns, At safepoint: 32800 ns, Total: 106600 ns
[2020-05-01T16:54:33.678+0000][1][safepoint    ] Safepoint "RevokeBias", Time since last: 209800 ns, Reaching safepoint: 74100 ns, At safepoint: 32500 ns, Total: 106600 ns
[2020-05-01T16:54:33.678+0000][1][safepoint    ] Safepoint "RevokeBias", Time since last: 172300 ns, Reaching safepoint: 72900 ns, At safepoint: 33400 ns, Total: 106300 ns
[2020-05-01T16:54:33.681+0000][1][safepoint    ] Safepoint "RevokeBias", Time since last: 2879500 ns, Reaching safepoint: 88200 ns, At safepoint: 34000 ns, Total: 122200 ns
[2020-05-01T16:54:33.687+0000][1][safepoint    ] Safepoint "RevokeBias", Time since last: 5689800 ns, Reaching safepoint: 155300 ns, At safepoint: 55500 ns, Total: 210800 ns
[2020-05-01T16:54:33.691+0000][1][safepoint    ] Safepoint "RevokeBias", Time since last: 4069600 ns, Reaching safepoint: 215700 ns, At safepoint: 112700 ns, Total: 328400 ns
[2020-05-01T16:54:33.691+0000][1][safepoint    ] Safepoint "RevokeBias", Time since last: 167000 ns, Reaching safepoint: 99900 ns, At safepoint: 33200 ns, Total: 133100 ns
[2020-05-01T16:54:33.692+0000][1][safepoint    ] Safepoint "RevokeBias", Time since last: 186800 ns, Reaching safepoint: 69800 ns, At safepoint: 31800 ns, Total: 101600 ns
[2020-05-01T16:54:33.692+0000][1][safepoint    ] Safepoint "RevokeBias", Time since last: 120900 ns, Reaching safepoint: 69100 ns, At safepoint: 31700 ns, Total: 100800 ns
[2020-05-01T16:54:33.692+0000][1][safepoint    ] Safepoint "RevokeBias", Time since last: 149200 ns, Reaching safepoint: 69100 ns, At safepoint: 31800 ns, Total: 100900 ns
[2020-05-01T16:54:33.692+0000][1][safepoint    ] Safepoint "RevokeBias", Time since last: 157300 ns, Reaching safepoint: 86500 ns, At safepoint: 31100 ns, Total: 117600 ns
[2020-05-01T16:54:33.693+0000][1][safepoint    ] Safepoint "RevokeBias", Time since last: 142600 ns, Reaching safepoint: 69000 ns, At safepoint: 31700 ns, Total: 100700 ns
[2020-05-01T16:54:33.693+0000][1][safepoint    ] Safepoint "RevokeBias", Time since last: 117000 ns, Reaching safepoint: 69100 ns, At safepoint: 31700 ns, Total: 100800 ns
[2020-05-01T16:54:33.693+0000][1][safepoint    ] Safepoint "RevokeBias", Time since last: 167300 ns, Reaching safepoint: 69100 ns, At safepoint: 31600 ns, Total: 100700 ns
[2020-05-01T16:54:33.703+0000][1][safepoint    ] Safepoint "RevokeBias", Time since last: 9529400 ns, Reaching safepoint: 272700 ns, At safepoint: 54100 ns, Total: 326800 ns
[2020-05-01T16:54:33.759+0000][1][safepoint    ] Safepoint "RevokeBias", Time since last: 55766200 ns, Reaching safepoint: 181000 ns, At safepoint: 64500 ns, Total: 245500 ns
[2020-05-01T16:54:33.759+0000][1][safepoint    ] Safepoint "RevokeBias", Time since last: 194200 ns, Reaching safepoint: 220000 ns, At safepoint: 60200 ns, Total: 280200 ns
[2020-05-01T16:54:33.774+0000][1][safepoint    ] Safepoint "CollectForMetadataAllocation", Time since last: 14422600 ns, Reaching safepoint: 151900 ns, At safepoint: 125500 ns, Total: 277400 ns
[2020-05-01T16:54:33.779+0000][1][gc,start     ] GC(18) Pause Young (Allocation Failure)
[2020-05-01T16:54:33.779+0000][1][gc,task      ] GC(18) Using 10 workers of 10 for evacuation
[2020-05-01T16:54:33.787+0000][1][gc,age       ] GC(18) Desired survivor size 8945664 bytes, new threshold 6 (max threshold 6)
[2020-05-01T16:54:33.787+0000][1][gc,age       ] GC(18) Age table with threshold 6 (max threshold 6)
[2020-05-01T16:54:33.787+0000][1][gc,age       ] GC(18) - age   1:    1139728 bytes,    1139728 total
[2020-05-01T16:54:33.787+0000][1][gc,age       ] GC(18) - age   2:    3940240 bytes,    5079968 total
[2020-05-01T16:54:33.787+0000][1][gc,heap      ] GC(18) ParNew: 157248K->11945K(157248K)
[2020-05-01T16:54:33.787+0000][1][gc,heap      ] GC(18) CMS: 69226K->76583K(349568K)
[2020-05-01T16:54:33.787+0000][1][gc,metaspace ] GC(18) Metaspace: 92520K->92520K(1134592K)
[2020-05-01T16:54:33.788+0000][1][gc           ] GC(18) Pause Young (Allocation Failure) 221M->86M(494M) 8.447ms
[2020-05-01T16:54:33.788+0000][1][gc,cpu       ] GC(18) User=0.06s Sys=0.00s Real=0.01s
[2020-05-01T16:54:33.788+0000][1][safepoint    ] Safepoint "GenCollectForAllocation", Time since last: 4709700 ns, Reaching safepoint: 163000 ns, At safepoint: 8541100 ns, Total: 8704100 ns
[2020-05-01T16:54:33.789+0000][1][gc,start     ] GC(19) Pause Initial Mark
[2020-05-01T16:54:33.790+0000][1][gc           ] GC(19) Pause Initial Mark 86M->86M(494M) 1.275ms
[2020-05-01T16:54:33.790+0000][1][gc,cpu       ] GC(19) User=0.00s Sys=0.00s Real=0.00s
[2020-05-01T16:54:33.790+0000][1][safepoint    ] Safepoint "CMS_Initial_Mark", Time since last: 328200 ns, Reaching safepoint: 597000 ns, At safepoint: 1406900 ns, Total: 2003900 ns
[2020-05-01T16:54:33.790+0000][1][gc           ] GC(19) Concurrent Mark
[2020-05-01T16:54:33.790+0000][1][gc,task      ] GC(19) Using 3 workers of 3 for marking
[2020-05-01T16:54:33.799+0000][1][safepoint    ] Safepoint "RevokeBias", Time since last: 9034100 ns, Reaching safepoint: 490300 ns, At safepoint: 10300 ns, Total: 500600 ns
[2020-05-01T16:54:33.800+0000][1][safepoint    ] Safepoint "RevokeBias", Time since last: 305400 ns, Reaching safepoint: 140600 ns, At safepoint: 7800 ns, Total: 148400 ns
[2020-05-01T16:54:33.833+0000][1][gc           ] GC(19) Concurrent Mark 43.391ms
[2020-05-01T16:54:33.833+0000][1][gc,cpu       ] GC(19) User=0.18s Sys=0.00s Real=0.05s
[2020-05-01T16:54:33.833+0000][1][gc           ] GC(19) Concurrent Preclean
[2020-05-01T16:54:33.835+0000][1][gc           ] GC(19) Concurrent Preclean 1.568ms
[2020-05-01T16:54:33.835+0000][1][gc,cpu       ] GC(19) User=0.00s Sys=0.00s Real=0.00s
[2020-05-01T16:54:33.835+0000][1][gc,start     ] GC(19) Pause Remark
[2020-05-01T16:54:33.862+0000][1][gc           ] GC(19) Pause Remark 87M->87M(494M) 26.321ms
[2020-05-01T16:54:33.862+0000][1][gc,cpu       ] GC(19) User=0.06s Sys=0.00s Real=0.03s
[2020-05-01T16:54:33.862+0000][1][safepoint    ] Safepoint "CMS_Final_Remark", Time since last: 35207100 ns, Reaching safepoint: 144800 ns, At safepoint: 26552400 ns, Total: 26697200 ns
[2020-05-01T16:54:33.862+0000][1][gc           ] GC(19) Concurrent Sweep
[2020-05-01T16:54:33.885+0000][1][gc           ] GC(19) Concurrent Sweep 22.942ms
[2020-05-01T16:54:33.885+0000][1][gc,cpu       ] GC(19) User=0.06s Sys=0.00s Real=0.02s
[2020-05-01T16:54:33.885+0000][1][gc           ] GC(19) Concurrent Reset
[2020-05-01T16:54:33.885+0000][1][gc           ] GC(19) Concurrent Reset 0.356ms
[2020-05-01T16:54:33.885+0000][1][gc,cpu       ] GC(19) User=0.00s Sys=0.00s Real=0.00s
[2020-05-01T16:54:33.885+0000][1][gc,heap      ] GC(19) Old: 76583K->76099K(349568K)
[2020-05-01T16:54:34.354+0000][1][safepoint    ] Safepoint "RevokeBias", Time since last: 491475900 ns, Reaching safepoint: 711200 ns, At safepoint: 40700 ns, Total: 751900 ns
[2020-05-01T16:54:34.354+0000][1][safepoint    ] Safepoint "RevokeBias", Time since last: 166400 ns, Reaching safepoint: 81400 ns, At safepoint: 32500 ns, Total: 113900 ns
[2020-05-01T16:54:35.355+0000][1][safepoint    ] Safepoint "Cleanup", Time since last: 1000179000 ns, Reaching safepoint: 300000 ns, At safepoint: 54700 ns, Total: 354700 ns
[2020-05-01T16:54:36.356+0000][1][safepoint    ] Safepoint "Cleanup", Time since last: 1000365300 ns, Reaching safepoint: 532400 ns, At safepoint: 126600 ns, Total: 659000 ns
[2020-05-01T16:54:37.358+0000][1][safepoint    ] Safepoint "Cleanup", Time since last: 1000570900 ns, Reaching safepoint: 1000800 ns, At safepoint: 219700 ns, Total: 1220500 ns
[2020-05-01T16:54:38.359+0000][1][safepoint    ] Safepoint "Cleanup", Time since last: 1000540200 ns, Reaching safepoint: 306800 ns, At safepoint: 77000 ns, Total: 383800 ns
[2020-05-01T16:54:39.360+0000][1][safepoint    ] Safepoint "Cleanup", Time since last: 1000625500 ns, Reaching safepoint: 426500 ns, At safepoint: 129600 ns, Total: 556100 ns
[2020-05-01T16:54:40.361+0000][1][safepoint    ] Safepoint "Cleanup", Time since last: 1000375700 ns, Reaching safepoint: 543100 ns, At safepoint: 267200 ns, Total: 810300 ns
[2020-05-01T16:54:41.361+0000][1][safepoint    ] Safepoint "Cleanup", Time since last: 1000242500 ns, Reaching safepoint: 156700 ns, At safepoint: 26700 ns, Total: 183400 ns
[2020-05-01T16:54:42.362+0000][1][safepoint    ] Safepoint "Cleanup", Time since last: 1000108800 ns, Reaching safepoint: 141800 ns, At safepoint: 27000 ns, Total: 168800 ns
[2020-05-01T16:54:43.362+0000][1][safepoint    ] Safepoint "Cleanup", Time since last: 1000111600 ns, Reaching safepoint: 127800 ns, At safepoint: 24700 ns, Total: 152500 ns
[2020-05-01T16:54:44.362+0000][1][safepoint    ] Safepoint "Cleanup", Time since last: 1000129300 ns, Reaching safepoint: 141600 ns, At safepoint: 45800 ns, Total: 187400 ns
[2020-05-01T16:54:45.363+0000][1][safepoint    ] Safepoint "Cleanup", Time since last: 1000130800 ns, Reaching safepoint: 137400 ns, At safepoint: 27700 ns, Total: 165100 ns
[2020-05-01T16:54:46.363+0000][1][safepoint    ] Safepoint "Cleanup", Time since last: 1000162900 ns, Reaching safepoint: 127700 ns, At safepoint: 28400 ns, Total: 156100 ns
[2020-05-01T16:54:47.363+0000][1][safepoint    ] Safepoint "Cleanup", Time since last: 1000103900 ns, Reaching safepoint: 137500 ns, At safepoint: 22400 ns, Total: 159900 ns
[2020-05-01T16:54:48.363+0000][1][safepoint    ] Safepoint "Cleanup", Time since last: 1000121100 ns, Reaching safepoint: 136200 ns, At safepoint: 27900 ns, Total: 164100 ns
[2020-05-01T16:54:49.364+0000][1][safepoint    ] Safepoint "Cleanup", Time since last: 1000412600 ns, Reaching safepoint: 162900 ns, At safepoint: 38900 ns, Total: 201800 ns
[2020-05-01T16:54:50.365+0000][1][safepoint    ] Safepoint "Cleanup", Time since last: 1000294300 ns, Reaching safepoint: 150400 ns, At safepoint: 28100 ns, Total: 178500 ns
[2020-05-01T16:54:51.366+0000][1][safepoint    ] Safepoint "Cleanup", Time since last: 1000580200 ns, Reaching safepoint: 444700 ns, At safepoint: 135300 ns, Total: 580000 ns
[2020-05-01T16:54:52.366+0000][1][safepoint    ] Safepoint "Cleanup", Time since last: 1000557300 ns, Reaching safepoint: 148800 ns, At safepoint: 29800 ns, Total: 178600 ns
[2020-05-01T16:54:53.367+0000][1][safepoint    ] Safepoint "Cleanup", Time since last: 1000171300 ns, Reaching safepoint: 218000 ns, At safepoint: 35500 ns, Total: 253500 ns
[2020-05-01T16:54:54.367+0000][1][safepoint    ] Safepoint "Cleanup", Time since last: 1000226100 ns, Reaching safepoint: 152600 ns, At safepoint: 35100 ns, Total: 187700 ns
[2020-05-01T16:54:55.369+0000][1][safepoint    ] Safepoint "Cleanup", Time since last: 1000323900 ns, Reaching safepoint: 724600 ns, At safepoint: 323500 ns, Total: 1048100 ns
[2020-05-01T16:54:56.369+0000][1][safepoint    ] Safepoint "Cleanup", Time since last: 1000316600 ns, Reaching safepoint: 135400 ns, At safepoint: 26800 ns, Total: 162200 ns
[2020-05-01T16:54:57.370+0000][1][safepoint    ] Safepoint "Cleanup", Time since last: 1000392800 ns, Reaching safepoint: 129700 ns, At safepoint: 31000 ns, Total: 160700 ns
[2020-05-01T16:54:58.370+0000][1][safepoint    ] Safepoint "Cleanup", Time since last: 1000191400 ns, Reaching safepoint: 233400 ns, At safepoint: 85100 ns, Total: 318500 ns
[2020-05-01T16:54:59.371+0000][1][safepoint    ] Safepoint "Cleanup", Time since last: 1000351900 ns, Reaching safepoint: 130700 ns, At safepoint: 29500 ns, Total: 160200 ns
[2020-05-01T16:54:59.833+0000][1][safepoint    ] Safepoint "RevokeBias", Time since last: 462386000 ns, Reaching safepoint: 250100 ns, At safepoint: 83300 ns, Total: 333400 ns
[2020-05-01T16:54:59.838+0000][1][safepoint    ] Safepoint "RevokeBias", Time since last: 4103500 ns, Reaching safepoint: 148700 ns, At safepoint: 57100 ns, Total: 205800 ns
[2020-05-01T16:54:59.843+0000][1][safepoint    ] Safepoint "RevokeBias", Time since last: 5386700 ns, Reaching safepoint: 221300 ns, At safepoint: 104200 ns, Total: 325500 ns
[2020-05-01T16:54:59.844+0000][1][safepoint    ] Safepoint "RevokeBias", Time since last: 241500 ns, Reaching safepoint: 225700 ns, At safepoint: 72100 ns, Total: 297800 ns
[2020-05-01T16:54:59.848+0000][1][safepoint    ] Safepoint "RevokeBias", Time since last: 3543600 ns, Reaching safepoint: 448100 ns, At safepoint: 207200 ns, Total: 655300 ns
[2020-05-01T16:54:59.849+0000][1][safepoint    ] Safepoint "RevokeBias", Time since last: 321600 ns, Reaching safepoint: 123000 ns, At safepoint: 95600 ns, Total: 218600 ns
[2020-05-01T16:54:59.861+0000][1][safepoint    ] Safepoint "RevokeBias", Time since last: 11719500 ns, Reaching safepoint: 198900 ns, At safepoint: 90300 ns, Total: 289200 ns
[2020-05-01T16:54:59.862+0000][1][safepoint    ] Safepoint "RevokeBias", Time since last: 833200 ns, Reaching safepoint: 260300 ns, At safepoint: 110500 ns, Total: 370800 ns
[2020-05-01T16:54:59.863+0000][1][safepoint    ] Safepoint "RevokeBias", Time since last: 359500 ns, Reaching safepoint: 127400 ns, At safepoint: 110800 ns, Total: 238200 ns
[2020-05-01T16:54:59.866+0000][1][safepoint    ] Safepoint "RevokeBias", Time since last: 3232800 ns, Reaching safepoint: 168100 ns, At safepoint: 57700 ns, Total: 225800 ns
[2020-05-01T16:54:59.878+0000][1][safepoint    ] Safepoint "RevokeBias", Time since last: 11361700 ns, Reaching safepoint: 170800 ns, At safepoint: 69500 ns, Total: 240300 ns
[2020-05-01T16:54:59.884+0000][1][safepoint    ] Safepoint "RevokeBias", Time since last: 6180000 ns, Reaching safepoint: 137000 ns, At safepoint: 54700 ns, Total: 191700 ns
[2020-05-01T16:54:59.885+0000][1][safepoint    ] Safepoint "RevokeBias", Time since last: 455700 ns, Reaching safepoint: 145900 ns, At safepoint: 95600 ns, Total: 241500 ns
[2020-05-01T16:55:00.700+0000][1][safepoint    ] Safepoint "RevokeBias", Time since last: 814492000 ns, Reaching safepoint: 349300 ns, At safepoint: 101700 ns, Total: 451000 ns
[2020-05-01T16:55:00.706+0000][1][safepoint    ] Safepoint "RevokeBias", Time since last: 5717300 ns, Reaching safepoint: 502200 ns, At safepoint: 219200 ns, Total: 721400 ns
[2020-05-01T16:55:00.707+0000][1][safepoint    ] Safepoint "RevokeBias", Time since last: 615100 ns, Reaching safepoint: 350400 ns, At safepoint: 121000 ns, Total: 471400 ns
[2020-05-01T16:55:00.708+0000][1][safepoint    ] Safepoint "RevokeBias", Time since last: 607000 ns, Reaching safepoint: 328900 ns, At safepoint: 108000 ns, Total: 436900 ns
[2020-05-01T16:55:00.709+0000][1][safepoint    ] Safepoint "RevokeBias", Time since last: 422200 ns, Reaching safepoint: 264700 ns, At safepoint: 129500 ns, Total: 394200 ns
[2020-05-01T16:55:00.729+0000][1][safepoint    ] Safepoint "RevokeBias", Time since last: 19931600 ns, Reaching safepoint: 320600 ns, At safepoint: 91600 ns, Total: 412200 ns
[2020-05-01T16:55:00.733+0000][1][safepoint    ] Safepoint "RevokeBias", Time since last: 3861400 ns, Reaching safepoint: 179500 ns, At safepoint: 109300 ns, Total: 288800 ns
[2020-05-01T16:55:01.734+0000][1][safepoint    ] Safepoint "Cleanup", Time since last: 1000301000 ns, Reaching safepoint: 309500 ns, At safepoint: 81800 ns, Total: 391300 ns
[2020-05-01T16:55:02.735+0000][1][safepoint    ] Safepoint "Cleanup", Time since last: 1000300600 ns, Reaching safepoint: 277600 ns, At safepoint: 72500 ns, Total: 350100 ns
[2020-05-01T16:55:03.735+0000][1][safepoint    ] Safepoint "Cleanup", Time since last: 1000304600 ns, Reaching safepoint: 239100 ns, At safepoint: 51700 ns, Total: 290800 ns
[2020-05-01T16:55:04.736+0000][1][safepoint    ] Safepoint "Cleanup", Time since last: 1000335400 ns, Reaching safepoint: 542800 ns, At safepoint: 134000 ns, Total: 676800 ns
[2020-05-01T16:55:05.186+0000][1][safepoint    ] Safepoint "RevokeBias", Time since last: 448321600 ns, Reaching safepoint: 598700 ns, At safepoint: 185200 ns, Total: 783900 ns
[2020-05-01T16:55:05.187+0000][1][safepoint    ] Safepoint "RevokeBias", Time since last: 726800 ns, Reaching safepoint: 423200 ns, At safepoint: 165700 ns, Total: 588900 ns
[2020-05-01T16:55:05.191+0000][1][safepoint    ] Safepoint "RevokeBias", Time since last: 3685600 ns, Reaching safepoint: 366900 ns, At safepoint: 274500 ns, Total: 641400 ns
[2020-05-01T16:55:05.192+0000][1][safepoint    ] Safepoint "RevokeBias", Time since last: 568700 ns, Reaching safepoint: 527400 ns, At safepoint: 169800 ns, Total: 697200 ns
[2020-05-01T16:55:05.194+0000][1][safepoint    ] Safepoint "RevokeBias", Time since last: 603100 ns, Reaching safepoint: 722400 ns, At safepoint: 162400 ns, Total: 884800 ns
[2020-05-01T16:55:05.195+0000][1][safepoint    ] Safepoint "RevokeBias", Time since last: 570700 ns, Reaching safepoint: 385900 ns, At safepoint: 163500 ns, Total: 549400 ns
[2020-05-01T16:55:05.198+0000][1][safepoint    ] Safepoint "BulkRevokeBias", Time since last: 572000 ns, Reaching safepoint: 376100 ns, At safepoint: 2049700 ns, Total: 2425800 ns
[2020-05-01T16:55:06.199+0000][1][safepoint    ] Safepoint "Cleanup", Time since last: 1000760300 ns, Reaching safepoint: 154300 ns, At safepoint: 35400 ns, Total: 189700 ns
[2020-05-01T16:55:07.200+0000][1][safepoint    ] Safepoint "Cleanup", Time since last: 1000659800 ns, Reaching safepoint: 457200 ns, At safepoint: 136600 ns, Total: 593800 ns
[2020-05-01T16:55:08.201+0000][1][safepoint    ] Safepoint "Cleanup", Time since last: 1000208900 ns, Reaching safepoint: 138000 ns, At safepoint: 30200 ns, Total: 168200 ns
[2020-05-01T16:55:09.201+0000][1][safepoint    ] Safepoint "Cleanup", Time since last: 1000428300 ns, Reaching safepoint: 173300 ns, At safepoint: 39100 ns, Total: 212400 ns
[2020-05-01T16:55:10.202+0000][1][safepoint    ] Safepoint "Cleanup", Time since last: 1000696400 ns, Reaching safepoint: 266000 ns, At safepoint: 75500 ns, Total: 341500 ns
[2020-05-01T16:55:11.203+0000][1][safepoint    ] Safepoint "Cleanup", Time since last: 1000211900 ns, Reaching safepoint: 141300 ns, At safepoint: 33000 ns, Total: 174300 ns
[2020-05-01T16:55:12.203+0000][1][safepoint    ] Safepoint "Cleanup", Time since last: 1000186100 ns, Reaching safepoint: 135200 ns, At safepoint: 50800 ns, Total: 186000 ns
[2020-05-01T16:55:13.203+0000][1][safepoint    ] Safepoint "Cleanup", Time since last: 1000204900 ns, Reaching safepoint: 137200 ns, At safepoint: 28600 ns, Total: 165800 ns
[2020-05-01T16:55:14.204+0000][1][safepoint    ] Safepoint "Cleanup", Time since last: 1000158100 ns, Reaching safepoint: 191000 ns, At safepoint: 32400 ns, Total: 223400 ns
[2020-05-01T16:55:15.183+0000][1][safepoint    ] Safepoint "RevokeBias", Time since last: 978733400 ns, Reaching safepoint: 134600 ns, At safepoint: 66400 ns, Total: 201000 ns
[2020-05-01T16:55:15.183+0000][1][safepoint    ] Safepoint "RevokeBias", Time since last: 170500 ns, Reaching safepoint: 96400 ns, At safepoint: 91800 ns, Total: 188200 ns
[2020-05-01T16:55:15.183+0000][1][safepoint    ] Safepoint "RevokeBias", Time since last: 204600 ns, Reaching safepoint: 154400 ns, At safepoint: 50600 ns, Total: 205000 ns
[2020-05-01T16:55:15.184+0000][1][safepoint    ] Safepoint "RevokeBias", Time since last: 199000 ns, Reaching safepoint: 77000 ns, At safepoint: 48300 ns, Total: 125300 ns
[2020-05-01T16:55:15.184+0000][1][safepoint    ] Safepoint "RevokeBias", Time since last: 224600 ns, Reaching safepoint: 72300 ns, At safepoint: 48800 ns, Total: 121100 ns
[2020-05-01T16:55:16.186+0000][1][safepoint    ] Safepoint "Cleanup", Time since last: 1000696200 ns, Reaching safepoint: 557700 ns, At safepoint: 136300 ns, Total: 694000 ns
[2020-05-01T16:55:17.187+0000][1][safepoint    ] Safepoint "Cleanup", Time since last: 1000731300 ns, Reaching safepoint: 477300 ns, At safepoint: 136300 ns, Total: 613600 ns
[2020-05-01T16:55:18.188+0000][1][safepoint    ] Safepoint "Cleanup", Time since last: 1000730100 ns, Reaching safepoint: 142900 ns, At safepoint: 32500 ns, Total: 175400 ns
[2020-05-01T16:55:19.189+0000][1][safepoint    ] Safepoint "Cleanup", Time since last: 1000338500 ns, Reaching safepoint: 384400 ns, At safepoint: 94900 ns, Total: 479300 ns
[2020-05-01T16:55:20.190+0000][1][safepoint    ] Safepoint "Cleanup", Time since last: 1000543800 ns, Reaching safepoint: 530200 ns, At safepoint: 130200 ns, Total: 660400 ns
[2020-05-01T16:55:21.191+0000][1][safepoint    ] Safepoint "Cleanup", Time since last: 1000704200 ns, Reaching safepoint: 202800 ns, At safepoint: 46800 ns, Total: 249600 ns
[2020-05-01T16:55:22.192+0000][1][safepoint    ] Safepoint "Cleanup", Time since last: 1000500800 ns, Reaching safepoint: 496700 ns, At safepoint: 130200 ns, Total: 626900 ns
[2020-05-01T16:55:23.193+0000][1][safepoint    ] Safepoint "Cleanup", Time since last: 1000372600 ns, Reaching safepoint: 447000 ns, At safepoint: 129900 ns, Total: 576900 ns
[2020-05-01T16:55:24.194+0000][1][safepoint    ] Safepoint "Cleanup", Time since last: 1000473800 ns, Reaching safepoint: 490000 ns, At safepoint: 146200 ns, Total: 636200 ns
[2020-05-01T16:55:25.195+0000][1][safepoint    ] Safepoint "Cleanup", Time since last: 1000532400 ns, Reaching safepoint: 136800 ns, At safepoint: 30200 ns, Total: 167000 ns
[2020-05-01T16:55:26.196+0000][1][safepoint    ] Safepoint "Cleanup", Time since last: 1000234500 ns, Reaching safepoint: 462500 ns, At safepoint: 132500 ns, Total: 595000 ns
[2020-05-01T16:55:27.197+0000][1][safepoint    ] Safepoint "Cleanup", Time since last: 1000658200 ns, Reaching safepoint: 509200 ns, At safepoint: 132400 ns, Total: 641600 ns
[2020-05-01T16:55:28.198+0000][1][safepoint    ] Safepoint "Cleanup", Time since last: 1000571900 ns, Reaching safepoint: 136800 ns, At safepoint: 43300 ns, Total: 180100 ns
[2020-05-01T16:55:29.198+0000][1][safepoint    ] Safepoint "Cleanup", Time since last: 1000231500 ns, Reaching safepoint: 229000 ns, At safepoint: 54100 ns, Total: 283100 ns
[2020-05-01T16:55:30.199+0000][1][safepoint    ] Safepoint "Cleanup", Time since last: 1000675500 ns, Reaching safepoint: 153300 ns, At safepoint: 37500 ns, Total: 190800 ns
[2020-05-01T16:55:31.200+0000][1][safepoint    ] Safepoint "Cleanup", Time since last: 1000482300 ns, Reaching safepoint: 310000 ns, At safepoint: 75000 ns, Total: 385000 ns
[2020-05-01T16:55:32.201+0000][1][safepoint    ] Safepoint "Cleanup", Time since last: 1000486400 ns, Reaching safepoint: 204100 ns, At safepoint: 37400 ns, Total: 241500 ns
[2020-05-01T16:55:33.201+0000][1][safepoint    ] Safepoint "Cleanup", Time since last: 1000185300 ns, Reaching safepoint: 149000 ns, At safepoint: 32400 ns, Total: 181400 ns
[2020-05-01T16:55:34.202+0000][1][safepoint    ] Safepoint "Cleanup", Time since last: 1000492900 ns, Reaching safepoint: 156500 ns, At safepoint: 37400 ns, Total: 193900 ns
[2020-05-01T16:55:35.202+0000][1][safepoint    ] Safepoint "Cleanup", Time since last: 1000117400 ns, Reaching safepoint: 132900 ns, At safepoint: 26600 ns, Total: 159500 ns
[2020-05-01T16:55:36.202+0000][1][safepoint    ] Safepoint "Cleanup", Time since last: 1000179500 ns, Reaching safepoint: 148800 ns, At safepoint: 31600 ns, Total: 180400 ns
[2020-05-01T16:55:37.203+0000][1][safepoint    ] Safepoint "Cleanup", Time since last: 1000631600 ns, Reaching safepoint: 465000 ns, At safepoint: 165800 ns, Total: 630800 ns
[2020-05-01T16:55:38.204+0000][1][safepoint    ] Safepoint "Cleanup", Time since last: 1000218400 ns, Reaching safepoint: 139900 ns, At safepoint: 28200 ns, Total: 168100 ns
[2020-05-01T16:55:39.205+0000][1][safepoint    ] Safepoint "Cleanup", Time since last: 1000349400 ns, Reaching safepoint: 527600 ns, At safepoint: 129700 ns, Total: 657300 ns
[2020-05-01T16:55:40.206+0000][1][safepoint    ] Safepoint "Cleanup", Time since last: 1000614500 ns, Reaching safepoint: 225800 ns, At safepoint: 58600 ns, Total: 284400 ns
[2020-05-01T16:55:41.207+0000][1][safepoint    ] Safepoint "Cleanup", Time since last: 1000574600 ns, Reaching safepoint: 477700 ns, At safepoint: 136500 ns, Total: 614200 ns
[2020-05-01T16:55:42.208+0000][1][safepoint    ] Safepoint "Cleanup", Time since last: 1000334800 ns, Reaching safepoint: 261200 ns, At safepoint: 50800 ns, Total: 312000 ns
[2020-05-01T16:55:43.208+0000][1][safepoint    ] Safepoint "Cleanup", Time since last: 1000219600 ns, Reaching safepoint: 151900 ns, At safepoint: 29800 ns, Total: 181700 ns
[2020-05-01T16:55:44.208+0000][1][safepoint    ] Safepoint "Cleanup", Time since last: 1000123900 ns, Reaching safepoint: 156800 ns, At safepoint: 28900 ns, Total: 185700 ns
[2020-05-01T16:55:45.209+0000][1][safepoint    ] Safepoint "Cleanup", Time since last: 1000219500 ns, Reaching safepoint: 166800 ns, At safepoint: 40300 ns, Total: 207100 ns
[2020-05-01T16:55:46.209+0000][1][safepoint    ] Safepoint "Cleanup", Time since last: 1000188700 ns, Reaching safepoint: 161200 ns, At safepoint: 29000 ns, Total: 190200 ns
[2020-05-01T16:55:47.210+0000][1][safepoint    ] Safepoint "Cleanup", Time since last: 1000206300 ns, Reaching safepoint: 142000 ns, At safepoint: 66500 ns, Total: 208500 ns
[2020-05-01T16:55:48.210+0000][1][safepoint    ] Safepoint "Cleanup", Time since last: 1000162300 ns, Reaching safepoint: 136900 ns, At safepoint: 26800 ns, Total: 163700 ns
[2020-05-01T16:55:49.211+0000][1][safepoint    ] Safepoint "Cleanup", Time since last: 1000654200 ns, Reaching safepoint: 197000 ns, At safepoint: 50300 ns, Total: 247300 ns
[2020-05-01T16:55:50.212+0000][1][safepoint    ] Safepoint "Cleanup", Time since last: 1000644300 ns, Reaching safepoint: 267300 ns, At safepoint: 71300 ns, Total: 338600 ns
[2020-05-01T16:55:51.212+0000][1][safepoint    ] Safepoint "Cleanup", Time since last: 1000191200 ns, Reaching safepoint: 255400 ns, At safepoint: 70400 ns, Total: 325800 ns
[2020-05-01T16:55:52.213+0000][1][safepoint    ] Safepoint "Cleanup", Time since last: 1000573300 ns, Reaching safepoint: 463100 ns, At safepoint: 135300 ns, Total: 598400 ns
[2020-05-01T16:55:53.214+0000][1][safepoint    ] Safepoint "Cleanup", Time since last: 1000226000 ns, Reaching safepoint: 138200 ns, At safepoint: 28900 ns, Total: 167100 ns
[2020-05-01T16:55:54.215+0000][1][safepoint    ] Safepoint "Cleanup", Time since last: 1000612300 ns, Reaching safepoint: 493400 ns, At safepoint: 137400 ns, Total: 630800 ns
[2020-05-01T16:55:55.216+0000][1][safepoint    ] Safepoint "Cleanup", Time since last: 1000558700 ns, Reaching safepoint: 142100 ns, At safepoint: 30900 ns, Total: 173000 ns
[2020-05-01T16:55:56.217+0000][1][safepoint    ] Safepoint "Cleanup", Time since last: 1000397800 ns, Reaching safepoint: 503000 ns, At safepoint: 139600 ns, Total: 642600 ns
[2020-05-01T16:55:57.218+0000][1][safepoint    ] Safepoint "Cleanup", Time since last: 1000351000 ns, Reaching safepoint: 531500 ns, At safepoint: 126800 ns, Total: 658300 ns
[2020-05-01T16:55:58.218+0000][1][safepoint    ] Safepoint "Cleanup", Time since last: 1000260700 ns, Reaching safepoint: 145900 ns, At safepoint: 33300 ns, Total: 179200 ns
[2020-05-01T16:55:59.219+0000][1][safepoint    ] Safepoint "Cleanup", Time since last: 1000274500 ns, Reaching safepoint: 290300 ns, At safepoint: 64200 ns, Total: 354500 ns
[2020-05-01T16:56:00.219+0000][1][safepoint    ] Safepoint "Cleanup", Time since last: 1000178700 ns, Reaching safepoint: 167200 ns, At safepoint: 28400 ns, Total: 195600 ns
[2020-05-01T16:56:01.220+0000][1][safepoint    ] Safepoint "Cleanup", Time since last: 1000424500 ns, Reaching safepoint: 627100 ns, At safepoint: 127300 ns, Total: 754400 ns
[2020-05-01T16:56:02.221+0000][1][safepoint    ] Safepoint "Cleanup", Time since last: 1000446300 ns, Reaching safepoint: 348800 ns, At safepoint: 70000 ns, Total: 418800 ns
[2020-05-01T16:56:03.222+0000][1][safepoint    ] Safepoint "Cleanup", Time since last: 1000226900 ns, Reaching safepoint: 210800 ns, At safepoint: 31700 ns, Total: 242500 ns
[2020-05-01T16:56:04.223+0000][1][safepoint    ] Safepoint "Cleanup", Time since last: 1000677300 ns, Reaching safepoint: 426700 ns, At safepoint: 129800 ns, Total: 556500 ns
[2020-05-01T16:56:05.224+0000][1][safepoint    ] Safepoint "Cleanup", Time since last: 1000322700 ns, Reaching safepoint: 150000 ns, At safepoint: 36300 ns, Total: 186300 ns
[2020-05-01T16:56:06.225+0000][1][safepoint    ] Safepoint "Cleanup", Time since last: 1000368700 ns, Reaching safepoint: 517400 ns, At safepoint: 126700 ns, Total: 644100 ns
[2020-05-01T16:56:07.225+0000][1][safepoint    ] Safepoint "Cleanup", Time since last: 1000267000 ns, Reaching safepoint: 217700 ns, At safepoint: 87200 ns, Total: 304900 ns
[2020-05-01T16:56:08.225+0000][1][safepoint    ] Safepoint "Cleanup", Time since last: 1000185800 ns, Reaching safepoint: 140600 ns, At safepoint: 29600 ns, Total: 170200 ns
[2020-05-01T16:56:09.226+0000][1][safepoint    ] Safepoint "Cleanup", Time since last: 1000576700 ns, Reaching safepoint: 134500 ns, At safepoint: 31000 ns, Total: 165500 ns
[2020-05-01T16:56:10.227+0000][1][safepoint    ] Safepoint "Cleanup", Time since last: 1000251000 ns, Reaching safepoint: 506200 ns, At safepoint: 126100 ns, Total: 632300 ns
[2020-05-01T16:56:11.228+0000][1][safepoint    ] Safepoint "Cleanup", Time since last: 1000638000 ns, Reaching safepoint: 181600 ns, At safepoint: 48300 ns, Total: 229900 ns
[2020-05-01T16:56:12.229+0000][1][safepoint    ] Safepoint "Cleanup", Time since last: 1000400700 ns, Reaching safepoint: 572300 ns, At safepoint: 143800 ns, Total: 716100 ns
[2020-05-01T16:56:13.230+0000][1][safepoint    ] Safepoint "Cleanup", Time since last: 1000621400 ns, Reaching safepoint: 494500 ns, At safepoint: 129800 ns, Total: 624300 ns
[2020-05-01T16:56:14.231+0000][1][safepoint    ] Safepoint "Cleanup", Time since last: 1000300600 ns, Reaching safepoint: 222000 ns, At safepoint: 56500 ns, Total: 278500 ns
[2020-05-01T16:56:15.231+0000][1][safepoint    ] Safepoint "Cleanup", Time since last: 1000159800 ns, Reaching safepoint: 144300 ns, At safepoint: 26300 ns, Total: 170600 ns
[2020-05-01T16:56:16.232+0000][1][safepoint    ] Safepoint "Cleanup", Time since last: 1000178100 ns, Reaching safepoint: 135900 ns, At safepoint: 31900 ns, Total: 167800 ns
[2020-05-01T16:56:17.232+0000][1][safepoint    ] Safepoint "Cleanup", Time since last: 1000352300 ns, Reaching safepoint: 258800 ns, At safepoint: 72300 ns, Total: 331100 ns
[2020-05-01T16:56:18.233+0000][1][safepoint    ] Safepoint "Cleanup", Time since last: 1000595200 ns, Reaching safepoint: 168200 ns, At safepoint: 45800 ns, Total: 214000 ns
[2020-05-01T16:56:19.234+0000][1][safepoint    ] Safepoint "Cleanup", Time since last: 1000333100 ns, Reaching safepoint: 514800 ns, At safepoint: 128700 ns, Total: 643500 ns
[2020-05-01T16:56:20.235+0000][1][safepoint    ] Safepoint "Cleanup", Time since last: 1000626800 ns, Reaching safepoint: 157600 ns, At safepoint: 38200 ns, Total: 195800 ns
[2020-05-01T16:56:21.236+0000][1][safepoint    ] Safepoint "Cleanup", Time since last: 1000347300 ns, Reaching safepoint: 458900 ns, At safepoint: 141100 ns, Total: 600000 ns
[2020-05-01T16:56:22.237+0000][1][safepoint    ] Safepoint "Cleanup", Time since last: 1000382000 ns, Reaching safepoint: 453000 ns, At safepoint: 133000 ns, Total: 586000 ns
[2020-05-01T16:56:23.238+0000][1][safepoint    ] Safepoint "Cleanup", Time since last: 1000541900 ns, Reaching safepoint: 537500 ns, At safepoint: 126200 ns, Total: 663700 ns
[2020-05-01T16:56:24.239+0000][1][safepoint    ] Safepoint "Cleanup", Time since last: 1000503600 ns, Reaching safepoint: 305500 ns, At safepoint: 100400 ns, Total: 405900 ns
[2020-05-01T16:56:25.239+0000][1][safepoint    ] Safepoint "Cleanup", Time since last: 1000199200 ns, Reaching safepoint: 131700 ns, At safepoint: 25800 ns, Total: 157500 ns
[2020-05-01T16:56:26.240+0000][1][safepoint    ] Safepoint "Cleanup", Time since last: 1000213800 ns, Reaching safepoint: 140000 ns, At safepoint: 31400 ns, Total: 171400 ns
[2020-05-01T16:56:27.241+0000][1][safepoint    ] Safepoint "Cleanup", Time since last: 1000327800 ns, Reaching safepoint: 465500 ns, At safepoint: 146500 ns, Total: 612000 ns
[2020-05-01T16:56:28.241+0000][1][safepoint    ] Safepoint "Cleanup", Time since last: 1000259000 ns, Reaching safepoint: 224600 ns, At safepoint: 39500 ns, Total: 264100 ns
[2020-05-01T16:56:29.242+0000][1][safepoint    ] Safepoint "Cleanup", Time since last: 1000191000 ns, Reaching safepoint: 166600 ns, At safepoint: 29200 ns, Total: 195800 ns
[2020-05-01T16:56:30.242+0000][1][safepoint    ] Safepoint "Cleanup", Time since last: 1000267900 ns, Reaching safepoint: 211200 ns, At safepoint: 32900 ns, Total: 244100 ns
[2020-05-01T16:56:31.242+0000][1][safepoint    ] Safepoint "Cleanup", Time since last: 1000127600 ns, Reaching safepoint: 141900 ns, At safepoint: 30900 ns, Total: 172800 ns
[2020-05-01T16:56:32.243+0000][1][safepoint    ] Safepoint "Cleanup", Time since last: 1000162200 ns, Reaching safepoint: 133800 ns, At safepoint: 30300 ns, Total: 164100 ns
[2020-05-01T16:56:33.243+0000][1][safepoint    ] Safepoint "Cleanup", Time since last: 1000219200 ns, Reaching safepoint: 247900 ns, At safepoint: 67500 ns, Total: 315400 ns
[2020-05-01T16:56:34.244+0000][1][safepoint    ] Safepoint "Cleanup", Time since last: 1000517800 ns, Reaching safepoint: 146100 ns, At safepoint: 36200 ns, Total: 182300 ns
[2020-05-01T16:56:35.244+0000][1][safepoint    ] Safepoint "Cleanup", Time since last: 1000279900 ns, Reaching safepoint: 233900 ns, At safepoint: 39200 ns, Total: 273100 ns
[2020-05-01T16:56:36.245+0000][1][safepoint    ] Safepoint "Cleanup", Time since last: 1000200000 ns, Reaching safepoint: 248000 ns, At safepoint: 37200 ns, Total: 285200 ns
[2020-05-01T16:56:37.246+0000][1][safepoint    ] Safepoint "Cleanup", Time since last: 1000305700 ns, Reaching safepoint: 418000 ns, At safepoint: 118800 ns, Total: 536800 ns
[2020-05-01T16:56:38.247+0000][1][safepoint    ] Safepoint "Cleanup", Time since last: 1000319400 ns, Reaching safepoint: 387500 ns, At safepoint: 91400 ns, Total: 478900 ns
[2020-05-01T16:56:39.247+0000][1][safepoint    ] Safepoint "Cleanup", Time since last: 1000200000 ns, Reaching safepoint: 192400 ns, At safepoint: 27800 ns, Total: 220200 ns
[2020-05-01T16:56:40.248+0000][1][safepoint    ] Safepoint "Cleanup", Time since last: 1000293600 ns, Reaching safepoint: 451000 ns, At safepoint: 130400 ns, Total: 581400 ns
[2020-05-01T16:56:41.249+0000][1][safepoint    ] Safepoint "Cleanup", Time since last: 1000387400 ns, Reaching safepoint: 223000 ns, At safepoint: 38300 ns, Total: 261300 ns
[2020-05-01T16:56:42.249+0000][1][safepoint    ] Safepoint "Cleanup", Time since last: 1000226300 ns, Reaching safepoint: 192700 ns, At safepoint: 60800 ns, Total: 253500 ns
[2020-05-01T16:56:43.249+0000][1][safepoint    ] Safepoint "Cleanup", Time since last: 1000169700 ns, Reaching safepoint: 137700 ns, At safepoint: 28300 ns, Total: 166000 ns
[2020-05-01T16:56:44.250+0000][1][safepoint    ] Safepoint "Cleanup", Time since last: 1000250100 ns, Reaching safepoint: 297100 ns, At safepoint: 85400 ns, Total: 382500 ns
[2020-05-01T16:56:45.251+0000][1][safepoint    ] Safepoint "Cleanup", Time since last: 1000509100 ns, Reaching safepoint: 150500 ns, At safepoint: 38000 ns, Total: 188500 ns
[2020-05-01T16:56:46.252+0000][1][safepoint    ] Safepoint "Cleanup", Time since last: 1000377800 ns, Reaching safepoint: 433700 ns, At safepoint: 128700 ns, Total: 562400 ns
[2020-05-01T16:56:47.252+0000][1][safepoint    ] Safepoint "Cleanup", Time since last: 1000267700 ns, Reaching safepoint: 135900 ns, At safepoint: 40800 ns, Total: 176700 ns
[2020-05-01T16:56:48.253+0000][1][safepoint    ] Safepoint "Cleanup", Time since last: 1000262100 ns, Reaching safepoint: 356100 ns, At safepoint: 32200 ns, Total: 388300 ns
[2020-05-01T16:56:49.253+0000][1][safepoint    ] Safepoint "Cleanup", Time since last: 1000484900 ns, Reaching safepoint: 210700 ns, At safepoint: 57700 ns, Total: 268400 ns
[2020-05-01T16:56:50.254+0000][1][safepoint    ] Safepoint "Cleanup", Time since last: 1000266600 ns, Reaching safepoint: 192100 ns, At safepoint: 50400 ns, Total: 242500 ns
[2020-05-01T16:56:51.255+0000][1][safepoint    ] Safepoint "Cleanup", Time since last: 1000552500 ns, Reaching safepoint: 236300 ns, At safepoint: 61300 ns, Total: 297600 ns
[2020-05-01T16:56:52.255+0000][1][safepoint    ] Safepoint "Cleanup", Time since last: 1000229500 ns, Reaching safepoint: 233200 ns, At safepoint: 67500 ns, Total: 300700 ns
[2020-05-01T16:56:53.256+0000][1][safepoint    ] Safepoint "Cleanup", Time since last: 1000429900 ns, Reaching safepoint: 487200 ns, At safepoint: 136500 ns, Total: 623700 ns
[2020-05-01T16:56:54.257+0000][1][safepoint    ] Safepoint "Cleanup", Time since last: 1000335100 ns, Reaching safepoint: 385500 ns, At safepoint: 94400 ns, Total: 479900 ns
[2020-05-01T16:56:55.258+0000][1][safepoint    ] Safepoint "Cleanup", Time since last: 1000257800 ns, Reaching safepoint: 197700 ns, At safepoint: 44200 ns, Total: 241900 ns
[2020-05-01T16:56:56.259+0000][1][safepoint    ] Safepoint "Cleanup", Time since last: 1000802700 ns, Reaching safepoint: 415700 ns, At safepoint: 136900 ns, Total: 552600 ns
[2020-05-01T16:56:57.260+0000][1][safepoint    ] Safepoint "Cleanup", Time since last: 1000354600 ns, Reaching safepoint: 447500 ns, At safepoint: 127000 ns, Total: 574500 ns
[2020-05-01T16:56:58.260+0000][1][safepoint    ] Safepoint "Cleanup", Time since last: 1000187100 ns, Reaching safepoint: 137600 ns, At safepoint: 30200 ns, Total: 167800 ns
[2020-05-01T16:56:59.261+0000][1][safepoint    ] Safepoint "Cleanup", Time since last: 1000291700 ns, Reaching safepoint: 266000 ns, At safepoint: 75900 ns, Total: 341900 ns
[2020-05-01T16:57:00.262+0000][1][safepoint    ] Safepoint "Cleanup", Time since last: 1000262700 ns, Reaching safepoint: 285600 ns, At safepoint: 29300 ns, Total: 314900 ns
[2020-05-01T16:57:00.707+0000][1][gc,start     ] GC(20) Pause Young (Allocation Failure)
[2020-05-01T16:57:00.707+0000][1][gc,task      ] GC(20) Using 10 workers of 10 for evacuation
[2020-05-01T16:57:00.715+0000][1][gc,age       ] GC(20) Desired survivor size 8945664 bytes, new threshold 6 (max threshold 6)
[2020-05-01T16:57:00.715+0000][1][gc,age       ] GC(20) Age table with threshold 6 (max threshold 6)
[2020-05-01T16:57:00.715+0000][1][gc,age       ] GC(20) - age   1:     838576 bytes,     838576 total
[2020-05-01T16:57:00.715+0000][1][gc,age       ] GC(20) - age   2:     836392 bytes,    1674968 total
[2020-05-01T16:57:00.715+0000][1][gc,age       ] GC(20) - age   3:    3930368 bytes,    5605336 total
[2020-05-01T16:57:00.716+0000][1][gc,heap      ] GC(20) ParNew: 151721K->8723K(157248K)
[2020-05-01T16:57:00.716+0000][1][gc,heap      ] GC(20) CMS: 76099K->76099K(349568K)
[2020-05-01T16:57:00.716+0000][1][gc,metaspace ] GC(20) Metaspace: 93440K->93440K(1134592K)
[2020-05-01T16:57:00.716+0000][1][gc           ] GC(20) Pause Young (Allocation Failure) 222M->82M(494M) 8.343ms
[2020-05-01T16:57:00.716+0000][1][gc,cpu       ] GC(20) User=0.06s Sys=0.00s Real=0.01s
[2020-05-01T16:57:00.716+0000][1][safepoint    ] Safepoint "GenCollectForAllocation", Time since last: 445104700 ns, Reaching safepoint: 485800 ns, At safepoint: 8476900 ns, Total: 8962700 ns
[2020-05-01T16:57:01.716+0000][1][safepoint    ] Safepoint "Cleanup", Time since last: 1000154900 ns, Reaching safepoint: 134700 ns, At safepoint: 27200 ns, Total: 161900 ns
[2020-05-01T16:57:02.716+0000][1][safepoint    ] Safepoint "Cleanup", Time since last: 1000179000 ns, Reaching safepoint: 134000 ns, At safepoint: 27900 ns, Total: 161900 ns
[2020-05-01T16:57:03.717+0000][1][safepoint    ] Safepoint "Cleanup", Time since last: 1000484400 ns, Reaching safepoint: 149900 ns, At safepoint: 36700 ns, Total: 186600 ns
[2020-05-01T16:57:04.717+0000][1][safepoint    ] Safepoint "Cleanup", Time since last: 1000151600 ns, Reaching safepoint: 137300 ns, At safepoint: 39600 ns, Total: 176900 ns
[2020-05-01T16:57:05.719+0000][1][safepoint    ] Safepoint "Cleanup", Time since last: 1000697800 ns, Reaching safepoint: 451800 ns, At safepoint: 135600 ns, Total: 587400 ns
[2020-05-01T16:57:06.720+0000][1][safepoint    ] Safepoint "Cleanup", Time since last: 1000345900 ns, Reaching safepoint: 562700 ns, At safepoint: 122100 ns, Total: 684800 ns
[2020-05-01T16:57:07.721+0000][1][safepoint    ] Safepoint "Cleanup", Time since last: 1000552900 ns, Reaching safepoint: 287000 ns, At safepoint: 74400 ns, Total: 361400 ns
[2020-05-01T16:57:08.721+0000][1][safepoint    ] Safepoint "Cleanup", Time since last: 1000609100 ns, Reaching safepoint: 132200 ns, At safepoint: 31100 ns, Total: 163300 ns
[2020-05-01T16:57:09.722+0000][1][safepoint    ] Safepoint "Cleanup", Time since last: 1000296400 ns, Reaching safepoint: 464600 ns, At safepoint: 115000 ns, Total: 579600 ns
[2020-05-01T16:57:10.723+0000][1][safepoint    ] Safepoint "Cleanup", Time since last: 1000208000 ns, Reaching safepoint: 140600 ns, At safepoint: 26600 ns, Total: 167200 ns
[2020-05-01T16:57:11.723+0000][1][safepoint    ] Safepoint "Cleanup", Time since last: 1000349500 ns, Reaching safepoint: 428400 ns, At safepoint: 150500 ns, Total: 578900 ns
[2020-05-01T16:57:12.724+0000][1][safepoint    ] Safepoint "Cleanup", Time since last: 1000272400 ns, Reaching safepoint: 200100 ns, At safepoint: 28400 ns, Total: 228500 ns
[2020-05-01T16:57:13.725+0000][1][safepoint    ] Safepoint "Cleanup", Time since last: 1000274900 ns, Reaching safepoint: 296400 ns, At safepoint: 77000 ns, Total: 373400 ns
[2020-05-01T16:57:14.725+0000][1][safepoint    ] Safepoint "Cleanup", Time since last: 1000450300 ns, Reaching safepoint: 139800 ns, At safepoint: 31200 ns, Total: 171000 ns
[2020-05-01T16:57:15.726+0000][1][safepoint    ] Safepoint "Cleanup", Time since last: 1000409200 ns, Reaching safepoint: 515100 ns, At safepoint: 147500 ns, Total: 662600 ns
[2020-05-01T16:57:16.728+0000][1][safepoint    ] Safepoint "Cleanup", Time since last: 1000740400 ns, Reaching safepoint: 457900 ns, At safepoint: 140500 ns, Total: 598400 ns
[2020-05-01T16:57:17.728+0000][1][safepoint    ] Safepoint "Cleanup", Time since last: 1000397200 ns, Reaching safepoint: 197300 ns, At safepoint: 54900 ns, Total: 252200 ns
[2020-05-01T16:57:18.729+0000][1][safepoint    ] Safepoint "Cleanup", Time since last: 1000228500 ns, Reaching safepoint: 180000 ns, At safepoint: 40700 ns, Total: 220700 ns
[2020-05-01T16:57:19.561+0000][1][safepoint    ] Safepoint "RevokeBias", Time since last: 831390400 ns, Reaching safepoint: 352300 ns, At safepoint: 143400 ns, Total: 495700 ns
[2020-05-01T16:57:19.562+0000][1][safepoint    ] Safepoint "RevokeBias", Time since last: 530400 ns, Reaching safepoint: 408200 ns, At safepoint: 159900 ns, Total: 568100 ns
[2020-05-01T16:57:19.565+0000][1][safepoint    ] Safepoint "RevokeBias", Time since last: 2527600 ns, Reaching safepoint: 232000 ns, At safepoint: 81600 ns, Total: 313600 ns
[2020-05-01T16:57:19.565+0000][1][safepoint    ] Safepoint "RevokeBias", Time since last: 359600 ns, Reaching safepoint: 169200 ns, At safepoint: 80700 ns, Total: 249900 ns
[2020-05-01T16:57:19.566+0000][1][safepoint    ] Safepoint "RevokeBias", Time since last: 396500 ns, Reaching safepoint: 176800 ns, At safepoint: 159200 ns, Total: 336000 ns
[2020-05-01T16:57:19.567+0000][1][safepoint    ] Safepoint "RevokeBias", Time since last: 390200 ns, Reaching safepoint: 206000 ns, At safepoint: 145200 ns, Total: 351200 ns
[2020-05-01T16:57:19.567+0000][1][safepoint    ] Safepoint "RevokeBias", Time since last: 370700 ns, Reaching safepoint: 205300 ns, At safepoint: 202600 ns, Total: 407900 ns
[2020-05-01T16:57:19.569+0000][1][safepoint    ] Safepoint "RevokeBias", Time since last: 1290300 ns, Reaching safepoint: 217700 ns, At safepoint: 141400 ns, Total: 359100 ns
[2020-05-01T16:57:19.570+0000][1][safepoint    ] Safepoint "RevokeBias", Time since last: 529800 ns, Reaching safepoint: 205800 ns, At safepoint: 99100 ns, Total: 304900 ns
[2020-05-01T16:57:19.571+0000][1][safepoint    ] Safepoint "RevokeBias", Time since last: 1128700 ns, Reaching safepoint: 226300 ns, At safepoint: 134300 ns, Total: 360600 ns
[2020-05-01T16:57:19.598+0000][1][safepoint    ] Safepoint "RevokeBias", Time since last: 26201800 ns, Reaching safepoint: 115400 ns, At safepoint: 35800 ns, Total: 151200 ns
[2020-05-01T16:57:19.598+0000][1][safepoint    ] Safepoint "RevokeBias", Time since last: 456900 ns, Reaching safepoint: 112000 ns, At safepoint: 43900 ns, Total: 155900 ns
[2020-05-01T16:57:19.830+0000][1][safepoint    ] Safepoint "RevokeBias", Time since last: 231894500 ns, Reaching safepoint: 152300 ns, At safepoint: 51800 ns, Total: 204100 ns
[2020-05-01T16:57:19.831+0000][1][safepoint    ] Safepoint "RevokeBias", Time since last: 535400 ns, Reaching safepoint: 116600 ns, At safepoint: 45000 ns, Total: 161600 ns
[2020-05-01T16:57:19.832+0000][1][safepoint    ] Safepoint "RevokeBias", Time since last: 813900 ns, Reaching safepoint: 101000 ns, At safepoint: 64900 ns, Total: 165900 ns
[2020-05-01T16:57:20.833+0000][1][safepoint    ] Safepoint "Cleanup", Time since last: 1000553000 ns, Reaching safepoint: 596200 ns, At safepoint: 186600 ns, Total: 782800 ns
[2020-05-01T16:57:21.834+0000][1][safepoint    ] Safepoint "Cleanup", Time since last: 1000256900 ns, Reaching safepoint: 122000 ns, At safepoint: 27000 ns, Total: 149000 ns
[2020-05-01T16:57:22.393+0000][1][safepoint    ] Safepoint "RevokeBias", Time since last: 558858300 ns, Reaching safepoint: 136900 ns, At safepoint: 58200 ns, Total: 195100 ns
[2020-05-01T16:57:22.393+0000][1][safepoint    ] Safepoint "RevokeBias", Time since last: 225300 ns, Reaching safepoint: 108200 ns, At safepoint: 61600 ns, Total: 169800 ns
[2020-05-01T16:57:23.394+0000][1][safepoint    ] Safepoint "Cleanup", Time since last: 1000301200 ns, Reaching safepoint: 337000 ns, At safepoint: 98700 ns, Total: 435700 ns
[2020-05-01T16:57:24.395+0000][1][safepoint    ] Safepoint "Cleanup", Time since last: 1000348000 ns, Reaching safepoint: 460800 ns, At safepoint: 160200 ns, Total: 621000 ns
[2020-05-01T16:57:25.397+0000][1][safepoint    ] Safepoint "Cleanup", Time since last: 1000381400 ns, Reaching safepoint: 916000 ns, At safepoint: 275300 ns, Total: 1191300 ns
[2020-05-01T16:57:26.398+0000][1][safepoint    ] Safepoint "Cleanup", Time since last: 1000638100 ns, Reaching safepoint: 432700 ns, At safepoint: 133200 ns, Total: 565900 ns
[2020-05-01T16:57:27.399+0000][1][safepoint    ] Safepoint "Cleanup", Time since last: 1000665300 ns, Reaching safepoint: 127800 ns, At safepoint: 30500 ns, Total: 158300 ns
[2020-05-01T16:57:28.400+0000][1][safepoint    ] Safepoint "Cleanup", Time since last: 1000307500 ns, Reaching safepoint: 729000 ns, At safepoint: 263200 ns, Total: 992200 ns
[2020-05-01T16:57:29.401+0000][1][safepoint    ] Safepoint "Cleanup", Time since last: 1000306400 ns, Reaching safepoint: 247500 ns, At safepoint: 70300 ns, Total: 317800 ns
[2020-05-01T16:57:30.402+0000][1][safepoint    ] Safepoint "Cleanup", Time since last: 1000763200 ns, Reaching safepoint: 460500 ns, At safepoint: 136700 ns, Total: 597200 ns
[2020-05-01T16:57:31.402+0000][1][safepoint    ] Safepoint "Cleanup", Time since last: 1000385800 ns, Reaching safepoint: 133600 ns, At safepoint: 30000 ns, Total: 163600 ns
[2020-05-01T16:57:32.403+0000][1][safepoint    ] Safepoint "Cleanup", Time since last: 1000210800 ns, Reaching safepoint: 134800 ns, At safepoint: 25800 ns, Total: 160600 ns
[2020-05-01T16:57:33.404+0000][1][safepoint    ] Safepoint "Cleanup", Time since last: 1000329800 ns, Reaching safepoint: 530700 ns, At safepoint: 126800 ns, Total: 657500 ns
[2020-05-01T16:57:34.404+0000][1][safepoint    ] Safepoint "Cleanup", Time since last: 1000171000 ns, Reaching safepoint: 251600 ns, At safepoint: 43200 ns, Total: 294800 ns
[2020-05-01T16:57:35.405+0000][1][safepoint    ] Safepoint "Cleanup", Time since last: 1000509300 ns, Reaching safepoint: 461500 ns, At safepoint: 134500 ns, Total: 596000 ns
[2020-05-01T16:57:36.407+0000][1][safepoint    ] Safepoint "Cleanup", Time since last: 1000587600 ns, Reaching safepoint: 451600 ns, At safepoint: 148800 ns, Total: 600400 ns
[2020-05-01T16:57:37.417+0000][1][safepoint    ] Safepoint "Cleanup", Time since last: 1010559100 ns, Reaching safepoint: 126300 ns, At safepoint: 38400 ns, Total: 164700 ns
[2020-05-01T16:57:38.418+0000][1][safepoint    ] Safepoint "Cleanup", Time since last: 1000434100 ns, Reaching safepoint: 510400 ns, At safepoint: 180800 ns, Total: 691200 ns
[2020-05-01T16:57:39.419+0000][1][safepoint    ] Safepoint "Cleanup", Time since last: 1000236500 ns, Reaching safepoint: 132600 ns, At safepoint: 29300 ns, Total: 161900 ns
[2020-05-01T16:57:40.419+0000][1][safepoint    ] Safepoint "Cleanup", Time since last: 1000179000 ns, Reaching safepoint: 208900 ns, At safepoint: 25800 ns, Total: 234700 ns
[2020-05-01T16:57:41.420+0000][1][safepoint    ] Safepoint "Cleanup", Time since last: 1000424500 ns, Reaching safepoint: 421300 ns, At safepoint: 130400 ns, Total: 551700 ns
[2020-05-01T16:57:42.421+0000][1][safepoint    ] Safepoint "Cleanup", Time since last: 1000225100 ns, Reaching safepoint: 136900 ns, At safepoint: 29600 ns, Total: 166500 ns
[2020-05-01T16:57:43.422+0000][1][safepoint    ] Safepoint "Cleanup", Time since last: 1000551200 ns, Reaching safepoint: 527700 ns, At safepoint: 127100 ns, Total: 654800 ns
[2020-05-01T16:57:44.423+0000][1][safepoint    ] Safepoint "Cleanup", Time since last: 1000594300 ns, Reaching safepoint: 423800 ns, At safepoint: 133600 ns, Total: 557400 ns
[2020-05-01T16:57:45.424+0000][1][safepoint    ] Safepoint "Cleanup", Time since last: 1000433300 ns, Reaching safepoint: 445600 ns, At safepoint: 134800 ns, Total: 580400 ns
[2020-05-01T16:57:46.424+0000][1][safepoint    ] Safepoint "Cleanup", Time since last: 1000189700 ns, Reaching safepoint: 128800 ns, At safepoint: 27300 ns, Total: 156100 ns
[2020-05-01T16:57:47.425+0000][1][safepoint    ] Safepoint "Cleanup", Time since last: 1000206600 ns, Reaching safepoint: 146200 ns, At safepoint: 28000 ns, Total: 174200 ns
[2020-05-01T16:57:48.426+0000][1][safepoint    ] Safepoint "Cleanup", Time since last: 1000451500 ns, Reaching safepoint: 460900 ns, At safepoint: 146300 ns, Total: 607200 ns
[2020-05-01T16:57:49.427+0000][1][safepoint    ] Safepoint "Cleanup", Time since last: 1000833700 ns, Reaching safepoint: 451600 ns, At safepoint: 140300 ns, Total: 591900 ns
[2020-05-01T16:57:50.428+0000][1][safepoint    ] Safepoint "Cleanup", Time since last: 1000333700 ns, Reaching safepoint: 328100 ns, At safepoint: 94700 ns, Total: 422800 ns
[2020-05-01T16:57:51.429+0000][1][safepoint    ] Safepoint "Cleanup", Time since last: 1000417300 ns, Reaching safepoint: 452000 ns, At safepoint: 138200 ns, Total: 590200 ns
[2020-05-01T16:57:52.429+0000][1][safepoint    ] Safepoint "Cleanup", Time since last: 1000279400 ns, Reaching safepoint: 130700 ns, At safepoint: 24200 ns, Total: 154900 ns
[2020-05-01T16:57:53.430+0000][1][safepoint    ] Safepoint "Cleanup", Time since last: 1000160700 ns, Reaching safepoint: 137500 ns, At safepoint: 31200 ns, Total: 168700 ns
[2020-05-01T16:57:54.431+0000][1][safepoint    ] Safepoint "Cleanup", Time since last: 1000420000 ns, Reaching safepoint: 512400 ns, At safepoint: 133600 ns, Total: 646000 ns
[2020-05-01T16:57:55.432+0000][1][safepoint    ] Safepoint "Cleanup", Time since last: 1000549800 ns, Reaching safepoint: 341600 ns, At safepoint: 95900 ns, Total: 437500 ns
[2020-05-01T16:57:56.433+0000][1][safepoint    ] Safepoint "Cleanup", Time since last: 1000766700 ns, Reaching safepoint: 450100 ns, At safepoint: 134000 ns, Total: 584100 ns
[2020-05-01T16:57:57.434+0000][1][safepoint    ] Safepoint "Cleanup", Time since last: 1000397500 ns, Reaching safepoint: 500700 ns, At safepoint: 126800 ns, Total: 627500 ns
[2020-05-01T16:57:58.435+0000][1][safepoint    ] Safepoint "Cleanup", Time since last: 1000265900 ns, Reaching safepoint: 139100 ns, At safepoint: 32000 ns, Total: 171100 ns
[2020-05-01T16:57:59.435+0000][1][safepoint    ] Safepoint "Cleanup", Time since last: 1000151800 ns, Reaching safepoint: 138600 ns, At safepoint: 31000 ns, Total: 169600 ns
[2020-05-01T16:58:00.435+0000][1][safepoint    ] Safepoint "Cleanup", Time since last: 1000199100 ns, Reaching safepoint: 159900 ns, At safepoint: 38000 ns, Total: 197900 ns
[2020-05-01T16:58:01.436+0000][1][safepoint    ] Safepoint "Cleanup", Time since last: 1000166800 ns, Reaching safepoint: 138400 ns, At safepoint: 30500 ns, Total: 168900 ns
[2020-05-01T16:58:02.436+0000][1][safepoint    ] Safepoint "Cleanup", Time since last: 1000228900 ns, Reaching safepoint: 223300 ns, At safepoint: 29600 ns, Total: 252900 ns
[2020-05-01T16:58:03.437+0000][1][safepoint    ] Safepoint "Cleanup", Time since last: 1000259500 ns, Reaching safepoint: 147600 ns, At safepoint: 26500 ns, Total: 174100 ns
[2020-05-01T16:58:04.437+0000][1][safepoint    ] Safepoint "Cleanup", Time since last: 1000149700 ns, Reaching safepoint: 126900 ns, At safepoint: 26700 ns, Total: 153600 ns
[2020-05-01T16:58:05.437+0000][1][safepoint    ] Safepoint "Cleanup", Time since last: 1000168200 ns, Reaching safepoint: 142100 ns, At safepoint: 28200 ns, Total: 170300 ns
[2020-05-01T16:58:06.438+0000][1][safepoint    ] Safepoint "Cleanup", Time since last: 1000183600 ns, Reaching safepoint: 145800 ns, At safepoint: 28900 ns, Total: 174700 ns
[2020-05-01T16:58:07.438+0000][1][safepoint    ] Safepoint "Cleanup", Time since last: 1000184700 ns, Reaching safepoint: 211800 ns, At safepoint: 31100 ns, Total: 242900 ns
[2020-05-01T16:58:08.438+0000][1][safepoint    ] Safepoint "Cleanup", Time since last: 1000205000 ns, Reaching safepoint: 141300 ns, At safepoint: 28600 ns, Total: 169900 ns
[2020-05-01T16:58:09.439+0000][1][safepoint    ] Safepoint "Cleanup", Time since last: 1000179200 ns, Reaching safepoint: 133200 ns, At safepoint: 28100 ns, Total: 161300 ns
[2020-05-01T16:58:10.439+0000][1][safepoint    ] Safepoint "Cleanup", Time since last: 1000199800 ns, Reaching safepoint: 150500 ns, At safepoint: 28600 ns, Total: 179100 ns
[2020-05-01T16:58:11.439+0000][1][safepoint    ] Safepoint "Cleanup", Time since last: 1000182000 ns, Reaching safepoint: 135000 ns, At safepoint: 26700 ns, Total: 161700 ns
[2020-05-01T16:58:12.440+0000][1][safepoint    ] Safepoint "Cleanup", Time since last: 1000377700 ns, Reaching safepoint: 477600 ns, At safepoint: 120900 ns, Total: 598500 ns
[2020-05-01T16:58:13.442+0000][1][safepoint    ] Safepoint "Cleanup", Time since last: 1000660600 ns, Reaching safepoint: 524500 ns, At safepoint: 128800 ns, Total: 653300 ns
[2020-05-01T16:58:14.443+0000][1][safepoint    ] Safepoint "Cleanup", Time since last: 1000666300 ns, Reaching safepoint: 452900 ns, At safepoint: 135500 ns, Total: 588400 ns
[2020-05-01T16:58:15.444+0000][1][safepoint    ] Safepoint "Cleanup", Time since last: 1000856200 ns, Reaching safepoint: 432000 ns, At safepoint: 137300 ns, Total: 569300 ns
[2020-05-01T16:58:16.445+0000][1][safepoint    ] Safepoint "Cleanup", Time since last: 1000260600 ns, Reaching safepoint: 292300 ns, At safepoint: 70200 ns, Total: 362500 ns
[2020-05-01T16:58:17.446+0000][1][safepoint    ] Safepoint "Cleanup", Time since last: 1000485800 ns, Reaching safepoint: 657800 ns, At safepoint: 190700 ns, Total: 848500 ns
[2020-05-01T16:58:18.447+0000][1][safepoint    ] Safepoint "Cleanup", Time since last: 1000310000 ns, Reaching safepoint: 297800 ns, At safepoint: 70300 ns, Total: 368100 ns
[2020-05-01T16:58:19.448+0000][1][safepoint    ] Safepoint "Cleanup", Time since last: 1000263600 ns, Reaching safepoint: 267100 ns, At safepoint: 38100 ns, Total: 305200 ns
[2020-05-01T16:58:20.448+0000][1][safepoint    ] Safepoint "Cleanup", Time since last: 1000216900 ns, Reaching safepoint: 126800 ns, At safepoint: 28800 ns, Total: 155600 ns
[2020-05-01T16:58:21.449+0000][1][safepoint    ] Safepoint "Cleanup", Time since last: 1000525900 ns, Reaching safepoint: 452100 ns, At safepoint: 134700 ns, Total: 586800 ns
[2020-05-01T16:58:22.450+0000][1][safepoint    ] Safepoint "Cleanup", Time since last: 1000567500 ns, Reaching safepoint: 136700 ns, At safepoint: 31400 ns, Total: 168100 ns
[2020-05-01T16:58:23.450+0000][1][safepoint    ] Safepoint "Cleanup", Time since last: 1000146000 ns, Reaching safepoint: 196100 ns, At safepoint: 46700 ns, Total: 242800 ns
[2020-05-01T16:58:24.451+0000][1][safepoint    ] Safepoint "Cleanup", Time since last: 1000173100 ns, Reaching safepoint: 415400 ns, At safepoint: 116000 ns, Total: 531400 ns
[2020-05-01T16:58:25.452+0000][1][safepoint    ] Safepoint "Cleanup", Time since last: 1000344200 ns, Reaching safepoint: 205900 ns, At safepoint: 45700 ns, Total: 251600 ns
[2020-05-01T16:58:26.452+0000][1][safepoint    ] Safepoint "Cleanup", Time since last: 1000434600 ns, Reaching safepoint: 129900 ns, At safepoint: 32400 ns, Total: 162300 ns
[2020-05-01T16:58:30.169+0000][1][safepoint    ] Safepoint "Cleanup", Time since last: 3715737700 ns, Reaching safepoint: 549400 ns, At safepoint: 136100 ns, Total: 685500 ns
[2020-05-01T16:58:31.169+0000][1][safepoint    ] Safepoint "Cleanup", Time since last: 1000189800 ns, Reaching safepoint: 331900 ns, At safepoint: 59300 ns, Total: 391200 ns
[2020-05-01T16:58:32.170+0000][1][safepoint    ] Safepoint "Cleanup", Time since last: 1000218200 ns, Reaching safepoint: 636500 ns, At safepoint: 65600 ns, Total: 702100 ns
[2020-05-01T16:58:33.171+0000][1][safepoint    ] Safepoint "Cleanup", Time since last: 1000163100 ns, Reaching safepoint: 244700 ns, At safepoint: 98900 ns, Total: 343600 ns
[2020-05-01T16:58:34.171+0000][1][safepoint    ] Safepoint "Cleanup", Time since last: 1000158900 ns, Reaching safepoint: 278700 ns, At safepoint: 74200 ns, Total: 352900 ns
[2020-05-01T16:58:35.171+0000][1][safepoint    ] Safepoint "Cleanup", Time since last: 1000139900 ns, Reaching safepoint: 247600 ns, At safepoint: 45000 ns, Total: 292600 ns
[2020-05-01T16:58:36.172+0000][1][safepoint    ] Safepoint "Cleanup", Time since last: 1000134200 ns, Reaching safepoint: 369600 ns, At safepoint: 121800 ns, Total: 491400 ns
[2020-05-01T16:58:37.173+0000][1][safepoint    ] Safepoint "Cleanup", Time since last: 1000143400 ns, Reaching safepoint: 289600 ns, At safepoint: 62800 ns, Total: 352400 ns
[2020-05-01T16:58:38.173+0000][1][safepoint    ] Safepoint "Cleanup", Time since last: 1000180300 ns, Reaching safepoint: 257000 ns, At safepoint: 46600 ns, Total: 303600 ns
[2020-05-01T16:58:39.173+0000][1][safepoint    ] Safepoint "Cleanup", Time since last: 1000138000 ns, Reaching safepoint: 146000 ns, At safepoint: 40100 ns, Total: 186100 ns
[2020-05-01T16:58:40.174+0000][1][safepoint    ] Safepoint "Cleanup", Time since last: 1000156400 ns, Reaching safepoint: 314100 ns, At safepoint: 70000 ns, Total: 384100 ns
[2020-05-01T16:58:41.174+0000][1][safepoint    ] Safepoint "Cleanup", Time since last: 1000161400 ns, Reaching safepoint: 224900 ns, At safepoint: 48000 ns, Total: 272900 ns
[2020-05-01T16:58:42.175+0000][1][safepoint    ] Safepoint "Cleanup", Time since last: 1000132000 ns, Reaching safepoint: 144000 ns, At safepoint: 45700 ns, Total: 189700 ns
[2020-05-01T16:58:43.175+0000][1][safepoint    ] Safepoint "Cleanup", Time since last: 1000119500 ns, Reaching safepoint: 176600 ns, At safepoint: 37400 ns, Total: 214000 ns
[2020-05-01T16:58:44.175+0000][1][safepoint    ] Safepoint "Cleanup", Time since last: 1000167400 ns, Reaching safepoint: 145400 ns, At safepoint: 30900 ns, Total: 176300 ns
[2020-05-01T16:58:45.176+0000][1][safepoint    ] Safepoint "Cleanup", Time since last: 1000271700 ns, Reaching safepoint: 499600 ns, At safepoint: 221300 ns, Total: 720900 ns
[2020-05-01T16:58:46.177+0000][1][safepoint    ] Safepoint "Cleanup", Time since last: 1000197100 ns, Reaching safepoint: 295800 ns, At safepoint: 347400 ns, Total: 643200 ns
[2020-05-01T16:58:47.178+0000][1][safepoint    ] Safepoint "Cleanup", Time since last: 1000174000 ns, Reaching safepoint: 259900 ns, At safepoint: 48000 ns, Total: 307900 ns
[2020-05-01T16:58:48.178+0000][1][safepoint    ] Safepoint "Cleanup", Time since last: 1000146900 ns, Reaching safepoint: 195100 ns, At safepoint: 45600 ns, Total: 240700 ns
[2020-05-01T16:58:49.179+0000][1][safepoint    ] Safepoint "Cleanup", Time since last: 1000166300 ns, Reaching safepoint: 239300 ns, At safepoint: 55600 ns, Total: 294900 ns
[2020-05-01T16:58:50.179+0000][1][safepoint    ] Safepoint "Cleanup", Time since last: 1000180000 ns, Reaching safepoint: 197300 ns, At safepoint: 72000 ns, Total: 269300 ns
[2020-05-01T16:58:51.179+0000][1][safepoint    ] Safepoint "Cleanup", Time since last: 1000138900 ns, Reaching safepoint: 193900 ns, At safepoint: 51900 ns, Total: 245800 ns
[2020-05-01T16:58:58.507+0000][1][safepoint    ] Safepoint "Cleanup", Time since last: 7326969400 ns, Reaching safepoint: 343400 ns, At safepoint: 489600 ns, Total: 833000 ns
[2020-05-02T03:42:56.017+0000][1][safepoint    ] Safepoint "Cleanup", Time since last: 1000252300 ns, Reaching safepoint: 351500 ns, At safepoint: 160300 ns, Total: 511800 ns
[2020-05-02T03:42:57.018+0000][1][safepoint    ] Safepoint "Cleanup", Time since last: 1000185200 ns, Reaching safepoint: 476900 ns, At safepoint: 388100 ns, Total: 865000 ns
[2020-05-02T03:42:58.019+0000][1][safepoint    ] Safepoint "Cleanup", Time since last: 1000179400 ns, Reaching safepoint: 554700 ns, At safepoint: 312800 ns, Total: 867500 ns
[2020-05-02T03:42:58.029+0000][1][safepoint    ] Safepoint "RevokeBias", Time since last: 9223800 ns, Reaching safepoint: 160900 ns, At safepoint: 64800 ns, Total: 225700 ns
[2020-05-02T03:42:58.029+0000][1][safepoint    ] Safepoint "RevokeBias", Time since last: 457200 ns, Reaching safepoint: 169500 ns, At safepoint: 74900 ns, Total: 244400 ns
[2020-05-02T03:42:58.030+0000][1][safepoint    ] Safepoint "RevokeBias", Time since last: 345200 ns, Reaching safepoint: 196700 ns, At safepoint: 127100 ns, Total: 323800 ns
[2020-05-02T03:42:58.031+0000][1][safepoint    ] Safepoint "RevokeBias", Time since last: 521900 ns, Reaching safepoint: 264200 ns, At safepoint: 86800 ns, Total: 351000 ns
[2020-05-02T03:42:58.032+0000][1][safepoint    ] Safepoint "RevokeBias", Time since last: 238800 ns, Reaching safepoint: 175700 ns, At safepoint: 85600 ns, Total: 261300 ns
[2020-05-02T03:42:58.036+0000][1][safepoint    ] Safepoint "RevokeBias", Time since last: 4347200 ns, Reaching safepoint: 232000 ns, At safepoint: 68100 ns, Total: 300100 ns
[2020-05-02T03:42:58.037+0000][1][safepoint    ] Safepoint "RevokeBias", Time since last: 342500 ns, Reaching safepoint: 188200 ns, At safepoint: 70300 ns, Total: 258500 ns
[2020-05-02T03:42:58.038+0000][1][safepoint    ] Safepoint "RevokeBias", Time since last: 729200 ns, Reaching safepoint: 243800 ns, At safepoint: 72200 ns, Total: 316000 ns
[2020-05-02T03:42:58.040+0000][1][safepoint    ] Safepoint "RevokeBias", Time since last: 1568900 ns, Reaching safepoint: 165100 ns, At safepoint: 81600 ns, Total: 246700 ns
[2020-05-02T03:42:58.048+0000][1][safepoint    ] Safepoint "RevokeBias", Time since last: 2342300 ns, Reaching safepoint: 5759400 ns, At safepoint: 124700 ns, Total: 5884100 ns
[2020-05-02T03:42:58.064+0000][1][safepoint    ] Safepoint "RevokeBias", Time since last: 15791100 ns, Reaching safepoint: 222800 ns, At safepoint: 106200 ns, Total: 329000 ns
[2020-05-02T03:42:58.065+0000][1][safepoint    ] Safepoint "RevokeBias", Time since last: 325200 ns, Reaching safepoint: 184300 ns, At safepoint: 74600 ns, Total: 258900 ns
[2020-05-02T03:42:58.065+0000][1][safepoint    ] Safepoint "RevokeBias", Time since last: 636300 ns, Reaching safepoint: 167400 ns, At safepoint: 79100 ns, Total: 246500 ns
[2020-05-02T03:42:58.091+0000][1][safepoint    ] Safepoint "RevokeBias", Time since last: 24199700 ns, Reaching safepoint: 476700 ns, At safepoint: 386900 ns, Total: 863600 ns
[2020-05-02T03:42:58.092+0000][1][safepoint    ] Safepoint "RevokeBias", Time since last: 922300 ns, Reaching safepoint: 635600 ns, At safepoint: 49800 ns, Total: 685400 ns
[2020-05-02T03:42:58.097+0000][1][safepoint    ] Safepoint "RevokeBias", Time since last: 4182100 ns, Reaching safepoint: 222700 ns, At safepoint: 66600 ns, Total: 289300 ns
[2020-05-02T03:42:58.097+0000][1][safepoint    ] Safepoint "RevokeBias", Time since last: 411500 ns, Reaching safepoint: 188900 ns, At safepoint: 43100 ns, Total: 232000 ns
[2020-05-02T03:42:58.122+0000][1][safepoint    ] Safepoint "RevokeBias", Time since last: 24081200 ns, Reaching safepoint: 263700 ns, At safepoint: 74800 ns, Total: 338500 ns
[2020-05-02T03:42:58.123+0000][1][safepoint    ] Safepoint "RevokeBias", Time since last: 1063000 ns, Reaching safepoint: 475600 ns, At safepoint: 268300 ns, Total: 743900 ns
[2020-05-02T03:42:58.132+0000][1][safepoint    ] Safepoint "RevokeBias", Time since last: 8043300 ns, Reaching safepoint: 529100 ns, At safepoint: 74700 ns, Total: 603800 ns
[2020-05-02T03:42:58.136+0000][1][safepoint    ] Safepoint "RevokeBias", Time since last: 4010400 ns, Reaching safepoint: 229100 ns, At safepoint: 69500 ns, Total: 298600 ns
[2020-05-02T03:42:58.141+0000][1][safepoint    ] Safepoint "RevokeBias", Time since last: 4481600 ns, Reaching safepoint: 288100 ns, At safepoint: 70000 ns, Total: 358100 ns
[2020-05-02T03:42:58.159+0000][1][safepoint    ] Safepoint "RevokeBias", Time since last: 16626600 ns, Reaching safepoint: 777700 ns, At safepoint: 265500 ns, Total: 1043200 ns
[2020-05-02T03:42:58.160+0000][1][safepoint    ] Safepoint "RevokeBias", Time since last: 492200 ns, Reaching safepoint: 483700 ns, At safepoint: 104000 ns, Total: 587700 ns
[2020-05-02T03:42:58.160+0000][1][safepoint    ] Safepoint "RevokeBias", Time since last: 154000 ns, Reaching safepoint: 157100 ns, At safepoint: 50500 ns, Total: 207600 ns
[2020-05-02T03:42:58.172+0000][1][safepoint    ] Safepoint "RevokeBias", Time since last: 11533700 ns, Reaching safepoint: 221100 ns, At safepoint: 71200 ns, Total: 292300 ns
[2020-05-02T03:42:58.188+0000][1][safepoint    ] Safepoint "RevokeBias", Time since last: 15797600 ns, Reaching safepoint: 234300 ns, At safepoint: 71300 ns, Total: 305600 ns
[2020-05-02T03:42:58.219+0000][1][safepoint    ] Safepoint "RevokeBias", Time since last: 29401900 ns, Reaching safepoint: 487900 ns, At safepoint: 356900 ns, Total: 844800 ns
[2020-05-02T03:42:58.220+0000][1][safepoint    ] Safepoint "RevokeBias", Time since last: 437500 ns, Reaching safepoint: 384400 ns, At safepoint: 129900 ns, Total: 514300 ns
[2020-05-02T03:42:58.220+0000][1][safepoint    ] Safepoint "RevokeBias", Time since last: 234100 ns, Reaching safepoint: 313100 ns, At safepoint: 98400 ns, Total: 411500 ns
[2020-05-02T03:42:58.221+0000][1][safepoint    ] Safepoint "RevokeBias", Time since last: 302100 ns, Reaching safepoint: 162400 ns, At safepoint: 125900 ns, Total: 288300 ns
[2020-05-02T03:42:58.222+0000][1][safepoint    ] Safepoint "RevokeBias", Time since last: 422400 ns, Reaching safepoint: 266200 ns, At safepoint: 107400 ns, Total: 373600 ns
[2020-05-02T03:42:58.224+0000][1][safepoint    ] Safepoint "RevokeBias", Time since last: 1504200 ns, Reaching safepoint: 351100 ns, At safepoint: 210300 ns, Total: 561400 ns
[2020-05-02T03:42:58.224+0000][1][safepoint    ] Safepoint "RevokeBias", Time since last: 215200 ns, Reaching safepoint: 306900 ns, At safepoint: 125700 ns, Total: 432600 ns
[2020-05-02T03:42:58.225+0000][1][safepoint    ] Safepoint "RevokeBias", Time since last: 421900 ns, Reaching safepoint: 224600 ns, At safepoint: 92600 ns, Total: 317200 ns
[2020-05-02T03:42:58.226+0000][1][safepoint    ] Safepoint "RevokeBias", Time since last: 598300 ns, Reaching safepoint: 289400 ns, At safepoint: 405100 ns, Total: 694500 ns
[2020-05-02T03:42:58.228+0000][1][safepoint    ] Safepoint "RevokeBias", Time since last: 581900 ns, Reaching safepoint: 769200 ns, At safepoint: 381600 ns, Total: 1150800 ns
[2020-05-02T03:42:58.241+0000][1][safepoint    ] Safepoint "RevokeBias", Time since last: 9348000 ns, Reaching safepoint: 3566400 ns, At safepoint: 132400 ns, Total: 3698800 ns
[2020-05-02T03:42:58.242+0000][1][safepoint    ] Safepoint "RevokeBias", Time since last: 213200 ns, Reaching safepoint: 301900 ns, At safepoint: 74000 ns, Total: 375900 ns
[2020-05-02T03:42:58.242+0000][1][safepoint    ] Safepoint "RevokeBias", Time since last: 100300 ns, Reaching safepoint: 265000 ns, At safepoint: 269100 ns, Total: 534100 ns
[2020-05-02T03:42:58.243+0000][1][safepoint    ] Safepoint "RevokeBias", Time since last: 424500 ns, Reaching safepoint: 424100 ns, At safepoint: 129300 ns, Total: 553400 ns
[2020-05-02T03:42:58.244+0000][1][safepoint    ] Safepoint "RevokeBias", Time since last: 183300 ns, Reaching safepoint: 351100 ns, At safepoint: 127800 ns, Total: 478900 ns
[2020-05-02T03:42:58.244+0000][1][safepoint    ] Safepoint "RevokeBias", Time since last: 124900 ns, Reaching safepoint: 226700 ns, At safepoint: 76000 ns, Total: 302700 ns
[2020-05-02T03:42:58.245+0000][1][safepoint    ] Safepoint "RevokeBias", Time since last: 108700 ns, Reaching safepoint: 216200 ns, At safepoint: 71200 ns, Total: 287400 ns
[2020-05-02T03:42:58.245+0000][1][safepoint    ] Safepoint "RevokeBias", Time since last: 103500 ns, Reaching safepoint: 135500 ns, At safepoint: 71800 ns, Total: 207300 ns
[2020-05-02T03:42:58.246+0000][1][safepoint    ] Safepoint "RevokeBias", Time since last: 226200 ns, Reaching safepoint: 250100 ns, At safepoint: 93100 ns, Total: 343200 ns
[2020-05-02T03:42:58.267+0000][1][safepoint    ] Safepoint "RevokeBias", Time since last: 10605500 ns, Reaching safepoint: 10746900 ns, At safepoint: 192800 ns, Total: 10939700 ns
[2020-05-02T03:42:58.268+0000][1][safepoint    ] Safepoint "RevokeBias", Time since last: 284300 ns, Reaching safepoint: 549600 ns, At safepoint: 78000 ns, Total: 627600 ns
[2020-05-02T03:42:58.293+0000][1][safepoint    ] Safepoint "RevokeBias", Time since last: 25111300 ns, Reaching safepoint: 223300 ns, At safepoint: 62900 ns, Total: 286200 ns
[2020-05-02T03:42:58.304+0000][1][safepoint    ] Safepoint "RevokeBias", Time since last: 3833400 ns, Reaching safepoint: 6895100 ns, At safepoint: 101800 ns, Total: 6996900 ns
[2020-05-02T03:42:58.305+0000][1][safepoint    ] Safepoint "RevokeBias", Time since last: 165900 ns, Reaching safepoint: 232100 ns, At safepoint: 96900 ns, Total: 329000 ns
[2020-05-02T03:42:58.310+0000][1][safepoint    ] Safepoint "RevokeBias", Time since last: 4540300 ns, Reaching safepoint: 357200 ns, At safepoint: 75400 ns, Total: 432600 ns
[2020-05-02T03:42:58.331+0000][1][safepoint    ] Safepoint "RevokeBias", Time since last: 19662200 ns, Reaching safepoint: 462700 ns, At safepoint: 617800 ns, Total: 1080500 ns
[2020-05-02T03:42:58.350+0000][1][safepoint    ] Safepoint "RevokeBias", Time since last: 18848600 ns, Reaching safepoint: 267800 ns, At safepoint: 122900 ns, Total: 390700 ns
[2020-05-02T03:42:58.359+0000][1][safepoint    ] Safepoint "RevokeBias", Time since last: 2523500 ns, Reaching safepoint: 6132600 ns, At safepoint: 262300 ns, Total: 6394900 ns
[2020-05-02T03:42:58.365+0000][1][safepoint    ] Safepoint "RevokeBias", Time since last: 5715900 ns, Reaching safepoint: 311900 ns, At safepoint: 86000 ns, Total: 397900 ns
[2020-05-02T03:42:58.368+0000][1][safepoint    ] Safepoint "RevokeBias", Time since last: 2399000 ns, Reaching safepoint: 554300 ns, At safepoint: 146100 ns, Total: 700400 ns
[2020-05-02T03:42:58.369+0000][1][safepoint    ] Safepoint "RevokeBias", Time since last: 519800 ns, Reaching safepoint: 334300 ns, At safepoint: 68200 ns, Total: 402500 ns
[2020-05-02T03:42:58.398+0000][1][safepoint    ] Safepoint "RevokeBias", Time since last: 28527600 ns, Reaching safepoint: 239700 ns, At safepoint: 74200 ns, Total: 313900 ns
[2020-05-02T03:42:58.461+0000][1][safepoint    ] Safepoint "RevokeBias", Time since last: 63017200 ns, Reaching safepoint: 188000 ns, At safepoint: 157700 ns, Total: 345700 ns
[2020-05-02T03:42:58.465+0000][1][safepoint    ] Safepoint "RevokeBias", Time since last: 3680800 ns, Reaching safepoint: 245300 ns, At safepoint: 238500 ns, Total: 483800 ns
[2020-05-02T03:42:58.466+0000][1][safepoint    ] Safepoint "RevokeBias", Time since last: 642300 ns, Reaching safepoint: 358800 ns, At safepoint: 122200 ns, Total: 481000 ns
[2020-05-02T03:42:58.468+0000][1][safepoint    ] Safepoint "RevokeBias", Time since last: 1124900 ns, Reaching safepoint: 317600 ns, At safepoint: 83300 ns, Total: 400900 ns
[2020-05-02T03:42:58.471+0000][1][safepoint    ] Safepoint "RevokeBias", Time since last: 2887900 ns, Reaching safepoint: 245100 ns, At safepoint: 84200 ns, Total: 329300 ns
[2020-05-02T03:42:58.507+0000][1][safepoint    ] Safepoint "RevokeBias", Time since last: 35191800 ns, Reaching safepoint: 235600 ns, At safepoint: 62900 ns, Total: 298500 ns
[2020-05-02T03:42:58.518+0000][1][safepoint    ] Safepoint "RevokeBias", Time since last: 11291500 ns, Reaching safepoint: 340300 ns, At safepoint: 76000 ns, Total: 416300 ns
[2020-05-02T03:42:58.522+0000][1][safepoint    ] Safepoint "RevokeBias", Time since last: 3558100 ns, Reaching safepoint: 452500 ns, At safepoint: 103700 ns, Total: 556200 ns
[2020-05-02T03:42:58.571+0000][1][safepoint    ] Safepoint "RevokeBias", Time since last: 47932300 ns, Reaching safepoint: 362300 ns, At safepoint: 99300 ns, Total: 461600 ns
[2020-05-02T03:42:58.572+0000][1][gc,start     ] GC(21) Pause Young (Allocation Failure)
[2020-05-02T03:42:58.573+0000][1][gc,task      ] GC(21) Using 10 workers of 10 for evacuation
[2020-05-02T03:42:58.580+0000][1][gc,age       ] GC(21) Desired survivor size 8945664 bytes, new threshold 6 (max threshold 6)
[2020-05-02T03:42:58.580+0000][1][gc,age       ] GC(21) Age table with threshold 6 (max threshold 6)
[2020-05-02T03:42:58.580+0000][1][gc,age       ] GC(21) - age   1:    1742376 bytes,    1742376 total
[2020-05-02T03:42:58.580+0000][1][gc,age       ] GC(21) - age   2:     676688 bytes,    2419064 total
[2020-05-02T03:42:58.580+0000][1][gc,age       ] GC(21) - age   3:     834160 bytes,    3253224 total
[2020-05-02T03:42:58.580+0000][1][gc,age       ] GC(21) - age   4:    3713056 bytes,    6966280 total
[2020-05-02T03:42:58.580+0000][1][gc,heap      ] GC(21) ParNew: 148059K->8507K(157248K)
[2020-05-02T03:42:58.580+0000][1][gc,heap      ] GC(21) CMS: 76099K->76099K(349568K)
[2020-05-02T03:42:58.580+0000][1][gc,metaspace ] GC(21) Metaspace: 94652K->94652K(1136640K)
[2020-05-02T03:42:58.580+0000][1][gc           ] GC(21) Pause Young (Allocation Failure) 218M->82M(494M) 7.236ms
[2020-05-02T03:42:58.580+0000][1][gc,cpu       ] GC(21) User=0.05s Sys=0.00s Real=0.00s
[2020-05-02T03:42:58.580+0000][1][safepoint    ] Safepoint "GenCollectForAllocation", Time since last: 1477800 ns, Reaching safepoint: 179400 ns, At safepoint: 7400800 ns, Total: 7580200 ns
[2020-05-02T03:42:58.590+0000][1][safepoint    ] Safepoint "RevokeBias", Time since last: 10208300 ns, Reaching safepoint: 251500 ns, At safepoint: 133800 ns, Total: 385300 ns
[2020-05-02T03:42:58.591+0000][1][safepoint    ] Safepoint "RevokeBias", Time since last: 338600 ns, Reaching safepoint: 240300 ns, At safepoint: 59500 ns, Total: 299800 ns
[2020-05-02T03:42:58.591+0000][1][safepoint    ] Safepoint "RevokeBias", Time since last: 175000 ns, Reaching safepoint: 127900 ns, At safepoint: 64100 ns, Total: 192000 ns
[2020-05-02T03:42:58.592+0000][1][safepoint    ] Safepoint "RevokeBias", Time since last: 119400 ns, Reaching safepoint: 146900 ns, At safepoint: 62100 ns, Total: 209000 ns
[2020-05-02T03:42:58.626+0000][1][safepoint    ] Safepoint "RevokeBias", Time since last: 33318700 ns, Reaching safepoint: 329300 ns, At safepoint: 137200 ns, Total: 466500 ns
[2020-05-02T03:42:58.639+0000][1][safepoint    ] Safepoint "RevokeBias", Time since last: 13139700 ns, Reaching safepoint: 186200 ns, At safepoint: 79900 ns, Total: 266100 ns
[2020-05-02T03:42:58.642+0000][1][safepoint    ] Safepoint "RevokeBias", Time since last: 2660900 ns, Reaching safepoint: 188600 ns, At safepoint: 39200 ns, Total: 227800 ns
[2020-05-02T03:42:58.659+0000][1][safepoint    ] Safepoint "RevokeBias", Time since last: 15987800 ns, Reaching safepoint: 934200 ns, At safepoint: 289500 ns, Total: 1223700 ns
[2020-05-02T03:42:58.662+0000][1][safepoint    ] Safepoint "RevokeBias", Time since last: 2791600 ns, Reaching safepoint: 299200 ns, At safepoint: 124800 ns, Total: 424000 ns
[2020-05-02T03:42:58.663+0000][1][safepoint    ] Safepoint "RevokeBias", Time since last: 206100 ns, Reaching safepoint: 302500 ns, At safepoint: 116400 ns, Total: 418900 ns
[2020-05-02T03:42:59.021+0000][1][safepoint    ] Safepoint "RevokeBias", Time since last: 357605800 ns, Reaching safepoint: 224600 ns, At safepoint: 86100 ns, Total: 310700 ns
[2020-05-02T03:42:59.025+0000][1][safepoint    ] Safepoint "RevokeBias", Time since last: 3811300 ns, Reaching safepoint: 232600 ns, At safepoint: 70300 ns, Total: 302900 ns
[2020-05-02T03:42:59.025+0000][1][safepoint    ] Safepoint "RevokeBias", Time since last: 196200 ns, Reaching safepoint: 199200 ns, At safepoint: 61900 ns, Total: 261100 ns
[2020-05-02T03:42:59.026+0000][1][safepoint    ] Safepoint "RevokeBias", Time since last: 222300 ns, Reaching safepoint: 141700 ns, At safepoint: 75200 ns, Total: 216900 ns
[2020-05-02T03:42:59.027+0000][1][safepoint    ] Safepoint "RevokeBias", Time since last: 292100 ns, Reaching safepoint: 315700 ns, At safepoint: 211100 ns, Total: 526800 ns
[2020-05-02T03:42:59.044+0000][1][safepoint    ] Safepoint "RevokeBias", Time since last: 16830000 ns, Reaching safepoint: 258100 ns, At safepoint: 72200 ns, Total: 330300 ns
[2020-05-02T03:42:59.046+0000][1][safepoint    ] Safepoint "RevokeBias", Time since last: 1847200 ns, Reaching safepoint: 161300 ns, At safepoint: 111800 ns, Total: 273100 ns
[2020-05-02T03:42:59.049+0000][1][safepoint    ] Safepoint "RevokeBias", Time since last: 2809500 ns, Reaching safepoint: 222900 ns, At safepoint: 90000 ns, Total: 312900 ns
[2020-05-02T03:42:59.067+0000][1][safepoint    ] Safepoint "BulkRevokeBias", Time since last: 15630800 ns, Reaching safepoint: 385200 ns, At safepoint: 2131700 ns, Total: 2516900 ns
[2020-05-02T03:42:59.069+0000][1][safepoint    ] Safepoint "BulkRevokeBias", Time since last: 1059900 ns, Reaching safepoint: 220300 ns, At safepoint: 925700 ns, Total: 1146000 ns
[2020-05-02T03:43:00.070+0000][1][safepoint    ] Safepoint "Cleanup", Time since last: 1000204200 ns, Reaching safepoint: 418800 ns, At safepoint: 49800 ns, Total: 468600 ns
[2020-05-02T03:43:00.073+0000][1][safepoint    ] Safepoint "BulkRevokeBias", Time since last: 1766200 ns, Reaching safepoint: 185800 ns, At safepoint: 815200 ns, Total: 1001000 ns
[2020-05-02T03:43:01.050+0000][1][safepoint    ] Safepoint "RevokeBias", Time since last: 976402900 ns, Reaching safepoint: 454400 ns, At safepoint: 282800 ns, Total: 737200 ns
[2020-05-02T03:43:01.051+0000][1][safepoint    ] Safepoint "RevokeBias", Time since last: 810000 ns, Reaching safepoint: 478800 ns, At safepoint: 211200 ns, Total: 690000 ns
[2020-05-02T03:43:01.054+0000][1][safepoint    ] Safepoint "RevokeBias", Time since last: 883500 ns, Reaching safepoint: 960800 ns, At safepoint: 348300 ns, Total: 1309100 ns
[2020-05-02T03:43:01.083+0000][1][safepoint    ] Safepoint "RevokeBias", Time since last: 20300000 ns, Reaching safepoint: 8701200 ns, At safepoint: 235500 ns, Total: 8936700 ns
[2020-05-02T03:43:02.083+0000][1][safepoint    ] Safepoint "Cleanup", Time since last: 1000260500 ns, Reaching safepoint: 264200 ns, At safepoint: 57300 ns, Total: 321500 ns
[2020-05-02T03:43:03.084+0000][1][safepoint    ] Safepoint "Cleanup", Time since last: 1000166600 ns, Reaching safepoint: 237300 ns, At safepoint: 65000 ns, Total: 302300 ns
[2020-05-02T03:43:04.029+0000][1][safepoint    ] Safepoint "RevokeBias", Time since last: 944360700 ns, Reaching safepoint: 759200 ns, At safepoint: 158700 ns, Total: 917900 ns
[2020-05-02T03:43:04.030+0000][1][safepoint    ] Safepoint "RevokeBias", Time since last: 327700 ns, Reaching safepoint: 374900 ns, At safepoint: 108100 ns, Total: 483000 ns
[2020-05-02T03:43:04.030+0000][1][safepoint    ] Safepoint "RevokeBias", Time since last: 150900 ns, Reaching safepoint: 247000 ns, At safepoint: 54900 ns, Total: 301900 ns
[2020-05-02T03:43:05.024+0000][1][safepoint    ] Safepoint "RevokeBias", Time since last: 993345600 ns, Reaching safepoint: 327900 ns, At safepoint: 86400 ns, Total: 414300 ns
[2020-05-02T03:43:05.025+0000][1][safepoint    ] Safepoint "RevokeBias", Time since last: 124600 ns, Reaching safepoint: 221300 ns, At safepoint: 43400 ns, Total: 264700 ns
[2020-05-02T03:43:05.025+0000][1][safepoint    ] Safepoint "RevokeBias", Time since last: 96000 ns, Reaching safepoint: 245300 ns, At safepoint: 60900 ns, Total: 306200 ns
[2020-05-02T03:43:05.026+0000][1][safepoint    ] Safepoint "RevokeBias", Time since last: 98200 ns, Reaching safepoint: 306300 ns, At safepoint: 199100 ns, Total: 505400 ns
[2020-05-02T03:43:05.027+0000][1][safepoint    ] Safepoint "RevokeBias", Time since last: 107500 ns, Reaching safepoint: 746600 ns, At safepoint: 756700 ns, Total: 1503300 ns
[2020-05-02T03:43:05.028+0000][1][safepoint    ] Safepoint "RevokeBias", Time since last: 206700 ns, Reaching safepoint: 404200 ns, At safepoint: 198900 ns, Total: 603100 ns
[2020-05-02T03:43:05.029+0000][1][safepoint    ] Safepoint "RevokeBias", Time since last: 115400 ns, Reaching safepoint: 338000 ns, At safepoint: 104100 ns, Total: 442100 ns
[2020-05-02T03:43:05.029+0000][1][safepoint    ] Safepoint "RevokeBias", Time since last: 117500 ns, Reaching safepoint: 315600 ns, At safepoint: 121800 ns, Total: 437400 ns
[2020-05-02T03:43:05.030+0000][1][safepoint    ] Safepoint "RevokeBias", Time since last: 98000 ns, Reaching safepoint: 383900 ns, At safepoint: 168000 ns, Total: 551900 ns
[2020-05-02T03:43:05.031+0000][1][safepoint    ] Safepoint "RevokeBias", Time since last: 245800 ns, Reaching safepoint: 766400 ns, At safepoint: 185800 ns, Total: 952200 ns
[2020-05-02T03:43:06.032+0000][1][safepoint    ] Safepoint "Cleanup", Time since last: 1000236000 ns, Reaching safepoint: 544200 ns, At safepoint: 92500 ns, Total: 636700 ns
[2020-05-02T03:43:07.032+0000][1][safepoint    ] Safepoint "Cleanup", Time since last: 1000152600 ns, Reaching safepoint: 135400 ns, At safepoint: 31800 ns, Total: 167200 ns
[2020-05-02T03:43:08.033+0000][1][safepoint    ] Safepoint "Cleanup", Time since last: 1000125100 ns, Reaching safepoint: 156900 ns, At safepoint: 33800 ns, Total: 190700 ns
[2020-05-02T03:43:09.033+0000][1][safepoint    ] Safepoint "Cleanup", Time since last: 1000151600 ns, Reaching safepoint: 361800 ns, At safepoint: 35500 ns, Total: 397300 ns
[2020-05-02T03:43:10.034+0000][1][safepoint    ] Safepoint "Cleanup", Time since last: 1000207400 ns, Reaching safepoint: 229300 ns, At safepoint: 36500 ns, Total: 265800 ns
[2020-05-02T03:43:11.034+0000][1][safepoint    ] Safepoint "Cleanup", Time since last: 1000447400 ns, Reaching safepoint: 148400 ns, At safepoint: 68200 ns, Total: 216600 ns
[2020-05-02T03:43:12.035+0000][1][safepoint    ] Safepoint "Cleanup", Time since last: 1000124000 ns, Reaching safepoint: 199800 ns, At safepoint: 41900 ns, Total: 241700 ns
[2020-05-02T03:43:13.035+0000][1][safepoint    ] Safepoint "Cleanup", Time since last: 1000165700 ns, Reaching safepoint: 135600 ns, At safepoint: 29800 ns, Total: 165400 ns
[2020-05-02T03:43:14.035+0000][1][safepoint    ] Safepoint "Cleanup", Time since last: 1000111900 ns, Reaching safepoint: 146000 ns, At safepoint: 34600 ns, Total: 180600 ns
[2020-05-02T03:43:15.036+0000][1][safepoint    ] Safepoint "Cleanup", Time since last: 1000212400 ns, Reaching safepoint: 140200 ns, At safepoint: 50200 ns, Total: 190400 ns
[2020-05-02T03:43:16.036+0000][1][safepoint    ] Safepoint "Cleanup", Time since last: 1000200600 ns, Reaching safepoint: 166700 ns, At safepoint: 65200 ns, Total: 231900 ns
[2020-05-02T03:43:17.037+0000][1][safepoint    ] Safepoint "Cleanup", Time since last: 1000235200 ns, Reaching safepoint: 554100 ns, At safepoint: 428500 ns, Total: 982600 ns
[2020-05-02T03:43:18.038+0000][1][safepoint    ] Safepoint "Cleanup", Time since last: 1000267100 ns, Reaching safepoint: 179300 ns, At safepoint: 35400 ns, Total: 214700 ns
[2020-05-02T03:43:19.038+0000][1][safepoint    ] Safepoint "Cleanup", Time since last: 1000143100 ns, Reaching safepoint: 319600 ns, At safepoint: 82800 ns, Total: 402400 ns
[2020-05-02T03:43:20.039+0000][1][safepoint    ] Safepoint "Cleanup", Time since last: 1000135900 ns, Reaching safepoint: 221200 ns, At safepoint: 41800 ns, Total: 263000 ns
[2020-05-02T03:43:21.040+0000][1][safepoint    ] Safepoint "Cleanup", Time since last: 1000251200 ns, Reaching safepoint: 586900 ns, At safepoint: 91300 ns, Total: 678200 ns
[2020-05-02T03:43:22.040+0000][1][safepoint    ] Safepoint "Cleanup", Time since last: 1000154500 ns, Reaching safepoint: 132200 ns, At safepoint: 28100 ns, Total: 160300 ns
[2020-05-02T03:43:23.040+0000][1][safepoint    ] Safepoint "Cleanup", Time since last: 1000160300 ns, Reaching safepoint: 160400 ns, At safepoint: 28400 ns, Total: 188800 ns
[2020-05-02T03:43:24.041+0000][1][safepoint    ] Safepoint "Cleanup", Time since last: 1000162800 ns, Reaching safepoint: 139700 ns, At safepoint: 27800 ns, Total: 167500 ns
[2020-05-02T03:43:25.041+0000][1][safepoint    ] Safepoint "Cleanup", Time since last: 1000120600 ns, Reaching safepoint: 306400 ns, At safepoint: 180800 ns, Total: 487200 ns
[2020-05-02T03:43:26.042+0000][1][safepoint    ] Safepoint "Cleanup", Time since last: 1000534900 ns, Reaching safepoint: 220100 ns, At safepoint: 42900 ns, Total: 263000 ns
[2020-05-02T03:43:27.042+0000][1][safepoint    ] Safepoint "Cleanup", Time since last: 1000237500 ns, Reaching safepoint: 172700 ns, At safepoint: 40000 ns, Total: 212700 ns
[2020-05-02T03:43:28.042+0000][1][safepoint    ] Safepoint "RevokeBias", Time since last: 999045700 ns, Reaching safepoint: 145100 ns, At safepoint: 33600 ns, Total: 178700 ns
[2020-05-02T03:43:29.042+0000][1][safepoint    ] Safepoint "Cleanup", Time since last: 1000553200 ns, Reaching safepoint: 133900 ns, At safepoint: 30400 ns, Total: 164300 ns
[2020-05-02T03:43:30.043+0000][1][safepoint    ] Safepoint "Cleanup", Time since last: 1000606900 ns, Reaching safepoint: 133700 ns, At safepoint: 30700 ns, Total: 164400 ns
[2020-05-02T03:43:31.044+0000][1][safepoint    ] Safepoint "Cleanup", Time since last: 1000149500 ns, Reaching safepoint: 268100 ns, At safepoint: 53800 ns, Total: 321900 ns
[2020-05-02T03:43:32.044+0000][1][safepoint    ] Safepoint "Cleanup", Time since last: 1000195200 ns, Reaching safepoint: 133900 ns, At safepoint: 29300 ns, Total: 163200 ns
[2020-05-02T03:43:33.045+0000][1][safepoint    ] Safepoint "Cleanup", Time since last: 1000708500 ns, Reaching safepoint: 169300 ns, At safepoint: 114000 ns, Total: 283300 ns
[2020-05-02T03:43:34.045+0000][1][safepoint    ] Safepoint "Cleanup", Time since last: 1000177800 ns, Reaching safepoint: 271700 ns, At safepoint: 41100 ns, Total: 312800 ns
[2020-05-02T03:43:35.046+0000][1][safepoint    ] Safepoint "Cleanup", Time since last: 1000101700 ns, Reaching safepoint: 125900 ns, At safepoint: 27500 ns, Total: 153400 ns
[2020-05-02T03:43:35.048+0000][1][safepoint    ] Safepoint "RevokeBias", Time since last: 2029700 ns, Reaching safepoint: 129000 ns, At safepoint: 50300 ns, Total: 179300 ns
[2020-05-02T03:43:36.048+0000][1][safepoint    ] Safepoint "Cleanup", Time since last: 1000234900 ns, Reaching safepoint: 180400 ns, At safepoint: 45600 ns, Total: 226000 ns
[2020-05-02T03:43:37.049+0000][1][safepoint    ] Safepoint "Cleanup", Time since last: 1000112100 ns, Reaching safepoint: 245500 ns, At safepoint: 91700 ns, Total: 337200 ns
[2020-05-02T03:43:38.049+0000][1][safepoint    ] Safepoint "Cleanup", Time since last: 1000191800 ns, Reaching safepoint: 133700 ns, At safepoint: 43000 ns, Total: 176700 ns
[2020-05-02T03:43:39.050+0000][1][safepoint    ] Safepoint "Cleanup", Time since last: 1000113600 ns, Reaching safepoint: 122000 ns, At safepoint: 24700 ns, Total: 146700 ns
[2020-05-02T03:43:40.050+0000][1][safepoint    ] Safepoint "Cleanup", Time since last: 1000173900 ns, Reaching safepoint: 149700 ns, At safepoint: 50900 ns, Total: 200600 ns
[2020-05-02T03:43:41.050+0000][1][safepoint    ] Safepoint "Cleanup", Time since last: 1000159900 ns, Reaching safepoint: 127300 ns, At safepoint: 43800 ns, Total: 171100 ns
[2020-05-02T03:43:42.051+0000][1][safepoint    ] Safepoint "Cleanup", Time since last: 1000168900 ns, Reaching safepoint: 128100 ns, At safepoint: 26900 ns, Total: 155000 ns
[2020-05-02T03:43:43.051+0000][1][safepoint    ] Safepoint "Cleanup", Time since last: 1000153500 ns, Reaching safepoint: 218900 ns, At safepoint: 39200 ns, Total: 258100 ns
[2020-05-02T03:43:44.051+0000][1][safepoint    ] Safepoint "Cleanup", Time since last: 1000151000 ns, Reaching safepoint: 188800 ns, At safepoint: 35800 ns, Total: 224600 ns
[2020-05-02T03:43:45.052+0000][1][safepoint    ] Safepoint "Cleanup", Time since last: 1000272700 ns, Reaching safepoint: 128900 ns, At safepoint: 42700 ns, Total: 171600 ns
[2020-05-02T03:43:46.052+0000][1][safepoint    ] Safepoint "Cleanup", Time since last: 1000186900 ns, Reaching safepoint: 410800 ns, At safepoint: 103300 ns, Total: 514100 ns
[2020-05-02T03:43:47.053+0000][1][safepoint    ] Safepoint "Cleanup", Time since last: 1000515800 ns, Reaching safepoint: 128300 ns, At safepoint: 29600 ns, Total: 157900 ns
[2020-05-02T03:43:48.054+0000][1][safepoint    ] Safepoint "Cleanup", Time since last: 1000572100 ns, Reaching safepoint: 129100 ns, At safepoint: 29700 ns, Total: 158800 ns
[2020-05-02T03:43:49.054+0000][1][safepoint    ] Safepoint "Cleanup", Time since last: 1000151800 ns, Reaching safepoint: 141700 ns, At safepoint: 48700 ns, Total: 190400 ns
[2020-05-02T03:43:50.055+0000][1][safepoint    ] Safepoint "Cleanup", Time since last: 1000163700 ns, Reaching safepoint: 142200 ns, At safepoint: 52500 ns, Total: 194700 ns
[2020-05-02T03:43:51.055+0000][1][safepoint    ] Safepoint "Cleanup", Time since last: 1000249100 ns, Reaching safepoint: 276900 ns, At safepoint: 85500 ns, Total: 362400 ns
[2020-05-02T03:43:52.056+0000][1][safepoint    ] Safepoint "Cleanup", Time since last: 1000184500 ns, Reaching safepoint: 229000 ns, At safepoint: 57000 ns, Total: 286000 ns
[2020-05-02T03:43:53.056+0000][1][safepoint    ] Safepoint "Cleanup", Time since last: 1000606800 ns, Reaching safepoint: 134800 ns, At safepoint: 30100 ns, Total: 164900 ns
[2020-05-02T03:43:54.057+0000][1][safepoint    ] Safepoint "Cleanup", Time since last: 1000172300 ns, Reaching safepoint: 132900 ns, At safepoint: 28900 ns, Total: 161800 ns
[2020-05-02T03:43:55.057+0000][1][safepoint    ] Safepoint "Cleanup", Time since last: 1000121100 ns, Reaching safepoint: 254400 ns, At safepoint: 66100 ns, Total: 320500 ns
[2020-05-02T03:43:56.057+0000][1][safepoint    ] Safepoint "Cleanup", Time since last: 1000136500 ns, Reaching safepoint: 150000 ns, At safepoint: 28300 ns, Total: 178300 ns
[2020-05-02T03:43:57.058+0000][1][safepoint    ] Safepoint "Cleanup", Time since last: 1000101600 ns, Reaching safepoint: 119600 ns, At safepoint: 24400 ns, Total: 144000 ns
[2020-05-02T03:43:58.058+0000][1][safepoint    ] Safepoint "Cleanup", Time since last: 1000301500 ns, Reaching safepoint: 165300 ns, At safepoint: 36400 ns, Total: 201700 ns
[2020-05-02T03:43:59.059+0000][1][safepoint    ] Safepoint "Cleanup", Time since last: 1000146700 ns, Reaching safepoint: 156300 ns, At safepoint: 32500 ns, Total: 188800 ns
[2020-05-02T03:44:00.059+0000][1][safepoint    ] Safepoint "Cleanup", Time since last: 1000194700 ns, Reaching safepoint: 303300 ns, At safepoint: 56400 ns, Total: 359700 ns
[2020-05-02T03:44:00.090+0000][1][safepoint    ] Safepoint "RevokeBias", Time since last: 30977400 ns, Reaching safepoint: 133700 ns, At safepoint: 59000 ns, Total: 192700 ns
[2020-05-02T03:44:00.091+0000][1][safepoint    ] Safepoint "RevokeBias", Time since last: 409100 ns, Reaching safepoint: 85200 ns, At safepoint: 45900 ns, Total: 131100 ns
[2020-05-02T03:44:00.093+0000][1][safepoint    ] Safepoint "RevokeBias", Time since last: 2442400 ns, Reaching safepoint: 112800 ns, At safepoint: 34500 ns, Total: 147300 ns
[2020-05-02T03:44:00.094+0000][1][safepoint    ] Safepoint "RevokeBias", Time since last: 430100 ns, Reaching safepoint: 204000 ns, At safepoint: 46000 ns, Total: 250000 ns
[2020-05-02T03:44:00.094+0000][1][safepoint    ] Safepoint "RevokeBias", Time since last: 81700 ns, Reaching safepoint: 72400 ns, At safepoint: 29800 ns, Total: 102200 ns
[2020-05-02T03:44:00.094+0000][1][safepoint    ] Safepoint "RevokeBias", Time since last: 74100 ns, Reaching safepoint: 72000 ns, At safepoint: 28500 ns, Total: 100500 ns
[2020-05-02T03:44:00.095+0000][1][safepoint    ] Safepoint "BulkRevokeBias", Time since last: 73500 ns, Reaching safepoint: 71500 ns, At safepoint: 592100 ns, Total: 663600 ns
[2020-05-02T03:44:00.099+0000][1][safepoint    ] Safepoint "RevokeBias", Time since last: 3695900 ns, Reaching safepoint: 131000 ns, At safepoint: 51600 ns, Total: 182600 ns
[2020-05-02T03:44:00.100+0000][1][safepoint    ] Safepoint "RevokeBias", Time since last: 214100 ns, Reaching safepoint: 113200 ns, At safepoint: 114600 ns, Total: 227800 ns
[2020-05-02T03:44:01.101+0000][1][safepoint    ] Safepoint "Cleanup", Time since last: 1000321400 ns, Reaching safepoint: 627600 ns, At safepoint: 58300 ns, Total: 685900 ns
[2020-05-02T03:44:02.101+0000][1][safepoint    ] Safepoint "Cleanup", Time since last: 1000178000 ns, Reaching safepoint: 156300 ns, At safepoint: 30000 ns, Total: 186300 ns
[2020-05-02T03:44:03.102+0000][1][safepoint    ] Safepoint "Cleanup", Time since last: 1000295600 ns, Reaching safepoint: 353200 ns, At safepoint: 61700 ns, Total: 414900 ns
[2020-05-02T03:44:04.102+0000][1][safepoint    ] Safepoint "Cleanup", Time since last: 1000206800 ns, Reaching safepoint: 385100 ns, At safepoint: 71700 ns, Total: 456800 ns
[2020-05-02T03:44:05.031+0000][1][safepoint    ] Safepoint "RevokeBias", Time since last: 928711000 ns, Reaching safepoint: 311100 ns, At safepoint: 49500 ns, Total: 360600 ns
[2020-05-02T03:44:05.032+0000][1][safepoint    ] Safepoint "RevokeBias", Time since last: 106900 ns, Reaching safepoint: 102400 ns, At safepoint: 36500 ns, Total: 138900 ns
[2020-05-02T03:44:05.032+0000][1][safepoint    ] Safepoint "RevokeBias", Time since last: 96200 ns, Reaching safepoint: 93800 ns, At safepoint: 34200 ns, Total: 128000 ns
[2020-05-02T03:44:05.032+0000][1][safepoint    ] Safepoint "RevokeBias", Time since last: 105100 ns, Reaching safepoint: 117500 ns, At safepoint: 43600 ns, Total: 161100 ns
[2020-05-02T03:44:05.032+0000][1][safepoint    ] Safepoint "RevokeBias", Time since last: 94900 ns, Reaching safepoint: 144100 ns, At safepoint: 34600 ns, Total: 178700 ns
[2020-05-02T03:44:05.033+0000][1][safepoint    ] Safepoint "RevokeBias", Time since last: 96200 ns, Reaching safepoint: 127500 ns, At safepoint: 41300 ns, Total: 168800 ns
[2020-05-02T03:44:05.033+0000][1][safepoint    ] Safepoint "RevokeBias", Time since last: 81700 ns, Reaching safepoint: 115700 ns, At safepoint: 39100 ns, Total: 154800 ns
[2020-05-02T03:44:05.033+0000][1][safepoint    ] Safepoint "RevokeBias", Time since last: 82200 ns, Reaching safepoint: 78100 ns, At safepoint: 33200 ns, Total: 111300 ns
[2020-05-02T03:44:05.033+0000][1][safepoint    ] Safepoint "RevokeBias", Time since last: 87600 ns, Reaching safepoint: 127700 ns, At safepoint: 102300 ns, Total: 230000 ns
[2020-05-02T03:44:06.034+0000][1][safepoint    ] Safepoint "Cleanup", Time since last: 1000232600 ns, Reaching safepoint: 151400 ns, At safepoint: 35000 ns, Total: 186400 ns
[2020-05-02T03:44:07.034+0000][1][safepoint    ] Safepoint "Cleanup", Time since last: 1000132600 ns, Reaching safepoint: 136600 ns, At safepoint: 33200 ns, Total: 169800 ns
[2020-05-02T03:44:08.034+0000][1][safepoint    ] Safepoint "Cleanup", Time since last: 1000177400 ns, Reaching safepoint: 144400 ns, At safepoint: 34300 ns, Total: 178700 ns
[2020-05-02T03:44:09.035+0000][1][safepoint    ] Safepoint "Cleanup", Time since last: 1000112500 ns, Reaching safepoint: 148700 ns, At safepoint: 28200 ns, Total: 176900 ns
[2020-05-02T03:44:10.035+0000][1][safepoint    ] Safepoint "Cleanup", Time since last: 1000149100 ns, Reaching safepoint: 135200 ns, At safepoint: 32300 ns, Total: 167500 ns
[2020-05-02T03:44:11.035+0000][1][safepoint    ] Safepoint "Cleanup", Time since last: 1000119900 ns, Reaching safepoint: 139600 ns, At safepoint: 29700 ns, Total: 169300 ns
[2020-05-02T03:44:12.036+0000][1][safepoint    ] Safepoint "Cleanup", Time since last: 1000137100 ns, Reaching safepoint: 130400 ns, At safepoint: 29100 ns, Total: 159500 ns
[2020-05-02T03:44:13.036+0000][1][safepoint    ] Safepoint "Cleanup", Time since last: 1000487500 ns, Reaching safepoint: 134500 ns, At safepoint: 30900 ns, Total: 165400 ns
[2020-05-02T03:44:14.037+0000][1][safepoint    ] Safepoint "Cleanup", Time since last: 1000221900 ns, Reaching safepoint: 139200 ns, At safepoint: 31700 ns, Total: 170900 ns
[2020-05-02T03:44:15.033+0000][1][safepoint    ] Safepoint "RevokeBias", Time since last: 996300900 ns, Reaching safepoint: 125000 ns, At safepoint: 39500 ns, Total: 164500 ns
[2020-05-02T03:44:16.033+0000][1][safepoint    ] Safepoint "Cleanup", Time since last: 1000152400 ns, Reaching safepoint: 140100 ns, At safepoint: 31600 ns, Total: 171700 ns
[2020-05-02T03:44:17.034+0000][1][safepoint    ] Safepoint "Cleanup", Time since last: 1000202200 ns, Reaching safepoint: 143100 ns, At safepoint: 29600 ns, Total: 172700 ns
[2020-05-02T03:44:18.034+0000][1][safepoint    ] Safepoint "Cleanup", Time since last: 1000225700 ns, Reaching safepoint: 166300 ns, At safepoint: 27700 ns, Total: 194000 ns
[2020-05-02T03:44:19.035+0000][1][safepoint    ] Safepoint "Cleanup", Time since last: 1000103800 ns, Reaching safepoint: 124300 ns, At safepoint: 24700 ns, Total: 149000 ns
[2020-05-02T03:44:20.035+0000][1][safepoint    ] Safepoint "Cleanup", Time since last: 1000117200 ns, Reaching safepoint: 143200 ns, At safepoint: 28000 ns, Total: 171200 ns
[2020-05-02T03:44:21.035+0000][1][safepoint    ] Safepoint "Cleanup", Time since last: 1000102900 ns, Reaching safepoint: 145400 ns, At safepoint: 25300 ns, Total: 170700 ns
[2020-05-02T03:44:22.035+0000][1][safepoint    ] Safepoint "Cleanup", Time since last: 1000118600 ns, Reaching safepoint: 133900 ns, At safepoint: 28600 ns, Total: 162500 ns
[2020-05-02T03:44:23.036+0000][1][safepoint    ] Safepoint "Cleanup", Time since last: 1000164600 ns, Reaching safepoint: 192900 ns, At safepoint: 29500 ns, Total: 222400 ns
[2020-05-02T03:44:24.036+0000][1][safepoint    ] Safepoint "Cleanup", Time since last: 1000237200 ns, Reaching safepoint: 130100 ns, At safepoint: 31100 ns, Total: 161200 ns
[2020-05-02T03:44:25.037+0000][1][safepoint    ] Safepoint "Cleanup", Time since last: 1000152600 ns, Reaching safepoint: 256400 ns, At safepoint: 28100 ns, Total: 284500 ns
[2020-05-02T03:44:26.038+0000][1][safepoint    ] Safepoint "Cleanup", Time since last: 1000322400 ns, Reaching safepoint: 449500 ns, At safepoint: 132100 ns, Total: 581600 ns
[2020-05-02T03:44:27.038+0000][1][safepoint    ] Safepoint "Cleanup", Time since last: 1000175900 ns, Reaching safepoint: 139600 ns, At safepoint: 26500 ns, Total: 166100 ns
[2020-05-02T03:44:28.039+0000][1][safepoint    ] Safepoint "Cleanup", Time since last: 1000274900 ns, Reaching safepoint: 496000 ns, At safepoint: 129100 ns, Total: 625100 ns
[2020-05-02T03:44:29.039+0000][1][safepoint    ] Safepoint "Cleanup", Time since last: 1000294400 ns, Reaching safepoint: 241800 ns, At safepoint: 68600 ns, Total: 310400 ns
[2020-05-02T03:44:30.040+0000][1][safepoint    ] Safepoint "Cleanup", Time since last: 1000633200 ns, Reaching safepoint: 174900 ns, At safepoint: 69700 ns, Total: 244600 ns
[2020-05-02T03:44:31.041+0000][1][safepoint    ] Safepoint "Cleanup", Time since last: 1000153100 ns, Reaching safepoint: 146200 ns, At safepoint: 49500 ns, Total: 195700 ns
[2020-05-02T03:44:32.041+0000][1][safepoint    ] Safepoint "Cleanup", Time since last: 1000305300 ns, Reaching safepoint: 286100 ns, At safepoint: 112400 ns, Total: 398500 ns
[2020-05-02T03:44:33.042+0000][1][safepoint    ] Safepoint "Cleanup", Time since last: 1000437800 ns, Reaching safepoint: 514100 ns, At safepoint: 205000 ns, Total: 719100 ns
[2020-05-02T03:44:34.043+0000][1][safepoint    ] Safepoint "Cleanup", Time since last: 1000333700 ns, Reaching safepoint: 314300 ns, At safepoint: 130800 ns, Total: 445100 ns
[2020-05-02T03:44:35.044+0000][1][safepoint    ] Safepoint "Cleanup", Time since last: 1000255500 ns, Reaching safepoint: 235700 ns, At safepoint: 42100 ns, Total: 277800 ns
[2020-05-02T03:44:36.045+0000][1][safepoint    ] Safepoint "Cleanup", Time since last: 1000299900 ns, Reaching safepoint: 457800 ns, At safepoint: 141600 ns, Total: 599400 ns
[2020-05-02T03:44:37.045+0000][1][safepoint    ] Safepoint "Cleanup", Time since last: 1000258800 ns, Reaching safepoint: 136300 ns, At safepoint: 29300 ns, Total: 165600 ns
[2020-05-02T03:44:38.045+0000][1][safepoint    ] Safepoint "Cleanup", Time since last: 1000135000 ns, Reaching safepoint: 145800 ns, At safepoint: 31700 ns, Total: 177500 ns
[2020-05-02T03:44:39.046+0000][1][safepoint    ] Safepoint "Cleanup", Time since last: 1000535100 ns, Reaching safepoint: 373800 ns, At safepoint: 109700 ns, Total: 483500 ns
[2020-05-02T03:44:40.047+0000][1][safepoint    ] Safepoint "Cleanup", Time since last: 1000166200 ns, Reaching safepoint: 134400 ns, At safepoint: 27700 ns, Total: 162100 ns
[2020-05-02T03:44:41.047+0000][1][safepoint    ] Safepoint "Cleanup", Time since last: 1000357000 ns, Reaching safepoint: 236300 ns, At safepoint: 57000 ns, Total: 293300 ns
[2020-05-02T03:44:42.048+0000][1][safepoint    ] Safepoint "Cleanup", Time since last: 1000203900 ns, Reaching safepoint: 132600 ns, At safepoint: 29400 ns, Total: 162000 ns
[2020-05-02T03:44:43.049+0000][1][safepoint    ] Safepoint "Cleanup", Time since last: 1000566500 ns, Reaching safepoint: 368400 ns, At safepoint: 114300 ns, Total: 482700 ns
[2020-05-02T03:44:44.050+0000][1][safepoint    ] Safepoint "Cleanup", Time since last: 1000855500 ns, Reaching safepoint: 461700 ns, At safepoint: 140800 ns, Total: 602500 ns
[2020-05-02T03:44:45.051+0000][1][safepoint    ] Safepoint "Cleanup", Time since last: 1000264000 ns, Reaching safepoint: 136000 ns, At safepoint: 32900 ns, Total: 168900 ns
[2020-05-02T03:44:46.051+0000][1][safepoint    ] Safepoint "Cleanup", Time since last: 1000246700 ns, Reaching safepoint: 241300 ns, At safepoint: 68600 ns, Total: 309900 ns
[2020-05-02T03:44:47.053+0000][1][safepoint    ] Safepoint "Cleanup", Time since last: 1000788000 ns, Reaching safepoint: 468300 ns, At safepoint: 135900 ns, Total: 604200 ns
[2020-05-02T03:44:48.054+0000][1][safepoint    ] Safepoint "Cleanup", Time since last: 1000410000 ns, Reaching safepoint: 453800 ns, At safepoint: 138000 ns, Total: 591800 ns
[2020-05-02T03:44:49.055+0000][1][safepoint    ] Safepoint "Cleanup", Time since last: 1000484600 ns, Reaching safepoint: 517000 ns, At safepoint: 134100 ns, Total: 651100 ns
[2020-05-02T03:44:50.055+0000][1][safepoint    ] Safepoint "Cleanup", Time since last: 1000246400 ns, Reaching safepoint: 294800 ns, At safepoint: 65000 ns, Total: 359800 ns
[2020-05-02T03:44:51.056+0000][1][safepoint    ] Safepoint "Cleanup", Time since last: 1000179900 ns, Reaching safepoint: 179900 ns, At safepoint: 46100 ns, Total: 226000 ns
[2020-05-02T03:44:52.056+0000][1][safepoint    ] Safepoint "Cleanup", Time since last: 1000129400 ns, Reaching safepoint: 150000 ns, At safepoint: 27500 ns, Total: 177500 ns
[2020-05-02T03:44:52.078+0000][1][gc,start     ] GC(22) Pause Young (Allocation Failure)
[2020-05-02T03:44:52.079+0000][1][gc,task      ] GC(22) Using 10 workers of 10 for evacuation
[2020-05-02T03:44:52.084+0000][1][gc,age       ] GC(22) Desired survivor size 8945664 bytes, new threshold 6 (max threshold 6)
[2020-05-02T03:44:52.084+0000][1][gc,age       ] GC(22) Age table with threshold 6 (max threshold 6)
[2020-05-02T03:44:52.084+0000][1][gc,age       ] GC(22) - age   1:     772248 bytes,     772248 total
[2020-05-02T03:44:52.084+0000][1][gc,age       ] GC(22) - age   2:     680256 bytes,    1452504 total
[2020-05-02T03:44:52.084+0000][1][gc,age       ] GC(22) - age   3:     451144 bytes,    1903648 total
[2020-05-02T03:44:52.084+0000][1][gc,age       ] GC(22) - age   4:     821880 bytes,    2725528 total
[2020-05-02T03:44:52.084+0000][1][gc,age       ] GC(22) - age   5:    3258120 bytes,    5983648 total
[2020-05-02T03:44:52.084+0000][1][gc,heap      ] GC(22) ParNew: 148283K->9003K(157248K)
[2020-05-02T03:44:52.084+0000][1][gc,heap      ] GC(22) CMS: 76099K->76099K(349568K)
[2020-05-02T03:44:52.084+0000][1][gc,metaspace ] GC(22) Metaspace: 94866K->94866K(1136640K)
[2020-05-02T03:44:52.084+0000][1][gc           ] GC(22) Pause Young (Allocation Failure) 219M->83M(494M) 5.542ms
[2020-05-02T03:44:52.084+0000][1][gc,cpu       ] GC(22) User=0.04s Sys=0.00s Real=0.01s
[2020-05-02T03:44:52.084+0000][1][safepoint    ] Safepoint "GenCollectForAllocation", Time since last: 22263800 ns, Reaching safepoint: 99700 ns, At safepoint: 5655500 ns, Total: 5755200 ns
[2020-05-02T03:44:53.569+0000][1][safepoint    ] Safepoint "Cleanup", Time since last: 1484910200 ns, Reaching safepoint: 324900 ns, At safepoint: 125000 ns, Total: 449900 ns
[2020-05-02T03:44:54.570+0000][1][safepoint    ] Safepoint "Cleanup", Time since last: 1000688300 ns, Reaching safepoint: 184500 ns, At safepoint: 42200 ns, Total: 226700 ns
[2020-05-02T03:44:55.571+0000][1][safepoint    ] Safepoint "Cleanup", Time since last: 1000666600 ns, Reaching safepoint: 223900 ns, At safepoint: 58500 ns, Total: 282400 ns
[2020-05-02T03:44:56.572+0000][1][safepoint    ] Safepoint "Cleanup", Time since last: 1000471200 ns, Reaching safepoint: 163600 ns, At safepoint: 40800 ns, Total: 204400 ns
[2020-05-02T03:44:57.573+0000][1][safepoint    ] Safepoint "Cleanup", Time since last: 1000484800 ns, Reaching safepoint: 525000 ns, At safepoint: 227400 ns, Total: 752400 ns
[2020-05-02T03:44:58.574+0000][1][safepoint    ] Safepoint "Cleanup", Time since last: 1000671500 ns, Reaching safepoint: 169600 ns, At safepoint: 40700 ns, Total: 210300 ns
[2020-05-02T03:44:59.575+0000][1][safepoint    ] Safepoint "Cleanup", Time since last: 1000538200 ns, Reaching safepoint: 322900 ns, At safepoint: 94300 ns, Total: 417200 ns
[2020-05-02T03:45:00.576+0000][1][safepoint    ] Safepoint "Cleanup", Time since last: 1000398100 ns, Reaching safepoint: 503400 ns, At safepoint: 217900 ns, Total: 721300 ns
[2020-05-02T03:45:01.577+0000][1][safepoint    ] Safepoint "Cleanup", Time since last: 1000323600 ns, Reaching safepoint: 188800 ns, At safepoint: 48700 ns, Total: 237500 ns
[2020-05-02T03:45:02.578+0000][1][safepoint    ] Safepoint "Cleanup", Time since last: 1000507000 ns, Reaching safepoint: 240600 ns, At safepoint: 76000 ns, Total: 316600 ns
[2020-05-02T03:45:03.578+0000][1][safepoint    ] Safepoint "Cleanup", Time since last: 1000552900 ns, Reaching safepoint: 140400 ns, At safepoint: 32400 ns, Total: 172800 ns
[2020-05-02T03:45:04.579+0000][1][safepoint    ] Safepoint "Cleanup", Time since last: 1000391800 ns, Reaching safepoint: 144100 ns, At safepoint: 29000 ns, Total: 173100 ns
[2020-05-02T03:45:05.580+0000][1][safepoint    ] Safepoint "Cleanup", Time since last: 1000326800 ns, Reaching safepoint: 450100 ns, At safepoint: 129000 ns, Total: 579100 ns
[2020-05-02T03:45:06.580+0000][1][safepoint    ] Safepoint "Cleanup", Time since last: 1000282600 ns, Reaching safepoint: 142100 ns, At safepoint: 27300 ns, Total: 169400 ns
[2020-05-02T03:45:07.581+0000][1][safepoint    ] Safepoint "Cleanup", Time since last: 1000330700 ns, Reaching safepoint: 539400 ns, At safepoint: 204300 ns, Total: 743700 ns
[2020-05-02T03:45:08.582+0000][1][safepoint    ] Safepoint "Cleanup", Time since last: 1000636400 ns, Reaching safepoint: 159100 ns, At safepoint: 40500 ns, Total: 199600 ns
[2020-05-02T03:45:09.583+0000][1][safepoint    ] Safepoint "Cleanup", Time since last: 1000468300 ns, Reaching safepoint: 214000 ns, At safepoint: 58700 ns, Total: 272700 ns
[2020-05-02T03:45:10.584+0000][1][safepoint    ] Safepoint "Cleanup", Time since last: 1000726200 ns, Reaching safepoint: 448100 ns, At safepoint: 132500 ns, Total: 580600 ns
[2020-05-02T03:45:11.585+0000][1][safepoint    ] Safepoint "Cleanup", Time since last: 1000258800 ns, Reaching safepoint: 253000 ns, At safepoint: 71200 ns, Total: 324200 ns
[2020-05-02T03:45:12.585+0000][1][safepoint    ] Safepoint "Cleanup", Time since last: 1000405100 ns, Reaching safepoint: 221600 ns, At safepoint: 51400 ns, Total: 273000 ns
[2020-05-02T03:45:13.586+0000][1][safepoint    ] Safepoint "Cleanup", Time since last: 1000496000 ns, Reaching safepoint: 170100 ns, At safepoint: 41800 ns, Total: 211900 ns
[2020-05-02T03:45:14.587+0000][1][safepoint    ] Safepoint "Cleanup", Time since last: 1000676900 ns, Reaching safepoint: 449700 ns, At safepoint: 141400 ns, Total: 591100 ns
[2020-05-02T03:45:15.589+0000][1][safepoint    ] Safepoint "Cleanup", Time since last: 1000672600 ns, Reaching safepoint: 449000 ns, At safepoint: 137100 ns, Total: 586100 ns
[2020-05-02T03:45:16.590+0000][1][safepoint    ] Safepoint "Cleanup", Time since last: 1000658100 ns, Reaching safepoint: 451000 ns, At safepoint: 138600 ns, Total: 589600 ns
[2020-05-02T03:45:17.590+0000][1][safepoint    ] Safepoint "Cleanup", Time since last: 1000182000 ns, Reaching safepoint: 126300 ns, At safepoint: 28700 ns, Total: 155000 ns
[2020-05-02T03:45:18.591+0000][1][safepoint    ] Safepoint "Cleanup", Time since last: 1000475500 ns, Reaching safepoint: 451800 ns, At safepoint: 136600 ns, Total: 588400 ns
[2020-05-02T03:45:19.593+0000][1][safepoint    ] Safepoint "Cleanup", Time since last: 1000745500 ns, Reaching safepoint: 451600 ns, At safepoint: 142300 ns, Total: 593900 ns
[2020-05-02T03:45:20.594+0000][1][safepoint    ] Safepoint "Cleanup", Time since last: 1000754900 ns, Reaching safepoint: 138600 ns, At safepoint: 33300 ns, Total: 171900 ns
[2020-05-02T03:45:21.595+0000][1][safepoint    ] Safepoint "Cleanup", Time since last: 1000700600 ns, Reaching safepoint: 219200 ns, At safepoint: 44200 ns, Total: 263400 ns
[2020-05-02T03:45:22.595+0000][1][safepoint    ] Safepoint "Cleanup", Time since last: 1000282800 ns, Reaching safepoint: 218800 ns, At safepoint: 60100 ns, Total: 278900 ns
[2020-05-02T03:45:23.596+0000][1][safepoint    ] Safepoint "Cleanup", Time since last: 1000616600 ns, Reaching safepoint: 516500 ns, At safepoint: 210500 ns, Total: 727000 ns
[2020-05-02T03:45:24.597+0000][1][safepoint    ] Safepoint "Cleanup", Time since last: 1000226500 ns, Reaching safepoint: 128600 ns, At safepoint: 49800 ns, Total: 178400 ns
[2020-05-02T03:45:25.597+0000][1][safepoint    ] Safepoint "Cleanup", Time since last: 1000273200 ns, Reaching safepoint: 207500 ns, At safepoint: 50100 ns, Total: 257600 ns
[2020-05-02T03:45:26.598+0000][1][safepoint    ] Safepoint "Cleanup", Time since last: 1000137300 ns, Reaching safepoint: 158200 ns, At safepoint: 29500 ns, Total: 187700 ns
[2020-05-02T03:45:27.598+0000][1][safepoint    ] Safepoint "Cleanup", Time since last: 1000194500 ns, Reaching safepoint: 299600 ns, At safepoint: 102000 ns, Total: 401600 ns
[2020-05-02T03:45:28.599+0000][1][safepoint    ] Safepoint "Cleanup", Time since last: 1000348400 ns, Reaching safepoint: 132700 ns, At safepoint: 45000 ns, Total: 177700 ns
[2020-05-02T03:45:29.600+0000][1][safepoint    ] Safepoint "Cleanup", Time since last: 1000699500 ns, Reaching safepoint: 453000 ns, At safepoint: 208300 ns, Total: 661300 ns
[2020-05-02T03:45:30.601+0000][1][safepoint    ] Safepoint "Cleanup", Time since last: 1000470200 ns, Reaching safepoint: 127100 ns, At safepoint: 28900 ns, Total: 156000 ns
[2020-05-02T03:45:31.602+0000][1][safepoint    ] Safepoint "Cleanup", Time since last: 1000425700 ns, Reaching safepoint: 773900 ns, At safepoint: 125700 ns, Total: 899600 ns
[2020-05-02T03:45:32.603+0000][1][safepoint    ] Safepoint "Cleanup", Time since last: 1000348500 ns, Reaching safepoint: 431100 ns, At safepoint: 183400 ns, Total: 614500 ns
[2020-05-02T03:45:33.604+0000][1][safepoint    ] Safepoint "Cleanup", Time since last: 1000335700 ns, Reaching safepoint: 448300 ns, At safepoint: 126500 ns, Total: 574800 ns
[2020-05-02T03:45:34.605+0000][1][safepoint    ] Safepoint "Cleanup", Time since last: 1000580900 ns, Reaching safepoint: 161700 ns, At safepoint: 41800 ns, Total: 203500 ns
[2020-05-02T03:45:35.606+0000][1][safepoint    ] Safepoint "Cleanup", Time since last: 1000537400 ns, Reaching safepoint: 430200 ns, At safepoint: 131300 ns, Total: 561500 ns
[2020-05-02T03:45:36.606+0000][1][safepoint    ] Safepoint "Cleanup", Time since last: 1000176200 ns, Reaching safepoint: 172800 ns, At safepoint: 28600 ns, Total: 201400 ns
[2020-05-02T03:45:37.607+0000][1][safepoint    ] Safepoint "Cleanup", Time since last: 1000173800 ns, Reaching safepoint: 280300 ns, At safepoint: 78600 ns, Total: 358900 ns
[2020-05-02T03:45:38.607+0000][1][safepoint    ] Safepoint "Cleanup", Time since last: 1000150200 ns, Reaching safepoint: 150300 ns, At safepoint: 32100 ns, Total: 182400 ns
[2020-05-02T03:45:39.608+0000][1][safepoint    ] Safepoint "Cleanup", Time since last: 1000542500 ns, Reaching safepoint: 429300 ns, At safepoint: 131600 ns, Total: 560900 ns
[2020-05-02T03:45:40.609+0000][1][safepoint    ] Safepoint "Cleanup", Time since last: 1000182400 ns, Reaching safepoint: 128100 ns, At safepoint: 28500 ns, Total: 156600 ns
[2020-05-02T03:45:41.609+0000][1][safepoint    ] Safepoint "Cleanup", Time since last: 1000117100 ns, Reaching safepoint: 136100 ns, At safepoint: 49000 ns, Total: 185100 ns
[2020-05-02T03:45:42.609+0000][1][safepoint    ] Safepoint "Cleanup", Time since last: 1000167600 ns, Reaching safepoint: 148600 ns, At safepoint: 33700 ns, Total: 182300 ns
[2020-05-02T03:45:43.610+0000][1][safepoint    ] Safepoint "Cleanup", Time since last: 1000507900 ns, Reaching safepoint: 274200 ns, At safepoint: 78600 ns, Total: 352800 ns
[2020-05-02T03:45:44.611+0000][1][safepoint    ] Safepoint "Cleanup", Time since last: 1000248200 ns, Reaching safepoint: 290800 ns, At safepoint: 67200 ns, Total: 358000 ns
[2020-05-02T03:45:45.612+0000][1][safepoint    ] Safepoint "Cleanup", Time since last: 1000374600 ns, Reaching safepoint: 448900 ns, At safepoint: 134400 ns, Total: 583300 ns
[2020-05-02T03:45:46.612+0000][1][safepoint    ] Safepoint "Cleanup", Time since last: 1000164500 ns, Reaching safepoint: 132900 ns, At safepoint: 30800 ns, Total: 163700 ns
[2020-05-02T03:45:47.612+0000][1][safepoint    ] Safepoint "Cleanup", Time since last: 1000237700 ns, Reaching safepoint: 133000 ns, At safepoint: 30700 ns, Total: 163700 ns
[2020-05-02T03:45:48.613+0000][1][safepoint    ] Safepoint "Cleanup", Time since last: 1000194100 ns, Reaching safepoint: 198600 ns, At safepoint: 51400 ns, Total: 250000 ns
[2020-05-02T03:45:49.614+0000][1][safepoint    ] Safepoint "Cleanup", Time since last: 1000443700 ns, Reaching safepoint: 225500 ns, At safepoint: 64700 ns, Total: 290200 ns
[2020-05-02T03:45:50.615+0000][1][safepoint    ] Safepoint "Cleanup", Time since last: 1000556600 ns, Reaching safepoint: 399300 ns, At safepoint: 109800 ns, Total: 509100 ns
[2020-05-02T03:45:51.071+0000][1][safepoint    ] Safepoint "RevokeBias", Time since last: 456099900 ns, Reaching safepoint: 498800 ns, At safepoint: 169400 ns, Total: 668200 ns
[2020-05-02T03:45:51.178+0000][1][safepoint    ] Safepoint "RevokeBias", Time since last: 105625300 ns, Reaching safepoint: 514600 ns, At safepoint: 176500 ns, Total: 691100 ns
[2020-05-02T03:45:51.179+0000][1][safepoint    ] Safepoint "RevokeBias", Time since last: 838800 ns, Reaching safepoint: 391100 ns, At safepoint: 316300 ns, Total: 707400 ns
[2020-05-02T03:45:51.195+0000][1][safepoint    ] Safepoint "RevokeBias", Time since last: 15274600 ns, Reaching safepoint: 480000 ns, At safepoint: 201700 ns, Total: 681700 ns
[2020-05-02T03:45:51.197+0000][1][safepoint    ] Safepoint "RevokeBias", Time since last: 703800 ns, Reaching safepoint: 444100 ns, At safepoint: 158100 ns, Total: 602200 ns
[2020-05-02T03:45:51.203+0000][1][safepoint    ] Safepoint "RevokeBias", Time since last: 6365400 ns, Reaching safepoint: 110600 ns, At safepoint: 35800 ns, Total: 146400 ns
[2020-05-02T03:45:52.204+0000][1][safepoint    ] Safepoint "Cleanup", Time since last: 1000316900 ns, Reaching safepoint: 250700 ns, At safepoint: 54500 ns, Total: 305200 ns
[2020-05-02T03:45:53.204+0000][1][safepoint    ] Safepoint "Cleanup", Time since last: 1000188000 ns, Reaching safepoint: 135700 ns, At safepoint: 34600 ns, Total: 170300 ns
[2020-05-02T03:45:54.205+0000][1][safepoint    ] Safepoint "Cleanup", Time since last: 1000588700 ns, Reaching safepoint: 279700 ns, At safepoint: 80300 ns, Total: 360000 ns
[2020-05-02T03:45:55.205+0000][1][safepoint    ] Safepoint "Cleanup", Time since last: 1000168300 ns, Reaching safepoint: 138400 ns, At safepoint: 31400 ns, Total: 169800 ns
[2020-05-02T03:45:56.206+0000][1][safepoint    ] Safepoint "Cleanup", Time since last: 1000597400 ns, Reaching safepoint: 427100 ns, At safepoint: 139000 ns, Total: 566100 ns
[2020-05-02T03:45:57.207+0000][1][safepoint    ] Safepoint "Cleanup", Time since last: 1000485900 ns, Reaching safepoint: 160500 ns, At safepoint: 33000 ns, Total: 193500 ns
[2020-05-02T03:45:58.208+0000][1][safepoint    ] Safepoint "Cleanup", Time since last: 1000514100 ns, Reaching safepoint: 326800 ns, At safepoint: 77000 ns, Total: 403800 ns
[2020-05-02T03:45:59.209+0000][1][safepoint    ] Safepoint "Cleanup", Time since last: 1000401200 ns, Reaching safepoint: 198500 ns, At safepoint: 45200 ns, Total: 243700 ns
[2020-05-02T03:46:00.209+0000][1][safepoint    ] Safepoint "Cleanup", Time since last: 1000128900 ns, Reaching safepoint: 129300 ns, At safepoint: 28100 ns, Total: 157400 ns
[2020-05-02T03:46:01.209+0000][1][safepoint    ] Safepoint "Cleanup", Time since last: 1000256300 ns, Reaching safepoint: 157100 ns, At safepoint: 33300 ns, Total: 190400 ns
[2020-05-02T03:46:02.210+0000][1][safepoint    ] Safepoint "Cleanup", Time since last: 1000541000 ns, Reaching safepoint: 406600 ns, At safepoint: 76000 ns, Total: 482600 ns
[2020-05-02T03:46:03.212+0000][1][safepoint    ] Safepoint "Cleanup", Time since last: 1000431000 ns, Reaching safepoint: 563500 ns, At safepoint: 236700 ns, Total: 800200 ns
[2020-05-02T03:46:04.213+0000][1][safepoint    ] Safepoint "Cleanup", Time since last: 1000381400 ns, Reaching safepoint: 493300 ns, At safepoint: 129000 ns, Total: 622300 ns
[2020-05-02T03:46:05.214+0000][1][safepoint    ] Safepoint "Cleanup", Time since last: 1000557400 ns, Reaching safepoint: 374100 ns, At safepoint: 71000 ns, Total: 445100 ns
[2020-05-02T03:46:06.214+0000][1][safepoint    ] Safepoint "Cleanup", Time since last: 1000192000 ns, Reaching safepoint: 130600 ns, At safepoint: 28200 ns, Total: 158800 ns
[2020-05-02T03:46:07.214+0000][1][safepoint    ] Safepoint "Cleanup", Time since last: 1000195900 ns, Reaching safepoint: 176300 ns, At safepoint: 48400 ns, Total: 224700 ns
[2020-05-02T03:46:08.215+0000][1][safepoint    ] Safepoint "Cleanup", Time since last: 1000327400 ns, Reaching safepoint: 517100 ns, At safepoint: 143400 ns, Total: 660500 ns
[2020-05-02T03:46:09.216+0000][1][safepoint    ] Safepoint "Cleanup", Time since last: 1000642800 ns, Reaching safepoint: 182900 ns, At safepoint: 48700 ns, Total: 231600 ns
[2020-05-02T03:46:10.217+0000][1][safepoint    ] Safepoint "Cleanup", Time since last: 1000624500 ns, Reaching safepoint: 320100 ns, At safepoint: 96400 ns, Total: 416500 ns
[2020-05-02T03:46:11.218+0000][1][safepoint    ] Safepoint "Cleanup", Time since last: 1000618200 ns, Reaching safepoint: 230200 ns, At safepoint: 66200 ns, Total: 296400 ns
[2020-05-02T03:46:12.220+0000][1][safepoint    ] Safepoint "Cleanup", Time since last: 1000686000 ns, Reaching safepoint: 430900 ns, At safepoint: 131700 ns, Total: 562600 ns
[2020-05-02T03:46:13.220+0000][1][safepoint    ] Safepoint "Cleanup", Time since last: 1000182800 ns, Reaching safepoint: 136900 ns, At safepoint: 28800 ns, Total: 165700 ns
[2020-05-02T03:46:14.220+0000][1][safepoint    ] Safepoint "Cleanup", Time since last: 1000286800 ns, Reaching safepoint: 150700 ns, At safepoint: 31100 ns, Total: 181800 ns
[2020-05-02T03:46:15.221+0000][1][safepoint    ] Safepoint "Cleanup", Time since last: 1000266800 ns, Reaching safepoint: 276800 ns, At safepoint: 70100 ns, Total: 346900 ns
[2020-05-02T03:46:16.222+0000][1][safepoint    ] Safepoint "Cleanup", Time since last: 1000638300 ns, Reaching safepoint: 437700 ns, At safepoint: 133500 ns, Total: 571200 ns
[2020-05-02T03:46:17.223+0000][1][safepoint    ] Safepoint "Cleanup", Time since last: 1000665900 ns, Reaching safepoint: 452800 ns, At safepoint: 136400 ns, Total: 589200 ns
[2020-05-02T03:46:18.224+0000][1][safepoint    ] Safepoint "Cleanup", Time since last: 1000519800 ns, Reaching safepoint: 336200 ns, At safepoint: 98700 ns, Total: 434900 ns
[2020-05-02T03:46:19.225+0000][1][safepoint    ] Safepoint "Cleanup", Time since last: 1000211600 ns, Reaching safepoint: 154400 ns, At safepoint: 31500 ns, Total: 185900 ns
[2020-05-02T03:46:20.225+0000][1][safepoint    ] Safepoint "Cleanup", Time since last: 1000188500 ns, Reaching safepoint: 184900 ns, At safepoint: 31400 ns, Total: 216300 ns
[2020-05-02T03:46:21.226+0000][1][safepoint    ] Safepoint "Cleanup", Time since last: 1000122100 ns, Reaching safepoint: 148300 ns, At safepoint: 27500 ns, Total: 175800 ns
[2020-05-02T03:46:22.226+0000][1][safepoint    ] Safepoint "Cleanup", Time since last: 1000183600 ns, Reaching safepoint: 261000 ns, At safepoint: 59800 ns, Total: 320800 ns
[2020-05-02T03:46:23.226+0000][1][safepoint    ] Safepoint "Cleanup", Time since last: 1000161900 ns, Reaching safepoint: 217600 ns, At safepoint: 68200 ns, Total: 285800 ns
[2020-05-02T03:46:24.227+0000][1][safepoint    ] Safepoint "Cleanup", Time since last: 1000153600 ns, Reaching safepoint: 177600 ns, At safepoint: 36400 ns, Total: 214000 ns
[2020-05-02T03:46:25.227+0000][1][safepoint    ] Safepoint "Cleanup", Time since last: 1000193500 ns, Reaching safepoint: 148700 ns, At safepoint: 33800 ns, Total: 182500 ns
[2020-05-02T03:46:26.228+0000][1][safepoint    ] Safepoint "Cleanup", Time since last: 1000149600 ns, Reaching safepoint: 144100 ns, At safepoint: 31300 ns, Total: 175400 ns
[2020-05-02T03:46:27.228+0000][1][safepoint    ] Safepoint "Cleanup", Time since last: 1000162100 ns, Reaching safepoint: 135600 ns, At safepoint: 28700 ns, Total: 164300 ns
[2020-05-02T03:46:28.228+0000][1][safepoint    ] Safepoint "Cleanup", Time since last: 1000212500 ns, Reaching safepoint: 144700 ns, At safepoint: 29700 ns, Total: 174400 ns
[2020-05-02T03:46:29.229+0000][1][safepoint    ] Safepoint "Cleanup", Time since last: 1000123500 ns, Reaching safepoint: 158300 ns, At safepoint: 29500 ns, Total: 187800 ns
[2020-05-02T03:46:30.229+0000][1][safepoint    ] Safepoint "Cleanup", Time since last: 1000151300 ns, Reaching safepoint: 172100 ns, At safepoint: 32200 ns, Total: 204300 ns
[2020-05-02T03:46:31.229+0000][1][safepoint    ] Safepoint "Cleanup", Time since last: 1000148500 ns, Reaching safepoint: 133800 ns, At safepoint: 31100 ns, Total: 164900 ns
[2020-05-02T03:46:32.230+0000][1][safepoint    ] Safepoint "Cleanup", Time since last: 1000323700 ns, Reaching safepoint: 296100 ns, At safepoint: 70200 ns, Total: 366300 ns
[2020-05-02T03:46:33.231+0000][1][safepoint    ] Safepoint "Cleanup", Time since last: 1000257900 ns, Reaching safepoint: 311700 ns, At safepoint: 71300 ns, Total: 383000 ns
[2020-05-02T03:46:34.231+0000][1][safepoint    ] Safepoint "Cleanup", Time since last: 1000182300 ns, Reaching safepoint: 140400 ns, At safepoint: 25100 ns, Total: 165500 ns
[2020-05-02T03:46:35.232+0000][1][safepoint    ] Safepoint "Cleanup", Time since last: 1000518100 ns, Reaching safepoint: 146200 ns, At safepoint: 35100 ns, Total: 181300 ns
[2020-05-02T03:46:36.233+0000][1][safepoint    ] Safepoint "Cleanup", Time since last: 1000292900 ns, Reaching safepoint: 570300 ns, At safepoint: 131300 ns, Total: 701600 ns
[2020-05-02T03:46:37.233+0000][1][safepoint    ] Safepoint "Cleanup", Time since last: 1000497500 ns, Reaching safepoint: 171400 ns, At safepoint: 32800 ns, Total: 204200 ns
[2020-05-02T03:46:38.234+0000][1][safepoint    ] Safepoint "Cleanup", Time since last: 1000254000 ns, Reaching safepoint: 133300 ns, At safepoint: 47800 ns, Total: 181100 ns
[2020-05-02T03:46:39.234+0000][1][safepoint    ] Safepoint "Cleanup", Time since last: 1000177800 ns, Reaching safepoint: 134400 ns, At safepoint: 30300 ns, Total: 164700 ns
[2020-05-02T03:46:40.235+0000][1][safepoint    ] Safepoint "Cleanup", Time since last: 1000330600 ns, Reaching safepoint: 135500 ns, At safepoint: 27600 ns, Total: 163100 ns
[2020-05-02T03:46:41.236+0000][1][safepoint    ] Safepoint "Cleanup", Time since last: 1000343500 ns, Reaching safepoint: 526700 ns, At safepoint: 132600 ns, Total: 659300 ns
[2020-05-02T03:46:42.236+0000][1][safepoint    ] Safepoint "Cleanup", Time since last: 1000219400 ns, Reaching safepoint: 138000 ns, At safepoint: 31500 ns, Total: 169500 ns
[2020-05-02T03:46:43.236+0000][1][safepoint    ] Safepoint "Cleanup", Time since last: 1000248500 ns, Reaching safepoint: 204900 ns, At safepoint: 58000 ns, Total: 262900 ns
[2020-05-02T03:46:44.237+0000][1][safepoint    ] Safepoint "Cleanup", Time since last: 1000274400 ns, Reaching safepoint: 199700 ns, At safepoint: 63200 ns, Total: 262900 ns
[2020-05-02T03:46:45.237+0000][1][safepoint    ] Safepoint "Cleanup", Time since last: 1000181100 ns, Reaching safepoint: 168400 ns, At safepoint: 30700 ns, Total: 199100 ns
[2020-05-02T03:46:46.238+0000][1][safepoint    ] Safepoint "Cleanup", Time since last: 1000175300 ns, Reaching safepoint: 147900 ns, At safepoint: 27300 ns, Total: 175200 ns
[2020-05-02T03:46:47.239+0000][1][safepoint    ] Safepoint "Cleanup", Time since last: 1000320900 ns, Reaching safepoint: 527100 ns, At safepoint: 127700 ns, Total: 654800 ns
[2020-05-02T03:46:48.240+0000][1][safepoint    ] Safepoint "Cleanup", Time since last: 1000695600 ns, Reaching safepoint: 471200 ns, At safepoint: 126700 ns, Total: 597900 ns
[2020-05-02T03:46:49.240+0000][1][safepoint    ] Safepoint "Cleanup", Time since last: 1000307300 ns, Reaching safepoint: 138800 ns, At safepoint: 31300 ns, Total: 170100 ns
[2020-05-02T03:46:50.241+0000][1][safepoint    ] Safepoint "Cleanup", Time since last: 1000156800 ns, Reaching safepoint: 139400 ns, At safepoint: 29500 ns, Total: 168900 ns
[2020-05-02T03:46:51.241+0000][1][safepoint    ] Safepoint "Cleanup", Time since last: 1000163800 ns, Reaching safepoint: 152800 ns, At safepoint: 28300 ns, Total: 181100 ns
[2020-05-02T03:46:52.241+0000][1][safepoint    ] Safepoint "Cleanup", Time since last: 1000150200 ns, Reaching safepoint: 133600 ns, At safepoint: 28800 ns, Total: 162400 ns
[2020-05-02T03:46:53.242+0000][1][safepoint    ] Safepoint "Cleanup", Time since last: 1000175800 ns, Reaching safepoint: 131300 ns, At safepoint: 27600 ns, Total: 158900 ns
[2020-05-02T03:46:54.242+0000][1][safepoint    ] Safepoint "Cleanup", Time since last: 1000216600 ns, Reaching safepoint: 140800 ns, At safepoint: 39000 ns, Total: 179800 ns
[2020-05-02T03:46:55.243+0000][1][safepoint    ] Safepoint "Cleanup", Time since last: 1000212300 ns, Reaching safepoint: 204600 ns, At safepoint: 60100 ns, Total: 264700 ns
[2020-05-02T03:46:56.243+0000][1][safepoint    ] Safepoint "Cleanup", Time since last: 1000145800 ns, Reaching safepoint: 147700 ns, At safepoint: 28800 ns, Total: 176500 ns
[2020-05-02T03:46:57.243+0000][1][safepoint    ] Safepoint "Cleanup", Time since last: 1000136700 ns, Reaching safepoint: 168700 ns, At safepoint: 32800 ns, Total: 201500 ns
[2020-05-02T03:46:58.244+0000][1][safepoint    ] Safepoint "Cleanup", Time since last: 1000184800 ns, Reaching safepoint: 134200 ns, At safepoint: 30300 ns, Total: 164500 ns
[2020-05-02T03:46:59.244+0000][1][safepoint    ] Safepoint "Cleanup", Time since last: 1000304900 ns, Reaching safepoint: 398800 ns, At safepoint: 49400 ns, Total: 448200 ns
[2020-05-02T03:47:00.245+0000][1][safepoint    ] Safepoint "Cleanup", Time since last: 1000206700 ns, Reaching safepoint: 137100 ns, At safepoint: 30600 ns, Total: 167700 ns
[2020-05-02T03:47:01.245+0000][1][safepoint    ] Safepoint "Cleanup", Time since last: 1000240500 ns, Reaching safepoint: 163900 ns, At safepoint: 32600 ns, Total: 196500 ns
[2020-05-02T03:47:02.246+0000][1][safepoint    ] Safepoint "Cleanup", Time since last: 1000175300 ns, Reaching safepoint: 135000 ns, At safepoint: 30800 ns, Total: 165800 ns
[2020-05-02T03:47:03.246+0000][1][safepoint    ] Safepoint "Cleanup", Time since last: 1000179800 ns, Reaching safepoint: 140100 ns, At safepoint: 48600 ns, Total: 188700 ns
[2020-05-02T03:47:04.246+0000][1][safepoint    ] Safepoint "Cleanup", Time since last: 1000169800 ns, Reaching safepoint: 133700 ns, At safepoint: 28300 ns, Total: 162000 ns
[2020-05-02T03:47:05.247+0000][1][safepoint    ] Safepoint "Cleanup", Time since last: 1000185900 ns, Reaching safepoint: 154700 ns, At safepoint: 31000 ns, Total: 185700 ns
[2020-05-02T03:47:06.247+0000][1][safepoint    ] Safepoint "Cleanup", Time since last: 1000203100 ns, Reaching safepoint: 137000 ns, At safepoint: 32600 ns, Total: 169600 ns
[2020-05-02T03:47:07.247+0000][1][safepoint    ] Safepoint "Cleanup", Time since last: 1000139500 ns, Reaching safepoint: 148000 ns, At safepoint: 31400 ns, Total: 179400 ns
[2020-05-02T03:47:08.248+0000][1][safepoint    ] Safepoint "Cleanup", Time since last: 1000302300 ns, Reaching safepoint: 184400 ns, At safepoint: 46700 ns, Total: 231100 ns
[2020-05-02T03:47:09.248+0000][1][safepoint    ] Safepoint "Cleanup", Time since last: 1000218900 ns, Reaching safepoint: 136000 ns, At safepoint: 30900 ns, Total: 166900 ns
[2020-05-02T03:47:10.249+0000][1][safepoint    ] Safepoint "Cleanup", Time since last: 1000145000 ns, Reaching safepoint: 416400 ns, At safepoint: 115100 ns, Total: 531500 ns
[2020-05-02T03:47:11.249+0000][1][safepoint    ] Safepoint "Cleanup", Time since last: 1000238000 ns, Reaching safepoint: 184000 ns, At safepoint: 33000 ns, Total: 217000 ns
[2020-05-02T03:47:12.250+0000][1][safepoint    ] Safepoint "Cleanup", Time since last: 1000317100 ns, Reaching safepoint: 401500 ns, At safepoint: 130600 ns, Total: 532100 ns
[2020-05-02T03:47:13.251+0000][1][safepoint    ] Safepoint "Cleanup", Time since last: 1000318300 ns, Reaching safepoint: 141100 ns, At safepoint: 28900 ns, Total: 170000 ns
[2020-05-02T03:47:14.251+0000][1][safepoint    ] Safepoint "Cleanup", Time since last: 1000220400 ns, Reaching safepoint: 323700 ns, At safepoint: 89500 ns, Total: 413200 ns
[2020-05-02T03:47:15.252+0000][1][safepoint    ] Safepoint "Cleanup", Time since last: 1000193300 ns, Reaching safepoint: 157000 ns, At safepoint: 26900 ns, Total: 183900 ns
[2020-05-02T03:47:16.252+0000][1][safepoint    ] Safepoint "Cleanup", Time since last: 1000178600 ns, Reaching safepoint: 134100 ns, At safepoint: 29900 ns, Total: 164000 ns
[2020-05-02T03:47:17.252+0000][1][safepoint    ] Safepoint "Cleanup", Time since last: 1000155100 ns, Reaching safepoint: 134000 ns, At safepoint: 28900 ns, Total: 162900 ns
[2020-05-02T03:47:18.253+0000][1][safepoint    ] Safepoint "Cleanup", Time since last: 1000127800 ns, Reaching safepoint: 184100 ns, At safepoint: 44900 ns, Total: 229000 ns
[2020-05-02T03:47:19.253+0000][1][safepoint    ] Safepoint "Cleanup", Time since last: 1000192800 ns, Reaching safepoint: 187900 ns, At safepoint: 43100 ns, Total: 231000 ns
[2020-05-02T03:47:20.254+0000][1][safepoint    ] Safepoint "Cleanup", Time since last: 1000170000 ns, Reaching safepoint: 134500 ns, At safepoint: 28100 ns, Total: 162600 ns
[2020-05-02T03:47:21.254+0000][1][safepoint    ] Safepoint "Cleanup", Time since last: 1000142800 ns, Reaching safepoint: 133400 ns, At safepoint: 26400 ns, Total: 159800 ns
[2020-05-02T03:47:22.254+0000][1][safepoint    ] Safepoint "Cleanup", Time since last: 1000143600 ns, Reaching safepoint: 131300 ns, At safepoint: 28200 ns, Total: 159500 ns
[2020-05-02T03:47:23.254+0000][1][safepoint    ] Safepoint "Cleanup", Time since last: 1000158100 ns, Reaching safepoint: 153400 ns, At safepoint: 30500 ns, Total: 183900 ns
[2020-05-02T03:47:24.255+0000][1][safepoint    ] Safepoint "Cleanup", Time since last: 1000120000 ns, Reaching safepoint: 134400 ns, At safepoint: 26600 ns, Total: 161000 ns
[2020-05-02T03:47:25.255+0000][1][safepoint    ] Safepoint "Cleanup", Time since last: 1000181000 ns, Reaching safepoint: 127900 ns, At safepoint: 27100 ns, Total: 155000 ns
[2020-05-02T03:47:26.255+0000][1][safepoint    ] Safepoint "Cleanup", Time since last: 1000138500 ns, Reaching safepoint: 146900 ns, At safepoint: 27500 ns, Total: 174400 ns
[2020-05-02T03:47:27.256+0000][1][safepoint    ] Safepoint "Cleanup", Time since last: 1000153200 ns, Reaching safepoint: 130300 ns, At safepoint: 29200 ns, Total: 159500 ns
[2020-05-02T03:47:28.256+0000][1][safepoint    ] Safepoint "Cleanup", Time since last: 1000199400 ns, Reaching safepoint: 142300 ns, At safepoint: 33300 ns, Total: 175600 ns
[2020-05-02T03:47:29.256+0000][1][safepoint    ] Safepoint "Cleanup", Time since last: 1000155100 ns, Reaching safepoint: 130900 ns, At safepoint: 27700 ns, Total: 158600 ns
[2020-05-02T03:47:30.257+0000][1][safepoint    ] Safepoint "Cleanup", Time since last: 1000165800 ns, Reaching safepoint: 135700 ns, At safepoint: 28300 ns, Total: 164000 ns
[2020-05-02T03:47:31.257+0000][1][safepoint    ] Safepoint "Cleanup", Time since last: 1000192200 ns, Reaching safepoint: 179700 ns, At safepoint: 29200 ns, Total: 208900 ns
[2020-05-02T03:47:32.258+0000][1][safepoint    ] Safepoint "Cleanup", Time since last: 1000381700 ns, Reaching safepoint: 425000 ns, At safepoint: 32400 ns, Total: 457400 ns
[2020-05-02T03:47:33.258+0000][1][safepoint    ] Safepoint "Cleanup", Time since last: 1000193300 ns, Reaching safepoint: 138000 ns, At safepoint: 30000 ns, Total: 168000 ns
[2020-05-02T03:47:34.259+0000][1][safepoint    ] Safepoint "Cleanup", Time since last: 1000170600 ns, Reaching safepoint: 267300 ns, At safepoint: 45800 ns, Total: 313100 ns
[2020-05-02T03:47:35.259+0000][1][safepoint    ] Safepoint "Cleanup", Time since last: 1000191500 ns, Reaching safepoint: 142000 ns, At safepoint: 31400 ns, Total: 173400 ns
[2020-05-02T03:47:36.260+0000][1][safepoint    ] Safepoint "Cleanup", Time since last: 1000192600 ns, Reaching safepoint: 265300 ns, At safepoint: 39400 ns, Total: 304700 ns
[2020-05-02T03:47:37.260+0000][1][safepoint    ] Safepoint "Cleanup", Time since last: 1000205300 ns, Reaching safepoint: 155300 ns, At safepoint: 33600 ns, Total: 188900 ns
[2020-05-02T03:47:38.260+0000][1][safepoint    ] Safepoint "Cleanup", Time since last: 1000158200 ns, Reaching safepoint: 166000 ns, At safepoint: 29000 ns, Total: 195000 ns
[2020-05-02T03:47:39.261+0000][1][safepoint    ] Safepoint "Cleanup", Time since last: 1000124000 ns, Reaching safepoint: 129900 ns, At safepoint: 29300 ns, Total: 159200 ns
[2020-05-02T03:47:40.261+0000][1][safepoint    ] Safepoint "Cleanup", Time since last: 1000117000 ns, Reaching safepoint: 129800 ns, At safepoint: 44500 ns, Total: 174300 ns
[2020-05-02T03:47:41.261+0000][1][safepoint    ] Safepoint "Cleanup", Time since last: 1000165000 ns, Reaching safepoint: 159000 ns, At safepoint: 25900 ns, Total: 184900 ns
[2020-05-02T03:47:42.262+0000][1][safepoint    ] Safepoint "Cleanup", Time since last: 1000170600 ns, Reaching safepoint: 132600 ns, At safepoint: 27700 ns, Total: 160300 ns
[2020-05-02T03:47:43.141+0000][1][gc,start     ] GC(23) Pause Young (Allocation Failure)
[2020-05-02T03:47:43.141+0000][1][gc,task      ] GC(23) Using 10 workers of 10 for evacuation
[2020-05-02T03:47:43.147+0000][1][gc,age       ] GC(23) Desired survivor size 8945664 bytes, new threshold 6 (max threshold 6)
[2020-05-02T03:47:43.147+0000][1][gc,age       ] GC(23) Age table with threshold 6 (max threshold 6)
[2020-05-02T03:47:43.147+0000][1][gc,age       ] GC(23) - age   1:     234048 bytes,     234048 total
[2020-05-02T03:47:43.147+0000][1][gc,age       ] GC(23) - age   2:     646056 bytes,     880104 total
[2020-05-02T03:47:43.147+0000][1][gc,age       ] GC(23) - age   3:     676352 bytes,    1556456 total
[2020-05-02T03:47:43.147+0000][1][gc,age       ] GC(23) - age   4:     451104 bytes,    2007560 total
[2020-05-02T03:47:43.147+0000][1][gc,age       ] GC(23) - age   5:     722328 bytes,    2729888 total
[2020-05-02T03:47:43.147+0000][1][gc,age       ] GC(23) - age   6:    3130968 bytes,    5860856 total
[2020-05-02T03:47:43.147+0000][1][gc,heap      ] GC(23) ParNew: 148779K->8985K(157248K)
[2020-05-02T03:47:43.147+0000][1][gc,heap      ] GC(23) CMS: 76099K->76099K(349568K)
[2020-05-02T03:47:43.147+0000][1][gc,metaspace ] GC(23) Metaspace: 95141K->95141K(1136640K)
[2020-05-02T03:47:43.147+0000][1][gc           ] GC(23) Pause Young (Allocation Failure) 219M->83M(494M) 5.279ms
[2020-05-02T03:47:43.147+0000][1][gc,cpu       ] GC(23) User=0.02s Sys=0.00s Real=0.00s
[2020-05-02T03:47:43.147+0000][1][safepoint    ] Safepoint "GenCollectForAllocation", Time since last: 879582500 ns, Reaching safepoint: 142500 ns, At safepoint: 5366500 ns, Total: 5509000 ns
[2020-05-02T03:47:44.147+0000][1][safepoint    ] Safepoint "Cleanup", Time since last: 1000164400 ns, Reaching safepoint: 122700 ns, At safepoint: 27200 ns, Total: 149900 ns
[2020-05-02T03:47:45.073+0000][1][safepoint    ] Safepoint "RevokeBias", Time since last: 925754900 ns, Reaching safepoint: 199600 ns, At safepoint: 100900 ns, Total: 300500 ns
[2020-05-02T03:47:45.074+0000][1][safepoint    ] Safepoint "RevokeBias", Time since last: 167900 ns, Reaching safepoint: 231600 ns, At safepoint: 56700 ns, Total: 288300 ns
[2020-05-02T03:47:45.074+0000][1][safepoint    ] Safepoint "RevokeBias", Time since last: 106400 ns, Reaching safepoint: 84600 ns, At safepoint: 54600 ns, Total: 139200 ns
[2020-05-02T03:47:45.074+0000][1][safepoint    ] Safepoint "RevokeBias", Time since last: 112100 ns, Reaching safepoint: 83600 ns, At safepoint: 55800 ns, Total: 139400 ns
[2020-05-02T03:47:45.074+0000][1][safepoint    ] Safepoint "RevokeBias", Time since last: 99400 ns, Reaching safepoint: 108000 ns, At safepoint: 55500 ns, Total: 163500 ns
[2020-05-02T03:47:45.075+0000][1][safepoint    ] Safepoint "RevokeBias", Time since last: 104300 ns, Reaching safepoint: 97700 ns, At safepoint: 47200 ns, Total: 144900 ns
[2020-05-02T03:47:45.075+0000][1][safepoint    ] Safepoint "RevokeBias", Time since last: 121600 ns, Reaching safepoint: 71000 ns, At safepoint: 51300 ns, Total: 122300 ns
[2020-05-02T03:47:45.075+0000][1][safepoint    ] Safepoint "RevokeBias", Time since last: 87300 ns, Reaching safepoint: 155500 ns, At safepoint: 46700 ns, Total: 202200 ns
[2020-05-02T03:47:45.075+0000][1][safepoint    ] Safepoint "RevokeBias", Time since last: 97600 ns, Reaching safepoint: 154100 ns, At safepoint: 45800 ns, Total: 199900 ns
[2020-05-02T03:47:46.076+0000][1][safepoint    ] Safepoint "Cleanup", Time since last: 1000220600 ns, Reaching safepoint: 148400 ns, At safepoint: 48500 ns, Total: 196900 ns
[2020-05-02T03:47:46.143+0000][1][safepoint    ] Safepoint "RevokeBias", Time since last: 66733400 ns, Reaching safepoint: 149000 ns, At safepoint: 49600 ns, Total: 198600 ns
[2020-05-02T03:47:46.143+0000][1][safepoint    ] Safepoint "RevokeBias", Time since last: 113100 ns, Reaching safepoint: 102200 ns, At safepoint: 39300 ns, Total: 141500 ns
[2020-05-02T03:47:46.143+0000][1][safepoint    ] Safepoint "RevokeBias", Time since last: 152100 ns, Reaching safepoint: 123800 ns, At safepoint: 43200 ns, Total: 167000 ns
[2020-05-02T03:47:47.144+0000][1][safepoint    ] Safepoint "Cleanup", Time since last: 1000164100 ns, Reaching safepoint: 123800 ns, At safepoint: 26200 ns, Total: 150000 ns
[2020-05-02T03:47:48.145+0000][1][safepoint    ] Safepoint "Cleanup", Time since last: 1000747400 ns, Reaching safepoint: 417900 ns, At safepoint: 129100 ns, Total: 547000 ns
[2020-05-02T03:47:49.146+0000][1][safepoint    ] Safepoint "Cleanup", Time since last: 1000452100 ns, Reaching safepoint: 273900 ns, At safepoint: 135500 ns, Total: 409400 ns
[2020-05-02T03:47:50.147+0000][1][safepoint    ] Safepoint "Cleanup", Time since last: 1000324100 ns, Reaching safepoint: 264600 ns, At safepoint: 72900 ns, Total: 337500 ns
[2020-05-02T03:47:51.148+0000][1][safepoint    ] Safepoint "Cleanup", Time since last: 1000406300 ns, Reaching safepoint: 459000 ns, At safepoint: 129100 ns, Total: 588100 ns
[2020-05-02T03:47:52.148+0000][1][safepoint    ] Safepoint "Cleanup", Time since last: 1000247300 ns, Reaching safepoint: 133700 ns, At safepoint: 51100 ns, Total: 184800 ns
[2020-05-02T03:47:53.148+0000][1][safepoint    ] Safepoint "Cleanup", Time since last: 1000193800 ns, Reaching safepoint: 173400 ns, At safepoint: 45200 ns, Total: 218600 ns
[2020-05-02T03:47:54.149+0000][1][safepoint    ] Safepoint "Cleanup", Time since last: 1000378700 ns, Reaching safepoint: 453900 ns, At safepoint: 132100 ns, Total: 586000 ns
[2020-05-02T03:47:55.150+0000][1][safepoint    ] Safepoint "Cleanup", Time since last: 1000444900 ns, Reaching safepoint: 124900 ns, At safepoint: 26700 ns, Total: 151600 ns
[2020-05-02T03:47:56.150+0000][1][safepoint    ] Safepoint "Cleanup", Time since last: 1000179100 ns, Reaching safepoint: 131800 ns, At safepoint: 28800 ns, Total: 160600 ns
[2020-05-02T03:47:57.151+0000][1][safepoint    ] Safepoint "Cleanup", Time since last: 1000178700 ns, Reaching safepoint: 134900 ns, At safepoint: 28400 ns, Total: 163300 ns
[2020-05-02T03:47:58.151+0000][1][safepoint    ] Safepoint "Cleanup", Time since last: 1000139900 ns, Reaching safepoint: 128100 ns, At safepoint: 25700 ns, Total: 153800 ns
[2020-05-02T03:47:59.152+0000][1][safepoint    ] Safepoint "Cleanup", Time since last: 1000249200 ns, Reaching safepoint: 309800 ns, At safepoint: 98700 ns, Total: 408500 ns
[2020-05-02T03:48:00.152+0000][1][safepoint    ] Safepoint "Cleanup", Time since last: 1000180300 ns, Reaching safepoint: 143600 ns, At safepoint: 37200 ns, Total: 180800 ns
[2020-05-02T03:48:00.210+0000][1][safepoint    ] Safepoint "RevokeBias", Time since last: 58026800 ns, Reaching safepoint: 132400 ns, At safepoint: 38900 ns, Total: 171300 ns
[2020-05-02T03:48:00.210+0000][1][safepoint    ] Safepoint "RevokeBias", Time since last: 213100 ns, Reaching safepoint: 98200 ns, At safepoint: 31900 ns, Total: 130100 ns
[2020-05-02T03:48:01.150+0000][1][safepoint    ] Safepoint "RevokeBias", Time since last: 939701100 ns, Reaching safepoint: 168800 ns, At safepoint: 65900 ns, Total: 234700 ns
[2020-05-02T03:48:01.151+0000][1][safepoint    ] Safepoint "RevokeBias", Time since last: 186500 ns, Reaching safepoint: 304500 ns, At safepoint: 52400 ns, Total: 356900 ns
[2020-05-02T03:48:02.151+0000][1][safepoint    ] Safepoint "Cleanup", Time since last: 1000177100 ns, Reaching safepoint: 128500 ns, At safepoint: 27200 ns, Total: 155700 ns
[2020-05-02T03:48:03.152+0000][1][safepoint    ] Safepoint "Cleanup", Time since last: 1000148800 ns, Reaching safepoint: 257600 ns, At safepoint: 51000 ns, Total: 308600 ns
[2020-05-02T03:48:04.152+0000][1][safepoint    ] Safepoint "Cleanup", Time since last: 1000128300 ns, Reaching safepoint: 256100 ns, At safepoint: 72500 ns, Total: 328600 ns
[2020-05-02T03:48:05.152+0000][1][safepoint    ] Safepoint "Cleanup", Time since last: 1000114900 ns, Reaching safepoint: 140200 ns, At safepoint: 29500 ns, Total: 169700 ns
[2020-05-02T03:48:06.153+0000][1][safepoint    ] Safepoint "Cleanup", Time since last: 1000175800 ns, Reaching safepoint: 133900 ns, At safepoint: 30400 ns, Total: 164300 ns
[2020-05-02T03:48:07.153+0000][1][safepoint    ] Safepoint "Cleanup", Time since last: 1000168700 ns, Reaching safepoint: 286400 ns, At safepoint: 57500 ns, Total: 343900 ns
[2020-05-02T03:48:08.154+0000][1][safepoint    ] Safepoint "Cleanup", Time since last: 1000142200 ns, Reaching safepoint: 155200 ns, At safepoint: 26400 ns, Total: 181600 ns
[2020-05-02T03:48:09.154+0000][1][safepoint    ] Safepoint "Cleanup", Time since last: 1000159000 ns, Reaching safepoint: 133400 ns, At safepoint: 30100 ns, Total: 163500 ns
[2020-05-02T03:48:10.155+0000][1][safepoint    ] Safepoint "Cleanup", Time since last: 1000203000 ns, Reaching safepoint: 504300 ns, At safepoint: 97100 ns, Total: 601400 ns
[2020-05-02T03:48:11.155+0000][1][safepoint    ] Safepoint "Cleanup", Time since last: 1000184800 ns, Reaching safepoint: 132800 ns, At safepoint: 30500 ns, Total: 163300 ns
[2020-05-02T03:48:12.155+0000][1][safepoint    ] Safepoint "Cleanup", Time since last: 1000230700 ns, Reaching safepoint: 128800 ns, At safepoint: 29300 ns, Total: 158100 ns
[2020-05-02T03:48:13.156+0000][1][safepoint    ] Safepoint "Cleanup", Time since last: 1000117300 ns, Reaching safepoint: 234600 ns, At safepoint: 48100 ns, Total: 282700 ns
[2020-05-02T03:48:14.156+0000][1][safepoint    ] Safepoint "Cleanup", Time since last: 1000139800 ns, Reaching safepoint: 160600 ns, At safepoint: 28600 ns, Total: 189200 ns
[2020-05-02T03:48:15.157+0000][1][safepoint    ] Safepoint "Cleanup", Time since last: 1000357600 ns, Reaching safepoint: 143600 ns, At safepoint: 30500 ns, Total: 174100 ns
[2020-05-02T03:48:16.158+0000][1][safepoint    ] Safepoint "Cleanup", Time since last: 1000302400 ns, Reaching safepoint: 436000 ns, At safepoint: 228600 ns, Total: 664600 ns
[2020-05-02T03:48:17.158+0000][1][safepoint    ] Safepoint "Cleanup", Time since last: 1000363800 ns, Reaching safepoint: 135000 ns, At safepoint: 27200 ns, Total: 162200 ns
[2020-05-02T03:48:18.159+0000][1][safepoint    ] Safepoint "Cleanup", Time since last: 1000277400 ns, Reaching safepoint: 523500 ns, At safepoint: 129300 ns, Total: 652800 ns
[2020-05-02T03:48:19.160+0000][1][safepoint    ] Safepoint "Cleanup", Time since last: 1000269100 ns, Reaching safepoint: 122500 ns, At safepoint: 48400 ns, Total: 170900 ns
[2020-05-02T03:48:20.160+0000][1][safepoint    ] Safepoint "Cleanup", Time since last: 1000526100 ns, Reaching safepoint: 148200 ns, At safepoint: 45300 ns, Total: 193500 ns
[2020-05-02T03:48:21.162+0000][1][safepoint    ] Safepoint "Cleanup", Time since last: 1000670700 ns, Reaching safepoint: 430200 ns, At safepoint: 134000 ns, Total: 564200 ns
[2020-05-02T03:48:22.162+0000][1][safepoint    ] Safepoint "Cleanup", Time since last: 1000361300 ns, Reaching safepoint: 130200 ns, At safepoint: 28300 ns, Total: 158500 ns
[2020-05-02T03:48:23.163+0000][1][safepoint    ] Safepoint "Cleanup", Time since last: 1000614900 ns, Reaching safepoint: 431500 ns, At safepoint: 202600 ns, Total: 634100 ns
[2020-05-02T03:48:24.165+0000][1][safepoint    ] Safepoint "Cleanup", Time since last: 1000782200 ns, Reaching safepoint: 489600 ns, At safepoint: 131800 ns, Total: 621400 ns
[2020-05-02T03:48:25.166+0000][1][safepoint    ] Safepoint "Cleanup", Time since last: 1000302900 ns, Reaching safepoint: 338300 ns, At safepoint: 148000 ns, Total: 486300 ns
[2020-05-02T03:48:26.166+0000][1][safepoint    ] Safepoint "Cleanup", Time since last: 1000667800 ns, Reaching safepoint: 148600 ns, At safepoint: 28600 ns, Total: 177200 ns
[2020-05-02T03:48:27.167+0000][1][safepoint    ] Safepoint "Cleanup", Time since last: 1000230200 ns, Reaching safepoint: 188300 ns, At safepoint: 52400 ns, Total: 240700 ns
[2020-05-02T03:48:28.167+0000][1][safepoint    ] Safepoint "Cleanup", Time since last: 1000157600 ns, Reaching safepoint: 126400 ns, At safepoint: 29100 ns, Total: 155500 ns
[2020-05-02T03:48:29.168+0000][1][safepoint    ] Safepoint "Cleanup", Time since last: 1000186700 ns, Reaching safepoint: 134200 ns, At safepoint: 47700 ns, Total: 181900 ns
[2020-05-02T03:48:30.168+0000][1][safepoint    ] Safepoint "Cleanup", Time since last: 1000531000 ns, Reaching safepoint: 317700 ns, At safepoint: 111000 ns, Total: 428700 ns
[2020-05-02T03:48:31.170+0000][1][safepoint    ] Safepoint "Cleanup", Time since last: 1000356500 ns, Reaching safepoint: 736500 ns, At safepoint: 194400 ns, Total: 930900 ns
[2020-05-02T03:48:32.171+0000][1][safepoint    ] Safepoint "Cleanup", Time since last: 1000332800 ns, Reaching safepoint: 315300 ns, At safepoint: 77100 ns, Total: 392400 ns
[2020-05-02T03:48:33.171+0000][1][safepoint    ] Safepoint "Cleanup", Time since last: 1000187600 ns, Reaching safepoint: 125800 ns, At safepoint: 27200 ns, Total: 153000 ns
[2020-05-02T03:48:34.171+0000][1][safepoint    ] Safepoint "Cleanup", Time since last: 1000186800 ns, Reaching safepoint: 120300 ns, At safepoint: 25900 ns, Total: 146200 ns
[2020-05-02T03:48:35.171+0000][1][safepoint    ] Safepoint "Cleanup", Time since last: 1000121200 ns, Reaching safepoint: 134600 ns, At safepoint: 31800 ns, Total: 166400 ns
[2020-05-02T03:48:36.172+0000][1][safepoint    ] Safepoint "Cleanup", Time since last: 1000336900 ns, Reaching safepoint: 174800 ns, At safepoint: 45600 ns, Total: 220400 ns
[2020-05-02T03:48:37.172+0000][1][safepoint    ] Safepoint "Cleanup", Time since last: 1000167700 ns, Reaching safepoint: 128300 ns, At safepoint: 40700 ns, Total: 169000 ns
[2020-05-02T03:48:38.173+0000][1][safepoint    ] Safepoint "Cleanup", Time since last: 1000180700 ns, Reaching safepoint: 149600 ns, At safepoint: 33600 ns, Total: 183200 ns
[2020-05-02T03:48:39.174+0000][1][safepoint    ] Safepoint "Cleanup", Time since last: 1000514400 ns, Reaching safepoint: 459100 ns, At safepoint: 149700 ns, Total: 608800 ns
[2020-05-02T03:48:40.174+0000][1][safepoint    ] Safepoint "Cleanup", Time since last: 1000262100 ns, Reaching safepoint: 197200 ns, At safepoint: 29500 ns, Total: 226700 ns
[2020-05-02T03:48:41.176+0000][1][safepoint    ] Safepoint "Cleanup", Time since last: 1000632600 ns, Reaching safepoint: 433600 ns, At safepoint: 132300 ns, Total: 565900 ns
[2020-05-02T03:48:42.177+0000][1][safepoint    ] Safepoint "Cleanup", Time since last: 1000589300 ns, Reaching safepoint: 510200 ns, At safepoint: 130900 ns, Total: 641100 ns
[2020-05-02T03:48:43.178+0000][1][safepoint    ] Safepoint "Cleanup", Time since last: 1000349500 ns, Reaching safepoint: 757400 ns, At safepoint: 196900 ns, Total: 954300 ns
[2020-05-02T03:48:44.179+0000][1][safepoint    ] Safepoint "Cleanup", Time since last: 1000719000 ns, Reaching safepoint: 517400 ns, At safepoint: 133000 ns, Total: 650400 ns
[2020-05-02T03:48:45.180+0000][1][safepoint    ] Safepoint "Cleanup", Time since last: 1000538900 ns, Reaching safepoint: 254600 ns, At safepoint: 107400 ns, Total: 362000 ns
[2020-05-02T03:48:46.181+0000][1][safepoint    ] Safepoint "Cleanup", Time since last: 1000179300 ns, Reaching safepoint: 134600 ns, At safepoint: 35500 ns, Total: 170100 ns
[2020-05-02T03:48:47.181+0000][1][safepoint    ] Safepoint "Cleanup", Time since last: 1000256400 ns, Reaching safepoint: 156300 ns, At safepoint: 39000 ns, Total: 195300 ns
[2020-05-02T03:48:48.182+0000][1][safepoint    ] Safepoint "Cleanup", Time since last: 1000292900 ns, Reaching safepoint: 432300 ns, At safepoint: 128300 ns, Total: 560600 ns
[2020-05-02T03:48:49.183+0000][1][safepoint    ] Safepoint "Cleanup", Time since last: 1000533800 ns, Reaching safepoint: 253400 ns, At safepoint: 72000 ns, Total: 325400 ns
[2020-05-02T03:48:50.184+0000][1][safepoint    ] Safepoint "Cleanup", Time since last: 1000585600 ns, Reaching safepoint: 152600 ns, At safepoint: 29400 ns, Total: 182000 ns
[2020-05-02T03:48:51.184+0000][1][safepoint    ] Safepoint "Cleanup", Time since last: 1000539600 ns, Reaching safepoint: 162200 ns, At safepoint: 37400 ns, Total: 199600 ns
[2020-05-02T03:48:52.185+0000][1][safepoint    ] Safepoint "Cleanup", Time since last: 1000128600 ns, Reaching safepoint: 190900 ns, At safepoint: 28200 ns, Total: 219100 ns
[2020-05-02T03:48:53.185+0000][1][safepoint    ] Safepoint "Cleanup", Time since last: 1000390500 ns, Reaching safepoint: 129700 ns, At safepoint: 30000 ns, Total: 159700 ns
[2020-05-02T03:48:54.187+0000][1][safepoint    ] Safepoint "Cleanup", Time since last: 1000643200 ns, Reaching safepoint: 515800 ns, At safepoint: 129600 ns, Total: 645400 ns
[2020-05-02T03:48:55.187+0000][1][safepoint    ] Safepoint "Cleanup", Time since last: 1000419900 ns, Reaching safepoint: 392300 ns, At safepoint: 98100 ns, Total: 490400 ns
[2020-05-02T03:48:56.188+0000][1][safepoint    ] Safepoint "Cleanup", Time since last: 1000330100 ns, Reaching safepoint: 245700 ns, At safepoint: 71800 ns, Total: 317500 ns
[2020-05-02T03:48:57.189+0000][1][safepoint    ] Safepoint "Cleanup", Time since last: 1000216700 ns, Reaching safepoint: 158000 ns, At safepoint: 34900 ns, Total: 192900 ns
[2020-05-02T03:48:58.189+0000][1][safepoint    ] Safepoint "Cleanup", Time since last: 1000523700 ns, Reaching safepoint: 134400 ns, At safepoint: 30000 ns, Total: 164400 ns
[2020-05-02T03:48:59.190+0000][1][safepoint    ] Safepoint "Cleanup", Time since last: 1000339400 ns, Reaching safepoint: 575500 ns, At safepoint: 145100 ns, Total: 720600 ns
[2020-05-02T03:49:00.191+0000][1][safepoint    ] Safepoint "Cleanup", Time since last: 1000263400 ns, Reaching safepoint: 122200 ns, At safepoint: 26000 ns, Total: 148200 ns
[2020-05-02T03:49:01.191+0000][1][safepoint    ] Safepoint "Cleanup", Time since last: 1000117300 ns, Reaching safepoint: 209200 ns, At safepoint: 55600 ns, Total: 264800 ns
[2020-05-02T03:49:02.192+0000][1][safepoint    ] Safepoint "Cleanup", Time since last: 1000756000 ns, Reaching safepoint: 433900 ns, At safepoint: 130800 ns, Total: 564700 ns
[2020-05-02T03:49:03.193+0000][1][safepoint    ] Safepoint "Cleanup", Time since last: 1000581900 ns, Reaching safepoint: 167300 ns, At safepoint: 34200 ns, Total: 201500 ns
[2020-05-02T03:49:04.194+0000][1][safepoint    ] Safepoint "Cleanup", Time since last: 1000539300 ns, Reaching safepoint: 445900 ns, At safepoint: 94100 ns, Total: 540000 ns
[2020-05-02T03:49:05.196+0000][1][safepoint    ] Safepoint "Cleanup", Time since last: 1000714400 ns, Reaching safepoint: 438900 ns, At safepoint: 131400 ns, Total: 570300 ns
[2020-05-02T03:49:06.197+0000][1][safepoint    ] Safepoint "Cleanup", Time since last: 1000615900 ns, Reaching safepoint: 319000 ns, At safepoint: 91700 ns, Total: 410700 ns
[2020-05-02T03:49:07.197+0000][1][safepoint    ] Safepoint "Cleanup", Time since last: 1000254800 ns, Reaching safepoint: 336900 ns, At safepoint: 100700 ns, Total: 437600 ns
[2020-05-02T03:49:08.199+0000][1][safepoint    ] Safepoint "Cleanup", Time since last: 1000641900 ns, Reaching safepoint: 486300 ns, At safepoint: 134800 ns, Total: 621100 ns
[2020-05-02T03:49:09.199+0000][1][safepoint    ] Safepoint "Cleanup", Time since last: 1000223000 ns, Reaching safepoint: 138300 ns, At safepoint: 29600 ns, Total: 167900 ns
[2020-05-02T03:49:10.199+0000][1][safepoint    ] Safepoint "Cleanup", Time since last: 1000228800 ns, Reaching safepoint: 241400 ns, At safepoint: 61400 ns, Total: 302800 ns
[2020-05-02T03:49:11.201+0000][1][safepoint    ] Safepoint "Cleanup", Time since last: 1000746100 ns, Reaching safepoint: 485900 ns, At safepoint: 133400 ns, Total: 619300 ns
[2020-05-02T03:49:12.202+0000][1][safepoint    ] Safepoint "Cleanup", Time since last: 1000744000 ns, Reaching safepoint: 442200 ns, At safepoint: 132300 ns, Total: 574500 ns
[2020-05-02T03:49:13.203+0000][1][safepoint    ] Safepoint "Cleanup", Time since last: 1000545400 ns, Reaching safepoint: 158500 ns, At safepoint: 36400 ns, Total: 194900 ns
[2020-05-02T03:49:14.204+0000][1][safepoint    ] Safepoint "Cleanup", Time since last: 1000362200 ns, Reaching safepoint: 469600 ns, At safepoint: 140200 ns, Total: 609800 ns
[2020-05-02T03:49:15.205+0000][1][safepoint    ] Safepoint "Cleanup", Time since last: 1000307700 ns, Reaching safepoint: 408200 ns, At safepoint: 62900 ns, Total: 471100 ns
[2020-05-02T03:49:16.205+0000][1][safepoint    ] Safepoint "Cleanup", Time since last: 1000213500 ns, Reaching safepoint: 152900 ns, At safepoint: 94300 ns, Total: 247200 ns
[2020-05-02T03:49:17.206+0000][1][safepoint    ] Safepoint "Cleanup", Time since last: 1000351700 ns, Reaching safepoint: 136300 ns, At safepoint: 28700 ns, Total: 165000 ns
[2020-05-02T03:49:18.206+0000][1][safepoint    ] Safepoint "Cleanup", Time since last: 1000216800 ns, Reaching safepoint: 136200 ns, At safepoint: 30100 ns, Total: 166300 ns
[2020-05-02T03:49:19.206+0000][1][safepoint    ] Safepoint "Cleanup", Time since last: 1000160700 ns, Reaching safepoint: 217700 ns, At safepoint: 39200 ns, Total: 256900 ns
[2020-05-02T03:49:20.207+0000][1][safepoint    ] Safepoint "Cleanup", Time since last: 1000329300 ns, Reaching safepoint: 135000 ns, At safepoint: 29800 ns, Total: 164800 ns
[2020-05-02T03:49:21.208+0000][1][safepoint    ] Safepoint "Cleanup", Time since last: 1000657100 ns, Reaching safepoint: 137400 ns, At safepoint: 30700 ns, Total: 168100 ns
[2020-05-02T03:49:22.208+0000][1][safepoint    ] Safepoint "Cleanup", Time since last: 1000161100 ns, Reaching safepoint: 136000 ns, At safepoint: 27500 ns, Total: 163500 ns
[2020-05-02T03:49:25.806+0000][1][safepoint    ] Safepoint "Cleanup", Time since last: 3596731400 ns, Reaching safepoint: 334000 ns, At safepoint: 495900 ns, Total: 829900 ns
[2020-05-02T04:59:11.890+0000][1][safepoint    ] Safepoint "Cleanup", Time since last: 1000192300 ns, Reaching safepoint: 290300 ns, At safepoint: 182500 ns, Total: 472800 ns
[2020-05-02T04:59:12.891+0000][1][safepoint    ] Safepoint "Cleanup", Time since last: 1000193600 ns, Reaching safepoint: 337000 ns, At safepoint: 483600 ns, Total: 820600 ns
[2020-05-02T04:59:13.892+0000][1][safepoint    ] Safepoint "Cleanup", Time since last: 1000158000 ns, Reaching safepoint: 387300 ns, At safepoint: 114400 ns, Total: 501700 ns
[2020-05-02T04:59:14.892+0000][1][safepoint    ] Safepoint "Cleanup", Time since last: 1000151700 ns, Reaching safepoint: 201800 ns, At safepoint: 185000 ns, Total: 386800 ns
[2020-05-02T04:59:15.893+0000][1][safepoint    ] Safepoint "Cleanup", Time since last: 1000156100 ns, Reaching safepoint: 222100 ns, At safepoint: 76500 ns, Total: 298600 ns
[2020-05-02T04:59:16.894+0000][1][safepoint    ] Safepoint "Cleanup", Time since last: 1000172700 ns, Reaching safepoint: 414700 ns, At safepoint: 117800 ns, Total: 532500 ns
[2020-05-02T04:59:17.894+0000][1][safepoint    ] Safepoint "Cleanup", Time since last: 1000276100 ns, Reaching safepoint: 324600 ns, At safepoint: 224500 ns, Total: 549100 ns
[2020-05-02T04:59:18.895+0000][1][safepoint    ] Safepoint "Cleanup", Time since last: 1000160500 ns, Reaching safepoint: 229200 ns, At safepoint: 88600 ns, Total: 317800 ns
[2020-05-02T04:59:19.895+0000][1][safepoint    ] Safepoint "Cleanup", Time since last: 1000158000 ns, Reaching safepoint: 261100 ns, At safepoint: 96400 ns, Total: 357500 ns
[2020-05-02T04:59:20.896+0000][1][safepoint    ] Safepoint "Cleanup", Time since last: 1000121100 ns, Reaching safepoint: 142500 ns, At safepoint: 43900 ns, Total: 186400 ns
[2020-05-02T04:59:21.896+0000][1][safepoint    ] Safepoint "Cleanup", Time since last: 1000218800 ns, Reaching safepoint: 193400 ns, At safepoint: 68200 ns, Total: 261600 ns
[2020-05-02T04:59:22.897+0000][1][safepoint    ] Safepoint "Cleanup", Time since last: 1000173800 ns, Reaching safepoint: 244100 ns, At safepoint: 82600 ns, Total: 326700 ns
[2020-05-02T04:59:23.897+0000][1][safepoint    ] Safepoint "Cleanup", Time since last: 1000167100 ns, Reaching safepoint: 125500 ns, At safepoint: 39800 ns, Total: 165300 ns
[2020-05-02T04:59:24.898+0000][1][safepoint    ] Safepoint "Cleanup", Time since last: 1000628600 ns, Reaching safepoint: 132600 ns, At safepoint: 54200 ns, Total: 186800 ns
[2020-05-02T04:59:25.898+0000][1][safepoint    ] Safepoint "Cleanup", Time since last: 1000210000 ns, Reaching safepoint: 186600 ns, At safepoint: 123700 ns, Total: 310300 ns
[2020-05-02T04:59:26.899+0000][1][safepoint    ] Safepoint "Cleanup", Time since last: 1000117800 ns, Reaching safepoint: 140600 ns, At safepoint: 36300 ns, Total: 176900 ns
[2020-05-02T04:59:27.899+0000][1][safepoint    ] Safepoint "Cleanup", Time since last: 1000180500 ns, Reaching safepoint: 197300 ns, At safepoint: 48200 ns, Total: 245500 ns
[2020-05-02T04:59:28.900+0000][1][safepoint    ] Safepoint "Cleanup", Time since last: 1000198100 ns, Reaching safepoint: 344600 ns, At safepoint: 93300 ns, Total: 437900 ns
[2020-05-02T04:59:29.900+0000][1][safepoint    ] Safepoint "Cleanup", Time since last: 1000143500 ns, Reaching safepoint: 135000 ns, At safepoint: 39000 ns, Total: 174000 ns
[2020-05-02T04:59:30.900+0000][1][safepoint    ] Safepoint "Cleanup", Time since last: 1000173100 ns, Reaching safepoint: 161300 ns, At safepoint: 42300 ns, Total: 203600 ns
[2020-05-02T04:59:31.901+0000][1][safepoint    ] Safepoint "Cleanup", Time since last: 1000163800 ns, Reaching safepoint: 129200 ns, At safepoint: 92900 ns, Total: 222100 ns
[2020-05-02T04:59:32.902+0000][1][safepoint    ] Safepoint "Cleanup", Time since last: 1000476500 ns, Reaching safepoint: 135100 ns, At safepoint: 53600 ns, Total: 188700 ns
[2020-05-02T04:59:33.902+0000][1][safepoint    ] Safepoint "Cleanup", Time since last: 1000238700 ns, Reaching safepoint: 348700 ns, At safepoint: 108100 ns, Total: 456800 ns
[2020-05-02T04:59:34.903+0000][1][safepoint    ] Safepoint "Cleanup", Time since last: 1000220900 ns, Reaching safepoint: 392000 ns, At safepoint: 127400 ns, Total: 519400 ns
[2020-05-02T04:59:35.904+0000][1][safepoint    ] Safepoint "Cleanup", Time since last: 1000242600 ns, Reaching safepoint: 425400 ns, At safepoint: 114900 ns, Total: 540300 ns
[2020-05-02T04:59:36.904+0000][1][safepoint    ] Safepoint "Cleanup", Time since last: 1000273700 ns, Reaching safepoint: 159600 ns, At safepoint: 59900 ns, Total: 219500 ns
[2020-05-02T04:59:37.905+0000][1][safepoint    ] Safepoint "Cleanup", Time since last: 1000147900 ns, Reaching safepoint: 188500 ns, At safepoint: 84200 ns, Total: 272700 ns
[2020-05-02T04:59:38.905+0000][1][safepoint    ] Safepoint "Cleanup", Time since last: 1000437700 ns, Reaching safepoint: 245000 ns, At safepoint: 82600 ns, Total: 327600 ns
[2020-05-02T04:59:39.906+0000][1][safepoint    ] Safepoint "Cleanup", Time since last: 1000383400 ns, Reaching safepoint: 132800 ns, At safepoint: 83000 ns, Total: 215800 ns
[2020-05-02T04:59:40.907+0000][1][safepoint    ] Safepoint "Cleanup", Time since last: 1000242000 ns, Reaching safepoint: 227000 ns, At safepoint: 56100 ns, Total: 283100 ns
[2020-05-02T04:59:41.907+0000][1][safepoint    ] Safepoint "Cleanup", Time since last: 1000187100 ns, Reaching safepoint: 282100 ns, At safepoint: 132000 ns, Total: 414100 ns
[2020-05-02T04:59:42.908+0000][1][safepoint    ] Safepoint "Cleanup", Time since last: 1000180500 ns, Reaching safepoint: 202700 ns, At safepoint: 73900 ns, Total: 276600 ns
[2020-05-02T04:59:43.908+0000][1][safepoint    ] Safepoint "Cleanup", Time since last: 1000521700 ns, Reaching safepoint: 135000 ns, At safepoint: 54300 ns, Total: 189300 ns
[2020-05-02T04:59:44.909+0000][1][safepoint    ] Safepoint "Cleanup", Time since last: 1000122400 ns, Reaching safepoint: 251400 ns, At safepoint: 80500 ns, Total: 331900 ns
[2020-05-02T04:59:45.909+0000][1][safepoint    ] Safepoint "Cleanup", Time since last: 1000208500 ns, Reaching safepoint: 128100 ns, At safepoint: 81600 ns, Total: 209700 ns
[2020-05-02T04:59:46.910+0000][1][safepoint    ] Safepoint "Cleanup", Time since last: 1000298000 ns, Reaching safepoint: 240100 ns, At safepoint: 93800 ns, Total: 333900 ns
[2020-05-02T04:59:47.910+0000][1][safepoint    ] Safepoint "Cleanup", Time since last: 1000208500 ns, Reaching safepoint: 261000 ns, At safepoint: 75800 ns, Total: 336800 ns
[2020-05-02T04:59:48.911+0000][1][safepoint    ] Safepoint "Cleanup", Time since last: 1000178000 ns, Reaching safepoint: 155300 ns, At safepoint: 35300 ns, Total: 190600 ns
[2020-05-02T04:59:49.911+0000][1][safepoint    ] Safepoint "Cleanup", Time since last: 1000154100 ns, Reaching safepoint: 123300 ns, At safepoint: 99500 ns, Total: 222800 ns
[2020-05-02T04:59:50.912+0000][1][safepoint    ] Safepoint "Cleanup", Time since last: 1000594700 ns, Reaching safepoint: 275500 ns, At safepoint: 75500 ns, Total: 351000 ns
[2020-05-02T04:59:51.913+0000][1][safepoint    ] Safepoint "Cleanup", Time since last: 1000396400 ns, Reaching safepoint: 128400 ns, At safepoint: 47400 ns, Total: 175800 ns
[2020-05-02T04:59:52.913+0000][1][safepoint    ] Safepoint "Cleanup", Time since last: 1000232800 ns, Reaching safepoint: 153900 ns, At safepoint: 53700 ns, Total: 207600 ns
[2020-05-02T04:59:53.913+0000][1][safepoint    ] Safepoint "Cleanup", Time since last: 1000174100 ns, Reaching safepoint: 130100 ns, At safepoint: 66900 ns, Total: 197000 ns
[2020-05-02T04:59:54.915+0000][1][safepoint    ] Safepoint "Cleanup", Time since last: 1000695100 ns, Reaching safepoint: 393900 ns, At safepoint: 70300 ns, Total: 464200 ns
[2020-05-02T04:59:55.915+0000][1][safepoint    ] Safepoint "Cleanup", Time since last: 1000122800 ns, Reaching safepoint: 139800 ns, At safepoint: 200400 ns, Total: 340200 ns
[2020-05-02T04:59:56.915+0000][1][safepoint    ] Safepoint "Cleanup", Time since last: 1000131200 ns, Reaching safepoint: 182500 ns, At safepoint: 31000 ns, Total: 213500 ns
[2020-05-02T04:59:57.916+0000][1][safepoint    ] Safepoint "Cleanup", Time since last: 1000753700 ns, Reaching safepoint: 231300 ns, At safepoint: 75000 ns, Total: 306300 ns
[2020-05-02T04:59:58.917+0000][1][safepoint    ] Safepoint "Cleanup", Time since last: 1000202700 ns, Reaching safepoint: 164300 ns, At safepoint: 37700 ns, Total: 202000 ns
[2020-05-02T04:59:59.918+0000][1][safepoint    ] Safepoint "Cleanup", Time since last: 1000639700 ns, Reaching safepoint: 140000 ns, At safepoint: 71800 ns, Total: 211800 ns
[2020-05-02T05:00:00.918+0000][1][safepoint    ] Safepoint "Cleanup", Time since last: 1000163900 ns, Reaching safepoint: 147100 ns, At safepoint: 67500 ns, Total: 214600 ns
[2020-05-02T05:00:01.919+0000][1][safepoint    ] Safepoint "Cleanup", Time since last: 1000490100 ns, Reaching safepoint: 320800 ns, At safepoint: 138800 ns, Total: 459600 ns
[2020-05-02T05:00:02.919+0000][1][safepoint    ] Safepoint "Cleanup", Time since last: 1000247900 ns, Reaching safepoint: 138100 ns, At safepoint: 51700 ns, Total: 189800 ns
[2020-05-02T05:00:03.920+0000][1][safepoint    ] Safepoint "Cleanup", Time since last: 1000640600 ns, Reaching safepoint: 137000 ns, At safepoint: 54500 ns, Total: 191500 ns
[2020-05-02T05:00:04.921+0000][1][safepoint    ] Safepoint "Cleanup", Time since last: 1000394800 ns, Reaching safepoint: 123100 ns, At safepoint: 33600 ns, Total: 156700 ns
[2020-05-02T05:00:05.921+0000][1][safepoint    ] Safepoint "Cleanup", Time since last: 1000168500 ns, Reaching safepoint: 207200 ns, At safepoint: 128400 ns, Total: 335600 ns
[2020-05-02T05:00:06.922+0000][1][safepoint    ] Safepoint "Cleanup", Time since last: 1000307100 ns, Reaching safepoint: 127100 ns, At safepoint: 48700 ns, Total: 175800 ns
[2020-05-02T05:00:07.922+0000][1][safepoint    ] Safepoint "Cleanup", Time since last: 1000169400 ns, Reaching safepoint: 145000 ns, At safepoint: 50000 ns, Total: 195000 ns
[2020-05-02T05:00:08.923+0000][1][safepoint    ] Safepoint "Cleanup", Time since last: 1000236800 ns, Reaching safepoint: 133700 ns, At safepoint: 51500 ns, Total: 185200 ns
[2020-05-02T05:00:09.923+0000][1][safepoint    ] Safepoint "Cleanup", Time since last: 1000309200 ns, Reaching safepoint: 139600 ns, At safepoint: 34000 ns, Total: 173600 ns
[2020-05-02T05:00:10.924+0000][1][safepoint    ] Safepoint "Cleanup", Time since last: 1000371600 ns, Reaching safepoint: 121900 ns, At safepoint: 34300 ns, Total: 156200 ns
[2020-05-02T05:00:11.924+0000][1][safepoint    ] Safepoint "Cleanup", Time since last: 1000185900 ns, Reaching safepoint: 138500 ns, At safepoint: 58200 ns, Total: 196700 ns
[2020-05-02T05:00:12.924+0000][1][safepoint    ] Safepoint "Cleanup", Time since last: 1000165100 ns, Reaching safepoint: 186300 ns, At safepoint: 66200 ns, Total: 252500 ns
[2020-05-02T05:00:13.925+0000][1][safepoint    ] Safepoint "Cleanup", Time since last: 1000188600 ns, Reaching safepoint: 133900 ns, At safepoint: 49700 ns, Total: 183600 ns
[2020-05-02T05:00:14.924+0000][1][gc,start     ] GC(24) Pause Young (Allocation Failure)
[2020-05-02T05:00:14.924+0000][1][gc,task      ] GC(24) Using 10 workers of 10 for evacuation
[2020-05-02T05:00:14.931+0000][1][gc,age       ] GC(24) Desired survivor size 8945664 bytes, new threshold 6 (max threshold 6)
[2020-05-02T05:00:14.931+0000][1][gc,age       ] GC(24) Age table with threshold 6 (max threshold 6)
[2020-05-02T05:00:14.931+0000][1][gc,age       ] GC(24) - age   1:     166120 bytes,     166120 total
[2020-05-02T05:00:14.931+0000][1][gc,age       ] GC(24) - age   2:     155816 bytes,     321936 total
[2020-05-02T05:00:14.931+0000][1][gc,age       ] GC(24) - age   3:     475392 bytes,     797328 total
[2020-05-02T05:00:14.931+0000][1][gc,age       ] GC(24) - age   4:     664328 bytes,    1461656 total
[2020-05-02T05:00:14.931+0000][1][gc,age       ] GC(24) - age   5:     383520 bytes,    1845176 total
[2020-05-02T05:00:14.931+0000][1][gc,age       ] GC(24) - age   6:     706208 bytes,    2551384 total
[2020-05-02T05:00:14.931+0000][1][gc,heap      ] GC(24) ParNew: 148761K->5790K(157248K)
[2020-05-02T05:00:14.931+0000][1][gc,heap      ] GC(24) CMS: 76099K->79227K(349568K)
[2020-05-02T05:00:14.931+0000][1][gc,metaspace ] GC(24) Metaspace: 95281K->95281K(1136640K)
[2020-05-02T05:00:14.931+0000][1][gc           ] GC(24) Pause Young (Allocation Failure) 219M->83M(494M) 6.520ms
[2020-05-02T05:00:14.931+0000][1][gc,cpu       ] GC(24) User=0.02s Sys=0.01s Real=0.01s
[2020-05-02T05:00:14.931+0000][1][safepoint    ] Safepoint "GenCollectForAllocation", Time since last: 999195900 ns, Reaching safepoint: 134100 ns, At safepoint: 6643700 ns, Total: 6777800 ns
[2020-05-02T05:00:15.931+0000][1][safepoint    ] Safepoint "Cleanup", Time since last: 1000199600 ns, Reaching safepoint: 140000 ns, At safepoint: 54300 ns, Total: 194300 ns
[2020-05-02T05:00:16.932+0000][1][safepoint    ] Safepoint "Cleanup", Time since last: 1000156900 ns, Reaching safepoint: 219600 ns, At safepoint: 50200 ns, Total: 269800 ns
[2020-05-02T05:00:17.932+0000][1][safepoint    ] Safepoint "Cleanup", Time since last: 1000166700 ns, Reaching safepoint: 142200 ns, At safepoint: 53400 ns, Total: 195600 ns
[2020-05-02T05:00:18.932+0000][1][safepoint    ] Safepoint "Cleanup", Time since last: 1000212400 ns, Reaching safepoint: 145400 ns, At safepoint: 64700 ns, Total: 210100 ns
[2020-05-02T05:00:19.933+0000][1][safepoint    ] Safepoint "Cleanup", Time since last: 1000164300 ns, Reaching safepoint: 139000 ns, At safepoint: 39700 ns, Total: 178700 ns
[2020-05-02T05:00:20.933+0000][1][safepoint    ] Safepoint "Cleanup", Time since last: 1000206300 ns, Reaching safepoint: 134800 ns, At safepoint: 55700 ns, Total: 190500 ns
[2020-05-02T05:00:21.934+0000][1][safepoint    ] Safepoint "Cleanup", Time since last: 1000155000 ns, Reaching safepoint: 163400 ns, At safepoint: 58900 ns, Total: 222300 ns
[2020-05-02T05:00:22.934+0000][1][safepoint    ] Safepoint "Cleanup", Time since last: 1000156100 ns, Reaching safepoint: 127200 ns, At safepoint: 39500 ns, Total: 166700 ns
[2020-05-02T05:00:23.935+0000][1][safepoint    ] Safepoint "Cleanup", Time since last: 1000425600 ns, Reaching safepoint: 268000 ns, At safepoint: 62000 ns, Total: 330000 ns
[2020-05-02T05:00:24.935+0000][1][safepoint    ] Safepoint "Cleanup", Time since last: 1000294200 ns, Reaching safepoint: 129600 ns, At safepoint: 46500 ns, Total: 176100 ns
[2020-05-02T05:00:25.935+0000][1][safepoint    ] Safepoint "Cleanup", Time since last: 1000190300 ns, Reaching safepoint: 173600 ns, At safepoint: 53400 ns, Total: 227000 ns
[2020-05-02T05:00:26.936+0000][1][safepoint    ] Safepoint "Cleanup", Time since last: 1000223600 ns, Reaching safepoint: 147700 ns, At safepoint: 72900 ns, Total: 220600 ns
[2020-05-02T05:00:27.936+0000][1][safepoint    ] Safepoint "Cleanup", Time since last: 1000152000 ns, Reaching safepoint: 138800 ns, At safepoint: 59800 ns, Total: 198600 ns
[2020-05-02T05:00:28.937+0000][1][safepoint    ] Safepoint "Cleanup", Time since last: 1000191900 ns, Reaching safepoint: 157500 ns, At safepoint: 61000 ns, Total: 218500 ns
[2020-05-02T05:00:29.937+0000][1][safepoint    ] Safepoint "Cleanup", Time since last: 1000483700 ns, Reaching safepoint: 151800 ns, At safepoint: 52800 ns, Total: 204600 ns
[2020-05-02T05:00:30.939+0000][1][safepoint    ] Safepoint "Cleanup", Time since last: 1000674600 ns, Reaching safepoint: 310800 ns, At safepoint: 151800 ns, Total: 462600 ns
[2020-05-02T05:00:31.939+0000][1][safepoint    ] Safepoint "Cleanup", Time since last: 1000307900 ns, Reaching safepoint: 368400 ns, At safepoint: 53000 ns, Total: 421400 ns
[2020-05-02T05:00:32.940+0000][1][safepoint    ] Safepoint "Cleanup", Time since last: 1000570500 ns, Reaching safepoint: 131600 ns, At safepoint: 55000 ns, Total: 186600 ns
[2020-05-02T05:00:33.940+0000][1][safepoint    ] Safepoint "Cleanup", Time since last: 1000194700 ns, Reaching safepoint: 134900 ns, At safepoint: 70300 ns, Total: 205200 ns
[2020-05-02T05:00:34.941+0000][1][safepoint    ] Safepoint "Cleanup", Time since last: 1000223300 ns, Reaching safepoint: 246000 ns, At safepoint: 55800 ns, Total: 301800 ns
[2020-05-02T05:00:35.019+0000][1][safepoint    ] Safepoint "RevokeBias", Time since last: 78005000 ns, Reaching safepoint: 151300 ns, At safepoint: 45600 ns, Total: 196900 ns
[2020-05-02T05:00:35.020+0000][1][safepoint    ] Safepoint "RevokeBias", Time since last: 533400 ns, Reaching safepoint: 100000 ns, At safepoint: 39600 ns, Total: 139600 ns
[2020-05-02T05:00:36.020+0000][1][safepoint    ] Safepoint "Cleanup", Time since last: 1000230200 ns, Reaching safepoint: 144700 ns, At safepoint: 93300 ns, Total: 238000 ns
[2020-05-02T05:00:37.021+0000][1][safepoint    ] Safepoint "Cleanup", Time since last: 1000161700 ns, Reaching safepoint: 144900 ns, At safepoint: 64900 ns, Total: 209800 ns
[2020-05-02T05:00:38.022+0000][1][safepoint    ] Safepoint "Cleanup", Time since last: 1000717200 ns, Reaching safepoint: 141600 ns, At safepoint: 37900 ns, Total: 179500 ns
[2020-05-02T05:00:39.022+0000][1][safepoint    ] Safepoint "Cleanup", Time since last: 1000633100 ns, Reaching safepoint: 138400 ns, At safepoint: 54800 ns, Total: 193200 ns
[2020-05-02T05:00:40.023+0000][1][safepoint    ] Safepoint "Cleanup", Time since last: 1000448700 ns, Reaching safepoint: 192800 ns, At safepoint: 61600 ns, Total: 254400 ns
[2020-05-02T05:00:41.023+0000][1][safepoint    ] Safepoint "Cleanup", Time since last: 1000146400 ns, Reaching safepoint: 143100 ns, At safepoint: 60700 ns, Total: 203800 ns
[2020-05-02T05:00:42.025+0000][1][safepoint    ] Safepoint "Cleanup", Time since last: 1000347100 ns, Reaching safepoint: 875700 ns, At safepoint: 182500 ns, Total: 1058200 ns
[2020-05-02T05:00:43.026+0000][1][safepoint    ] Safepoint "Cleanup", Time since last: 1000713200 ns, Reaching safepoint: 474900 ns, At safepoint: 204900 ns, Total: 679800 ns
[2020-05-02T05:00:44.028+0000][1][safepoint    ] Safepoint "Cleanup", Time since last: 1001047200 ns, Reaching safepoint: 585800 ns, At safepoint: 222100 ns, Total: 807900 ns
[2020-05-02T05:00:45.029+0000][1][safepoint    ] Safepoint "Cleanup", Time since last: 1000320800 ns, Reaching safepoint: 139800 ns, At safepoint: 55800 ns, Total: 195600 ns
[2020-05-02T05:00:46.029+0000][1][safepoint    ] Safepoint "Cleanup", Time since last: 1000523000 ns, Reaching safepoint: 153200 ns, At safepoint: 61900 ns, Total: 215100 ns
[2020-05-02T05:00:47.030+0000][1][safepoint    ] Safepoint "Cleanup", Time since last: 1000223700 ns, Reaching safepoint: 242900 ns, At safepoint: 72000 ns, Total: 314900 ns
[2020-05-02T05:00:48.031+0000][1][safepoint    ] Safepoint "Cleanup", Time since last: 1000870100 ns, Reaching safepoint: 444600 ns, At safepoint: 205400 ns, Total: 650000 ns
[2020-05-02T05:00:49.033+0000][1][safepoint    ] Safepoint "Cleanup", Time since last: 1000499000 ns, Reaching safepoint: 493000 ns, At safepoint: 228500 ns, Total: 721500 ns
[2020-05-02T05:00:50.033+0000][1][safepoint    ] Safepoint "Cleanup", Time since last: 1000522400 ns, Reaching safepoint: 246500 ns, At safepoint: 81400 ns, Total: 327900 ns
[2020-05-02T05:00:51.035+0000][1][safepoint    ] Safepoint "Cleanup", Time since last: 1000582700 ns, Reaching safepoint: 386600 ns, At safepoint: 152100 ns, Total: 538700 ns
[2020-05-02T05:00:52.036+0000][1][safepoint    ] Safepoint "Cleanup", Time since last: 1000724300 ns, Reaching safepoint: 205700 ns, At safepoint: 116200 ns, Total: 321900 ns
[2020-05-02T05:00:53.036+0000][1][safepoint    ] Safepoint "Cleanup", Time since last: 1000216800 ns, Reaching safepoint: 232400 ns, At safepoint: 80400 ns, Total: 312800 ns
[2020-05-02T05:00:54.037+0000][1][safepoint    ] Safepoint "Cleanup", Time since last: 1000527500 ns, Reaching safepoint: 477400 ns, At safepoint: 204500 ns, Total: 681900 ns
[2020-05-02T05:00:55.038+0000][1][safepoint    ] Safepoint "Cleanup", Time since last: 1000653800 ns, Reaching safepoint: 141000 ns, At safepoint: 58100 ns, Total: 199100 ns
[2020-05-02T05:00:56.040+0000][1][safepoint    ] Safepoint "Cleanup", Time since last: 1000736100 ns, Reaching safepoint: 478900 ns, At safepoint: 254500 ns, Total: 733400 ns
[2020-05-02T05:00:57.040+0000][1][safepoint    ] Safepoint "Cleanup", Time since last: 1000547100 ns, Reaching safepoint: 204900 ns, At safepoint: 55400 ns, Total: 260300 ns
[2020-05-02T05:00:58.041+0000][1][safepoint    ] Safepoint "Cleanup", Time since last: 1000205900 ns, Reaching safepoint: 170500 ns, At safepoint: 66300 ns, Total: 236800 ns
[2020-05-02T05:00:59.041+0000][1][safepoint    ] Safepoint "Cleanup", Time since last: 1000169300 ns, Reaching safepoint: 145500 ns, At safepoint: 35700 ns, Total: 181200 ns
[2020-05-02T05:01:00.042+0000][1][safepoint    ] Safepoint "Cleanup", Time since last: 1000212300 ns, Reaching safepoint: 139100 ns, At safepoint: 49100 ns, Total: 188200 ns
[2020-05-02T05:01:01.042+0000][1][safepoint    ] Safepoint "Cleanup", Time since last: 1000300500 ns, Reaching safepoint: 299700 ns, At safepoint: 104700 ns, Total: 404400 ns
[2020-05-02T05:01:02.043+0000][1][safepoint    ] Safepoint "Cleanup", Time since last: 1000430100 ns, Reaching safepoint: 217800 ns, At safepoint: 94100 ns, Total: 311900 ns
[2020-05-02T05:01:03.045+0000][1][safepoint    ] Safepoint "Cleanup", Time since last: 1000781100 ns, Reaching safepoint: 710300 ns, At safepoint: 210900 ns, Total: 921200 ns
[2020-05-02T05:01:04.046+0000][1][safepoint    ] Safepoint "Cleanup", Time since last: 1000534100 ns, Reaching safepoint: 528400 ns, At safepoint: 230900 ns, Total: 759300 ns
[2020-05-02T05:01:05.047+0000][1][safepoint    ] Safepoint "Cleanup", Time since last: 1000501100 ns, Reaching safepoint: 342300 ns, At safepoint: 130200 ns, Total: 472500 ns
[2020-05-02T05:01:06.049+0000][1][safepoint    ] Safepoint "Cleanup", Time since last: 1000768400 ns, Reaching safepoint: 446400 ns, At safepoint: 205900 ns, Total: 652300 ns
[2020-05-02T05:01:07.049+0000][1][safepoint    ] Safepoint "Cleanup", Time since last: 1000284100 ns, Reaching safepoint: 285400 ns, At safepoint: 78800 ns, Total: 364200 ns
[2020-05-02T05:01:08.050+0000][1][safepoint    ] Safepoint "Cleanup", Time since last: 1000696500 ns, Reaching safepoint: 143500 ns, At safepoint: 58300 ns, Total: 201800 ns
[2020-05-02T05:01:09.051+0000][1][safepoint    ] Safepoint "Cleanup", Time since last: 1000423900 ns, Reaching safepoint: 522900 ns, At safepoint: 208600 ns, Total: 731500 ns
[2020-05-02T05:01:10.053+0000][1][safepoint    ] Safepoint "Cleanup", Time since last: 1000911700 ns, Reaching safepoint: 448700 ns, At safepoint: 204900 ns, Total: 653600 ns
[2020-05-02T05:01:11.053+0000][1][safepoint    ] Safepoint "Cleanup", Time since last: 1000260400 ns, Reaching safepoint: 134900 ns, At safepoint: 37500 ns, Total: 172400 ns
[2020-05-02T05:01:12.054+0000][1][safepoint    ] Safepoint "Cleanup", Time since last: 1000177200 ns, Reaching safepoint: 173000 ns, At safepoint: 35400 ns, Total: 208400 ns
[2020-05-02T05:01:13.054+0000][1][safepoint    ] Safepoint "Cleanup", Time since last: 1000121300 ns, Reaching safepoint: 125600 ns, At safepoint: 34000 ns, Total: 159600 ns
[2020-05-02T05:01:14.054+0000][1][safepoint    ] Safepoint "Cleanup", Time since last: 1000209400 ns, Reaching safepoint: 126800 ns, At safepoint: 35700 ns, Total: 162500 ns
[2020-05-02T05:01:15.055+0000][1][safepoint    ] Safepoint "Cleanup", Time since last: 1000435100 ns, Reaching safepoint: 151300 ns, At safepoint: 60200 ns, Total: 211500 ns
[2020-05-02T05:01:16.055+0000][1][safepoint    ] Safepoint "Cleanup", Time since last: 1000224200 ns, Reaching safepoint: 196900 ns, At safepoint: 81800 ns, Total: 278700 ns
[2020-05-02T05:01:17.056+0000][1][safepoint    ] Safepoint "Cleanup", Time since last: 1000590800 ns, Reaching safepoint: 286900 ns, At safepoint: 127000 ns, Total: 413900 ns
[2020-05-02T05:01:18.057+0000][1][safepoint    ] Safepoint "Cleanup", Time since last: 1000295800 ns, Reaching safepoint: 325100 ns, At safepoint: 109800 ns, Total: 434900 ns
[2020-05-02T05:01:19.059+0000][1][safepoint    ] Safepoint "Cleanup", Time since last: 1000908500 ns, Reaching safepoint: 444700 ns, At safepoint: 204800 ns, Total: 649500 ns
[2020-05-02T05:01:20.060+0000][1][safepoint    ] Safepoint "Cleanup", Time since last: 1000780300 ns, Reaching safepoint: 424000 ns, At safepoint: 172300 ns, Total: 596300 ns
[2020-05-02T05:01:21.061+0000][1][safepoint    ] Safepoint "Cleanup", Time since last: 1000438000 ns, Reaching safepoint: 446300 ns, At safepoint: 319200 ns, Total: 765500 ns
[2020-05-02T05:01:22.062+0000][1][safepoint    ] Safepoint "Cleanup", Time since last: 1000649900 ns, Reaching safepoint: 135900 ns, At safepoint: 55500 ns, Total: 191400 ns
[2020-05-02T05:01:23.064+0000][1][safepoint    ] Safepoint "Cleanup", Time since last: 1000841000 ns, Reaching safepoint: 446300 ns, At safepoint: 206200 ns, Total: 652500 ns
[2020-05-02T05:01:24.064+0000][1][safepoint    ] Safepoint "Cleanup", Time since last: 1000360000 ns, Reaching safepoint: 368400 ns, At safepoint: 137400 ns, Total: 505800 ns
[2020-05-02T05:01:25.065+0000][1][safepoint    ] Safepoint "Cleanup", Time since last: 1000197000 ns, Reaching safepoint: 131500 ns, At safepoint: 38600 ns, Total: 170100 ns
[2020-05-02T05:01:26.066+0000][1][safepoint    ] Safepoint "Cleanup", Time since last: 1000669700 ns, Reaching safepoint: 158200 ns, At safepoint: 65000 ns, Total: 223200 ns
[2020-05-02T05:01:27.067+0000][1][safepoint    ] Safepoint "Cleanup", Time since last: 1000449900 ns, Reaching safepoint: 522600 ns, At safepoint: 201900 ns, Total: 724500 ns
[2020-05-02T05:01:28.069+0000][1][safepoint    ] Safepoint "Cleanup", Time since last: 1000905800 ns, Reaching safepoint: 473700 ns, At safepoint: 205700 ns, Total: 679400 ns
[2020-05-02T05:01:29.070+0000][1][safepoint    ] Safepoint "Cleanup", Time since last: 1000432000 ns, Reaching safepoint: 772000 ns, At safepoint: 215100 ns, Total: 987100 ns
[2020-05-02T05:01:30.071+0000][1][safepoint    ] Safepoint "Cleanup", Time since last: 1000905100 ns, Reaching safepoint: 444800 ns, At safepoint: 204600 ns, Total: 649400 ns
[2020-05-02T05:01:31.073+0000][1][safepoint    ] Safepoint "Cleanup", Time since last: 1001004900 ns, Reaching safepoint: 443200 ns, At safepoint: 197800 ns, Total: 641000 ns
[2020-05-02T05:01:32.075+0000][1][safepoint    ] Safepoint "Cleanup", Time since last: 1000424200 ns, Reaching safepoint: 537200 ns, At safepoint: 197200 ns, Total: 734400 ns
[2020-05-02T05:01:33.076+0000][1][safepoint    ] Safepoint "Cleanup", Time since last: 1001142300 ns, Reaching safepoint: 191100 ns, At safepoint: 81300 ns, Total: 272400 ns
[2020-05-02T05:01:34.077+0000][1][safepoint    ] Safepoint "Cleanup", Time since last: 1000738800 ns, Reaching safepoint: 444800 ns, At safepoint: 205100 ns, Total: 649900 ns
[2020-05-02T05:01:35.078+0000][1][safepoint    ] Safepoint "Cleanup", Time since last: 1000542200 ns, Reaching safepoint: 140700 ns, At safepoint: 57300 ns, Total: 198000 ns
[2020-05-02T05:01:36.079+0000][1][safepoint    ] Safepoint "Cleanup", Time since last: 1000832900 ns, Reaching safepoint: 445500 ns, At safepoint: 207000 ns, Total: 652500 ns
[2020-05-02T05:01:37.080+0000][1][safepoint    ] Safepoint "Cleanup", Time since last: 1000403500 ns, Reaching safepoint: 129500 ns, At safepoint: 35700 ns, Total: 165200 ns
[2020-05-02T05:01:38.080+0000][1][safepoint    ] Safepoint "Cleanup", Time since last: 1000232200 ns, Reaching safepoint: 135400 ns, At safepoint: 52400 ns, Total: 187800 ns
[2020-05-02T05:01:39.081+0000][1][safepoint    ] Safepoint "Cleanup", Time since last: 1000246900 ns, Reaching safepoint: 138500 ns, At safepoint: 39200 ns, Total: 177700 ns
[2020-05-02T05:01:40.082+0000][1][safepoint    ] Safepoint "Cleanup", Time since last: 1000654500 ns, Reaching safepoint: 270500 ns, At safepoint: 127600 ns, Total: 398100 ns
[2020-05-02T05:01:41.083+0000][1][safepoint    ] Safepoint "Cleanup", Time since last: 1000739300 ns, Reaching safepoint: 440700 ns, At safepoint: 205000 ns, Total: 645700 ns
[2020-05-02T05:01:42.084+0000][1][safepoint    ] Safepoint "Cleanup", Time since last: 1000500700 ns, Reaching safepoint: 471900 ns, At safepoint: 315500 ns, Total: 787400 ns
[2020-05-02T05:01:43.085+0000][1][safepoint    ] Safepoint "Cleanup", Time since last: 1000386000 ns, Reaching safepoint: 211900 ns, At safepoint: 93000 ns, Total: 304900 ns
[2020-05-02T05:01:44.086+0000][1][safepoint    ] Safepoint "Cleanup", Time since last: 1000244200 ns, Reaching safepoint: 204200 ns, At safepoint: 104200 ns, Total: 308400 ns
[2020-05-02T05:01:45.087+0000][1][safepoint    ] Safepoint "Cleanup", Time since last: 1000569900 ns, Reaching safepoint: 439900 ns, At safepoint: 329700 ns, Total: 769600 ns
[2020-05-02T05:01:46.088+0000][1][safepoint    ] Safepoint "Cleanup", Time since last: 1000394800 ns, Reaching safepoint: 144200 ns, At safepoint: 80100 ns, Total: 224300 ns
[2020-05-02T05:01:47.088+0000][1][safepoint    ] Safepoint "Cleanup", Time since last: 1000247100 ns, Reaching safepoint: 218300 ns, At safepoint: 62200 ns, Total: 280500 ns
[2020-05-02T05:01:48.089+0000][1][safepoint    ] Safepoint "Cleanup", Time since last: 1000523200 ns, Reaching safepoint: 157400 ns, At safepoint: 66300 ns, Total: 223700 ns
[2020-05-02T05:01:49.090+0000][1][safepoint    ] Safepoint "Cleanup", Time since last: 1000117900 ns, Reaching safepoint: 296400 ns, At safepoint: 471900 ns, Total: 768300 ns
[2020-05-02T05:01:50.091+0000][1][safepoint    ] Safepoint "Cleanup", Time since last: 1000674300 ns, Reaching safepoint: 190800 ns, At safepoint: 100100 ns, Total: 290900 ns
[2020-05-02T05:01:51.093+0000][1][safepoint    ] Safepoint "Cleanup", Time since last: 1000718500 ns, Reaching safepoint: 371900 ns, At safepoint: 1068500 ns, Total: 1440400 ns
[2020-05-02T05:01:52.093+0000][1][safepoint    ] Safepoint "Cleanup", Time since last: 1000192500 ns, Reaching safepoint: 142500 ns, At safepoint: 118800 ns, Total: 261300 ns
[2020-05-02T05:01:53.094+0000][1][safepoint    ] Safepoint "Cleanup", Time since last: 1000190200 ns, Reaching safepoint: 173300 ns, At safepoint: 54400 ns, Total: 227700 ns
[2020-05-02T05:01:54.094+0000][1][safepoint    ] Safepoint "Cleanup", Time since last: 1000344700 ns, Reaching safepoint: 152000 ns, At safepoint: 60000 ns, Total: 212000 ns
[2020-05-02T05:01:55.095+0000][1][safepoint    ] Safepoint "Cleanup", Time since last: 1000310500 ns, Reaching safepoint: 140300 ns, At safepoint: 57700 ns, Total: 198000 ns
[2020-05-02T05:01:56.096+0000][1][safepoint    ] Safepoint "Cleanup", Time since last: 1000310700 ns, Reaching safepoint: 411300 ns, At safepoint: 125200 ns, Total: 536500 ns
[2020-05-02T05:01:57.096+0000][1][safepoint    ] Safepoint "Cleanup", Time since last: 1000403800 ns, Reaching safepoint: 187900 ns, At safepoint: 36200 ns, Total: 224100 ns
[2020-05-02T05:01:58.097+0000][1][safepoint    ] Safepoint "Cleanup", Time since last: 1000244600 ns, Reaching safepoint: 260800 ns, At safepoint: 56300 ns, Total: 317100 ns
[2020-05-02T05:01:59.098+0000][1][safepoint    ] Safepoint "Cleanup", Time since last: 1000363900 ns, Reaching safepoint: 494200 ns, At safepoint: 202400 ns, Total: 696600 ns
[2020-05-02T05:02:00.098+0000][1][safepoint    ] Safepoint "Cleanup", Time since last: 1000235400 ns, Reaching safepoint: 188600 ns, At safepoint: 77600 ns, Total: 266200 ns
[2020-05-02T05:02:01.100+0000][1][safepoint    ] Safepoint "Cleanup", Time since last: 1000703100 ns, Reaching safepoint: 259000 ns, At safepoint: 95700 ns, Total: 354700 ns
[2020-05-02T05:02:02.101+0000][1][safepoint    ] Safepoint "Cleanup", Time since last: 1000396300 ns, Reaching safepoint: 548800 ns, At safepoint: 201000 ns, Total: 749800 ns
[2020-05-02T05:02:03.102+0000][1][safepoint    ] Safepoint "Cleanup", Time since last: 1000373200 ns, Reaching safepoint: 530700 ns, At safepoint: 192500 ns, Total: 723200 ns
[2020-05-02T05:02:04.103+0000][1][safepoint    ] Safepoint "Cleanup", Time since last: 1000970700 ns, Reaching safepoint: 473200 ns, At safepoint: 208200 ns, Total: 681400 ns
[2020-05-02T05:02:05.104+0000][1][safepoint    ] Safepoint "Cleanup", Time since last: 1000283600 ns, Reaching safepoint: 134900 ns, At safepoint: 51800 ns, Total: 186700 ns
[2020-05-02T05:02:06.105+0000][1][safepoint    ] Safepoint "Cleanup", Time since last: 1000475600 ns, Reaching safepoint: 553400 ns, At safepoint: 280600 ns, Total: 834000 ns
[2020-05-02T05:02:07.107+0000][1][safepoint    ] Safepoint "Cleanup", Time since last: 1000899300 ns, Reaching safepoint: 472200 ns, At safepoint: 208200 ns, Total: 680400 ns
[2020-05-02T05:02:08.108+0000][1][safepoint    ] Safepoint "Cleanup", Time since last: 1000724300 ns, Reaching safepoint: 468700 ns, At safepoint: 222600 ns, Total: 691300 ns
[2020-05-02T05:02:09.109+0000][1][safepoint    ] Safepoint "Cleanup", Time since last: 1000226100 ns, Reaching safepoint: 141300 ns, At safepoint: 65800 ns, Total: 207100 ns
[2020-05-02T05:02:10.109+0000][1][safepoint    ] Safepoint "Cleanup", Time since last: 1000287000 ns, Reaching safepoint: 380600 ns, At safepoint: 183900 ns, Total: 564500 ns
[2020-05-02T05:02:11.111+0000][1][safepoint    ] Safepoint "Cleanup", Time since last: 1000384100 ns, Reaching safepoint: 549500 ns, At safepoint: 197200 ns, Total: 746700 ns
[2020-05-02T05:02:12.111+0000][1][safepoint    ] Safepoint "Cleanup", Time since last: 1000235400 ns, Reaching safepoint: 140600 ns, At safepoint: 51700 ns, Total: 192300 ns
[2020-05-02T05:02:13.111+0000][1][safepoint    ] Safepoint "Cleanup", Time since last: 1000149700 ns, Reaching safepoint: 140400 ns, At safepoint: 51100 ns, Total: 191500 ns
[2020-05-02T05:02:14.113+0000][1][safepoint    ] Safepoint "Cleanup", Time since last: 1000761600 ns, Reaching safepoint: 470700 ns, At safepoint: 206600 ns, Total: 677300 ns
[2020-05-02T05:02:15.113+0000][1][safepoint    ] Safepoint "Cleanup", Time since last: 1000318000 ns, Reaching safepoint: 144200 ns, At safepoint: 58100 ns, Total: 202300 ns
[2020-05-02T05:02:16.114+0000][1][safepoint    ] Safepoint "Cleanup", Time since last: 1000389800 ns, Reaching safepoint: 470800 ns, At safepoint: 254200 ns, Total: 725000 ns
[2020-05-02T05:02:17.115+0000][1][safepoint    ] Safepoint "Cleanup", Time since last: 1000421700 ns, Reaching safepoint: 145700 ns, At safepoint: 64600 ns, Total: 210300 ns
[2020-05-02T05:02:18.116+0000][1][safepoint    ] Safepoint "Cleanup", Time since last: 1000522800 ns, Reaching safepoint: 514200 ns, At safepoint: 291000 ns, Total: 805200 ns
[2020-05-02T05:02:19.118+0000][1][safepoint    ] Safepoint "Cleanup", Time since last: 1000581600 ns, Reaching safepoint: 348200 ns, At safepoint: 206200 ns, Total: 554400 ns
[2020-05-02T05:02:20.118+0000][1][safepoint    ] Safepoint "Cleanup", Time since last: 1000538800 ns, Reaching safepoint: 140900 ns, At safepoint: 55000 ns, Total: 195900 ns
[2020-05-02T05:02:21.120+0000][1][safepoint    ] Safepoint "Cleanup", Time since last: 1000770800 ns, Reaching safepoint: 476200 ns, At safepoint: 210400 ns, Total: 686600 ns
[2020-05-02T05:02:22.121+0000][1][safepoint    ] Safepoint "Cleanup", Time since last: 1000476800 ns, Reaching safepoint: 470500 ns, At safepoint: 413600 ns, Total: 884100 ns
[2020-05-02T05:02:23.122+0000][1][safepoint    ] Safepoint "Cleanup", Time since last: 1000248300 ns, Reaching safepoint: 172700 ns, At safepoint: 65700 ns, Total: 238400 ns
[2020-05-02T05:02:24.122+0000][1][safepoint    ] Safepoint "Cleanup", Time since last: 1000202300 ns, Reaching safepoint: 138800 ns, At safepoint: 52000 ns, Total: 190800 ns
[2020-05-02T05:02:25.123+0000][1][safepoint    ] Safepoint "Cleanup", Time since last: 1000718500 ns, Reaching safepoint: 472100 ns, At safepoint: 202800 ns, Total: 674900 ns
[2020-05-02T05:02:26.124+0000][1][safepoint    ] Safepoint "Cleanup", Time since last: 1000389400 ns, Reaching safepoint: 360300 ns, At safepoint: 206800 ns, Total: 567100 ns
[2020-05-02T05:02:27.126+0000][1][safepoint    ] Safepoint "Cleanup", Time since last: 1000653100 ns, Reaching safepoint: 471600 ns, At safepoint: 210700 ns, Total: 682300 ns
[2020-05-02T05:02:28.127+0000][1][safepoint    ] Safepoint "Cleanup", Time since last: 1000786500 ns, Reaching safepoint: 620800 ns, At safepoint: 220400 ns, Total: 841200 ns
[2020-05-02T05:02:29.128+0000][1][safepoint    ] Safepoint "Cleanup", Time since last: 1000666400 ns, Reaching safepoint: 143100 ns, At safepoint: 58100 ns, Total: 201200 ns
[2020-05-02T05:02:30.129+0000][1][safepoint    ] Safepoint "Cleanup", Time since last: 1000223000 ns, Reaching safepoint: 150000 ns, At safepoint: 58300 ns, Total: 208300 ns
[2020-05-02T05:02:31.130+0000][1][safepoint    ] Safepoint "Cleanup", Time since last: 1000298600 ns, Reaching safepoint: 528000 ns, At safepoint: 197300 ns, Total: 725300 ns
[2020-05-02T05:02:32.130+0000][1][safepoint    ] Safepoint "Cleanup", Time since last: 1000343600 ns, Reaching safepoint: 271600 ns, At safepoint: 115600 ns, Total: 387200 ns
[2020-05-02T05:02:33.131+0000][1][safepoint    ] Safepoint "Cleanup", Time since last: 1000241900 ns, Reaching safepoint: 157000 ns, At safepoint: 55000 ns, Total: 212000 ns
[2020-05-02T05:02:34.132+0000][1][safepoint    ] Safepoint "Cleanup", Time since last: 1000543900 ns, Reaching safepoint: 442200 ns, At safepoint: 206000 ns, Total: 648200 ns
[2020-05-02T05:02:35.133+0000][1][safepoint    ] Safepoint "Cleanup", Time since last: 1000295000 ns, Reaching safepoint: 316100 ns, At safepoint: 95800 ns, Total: 411900 ns
[2020-05-02T05:02:36.133+0000][1][safepoint    ] Safepoint "Cleanup", Time since last: 1000335500 ns, Reaching safepoint: 227600 ns, At safepoint: 81300 ns, Total: 308900 ns
[2020-05-02T05:02:37.135+0000][1][safepoint    ] Safepoint "Cleanup", Time since last: 1000834500 ns, Reaching safepoint: 519000 ns, At safepoint: 202700 ns, Total: 721700 ns
[2020-05-02T05:02:38.136+0000][1][safepoint    ] Safepoint "Cleanup", Time since last: 1000383000 ns, Reaching safepoint: 480100 ns, At safepoint: 149700 ns, Total: 629800 ns
[2020-05-02T05:02:39.137+0000][1][safepoint    ] Safepoint "Cleanup", Time since last: 1000437100 ns, Reaching safepoint: 391600 ns, At safepoint: 150800 ns, Total: 542400 ns
[2020-05-02T05:02:40.137+0000][1][safepoint    ] Safepoint "Cleanup", Time since last: 1000265200 ns, Reaching safepoint: 203100 ns, At safepoint: 57000 ns, Total: 260100 ns
[2020-05-02T05:02:41.138+0000][1][safepoint    ] Safepoint "Cleanup", Time since last: 1000138400 ns, Reaching safepoint: 156600 ns, At safepoint: 50500 ns, Total: 207100 ns
[2020-05-02T05:02:42.139+0000][1][safepoint    ] Safepoint "Cleanup", Time since last: 1000418000 ns, Reaching safepoint: 529300 ns, At safepoint: 196800 ns, Total: 726100 ns
[2020-05-02T05:02:43.140+0000][1][safepoint    ] Safepoint "Cleanup", Time since last: 1000513500 ns, Reaching safepoint: 610600 ns, At safepoint: 209500 ns, Total: 820100 ns
[2020-05-02T05:02:44.142+0000][1][safepoint    ] Safepoint "Cleanup", Time since last: 1000537200 ns, Reaching safepoint: 464200 ns, At safepoint: 253300 ns, Total: 717500 ns
[2020-05-02T05:02:45.142+0000][1][safepoint    ] Safepoint "Cleanup", Time since last: 1000803000 ns, Reaching safepoint: 134600 ns, At safepoint: 55900 ns, Total: 190500 ns
[2020-05-02T05:02:45.296+0000][1][safepoint    ] Safepoint "RevokeBias", Time since last: 153050400 ns, Reaching safepoint: 422400 ns, At safepoint: 262800 ns, Total: 685200 ns
[2020-05-02T05:02:46.298+0000][1][safepoint    ] Safepoint "Cleanup", Time since last: 1001103200 ns, Reaching safepoint: 510300 ns, At safepoint: 201800 ns, Total: 712100 ns
[2020-05-02T05:02:47.298+0000][1][safepoint    ] Safepoint "Cleanup", Time since last: 1000256400 ns, Reaching safepoint: 133300 ns, At safepoint: 50400 ns, Total: 183700 ns
[2020-05-02T05:02:48.299+0000][1][safepoint    ] Safepoint "Cleanup", Time since last: 1000147000 ns, Reaching safepoint: 158000 ns, At safepoint: 51600 ns, Total: 209600 ns
[2020-05-02T05:02:49.300+0000][1][safepoint    ] Safepoint "Cleanup", Time since last: 1000723400 ns, Reaching safepoint: 436700 ns, At safepoint: 268400 ns, Total: 705100 ns
[2020-05-02T05:02:50.301+0000][1][safepoint    ] Safepoint "Cleanup", Time since last: 1000351800 ns, Reaching safepoint: 141600 ns, At safepoint: 54300 ns, Total: 195900 ns
[2020-05-02T05:02:51.302+0000][1][safepoint    ] Safepoint "Cleanup", Time since last: 1000410700 ns, Reaching safepoint: 535900 ns, At safepoint: 201700 ns, Total: 737600 ns
[2020-05-02T05:02:52.303+0000][1][safepoint    ] Safepoint "Cleanup", Time since last: 1000274000 ns, Reaching safepoint: 191500 ns, At safepoint: 82500 ns, Total: 274000 ns
[2020-05-02T05:02:53.303+0000][1][safepoint    ] Safepoint "Cleanup", Time since last: 1000357200 ns, Reaching safepoint: 356900 ns, At safepoint: 112700 ns, Total: 469600 ns
[2020-05-02T05:02:54.304+0000][1][safepoint    ] Safepoint "Cleanup", Time since last: 1000597400 ns, Reaching safepoint: 127300 ns, At safepoint: 52800 ns, Total: 180100 ns
[2020-05-02T05:02:55.305+0000][1][safepoint    ] Safepoint "Cleanup", Time since last: 1000639400 ns, Reaching safepoint: 249400 ns, At safepoint: 92200 ns, Total: 341600 ns
[2020-05-02T05:02:56.306+0000][1][safepoint    ] Safepoint "Cleanup", Time since last: 1000247300 ns, Reaching safepoint: 204400 ns, At safepoint: 94700 ns, Total: 299100 ns
[2020-05-02T05:02:57.307+0000][1][safepoint    ] Safepoint "Cleanup", Time since last: 1000535600 ns, Reaching safepoint: 437900 ns, At safepoint: 249200 ns, Total: 687100 ns
[2020-05-02T05:02:58.308+0000][1][safepoint    ] Safepoint "Cleanup", Time since last: 1000479400 ns, Reaching safepoint: 594600 ns, At safepoint: 208600 ns, Total: 803200 ns
[2020-05-02T05:02:59.309+0000][1][safepoint    ] Safepoint "Cleanup", Time since last: 1000283500 ns, Reaching safepoint: 204700 ns, At safepoint: 71700 ns, Total: 276400 ns
[2020-05-02T05:03:00.309+0000][1][safepoint    ] Safepoint "Cleanup", Time since last: 1000204700 ns, Reaching safepoint: 155700 ns, At safepoint: 57000 ns, Total: 212700 ns
[2020-05-02T05:03:01.310+0000][1][safepoint    ] Safepoint "Cleanup", Time since last: 1000246200 ns, Reaching safepoint: 140600 ns, At safepoint: 59000 ns, Total: 199600 ns
[2020-05-02T05:03:02.311+0000][1][safepoint    ] Safepoint "Cleanup", Time since last: 1000446900 ns, Reaching safepoint: 350800 ns, At safepoint: 151200 ns, Total: 502000 ns
[2020-05-02T05:03:03.311+0000][1][safepoint    ] Safepoint "Cleanup", Time since last: 1000520700 ns, Reaching safepoint: 144100 ns, At safepoint: 67400 ns, Total: 211500 ns
[2020-05-02T05:03:04.312+0000][1][safepoint    ] Safepoint "Cleanup", Time since last: 1000344600 ns, Reaching safepoint: 179500 ns, At safepoint: 82500 ns, Total: 262000 ns
[2020-05-02T05:03:05.313+0000][1][safepoint    ] Safepoint "Cleanup", Time since last: 1000625100 ns, Reaching safepoint: 157200 ns, At safepoint: 64100 ns, Total: 221300 ns
[2020-05-02T05:03:06.313+0000][1][safepoint    ] Safepoint "Cleanup", Time since last: 1000267200 ns, Reaching safepoint: 138200 ns, At safepoint: 53400 ns, Total: 191600 ns
[2020-05-02T05:03:07.314+0000][1][safepoint    ] Safepoint "Cleanup", Time since last: 1000218500 ns, Reaching safepoint: 349000 ns, At safepoint: 117900 ns, Total: 466900 ns
[2020-05-02T05:03:08.316+0000][1][safepoint    ] Safepoint "Cleanup", Time since last: 1000781400 ns, Reaching safepoint: 484500 ns, At safepoint: 364800 ns, Total: 849300 ns
[2020-05-02T05:03:09.317+0000][1][safepoint    ] Safepoint "Cleanup", Time since last: 1000880800 ns, Reaching safepoint: 388800 ns, At safepoint: 174400 ns, Total: 563200 ns
[2020-05-02T05:03:10.318+0000][1][safepoint    ] Safepoint "Cleanup", Time since last: 1000678800 ns, Reaching safepoint: 432500 ns, At safepoint: 207800 ns, Total: 640300 ns
[2020-05-02T05:03:10.990+0000][1][gc,start     ] GC(25) Pause Young (Allocation Failure)
[2020-05-02T05:03:10.990+0000][1][gc,task      ] GC(25) Using 10 workers of 10 for evacuation
[2020-05-02T05:03:10.993+0000][1][gc,age       ] GC(25) Desired survivor size 8945664 bytes, new threshold 6 (max threshold 6)
[2020-05-02T05:03:10.993+0000][1][gc,age       ] GC(25) Age table with threshold 6 (max threshold 6)
[2020-05-02T05:03:10.993+0000][1][gc,age       ] GC(25) - age   1:     106160 bytes,     106160 total
[2020-05-02T05:03:10.993+0000][1][gc,age       ] GC(25) - age   2:     113112 bytes,     219272 total
[2020-05-02T05:03:10.993+0000][1][gc,age       ] GC(25) - age   3:     155648 bytes,     374920 total
[2020-05-02T05:03:10.993+0000][1][gc,age       ] GC(25) - age   4:     425192 bytes,     800112 total
[2020-05-02T05:03:10.993+0000][1][gc,age       ] GC(25) - age   5:     562960 bytes,    1363072 total
[2020-05-02T05:03:10.993+0000][1][gc,age       ] GC(25) - age   6:     380328 bytes,    1743400 total
[2020-05-02T05:03:10.993+0000][1][gc,heap      ] GC(25) ParNew: 145566K->2858K(157248K)
[2020-05-02T05:03:10.993+0000][1][gc,heap      ] GC(25) CMS: 79227K->79929K(349568K)
[2020-05-02T05:03:10.993+0000][1][gc,metaspace ] GC(25) Metaspace: 95391K->95391K(1136640K)
[2020-05-02T05:03:10.993+0000][1][gc           ] GC(25) Pause Young (Allocation Failure) 219M->80M(494M) 3.534ms
[2020-05-02T05:03:10.993+0000][1][gc,cpu       ] GC(25) User=0.02s Sys=0.00s Real=0.00s
[2020-05-02T05:03:10.993+0000][1][safepoint    ] Safepoint "GenCollectForAllocation", Time since last: 671186100 ns, Reaching safepoint: 133300 ns, At safepoint: 3612800 ns, Total: 3746100 ns
[2020-05-02T05:03:10.996+0000][1][safepoint    ] Safepoint "RevokeBias", Time since last: 2383700 ns, Reaching safepoint: 114700 ns, At safepoint: 47200 ns, Total: 161900 ns
[2020-05-02T05:03:10.996+0000][1][safepoint    ] Safepoint "RevokeBias", Time since last: 207800 ns, Reaching safepoint: 81200 ns, At safepoint: 41300 ns, Total: 122500 ns
[2020-05-02T05:03:11.996+0000][1][safepoint    ] Safepoint "Cleanup", Time since last: 1000171300 ns, Reaching safepoint: 139400 ns, At safepoint: 37600 ns, Total: 177000 ns
[2020-05-02T05:03:12.997+0000][1][safepoint    ] Safepoint "Cleanup", Time since last: 1000448600 ns, Reaching safepoint: 398100 ns, At safepoint: 158300 ns, Total: 556400 ns
[2020-05-02T05:03:13.998+0000][1][safepoint    ] Safepoint "Cleanup", Time since last: 1000262700 ns, Reaching safepoint: 131100 ns, At safepoint: 39500 ns, Total: 170600 ns
[2020-05-02T05:03:14.998+0000][1][safepoint    ] Safepoint "Cleanup", Time since last: 1000176000 ns, Reaching safepoint: 241900 ns, At safepoint: 83000 ns, Total: 324900 ns
[2020-05-02T05:03:15.999+0000][1][safepoint    ] Safepoint "Cleanup", Time since last: 1000253900 ns, Reaching safepoint: 159100 ns, At safepoint: 52300 ns, Total: 211400 ns
[2020-05-02T05:03:16.999+0000][1][safepoint    ] Safepoint "Cleanup", Time since last: 1000196300 ns, Reaching safepoint: 134700 ns, At safepoint: 39700 ns, Total: 174400 ns
[2020-05-02T05:03:18.000+0000][1][safepoint    ] Safepoint "Cleanup", Time since last: 1000397100 ns, Reaching safepoint: 151800 ns, At safepoint: 60200 ns, Total: 212000 ns
[2020-05-02T05:03:19.001+0000][1][safepoint    ] Safepoint "Cleanup", Time since last: 1000471700 ns, Reaching safepoint: 172900 ns, At safepoint: 73900 ns, Total: 246800 ns
[2020-05-02T05:03:20.001+0000][1][safepoint    ] Safepoint "Cleanup", Time since last: 1000165400 ns, Reaching safepoint: 125700 ns, At safepoint: 33700 ns, Total: 159400 ns
[2020-05-02T05:03:21.002+0000][1][safepoint    ] Safepoint "Cleanup", Time since last: 1000480900 ns, Reaching safepoint: 257100 ns, At safepoint: 106300 ns, Total: 363400 ns
[2020-05-02T05:03:22.002+0000][1][safepoint    ] Safepoint "Cleanup", Time since last: 1000272300 ns, Reaching safepoint: 136800 ns, At safepoint: 51600 ns, Total: 188400 ns
[2020-05-02T05:03:23.003+0000][1][safepoint    ] Safepoint "Cleanup", Time since last: 1000318800 ns, Reaching safepoint: 599700 ns, At safepoint: 273800 ns, Total: 873500 ns
[2020-05-02T05:03:24.005+0000][1][safepoint    ] Safepoint "Cleanup", Time since last: 1000491000 ns, Reaching safepoint: 588200 ns, At safepoint: 202600 ns, Total: 790800 ns
[2020-05-02T05:03:25.006+0000][1][safepoint    ] Safepoint "Cleanup", Time since last: 1000481700 ns, Reaching safepoint: 538500 ns, At safepoint: 205200 ns, Total: 743700 ns
[2020-05-02T05:03:26.006+0000][1][safepoint    ] Safepoint "Cleanup", Time since last: 1000210500 ns, Reaching safepoint: 185800 ns, At safepoint: 65000 ns, Total: 250800 ns
[2020-05-02T05:03:27.008+0000][1][safepoint    ] Safepoint "Cleanup", Time since last: 1000749900 ns, Reaching safepoint: 474400 ns, At safepoint: 208900 ns, Total: 683300 ns
[2020-05-02T05:03:28.009+0000][1][safepoint    ] Safepoint "Cleanup", Time since last: 1000591400 ns, Reaching safepoint: 148200 ns, At safepoint: 97800 ns, Total: 246000 ns
[2020-05-02T05:03:29.010+0000][1][safepoint    ] Safepoint "Cleanup", Time since last: 1000369200 ns, Reaching safepoint: 724900 ns, At safepoint: 231200 ns, Total: 956100 ns
[2020-05-02T05:03:30.011+0000][1][safepoint    ] Safepoint "Cleanup", Time since last: 1000443200 ns, Reaching safepoint: 469100 ns, At safepoint: 202400 ns, Total: 671500 ns
[2020-05-02T05:03:31.012+0000][1][safepoint    ] Safepoint "Cleanup", Time since last: 1000440200 ns, Reaching safepoint: 537100 ns, At safepoint: 416500 ns, Total: 953600 ns
[2020-05-02T05:03:32.013+0000][1][safepoint    ] Safepoint "Cleanup", Time since last: 1000250800 ns, Reaching safepoint: 179300 ns, At safepoint: 58300 ns, Total: 237600 ns
[2020-05-02T05:03:33.014+0000][1][safepoint    ] Safepoint "Cleanup", Time since last: 1000734200 ns, Reaching safepoint: 285700 ns, At safepoint: 195600 ns, Total: 481300 ns
[2020-05-02T05:03:34.016+0000][1][safepoint    ] Safepoint "Cleanup", Time since last: 1000880300 ns, Reaching safepoint: 383600 ns, At safepoint: 234700 ns, Total: 618300 ns
[2020-05-02T05:03:35.016+0000][1][safepoint    ] Safepoint "Cleanup", Time since last: 1000226400 ns, Reaching safepoint: 205500 ns, At safepoint: 45300 ns, Total: 250800 ns
[2020-05-02T05:03:36.017+0000][1][safepoint    ] Safepoint "Cleanup", Time since last: 1000404600 ns, Reaching safepoint: 575100 ns, At safepoint: 177100 ns, Total: 752200 ns
[2020-05-02T05:03:37.018+0000][1][safepoint    ] Safepoint "Cleanup", Time since last: 1000261600 ns, Reaching safepoint: 138200 ns, At safepoint: 56700 ns, Total: 194900 ns
[2020-05-02T05:03:38.019+0000][1][safepoint    ] Safepoint "Cleanup", Time since last: 1000499600 ns, Reaching safepoint: 296400 ns, At safepoint: 131100 ns, Total: 427500 ns
[2020-05-02T05:03:39.019+0000][1][safepoint    ] Safepoint "Cleanup", Time since last: 1000153200 ns, Reaching safepoint: 156500 ns, At safepoint: 65300 ns, Total: 221800 ns
[2020-05-02T05:03:40.020+0000][1][safepoint    ] Safepoint "Cleanup", Time since last: 1000320200 ns, Reaching safepoint: 138700 ns, At safepoint: 52900 ns, Total: 191600 ns
[2020-05-02T05:03:41.020+0000][1][safepoint    ] Safepoint "Cleanup", Time since last: 1000203800 ns, Reaching safepoint: 139400 ns, At safepoint: 74200 ns, Total: 213600 ns
[2020-05-02T05:03:42.021+0000][1][safepoint    ] Safepoint "Cleanup", Time since last: 1000387500 ns, Reaching safepoint: 526500 ns, At safepoint: 197800 ns, Total: 724300 ns
[2020-05-02T05:03:43.022+0000][1][safepoint    ] Safepoint "Cleanup", Time since last: 1000609300 ns, Reaching safepoint: 187200 ns, At safepoint: 101700 ns, Total: 288900 ns
[2020-05-02T05:03:44.022+0000][1][safepoint    ] Safepoint "Cleanup", Time since last: 1000236300 ns, Reaching safepoint: 158900 ns, At safepoint: 85100 ns, Total: 244000 ns
[2020-05-02T05:03:45.023+0000][1][safepoint    ] Safepoint "Cleanup", Time since last: 1000208900 ns, Reaching safepoint: 170100 ns, At safepoint: 89000 ns, Total: 259100 ns
[2020-05-02T05:03:46.025+0000][1][safepoint    ] Safepoint "Cleanup", Time since last: 1000421300 ns, Reaching safepoint: 753400 ns, At safepoint: 518000 ns, Total: 1271400 ns
[2020-05-02T05:03:47.025+0000][1][safepoint    ] Safepoint "Cleanup", Time since last: 1000389800 ns, Reaching safepoint: 140500 ns, At safepoint: 50100 ns, Total: 190600 ns
[2020-05-02T05:03:48.026+0000][1][safepoint    ] Safepoint "Cleanup", Time since last: 1000595600 ns, Reaching safepoint: 143200 ns, At safepoint: 57000 ns, Total: 200200 ns
[2020-05-02T05:03:49.027+0000][1][safepoint    ] Safepoint "Cleanup", Time since last: 1000686700 ns, Reaching safepoint: 132500 ns, At safepoint: 55300 ns, Total: 187800 ns
[2020-05-02T05:03:50.027+0000][1][safepoint    ] Safepoint "Cleanup", Time since last: 1000477500 ns, Reaching safepoint: 127000 ns, At safepoint: 53300 ns, Total: 180300 ns
[2020-05-02T05:03:51.028+0000][1][safepoint    ] Safepoint "Cleanup", Time since last: 1000242100 ns, Reaching safepoint: 210200 ns, At safepoint: 86300 ns, Total: 296500 ns
[2020-05-02T05:03:52.029+0000][1][safepoint    ] Safepoint "Cleanup", Time since last: 1000315800 ns, Reaching safepoint: 458400 ns, At safepoint: 206800 ns, Total: 665200 ns
[2020-05-02T05:03:53.030+0000][1][safepoint    ] Safepoint "Cleanup", Time since last: 1000818600 ns, Reaching safepoint: 332500 ns, At safepoint: 155000 ns, Total: 487500 ns
[2020-05-02T05:03:54.032+0000][1][safepoint    ] Safepoint "Cleanup", Time since last: 1000703600 ns, Reaching safepoint: 454800 ns, At safepoint: 208600 ns, Total: 663400 ns
[2020-05-02T05:03:55.033+0000][1][safepoint    ] Safepoint "Cleanup", Time since last: 1000617900 ns, Reaching safepoint: 453500 ns, At safepoint: 202500 ns, Total: 656000 ns
[2020-05-02T05:03:56.034+0000][1][safepoint    ] Safepoint "Cleanup", Time since last: 1000426400 ns, Reaching safepoint: 135700 ns, At safepoint: 54200 ns, Total: 189900 ns
[2020-05-02T05:03:57.034+0000][1][safepoint    ] Safepoint "Cleanup", Time since last: 1000313700 ns, Reaching safepoint: 375500 ns, At safepoint: 178900 ns, Total: 554400 ns
[2020-05-02T05:03:58.036+0000][1][safepoint    ] Safepoint "Cleanup", Time since last: 1000544800 ns, Reaching safepoint: 463100 ns, At safepoint: 256700 ns, Total: 719800 ns
[2020-05-02T05:03:59.037+0000][1][safepoint    ] Safepoint "Cleanup", Time since last: 1000822600 ns, Reaching safepoint: 461500 ns, At safepoint: 287300 ns, Total: 748800 ns
[2020-05-02T05:04:00.038+0000][1][safepoint    ] Safepoint "Cleanup", Time since last: 1000365800 ns, Reaching safepoint: 151000 ns, At safepoint: 59300 ns, Total: 210300 ns
[2020-05-02T05:04:01.038+0000][1][safepoint    ] Safepoint "Cleanup", Time since last: 1000302400 ns, Reaching safepoint: 174600 ns, At safepoint: 74900 ns, Total: 249500 ns
[2020-05-02T05:04:02.040+0000][1][safepoint    ] Safepoint "Cleanup", Time since last: 1000614200 ns, Reaching safepoint: 457200 ns, At safepoint: 402600 ns, Total: 859800 ns
[2020-05-02T05:04:03.041+0000][1][safepoint    ] Safepoint "Cleanup", Time since last: 1000641600 ns, Reaching safepoint: 281100 ns, At safepoint: 77000 ns, Total: 358100 ns
[2020-05-02T05:04:04.043+0000][1][safepoint    ] Safepoint "Cleanup", Time since last: 1000703100 ns, Reaching safepoint: 773100 ns, At safepoint: 321000 ns, Total: 1094100 ns
[2020-05-02T05:04:05.044+0000][1][safepoint    ] Safepoint "Cleanup", Time since last: 1000669400 ns, Reaching safepoint: 137500 ns, At safepoint: 75800 ns, Total: 213300 ns
[2020-05-02T05:04:06.044+0000][1][safepoint    ] Safepoint "Cleanup", Time since last: 1000366200 ns, Reaching safepoint: 134200 ns, At safepoint: 74400 ns, Total: 208600 ns
[2020-05-02T05:04:07.045+0000][1][safepoint    ] Safepoint "Cleanup", Time since last: 1000253100 ns, Reaching safepoint: 320300 ns, At safepoint: 242500 ns, Total: 562800 ns
[2020-05-02T05:04:08.046+0000][1][safepoint    ] Safepoint "Cleanup", Time since last: 1000700800 ns, Reaching safepoint: 229400 ns, At safepoint: 91900 ns, Total: 321300 ns
[2020-05-02T05:04:09.047+0000][1][safepoint    ] Safepoint "Cleanup", Time since last: 1000568700 ns, Reaching safepoint: 455200 ns, At safepoint: 105600 ns, Total: 560800 ns
[2020-05-02T05:04:10.048+0000][1][safepoint    ] Safepoint "Cleanup", Time since last: 1000602000 ns, Reaching safepoint: 495600 ns, At safepoint: 177700 ns, Total: 673300 ns
[2020-05-02T05:04:11.049+0000][1][safepoint    ] Safepoint "Cleanup", Time since last: 1000251400 ns, Reaching safepoint: 131700 ns, At safepoint: 40300 ns, Total: 172000 ns
[2020-05-02T05:04:12.049+0000][1][safepoint    ] Safepoint "Cleanup", Time since last: 1000202600 ns, Reaching safepoint: 190100 ns, At safepoint: 119200 ns, Total: 309300 ns
[2020-05-02T05:04:13.050+0000][1][safepoint    ] Safepoint "Cleanup", Time since last: 1000563300 ns, Reaching safepoint: 316900 ns, At safepoint: 122500 ns, Total: 439400 ns
[2020-05-02T05:04:14.052+0000][1][safepoint    ] Safepoint "Cleanup", Time since last: 1000466000 ns, Reaching safepoint: 517800 ns, At safepoint: 322200 ns, Total: 840000 ns
[2020-05-02T05:04:15.052+0000][1][safepoint    ] Safepoint "Cleanup", Time since last: 1000305300 ns, Reaching safepoint: 131900 ns, At safepoint: 67100 ns, Total: 199000 ns
[2020-05-02T05:04:16.053+0000][1][safepoint    ] Safepoint "Cleanup", Time since last: 1000197200 ns, Reaching safepoint: 227200 ns, At safepoint: 114400 ns, Total: 341600 ns
[2020-05-02T05:04:17.053+0000][1][safepoint    ] Safepoint "Cleanup", Time since last: 1000311400 ns, Reaching safepoint: 381100 ns, At safepoint: 140700 ns, Total: 521800 ns
[2020-05-02T05:04:18.056+0000][1][safepoint    ] Safepoint "Cleanup", Time since last: 1000655300 ns, Reaching safepoint: 946700 ns, At safepoint: 410300 ns, Total: 1357000 ns
[2020-05-02T05:04:19.056+0000][1][safepoint    ] Safepoint "Cleanup", Time since last: 1000271200 ns, Reaching safepoint: 182700 ns, At safepoint: 79900 ns, Total: 262600 ns
[2020-05-02T05:04:20.057+0000][1][safepoint    ] Safepoint "Cleanup", Time since last: 1000254800 ns, Reaching safepoint: 139300 ns, At safepoint: 69300 ns, Total: 208600 ns
[2020-05-02T05:04:21.057+0000][1][safepoint    ] Safepoint "Cleanup", Time since last: 1000129600 ns, Reaching safepoint: 130100 ns, At safepoint: 77800 ns, Total: 207900 ns
[2020-05-02T05:04:22.057+0000][1][safepoint    ] Safepoint "Cleanup", Time since last: 1000223600 ns, Reaching safepoint: 148900 ns, At safepoint: 68200 ns, Total: 217100 ns
[2020-05-02T05:04:23.058+0000][1][safepoint    ] Safepoint "Cleanup", Time since last: 1000181000 ns, Reaching safepoint: 139700 ns, At safepoint: 77700 ns, Total: 217400 ns
[2020-05-02T05:04:24.058+0000][1][safepoint    ] Safepoint "Cleanup", Time since last: 1000206100 ns, Reaching safepoint: 380400 ns, At safepoint: 153200 ns, Total: 533600 ns
[2020-05-02T05:04:25.059+0000][1][safepoint    ] Safepoint "Cleanup", Time since last: 1000190900 ns, Reaching safepoint: 137400 ns, At safepoint: 74700 ns, Total: 212100 ns
[2020-05-02T05:04:26.059+0000][1][safepoint    ] Safepoint "Cleanup", Time since last: 1000165800 ns, Reaching safepoint: 130800 ns, At safepoint: 60200 ns, Total: 191000 ns
[2020-05-02T05:04:27.060+0000][1][safepoint    ] Safepoint "Cleanup", Time since last: 1000163900 ns, Reaching safepoint: 138300 ns, At safepoint: 73300 ns, Total: 211600 ns
[2020-05-02T05:04:28.060+0000][1][safepoint    ] Safepoint "Cleanup", Time since last: 1000172600 ns, Reaching safepoint: 141600 ns, At safepoint: 68200 ns, Total: 209800 ns
[2020-05-02T05:04:29.062+0000][1][safepoint    ] Safepoint "Cleanup", Time since last: 1000829300 ns, Reaching safepoint: 823700 ns, At safepoint: 289100 ns, Total: 1112800 ns
[2020-05-02T05:04:30.063+0000][1][safepoint    ] Safepoint "Cleanup", Time since last: 1000604100 ns, Reaching safepoint: 515100 ns, At safepoint: 383900 ns, Total: 899000 ns
[2020-05-02T05:04:31.064+0000][1][safepoint    ] Safepoint "Cleanup", Time since last: 1000397000 ns, Reaching safepoint: 253200 ns, At safepoint: 152000 ns, Total: 405200 ns
[2020-05-02T05:04:32.065+0000][1][safepoint    ] Safepoint "Cleanup", Time since last: 1000571700 ns, Reaching safepoint: 180500 ns, At safepoint: 117600 ns, Total: 298100 ns
[2020-05-02T05:04:33.067+0000][1][safepoint    ] Safepoint "Cleanup", Time since last: 1000781500 ns, Reaching safepoint: 439400 ns, At safepoint: 318000 ns, Total: 757400 ns
[2020-05-02T05:04:34.068+0000][1][safepoint    ] Safepoint "Cleanup", Time since last: 1000434900 ns, Reaching safepoint: 515400 ns, At safepoint: 286800 ns, Total: 802200 ns
[2020-05-02T05:04:35.068+0000][1][safepoint    ] Safepoint "Cleanup", Time since last: 1000277900 ns, Reaching safepoint: 214600 ns, At safepoint: 23500 ns, Total: 238100 ns
[2020-05-02T05:04:36.070+0000][1][safepoint    ] Safepoint "Cleanup", Time since last: 1000679100 ns, Reaching safepoint: 508700 ns, At safepoint: 178200 ns, Total: 686900 ns
[2020-05-02T05:04:37.071+0000][1][safepoint    ] Safepoint "Cleanup", Time since last: 1000537700 ns, Reaching safepoint: 518300 ns, At safepoint: 386900 ns, Total: 905200 ns
[2020-05-02T05:04:38.073+0000][1][safepoint    ] Safepoint "Cleanup", Time since last: 1000811800 ns, Reaching safepoint: 456200 ns, At safepoint: 315500 ns, Total: 771700 ns
[2020-05-02T05:04:39.074+0000][1][safepoint    ] Safepoint "Cleanup", Time since last: 1000666500 ns, Reaching safepoint: 230900 ns, At safepoint: 63400 ns, Total: 294300 ns
[2020-05-02T05:04:40.075+0000][1][safepoint    ] Safepoint "Cleanup", Time since last: 1000581900 ns, Reaching safepoint: 526800 ns, At safepoint: 128500 ns, Total: 655300 ns
[2020-05-02T05:04:41.075+0000][1][safepoint    ] Safepoint "Cleanup", Time since last: 1000173200 ns, Reaching safepoint: 129600 ns, At safepoint: 77300 ns, Total: 206900 ns
[2020-05-02T05:04:42.077+0000][1][safepoint    ] Safepoint "Cleanup", Time since last: 1000727200 ns, Reaching safepoint: 636100 ns, At safepoint: 327400 ns, Total: 963500 ns
[2020-05-02T05:04:43.078+0000][1][safepoint    ] Safepoint "Cleanup", Time since last: 1000705200 ns, Reaching safepoint: 260700 ns, At safepoint: 86800 ns, Total: 347500 ns
[2020-05-02T05:04:44.080+0000][1][safepoint    ] Safepoint "Cleanup", Time since last: 1000812800 ns, Reaching safepoint: 777100 ns, At safepoint: 321500 ns, Total: 1098600 ns
[2020-05-02T05:04:45.082+0000][1][safepoint    ] Safepoint "Cleanup", Time since last: 1000832300 ns, Reaching safepoint: 459000 ns, At safepoint: 388500 ns, Total: 847500 ns
[2020-05-02T05:04:46.083+0000][1][safepoint    ] Safepoint "Cleanup", Time since last: 1000826400 ns, Reaching safepoint: 541300 ns, At safepoint: 356900 ns, Total: 898200 ns
[2020-05-02T05:04:47.085+0000][1][safepoint    ] Safepoint "Cleanup", Time since last: 1000603700 ns, Reaching safepoint: 496800 ns, At safepoint: 132100 ns, Total: 628900 ns
[2020-05-02T05:04:48.086+0000][1][safepoint    ] Safepoint "Cleanup", Time since last: 1000456100 ns, Reaching safepoint: 576100 ns, At safepoint: 318000 ns, Total: 894100 ns
[2020-05-02T05:04:49.086+0000][1][safepoint    ] Safepoint "Cleanup", Time since last: 1000341500 ns, Reaching safepoint: 135600 ns, At safepoint: 47500 ns, Total: 183100 ns
[2020-05-02T05:04:50.087+0000][1][safepoint    ] Safepoint "Cleanup", Time since last: 1000576800 ns, Reaching safepoint: 247300 ns, At safepoint: 82500 ns, Total: 329800 ns
[2020-05-02T05:04:51.088+0000][1][safepoint    ] Safepoint "Cleanup", Time since last: 1000516700 ns, Reaching safepoint: 229800 ns, At safepoint: 76200 ns, Total: 306000 ns
[2020-05-02T05:04:52.090+0000][1][safepoint    ] Safepoint "Cleanup", Time since last: 1000413600 ns, Reaching safepoint: 570200 ns, At safepoint: 392500 ns, Total: 962700 ns
[2020-05-02T05:04:53.090+0000][1][safepoint    ] Safepoint "Cleanup", Time since last: 1000477800 ns, Reaching safepoint: 296900 ns, At safepoint: 74700 ns, Total: 371600 ns
[2020-05-02T05:04:54.091+0000][1][safepoint    ] Safepoint "Cleanup", Time since last: 1000208600 ns, Reaching safepoint: 144000 ns, At safepoint: 96800 ns, Total: 240800 ns
[2020-05-02T05:04:55.093+0000][1][safepoint    ] Safepoint "Cleanup", Time since last: 1000873600 ns, Reaching safepoint: 639500 ns, At safepoint: 324600 ns, Total: 964100 ns
[2020-05-02T05:04:56.094+0000][1][safepoint    ] Safepoint "Cleanup", Time since last: 1000699600 ns, Reaching safepoint: 305800 ns, At safepoint: 81600 ns, Total: 387400 ns
[2020-05-02T05:04:57.095+0000][1][safepoint    ] Safepoint "Cleanup", Time since last: 1000289500 ns, Reaching safepoint: 405800 ns, At safepoint: 269200 ns, Total: 675000 ns
[2020-05-02T05:04:58.095+0000][1][safepoint    ] Safepoint "Cleanup", Time since last: 1000233600 ns, Reaching safepoint: 136900 ns, At safepoint: 58300 ns, Total: 195200 ns
[2020-05-02T05:04:59.097+0000][1][safepoint    ] Safepoint "Cleanup", Time since last: 1000791500 ns, Reaching safepoint: 610700 ns, At safepoint: 396900 ns, Total: 1007600 ns
[2020-05-02T05:05:00.098+0000][1][safepoint    ] Safepoint "Cleanup", Time since last: 1000463100 ns, Reaching safepoint: 139800 ns, At safepoint: 60500 ns, Total: 200300 ns
[2020-05-02T05:05:01.099+0000][1][safepoint    ] Safepoint "Cleanup", Time since last: 1000484500 ns, Reaching safepoint: 423700 ns, At safepoint: 307700 ns, Total: 731400 ns
[2020-05-02T05:05:02.100+0000][1][safepoint    ] Safepoint "Cleanup", Time since last: 1000349700 ns, Reaching safepoint: 259500 ns, At safepoint: 115600 ns, Total: 375100 ns
[2020-05-02T05:05:03.101+0000][1][safepoint    ] Safepoint "Cleanup", Time since last: 1000574700 ns, Reaching safepoint: 513900 ns, At safepoint: 318800 ns, Total: 832700 ns
[2020-05-02T05:05:04.102+0000][1][safepoint    ] Safepoint "Cleanup", Time since last: 1000649200 ns, Reaching safepoint: 258500 ns, At safepoint: 149700 ns, Total: 408200 ns
[2020-05-02T05:05:05.103+0000][1][safepoint    ] Safepoint "Cleanup", Time since last: 1000312600 ns, Reaching safepoint: 182700 ns, At safepoint: 119000 ns, Total: 301700 ns
[2020-05-02T05:05:06.104+0000][1][safepoint    ] Safepoint "Cleanup", Time since last: 1000703100 ns, Reaching safepoint: 240500 ns, At safepoint: 162200 ns, Total: 402700 ns
[2020-05-02T05:05:07.105+0000][1][safepoint    ] Safepoint "Cleanup", Time since last: 1000374200 ns, Reaching safepoint: 613700 ns, At safepoint: 277100 ns, Total: 890800 ns
[2020-05-02T05:05:08.106+0000][1][safepoint    ] Safepoint "Cleanup", Time since last: 1000460600 ns, Reaching safepoint: 460300 ns, At safepoint: 464200 ns, Total: 924500 ns
[2020-05-02T05:05:09.108+0000][1][safepoint    ] Safepoint "Cleanup", Time since last: 1000470900 ns, Reaching safepoint: 552700 ns, At safepoint: 351800 ns, Total: 904500 ns
[2020-05-02T05:05:10.109+0000][1][safepoint    ] Safepoint "Cleanup", Time since last: 1000735700 ns, Reaching safepoint: 521600 ns, At safepoint: 228100 ns, Total: 749700 ns
[2020-05-02T05:05:11.110+0000][1][safepoint    ] Safepoint "Cleanup", Time since last: 1000425300 ns, Reaching safepoint: 263500 ns, At safepoint: 152800 ns, Total: 416300 ns
[2020-05-02T05:05:12.111+0000][1][safepoint    ] Safepoint "Cleanup", Time since last: 1000528300 ns, Reaching safepoint: 220300 ns, At safepoint: 156100 ns, Total: 376400 ns
[2020-05-02T05:05:13.112+0000][1][safepoint    ] Safepoint "Cleanup", Time since last: 1000230300 ns, Reaching safepoint: 139200 ns, At safepoint: 98800 ns, Total: 238000 ns
[2020-05-02T05:05:14.113+0000][1][safepoint    ] Safepoint "Cleanup", Time since last: 1000526300 ns, Reaching safepoint: 412000 ns, At safepoint: 300500 ns, Total: 712500 ns
[2020-05-02T05:05:15.114+0000][1][safepoint    ] Safepoint "Cleanup", Time since last: 1000580100 ns, Reaching safepoint: 412300 ns, At safepoint: 173600 ns, Total: 585900 ns
[2020-05-02T05:05:16.114+0000][1][safepoint    ] Safepoint "Cleanup", Time since last: 1000344000 ns, Reaching safepoint: 162700 ns, At safepoint: 64100 ns, Total: 226800 ns
[2020-05-02T05:05:17.115+0000][1][safepoint    ] Safepoint "Cleanup", Time since last: 1000185400 ns, Reaching safepoint: 127100 ns, At safepoint: 87000 ns, Total: 214100 ns
[2020-05-02T05:05:18.116+0000][1][safepoint    ] Safepoint "Cleanup", Time since last: 1000587400 ns, Reaching safepoint: 220800 ns, At safepoint: 75200 ns, Total: 296000 ns
[2020-05-02T05:05:19.116+0000][1][safepoint    ] Safepoint "Cleanup", Time since last: 1000236500 ns, Reaching safepoint: 196700 ns, At safepoint: 93700 ns, Total: 290400 ns
[2020-05-02T05:05:20.117+0000][1][safepoint    ] Safepoint "Cleanup", Time since last: 1000254700 ns, Reaching safepoint: 131900 ns, At safepoint: 74300 ns, Total: 206200 ns
[2020-05-02T05:05:21.117+0000][1][safepoint    ] Safepoint "Cleanup", Time since last: 1000203700 ns, Reaching safepoint: 146100 ns, At safepoint: 87000 ns, Total: 233100 ns
[2020-05-02T05:05:22.119+0000][1][safepoint    ] Safepoint "Cleanup", Time since last: 1000732800 ns, Reaching safepoint: 564100 ns, At safepoint: 416400 ns, Total: 980500 ns
[2020-05-02T05:05:23.121+0000][1][safepoint    ] Safepoint "Cleanup", Time since last: 1000872300 ns, Reaching safepoint: 620900 ns, At safepoint: 314500 ns, Total: 935400 ns
[2020-05-02T05:05:24.122+0000][1][safepoint    ] Safepoint "Cleanup", Time since last: 1000506000 ns, Reaching safepoint: 182700 ns, At safepoint: 112300 ns, Total: 295000 ns
[2020-05-02T05:05:25.123+0000][1][safepoint    ] Safepoint "Cleanup", Time since last: 1000336700 ns, Reaching safepoint: 403300 ns, At safepoint: 315400 ns, Total: 718700 ns
[2020-05-02T05:05:26.125+0000][1][safepoint    ] Safepoint "Cleanup", Time since last: 1000870200 ns, Reaching safepoint: 772300 ns, At safepoint: 470400 ns, Total: 1242700 ns
[2020-05-02T05:05:27.126+0000][1][safepoint    ] Safepoint "Cleanup", Time since last: 1000530400 ns, Reaching safepoint: 321900 ns, At safepoint: 116200 ns, Total: 438100 ns
[2020-05-02T05:05:28.127+0000][1][safepoint    ] Safepoint "Cleanup", Time since last: 1000288600 ns, Reaching safepoint: 344700 ns, At safepoint: 207900 ns, Total: 552600 ns
[2020-05-02T05:05:29.128+0000][1][safepoint    ] Safepoint "Cleanup", Time since last: 1000452300 ns, Reaching safepoint: 501000 ns, At safepoint: 312100 ns, Total: 813100 ns
[2020-05-02T05:05:30.129+0000][1][safepoint    ] Safepoint "Cleanup", Time since last: 1000739000 ns, Reaching safepoint: 407400 ns, At safepoint: 394600 ns, Total: 802000 ns
[2020-05-02T05:05:31.130+0000][1][safepoint    ] Safepoint "Cleanup", Time since last: 1000705400 ns, Reaching safepoint: 308800 ns, At safepoint: 89300 ns, Total: 398100 ns
[2020-05-02T05:05:32.132+0000][1][safepoint    ] Safepoint "Cleanup", Time since last: 1000542300 ns, Reaching safepoint: 440500 ns, At safepoint: 355100 ns, Total: 795600 ns
[2020-05-02T05:05:33.134+0000][1][safepoint    ] Safepoint "Cleanup", Time since last: 1000875600 ns, Reaching safepoint: 695200 ns, At safepoint: 402500 ns, Total: 1097700 ns
[2020-05-02T05:05:34.136+0000][1][safepoint    ] Safepoint "Cleanup", Time since last: 1000827300 ns, Reaching safepoint: 748200 ns, At safepoint: 414000 ns, Total: 1162200 ns
[2020-05-02T05:05:35.137+0000][1][safepoint    ] Safepoint "Cleanup", Time since last: 1000620000 ns, Reaching safepoint: 685900 ns, At safepoint: 302100 ns, Total: 988000 ns
[2020-05-02T05:05:36.139+0000][1][safepoint    ] Safepoint "Cleanup", Time since last: 1000686900 ns, Reaching safepoint: 455100 ns, At safepoint: 437100 ns, Total: 892200 ns
[2020-05-02T05:05:37.141+0000][1][safepoint    ] Safepoint "Cleanup", Time since last: 1000953500 ns, Reaching safepoint: 773400 ns, At safepoint: 515200 ns, Total: 1288600 ns
[2020-05-02T05:05:38.142+0000][1][safepoint    ] Safepoint "Cleanup", Time since last: 1000313500 ns, Reaching safepoint: 247700 ns, At safepoint: 168800 ns, Total: 416500 ns
[2020-05-02T05:05:39.144+0000][1][safepoint    ] Safepoint "Cleanup", Time since last: 1001060700 ns, Reaching safepoint: 424000 ns, At safepoint: 419100 ns, Total: 843100 ns
[2020-05-02T05:05:40.144+0000][1][safepoint    ] Safepoint "Cleanup", Time since last: 1000359800 ns, Reaching safepoint: 236200 ns, At safepoint: 72700 ns, Total: 308900 ns
[2020-05-02T05:05:41.145+0000][1][safepoint    ] Safepoint "Cleanup", Time since last: 1000284200 ns, Reaching safepoint: 205500 ns, At safepoint: 140400 ns, Total: 345900 ns
[2020-05-02T05:05:42.146+0000][1][safepoint    ] Safepoint "Cleanup", Time since last: 1000316500 ns, Reaching safepoint: 123300 ns, At safepoint: 72100 ns, Total: 195400 ns
[2020-05-02T05:05:43.146+0000][1][safepoint    ] Safepoint "Cleanup", Time since last: 1000179400 ns, Reaching safepoint: 155700 ns, At safepoint: 98300 ns, Total: 254000 ns
[2020-05-02T05:05:44.146+0000][1][safepoint    ] Safepoint "Cleanup", Time since last: 1000270300 ns, Reaching safepoint: 123300 ns, At safepoint: 72700 ns, Total: 196000 ns
[2020-05-02T05:05:45.147+0000][1][safepoint    ] Safepoint "Cleanup", Time since last: 1000384700 ns, Reaching safepoint: 300000 ns, At safepoint: 92800 ns, Total: 392800 ns
[2020-05-02T05:05:46.149+0000][1][safepoint    ] Safepoint "Cleanup", Time since last: 1000339700 ns, Reaching safepoint: 627700 ns, At safepoint: 441000 ns, Total: 1068700 ns
[2020-05-02T05:05:47.150+0000][1][safepoint    ] Safepoint "Cleanup", Time since last: 1000578700 ns, Reaching safepoint: 491200 ns, At safepoint: 354800 ns, Total: 846000 ns
[2020-05-02T05:05:48.151+0000][1][safepoint    ] Safepoint "Cleanup", Time since last: 1000573200 ns, Reaching safepoint: 299600 ns, At safepoint: 118600 ns, Total: 418200 ns
[2020-05-02T05:05:49.152+0000][1][safepoint    ] Safepoint "Cleanup", Time since last: 1000445800 ns, Reaching safepoint: 420000 ns, At safepoint: 376500 ns, Total: 796500 ns
[2020-05-02T05:05:50.154+0000][1][safepoint    ] Safepoint "Cleanup", Time since last: 1000858500 ns, Reaching safepoint: 772000 ns, At safepoint: 377100 ns, Total: 1149100 ns
[2020-05-02T05:05:51.156+0000][1][safepoint    ] Safepoint "Cleanup", Time since last: 1000570800 ns, Reaching safepoint: 406000 ns, At safepoint: 284600 ns, Total: 690600 ns
[2020-05-02T05:05:52.156+0000][1][safepoint    ] Safepoint "Cleanup", Time since last: 1000222500 ns, Reaching safepoint: 155700 ns, At safepoint: 54500 ns, Total: 210200 ns
[2020-05-02T05:05:53.158+0000][1][safepoint    ] Safepoint "Cleanup", Time since last: 1000888300 ns, Reaching safepoint: 669600 ns, At safepoint: 429500 ns, Total: 1099100 ns
[2020-05-02T05:05:54.159+0000][1][safepoint    ] Safepoint "Cleanup", Time since last: 1000440300 ns, Reaching safepoint: 776200 ns, At safepoint: 232500 ns, Total: 1008700 ns
[2020-05-02T05:05:55.164+0000][1][safepoint    ] Safepoint "Cleanup", Time since last: 1003731300 ns, Reaching safepoint: 407100 ns, At safepoint: 201400 ns, Total: 608500 ns
[2020-05-02T05:05:56.165+0000][1][safepoint    ] Safepoint "Cleanup", Time since last: 1000678500 ns, Reaching safepoint: 431300 ns, At safepoint: 167000 ns, Total: 598300 ns
[2020-05-02T05:05:57.166+0000][1][safepoint    ] Safepoint "Cleanup", Time since last: 1000593500 ns, Reaching safepoint: 406100 ns, At safepoint: 216800 ns, Total: 622900 ns
[2020-05-02T05:05:58.916+0000][1][safepoint    ] Safepoint "Cleanup", Time since last: 1749048400 ns, Reaching safepoint: 390100 ns, At safepoint: 157500 ns, Total: 547600 ns
[2020-05-02T05:05:59.917+0000][1][safepoint    ] Safepoint "Cleanup", Time since last: 1000714800 ns, Reaching safepoint: 406400 ns, At safepoint: 264800 ns, Total: 671200 ns
[2020-05-02T05:06:00.918+0000][1][safepoint    ] Safepoint "Cleanup", Time since last: 1000397500 ns, Reaching safepoint: 175500 ns, At safepoint: 85700 ns, Total: 261200 ns
[2020-05-02T05:06:01.919+0000][1][safepoint    ] Safepoint "Cleanup", Time since last: 1000590600 ns, Reaching safepoint: 132300 ns, At safepoint: 57700 ns, Total: 190000 ns
[2020-05-02T05:06:02.920+0000][1][safepoint    ] Safepoint "Cleanup", Time since last: 1000674300 ns, Reaching safepoint: 148500 ns, At safepoint: 69500 ns, Total: 218000 ns
[2020-05-02T05:06:03.921+0000][1][safepoint    ] Safepoint "Cleanup", Time since last: 1000703100 ns, Reaching safepoint: 184300 ns, At safepoint: 75500 ns, Total: 259800 ns
[2020-05-02T05:06:04.921+0000][1][safepoint    ] Safepoint "Cleanup", Time since last: 1000215200 ns, Reaching safepoint: 127300 ns, At safepoint: 71700 ns, Total: 199000 ns
[2020-05-02T05:06:05.922+0000][1][safepoint    ] Safepoint "Cleanup", Time since last: 1000290300 ns, Reaching safepoint: 167100 ns, At safepoint: 99300 ns, Total: 266400 ns
[2020-05-02T05:06:06.137+0000][1][gc,start     ] GC(26) Pause Young (Allocation Failure)
[2020-05-02T05:06:06.137+0000][1][gc,task      ] GC(26) Using 10 workers of 10 for evacuation
[2020-05-02T05:06:06.140+0000][1][gc,age       ] GC(26) Desired survivor size 8945664 bytes, new threshold 6 (max threshold 6)
[2020-05-02T05:06:06.140+0000][1][gc,age       ] GC(26) Age table with threshold 6 (max threshold 6)
[2020-05-02T05:06:06.140+0000][1][gc,age       ] GC(26) - age   1:     127848 bytes,     127848 total
[2020-05-02T05:06:06.140+0000][1][gc,age       ] GC(26) - age   2:      49936 bytes,     177784 total
[2020-05-02T05:06:06.140+0000][1][gc,age       ] GC(26) - age   3:     113112 bytes,     290896 total
[2020-05-02T05:06:06.140+0000][1][gc,age       ] GC(26) - age   4:     139120 bytes,     430016 total
[2020-05-02T05:06:06.140+0000][1][gc,age       ] GC(26) - age   5:     425152 bytes,     855168 total
[2020-05-02T05:06:06.140+0000][1][gc,age       ] GC(26) - age   6:     562960 bytes,    1418128 total
[2020-05-02T05:06:06.140+0000][1][gc,heap      ] GC(26) ParNew: 142634K->2006K(157248K)
[2020-05-02T05:06:06.140+0000][1][gc,heap      ] GC(26) CMS: 79929K->80308K(349568K)
[2020-05-02T05:06:06.140+0000][1][gc,metaspace ] GC(26) Metaspace: 95446K->95446K(1136640K)
[2020-05-02T05:06:06.140+0000][1][gc           ] GC(26) Pause Young (Allocation Failure) 217M->80M(494M) 3.043ms
[2020-05-02T05:06:06.140+0000][1][gc,cpu       ] GC(26) User=0.01s Sys=0.00s Real=0.00s
[2020-05-02T05:06:06.140+0000][1][safepoint    ] Safepoint "GenCollectForAllocation", Time since last: 215305500 ns, Reaching safepoint: 126900 ns, At safepoint: 3120000 ns, Total: 3246900 ns
[2020-05-02T05:06:07.141+0000][1][safepoint    ] Safepoint "Cleanup", Time since last: 1000253000 ns, Reaching safepoint: 259900 ns, At safepoint: 102600 ns, Total: 362500 ns
[2020-05-02T05:06:08.142+0000][1][safepoint    ] Safepoint "Cleanup", Time since last: 1000300600 ns, Reaching safepoint: 426600 ns, At safepoint: 234000 ns, Total: 660600 ns
[2020-05-02T05:06:09.143+0000][1][safepoint    ] Safepoint "Cleanup", Time since last: 1000412800 ns, Reaching safepoint: 502900 ns, At safepoint: 173300 ns, Total: 676200 ns
[2020-05-02T05:06:10.144+0000][1][safepoint    ] Safepoint "Cleanup", Time since last: 1000815300 ns, Reaching safepoint: 435100 ns, At safepoint: 349600 ns, Total: 784700 ns
[2020-05-02T05:06:11.146+0000][1][safepoint    ] Safepoint "Cleanup", Time since last: 1000520800 ns, Reaching safepoint: 984600 ns, At safepoint: 304000 ns, Total: 1288600 ns
[2020-05-02T05:06:12.147+0000][1][safepoint    ] Safepoint "Cleanup", Time since last: 1000469800 ns, Reaching safepoint: 149900 ns, At safepoint: 81400 ns, Total: 231300 ns
[2020-05-02T05:06:13.148+0000][1][safepoint    ] Safepoint "Cleanup", Time since last: 1000595400 ns, Reaching safepoint: 136100 ns, At safepoint: 60500 ns, Total: 196600 ns
[2020-05-02T05:06:14.149+0000][1][safepoint    ] Safepoint "Cleanup", Time since last: 1000739800 ns, Reaching safepoint: 418600 ns, At safepoint: 210200 ns, Total: 628800 ns
[2020-05-02T05:06:15.150+0000][1][safepoint    ] Safepoint "Cleanup", Time since last: 1000602700 ns, Reaching safepoint: 431900 ns, At safepoint: 200000 ns, Total: 631900 ns
[2020-05-02T05:06:16.152+0000][1][safepoint    ] Safepoint "Cleanup", Time since last: 1000453400 ns, Reaching safepoint: 528900 ns, At safepoint: 286400 ns, Total: 815300 ns
[2020-05-02T05:06:17.153+0000][1][safepoint    ] Safepoint "Cleanup", Time since last: 1000729600 ns, Reaching safepoint: 370800 ns, At safepoint: 183200 ns, Total: 554000 ns
[2020-05-02T05:06:18.154+0000][1][safepoint    ] Safepoint "Cleanup", Time since last: 1000552400 ns, Reaching safepoint: 544600 ns, At safepoint: 197900 ns, Total: 742500 ns
[2020-05-02T05:06:19.155+0000][1][safepoint    ] Safepoint "Cleanup", Time since last: 1000318400 ns, Reaching safepoint: 151300 ns, At safepoint: 66200 ns, Total: 217500 ns
[2020-05-02T05:06:20.156+0000][1][safepoint    ] Safepoint "Cleanup", Time since last: 1000461700 ns, Reaching safepoint: 401000 ns, At safepoint: 193600 ns, Total: 594600 ns
[2020-05-02T05:06:21.157+0000][1][safepoint    ] Safepoint "Cleanup", Time since last: 1000636600 ns, Reaching safepoint: 132800 ns, At safepoint: 57000 ns, Total: 189800 ns
[2020-05-02T05:06:22.158+0000][1][safepoint    ] Safepoint "Cleanup", Time since last: 1000419800 ns, Reaching safepoint: 491200 ns, At safepoint: 271800 ns, Total: 763000 ns
[2020-05-02T05:06:23.159+0000][1][safepoint    ] Safepoint "Cleanup", Time since last: 1000623200 ns, Reaching safepoint: 506600 ns, At safepoint: 198900 ns, Total: 705500 ns
[2020-05-02T05:06:24.160+0000][1][safepoint    ] Safepoint "Cleanup", Time since last: 1000450400 ns, Reaching safepoint: 185400 ns, At safepoint: 79200 ns, Total: 264600 ns
[2020-05-02T05:06:25.161+0000][1][safepoint    ] Safepoint "Cleanup", Time since last: 1000691300 ns, Reaching safepoint: 445200 ns, At safepoint: 209400 ns, Total: 654600 ns
[2020-05-02T05:06:26.162+0000][1][safepoint    ] Safepoint "Cleanup", Time since last: 1000342900 ns, Reaching safepoint: 583300 ns, At safepoint: 270900 ns, Total: 854200 ns
[2020-05-02T05:06:27.164+0000][1][safepoint    ] Safepoint "Cleanup", Time since last: 1000511400 ns, Reaching safepoint: 483200 ns, At safepoint: 213500 ns, Total: 696700 ns
[2020-05-02T05:06:28.164+0000][1][safepoint    ] Safepoint "Cleanup", Time since last: 1000713200 ns, Reaching safepoint: 155500 ns, At safepoint: 63000 ns, Total: 218500 ns
[2020-05-02T05:06:29.165+0000][1][safepoint    ] Safepoint "Cleanup", Time since last: 1000215900 ns, Reaching safepoint: 141700 ns, At safepoint: 36400 ns, Total: 178100 ns
[2020-05-02T05:06:30.166+0000][1][safepoint    ] Safepoint "Cleanup", Time since last: 1000487800 ns, Reaching safepoint: 468400 ns, At safepoint: 208200 ns, Total: 676600 ns
[2020-05-02T05:06:31.168+0000][1][safepoint    ] Safepoint "Cleanup", Time since last: 1000518800 ns, Reaching safepoint: 643100 ns, At safepoint: 330900 ns, Total: 974000 ns
[2020-05-02T05:06:32.168+0000][1][safepoint    ] Safepoint "Cleanup", Time since last: 1000349100 ns, Reaching safepoint: 129400 ns, At safepoint: 60800 ns, Total: 190200 ns
[2020-05-02T05:06:33.169+0000][1][safepoint    ] Safepoint "Cleanup", Time since last: 1000396700 ns, Reaching safepoint: 127400 ns, At safepoint: 40100 ns, Total: 167500 ns
[2020-05-02T05:06:34.170+0000][1][safepoint    ] Safepoint "Cleanup", Time since last: 1000714300 ns, Reaching safepoint: 407700 ns, At safepoint: 199700 ns, Total: 607400 ns
[2020-05-02T05:06:35.171+0000][1][safepoint    ] Safepoint "Cleanup", Time since last: 1000661000 ns, Reaching safepoint: 212400 ns, At safepoint: 85000 ns, Total: 297400 ns
[2020-05-02T05:06:36.172+0000][1][safepoint    ] Safepoint "Cleanup", Time since last: 1000697400 ns, Reaching safepoint: 409500 ns, At safepoint: 227700 ns, Total: 637200 ns
[2020-05-02T05:06:37.173+0000][1][safepoint    ] Safepoint "Cleanup", Time since last: 1000484300 ns, Reaching safepoint: 287000 ns, At safepoint: 157200 ns, Total: 444200 ns
[2020-05-02T05:06:38.174+0000][1][safepoint    ] Safepoint "Cleanup", Time since last: 1000586900 ns, Reaching safepoint: 124600 ns, At safepoint: 56900 ns, Total: 181500 ns
[2020-05-02T05:06:39.175+0000][1][safepoint    ] Safepoint "Cleanup", Time since last: 1000430700 ns, Reaching safepoint: 371500 ns, At safepoint: 239500 ns, Total: 611000 ns
[2020-05-02T05:06:40.176+0000][1][safepoint    ] Safepoint "Cleanup", Time since last: 1000307100 ns, Reaching safepoint: 210700 ns, At safepoint: 134600 ns, Total: 345300 ns
[2020-05-02T05:06:41.176+0000][1][safepoint    ] Safepoint "Cleanup", Time since last: 1000212200 ns, Reaching safepoint: 243400 ns, At safepoint: 69100 ns, Total: 312500 ns
[2020-05-02T05:06:42.178+0000][1][safepoint    ] Safepoint "Cleanup", Time since last: 1000852000 ns, Reaching safepoint: 412600 ns, At safepoint: 207700 ns, Total: 620300 ns
[2020-05-02T05:06:43.178+0000][1][safepoint    ] Safepoint "Cleanup", Time since last: 1000384500 ns, Reaching safepoint: 343000 ns, At safepoint: 102200 ns, Total: 445200 ns
[2020-05-02T05:06:44.180+0000][1][safepoint    ] Safepoint "Cleanup", Time since last: 1000838000 ns, Reaching safepoint: 474500 ns, At safepoint: 213800 ns, Total: 688300 ns
[2020-05-02T05:06:45.181+0000][1][safepoint    ] Safepoint "Cleanup", Time since last: 1000786600 ns, Reaching safepoint: 432900 ns, At safepoint: 202800 ns, Total: 635700 ns
[2020-05-02T05:06:46.183+0000][1][safepoint    ] Safepoint "Cleanup", Time since last: 1000928300 ns, Reaching safepoint: 433600 ns, At safepoint: 214300 ns, Total: 647900 ns
[2020-05-02T05:06:47.184+0000][1][safepoint    ] Safepoint "Cleanup", Time since last: 1000682300 ns, Reaching safepoint: 432000 ns, At safepoint: 302900 ns, Total: 734900 ns
[2020-05-02T05:06:48.186+0000][1][safepoint    ] Safepoint "Cleanup", Time since last: 1000781600 ns, Reaching safepoint: 243000 ns, At safepoint: 113100 ns, Total: 356100 ns
[2020-05-02T05:06:49.187+0000][1][safepoint    ] Safepoint "Cleanup", Time since last: 1000699400 ns, Reaching safepoint: 516900 ns, At safepoint: 264700 ns, Total: 781600 ns
[2020-05-02T05:06:50.188+0000][1][safepoint    ] Safepoint "Cleanup", Time since last: 1000618000 ns, Reaching safepoint: 177600 ns, At safepoint: 104700 ns, Total: 282300 ns
[2020-05-02T05:06:51.190+0000][1][safepoint    ] Safepoint "Cleanup", Time since last: 1000837300 ns, Reaching safepoint: 716900 ns, At safepoint: 358200 ns, Total: 1075100 ns
[2020-05-02T05:06:52.191+0000][1][safepoint    ] Safepoint "Cleanup", Time since last: 1000551400 ns, Reaching safepoint: 522800 ns, At safepoint: 175300 ns, Total: 698100 ns
[2020-05-02T05:06:53.192+0000][1][safepoint    ] Safepoint "Cleanup", Time since last: 1000352100 ns, Reaching safepoint: 133500 ns, At safepoint: 37100 ns, Total: 170600 ns
[2020-05-02T05:06:54.192+0000][1][safepoint    ] Safepoint "Cleanup", Time since last: 1000195200 ns, Reaching safepoint: 260800 ns, At safepoint: 56200 ns, Total: 317000 ns
[2020-05-02T05:06:55.193+0000][1][safepoint    ] Safepoint "Cleanup", Time since last: 1000427800 ns, Reaching safepoint: 441100 ns, At safepoint: 237500 ns, Total: 678600 ns
[2020-05-02T05:06:56.194+0000][1][safepoint    ] Safepoint "Cleanup", Time since last: 1000203800 ns, Reaching safepoint: 130900 ns, At safepoint: 39200 ns, Total: 170100 ns
[2020-05-02T05:06:57.195+0000][1][safepoint    ] Safepoint "Cleanup", Time since last: 1000711000 ns, Reaching safepoint: 450900 ns, At safepoint: 283200 ns, Total: 734100 ns
[2020-05-02T05:06:58.196+0000][1][safepoint    ] Safepoint "Cleanup", Time since last: 1000716800 ns, Reaching safepoint: 175800 ns, At safepoint: 84200 ns, Total: 260000 ns
[2020-05-02T05:06:59.198+0000][1][safepoint    ] Safepoint "Cleanup", Time since last: 1000871200 ns, Reaching safepoint: 416400 ns, At safepoint: 206500 ns, Total: 622900 ns
[2020-05-02T05:07:00.198+0000][1][safepoint    ] Safepoint "Cleanup", Time since last: 1000270500 ns, Reaching safepoint: 128400 ns, At safepoint: 37700 ns, Total: 166100 ns
[2020-05-02T05:07:01.200+0000][1][safepoint    ] Safepoint "Cleanup", Time since last: 1000747200 ns, Reaching safepoint: 721600 ns, At safepoint: 269100 ns, Total: 990700 ns
[2020-05-02T05:07:02.201+0000][1][safepoint    ] Safepoint "Cleanup", Time since last: 1000369900 ns, Reaching safepoint: 386100 ns, At safepoint: 195900 ns, Total: 582000 ns
[2020-05-02T05:07:03.202+0000][1][safepoint    ] Safepoint "Cleanup", Time since last: 1000740600 ns, Reaching safepoint: 407200 ns, At safepoint: 210600 ns, Total: 617800 ns
[2020-05-02T05:07:04.203+0000][1][safepoint    ] Safepoint "Cleanup", Time since last: 1000766300 ns, Reaching safepoint: 422500 ns, At safepoint: 206100 ns, Total: 628600 ns
[2020-05-02T05:07:05.205+0000][1][safepoint    ] Safepoint "Cleanup", Time since last: 1000858200 ns, Reaching safepoint: 244000 ns, At safepoint: 54800 ns, Total: 298800 ns
[2020-05-02T05:07:06.205+0000][1][safepoint    ] Safepoint "Cleanup", Time since last: 1000367000 ns, Reaching safepoint: 371400 ns, At safepoint: 131100 ns, Total: 502500 ns
[2020-05-02T05:07:07.206+0000][1][safepoint    ] Safepoint "Cleanup", Time since last: 1000252000 ns, Reaching safepoint: 252500 ns, At safepoint: 105000 ns, Total: 357500 ns
[2020-05-02T05:07:08.207+0000][1][safepoint    ] Safepoint "Cleanup", Time since last: 1000251900 ns, Reaching safepoint: 186300 ns, At safepoint: 109100 ns, Total: 295400 ns
[2020-05-02T05:07:09.208+0000][1][safepoint    ] Safepoint "Cleanup", Time since last: 1000697200 ns, Reaching safepoint: 203600 ns, At safepoint: 99600 ns, Total: 303200 ns
[2020-05-02T05:07:10.208+0000][1][safepoint    ] Safepoint "Cleanup", Time since last: 1000189400 ns, Reaching safepoint: 128300 ns, At safepoint: 53800 ns, Total: 182100 ns
[2020-05-02T05:07:11.208+0000][1][safepoint    ] Safepoint "Cleanup", Time since last: 1000210800 ns, Reaching safepoint: 132500 ns, At safepoint: 51900 ns, Total: 184400 ns
[2020-05-02T05:07:12.209+0000][1][safepoint    ] Safepoint "Cleanup", Time since last: 1000287100 ns, Reaching safepoint: 236100 ns, At safepoint: 106300 ns, Total: 342400 ns
[2020-05-02T05:07:13.210+0000][1][safepoint    ] Safepoint "Cleanup", Time since last: 1000725100 ns, Reaching safepoint: 407600 ns, At safepoint: 199900 ns, Total: 607500 ns
[2020-05-02T05:07:14.212+0000][1][safepoint    ] Safepoint "Cleanup", Time since last: 1000883000 ns, Reaching safepoint: 410000 ns, At safepoint: 208400 ns, Total: 618400 ns
[2020-05-02T05:07:15.213+0000][1][safepoint    ] Safepoint "Cleanup", Time since last: 1000787800 ns, Reaching safepoint: 410600 ns, At safepoint: 209100 ns, Total: 619700 ns
[2020-05-02T05:07:16.215+0000][1][safepoint    ] Safepoint "Cleanup", Time since last: 1000543500 ns, Reaching safepoint: 891800 ns, At safepoint: 224100 ns, Total: 1115900 ns
[2020-05-02T05:07:17.216+0000][1][safepoint    ] Safepoint "Cleanup", Time since last: 1000445700 ns, Reaching safepoint: 239300 ns, At safepoint: 76800 ns, Total: 316100 ns
[2020-05-02T05:07:18.217+0000][1][safepoint    ] Safepoint "Cleanup", Time since last: 1000385000 ns, Reaching safepoint: 413300 ns, At safepoint: 194000 ns, Total: 607300 ns
[2020-05-02T05:07:19.218+0000][1][safepoint    ] Safepoint "Cleanup", Time since last: 1000989400 ns, Reaching safepoint: 409000 ns, At safepoint: 202600 ns, Total: 611600 ns
[2020-05-02T05:07:20.219+0000][1][safepoint    ] Safepoint "Cleanup", Time since last: 1000414700 ns, Reaching safepoint: 235000 ns, At safepoint: 110100 ns, Total: 345100 ns
[2020-05-02T05:07:21.220+0000][1][safepoint    ] Safepoint "Cleanup", Time since last: 1000831300 ns, Reaching safepoint: 435000 ns, At safepoint: 212200 ns, Total: 647200 ns
[2020-05-02T05:07:22.222+0000][1][safepoint    ] Safepoint "Cleanup", Time since last: 1000761100 ns, Reaching safepoint: 503200 ns, At safepoint: 205200 ns, Total: 708400 ns
[2020-05-02T05:07:23.223+0000][1][safepoint    ] Safepoint "Cleanup", Time since last: 1000692400 ns, Reaching safepoint: 142600 ns, At safepoint: 64300 ns, Total: 206900 ns
[2020-05-02T05:07:24.224+0000][1][safepoint    ] Safepoint "Cleanup", Time since last: 1000367800 ns, Reaching safepoint: 320000 ns, At safepoint: 152900 ns, Total: 472900 ns
[2020-05-02T05:07:25.225+0000][1][safepoint    ] Safepoint "Cleanup", Time since last: 1000517500 ns, Reaching safepoint: 735500 ns, At safepoint: 169400 ns, Total: 904900 ns
[2020-05-02T05:07:26.226+0000][1][safepoint    ] Safepoint "Cleanup", Time since last: 1000242900 ns, Reaching safepoint: 148700 ns, At safepoint: 53000 ns, Total: 201700 ns
[2020-05-02T05:07:27.226+0000][1][safepoint    ] Safepoint "Cleanup", Time since last: 1000229000 ns, Reaching safepoint: 136400 ns, At safepoint: 40700 ns, Total: 177100 ns
[2020-05-02T05:07:28.226+0000][1][safepoint    ] Safepoint "Cleanup", Time since last: 1000243400 ns, Reaching safepoint: 175700 ns, At safepoint: 79500 ns, Total: 255200 ns
[2020-05-02T05:07:29.227+0000][1][safepoint    ] Safepoint "Cleanup", Time since last: 1000197700 ns, Reaching safepoint: 131900 ns, At safepoint: 56800 ns, Total: 188700 ns
[2020-05-02T05:07:30.227+0000][1][safepoint    ] Safepoint "Cleanup", Time since last: 1000135300 ns, Reaching safepoint: 136700 ns, At safepoint: 45800 ns, Total: 182500 ns
[2020-05-02T05:07:31.227+0000][1][safepoint    ] Safepoint "Cleanup", Time since last: 1000137000 ns, Reaching safepoint: 162500 ns, At safepoint: 53500 ns, Total: 216000 ns
[2020-05-02T05:07:32.228+0000][1][safepoint    ] Safepoint "Cleanup", Time since last: 1000224200 ns, Reaching safepoint: 208500 ns, At safepoint: 55100 ns, Total: 263600 ns
[2020-05-02T05:07:33.228+0000][1][safepoint    ] Safepoint "Cleanup", Time since last: 1000128100 ns, Reaching safepoint: 142500 ns, At safepoint: 34200 ns, Total: 176700 ns
[2020-05-02T05:07:34.229+0000][1][safepoint    ] Safepoint "Cleanup", Time since last: 1000118800 ns, Reaching safepoint: 134900 ns, At safepoint: 52400 ns, Total: 187300 ns
[2020-05-02T05:07:35.229+0000][1][safepoint    ] Safepoint "Cleanup", Time since last: 1000119300 ns, Reaching safepoint: 132700 ns, At safepoint: 36300 ns, Total: 169000 ns
[2020-05-02T05:07:36.229+0000][1][safepoint    ] Safepoint "Cleanup", Time since last: 1000145700 ns, Reaching safepoint: 141400 ns, At safepoint: 36000 ns, Total: 177400 ns
[2020-05-02T05:07:37.229+0000][1][safepoint    ] Safepoint "Cleanup", Time since last: 1000114300 ns, Reaching safepoint: 132600 ns, At safepoint: 38400 ns, Total: 171000 ns
[2020-05-02T05:07:38.230+0000][1][safepoint    ] Safepoint "Cleanup", Time since last: 1000130000 ns, Reaching safepoint: 129300 ns, At safepoint: 72200 ns, Total: 201500 ns
[2020-05-02T05:07:39.230+0000][1][safepoint    ] Safepoint "Cleanup", Time since last: 1000197900 ns, Reaching safepoint: 166000 ns, At safepoint: 59500 ns, Total: 225500 ns
[2020-05-02T05:07:40.231+0000][1][safepoint    ] Safepoint "Cleanup", Time since last: 1000195600 ns, Reaching safepoint: 127800 ns, At safepoint: 49700 ns, Total: 177500 ns
[2020-05-02T05:07:41.231+0000][1][safepoint    ] Safepoint "Cleanup", Time since last: 1000205100 ns, Reaching safepoint: 142000 ns, At safepoint: 69000 ns, Total: 211000 ns
[2020-05-02T05:07:42.231+0000][1][safepoint    ] Safepoint "Cleanup", Time since last: 1000189000 ns, Reaching safepoint: 147400 ns, At safepoint: 68600 ns, Total: 216000 ns
[2020-05-02T05:07:43.232+0000][1][safepoint    ] Safepoint "Cleanup", Time since last: 1000231700 ns, Reaching safepoint: 190300 ns, At safepoint: 60500 ns, Total: 250800 ns
[2020-05-02T05:07:44.233+0000][1][safepoint    ] Safepoint "Cleanup", Time since last: 1000230000 ns, Reaching safepoint: 267600 ns, At safepoint: 104800 ns, Total: 372400 ns
[2020-05-02T05:07:45.233+0000][1][safepoint    ] Safepoint "Cleanup", Time since last: 1000357500 ns, Reaching safepoint: 318800 ns, At safepoint: 67300 ns, Total: 386100 ns
[2020-05-02T05:07:46.234+0000][1][safepoint    ] Safepoint "Cleanup", Time since last: 1000252900 ns, Reaching safepoint: 147100 ns, At safepoint: 49700 ns, Total: 196800 ns
[2020-05-02T05:07:47.234+0000][1][safepoint    ] Safepoint "Cleanup", Time since last: 1000247200 ns, Reaching safepoint: 196100 ns, At safepoint: 68500 ns, Total: 264600 ns
[2020-05-02T05:07:48.235+0000][1][safepoint    ] Safepoint "Cleanup", Time since last: 1000242300 ns, Reaching safepoint: 255800 ns, At safepoint: 60100 ns, Total: 315900 ns
[2020-05-02T05:07:49.235+0000][1][safepoint    ] Safepoint "Cleanup", Time since last: 1000179600 ns, Reaching safepoint: 194300 ns, At safepoint: 46000 ns, Total: 240300 ns
[2020-05-02T05:07:50.236+0000][1][safepoint    ] Safepoint "Cleanup", Time since last: 1000206300 ns, Reaching safepoint: 151400 ns, At safepoint: 45600 ns, Total: 197000 ns
[2020-05-02T05:07:51.236+0000][1][safepoint    ] Safepoint "Cleanup", Time since last: 1000181400 ns, Reaching safepoint: 212900 ns, At safepoint: 45300 ns, Total: 258200 ns
[2020-05-02T05:07:52.236+0000][1][safepoint    ] Safepoint "Cleanup", Time since last: 1000199700 ns, Reaching safepoint: 194700 ns, At safepoint: 39600 ns, Total: 234300 ns
[2020-05-02T05:07:53.237+0000][1][safepoint    ] Safepoint "Cleanup", Time since last: 1000207300 ns, Reaching safepoint: 146700 ns, At safepoint: 64800 ns, Total: 211500 ns
[2020-05-02T05:07:54.237+0000][1][safepoint    ] Safepoint "Cleanup", Time since last: 1000217800 ns, Reaching safepoint: 291100 ns, At safepoint: 88000 ns, Total: 379100 ns
[2020-05-02T05:07:55.238+0000][1][safepoint    ] Safepoint "Cleanup", Time since last: 1000693700 ns, Reaching safepoint: 173900 ns, At safepoint: 71700 ns, Total: 245600 ns
[2020-05-02T05:07:56.239+0000][1][safepoint    ] Safepoint "Cleanup", Time since last: 1000360300 ns, Reaching safepoint: 394400 ns, At safepoint: 181600 ns, Total: 576000 ns
[2020-05-02T05:07:57.240+0000][1][safepoint    ] Safepoint "Cleanup", Time since last: 1000564000 ns, Reaching safepoint: 217900 ns, At safepoint: 99500 ns, Total: 317400 ns
[2020-05-02T05:07:58.241+0000][1][safepoint    ] Safepoint "Cleanup", Time since last: 1000573800 ns, Reaching safepoint: 411400 ns, At safepoint: 188900 ns, Total: 600300 ns
[2020-05-02T05:07:59.242+0000][1][safepoint    ] Safepoint "Cleanup", Time since last: 1000574600 ns, Reaching safepoint: 177000 ns, At safepoint: 77500 ns, Total: 254500 ns
[2020-05-02T05:08:00.243+0000][1][safepoint    ] Safepoint "Cleanup", Time since last: 1000261000 ns, Reaching safepoint: 171400 ns, At safepoint: 91000 ns, Total: 262400 ns
[2020-05-02T05:08:01.244+0000][1][safepoint    ] Safepoint "Cleanup", Time since last: 1000434700 ns, Reaching safepoint: 241000 ns, At safepoint: 79400 ns, Total: 320400 ns
[2020-05-02T05:08:02.245+0000][1][safepoint    ] Safepoint "Cleanup", Time since last: 1000431900 ns, Reaching safepoint: 594500 ns, At safepoint: 196000 ns, Total: 790500 ns
[2020-05-02T05:08:03.247+0000][1][safepoint    ] Safepoint "Cleanup", Time since last: 1000986900 ns, Reaching safepoint: 411100 ns, At safepoint: 349900 ns, Total: 761000 ns
[2020-05-02T05:08:04.248+0000][1][safepoint    ] Safepoint "Cleanup", Time since last: 1000853100 ns, Reaching safepoint: 237500 ns, At safepoint: 118700 ns, Total: 356200 ns
[2020-05-02T05:08:05.249+0000][1][safepoint    ] Safepoint "Cleanup", Time since last: 1000732300 ns, Reaching safepoint: 238300 ns, At safepoint: 109700 ns, Total: 348000 ns
[2020-05-02T05:08:06.250+0000][1][safepoint    ] Safepoint "Cleanup", Time since last: 1000347400 ns, Reaching safepoint: 212700 ns, At safepoint: 169500 ns, Total: 382200 ns
[2020-05-02T05:08:07.251+0000][1][safepoint    ] Safepoint "Cleanup", Time since last: 1000418100 ns, Reaching safepoint: 409800 ns, At safepoint: 212100 ns, Total: 621900 ns
[2020-05-02T05:08:08.252+0000][1][safepoint    ] Safepoint "Cleanup", Time since last: 1000583700 ns, Reaching safepoint: 737500 ns, At safepoint: 245100 ns, Total: 982600 ns
[2020-05-02T05:08:09.254+0000][1][safepoint    ] Safepoint "Cleanup", Time since last: 1000649000 ns, Reaching safepoint: 483100 ns, At safepoint: 262000 ns, Total: 745100 ns
[2020-05-02T05:08:10.255+0000][1][safepoint    ] Safepoint "Cleanup", Time since last: 1000592400 ns, Reaching safepoint: 533500 ns, At safepoint: 202400 ns, Total: 735900 ns
[2020-05-02T05:08:11.256+0000][1][safepoint    ] Safepoint "Cleanup", Time since last: 1000566000 ns, Reaching safepoint: 648900 ns, At safepoint: 236800 ns, Total: 885700 ns
[2020-05-02T05:08:12.257+0000][1][safepoint    ] Safepoint "Cleanup", Time since last: 1000405300 ns, Reaching safepoint: 193000 ns, At safepoint: 112900 ns, Total: 305900 ns
[2020-05-02T05:08:13.258+0000][1][safepoint    ] Safepoint "Cleanup", Time since last: 1000336800 ns, Reaching safepoint: 227800 ns, At safepoint: 102100 ns, Total: 329900 ns
[2020-05-02T05:08:14.258+0000][1][safepoint    ] Safepoint "Cleanup", Time since last: 1000376300 ns, Reaching safepoint: 136200 ns, At safepoint: 52500 ns, Total: 188700 ns
[2020-05-02T05:08:15.259+0000][1][safepoint    ] Safepoint "Cleanup", Time since last: 1000583900 ns, Reaching safepoint: 197300 ns, At safepoint: 96300 ns, Total: 293600 ns
[2020-05-02T05:08:16.260+0000][1][safepoint    ] Safepoint "Cleanup", Time since last: 1000411000 ns, Reaching safepoint: 527600 ns, At safepoint: 200600 ns, Total: 728200 ns
[2020-05-02T05:08:17.261+0000][1][safepoint    ] Safepoint "Cleanup", Time since last: 1000465900 ns, Reaching safepoint: 130100 ns, At safepoint: 51400 ns, Total: 181500 ns
[2020-05-02T05:08:18.262+0000][1][safepoint    ] Safepoint "Cleanup", Time since last: 1000633200 ns, Reaching safepoint: 304500 ns, At safepoint: 153900 ns, Total: 458400 ns
[2020-05-02T05:08:19.263+0000][1][safepoint    ] Safepoint "Cleanup", Time since last: 1000538800 ns, Reaching safepoint: 407700 ns, At safepoint: 192800 ns, Total: 600500 ns
[2020-05-02T05:08:20.264+0000][1][safepoint    ] Safepoint "Cleanup", Time since last: 1000405800 ns, Reaching safepoint: 177100 ns, At safepoint: 58300 ns, Total: 235400 ns
[2020-05-02T05:08:21.264+0000][1][safepoint    ] Safepoint "Cleanup", Time since last: 1000245400 ns, Reaching safepoint: 140400 ns, At safepoint: 72500 ns, Total: 212900 ns
[2020-05-02T05:08:22.265+0000][1][safepoint    ] Safepoint "Cleanup", Time since last: 1000326300 ns, Reaching safepoint: 414400 ns, At safepoint: 181300 ns, Total: 595700 ns
[2020-05-02T05:08:23.266+0000][1][safepoint    ] Safepoint "Cleanup", Time since last: 1000636600 ns, Reaching safepoint: 173500 ns, At safepoint: 79800 ns, Total: 253300 ns
[2020-05-02T05:08:24.267+0000][1][safepoint    ] Safepoint "Cleanup", Time since last: 1000430500 ns, Reaching safepoint: 148600 ns, At safepoint: 66500 ns, Total: 215100 ns
[2020-05-02T05:08:25.268+0000][1][safepoint    ] Safepoint "Cleanup", Time since last: 1000621300 ns, Reaching safepoint: 301800 ns, At safepoint: 86800 ns, Total: 388600 ns
[2020-05-02T05:08:26.269+0000][1][safepoint    ] Safepoint "Cleanup", Time since last: 1000293100 ns, Reaching safepoint: 308400 ns, At safepoint: 260000 ns, Total: 568400 ns
[2020-05-02T05:08:27.270+0000][1][safepoint    ] Safepoint "Cleanup", Time since last: 1000427700 ns, Reaching safepoint: 388100 ns, At safepoint: 202800 ns, Total: 590900 ns
[2020-05-02T05:08:28.271+0000][1][safepoint    ] Safepoint "Cleanup", Time since last: 1000631800 ns, Reaching safepoint: 529200 ns, At safepoint: 256400 ns, Total: 785600 ns
[2020-05-02T05:08:29.273+0000][1][safepoint    ] Safepoint "Cleanup", Time since last: 1000730100 ns, Reaching safepoint: 687000 ns, At safepoint: 314300 ns, Total: 1001300 ns
[2020-05-02T05:08:30.274+0000][1][safepoint    ] Safepoint "Cleanup", Time since last: 1000603200 ns, Reaching safepoint: 343100 ns, At safepoint: 148900 ns, Total: 492000 ns
[2020-05-02T05:08:31.275+0000][1][safepoint    ] Safepoint "Cleanup", Time since last: 1000380600 ns, Reaching safepoint: 237200 ns, At safepoint: 66600 ns, Total: 303800 ns
[2020-05-02T05:08:32.276+0000][1][safepoint    ] Safepoint "Cleanup", Time since last: 1000859200 ns, Reaching safepoint: 622000 ns, At safepoint: 409600 ns, Total: 1031600 ns
[2020-05-02T05:08:33.277+0000][1][safepoint    ] Safepoint "Cleanup", Time since last: 1000494200 ns, Reaching safepoint: 247900 ns, At safepoint: 95900 ns, Total: 343800 ns
[2020-05-02T05:08:34.278+0000][1][safepoint    ] Safepoint "Cleanup", Time since last: 1000507400 ns, Reaching safepoint: 412300 ns, At safepoint: 324900 ns, Total: 737200 ns
[2020-05-02T05:08:35.280+0000][1][safepoint    ] Safepoint "Cleanup", Time since last: 1000860100 ns, Reaching safepoint: 425100 ns, At safepoint: 303800 ns, Total: 728900 ns
[2020-05-02T05:08:36.281+0000][1][safepoint    ] Safepoint "Cleanup", Time since last: 1000508200 ns, Reaching safepoint: 271200 ns, At safepoint: 195100 ns, Total: 466300 ns
[2020-05-02T05:08:37.282+0000][1][safepoint    ] Safepoint "Cleanup", Time since last: 1000542100 ns, Reaching safepoint: 243100 ns, At safepoint: 187100 ns, Total: 430200 ns
[2020-05-02T05:08:38.282+0000][1][safepoint    ] Safepoint "Cleanup", Time since last: 1000217900 ns, Reaching safepoint: 160300 ns, At safepoint: 73600 ns, Total: 233900 ns
[2020-05-02T05:08:39.283+0000][1][safepoint    ] Safepoint "Cleanup", Time since last: 1000377600 ns, Reaching safepoint: 252900 ns, At safepoint: 157400 ns, Total: 410300 ns
[2020-05-02T05:08:40.284+0000][1][safepoint    ] Safepoint "Cleanup", Time since last: 1000283400 ns, Reaching safepoint: 169800 ns, At safepoint: 76600 ns, Total: 246400 ns
[2020-05-02T05:08:41.285+0000][1][safepoint    ] Safepoint "Cleanup", Time since last: 1000542100 ns, Reaching safepoint: 164100 ns, At safepoint: 91000 ns, Total: 255100 ns
[2020-05-02T05:08:42.286+0000][1][safepoint    ] Safepoint "Cleanup", Time since last: 1000431300 ns, Reaching safepoint: 404300 ns, At safepoint: 240400 ns, Total: 644700 ns
[2020-05-02T05:08:43.287+0000][1][safepoint    ] Safepoint "Cleanup", Time since last: 1000865400 ns, Reaching safepoint: 356100 ns, At safepoint: 274700 ns, Total: 630800 ns
[2020-05-02T05:08:44.288+0000][1][safepoint    ] Safepoint "Cleanup", Time since last: 1000449100 ns, Reaching safepoint: 273100 ns, At safepoint: 201700 ns, Total: 474800 ns
[2020-05-02T05:08:45.290+0000][1][safepoint    ] Safepoint "Cleanup", Time since last: 1000921800 ns, Reaching safepoint: 411800 ns, At safepoint: 326700 ns, Total: 738500 ns
[2020-05-02T05:08:46.291+0000][1][safepoint    ] Safepoint "Cleanup", Time since last: 1000797200 ns, Reaching safepoint: 277000 ns, At safepoint: 95100 ns, Total: 372100 ns
[2020-05-02T05:08:47.293+0000][1][safepoint    ] Safepoint "Cleanup", Time since last: 1000517700 ns, Reaching safepoint: 580000 ns, At safepoint: 547900 ns, Total: 1127900 ns
[2020-05-02T05:08:48.293+0000][1][safepoint    ] Safepoint "Cleanup", Time since last: 1000436500 ns, Reaching safepoint: 135600 ns, At safepoint: 75500 ns, Total: 211100 ns
[2020-05-02T05:08:49.294+0000][1][safepoint    ] Safepoint "Cleanup", Time since last: 1000184400 ns, Reaching safepoint: 175500 ns, At safepoint: 94300 ns, Total: 269800 ns
[2020-05-02T05:08:50.295+0000][1][safepoint    ] Safepoint "Cleanup", Time since last: 1000724400 ns, Reaching safepoint: 130400 ns, At safepoint: 81300 ns, Total: 211700 ns
[2020-05-02T05:08:51.295+0000][1][safepoint    ] Safepoint "Cleanup", Time since last: 1000228000 ns, Reaching safepoint: 154700 ns, At safepoint: 75900 ns, Total: 230600 ns
[2020-05-02T05:08:52.296+0000][1][safepoint    ] Safepoint "Cleanup", Time since last: 1000478400 ns, Reaching safepoint: 492000 ns, At safepoint: 319600 ns, Total: 811600 ns
[2020-05-02T05:08:53.298+0000][1][safepoint    ] Safepoint "Cleanup", Time since last: 1000570300 ns, Reaching safepoint: 412200 ns, At safepoint: 394900 ns, Total: 807100 ns
[2020-05-02T05:08:54.299+0000][1][safepoint    ] Safepoint "Cleanup", Time since last: 1000563900 ns, Reaching safepoint: 517700 ns, At safepoint: 125600 ns, Total: 643300 ns
[2020-05-02T05:08:55.301+0000][1][safepoint    ] Safepoint "Cleanup", Time since last: 1000932200 ns, Reaching safepoint: 614600 ns, At safepoint: 497800 ns, Total: 1112400 ns
[2020-05-02T05:08:56.302+0000][1][safepoint    ] Safepoint "Cleanup", Time since last: 1000454700 ns, Reaching safepoint: 210700 ns, At safepoint: 184100 ns, Total: 394800 ns
[2020-05-02T05:08:57.303+0000][1][safepoint    ] Safepoint "Cleanup", Time since last: 1000544800 ns, Reaching safepoint: 437000 ns, At safepoint: 353700 ns, Total: 790700 ns
[2020-05-02T05:08:58.304+0000][1][safepoint    ] Safepoint "Cleanup", Time since last: 1000735800 ns, Reaching safepoint: 304700 ns, At safepoint: 256700 ns, Total: 561400 ns
[2020-05-02T05:08:59.305+0000][1][safepoint    ] Safepoint "Cleanup", Time since last: 1000399400 ns, Reaching safepoint: 213700 ns, At safepoint: 142900 ns, Total: 356600 ns
[2020-05-02T05:09:00.306+0000][1][safepoint    ] Safepoint "Cleanup", Time since last: 1000325000 ns, Reaching safepoint: 418900 ns, At safepoint: 101100 ns, Total: 520000 ns
[2020-05-02T05:09:01.307+0000][1][safepoint    ] Safepoint "Cleanup", Time since last: 1000362800 ns, Reaching safepoint: 307800 ns, At safepoint: 279500 ns, Total: 587300 ns
[2020-05-02T05:09:02.153+0000][1][gc,start     ] GC(27) Pause Young (Allocation Failure)
[2020-05-02T05:09:02.153+0000][1][gc,task      ] GC(27) Using 10 workers of 10 for evacuation
[2020-05-02T05:09:02.156+0000][1][gc,age       ] GC(27) Desired survivor size 8945664 bytes, new threshold 6 (max threshold 6)
[2020-05-02T05:09:02.157+0000][1][gc,age       ] GC(27) Age table with threshold 6 (max threshold 6)
[2020-05-02T05:09:02.157+0000][1][gc,age       ] GC(27) - age   1:     108064 bytes,     108064 total
[2020-05-02T05:09:02.157+0000][1][gc,age       ] GC(27) - age   2:      72080 bytes,     180144 total
[2020-05-02T05:09:02.157+0000][1][gc,age       ] GC(27) - age   3:      49936 bytes,     230080 total
[2020-05-02T05:09:02.157+0000][1][gc,age       ] GC(27) - age   4:      96872 bytes,     326952 total
[2020-05-02T05:09:02.157+0000][1][gc,age       ] GC(27) - age   5:     139080 bytes,     466032 total
[2020-05-02T05:09:02.157+0000][1][gc,age       ] GC(27) - age   6:     425056 bytes,     891088 total
[2020-05-02T05:09:02.157+0000][1][gc,heap      ] GC(27) ParNew: 141782K->1719K(157248K)
[2020-05-02T05:09:02.157+0000][1][gc,heap      ] GC(27) CMS: 80308K->80862K(349568K)
[2020-05-02T05:09:02.157+0000][1][gc,metaspace ] GC(27) Metaspace: 95783K->95783K(1136640K)
[2020-05-02T05:09:02.157+0000][1][gc           ] GC(27) Pause Young (Allocation Failure) 216M->80M(494M) 3.972ms
[2020-05-02T05:09:02.157+0000][1][gc,cpu       ] GC(27) User=0.00s Sys=0.01s Real=0.01s
[2020-05-02T05:09:02.157+0000][1][safepoint    ] Safepoint "GenCollectForAllocation", Time since last: 845517900 ns, Reaching safepoint: 135800 ns, At safepoint: 4066900 ns, Total: 4202700 ns
[2020-05-02T05:09:03.158+0000][1][safepoint    ] Safepoint "Cleanup", Time since last: 1000431800 ns, Reaching safepoint: 596100 ns, At safepoint: 141700 ns, Total: 737800 ns
[2020-05-02T05:09:04.158+0000][1][safepoint    ] Safepoint "Cleanup", Time since last: 1000269400 ns, Reaching safepoint: 185600 ns, At safepoint: 37700 ns, Total: 223300 ns
[2020-05-02T05:09:05.159+0000][1][safepoint    ] Safepoint "Cleanup", Time since last: 1000196400 ns, Reaching safepoint: 121700 ns, At safepoint: 36800 ns, Total: 158500 ns
[2020-05-02T05:09:06.159+0000][1][safepoint    ] Safepoint "Cleanup", Time since last: 1000188000 ns, Reaching safepoint: 209600 ns, At safepoint: 35800 ns, Total: 245400 ns
[2020-05-02T05:09:07.160+0000][1][safepoint    ] Safepoint "Cleanup", Time since last: 1000143000 ns, Reaching safepoint: 148800 ns, At safepoint: 38100 ns, Total: 186900 ns
[2020-05-02T05:09:08.160+0000][1][safepoint    ] Safepoint "Cleanup", Time since last: 1000164800 ns, Reaching safepoint: 121200 ns, At safepoint: 35800 ns, Total: 157000 ns
[2020-05-02T05:09:09.160+0000][1][safepoint    ] Safepoint "Cleanup", Time since last: 1000146500 ns, Reaching safepoint: 138400 ns, At safepoint: 34900 ns, Total: 173300 ns
[2020-05-02T05:09:10.161+0000][1][safepoint    ] Safepoint "Cleanup", Time since last: 1000189800 ns, Reaching safepoint: 129200 ns, At safepoint: 51400 ns, Total: 180600 ns
[2020-05-02T05:09:12.005+0000][1][safepoint    ] Safepoint "Cleanup", Time since last: 1844116800 ns, Reaching safepoint: 142500 ns, At safepoint: 49600 ns, Total: 192100 ns
[2020-05-02T05:09:13.005+0000][1][safepoint    ] Safepoint "Cleanup", Time since last: 1000186200 ns, Reaching safepoint: 126800 ns, At safepoint: 48000 ns, Total: 174800 ns
[2020-05-02T05:09:14.006+0000][1][safepoint    ] Safepoint "Cleanup", Time since last: 1000488500 ns, Reaching safepoint: 491400 ns, At safepoint: 200700 ns, Total: 692100 ns
[2020-05-02T05:09:15.008+0000][1][safepoint    ] Safepoint "Cleanup", Time since last: 1000637600 ns, Reaching safepoint: 493800 ns, At safepoint: 195500 ns, Total: 689300 ns
[2020-05-02T05:09:16.008+0000][1][safepoint    ] Safepoint "Cleanup", Time since last: 1000461800 ns, Reaching safepoint: 148200 ns, At safepoint: 54700 ns, Total: 202900 ns
[2020-05-02T05:09:17.010+0000][1][safepoint    ] Safepoint "Cleanup", Time since last: 1000698900 ns, Reaching safepoint: 582200 ns, At safepoint: 222200 ns, Total: 804400 ns
[2020-05-02T05:09:18.011+0000][1][safepoint    ] Safepoint "Cleanup", Time since last: 1000820700 ns, Reaching safepoint: 127300 ns, At safepoint: 55100 ns, Total: 182400 ns
[2020-05-02T05:09:19.012+0000][1][safepoint    ] Safepoint "Cleanup", Time since last: 1000722800 ns, Reaching safepoint: 128000 ns, At safepoint: 56100 ns, Total: 184100 ns
[2020-05-02T05:09:20.013+0000][1][safepoint    ] Safepoint "Cleanup", Time since last: 1000765000 ns, Reaching safepoint: 430000 ns, At safepoint: 210300 ns, Total: 640300 ns
[2020-05-02T05:09:21.014+0000][1][safepoint    ] Safepoint "Cleanup", Time since last: 1000441500 ns, Reaching safepoint: 214500 ns, At safepoint: 93000 ns, Total: 307500 ns
[2020-05-02T05:09:22.015+0000][1][safepoint    ] Safepoint "Cleanup", Time since last: 1000528700 ns, Reaching safepoint: 490600 ns, At safepoint: 176300 ns, Total: 666900 ns
[2020-05-02T05:09:23.016+0000][1][safepoint    ] Safepoint "Cleanup", Time since last: 1000508900 ns, Reaching safepoint: 149600 ns, At safepoint: 59200 ns, Total: 208800 ns
[2020-05-02T05:09:24.016+0000][1][safepoint    ] Safepoint "Cleanup", Time since last: 1000363800 ns, Reaching safepoint: 137900 ns, At safepoint: 55200 ns, Total: 193100 ns
[2020-05-02T05:09:25.018+0000][1][safepoint    ] Safepoint "Cleanup", Time since last: 1000521300 ns, Reaching safepoint: 415500 ns, At safepoint: 188300 ns, Total: 603800 ns
[2020-05-02T05:09:26.018+0000][1][safepoint    ] Safepoint "Cleanup", Time since last: 1000390800 ns, Reaching safepoint: 144700 ns, At safepoint: 54500 ns, Total: 199200 ns
[2020-05-02T05:09:27.019+0000][1][safepoint    ] Safepoint "Cleanup", Time since last: 1000370200 ns, Reaching safepoint: 374900 ns, At safepoint: 157800 ns, Total: 532700 ns
[2020-05-02T05:09:28.021+0000][1][safepoint    ] Safepoint "Cleanup", Time since last: 1000873400 ns, Reaching safepoint: 403800 ns, At safepoint: 206000 ns, Total: 609800 ns
[2020-05-02T05:09:29.021+0000][1][safepoint    ] Safepoint "Cleanup", Time since last: 1000672000 ns, Reaching safepoint: 188400 ns, At safepoint: 82500 ns, Total: 270900 ns
[2020-05-02T05:09:30.022+0000][1][safepoint    ] Safepoint "Cleanup", Time since last: 1000226500 ns, Reaching safepoint: 120900 ns, At safepoint: 50200 ns, Total: 171100 ns
[2020-05-02T05:09:31.023+0000][1][safepoint    ] Safepoint "Cleanup", Time since last: 1000665600 ns, Reaching safepoint: 123900 ns, At safepoint: 72900 ns, Total: 196800 ns
[2020-05-02T05:09:32.023+0000][1][safepoint    ] Safepoint "Cleanup", Time since last: 1000362400 ns, Reaching safepoint: 209500 ns, At safepoint: 91600 ns, Total: 301100 ns
[2020-05-02T05:09:33.024+0000][1][safepoint    ] Safepoint "Cleanup", Time since last: 1000393000 ns, Reaching safepoint: 226800 ns, At safepoint: 108000 ns, Total: 334800 ns
[2020-05-02T05:09:34.025+0000][1][safepoint    ] Safepoint "Cleanup", Time since last: 1000609300 ns, Reaching safepoint: 277800 ns, At safepoint: 130500 ns, Total: 408300 ns
[2020-05-02T05:09:35.026+0000][1][safepoint    ] Safepoint "Cleanup", Time since last: 1000684000 ns, Reaching safepoint: 158500 ns, At safepoint: 71100 ns, Total: 229600 ns
[2020-05-02T05:09:36.027+0000][1][safepoint    ] Safepoint "Cleanup", Time since last: 1000580700 ns, Reaching safepoint: 131200 ns, At safepoint: 75600 ns, Total: 206800 ns
[2020-05-02T05:09:37.028+0000][1][safepoint    ] Safepoint "Cleanup", Time since last: 1000470900 ns, Reaching safepoint: 628400 ns, At safepoint: 149100 ns, Total: 777500 ns
[2020-05-02T05:09:38.029+0000][1][safepoint    ] Safepoint "Cleanup", Time since last: 1000730800 ns, Reaching safepoint: 200400 ns, At safepoint: 94100 ns, Total: 294500 ns
[2020-05-02T05:09:39.030+0000][1][safepoint    ] Safepoint "Cleanup", Time since last: 1000444200 ns, Reaching safepoint: 131500 ns, At safepoint: 56000 ns, Total: 187500 ns
[2020-05-02T05:09:40.031+0000][1][safepoint    ] Safepoint "Cleanup", Time since last: 1000498700 ns, Reaching safepoint: 490700 ns, At safepoint: 200100 ns, Total: 690800 ns
[2020-05-02T05:09:41.032+0000][1][safepoint    ] Safepoint "Cleanup", Time since last: 1000425400 ns, Reaching safepoint: 120300 ns, At safepoint: 47900 ns, Total: 168200 ns
[2020-05-02T05:09:42.032+0000][1][safepoint    ] Safepoint "Cleanup", Time since last: 1000193700 ns, Reaching safepoint: 208700 ns, At safepoint: 91400 ns, Total: 300100 ns
[2020-05-02T05:09:43.033+0000][1][safepoint    ] Safepoint "Cleanup", Time since last: 1000346800 ns, Reaching safepoint: 195500 ns, At safepoint: 80400 ns, Total: 275900 ns
[2020-05-02T05:09:44.033+0000][1][safepoint    ] Safepoint "Cleanup", Time since last: 1000272200 ns, Reaching safepoint: 128000 ns, At safepoint: 72300 ns, Total: 200300 ns
[2020-05-02T05:09:45.034+0000][1][safepoint    ] Safepoint "Cleanup", Time since last: 1000338500 ns, Reaching safepoint: 237700 ns, At safepoint: 109500 ns, Total: 347200 ns
[2020-05-02T05:09:46.034+0000][1][safepoint    ] Safepoint "Cleanup", Time since last: 1000278800 ns, Reaching safepoint: 177800 ns, At safepoint: 91900 ns, Total: 269700 ns
[2020-05-02T05:09:47.036+0000][1][safepoint    ] Safepoint "Cleanup", Time since last: 1000532000 ns, Reaching safepoint: 489800 ns, At safepoint: 198600 ns, Total: 688400 ns
[2020-05-02T05:09:48.036+0000][1][safepoint    ] Safepoint "Cleanup", Time since last: 1000434500 ns, Reaching safepoint: 180600 ns, At safepoint: 53900 ns, Total: 234500 ns
[2020-05-02T05:09:49.037+0000][1][safepoint    ] Safepoint "Cleanup", Time since last: 1000317900 ns, Reaching safepoint: 201800 ns, At safepoint: 79900 ns, Total: 281700 ns
[2020-05-02T05:09:50.038+0000][1][safepoint    ] Safepoint "Cleanup", Time since last: 1000518800 ns, Reaching safepoint: 433700 ns, At safepoint: 216900 ns, Total: 650600 ns
[2020-05-02T05:09:51.039+0000][1][safepoint    ] Safepoint "Cleanup", Time since last: 1000696000 ns, Reaching safepoint: 128700 ns, At safepoint: 59400 ns, Total: 188100 ns
[2020-05-02T05:09:52.040+0000][1][safepoint    ] Safepoint "Cleanup", Time since last: 1000364900 ns, Reaching safepoint: 315400 ns, At safepoint: 123100 ns, Total: 438500 ns
[2020-05-02T05:09:53.041+0000][1][safepoint    ] Safepoint "Cleanup", Time since last: 1000834400 ns, Reaching safepoint: 127000 ns, At safepoint: 55100 ns, Total: 182100 ns
[2020-05-02T05:09:54.042+0000][1][safepoint    ] Safepoint "Cleanup", Time since last: 1000639500 ns, Reaching safepoint: 147400 ns, At safepoint: 63100 ns, Total: 210500 ns
[2020-05-02T05:09:55.043+0000][1][safepoint    ] Safepoint "Cleanup", Time since last: 1000691900 ns, Reaching safepoint: 430600 ns, At safepoint: 201700 ns, Total: 632300 ns
[2020-05-02T05:09:56.044+0000][1][safepoint    ] Safepoint "Cleanup", Time since last: 1000633000 ns, Reaching safepoint: 400600 ns, At safepoint: 199900 ns, Total: 600500 ns
[2020-05-02T05:09:57.144+0000][1][safepoint    ] Safepoint "Cleanup", Time since last: 1099736900 ns, Reaching safepoint: 139100 ns, At safepoint: 50400 ns, Total: 189500 ns
[2020-05-02T05:09:58.146+0000][1][safepoint    ] Safepoint "Cleanup", Time since last: 1000475800 ns, Reaching safepoint: 1115500 ns, At safepoint: 384400 ns, Total: 1499900 ns
[2020-05-02T05:09:59.147+0000][1][safepoint    ] Safepoint "Cleanup", Time since last: 1000515300 ns, Reaching safepoint: 130000 ns, At safepoint: 37900 ns, Total: 167900 ns
[2020-05-02T05:10:00.147+0000][1][safepoint    ] Safepoint "Cleanup", Time since last: 1000222200 ns, Reaching safepoint: 132000 ns, At safepoint: 42000 ns, Total: 174000 ns
[2020-05-02T05:10:01.147+0000][1][safepoint    ] Safepoint "Cleanup", Time since last: 1000197500 ns, Reaching safepoint: 124700 ns, At safepoint: 39000 ns, Total: 163700 ns
[2020-05-02T05:10:02.148+0000][1][safepoint    ] Safepoint "Cleanup", Time since last: 1000342000 ns, Reaching safepoint: 391300 ns, At safepoint: 149700 ns, Total: 541000 ns
[2020-05-02T05:10:03.150+0000][1][safepoint    ] Safepoint "Cleanup", Time since last: 1000861600 ns, Reaching safepoint: 411600 ns, At safepoint: 212000 ns, Total: 623600 ns
[2020-05-02T05:10:04.151+0000][1][safepoint    ] Safepoint "Cleanup", Time since last: 1000895800 ns, Reaching safepoint: 540900 ns, At safepoint: 204200 ns, Total: 745100 ns
[2020-05-02T05:10:05.152+0000][1][safepoint    ] Safepoint "Cleanup", Time since last: 1000569500 ns, Reaching safepoint: 203900 ns, At safepoint: 98200 ns, Total: 302100 ns
[2020-05-02T05:10:06.153+0000][1][safepoint    ] Safepoint "Cleanup", Time since last: 1000594900 ns, Reaching safepoint: 128800 ns, At safepoint: 53100 ns, Total: 181900 ns
[2020-05-02T05:10:07.154+0000][1][safepoint    ] Safepoint "Cleanup", Time since last: 1000438100 ns, Reaching safepoint: 481300 ns, At safepoint: 204800 ns, Total: 686100 ns
[2020-05-02T05:10:08.156+0000][1][safepoint    ] Safepoint "Cleanup", Time since last: 1000948200 ns, Reaching safepoint: 474400 ns, At safepoint: 199300 ns, Total: 673700 ns
[2020-05-02T05:10:09.156+0000][1][safepoint    ] Safepoint "Cleanup", Time since last: 1000376700 ns, Reaching safepoint: 150500 ns, At safepoint: 56300 ns, Total: 206800 ns
[2020-05-02T05:10:10.157+0000][1][safepoint    ] Safepoint "Cleanup", Time since last: 1000293000 ns, Reaching safepoint: 261600 ns, At safepoint: 105400 ns, Total: 367000 ns
[2020-05-02T05:10:11.159+0000][1][safepoint    ] Safepoint "Cleanup", Time since last: 1000997800 ns, Reaching safepoint: 427500 ns, At safepoint: 211400 ns, Total: 638900 ns
[2020-05-02T05:10:12.160+0000][1][safepoint    ] Safepoint "Cleanup", Time since last: 1000712300 ns, Reaching safepoint: 498600 ns, At safepoint: 207800 ns, Total: 706400 ns
[2020-05-02T05:10:13.162+0000][1][safepoint    ] Safepoint "Cleanup", Time since last: 1000966000 ns, Reaching safepoint: 419200 ns, At safepoint: 210300 ns, Total: 629500 ns
[2020-05-02T05:10:14.164+0000][1][safepoint    ] Safepoint "Cleanup", Time since last: 1001106900 ns, Reaching safepoint: 413200 ns, At safepoint: 256700 ns, Total: 669900 ns
[2020-05-02T05:10:15.164+0000][1][safepoint    ] Safepoint "Cleanup", Time since last: 1000679200 ns, Reaching safepoint: 187900 ns, At safepoint: 66200 ns, Total: 254100 ns
[2020-05-02T05:10:16.165+0000][1][safepoint    ] Safepoint "Cleanup", Time since last: 1000302700 ns, Reaching safepoint: 318700 ns, At safepoint: 143600 ns, Total: 462300 ns
[2020-05-02T05:10:17.166+0000][1][safepoint    ] Safepoint "Cleanup", Time since last: 1000427000 ns, Reaching safepoint: 221800 ns, At safepoint: 111800 ns, Total: 333600 ns
[2020-05-02T05:10:18.168+0000][1][safepoint    ] Safepoint "Cleanup", Time since last: 1000949400 ns, Reaching safepoint: 628300 ns, At safepoint: 220400 ns, Total: 848700 ns
[2020-05-02T05:10:19.169+0000][1][safepoint    ] Safepoint "Cleanup", Time since last: 1000815000 ns, Reaching safepoint: 482700 ns, At safepoint: 227900 ns, Total: 710600 ns
[2020-05-02T05:10:20.171+0000][1][safepoint    ] Safepoint "Cleanup", Time since last: 1000911500 ns, Reaching safepoint: 312900 ns, At safepoint: 154700 ns, Total: 467600 ns
[2020-05-02T05:10:21.172+0000][1][safepoint    ] Safepoint "Cleanup", Time since last: 1000441100 ns, Reaching safepoint: 359800 ns, At safepoint: 99400 ns, Total: 459200 ns
[2020-05-02T05:10:22.173+0000][1][safepoint    ] Safepoint "Cleanup", Time since last: 1000644100 ns, Reaching safepoint: 414000 ns, At safepoint: 278700 ns, Total: 692700 ns
[2020-05-02T05:10:23.174+0000][1][safepoint    ] Safepoint "Cleanup", Time since last: 1000531100 ns, Reaching safepoint: 128700 ns, At safepoint: 51000 ns, Total: 179700 ns
[2020-05-02T05:10:24.175+0000][1][safepoint    ] Safepoint "Cleanup", Time since last: 1000792600 ns, Reaching safepoint: 416900 ns, At safepoint: 207700 ns, Total: 624600 ns
[2020-05-02T05:10:25.177+0000][1][safepoint    ] Safepoint "Cleanup", Time since last: 1000917700 ns, Reaching safepoint: 404700 ns, At safepoint: 207800 ns, Total: 612500 ns
[2020-05-02T05:10:26.177+0000][1][safepoint    ] Safepoint "Cleanup", Time since last: 1000508900 ns, Reaching safepoint: 163600 ns, At safepoint: 52800 ns, Total: 216400 ns
[2020-05-02T05:10:27.179+0000][1][safepoint    ] Safepoint "Cleanup", Time since last: 1000890700 ns, Reaching safepoint: 452200 ns, At safepoint: 210200 ns, Total: 662400 ns
[2020-05-02T05:10:28.180+0000][1][safepoint    ] Safepoint "Cleanup", Time since last: 1000566700 ns, Reaching safepoint: 572100 ns, At safepoint: 184100 ns, Total: 756200 ns
[2020-05-02T05:10:29.182+0000][1][safepoint    ] Safepoint "Cleanup", Time since last: 1001055300 ns, Reaching safepoint: 486400 ns, At safepoint: 204200 ns, Total: 690600 ns
[2020-05-02T05:10:30.183+0000][1][safepoint    ] Safepoint "Cleanup", Time since last: 1000461900 ns, Reaching safepoint: 149000 ns, At safepoint: 79400 ns, Total: 228400 ns
[2020-05-02T05:10:31.184+0000][1][safepoint    ] Safepoint "Cleanup", Time since last: 1000463900 ns, Reaching safepoint: 428900 ns, At safepoint: 255200 ns, Total: 684100 ns
[2020-05-02T05:10:32.185+0000][1][safepoint    ] Safepoint "Cleanup", Time since last: 1000588000 ns, Reaching safepoint: 519000 ns, At safepoint: 208400 ns, Total: 727400 ns
[2020-05-02T05:10:33.187+0000][1][safepoint    ] Safepoint "Cleanup", Time since last: 1000915400 ns, Reaching safepoint: 411300 ns, At safepoint: 278300 ns, Total: 689600 ns
[2020-05-02T05:10:34.188+0000][1][safepoint    ] Safepoint "Cleanup", Time since last: 1000891400 ns, Reaching safepoint: 413700 ns, At safepoint: 211100 ns, Total: 624800 ns
[2020-05-02T05:10:35.189+0000][1][safepoint    ] Safepoint "Cleanup", Time since last: 1000548400 ns, Reaching safepoint: 231400 ns, At safepoint: 86700 ns, Total: 318100 ns
[2020-05-02T05:10:36.190+0000][1][safepoint    ] Safepoint "Cleanup", Time since last: 1000257200 ns, Reaching safepoint: 165700 ns, At safepoint: 36300 ns, Total: 202000 ns
[2020-05-02T05:10:37.190+0000][1][safepoint    ] Safepoint "Cleanup", Time since last: 1000269300 ns, Reaching safepoint: 134600 ns, At safepoint: 56200 ns, Total: 190800 ns
[2020-05-02T05:10:38.191+0000][1][safepoint    ] Safepoint "Cleanup", Time since last: 1000899100 ns, Reaching safepoint: 404800 ns, At safepoint: 207400 ns, Total: 612200 ns
[2020-05-02T05:10:39.193+0000][1][safepoint    ] Safepoint "Cleanup", Time since last: 1000883200 ns, Reaching safepoint: 309200 ns, At safepoint: 144000 ns, Total: 453200 ns
[2020-05-02T05:10:40.194+0000][1][safepoint    ] Safepoint "Cleanup", Time since last: 1000783900 ns, Reaching safepoint: 212900 ns, At safepoint: 104800 ns, Total: 317700 ns
[2020-05-02T05:10:41.195+0000][1][safepoint    ] Safepoint "Cleanup", Time since last: 1000491700 ns, Reaching safepoint: 447300 ns, At safepoint: 47000 ns, Total: 494300 ns
[2020-05-02T05:10:42.195+0000][1][safepoint    ] Safepoint "Cleanup", Time since last: 1000218000 ns, Reaching safepoint: 129800 ns, At safepoint: 53300 ns, Total: 183100 ns
[2020-05-02T05:10:43.196+0000][1][safepoint    ] Safepoint "Cleanup", Time since last: 1000306200 ns, Reaching safepoint: 126800 ns, At safepoint: 52400 ns, Total: 179200 ns
[2020-05-02T05:10:44.196+0000][1][safepoint    ] Safepoint "Cleanup", Time since last: 1000211200 ns, Reaching safepoint: 319900 ns, At safepoint: 111000 ns, Total: 430900 ns
[2020-05-02T05:10:45.197+0000][1][safepoint    ] Safepoint "Cleanup", Time since last: 1000744400 ns, Reaching safepoint: 131300 ns, At safepoint: 57900 ns, Total: 189200 ns
[2020-05-02T05:10:46.199+0000][1][safepoint    ] Safepoint "Cleanup", Time since last: 1000733400 ns, Reaching safepoint: 403100 ns, At safepoint: 216800 ns, Total: 619900 ns
[2020-05-02T05:10:47.199+0000][1][safepoint    ] Safepoint "Cleanup", Time since last: 1000352300 ns, Reaching safepoint: 137800 ns, At safepoint: 40600 ns, Total: 178400 ns
[2020-05-02T05:10:48.201+0000][1][safepoint    ] Safepoint "Cleanup", Time since last: 1000881600 ns, Reaching safepoint: 408400 ns, At safepoint: 322300 ns, Total: 730700 ns
[2020-05-02T05:10:49.202+0000][1][safepoint    ] Safepoint "Cleanup", Time since last: 1000995800 ns, Reaching safepoint: 329500 ns, At safepoint: 171800 ns, Total: 501300 ns
[2020-05-02T05:10:50.204+0000][1][safepoint    ] Safepoint "Cleanup", Time since last: 1000686700 ns, Reaching safepoint: 406000 ns, At safepoint: 299700 ns, Total: 705700 ns
[2020-05-02T05:10:51.204+0000][1][safepoint    ] Safepoint "Cleanup", Time since last: 1000448600 ns, Reaching safepoint: 138700 ns, At safepoint: 38700 ns, Total: 177400 ns
[2020-05-02T05:10:52.205+0000][1][safepoint    ] Safepoint "Cleanup", Time since last: 1000276000 ns, Reaching safepoint: 190600 ns, At safepoint: 82500 ns, Total: 273100 ns
[2020-05-02T05:10:53.206+0000][1][safepoint    ] Safepoint "Cleanup", Time since last: 1000426000 ns, Reaching safepoint: 228300 ns, At safepoint: 191200 ns, Total: 419500 ns
[2020-05-02T05:10:54.207+0000][1][safepoint    ] Safepoint "Cleanup", Time since last: 1000459800 ns, Reaching safepoint: 442400 ns, At safepoint: 252200 ns, Total: 694600 ns
[2020-05-02T05:10:55.208+0000][1][safepoint    ] Safepoint "Cleanup", Time since last: 1000869300 ns, Reaching safepoint: 317200 ns, At safepoint: 155600 ns, Total: 472800 ns
[2020-05-02T05:10:56.209+0000][1][safepoint    ] Safepoint "Cleanup", Time since last: 1000384300 ns, Reaching safepoint: 158800 ns, At safepoint: 61000 ns, Total: 219800 ns
[2020-05-02T05:10:57.212+0000][1][safepoint    ] Safepoint "Cleanup", Time since last: 1003027400 ns, Reaching safepoint: 335100 ns, At safepoint: 130400 ns, Total: 465500 ns
[2020-05-02T05:10:58.213+0000][1][safepoint    ] Safepoint "Cleanup", Time since last: 1000376100 ns, Reaching safepoint: 209200 ns, At safepoint: 94600 ns, Total: 303800 ns
[2020-05-02T05:10:59.214+0000][1][safepoint    ] Safepoint "Cleanup", Time since last: 1000444600 ns, Reaching safepoint: 258800 ns, At safepoint: 78700 ns, Total: 337500 ns
[2020-05-02T05:11:00.214+0000][1][safepoint    ] Safepoint "Cleanup", Time since last: 1000212700 ns, Reaching safepoint: 148700 ns, At safepoint: 86800 ns, Total: 235500 ns
[2020-05-02T05:11:01.215+0000][1][safepoint    ] Safepoint "Cleanup", Time since last: 1000220600 ns, Reaching safepoint: 243500 ns, At safepoint: 87700 ns, Total: 331200 ns
[2020-05-02T05:11:02.216+0000][1][safepoint    ] Safepoint "Cleanup", Time since last: 1000355000 ns, Reaching safepoint: 369400 ns, At safepoint: 182000 ns, Total: 551400 ns
[2020-05-02T05:11:03.217+0000][1][safepoint    ] Safepoint "Cleanup", Time since last: 1000733000 ns, Reaching safepoint: 429500 ns, At safepoint: 210500 ns, Total: 640000 ns
[2020-05-02T05:11:04.219+0000][1][safepoint    ] Safepoint "Cleanup", Time since last: 1000726800 ns, Reaching safepoint: 466200 ns, At safepoint: 230600 ns, Total: 696800 ns
[2020-05-02T05:11:05.220+0000][1][safepoint    ] Safepoint "Cleanup", Time since last: 1000950000 ns, Reaching safepoint: 419000 ns, At safepoint: 211300 ns, Total: 630300 ns
[2020-05-02T05:11:06.221+0000][1][safepoint    ] Safepoint "Cleanup", Time since last: 1000246300 ns, Reaching safepoint: 130400 ns, At safepoint: 54800 ns, Total: 185200 ns
[2020-05-02T05:11:07.221+0000][1][safepoint    ] Safepoint "Cleanup", Time since last: 1000219100 ns, Reaching safepoint: 127600 ns, At safepoint: 52600 ns, Total: 180200 ns
[2020-05-02T05:11:08.221+0000][1][safepoint    ] Safepoint "Cleanup", Time since last: 1000189300 ns, Reaching safepoint: 170000 ns, At safepoint: 59900 ns, Total: 229900 ns
[2020-05-02T05:11:09.222+0000][1][safepoint    ] Safepoint "Cleanup", Time since last: 1000174900 ns, Reaching safepoint: 514600 ns, At safepoint: 74400 ns, Total: 589000 ns
[2020-05-02T05:11:10.223+0000][1][safepoint    ] Safepoint "Cleanup", Time since last: 1000244500 ns, Reaching safepoint: 305600 ns, At safepoint: 96000 ns, Total: 401600 ns
[2020-05-02T05:11:11.223+0000][1][safepoint    ] Safepoint "Cleanup", Time since last: 1000243800 ns, Reaching safepoint: 136700 ns, At safepoint: 58100 ns, Total: 194800 ns
[2020-05-02T05:11:12.224+0000][1][safepoint    ] Safepoint "Cleanup", Time since last: 1000234800 ns, Reaching safepoint: 244600 ns, At safepoint: 73000 ns, Total: 317600 ns
[2020-05-02T05:11:13.224+0000][1][safepoint    ] Safepoint "Cleanup", Time since last: 1000156800 ns, Reaching safepoint: 157300 ns, At safepoint: 52800 ns, Total: 210100 ns
[2020-05-02T05:11:14.225+0000][1][safepoint    ] Safepoint "Cleanup", Time since last: 1000249500 ns, Reaching safepoint: 210200 ns, At safepoint: 66500 ns, Total: 276700 ns
[2020-05-02T05:11:15.225+0000][1][safepoint    ] Safepoint "Cleanup", Time since last: 1000230800 ns, Reaching safepoint: 354700 ns, At safepoint: 103200 ns, Total: 457900 ns
[2020-05-02T05:11:16.226+0000][1][safepoint    ] Safepoint "Cleanup", Time since last: 1000155300 ns, Reaching safepoint: 237800 ns, At safepoint: 61000 ns, Total: 298800 ns
[2020-05-02T05:11:17.226+0000][1][safepoint    ] Safepoint "Cleanup", Time since last: 1000138800 ns, Reaching safepoint: 126100 ns, At safepoint: 37200 ns, Total: 163300 ns
[2020-05-02T05:11:18.226+0000][1][safepoint    ] Safepoint "Cleanup", Time since last: 1000128900 ns, Reaching safepoint: 142900 ns, At safepoint: 52200 ns, Total: 195100 ns
[2020-05-02T05:11:19.227+0000][1][safepoint    ] Safepoint "Cleanup", Time since last: 1000146200 ns, Reaching safepoint: 136400 ns, At safepoint: 36800 ns, Total: 173200 ns
[2020-05-02T05:11:20.227+0000][1][safepoint    ] Safepoint "Cleanup", Time since last: 1000165000 ns, Reaching safepoint: 137100 ns, At safepoint: 54500 ns, Total: 191600 ns
[2020-05-02T05:11:21.227+0000][1][safepoint    ] Safepoint "Cleanup", Time since last: 1000142600 ns, Reaching safepoint: 149000 ns, At safepoint: 40400 ns, Total: 189400 ns
[2020-05-02T05:11:22.228+0000][1][safepoint    ] Safepoint "Cleanup", Time since last: 1000150600 ns, Reaching safepoint: 128900 ns, At safepoint: 38300 ns, Total: 167200 ns
[2020-05-02T05:11:23.228+0000][1][safepoint    ] Safepoint "Cleanup", Time since last: 1000185100 ns, Reaching safepoint: 135800 ns, At safepoint: 39500 ns, Total: 175300 ns
[2020-05-02T05:11:24.229+0000][1][safepoint    ] Safepoint "Cleanup", Time since last: 1000216900 ns, Reaching safepoint: 128200 ns, At safepoint: 60200 ns, Total: 188400 ns
[2020-05-02T05:11:25.229+0000][1][safepoint    ] Safepoint "Cleanup", Time since last: 1000192600 ns, Reaching safepoint: 128500 ns, At safepoint: 49800 ns, Total: 178300 ns
[2020-05-02T05:11:26.230+0000][1][safepoint    ] Safepoint "Cleanup", Time since last: 1000499700 ns, Reaching safepoint: 394800 ns, At safepoint: 191700 ns, Total: 586500 ns
[2020-05-02T05:11:27.231+0000][1][safepoint    ] Safepoint "Cleanup", Time since last: 1000815200 ns, Reaching safepoint: 171500 ns, At safepoint: 60700 ns, Total: 232200 ns
[2020-05-02T05:11:28.232+0000][1][safepoint    ] Safepoint "Cleanup", Time since last: 1000782200 ns, Reaching safepoint: 414700 ns, At safepoint: 209700 ns, Total: 624400 ns
[2020-05-02T05:11:29.234+0000][1][safepoint    ] Safepoint "Cleanup", Time since last: 1001563900 ns, Reaching safepoint: 184100 ns, At safepoint: 72000 ns, Total: 256100 ns
[2020-05-02T05:11:30.236+0000][1][safepoint    ] Safepoint "Cleanup", Time since last: 1000956100 ns, Reaching safepoint: 411300 ns, At safepoint: 210500 ns, Total: 621800 ns
[2020-05-02T05:11:31.238+0000][1][safepoint    ] Safepoint "Cleanup", Time since last: 1001088200 ns, Reaching safepoint: 427800 ns, At safepoint: 211400 ns, Total: 639200 ns
[2020-05-02T05:11:32.238+0000][1][safepoint    ] Safepoint "Cleanup", Time since last: 1000669500 ns, Reaching safepoint: 118600 ns, At safepoint: 36600 ns, Total: 155200 ns
[2020-05-02T05:11:33.240+0000][1][safepoint    ] Safepoint "Cleanup", Time since last: 1000748200 ns, Reaching safepoint: 436200 ns, At safepoint: 214100 ns, Total: 650300 ns
[2020-05-02T05:11:34.241+0000][1][safepoint    ] Safepoint "Cleanup", Time since last: 1000461600 ns, Reaching safepoint: 208300 ns, At safepoint: 77400 ns, Total: 285700 ns
[2020-05-02T05:11:35.241+0000][1][safepoint    ] Safepoint "Cleanup", Time since last: 1000609800 ns, Reaching safepoint: 131900 ns, At safepoint: 55400 ns, Total: 187300 ns
[2020-05-02T05:11:36.242+0000][1][safepoint    ] Safepoint "Cleanup", Time since last: 1000345000 ns, Reaching safepoint: 126600 ns, At safepoint: 68600 ns, Total: 195200 ns
[2020-05-02T05:11:37.242+0000][1][safepoint    ] Safepoint "Cleanup", Time since last: 1000256900 ns, Reaching safepoint: 287400 ns, At safepoint: 80800 ns, Total: 368200 ns
[2020-05-02T05:11:38.243+0000][1][safepoint    ] Safepoint "Cleanup", Time since last: 1000644900 ns, Reaching safepoint: 215500 ns, At safepoint: 103000 ns, Total: 318500 ns
[2020-05-02T05:11:39.245+0000][1][safepoint    ] Safepoint "Cleanup", Time since last: 1000742800 ns, Reaching safepoint: 522900 ns, At safepoint: 208600 ns, Total: 731500 ns
[2020-05-02T05:11:40.247+0000][1][safepoint    ] Safepoint "Cleanup", Time since last: 1000939500 ns, Reaching safepoint: 511500 ns, At safepoint: 204900 ns, Total: 716400 ns
[2020-05-02T05:11:41.248+0000][1][safepoint    ] Safepoint "Cleanup", Time since last: 1000752500 ns, Reaching safepoint: 152200 ns, At safepoint: 67400 ns, Total: 219600 ns
[2020-05-02T05:11:42.248+0000][1][safepoint    ] Safepoint "Cleanup", Time since last: 1000328600 ns, Reaching safepoint: 392300 ns, At safepoint: 198800 ns, Total: 591100 ns
[2020-05-02T05:11:43.250+0000][1][safepoint    ] Safepoint "Cleanup", Time since last: 1000571200 ns, Reaching safepoint: 365500 ns, At safepoint: 193900 ns, Total: 559400 ns
[2020-05-02T05:11:44.251+0000][1][safepoint    ] Safepoint "Cleanup", Time since last: 1001023600 ns, Reaching safepoint: 403500 ns, At safepoint: 204800 ns, Total: 608300 ns
[2020-05-02T05:11:45.252+0000][1][safepoint    ] Safepoint "Cleanup", Time since last: 1000794000 ns, Reaching safepoint: 140700 ns, At safepoint: 63700 ns, Total: 204400 ns
[2020-05-02T05:11:46.254+0000][1][safepoint    ] Safepoint "Cleanup", Time since last: 1000664300 ns, Reaching safepoint: 435900 ns, At safepoint: 208800 ns, Total: 644700 ns
[2020-05-02T05:11:47.255+0000][1][safepoint    ] Safepoint "Cleanup", Time since last: 1000944100 ns, Reaching safepoint: 402500 ns, At safepoint: 187700 ns, Total: 590200 ns
[2020-05-02T05:11:48.257+0000][1][safepoint    ] Safepoint "Cleanup", Time since last: 1001016500 ns, Reaching safepoint: 434000 ns, At safepoint: 213000 ns, Total: 647000 ns
[2020-05-02T05:11:49.258+0000][1][safepoint    ] Safepoint "Cleanup", Time since last: 1000782900 ns, Reaching safepoint: 157700 ns, At safepoint: 69700 ns, Total: 227400 ns
[2020-05-02T05:11:50.259+0000][1][safepoint    ] Safepoint "Cleanup", Time since last: 1000812300 ns, Reaching safepoint: 405500 ns, At safepoint: 208300 ns, Total: 613800 ns
[2020-05-02T05:11:51.261+0000][1][safepoint    ] Safepoint "Cleanup", Time since last: 1000704700 ns, Reaching safepoint: 500000 ns, At safepoint: 273500 ns, Total: 773500 ns
[2020-05-02T05:11:52.262+0000][1][safepoint    ] Safepoint "Cleanup", Time since last: 1000636700 ns, Reaching safepoint: 539300 ns, At safepoint: 268700 ns, Total: 808000 ns
[2020-05-02T05:11:53.263+0000][1][safepoint    ] Safepoint "Cleanup", Time since last: 1000814900 ns, Reaching safepoint: 145600 ns, At safepoint: 64100 ns, Total: 209700 ns
[2020-05-02T05:11:54.265+0000][1][safepoint    ] Safepoint "Cleanup", Time since last: 1000555300 ns, Reaching safepoint: 556100 ns, At safepoint: 288900 ns, Total: 845000 ns
[2020-05-02T05:11:55.265+0000][1][safepoint    ] Safepoint "Cleanup", Time since last: 1000478100 ns, Reaching safepoint: 132100 ns, At safepoint: 53300 ns, Total: 185400 ns
[2020-05-02T05:11:56.266+0000][1][safepoint    ] Safepoint "Cleanup", Time since last: 1000235400 ns, Reaching safepoint: 145300 ns, At safepoint: 52200 ns, Total: 197500 ns
[2020-05-02T05:11:56.739+0000][1][gc,start     ] GC(28) Pause Young (Allocation Failure)
[2020-05-02T05:11:56.739+0000][1][gc,task      ] GC(28) Using 10 workers of 10 for evacuation
[2020-05-02T05:11:56.745+0000][1][gc,age       ] GC(28) Desired survivor size 8945664 bytes, new threshold 6 (max threshold 6)
[2020-05-02T05:11:56.745+0000][1][gc,age       ] GC(28) Age table with threshold 6 (max threshold 6)
[2020-05-02T05:11:56.745+0000][1][gc,age       ] GC(28) - age   1:      93288 bytes,      93288 total
[2020-05-02T05:11:56.745+0000][1][gc,age       ] GC(28) - age   2:      24384 bytes,     117672 total
[2020-05-02T05:11:56.745+0000][1][gc,age       ] GC(28) - age   3:      72080 bytes,     189752 total
[2020-05-02T05:11:56.745+0000][1][gc,age       ] GC(28) - age   4:      49584 bytes,     239336 total
[2020-05-02T05:11:56.745+0000][1][gc,age       ] GC(28) - age   5:      96832 bytes,     336168 total
[2020-05-02T05:11:56.745+0000][1][gc,age       ] GC(28) - age   6:     139040 bytes,     475208 total
[2020-05-02T05:11:56.745+0000][1][gc,heap      ] GC(28) ParNew: 141495K->877K(157248K)
[2020-05-02T05:11:56.745+0000][1][gc,heap      ] GC(28) CMS: 80862K->81292K(349568K)
[2020-05-02T05:11:56.745+0000][1][gc,metaspace ] GC(28) Metaspace: 95930K->95930K(1138688K)
[2020-05-02T05:11:56.745+0000][1][gc           ] GC(28) Pause Young (Allocation Failure) 217M->80M(494M) 6.169ms
[2020-05-02T05:11:56.745+0000][1][gc,cpu       ] GC(28) User=0.03s Sys=0.00s Real=0.01s
[2020-05-02T05:11:56.745+0000][1][safepoint    ] Safepoint "GenCollectForAllocation", Time since last: 472770600 ns, Reaching safepoint: 330400 ns, At safepoint: 6348300 ns, Total: 6678700 ns
[2020-05-02T05:11:57.746+0000][1][safepoint    ] Safepoint "Cleanup", Time since last: 1000558200 ns, Reaching safepoint: 205300 ns, At safepoint: 41000 ns, Total: 246300 ns
[2020-05-02T05:11:58.749+0000][1][safepoint    ] Safepoint "Cleanup", Time since last: 1003293500 ns, Reaching safepoint: 209300 ns, At safepoint: 96100 ns, Total: 305400 ns
[2020-05-02T05:11:59.750+0000][1][safepoint    ] Safepoint "Cleanup", Time since last: 1000255500 ns, Reaching safepoint: 129900 ns, At safepoint: 42600 ns, Total: 172500 ns
[2020-05-02T05:12:00.750+0000][1][safepoint    ] Safepoint "Cleanup", Time since last: 1000199400 ns, Reaching safepoint: 156800 ns, At safepoint: 53000 ns, Total: 209800 ns
[2020-05-02T05:12:01.751+0000][1][safepoint    ] Safepoint "Cleanup", Time since last: 1000286700 ns, Reaching safepoint: 163600 ns, At safepoint: 55600 ns, Total: 219200 ns
[2020-05-02T05:12:02.752+0000][1][safepoint    ] Safepoint "Cleanup", Time since last: 1000508900 ns, Reaching safepoint: 482300 ns, At safepoint: 296500 ns, Total: 778800 ns
[2020-05-02T05:12:03.753+0000][1][safepoint    ] Safepoint "Cleanup", Time since last: 1000487800 ns, Reaching safepoint: 298100 ns, At safepoint: 166300 ns, Total: 464400 ns
[2020-05-02T05:12:04.755+0000][1][safepoint    ] Safepoint "Cleanup", Time since last: 1000754100 ns, Reaching safepoint: 410600 ns, At safepoint: 299500 ns, Total: 710100 ns
[2020-05-02T05:12:05.755+0000][1][safepoint    ] Safepoint "Cleanup", Time since last: 1000453000 ns, Reaching safepoint: 152900 ns, At safepoint: 64200 ns, Total: 217100 ns
[2020-05-02T05:12:06.756+0000][1][safepoint    ] Safepoint "Cleanup", Time since last: 1000561700 ns, Reaching safepoint: 142600 ns, At safepoint: 61900 ns, Total: 204500 ns
[2020-05-02T05:12:07.757+0000][1][safepoint    ] Safepoint "Cleanup", Time since last: 1000901200 ns, Reaching safepoint: 404700 ns, At safepoint: 207000 ns, Total: 611700 ns
[2020-05-02T05:12:08.758+0000][1][safepoint    ] Safepoint "Cleanup", Time since last: 1000493100 ns, Reaching safepoint: 181400 ns, At safepoint: 74800 ns, Total: 256200 ns
[2020-05-02T05:12:09.759+0000][1][safepoint    ] Safepoint "Cleanup", Time since last: 1000675200 ns, Reaching safepoint: 315700 ns, At safepoint: 159000 ns, Total: 474700 ns
[2020-05-02T05:12:10.761+0000][1][safepoint    ] Safepoint "Cleanup", Time since last: 1001018000 ns, Reaching safepoint: 431400 ns, At safepoint: 212200 ns, Total: 643600 ns
[2020-05-02T05:12:11.763+0000][1][safepoint    ] Safepoint "Cleanup", Time since last: 1000715500 ns, Reaching safepoint: 688200 ns, At safepoint: 301900 ns, Total: 990100 ns
[2020-05-02T05:12:12.764+0000][1][safepoint    ] Safepoint "Cleanup", Time since last: 1000571900 ns, Reaching safepoint: 438800 ns, At safepoint: 236700 ns, Total: 675500 ns
[2020-05-02T05:12:13.765+0000][1][safepoint    ] Safepoint "Cleanup", Time since last: 1000520400 ns, Reaching safepoint: 248000 ns, At safepoint: 116300 ns, Total: 364300 ns
[2020-05-02T05:12:14.766+0000][1][safepoint    ] Safepoint "Cleanup", Time since last: 1000583600 ns, Reaching safepoint: 213200 ns, At safepoint: 99200 ns, Total: 312400 ns
[2020-05-02T05:12:15.766+0000][1][safepoint    ] Safepoint "Cleanup", Time since last: 1000294900 ns, Reaching safepoint: 128900 ns, At safepoint: 52200 ns, Total: 181100 ns
[2020-05-02T05:12:16.767+0000][1][safepoint    ] Safepoint "Cleanup", Time since last: 1000318000 ns, Reaching safepoint: 267600 ns, At safepoint: 126600 ns, Total: 394200 ns
[2020-05-02T05:12:17.768+0000][1][safepoint    ] Safepoint "Cleanup", Time since last: 1000790200 ns, Reaching safepoint: 152700 ns, At safepoint: 119000 ns, Total: 271700 ns
[2020-05-02T05:12:18.769+0000][1][safepoint    ] Safepoint "Cleanup", Time since last: 1000470200 ns, Reaching safepoint: 423400 ns, At safepoint: 207500 ns, Total: 630900 ns
[2020-05-02T05:12:19.770+0000][1][safepoint    ] Safepoint "Cleanup", Time since last: 1000665300 ns, Reaching safepoint: 145000 ns, At safepoint: 63700 ns, Total: 208700 ns
[2020-05-02T05:12:20.771+0000][1][safepoint    ] Safepoint "Cleanup", Time since last: 1000278000 ns, Reaching safepoint: 282800 ns, At safepoint: 104000 ns, Total: 386800 ns
[2020-05-02T05:12:21.771+0000][1][safepoint    ] Safepoint "Cleanup", Time since last: 1000238100 ns, Reaching safepoint: 133900 ns, At safepoint: 55100 ns, Total: 189000 ns
[2020-05-02T05:12:22.772+0000][1][safepoint    ] Safepoint "Cleanup", Time since last: 1000456100 ns, Reaching safepoint: 496800 ns, At safepoint: 198200 ns, Total: 695000 ns
[2020-05-02T05:12:23.773+0000][1][safepoint    ] Safepoint "Cleanup", Time since last: 1000214100 ns, Reaching safepoint: 142400 ns, At safepoint: 75700 ns, Total: 218100 ns
[2020-05-02T05:12:24.774+0000][1][safepoint    ] Safepoint "Cleanup", Time since last: 1000422600 ns, Reaching safepoint: 426500 ns, At safepoint: 204100 ns, Total: 630600 ns
[2020-05-02T05:12:25.775+0000][1][safepoint    ] Safepoint "Cleanup", Time since last: 1000609900 ns, Reaching safepoint: 430100 ns, At safepoint: 198600 ns, Total: 628700 ns
[2020-05-02T05:12:26.776+0000][1][safepoint    ] Safepoint "Cleanup", Time since last: 1000659200 ns, Reaching safepoint: 509500 ns, At safepoint: 201100 ns, Total: 710600 ns
[2020-05-02T05:12:27.777+0000][1][safepoint    ] Safepoint "Cleanup", Time since last: 1000453600 ns, Reaching safepoint: 152500 ns, At safepoint: 66400 ns, Total: 218900 ns
[2020-05-02T05:12:28.778+0000][1][safepoint    ] Safepoint "Cleanup", Time since last: 1000640200 ns, Reaching safepoint: 143700 ns, At safepoint: 89600 ns, Total: 233300 ns
[2020-05-02T05:12:29.779+0000][1][safepoint    ] Safepoint "Cleanup", Time since last: 1000355800 ns, Reaching safepoint: 416200 ns, At safepoint: 221100 ns, Total: 637300 ns
[2020-05-02T05:12:30.780+0000][1][safepoint    ] Safepoint "Cleanup", Time since last: 1000552600 ns, Reaching safepoint: 319700 ns, At safepoint: 153600 ns, Total: 473300 ns
[2020-05-02T05:12:31.780+0000][1][safepoint    ] Safepoint "Cleanup", Time since last: 1000329500 ns, Reaching safepoint: 129300 ns, At safepoint: 54900 ns, Total: 184200 ns
[2020-05-02T05:12:32.781+0000][1][safepoint    ] Safepoint "Cleanup", Time since last: 1000168400 ns, Reaching safepoint: 221900 ns, At safepoint: 39000 ns, Total: 260900 ns
[2020-05-02T05:12:33.781+0000][1][safepoint    ] Safepoint "Cleanup", Time since last: 1000263200 ns, Reaching safepoint: 146300 ns, At safepoint: 39400 ns, Total: 185700 ns
[2020-05-02T05:12:34.782+0000][1][safepoint    ] Safepoint "Cleanup", Time since last: 1000172000 ns, Reaching safepoint: 132800 ns, At safepoint: 37100 ns, Total: 169900 ns
[2020-05-02T05:12:35.782+0000][1][safepoint    ] Safepoint "Cleanup", Time since last: 1000160000 ns, Reaching safepoint: 165800 ns, At safepoint: 45300 ns, Total: 211100 ns
[2020-05-02T05:12:36.782+0000][1][safepoint    ] Safepoint "Cleanup", Time since last: 1000177400 ns, Reaching safepoint: 160200 ns, At safepoint: 49000 ns, Total: 209200 ns
[2020-05-02T05:12:37.783+0000][1][safepoint    ] Safepoint "Cleanup", Time since last: 1000159800 ns, Reaching safepoint: 133700 ns, At safepoint: 41100 ns, Total: 174800 ns
[2020-05-02T05:12:38.783+0000][1][safepoint    ] Safepoint "Cleanup", Time since last: 1000164200 ns, Reaching safepoint: 154000 ns, At safepoint: 39200 ns, Total: 193200 ns
[2020-05-02T05:12:39.784+0000][1][safepoint    ] Safepoint "Cleanup", Time since last: 1000260100 ns, Reaching safepoint: 512200 ns, At safepoint: 104100 ns, Total: 616300 ns
[2020-05-02T05:12:40.785+0000][1][safepoint    ] Safepoint "Cleanup", Time since last: 1000229100 ns, Reaching safepoint: 630200 ns, At safepoint: 190200 ns, Total: 820400 ns
[2020-05-02T05:12:41.786+0000][1][safepoint    ] Safepoint "Cleanup", Time since last: 1000266300 ns, Reaching safepoint: 215900 ns, At safepoint: 55800 ns, Total: 271700 ns
[2020-05-02T05:12:42.786+0000][1][safepoint    ] Safepoint "Cleanup", Time since last: 1000190300 ns, Reaching safepoint: 206300 ns, At safepoint: 44600 ns, Total: 250900 ns
[2020-05-02T05:12:43.787+0000][1][safepoint    ] Safepoint "Cleanup", Time since last: 1000312000 ns, Reaching safepoint: 314300 ns, At safepoint: 61400 ns, Total: 375700 ns
[2020-05-02T05:12:44.787+0000][1][safepoint    ] Safepoint "Cleanup", Time since last: 1000210200 ns, Reaching safepoint: 261100 ns, At safepoint: 112300 ns, Total: 373400 ns
[2020-05-02T05:12:45.788+0000][1][safepoint    ] Safepoint "Cleanup", Time since last: 1000311600 ns, Reaching safepoint: 178000 ns, At safepoint: 36700 ns, Total: 214700 ns
[2020-05-02T05:12:46.788+0000][1][safepoint    ] Safepoint "Cleanup", Time since last: 1000196300 ns, Reaching safepoint: 144300 ns, At safepoint: 36100 ns, Total: 180400 ns
[2020-05-02T05:12:47.789+0000][1][safepoint    ] Safepoint "Cleanup", Time since last: 1000185000 ns, Reaching safepoint: 134200 ns, At safepoint: 40200 ns, Total: 174400 ns
[2020-05-02T05:12:48.789+0000][1][safepoint    ] Safepoint "Cleanup", Time since last: 1000150600 ns, Reaching safepoint: 131200 ns, At safepoint: 37100 ns, Total: 168300 ns
[2020-05-02T05:12:49.789+0000][1][safepoint    ] Safepoint "Cleanup", Time since last: 1000211600 ns, Reaching safepoint: 214300 ns, At safepoint: 55900 ns, Total: 270200 ns
[2020-05-02T05:12:50.790+0000][1][safepoint    ] Safepoint "Cleanup", Time since last: 1000172300 ns, Reaching safepoint: 138800 ns, At safepoint: 40600 ns, Total: 179400 ns
[2020-05-02T05:12:51.790+0000][1][safepoint    ] Safepoint "Cleanup", Time since last: 1000155100 ns, Reaching safepoint: 130600 ns, At safepoint: 36900 ns, Total: 167500 ns
[2020-05-02T05:12:52.790+0000][1][safepoint    ] Safepoint "Cleanup", Time since last: 1000150700 ns, Reaching safepoint: 124000 ns, At safepoint: 37000 ns, Total: 161000 ns
[2020-05-02T05:12:53.791+0000][1][safepoint    ] Safepoint "Cleanup", Time since last: 1000173100 ns, Reaching safepoint: 128500 ns, At safepoint: 46300 ns, Total: 174800 ns
[2020-05-02T05:12:54.791+0000][1][safepoint    ] Safepoint "Cleanup", Time since last: 1000209500 ns, Reaching safepoint: 147100 ns, At safepoint: 41800 ns, Total: 188900 ns
[2020-05-02T05:12:55.792+0000][1][safepoint    ] Safepoint "Cleanup", Time since last: 1000271500 ns, Reaching safepoint: 131700 ns, At safepoint: 68400 ns, Total: 200100 ns
[2020-05-02T05:12:56.792+0000][1][safepoint    ] Safepoint "Cleanup", Time since last: 1000204700 ns, Reaching safepoint: 141500 ns, At safepoint: 40200 ns, Total: 181700 ns
[2020-05-02T05:12:57.792+0000][1][safepoint    ] Safepoint "Cleanup", Time since last: 1000161500 ns, Reaching safepoint: 137200 ns, At safepoint: 38100 ns, Total: 175300 ns
[2020-05-02T05:12:58.793+0000][1][safepoint    ] Safepoint "Cleanup", Time since last: 1000148900 ns, Reaching safepoint: 150400 ns, At safepoint: 43300 ns, Total: 193700 ns
[2020-05-02T05:12:59.793+0000][1][safepoint    ] Safepoint "Cleanup", Time since last: 1000259200 ns, Reaching safepoint: 207600 ns, At safepoint: 103800 ns, Total: 311400 ns
[2020-05-02T05:13:00.794+0000][1][safepoint    ] Safepoint "Cleanup", Time since last: 1000282100 ns, Reaching safepoint: 137700 ns, At safepoint: 39200 ns, Total: 176900 ns
[2020-05-02T05:13:01.794+0000][1][safepoint    ] Safepoint "Cleanup", Time since last: 1000163600 ns, Reaching safepoint: 141600 ns, At safepoint: 40300 ns, Total: 181900 ns
[2020-05-02T05:13:02.795+0000][1][safepoint    ] Safepoint "Cleanup", Time since last: 1000211100 ns, Reaching safepoint: 325500 ns, At safepoint: 47200 ns, Total: 372700 ns
[2020-05-02T05:13:03.795+0000][1][safepoint    ] Safepoint "Cleanup", Time since last: 1000246900 ns, Reaching safepoint: 131300 ns, At safepoint: 55000 ns, Total: 186300 ns
[2020-05-02T05:13:04.795+0000][1][safepoint    ] Safepoint "Cleanup", Time since last: 1000210800 ns, Reaching safepoint: 136800 ns, At safepoint: 40300 ns, Total: 177100 ns
[2020-05-02T05:13:05.796+0000][1][safepoint    ] Safepoint "Cleanup", Time since last: 1000208900 ns, Reaching safepoint: 193000 ns, At safepoint: 40300 ns, Total: 233300 ns
[2020-05-02T05:13:06.796+0000][1][safepoint    ] Safepoint "Cleanup", Time since last: 1000217600 ns, Reaching safepoint: 131100 ns, At safepoint: 39000 ns, Total: 170100 ns
[2020-05-02T05:13:07.797+0000][1][safepoint    ] Safepoint "Cleanup", Time since last: 1000359000 ns, Reaching safepoint: 158300 ns, At safepoint: 43400 ns, Total: 201700 ns
[2020-05-02T05:13:08.798+0000][1][safepoint    ] Safepoint "Cleanup", Time since last: 1000315200 ns, Reaching safepoint: 373400 ns, At safepoint: 65100 ns, Total: 438500 ns
[2020-05-02T05:13:09.798+0000][1][safepoint    ] Safepoint "Cleanup", Time since last: 1000182100 ns, Reaching safepoint: 155300 ns, At safepoint: 45000 ns, Total: 200300 ns
[2020-05-02T05:13:10.798+0000][1][safepoint    ] Safepoint "Cleanup", Time since last: 1000259400 ns, Reaching safepoint: 149200 ns, At safepoint: 46800 ns, Total: 196000 ns
[2020-05-02T05:13:11.799+0000][1][safepoint    ] Safepoint "Cleanup", Time since last: 1000187600 ns, Reaching safepoint: 156200 ns, At safepoint: 38700 ns, Total: 194900 ns
[2020-05-02T05:13:12.799+0000][1][safepoint    ] Safepoint "Cleanup", Time since last: 1000150700 ns, Reaching safepoint: 147700 ns, At safepoint: 37500 ns, Total: 185200 ns
[2020-05-02T05:13:13.799+0000][1][safepoint    ] Safepoint "Cleanup", Time since last: 1000200400 ns, Reaching safepoint: 139800 ns, At safepoint: 39900 ns, Total: 179700 ns
[2020-05-02T05:13:14.800+0000][1][safepoint    ] Safepoint "Cleanup", Time since last: 1000193200 ns, Reaching safepoint: 142600 ns, At safepoint: 38600 ns, Total: 181200 ns
[2020-05-02T05:13:15.800+0000][1][safepoint    ] Safepoint "Cleanup", Time since last: 1000241200 ns, Reaching safepoint: 188700 ns, At safepoint: 64700 ns, Total: 253400 ns
[2020-05-02T05:13:16.801+0000][1][safepoint    ] Safepoint "Cleanup", Time since last: 1000188100 ns, Reaching safepoint: 197100 ns, At safepoint: 53400 ns, Total: 250500 ns
[2020-05-02T05:13:17.801+0000][1][safepoint    ] Safepoint "Cleanup", Time since last: 1000222300 ns, Reaching safepoint: 222500 ns, At safepoint: 55500 ns, Total: 278000 ns
[2020-05-02T05:13:18.802+0000][1][safepoint    ] Safepoint "Cleanup", Time since last: 1000243400 ns, Reaching safepoint: 132600 ns, At safepoint: 43300 ns, Total: 175900 ns
[2020-05-02T05:13:19.802+0000][1][safepoint    ] Safepoint "Cleanup", Time since last: 1000197500 ns, Reaching safepoint: 152000 ns, At safepoint: 37000 ns, Total: 189000 ns
[2020-05-02T05:13:20.802+0000][1][safepoint    ] Safepoint "Cleanup", Time since last: 1000168300 ns, Reaching safepoint: 163300 ns, At safepoint: 40000 ns, Total: 203300 ns
[2020-05-02T05:13:21.803+0000][1][safepoint    ] Safepoint "Cleanup", Time since last: 1000164400 ns, Reaching safepoint: 137100 ns, At safepoint: 36100 ns, Total: 173200 ns
[2020-05-02T05:13:22.803+0000][1][safepoint    ] Safepoint "Cleanup", Time since last: 1000233900 ns, Reaching safepoint: 137200 ns, At safepoint: 41400 ns, Total: 178600 ns
[2020-05-02T05:13:23.804+0000][1][safepoint    ] Safepoint "Cleanup", Time since last: 1000248100 ns, Reaching safepoint: 135600 ns, At safepoint: 41600 ns, Total: 177200 ns
[2020-05-02T05:13:24.804+0000][1][safepoint    ] Safepoint "Cleanup", Time since last: 1000212500 ns, Reaching safepoint: 231000 ns, At safepoint: 84400 ns, Total: 315400 ns
[2020-05-02T05:13:25.805+0000][1][safepoint    ] Safepoint "Cleanup", Time since last: 1000271900 ns, Reaching safepoint: 183300 ns, At safepoint: 52900 ns, Total: 236200 ns
[2020-05-02T05:13:26.805+0000][1][safepoint    ] Safepoint "Cleanup", Time since last: 1000227200 ns, Reaching safepoint: 244900 ns, At safepoint: 61600 ns, Total: 306500 ns
[2020-05-02T05:13:27.806+0000][1][safepoint    ] Safepoint "Cleanup", Time since last: 1000251200 ns, Reaching safepoint: 130800 ns, At safepoint: 42900 ns, Total: 173700 ns
[2020-05-02T05:13:28.807+0000][1][safepoint    ] Safepoint "Cleanup", Time since last: 1000290300 ns, Reaching safepoint: 762400 ns, At safepoint: 172400 ns, Total: 934800 ns
[2020-05-02T05:13:29.807+0000][1][safepoint    ] Safepoint "Cleanup", Time since last: 1000361300 ns, Reaching safepoint: 131300 ns, At safepoint: 69200 ns, Total: 200500 ns
[2020-05-02T05:13:30.808+0000][1][safepoint    ] Safepoint "Cleanup", Time since last: 1000225900 ns, Reaching safepoint: 135200 ns, At safepoint: 56000 ns, Total: 191200 ns
[2020-05-02T05:13:31.808+0000][1][safepoint    ] Safepoint "Cleanup", Time since last: 1000193600 ns, Reaching safepoint: 133400 ns, At safepoint: 84000 ns, Total: 217400 ns
[2020-05-02T05:13:32.809+0000][1][safepoint    ] Safepoint "Cleanup", Time since last: 1000235500 ns, Reaching safepoint: 136900 ns, At safepoint: 70400 ns, Total: 207300 ns
[2020-05-02T05:13:33.810+0000][1][safepoint    ] Safepoint "Cleanup", Time since last: 1000691900 ns, Reaching safepoint: 185500 ns, At safepoint: 81300 ns, Total: 266800 ns
[2020-05-02T05:13:34.811+0000][1][safepoint    ] Safepoint "Cleanup", Time since last: 1000728200 ns, Reaching safepoint: 301000 ns, At safepoint: 155900 ns, Total: 456900 ns
[2020-05-02T05:13:35.812+0000][1][safepoint    ] Safepoint "Cleanup", Time since last: 1000749800 ns, Reaching safepoint: 394300 ns, At safepoint: 172500 ns, Total: 566800 ns
[2020-05-02T05:13:36.814+0000][1][safepoint    ] Safepoint "Cleanup", Time since last: 1000978200 ns, Reaching safepoint: 312200 ns, At safepoint: 155100 ns, Total: 467300 ns
[2020-05-02T05:13:37.815+0000][1][safepoint    ] Safepoint "Cleanup", Time since last: 1001026400 ns, Reaching safepoint: 431200 ns, At safepoint: 211600 ns, Total: 642800 ns
[2020-05-02T05:13:38.816+0000][1][safepoint    ] Safepoint "Cleanup", Time since last: 1000428200 ns, Reaching safepoint: 135500 ns, At safepoint: 56000 ns, Total: 191500 ns
[2020-05-02T05:13:39.816+0000][1][safepoint    ] Safepoint "Cleanup", Time since last: 1000235500 ns, Reaching safepoint: 158100 ns, At safepoint: 51200 ns, Total: 209300 ns
[2020-05-02T05:13:40.817+0000][1][safepoint    ] Safepoint "Cleanup", Time since last: 1000158400 ns, Reaching safepoint: 128100 ns, At safepoint: 52200 ns, Total: 180300 ns
[2020-05-02T05:13:41.817+0000][1][safepoint    ] Safepoint "Cleanup", Time since last: 1000189700 ns, Reaching safepoint: 200100 ns, At safepoint: 69100 ns, Total: 269200 ns
[2020-05-02T05:13:42.818+0000][1][safepoint    ] Safepoint "Cleanup", Time since last: 1000637500 ns, Reaching safepoint: 448800 ns, At safepoint: 173900 ns, Total: 622700 ns
[2020-05-02T05:13:43.820+0000][1][safepoint    ] Safepoint "Cleanup", Time since last: 1000744100 ns, Reaching safepoint: 455300 ns, At safepoint: 204000 ns, Total: 659300 ns
[2020-05-02T05:13:44.820+0000][1][safepoint    ] Safepoint "Cleanup", Time since last: 1000434400 ns, Reaching safepoint: 136900 ns, At safepoint: 62800 ns, Total: 199700 ns
[2020-05-02T05:13:45.821+0000][1][safepoint    ] Safepoint "Cleanup", Time since last: 1000366600 ns, Reaching safepoint: 225500 ns, At safepoint: 117300 ns, Total: 342800 ns
[2020-05-02T05:13:46.822+0000][1][safepoint    ] Safepoint "Cleanup", Time since last: 1000383700 ns, Reaching safepoint: 209200 ns, At safepoint: 95500 ns, Total: 304700 ns
[2020-05-02T05:13:47.823+0000][1][safepoint    ] Safepoint "Cleanup", Time since last: 1000342200 ns, Reaching safepoint: 493900 ns, At safepoint: 162500 ns, Total: 656400 ns
[2020-05-02T05:13:48.823+0000][1][safepoint    ] Safepoint "Cleanup", Time since last: 1000408100 ns, Reaching safepoint: 130800 ns, At safepoint: 52500 ns, Total: 183300 ns
[2020-05-02T05:13:49.824+0000][1][safepoint    ] Safepoint "Cleanup", Time since last: 1000149700 ns, Reaching safepoint: 125800 ns, At safepoint: 34100 ns, Total: 159900 ns
[2020-05-02T05:13:50.825+0000][1][safepoint    ] Safepoint "Cleanup", Time since last: 1000896500 ns, Reaching safepoint: 428100 ns, At safepoint: 209800 ns, Total: 637900 ns
[2020-05-02T05:13:51.827+0000][1][safepoint    ] Safepoint "Cleanup", Time since last: 1000918700 ns, Reaching safepoint: 366300 ns, At safepoint: 178000 ns, Total: 544300 ns
[2020-05-02T05:13:52.828+0000][1][safepoint    ] Safepoint "Cleanup", Time since last: 1000611900 ns, Reaching safepoint: 487200 ns, At safepoint: 201000 ns, Total: 688200 ns
[2020-05-02T05:13:53.830+0000][1][safepoint    ] Safepoint "Cleanup", Time since last: 1001026800 ns, Reaching safepoint: 442100 ns, At safepoint: 268200 ns, Total: 710300 ns
[2020-05-02T05:13:54.831+0000][1][safepoint    ] Safepoint "Cleanup", Time since last: 1000715600 ns, Reaching safepoint: 429000 ns, At safepoint: 203300 ns, Total: 632300 ns
[2020-05-02T05:13:55.832+0000][1][safepoint    ] Safepoint "Cleanup", Time since last: 1000790200 ns, Reaching safepoint: 172100 ns, At safepoint: 71200 ns, Total: 243300 ns
[2020-05-02T05:13:56.834+0000][1][safepoint    ] Safepoint "Cleanup", Time since last: 1000787800 ns, Reaching safepoint: 352300 ns, At safepoint: 195100 ns, Total: 547400 ns
[2020-05-02T05:13:57.835+0000][1][safepoint    ] Safepoint "Cleanup", Time since last: 1000730600 ns, Reaching safepoint: 517700 ns, At safepoint: 159300 ns, Total: 677000 ns
[2020-05-02T05:13:58.836+0000][1][safepoint    ] Safepoint "Cleanup", Time since last: 1000716800 ns, Reaching safepoint: 444200 ns, At safepoint: 222300 ns, Total: 666500 ns
[2020-05-02T05:13:59.837+0000][1][safepoint    ] Safepoint "Cleanup", Time since last: 1000778400 ns, Reaching safepoint: 129400 ns, At safepoint: 57200 ns, Total: 186600 ns
[2020-05-02T05:14:00.838+0000][1][safepoint    ] Safepoint "Cleanup", Time since last: 1000333700 ns, Reaching safepoint: 145800 ns, At safepoint: 58100 ns, Total: 203900 ns
[2020-05-02T05:14:01.839+0000][1][safepoint    ] Safepoint "Cleanup", Time since last: 1000406200 ns, Reaching safepoint: 639800 ns, At safepoint: 170000 ns, Total: 809800 ns
[2020-05-02T05:14:02.840+0000][1][safepoint    ] Safepoint "Cleanup", Time since last: 1000470500 ns, Reaching safepoint: 334700 ns, At safepoint: 86700 ns, Total: 421400 ns
[2020-05-02T05:14:03.841+0000][1][safepoint    ] Safepoint "Cleanup", Time since last: 1000786500 ns, Reaching safepoint: 162800 ns, At safepoint: 75000 ns, Total: 237800 ns
[2020-05-02T05:14:04.842+0000][1][safepoint    ] Safepoint "Cleanup", Time since last: 1000524200 ns, Reaching safepoint: 149800 ns, At safepoint: 68300 ns, Total: 218100 ns
[2020-05-02T05:14:05.842+0000][1][safepoint    ] Safepoint "Cleanup", Time since last: 1000291500 ns, Reaching safepoint: 203500 ns, At safepoint: 92100 ns, Total: 295600 ns
[2020-05-02T05:14:06.844+0000][1][safepoint    ] Safepoint "Cleanup", Time since last: 1000988100 ns, Reaching safepoint: 431800 ns, At safepoint: 207500 ns, Total: 639300 ns
[2020-05-02T05:14:07.845+0000][1][safepoint    ] Safepoint "Cleanup", Time since last: 1000932100 ns, Reaching safepoint: 426500 ns, At safepoint: 204300 ns, Total: 630800 ns
[2020-05-02T05:14:08.846+0000][1][safepoint    ] Safepoint "Cleanup", Time since last: 1000362800 ns, Reaching safepoint: 125400 ns, At safepoint: 48500 ns, Total: 173900 ns
[2020-05-02T05:14:09.846+0000][1][safepoint    ] Safepoint "Cleanup", Time since last: 1000192600 ns, Reaching safepoint: 257400 ns, At safepoint: 50600 ns, Total: 308000 ns
[2020-05-02T05:14:10.847+0000][1][safepoint    ] Safepoint "Cleanup", Time since last: 1000366800 ns, Reaching safepoint: 322800 ns, At safepoint: 127300 ns, Total: 450100 ns
[2020-05-02T05:14:11.848+0000][1][safepoint    ] Safepoint "Cleanup", Time since last: 1000648800 ns, Reaching safepoint: 188000 ns, At safepoint: 93500 ns, Total: 281500 ns
[2020-05-02T05:14:12.849+0000][1][safepoint    ] Safepoint "Cleanup", Time since last: 1000249100 ns, Reaching safepoint: 135100 ns, At safepoint: 53800 ns, Total: 188900 ns
[2020-05-02T05:14:13.849+0000][1][safepoint    ] Safepoint "Cleanup", Time since last: 1000236500 ns, Reaching safepoint: 140700 ns, At safepoint: 55400 ns, Total: 196100 ns
[2020-05-02T05:14:14.850+0000][1][safepoint    ] Safepoint "Cleanup", Time since last: 1000287200 ns, Reaching safepoint: 210400 ns, At safepoint: 92600 ns, Total: 303000 ns
[2020-05-02T05:14:15.851+0000][1][safepoint    ] Safepoint "Cleanup", Time since last: 1000517000 ns, Reaching safepoint: 369900 ns, At safepoint: 188300 ns, Total: 558200 ns
[2020-05-02T05:14:16.852+0000][1][safepoint    ] Safepoint "Cleanup", Time since last: 1000625800 ns, Reaching safepoint: 350900 ns, At safepoint: 168800 ns, Total: 519700 ns
[2020-05-02T05:14:17.853+0000][1][safepoint    ] Safepoint "Cleanup", Time since last: 1000670800 ns, Reaching safepoint: 187000 ns, At safepoint: 86300 ns, Total: 273300 ns
[2020-05-02T05:14:18.854+0000][1][safepoint    ] Safepoint "Cleanup", Time since last: 1000598200 ns, Reaching safepoint: 168500 ns, At safepoint: 75800 ns, Total: 244300 ns
[2020-05-02T05:14:19.854+0000][1][safepoint    ] Safepoint "Cleanup", Time since last: 1000302200 ns, Reaching safepoint: 133600 ns, At safepoint: 54700 ns, Total: 188300 ns
[2020-05-02T05:14:20.855+0000][1][safepoint    ] Safepoint "Cleanup", Time since last: 1000195300 ns, Reaching safepoint: 214100 ns, At safepoint: 72500 ns, Total: 286600 ns
[2020-05-02T05:14:21.855+0000][1][safepoint    ] Safepoint "Cleanup", Time since last: 1000269000 ns, Reaching safepoint: 129000 ns, At safepoint: 55600 ns, Total: 184600 ns
[2020-05-02T05:14:22.856+0000][1][safepoint    ] Safepoint "Cleanup", Time since last: 1000308400 ns, Reaching safepoint: 361700 ns, At safepoint: 142600 ns, Total: 504300 ns
[2020-05-02T05:14:23.856+0000][1][safepoint    ] Safepoint "Cleanup", Time since last: 1000302100 ns, Reaching safepoint: 130400 ns, At safepoint: 53200 ns, Total: 183600 ns
[2020-05-02T05:14:24.857+0000][1][safepoint    ] Safepoint "Cleanup", Time since last: 1000259600 ns, Reaching safepoint: 251400 ns, At safepoint: 154300 ns, Total: 405700 ns
[2020-05-02T05:14:25.858+0000][1][safepoint    ] Safepoint "Cleanup", Time since last: 1000773100 ns, Reaching safepoint: 154700 ns, At safepoint: 69600 ns, Total: 224300 ns
[2020-05-02T05:14:26.859+0000][1][safepoint    ] Safepoint "Cleanup", Time since last: 1000456400 ns, Reaching safepoint: 432200 ns, At safepoint: 205800 ns, Total: 638000 ns
[2020-05-02T05:14:27.860+0000][1][safepoint    ] Safepoint "Cleanup", Time since last: 1000402500 ns, Reaching safepoint: 131300 ns, At safepoint: 56200 ns, Total: 187500 ns
[2020-05-02T05:14:28.860+0000][1][safepoint    ] Safepoint "Cleanup", Time since last: 1000165600 ns, Reaching safepoint: 186200 ns, At safepoint: 56200 ns, Total: 242400 ns
[2020-05-02T05:14:29.861+0000][1][safepoint    ] Safepoint "Cleanup", Time since last: 1000744200 ns, Reaching safepoint: 131900 ns, At safepoint: 57700 ns, Total: 189600 ns
[2020-05-02T05:14:30.862+0000][1][safepoint    ] Safepoint "Cleanup", Time since last: 1000602900 ns, Reaching safepoint: 441400 ns, At safepoint: 297400 ns, Total: 738800 ns
[2020-05-02T05:14:31.863+0000][1][safepoint    ] Safepoint "Cleanup", Time since last: 1000430800 ns, Reaching safepoint: 165400 ns, At safepoint: 22600 ns, Total: 188000 ns
[2020-05-02T05:14:32.864+0000][1][safepoint    ] Safepoint "Cleanup", Time since last: 1000694600 ns, Reaching safepoint: 225400 ns, At safepoint: 104300 ns, Total: 329700 ns
[2020-05-02T05:14:33.865+0000][1][safepoint    ] Safepoint "Cleanup", Time since last: 1000527700 ns, Reaching safepoint: 494500 ns, At safepoint: 200200 ns, Total: 694700 ns
[2020-05-02T05:14:34.867+0000][1][safepoint    ] Safepoint "Cleanup", Time since last: 1000773400 ns, Reaching safepoint: 428700 ns, At safepoint: 205100 ns, Total: 633800 ns
[2020-05-02T05:14:35.868+0000][1][safepoint    ] Safepoint "Cleanup", Time since last: 1000657600 ns, Reaching safepoint: 429000 ns, At safepoint: 199300 ns, Total: 628300 ns
[2020-05-02T05:14:36.869+0000][1][safepoint    ] Safepoint "Cleanup", Time since last: 1000721400 ns, Reaching safepoint: 129500 ns, At safepoint: 55600 ns, Total: 185100 ns
[2020-05-02T05:14:37.870+0000][1][safepoint    ] Safepoint "Cleanup", Time since last: 1000894800 ns, Reaching safepoint: 418300 ns, At safepoint: 209600 ns, Total: 627900 ns
[2020-05-02T05:14:38.871+0000][1][safepoint    ] Safepoint "Cleanup", Time since last: 1000663600 ns, Reaching safepoint: 139800 ns, At safepoint: 54600 ns, Total: 194400 ns
[2020-05-02T05:14:39.872+0000][1][safepoint    ] Safepoint "Cleanup", Time since last: 1000222800 ns, Reaching safepoint: 129800 ns, At safepoint: 75800 ns, Total: 205600 ns
[2020-05-02T05:14:40.873+0000][1][safepoint    ] Safepoint "Cleanup", Time since last: 1000720200 ns, Reaching safepoint: 133500 ns, At safepoint: 58200 ns, Total: 191700 ns
[2020-05-02T05:14:41.873+0000][1][safepoint    ] Safepoint "Cleanup", Time since last: 1000548800 ns, Reaching safepoint: 188400 ns, At safepoint: 85500 ns, Total: 273900 ns
[2020-05-02T05:14:42.874+0000][1][safepoint    ] Safepoint "Cleanup", Time since last: 1000527900 ns, Reaching safepoint: 134400 ns, At safepoint: 59300 ns, Total: 193700 ns
[2020-05-02T05:14:43.875+0000][1][safepoint    ] Safepoint "Cleanup", Time since last: 1000292300 ns, Reaching safepoint: 174000 ns, At safepoint: 39500 ns, Total: 213500 ns
[2020-05-02T05:14:44.875+0000][1][safepoint    ] Safepoint "Cleanup", Time since last: 1000558500 ns, Reaching safepoint: 172000 ns, At safepoint: 68300 ns, Total: 240300 ns
[2020-05-02T05:14:45.876+0000][1][safepoint    ] Safepoint "Cleanup", Time since last: 1000554600 ns, Reaching safepoint: 151400 ns, At safepoint: 66700 ns, Total: 218100 ns
[2020-05-02T05:14:46.878+0000][1][safepoint    ] Safepoint "Cleanup", Time since last: 1000507300 ns, Reaching safepoint: 755800 ns, At safepoint: 216700 ns, Total: 972500 ns
[2020-05-02T05:14:47.878+0000][1][safepoint    ] Safepoint "Cleanup", Time since last: 1000453100 ns, Reaching safepoint: 204300 ns, At safepoint: 87500 ns, Total: 291800 ns
[2020-05-02T05:14:48.880+0000][1][safepoint    ] Safepoint "Cleanup", Time since last: 1000398800 ns, Reaching safepoint: 499700 ns, At safepoint: 199500 ns, Total: 699200 ns
[2020-05-02T05:14:49.881+0000][1][safepoint    ] Safepoint "Cleanup", Time since last: 1000938300 ns, Reaching safepoint: 404300 ns, At safepoint: 200600 ns, Total: 604900 ns
[2020-05-02T05:14:50.882+0000][1][safepoint    ] Safepoint "Cleanup", Time since last: 1000933700 ns, Reaching safepoint: 128200 ns, At safepoint: 56700 ns, Total: 184900 ns
[2020-05-02T05:14:51.884+0000][1][safepoint    ] Safepoint "Cleanup", Time since last: 1000756600 ns, Reaching safepoint: 430500 ns, At safepoint: 209300 ns, Total: 639800 ns
[2020-05-02T05:14:52.885+0000][1][safepoint    ] Safepoint "Cleanup", Time since last: 1000820300 ns, Reaching safepoint: 138900 ns, At safepoint: 55300 ns, Total: 194200 ns
[2020-05-02T05:14:53.886+0000][1][safepoint    ] Safepoint "Cleanup", Time since last: 1000650300 ns, Reaching safepoint: 233000 ns, At safepoint: 97100 ns, Total: 330100 ns
[2020-05-02T05:14:54.887+0000][1][safepoint    ] Safepoint "Cleanup", Time since last: 1000832300 ns, Reaching safepoint: 429900 ns, At safepoint: 210000 ns, Total: 639900 ns
[2020-05-02T05:14:55.888+0000][1][safepoint    ] Safepoint "Cleanup", Time since last: 1000712400 ns, Reaching safepoint: 421900 ns, At safepoint: 239900 ns, Total: 661800 ns
[2020-05-02T05:14:56.311+0000][1][gc,start     ] GC(29) Pause Young (Allocation Failure)
[2020-05-02T05:14:56.312+0000][1][gc,task      ] GC(29) Using 10 workers of 10 for evacuation
[2020-05-02T05:14:56.316+0000][1][gc,age       ] GC(29) Desired survivor size 8945664 bytes, new threshold 6 (max threshold 6)
[2020-05-02T05:14:56.316+0000][1][gc,age       ] GC(29) Age table with threshold 6 (max threshold 6)
[2020-05-02T05:14:56.316+0000][1][gc,age       ] GC(29) - age   1:      78368 bytes,      78368 total
[2020-05-02T05:14:56.316+0000][1][gc,age       ] GC(29) - age   2:      38904 bytes,     117272 total
[2020-05-02T05:14:56.316+0000][1][gc,age       ] GC(29) - age   3:      24384 bytes,     141656 total
[2020-05-02T05:14:56.316+0000][1][gc,age       ] GC(29) - age   4:      72080 bytes,     213736 total
[2020-05-02T05:14:56.316+0000][1][gc,age       ] GC(29) - age   5:      49584 bytes,     263320 total
[2020-05-02T05:14:56.316+0000][1][gc,age       ] GC(29) - age   6:      96856 bytes,     360176 total
[2020-05-02T05:14:56.316+0000][1][gc,heap      ] GC(29) ParNew: 140653K->574K(157248K)
[2020-05-02T05:14:56.316+0000][1][gc,heap      ] GC(29) CMS: 81292K->81428K(349568K)
[2020-05-02T05:14:56.316+0000][1][gc,metaspace ] GC(29) Metaspace: 95963K->95963K(1138688K)
[2020-05-02T05:14:56.316+0000][1][gc           ] GC(29) Pause Young (Allocation Failure) 216M->80M(494M) 4.556ms
[2020-05-02T05:14:56.316+0000][1][gc,cpu       ] GC(29) User=0.00s Sys=0.01s Real=0.01s
[2020-05-02T05:14:56.316+0000][1][safepoint    ] Safepoint "GenCollectForAllocation", Time since last: 422561400 ns, Reaching safepoint: 413800 ns, At safepoint: 4673400 ns, Total: 5087200 ns
[2020-05-02T05:14:57.317+0000][1][safepoint    ] Safepoint "Cleanup", Time since last: 1000295600 ns, Reaching safepoint: 403000 ns, At safepoint: 189400 ns, Total: 592400 ns
[2020-05-02T05:14:58.318+0000][1][safepoint    ] Safepoint "Cleanup", Time since last: 1000414800 ns, Reaching safepoint: 134700 ns, At safepoint: 106300 ns, Total: 241000 ns
[2020-05-02T05:14:59.318+0000][1][safepoint    ] Safepoint "Cleanup", Time since last: 1000408900 ns, Reaching safepoint: 135600 ns, At safepoint: 55000 ns, Total: 190600 ns
[2020-05-02T05:15:00.319+0000][1][safepoint    ] Safepoint "Cleanup", Time since last: 1000186900 ns, Reaching safepoint: 132100 ns, At safepoint: 51400 ns, Total: 183500 ns
[2020-05-02T05:15:01.319+0000][1][safepoint    ] Safepoint "Cleanup", Time since last: 1000341100 ns, Reaching safepoint: 130700 ns, At safepoint: 58600 ns, Total: 189300 ns
[2020-05-02T05:15:02.320+0000][1][safepoint    ] Safepoint "Cleanup", Time since last: 1000461000 ns, Reaching safepoint: 483900 ns, At safepoint: 179500 ns, Total: 663400 ns
[2020-05-02T05:15:03.322+0000][1][safepoint    ] Safepoint "Cleanup", Time since last: 1000631100 ns, Reaching safepoint: 489400 ns, At safepoint: 220500 ns, Total: 709900 ns
[2020-05-02T05:15:04.323+0000][1][safepoint    ] Safepoint "Cleanup", Time since last: 1000583100 ns, Reaching safepoint: 290800 ns, At safepoint: 114900 ns, Total: 405700 ns
[2020-05-02T05:15:05.324+0000][1][safepoint    ] Safepoint "Cleanup", Time since last: 1000479200 ns, Reaching safepoint: 595400 ns, At safepoint: 362300 ns, Total: 957700 ns
[2020-05-02T05:15:06.326+0000][1][safepoint    ] Safepoint "Cleanup", Time since last: 1000864000 ns, Reaching safepoint: 431300 ns, At safepoint: 197100 ns, Total: 628400 ns
[2020-05-02T05:15:07.327+0000][1][safepoint    ] Safepoint "Cleanup", Time since last: 1000457400 ns, Reaching safepoint: 363200 ns, At safepoint: 186600 ns, Total: 549800 ns
[2020-05-02T05:15:08.327+0000][1][safepoint    ] Safepoint "Cleanup", Time since last: 1000385100 ns, Reaching safepoint: 265800 ns, At safepoint: 76600 ns, Total: 342400 ns
[2020-05-02T05:15:09.328+0000][1][safepoint    ] Safepoint "Cleanup", Time since last: 1000581900 ns, Reaching safepoint: 232600 ns, At safepoint: 89100 ns, Total: 321700 ns
[2020-05-02T05:15:10.330+0000][1][safepoint    ] Safepoint "Cleanup", Time since last: 1000694100 ns, Reaching safepoint: 441400 ns, At safepoint: 293400 ns, Total: 734800 ns
[2020-05-02T05:15:11.331+0000][1][safepoint    ] Safepoint "Cleanup", Time since last: 1000956800 ns, Reaching safepoint: 410000 ns, At safepoint: 282300 ns, Total: 692300 ns
[2020-05-02T05:15:12.333+0000][1][safepoint    ] Safepoint "Cleanup", Time since last: 1000592300 ns, Reaching safepoint: 559700 ns, At safepoint: 267700 ns, Total: 827400 ns
[2020-05-02T05:15:13.334+0000][1][safepoint    ] Safepoint "Cleanup", Time since last: 1000707600 ns, Reaching safepoint: 492700 ns, At safepoint: 198800 ns, Total: 691500 ns
[2020-05-02T05:15:14.335+0000][1][safepoint    ] Safepoint "Cleanup", Time since last: 1000877500 ns, Reaching safepoint: 307500 ns, At safepoint: 160600 ns, Total: 468100 ns
[2020-05-02T05:15:15.337+0000][1][safepoint    ] Safepoint "Cleanup", Time since last: 1000906300 ns, Reaching safepoint: 485400 ns, At safepoint: 199600 ns, Total: 685000 ns
[2020-05-02T05:15:16.338+0000][1][safepoint    ] Safepoint "Cleanup", Time since last: 1000908200 ns, Reaching safepoint: 209100 ns, At safepoint: 97000 ns, Total: 306100 ns
[2020-05-02T05:15:17.339+0000][1][safepoint    ] Safepoint "Cleanup", Time since last: 1000326700 ns, Reaching safepoint: 139400 ns, At safepoint: 65600 ns, Total: 205000 ns
[2020-05-02T05:15:18.339+0000][1][safepoint    ] Safepoint "Cleanup", Time since last: 1000205400 ns, Reaching safepoint: 148800 ns, At safepoint: 54600 ns, Total: 203400 ns
[2020-05-02T05:15:19.340+0000][1][safepoint    ] Safepoint "Cleanup", Time since last: 1000783700 ns, Reaching safepoint: 354800 ns, At safepoint: 172900 ns, Total: 527700 ns
[2020-05-02T05:15:20.342+0000][1][safepoint    ] Safepoint "Cleanup", Time since last: 1000597600 ns, Reaching safepoint: 409700 ns, At safepoint: 202200 ns, Total: 611900 ns
[2020-05-02T05:15:21.342+0000][1][safepoint    ] Safepoint "Cleanup", Time since last: 1000378300 ns, Reaching safepoint: 164800 ns, At safepoint: 61200 ns, Total: 226000 ns
[2020-05-02T05:15:22.343+0000][1][safepoint    ] Safepoint "Cleanup", Time since last: 1000480200 ns, Reaching safepoint: 403700 ns, At safepoint: 179800 ns, Total: 583500 ns
[2020-05-02T05:15:23.344+0000][1][safepoint    ] Safepoint "Cleanup", Time since last: 1000559400 ns, Reaching safepoint: 126400 ns, At safepoint: 64600 ns, Total: 191000 ns
[2020-05-02T05:15:24.345+0000][1][safepoint    ] Safepoint "Cleanup", Time since last: 1000543700 ns, Reaching safepoint: 128700 ns, At safepoint: 54800 ns, Total: 183500 ns
[2020-05-02T05:15:25.346+0000][1][safepoint    ] Safepoint "Cleanup", Time since last: 1000629700 ns, Reaching safepoint: 126800 ns, At safepoint: 56300 ns, Total: 183100 ns
[2020-05-02T05:15:26.347+0000][1][safepoint    ] Safepoint "Cleanup", Time since last: 1000499700 ns, Reaching safepoint: 436000 ns, At safepoint: 206900 ns, Total: 642900 ns
[2020-05-02T05:15:27.348+0000][1][safepoint    ] Safepoint "Cleanup", Time since last: 1000601100 ns, Reaching safepoint: 493000 ns, At safepoint: 202300 ns, Total: 695300 ns
[2020-05-02T05:15:28.349+0000][1][safepoint    ] Safepoint "Cleanup", Time since last: 1000503600 ns, Reaching safepoint: 119200 ns, At safepoint: 55200 ns, Total: 174400 ns
[2020-05-02T05:15:29.350+0000][1][safepoint    ] Safepoint "Cleanup", Time since last: 1000384300 ns, Reaching safepoint: 514700 ns, At safepoint: 316000 ns, Total: 830700 ns
[2020-05-02T05:15:30.351+0000][1][safepoint    ] Safepoint "Cleanup", Time since last: 1000716200 ns, Reaching safepoint: 417800 ns, At safepoint: 250200 ns, Total: 668000 ns
[2020-05-02T05:15:31.353+0000][1][safepoint    ] Safepoint "Cleanup", Time since last: 1000610300 ns, Reaching safepoint: 546700 ns, At safepoint: 202000 ns, Total: 748700 ns
[2020-05-02T05:15:32.353+0000][1][safepoint    ] Safepoint "Cleanup", Time since last: 1000352500 ns, Reaching safepoint: 166700 ns, At safepoint: 79800 ns, Total: 246500 ns
[2020-05-02T05:15:33.354+0000][1][safepoint    ] Safepoint "Cleanup", Time since last: 1000320300 ns, Reaching safepoint: 128600 ns, At safepoint: 51400 ns, Total: 180000 ns
[2020-05-02T05:15:34.355+0000][1][safepoint    ] Safepoint "Cleanup", Time since last: 1000784100 ns, Reaching safepoint: 436200 ns, At safepoint: 206200 ns, Total: 642400 ns
[2020-05-02T05:15:35.356+0000][1][safepoint    ] Safepoint "Cleanup", Time since last: 1000721600 ns, Reaching safepoint: 174100 ns, At safepoint: 70800 ns, Total: 244900 ns
[2020-05-02T05:15:36.358+0000][1][safepoint    ] Safepoint "Cleanup", Time since last: 1000781500 ns, Reaching safepoint: 404200 ns, At safepoint: 168700 ns, Total: 572900 ns
[2020-05-02T05:15:37.358+0000][1][safepoint    ] Safepoint "Cleanup", Time since last: 1000454500 ns, Reaching safepoint: 285300 ns, At safepoint: 114900 ns, Total: 400200 ns
[2020-05-02T05:15:38.360+0000][1][safepoint    ] Safepoint "Cleanup", Time since last: 1000787900 ns, Reaching safepoint: 431600 ns, At safepoint: 297600 ns, Total: 729200 ns
[2020-05-02T05:15:39.361+0000][1][safepoint    ] Safepoint "Cleanup", Time since last: 1000693200 ns, Reaching safepoint: 157400 ns, At safepoint: 72900 ns, Total: 230300 ns
[2020-05-02T05:15:40.361+0000][1][safepoint    ] Safepoint "Cleanup", Time since last: 1000257200 ns, Reaching safepoint: 135200 ns, At safepoint: 37600 ns, Total: 172800 ns
[2020-05-02T05:15:41.362+0000][1][safepoint    ] Safepoint "Cleanup", Time since last: 1000446500 ns, Reaching safepoint: 523300 ns, At safepoint: 149500 ns, Total: 672800 ns
[2020-05-02T05:15:42.364+0000][1][safepoint    ] Safepoint "Cleanup", Time since last: 1000992800 ns, Reaching safepoint: 689000 ns, At safepoint: 220700 ns, Total: 909700 ns
[2020-05-02T05:15:43.366+0000][1][safepoint    ] Safepoint "Cleanup", Time since last: 1000881300 ns, Reaching safepoint: 263500 ns, At safepoint: 124100 ns, Total: 387600 ns
[2020-05-02T05:15:44.366+0000][1][safepoint    ] Safepoint "Cleanup", Time since last: 1000590800 ns, Reaching safepoint: 136900 ns, At safepoint: 63000 ns, Total: 199900 ns
[2020-05-02T05:15:45.367+0000][1][safepoint    ] Safepoint "Cleanup", Time since last: 1000406900 ns, Reaching safepoint: 431200 ns, At safepoint: 204600 ns, Total: 635800 ns
[2020-05-02T05:15:46.369+0000][1][safepoint    ] Safepoint "Cleanup", Time since last: 1001074000 ns, Reaching safepoint: 204600 ns, At safepoint: 97300 ns, Total: 301900 ns
[2020-05-02T05:15:47.369+0000][1][safepoint    ] Safepoint "Cleanup", Time since last: 1000352500 ns, Reaching safepoint: 239400 ns, At safepoint: 128200 ns, Total: 367600 ns
[2020-05-02T05:15:48.370+0000][1][safepoint    ] Safepoint "Cleanup", Time since last: 1000316600 ns, Reaching safepoint: 147100 ns, At safepoint: 68800 ns, Total: 215900 ns
[2020-05-02T05:15:49.371+0000][1][safepoint    ] Safepoint "Cleanup", Time since last: 1000545900 ns, Reaching safepoint: 428100 ns, At safepoint: 211000 ns, Total: 639100 ns
[2020-05-02T05:15:50.373+0000][1][safepoint    ] Safepoint "Cleanup", Time since last: 1000689500 ns, Reaching safepoint: 414100 ns, At safepoint: 218900 ns, Total: 633000 ns
[2020-05-02T05:15:51.373+0000][1][safepoint    ] Safepoint "Cleanup", Time since last: 1000574800 ns, Reaching safepoint: 140500 ns, At safepoint: 58700 ns, Total: 199200 ns
[2020-05-02T05:15:52.375+0000][1][safepoint    ] Safepoint "Cleanup", Time since last: 1000466700 ns, Reaching safepoint: 497700 ns, At safepoint: 249300 ns, Total: 747000 ns
[2020-05-02T05:15:53.375+0000][1][safepoint    ] Safepoint "Cleanup", Time since last: 1000377200 ns, Reaching safepoint: 131200 ns, At safepoint: 56800 ns, Total: 188000 ns
[2020-05-02T05:15:54.376+0000][1][safepoint    ] Safepoint "Cleanup", Time since last: 1000512800 ns, Reaching safepoint: 500300 ns, At safepoint: 196800 ns, Total: 697100 ns
[2020-05-02T05:15:55.377+0000][1][safepoint    ] Safepoint "Cleanup", Time since last: 1000542500 ns, Reaching safepoint: 428900 ns, At safepoint: 163500 ns, Total: 592400 ns
[2020-05-02T05:15:56.378+0000][1][safepoint    ] Safepoint "Cleanup", Time since last: 1000435000 ns, Reaching safepoint: 161800 ns, At safepoint: 65300 ns, Total: 227100 ns
[2020-05-02T05:15:57.379+0000][1][safepoint    ] Safepoint "Cleanup", Time since last: 1000240900 ns, Reaching safepoint: 131700 ns, At safepoint: 51600 ns, Total: 183300 ns
[2020-05-02T05:15:58.379+0000][1][safepoint    ] Safepoint "Cleanup", Time since last: 1000225400 ns, Reaching safepoint: 138500 ns, At safepoint: 45200 ns, Total: 183700 ns
[2020-05-02T05:15:59.379+0000][1][safepoint    ] Safepoint "Cleanup", Time since last: 1000173600 ns, Reaching safepoint: 167300 ns, At safepoint: 41700 ns, Total: 209000 ns
[2020-05-02T05:16:00.380+0000][1][safepoint    ] Safepoint "Cleanup", Time since last: 1000181300 ns, Reaching safepoint: 143800 ns, At safepoint: 27700 ns, Total: 171500 ns
[2020-05-02T05:16:01.380+0000][1][safepoint    ] Safepoint "Cleanup", Time since last: 1000256700 ns, Reaching safepoint: 187900 ns, At safepoint: 49300 ns, Total: 237200 ns
[2020-05-02T05:16:02.381+0000][1][safepoint    ] Safepoint "Cleanup", Time since last: 1000596000 ns, Reaching safepoint: 251000 ns, At safepoint: 58400 ns, Total: 309400 ns
[2020-05-02T05:16:03.382+0000][1][safepoint    ] Safepoint "Cleanup", Time since last: 1000305300 ns, Reaching safepoint: 183700 ns, At safepoint: 50700 ns, Total: 234400 ns
[2020-05-02T05:16:04.383+0000][1][safepoint    ] Safepoint "Cleanup", Time since last: 1000751100 ns, Reaching safepoint: 431700 ns, At safepoint: 137500 ns, Total: 569200 ns
[2020-05-02T05:16:05.384+0000][1][safepoint    ] Safepoint "Cleanup", Time since last: 1000882900 ns, Reaching safepoint: 395500 ns, At safepoint: 228000 ns, Total: 623500 ns
[2020-05-02T05:16:06.386+0000][1][safepoint    ] Safepoint "Cleanup", Time since last: 1000460900 ns, Reaching safepoint: 491600 ns, At safepoint: 132600 ns, Total: 624200 ns
[2020-05-02T05:16:07.386+0000][1][safepoint    ] Safepoint "Cleanup", Time since last: 1000424800 ns, Reaching safepoint: 161400 ns, At safepoint: 39700 ns, Total: 201100 ns
[2020-05-02T05:16:08.387+0000][1][safepoint    ] Safepoint "Cleanup", Time since last: 1000536000 ns, Reaching safepoint: 304700 ns, At safepoint: 96000 ns, Total: 400700 ns
[2020-05-02T05:16:09.388+0000][1][safepoint    ] Safepoint "Cleanup", Time since last: 1000477100 ns, Reaching safepoint: 498700 ns, At safepoint: 132500 ns, Total: 631200 ns
[2020-05-02T05:16:10.389+0000][1][safepoint    ] Safepoint "Cleanup", Time since last: 1000525900 ns, Reaching safepoint: 416500 ns, At safepoint: 126200 ns, Total: 542700 ns
[2020-05-02T05:16:11.390+0000][1][safepoint    ] Safepoint "Cleanup", Time since last: 1000288200 ns, Reaching safepoint: 128700 ns, At safepoint: 28300 ns, Total: 157000 ns
[2020-05-02T05:16:12.390+0000][1][safepoint    ] Safepoint "Cleanup", Time since last: 1000157000 ns, Reaching safepoint: 130900 ns, At safepoint: 27100 ns, Total: 158000 ns
[2020-05-02T05:16:13.391+0000][1][safepoint    ] Safepoint "Cleanup", Time since last: 1000253000 ns, Reaching safepoint: 467600 ns, At safepoint: 33300 ns, Total: 500900 ns
[2020-05-02T05:16:14.392+0000][1][safepoint    ] Safepoint "Cleanup", Time since last: 1000395000 ns, Reaching safepoint: 494400 ns, At safepoint: 141600 ns, Total: 636000 ns
[2020-05-02T05:16:15.393+0000][1][safepoint    ] Safepoint "Cleanup", Time since last: 1000868700 ns, Reaching safepoint: 432700 ns, At safepoint: 140600 ns, Total: 573300 ns
[2020-05-02T05:16:16.394+0000][1][safepoint    ] Safepoint "Cleanup", Time since last: 1000438600 ns, Reaching safepoint: 306100 ns, At safepoint: 98600 ns, Total: 404700 ns
[2020-05-02T05:16:17.395+0000][1][safepoint    ] Safepoint "Cleanup", Time since last: 1000565900 ns, Reaching safepoint: 230500 ns, At safepoint: 57700 ns, Total: 288200 ns
[2020-05-02T05:16:18.395+0000][1][safepoint    ] Safepoint "Cleanup", Time since last: 1000393800 ns, Reaching safepoint: 130700 ns, At safepoint: 30800 ns, Total: 161500 ns
[2020-05-02T05:16:19.396+0000][1][safepoint    ] Safepoint "Cleanup", Time since last: 1000173600 ns, Reaching safepoint: 126100 ns, At safepoint: 26700 ns, Total: 152800 ns
[2020-05-02T05:16:20.397+0000][1][safepoint    ] Safepoint "Cleanup", Time since last: 1000715400 ns, Reaching safepoint: 440300 ns, At safepoint: 143400 ns, Total: 583700 ns
[2020-05-02T05:16:21.398+0000][1][safepoint    ] Safepoint "Cleanup", Time since last: 1000630500 ns, Reaching safepoint: 171300 ns, At safepoint: 47500 ns, Total: 218800 ns
[2020-05-02T05:16:22.399+0000][1][safepoint    ] Safepoint "Cleanup", Time since last: 1000543500 ns, Reaching safepoint: 490400 ns, At safepoint: 130900 ns, Total: 621300 ns
[2020-05-02T05:16:23.400+0000][1][safepoint    ] Safepoint "Cleanup", Time since last: 1000497800 ns, Reaching safepoint: 411100 ns, At safepoint: 138000 ns, Total: 549100 ns
[2020-05-02T05:16:24.401+0000][1][safepoint    ] Safepoint "Cleanup", Time since last: 1000315600 ns, Reaching safepoint: 161900 ns, At safepoint: 33200 ns, Total: 195100 ns
[2020-05-02T05:16:25.402+0000][1][safepoint    ] Safepoint "Cleanup", Time since last: 1000504500 ns, Reaching safepoint: 366500 ns, At safepoint: 94000 ns, Total: 460500 ns
[2020-05-02T05:16:26.402+0000][1][safepoint    ] Safepoint "Cleanup", Time since last: 1000277800 ns, Reaching safepoint: 214800 ns, At safepoint: 54300 ns, Total: 269100 ns
[2020-05-02T05:16:27.403+0000][1][safepoint    ] Safepoint "Cleanup", Time since last: 1000321000 ns, Reaching safepoint: 139200 ns, At safepoint: 28100 ns, Total: 167300 ns
[2020-05-02T05:16:28.404+0000][1][safepoint    ] Safepoint "Cleanup", Time since last: 1000598700 ns, Reaching safepoint: 433100 ns, At safepoint: 135100 ns, Total: 568200 ns
[2020-05-02T05:16:29.405+0000][1][safepoint    ] Safepoint "Cleanup", Time since last: 1000497000 ns, Reaching safepoint: 427200 ns, At safepoint: 135600 ns, Total: 562800 ns
[2020-05-02T05:16:30.406+0000][1][safepoint    ] Safepoint "Cleanup", Time since last: 1000677300 ns, Reaching safepoint: 560400 ns, At safepoint: 126000 ns, Total: 686400 ns
[2020-05-02T05:16:31.411+0000][1][safepoint    ] Safepoint "Cleanup", Time since last: 1004072200 ns, Reaching safepoint: 488800 ns, At safepoint: 132800 ns, Total: 621600 ns
[2020-05-02T05:16:32.412+0000][1][safepoint    ] Safepoint "Cleanup", Time since last: 1000445400 ns, Reaching safepoint: 472600 ns, At safepoint: 181300 ns, Total: 653900 ns
[2020-05-02T05:16:33.413+0000][1][safepoint    ] Safepoint "Cleanup", Time since last: 1000312100 ns, Reaching safepoint: 132300 ns, At safepoint: 28100 ns, Total: 160400 ns
[2020-05-02T05:16:34.413+0000][1][safepoint    ] Safepoint "Cleanup", Time since last: 1000306500 ns, Reaching safepoint: 515500 ns, At safepoint: 126100 ns, Total: 641600 ns
[2020-05-02T05:16:35.415+0000][1][safepoint    ] Safepoint "Cleanup", Time since last: 1000943200 ns, Reaching safepoint: 435500 ns, At safepoint: 126700 ns, Total: 562200 ns
[2020-05-02T05:16:36.416+0000][1][safepoint    ] Safepoint "Cleanup", Time since last: 1000784400 ns, Reaching safepoint: 427800 ns, At safepoint: 135300 ns, Total: 563100 ns
[2020-05-02T05:16:37.417+0000][1][safepoint    ] Safepoint "Cleanup", Time since last: 1000425300 ns, Reaching safepoint: 492200 ns, At safepoint: 127000 ns, Total: 619200 ns
[2020-05-02T05:16:38.418+0000][1][safepoint    ] Safepoint "Cleanup", Time since last: 1000676900 ns, Reaching safepoint: 232900 ns, At safepoint: 65700 ns, Total: 298600 ns
[2020-05-02T05:16:39.419+0000][1][safepoint    ] Safepoint "Cleanup", Time since last: 1000351900 ns, Reaching safepoint: 355800 ns, At safepoint: 102400 ns, Total: 458200 ns
[2020-05-02T05:16:40.420+0000][1][safepoint    ] Safepoint "Cleanup", Time since last: 1000465900 ns, Reaching safepoint: 392500 ns, At safepoint: 119600 ns, Total: 512100 ns
[2020-05-02T05:16:41.421+0000][1][safepoint    ] Safepoint "Cleanup", Time since last: 1000492700 ns, Reaching safepoint: 555500 ns, At safepoint: 157200 ns, Total: 712700 ns
[2020-05-02T05:16:42.423+0000][1][safepoint    ] Safepoint "Cleanup", Time since last: 1000573600 ns, Reaching safepoint: 489700 ns, At safepoint: 156600 ns, Total: 646300 ns
[2020-05-02T05:16:43.423+0000][1][safepoint    ] Safepoint "Cleanup", Time since last: 1000694300 ns, Reaching safepoint: 178300 ns, At safepoint: 48700 ns, Total: 227000 ns
[2020-05-02T05:16:44.424+0000][1][safepoint    ] Safepoint "Cleanup", Time since last: 1000395900 ns, Reaching safepoint: 239700 ns, At safepoint: 29000 ns, Total: 268700 ns
[2020-05-02T05:16:45.425+0000][1][safepoint    ] Safepoint "Cleanup", Time since last: 1000209300 ns, Reaching safepoint: 155400 ns, At safepoint: 39700 ns, Total: 195100 ns
[2020-05-02T05:16:46.426+0000][1][safepoint    ] Safepoint "Cleanup", Time since last: 1000626400 ns, Reaching safepoint: 277700 ns, At safepoint: 84400 ns, Total: 362100 ns
[2020-05-02T05:16:47.427+0000][1][safepoint    ] Safepoint "Cleanup", Time since last: 1000404200 ns, Reaching safepoint: 432900 ns, At safepoint: 133300 ns, Total: 566200 ns
[2020-05-02T05:16:48.429+0000][1][safepoint    ] Safepoint "Cleanup", Time since last: 1002035300 ns, Reaching safepoint: 132000 ns, At safepoint: 27700 ns, Total: 159700 ns
[2020-05-02T05:16:49.429+0000][1][safepoint    ] Safepoint "Cleanup", Time since last: 1000297500 ns, Reaching safepoint: 336500 ns, At safepoint: 101600 ns, Total: 438100 ns
[2020-05-02T05:16:50.430+0000][1][safepoint    ] Safepoint "Cleanup", Time since last: 1000720000 ns, Reaching safepoint: 142700 ns, At safepoint: 36700 ns, Total: 179400 ns
[2020-05-02T05:16:51.431+0000][1][safepoint    ] Safepoint "Cleanup", Time since last: 1000341000 ns, Reaching safepoint: 433200 ns, At safepoint: 133800 ns, Total: 567000 ns
[2020-05-02T05:16:52.432+0000][1][safepoint    ] Safepoint "Cleanup", Time since last: 1000454100 ns, Reaching safepoint: 251700 ns, At safepoint: 74300 ns, Total: 326000 ns
[2020-05-02T05:16:53.433+0000][1][safepoint    ] Safepoint "Cleanup", Time since last: 1000259500 ns, Reaching safepoint: 165500 ns, At safepoint: 42300 ns, Total: 207800 ns
[2020-05-02T05:16:54.434+0000][1][safepoint    ] Safepoint "Cleanup", Time since last: 1000715600 ns, Reaching safepoint: 436500 ns, At safepoint: 136100 ns, Total: 572600 ns
[2020-05-02T05:16:55.435+0000][1][safepoint    ] Safepoint "Cleanup", Time since last: 1000585800 ns, Reaching safepoint: 330800 ns, At safepoint: 100300 ns, Total: 431100 ns
[2020-05-02T05:16:56.436+0000][1][safepoint    ] Safepoint "Cleanup", Time since last: 1000435100 ns, Reaching safepoint: 331800 ns, At safepoint: 98700 ns, Total: 430500 ns
[2020-05-02T05:16:57.436+0000][1][safepoint    ] Safepoint "Cleanup", Time since last: 1000262300 ns, Reaching safepoint: 129700 ns, At safepoint: 27500 ns, Total: 157200 ns
[2020-05-02T05:16:58.436+0000][1][safepoint    ] Safepoint "Cleanup", Time since last: 1000163000 ns, Reaching safepoint: 131700 ns, At safepoint: 28100 ns, Total: 159800 ns
[2020-05-02T05:16:59.437+0000][1][safepoint    ] Safepoint "Cleanup", Time since last: 1000291900 ns, Reaching safepoint: 242100 ns, At safepoint: 71500 ns, Total: 313600 ns
[2020-05-02T05:17:00.437+0000][1][safepoint    ] Safepoint "Cleanup", Time since last: 1000233000 ns, Reaching safepoint: 136100 ns, At safepoint: 29200 ns, Total: 165300 ns
[2020-05-02T05:17:01.438+0000][1][safepoint    ] Safepoint "Cleanup", Time since last: 1000235000 ns, Reaching safepoint: 148300 ns, At safepoint: 35000 ns, Total: 183300 ns
[2020-05-02T05:17:02.439+0000][1][safepoint    ] Safepoint "Cleanup", Time since last: 1000757300 ns, Reaching safepoint: 436800 ns, At safepoint: 139200 ns, Total: 576000 ns
[2020-05-02T05:17:03.441+0000][1][safepoint    ] Safepoint "Cleanup", Time since last: 1000836900 ns, Reaching safepoint: 436400 ns, At safepoint: 139400 ns, Total: 575800 ns
[2020-05-02T05:17:04.442+0000][1][safepoint    ] Safepoint "Cleanup", Time since last: 1000708100 ns, Reaching safepoint: 435300 ns, At safepoint: 135100 ns, Total: 570400 ns
[2020-05-02T05:17:05.442+0000][1][safepoint    ] Safepoint "Cleanup", Time since last: 1000401300 ns, Reaching safepoint: 127100 ns, At safepoint: 47500 ns, Total: 174600 ns
[2020-05-02T05:17:06.443+0000][1][safepoint    ] Safepoint "Cleanup", Time since last: 1000180600 ns, Reaching safepoint: 142200 ns, At safepoint: 29500 ns, Total: 171700 ns
[2020-05-02T05:17:07.443+0000][1][safepoint    ] Safepoint "Cleanup", Time since last: 1000164200 ns, Reaching safepoint: 133500 ns, At safepoint: 28800 ns, Total: 162300 ns
[2020-05-02T05:17:08.444+0000][1][safepoint    ] Safepoint "Cleanup", Time since last: 1000258200 ns, Reaching safepoint: 137500 ns, At safepoint: 30200 ns, Total: 167700 ns
[2020-05-02T05:17:09.445+0000][1][safepoint    ] Safepoint "Cleanup", Time since last: 1000342500 ns, Reaching safepoint: 548900 ns, At safepoint: 133200 ns, Total: 682100 ns
[2020-05-02T05:17:10.445+0000][1][safepoint    ] Safepoint "Cleanup", Time since last: 1000360000 ns, Reaching safepoint: 133900 ns, At safepoint: 31400 ns, Total: 165300 ns
[2020-05-02T05:17:11.446+0000][1][safepoint    ] Safepoint "Cleanup", Time since last: 1000302000 ns, Reaching safepoint: 424000 ns, At safepoint: 52300 ns, Total: 476300 ns
[2020-05-02T05:17:12.447+0000][1][safepoint    ] Safepoint "Cleanup", Time since last: 1000680900 ns, Reaching safepoint: 434600 ns, At safepoint: 130900 ns, Total: 565500 ns
[2020-05-02T05:17:13.448+0000][1][safepoint    ] Safepoint "Cleanup", Time since last: 1000330700 ns, Reaching safepoint: 134700 ns, At safepoint: 31800 ns, Total: 166500 ns
[2020-05-02T05:17:14.448+0000][1][safepoint    ] Safepoint "Cleanup", Time since last: 1000201800 ns, Reaching safepoint: 133900 ns, At safepoint: 31000 ns, Total: 164900 ns
[2020-05-02T05:17:15.449+0000][1][safepoint    ] Safepoint "Cleanup", Time since last: 1000498300 ns, Reaching safepoint: 131000 ns, At safepoint: 30100 ns, Total: 161100 ns
[2020-05-02T05:17:16.449+0000][1][safepoint    ] Safepoint "Cleanup", Time since last: 1000258100 ns, Reaching safepoint: 129900 ns, At safepoint: 29300 ns, Total: 159200 ns
[2020-05-02T05:17:17.450+0000][1][safepoint    ] Safepoint "Cleanup", Time since last: 1000500000 ns, Reaching safepoint: 141200 ns, At safepoint: 33500 ns, Total: 174700 ns
[2020-05-02T05:17:18.451+0000][1][safepoint    ] Safepoint "Cleanup", Time since last: 1000667600 ns, Reaching safepoint: 170600 ns, At safepoint: 47000 ns, Total: 217600 ns
[2020-05-02T05:17:19.451+0000][1][safepoint    ] Safepoint "Cleanup", Time since last: 1000233400 ns, Reaching safepoint: 287200 ns, At safepoint: 70300 ns, Total: 357500 ns
[2020-05-02T05:17:20.452+0000][1][safepoint    ] Safepoint "Cleanup", Time since last: 1000277500 ns, Reaching safepoint: 131400 ns, At safepoint: 31900 ns, Total: 163300 ns
[2020-05-02T05:17:21.452+0000][1][safepoint    ] Safepoint "Cleanup", Time since last: 1000194300 ns, Reaching safepoint: 150600 ns, At safepoint: 34600 ns, Total: 185200 ns
[2020-05-02T05:17:22.453+0000][1][safepoint    ] Safepoint "Cleanup", Time since last: 1000462100 ns, Reaching safepoint: 134300 ns, At safepoint: 32600 ns, Total: 166900 ns
[2020-05-02T05:17:23.453+0000][1][safepoint    ] Safepoint "Cleanup", Time since last: 1000171100 ns, Reaching safepoint: 161900 ns, At safepoint: 36900 ns, Total: 198800 ns
[2020-05-02T05:17:24.454+0000][1][safepoint    ] Safepoint "Cleanup", Time since last: 1000517400 ns, Reaching safepoint: 232200 ns, At safepoint: 66800 ns, Total: 299000 ns
[2020-05-02T05:17:25.455+0000][1][safepoint    ] Safepoint "Cleanup", Time since last: 1000415400 ns, Reaching safepoint: 524300 ns, At safepoint: 191600 ns, Total: 715900 ns
[2020-05-02T05:17:26.456+0000][1][safepoint    ] Safepoint "Cleanup", Time since last: 1000820600 ns, Reaching safepoint: 437000 ns, At safepoint: 143100 ns, Total: 580100 ns
[2020-05-02T05:17:27.457+0000][1][safepoint    ] Safepoint "Cleanup", Time since last: 1000297000 ns, Reaching safepoint: 211400 ns, At safepoint: 57100 ns, Total: 268500 ns
[2020-05-02T05:17:28.458+0000][1][safepoint    ] Safepoint "Cleanup", Time since last: 1000646800 ns, Reaching safepoint: 441300 ns, At safepoint: 137400 ns, Total: 578700 ns
[2020-05-02T05:17:29.459+0000][1][safepoint    ] Safepoint "Cleanup", Time since last: 1000434700 ns, Reaching safepoint: 449900 ns, At safepoint: 188100 ns, Total: 638000 ns
[2020-05-02T05:17:30.460+0000][1][safepoint    ] Safepoint "Cleanup", Time since last: 1000347000 ns, Reaching safepoint: 256300 ns, At safepoint: 51500 ns, Total: 307800 ns
[2020-05-02T05:17:31.463+0000][1][safepoint    ] Safepoint "Cleanup", Time since last: 1003190200 ns, Reaching safepoint: 253500 ns, At safepoint: 73900 ns, Total: 327400 ns
[2020-05-02T05:17:32.464+0000][1][safepoint    ] Safepoint "Cleanup", Time since last: 1000251400 ns, Reaching safepoint: 133300 ns, At safepoint: 32200 ns, Total: 165500 ns
[2020-05-02T05:17:33.465+0000][1][safepoint    ] Safepoint "Cleanup", Time since last: 1000614000 ns, Reaching safepoint: 206000 ns, At safepoint: 55500 ns, Total: 261500 ns
[2020-05-02T05:17:34.465+0000][1][safepoint    ] Safepoint "Cleanup", Time since last: 1000228700 ns, Reaching safepoint: 131600 ns, At safepoint: 31800 ns, Total: 163400 ns
[2020-05-02T05:17:35.466+0000][1][safepoint    ] Safepoint "Cleanup", Time since last: 1000277900 ns, Reaching safepoint: 143500 ns, At safepoint: 39000 ns, Total: 182500 ns
[2020-05-02T05:17:36.466+0000][1][safepoint    ] Safepoint "Cleanup", Time since last: 1000204800 ns, Reaching safepoint: 209000 ns, At safepoint: 32400 ns, Total: 241400 ns
[2020-05-02T05:17:37.466+0000][1][safepoint    ] Safepoint "Cleanup", Time since last: 1000203000 ns, Reaching safepoint: 127800 ns, At safepoint: 31900 ns, Total: 159700 ns
[2020-05-02T05:17:38.467+0000][1][safepoint    ] Safepoint "Cleanup", Time since last: 1000200500 ns, Reaching safepoint: 123900 ns, At safepoint: 31000 ns, Total: 154900 ns
[2020-05-02T05:17:39.467+0000][1][safepoint    ] Safepoint "Cleanup", Time since last: 1000194300 ns, Reaching safepoint: 359300 ns, At safepoint: 51900 ns, Total: 411200 ns
[2020-05-02T05:17:40.468+0000][1][safepoint    ] Safepoint "Cleanup", Time since last: 1000247800 ns, Reaching safepoint: 129700 ns, At safepoint: 31200 ns, Total: 160900 ns
[2020-05-02T05:17:41.469+0000][1][safepoint    ] Safepoint "Cleanup", Time since last: 1000378400 ns, Reaching safepoint: 456500 ns, At safepoint: 124600 ns, Total: 581100 ns
[2020-05-02T05:17:42.470+0000][1][safepoint    ] Safepoint "Cleanup", Time since last: 1000578800 ns, Reaching safepoint: 371000 ns, At safepoint: 123500 ns, Total: 494500 ns
[2020-05-02T05:17:43.470+0000][1][safepoint    ] Safepoint "Cleanup", Time since last: 1000372800 ns, Reaching safepoint: 190500 ns, At safepoint: 49600 ns, Total: 240100 ns
[2020-05-02T05:17:44.471+0000][1][safepoint    ] Safepoint "Cleanup", Time since last: 1000335400 ns, Reaching safepoint: 414700 ns, At safepoint: 129800 ns, Total: 544500 ns
[2020-05-02T05:17:45.472+0000][1][safepoint    ] Safepoint "Cleanup", Time since last: 1000500200 ns, Reaching safepoint: 401900 ns, At safepoint: 136800 ns, Total: 538700 ns
[2020-05-02T05:17:46.473+0000][1][safepoint    ] Safepoint "Cleanup", Time since last: 1000372600 ns, Reaching safepoint: 137400 ns, At safepoint: 32100 ns, Total: 169500 ns
[2020-05-02T05:17:47.473+0000][1][safepoint    ] Safepoint "Cleanup", Time since last: 1000263200 ns, Reaching safepoint: 194200 ns, At safepoint: 49100 ns, Total: 243300 ns
[2020-05-02T05:17:48.474+0000][1][safepoint    ] Safepoint "Cleanup", Time since last: 1000271000 ns, Reaching safepoint: 329000 ns, At safepoint: 38000 ns, Total: 367000 ns
[2020-05-02T05:17:49.475+0000][1][safepoint    ] Safepoint "Cleanup", Time since last: 1000454600 ns, Reaching safepoint: 398800 ns, At safepoint: 140600 ns, Total: 539400 ns
[2020-05-02T05:17:50.476+0000][1][safepoint    ] Safepoint "Cleanup", Time since last: 1000340700 ns, Reaching safepoint: 263400 ns, At safepoint: 79500 ns, Total: 342900 ns
[2020-05-02T05:17:51.476+0000][1][safepoint    ] Safepoint "Cleanup", Time since last: 1000526400 ns, Reaching safepoint: 165700 ns, At safepoint: 46000 ns, Total: 211700 ns
[2020-05-02T05:17:51.682+0000][1][gc,start     ] GC(30) Pause Young (Allocation Failure)
[2020-05-02T05:17:51.683+0000][1][gc,task      ] GC(30) Using 10 workers of 10 for evacuation
[2020-05-02T05:17:51.685+0000][1][gc,age       ] GC(30) Desired survivor size 8945664 bytes, new threshold 6 (max threshold 6)
[2020-05-02T05:17:51.685+0000][1][gc,age       ] GC(30) Age table with threshold 6 (max threshold 6)
[2020-05-02T05:17:51.685+0000][1][gc,age       ] GC(30) - age   1:      65832 bytes,      65832 total
[2020-05-02T05:17:51.685+0000][1][gc,age       ] GC(30) - age   2:       2600 bytes,      68432 total
[2020-05-02T05:17:51.685+0000][1][gc,age       ] GC(30) - age   3:      38904 bytes,     107336 total
[2020-05-02T05:17:51.685+0000][1][gc,age       ] GC(30) - age   4:      24264 bytes,     131600 total
[2020-05-02T05:17:51.685+0000][1][gc,age       ] GC(30) - age   5:      71672 bytes,     203272 total
[2020-05-02T05:17:51.685+0000][1][gc,age       ] GC(30) - age   6:      49432 bytes,     252704 total
[2020-05-02T05:17:51.685+0000][1][gc,heap      ] GC(30) ParNew: 140350K->381K(157248K)
[2020-05-02T05:17:51.685+0000][1][gc,heap      ] GC(30) CMS: 81428K->81524K(349568K)
[2020-05-02T05:17:51.685+0000][1][gc,metaspace ] GC(30) Metaspace: 96001K->96001K(1138688K)
[2020-05-02T05:17:51.685+0000][1][gc           ] GC(30) Pause Young (Allocation Failure) 216M->79M(494M) 2.829ms
[2020-05-02T05:17:51.685+0000][1][gc,cpu       ] GC(30) User=0.01s Sys=0.00s Real=0.01s
[2020-05-02T05:17:51.685+0000][1][safepoint    ] Safepoint "GenCollectForAllocation", Time since last: 205942000 ns, Reaching safepoint: 123700 ns, At safepoint: 2909000 ns, Total: 3032700 ns
[2020-05-02T05:17:52.686+0000][1][safepoint    ] Safepoint "Cleanup", Time since last: 1000131500 ns, Reaching safepoint: 128200 ns, At safepoint: 31000 ns, Total: 159200 ns
[2020-05-02T05:17:53.686+0000][1][safepoint    ] Safepoint "Cleanup", Time since last: 1000223700 ns, Reaching safepoint: 204100 ns, At safepoint: 67400 ns, Total: 271500 ns
[2020-05-02T05:17:54.687+0000][1][safepoint    ] Safepoint "Cleanup", Time since last: 1000221800 ns, Reaching safepoint: 142100 ns, At safepoint: 48000 ns, Total: 190100 ns
[2020-05-02T05:17:55.687+0000][1][safepoint    ] Safepoint "Cleanup", Time since last: 1000203200 ns, Reaching safepoint: 140800 ns, At safepoint: 41800 ns, Total: 182600 ns
[2020-05-02T05:17:56.687+0000][1][safepoint    ] Safepoint "Cleanup", Time since last: 1000186000 ns, Reaching safepoint: 136400 ns, At safepoint: 49200 ns, Total: 185600 ns
[2020-05-02T05:17:57.688+0000][1][safepoint    ] Safepoint "Cleanup", Time since last: 1000349800 ns, Reaching safepoint: 501200 ns, At safepoint: 250800 ns, Total: 752000 ns
[2020-05-02T05:17:58.690+0000][1][safepoint    ] Safepoint "Cleanup", Time since last: 1000559000 ns, Reaching safepoint: 505900 ns, At safepoint: 210400 ns, Total: 716300 ns
[2020-05-02T05:17:59.691+0000][1][safepoint    ] Safepoint "Cleanup", Time since last: 1000604700 ns, Reaching safepoint: 145000 ns, At safepoint: 53800 ns, Total: 198800 ns
[2020-05-02T05:18:00.692+0000][1][safepoint    ] Safepoint "Cleanup", Time since last: 1000432700 ns, Reaching safepoint: 666300 ns, At safepoint: 178100 ns, Total: 844400 ns
[2020-05-02T05:18:01.693+0000][1][safepoint    ] Safepoint "Cleanup", Time since last: 1000752500 ns, Reaching safepoint: 153300 ns, At safepoint: 51800 ns, Total: 205100 ns
[2020-05-02T05:18:02.694+0000][1][safepoint    ] Safepoint "Cleanup", Time since last: 1000518200 ns, Reaching safepoint: 619800 ns, At safepoint: 217900 ns, Total: 837700 ns
[2020-05-02T05:18:03.695+0000][1][safepoint    ] Safepoint "Cleanup", Time since last: 1000626200 ns, Reaching safepoint: 144600 ns, At safepoint: 46200 ns, Total: 190800 ns
[2020-05-02T05:18:04.696+0000][1][safepoint    ] Safepoint "Cleanup", Time since last: 1000329900 ns, Reaching safepoint: 296500 ns, At safepoint: 59100 ns, Total: 355600 ns
[2020-05-02T05:18:05.697+0000][1][safepoint    ] Safepoint "Cleanup", Time since last: 1000631700 ns, Reaching safepoint: 631300 ns, At safepoint: 204000 ns, Total: 835300 ns
[2020-05-02T05:18:06.698+0000][1][safepoint    ] Safepoint "Cleanup", Time since last: 1000533000 ns, Reaching safepoint: 245700 ns, At safepoint: 105200 ns, Total: 350900 ns
[2020-05-02T05:18:07.698+0000][1][safepoint    ] Safepoint "Cleanup", Time since last: 1000243300 ns, Reaching safepoint: 130300 ns, At safepoint: 45800 ns, Total: 176100 ns
[2020-05-02T05:18:08.699+0000][1][safepoint    ] Safepoint "Cleanup", Time since last: 1000215100 ns, Reaching safepoint: 190000 ns, At safepoint: 81600 ns, Total: 271600 ns
[2020-05-02T05:18:09.699+0000][1][safepoint    ] Safepoint "Cleanup", Time since last: 1000211200 ns, Reaching safepoint: 225000 ns, At safepoint: 45500 ns, Total: 270500 ns
[2020-05-02T05:18:10.701+0000][1][safepoint    ] Safepoint "Cleanup", Time since last: 1000635000 ns, Reaching safepoint: 446300 ns, At safepoint: 217100 ns, Total: 663400 ns
[2020-05-02T05:18:11.701+0000][1][safepoint    ] Safepoint "Cleanup", Time since last: 1000325400 ns, Reaching safepoint: 132200 ns, At safepoint: 47900 ns, Total: 180100 ns
[2020-05-02T05:18:12.702+0000][1][safepoint    ] Safepoint "Cleanup", Time since last: 1000204900 ns, Reaching safepoint: 233900 ns, At safepoint: 70300 ns, Total: 304200 ns
[2020-05-02T05:18:13.703+0000][1][safepoint    ] Safepoint "Cleanup", Time since last: 1000417500 ns, Reaching safepoint: 787700 ns, At safepoint: 196700 ns, Total: 984400 ns
[2020-05-02T05:18:14.704+0000][1][safepoint    ] Safepoint "Cleanup", Time since last: 1000359700 ns, Reaching safepoint: 260600 ns, At safepoint: 111300 ns, Total: 371900 ns
[2020-05-02T05:18:15.705+0000][1][safepoint    ] Safepoint "Cleanup", Time since last: 1000742200 ns, Reaching safepoint: 442000 ns, At safepoint: 204200 ns, Total: 646200 ns
[2020-05-02T05:18:16.706+0000][1][safepoint    ] Safepoint "Cleanup", Time since last: 1000408800 ns, Reaching safepoint: 417100 ns, At safepoint: 89200 ns, Total: 506300 ns
[2020-05-02T05:18:17.707+0000][1][safepoint    ] Safepoint "Cleanup", Time since last: 1000538800 ns, Reaching safepoint: 283300 ns, At safepoint: 70600 ns, Total: 353900 ns
[2020-05-02T05:18:18.708+0000][1][safepoint    ] Safepoint "Cleanup", Time since last: 1000306500 ns, Reaching safepoint: 260900 ns, At safepoint: 62900 ns, Total: 323800 ns
[2020-05-02T05:18:19.708+0000][1][safepoint    ] Safepoint "Cleanup", Time since last: 1000404100 ns, Reaching safepoint: 171600 ns, At safepoint: 46800 ns, Total: 218400 ns
[2020-05-02T05:18:20.709+0000][1][safepoint    ] Safepoint "Cleanup", Time since last: 1000509200 ns, Reaching safepoint: 213900 ns, At safepoint: 46800 ns, Total: 260700 ns
[2020-05-02T05:18:21.710+0000][1][safepoint    ] Safepoint "Cleanup", Time since last: 1000557300 ns, Reaching safepoint: 395900 ns, At safepoint: 107800 ns, Total: 503700 ns
[2020-05-02T05:18:22.711+0000][1][safepoint    ] Safepoint "Cleanup", Time since last: 1000265300 ns, Reaching safepoint: 128000 ns, At safepoint: 44000 ns, Total: 172000 ns
[2020-05-02T05:18:23.711+0000][1][safepoint    ] Safepoint "Cleanup", Time since last: 1000472100 ns, Reaching safepoint: 143800 ns, At safepoint: 45500 ns, Total: 189300 ns
[2020-05-02T05:18:24.712+0000][1][safepoint    ] Safepoint "Cleanup", Time since last: 1000225500 ns, Reaching safepoint: 131700 ns, At safepoint: 44600 ns, Total: 176300 ns
[2020-05-02T05:18:25.713+0000][1][safepoint    ] Safepoint "Cleanup", Time since last: 1000579900 ns, Reaching safepoint: 600300 ns, At safepoint: 204900 ns, Total: 805200 ns
[2020-05-02T05:18:26.714+0000][1][safepoint    ] Safepoint "Cleanup", Time since last: 1000733800 ns, Reaching safepoint: 228700 ns, At safepoint: 49800 ns, Total: 278500 ns
[2020-05-02T05:18:27.715+0000][1][safepoint    ] Safepoint "Cleanup", Time since last: 1000550100 ns, Reaching safepoint: 128300 ns, At safepoint: 45300 ns, Total: 173600 ns
[2020-05-02T05:18:28.716+0000][1][safepoint    ] Safepoint "Cleanup", Time since last: 1000611100 ns, Reaching safepoint: 402300 ns, At safepoint: 209500 ns, Total: 611800 ns
[2020-05-02T05:18:29.717+0000][1][safepoint    ] Safepoint "Cleanup", Time since last: 1000443700 ns, Reaching safepoint: 337400 ns, At safepoint: 163100 ns, Total: 500500 ns
[2020-05-02T05:18:30.718+0000][1][safepoint    ] Safepoint "Cleanup", Time since last: 1000352300 ns, Reaching safepoint: 266700 ns, At safepoint: 95000 ns, Total: 361700 ns
[2020-05-02T05:18:31.718+0000][1][safepoint    ] Safepoint "Cleanup", Time since last: 1000603200 ns, Reaching safepoint: 219800 ns, At safepoint: 53300 ns, Total: 273100 ns
[2020-05-02T05:18:32.719+0000][1][safepoint    ] Safepoint "Cleanup", Time since last: 1000682300 ns, Reaching safepoint: 138100 ns, At safepoint: 47800 ns, Total: 185900 ns
[2020-05-02T05:18:33.720+0000][1][safepoint    ] Safepoint "Cleanup", Time since last: 1000360900 ns, Reaching safepoint: 482800 ns, At safepoint: 231700 ns, Total: 714500 ns
[2020-05-02T05:18:34.721+0000][1][safepoint    ] Safepoint "Cleanup", Time since last: 1000318100 ns, Reaching safepoint: 180600 ns, At safepoint: 45000 ns, Total: 225600 ns
[2020-05-02T05:18:35.722+0000][1][safepoint    ] Safepoint "Cleanup", Time since last: 1000323800 ns, Reaching safepoint: 368000 ns, At safepoint: 177100 ns, Total: 545100 ns
[2020-05-02T05:18:36.723+0000][1][safepoint    ] Safepoint "Cleanup", Time since last: 1000571800 ns, Reaching safepoint: 630600 ns, At safepoint: 200600 ns, Total: 831200 ns
[2020-05-02T05:18:37.724+0000][1][safepoint    ] Safepoint "Cleanup", Time since last: 1000700300 ns, Reaching safepoint: 248200 ns, At safepoint: 74700 ns, Total: 322900 ns
[2020-05-02T05:18:38.725+0000][1][safepoint    ] Safepoint "Cleanup", Time since last: 1000275800 ns, Reaching safepoint: 238100 ns, At safepoint: 72700 ns, Total: 310800 ns
[2020-05-02T05:18:39.725+0000][1][safepoint    ] Safepoint "Cleanup", Time since last: 1000193300 ns, Reaching safepoint: 160100 ns, At safepoint: 62500 ns, Total: 222600 ns
[2020-05-02T05:18:40.726+0000][1][safepoint    ] Safepoint "Cleanup", Time since last: 1000420000 ns, Reaching safepoint: 160200 ns, At safepoint: 45100 ns, Total: 205300 ns
[2020-05-02T05:18:41.726+0000][1][safepoint    ] Safepoint "Cleanup", Time since last: 1000150300 ns, Reaching safepoint: 134300 ns, At safepoint: 47700 ns, Total: 182000 ns
[2020-05-02T05:18:42.728+0000][1][safepoint    ] Safepoint "Cleanup", Time since last: 1000738700 ns, Reaching safepoint: 618100 ns, At safepoint: 204900 ns, Total: 823000 ns
[2020-05-02T05:18:43.728+0000][1][safepoint    ] Safepoint "Cleanup", Time since last: 1000522900 ns, Reaching safepoint: 127600 ns, At safepoint: 44100 ns, Total: 171700 ns
[2020-05-02T05:18:44.729+0000][1][safepoint    ] Safepoint "Cleanup", Time since last: 1000314600 ns, Reaching safepoint: 365300 ns, At safepoint: 149200 ns, Total: 514500 ns
[2020-05-02T05:18:45.730+0000][1][safepoint    ] Safepoint "Cleanup", Time since last: 1000285900 ns, Reaching safepoint: 131700 ns, At safepoint: 48800 ns, Total: 180500 ns
[2020-05-02T05:18:46.730+0000][1][safepoint    ] Safepoint "Cleanup", Time since last: 1000222300 ns, Reaching safepoint: 126100 ns, At safepoint: 42200 ns, Total: 168300 ns
[2020-05-02T05:18:47.731+0000][1][safepoint    ] Safepoint "Cleanup", Time since last: 1000686100 ns, Reaching safepoint: 433900 ns, At safepoint: 204500 ns, Total: 638400 ns
[2020-05-02T05:18:48.732+0000][1][safepoint    ] Safepoint "Cleanup", Time since last: 1000561000 ns, Reaching safepoint: 125400 ns, At safepoint: 43700 ns, Total: 169100 ns
[2020-05-02T05:18:49.733+0000][1][safepoint    ] Safepoint "Cleanup", Time since last: 1000333000 ns, Reaching safepoint: 179900 ns, At safepoint: 61300 ns, Total: 241200 ns
[2020-05-02T05:18:50.734+0000][1][safepoint    ] Safepoint "Cleanup", Time since last: 1000360500 ns, Reaching safepoint: 489700 ns, At safepoint: 203100 ns, Total: 692800 ns
[2020-05-02T05:18:51.735+0000][1][safepoint    ] Safepoint "Cleanup", Time since last: 1000624500 ns, Reaching safepoint: 135900 ns, At safepoint: 49800 ns, Total: 185700 ns
[2020-05-02T05:18:52.736+0000][1][safepoint    ] Safepoint "Cleanup", Time since last: 1000484900 ns, Reaching safepoint: 385700 ns, At safepoint: 117100 ns, Total: 502800 ns
[2020-05-02T05:18:53.736+0000][1][safepoint    ] Safepoint "Cleanup", Time since last: 1000300700 ns, Reaching safepoint: 312100 ns, At safepoint: 149600 ns, Total: 461700 ns
[2020-05-02T05:18:54.737+0000][1][safepoint    ] Safepoint "Cleanup", Time since last: 1000758200 ns, Reaching safepoint: 141400 ns, At safepoint: 48900 ns, Total: 190300 ns
[2020-05-02T05:18:55.738+0000][1][safepoint    ] Safepoint "Cleanup", Time since last: 1000381900 ns, Reaching safepoint: 400500 ns, At safepoint: 212600 ns, Total: 613100 ns
[2020-05-02T05:18:56.740+0000][1][safepoint    ] Safepoint "Cleanup", Time since last: 1000507600 ns, Reaching safepoint: 567300 ns, At safepoint: 218500 ns, Total: 785800 ns
[2020-05-02T05:18:57.741+0000][1][safepoint    ] Safepoint "Cleanup", Time since last: 1000922000 ns, Reaching safepoint: 486100 ns, At safepoint: 132900 ns, Total: 619000 ns
[2020-05-02T05:18:58.742+0000][1][safepoint    ] Safepoint "Cleanup", Time since last: 1000408800 ns, Reaching safepoint: 487800 ns, At safepoint: 125700 ns, Total: 613500 ns
[2020-05-02T05:18:59.743+0000][1][safepoint    ] Safepoint "Cleanup", Time since last: 1000360000 ns, Reaching safepoint: 237000 ns, At safepoint: 86700 ns, Total: 323700 ns
[2020-05-02T05:19:00.744+0000][1][safepoint    ] Safepoint "Cleanup", Time since last: 1000608400 ns, Reaching safepoint: 260200 ns, At safepoint: 60400 ns, Total: 320600 ns
[2020-05-02T05:19:01.745+0000][1][safepoint    ] Safepoint "Cleanup", Time since last: 1000349100 ns, Reaching safepoint: 438500 ns, At safepoint: 44100 ns, Total: 482600 ns
[2020-05-02T05:19:02.746+0000][1][safepoint    ] Safepoint "Cleanup", Time since last: 1000687900 ns, Reaching safepoint: 430800 ns, At safepoint: 133900 ns, Total: 564700 ns
[2020-05-02T05:19:03.747+0000][1][safepoint    ] Safepoint "Cleanup", Time since last: 1000532600 ns, Reaching safepoint: 488400 ns, At safepoint: 211500 ns, Total: 699900 ns
[2020-05-02T05:19:04.749+0000][1][safepoint    ] Safepoint "Cleanup", Time since last: 1000824600 ns, Reaching safepoint: 407200 ns, At safepoint: 203500 ns, Total: 610700 ns
[2020-05-02T05:19:05.750+0000][1][safepoint    ] Safepoint "Cleanup", Time since last: 1000725100 ns, Reaching safepoint: 269000 ns, At safepoint: 63300 ns, Total: 332300 ns
[2020-05-02T05:19:06.751+0000][1][safepoint    ] Safepoint "Cleanup", Time since last: 1000353700 ns, Reaching safepoint: 684900 ns, At safepoint: 192300 ns, Total: 877200 ns
[2020-05-02T05:19:07.752+0000][1][safepoint    ] Safepoint "Cleanup", Time since last: 1000752800 ns, Reaching safepoint: 133000 ns, At safepoint: 33000 ns, Total: 166000 ns
[2020-05-02T05:19:08.752+0000][1][safepoint    ] Safepoint "Cleanup", Time since last: 1000169700 ns, Reaching safepoint: 139100 ns, At safepoint: 26400 ns, Total: 165500 ns
[2020-05-02T05:19:09.753+0000][1][safepoint    ] Safepoint "Cleanup", Time since last: 1000398100 ns, Reaching safepoint: 348300 ns, At safepoint: 144500 ns, Total: 492800 ns
[2020-05-02T05:19:10.753+0000][1][safepoint    ] Safepoint "Cleanup", Time since last: 1000259600 ns, Reaching safepoint: 141200 ns, At safepoint: 44600 ns, Total: 185800 ns
[2020-05-02T05:19:11.755+0000][1][safepoint    ] Safepoint "Cleanup", Time since last: 1000367700 ns, Reaching safepoint: 601300 ns, At safepoint: 121200 ns, Total: 722500 ns
[2020-05-02T05:19:12.756+0000][1][safepoint    ] Safepoint "Cleanup", Time since last: 1000892700 ns, Reaching safepoint: 422300 ns, At safepoint: 92600 ns, Total: 514900 ns
[2020-05-02T05:19:13.757+0000][1][safepoint    ] Safepoint "Cleanup", Time since last: 1000576600 ns, Reaching safepoint: 408200 ns, At safepoint: 128400 ns, Total: 536600 ns
[2020-05-02T05:19:14.758+0000][1][safepoint    ] Safepoint "Cleanup", Time since last: 1000460100 ns, Reaching safepoint: 120000 ns, At safepoint: 27100 ns, Total: 147100 ns
[2020-05-02T05:19:15.759+0000][1][safepoint    ] Safepoint "Cleanup", Time since last: 1000528700 ns, Reaching safepoint: 406200 ns, At safepoint: 127900 ns, Total: 534100 ns
[2020-05-02T05:19:16.760+0000][1][safepoint    ] Safepoint "Cleanup", Time since last: 1000443300 ns, Reaching safepoint: 497600 ns, At safepoint: 128600 ns, Total: 626200 ns
[2020-05-02T05:19:17.761+0000][1][safepoint    ] Safepoint "Cleanup", Time since last: 1000683200 ns, Reaching safepoint: 137700 ns, At safepoint: 34800 ns, Total: 172500 ns
[2020-05-02T05:19:18.762+0000][1][safepoint    ] Safepoint "Cleanup", Time since last: 1000224800 ns, Reaching safepoint: 707000 ns, At safepoint: 90800 ns, Total: 797800 ns
[2020-05-02T05:19:19.763+0000][1][safepoint    ] Safepoint "Cleanup", Time since last: 1000431400 ns, Reaching safepoint: 383300 ns, At safepoint: 99000 ns, Total: 482300 ns
[2020-05-02T05:19:20.763+0000][1][safepoint    ] Safepoint "Cleanup", Time since last: 1000409100 ns, Reaching safepoint: 146700 ns, At safepoint: 36800 ns, Total: 183500 ns
[2020-05-02T05:19:21.764+0000][1][safepoint    ] Safepoint "Cleanup", Time since last: 1000682200 ns, Reaching safepoint: 216200 ns, At safepoint: 64600 ns, Total: 280800 ns
[2020-05-02T05:19:22.764+0000][1][safepoint    ] Safepoint "Cleanup", Time since last: 1000215300 ns, Reaching safepoint: 120500 ns, At safepoint: 27000 ns, Total: 147500 ns
[2020-05-02T05:19:23.765+0000][1][safepoint    ] Safepoint "Cleanup", Time since last: 1000673600 ns, Reaching safepoint: 125600 ns, At safepoint: 30500 ns, Total: 156100 ns
[2020-05-02T05:19:24.766+0000][1][safepoint    ] Safepoint "Cleanup", Time since last: 1000497900 ns, Reaching safepoint: 172600 ns, At safepoint: 43600 ns, Total: 216200 ns
[2020-05-02T05:19:25.767+0000][1][safepoint    ] Safepoint "Cleanup", Time since last: 1000486800 ns, Reaching safepoint: 163700 ns, At safepoint: 37800 ns, Total: 201500 ns
[2020-05-02T05:19:26.768+0000][1][safepoint    ] Safepoint "Cleanup", Time since last: 1000383300 ns, Reaching safepoint: 406400 ns, At safepoint: 135900 ns, Total: 542300 ns
[2020-05-02T05:19:27.769+0000][1][safepoint    ] Safepoint "Cleanup", Time since last: 1000768500 ns, Reaching safepoint: 237500 ns, At safepoint: 72400 ns, Total: 309900 ns
[2020-05-02T05:19:28.769+0000][1][safepoint    ] Safepoint "Cleanup", Time since last: 1000421100 ns, Reaching safepoint: 148900 ns, At safepoint: 39900 ns, Total: 188800 ns
[2020-05-02T05:19:29.770+0000][1][safepoint    ] Safepoint "Cleanup", Time since last: 1000688300 ns, Reaching safepoint: 125200 ns, At safepoint: 30100 ns, Total: 155300 ns
[2020-05-02T05:19:30.771+0000][1][safepoint    ] Safepoint "Cleanup", Time since last: 1000718600 ns, Reaching safepoint: 378300 ns, At safepoint: 122100 ns, Total: 500400 ns
[2020-05-02T05:19:31.773+0000][1][safepoint    ] Safepoint "Cleanup", Time since last: 1000787700 ns, Reaching safepoint: 432100 ns, At safepoint: 135200 ns, Total: 567300 ns
[2020-05-02T05:19:32.774+0000][1][safepoint    ] Safepoint "Cleanup", Time since last: 1000899600 ns, Reaching safepoint: 407800 ns, At safepoint: 178700 ns, Total: 586500 ns
[2020-05-02T05:19:33.775+0000][1][safepoint    ] Safepoint "Cleanup", Time since last: 1000905200 ns, Reaching safepoint: 122800 ns, At safepoint: 30300 ns, Total: 153100 ns
[2020-05-02T05:19:34.776+0000][1][safepoint    ] Safepoint "Cleanup", Time since last: 1000220700 ns, Reaching safepoint: 132300 ns, At safepoint: 33300 ns, Total: 165600 ns
[2020-05-02T05:19:35.776+0000][1][safepoint    ] Safepoint "Cleanup", Time since last: 1000271000 ns, Reaching safepoint: 173100 ns, At safepoint: 30200 ns, Total: 203300 ns
[2020-05-02T05:19:36.776+0000][1][safepoint    ] Safepoint "Cleanup", Time since last: 1000162600 ns, Reaching safepoint: 139500 ns, At safepoint: 39500 ns, Total: 179000 ns
[2020-05-02T05:19:37.777+0000][1][safepoint    ] Safepoint "Cleanup", Time since last: 1000218300 ns, Reaching safepoint: 133200 ns, At safepoint: 29800 ns, Total: 163000 ns
[2020-05-02T05:19:38.778+0000][1][safepoint    ] Safepoint "Cleanup", Time since last: 1000346900 ns, Reaching safepoint: 452200 ns, At safepoint: 146100 ns, Total: 598300 ns
[2020-05-02T05:19:39.779+0000][1][safepoint    ] Safepoint "Cleanup", Time since last: 1000529900 ns, Reaching safepoint: 344200 ns, At safepoint: 54700 ns, Total: 398900 ns
[2020-05-02T05:19:40.779+0000][1][safepoint    ] Safepoint "Cleanup", Time since last: 1000303700 ns, Reaching safepoint: 275500 ns, At safepoint: 47300 ns, Total: 322800 ns
[2020-05-02T05:19:41.781+0000][1][safepoint    ] Safepoint "Cleanup", Time since last: 1000746600 ns, Reaching safepoint: 446700 ns, At safepoint: 138300 ns, Total: 585000 ns
[2020-05-02T05:19:42.782+0000][1][safepoint    ] Safepoint "Cleanup", Time since last: 1000475600 ns, Reaching safepoint: 499100 ns, At safepoint: 129500 ns, Total: 628600 ns
[2020-05-02T05:19:43.783+0000][1][safepoint    ] Safepoint "Cleanup", Time since last: 1000760700 ns, Reaching safepoint: 429500 ns, At safepoint: 136300 ns, Total: 565800 ns
[2020-05-02T05:19:44.785+0000][1][safepoint    ] Safepoint "Cleanup", Time since last: 1000831200 ns, Reaching safepoint: 451400 ns, At safepoint: 132200 ns, Total: 583600 ns
[2020-05-02T05:19:45.785+0000][1][safepoint    ] Safepoint "Cleanup", Time since last: 1000450600 ns, Reaching safepoint: 136400 ns, At safepoint: 27400 ns, Total: 163800 ns
[2020-05-02T05:19:46.786+0000][1][safepoint    ] Safepoint "Cleanup", Time since last: 1000583400 ns, Reaching safepoint: 123700 ns, At safepoint: 30600 ns, Total: 154300 ns
[2020-05-02T05:19:47.787+0000][1][safepoint    ] Safepoint "Cleanup", Time since last: 1000847400 ns, Reaching safepoint: 409700 ns, At safepoint: 135900 ns, Total: 545600 ns
[2020-05-02T05:19:48.788+0000][1][safepoint    ] Safepoint "Cleanup", Time since last: 1000738300 ns, Reaching safepoint: 132900 ns, At safepoint: 33200 ns, Total: 166100 ns
[2020-05-02T05:19:49.789+0000][1][safepoint    ] Safepoint "Cleanup", Time since last: 1000595200 ns, Reaching safepoint: 434100 ns, At safepoint: 135700 ns, Total: 569800 ns
[2020-05-02T05:19:50.790+0000][1][safepoint    ] Safepoint "Cleanup", Time since last: 1000479400 ns, Reaching safepoint: 126200 ns, At safepoint: 28500 ns, Total: 154700 ns
[2020-05-02T05:19:51.790+0000][1][safepoint    ] Safepoint "Cleanup", Time since last: 1000187100 ns, Reaching safepoint: 160600 ns, At safepoint: 26100 ns, Total: 186700 ns
[2020-05-02T05:19:52.795+0000][1][safepoint    ] Safepoint "Cleanup", Time since last: 1003556200 ns, Reaching safepoint: 451800 ns, At safepoint: 121900 ns, Total: 573700 ns
[2020-05-02T05:19:53.795+0000][1][safepoint    ] Safepoint "Cleanup", Time since last: 1000609200 ns, Reaching safepoint: 129700 ns, At safepoint: 31500 ns, Total: 161200 ns
[2020-05-02T05:19:54.796+0000][1][safepoint    ] Safepoint "Cleanup", Time since last: 1000409700 ns, Reaching safepoint: 584500 ns, At safepoint: 132100 ns, Total: 716600 ns
[2020-05-02T05:19:55.797+0000][1][safepoint    ] Safepoint "Cleanup", Time since last: 1000315300 ns, Reaching safepoint: 118100 ns, At safepoint: 26600 ns, Total: 144700 ns
[2020-05-02T05:19:56.798+0000][1][safepoint    ] Safepoint "Cleanup", Time since last: 1000665100 ns, Reaching safepoint: 163900 ns, At safepoint: 28900 ns, Total: 192800 ns
[2020-05-02T05:19:57.802+0000][1][safepoint    ] Safepoint "Cleanup", Time since last: 1003244100 ns, Reaching safepoint: 426200 ns, At safepoint: 137500 ns, Total: 563700 ns
[2020-05-02T05:19:58.802+0000][1][safepoint    ] Safepoint "Cleanup", Time since last: 1000632900 ns, Reaching safepoint: 183700 ns, At safepoint: 49600 ns, Total: 233300 ns
[2020-05-02T05:19:59.804+0000][1][safepoint    ] Safepoint "Cleanup", Time since last: 1000630500 ns, Reaching safepoint: 433200 ns, At safepoint: 141400 ns, Total: 574600 ns
[2020-05-02T05:20:00.805+0000][1][safepoint    ] Safepoint "Cleanup", Time since last: 1000587400 ns, Reaching safepoint: 390700 ns, At safepoint: 55800 ns, Total: 446500 ns
[2020-05-02T05:20:01.805+0000][1][safepoint    ] Safepoint "Cleanup", Time since last: 1000252000 ns, Reaching safepoint: 118500 ns, At safepoint: 24300 ns, Total: 142800 ns
[2020-05-02T05:20:02.805+0000][1][safepoint    ] Safepoint "Cleanup", Time since last: 1000155800 ns, Reaching safepoint: 122000 ns, At safepoint: 25800 ns, Total: 147800 ns
[2020-05-02T05:20:03.806+0000][1][safepoint    ] Safepoint "Cleanup", Time since last: 1000227500 ns, Reaching safepoint: 211500 ns, At safepoint: 43700 ns, Total: 255200 ns
[2020-05-02T05:20:04.807+0000][1][safepoint    ] Safepoint "Cleanup", Time since last: 1000329300 ns, Reaching safepoint: 409300 ns, At safepoint: 128900 ns, Total: 538200 ns
[2020-05-02T05:20:06.464+0000][1][safepoint    ] Safepoint "Cleanup", Time since last: 1657486300 ns, Reaching safepoint: 221100 ns, At safepoint: 49300 ns, Total: 270400 ns
[2020-05-02T05:20:07.465+0000][1][safepoint    ] Safepoint "Cleanup", Time since last: 1000396600 ns, Reaching safepoint: 430300 ns, At safepoint: 128700 ns, Total: 559000 ns
[2020-05-02T05:20:08.466+0000][1][safepoint    ] Safepoint "Cleanup", Time since last: 1000321500 ns, Reaching safepoint: 138900 ns, At safepoint: 34300 ns, Total: 173200 ns
[2020-05-02T05:20:09.467+0000][1][safepoint    ] Safepoint "Cleanup", Time since last: 1000528800 ns, Reaching safepoint: 365200 ns, At safepoint: 116400 ns, Total: 481600 ns
[2020-05-02T05:20:10.467+0000][1][safepoint    ] Safepoint "Cleanup", Time since last: 1000271900 ns, Reaching safepoint: 122700 ns, At safepoint: 27400 ns, Total: 150100 ns
[2020-05-02T05:20:11.468+0000][1][safepoint    ] Safepoint "Cleanup", Time since last: 1000126100 ns, Reaching safepoint: 120500 ns, At safepoint: 35300 ns, Total: 155800 ns
[2020-05-02T05:20:12.468+0000][1][safepoint    ] Safepoint "Cleanup", Time since last: 1000404000 ns, Reaching safepoint: 123100 ns, At safepoint: 29700 ns, Total: 152800 ns
[2020-05-02T05:20:13.469+0000][1][safepoint    ] Safepoint "Cleanup", Time since last: 1000509100 ns, Reaching safepoint: 425100 ns, At safepoint: 136300 ns, Total: 561400 ns
[2020-05-02T05:20:14.470+0000][1][safepoint    ] Safepoint "Cleanup", Time since last: 1000477900 ns, Reaching safepoint: 390600 ns, At safepoint: 134900 ns, Total: 525500 ns
[2020-05-02T05:20:15.471+0000][1][safepoint    ] Safepoint "Cleanup", Time since last: 1000629500 ns, Reaching safepoint: 316700 ns, At safepoint: 96900 ns, Total: 413600 ns
[2020-05-02T05:20:16.472+0000][1][safepoint    ] Safepoint "Cleanup", Time since last: 1000361300 ns, Reaching safepoint: 403100 ns, At safepoint: 97200 ns, Total: 500300 ns
[2020-05-02T05:20:17.473+0000][1][safepoint    ] Safepoint "Cleanup", Time since last: 1000225400 ns, Reaching safepoint: 142100 ns, At safepoint: 27600 ns, Total: 169700 ns
[2020-05-02T05:20:18.473+0000][1][safepoint    ] Safepoint "Cleanup", Time since last: 1000162000 ns, Reaching safepoint: 122400 ns, At safepoint: 27900 ns, Total: 150300 ns
[2020-05-02T05:20:19.474+0000][1][safepoint    ] Safepoint "Cleanup", Time since last: 1000562800 ns, Reaching safepoint: 427200 ns, At safepoint: 135900 ns, Total: 563100 ns
[2020-05-02T05:20:20.475+0000][1][safepoint    ] Safepoint "Cleanup", Time since last: 1000468600 ns, Reaching safepoint: 471300 ns, At safepoint: 204600 ns, Total: 675900 ns
[2020-05-02T05:20:21.476+0000][1][safepoint    ] Safepoint "Cleanup", Time since last: 1000503200 ns, Reaching safepoint: 236200 ns, At safepoint: 74300 ns, Total: 310500 ns
[2020-05-02T05:20:22.476+0000][1][safepoint    ] Safepoint "Cleanup", Time since last: 1000211400 ns, Reaching safepoint: 295600 ns, At safepoint: 52800 ns, Total: 348400 ns
[2020-05-02T05:20:23.477+0000][1][safepoint    ] Safepoint "Cleanup", Time since last: 1000277200 ns, Reaching safepoint: 202600 ns, At safepoint: 63700 ns, Total: 266300 ns
[2020-05-02T05:20:24.478+0000][1][safepoint    ] Safepoint "Cleanup", Time since last: 1000473800 ns, Reaching safepoint: 231300 ns, At safepoint: 55600 ns, Total: 286900 ns
[2020-05-02T05:20:25.479+0000][1][safepoint    ] Safepoint "Cleanup", Time since last: 1000540900 ns, Reaching safepoint: 180800 ns, At safepoint: 42200 ns, Total: 223000 ns
[2020-05-02T05:20:26.479+0000][1][safepoint    ] Safepoint "Cleanup", Time since last: 1000228700 ns, Reaching safepoint: 158600 ns, At safepoint: 34800 ns, Total: 193400 ns
[2020-05-02T05:20:27.480+0000][1][safepoint    ] Safepoint "Cleanup", Time since last: 1000483600 ns, Reaching safepoint: 131400 ns, At safepoint: 32400 ns, Total: 163800 ns
[2020-05-02T05:20:28.481+0000][1][safepoint    ] Safepoint "Cleanup", Time since last: 1000602100 ns, Reaching safepoint: 249800 ns, At safepoint: 73700 ns, Total: 323500 ns
[2020-05-02T05:20:29.481+0000][1][safepoint    ] Safepoint "Cleanup", Time since last: 1000326400 ns, Reaching safepoint: 249000 ns, At safepoint: 71700 ns, Total: 320700 ns
[2020-05-02T05:20:30.482+0000][1][safepoint    ] Safepoint "Cleanup", Time since last: 1000706800 ns, Reaching safepoint: 123400 ns, At safepoint: 29700 ns, Total: 153100 ns
[2020-05-02T05:20:31.483+0000][1][safepoint    ] Safepoint "Cleanup", Time since last: 1000663100 ns, Reaching safepoint: 121700 ns, At safepoint: 30000 ns, Total: 151700 ns
[2020-05-02T05:20:32.484+0000][1][safepoint    ] Safepoint "Cleanup", Time since last: 1000559900 ns, Reaching safepoint: 428600 ns, At safepoint: 133600 ns, Total: 562200 ns
[2020-05-02T05:20:33.485+0000][1][safepoint    ] Safepoint "Cleanup", Time since last: 1000279800 ns, Reaching safepoint: 185600 ns, At safepoint: 51400 ns, Total: 237000 ns
[2020-05-02T05:20:34.486+0000][1][safepoint    ] Safepoint "Cleanup", Time since last: 1000418500 ns, Reaching safepoint: 501600 ns, At safepoint: 130800 ns, Total: 632400 ns
[2020-05-02T05:20:35.487+0000][1][safepoint    ] Safepoint "Cleanup", Time since last: 1000618700 ns, Reaching safepoint: 428700 ns, At safepoint: 133700 ns, Total: 562400 ns
[2020-05-02T05:20:36.488+0000][1][safepoint    ] Safepoint "Cleanup", Time since last: 1000455100 ns, Reaching safepoint: 488700 ns, At safepoint: 125800 ns, Total: 614500 ns
[2020-05-02T05:20:37.488+0000][1][safepoint    ] Safepoint "Cleanup", Time since last: 1000415200 ns, Reaching safepoint: 119700 ns, At safepoint: 26800 ns, Total: 146500 ns
[2020-05-02T05:20:38.489+0000][1][safepoint    ] Safepoint "Cleanup", Time since last: 1000296000 ns, Reaching safepoint: 508300 ns, At safepoint: 132700 ns, Total: 641000 ns
[2020-05-02T05:20:39.490+0000][1][safepoint    ] Safepoint "Cleanup", Time since last: 1000380500 ns, Reaching safepoint: 289400 ns, At safepoint: 68200 ns, Total: 357600 ns
[2020-05-02T05:20:40.491+0000][1][safepoint    ] Safepoint "Cleanup", Time since last: 1000451200 ns, Reaching safepoint: 431600 ns, At safepoint: 136500 ns, Total: 568100 ns
[2020-05-02T05:20:41.492+0000][1][safepoint    ] Safepoint "Cleanup", Time since last: 1000851000 ns, Reaching safepoint: 137100 ns, At safepoint: 29700 ns, Total: 166800 ns
[2020-05-02T05:20:42.493+0000][1][safepoint    ] Safepoint "Cleanup", Time since last: 1000163300 ns, Reaching safepoint: 210700 ns, At safepoint: 55300 ns, Total: 266000 ns
[2020-05-02T05:20:43.494+0000][1][safepoint    ] Safepoint "Cleanup", Time since last: 1000729100 ns, Reaching safepoint: 546500 ns, At safepoint: 140400 ns, Total: 686900 ns
[2020-05-02T05:20:44.495+0000][1][safepoint    ] Safepoint "Cleanup", Time since last: 1000417800 ns, Reaching safepoint: 164000 ns, At safepoint: 32600 ns, Total: 196600 ns
[2020-05-02T05:20:45.496+0000][1][safepoint    ] Safepoint "Cleanup", Time since last: 1000449100 ns, Reaching safepoint: 430200 ns, At safepoint: 130500 ns, Total: 560700 ns
[2020-05-02T05:20:46.497+0000][1][safepoint    ] Safepoint "Cleanup", Time since last: 1000944700 ns, Reaching safepoint: 406000 ns, At safepoint: 133900 ns, Total: 539900 ns
[2020-05-02T05:20:47.487+0000][1][gc,start     ] GC(31) Pause Young (Allocation Failure)
[2020-05-02T05:20:47.487+0000][1][gc,task      ] GC(31) Using 10 workers of 10 for evacuation
[2020-05-02T05:20:47.496+0000][1][gc,age       ] GC(31) Desired survivor size 8945664 bytes, new threshold 6 (max threshold 6)
[2020-05-02T05:20:47.496+0000][1][gc,age       ] GC(31) Age table with threshold 6 (max threshold 6)
[2020-05-02T05:20:47.496+0000][1][gc,age       ] GC(31) - age   1:     143984 bytes,     143984 total
[2020-05-02T05:20:47.497+0000][1][gc,age       ] GC(31) - age   2:      10248 bytes,     154232 total
[2020-05-02T05:20:47.497+0000][1][gc,age       ] GC(31) - age   3:       2480 bytes,     156712 total
[2020-05-02T05:20:47.497+0000][1][gc,age       ] GC(31) - age   4:      38784 bytes,     195496 total
[2020-05-02T05:20:47.497+0000][1][gc,age       ] GC(31) - age   5:      24264 bytes,     219760 total
[2020-05-02T05:20:47.497+0000][1][gc,age       ] GC(31) - age   6:      71672 bytes,     291432 total
[2020-05-02T05:20:47.497+0000][1][gc,heap      ] GC(31) ParNew: 140157K->356K(157248K)
[2020-05-02T05:20:47.497+0000][1][gc,heap      ] GC(31) CMS: 81524K->81572K(349568K)
[2020-05-02T05:20:47.497+0000][1][gc,metaspace ] GC(31) Metaspace: 96075K->96075K(1138688K)
[2020-05-02T05:20:47.497+0000][1][gc           ] GC(31) Pause Young (Allocation Failure) 216M->80M(494M) 10.171ms
[2020-05-02T05:20:47.497+0000][1][gc,cpu       ] GC(31) User=0.03s Sys=0.00s Real=0.01s
[2020-05-02T05:20:47.497+0000][1][safepoint    ] Safepoint "GenCollectForAllocation", Time since last: 989091700 ns, Reaching safepoint: 510800 ns, At safepoint: 10680500 ns, Total: 11191300 ns
[2020-05-02T05:20:48.499+0000][1][safepoint    ] Safepoint "Cleanup", Time since last: 1000941500 ns, Reaching safepoint: 430500 ns, At safepoint: 139400 ns, Total: 569900 ns
[2020-05-02T05:20:49.500+0000][1][safepoint    ] Safepoint "Cleanup", Time since last: 1000624200 ns, Reaching safepoint: 156200 ns, At safepoint: 40000 ns, Total: 196200 ns
[2020-05-02T05:20:50.501+0000][1][safepoint    ] Safepoint "Cleanup", Time since last: 1000641300 ns, Reaching safepoint: 246300 ns, At safepoint: 37200 ns, Total: 283500 ns
[2020-05-02T05:20:51.502+0000][1][safepoint    ] Safepoint "Cleanup", Time since last: 1000623100 ns, Reaching safepoint: 442900 ns, At safepoint: 222500 ns, Total: 665400 ns
[2020-05-02T05:20:52.503+0000][1][safepoint    ] Safepoint "Cleanup", Time since last: 1000528300 ns, Reaching safepoint: 428700 ns, At safepoint: 150500 ns, Total: 579200 ns
[2020-05-02T05:20:53.504+0000][1][safepoint    ] Safepoint "Cleanup", Time since last: 1000783600 ns, Reaching safepoint: 193800 ns, At safepoint: 45300 ns, Total: 239100 ns
[2020-05-02T05:20:54.505+0000][1][safepoint    ] Safepoint "Cleanup", Time since last: 1000431500 ns, Reaching safepoint: 634200 ns, At safepoint: 140000 ns, Total: 774200 ns
[2020-05-02T05:20:55.506+0000][1][safepoint    ] Safepoint "Cleanup", Time since last: 1000465900 ns, Reaching safepoint: 158600 ns, At safepoint: 40600 ns, Total: 199200 ns
[2020-05-02T05:20:56.507+0000][1][safepoint    ] Safepoint "Cleanup", Time since last: 1000594600 ns, Reaching safepoint: 408400 ns, At safepoint: 131500 ns, Total: 539900 ns
[2020-05-02T05:20:57.508+0000][1][safepoint    ] Safepoint "Cleanup", Time since last: 1000574500 ns, Reaching safepoint: 529700 ns, At safepoint: 135400 ns, Total: 665100 ns
[2020-05-02T05:20:58.510+0000][1][safepoint    ] Safepoint "Cleanup", Time since last: 1000893200 ns, Reaching safepoint: 488500 ns, At safepoint: 134700 ns, Total: 623200 ns
[2020-05-02T05:20:59.510+0000][1][safepoint    ] Safepoint "Cleanup", Time since last: 1000318500 ns, Reaching safepoint: 153200 ns, At safepoint: 39000 ns, Total: 192200 ns
[2020-05-02T05:21:00.511+0000][1][safepoint    ] Safepoint "Cleanup", Time since last: 1000331300 ns, Reaching safepoint: 599200 ns, At safepoint: 142500 ns, Total: 741700 ns
[2020-05-02T05:21:01.512+0000][1][safepoint    ] Safepoint "Cleanup", Time since last: 1000506700 ns, Reaching safepoint: 375600 ns, At safepoint: 112600 ns, Total: 488200 ns
[2020-05-02T05:21:02.514+0000][1][safepoint    ] Safepoint "Cleanup", Time since last: 1000677500 ns, Reaching safepoint: 434500 ns, At safepoint: 135200 ns, Total: 569700 ns
[2020-05-02T05:21:03.515+0000][1][safepoint    ] Safepoint "Cleanup", Time since last: 1000877600 ns, Reaching safepoint: 433200 ns, At safepoint: 133300 ns, Total: 566500 ns
[2020-05-02T05:21:04.516+0000][1][safepoint    ] Safepoint "Cleanup", Time since last: 1000845700 ns, Reaching safepoint: 140700 ns, At safepoint: 36400 ns, Total: 177100 ns
[2020-05-02T05:21:05.517+0000][1][safepoint    ] Safepoint "Cleanup", Time since last: 1000431400 ns, Reaching safepoint: 410100 ns, At safepoint: 132500 ns, Total: 542600 ns
[2020-05-02T05:21:06.518+0000][1][safepoint    ] Safepoint "Cleanup", Time since last: 1000460700 ns, Reaching safepoint: 175700 ns, At safepoint: 41100 ns, Total: 216800 ns
[2020-05-02T05:21:07.519+0000][1][safepoint    ] Safepoint "Cleanup", Time since last: 1000721400 ns, Reaching safepoint: 430500 ns, At safepoint: 140600 ns, Total: 571100 ns
[2020-05-02T05:21:08.520+0000][1][safepoint    ] Safepoint "Cleanup", Time since last: 1000549200 ns, Reaching safepoint: 132900 ns, At safepoint: 32800 ns, Total: 165700 ns
[2020-05-02T05:21:09.520+0000][1][safepoint    ] Safepoint "Cleanup", Time since last: 1000194300 ns, Reaching safepoint: 137700 ns, At safepoint: 40500 ns, Total: 178200 ns
[2020-05-02T05:21:10.521+0000][1][safepoint    ] Safepoint "Cleanup", Time since last: 1000439800 ns, Reaching safepoint: 393200 ns, At safepoint: 104400 ns, Total: 497600 ns
[2020-05-02T05:21:11.934+0000][1][safepoint    ] Safepoint "Cleanup", Time since last: 1411966800 ns, Reaching safepoint: 419600 ns, At safepoint: 131200 ns, Total: 550800 ns
[2020-05-02T05:21:12.935+0000][1][safepoint    ] Safepoint "Cleanup", Time since last: 1000482500 ns, Reaching safepoint: 406600 ns, At safepoint: 81800 ns, Total: 488400 ns
[2020-05-02T05:21:13.935+0000][1][safepoint    ] Safepoint "Cleanup", Time since last: 1000703000 ns, Reaching safepoint: 193000 ns, At safepoint: 55200 ns, Total: 248200 ns
[2020-05-02T05:21:14.936+0000][1][safepoint    ] Safepoint "Cleanup", Time since last: 1000358000 ns, Reaching safepoint: 385600 ns, At safepoint: 90800 ns, Total: 476400 ns
[2020-05-02T05:21:15.937+0000][1][safepoint    ] Safepoint "Cleanup", Time since last: 1000278000 ns, Reaching safepoint: 141200 ns, At safepoint: 28200 ns, Total: 169400 ns
[2020-05-02T05:21:16.937+0000][1][safepoint    ] Safepoint "Cleanup", Time since last: 1000314900 ns, Reaching safepoint: 151600 ns, At safepoint: 26500 ns, Total: 178100 ns
[2020-05-02T05:21:17.938+0000][1][safepoint    ] Safepoint "Cleanup", Time since last: 1000529100 ns, Reaching safepoint: 144300 ns, At safepoint: 37000 ns, Total: 181300 ns
[2020-05-02T05:21:18.939+0000][1][safepoint    ] Safepoint "Cleanup", Time since last: 1000697900 ns, Reaching safepoint: 406900 ns, At safepoint: 132000 ns, Total: 538900 ns
[2020-05-02T05:21:19.940+0000][1][safepoint    ] Safepoint "Cleanup", Time since last: 1000802000 ns, Reaching safepoint: 216500 ns, At safepoint: 66200 ns, Total: 282700 ns
[2020-05-02T05:21:20.941+0000][1][safepoint    ] Safepoint "Cleanup", Time since last: 1000431700 ns, Reaching safepoint: 146800 ns, At safepoint: 39400 ns, Total: 186200 ns
[2020-05-02T05:21:21.941+0000][1][safepoint    ] Safepoint "Cleanup", Time since last: 1000173500 ns, Reaching safepoint: 157300 ns, At safepoint: 45900 ns, Total: 203200 ns
[2020-05-02T05:21:22.942+0000][1][safepoint    ] Safepoint "Cleanup", Time since last: 1000564500 ns, Reaching safepoint: 412800 ns, At safepoint: 134300 ns, Total: 547100 ns
[2020-05-02T05:21:23.943+0000][1][safepoint    ] Safepoint "Cleanup", Time since last: 1000397500 ns, Reaching safepoint: 133500 ns, At safepoint: 30700 ns, Total: 164200 ns
[2020-05-02T05:21:24.943+0000][1][safepoint    ] Safepoint "Cleanup", Time since last: 1000221500 ns, Reaching safepoint: 174800 ns, At safepoint: 51100 ns, Total: 225900 ns
[2020-05-02T05:21:25.945+0000][1][safepoint    ] Safepoint "Cleanup", Time since last: 1000702200 ns, Reaching safepoint: 477100 ns, At safepoint: 135700 ns, Total: 612800 ns
[2020-05-02T05:21:26.946+0000][1][safepoint    ] Safepoint "Cleanup", Time since last: 1000633700 ns, Reaching safepoint: 444100 ns, At safepoint: 137700 ns, Total: 581800 ns
[2020-05-02T05:21:27.947+0000][1][safepoint    ] Safepoint "Cleanup", Time since last: 1000746200 ns, Reaching safepoint: 431500 ns, At safepoint: 133300 ns, Total: 564800 ns
[2020-05-02T05:21:28.948+0000][1][safepoint    ] Safepoint "Cleanup", Time since last: 1000403200 ns, Reaching safepoint: 227700 ns, At safepoint: 52300 ns, Total: 280000 ns
[2020-05-02T05:21:29.949+0000][1][safepoint    ] Safepoint "Cleanup", Time since last: 1000823000 ns, Reaching safepoint: 480300 ns, At safepoint: 153500 ns, Total: 633800 ns
[2020-05-02T05:21:30.951+0000][1][safepoint    ] Safepoint "Cleanup", Time since last: 1000701300 ns, Reaching safepoint: 599400 ns, At safepoint: 159200 ns, Total: 758600 ns
[2020-05-02T05:21:31.952+0000][1][safepoint    ] Safepoint "Cleanup", Time since last: 1000917100 ns, Reaching safepoint: 430500 ns, At safepoint: 138300 ns, Total: 568800 ns
[2020-05-02T05:21:32.954+0000][1][safepoint    ] Safepoint "Cleanup", Time since last: 1000668800 ns, Reaching safepoint: 771700 ns, At safepoint: 178000 ns, Total: 949700 ns
[2020-05-02T05:21:33.955+0000][1][safepoint    ] Safepoint "Cleanup", Time since last: 1000588200 ns, Reaching safepoint: 501800 ns, At safepoint: 145200 ns, Total: 647000 ns
[2020-05-02T05:21:34.957+0000][1][safepoint    ] Safepoint "Cleanup", Time since last: 1000830400 ns, Reaching safepoint: 432400 ns, At safepoint: 140700 ns, Total: 573100 ns
[2020-05-02T05:21:35.957+0000][1][safepoint    ] Safepoint "Cleanup", Time since last: 1000323300 ns, Reaching safepoint: 122800 ns, At safepoint: 28100 ns, Total: 150900 ns
[2020-05-02T05:21:36.958+0000][1][safepoint    ] Safepoint "Cleanup", Time since last: 1000571500 ns, Reaching safepoint: 408500 ns, At safepoint: 131800 ns, Total: 540300 ns
[2020-05-02T05:21:37.960+0000][1][safepoint    ] Safepoint "Cleanup", Time since last: 1000851400 ns, Reaching safepoint: 408500 ns, At safepoint: 133100 ns, Total: 541600 ns
[2020-05-02T05:21:38.961+0000][1][safepoint    ] Safepoint "Cleanup", Time since last: 1000843700 ns, Reaching safepoint: 418000 ns, At safepoint: 131600 ns, Total: 549600 ns
[2020-05-02T05:21:39.962+0000][1][safepoint    ] Safepoint "Cleanup", Time since last: 1000910600 ns, Reaching safepoint: 410000 ns, At safepoint: 137200 ns, Total: 547200 ns
[2020-05-02T05:21:40.963+0000][1][safepoint    ] Safepoint "Cleanup", Time since last: 1000462300 ns, Reaching safepoint: 490700 ns, At safepoint: 127500 ns, Total: 618200 ns
[2020-05-02T05:21:41.964+0000][1][safepoint    ] Safepoint "Cleanup", Time since last: 1000396400 ns, Reaching safepoint: 166900 ns, At safepoint: 42500 ns, Total: 209400 ns
[2020-05-02T05:21:42.965+0000][1][safepoint    ] Safepoint "Cleanup", Time since last: 1000350300 ns, Reaching safepoint: 430000 ns, At safepoint: 134200 ns, Total: 564200 ns
[2020-05-02T05:21:43.966+0000][1][safepoint    ] Safepoint "Cleanup", Time since last: 1000740600 ns, Reaching safepoint: 162100 ns, At safepoint: 43600 ns, Total: 205700 ns
[2020-05-02T05:21:44.967+0000][1][safepoint    ] Safepoint "Cleanup", Time since last: 1000394100 ns, Reaching safepoint: 487700 ns, At safepoint: 130500 ns, Total: 618200 ns
[2020-05-02T05:21:45.968+0000][1][safepoint    ] Safepoint "Cleanup", Time since last: 1000434700 ns, Reaching safepoint: 303200 ns, At safepoint: 96300 ns, Total: 399500 ns
[2020-05-02T05:21:46.969+0000][1][safepoint    ] Safepoint "Cleanup", Time since last: 1000488900 ns, Reaching safepoint: 476000 ns, At safepoint: 133700 ns, Total: 609700 ns
[2020-05-02T05:21:47.970+0000][1][safepoint    ] Safepoint "Cleanup", Time since last: 1000439700 ns, Reaching safepoint: 453200 ns, At safepoint: 180400 ns, Total: 633600 ns
[2020-05-02T05:21:48.971+0000][1][safepoint    ] Safepoint "Cleanup", Time since last: 1000546600 ns, Reaching safepoint: 212400 ns, At safepoint: 52300 ns, Total: 264700 ns
[2020-05-02T05:21:49.971+0000][1][safepoint    ] Safepoint "Cleanup", Time since last: 1000265400 ns, Reaching safepoint: 138400 ns, At safepoint: 37400 ns, Total: 175800 ns
[2020-05-02T05:21:50.972+0000][1][safepoint    ] Safepoint "Cleanup", Time since last: 1000195000 ns, Reaching safepoint: 118600 ns, At safepoint: 27100 ns, Total: 145700 ns
[2020-05-02T05:21:51.972+0000][1][safepoint    ] Safepoint "Cleanup", Time since last: 1000373000 ns, Reaching safepoint: 181400 ns, At safepoint: 34000 ns, Total: 215400 ns
[2020-05-02T05:21:52.973+0000][1][safepoint    ] Safepoint "Cleanup", Time since last: 1000673500 ns, Reaching safepoint: 127600 ns, At safepoint: 31300 ns, Total: 158900 ns
[2020-05-02T05:21:53.974+0000][1][safepoint    ] Safepoint "Cleanup", Time since last: 1000331700 ns, Reaching safepoint: 208000 ns, At safepoint: 47900 ns, Total: 255900 ns
[2020-05-02T05:21:54.974+0000][1][safepoint    ] Safepoint "Cleanup", Time since last: 1000266200 ns, Reaching safepoint: 193100 ns, At safepoint: 41700 ns, Total: 234800 ns
[2020-05-02T05:21:55.975+0000][1][safepoint    ] Safepoint "Cleanup", Time since last: 1000557000 ns, Reaching safepoint: 133300 ns, At safepoint: 35200 ns, Total: 168500 ns
[2020-05-02T05:21:56.975+0000][1][safepoint    ] Safepoint "Cleanup", Time since last: 1000272000 ns, Reaching safepoint: 150100 ns, At safepoint: 42100 ns, Total: 192200 ns
[2020-05-02T05:21:57.976+0000][1][safepoint    ] Safepoint "Cleanup", Time since last: 1000293300 ns, Reaching safepoint: 225200 ns, At safepoint: 46500 ns, Total: 271700 ns
[2020-05-02T05:21:58.977+0000][1][safepoint    ] Safepoint "Cleanup", Time since last: 1000543600 ns, Reaching safepoint: 222100 ns, At safepoint: 52200 ns, Total: 274300 ns
[2020-05-02T05:21:59.977+0000][1][safepoint    ] Safepoint "Cleanup", Time since last: 1000497600 ns, Reaching safepoint: 200900 ns, At safepoint: 58100 ns, Total: 259000 ns
[2020-05-02T05:22:00.978+0000][1][safepoint    ] Safepoint "Cleanup", Time since last: 1000314200 ns, Reaching safepoint: 156800 ns, At safepoint: 37800 ns, Total: 194600 ns
[2020-05-02T05:22:01.979+0000][1][safepoint    ] Safepoint "Cleanup", Time since last: 1000560900 ns, Reaching safepoint: 122700 ns, At safepoint: 30500 ns, Total: 153200 ns
[2020-05-02T05:22:02.979+0000][1][safepoint    ] Safepoint "Cleanup", Time since last: 1000640400 ns, Reaching safepoint: 139400 ns, At safepoint: 32900 ns, Total: 172300 ns
[2020-05-02T05:22:03.980+0000][1][safepoint    ] Safepoint "Cleanup", Time since last: 1000337500 ns, Reaching safepoint: 410900 ns, At safepoint: 128200 ns, Total: 539100 ns
[2020-05-02T05:22:04.981+0000][1][safepoint    ] Safepoint "Cleanup", Time since last: 1000390500 ns, Reaching safepoint: 238100 ns, At safepoint: 42300 ns, Total: 280400 ns
[2020-05-02T05:22:05.981+0000][1][safepoint    ] Safepoint "Cleanup", Time since last: 1000269600 ns, Reaching safepoint: 123700 ns, At safepoint: 30300 ns, Total: 154000 ns
[2020-05-02T05:22:06.982+0000][1][safepoint    ] Safepoint "Cleanup", Time since last: 1000344900 ns, Reaching safepoint: 472100 ns, At safepoint: 129300 ns, Total: 601400 ns
[2020-05-02T05:22:07.984+0000][1][safepoint    ] Safepoint "Cleanup", Time since last: 1000612700 ns, Reaching safepoint: 678100 ns, At safepoint: 151900 ns, Total: 830000 ns
[2020-05-02T05:22:08.985+0000][1][safepoint    ] Safepoint "Cleanup", Time since last: 1000722500 ns, Reaching safepoint: 410500 ns, At safepoint: 133500 ns, Total: 544000 ns
[2020-05-02T05:22:09.986+0000][1][safepoint    ] Safepoint "Cleanup", Time since last: 1000418300 ns, Reaching safepoint: 523900 ns, At safepoint: 127600 ns, Total: 651500 ns
[2020-05-02T05:22:10.987+0000][1][safepoint    ] Safepoint "Cleanup", Time since last: 1000654300 ns, Reaching safepoint: 538100 ns, At safepoint: 159800 ns, Total: 697900 ns
[2020-05-02T05:22:11.989+0000][1][safepoint    ] Safepoint "Cleanup", Time since last: 1000470700 ns, Reaching safepoint: 429900 ns, At safepoint: 124600 ns, Total: 554500 ns
[2020-05-02T05:22:12.990+0000][1][safepoint    ] Safepoint "Cleanup", Time since last: 1000493800 ns, Reaching safepoint: 442300 ns, At safepoint: 131900 ns, Total: 574200 ns
[2020-05-02T05:22:13.991+0000][1][safepoint    ] Safepoint "Cleanup", Time since last: 1000407900 ns, Reaching safepoint: 484100 ns, At safepoint: 121800 ns, Total: 605900 ns
[2020-05-02T05:22:14.992+0000][1][safepoint    ] Safepoint "Cleanup", Time since last: 1000693400 ns, Reaching safepoint: 431100 ns, At safepoint: 136300 ns, Total: 567400 ns
[2020-05-02T05:22:15.993+0000][1][safepoint    ] Safepoint "Cleanup", Time since last: 1000532000 ns, Reaching safepoint: 127900 ns, At safepoint: 31500 ns, Total: 159400 ns
[2020-05-02T05:22:16.994+0000][1][safepoint    ] Safepoint "Cleanup", Time since last: 1000590300 ns, Reaching safepoint: 485900 ns, At safepoint: 129300 ns, Total: 615200 ns
[2020-05-02T05:22:17.994+0000][1][safepoint    ] Safepoint "Cleanup", Time since last: 1000308800 ns, Reaching safepoint: 173600 ns, At safepoint: 43000 ns, Total: 216600 ns
[2020-05-02T05:22:18.996+0000][1][safepoint    ] Safepoint "Cleanup", Time since last: 1000658600 ns, Reaching safepoint: 432900 ns, At safepoint: 135700 ns, Total: 568600 ns
[2020-05-02T05:22:19.997+0000][1][safepoint    ] Safepoint "Cleanup", Time since last: 1000472900 ns, Reaching safepoint: 431700 ns, At safepoint: 137100 ns, Total: 568800 ns
[2020-05-02T05:22:20.998+0000][1][safepoint    ] Safepoint "Cleanup", Time since last: 1000582200 ns, Reaching safepoint: 362700 ns, At safepoint: 115700 ns, Total: 478400 ns
[2020-05-02T05:22:21.998+0000][1][safepoint    ] Safepoint "Cleanup", Time since last: 1000364400 ns, Reaching safepoint: 316100 ns, At safepoint: 75300 ns, Total: 391400 ns
[2020-05-02T05:22:22.999+0000][1][safepoint    ] Safepoint "Cleanup", Time since last: 1000423300 ns, Reaching safepoint: 442500 ns, At safepoint: 133800 ns, Total: 576300 ns
[2020-05-02T05:22:24.001+0000][1][safepoint    ] Safepoint "Cleanup", Time since last: 1000606300 ns, Reaching safepoint: 498100 ns, At safepoint: 133100 ns, Total: 631200 ns
[2020-05-02T05:22:25.002+0000][1][safepoint    ] Safepoint "Cleanup", Time since last: 1000514100 ns, Reaching safepoint: 432800 ns, At safepoint: 136600 ns, Total: 569400 ns
[2020-05-02T05:22:26.002+0000][1][safepoint    ] Safepoint "Cleanup", Time since last: 1000424300 ns, Reaching safepoint: 134200 ns, At safepoint: 32600 ns, Total: 166800 ns
[2020-05-02T05:22:27.003+0000][1][safepoint    ] Safepoint "Cleanup", Time since last: 1000315100 ns, Reaching safepoint: 264900 ns, At safepoint: 71800 ns, Total: 336700 ns
[2020-05-02T05:22:28.004+0000][1][safepoint    ] Safepoint "Cleanup", Time since last: 1000715500 ns, Reaching safepoint: 443800 ns, At safepoint: 136700 ns, Total: 580500 ns
[2020-05-02T05:22:29.005+0000][1][safepoint    ] Safepoint "Cleanup", Time since last: 1000624400 ns, Reaching safepoint: 431400 ns, At safepoint: 136300 ns, Total: 567700 ns
[2020-05-02T05:22:30.007+0000][1][safepoint    ] Safepoint "Cleanup", Time since last: 1000890600 ns, Reaching safepoint: 429900 ns, At safepoint: 140900 ns, Total: 570800 ns
[2020-05-02T05:22:31.008+0000][1][safepoint    ] Safepoint "Cleanup", Time since last: 1000699500 ns, Reaching safepoint: 431900 ns, At safepoint: 136300 ns, Total: 568200 ns
[2020-05-02T05:22:32.009+0000][1][safepoint    ] Safepoint "Cleanup", Time since last: 1000386300 ns, Reaching safepoint: 303100 ns, At safepoint: 69900 ns, Total: 373000 ns
[2020-05-02T05:22:33.010+0000][1][safepoint    ] Safepoint "Cleanup", Time since last: 1000451800 ns, Reaching safepoint: 569600 ns, At safepoint: 134000 ns, Total: 703600 ns
[2020-05-02T05:22:34.011+0000][1][safepoint    ] Safepoint "Cleanup", Time since last: 1000699300 ns, Reaching safepoint: 430500 ns, At safepoint: 137200 ns, Total: 567700 ns
[2020-05-02T05:22:35.013+0000][1][safepoint    ] Safepoint "Cleanup", Time since last: 1000755500 ns, Reaching safepoint: 429100 ns, At safepoint: 136500 ns, Total: 565600 ns
[2020-05-02T05:22:36.014+0000][1][safepoint    ] Safepoint "Cleanup", Time since last: 1000675000 ns, Reaching safepoint: 329300 ns, At safepoint: 97600 ns, Total: 426900 ns
[2020-05-02T05:22:37.015+0000][1][safepoint    ] Safepoint "Cleanup", Time since last: 1000451400 ns, Reaching safepoint: 250900 ns, At safepoint: 66400 ns, Total: 317300 ns
[2020-05-02T05:22:38.015+0000][1][safepoint    ] Safepoint "Cleanup", Time since last: 1000388000 ns, Reaching safepoint: 444300 ns, At safepoint: 138200 ns, Total: 582500 ns
[2020-05-02T05:22:39.017+0000][1][safepoint    ] Safepoint "Cleanup", Time since last: 1000769500 ns, Reaching safepoint: 431200 ns, At safepoint: 140800 ns, Total: 572000 ns
[2020-05-02T05:22:40.018+0000][1][safepoint    ] Safepoint "Cleanup", Time since last: 1000672700 ns, Reaching safepoint: 430900 ns, At safepoint: 135300 ns, Total: 566200 ns
[2020-05-02T05:22:41.019+0000][1][safepoint    ] Safepoint "Cleanup", Time since last: 1000450300 ns, Reaching safepoint: 430800 ns, At safepoint: 139100 ns, Total: 569900 ns
[2020-05-02T05:22:42.020+0000][1][safepoint    ] Safepoint "Cleanup", Time since last: 1000599300 ns, Reaching safepoint: 448100 ns, At safepoint: 119200 ns, Total: 567300 ns
[2020-05-02T05:22:43.022+0000][1][safepoint    ] Safepoint "Cleanup", Time since last: 1000817900 ns, Reaching safepoint: 539300 ns, At safepoint: 129600 ns, Total: 668900 ns
[2020-05-02T05:22:44.023+0000][1][safepoint    ] Safepoint "Cleanup", Time since last: 1000674700 ns, Reaching safepoint: 490400 ns, At safepoint: 129200 ns, Total: 619600 ns
[2020-05-02T05:22:45.024+0000][1][safepoint    ] Safepoint "Cleanup", Time since last: 1000835300 ns, Reaching safepoint: 429400 ns, At safepoint: 176700 ns, Total: 606100 ns
[2020-05-02T05:22:46.025+0000][1][safepoint    ] Safepoint "Cleanup", Time since last: 1000609700 ns, Reaching safepoint: 226600 ns, At safepoint: 63400 ns, Total: 290000 ns
[2020-05-02T05:22:47.026+0000][1][safepoint    ] Safepoint "Cleanup", Time since last: 1000659500 ns, Reaching safepoint: 194300 ns, At safepoint: 56600 ns, Total: 250900 ns
[2020-05-02T05:22:48.027+0000][1][safepoint    ] Safepoint "Cleanup", Time since last: 1000353000 ns, Reaching safepoint: 166700 ns, At safepoint: 37100 ns, Total: 203800 ns
[2020-05-02T05:22:49.028+0000][1][safepoint    ] Safepoint "Cleanup", Time since last: 1000718400 ns, Reaching safepoint: 134200 ns, At safepoint: 35700 ns, Total: 169900 ns
[2020-05-02T05:22:50.028+0000][1][safepoint    ] Safepoint "Cleanup", Time since last: 1000313800 ns, Reaching safepoint: 127400 ns, At safepoint: 29100 ns, Total: 156500 ns
[2020-05-02T05:22:51.030+0000][1][safepoint    ] Safepoint "Cleanup", Time since last: 1000706200 ns, Reaching safepoint: 466400 ns, At safepoint: 131600 ns, Total: 598000 ns
[2020-05-02T05:22:52.031+0000][1][safepoint    ] Safepoint "Cleanup", Time since last: 1000789300 ns, Reaching safepoint: 430500 ns, At safepoint: 136400 ns, Total: 566900 ns
[2020-05-02T05:22:53.031+0000][1][safepoint    ] Safepoint "Cleanup", Time since last: 1000466900 ns, Reaching safepoint: 121400 ns, At safepoint: 26500 ns, Total: 147900 ns
[2020-05-02T05:22:54.032+0000][1][safepoint    ] Safepoint "Cleanup", Time since last: 1000443300 ns, Reaching safepoint: 407000 ns, At safepoint: 130900 ns, Total: 537900 ns
[2020-05-02T05:22:55.033+0000][1][safepoint    ] Safepoint "Cleanup", Time since last: 1000320100 ns, Reaching safepoint: 137200 ns, At safepoint: 26700 ns, Total: 163900 ns
[2020-05-02T05:22:56.034+0000][1][safepoint    ] Safepoint "Cleanup", Time since last: 1000558300 ns, Reaching safepoint: 431100 ns, At safepoint: 134400 ns, Total: 565500 ns
[2020-05-02T05:22:57.035+0000][1][safepoint    ] Safepoint "Cleanup", Time since last: 1000491100 ns, Reaching safepoint: 485000 ns, At safepoint: 134200 ns, Total: 619200 ns
[2020-05-02T05:22:58.036+0000][1][safepoint    ] Safepoint "Cleanup", Time since last: 1000506800 ns, Reaching safepoint: 416100 ns, At safepoint: 126700 ns, Total: 542800 ns
[2020-05-02T05:22:59.037+0000][1][safepoint    ] Safepoint "Cleanup", Time since last: 1000342100 ns, Reaching safepoint: 150000 ns, At safepoint: 43900 ns, Total: 193900 ns
[2020-05-02T05:23:00.037+0000][1][safepoint    ] Safepoint "Cleanup", Time since last: 1000227500 ns, Reaching safepoint: 141800 ns, At safepoint: 28800 ns, Total: 170600 ns
[2020-05-02T05:23:01.038+0000][1][safepoint    ] Safepoint "Cleanup", Time since last: 1000326500 ns, Reaching safepoint: 250600 ns, At safepoint: 72100 ns, Total: 322700 ns
[2020-05-02T05:23:02.038+0000][1][safepoint    ] Safepoint "Cleanup", Time since last: 1000263000 ns, Reaching safepoint: 161000 ns, At safepoint: 39600 ns, Total: 200600 ns
[2020-05-02T05:23:03.039+0000][1][safepoint    ] Safepoint "Cleanup", Time since last: 1000550700 ns, Reaching safepoint: 402600 ns, At safepoint: 131200 ns, Total: 533800 ns
[2020-05-02T05:23:04.041+0000][1][safepoint    ] Safepoint "Cleanup", Time since last: 1000680300 ns, Reaching safepoint: 517100 ns, At safepoint: 139100 ns, Total: 656200 ns
[2020-05-02T05:23:05.042+0000][1][safepoint    ] Safepoint "Cleanup", Time since last: 1000507500 ns, Reaching safepoint: 518600 ns, At safepoint: 131400 ns, Total: 650000 ns
[2020-05-02T05:23:06.043+0000][1][safepoint    ] Safepoint "Cleanup", Time since last: 1000909900 ns, Reaching safepoint: 413400 ns, At safepoint: 144000 ns, Total: 557400 ns
[2020-05-02T05:23:07.044+0000][1][safepoint    ] Safepoint "Cleanup", Time since last: 1000418500 ns, Reaching safepoint: 499900 ns, At safepoint: 211400 ns, Total: 711300 ns
[2020-05-02T05:23:08.046+0000][1][safepoint    ] Safepoint "Cleanup", Time since last: 1000844600 ns, Reaching safepoint: 405700 ns, At safepoint: 132000 ns, Total: 537700 ns
[2020-05-02T05:23:09.047+0000][1][safepoint    ] Safepoint "Cleanup", Time since last: 1000499700 ns, Reaching safepoint: 404000 ns, At safepoint: 132900 ns, Total: 536900 ns
[2020-05-02T05:23:10.048+0000][1][safepoint    ] Safepoint "Cleanup", Time since last: 1000532900 ns, Reaching safepoint: 135800 ns, At safepoint: 31200 ns, Total: 167000 ns
[2020-05-02T05:23:11.049+0000][1][safepoint    ] Safepoint "Cleanup", Time since last: 1000623400 ns, Reaching safepoint: 348000 ns, At safepoint: 110600 ns, Total: 458600 ns
[2020-05-02T05:23:12.050+0000][1][safepoint    ] Safepoint "Cleanup", Time since last: 1000844400 ns, Reaching safepoint: 132000 ns, At safepoint: 33400 ns, Total: 165400 ns
[2020-05-02T05:23:13.050+0000][1][safepoint    ] Safepoint "Cleanup", Time since last: 1000427000 ns, Reaching safepoint: 190800 ns, At safepoint: 44100 ns, Total: 234900 ns
[2020-05-02T05:23:14.051+0000][1][safepoint    ] Safepoint "Cleanup", Time since last: 1000620700 ns, Reaching safepoint: 142700 ns, At safepoint: 37200 ns, Total: 179900 ns
[2020-05-02T05:23:15.052+0000][1][safepoint    ] Safepoint "Cleanup", Time since last: 1000351400 ns, Reaching safepoint: 434600 ns, At safepoint: 144900 ns, Total: 579500 ns
[2020-05-02T05:23:16.054+0000][1][safepoint    ] Safepoint "Cleanup", Time since last: 1000997600 ns, Reaching safepoint: 423000 ns, At safepoint: 133500 ns, Total: 556500 ns
[2020-05-02T05:23:17.055+0000][1][safepoint    ] Safepoint "Cleanup", Time since last: 1000563900 ns, Reaching safepoint: 536200 ns, At safepoint: 132700 ns, Total: 668900 ns
[2020-05-02T05:23:18.056+0000][1][safepoint    ] Safepoint "Cleanup", Time since last: 1000786400 ns, Reaching safepoint: 452900 ns, At safepoint: 133400 ns, Total: 586300 ns
[2020-05-02T05:23:19.058+0000][1][safepoint    ] Safepoint "Cleanup", Time since last: 1000842100 ns, Reaching safepoint: 426200 ns, At safepoint: 134700 ns, Total: 560900 ns
[2020-05-02T05:23:20.059+0000][1][safepoint    ] Safepoint "Cleanup", Time since last: 1000588200 ns, Reaching safepoint: 428500 ns, At safepoint: 140000 ns, Total: 568500 ns
[2020-05-02T05:23:21.059+0000][1][safepoint    ] Safepoint "Cleanup", Time since last: 1000313900 ns, Reaching safepoint: 122300 ns, At safepoint: 28700 ns, Total: 151000 ns
[2020-05-02T05:23:22.060+0000][1][safepoint    ] Safepoint "Cleanup", Time since last: 1000354800 ns, Reaching safepoint: 514300 ns, At safepoint: 127600 ns, Total: 641900 ns
[2020-05-02T05:23:23.061+0000][1][safepoint    ] Safepoint "Cleanup", Time since last: 1000468700 ns, Reaching safepoint: 516300 ns, At safepoint: 124800 ns, Total: 641100 ns
[2020-05-02T05:23:24.062+0000][1][safepoint    ] Safepoint "Cleanup", Time since last: 1000501000 ns, Reaching safepoint: 401700 ns, At safepoint: 129700 ns, Total: 531400 ns
[2020-05-02T05:23:25.063+0000][1][safepoint    ] Safepoint "Cleanup", Time since last: 1000388000 ns, Reaching safepoint: 139100 ns, At safepoint: 29300 ns, Total: 168400 ns
[2020-05-02T05:23:26.064+0000][1][safepoint    ] Safepoint "Cleanup", Time since last: 1000635900 ns, Reaching safepoint: 397100 ns, At safepoint: 131000 ns, Total: 528100 ns
[2020-05-02T05:23:27.065+0000][1][safepoint    ] Safepoint "Cleanup", Time since last: 1000716400 ns, Reaching safepoint: 427900 ns, At safepoint: 135100 ns, Total: 563000 ns
[2020-05-02T05:23:28.066+0000][1][safepoint    ] Safepoint "Cleanup", Time since last: 1000322500 ns, Reaching safepoint: 119800 ns, At safepoint: 45700 ns, Total: 165500 ns
[2020-05-02T05:23:29.067+0000][1][safepoint    ] Safepoint "Cleanup", Time since last: 1000435900 ns, Reaching safepoint: 495800 ns, At safepoint: 136500 ns, Total: 632300 ns
[2020-05-02T05:23:30.068+0000][1][safepoint    ] Safepoint "Cleanup", Time since last: 1000686500 ns, Reaching safepoint: 436500 ns, At safepoint: 137600 ns, Total: 574100 ns
[2020-05-02T05:23:31.069+0000][1][safepoint    ] Safepoint "Cleanup", Time since last: 1000551600 ns, Reaching safepoint: 258600 ns, At safepoint: 50000 ns, Total: 308600 ns
[2020-05-02T05:23:32.070+0000][1][safepoint    ] Safepoint "Cleanup", Time since last: 1000456900 ns, Reaching safepoint: 157900 ns, At safepoint: 41900 ns, Total: 199800 ns
[2020-05-02T05:23:33.071+0000][1][safepoint    ] Safepoint "Cleanup", Time since last: 1000525000 ns, Reaching safepoint: 483100 ns, At safepoint: 130100 ns, Total: 613200 ns
[2020-05-02T05:23:34.071+0000][1][safepoint    ] Safepoint "Cleanup", Time since last: 1000300900 ns, Reaching safepoint: 125400 ns, At safepoint: 27500 ns, Total: 152900 ns
[2020-05-02T05:23:35.072+0000][1][safepoint    ] Safepoint "Cleanup", Time since last: 1000393100 ns, Reaching safepoint: 355700 ns, At safepoint: 94600 ns, Total: 450300 ns
[2020-05-02T05:23:36.073+0000][1][safepoint    ] Safepoint "Cleanup", Time since last: 1000481000 ns, Reaching safepoint: 138200 ns, At safepoint: 36400 ns, Total: 174600 ns
[2020-05-02T05:23:37.074+0000][1][safepoint    ] Safepoint "Cleanup", Time since last: 1000635000 ns, Reaching safepoint: 400100 ns, At safepoint: 131100 ns, Total: 531200 ns
[2020-05-02T05:23:38.075+0000][1][safepoint    ] Safepoint "Cleanup", Time since last: 1000749300 ns, Reaching safepoint: 491600 ns, At safepoint: 137900 ns, Total: 629500 ns
[2020-05-02T05:23:39.076+0000][1][safepoint    ] Safepoint "Cleanup", Time since last: 1000529700 ns, Reaching safepoint: 421300 ns, At safepoint: 144000 ns, Total: 565300 ns
[2020-05-02T05:23:40.077+0000][1][safepoint    ] Safepoint "Cleanup", Time since last: 1000779400 ns, Reaching safepoint: 146900 ns, At safepoint: 33300 ns, Total: 180200 ns
[2020-05-02T05:23:41.078+0000][1][safepoint    ] Safepoint "Cleanup", Time since last: 1000556700 ns, Reaching safepoint: 397800 ns, At safepoint: 131300 ns, Total: 529100 ns
[2020-05-02T05:23:42.079+0000][1][safepoint    ] Safepoint "Cleanup", Time since last: 1000786800 ns, Reaching safepoint: 159000 ns, At safepoint: 44800 ns, Total: 203800 ns
[2020-05-02T05:23:43.080+0000][1][safepoint    ] Safepoint "Cleanup", Time since last: 1000248900 ns, Reaching safepoint: 193400 ns, At safepoint: 42300 ns, Total: 235700 ns
[2020-05-02T05:23:43.892+0000][1][gc,start     ] GC(32) Pause Young (Allocation Failure)
[2020-05-02T05:23:43.892+0000][1][gc,task      ] GC(32) Using 10 workers of 10 for evacuation
[2020-05-02T05:23:43.898+0000][1][gc,age       ] GC(32) Desired survivor size 8945664 bytes, new threshold 6 (max threshold 6)
[2020-05-02T05:23:43.898+0000][1][gc,age       ] GC(32) Age table with threshold 6 (max threshold 6)
[2020-05-02T05:23:43.898+0000][1][gc,age       ] GC(32) - age   1:      65376 bytes,      65376 total
[2020-05-02T05:23:43.898+0000][1][gc,age       ] GC(32) - age   2:       5096 bytes,      70472 total
[2020-05-02T05:23:43.898+0000][1][gc,age       ] GC(32) - age   3:      10128 bytes,      80600 total
[2020-05-02T05:23:43.898+0000][1][gc,age       ] GC(32) - age   4:       2480 bytes,      83080 total
[2020-05-02T05:23:43.898+0000][1][gc,age       ] GC(32) - age   5:      38688 bytes,     121768 total
[2020-05-02T05:23:43.898+0000][1][gc,age       ] GC(32) - age   6:      24264 bytes,     146032 total
[2020-05-02T05:23:43.898+0000][1][gc,heap      ] GC(32) ParNew: 140132K->265K(157248K)
[2020-05-02T05:23:43.898+0000][1][gc,heap      ] GC(32) CMS: 81572K->81642K(349568K)
[2020-05-02T05:23:43.898+0000][1][gc,metaspace ] GC(32) Metaspace: 96098K->96098K(1138688K)
[2020-05-02T05:23:43.898+0000][1][gc           ] GC(32) Pause Young (Allocation Failure) 216M->79M(494M) 6.128ms
[2020-05-02T05:23:43.898+0000][1][gc,cpu       ] GC(32) User=0.03s Sys=0.00s Real=0.01s
[2020-05-02T05:23:43.898+0000][1][safepoint    ] Safepoint "GenCollectForAllocation", Time since last: 811243700 ns, Reaching safepoint: 472900 ns, At safepoint: 6248700 ns, Total: 6721600 ns
[2020-05-02T05:23:44.899+0000][1][safepoint    ] Safepoint "Cleanup", Time since last: 1000424800 ns, Reaching safepoint: 217700 ns, At safepoint: 63400 ns, Total: 281100 ns
[2020-05-02T05:23:45.900+0000][1][safepoint    ] Safepoint "Cleanup", Time since last: 1000554200 ns, Reaching safepoint: 404300 ns, At safepoint: 132600 ns, Total: 536900 ns
[2020-05-02T05:23:46.901+0000][1][safepoint    ] Safepoint "Cleanup", Time since last: 1000461000 ns, Reaching safepoint: 407600 ns, At safepoint: 136100 ns, Total: 543700 ns
[2020-05-02T05:23:47.902+0000][1][safepoint    ] Safepoint "Cleanup", Time since last: 1000741700 ns, Reaching safepoint: 405400 ns, At safepoint: 131800 ns, Total: 537200 ns
[2020-05-02T05:23:48.903+0000][1][safepoint    ] Safepoint "Cleanup", Time since last: 1000765100 ns, Reaching safepoint: 441400 ns, At safepoint: 133000 ns, Total: 574400 ns
[2020-05-02T05:23:49.905+0000][1][safepoint    ] Safepoint "Cleanup", Time since last: 1000454600 ns, Reaching safepoint: 427400 ns, At safepoint: 316900 ns, Total: 744300 ns
[2020-05-02T05:23:50.905+0000][1][safepoint    ] Safepoint "Cleanup", Time since last: 1000350300 ns, Reaching safepoint: 160200 ns, At safepoint: 39900 ns, Total: 200100 ns
[2020-05-02T05:23:51.905+0000][1][safepoint    ] Safepoint "Cleanup", Time since last: 1000211600 ns, Reaching safepoint: 124600 ns, At safepoint: 26800 ns, Total: 151400 ns
[2020-05-02T05:23:52.907+0000][1][safepoint    ] Safepoint "Cleanup", Time since last: 1000440200 ns, Reaching safepoint: 411400 ns, At safepoint: 228300 ns, Total: 639700 ns
[2020-05-02T05:23:53.908+0000][1][safepoint    ] Safepoint "Cleanup", Time since last: 1000763100 ns, Reaching safepoint: 404100 ns, At safepoint: 133000 ns, Total: 537100 ns
[2020-05-02T05:23:54.909+0000][1][safepoint    ] Safepoint "Cleanup", Time since last: 1000698800 ns, Reaching safepoint: 405500 ns, At safepoint: 131700 ns, Total: 537200 ns
[2020-05-02T05:23:55.910+0000][1][safepoint    ] Safepoint "Cleanup", Time since last: 1000495600 ns, Reaching safepoint: 591400 ns, At safepoint: 134200 ns, Total: 725600 ns
[2020-05-02T05:23:56.911+0000][1][safepoint    ] Safepoint "Cleanup", Time since last: 1000314500 ns, Reaching safepoint: 121200 ns, At safepoint: 28700 ns, Total: 149900 ns
[2020-05-02T05:23:57.912+0000][1][safepoint    ] Safepoint "Cleanup", Time since last: 1000738600 ns, Reaching safepoint: 491400 ns, At safepoint: 143800 ns, Total: 635200 ns
[2020-05-02T05:23:58.913+0000][1][safepoint    ] Safepoint "Cleanup", Time since last: 1000317200 ns, Reaching safepoint: 114800 ns, At safepoint: 25400 ns, Total: 140200 ns
[2020-05-02T05:23:59.913+0000][1][safepoint    ] Safepoint "Cleanup", Time since last: 1000466700 ns, Reaching safepoint: 193100 ns, At safepoint: 55500 ns, Total: 248600 ns
[2020-05-02T05:24:00.914+0000][1][safepoint    ] Safepoint "Cleanup", Time since last: 1000346000 ns, Reaching safepoint: 506400 ns, At safepoint: 108200 ns, Total: 614600 ns
[2020-05-02T05:24:01.915+0000][1][safepoint    ] Safepoint "Cleanup", Time since last: 1000302600 ns, Reaching safepoint: 165300 ns, At safepoint: 43100 ns, Total: 208400 ns
[2020-05-02T05:24:02.915+0000][1][safepoint    ] Safepoint "Cleanup", Time since last: 1000209500 ns, Reaching safepoint: 261400 ns, At safepoint: 49900 ns, Total: 311300 ns
[2020-05-02T05:24:03.916+0000][1][safepoint    ] Safepoint "Cleanup", Time since last: 1000223200 ns, Reaching safepoint: 126300 ns, At safepoint: 32300 ns, Total: 158600 ns
[2020-05-02T05:24:04.916+0000][1][safepoint    ] Safepoint "Cleanup", Time since last: 1000243500 ns, Reaching safepoint: 122800 ns, At safepoint: 29800 ns, Total: 152600 ns
[2020-05-02T05:24:05.916+0000][1][safepoint    ] Safepoint "Cleanup", Time since last: 1000181500 ns, Reaching safepoint: 130800 ns, At safepoint: 52800 ns, Total: 183600 ns
[2020-05-02T05:24:06.917+0000][1][safepoint    ] Safepoint "Cleanup", Time since last: 1000158200 ns, Reaching safepoint: 125300 ns, At safepoint: 31500 ns, Total: 156800 ns
[2020-05-02T05:24:07.917+0000][1][safepoint    ] Safepoint "Cleanup", Time since last: 1000183500 ns, Reaching safepoint: 232200 ns, At safepoint: 32400 ns, Total: 264600 ns
[2020-05-02T05:24:08.918+0000][1][safepoint    ] Safepoint "Cleanup", Time since last: 1000160200 ns, Reaching safepoint: 136400 ns, At safepoint: 34700 ns, Total: 171100 ns
[2020-05-02T05:24:09.918+0000][1][safepoint    ] Safepoint "Cleanup", Time since last: 1000169800 ns, Reaching safepoint: 157100 ns, At safepoint: 34400 ns, Total: 191500 ns
[2020-05-02T05:24:10.918+0000][1][safepoint    ] Safepoint "Cleanup", Time since last: 1000182800 ns, Reaching safepoint: 150100 ns, At safepoint: 38800 ns, Total: 188900 ns
[2020-05-02T05:24:11.919+0000][1][safepoint    ] Safepoint "Cleanup", Time since last: 1000171900 ns, Reaching safepoint: 144000 ns, At safepoint: 36700 ns, Total: 180700 ns
[2020-05-02T05:24:12.919+0000][1][safepoint    ] Safepoint "Cleanup", Time since last: 1000218900 ns, Reaching safepoint: 261500 ns, At safepoint: 62000 ns, Total: 323500 ns
[2020-05-02T05:24:13.920+0000][1][safepoint    ] Safepoint "Cleanup", Time since last: 1000303400 ns, Reaching safepoint: 390400 ns, At safepoint: 69100 ns, Total: 459500 ns
[2020-05-02T05:24:14.920+0000][1][safepoint    ] Safepoint "Cleanup", Time since last: 1000230200 ns, Reaching safepoint: 146100 ns, At safepoint: 32700 ns, Total: 178800 ns
[2020-05-02T05:24:15.921+0000][1][safepoint    ] Safepoint "Cleanup", Time since last: 1000196600 ns, Reaching safepoint: 189200 ns, At safepoint: 57400 ns, Total: 246600 ns
[2020-05-02T05:24:16.921+0000][1][safepoint    ] Safepoint "Cleanup", Time since last: 1000223700 ns, Reaching safepoint: 131500 ns, At safepoint: 34600 ns, Total: 166100 ns
[2020-05-02T05:24:17.922+0000][1][safepoint    ] Safepoint "Cleanup", Time since last: 1000208200 ns, Reaching safepoint: 179300 ns, At safepoint: 43400 ns, Total: 222700 ns
[2020-05-02T05:24:18.922+0000][1][safepoint    ] Safepoint "Cleanup", Time since last: 1000212300 ns, Reaching safepoint: 152800 ns, At safepoint: 33700 ns, Total: 186500 ns
[2020-05-02T05:24:19.922+0000][1][safepoint    ] Safepoint "Cleanup", Time since last: 1000194200 ns, Reaching safepoint: 125200 ns, At safepoint: 31500 ns, Total: 156700 ns
[2020-05-02T05:24:20.923+0000][1][safepoint    ] Safepoint "Cleanup", Time since last: 1000192500 ns, Reaching safepoint: 123400 ns, At safepoint: 29800 ns, Total: 153200 ns
[2020-05-02T05:24:21.923+0000][1][safepoint    ] Safepoint "Cleanup", Time since last: 1000174300 ns, Reaching safepoint: 128400 ns, At safepoint: 29900 ns, Total: 158300 ns
[2020-05-02T05:24:22.923+0000][1][safepoint    ] Safepoint "Cleanup", Time since last: 1000201900 ns, Reaching safepoint: 140300 ns, At safepoint: 30600 ns, Total: 170900 ns
[2020-05-02T05:24:23.924+0000][1][safepoint    ] Safepoint "Cleanup", Time since last: 1000191100 ns, Reaching safepoint: 129200 ns, At safepoint: 29500 ns, Total: 158700 ns
[2020-05-02T05:24:24.924+0000][1][safepoint    ] Safepoint "Cleanup", Time since last: 1000216900 ns, Reaching safepoint: 127100 ns, At safepoint: 30700 ns, Total: 157800 ns
[2020-05-02T05:24:25.924+0000][1][safepoint    ] Safepoint "Cleanup", Time since last: 1000218300 ns, Reaching safepoint: 121200 ns, At safepoint: 29200 ns, Total: 150400 ns
[2020-05-02T05:24:26.925+0000][1][safepoint    ] Safepoint "Cleanup", Time since last: 1000205700 ns, Reaching safepoint: 156700 ns, At safepoint: 26300 ns, Total: 183000 ns
[2020-05-02T05:24:27.925+0000][1][safepoint    ] Safepoint "Cleanup", Time since last: 1000205800 ns, Reaching safepoint: 135600 ns, At safepoint: 26100 ns, Total: 161700 ns
[2020-05-02T05:24:28.926+0000][1][safepoint    ] Safepoint "Cleanup", Time since last: 1000203500 ns, Reaching safepoint: 126300 ns, At safepoint: 28400 ns, Total: 154700 ns
[2020-05-02T05:24:29.926+0000][1][safepoint    ] Safepoint "Cleanup", Time since last: 1000200000 ns, Reaching safepoint: 130000 ns, At safepoint: 48200 ns, Total: 178200 ns
[2020-05-02T05:24:30.926+0000][1][safepoint    ] Safepoint "Cleanup", Time since last: 1000222900 ns, Reaching safepoint: 118800 ns, At safepoint: 25800 ns, Total: 144600 ns
[2020-05-02T05:24:31.927+0000][1][safepoint    ] Safepoint "Cleanup", Time since last: 1000164400 ns, Reaching safepoint: 121700 ns, At safepoint: 25600 ns, Total: 147300 ns
[2020-05-02T05:24:32.927+0000][1][safepoint    ] Safepoint "Cleanup", Time since last: 1000203100 ns, Reaching safepoint: 124700 ns, At safepoint: 30300 ns, Total: 155000 ns
[2020-05-02T05:24:33.928+0000][1][safepoint    ] Safepoint "Cleanup", Time since last: 1000245000 ns, Reaching safepoint: 262900 ns, At safepoint: 34500 ns, Total: 297400 ns
[2020-05-02T05:24:34.928+0000][1][safepoint    ] Safepoint "Cleanup", Time since last: 1000267900 ns, Reaching safepoint: 128600 ns, At safepoint: 31700 ns, Total: 160300 ns
[2020-05-02T05:24:35.928+0000][1][safepoint    ] Safepoint "Cleanup", Time since last: 1000199200 ns, Reaching safepoint: 219900 ns, At safepoint: 59700 ns, Total: 279600 ns
[2020-05-02T05:24:36.929+0000][1][safepoint    ] Safepoint "Cleanup", Time since last: 1000231200 ns, Reaching safepoint: 126800 ns, At safepoint: 31500 ns, Total: 158300 ns
[2020-05-02T05:24:37.929+0000][1][safepoint    ] Safepoint "Cleanup", Time since last: 1000167200 ns, Reaching safepoint: 184400 ns, At safepoint: 30800 ns, Total: 215200 ns
[2020-05-02T05:24:38.930+0000][1][safepoint    ] Safepoint "Cleanup", Time since last: 1000191600 ns, Reaching safepoint: 135400 ns, At safepoint: 31400 ns, Total: 166800 ns
[2020-05-02T05:24:39.930+0000][1][safepoint    ] Safepoint "Cleanup", Time since last: 1000201500 ns, Reaching safepoint: 143900 ns, At safepoint: 31400 ns, Total: 175300 ns
[2020-05-02T05:24:40.930+0000][1][safepoint    ] Safepoint "Cleanup", Time since last: 1000155600 ns, Reaching safepoint: 116000 ns, At safepoint: 28900 ns, Total: 144900 ns
[2020-05-02T05:24:41.931+0000][1][safepoint    ] Safepoint "Cleanup", Time since last: 1000193500 ns, Reaching safepoint: 130600 ns, At safepoint: 30200 ns, Total: 160800 ns
[2020-05-02T05:24:42.931+0000][1][safepoint    ] Safepoint "Cleanup", Time since last: 1000179900 ns, Reaching safepoint: 121200 ns, At safepoint: 27900 ns, Total: 149100 ns
[2020-05-02T05:24:43.931+0000][1][safepoint    ] Safepoint "Cleanup", Time since last: 1000209400 ns, Reaching safepoint: 125500 ns, At safepoint: 31100 ns, Total: 156600 ns
[2020-05-02T05:24:44.932+0000][1][safepoint    ] Safepoint "Cleanup", Time since last: 1000176100 ns, Reaching safepoint: 168900 ns, At safepoint: 35100 ns, Total: 204000 ns
[2020-05-02T05:24:45.932+0000][1][safepoint    ] Safepoint "Cleanup", Time since last: 1000227400 ns, Reaching safepoint: 127100 ns, At safepoint: 31400 ns, Total: 158500 ns
[2020-05-02T05:24:46.932+0000][1][safepoint    ] Safepoint "Cleanup", Time since last: 1000201700 ns, Reaching safepoint: 119700 ns, At safepoint: 26400 ns, Total: 146100 ns
[2020-05-02T05:24:47.933+0000][1][safepoint    ] Safepoint "Cleanup", Time since last: 1000196700 ns, Reaching safepoint: 124900 ns, At safepoint: 27900 ns, Total: 152800 ns
[2020-05-02T05:24:48.933+0000][1][safepoint    ] Safepoint "Cleanup", Time since last: 1000180900 ns, Reaching safepoint: 134400 ns, At safepoint: 30200 ns, Total: 164600 ns
[2020-05-02T05:24:49.933+0000][1][safepoint    ] Safepoint "Cleanup", Time since last: 1000186500 ns, Reaching safepoint: 126200 ns, At safepoint: 37800 ns, Total: 164000 ns
[2020-05-02T05:24:50.934+0000][1][safepoint    ] Safepoint "Cleanup", Time since last: 1000174500 ns, Reaching safepoint: 127600 ns, At safepoint: 30500 ns, Total: 158100 ns
[2020-05-02T05:24:51.934+0000][1][safepoint    ] Safepoint "Cleanup", Time since last: 1000165900 ns, Reaching safepoint: 133300 ns, At safepoint: 35500 ns, Total: 168800 ns
[2020-05-02T05:24:52.935+0000][1][safepoint    ] Safepoint "Cleanup", Time since last: 1000235600 ns, Reaching safepoint: 126200 ns, At safepoint: 29100 ns, Total: 155300 ns
[2020-05-02T05:24:53.935+0000][1][safepoint    ] Safepoint "Cleanup", Time since last: 1000171300 ns, Reaching safepoint: 119100 ns, At safepoint: 44100 ns, Total: 163200 ns
[2020-05-02T05:24:54.935+0000][1][safepoint    ] Safepoint "Cleanup", Time since last: 1000167700 ns, Reaching safepoint: 124200 ns, At safepoint: 27000 ns, Total: 151200 ns
[2020-05-02T05:24:55.936+0000][1][safepoint    ] Safepoint "Cleanup", Time since last: 1000200000 ns, Reaching safepoint: 145400 ns, At safepoint: 28100 ns, Total: 173500 ns
[2020-05-02T05:24:56.936+0000][1][safepoint    ] Safepoint "Cleanup", Time since last: 1000173500 ns, Reaching safepoint: 123400 ns, At safepoint: 45600 ns, Total: 169000 ns
[2020-05-02T05:24:57.936+0000][1][safepoint    ] Safepoint "Cleanup", Time since last: 1000194400 ns, Reaching safepoint: 126400 ns, At safepoint: 48100 ns, Total: 174500 ns
[2020-05-02T05:24:58.937+0000][1][safepoint    ] Safepoint "Cleanup", Time since last: 1000186300 ns, Reaching safepoint: 196100 ns, At safepoint: 94000 ns, Total: 290100 ns
[2020-05-02T05:24:59.937+0000][1][safepoint    ] Safepoint "Cleanup", Time since last: 1000263500 ns, Reaching safepoint: 235800 ns, At safepoint: 52400 ns, Total: 288200 ns
[2020-05-02T05:25:00.938+0000][1][safepoint    ] Safepoint "Cleanup", Time since last: 1000303000 ns, Reaching safepoint: 139600 ns, At safepoint: 30600 ns, Total: 170200 ns
[2020-05-02T05:25:01.938+0000][1][safepoint    ] Safepoint "Cleanup", Time since last: 1000271200 ns, Reaching safepoint: 120100 ns, At safepoint: 26900 ns, Total: 147000 ns
[2020-05-02T05:25:02.939+0000][1][safepoint    ] Safepoint "Cleanup", Time since last: 1000194100 ns, Reaching safepoint: 134000 ns, At safepoint: 35500 ns, Total: 169500 ns
[2020-05-02T05:25:03.939+0000][1][safepoint    ] Safepoint "Cleanup", Time since last: 1000503900 ns, Reaching safepoint: 130700 ns, At safepoint: 33400 ns, Total: 164100 ns
[2020-05-02T05:25:04.940+0000][1][safepoint    ] Safepoint "Cleanup", Time since last: 1000202600 ns, Reaching safepoint: 252900 ns, At safepoint: 28700 ns, Total: 281600 ns
[2020-05-02T05:25:05.940+0000][1][safepoint    ] Safepoint "Cleanup", Time since last: 1000192300 ns, Reaching safepoint: 216900 ns, At safepoint: 49900 ns, Total: 266800 ns
[2020-05-02T05:25:06.941+0000][1][safepoint    ] Safepoint "Cleanup", Time since last: 1000406000 ns, Reaching safepoint: 495600 ns, At safepoint: 158900 ns, Total: 654500 ns
[2020-05-02T05:25:07.942+0000][1][safepoint    ] Safepoint "Cleanup", Time since last: 1000764500 ns, Reaching safepoint: 129700 ns, At safepoint: 32700 ns, Total: 162400 ns
[2020-05-02T05:25:08.943+0000][1][safepoint    ] Safepoint "Cleanup", Time since last: 1000677800 ns, Reaching safepoint: 412600 ns, At safepoint: 134000 ns, Total: 546600 ns
[2020-05-02T05:25:09.945+0000][1][safepoint    ] Safepoint "Cleanup", Time since last: 1000981700 ns, Reaching safepoint: 401000 ns, At safepoint: 140800 ns, Total: 541800 ns
[2020-05-02T05:25:10.945+0000][1][safepoint    ] Safepoint "Cleanup", Time since last: 1000349100 ns, Reaching safepoint: 113200 ns, At safepoint: 27500 ns, Total: 140700 ns
[2020-05-02T05:25:11.946+0000][1][safepoint    ] Safepoint "Cleanup", Time since last: 1000386800 ns, Reaching safepoint: 412400 ns, At safepoint: 133800 ns, Total: 546200 ns
[2020-05-02T05:25:12.947+0000][1][safepoint    ] Safepoint "Cleanup", Time since last: 1000303500 ns, Reaching safepoint: 125000 ns, At safepoint: 28200 ns, Total: 153200 ns
[2020-05-02T05:25:13.947+0000][1][safepoint    ] Safepoint "Cleanup", Time since last: 1000169000 ns, Reaching safepoint: 114500 ns, At safepoint: 25000 ns, Total: 139500 ns
[2020-05-02T05:25:14.947+0000][1][safepoint    ] Safepoint "Cleanup", Time since last: 1000186000 ns, Reaching safepoint: 125100 ns, At safepoint: 30200 ns, Total: 155300 ns
[2020-05-02T05:25:15.948+0000][1][safepoint    ] Safepoint "Cleanup", Time since last: 1000346600 ns, Reaching safepoint: 137800 ns, At safepoint: 34200 ns, Total: 172000 ns
[2020-05-02T05:25:16.949+0000][1][safepoint    ] Safepoint "Cleanup", Time since last: 1000390900 ns, Reaching safepoint: 118900 ns, At safepoint: 33700 ns, Total: 152600 ns
[2020-05-02T05:25:17.950+0000][1][safepoint    ] Safepoint "Cleanup", Time since last: 1000663400 ns, Reaching safepoint: 402300 ns, At safepoint: 137900 ns, Total: 540200 ns
[2020-05-02T05:25:18.951+0000][1][safepoint    ] Safepoint "Cleanup", Time since last: 1000704400 ns, Reaching safepoint: 437400 ns, At safepoint: 132700 ns, Total: 570100 ns
[2020-05-02T05:25:19.952+0000][1][safepoint    ] Safepoint "Cleanup", Time since last: 1000466600 ns, Reaching safepoint: 457800 ns, At safepoint: 128800 ns, Total: 586600 ns
[2020-05-02T05:25:20.954+0000][1][safepoint    ] Safepoint "Cleanup", Time since last: 1000727000 ns, Reaching safepoint: 727200 ns, At safepoint: 104900 ns, Total: 832100 ns
[2020-05-02T05:25:21.955+0000][1][safepoint    ] Safepoint "Cleanup", Time since last: 1000562900 ns, Reaching safepoint: 505900 ns, At safepoint: 135700 ns, Total: 641600 ns
[2020-05-02T05:25:22.956+0000][1][safepoint    ] Safepoint "Cleanup", Time since last: 1000549700 ns, Reaching safepoint: 489000 ns, At safepoint: 131800 ns, Total: 620800 ns
[2020-05-02T05:25:23.957+0000][1][safepoint    ] Safepoint "Cleanup", Time since last: 1000429200 ns, Reaching safepoint: 144100 ns, At safepoint: 31100 ns, Total: 175200 ns
[2020-05-02T05:25:24.958+0000][1][safepoint    ] Safepoint "Cleanup", Time since last: 1000710400 ns, Reaching safepoint: 410400 ns, At safepoint: 134100 ns, Total: 544500 ns
[2020-05-02T05:25:25.959+0000][1][safepoint    ] Safepoint "Cleanup", Time since last: 1000686000 ns, Reaching safepoint: 402300 ns, At safepoint: 133600 ns, Total: 535900 ns
[2020-05-02T05:25:26.960+0000][1][safepoint    ] Safepoint "Cleanup", Time since last: 1000797200 ns, Reaching safepoint: 402300 ns, At safepoint: 132100 ns, Total: 534400 ns
[2020-05-02T05:25:27.962+0000][1][safepoint    ] Safepoint "Cleanup", Time since last: 1000799400 ns, Reaching safepoint: 401700 ns, At safepoint: 139000 ns, Total: 540700 ns
[2020-05-02T05:25:28.963+0000][1][safepoint    ] Safepoint "Cleanup", Time since last: 1000891100 ns, Reaching safepoint: 401500 ns, At safepoint: 133300 ns, Total: 534800 ns
[2020-05-02T05:25:29.964+0000][1][safepoint    ] Safepoint "Cleanup", Time since last: 1000582000 ns, Reaching safepoint: 224700 ns, At safepoint: 67700 ns, Total: 292400 ns
[2020-05-02T05:25:30.965+0000][1][safepoint    ] Safepoint "Cleanup", Time since last: 1000735900 ns, Reaching safepoint: 401100 ns, At safepoint: 132300 ns, Total: 533400 ns
[2020-05-02T05:25:31.967+0000][1][safepoint    ] Safepoint "Cleanup", Time since last: 1000906300 ns, Reaching safepoint: 400300 ns, At safepoint: 138900 ns, Total: 539200 ns
[2020-05-02T05:25:32.968+0000][1][safepoint    ] Safepoint "Cleanup", Time since last: 1000757200 ns, Reaching safepoint: 410400 ns, At safepoint: 131100 ns, Total: 541500 ns
[2020-05-02T05:25:33.969+0000][1][safepoint    ] Safepoint "Cleanup", Time since last: 1000446000 ns, Reaching safepoint: 122400 ns, At safepoint: 28000 ns, Total: 150400 ns
[2020-05-02T05:25:34.970+0000][1][safepoint    ] Safepoint "Cleanup", Time since last: 1000514000 ns, Reaching safepoint: 551000 ns, At safepoint: 134700 ns, Total: 685700 ns
[2020-05-02T05:25:35.971+0000][1][safepoint    ] Safepoint "Cleanup", Time since last: 1000752000 ns, Reaching safepoint: 190900 ns, At safepoint: 55700 ns, Total: 246600 ns
[2020-05-02T05:25:36.972+0000][1][safepoint    ] Safepoint "Cleanup", Time since last: 1000365400 ns, Reaching safepoint: 483800 ns, At safepoint: 129300 ns, Total: 613100 ns
[2020-05-02T05:25:37.973+0000][1][safepoint    ] Safepoint "Cleanup", Time since last: 1000836500 ns, Reaching safepoint: 144300 ns, At safepoint: 38400 ns, Total: 182700 ns
[2020-05-02T05:25:38.973+0000][1][safepoint    ] Safepoint "Cleanup", Time since last: 1000504000 ns, Reaching safepoint: 122200 ns, At safepoint: 29200 ns, Total: 151400 ns
[2020-05-02T05:25:39.974+0000][1][safepoint    ] Safepoint "Cleanup", Time since last: 1000179500 ns, Reaching safepoint: 130800 ns, At safepoint: 48000 ns, Total: 178800 ns
[2020-05-02T05:25:41.945+0000][1][safepoint    ] Safepoint "Cleanup", Time since last: 1970126400 ns, Reaching safepoint: 483000 ns, At safepoint: 140000 ns, Total: 623000 ns
[2020-05-02T05:25:42.945+0000][1][safepoint    ] Safepoint "Cleanup", Time since last: 1000584200 ns, Reaching safepoint: 195800 ns, At safepoint: 56900 ns, Total: 252700 ns
[2020-05-02T05:25:43.946+0000][1][safepoint    ] Safepoint "Cleanup", Time since last: 1000348500 ns, Reaching safepoint: 495500 ns, At safepoint: 130700 ns, Total: 626200 ns
[2020-05-02T05:25:44.947+0000][1][safepoint    ] Safepoint "Cleanup", Time since last: 1000425700 ns, Reaching safepoint: 169100 ns, At safepoint: 43400 ns, Total: 212500 ns
[2020-05-02T05:25:45.948+0000][1][safepoint    ] Safepoint "Cleanup", Time since last: 1000648600 ns, Reaching safepoint: 415900 ns, At safepoint: 136700 ns, Total: 552600 ns
[2020-05-02T05:25:46.949+0000][1][safepoint    ] Safepoint "Cleanup", Time since last: 1000452000 ns, Reaching safepoint: 483300 ns, At safepoint: 129200 ns, Total: 612500 ns
[2020-05-02T05:25:47.951+0000][1][safepoint    ] Safepoint "Cleanup", Time since last: 1000642700 ns, Reaching safepoint: 415300 ns, At safepoint: 129600 ns, Total: 544900 ns
[2020-05-02T05:25:48.952+0000][1][safepoint    ] Safepoint "Cleanup", Time since last: 1000792200 ns, Reaching safepoint: 415500 ns, At safepoint: 142000 ns, Total: 557500 ns
[2020-05-02T05:25:49.953+0000][1][safepoint    ] Safepoint "Cleanup", Time since last: 1000643000 ns, Reaching safepoint: 160400 ns, At safepoint: 45200 ns, Total: 205600 ns
[2020-05-02T05:25:50.953+0000][1][safepoint    ] Safepoint "Cleanup", Time since last: 1000147000 ns, Reaching safepoint: 119100 ns, At safepoint: 28200 ns, Total: 147300 ns
[2020-05-02T05:25:51.954+0000][1][safepoint    ] Safepoint "Cleanup", Time since last: 1000494600 ns, Reaching safepoint: 415100 ns, At safepoint: 137800 ns, Total: 552900 ns
[2020-05-02T05:25:52.955+0000][1][safepoint    ] Safepoint "Cleanup", Time since last: 1000644200 ns, Reaching safepoint: 354000 ns, At safepoint: 116000 ns, Total: 470000 ns
[2020-05-02T05:25:53.956+0000][1][safepoint    ] Safepoint "Cleanup", Time since last: 1000518900 ns, Reaching safepoint: 419700 ns, At safepoint: 136900 ns, Total: 556600 ns
[2020-05-02T05:25:54.957+0000][1][safepoint    ] Safepoint "Cleanup", Time since last: 1000582600 ns, Reaching safepoint: 490900 ns, At safepoint: 133900 ns, Total: 624800 ns
[2020-05-02T05:25:55.959+0000][1][safepoint    ] Safepoint "Cleanup", Time since last: 1000509600 ns, Reaching safepoint: 445800 ns, At safepoint: 139200 ns, Total: 585000 ns
[2020-05-02T05:25:56.959+0000][1][safepoint    ] Safepoint "Cleanup", Time since last: 1000457100 ns, Reaching safepoint: 231000 ns, At safepoint: 48400 ns, Total: 279400 ns
[2020-05-02T05:25:57.960+0000][1][safepoint    ] Safepoint "Cleanup", Time since last: 1000318800 ns, Reaching safepoint: 140700 ns, At safepoint: 38200 ns, Total: 178900 ns
[2020-05-02T05:25:58.961+0000][1][safepoint    ] Safepoint "Cleanup", Time since last: 1000702300 ns, Reaching safepoint: 415300 ns, At safepoint: 136100 ns, Total: 551400 ns
[2020-05-02T05:25:59.962+0000][1][safepoint    ] Safepoint "Cleanup", Time since last: 1000833100 ns, Reaching safepoint: 194300 ns, At safepoint: 57400 ns, Total: 251700 ns
[2020-05-02T05:26:00.963+0000][1][safepoint    ] Safepoint "Cleanup", Time since last: 1000514600 ns, Reaching safepoint: 473600 ns, At safepoint: 78200 ns, Total: 551800 ns
[2020-05-02T05:26:02.171+0000][1][safepoint    ] Safepoint "Cleanup", Time since last: 1207444600 ns, Reaching safepoint: 422900 ns, At safepoint: 136600 ns, Total: 559500 ns
[2020-05-02T05:26:03.172+0000][1][safepoint    ] Safepoint "Cleanup", Time since last: 1000659000 ns, Reaching safepoint: 125900 ns, At safepoint: 45400 ns, Total: 171300 ns
[2020-05-02T05:26:04.173+0000][1][safepoint    ] Safepoint "Cleanup", Time since last: 1000346800 ns, Reaching safepoint: 149000 ns, At safepoint: 40800 ns, Total: 189800 ns
[2020-05-02T05:26:05.174+0000][1][safepoint    ] Safepoint "Cleanup", Time since last: 1000688700 ns, Reaching safepoint: 345000 ns, At safepoint: 107500 ns, Total: 452500 ns
[2020-05-02T05:26:06.175+0000][1][safepoint    ] Safepoint "Cleanup", Time since last: 1000717100 ns, Reaching safepoint: 402400 ns, At safepoint: 205700 ns, Total: 608100 ns
[2020-05-02T05:26:07.176+0000][1][safepoint    ] Safepoint "Cleanup", Time since last: 1000505300 ns, Reaching safepoint: 423500 ns, At safepoint: 131800 ns, Total: 555300 ns
[2020-05-02T05:26:08.178+0000][1][safepoint    ] Safepoint "Cleanup", Time since last: 1000963200 ns, Reaching safepoint: 420000 ns, At safepoint: 141900 ns, Total: 561900 ns
[2020-05-02T05:26:09.178+0000][1][safepoint    ] Safepoint "Cleanup", Time since last: 1000678400 ns, Reaching safepoint: 125300 ns, At safepoint: 30500 ns, Total: 155800 ns
[2020-05-02T05:26:10.180+0000][1][safepoint    ] Safepoint "Cleanup", Time since last: 1000842500 ns, Reaching safepoint: 426700 ns, At safepoint: 201400 ns, Total: 628100 ns
[2020-05-02T05:26:11.181+0000][1][safepoint    ] Safepoint "Cleanup", Time since last: 1000590100 ns, Reaching safepoint: 420900 ns, At safepoint: 40700 ns, Total: 461600 ns
[2020-05-02T05:26:12.182+0000][1][safepoint    ] Safepoint "Cleanup", Time since last: 1000403300 ns, Reaching safepoint: 420400 ns, At safepoint: 131600 ns, Total: 552000 ns
[2020-05-02T05:26:13.183+0000][1][safepoint    ] Safepoint "Cleanup", Time since last: 1000798800 ns, Reaching safepoint: 432200 ns, At safepoint: 141000 ns, Total: 573200 ns
[2020-05-02T05:26:14.184+0000][1][safepoint    ] Safepoint "Cleanup", Time since last: 1000466700 ns, Reaching safepoint: 358900 ns, At safepoint: 129100 ns, Total: 488000 ns
[2020-05-02T05:26:15.186+0000][1][safepoint    ] Safepoint "Cleanup", Time since last: 1000881100 ns, Reaching safepoint: 421800 ns, At safepoint: 142900 ns, Total: 564700 ns
[2020-05-02T05:26:16.187+0000][1][safepoint    ] Safepoint "Cleanup", Time since last: 1000382600 ns, Reaching safepoint: 421100 ns, At safepoint: 130800 ns, Total: 551900 ns
[2020-05-02T05:26:17.187+0000][1][safepoint    ] Safepoint "Cleanup", Time since last: 1000263200 ns, Reaching safepoint: 252200 ns, At safepoint: 39100 ns, Total: 291300 ns
[2020-05-02T05:26:18.188+0000][1][safepoint    ] Safepoint "Cleanup", Time since last: 1000213200 ns, Reaching safepoint: 276200 ns, At safepoint: 57100 ns, Total: 333300 ns
[2020-05-02T05:26:19.189+0000][1][safepoint    ] Safepoint "Cleanup", Time since last: 1000554600 ns, Reaching safepoint: 483300 ns, At safepoint: 129400 ns, Total: 612700 ns
[2020-05-02T05:26:20.190+0000][1][safepoint    ] Safepoint "Cleanup", Time since last: 1000333400 ns, Reaching safepoint: 271000 ns, At safepoint: 56100 ns, Total: 327100 ns
[2020-05-02T05:26:21.190+0000][1][safepoint    ] Safepoint "Cleanup", Time since last: 1000187000 ns, Reaching safepoint: 159400 ns, At safepoint: 38000 ns, Total: 197400 ns
[2020-05-02T05:26:22.191+0000][1][safepoint    ] Safepoint "Cleanup", Time since last: 1000398900 ns, Reaching safepoint: 146900 ns, At safepoint: 39300 ns, Total: 186200 ns
[2020-05-02T05:26:23.192+0000][1][safepoint    ] Safepoint "Cleanup", Time since last: 1000517200 ns, Reaching safepoint: 477700 ns, At safepoint: 129300 ns, Total: 607000 ns
[2020-05-02T05:26:24.193+0000][1][safepoint    ] Safepoint "Cleanup", Time since last: 1000996400 ns, Reaching safepoint: 418000 ns, At safepoint: 138200 ns, Total: 556200 ns
[2020-05-02T05:26:25.195+0000][1][safepoint    ] Safepoint "Cleanup", Time since last: 1000751200 ns, Reaching safepoint: 542600 ns, At safepoint: 125200 ns, Total: 667800 ns
[2020-05-02T05:26:26.196+0000][1][safepoint    ] Safepoint "Cleanup", Time since last: 1000562000 ns, Reaching safepoint: 398500 ns, At safepoint: 131100 ns, Total: 529600 ns
[2020-05-02T05:26:27.196+0000][1][safepoint    ] Safepoint "Cleanup", Time since last: 1000424300 ns, Reaching safepoint: 134600 ns, At safepoint: 33800 ns, Total: 168400 ns
[2020-05-02T05:26:28.197+0000][1][safepoint    ] Safepoint "Cleanup", Time since last: 1000545000 ns, Reaching safepoint: 247400 ns, At safepoint: 75300 ns, Total: 322700 ns
[2020-05-02T05:26:29.198+0000][1][safepoint    ] Safepoint "Cleanup", Time since last: 1000356100 ns, Reaching safepoint: 431400 ns, At safepoint: 138200 ns, Total: 569600 ns
[2020-05-02T05:26:30.199+0000][1][safepoint    ] Safepoint "Cleanup", Time since last: 1000600700 ns, Reaching safepoint: 197800 ns, At safepoint: 59000 ns, Total: 256800 ns
[2020-05-02T05:26:31.200+0000][1][safepoint    ] Safepoint "Cleanup", Time since last: 1000663200 ns, Reaching safepoint: 151500 ns, At safepoint: 41400 ns, Total: 192900 ns
[2020-05-02T05:26:32.201+0000][1][safepoint    ] Safepoint "Cleanup", Time since last: 1000569800 ns, Reaching safepoint: 422100 ns, At safepoint: 129700 ns, Total: 551800 ns
[2020-05-02T05:26:33.202+0000][1][safepoint    ] Safepoint "Cleanup", Time since last: 1000812900 ns, Reaching safepoint: 399800 ns, At safepoint: 131000 ns, Total: 530800 ns
[2020-05-02T05:26:34.203+0000][1][safepoint    ] Safepoint "Cleanup", Time since last: 1000500700 ns, Reaching safepoint: 400800 ns, At safepoint: 134900 ns, Total: 535700 ns
[2020-05-02T05:26:35.204+0000][1][safepoint    ] Safepoint "Cleanup", Time since last: 1000493600 ns, Reaching safepoint: 298300 ns, At safepoint: 92900 ns, Total: 391200 ns
[2020-05-02T05:26:36.205+0000][1][safepoint    ] Safepoint "Cleanup", Time since last: 1000740700 ns, Reaching safepoint: 289000 ns, At safepoint: 75900 ns, Total: 364900 ns
[2020-05-02T05:26:37.206+0000][1][safepoint    ] Safepoint "Cleanup", Time since last: 1000412600 ns, Reaching safepoint: 413800 ns, At safepoint: 169200 ns, Total: 583000 ns
[2020-05-02T05:26:38.207+0000][1][safepoint    ] Safepoint "Cleanup", Time since last: 1000467700 ns, Reaching safepoint: 398700 ns, At safepoint: 139300 ns, Total: 538000 ns
[2020-05-02T05:26:38.938+0000][1][gc,start     ] GC(33) Pause Young (Allocation Failure)
[2020-05-02T05:26:38.938+0000][1][gc,task      ] GC(33) Using 10 workers of 10 for evacuation
[2020-05-02T05:26:38.945+0000][1][gc,age       ] GC(33) Desired survivor size 8945664 bytes, new threshold 6 (max threshold 6)
[2020-05-02T05:26:38.945+0000][1][gc,age       ] GC(33) Age table with threshold 6 (max threshold 6)
[2020-05-02T05:26:38.945+0000][1][gc,age       ] GC(33) - age   1:      62856 bytes,      62856 total
[2020-05-02T05:26:38.945+0000][1][gc,age       ] GC(33) - age   2:      10344 bytes,      73200 total
[2020-05-02T05:26:38.945+0000][1][gc,age       ] GC(33) - age   3:       4976 bytes,      78176 total
[2020-05-02T05:26:38.945+0000][1][gc,age       ] GC(33) - age   4:       9720 bytes,      87896 total
[2020-05-02T05:26:38.945+0000][1][gc,age       ] GC(33) - age   5:       2480 bytes,      90376 total
[2020-05-02T05:26:38.945+0000][1][gc,age       ] GC(33) - age   6:      38688 bytes,     129064 total
[2020-05-02T05:26:38.945+0000][1][gc,heap      ] GC(33) ParNew: 140012K->173K(157248K)
[2020-05-02T05:26:38.945+0000][1][gc,heap      ] GC(33) CMS: 81642K->81666K(349568K)
[2020-05-02T05:26:38.945+0000][1][gc,metaspace ] GC(33) Metaspace: 96149K->96149K(1138688K)
[2020-05-02T05:26:38.945+0000][1][gc           ] GC(33) Pause Young (Allocation Failure) 216M->79M(494M) 7.149ms
[2020-05-02T05:26:38.945+0000][1][gc,cpu       ] GC(33) User=0.02s Sys=0.01s Real=0.01s
[2020-05-02T05:26:38.945+0000][1][safepoint    ] Safepoint "GenCollectForAllocation", Time since last: 729894100 ns, Reaching safepoint: 542900 ns, At safepoint: 7283200 ns, Total: 7826100 ns
[2020-05-02T05:26:40.674+0000][1][safepoint    ] Safepoint "Cleanup", Time since last: 1728676100 ns, Reaching safepoint: 157400 ns, At safepoint: 38200 ns, Total: 195600 ns
[2020-05-02T05:26:41.675+0000][1][safepoint    ] Safepoint "Cleanup", Time since last: 1000566600 ns, Reaching safepoint: 199300 ns, At safepoint: 58300 ns, Total: 257600 ns
[2020-05-02T05:26:42.675+0000][1][safepoint    ] Safepoint "Cleanup", Time since last: 1000242500 ns, Reaching safepoint: 120500 ns, At safepoint: 27200 ns, Total: 147700 ns
[2020-05-02T05:26:43.676+0000][1][safepoint    ] Safepoint "Cleanup", Time since last: 1000253700 ns, Reaching safepoint: 129600 ns, At safepoint: 30300 ns, Total: 159900 ns
[2020-05-02T05:26:44.676+0000][1][safepoint    ] Safepoint "Cleanup", Time since last: 1000283400 ns, Reaching safepoint: 207900 ns, At safepoint: 58700 ns, Total: 266600 ns
[2020-05-02T05:26:45.677+0000][1][safepoint    ] Safepoint "Cleanup", Time since last: 1000612700 ns, Reaching safepoint: 144200 ns, At safepoint: 54100 ns, Total: 198300 ns
[2020-05-02T05:26:46.678+0000][1][safepoint    ] Safepoint "Cleanup", Time since last: 1000568800 ns, Reaching safepoint: 145300 ns, At safepoint: 30900 ns, Total: 176200 ns
[2020-05-02T05:26:47.678+0000][1][safepoint    ] Safepoint "Cleanup", Time since last: 1000505800 ns, Reaching safepoint: 130300 ns, At safepoint: 33000 ns, Total: 163300 ns
[2020-05-02T05:26:48.679+0000][1][safepoint    ] Safepoint "Cleanup", Time since last: 1000192900 ns, Reaching safepoint: 125900 ns, At safepoint: 46400 ns, Total: 172300 ns
[2020-05-02T05:26:49.679+0000][1][safepoint    ] Safepoint "Cleanup", Time since last: 1000242800 ns, Reaching safepoint: 190000 ns, At safepoint: 49300 ns, Total: 239300 ns
[2020-05-02T05:26:50.680+0000][1][safepoint    ] Safepoint "Cleanup", Time since last: 1000303400 ns, Reaching safepoint: 281900 ns, At safepoint: 103900 ns, Total: 385800 ns
[2020-05-02T05:26:51.681+0000][1][safepoint    ] Safepoint "Cleanup", Time since last: 1000659700 ns, Reaching safepoint: 437100 ns, At safepoint: 139600 ns, Total: 576700 ns
[2020-05-02T05:26:52.682+0000][1][safepoint    ] Safepoint "Cleanup", Time since last: 1000455700 ns, Reaching safepoint: 486200 ns, At safepoint: 129300 ns, Total: 615500 ns
[2020-05-02T05:26:53.683+0000][1][safepoint    ] Safepoint "Cleanup", Time since last: 1000636700 ns, Reaching safepoint: 300300 ns, At safepoint: 96500 ns, Total: 396800 ns
[2020-05-02T05:26:54.684+0000][1][safepoint    ] Safepoint "Cleanup", Time since last: 1000734300 ns, Reaching safepoint: 260700 ns, At safepoint: 63200 ns, Total: 323900 ns
[2020-05-02T05:26:55.685+0000][1][safepoint    ] Safepoint "Cleanup", Time since last: 1000674000 ns, Reaching safepoint: 419100 ns, At safepoint: 136000 ns, Total: 555100 ns
[2020-05-02T05:26:56.687+0000][1][safepoint    ] Safepoint "Cleanup", Time since last: 1000730900 ns, Reaching safepoint: 424300 ns, At safepoint: 137500 ns, Total: 561800 ns
[2020-05-02T05:26:57.687+0000][1][safepoint    ] Safepoint "Cleanup", Time since last: 1000316000 ns, Reaching safepoint: 118400 ns, At safepoint: 26200 ns, Total: 144600 ns
[2020-05-02T05:26:58.688+0000][1][safepoint    ] Safepoint "Cleanup", Time since last: 1000394700 ns, Reaching safepoint: 421400 ns, At safepoint: 135100 ns, Total: 556500 ns
[2020-05-02T05:26:59.689+0000][1][safepoint    ] Safepoint "Cleanup", Time since last: 1000711700 ns, Reaching safepoint: 313900 ns, At safepoint: 100300 ns, Total: 414200 ns
[2020-05-02T05:27:00.690+0000][1][safepoint    ] Safepoint "Cleanup", Time since last: 1000330000 ns, Reaching safepoint: 165400 ns, At safepoint: 42900 ns, Total: 208300 ns
[2020-05-02T05:27:01.691+0000][1][safepoint    ] Safepoint "Cleanup", Time since last: 1000333900 ns, Reaching safepoint: 481500 ns, At safepoint: 129400 ns, Total: 610900 ns
[2020-05-02T05:27:02.691+0000][1][safepoint    ] Safepoint "Cleanup", Time since last: 1000449700 ns, Reaching safepoint: 123800 ns, At safepoint: 32100 ns, Total: 155900 ns
[2020-05-02T05:27:03.692+0000][1][safepoint    ] Safepoint "Cleanup", Time since last: 1000297800 ns, Reaching safepoint: 498300 ns, At safepoint: 135200 ns, Total: 633500 ns
[2020-05-02T05:27:04.694+0000][1][safepoint    ] Safepoint "Cleanup", Time since last: 1000814700 ns, Reaching safepoint: 479800 ns, At safepoint: 131400 ns, Total: 611200 ns
[2020-05-02T05:27:05.695+0000][1][safepoint    ] Safepoint "Cleanup", Time since last: 1000711000 ns, Reaching safepoint: 183500 ns, At safepoint: 42600 ns, Total: 226100 ns
[2020-05-02T05:27:06.696+0000][1][safepoint    ] Safepoint "Cleanup", Time since last: 1000361800 ns, Reaching safepoint: 562000 ns, At safepoint: 119700 ns, Total: 681700 ns
[2020-05-02T05:27:07.697+0000][1][safepoint    ] Safepoint "Cleanup", Time since last: 1000482800 ns, Reaching safepoint: 490800 ns, At safepoint: 173800 ns, Total: 664600 ns
[2020-05-02T05:27:08.698+0000][1][safepoint    ] Safepoint "Cleanup", Time since last: 1000840300 ns, Reaching safepoint: 424000 ns, At safepoint: 138800 ns, Total: 562800 ns
[2020-05-02T05:27:09.700+0000][1][safepoint    ] Safepoint "Cleanup", Time since last: 1000911500 ns, Reaching safepoint: 905800 ns, At safepoint: 187200 ns, Total: 1093000 ns
[2020-05-02T05:27:10.702+0000][1][safepoint    ] Safepoint "Cleanup", Time since last: 1000754700 ns, Reaching safepoint: 422300 ns, At safepoint: 137500 ns, Total: 559800 ns
[2020-05-02T05:27:11.703+0000][1][safepoint    ] Safepoint "Cleanup", Time since last: 1000693100 ns, Reaching safepoint: 424000 ns, At safepoint: 134900 ns, Total: 558900 ns
[2020-05-02T05:27:12.704+0000][1][safepoint    ] Safepoint "Cleanup", Time since last: 1000487600 ns, Reaching safepoint: 229500 ns, At safepoint: 53500 ns, Total: 283000 ns
[2020-05-02T05:27:13.704+0000][1][safepoint    ] Safepoint "Cleanup", Time since last: 1000287300 ns, Reaching safepoint: 175200 ns, At safepoint: 49100 ns, Total: 224300 ns
[2020-05-02T05:27:14.705+0000][1][safepoint    ] Safepoint "Cleanup", Time since last: 1000382800 ns, Reaching safepoint: 423500 ns, At safepoint: 137000 ns, Total: 560500 ns
[2020-05-02T05:27:15.706+0000][1][safepoint    ] Safepoint "Cleanup", Time since last: 1000615800 ns, Reaching safepoint: 144400 ns, At safepoint: 32700 ns, Total: 177100 ns
[2020-05-02T05:27:16.706+0000][1][safepoint    ] Safepoint "Cleanup", Time since last: 1000203000 ns, Reaching safepoint: 133800 ns, At safepoint: 34100 ns, Total: 167900 ns
[2020-05-02T05:27:17.707+0000][1][safepoint    ] Safepoint "Cleanup", Time since last: 1000198200 ns, Reaching safepoint: 122300 ns, At safepoint: 27800 ns, Total: 150100 ns
[2020-05-02T05:27:18.708+0000][1][safepoint    ] Safepoint "Cleanup", Time since last: 1000746900 ns, Reaching safepoint: 584900 ns, At safepoint: 144700 ns, Total: 729600 ns
[2020-05-02T05:27:19.709+0000][1][safepoint    ] Safepoint "Cleanup", Time since last: 1000474900 ns, Reaching safepoint: 550100 ns, At safepoint: 136900 ns, Total: 687000 ns
[2020-05-02T05:27:20.710+0000][1][safepoint    ] Safepoint "Cleanup", Time since last: 1000556000 ns, Reaching safepoint: 585300 ns, At safepoint: 124700 ns, Total: 710000 ns
[2020-05-02T05:27:21.712+0000][1][safepoint    ] Safepoint "Cleanup", Time since last: 1000493100 ns, Reaching safepoint: 560500 ns, At safepoint: 136700 ns, Total: 697200 ns
[2020-05-02T05:27:22.713+0000][1][safepoint    ] Safepoint "Cleanup", Time since last: 1000825700 ns, Reaching safepoint: 402600 ns, At safepoint: 132900 ns, Total: 535500 ns
[2020-05-02T05:27:23.714+0000][1][safepoint    ] Safepoint "Cleanup", Time since last: 1000541400 ns, Reaching safepoint: 121800 ns, At safepoint: 39400 ns, Total: 161200 ns
[2020-05-02T05:27:24.714+0000][1][safepoint    ] Safepoint "Cleanup", Time since last: 1000594600 ns, Reaching safepoint: 125000 ns, At safepoint: 28700 ns, Total: 153700 ns
[2020-05-02T05:27:25.715+0000][1][safepoint    ] Safepoint "Cleanup", Time since last: 1000174400 ns, Reaching safepoint: 122200 ns, At safepoint: 26700 ns, Total: 148900 ns
[2020-05-02T05:27:26.715+0000][1][safepoint    ] Safepoint "Cleanup", Time since last: 1000185200 ns, Reaching safepoint: 129300 ns, At safepoint: 27200 ns, Total: 156500 ns
[2020-05-02T05:27:27.716+0000][1][safepoint    ] Safepoint "Cleanup", Time since last: 1000648500 ns, Reaching safepoint: 139400 ns, At safepoint: 36200 ns, Total: 175600 ns
[2020-05-02T05:27:28.717+0000][1][safepoint    ] Safepoint "Cleanup", Time since last: 1000369700 ns, Reaching safepoint: 150000 ns, At safepoint: 31200 ns, Total: 181200 ns
[2020-05-02T05:27:29.718+0000][1][safepoint    ] Safepoint "Cleanup", Time since last: 1000343600 ns, Reaching safepoint: 470800 ns, At safepoint: 131600 ns, Total: 602400 ns
[2020-05-02T05:27:30.719+0000][1][safepoint    ] Safepoint "Cleanup", Time since last: 1000584100 ns, Reaching safepoint: 545900 ns, At safepoint: 174900 ns, Total: 720800 ns
[2020-05-02T05:27:31.720+0000][1][safepoint    ] Safepoint "Cleanup", Time since last: 1000464600 ns, Reaching safepoint: 403200 ns, At safepoint: 140000 ns, Total: 543200 ns
[2020-05-02T05:27:32.720+0000][1][safepoint    ] Safepoint "Cleanup", Time since last: 1000334200 ns, Reaching safepoint: 178800 ns, At safepoint: 44100 ns, Total: 222900 ns
[2020-05-02T05:27:33.723+0000][1][safepoint    ] Safepoint "Cleanup", Time since last: 1001745600 ns, Reaching safepoint: 413800 ns, At safepoint: 126400 ns, Total: 540200 ns
[2020-05-02T05:27:34.724+0000][1][safepoint    ] Safepoint "Cleanup", Time since last: 1000467700 ns, Reaching safepoint: 408400 ns, At safepoint: 132500 ns, Total: 540900 ns
[2020-05-02T05:27:35.725+0000][1][safepoint    ] Safepoint "Cleanup", Time since last: 1000876300 ns, Reaching safepoint: 400200 ns, At safepoint: 133100 ns, Total: 533300 ns
[2020-05-02T05:27:36.726+0000][1][safepoint    ] Safepoint "Cleanup", Time since last: 1000884900 ns, Reaching safepoint: 402700 ns, At safepoint: 132300 ns, Total: 535000 ns
[2020-05-02T05:27:37.728+0000][1][safepoint    ] Safepoint "Cleanup", Time since last: 1000786300 ns, Reaching safepoint: 402000 ns, At safepoint: 132700 ns, Total: 534700 ns
[2020-05-02T05:27:38.729+0000][1][safepoint    ] Safepoint "Cleanup", Time since last: 1000715400 ns, Reaching safepoint: 131700 ns, At safepoint: 34700 ns, Total: 166400 ns
[2020-05-02T05:27:39.730+0000][1][safepoint    ] Safepoint "Cleanup", Time since last: 1000821100 ns, Reaching safepoint: 444000 ns, At safepoint: 138500 ns, Total: 582500 ns
[2020-05-02T05:27:40.731+0000][1][safepoint    ] Safepoint "Cleanup", Time since last: 1000630900 ns, Reaching safepoint: 483000 ns, At safepoint: 132600 ns, Total: 615600 ns
[2020-05-02T05:27:41.733+0000][1][safepoint    ] Safepoint "Cleanup", Time since last: 1000726300 ns, Reaching safepoint: 410700 ns, At safepoint: 134100 ns, Total: 544800 ns
[2020-05-02T05:27:42.734+0000][1][safepoint    ] Safepoint "Cleanup", Time since last: 1000563600 ns, Reaching safepoint: 417400 ns, At safepoint: 135400 ns, Total: 552800 ns
[2020-05-02T05:27:43.735+0000][1][safepoint    ] Safepoint "Cleanup", Time since last: 1000884800 ns, Reaching safepoint: 416900 ns, At safepoint: 135700 ns, Total: 552600 ns
[2020-05-02T05:27:44.736+0000][1][safepoint    ] Safepoint "Cleanup", Time since last: 1000445200 ns, Reaching safepoint: 129700 ns, At safepoint: 28300 ns, Total: 158000 ns
[2020-05-02T05:27:45.737+0000][1][safepoint    ] Safepoint "Cleanup", Time since last: 1000690400 ns, Reaching safepoint: 414900 ns, At safepoint: 136600 ns, Total: 551500 ns
[2020-05-02T05:27:46.737+0000][1][safepoint    ] Safepoint "Cleanup", Time since last: 1000310000 ns, Reaching safepoint: 122600 ns, At safepoint: 27800 ns, Total: 150400 ns
[2020-05-02T05:27:47.738+0000][1][safepoint    ] Safepoint "Cleanup", Time since last: 1000343800 ns, Reaching safepoint: 473300 ns, At safepoint: 128200 ns, Total: 601500 ns
[2020-05-02T05:27:48.740+0000][1][safepoint    ] Safepoint "Cleanup", Time since last: 1000769800 ns, Reaching safepoint: 415400 ns, At safepoint: 136400 ns, Total: 551800 ns
[2020-05-02T05:27:49.740+0000][1][safepoint    ] Safepoint "Cleanup", Time since last: 1000388900 ns, Reaching safepoint: 121500 ns, At safepoint: 27600 ns, Total: 149100 ns
[2020-05-02T05:27:50.741+0000][1][safepoint    ] Safepoint "Cleanup", Time since last: 1000417300 ns, Reaching safepoint: 429000 ns, At safepoint: 152700 ns, Total: 581700 ns
[2020-05-02T05:27:51.743+0000][1][safepoint    ] Safepoint "Cleanup", Time since last: 1000717000 ns, Reaching safepoint: 490800 ns, At safepoint: 129700 ns, Total: 620500 ns
[2020-05-02T05:27:52.744+0000][1][safepoint    ] Safepoint "Cleanup", Time since last: 1000860000 ns, Reaching safepoint: 414400 ns, At safepoint: 135200 ns, Total: 549600 ns
[2020-05-02T05:27:53.745+0000][1][safepoint    ] Safepoint "Cleanup", Time since last: 1000769800 ns, Reaching safepoint: 194200 ns, At safepoint: 57100 ns, Total: 251300 ns
[2020-05-02T05:27:54.746+0000][1][safepoint    ] Safepoint "Cleanup", Time since last: 1000765100 ns, Reaching safepoint: 416500 ns, At safepoint: 135500 ns, Total: 552000 ns
[2020-05-02T05:27:55.747+0000][1][safepoint    ] Safepoint "Cleanup", Time since last: 1000414200 ns, Reaching safepoint: 422900 ns, At safepoint: 131900 ns, Total: 554800 ns
[2020-05-02T05:27:56.749+0000][1][safepoint    ] Safepoint "Cleanup", Time since last: 1000706000 ns, Reaching safepoint: 413600 ns, At safepoint: 139200 ns, Total: 552800 ns
[2020-05-02T05:27:57.749+0000][1][safepoint    ] Safepoint "Cleanup", Time since last: 1000466400 ns, Reaching safepoint: 126300 ns, At safepoint: 30000 ns, Total: 156300 ns
[2020-05-02T05:27:58.750+0000][1][safepoint    ] Safepoint "Cleanup", Time since last: 1000588400 ns, Reaching safepoint: 416300 ns, At safepoint: 226900 ns, Total: 643200 ns
[2020-05-02T05:27:59.752+0000][1][safepoint    ] Safepoint "Cleanup", Time since last: 1000840800 ns, Reaching safepoint: 415000 ns, At safepoint: 137100 ns, Total: 552100 ns
[2020-05-02T05:28:00.753+0000][1][safepoint    ] Safepoint "Cleanup", Time since last: 1000639700 ns, Reaching safepoint: 412500 ns, At safepoint: 129200 ns, Total: 541700 ns
[2020-05-02T05:28:01.753+0000][1][safepoint    ] Safepoint "Cleanup", Time since last: 1000328700 ns, Reaching safepoint: 140200 ns, At safepoint: 30600 ns, Total: 170800 ns
[2020-05-02T05:28:02.755+0000][1][safepoint    ] Safepoint "Cleanup", Time since last: 1000650700 ns, Reaching safepoint: 746600 ns, At safepoint: 146100 ns, Total: 892700 ns
[2020-05-02T05:28:03.756+0000][1][safepoint    ] Safepoint "Cleanup", Time since last: 1000519900 ns, Reaching safepoint: 581400 ns, At safepoint: 133200 ns, Total: 714600 ns
[2020-05-02T05:28:04.758+0000][1][safepoint    ] Safepoint "Cleanup", Time since last: 1000853600 ns, Reaching safepoint: 415800 ns, At safepoint: 139700 ns, Total: 555500 ns
[2020-05-02T05:28:05.759+0000][1][safepoint    ] Safepoint "Cleanup", Time since last: 1000822700 ns, Reaching safepoint: 429600 ns, At safepoint: 140800 ns, Total: 570400 ns
[2020-05-02T05:28:06.760+0000][1][safepoint    ] Safepoint "Cleanup", Time since last: 1000889700 ns, Reaching safepoint: 391400 ns, At safepoint: 129800 ns, Total: 521200 ns
[2020-05-02T05:28:07.762+0000][1][safepoint    ] Safepoint "Cleanup", Time since last: 1000934200 ns, Reaching safepoint: 419700 ns, At safepoint: 139900 ns, Total: 559600 ns
[2020-05-02T05:28:08.763+0000][1][safepoint    ] Safepoint "Cleanup", Time since last: 1000831200 ns, Reaching safepoint: 428100 ns, At safepoint: 136000 ns, Total: 564100 ns
[2020-05-02T05:28:09.765+0000][1][safepoint    ] Safepoint "Cleanup", Time since last: 1000890800 ns, Reaching safepoint: 685200 ns, At safepoint: 268600 ns, Total: 953800 ns
[2020-05-02T05:28:10.766+0000][1][safepoint    ] Safepoint "Cleanup", Time since last: 1000498500 ns, Reaching safepoint: 431300 ns, At safepoint: 139600 ns, Total: 570900 ns
[2020-05-02T05:28:11.767+0000][1][safepoint    ] Safepoint "Cleanup", Time since last: 1000381700 ns, Reaching safepoint: 338600 ns, At safepoint: 108200 ns, Total: 446800 ns
[2020-05-02T05:28:12.768+0000][1][safepoint    ] Safepoint "Cleanup", Time since last: 1000588900 ns, Reaching safepoint: 424000 ns, At safepoint: 137100 ns, Total: 561100 ns
[2020-05-02T05:28:13.769+0000][1][safepoint    ] Safepoint "Cleanup", Time since last: 1000688100 ns, Reaching safepoint: 210000 ns, At safepoint: 65900 ns, Total: 275900 ns
[2020-05-02T05:28:14.770+0000][1][safepoint    ] Safepoint "Cleanup", Time since last: 1000569500 ns, Reaching safepoint: 414800 ns, At safepoint: 134800 ns, Total: 549600 ns
[2020-05-02T05:28:15.772+0000][1][safepoint    ] Safepoint "Cleanup", Time since last: 1000719500 ns, Reaching safepoint: 413500 ns, At safepoint: 138900 ns, Total: 552400 ns
[2020-05-02T05:28:16.772+0000][1][safepoint    ] Safepoint "Cleanup", Time since last: 1000431800 ns, Reaching safepoint: 344800 ns, At safepoint: 92200 ns, Total: 437000 ns
[2020-05-02T05:28:17.773+0000][1][safepoint    ] Safepoint "Cleanup", Time since last: 1000345700 ns, Reaching safepoint: 207300 ns, At safepoint: 29900 ns, Total: 237200 ns
[2020-05-02T05:28:18.773+0000][1][safepoint    ] Safepoint "Cleanup", Time since last: 1000248300 ns, Reaching safepoint: 150300 ns, At safepoint: 32000 ns, Total: 182300 ns
[2020-05-02T05:28:19.774+0000][1][safepoint    ] Safepoint "Cleanup", Time since last: 1000257600 ns, Reaching safepoint: 172200 ns, At safepoint: 47700 ns, Total: 219900 ns
[2020-05-02T05:28:20.775+0000][1][safepoint    ] Safepoint "Cleanup", Time since last: 1000642700 ns, Reaching safepoint: 141600 ns, At safepoint: 34200 ns, Total: 175800 ns
[2020-05-02T05:28:21.776+0000][1][safepoint    ] Safepoint "Cleanup", Time since last: 1000418300 ns, Reaching safepoint: 318800 ns, At safepoint: 103200 ns, Total: 422000 ns
[2020-05-02T05:28:22.776+0000][1][safepoint    ] Safepoint "Cleanup", Time since last: 1000648500 ns, Reaching safepoint: 137900 ns, At safepoint: 36200 ns, Total: 174100 ns
[2020-05-02T05:28:23.777+0000][1][safepoint    ] Safepoint "Cleanup", Time since last: 1000322200 ns, Reaching safepoint: 126300 ns, At safepoint: 30100 ns, Total: 156400 ns
[2020-05-02T05:28:24.778+0000][1][safepoint    ] Safepoint "Cleanup", Time since last: 1000535900 ns, Reaching safepoint: 482600 ns, At safepoint: 128600 ns, Total: 611200 ns
[2020-05-02T05:28:25.779+0000][1][safepoint    ] Safepoint "Cleanup", Time since last: 1000828800 ns, Reaching safepoint: 427900 ns, At safepoint: 135600 ns, Total: 563500 ns
[2020-05-02T05:28:26.781+0000][1][safepoint    ] Safepoint "Cleanup", Time since last: 1000775800 ns, Reaching safepoint: 406000 ns, At safepoint: 131100 ns, Total: 537100 ns
[2020-05-02T05:28:27.782+0000][1][safepoint    ] Safepoint "Cleanup", Time since last: 1000856500 ns, Reaching safepoint: 392700 ns, At safepoint: 136200 ns, Total: 528900 ns
[2020-05-02T05:28:28.783+0000][1][safepoint    ] Safepoint "Cleanup", Time since last: 1000487800 ns, Reaching safepoint: 393500 ns, At safepoint: 129600 ns, Total: 523100 ns
[2020-05-02T05:28:29.784+0000][1][safepoint    ] Safepoint "Cleanup", Time since last: 1000371500 ns, Reaching safepoint: 246600 ns, At safepoint: 47500 ns, Total: 294100 ns
[2020-05-02T05:28:30.785+0000][1][safepoint    ] Safepoint "Cleanup", Time since last: 1000422600 ns, Reaching safepoint: 545400 ns, At safepoint: 196600 ns, Total: 742000 ns
[2020-05-02T05:28:31.786+0000][1][safepoint    ] Safepoint "Cleanup", Time since last: 1000586300 ns, Reaching safepoint: 369300 ns, At safepoint: 112300 ns, Total: 481600 ns
[2020-05-02T05:28:32.787+0000][1][safepoint    ] Safepoint "Cleanup", Time since last: 1000573200 ns, Reaching safepoint: 471000 ns, At safepoint: 141900 ns, Total: 612900 ns
[2020-05-02T05:28:33.788+0000][1][safepoint    ] Safepoint "Cleanup", Time since last: 1000628100 ns, Reaching safepoint: 223400 ns, At safepoint: 51500 ns, Total: 274900 ns
[2020-05-02T05:28:34.789+0000][1][safepoint    ] Safepoint "Cleanup", Time since last: 1000594000 ns, Reaching safepoint: 168000 ns, At safepoint: 47700 ns, Total: 215700 ns
[2020-05-02T05:28:35.790+0000][1][safepoint    ] Safepoint "Cleanup", Time since last: 1000626600 ns, Reaching safepoint: 393700 ns, At safepoint: 130400 ns, Total: 524100 ns
[2020-05-02T05:28:36.792+0000][1][safepoint    ] Safepoint "Cleanup", Time since last: 1000903600 ns, Reaching safepoint: 418100 ns, At safepoint: 134700 ns, Total: 552800 ns
[2020-05-02T05:28:37.793+0000][1][safepoint    ] Safepoint "Cleanup", Time since last: 1000966900 ns, Reaching safepoint: 564100 ns, At safepoint: 140000 ns, Total: 704100 ns
[2020-05-02T05:28:38.794+0000][1][safepoint    ] Safepoint "Cleanup", Time since last: 1000680600 ns, Reaching safepoint: 165000 ns, At safepoint: 46700 ns, Total: 211700 ns
[2020-05-02T05:28:39.795+0000][1][safepoint    ] Safepoint "Cleanup", Time since last: 1000313400 ns, Reaching safepoint: 223000 ns, At safepoint: 63600 ns, Total: 286600 ns
[2020-05-02T05:28:40.796+0000][1][safepoint    ] Safepoint "Cleanup", Time since last: 1000410300 ns, Reaching safepoint: 438000 ns, At safepoint: 138600 ns, Total: 576600 ns
[2020-05-02T05:28:41.796+0000][1][safepoint    ] Safepoint "Cleanup", Time since last: 1000304400 ns, Reaching safepoint: 141500 ns, At safepoint: 38400 ns, Total: 179900 ns
[2020-05-02T05:28:42.797+0000][1][safepoint    ] Safepoint "Cleanup", Time since last: 1000583700 ns, Reaching safepoint: 419700 ns, At safepoint: 134100 ns, Total: 553800 ns
[2020-05-02T05:28:43.798+0000][1][safepoint    ] Safepoint "Cleanup", Time since last: 1000807400 ns, Reaching safepoint: 189200 ns, At safepoint: 55100 ns, Total: 244300 ns
[2020-05-02T05:28:44.800+0000][1][safepoint    ] Safepoint "Cleanup", Time since last: 1000621900 ns, Reaching safepoint: 417500 ns, At safepoint: 133000 ns, Total: 550500 ns
[2020-05-02T05:28:45.800+0000][1][safepoint    ] Safepoint "Cleanup", Time since last: 1000398800 ns, Reaching safepoint: 145800 ns, At safepoint: 31100 ns, Total: 176900 ns
[2020-05-02T05:28:46.801+0000][1][safepoint    ] Safepoint "Cleanup", Time since last: 1000619900 ns, Reaching safepoint: 194100 ns, At safepoint: 39800 ns, Total: 233900 ns
[2020-05-02T05:28:47.802+0000][1][safepoint    ] Safepoint "Cleanup", Time since last: 1000605900 ns, Reaching safepoint: 418800 ns, At safepoint: 134300 ns, Total: 553100 ns
[2020-05-02T05:28:48.804+0000][1][safepoint    ] Safepoint "Cleanup", Time since last: 1000913600 ns, Reaching safepoint: 418700 ns, At safepoint: 139900 ns, Total: 558600 ns
[2020-05-02T05:28:49.805+0000][1][safepoint    ] Safepoint "Cleanup", Time since last: 1000831700 ns, Reaching safepoint: 418200 ns, At safepoint: 137400 ns, Total: 555600 ns
[2020-05-02T05:28:50.805+0000][1][safepoint    ] Safepoint "Cleanup", Time since last: 1000261400 ns, Reaching safepoint: 132300 ns, At safepoint: 26100 ns, Total: 158400 ns
[2020-05-02T05:28:51.807+0000][1][safepoint    ] Safepoint "Cleanup", Time since last: 1000633800 ns, Reaching safepoint: 564600 ns, At safepoint: 135800 ns, Total: 700400 ns
[2020-05-02T05:28:52.808+0000][1][safepoint    ] Safepoint "Cleanup", Time since last: 1000795800 ns, Reaching safepoint: 414800 ns, At safepoint: 137200 ns, Total: 552000 ns
[2020-05-02T05:28:53.809+0000][1][safepoint    ] Safepoint "Cleanup", Time since last: 1000546900 ns, Reaching safepoint: 148700 ns, At safepoint: 40700 ns, Total: 189400 ns
[2020-05-02T05:28:54.810+0000][1][safepoint    ] Safepoint "Cleanup", Time since last: 1000674700 ns, Reaching safepoint: 433400 ns, At safepoint: 136400 ns, Total: 569800 ns
[2020-05-02T05:28:55.811+0000][1][safepoint    ] Safepoint "Cleanup", Time since last: 1000598300 ns, Reaching safepoint: 472300 ns, At safepoint: 133000 ns, Total: 605300 ns
[2020-05-02T05:28:56.812+0000][1][safepoint    ] Safepoint "Cleanup", Time since last: 1000449800 ns, Reaching safepoint: 479700 ns, At safepoint: 133000 ns, Total: 612700 ns
[2020-05-02T05:28:57.814+0000][1][safepoint    ] Safepoint "Cleanup", Time since last: 1000753400 ns, Reaching safepoint: 417900 ns, At safepoint: 138200 ns, Total: 556100 ns
[2020-05-02T05:28:58.815+0000][1][safepoint    ] Safepoint "Cleanup", Time since last: 1000784500 ns, Reaching safepoint: 336600 ns, At safepoint: 106700 ns, Total: 443300 ns
[2020-05-02T05:28:59.816+0000][1][safepoint    ] Safepoint "Cleanup", Time since last: 1000744700 ns, Reaching safepoint: 417900 ns, At safepoint: 133900 ns, Total: 551800 ns
[2020-05-02T05:29:00.817+0000][1][safepoint    ] Safepoint "Cleanup", Time since last: 1000388800 ns, Reaching safepoint: 223800 ns, At safepoint: 32600 ns, Total: 256400 ns
[2020-05-02T05:29:01.818+0000][1][safepoint    ] Safepoint "Cleanup", Time since last: 1000323000 ns, Reaching safepoint: 355200 ns, At safepoint: 106200 ns, Total: 461400 ns
[2020-05-02T05:29:02.819+0000][1][safepoint    ] Safepoint "Cleanup", Time since last: 1000628400 ns, Reaching safepoint: 415200 ns, At safepoint: 135000 ns, Total: 550200 ns
[2020-05-02T05:29:03.820+0000][1][safepoint    ] Safepoint "Cleanup", Time since last: 1000683200 ns, Reaching safepoint: 270200 ns, At safepoint: 83800 ns, Total: 354000 ns
[2020-05-02T05:29:04.821+0000][1][safepoint    ] Safepoint "Cleanup", Time since last: 1000749500 ns, Reaching safepoint: 412400 ns, At safepoint: 134900 ns, Total: 547300 ns
[2020-05-02T05:29:05.822+0000][1][safepoint    ] Safepoint "Cleanup", Time since last: 1000416400 ns, Reaching safepoint: 304200 ns, At safepoint: 91300 ns, Total: 395500 ns
[2020-05-02T05:29:06.823+0000][1][safepoint    ] Safepoint "Cleanup", Time since last: 1000348100 ns, Reaching safepoint: 252200 ns, At safepoint: 58000 ns, Total: 310200 ns
[2020-05-02T05:29:07.823+0000][1][safepoint    ] Safepoint "Cleanup", Time since last: 1000525300 ns, Reaching safepoint: 137400 ns, At safepoint: 34900 ns, Total: 172300 ns
[2020-05-02T05:29:08.825+0000][1][safepoint    ] Safepoint "Cleanup", Time since last: 1000841000 ns, Reaching safepoint: 472600 ns, At safepoint: 170300 ns, Total: 642900 ns
[2020-05-02T05:29:09.826+0000][1][safepoint    ] Safepoint "Cleanup", Time since last: 1000798500 ns, Reaching safepoint: 294200 ns, At safepoint: 95900 ns, Total: 390100 ns
[2020-05-02T05:29:10.854+0000][1][safepoint    ] Safepoint "Cleanup", Time since last: 1028072100 ns, Reaching safepoint: 131100 ns, At safepoint: 29700 ns, Total: 160800 ns
[2020-05-02T05:29:11.855+0000][1][safepoint    ] Safepoint "Cleanup", Time since last: 1000399200 ns, Reaching safepoint: 449800 ns, At safepoint: 120300 ns, Total: 570100 ns
[2020-05-02T05:29:12.856+0000][1][safepoint    ] Safepoint "Cleanup", Time since last: 1000367200 ns, Reaching safepoint: 202100 ns, At safepoint: 77300 ns, Total: 279400 ns
[2020-05-02T05:29:13.857+0000][1][safepoint    ] Safepoint "Cleanup", Time since last: 1000716200 ns, Reaching safepoint: 415100 ns, At safepoint: 140300 ns, Total: 555400 ns
[2020-05-02T05:29:14.859+0000][1][safepoint    ] Safepoint "Cleanup", Time since last: 1000877600 ns, Reaching safepoint: 422000 ns, At safepoint: 138600 ns, Total: 560600 ns
[2020-05-02T05:29:15.860+0000][1][safepoint    ] Safepoint "Cleanup", Time since last: 1000827800 ns, Reaching safepoint: 416400 ns, At safepoint: 138800 ns, Total: 555200 ns
[2020-05-02T05:29:16.861+0000][1][safepoint    ] Safepoint "Cleanup", Time since last: 1000774500 ns, Reaching safepoint: 391700 ns, At safepoint: 133400 ns, Total: 525100 ns
[2020-05-02T05:29:17.862+0000][1][safepoint    ] Safepoint "Cleanup", Time since last: 1000429900 ns, Reaching safepoint: 424300 ns, At safepoint: 138700 ns, Total: 563000 ns
[2020-05-02T05:29:18.863+0000][1][safepoint    ] Safepoint "Cleanup", Time since last: 1000327000 ns, Reaching safepoint: 137600 ns, At safepoint: 26000 ns, Total: 163600 ns
[2020-05-02T05:29:19.863+0000][1][safepoint    ] Safepoint "Cleanup", Time since last: 1000591500 ns, Reaching safepoint: 151000 ns, At safepoint: 40000 ns, Total: 191000 ns
[2020-05-02T05:29:20.864+0000][1][safepoint    ] Safepoint "Cleanup", Time since last: 1000652400 ns, Reaching safepoint: 137900 ns, At safepoint: 47000 ns, Total: 184900 ns
[2020-05-02T05:29:21.866+0000][1][safepoint    ] Safepoint "Cleanup", Time since last: 1000823300 ns, Reaching safepoint: 578900 ns, At safepoint: 168000 ns, Total: 746900 ns
[2020-05-02T05:29:22.867+0000][1][safepoint    ] Safepoint "Cleanup", Time since last: 1000550400 ns, Reaching safepoint: 394600 ns, At safepoint: 204300 ns, Total: 598900 ns
[2020-05-02T05:29:23.868+0000][1][safepoint    ] Safepoint "Cleanup", Time since last: 1000297200 ns, Reaching safepoint: 135500 ns, At safepoint: 26400 ns, Total: 161900 ns
[2020-05-02T05:29:24.869+0000][1][safepoint    ] Safepoint "Cleanup", Time since last: 1000706800 ns, Reaching safepoint: 394600 ns, At safepoint: 131000 ns, Total: 525600 ns
[2020-05-02T05:29:25.870+0000][1][safepoint    ] Safepoint "Cleanup", Time since last: 1000719200 ns, Reaching safepoint: 426600 ns, At safepoint: 132700 ns, Total: 559300 ns
[2020-05-02T05:29:26.871+0000][1][safepoint    ] Safepoint "Cleanup", Time since last: 1000533800 ns, Reaching safepoint: 501900 ns, At safepoint: 137200 ns, Total: 639100 ns
[2020-05-02T05:29:27.873+0000][1][safepoint    ] Safepoint "Cleanup", Time since last: 1000814300 ns, Reaching safepoint: 391800 ns, At safepoint: 131800 ns, Total: 523600 ns
[2020-05-02T05:29:28.873+0000][1][safepoint    ] Safepoint "Cleanup", Time since last: 1000315900 ns, Reaching safepoint: 150700 ns, At safepoint: 29900 ns, Total: 180600 ns
[2020-05-02T05:29:30.745+0000][1][safepoint    ] Safepoint "Cleanup", Time since last: 1871778400 ns, Reaching safepoint: 226700 ns, At safepoint: 66600 ns, Total: 293300 ns
[2020-05-02T05:29:31.746+0000][1][safepoint    ] Safepoint "Cleanup", Time since last: 1000582100 ns, Reaching safepoint: 134300 ns, At safepoint: 35800 ns, Total: 170100 ns
[2020-05-02T05:29:32.746+0000][1][safepoint    ] Safepoint "Cleanup", Time since last: 1000191000 ns, Reaching safepoint: 221500 ns, At safepoint: 44000 ns, Total: 265500 ns
[2020-05-02T05:29:33.747+0000][1][safepoint    ] Safepoint "Cleanup", Time since last: 1000438700 ns, Reaching safepoint: 156200 ns, At safepoint: 42200 ns, Total: 198400 ns
[2020-05-02T05:29:34.748+0000][1][safepoint    ] Safepoint "Cleanup", Time since last: 1000588700 ns, Reaching safepoint: 167000 ns, At safepoint: 46900 ns, Total: 213900 ns
[2020-05-02T05:29:35.349+0000][1][gc,start     ] GC(34) Pause Young (Allocation Failure)
[2020-05-02T05:29:35.349+0000][1][gc,task      ] GC(34) Using 10 workers of 10 for evacuation
[2020-05-02T05:29:35.356+0000][1][gc,age       ] GC(34) Desired survivor size 8945664 bytes, new threshold 6 (max threshold 6)
[2020-05-02T05:29:35.356+0000][1][gc,age       ] GC(34) Age table with threshold 6 (max threshold 6)
[2020-05-02T05:29:35.356+0000][1][gc,age       ] GC(34) - age   1:      57208 bytes,      57208 total
[2020-05-02T05:29:35.356+0000][1][gc,age       ] GC(34) - age   2:       7920 bytes,      65128 total
[2020-05-02T05:29:35.356+0000][1][gc,age       ] GC(34) - age   3:      10344 bytes,      75472 total
[2020-05-02T05:29:35.356+0000][1][gc,age       ] GC(34) - age   4:       4976 bytes,      80448 total
[2020-05-02T05:29:35.356+0000][1][gc,age       ] GC(34) - age   5:       9720 bytes,      90168 total
[2020-05-02T05:29:35.356+0000][1][gc,age       ] GC(34) - age   6:       2480 bytes,      92648 total
[2020-05-02T05:29:35.356+0000][1][gc,heap      ] GC(34) ParNew: 139949K->151K(157248K)
[2020-05-02T05:29:35.356+0000][1][gc,heap      ] GC(34) CMS: 81666K->81704K(349568K)
[2020-05-02T05:29:35.356+0000][1][gc,metaspace ] GC(34) Metaspace: 96259K->96259K(1138688K)
[2020-05-02T05:29:35.356+0000][1][gc           ] GC(34) Pause Young (Allocation Failure) 216M->79M(494M) 6.561ms
[2020-05-02T05:29:35.356+0000][1][gc,cpu       ] GC(34) User=0.02s Sys=0.01s Real=0.01s
[2020-05-02T05:29:35.356+0000][1][safepoint    ] Safepoint "GenCollectForAllocation", Time since last: 600499800 ns, Reaching safepoint: 810300 ns, At safepoint: 6744400 ns, Total: 7554700 ns
[2020-05-02T05:29:36.357+0000][1][safepoint    ] Safepoint "Cleanup", Time since last: 1000456100 ns, Reaching safepoint: 645500 ns, At safepoint: 203200 ns, Total: 848700 ns
[2020-05-02T05:29:37.358+0000][1][safepoint    ] Safepoint "Cleanup", Time since last: 1000491300 ns, Reaching safepoint: 383200 ns, At safepoint: 211400 ns, Total: 594600 ns
[2020-05-02T05:29:38.359+0000][1][safepoint    ] Safepoint "Cleanup", Time since last: 1000733900 ns, Reaching safepoint: 347400 ns, At safepoint: 95000 ns, Total: 442400 ns
[2020-05-02T05:29:39.361+0000][1][safepoint    ] Safepoint "Cleanup", Time since last: 1000585200 ns, Reaching safepoint: 477700 ns, At safepoint: 201500 ns, Total: 679200 ns
[2020-05-02T05:29:40.362+0000][1][safepoint    ] Safepoint "Cleanup", Time since last: 1000797000 ns, Reaching safepoint: 207300 ns, At safepoint: 44200 ns, Total: 251500 ns
[2020-05-02T05:29:41.363+0000][1][safepoint    ] Safepoint "Cleanup", Time since last: 1000278300 ns, Reaching safepoint: 497500 ns, At safepoint: 201000 ns, Total: 698500 ns
[2020-05-02T05:29:42.364+0000][1][safepoint    ] Safepoint "Cleanup", Time since last: 1000531900 ns, Reaching safepoint: 496300 ns, At safepoint: 210500 ns, Total: 706800 ns
[2020-05-02T05:29:43.366+0000][1][safepoint    ] Safepoint "Cleanup", Time since last: 1000765000 ns, Reaching safepoint: 634600 ns, At safepoint: 310300 ns, Total: 944900 ns
[2020-05-02T05:29:44.367+0000][1][safepoint    ] Safepoint "Cleanup", Time since last: 1000451000 ns, Reaching safepoint: 698200 ns, At safepoint: 367800 ns, Total: 1066000 ns
[2020-05-02T05:29:45.368+0000][1][safepoint    ] Safepoint "Cleanup", Time since last: 1000258000 ns, Reaching safepoint: 127500 ns, At safepoint: 59400 ns, Total: 186900 ns
[2020-05-02T05:29:46.369+0000][1][safepoint    ] Safepoint "Cleanup", Time since last: 1000818500 ns, Reaching safepoint: 639800 ns, At safepoint: 282700 ns, Total: 922500 ns
[2020-05-02T05:29:47.370+0000][1][safepoint    ] Safepoint "Cleanup", Time since last: 1000332600 ns, Reaching safepoint: 121200 ns, At safepoint: 64900 ns, Total: 186100 ns
[2020-05-02T05:29:48.372+0000][1][safepoint    ] Safepoint "Cleanup", Time since last: 1000775100 ns, Reaching safepoint: 617300 ns, At safepoint: 274400 ns, Total: 891700 ns
[2020-05-02T05:29:49.372+0000][1][safepoint    ] Safepoint "Cleanup", Time since last: 1000330200 ns, Reaching safepoint: 145000 ns, At safepoint: 72600 ns, Total: 217600 ns
[2020-05-02T05:29:50.373+0000][1][safepoint    ] Safepoint "Cleanup", Time since last: 1000616400 ns, Reaching safepoint: 620000 ns, At safepoint: 203500 ns, Total: 823500 ns
[2020-05-02T05:29:51.375+0000][1][safepoint    ] Safepoint "Cleanup", Time since last: 1000960100 ns, Reaching safepoint: 619000 ns, At safepoint: 280400 ns, Total: 899400 ns
[2020-05-02T05:29:52.377+0000][1][safepoint    ] Safepoint "Cleanup", Time since last: 1000557500 ns, Reaching safepoint: 645100 ns, At safepoint: 348000 ns, Total: 993100 ns
[2020-05-02T05:29:53.378+0000][1][safepoint    ] Safepoint "Cleanup", Time since last: 1000625600 ns, Reaching safepoint: 623500 ns, At safepoint: 311800 ns, Total: 935300 ns
[2020-05-02T05:29:54.380+0000][1][safepoint    ] Safepoint "Cleanup", Time since last: 1000565700 ns, Reaching safepoint: 481300 ns, At safepoint: 223500 ns, Total: 704800 ns
[2020-05-02T05:29:55.380+0000][1][safepoint    ] Safepoint "Cleanup", Time since last: 1000389600 ns, Reaching safepoint: 127200 ns, At safepoint: 44300 ns, Total: 171500 ns
[2020-05-02T05:29:56.382+0000][1][safepoint    ] Safepoint "Cleanup", Time since last: 1000625900 ns, Reaching safepoint: 658900 ns, At safepoint: 491900 ns, Total: 1150800 ns
[2020-05-02T05:29:57.383+0000][1][safepoint    ] Safepoint "Cleanup", Time since last: 1000334900 ns, Reaching safepoint: 116700 ns, At safepoint: 27200 ns, Total: 143900 ns
[2020-05-02T05:29:58.384+0000][1][safepoint    ] Safepoint "Cleanup", Time since last: 1000320300 ns, Reaching safepoint: 616800 ns, At safepoint: 348600 ns, Total: 965400 ns
[2020-05-02T05:29:59.384+0000][1][safepoint    ] Safepoint "Cleanup", Time since last: 1000302200 ns, Reaching safepoint: 113700 ns, At safepoint: 26200 ns, Total: 139900 ns
[2020-05-02T05:30:00.385+0000][1][safepoint    ] Safepoint "Cleanup", Time since last: 1000165800 ns, Reaching safepoint: 112500 ns, At safepoint: 27600 ns, Total: 140100 ns
[2020-05-02T05:30:01.386+0000][1][safepoint    ] Safepoint "Cleanup", Time since last: 1000356900 ns, Reaching safepoint: 669200 ns, At safepoint: 128600 ns, Total: 797800 ns
[2020-05-02T05:30:02.387+0000][1][safepoint    ] Safepoint "Cleanup", Time since last: 1000647300 ns, Reaching safepoint: 119300 ns, At safepoint: 30100 ns, Total: 149400 ns
[2020-05-02T05:30:03.387+0000][1][safepoint    ] Safepoint "Cleanup", Time since last: 1000359100 ns, Reaching safepoint: 383600 ns, At safepoint: 127000 ns, Total: 510600 ns
[2020-05-02T05:30:04.388+0000][1][safepoint    ] Safepoint "Cleanup", Time since last: 1000465200 ns, Reaching safepoint: 385000 ns, At safepoint: 126400 ns, Total: 511400 ns
[2020-05-02T05:30:05.389+0000][1][safepoint    ] Safepoint "Cleanup", Time since last: 1000525200 ns, Reaching safepoint: 190000 ns, At safepoint: 61500 ns, Total: 251500 ns
[2020-05-02T05:30:06.390+0000][1][safepoint    ] Safepoint "Cleanup", Time since last: 1000324200 ns, Reaching safepoint: 135300 ns, At safepoint: 35300 ns, Total: 170600 ns
[2020-05-02T05:30:07.390+0000][1][safepoint    ] Safepoint "Cleanup", Time since last: 1000323300 ns, Reaching safepoint: 117000 ns, At safepoint: 40800 ns, Total: 157800 ns
[2020-05-02T05:30:08.391+0000][1][safepoint    ] Safepoint "Cleanup", Time since last: 1000701700 ns, Reaching safepoint: 397500 ns, At safepoint: 203800 ns, Total: 601300 ns
[2020-05-02T05:30:09.393+0000][1][safepoint    ] Safepoint "Cleanup", Time since last: 1000832800 ns, Reaching safepoint: 604700 ns, At safepoint: 203500 ns, Total: 808200 ns
[2020-05-02T05:30:10.394+0000][1][safepoint    ] Safepoint "Cleanup", Time since last: 1000785300 ns, Reaching safepoint: 228000 ns, At safepoint: 50300 ns, Total: 278300 ns
[2020-05-02T05:30:11.395+0000][1][safepoint    ] Safepoint "Cleanup", Time since last: 1000359600 ns, Reaching safepoint: 431000 ns, At safepoint: 221900 ns, Total: 652900 ns
[2020-05-02T05:30:12.396+0000][1][safepoint    ] Safepoint "Cleanup", Time since last: 1000534500 ns, Reaching safepoint: 336600 ns, At safepoint: 40800 ns, Total: 377400 ns
[2020-05-02T05:30:13.397+0000][1][safepoint    ] Safepoint "Cleanup", Time since last: 1000361700 ns, Reaching safepoint: 277300 ns, At safepoint: 89800 ns, Total: 367100 ns
[2020-05-02T05:30:14.397+0000][1][safepoint    ] Safepoint "Cleanup", Time since last: 1000343800 ns, Reaching safepoint: 213800 ns, At safepoint: 96100 ns, Total: 309900 ns
[2020-05-02T05:30:15.398+0000][1][safepoint    ] Safepoint "Cleanup", Time since last: 1000303500 ns, Reaching safepoint: 260600 ns, At safepoint: 104400 ns, Total: 365000 ns
[2020-05-02T05:30:16.399+0000][1][safepoint    ] Safepoint "Cleanup", Time since last: 1000447200 ns, Reaching safepoint: 412700 ns, At safepoint: 206600 ns, Total: 619300 ns
[2020-05-02T05:30:17.400+0000][1][safepoint    ] Safepoint "Cleanup", Time since last: 1000332600 ns, Reaching safepoint: 255700 ns, At safepoint: 122600 ns, Total: 378300 ns
[2020-05-02T05:30:18.401+0000][1][safepoint    ] Safepoint "Cleanup", Time since last: 1000649600 ns, Reaching safepoint: 145600 ns, At safepoint: 41600 ns, Total: 187200 ns
[2020-05-02T05:30:19.402+0000][1][safepoint    ] Safepoint "Cleanup", Time since last: 1000363700 ns, Reaching safepoint: 481700 ns, At safepoint: 257300 ns, Total: 739000 ns
[2020-05-02T05:30:20.403+0000][1][safepoint    ] Safepoint "Cleanup", Time since last: 1000467500 ns, Reaching safepoint: 480800 ns, At safepoint: 206000 ns, Total: 686800 ns
[2020-05-02T05:30:21.404+0000][1][safepoint    ] Safepoint "Cleanup", Time since last: 1000657700 ns, Reaching safepoint: 216200 ns, At safepoint: 97000 ns, Total: 313200 ns
[2020-05-02T05:30:22.405+0000][1][safepoint    ] Safepoint "Cleanup", Time since last: 1000304000 ns, Reaching safepoint: 523200 ns, At safepoint: 213100 ns, Total: 736300 ns
[2020-05-02T05:30:23.406+0000][1][safepoint    ] Safepoint "Cleanup", Time since last: 1000758800 ns, Reaching safepoint: 394100 ns, At safepoint: 132400 ns, Total: 526500 ns
[2020-05-02T05:30:24.407+0000][1][safepoint    ] Safepoint "Cleanup", Time since last: 1000547200 ns, Reaching safepoint: 395300 ns, At safepoint: 133100 ns, Total: 528400 ns
[2020-05-02T05:30:25.409+0000][1][safepoint    ] Safepoint "Cleanup", Time since last: 1000856500 ns, Reaching safepoint: 393200 ns, At safepoint: 131100 ns, Total: 524300 ns
[2020-05-02T05:30:26.409+0000][1][safepoint    ] Safepoint "Cleanup", Time since last: 1000373900 ns, Reaching safepoint: 156600 ns, At safepoint: 39200 ns, Total: 195800 ns
[2020-05-02T05:30:27.411+0000][1][safepoint    ] Safepoint "Cleanup", Time since last: 1000635200 ns, Reaching safepoint: 618100 ns, At safepoint: 205700 ns, Total: 823800 ns
[2020-05-02T05:30:28.412+0000][1][safepoint    ] Safepoint "Cleanup", Time since last: 1000552300 ns, Reaching safepoint: 411200 ns, At safepoint: 132800 ns, Total: 544000 ns
[2020-05-02T05:30:29.413+0000][1][safepoint    ] Safepoint "Cleanup", Time since last: 1000800200 ns, Reaching safepoint: 415500 ns, At safepoint: 135200 ns, Total: 550700 ns
[2020-05-02T05:30:30.414+0000][1][safepoint    ] Safepoint "Cleanup", Time since last: 1000470300 ns, Reaching safepoint: 249400 ns, At safepoint: 102200 ns, Total: 351600 ns
[2020-05-02T05:30:31.415+0000][1][safepoint    ] Safepoint "Cleanup", Time since last: 1000788100 ns, Reaching safepoint: 124300 ns, At safepoint: 31900 ns, Total: 156200 ns
[2020-05-02T05:30:32.416+0000][1][safepoint    ] Safepoint "Cleanup", Time since last: 1000509100 ns, Reaching safepoint: 485500 ns, At safepoint: 130800 ns, Total: 616300 ns
[2020-05-02T05:30:33.417+0000][1][safepoint    ] Safepoint "Cleanup", Time since last: 1000416600 ns, Reaching safepoint: 208300 ns, At safepoint: 64400 ns, Total: 272700 ns
[2020-05-02T05:30:34.417+0000][1][safepoint    ] Safepoint "Cleanup", Time since last: 1000220800 ns, Reaching safepoint: 121500 ns, At safepoint: 26900 ns, Total: 148400 ns
[2020-05-02T05:30:35.417+0000][1][safepoint    ] Safepoint "Cleanup", Time since last: 1000142300 ns, Reaching safepoint: 118500 ns, At safepoint: 28500 ns, Total: 147000 ns
[2020-05-02T05:30:36.418+0000][1][safepoint    ] Safepoint "Cleanup", Time since last: 1000181400 ns, Reaching safepoint: 115900 ns, At safepoint: 27100 ns, Total: 143000 ns
[2020-05-02T05:30:37.419+0000][1][safepoint    ] Safepoint "Cleanup", Time since last: 1000457000 ns, Reaching safepoint: 395300 ns, At safepoint: 134700 ns, Total: 530000 ns
[2020-05-02T05:30:38.420+0000][1][safepoint    ] Safepoint "Cleanup", Time since last: 1000862600 ns, Reaching safepoint: 206800 ns, At safepoint: 36300 ns, Total: 243100 ns
[2020-05-02T05:30:39.420+0000][1][safepoint    ] Safepoint "Cleanup", Time since last: 1000252200 ns, Reaching safepoint: 126500 ns, At safepoint: 30300 ns, Total: 156800 ns
[2020-05-02T05:30:40.421+0000][1][safepoint    ] Safepoint "Cleanup", Time since last: 1000192800 ns, Reaching safepoint: 149000 ns, At safepoint: 38400 ns, Total: 187400 ns
[2020-05-02T05:30:41.421+0000][1][safepoint    ] Safepoint "Cleanup", Time since last: 1000151400 ns, Reaching safepoint: 195100 ns, At safepoint: 29100 ns, Total: 224200 ns
[2020-05-02T05:30:42.422+0000][1][safepoint    ] Safepoint "Cleanup", Time since last: 1000476800 ns, Reaching safepoint: 406700 ns, At safepoint: 183600 ns, Total: 590300 ns
[2020-05-02T05:30:43.423+0000][1][safepoint    ] Safepoint "Cleanup", Time since last: 1000537100 ns, Reaching safepoint: 413100 ns, At safepoint: 126500 ns, Total: 539600 ns
[2020-05-02T05:30:44.425+0000][1][safepoint    ] Safepoint "Cleanup", Time since last: 1000823900 ns, Reaching safepoint: 554400 ns, At safepoint: 126800 ns, Total: 681200 ns
[2020-05-02T05:30:45.425+0000][1][safepoint    ] Safepoint "Cleanup", Time since last: 1000575500 ns, Reaching safepoint: 141900 ns, At safepoint: 30500 ns, Total: 172400 ns
[2020-05-02T05:30:46.427+0000][1][safepoint    ] Safepoint "Cleanup", Time since last: 1000510600 ns, Reaching safepoint: 479800 ns, At safepoint: 132500 ns, Total: 612300 ns
[2020-05-02T05:30:47.428+0000][1][safepoint    ] Safepoint "Cleanup", Time since last: 1000819600 ns, Reaching safepoint: 463300 ns, At safepoint: 131100 ns, Total: 594400 ns
[2020-05-02T05:30:48.430+0000][1][safepoint    ] Safepoint "Cleanup", Time since last: 1000737700 ns, Reaching safepoint: 676200 ns, At safepoint: 140800 ns, Total: 817000 ns
[2020-05-02T05:30:49.430+0000][1][safepoint    ] Safepoint "Cleanup", Time since last: 1000354700 ns, Reaching safepoint: 238700 ns, At safepoint: 72200 ns, Total: 310900 ns
[2020-05-02T05:30:50.431+0000][1][safepoint    ] Safepoint "Cleanup", Time since last: 1000346600 ns, Reaching safepoint: 486800 ns, At safepoint: 136000 ns, Total: 622800 ns
[2020-05-02T05:30:51.432+0000][1][safepoint    ] Safepoint "Cleanup", Time since last: 1000708300 ns, Reaching safepoint: 413000 ns, At safepoint: 133600 ns, Total: 546600 ns
[2020-05-02T05:30:52.433+0000][1][safepoint    ] Safepoint "Cleanup", Time since last: 1000403500 ns, Reaching safepoint: 476600 ns, At safepoint: 128700 ns, Total: 605300 ns
[2020-05-02T05:30:53.435+0000][1][safepoint    ] Safepoint "Cleanup", Time since last: 1000825600 ns, Reaching safepoint: 534600 ns, At safepoint: 124000 ns, Total: 658600 ns
[2020-05-02T05:30:54.436+0000][1][safepoint    ] Safepoint "Cleanup", Time since last: 1000583200 ns, Reaching safepoint: 528100 ns, At safepoint: 129900 ns, Total: 658000 ns
[2020-05-02T05:30:55.437+0000][1][safepoint    ] Safepoint "Cleanup", Time since last: 1000637100 ns, Reaching safepoint: 478000 ns, At safepoint: 129900 ns, Total: 607900 ns
[2020-05-02T05:30:56.438+0000][1][safepoint    ] Safepoint "Cleanup", Time since last: 1000532000 ns, Reaching safepoint: 406700 ns, At safepoint: 139300 ns, Total: 546000 ns
[2020-05-02T05:30:57.440+0000][1][safepoint    ] Safepoint "Cleanup", Time since last: 1000496100 ns, Reaching safepoint: 465200 ns, At safepoint: 135400 ns, Total: 600600 ns
[2020-05-02T05:30:58.441+0000][1][safepoint    ] Safepoint "Cleanup", Time since last: 1000498600 ns, Reaching safepoint: 535600 ns, At safepoint: 124000 ns, Total: 659600 ns
[2020-05-02T05:30:59.442+0000][1][safepoint    ] Safepoint "Cleanup", Time since last: 1000825200 ns, Reaching safepoint: 419100 ns, At safepoint: 136200 ns, Total: 555300 ns
[2020-05-02T05:31:00.443+0000][1][safepoint    ] Safepoint "Cleanup", Time since last: 1000373400 ns, Reaching safepoint: 129800 ns, At safepoint: 31300 ns, Total: 161100 ns
[2020-05-02T05:31:01.444+0000][1][safepoint    ] Safepoint "Cleanup", Time since last: 1000441000 ns, Reaching safepoint: 375000 ns, At safepoint: 124000 ns, Total: 499000 ns
[2020-05-02T05:31:02.445+0000][1][safepoint    ] Safepoint "Cleanup", Time since last: 1000568200 ns, Reaching safepoint: 535800 ns, At safepoint: 124900 ns, Total: 660700 ns
[2020-05-02T05:31:03.446+0000][1][safepoint    ] Safepoint "Cleanup", Time since last: 1000877600 ns, Reaching safepoint: 395300 ns, At safepoint: 132200 ns, Total: 527500 ns
[2020-05-02T05:31:04.447+0000][1][safepoint    ] Safepoint "Cleanup", Time since last: 1000466700 ns, Reaching safepoint: 394500 ns, At safepoint: 135100 ns, Total: 529600 ns
[2020-05-02T05:31:05.448+0000][1][safepoint    ] Safepoint "Cleanup", Time since last: 1000679700 ns, Reaching safepoint: 395000 ns, At safepoint: 131200 ns, Total: 526200 ns
[2020-05-02T05:31:06.449+0000][1][safepoint    ] Safepoint "Cleanup", Time since last: 1000775300 ns, Reaching safepoint: 157400 ns, At safepoint: 46700 ns, Total: 204100 ns
[2020-05-02T05:31:07.450+0000][1][safepoint    ] Safepoint "Cleanup", Time since last: 1000301200 ns, Reaching safepoint: 420400 ns, At safepoint: 131600 ns, Total: 552000 ns
[2020-05-02T05:31:08.452+0000][1][safepoint    ] Safepoint "Cleanup", Time since last: 1000752400 ns, Reaching safepoint: 395200 ns, At safepoint: 131700 ns, Total: 526900 ns
[2020-05-02T05:31:09.453+0000][1][safepoint    ] Safepoint "Cleanup", Time since last: 1000489400 ns, Reaching safepoint: 419200 ns, At safepoint: 131900 ns, Total: 551100 ns
[2020-05-02T05:31:10.453+0000][1][safepoint    ] Safepoint "Cleanup", Time since last: 1000325800 ns, Reaching safepoint: 123500 ns, At safepoint: 31000 ns, Total: 154500 ns
[2020-05-02T05:31:11.454+0000][1][safepoint    ] Safepoint "Cleanup", Time since last: 1000706700 ns, Reaching safepoint: 393400 ns, At safepoint: 132300 ns, Total: 525700 ns
[2020-05-02T05:31:12.455+0000][1][safepoint    ] Safepoint "Cleanup", Time since last: 1000549400 ns, Reaching safepoint: 315000 ns, At safepoint: 100800 ns, Total: 415800 ns
[2020-05-02T05:31:13.456+0000][1][safepoint    ] Safepoint "Cleanup", Time since last: 1000447100 ns, Reaching safepoint: 395200 ns, At safepoint: 135600 ns, Total: 530800 ns
[2020-05-02T05:31:14.458+0000][1][safepoint    ] Safepoint "Cleanup", Time since last: 1000848800 ns, Reaching safepoint: 393800 ns, At safepoint: 131900 ns, Total: 525700 ns
[2020-05-02T05:31:15.458+0000][1][safepoint    ] Safepoint "Cleanup", Time since last: 1000332100 ns, Reaching safepoint: 125000 ns, At safepoint: 31800 ns, Total: 156800 ns
[2020-05-02T05:31:16.459+0000][1][safepoint    ] Safepoint "Cleanup", Time since last: 1000674800 ns, Reaching safepoint: 395900 ns, At safepoint: 131700 ns, Total: 527600 ns
[2020-05-02T05:31:17.460+0000][1][safepoint    ] Safepoint "Cleanup", Time since last: 1000738600 ns, Reaching safepoint: 275500 ns, At safepoint: 88700 ns, Total: 364200 ns
[2020-05-02T05:31:18.461+0000][1][safepoint    ] Safepoint "Cleanup", Time since last: 1000357200 ns, Reaching safepoint: 197100 ns, At safepoint: 61000 ns, Total: 258100 ns
[2020-05-02T05:31:19.461+0000][1][safepoint    ] Safepoint "Cleanup", Time since last: 1000204900 ns, Reaching safepoint: 133500 ns, At safepoint: 35100 ns, Total: 168600 ns
[2020-05-02T05:31:20.462+0000][1][safepoint    ] Safepoint "Cleanup", Time since last: 1000479300 ns, Reaching safepoint: 135000 ns, At safepoint: 35000 ns, Total: 170000 ns
[2020-05-02T05:31:21.463+0000][1][safepoint    ] Safepoint "Cleanup", Time since last: 1000578000 ns, Reaching safepoint: 132500 ns, At safepoint: 35200 ns, Total: 167700 ns
[2020-05-02T05:31:22.464+0000][1][safepoint    ] Safepoint "Cleanup", Time since last: 1000339600 ns, Reaching safepoint: 480500 ns, At safepoint: 129400 ns, Total: 609900 ns
[2020-05-02T05:31:23.465+0000][1][safepoint    ] Safepoint "Cleanup", Time since last: 1000500300 ns, Reaching safepoint: 726200 ns, At safepoint: 149100 ns, Total: 875300 ns
[2020-05-02T05:31:25.111+0000][1][safepoint    ] Safepoint "Cleanup", Time since last: 1645221000 ns, Reaching safepoint: 151700 ns, At safepoint: 56600 ns, Total: 208300 ns
[2020-05-02T05:31:26.112+0000][1][safepoint    ] Safepoint "Cleanup", Time since last: 1000495800 ns, Reaching safepoint: 420400 ns, At safepoint: 136900 ns, Total: 557300 ns
[2020-05-02T05:31:27.112+0000][1][safepoint    ] Safepoint "Cleanup", Time since last: 1000382600 ns, Reaching safepoint: 402200 ns, At safepoint: 60700 ns, Total: 462900 ns
[2020-05-02T05:31:28.114+0000][1][safepoint    ] Safepoint "Cleanup", Time since last: 1000771500 ns, Reaching safepoint: 481100 ns, At safepoint: 133100 ns, Total: 614200 ns
[2020-05-02T05:31:29.116+0000][1][safepoint    ] Safepoint "Cleanup", Time since last: 1000782200 ns, Reaching safepoint: 715800 ns, At safepoint: 194100 ns, Total: 909900 ns
[2020-05-02T05:31:30.116+0000][1][safepoint    ] Safepoint "Cleanup", Time since last: 1000721100 ns, Reaching safepoint: 140300 ns, At safepoint: 29000 ns, Total: 169300 ns
[2020-05-02T05:31:31.118+0000][1][safepoint    ] Safepoint "Cleanup", Time since last: 1000526300 ns, Reaching safepoint: 484800 ns, At safepoint: 131500 ns, Total: 616300 ns
[2020-05-02T05:31:32.119+0000][1][safepoint    ] Safepoint "Cleanup", Time since last: 1000480300 ns, Reaching safepoint: 417600 ns, At safepoint: 145500 ns, Total: 563100 ns
[2020-05-02T05:31:33.119+0000][1][safepoint    ] Safepoint "Cleanup", Time since last: 1000337600 ns, Reaching safepoint: 252700 ns, At safepoint: 72700 ns, Total: 325400 ns
[2020-05-02T05:31:34.121+0000][1][safepoint    ] Safepoint "Cleanup", Time since last: 1000742100 ns, Reaching safepoint: 421900 ns, At safepoint: 136000 ns, Total: 557900 ns
[2020-05-02T05:31:35.121+0000][1][safepoint    ] Safepoint "Cleanup", Time since last: 1000331300 ns, Reaching safepoint: 143800 ns, At safepoint: 36400 ns, Total: 180200 ns
[2020-05-02T05:31:36.122+0000][1][safepoint    ] Safepoint "Cleanup", Time since last: 1000706300 ns, Reaching safepoint: 395100 ns, At safepoint: 132700 ns, Total: 527800 ns
[2020-05-02T05:31:37.123+0000][1][safepoint    ] Safepoint "Cleanup", Time since last: 1000353000 ns, Reaching safepoint: 121300 ns, At safepoint: 27700 ns, Total: 149000 ns
[2020-05-02T05:31:38.124+0000][1][safepoint    ] Safepoint "Cleanup", Time since last: 1000572700 ns, Reaching safepoint: 393300 ns, At safepoint: 133500 ns, Total: 526800 ns
[2020-05-02T05:31:39.125+0000][1][safepoint    ] Safepoint "Cleanup", Time since last: 1000682800 ns, Reaching safepoint: 401400 ns, At safepoint: 131600 ns, Total: 533000 ns
[2020-05-02T05:31:40.126+0000][1][safepoint    ] Safepoint "Cleanup", Time since last: 1000461700 ns, Reaching safepoint: 478400 ns, At safepoint: 129900 ns, Total: 608300 ns
[2020-05-02T05:31:41.127+0000][1][safepoint    ] Safepoint "Cleanup", Time since last: 1000616600 ns, Reaching safepoint: 351200 ns, At safepoint: 97000 ns, Total: 448200 ns
[2020-05-02T05:31:42.128+0000][1][safepoint    ] Safepoint "Cleanup", Time since last: 1000355400 ns, Reaching safepoint: 347000 ns, At safepoint: 71100 ns, Total: 418100 ns
[2020-05-02T05:31:43.130+0000][1][safepoint    ] Safepoint "Cleanup", Time since last: 1000876000 ns, Reaching safepoint: 595300 ns, At safepoint: 144800 ns, Total: 740100 ns
[2020-05-02T05:31:44.131+0000][1][safepoint    ] Safepoint "Cleanup", Time since last: 1000509000 ns, Reaching safepoint: 415500 ns, At safepoint: 132800 ns, Total: 548300 ns
[2020-05-02T05:31:45.131+0000][1][safepoint    ] Safepoint "Cleanup", Time since last: 1000272900 ns, Reaching safepoint: 131200 ns, At safepoint: 27700 ns, Total: 158900 ns
[2020-05-02T05:31:46.131+0000][1][safepoint    ] Safepoint "Cleanup", Time since last: 1000147100 ns, Reaching safepoint: 131400 ns, At safepoint: 34100 ns, Total: 165500 ns
[2020-05-02T05:31:47.132+0000][1][safepoint    ] Safepoint "Cleanup", Time since last: 1000430000 ns, Reaching safepoint: 396100 ns, At safepoint: 131800 ns, Total: 527900 ns
[2020-05-02T05:31:48.133+0000][1][safepoint    ] Safepoint "Cleanup", Time since last: 1000684900 ns, Reaching safepoint: 201500 ns, At safepoint: 57700 ns, Total: 259200 ns
[2020-05-02T05:31:49.135+0000][1][safepoint    ] Safepoint "Cleanup", Time since last: 1000683200 ns, Reaching safepoint: 443400 ns, At safepoint: 134300 ns, Total: 577700 ns
[2020-05-02T05:31:50.136+0000][1][safepoint    ] Safepoint "Cleanup", Time since last: 1000796400 ns, Reaching safepoint: 420200 ns, At safepoint: 135800 ns, Total: 556000 ns
[2020-05-02T05:31:51.137+0000][1][safepoint    ] Safepoint "Cleanup", Time since last: 1000447000 ns, Reaching safepoint: 123700 ns, At safepoint: 27700 ns, Total: 151400 ns
[2020-05-02T05:31:52.137+0000][1][safepoint    ] Safepoint "Cleanup", Time since last: 1000509100 ns, Reaching safepoint: 121900 ns, At safepoint: 30500 ns, Total: 152400 ns
[2020-05-02T05:31:53.138+0000][1][safepoint    ] Safepoint "Cleanup", Time since last: 1000504700 ns, Reaching safepoint: 486900 ns, At safepoint: 129900 ns, Total: 616800 ns
[2020-05-02T05:31:54.139+0000][1][safepoint    ] Safepoint "Cleanup", Time since last: 1000738900 ns, Reaching safepoint: 123700 ns, At safepoint: 30900 ns, Total: 154600 ns
[2020-05-02T05:31:55.141+0000][1][safepoint    ] Safepoint "Cleanup", Time since last: 1000804600 ns, Reaching safepoint: 394900 ns, At safepoint: 141700 ns, Total: 536600 ns
[2020-05-02T05:31:56.141+0000][1][safepoint    ] Safepoint "Cleanup", Time since last: 1000384900 ns, Reaching safepoint: 203300 ns, At safepoint: 46300 ns, Total: 249600 ns
[2020-05-02T05:31:57.142+0000][1][safepoint    ] Safepoint "Cleanup", Time since last: 1000362300 ns, Reaching safepoint: 521000 ns, At safepoint: 129400 ns, Total: 650400 ns
[2020-05-02T05:31:58.143+0000][1][safepoint    ] Safepoint "Cleanup", Time since last: 1000725400 ns, Reaching safepoint: 418600 ns, At safepoint: 137500 ns, Total: 556100 ns
[2020-05-02T05:31:59.145+0000][1][safepoint    ] Safepoint "Cleanup", Time since last: 1000731100 ns, Reaching safepoint: 443300 ns, At safepoint: 132500 ns, Total: 575800 ns
[2020-05-02T05:32:00.145+0000][1][safepoint    ] Safepoint "Cleanup", Time since last: 1000303500 ns, Reaching safepoint: 126000 ns, At safepoint: 30300 ns, Total: 156300 ns
[2020-05-02T05:32:01.146+0000][1][safepoint    ] Safepoint "Cleanup", Time since last: 1000238600 ns, Reaching safepoint: 292900 ns, At safepoint: 54300 ns, Total: 347200 ns
[2020-05-02T05:32:02.147+0000][1][safepoint    ] Safepoint "Cleanup", Time since last: 1000655600 ns, Reaching safepoint: 419200 ns, At safepoint: 136300 ns, Total: 555500 ns
[2020-05-02T05:32:03.148+0000][1][safepoint    ] Safepoint "Cleanup", Time since last: 1000801400 ns, Reaching safepoint: 256000 ns, At safepoint: 81400 ns, Total: 337400 ns
[2020-05-02T05:32:04.149+0000][1][safepoint    ] Safepoint "Cleanup", Time since last: 1000646400 ns, Reaching safepoint: 418900 ns, At safepoint: 136100 ns, Total: 555000 ns
[2020-05-02T05:32:05.151+0000][1][safepoint    ] Safepoint "Cleanup", Time since last: 1000773100 ns, Reaching safepoint: 393800 ns, At safepoint: 132200 ns, Total: 526000 ns
[2020-05-02T05:32:06.152+0000][1][safepoint    ] Safepoint "Cleanup", Time since last: 1000761400 ns, Reaching safepoint: 416500 ns, At safepoint: 136200 ns, Total: 552700 ns
[2020-05-02T05:32:07.153+0000][1][safepoint    ] Safepoint "Cleanup", Time since last: 1000438200 ns, Reaching safepoint: 127600 ns, At safepoint: 28900 ns, Total: 156500 ns
[2020-05-02T05:32:08.154+0000][1][safepoint    ] Safepoint "Cleanup", Time since last: 1000769900 ns, Reaching safepoint: 402500 ns, At safepoint: 140000 ns, Total: 542500 ns
[2020-05-02T05:32:09.155+0000][1][safepoint    ] Safepoint "Cleanup", Time since last: 1000464900 ns, Reaching safepoint: 543400 ns, At safepoint: 130700 ns, Total: 674100 ns
[2020-05-02T05:32:10.156+0000][1][safepoint    ] Safepoint "Cleanup", Time since last: 1000633200 ns, Reaching safepoint: 478500 ns, At safepoint: 130500 ns, Total: 609000 ns
[2020-05-02T05:32:11.158+0000][1][safepoint    ] Safepoint "Cleanup", Time since last: 1000653700 ns, Reaching safepoint: 455500 ns, At safepoint: 130200 ns, Total: 585700 ns
[2020-05-02T05:32:12.836+0000][1][safepoint    ] Safepoint "Cleanup", Time since last: 1678711600 ns, Reaching safepoint: 144700 ns, At safepoint: 48000 ns, Total: 192700 ns
[2020-05-02T05:32:13.837+0000][1][safepoint    ] Safepoint "Cleanup", Time since last: 1000145700 ns, Reaching safepoint: 114700 ns, At safepoint: 27800 ns, Total: 142500 ns
[2020-05-02T05:32:14.837+0000][1][safepoint    ] Safepoint "Cleanup", Time since last: 1000192900 ns, Reaching safepoint: 161100 ns, At safepoint: 45100 ns, Total: 206200 ns
[2020-05-02T05:32:15.838+0000][1][safepoint    ] Safepoint "Cleanup", Time since last: 1000187300 ns, Reaching safepoint: 197300 ns, At safepoint: 62600 ns, Total: 259900 ns
[2020-05-02T05:32:16.838+0000][1][safepoint    ] Safepoint "Cleanup", Time since last: 1000379300 ns, Reaching safepoint: 392200 ns, At safepoint: 133200 ns, Total: 525400 ns
[2020-05-02T05:32:17.840+0000][1][safepoint    ] Safepoint "Cleanup", Time since last: 1000437400 ns, Reaching safepoint: 483900 ns, At safepoint: 139300 ns, Total: 623200 ns
[2020-05-02T05:32:18.840+0000][1][safepoint    ] Safepoint "Cleanup", Time since last: 1000313100 ns, Reaching safepoint: 118700 ns, At safepoint: 29400 ns, Total: 148100 ns
[2020-05-02T05:32:19.841+0000][1][safepoint    ] Safepoint "Cleanup", Time since last: 1000690500 ns, Reaching safepoint: 417800 ns, At safepoint: 138600 ns, Total: 556400 ns
[2020-05-02T05:32:20.842+0000][1][safepoint    ] Safepoint "Cleanup", Time since last: 1000482400 ns, Reaching safepoint: 185700 ns, At safepoint: 52000 ns, Total: 237700 ns
[2020-05-02T05:32:21.843+0000][1][safepoint    ] Safepoint "Cleanup", Time since last: 1000756600 ns, Reaching safepoint: 419000 ns, At safepoint: 136600 ns, Total: 555600 ns
[2020-05-02T05:32:22.845+0000][1][safepoint    ] Safepoint "Cleanup", Time since last: 1000842200 ns, Reaching safepoint: 473600 ns, At safepoint: 137700 ns, Total: 611300 ns
[2020-05-02T05:32:23.846+0000][1][safepoint    ] Safepoint "Cleanup", Time since last: 1000402300 ns, Reaching safepoint: 447000 ns, At safepoint: 60500 ns, Total: 507500 ns
[2020-05-02T05:32:24.846+0000][1][safepoint    ] Safepoint "Cleanup", Time since last: 1000322100 ns, Reaching safepoint: 223500 ns, At safepoint: 36600 ns, Total: 260100 ns
[2020-05-02T05:32:25.847+0000][1][safepoint    ] Safepoint "Cleanup", Time since last: 1000629000 ns, Reaching safepoint: 418900 ns, At safepoint: 136500 ns, Total: 555400 ns
[2020-05-02T05:32:26.849+0000][1][safepoint    ] Safepoint "Cleanup", Time since last: 1000570300 ns, Reaching safepoint: 433500 ns, At safepoint: 166700 ns, Total: 600200 ns
[2020-05-02T05:32:27.850+0000][1][safepoint    ] Safepoint "Cleanup", Time since last: 1000693800 ns, Reaching safepoint: 511700 ns, At safepoint: 131000 ns, Total: 642700 ns
[2020-05-02T05:32:28.851+0000][1][safepoint    ] Safepoint "Cleanup", Time since last: 1000410600 ns, Reaching safepoint: 256100 ns, At safepoint: 81600 ns, Total: 337700 ns
[2020-05-02T05:32:29.852+0000][1][safepoint    ] Safepoint "Cleanup", Time since last: 1000706900 ns, Reaching safepoint: 189700 ns, At safepoint: 54400 ns, Total: 244100 ns
[2020-05-02T05:32:30.853+0000][1][safepoint    ] Safepoint "Cleanup", Time since last: 1000350400 ns, Reaching safepoint: 419000 ns, At safepoint: 133700 ns, Total: 552700 ns
[2020-05-02T05:32:31.854+0000][1][safepoint    ] Safepoint "Cleanup", Time since last: 1000443000 ns, Reaching safepoint: 509000 ns, At safepoint: 142900 ns, Total: 651900 ns
[2020-05-02T05:32:32.553+0000][1][gc,start     ] GC(35) Pause Young (Allocation Failure)
[2020-05-02T05:32:32.553+0000][1][gc,task      ] GC(35) Using 10 workers of 10 for evacuation
[2020-05-02T05:32:32.560+0000][1][gc,age       ] GC(35) Desired survivor size 8945664 bytes, new threshold 6 (max threshold 6)
[2020-05-02T05:32:32.560+0000][1][gc,age       ] GC(35) Age table with threshold 6 (max threshold 6)
[2020-05-02T05:32:32.560+0000][1][gc,age       ] GC(35) - age   1:      64008 bytes,      64008 total
[2020-05-02T05:32:32.560+0000][1][gc,age       ] GC(35) - age   2:       2552 bytes,      66560 total
[2020-05-02T05:32:32.560+0000][1][gc,age       ] GC(35) - age   3:       7920 bytes,      74480 total
[2020-05-02T05:32:32.560+0000][1][gc,age       ] GC(35) - age   4:      10248 bytes,      84728 total
[2020-05-02T05:32:32.560+0000][1][gc,age       ] GC(35) - age   5:       4976 bytes,      89704 total
[2020-05-02T05:32:32.560+0000][1][gc,age       ] GC(35) - age   6:       9568 bytes,      99272 total
[2020-05-02T05:32:32.560+0000][1][gc,heap      ] GC(35) ParNew: 139927K->119K(157248K)
[2020-05-02T05:32:32.560+0000][1][gc,heap      ] GC(35) CMS: 81704K->81706K(349568K)
[2020-05-02T05:32:32.560+0000][1][gc,metaspace ] GC(35) Metaspace: 96284K->96284K(1138688K)
[2020-05-02T05:32:32.560+0000][1][gc           ] GC(35) Pause Young (Allocation Failure) 216M->79M(494M) 6.794ms
[2020-05-02T05:32:32.560+0000][1][gc,cpu       ] GC(35) User=0.02s Sys=0.01s Real=0.01s
[2020-05-02T05:32:32.560+0000][1][safepoint    ] Safepoint "GenCollectForAllocation", Time since last: 698873100 ns, Reaching safepoint: 480100 ns, At safepoint: 6889600 ns, Total: 7369700 ns
[2020-05-02T05:32:33.561+0000][1][safepoint    ] Safepoint "Cleanup", Time since last: 1000386600 ns, Reaching safepoint: 405000 ns, At safepoint: 140300 ns, Total: 545300 ns
[2020-05-02T05:32:34.562+0000][1][safepoint    ] Safepoint "Cleanup", Time since last: 1000429300 ns, Reaching safepoint: 484200 ns, At safepoint: 126100 ns, Total: 610300 ns
[2020-05-02T05:32:35.562+0000][1][safepoint    ] Safepoint "Cleanup", Time since last: 1000279500 ns, Reaching safepoint: 128300 ns, At safepoint: 32400 ns, Total: 160700 ns
[2020-05-02T05:32:36.564+0000][1][safepoint    ] Safepoint "Cleanup", Time since last: 1000606300 ns, Reaching safepoint: 688000 ns, At safepoint: 201900 ns, Total: 889900 ns
[2020-05-02T05:32:37.565+0000][1][safepoint    ] Safepoint "Cleanup", Time since last: 1000609500 ns, Reaching safepoint: 523000 ns, At safepoint: 210000 ns, Total: 733000 ns
[2020-05-02T05:32:38.566+0000][1][safepoint    ] Safepoint "Cleanup", Time since last: 1000681500 ns, Reaching safepoint: 420600 ns, At safepoint: 131300 ns, Total: 551900 ns
[2020-05-02T05:32:39.567+0000][1][safepoint    ] Safepoint "Cleanup", Time since last: 1000342100 ns, Reaching safepoint: 240300 ns, At safepoint: 74400 ns, Total: 314700 ns
[2020-05-02T05:32:40.567+0000][1][safepoint    ] Safepoint "Cleanup", Time since last: 1000235700 ns, Reaching safepoint: 169300 ns, At safepoint: 47200 ns, Total: 216500 ns
[2020-05-02T05:32:41.568+0000][1][safepoint    ] Safepoint "Cleanup", Time since last: 1000481000 ns, Reaching safepoint: 161400 ns, At safepoint: 36500 ns, Total: 197900 ns
[2020-05-02T05:32:42.568+0000][1][safepoint    ] Safepoint "Cleanup", Time since last: 1000187700 ns, Reaching safepoint: 117600 ns, At safepoint: 27400 ns, Total: 145000 ns
[2020-05-02T05:32:43.569+0000][1][safepoint    ] Safepoint "Cleanup", Time since last: 1000292900 ns, Reaching safepoint: 283500 ns, At safepoint: 73600 ns, Total: 357100 ns
[2020-05-02T05:32:44.570+0000][1][safepoint    ] Safepoint "Cleanup", Time since last: 1000607000 ns, Reaching safepoint: 158000 ns, At safepoint: 44000 ns, Total: 202000 ns
[2020-05-02T05:32:45.571+0000][1][safepoint    ] Safepoint "Cleanup", Time since last: 1000483200 ns, Reaching safepoint: 130400 ns, At safepoint: 34000 ns, Total: 164400 ns
[2020-05-02T05:32:46.571+0000][1][safepoint    ] Safepoint "Cleanup", Time since last: 1000342000 ns, Reaching safepoint: 434400 ns, At safepoint: 144000 ns, Total: 578400 ns
[2020-05-02T05:32:47.573+0000][1][safepoint    ] Safepoint "Cleanup", Time since last: 1000504200 ns, Reaching safepoint: 628400 ns, At safepoint: 223600 ns, Total: 852000 ns
[2020-05-02T05:32:48.574+0000][1][safepoint    ] Safepoint "Cleanup", Time since last: 1000813200 ns, Reaching safepoint: 394600 ns, At safepoint: 133100 ns, Total: 527700 ns
[2020-05-02T05:32:49.575+0000][1][safepoint    ] Safepoint "Cleanup", Time since last: 1000490500 ns, Reaching safepoint: 163400 ns, At safepoint: 36700 ns, Total: 200100 ns
[2020-05-02T05:32:50.575+0000][1][safepoint    ] Safepoint "Cleanup", Time since last: 1000197400 ns, Reaching safepoint: 124200 ns, At safepoint: 26700 ns, Total: 150900 ns
[2020-05-02T05:32:51.576+0000][1][safepoint    ] Safepoint "Cleanup", Time since last: 1000136700 ns, Reaching safepoint: 123100 ns, At safepoint: 28400 ns, Total: 151500 ns
[2020-05-02T05:32:52.576+0000][1][safepoint    ] Safepoint "Cleanup", Time since last: 1000379100 ns, Reaching safepoint: 403100 ns, At safepoint: 152100 ns, Total: 555200 ns
[2020-05-02T05:32:53.577+0000][1][safepoint    ] Safepoint "Cleanup", Time since last: 1000382600 ns, Reaching safepoint: 197500 ns, At safepoint: 55800 ns, Total: 253300 ns
[2020-05-02T05:32:54.578+0000][1][safepoint    ] Safepoint "Cleanup", Time since last: 1000622800 ns, Reaching safepoint: 518000 ns, At safepoint: 138000 ns, Total: 656000 ns
[2020-05-02T05:32:55.579+0000][1][safepoint    ] Safepoint "Cleanup", Time since last: 1000784700 ns, Reaching safepoint: 120400 ns, At safepoint: 30000 ns, Total: 150400 ns
[2020-05-02T05:32:56.581+0000][1][safepoint    ] Safepoint "Cleanup", Time since last: 1000802200 ns, Reaching safepoint: 396400 ns, At safepoint: 136200 ns, Total: 532600 ns
[2020-05-02T05:32:57.581+0000][1][safepoint    ] Safepoint "Cleanup", Time since last: 1000636000 ns, Reaching safepoint: 144900 ns, At safepoint: 30000 ns, Total: 174900 ns
[2020-05-02T05:32:58.582+0000][1][safepoint    ] Safepoint "Cleanup", Time since last: 1000470100 ns, Reaching safepoint: 182900 ns, At safepoint: 53600 ns, Total: 236500 ns
[2020-05-02T05:32:59.583+0000][1][safepoint    ] Safepoint "Cleanup", Time since last: 1000373300 ns, Reaching safepoint: 488100 ns, At safepoint: 131600 ns, Total: 619700 ns
[2020-05-02T05:33:00.584+0000][1][safepoint    ] Safepoint "Cleanup", Time since last: 1000398900 ns, Reaching safepoint: 292300 ns, At safepoint: 105300 ns, Total: 397600 ns
[2020-05-02T05:33:01.585+0000][1][safepoint    ] Safepoint "Cleanup", Time since last: 1000344600 ns, Reaching safepoint: 368800 ns, At safepoint: 104100 ns, Total: 472900 ns
[2020-05-02T05:33:02.585+0000][1][safepoint    ] Safepoint "Cleanup", Time since last: 1000256100 ns, Reaching safepoint: 116900 ns, At safepoint: 26100 ns, Total: 143000 ns
[2020-05-02T05:33:03.586+0000][1][safepoint    ] Safepoint "Cleanup", Time since last: 1000665000 ns, Reaching safepoint: 398200 ns, At safepoint: 131800 ns, Total: 530000 ns
[2020-05-02T05:33:04.588+0000][1][safepoint    ] Safepoint "Cleanup", Time since last: 1000666800 ns, Reaching safepoint: 397100 ns, At safepoint: 132700 ns, Total: 529800 ns
[2020-05-02T05:33:05.589+0000][1][safepoint    ] Safepoint "Cleanup", Time since last: 1000495200 ns, Reaching safepoint: 404000 ns, At safepoint: 136300 ns, Total: 540300 ns
[2020-05-02T05:33:06.590+0000][1][safepoint    ] Safepoint "Cleanup", Time since last: 1000414400 ns, Reaching safepoint: 394400 ns, At safepoint: 129700 ns, Total: 524100 ns
[2020-05-02T05:33:07.591+0000][1][safepoint    ] Safepoint "Cleanup", Time since last: 1000614700 ns, Reaching safepoint: 648100 ns, At safepoint: 207700 ns, Total: 855800 ns
[2020-05-02T05:33:08.592+0000][1][safepoint    ] Safepoint "Cleanup", Time since last: 1000851000 ns, Reaching safepoint: 463100 ns, At safepoint: 129300 ns, Total: 592400 ns
[2020-05-02T05:33:09.593+0000][1][safepoint    ] Safepoint "Cleanup", Time since last: 1000755800 ns, Reaching safepoint: 173700 ns, At safepoint: 30700 ns, Total: 204400 ns
[2020-05-02T05:33:10.594+0000][1][safepoint    ] Safepoint "Cleanup", Time since last: 1000673700 ns, Reaching safepoint: 329500 ns, At safepoint: 96700 ns, Total: 426200 ns
[2020-05-02T05:33:11.951+0000][1][safepoint    ] Safepoint "Cleanup", Time since last: 1356300200 ns, Reaching safepoint: 195200 ns, At safepoint: 33500 ns, Total: 228700 ns
[2020-05-02T05:33:12.952+0000][1][safepoint    ] Safepoint "Cleanup", Time since last: 1000279900 ns, Reaching safepoint: 402800 ns, At safepoint: 116500 ns, Total: 519300 ns
[2020-05-02T05:33:13.953+0000][1][safepoint    ] Safepoint "Cleanup", Time since last: 1000419100 ns, Reaching safepoint: 356700 ns, At safepoint: 53600 ns, Total: 410300 ns
[2020-05-02T05:33:14.954+0000][1][safepoint    ] Safepoint "Cleanup", Time since last: 1000484900 ns, Reaching safepoint: 417100 ns, At safepoint: 132200 ns, Total: 549300 ns
[2020-05-02T05:33:15.955+0000][1][safepoint    ] Safepoint "Cleanup", Time since last: 1000751100 ns, Reaching safepoint: 416900 ns, At safepoint: 123100 ns, Total: 540000 ns
[2020-05-02T05:33:16.956+0000][1][safepoint    ] Safepoint "Cleanup", Time since last: 1000501500 ns, Reaching safepoint: 433800 ns, At safepoint: 138500 ns, Total: 572300 ns
[2020-05-02T05:33:17.957+0000][1][safepoint    ] Safepoint "Cleanup", Time since last: 1000826600 ns, Reaching safepoint: 397500 ns, At safepoint: 132400 ns, Total: 529900 ns
[2020-05-02T05:33:18.959+0000][1][safepoint    ] Safepoint "Cleanup", Time since last: 1000837100 ns, Reaching safepoint: 421900 ns, At safepoint: 135800 ns, Total: 557700 ns
[2020-05-02T05:33:19.960+0000][1][safepoint    ] Safepoint "Cleanup", Time since last: 1000846900 ns, Reaching safepoint: 422000 ns, At safepoint: 135000 ns, Total: 557000 ns
[2020-05-02T05:33:20.962+0000][1][safepoint    ] Safepoint "Cleanup", Time since last: 1000834300 ns, Reaching safepoint: 419600 ns, At safepoint: 151200 ns, Total: 570800 ns
[2020-05-02T05:33:21.963+0000][1][safepoint    ] Safepoint "Cleanup", Time since last: 1000775800 ns, Reaching safepoint: 428600 ns, At safepoint: 138000 ns, Total: 566600 ns
[2020-05-02T05:33:22.964+0000][1][safepoint    ] Safepoint "Cleanup", Time since last: 1000362800 ns, Reaching safepoint: 329100 ns, At safepoint: 97200 ns, Total: 426300 ns
[2020-05-02T05:33:23.964+0000][1][safepoint    ] Safepoint "Cleanup", Time since last: 1000248000 ns, Reaching safepoint: 126000 ns, At safepoint: 27000 ns, Total: 153000 ns
[2020-05-02T05:33:24.965+0000][1][safepoint    ] Safepoint "Cleanup", Time since last: 1000455800 ns, Reaching safepoint: 424500 ns, At safepoint: 135200 ns, Total: 559700 ns
[2020-05-02T05:33:25.966+0000][1][safepoint    ] Safepoint "Cleanup", Time since last: 1000611600 ns, Reaching safepoint: 137900 ns, At safepoint: 36400 ns, Total: 174300 ns
[2020-05-02T05:33:26.967+0000][1][safepoint    ] Safepoint "Cleanup", Time since last: 1000337800 ns, Reaching safepoint: 539600 ns, At safepoint: 133900 ns, Total: 673500 ns
[2020-05-02T05:33:27.968+0000][1][safepoint    ] Safepoint "Cleanup", Time since last: 1000600500 ns, Reaching safepoint: 434000 ns, At safepoint: 138000 ns, Total: 572000 ns
[2020-05-02T05:33:28.970+0000][1][safepoint    ] Safepoint "Cleanup", Time since last: 1000847300 ns, Reaching safepoint: 423000 ns, At safepoint: 138900 ns, Total: 561900 ns
[2020-05-02T05:33:29.971+0000][1][safepoint    ] Safepoint "Cleanup", Time since last: 1000501700 ns, Reaching safepoint: 509900 ns, At safepoint: 131500 ns, Total: 641400 ns
[2020-05-02T05:33:30.971+0000][1][safepoint    ] Safepoint "Cleanup", Time since last: 1000550900 ns, Reaching safepoint: 169100 ns, At safepoint: 43300 ns, Total: 212400 ns
[2020-05-02T05:33:31.972+0000][1][safepoint    ] Safepoint "Cleanup", Time since last: 1000331200 ns, Reaching safepoint: 498200 ns, At safepoint: 135600 ns, Total: 633800 ns
[2020-05-02T05:33:32.973+0000][1][safepoint    ] Safepoint "Cleanup", Time since last: 1000365100 ns, Reaching safepoint: 134600 ns, At safepoint: 29000 ns, Total: 163600 ns
[2020-05-02T05:33:33.974+0000][1][safepoint    ] Safepoint "Cleanup", Time since last: 1000354900 ns, Reaching safepoint: 245000 ns, At safepoint: 74200 ns, Total: 319200 ns
[2020-05-02T05:33:34.974+0000][1][safepoint    ] Safepoint "Cleanup", Time since last: 1000541400 ns, Reaching safepoint: 272300 ns, At safepoint: 70600 ns, Total: 342900 ns
[2020-05-02T05:33:35.975+0000][1][safepoint    ] Safepoint "Cleanup", Time since last: 1000296700 ns, Reaching safepoint: 126300 ns, At safepoint: 31800 ns, Total: 158100 ns
[2020-05-02T05:33:36.976+0000][1][safepoint    ] Safepoint "Cleanup", Time since last: 1000326800 ns, Reaching safepoint: 296900 ns, At safepoint: 92900 ns, Total: 389800 ns
[2020-05-02T05:33:37.977+0000][1][safepoint    ] Safepoint "Cleanup", Time since last: 1000705400 ns, Reaching safepoint: 422000 ns, At safepoint: 137100 ns, Total: 559100 ns
[2020-05-02T05:33:38.978+0000][1][safepoint    ] Safepoint "Cleanup", Time since last: 1000457700 ns, Reaching safepoint: 189400 ns, At safepoint: 44100 ns, Total: 233500 ns
[2020-05-02T05:33:39.979+0000][1][safepoint    ] Safepoint "Cleanup", Time since last: 1000730700 ns, Reaching safepoint: 420500 ns, At safepoint: 136600 ns, Total: 557100 ns
[2020-05-02T05:33:40.980+0000][1][safepoint    ] Safepoint "Cleanup", Time since last: 1000411300 ns, Reaching safepoint: 176400 ns, At safepoint: 49200 ns, Total: 225600 ns
[2020-05-02T05:33:42.054+0000][1][safepoint    ] Safepoint "Cleanup", Time since last: 1074599200 ns, Reaching safepoint: 165600 ns, At safepoint: 29200 ns, Total: 194800 ns
[2020-05-02T05:33:43.056+0000][1][safepoint    ] Safepoint "Cleanup", Time since last: 1000827900 ns, Reaching safepoint: 421000 ns, At safepoint: 147400 ns, Total: 568400 ns
[2020-05-02T05:33:44.056+0000][1][safepoint    ] Safepoint "Cleanup", Time since last: 1000448000 ns, Reaching safepoint: 175700 ns, At safepoint: 50700 ns, Total: 226400 ns
[2020-05-02T05:33:45.057+0000][1][safepoint    ] Safepoint "Cleanup", Time since last: 1000413900 ns, Reaching safepoint: 402100 ns, At safepoint: 138800 ns, Total: 540900 ns
[2020-05-02T05:33:46.059+0000][1][safepoint    ] Safepoint "Cleanup", Time since last: 1000719700 ns, Reaching safepoint: 396200 ns, At safepoint: 140400 ns, Total: 536600 ns
[2020-05-02T05:33:47.060+0000][1][safepoint    ] Safepoint "Cleanup", Time since last: 1000491600 ns, Reaching safepoint: 563400 ns, At safepoint: 132700 ns, Total: 696100 ns
[2020-05-02T05:33:48.061+0000][1][safepoint    ] Safepoint "Cleanup", Time since last: 1000672300 ns, Reaching safepoint: 181100 ns, At safepoint: 49100 ns, Total: 230200 ns
[2020-05-02T05:33:49.061+0000][1][safepoint    ] Safepoint "Cleanup", Time since last: 1000260200 ns, Reaching safepoint: 143100 ns, At safepoint: 40500 ns, Total: 183600 ns
[2020-05-02T05:33:50.062+0000][1][safepoint    ] Safepoint "Cleanup", Time since last: 1000343300 ns, Reaching safepoint: 278600 ns, At safepoint: 70500 ns, Total: 349100 ns
[2020-05-02T05:33:51.062+0000][1][safepoint    ] Safepoint "Cleanup", Time since last: 1000277400 ns, Reaching safepoint: 138500 ns, At safepoint: 29100 ns, Total: 167600 ns
[2020-05-02T05:33:52.063+0000][1][safepoint    ] Safepoint "Cleanup", Time since last: 1000176300 ns, Reaching safepoint: 125100 ns, At safepoint: 30200 ns, Total: 155300 ns
[2020-05-02T05:33:53.063+0000][1][safepoint    ] Safepoint "Cleanup", Time since last: 1000471600 ns, Reaching safepoint: 135500 ns, At safepoint: 34900 ns, Total: 170400 ns
[2020-05-02T05:33:54.064+0000][1][safepoint    ] Safepoint "Cleanup", Time since last: 1000292900 ns, Reaching safepoint: 166200 ns, At safepoint: 29100 ns, Total: 195300 ns
[2020-05-02T05:33:55.065+0000][1][safepoint    ] Safepoint "Cleanup", Time since last: 1000296400 ns, Reaching safepoint: 380500 ns, At safepoint: 89700 ns, Total: 470200 ns
[2020-05-02T05:33:56.066+0000][1][safepoint    ] Safepoint "Cleanup", Time since last: 1000439900 ns, Reaching safepoint: 463300 ns, At safepoint: 140100 ns, Total: 603400 ns
[2020-05-02T05:33:57.067+0000][1][safepoint    ] Safepoint "Cleanup", Time since last: 1000964900 ns, Reaching safepoint: 420200 ns, At safepoint: 133500 ns, Total: 553700 ns
[2020-05-02T05:33:58.068+0000][1][safepoint    ] Safepoint "Cleanup", Time since last: 1000460100 ns, Reaching safepoint: 334500 ns, At safepoint: 113000 ns, Total: 447500 ns
[2020-05-02T05:33:59.069+0000][1][safepoint    ] Safepoint "Cleanup", Time since last: 1000393900 ns, Reaching safepoint: 670500 ns, At safepoint: 189500 ns, Total: 860000 ns
[2020-05-02T05:34:00.070+0000][1][safepoint    ] Safepoint "Cleanup", Time since last: 1000305200 ns, Reaching safepoint: 145700 ns, At safepoint: 31800 ns, Total: 177500 ns
[2020-05-02T05:34:01.071+0000][1][safepoint    ] Safepoint "Cleanup", Time since last: 1000409600 ns, Reaching safepoint: 378900 ns, At safepoint: 65200 ns, Total: 444100 ns
[2020-05-02T05:34:02.071+0000][1][safepoint    ] Safepoint "Cleanup", Time since last: 1000671400 ns, Reaching safepoint: 122800 ns, At safepoint: 31800 ns, Total: 154600 ns
[2020-05-02T05:34:03.072+0000][1][safepoint    ] Safepoint "Cleanup", Time since last: 1000211700 ns, Reaching safepoint: 126300 ns, At safepoint: 29200 ns, Total: 155500 ns
[2020-05-02T05:34:04.073+0000][1][safepoint    ] Safepoint "Cleanup", Time since last: 1000239500 ns, Reaching safepoint: 627000 ns, At safepoint: 260300 ns, Total: 887300 ns
[2020-05-02T05:34:05.074+0000][1][safepoint    ] Safepoint "Cleanup", Time since last: 1000736400 ns, Reaching safepoint: 129700 ns, At safepoint: 33100 ns, Total: 162800 ns
[2020-05-02T05:34:06.074+0000][1][safepoint    ] Safepoint "Cleanup", Time since last: 1000198000 ns, Reaching safepoint: 129400 ns, At safepoint: 33000 ns, Total: 162400 ns
[2020-05-02T05:34:07.075+0000][1][safepoint    ] Safepoint "Cleanup", Time since last: 1000349700 ns, Reaching safepoint: 364600 ns, At safepoint: 95700 ns, Total: 460300 ns
[2020-05-02T05:34:08.076+0000][1][safepoint    ] Safepoint "Cleanup", Time since last: 1000257200 ns, Reaching safepoint: 227900 ns, At safepoint: 52600 ns, Total: 280500 ns
[2020-05-02T05:34:09.077+0000][1][safepoint    ] Safepoint "Cleanup", Time since last: 1000396400 ns, Reaching safepoint: 479400 ns, At safepoint: 205100 ns, Total: 684500 ns
[2020-05-02T05:34:10.078+0000][1][safepoint    ] Safepoint "Cleanup", Time since last: 1000587300 ns, Reaching safepoint: 420600 ns, At safepoint: 193100 ns, Total: 613700 ns
[2020-05-02T05:34:12.055+0000][1][safepoint    ] Safepoint "Cleanup", Time since last: 1976402400 ns, Reaching safepoint: 469400 ns, At safepoint: 138200 ns, Total: 607600 ns
[2020-05-02T05:34:13.056+0000][1][safepoint    ] Safepoint "Cleanup", Time since last: 1000825300 ns, Reaching safepoint: 420400 ns, At safepoint: 138500 ns, Total: 558900 ns
[2020-05-02T05:34:14.057+0000][1][safepoint    ] Safepoint "Cleanup", Time since last: 1000372700 ns, Reaching safepoint: 161100 ns, At safepoint: 44300 ns, Total: 205400 ns
[2020-05-02T05:34:15.058+0000][1][safepoint    ] Safepoint "Cleanup", Time since last: 1000352300 ns, Reaching safepoint: 415800 ns, At safepoint: 173500 ns, Total: 589300 ns
[2020-05-02T05:34:16.058+0000][1][safepoint    ] Safepoint "Cleanup", Time since last: 1000354900 ns, Reaching safepoint: 178200 ns, At safepoint: 56800 ns, Total: 235000 ns
[2020-05-02T05:34:17.059+0000][1][safepoint    ] Safepoint "Cleanup", Time since last: 1000387400 ns, Reaching safepoint: 434100 ns, At safepoint: 136400 ns, Total: 570500 ns
[2020-05-02T05:34:18.061+0000][1][safepoint    ] Safepoint "Cleanup", Time since last: 1000893600 ns, Reaching safepoint: 418400 ns, At safepoint: 139900 ns, Total: 558300 ns
[2020-05-02T05:34:19.062+0000][1][safepoint    ] Safepoint "Cleanup", Time since last: 1000848600 ns, Reaching safepoint: 186800 ns, At safepoint: 38400 ns, Total: 225200 ns
[2020-05-02T05:34:20.062+0000][1][safepoint    ] Safepoint "Cleanup", Time since last: 1000285100 ns, Reaching safepoint: 280600 ns, At safepoint: 86900 ns, Total: 367500 ns
[2020-05-02T05:34:21.063+0000][1][safepoint    ] Safepoint "Cleanup", Time since last: 1000308700 ns, Reaching safepoint: 339600 ns, At safepoint: 90000 ns, Total: 429600 ns
[2020-05-02T05:34:22.064+0000][1][safepoint    ] Safepoint "Cleanup", Time since last: 1000355700 ns, Reaching safepoint: 243100 ns, At safepoint: 75100 ns, Total: 318200 ns
[2020-05-02T05:34:23.064+0000][1][safepoint    ] Safepoint "Cleanup", Time since last: 1000187900 ns, Reaching safepoint: 123800 ns, At safepoint: 29000 ns, Total: 152800 ns
[2020-05-02T05:34:24.065+0000][1][safepoint    ] Safepoint "Cleanup", Time since last: 1000549000 ns, Reaching safepoint: 421000 ns, At safepoint: 137400 ns, Total: 558400 ns
[2020-05-02T05:34:25.067+0000][1][safepoint    ] Safepoint "Cleanup", Time since last: 1000909200 ns, Reaching safepoint: 420000 ns, At safepoint: 135300 ns, Total: 555300 ns
[2020-05-02T05:34:26.068+0000][1][safepoint    ] Safepoint "Cleanup", Time since last: 1000817800 ns, Reaching safepoint: 418500 ns, At safepoint: 136700 ns, Total: 555200 ns
[2020-05-02T05:34:27.069+0000][1][safepoint    ] Safepoint "Cleanup", Time since last: 1000536100 ns, Reaching safepoint: 397900 ns, At safepoint: 138300 ns, Total: 536200 ns
[2020-05-02T05:34:28.070+0000][1][safepoint    ] Safepoint "Cleanup", Time since last: 1000484100 ns, Reaching safepoint: 122300 ns, At safepoint: 28500 ns, Total: 150800 ns
[2020-05-02T05:34:29.071+0000][1][safepoint    ] Safepoint "Cleanup", Time since last: 1000497000 ns, Reaching safepoint: 222300 ns, At safepoint: 63700 ns, Total: 286000 ns
[2020-05-02T05:34:30.071+0000][1][safepoint    ] Safepoint "Cleanup", Time since last: 1000484200 ns, Reaching safepoint: 258500 ns, At safepoint: 74500 ns, Total: 333000 ns
[2020-05-02T05:34:31.072+0000][1][safepoint    ] Safepoint "Cleanup", Time since last: 1000262600 ns, Reaching safepoint: 153500 ns, At safepoint: 41600 ns, Total: 195100 ns
[2020-05-02T05:34:32.073+0000][1][safepoint    ] Safepoint "Cleanup", Time since last: 1000389200 ns, Reaching safepoint: 420700 ns, At safepoint: 182300 ns, Total: 603000 ns
[2020-05-02T05:34:33.074+0000][1][safepoint    ] Safepoint "Cleanup", Time since last: 1000542600 ns, Reaching safepoint: 484400 ns, At safepoint: 136100 ns, Total: 620500 ns
[2020-05-02T05:34:34.075+0000][1][safepoint    ] Safepoint "Cleanup", Time since last: 1000451900 ns, Reaching safepoint: 245900 ns, At safepoint: 76300 ns, Total: 322200 ns
[2020-05-02T05:34:35.075+0000][1][safepoint    ] Safepoint "Cleanup", Time since last: 1000406600 ns, Reaching safepoint: 183900 ns, At safepoint: 52600 ns, Total: 236500 ns
[2020-05-02T05:34:36.077+0000][1][safepoint    ] Safepoint "Cleanup", Time since last: 1000715200 ns, Reaching safepoint: 420100 ns, At safepoint: 137000 ns, Total: 557100 ns
[2020-05-02T05:34:37.077+0000][1][safepoint    ] Safepoint "Cleanup", Time since last: 1000401400 ns, Reaching safepoint: 211400 ns, At safepoint: 42700 ns, Total: 254100 ns
[2020-05-02T05:34:38.079+0000][1][safepoint    ] Safepoint "Cleanup", Time since last: 1000846700 ns, Reaching safepoint: 420000 ns, At safepoint: 141000 ns, Total: 561000 ns
[2020-05-02T05:34:39.080+0000][1][safepoint    ] Safepoint "Cleanup", Time since last: 1000688300 ns, Reaching safepoint: 419200 ns, At safepoint: 136500 ns, Total: 555700 ns
[2020-05-02T05:34:40.081+0000][1][safepoint    ] Safepoint "Cleanup", Time since last: 1000480200 ns, Reaching safepoint: 416800 ns, At safepoint: 133400 ns, Total: 550200 ns
[2020-05-02T05:34:41.082+0000][1][safepoint    ] Safepoint "Cleanup", Time since last: 1000287700 ns, Reaching safepoint: 162600 ns, At safepoint: 45000 ns, Total: 207600 ns
[2020-05-02T05:34:42.083+0000][1][safepoint    ] Safepoint "Cleanup", Time since last: 1000435600 ns, Reaching safepoint: 576100 ns, At safepoint: 140000 ns, Total: 716100 ns
[2020-05-02T05:34:43.083+0000][1][safepoint    ] Safepoint "Cleanup", Time since last: 1000352700 ns, Reaching safepoint: 138200 ns, At safepoint: 28500 ns, Total: 166700 ns
[2020-05-02T05:34:44.084+0000][1][safepoint    ] Safepoint "Cleanup", Time since last: 1000231200 ns, Reaching safepoint: 215000 ns, At safepoint: 59100 ns, Total: 274100 ns
[2020-05-02T05:34:45.095+0000][1][safepoint    ] Safepoint "Cleanup", Time since last: 1011146100 ns, Reaching safepoint: 192500 ns, At safepoint: 54200 ns, Total: 246700 ns
[2020-05-02T05:34:46.096+0000][1][safepoint    ] Safepoint "Cleanup", Time since last: 1000210500 ns, Reaching safepoint: 134800 ns, At safepoint: 33800 ns, Total: 168600 ns
[2020-05-02T05:34:47.096+0000][1][safepoint    ] Safepoint "Cleanup", Time since last: 1000159500 ns, Reaching safepoint: 129300 ns, At safepoint: 32000 ns, Total: 161300 ns
[2020-05-02T05:34:48.096+0000][1][safepoint    ] Safepoint "Cleanup", Time since last: 1000261000 ns, Reaching safepoint: 124300 ns, At safepoint: 33100 ns, Total: 157400 ns
[2020-05-02T05:34:49.097+0000][1][safepoint    ] Safepoint "Cleanup", Time since last: 1000296100 ns, Reaching safepoint: 243000 ns, At safepoint: 72700 ns, Total: 315700 ns
[2020-05-02T05:34:50.098+0000][1][safepoint    ] Safepoint "Cleanup", Time since last: 1000572500 ns, Reaching safepoint: 355400 ns, At safepoint: 95300 ns, Total: 450700 ns
[2020-05-02T05:34:51.098+0000][1][safepoint    ] Safepoint "Cleanup", Time since last: 1000304600 ns, Reaching safepoint: 132200 ns, At safepoint: 32100 ns, Total: 164300 ns
[2020-05-02T05:34:52.099+0000][1][safepoint    ] Safepoint "Cleanup", Time since last: 1000362300 ns, Reaching safepoint: 425400 ns, At safepoint: 150500 ns, Total: 575900 ns
[2020-05-02T05:34:53.100+0000][1][safepoint    ] Safepoint "Cleanup", Time since last: 1000349600 ns, Reaching safepoint: 224600 ns, At safepoint: 50100 ns, Total: 274700 ns
[2020-05-02T05:34:54.100+0000][1][safepoint    ] Safepoint "Cleanup", Time since last: 1000173900 ns, Reaching safepoint: 275300 ns, At safepoint: 46800 ns, Total: 322100 ns
[2020-05-02T05:34:55.101+0000][1][safepoint    ] Safepoint "Cleanup", Time since last: 1000165400 ns, Reaching safepoint: 127400 ns, At safepoint: 31100 ns, Total: 158500 ns
[2020-05-02T05:34:56.102+0000][1][safepoint    ] Safepoint "Cleanup", Time since last: 1000620600 ns, Reaching safepoint: 467900 ns, At safepoint: 197200 ns, Total: 665100 ns
[2020-05-02T05:34:57.103+0000][1][safepoint    ] Safepoint "Cleanup", Time since last: 1000309900 ns, Reaching safepoint: 129800 ns, At safepoint: 35100 ns, Total: 164900 ns
[2020-05-02T05:34:58.103+0000][1][safepoint    ] Safepoint "Cleanup", Time since last: 1000170100 ns, Reaching safepoint: 156900 ns, At safepoint: 31800 ns, Total: 188700 ns
[2020-05-02T05:34:59.103+0000][1][safepoint    ] Safepoint "Cleanup", Time since last: 1000247000 ns, Reaching safepoint: 259300 ns, At safepoint: 66600 ns, Total: 325900 ns
[2020-05-02T05:35:00.104+0000][1][safepoint    ] Safepoint "Cleanup", Time since last: 1000199700 ns, Reaching safepoint: 138600 ns, At safepoint: 33900 ns, Total: 172500 ns
[2020-05-02T05:35:01.104+0000][1][safepoint    ] Safepoint "Cleanup", Time since last: 1000247800 ns, Reaching safepoint: 150900 ns, At safepoint: 35200 ns, Total: 186100 ns
[2020-05-02T05:35:02.105+0000][1][safepoint    ] Safepoint "Cleanup", Time since last: 1000188100 ns, Reaching safepoint: 120500 ns, At safepoint: 29900 ns, Total: 150400 ns
[2020-05-02T05:35:03.105+0000][1][safepoint    ] Safepoint "Cleanup", Time since last: 1000166000 ns, Reaching safepoint: 130600 ns, At safepoint: 29500 ns, Total: 160100 ns
[2020-05-02T05:35:04.106+0000][1][safepoint    ] Safepoint "Cleanup", Time since last: 1000222000 ns, Reaching safepoint: 309200 ns, At safepoint: 64500 ns, Total: 373700 ns
[2020-05-02T05:35:05.106+0000][1][safepoint    ] Safepoint "Cleanup", Time since last: 1000239900 ns, Reaching safepoint: 127100 ns, At safepoint: 33700 ns, Total: 160800 ns
[2020-05-02T05:35:06.106+0000][1][safepoint    ] Safepoint "Cleanup", Time since last: 1000205000 ns, Reaching safepoint: 121200 ns, At safepoint: 29500 ns, Total: 150700 ns
[2020-05-02T05:35:07.107+0000][1][safepoint    ] Safepoint "Cleanup", Time since last: 1000181400 ns, Reaching safepoint: 119400 ns, At safepoint: 31400 ns, Total: 150800 ns
[2020-05-02T05:35:08.107+0000][1][safepoint    ] Safepoint "Cleanup", Time since last: 1000253800 ns, Reaching safepoint: 255800 ns, At safepoint: 81500 ns, Total: 337300 ns
[2020-05-02T05:35:09.108+0000][1][safepoint    ] Safepoint "Cleanup", Time since last: 1000574000 ns, Reaching safepoint: 204100 ns, At safepoint: 60200 ns, Total: 264300 ns
[2020-05-02T05:35:10.109+0000][1][safepoint    ] Safepoint "Cleanup", Time since last: 1000273000 ns, Reaching safepoint: 204000 ns, At safepoint: 61000 ns, Total: 265000 ns
[2020-05-02T05:35:11.109+0000][1][safepoint    ] Safepoint "Cleanup", Time since last: 1000274400 ns, Reaching safepoint: 379100 ns, At safepoint: 100200 ns, Total: 479300 ns
[2020-05-02T05:35:12.940+0000][1][safepoint    ] Safepoint "Cleanup", Time since last: 1830064700 ns, Reaching safepoint: 260200 ns, At safepoint: 111700 ns, Total: 371900 ns
[2020-05-02T05:35:13.940+0000][1][safepoint    ] Safepoint "Cleanup", Time since last: 1000437300 ns, Reaching safepoint: 168600 ns, At safepoint: 47200 ns, Total: 215800 ns
[2020-05-02T05:35:14.942+0000][1][safepoint    ] Safepoint "Cleanup", Time since last: 1000646400 ns, Reaching safepoint: 339100 ns, At safepoint: 125100 ns, Total: 464200 ns
[2020-05-02T05:35:15.942+0000][1][safepoint    ] Safepoint "Cleanup", Time since last: 1000306000 ns, Reaching safepoint: 134300 ns, At safepoint: 29700 ns, Total: 164000 ns
[2020-05-02T05:35:16.942+0000][1][safepoint    ] Safepoint "Cleanup", Time since last: 1000174400 ns, Reaching safepoint: 128600 ns, At safepoint: 27600 ns, Total: 156200 ns
[2020-05-02T05:35:17.943+0000][1][safepoint    ] Safepoint "Cleanup", Time since last: 1000170900 ns, Reaching safepoint: 125700 ns, At safepoint: 49200 ns, Total: 174900 ns
[2020-05-02T05:35:18.943+0000][1][safepoint    ] Safepoint "Cleanup", Time since last: 1000361400 ns, Reaching safepoint: 194500 ns, At safepoint: 47800 ns, Total: 242300 ns
[2020-05-02T05:35:19.945+0000][1][safepoint    ] Safepoint "Cleanup", Time since last: 1000661100 ns, Reaching safepoint: 522800 ns, At safepoint: 128100 ns, Total: 650900 ns
[2020-05-02T05:35:20.945+0000][1][safepoint    ] Safepoint "Cleanup", Time since last: 1000285300 ns, Reaching safepoint: 128900 ns, At safepoint: 32700 ns, Total: 161600 ns
[2020-05-02T05:35:21.945+0000][1][safepoint    ] Safepoint "Cleanup", Time since last: 1000175500 ns, Reaching safepoint: 137800 ns, At safepoint: 26500 ns, Total: 164300 ns
[2020-05-02T05:35:22.946+0000][1][safepoint    ] Safepoint "Cleanup", Time since last: 1000175100 ns, Reaching safepoint: 190000 ns, At safepoint: 31900 ns, Total: 221900 ns
[2020-05-02T05:35:23.946+0000][1][safepoint    ] Safepoint "Cleanup", Time since last: 1000282500 ns, Reaching safepoint: 177900 ns, At safepoint: 62900 ns, Total: 240800 ns
[2020-05-02T05:35:24.947+0000][1][safepoint    ] Safepoint "Cleanup", Time since last: 1000431900 ns, Reaching safepoint: 288800 ns, At safepoint: 89500 ns, Total: 378300 ns
[2020-05-02T05:35:25.947+0000][1][safepoint    ] Safepoint "Cleanup", Time since last: 1000224500 ns, Reaching safepoint: 150600 ns, At safepoint: 29400 ns, Total: 180000 ns
[2020-05-02T05:35:26.949+0000][1][safepoint    ] Safepoint "Cleanup", Time since last: 1000386700 ns, Reaching safepoint: 376300 ns, At safepoint: 238300 ns, Total: 614600 ns
[2020-05-02T05:35:27.723+0000][1][gc,start     ] GC(36) Pause Young (Allocation Failure)
[2020-05-02T05:35:27.723+0000][1][gc,task      ] GC(36) Using 10 workers of 10 for evacuation
[2020-05-02T05:35:27.726+0000][1][gc,age       ] GC(36) Desired survivor size 8945664 bytes, new threshold 6 (max threshold 6)
[2020-05-02T05:35:27.726+0000][1][gc,age       ] GC(36) Age table with threshold 6 (max threshold 6)
[2020-05-02T05:35:27.726+0000][1][gc,age       ] GC(36) - age   1:      54448 bytes,      54448 total
[2020-05-02T05:35:27.726+0000][1][gc,age       ] GC(36) - age   2:       8720 bytes,      63168 total
[2020-05-02T05:35:27.726+0000][1][gc,age       ] GC(36) - age   3:       2552 bytes,      65720 total
[2020-05-02T05:35:27.726+0000][1][gc,age       ] GC(36) - age   4:       7920 bytes,      73640 total
[2020-05-02T05:35:27.726+0000][1][gc,age       ] GC(36) - age   5:      10248 bytes,      83888 total
[2020-05-02T05:35:27.726+0000][1][gc,age       ] GC(36) - age   6:       4976 bytes,      88864 total
[2020-05-02T05:35:27.726+0000][1][gc,heap      ] GC(36) ParNew: 139895K->118K(157248K)
[2020-05-02T05:35:27.726+0000][1][gc,heap      ] GC(36) CMS: 81706K->81715K(349568K)
[2020-05-02T05:35:27.726+0000][1][gc,metaspace ] GC(36) Metaspace: 96292K->96292K(1138688K)
[2020-05-02T05:35:27.726+0000][1][gc           ] GC(36) Pause Young (Allocation Failure) 216M->79M(494M) 2.554ms
[2020-05-02T05:35:27.726+0000][1][gc,cpu       ] GC(36) User=0.01s Sys=0.00s Real=0.01s
[2020-05-02T05:35:27.726+0000][1][safepoint    ] Safepoint "GenCollectForAllocation", Time since last: 774406300 ns, Reaching safepoint: 192500 ns, At safepoint: 2676100 ns, Total: 2868600 ns
[2020-05-02T05:35:28.726+0000][1][safepoint    ] Safepoint "Cleanup", Time since last: 1000185200 ns, Reaching safepoint: 127300 ns, At safepoint: 71800 ns, Total: 199100 ns
[2020-05-02T05:35:29.727+0000][1][safepoint    ] Safepoint "Cleanup", Time since last: 1000141400 ns, Reaching safepoint: 270400 ns, At safepoint: 109500 ns, Total: 379900 ns
[2020-05-02T05:35:30.728+0000][1][safepoint    ] Safepoint "Cleanup", Time since last: 1000348500 ns, Reaching safepoint: 445200 ns, At safepoint: 186700 ns, Total: 631900 ns
[2020-05-02T05:35:31.728+0000][1][safepoint    ] Safepoint "Cleanup", Time since last: 1000237800 ns, Reaching safepoint: 304200 ns, At safepoint: 71700 ns, Total: 375900 ns
[2020-05-02T05:35:32.729+0000][1][safepoint    ] Safepoint "Cleanup", Time since last: 1000198700 ns, Reaching safepoint: 129800 ns, At safepoint: 74500 ns, Total: 204300 ns
[2020-05-02T05:35:33.730+0000][1][safepoint    ] Safepoint "Cleanup", Time since last: 1000583200 ns, Reaching safepoint: 278000 ns, At safepoint: 179300 ns, Total: 457300 ns
[2020-05-02T05:35:34.731+0000][1][safepoint    ] Safepoint "Cleanup", Time since last: 1000454000 ns, Reaching safepoint: 462200 ns, At safepoint: 121700 ns, Total: 583900 ns
[2020-05-02T05:35:35.731+0000][1][safepoint    ] Safepoint "Cleanup", Time since last: 1000250300 ns, Reaching safepoint: 236700 ns, At safepoint: 105200 ns, Total: 341900 ns
[2020-05-02T05:35:36.733+0000][1][safepoint    ] Safepoint "Cleanup", Time since last: 1000477200 ns, Reaching safepoint: 469600 ns, At safepoint: 200300 ns, Total: 669900 ns
[2020-05-02T05:35:37.733+0000][1][safepoint    ] Safepoint "Cleanup", Time since last: 1000476500 ns, Reaching safepoint: 370400 ns, At safepoint: 60000 ns, Total: 430400 ns
[2020-05-02T05:35:38.734+0000][1][safepoint    ] Safepoint "Cleanup", Time since last: 1000389000 ns, Reaching safepoint: 462400 ns, At safepoint: 141700 ns, Total: 604100 ns
[2020-05-02T05:35:39.735+0000][1][safepoint    ] Safepoint "Cleanup", Time since last: 1000319600 ns, Reaching safepoint: 543800 ns, At safepoint: 114900 ns, Total: 658700 ns
[2020-05-02T05:35:40.736+0000][1][safepoint    ] Safepoint "Cleanup", Time since last: 1000174400 ns, Reaching safepoint: 121800 ns, At safepoint: 25700 ns, Total: 147500 ns
[2020-05-02T05:35:41.736+0000][1][safepoint    ] Safepoint "Cleanup", Time since last: 1000247500 ns, Reaching safepoint: 275500 ns, At safepoint: 175100 ns, Total: 450600 ns
[2020-05-02T05:35:42.737+0000][1][safepoint    ] Safepoint "Cleanup", Time since last: 1000334800 ns, Reaching safepoint: 247700 ns, At safepoint: 114600 ns, Total: 362300 ns
[2020-05-02T05:35:43.738+0000][1][safepoint    ] Safepoint "Cleanup", Time since last: 1000391600 ns, Reaching safepoint: 139500 ns, At safepoint: 48500 ns, Total: 188000 ns
[2020-05-02T05:35:44.738+0000][1][safepoint    ] Safepoint "Cleanup", Time since last: 1000374500 ns, Reaching safepoint: 263300 ns, At safepoint: 55600 ns, Total: 318900 ns
[2020-05-02T05:35:45.739+0000][1][safepoint    ] Safepoint "Cleanup", Time since last: 1000289800 ns, Reaching safepoint: 159100 ns, At safepoint: 63200 ns, Total: 222300 ns
[2020-05-02T05:35:46.739+0000][1][safepoint    ] Safepoint "Cleanup", Time since last: 1000181300 ns, Reaching safepoint: 154300 ns, At safepoint: 39500 ns, Total: 193800 ns
[2020-05-02T05:35:47.740+0000][1][safepoint    ] Safepoint "Cleanup", Time since last: 1000289100 ns, Reaching safepoint: 160100 ns, At safepoint: 61300 ns, Total: 221400 ns
[2020-05-02T05:35:48.741+0000][1][safepoint    ] Safepoint "Cleanup", Time since last: 1000570600 ns, Reaching safepoint: 292200 ns, At safepoint: 75300 ns, Total: 367500 ns
[2020-05-02T05:35:49.741+0000][1][safepoint    ] Safepoint "Cleanup", Time since last: 1000304200 ns, Reaching safepoint: 340100 ns, At safepoint: 118700 ns, Total: 458800 ns
[2020-05-02T05:35:50.742+0000][1][safepoint    ] Safepoint "Cleanup", Time since last: 1000471100 ns, Reaching safepoint: 342700 ns, At safepoint: 169600 ns, Total: 512300 ns
[2020-05-02T05:35:51.744+0000][1][safepoint    ] Safepoint "Cleanup", Time since last: 1000816900 ns, Reaching safepoint: 634900 ns, At safepoint: 202200 ns, Total: 837100 ns
[2020-05-02T05:35:52.745+0000][1][safepoint    ] Safepoint "Cleanup", Time since last: 1000740100 ns, Reaching safepoint: 230900 ns, At safepoint: 53100 ns, Total: 284000 ns
[2020-05-02T05:35:53.746+0000][1][safepoint    ] Safepoint "Cleanup", Time since last: 1000368000 ns, Reaching safepoint: 485700 ns, At safepoint: 212300 ns, Total: 698000 ns
[2020-05-02T05:35:54.747+0000][1][safepoint    ] Safepoint "Cleanup", Time since last: 1000464900 ns, Reaching safepoint: 302500 ns, At safepoint: 166100 ns, Total: 468600 ns
[2020-05-02T05:35:55.748+0000][1][safepoint    ] Safepoint "Cleanup", Time since last: 1000253500 ns, Reaching safepoint: 134800 ns, At safepoint: 46300 ns, Total: 181100 ns
[2020-05-02T05:35:56.748+0000][1][safepoint    ] Safepoint "Cleanup", Time since last: 1000281700 ns, Reaching safepoint: 172400 ns, At safepoint: 61300 ns, Total: 233700 ns
[2020-05-02T05:35:57.749+0000][1][safepoint    ] Safepoint "Cleanup", Time since last: 1000235700 ns, Reaching safepoint: 302100 ns, At safepoint: 149500 ns, Total: 451600 ns
[2020-05-02T05:35:58.915+0000][1][safepoint    ] Safepoint "Cleanup", Time since last: 1166264800 ns, Reaching safepoint: 233600 ns, At safepoint: 56400 ns, Total: 290000 ns
[2020-05-02T05:35:59.916+0000][1][safepoint    ] Safepoint "Cleanup", Time since last: 1000225700 ns, Reaching safepoint: 190700 ns, At safepoint: 69400 ns, Total: 260100 ns
[2020-05-02T05:36:00.916+0000][1][safepoint    ] Safepoint "Cleanup", Time since last: 1000287000 ns, Reaching safepoint: 271600 ns, At safepoint: 53200 ns, Total: 324800 ns
[2020-05-02T05:36:01.917+0000][1][safepoint    ] Safepoint "Cleanup", Time since last: 1000408700 ns, Reaching safepoint: 507100 ns, At safepoint: 135700 ns, Total: 642800 ns
[2020-05-02T05:36:02.918+0000][1][safepoint    ] Safepoint "Cleanup", Time since last: 1000406300 ns, Reaching safepoint: 304500 ns, At safepoint: 97400 ns, Total: 401900 ns
[2020-05-02T05:36:03.919+0000][1][safepoint    ] Safepoint "Cleanup", Time since last: 1000221600 ns, Reaching safepoint: 133200 ns, At safepoint: 32000 ns, Total: 165200 ns
[2020-05-02T05:36:04.920+0000][1][safepoint    ] Safepoint "Cleanup", Time since last: 1000736800 ns, Reaching safepoint: 232900 ns, At safepoint: 75200 ns, Total: 308100 ns
[2020-05-02T05:36:05.920+0000][1][safepoint    ] Safepoint "Cleanup", Time since last: 1000224400 ns, Reaching safepoint: 126300 ns, At safepoint: 30500 ns, Total: 156800 ns
[2020-05-02T05:36:06.921+0000][1][safepoint    ] Safepoint "Cleanup", Time since last: 1000360900 ns, Reaching safepoint: 524200 ns, At safepoint: 151800 ns, Total: 676000 ns
[2020-05-02T05:36:07.922+0000][1][safepoint    ] Safepoint "Cleanup", Time since last: 1000315400 ns, Reaching safepoint: 245400 ns, At safepoint: 63400 ns, Total: 308800 ns
[2020-05-02T05:36:08.923+0000][1][safepoint    ] Safepoint "Cleanup", Time since last: 1000419100 ns, Reaching safepoint: 476100 ns, At safepoint: 162500 ns, Total: 638600 ns
[2020-05-02T05:36:09.924+0000][1][safepoint    ] Safepoint "Cleanup", Time since last: 1000800900 ns, Reaching safepoint: 508400 ns, At safepoint: 125700 ns, Total: 634100 ns
[2020-05-02T05:36:10.925+0000][1][safepoint    ] Safepoint "Cleanup", Time since last: 1000434700 ns, Reaching safepoint: 125500 ns, At safepoint: 27700 ns, Total: 153200 ns
[2020-05-02T05:36:11.925+0000][1][safepoint    ] Safepoint "Cleanup", Time since last: 1000150900 ns, Reaching safepoint: 192000 ns, At safepoint: 36600 ns, Total: 228600 ns
[2020-05-02T05:36:12.926+0000][1][safepoint    ] Safepoint "Cleanup", Time since last: 1000173500 ns, Reaching safepoint: 209400 ns, At safepoint: 27900 ns, Total: 237300 ns
[2020-05-02T05:36:13.926+0000][1][safepoint    ] Safepoint "Cleanup", Time since last: 1000356900 ns, Reaching safepoint: 389200 ns, At safepoint: 124800 ns, Total: 514000 ns
[2020-05-02T05:36:14.928+0000][1][safepoint    ] Safepoint "Cleanup", Time since last: 1000553400 ns, Reaching safepoint: 507400 ns, At safepoint: 138000 ns, Total: 645400 ns
[2020-05-02T05:36:15.929+0000][1][safepoint    ] Safepoint "Cleanup", Time since last: 1000538000 ns, Reaching safepoint: 517000 ns, At safepoint: 157400 ns, Total: 674400 ns
[2020-05-02T05:36:16.930+0000][1][safepoint    ] Safepoint "Cleanup", Time since last: 1000384000 ns, Reaching safepoint: 253800 ns, At safepoint: 59200 ns, Total: 313000 ns
[2020-05-02T05:36:17.930+0000][1][safepoint    ] Safepoint "Cleanup", Time since last: 1000181900 ns, Reaching safepoint: 160200 ns, At safepoint: 29700 ns, Total: 189900 ns
[2020-05-02T05:36:18.930+0000][1][safepoint    ] Safepoint "Cleanup", Time since last: 1000129200 ns, Reaching safepoint: 165100 ns, At safepoint: 28200 ns, Total: 193300 ns
[2020-05-02T05:36:19.931+0000][1][safepoint    ] Safepoint "Cleanup", Time since last: 1000129500 ns, Reaching safepoint: 133300 ns, At safepoint: 28800 ns, Total: 162100 ns
[2020-05-02T05:36:20.931+0000][1][safepoint    ] Safepoint "Cleanup", Time since last: 1000167800 ns, Reaching safepoint: 149900 ns, At safepoint: 26500 ns, Total: 176400 ns
[2020-05-02T05:36:21.931+0000][1][safepoint    ] Safepoint "Cleanup", Time since last: 1000171300 ns, Reaching safepoint: 133300 ns, At safepoint: 28700 ns, Total: 162000 ns
[2020-05-02T05:36:22.932+0000][1][safepoint    ] Safepoint "Cleanup", Time since last: 1000125500 ns, Reaching safepoint: 132600 ns, At safepoint: 27300 ns, Total: 159900 ns
[2020-05-02T05:36:23.932+0000][1][safepoint    ] Safepoint "Cleanup", Time since last: 1000136500 ns, Reaching safepoint: 127800 ns, At safepoint: 31100 ns, Total: 158900 ns
[2020-05-02T05:36:24.932+0000][1][safepoint    ] Safepoint "Cleanup", Time since last: 1000176800 ns, Reaching safepoint: 134800 ns, At safepoint: 29900 ns, Total: 164700 ns
[2020-05-02T05:36:25.933+0000][1][safepoint    ] Safepoint "Cleanup", Time since last: 1000190700 ns, Reaching safepoint: 570600 ns, At safepoint: 50300 ns, Total: 620900 ns
[2020-05-02T05:36:26.933+0000][1][safepoint    ] Safepoint "Cleanup", Time since last: 1000214700 ns, Reaching safepoint: 142600 ns, At safepoint: 31300 ns, Total: 173900 ns
[2020-05-02T05:36:27.934+0000][1][safepoint    ] Safepoint "Cleanup", Time since last: 1000120900 ns, Reaching safepoint: 130300 ns, At safepoint: 27100 ns, Total: 157400 ns
[2020-05-02T05:36:28.934+0000][1][safepoint    ] Safepoint "Cleanup", Time since last: 1000175400 ns, Reaching safepoint: 127500 ns, At safepoint: 26600 ns, Total: 154100 ns
[2020-05-02T05:36:29.934+0000][1][safepoint    ] Safepoint "Cleanup", Time since last: 1000216400 ns, Reaching safepoint: 181300 ns, At safepoint: 26400 ns, Total: 207700 ns
[2020-05-02T05:36:30.935+0000][1][safepoint    ] Safepoint "Cleanup", Time since last: 1000196300 ns, Reaching safepoint: 160700 ns, At safepoint: 37300 ns, Total: 198000 ns
[2020-05-02T05:36:31.935+0000][1][safepoint    ] Safepoint "Cleanup", Time since last: 1000196500 ns, Reaching safepoint: 153400 ns, At safepoint: 28900 ns, Total: 182300 ns
[2020-05-02T05:36:32.935+0000][1][safepoint    ] Safepoint "Cleanup", Time since last: 1000130000 ns, Reaching safepoint: 129700 ns, At safepoint: 25800 ns, Total: 155500 ns
[2020-05-02T05:36:33.936+0000][1][safepoint    ] Safepoint "Cleanup", Time since last: 1000181100 ns, Reaching safepoint: 148200 ns, At safepoint: 42100 ns, Total: 190300 ns
[2020-05-02T05:36:34.936+0000][1][safepoint    ] Safepoint "Cleanup", Time since last: 1000202300 ns, Reaching safepoint: 178000 ns, At safepoint: 40400 ns, Total: 218400 ns
[2020-05-02T05:36:35.937+0000][1][safepoint    ] Safepoint "Cleanup", Time since last: 1000215000 ns, Reaching safepoint: 132100 ns, At safepoint: 29000 ns, Total: 161100 ns
[2020-05-02T05:36:36.939+0000][1][safepoint    ] Safepoint "Cleanup", Time since last: 1002555700 ns, Reaching safepoint: 157600 ns, At safepoint: 30400 ns, Total: 188000 ns
[2020-05-02T05:36:37.940+0000][1][safepoint    ] Safepoint "Cleanup", Time since last: 1000181200 ns, Reaching safepoint: 148000 ns, At safepoint: 31500 ns, Total: 179500 ns
[2020-05-02T05:36:38.940+0000][1][safepoint    ] Safepoint "Cleanup", Time since last: 1000145200 ns, Reaching safepoint: 140900 ns, At safepoint: 29900 ns, Total: 170800 ns
[2020-05-02T05:36:39.940+0000][1][safepoint    ] Safepoint "Cleanup", Time since last: 1000192200 ns, Reaching safepoint: 135500 ns, At safepoint: 29500 ns, Total: 165000 ns
[2020-05-02T05:36:40.941+0000][1][safepoint    ] Safepoint "Cleanup", Time since last: 1000144300 ns, Reaching safepoint: 117500 ns, At safepoint: 28400 ns, Total: 145900 ns
[2020-05-02T05:36:41.943+0000][1][safepoint    ] Safepoint "Cleanup", Time since last: 1002134900 ns, Reaching safepoint: 145100 ns, At safepoint: 34300 ns, Total: 179400 ns
[2020-05-02T05:36:42.943+0000][1][safepoint    ] Safepoint "Cleanup", Time since last: 1000232800 ns, Reaching safepoint: 187300 ns, At safepoint: 34300 ns, Total: 221600 ns
[2020-05-02T05:36:43.944+0000][1][safepoint    ] Safepoint "Cleanup", Time since last: 1000193500 ns, Reaching safepoint: 144800 ns, At safepoint: 30500 ns, Total: 175300 ns
[2020-05-02T05:36:44.944+0000][1][safepoint    ] Safepoint "Cleanup", Time since last: 1000182000 ns, Reaching safepoint: 135900 ns, At safepoint: 31300 ns, Total: 167200 ns
[2020-05-02T05:36:45.945+0000][1][safepoint    ] Safepoint "Cleanup", Time since last: 1000171000 ns, Reaching safepoint: 204500 ns, At safepoint: 43000 ns, Total: 247500 ns
[2020-05-02T05:36:46.945+0000][1][safepoint    ] Safepoint "Cleanup", Time since last: 1000237400 ns, Reaching safepoint: 135900 ns, At safepoint: 28700 ns, Total: 164600 ns
[2020-05-02T05:36:47.946+0000][1][safepoint    ] Safepoint "Cleanup", Time since last: 1000178900 ns, Reaching safepoint: 315500 ns, At safepoint: 62900 ns, Total: 378400 ns
[2020-05-02T05:36:48.946+0000][1][safepoint    ] Safepoint "Cleanup", Time since last: 1000299500 ns, Reaching safepoint: 355600 ns, At safepoint: 61600 ns, Total: 417200 ns
[2020-05-02T05:36:49.947+0000][1][safepoint    ] Safepoint "Cleanup", Time since last: 1000193600 ns, Reaching safepoint: 360100 ns, At safepoint: 43800 ns, Total: 403900 ns
[2020-05-02T05:36:50.947+0000][1][safepoint    ] Safepoint "Cleanup", Time since last: 1000236500 ns, Reaching safepoint: 147500 ns, At safepoint: 30500 ns, Total: 178000 ns
[2020-05-02T05:36:51.948+0000][1][safepoint    ] Safepoint "Cleanup", Time since last: 1000146800 ns, Reaching safepoint: 154900 ns, At safepoint: 30600 ns, Total: 185500 ns
[2020-05-02T05:36:52.948+0000][1][safepoint    ] Safepoint "Cleanup", Time since last: 1000151000 ns, Reaching safepoint: 143400 ns, At safepoint: 28900 ns, Total: 172300 ns
[2020-05-02T05:36:53.948+0000][1][safepoint    ] Safepoint "Cleanup", Time since last: 1000141000 ns, Reaching safepoint: 138900 ns, At safepoint: 26700 ns, Total: 165600 ns
[2020-05-02T05:36:54.949+0000][1][safepoint    ] Safepoint "Cleanup", Time since last: 1000177600 ns, Reaching safepoint: 155500 ns, At safepoint: 32200 ns, Total: 187700 ns
[2020-05-02T05:36:55.949+0000][1][safepoint    ] Safepoint "Cleanup", Time since last: 1000180000 ns, Reaching safepoint: 135500 ns, At safepoint: 39100 ns, Total: 174600 ns
[2020-05-02T05:36:56.949+0000][1][safepoint    ] Safepoint "Cleanup", Time since last: 1000173100 ns, Reaching safepoint: 136300 ns, At safepoint: 28900 ns, Total: 165200 ns
[2020-05-02T05:36:57.950+0000][1][safepoint    ] Safepoint "Cleanup", Time since last: 1000172500 ns, Reaching safepoint: 132200 ns, At safepoint: 29800 ns, Total: 162000 ns
[2020-05-02T05:36:58.950+0000][1][safepoint    ] Safepoint "Cleanup", Time since last: 1000229500 ns, Reaching safepoint: 149700 ns, At safepoint: 34500 ns, Total: 184200 ns
[2020-05-02T05:36:59.950+0000][1][safepoint    ] Safepoint "Cleanup", Time since last: 1000184400 ns, Reaching safepoint: 149300 ns, At safepoint: 34600 ns, Total: 183900 ns
[2020-05-02T05:37:00.951+0000][1][safepoint    ] Safepoint "Cleanup", Time since last: 1000218300 ns, Reaching safepoint: 368100 ns, At safepoint: 94000 ns, Total: 462100 ns
[2020-05-02T05:37:01.952+0000][1][safepoint    ] Safepoint "Cleanup", Time since last: 1000281900 ns, Reaching safepoint: 613400 ns, At safepoint: 80800 ns, Total: 694200 ns
[2020-05-02T05:37:02.953+0000][1][safepoint    ] Safepoint "Cleanup", Time since last: 1000262700 ns, Reaching safepoint: 200100 ns, At safepoint: 71900 ns, Total: 272000 ns
[2020-05-02T05:37:03.953+0000][1][safepoint    ] Safepoint "Cleanup", Time since last: 1000147900 ns, Reaching safepoint: 132300 ns, At safepoint: 29000 ns, Total: 161300 ns
[2020-05-02T05:37:04.953+0000][1][safepoint    ] Safepoint "Cleanup", Time since last: 1000191500 ns, Reaching safepoint: 131600 ns, At safepoint: 30000 ns, Total: 161600 ns
[2020-05-02T05:37:05.954+0000][1][safepoint    ] Safepoint "Cleanup", Time since last: 1000221400 ns, Reaching safepoint: 136700 ns, At safepoint: 30700 ns, Total: 167400 ns
[2020-05-02T05:37:06.954+0000][1][safepoint    ] Safepoint "Cleanup", Time since last: 1000210100 ns, Reaching safepoint: 137300 ns, At safepoint: 35800 ns, Total: 173100 ns
[2020-05-02T05:37:07.955+0000][1][safepoint    ] Safepoint "Cleanup", Time since last: 1000206800 ns, Reaching safepoint: 230900 ns, At safepoint: 26500 ns, Total: 257400 ns
[2020-05-02T05:37:08.955+0000][1][safepoint    ] Safepoint "Cleanup", Time since last: 1000186200 ns, Reaching safepoint: 272000 ns, At safepoint: 61500 ns, Total: 333500 ns
[2020-05-02T05:37:09.955+0000][1][safepoint    ] Safepoint "Cleanup", Time since last: 1000189800 ns, Reaching safepoint: 169400 ns, At safepoint: 40900 ns, Total: 210300 ns
[2020-05-02T05:37:11.953+0000][1][safepoint    ] Safepoint "Cleanup", Time since last: 1997830300 ns, Reaching safepoint: 140100 ns, At safepoint: 31000 ns, Total: 171100 ns
[2020-05-02T05:37:12.954+0000][1][safepoint    ] Safepoint "Cleanup", Time since last: 1000185100 ns, Reaching safepoint: 165300 ns, At safepoint: 27300 ns, Total: 192600 ns
[2020-05-02T05:37:13.954+0000][1][safepoint    ] Safepoint "Cleanup", Time since last: 1000222600 ns, Reaching safepoint: 230900 ns, At safepoint: 56900 ns, Total: 287800 ns
[2020-05-02T05:37:14.956+0000][1][safepoint    ] Safepoint "Cleanup", Time since last: 1000807500 ns, Reaching safepoint: 439200 ns, At safepoint: 119600 ns, Total: 558800 ns
[2020-05-02T05:37:15.956+0000][1][safepoint    ] Safepoint "Cleanup", Time since last: 1000528600 ns, Reaching safepoint: 132700 ns, At safepoint: 30300 ns, Total: 163000 ns
[2020-05-02T05:37:16.957+0000][1][safepoint    ] Safepoint "Cleanup", Time since last: 1000221100 ns, Reaching safepoint: 149100 ns, At safepoint: 38100 ns, Total: 187200 ns
[2020-05-02T05:37:17.957+0000][1][safepoint    ] Safepoint "Cleanup", Time since last: 1000373500 ns, Reaching safepoint: 150500 ns, At safepoint: 34500 ns, Total: 185000 ns
[2020-05-02T05:37:18.958+0000][1][safepoint    ] Safepoint "Cleanup", Time since last: 1000203500 ns, Reaching safepoint: 131200 ns, At safepoint: 34400 ns, Total: 165600 ns
[2020-05-02T05:37:19.959+0000][1][safepoint    ] Safepoint "Cleanup", Time since last: 1000341100 ns, Reaching safepoint: 566400 ns, At safepoint: 120100 ns, Total: 686500 ns
[2020-05-02T05:37:20.961+0000][1][safepoint    ] Safepoint "Cleanup", Time since last: 1000841700 ns, Reaching safepoint: 737200 ns, At safepoint: 165200 ns, Total: 902400 ns
[2020-05-02T05:37:21.962+0000][1][safepoint    ] Safepoint "Cleanup", Time since last: 1000950000 ns, Reaching safepoint: 384200 ns, At safepoint: 122100 ns, Total: 506300 ns
[2020-05-02T05:37:22.963+0000][1][safepoint    ] Safepoint "Cleanup", Time since last: 1000395100 ns, Reaching safepoint: 341200 ns, At safepoint: 67300 ns, Total: 408500 ns
[2020-05-02T05:37:23.964+0000][1][safepoint    ] Safepoint "Cleanup", Time since last: 1000590700 ns, Reaching safepoint: 265000 ns, At safepoint: 64600 ns, Total: 329600 ns
[2020-05-02T05:37:24.965+0000][1][safepoint    ] Safepoint "Cleanup", Time since last: 1000591400 ns, Reaching safepoint: 463100 ns, At safepoint: 121200 ns, Total: 584300 ns
[2020-05-02T05:37:25.965+0000][1][safepoint    ] Safepoint "Cleanup", Time since last: 1000343000 ns, Reaching safepoint: 171400 ns, At safepoint: 41700 ns, Total: 213100 ns
[2020-05-02T05:37:26.966+0000][1][safepoint    ] Safepoint "Cleanup", Time since last: 1000428000 ns, Reaching safepoint: 493200 ns, At safepoint: 130500 ns, Total: 623700 ns
[2020-05-02T05:37:27.968+0000][1][safepoint    ] Safepoint "Cleanup", Time since last: 1000932300 ns, Reaching safepoint: 420600 ns, At safepoint: 138000 ns, Total: 558600 ns
[2020-05-02T05:37:28.968+0000][1][safepoint    ] Safepoint "Cleanup", Time since last: 1000354400 ns, Reaching safepoint: 127500 ns, At safepoint: 31100 ns, Total: 158600 ns
[2020-05-02T05:37:29.969+0000][1][safepoint    ] Safepoint "Cleanup", Time since last: 1000332300 ns, Reaching safepoint: 419200 ns, At safepoint: 131600 ns, Total: 550800 ns
[2020-05-02T05:37:30.971+0000][1][safepoint    ] Safepoint "Cleanup", Time since last: 1000663500 ns, Reaching safepoint: 520300 ns, At safepoint: 156100 ns, Total: 676400 ns
[2020-05-02T05:37:31.971+0000][1][safepoint    ] Safepoint "Cleanup", Time since last: 1000388100 ns, Reaching safepoint: 219700 ns, At safepoint: 60200 ns, Total: 279900 ns
[2020-05-02T05:37:32.972+0000][1][safepoint    ] Safepoint "Cleanup", Time since last: 1000363000 ns, Reaching safepoint: 277800 ns, At safepoint: 46500 ns, Total: 324300 ns
[2020-05-02T05:37:33.972+0000][1][safepoint    ] Safepoint "Cleanup", Time since last: 1000261800 ns, Reaching safepoint: 136700 ns, At safepoint: 31600 ns, Total: 168300 ns
[2020-05-02T05:37:34.973+0000][1][safepoint    ] Safepoint "Cleanup", Time since last: 1000200800 ns, Reaching safepoint: 273000 ns, At safepoint: 45500 ns, Total: 318500 ns
[2020-05-02T05:37:35.973+0000][1][safepoint    ] Safepoint "Cleanup", Time since last: 1000207100 ns, Reaching safepoint: 201100 ns, At safepoint: 38000 ns, Total: 239100 ns
[2020-05-02T05:37:36.974+0000][1][safepoint    ] Safepoint "Cleanup", Time since last: 1000198100 ns, Reaching safepoint: 121600 ns, At safepoint: 27900 ns, Total: 149500 ns
[2020-05-02T05:37:37.974+0000][1][safepoint    ] Safepoint "Cleanup", Time since last: 1000406200 ns, Reaching safepoint: 133100 ns, At safepoint: 31900 ns, Total: 165000 ns
[2020-05-02T05:37:38.975+0000][1][safepoint    ] Safepoint "Cleanup", Time since last: 1000667900 ns, Reaching safepoint: 323000 ns, At safepoint: 103900 ns, Total: 426900 ns
[2020-05-02T05:37:39.976+0000][1][safepoint    ] Safepoint "Cleanup", Time since last: 1000517100 ns, Reaching safepoint: 120400 ns, At safepoint: 29300 ns, Total: 149700 ns
[2020-05-02T05:37:41.455+0000][1][safepoint    ] Safepoint "Cleanup", Time since last: 1478465200 ns, Reaching safepoint: 131100 ns, At safepoint: 34400 ns, Total: 165500 ns
[2020-05-02T05:37:42.455+0000][1][safepoint    ] Safepoint "Cleanup", Time since last: 1000183900 ns, Reaching safepoint: 128400 ns, At safepoint: 39600 ns, Total: 168000 ns
[2020-05-02T05:37:43.455+0000][1][safepoint    ] Safepoint "Cleanup", Time since last: 1000170500 ns, Reaching safepoint: 130900 ns, At safepoint: 29700 ns, Total: 160600 ns
[2020-05-02T05:37:44.456+0000][1][safepoint    ] Safepoint "Cleanup", Time since last: 1000236100 ns, Reaching safepoint: 452200 ns, At safepoint: 63300 ns, Total: 515500 ns
[2020-05-02T05:37:45.457+0000][1][safepoint    ] Safepoint "Cleanup", Time since last: 1000391300 ns, Reaching safepoint: 397700 ns, At safepoint: 123700 ns, Total: 521400 ns
[2020-05-02T05:37:46.458+0000][1][safepoint    ] Safepoint "Cleanup", Time since last: 1000742700 ns, Reaching safepoint: 366900 ns, At safepoint: 117400 ns, Total: 484300 ns
[2020-05-02T05:37:47.459+0000][1][safepoint    ] Safepoint "Cleanup", Time since last: 1000615700 ns, Reaching safepoint: 141700 ns, At safepoint: 30500 ns, Total: 172200 ns
[2020-05-02T05:37:48.460+0000][1][safepoint    ] Safepoint "Cleanup", Time since last: 1000252100 ns, Reaching safepoint: 132400 ns, At safepoint: 30400 ns, Total: 162800 ns
[2020-05-02T05:37:49.460+0000][1][safepoint    ] Safepoint "Cleanup", Time since last: 1000345800 ns, Reaching safepoint: 128100 ns, At safepoint: 29100 ns, Total: 157200 ns
[2020-05-02T05:37:50.461+0000][1][safepoint    ] Safepoint "Cleanup", Time since last: 1000635200 ns, Reaching safepoint: 135900 ns, At safepoint: 35000 ns, Total: 170900 ns
[2020-05-02T05:37:51.462+0000][1][safepoint    ] Safepoint "Cleanup", Time since last: 1000821600 ns, Reaching safepoint: 403900 ns, At safepoint: 138800 ns, Total: 542700 ns
[2020-05-02T05:37:52.463+0000][1][safepoint    ] Safepoint "Cleanup", Time since last: 1000416400 ns, Reaching safepoint: 126200 ns, At safepoint: 29200 ns, Total: 155400 ns
[2020-05-02T05:37:53.464+0000][1][safepoint    ] Safepoint "Cleanup", Time since last: 1000564100 ns, Reaching safepoint: 395600 ns, At safepoint: 126300 ns, Total: 521900 ns
[2020-05-02T05:37:54.465+0000][1][safepoint    ] Safepoint "Cleanup", Time since last: 1000416100 ns, Reaching safepoint: 368600 ns, At safepoint: 115700 ns, Total: 484300 ns
[2020-05-02T05:37:55.466+0000][1][safepoint    ] Safepoint "Cleanup", Time since last: 1000407500 ns, Reaching safepoint: 300500 ns, At safepoint: 90300 ns, Total: 390800 ns
[2020-05-02T05:37:56.466+0000][1][safepoint    ] Safepoint "Cleanup", Time since last: 1000363900 ns, Reaching safepoint: 360800 ns, At safepoint: 87200 ns, Total: 448000 ns
[2020-05-02T05:37:57.467+0000][1][safepoint    ] Safepoint "Cleanup", Time since last: 1000313000 ns, Reaching safepoint: 132200 ns, At safepoint: 33000 ns, Total: 165200 ns
[2020-05-02T05:37:58.467+0000][1][safepoint    ] Safepoint "Cleanup", Time since last: 1000223800 ns, Reaching safepoint: 131700 ns, At safepoint: 31300 ns, Total: 163000 ns
[2020-05-02T05:37:59.468+0000][1][safepoint    ] Safepoint "Cleanup", Time since last: 1000347100 ns, Reaching safepoint: 129800 ns, At safepoint: 31900 ns, Total: 161700 ns
[2020-05-02T05:38:00.468+0000][1][safepoint    ] Safepoint "Cleanup", Time since last: 1000234600 ns, Reaching safepoint: 155800 ns, At safepoint: 32700 ns, Total: 188500 ns
[2020-05-02T05:38:01.469+0000][1][safepoint    ] Safepoint "Cleanup", Time since last: 1000287900 ns, Reaching safepoint: 239800 ns, At safepoint: 72200 ns, Total: 312000 ns
[2020-05-02T05:38:02.469+0000][1][safepoint    ] Safepoint "Cleanup", Time since last: 1000263100 ns, Reaching safepoint: 166300 ns, At safepoint: 30000 ns, Total: 196300 ns
[2020-05-02T05:38:03.470+0000][1][safepoint    ] Safepoint "Cleanup", Time since last: 1000208800 ns, Reaching safepoint: 135200 ns, At safepoint: 33400 ns, Total: 168600 ns
[2020-05-02T05:38:04.470+0000][1][safepoint    ] Safepoint "Cleanup", Time since last: 1000232500 ns, Reaching safepoint: 237600 ns, At safepoint: 61600 ns, Total: 299200 ns
[2020-05-02T05:38:05.471+0000][1][safepoint    ] Safepoint "Cleanup", Time since last: 1000639600 ns, Reaching safepoint: 296100 ns, At safepoint: 92600 ns, Total: 388700 ns
[2020-05-02T05:38:06.472+0000][1][safepoint    ] Safepoint "Cleanup", Time since last: 1000399100 ns, Reaching safepoint: 530100 ns, At safepoint: 128100 ns, Total: 658200 ns
[2020-05-02T05:38:07.473+0000][1][safepoint    ] Safepoint "Cleanup", Time since last: 1000427600 ns, Reaching safepoint: 243300 ns, At safepoint: 69500 ns, Total: 312800 ns
[2020-05-02T05:38:08.473+0000][1][safepoint    ] Safepoint "Cleanup", Time since last: 1000300100 ns, Reaching safepoint: 127700 ns, At safepoint: 32900 ns, Total: 160600 ns
[2020-05-02T05:38:09.475+0000][1][safepoint    ] Safepoint "Cleanup", Time since last: 1000779800 ns, Reaching safepoint: 592500 ns, At safepoint: 146100 ns, Total: 738600 ns
[2020-05-02T05:38:10.476+0000][1][safepoint    ] Safepoint "Cleanup", Time since last: 1000732400 ns, Reaching safepoint: 427300 ns, At safepoint: 138200 ns, Total: 565500 ns
[2020-05-02T05:38:11.478+0000][1][safepoint    ] Safepoint "Cleanup", Time since last: 1000793100 ns, Reaching safepoint: 427900 ns, At safepoint: 136200 ns, Total: 564100 ns
[2020-05-02T05:38:12.479+0000][1][safepoint    ] Safepoint "Cleanup", Time since last: 1000580000 ns, Reaching safepoint: 325000 ns, At safepoint: 100200 ns, Total: 425200 ns
[2020-05-02T05:38:13.479+0000][1][safepoint    ] Safepoint "Cleanup", Time since last: 1000269300 ns, Reaching safepoint: 183800 ns, At safepoint: 57500 ns, Total: 241300 ns
[2020-05-02T05:38:14.480+0000][1][safepoint    ] Safepoint "Cleanup", Time since last: 1000390300 ns, Reaching safepoint: 428400 ns, At safepoint: 136500 ns, Total: 564900 ns
[2020-05-02T05:38:15.481+0000][1][safepoint    ] Safepoint "Cleanup", Time since last: 1000337000 ns, Reaching safepoint: 125800 ns, At safepoint: 28800 ns, Total: 154600 ns
[2020-05-02T05:38:16.482+0000][1][safepoint    ] Safepoint "Cleanup", Time since last: 1000644900 ns, Reaching safepoint: 425700 ns, At safepoint: 136800 ns, Total: 562500 ns
[2020-05-02T05:38:17.483+0000][1][safepoint    ] Safepoint "Cleanup", Time since last: 1000449500 ns, Reaching safepoint: 341800 ns, At safepoint: 110700 ns, Total: 452500 ns
[2020-05-02T05:38:18.484+0000][1][safepoint    ] Safepoint "Cleanup", Time since last: 1000807000 ns, Reaching safepoint: 441400 ns, At safepoint: 136300 ns, Total: 577700 ns
[2020-05-02T05:38:19.486+0000][1][safepoint    ] Safepoint "Cleanup", Time since last: 1001083900 ns, Reaching safepoint: 420000 ns, At safepoint: 139200 ns, Total: 559200 ns
[2020-05-02T05:38:20.487+0000][1][safepoint    ] Safepoint "Cleanup", Time since last: 1000669700 ns, Reaching safepoint: 209000 ns, At safepoint: 60000 ns, Total: 269000 ns
[2020-05-02T05:38:21.487+0000][1][safepoint    ] Safepoint "Cleanup", Time since last: 1000207400 ns, Reaching safepoint: 242100 ns, At safepoint: 68200 ns, Total: 310300 ns
[2020-05-02T05:38:22.488+0000][1][safepoint    ] Safepoint "Cleanup", Time since last: 1000264700 ns, Reaching safepoint: 149600 ns, At safepoint: 34400 ns, Total: 184000 ns
[2020-05-02T05:38:23.488+0000][1][safepoint    ] Safepoint "Cleanup", Time since last: 1000188800 ns, Reaching safepoint: 129500 ns, At safepoint: 73200 ns, Total: 202700 ns
[2020-05-02T05:38:24.489+0000][1][safepoint    ] Safepoint "Cleanup", Time since last: 1000697700 ns, Reaching safepoint: 429600 ns, At safepoint: 139200 ns, Total: 568800 ns
[2020-05-02T05:38:25.490+0000][1][safepoint    ] Safepoint "Cleanup", Time since last: 1000640700 ns, Reaching safepoint: 303600 ns, At safepoint: 103200 ns, Total: 406800 ns
[2020-05-02T05:38:26.492+0000][1][safepoint    ] Safepoint "Cleanup", Time since last: 1000651000 ns, Reaching safepoint: 405700 ns, At safepoint: 130700 ns, Total: 536400 ns
[2020-05-02T05:38:27.013+0000][1][gc,start     ] GC(37) Pause Young (Allocation Failure)
[2020-05-02T05:38:27.013+0000][1][gc,task      ] GC(37) Using 10 workers of 10 for evacuation
[2020-05-02T05:38:27.019+0000][1][gc,age       ] GC(37) Desired survivor size 8945664 bytes, new threshold 6 (max threshold 6)
[2020-05-02T05:38:27.019+0000][1][gc,age       ] GC(37) Age table with threshold 6 (max threshold 6)
[2020-05-02T05:38:27.019+0000][1][gc,age       ] GC(37) - age   1:     149536 bytes,     149536 total
[2020-05-02T05:38:27.019+0000][1][gc,age       ] GC(37) - age   2:        584 bytes,     150120 total
[2020-05-02T05:38:27.019+0000][1][gc,age       ] GC(37) - age   3:       8720 bytes,     158840 total
[2020-05-02T05:38:27.019+0000][1][gc,age       ] GC(37) - age   4:       2552 bytes,     161392 total
[2020-05-02T05:38:27.019+0000][1][gc,age       ] GC(37) - age   5:       7512 bytes,     168904 total
[2020-05-02T05:38:27.019+0000][1][gc,age       ] GC(37) - age   6:      10248 bytes,     179152 total
[2020-05-02T05:38:27.019+0000][1][gc,heap      ] GC(37) ParNew: 139894K->207K(157248K)
[2020-05-02T05:38:27.019+0000][1][gc,heap      ] GC(37) CMS: 81715K->81720K(349568K)
[2020-05-02T05:38:27.019+0000][1][gc,metaspace ] GC(37) Metaspace: 96311K->96311K(1138688K)
[2020-05-02T05:38:27.019+0000][1][gc           ] GC(37) Pause Young (Allocation Failure) 216M->80M(494M) 6.737ms
[2020-05-02T05:38:27.019+0000][1][gc,cpu       ] GC(37) User=0.03s Sys=0.00s Real=0.01s
[2020-05-02T05:38:27.019+0000][1][safepoint    ] Safepoint "GenCollectForAllocation", Time since last: 520596800 ns, Reaching safepoint: 486400 ns, At safepoint: 6860100 ns, Total: 7346500 ns
[2020-05-02T05:38:28.020+0000][1][safepoint    ] Safepoint "Cleanup", Time since last: 1000507200 ns, Reaching safepoint: 231400 ns, At safepoint: 70600 ns, Total: 302000 ns
[2020-05-02T05:38:29.022+0000][1][safepoint    ] Safepoint "Cleanup", Time since last: 1000808600 ns, Reaching safepoint: 573400 ns, At safepoint: 136900 ns, Total: 710300 ns
[2020-05-02T05:38:30.022+0000][1][safepoint    ] Safepoint "Cleanup", Time since last: 1000399000 ns, Reaching safepoint: 119800 ns, At safepoint: 28900 ns, Total: 148700 ns
[2020-05-02T05:38:31.024+0000][1][safepoint    ] Safepoint "Cleanup", Time since last: 1000552300 ns, Reaching safepoint: 523000 ns, At safepoint: 128300 ns, Total: 651300 ns
[2020-05-02T05:38:32.025+0000][1][safepoint    ] Safepoint "Cleanup", Time since last: 1000750500 ns, Reaching safepoint: 598100 ns, At safepoint: 141100 ns, Total: 739200 ns
[2020-05-02T05:38:33.026+0000][1][safepoint    ] Safepoint "Cleanup", Time since last: 1000787900 ns, Reaching safepoint: 404600 ns, At safepoint: 135200 ns, Total: 539800 ns
[2020-05-02T05:38:34.027+0000][1][safepoint    ] Safepoint "Cleanup", Time since last: 1000472300 ns, Reaching safepoint: 302600 ns, At safepoint: 98200 ns, Total: 400800 ns
[2020-05-02T05:38:35.028+0000][1][safepoint    ] Safepoint "Cleanup", Time since last: 1000297500 ns, Reaching safepoint: 490800 ns, At safepoint: 80200 ns, Total: 571000 ns
[2020-05-02T05:38:36.029+0000][1][safepoint    ] Safepoint "Cleanup", Time since last: 1000394400 ns, Reaching safepoint: 235100 ns, At safepoint: 47400 ns, Total: 282500 ns
[2020-05-02T05:38:37.029+0000][1][safepoint    ] Safepoint "Cleanup", Time since last: 1000272600 ns, Reaching safepoint: 212500 ns, At safepoint: 39300 ns, Total: 251800 ns
[2020-05-02T05:38:38.030+0000][1][safepoint    ] Safepoint "Cleanup", Time since last: 1000352300 ns, Reaching safepoint: 270000 ns, At safepoint: 65900 ns, Total: 335900 ns
[2020-05-02T05:38:39.031+0000][1][safepoint    ] Safepoint "Cleanup", Time since last: 1000480100 ns, Reaching safepoint: 642600 ns, At safepoint: 144100 ns, Total: 786700 ns
[2020-05-02T05:38:40.032+0000][1][safepoint    ] Safepoint "Cleanup", Time since last: 1000527900 ns, Reaching safepoint: 543100 ns, At safepoint: 134500 ns, Total: 677600 ns
[2020-05-02T05:38:41.034+0000][1][safepoint    ] Safepoint "Cleanup", Time since last: 1000823200 ns, Reaching safepoint: 420300 ns, At safepoint: 134800 ns, Total: 555100 ns
[2020-05-02T05:38:42.035+0000][1][safepoint    ] Safepoint "Cleanup", Time since last: 1000771300 ns, Reaching safepoint: 407000 ns, At safepoint: 130200 ns, Total: 537200 ns
[2020-05-02T05:38:43.036+0000][1][safepoint    ] Safepoint "Cleanup", Time since last: 1000347600 ns, Reaching safepoint: 142700 ns, At safepoint: 31400 ns, Total: 174100 ns
[2020-05-02T05:38:44.036+0000][1][safepoint    ] Safepoint "Cleanup", Time since last: 1000297300 ns, Reaching safepoint: 316200 ns, At safepoint: 86800 ns, Total: 403000 ns
[2020-05-02T05:38:45.038+0000][1][safepoint    ] Safepoint "Cleanup", Time since last: 1000731800 ns, Reaching safepoint: 412400 ns, At safepoint: 140800 ns, Total: 553200 ns
[2020-05-02T05:38:46.038+0000][1][safepoint    ] Safepoint "Cleanup", Time since last: 1000433700 ns, Reaching safepoint: 155600 ns, At safepoint: 34500 ns, Total: 190100 ns
[2020-05-02T05:38:47.039+0000][1][safepoint    ] Safepoint "Cleanup", Time since last: 1000294600 ns, Reaching safepoint: 116800 ns, At safepoint: 27200 ns, Total: 144000 ns
[2020-05-02T05:38:48.040+0000][1][safepoint    ] Safepoint "Cleanup", Time since last: 1000537300 ns, Reaching safepoint: 242700 ns, At safepoint: 77200 ns, Total: 319900 ns
[2020-05-02T05:38:49.041+0000][1][safepoint    ] Safepoint "Cleanup", Time since last: 1000573200 ns, Reaching safepoint: 395800 ns, At safepoint: 131100 ns, Total: 526900 ns
[2020-05-02T05:38:50.041+0000][1][safepoint    ] Safepoint "Cleanup", Time since last: 1000402800 ns, Reaching safepoint: 123300 ns, At safepoint: 31500 ns, Total: 154800 ns
[2020-05-02T05:38:51.042+0000][1][safepoint    ] Safepoint "Cleanup", Time since last: 1000516200 ns, Reaching safepoint: 161600 ns, At safepoint: 43000 ns, Total: 204600 ns
[2020-05-02T05:38:52.043+0000][1][safepoint    ] Safepoint "Cleanup", Time since last: 1000495500 ns, Reaching safepoint: 397700 ns, At safepoint: 134700 ns, Total: 532400 ns
[2020-05-02T05:38:53.044+0000][1][safepoint    ] Safepoint "Cleanup", Time since last: 1000407400 ns, Reaching safepoint: 270700 ns, At safepoint: 62300 ns, Total: 333000 ns
[2020-05-02T05:38:54.045+0000][1][safepoint    ] Safepoint "Cleanup", Time since last: 1000694000 ns, Reaching safepoint: 398600 ns, At safepoint: 129900 ns, Total: 528500 ns
[2020-05-02T05:38:55.046+0000][1][safepoint    ] Safepoint "Cleanup", Time since last: 1000837200 ns, Reaching safepoint: 397400 ns, At safepoint: 130500 ns, Total: 527900 ns
[2020-05-02T05:38:56.047+0000][1][safepoint    ] Safepoint "Cleanup", Time since last: 1000376900 ns, Reaching safepoint: 290000 ns, At safepoint: 73400 ns, Total: 363400 ns
[2020-05-02T05:38:57.047+0000][1][safepoint    ] Safepoint "Cleanup", Time since last: 1000253900 ns, Reaching safepoint: 161800 ns, At safepoint: 40100 ns, Total: 201900 ns
[2020-05-02T05:38:58.048+0000][1][safepoint    ] Safepoint "Cleanup", Time since last: 1000233900 ns, Reaching safepoint: 388100 ns, At safepoint: 89500 ns, Total: 477600 ns
[2020-05-02T05:38:59.049+0000][1][safepoint    ] Safepoint "Cleanup", Time since last: 1000425600 ns, Reaching safepoint: 397900 ns, At safepoint: 123900 ns, Total: 521800 ns
[2020-05-02T05:39:00.050+0000][1][safepoint    ] Safepoint "Cleanup", Time since last: 1000542200 ns, Reaching safepoint: 353400 ns, At safepoint: 32000 ns, Total: 385400 ns
[2020-05-02T05:39:01.051+0000][1][safepoint    ] Safepoint "Cleanup", Time since last: 1000696800 ns, Reaching safepoint: 434100 ns, At safepoint: 137400 ns, Total: 571500 ns
[2020-05-02T05:39:02.052+0000][1][safepoint    ] Safepoint "Cleanup", Time since last: 1000397300 ns, Reaching safepoint: 435800 ns, At safepoint: 128100 ns, Total: 563900 ns
[2020-05-02T05:39:03.053+0000][1][safepoint    ] Safepoint "Cleanup", Time since last: 1000488600 ns, Reaching safepoint: 235000 ns, At safepoint: 71600 ns, Total: 306600 ns
[2020-05-02T05:39:04.055+0000][1][safepoint    ] Safepoint "Cleanup", Time since last: 1000852400 ns, Reaching safepoint: 439700 ns, At safepoint: 135500 ns, Total: 575200 ns
[2020-05-02T05:39:05.056+0000][1][safepoint    ] Safepoint "Cleanup", Time since last: 1000827000 ns, Reaching safepoint: 305200 ns, At safepoint: 103900 ns, Total: 409100 ns
[2020-05-02T05:39:06.057+0000][1][safepoint    ] Safepoint "Cleanup", Time since last: 1000508100 ns, Reaching safepoint: 430000 ns, At safepoint: 144500 ns, Total: 574500 ns
[2020-05-02T05:39:07.058+0000][1][safepoint    ] Safepoint "Cleanup", Time since last: 1000459000 ns, Reaching safepoint: 158400 ns, At safepoint: 42800 ns, Total: 201200 ns
[2020-05-02T05:39:08.059+0000][1][safepoint    ] Safepoint "Cleanup", Time since last: 1000578500 ns, Reaching safepoint: 363900 ns, At safepoint: 116800 ns, Total: 480700 ns
[2020-05-02T05:39:09.059+0000][1][safepoint    ] Safepoint "Cleanup", Time since last: 1000322300 ns, Reaching safepoint: 137800 ns, At safepoint: 28900 ns, Total: 166700 ns
[2020-05-02T05:39:10.059+0000][1][safepoint    ] Safepoint "Cleanup", Time since last: 1000192200 ns, Reaching safepoint: 126900 ns, At safepoint: 29100 ns, Total: 156000 ns
[2020-05-02T05:39:11.060+0000][1][safepoint    ] Safepoint "Cleanup", Time since last: 1000135100 ns, Reaching safepoint: 118800 ns, At safepoint: 35900 ns, Total: 154700 ns
[2020-05-02T05:39:12.060+0000][1][safepoint    ] Safepoint "Cleanup", Time since last: 1000395600 ns, Reaching safepoint: 124300 ns, At safepoint: 29500 ns, Total: 153800 ns
[2020-05-02T05:39:13.061+0000][1][safepoint    ] Safepoint "Cleanup", Time since last: 1000183100 ns, Reaching safepoint: 123700 ns, At safepoint: 29500 ns, Total: 153200 ns
[2020-05-02T05:39:14.062+0000][1][safepoint    ] Safepoint "Cleanup", Time since last: 1000431000 ns, Reaching safepoint: 454600 ns, At safepoint: 150900 ns, Total: 605500 ns
[2020-05-02T05:39:15.063+0000][1][safepoint    ] Safepoint "Cleanup", Time since last: 1000366300 ns, Reaching safepoint: 453700 ns, At safepoint: 74900 ns, Total: 528600 ns
[2020-05-02T05:39:16.063+0000][1][safepoint    ] Safepoint "Cleanup", Time since last: 1000402200 ns, Reaching safepoint: 389500 ns, At safepoint: 87700 ns, Total: 477200 ns
[2020-05-02T05:39:17.064+0000][1][safepoint    ] Safepoint "Cleanup", Time since last: 1000307000 ns, Reaching safepoint: 129600 ns, At safepoint: 29800 ns, Total: 159400 ns
[2020-05-02T05:39:18.065+0000][1][safepoint    ] Safepoint "Cleanup", Time since last: 1000352500 ns, Reaching safepoint: 467000 ns, At safepoint: 88100 ns, Total: 555100 ns
[2020-05-02T05:39:19.066+0000][1][safepoint    ] Safepoint "Cleanup", Time since last: 1000684200 ns, Reaching safepoint: 196200 ns, At safepoint: 57600 ns, Total: 253800 ns
[2020-05-02T05:39:20.066+0000][1][safepoint    ] Safepoint "Cleanup", Time since last: 1000379300 ns, Reaching safepoint: 299600 ns, At safepoint: 96100 ns, Total: 395700 ns
[2020-05-02T05:39:21.068+0000][1][safepoint    ] Safepoint "Cleanup", Time since last: 1000474200 ns, Reaching safepoint: 417700 ns, At safepoint: 155300 ns, Total: 573000 ns
[2020-05-02T05:39:22.069+0000][1][safepoint    ] Safepoint "Cleanup", Time since last: 1000561900 ns, Reaching safepoint: 397400 ns, At safepoint: 137000 ns, Total: 534400 ns
[2020-05-02T05:39:23.069+0000][1][safepoint    ] Safepoint "Cleanup", Time since last: 1000352400 ns, Reaching safepoint: 222300 ns, At safepoint: 50200 ns, Total: 272500 ns
[2020-05-02T05:39:24.071+0000][1][safepoint    ] Safepoint "Cleanup", Time since last: 1000549200 ns, Reaching safepoint: 993400 ns, At safepoint: 219000 ns, Total: 1212400 ns
[2020-05-02T05:39:25.158+0000][1][safepoint    ] Safepoint "Cleanup", Time since last: 1086871500 ns, Reaching safepoint: 398200 ns, At safepoint: 131100 ns, Total: 529300 ns
[2020-05-02T05:39:26.159+0000][1][safepoint    ] Safepoint "Cleanup", Time since last: 1000482100 ns, Reaching safepoint: 275500 ns, At safepoint: 135100 ns, Total: 410600 ns
[2020-05-02T05:39:27.160+0000][1][safepoint    ] Safepoint "Cleanup", Time since last: 1000457100 ns, Reaching safepoint: 206200 ns, At safepoint: 61100 ns, Total: 267300 ns
[2020-05-02T05:39:28.161+0000][1][safepoint    ] Safepoint "Cleanup", Time since last: 1000269100 ns, Reaching safepoint: 239000 ns, At safepoint: 47900 ns, Total: 286900 ns
[2020-05-02T05:39:29.162+0000][1][safepoint    ] Safepoint "Cleanup", Time since last: 1000455300 ns, Reaching safepoint: 626800 ns, At safepoint: 194700 ns, Total: 821500 ns
[2020-05-02T05:39:30.163+0000][1][safepoint    ] Safepoint "Cleanup", Time since last: 1000455400 ns, Reaching safepoint: 314200 ns, At safepoint: 94700 ns, Total: 408900 ns
[2020-05-02T05:39:31.164+0000][1][safepoint    ] Safepoint "Cleanup", Time since last: 1000539000 ns, Reaching safepoint: 218400 ns, At safepoint: 42500 ns, Total: 260900 ns
[2020-05-02T05:39:32.167+0000][1][safepoint    ] Safepoint "Cleanup", Time since last: 1003107700 ns, Reaching safepoint: 206200 ns, At safepoint: 39700 ns, Total: 245900 ns
[2020-05-02T05:39:33.167+0000][1][safepoint    ] Safepoint "Cleanup", Time since last: 1000182800 ns, Reaching safepoint: 140900 ns, At safepoint: 31800 ns, Total: 172700 ns
[2020-05-02T05:39:34.168+0000][1][safepoint    ] Safepoint "Cleanup", Time since last: 1000179500 ns, Reaching safepoint: 135700 ns, At safepoint: 27100 ns, Total: 162800 ns
[2020-05-02T05:39:35.168+0000][1][safepoint    ] Safepoint "Cleanup", Time since last: 1000202000 ns, Reaching safepoint: 323000 ns, At safepoint: 54900 ns, Total: 377900 ns
[2020-05-02T05:39:36.169+0000][1][safepoint    ] Safepoint "Cleanup", Time since last: 1000181300 ns, Reaching safepoint: 172100 ns, At safepoint: 38500 ns, Total: 210600 ns
[2020-05-02T05:39:37.169+0000][1][safepoint    ] Safepoint "Cleanup", Time since last: 1000384200 ns, Reaching safepoint: 316100 ns, At safepoint: 117700 ns, Total: 433800 ns
[2020-05-02T05:39:38.171+0000][1][safepoint    ] Safepoint "Cleanup", Time since last: 1000519100 ns, Reaching safepoint: 500800 ns, At safepoint: 137800 ns, Total: 638600 ns
[2020-05-02T05:39:39.171+0000][1][safepoint    ] Safepoint "Cleanup", Time since last: 1000613500 ns, Reaching safepoint: 147500 ns, At safepoint: 38200 ns, Total: 185700 ns
[2020-05-02T05:39:40.172+0000][1][safepoint    ] Safepoint "Cleanup", Time since last: 1000544000 ns, Reaching safepoint: 399900 ns, At safepoint: 128700 ns, Total: 528600 ns
[2020-05-02T05:39:41.174+0000][1][safepoint    ] Safepoint "Cleanup", Time since last: 1000817600 ns, Reaching safepoint: 397800 ns, At safepoint: 129300 ns, Total: 527100 ns
[2020-05-02T05:39:42.175+0000][1][safepoint    ] Safepoint "Cleanup", Time since last: 1000420500 ns, Reaching safepoint: 605700 ns, At safepoint: 124300 ns, Total: 730000 ns
[2020-05-02T05:39:43.176+0000][1][safepoint    ] Safepoint "Cleanup", Time since last: 1000458100 ns, Reaching safepoint: 146600 ns, At safepoint: 29800 ns, Total: 176400 ns
[2020-05-02T05:39:44.176+0000][1][safepoint    ] Safepoint "Cleanup", Time since last: 1000290400 ns, Reaching safepoint: 271600 ns, At safepoint: 65200 ns, Total: 336800 ns
[2020-05-02T05:39:45.177+0000][1][safepoint    ] Safepoint "Cleanup", Time since last: 1000345600 ns, Reaching safepoint: 231200 ns, At safepoint: 45500 ns, Total: 276700 ns
[2020-05-02T05:39:46.178+0000][1][safepoint    ] Safepoint "Cleanup", Time since last: 1000637400 ns, Reaching safepoint: 131200 ns, At safepoint: 33400 ns, Total: 164600 ns
[2020-05-02T05:39:47.179+0000][1][safepoint    ] Safepoint "Cleanup", Time since last: 1000762600 ns, Reaching safepoint: 399300 ns, At safepoint: 134000 ns, Total: 533300 ns
[2020-05-02T05:39:48.180+0000][1][safepoint    ] Safepoint "Cleanup", Time since last: 1000424300 ns, Reaching safepoint: 402100 ns, At safepoint: 127300 ns, Total: 529400 ns
[2020-05-02T05:39:49.181+0000][1][safepoint    ] Safepoint "Cleanup", Time since last: 1000515500 ns, Reaching safepoint: 421200 ns, At safepoint: 147600 ns, Total: 568800 ns
[2020-05-02T05:39:50.182+0000][1][safepoint    ] Safepoint "Cleanup", Time since last: 1000647500 ns, Reaching safepoint: 475000 ns, At safepoint: 128600 ns, Total: 603600 ns
[2020-05-02T05:39:51.183+0000][1][safepoint    ] Safepoint "Cleanup", Time since last: 1000503600 ns, Reaching safepoint: 132800 ns, At safepoint: 35500 ns, Total: 168300 ns
[2020-05-02T05:39:52.184+0000][1][safepoint    ] Safepoint "Cleanup", Time since last: 1000311400 ns, Reaching safepoint: 451900 ns, At safepoint: 140900 ns, Total: 592800 ns
[2020-05-02T05:39:53.185+0000][1][safepoint    ] Safepoint "Cleanup", Time since last: 1000509700 ns, Reaching safepoint: 522100 ns, At safepoint: 126600 ns, Total: 648700 ns
[2020-05-02T05:39:54.186+0000][1][safepoint    ] Safepoint "Cleanup", Time since last: 1000750600 ns, Reaching safepoint: 230800 ns, At safepoint: 66500 ns, Total: 297300 ns
[2020-05-02T05:39:55.187+0000][1][safepoint    ] Safepoint "Cleanup", Time since last: 1000648800 ns, Reaching safepoint: 399900 ns, At safepoint: 128700 ns, Total: 528600 ns
[2020-05-02T05:39:56.188+0000][1][safepoint    ] Safepoint "Cleanup", Time since last: 1000682300 ns, Reaching safepoint: 407600 ns, At safepoint: 132200 ns, Total: 539800 ns
[2020-05-02T05:39:57.190+0000][1][safepoint    ] Safepoint "Cleanup", Time since last: 1000688200 ns, Reaching safepoint: 400100 ns, At safepoint: 128500 ns, Total: 528600 ns
[2020-05-02T05:39:58.191+0000][1][safepoint    ] Safepoint "Cleanup", Time since last: 1000706000 ns, Reaching safepoint: 397500 ns, At safepoint: 128000 ns, Total: 525500 ns
[2020-05-02T05:39:59.191+0000][1][safepoint    ] Safepoint "Cleanup", Time since last: 1000315900 ns, Reaching safepoint: 120800 ns, At safepoint: 27600 ns, Total: 148400 ns
[2020-05-02T05:40:00.192+0000][1][safepoint    ] Safepoint "Cleanup", Time since last: 1000181200 ns, Reaching safepoint: 120200 ns, At safepoint: 29100 ns, Total: 149300 ns
[2020-05-02T05:40:01.193+0000][1][safepoint    ] Safepoint "Cleanup", Time since last: 1000600200 ns, Reaching safepoint: 471200 ns, At safepoint: 130400 ns, Total: 601600 ns
[2020-05-02T05:40:02.194+0000][1][safepoint    ] Safepoint "Cleanup", Time since last: 1000649800 ns, Reaching safepoint: 435600 ns, At safepoint: 131300 ns, Total: 566900 ns
[2020-05-02T05:40:03.195+0000][1][safepoint    ] Safepoint "Cleanup", Time since last: 1000661500 ns, Reaching safepoint: 398900 ns, At safepoint: 130800 ns, Total: 529700 ns
[2020-05-02T05:40:04.196+0000][1][safepoint    ] Safepoint "Cleanup", Time since last: 1000326000 ns, Reaching safepoint: 134000 ns, At safepoint: 35300 ns, Total: 169300 ns
[2020-05-02T05:40:05.197+0000][1][safepoint    ] Safepoint "Cleanup", Time since last: 1000528700 ns, Reaching safepoint: 400000 ns, At safepoint: 131600 ns, Total: 531600 ns
[2020-05-02T05:40:06.197+0000][1][safepoint    ] Safepoint "Cleanup", Time since last: 1000369800 ns, Reaching safepoint: 123900 ns, At safepoint: 29700 ns, Total: 153600 ns
[2020-05-02T05:40:07.254+0000][1][safepoint    ] Safepoint "Cleanup", Time since last: 1055519200 ns, Reaching safepoint: 764500 ns, At safepoint: 236100 ns, Total: 1000600 ns
[2020-05-02T05:40:08.255+0000][1][safepoint    ] Safepoint "Cleanup", Time since last: 1000670000 ns, Reaching safepoint: 165200 ns, At safepoint: 38200 ns, Total: 203400 ns
[2020-05-02T05:40:09.256+0000][1][safepoint    ] Safepoint "Cleanup", Time since last: 1000706200 ns, Reaching safepoint: 399900 ns, At safepoint: 129900 ns, Total: 529800 ns
[2020-05-02T05:40:10.257+0000][1][safepoint    ] Safepoint "Cleanup", Time since last: 1000819400 ns, Reaching safepoint: 398200 ns, At safepoint: 129200 ns, Total: 527400 ns
[2020-05-02T05:40:11.258+0000][1][safepoint    ] Safepoint "Cleanup", Time since last: 1000423100 ns, Reaching safepoint: 291200 ns, At safepoint: 106400 ns, Total: 397600 ns
[2020-05-02T05:40:12.259+0000][1][safepoint    ] Safepoint "Cleanup", Time since last: 1000401500 ns, Reaching safepoint: 119900 ns, At safepoint: 26800 ns, Total: 146700 ns
[2020-05-02T05:40:13.260+0000][1][safepoint    ] Safepoint "Cleanup", Time since last: 1000689300 ns, Reaching safepoint: 401500 ns, At safepoint: 131500 ns, Total: 533000 ns
[2020-05-02T05:40:14.261+0000][1][safepoint    ] Safepoint "Cleanup", Time since last: 1000822000 ns, Reaching safepoint: 428000 ns, At safepoint: 134300 ns, Total: 562300 ns
[2020-05-02T05:40:15.262+0000][1][safepoint    ] Safepoint "Cleanup", Time since last: 1000730500 ns, Reaching safepoint: 156000 ns, At safepoint: 55000 ns, Total: 211000 ns
[2020-05-02T05:40:16.263+0000][1][safepoint    ] Safepoint "Cleanup", Time since last: 1000694400 ns, Reaching safepoint: 273900 ns, At safepoint: 86900 ns, Total: 360800 ns
[2020-05-02T05:40:17.264+0000][1][safepoint    ] Safepoint "Cleanup", Time since last: 1000491600 ns, Reaching safepoint: 406500 ns, At safepoint: 129300 ns, Total: 535800 ns
[2020-05-02T05:40:18.265+0000][1][safepoint    ] Safepoint "Cleanup", Time since last: 1000544700 ns, Reaching safepoint: 226200 ns, At safepoint: 71000 ns, Total: 297200 ns
[2020-05-02T05:40:19.267+0000][1][safepoint    ] Safepoint "Cleanup", Time since last: 1000897000 ns, Reaching safepoint: 470200 ns, At safepoint: 134200 ns, Total: 604400 ns
[2020-05-02T05:40:20.268+0000][1][safepoint    ] Safepoint "Cleanup", Time since last: 1000757900 ns, Reaching safepoint: 400500 ns, At safepoint: 129600 ns, Total: 530100 ns
[2020-05-02T05:40:21.269+0000][1][safepoint    ] Safepoint "Cleanup", Time since last: 1000646500 ns, Reaching safepoint: 197100 ns, At safepoint: 57500 ns, Total: 254600 ns
[2020-05-02T05:40:22.269+0000][1][safepoint    ] Safepoint "Cleanup", Time since last: 1000397500 ns, Reaching safepoint: 133200 ns, At safepoint: 30100 ns, Total: 163300 ns
[2020-05-02T05:40:23.270+0000][1][safepoint    ] Safepoint "Cleanup", Time since last: 1000617300 ns, Reaching safepoint: 399000 ns, At safepoint: 130600 ns, Total: 529600 ns
[2020-05-02T05:40:24.271+0000][1][safepoint    ] Safepoint "Cleanup", Time since last: 1000825300 ns, Reaching safepoint: 149900 ns, At safepoint: 38100 ns, Total: 188000 ns
[2020-05-02T05:40:25.272+0000][1][safepoint    ] Safepoint "Cleanup", Time since last: 1000596200 ns, Reaching safepoint: 135600 ns, At safepoint: 36100 ns, Total: 171700 ns
[2020-05-02T05:40:26.273+0000][1][safepoint    ] Safepoint "Cleanup", Time since last: 1000245000 ns, Reaching safepoint: 151900 ns, At safepoint: 36100 ns, Total: 188000 ns
[2020-05-02T05:40:27.273+0000][1][safepoint    ] Safepoint "Cleanup", Time since last: 1000200200 ns, Reaching safepoint: 119800 ns, At safepoint: 27000 ns, Total: 146800 ns
[2020-05-02T05:40:28.274+0000][1][safepoint    ] Safepoint "Cleanup", Time since last: 1000334900 ns, Reaching safepoint: 396400 ns, At safepoint: 124500 ns, Total: 520900 ns
[2020-05-02T05:40:29.275+0000][1][safepoint    ] Safepoint "Cleanup", Time since last: 1000415900 ns, Reaching safepoint: 235800 ns, At safepoint: 71500 ns, Total: 307300 ns
[2020-05-02T05:40:30.275+0000][1][safepoint    ] Safepoint "Cleanup", Time since last: 1000291000 ns, Reaching safepoint: 135100 ns, At safepoint: 39900 ns, Total: 175000 ns
[2020-05-02T05:40:31.276+0000][1][safepoint    ] Safepoint "Cleanup", Time since last: 1000571500 ns, Reaching safepoint: 426700 ns, At safepoint: 126900 ns, Total: 553600 ns
[2020-05-02T05:40:32.277+0000][1][safepoint    ] Safepoint "Cleanup", Time since last: 1000386700 ns, Reaching safepoint: 246700 ns, At safepoint: 64200 ns, Total: 310900 ns
[2020-05-02T05:40:33.278+0000][1][safepoint    ] Safepoint "Cleanup", Time since last: 1000491800 ns, Reaching safepoint: 234200 ns, At safepoint: 75000 ns, Total: 309200 ns
[2020-05-02T05:40:34.279+0000][1][safepoint    ] Safepoint "Cleanup", Time since last: 1000468900 ns, Reaching safepoint: 427700 ns, At safepoint: 137200 ns, Total: 564900 ns
[2020-05-02T05:40:35.280+0000][1][safepoint    ] Safepoint "Cleanup", Time since last: 1000884400 ns, Reaching safepoint: 443300 ns, At safepoint: 121700 ns, Total: 565000 ns
[2020-05-02T05:40:36.281+0000][1][safepoint    ] Safepoint "Cleanup", Time since last: 1000506300 ns, Reaching safepoint: 182100 ns, At safepoint: 30400 ns, Total: 212500 ns
[2020-05-02T05:40:37.282+0000][1][safepoint    ] Safepoint "Cleanup", Time since last: 1000313800 ns, Reaching safepoint: 369200 ns, At safepoint: 115600 ns, Total: 484800 ns
[2020-05-02T05:40:38.283+0000][1][safepoint    ] Safepoint "Cleanup", Time since last: 1000463700 ns, Reaching safepoint: 482000 ns, At safepoint: 126000 ns, Total: 608000 ns
[2020-05-02T05:40:39.284+0000][1][safepoint    ] Safepoint "Cleanup", Time since last: 1000458700 ns, Reaching safepoint: 526200 ns, At safepoint: 121100 ns, Total: 647300 ns
[2020-05-02T05:40:40.285+0000][1][safepoint    ] Safepoint "Cleanup", Time since last: 1000656400 ns, Reaching safepoint: 400500 ns, At safepoint: 129400 ns, Total: 529900 ns
[2020-05-02T05:40:41.286+0000][1][safepoint    ] Safepoint "Cleanup", Time since last: 1000613200 ns, Reaching safepoint: 160600 ns, At safepoint: 34900 ns, Total: 195500 ns
[2020-05-02T05:40:42.287+0000][1][safepoint    ] Safepoint "Cleanup", Time since last: 1000536500 ns, Reaching safepoint: 414200 ns, At safepoint: 139800 ns, Total: 554000 ns
[2020-05-02T05:40:43.288+0000][1][safepoint    ] Safepoint "Cleanup", Time since last: 1000363700 ns, Reaching safepoint: 133800 ns, At safepoint: 30400 ns, Total: 164200 ns
[2020-05-02T05:40:44.288+0000][1][safepoint    ] Safepoint "Cleanup", Time since last: 1000235200 ns, Reaching safepoint: 127800 ns, At safepoint: 31800 ns, Total: 159600 ns
[2020-05-02T05:40:45.288+0000][1][safepoint    ] Safepoint "Cleanup", Time since last: 1000188600 ns, Reaching safepoint: 124900 ns, At safepoint: 27700 ns, Total: 152600 ns
[2020-05-02T05:40:46.289+0000][1][safepoint    ] Safepoint "Cleanup", Time since last: 1000593700 ns, Reaching safepoint: 401800 ns, At safepoint: 130600 ns, Total: 532400 ns
[2020-05-02T05:40:47.290+0000][1][safepoint    ] Safepoint "Cleanup", Time since last: 1000573600 ns, Reaching safepoint: 300300 ns, At safepoint: 92800 ns, Total: 393100 ns
[2020-05-02T05:40:48.291+0000][1][safepoint    ] Safepoint "Cleanup", Time since last: 1000432700 ns, Reaching safepoint: 122700 ns, At safepoint: 27200 ns, Total: 149900 ns
[2020-05-02T05:40:49.292+0000][1][safepoint    ] Safepoint "Cleanup", Time since last: 1000503100 ns, Reaching safepoint: 300300 ns, At safepoint: 93800 ns, Total: 394100 ns
[2020-05-02T05:40:50.292+0000][1][safepoint    ] Safepoint "Cleanup", Time since last: 1000268700 ns, Reaching safepoint: 127100 ns, At safepoint: 30000 ns, Total: 157100 ns
[2020-05-02T05:40:51.293+0000][1][safepoint    ] Safepoint "Cleanup", Time since last: 1000217900 ns, Reaching safepoint: 185800 ns, At safepoint: 42100 ns, Total: 227900 ns
[2020-05-02T05:40:52.293+0000][1][safepoint    ] Safepoint "Cleanup", Time since last: 1000194100 ns, Reaching safepoint: 170000 ns, At safepoint: 40300 ns, Total: 210300 ns
[2020-05-02T05:40:53.293+0000][1][safepoint    ] Safepoint "Cleanup", Time since last: 1000206300 ns, Reaching safepoint: 132200 ns, At safepoint: 31500 ns, Total: 163700 ns
[2020-05-02T05:40:54.295+0000][1][safepoint    ] Safepoint "Cleanup", Time since last: 1000384900 ns, Reaching safepoint: 389100 ns, At safepoint: 302100 ns, Total: 691200 ns
[2020-05-02T05:40:55.295+0000][1][safepoint    ] Safepoint "Cleanup", Time since last: 1000396400 ns, Reaching safepoint: 125000 ns, At safepoint: 30200 ns, Total: 155200 ns
[2020-05-02T05:40:56.295+0000][1][safepoint    ] Safepoint "Cleanup", Time since last: 1000158900 ns, Reaching safepoint: 176500 ns, At safepoint: 45100 ns, Total: 221600 ns
[2020-05-02T05:40:57.297+0000][1][safepoint    ] Safepoint "Cleanup", Time since last: 1000421700 ns, Reaching safepoint: 401400 ns, At safepoint: 207700 ns, Total: 609100 ns
[2020-05-02T05:40:58.918+0000][1][safepoint    ] Safepoint "Cleanup", Time since last: 1620822600 ns, Reaching safepoint: 304600 ns, At safepoint: 59100 ns, Total: 363700 ns
[2020-05-02T05:40:59.919+0000][1][safepoint    ] Safepoint "Cleanup", Time since last: 1000628000 ns, Reaching safepoint: 425200 ns, At safepoint: 131900 ns, Total: 557100 ns
[2020-05-02T05:41:00.919+0000][1][safepoint    ] Safepoint "Cleanup", Time since last: 1000377800 ns, Reaching safepoint: 144800 ns, At safepoint: 32000 ns, Total: 176800 ns
[2020-05-02T05:41:01.920+0000][1][safepoint    ] Safepoint "Cleanup", Time since last: 1000247900 ns, Reaching safepoint: 177600 ns, At safepoint: 29300 ns, Total: 206900 ns
[2020-05-02T05:41:02.920+0000][1][safepoint    ] Safepoint "Cleanup", Time since last: 1000218200 ns, Reaching safepoint: 126900 ns, At safepoint: 30100 ns, Total: 157000 ns
[2020-05-02T05:41:03.922+0000][1][safepoint    ] Safepoint "Cleanup", Time since last: 1000705400 ns, Reaching safepoint: 425300 ns, At safepoint: 139800 ns, Total: 565100 ns
[2020-05-02T05:41:04.923+0000][1][safepoint    ] Safepoint "Cleanup", Time since last: 1000698200 ns, Reaching safepoint: 400600 ns, At safepoint: 130800 ns, Total: 531400 ns
[2020-05-02T05:41:05.923+0000][1][safepoint    ] Safepoint "Cleanup", Time since last: 1000362000 ns, Reaching safepoint: 140300 ns, At safepoint: 35600 ns, Total: 175900 ns
[2020-05-02T05:41:06.924+0000][1][safepoint    ] Safepoint "Cleanup", Time since last: 1000331600 ns, Reaching safepoint: 466800 ns, At safepoint: 122200 ns, Total: 589000 ns
[2020-05-02T05:41:07.925+0000][1][safepoint    ] Safepoint "Cleanup", Time since last: 1000337300 ns, Reaching safepoint: 135900 ns, At safepoint: 31300 ns, Total: 167200 ns
[2020-05-02T05:41:08.926+0000][1][safepoint    ] Safepoint "Cleanup", Time since last: 1000682400 ns, Reaching safepoint: 424800 ns, At safepoint: 137100 ns, Total: 561900 ns
[2020-05-02T05:41:09.927+0000][1][safepoint    ] Safepoint "Cleanup", Time since last: 1000580100 ns, Reaching safepoint: 493900 ns, At safepoint: 154600 ns, Total: 648500 ns
[2020-05-02T05:41:10.928+0000][1][safepoint    ] Safepoint "Cleanup", Time since last: 1000665100 ns, Reaching safepoint: 401000 ns, At safepoint: 131300 ns, Total: 532300 ns
[2020-05-02T05:41:11.930+0000][1][safepoint    ] Safepoint "Cleanup", Time since last: 1000743600 ns, Reaching safepoint: 438200 ns, At safepoint: 134600 ns, Total: 572800 ns
[2020-05-02T05:41:12.930+0000][1][safepoint    ] Safepoint "Cleanup", Time since last: 1000302000 ns, Reaching safepoint: 119900 ns, At safepoint: 27300 ns, Total: 147200 ns
[2020-05-02T05:41:13.931+0000][1][safepoint    ] Safepoint "Cleanup", Time since last: 1000216600 ns, Reaching safepoint: 123800 ns, At safepoint: 32000 ns, Total: 155800 ns
[2020-05-02T05:41:14.931+0000][1][safepoint    ] Safepoint "Cleanup", Time since last: 1000526500 ns, Reaching safepoint: 130200 ns, At safepoint: 36100 ns, Total: 166300 ns
[2020-05-02T05:41:15.932+0000][1][safepoint    ] Safepoint "Cleanup", Time since last: 1000180000 ns, Reaching safepoint: 128600 ns, At safepoint: 31400 ns, Total: 160000 ns
[2020-05-02T05:41:16.933+0000][1][safepoint    ] Safepoint "Cleanup", Time since last: 1000355900 ns, Reaching safepoint: 490200 ns, At safepoint: 132200 ns, Total: 622400 ns
[2020-05-02T05:41:17.934+0000][1][safepoint    ] Safepoint "Cleanup", Time since last: 1000691300 ns, Reaching safepoint: 299500 ns, At safepoint: 107700 ns, Total: 407200 ns
[2020-05-02T05:41:18.934+0000][1][safepoint    ] Safepoint "Cleanup", Time since last: 1000684900 ns, Reaching safepoint: 135800 ns, At safepoint: 29100 ns, Total: 164900 ns
[2020-05-02T05:41:19.935+0000][1][safepoint    ] Safepoint "Cleanup", Time since last: 1000398600 ns, Reaching safepoint: 410300 ns, At safepoint: 139900 ns, Total: 550200 ns
[2020-05-02T05:41:20.937+0000][1][safepoint    ] Safepoint "Cleanup", Time since last: 1000794600 ns, Reaching safepoint: 483700 ns, At safepoint: 129700 ns, Total: 613400 ns
[2020-05-02T05:41:21.938+0000][1][safepoint    ] Safepoint "Cleanup", Time since last: 1000346900 ns, Reaching safepoint: 295700 ns, At safepoint: 92400 ns, Total: 388100 ns
[2020-05-02T05:41:22.938+0000][1][safepoint    ] Safepoint "Cleanup", Time since last: 1000702900 ns, Reaching safepoint: 125400 ns, At safepoint: 31300 ns, Total: 156700 ns
[2020-05-02T05:41:22.979+0000][1][gc,start     ] GC(38) Pause Young (Allocation Failure)
[2020-05-02T05:41:22.979+0000][1][gc,task      ] GC(38) Using 10 workers of 10 for evacuation
[2020-05-02T05:41:22.982+0000][1][gc,age       ] GC(38) Desired survivor size 8945664 bytes, new threshold 6 (max threshold 6)
[2020-05-02T05:41:22.982+0000][1][gc,age       ] GC(38) Age table with threshold 6 (max threshold 6)
[2020-05-02T05:41:22.982+0000][1][gc,age       ] GC(38) - age   1:      62832 bytes,      62832 total
[2020-05-02T05:41:22.982+0000][1][gc,age       ] GC(38) - age   2:      10000 bytes,      72832 total
[2020-05-02T05:41:22.983+0000][1][gc,age       ] GC(38) - age   3:        344 bytes,      73176 total
[2020-05-02T05:41:22.983+0000][1][gc,age       ] GC(38) - age   4:       8720 bytes,      81896 total
[2020-05-02T05:41:22.983+0000][1][gc,age       ] GC(38) - age   5:       2552 bytes,      84448 total
[2020-05-02T05:41:22.983+0000][1][gc,age       ] GC(38) - age   6:       7512 bytes,      91960 total
[2020-05-02T05:41:22.983+0000][1][gc,heap      ] GC(38) ParNew: 139983K->169K(157248K)
[2020-05-02T05:41:22.983+0000][1][gc,heap      ] GC(38) CMS: 81720K->81730K(349568K)
[2020-05-02T05:41:22.983+0000][1][gc,metaspace ] GC(38) Metaspace: 96349K->96349K(1138688K)
[2020-05-02T05:41:22.983+0000][1][gc           ] GC(38) Pause Young (Allocation Failure) 216M->79M(494M) 3.855ms
[2020-05-02T05:41:22.983+0000][1][gc,cpu       ] GC(38) User=0.01s Sys=0.00s Real=0.00s
[2020-05-02T05:41:22.983+0000][1][safepoint    ] Safepoint "GenCollectForAllocation", Time since last: 40117700 ns, Reaching safepoint: 213000 ns, At safepoint: 4041600 ns, Total: 4254600 ns
[2020-05-02T05:41:23.983+0000][1][safepoint    ] Safepoint "Cleanup", Time since last: 1000181600 ns, Reaching safepoint: 130300 ns, At safepoint: 27600 ns, Total: 157900 ns
[2020-05-02T05:41:24.984+0000][1][safepoint    ] Safepoint "Cleanup", Time since last: 1000252600 ns, Reaching safepoint: 199600 ns, At safepoint: 51100 ns, Total: 250700 ns
[2020-05-02T05:41:25.984+0000][1][safepoint    ] Safepoint "Cleanup", Time since last: 1000226000 ns, Reaching safepoint: 144900 ns, At safepoint: 69400 ns, Total: 214300 ns
[2020-05-02T05:41:26.985+0000][1][safepoint    ] Safepoint "Cleanup", Time since last: 1000256700 ns, Reaching safepoint: 389300 ns, At safepoint: 204900 ns, Total: 594200 ns
[2020-05-02T05:41:27.986+0000][1][safepoint    ] Safepoint "Cleanup", Time since last: 1000690100 ns, Reaching safepoint: 210600 ns, At safepoint: 44000 ns, Total: 254600 ns
[2020-05-02T05:41:28.987+0000][1][safepoint    ] Safepoint "Cleanup", Time since last: 1000620500 ns, Reaching safepoint: 677700 ns, At safepoint: 200900 ns, Total: 878600 ns
[2020-05-02T05:41:29.988+0000][1][safepoint    ] Safepoint "Cleanup", Time since last: 1000664700 ns, Reaching safepoint: 119800 ns, At safepoint: 42900 ns, Total: 162700 ns
[2020-05-02T05:41:30.989+0000][1][safepoint    ] Safepoint "Cleanup", Time since last: 1000212200 ns, Reaching safepoint: 135400 ns, At safepoint: 40800 ns, Total: 176200 ns
[2020-05-02T05:41:31.989+0000][1][safepoint    ] Safepoint "Cleanup", Time since last: 1000189900 ns, Reaching safepoint: 155100 ns, At safepoint: 62400 ns, Total: 217500 ns
[2020-05-02T05:41:32.990+0000][1][safepoint    ] Safepoint "Cleanup", Time since last: 1000549400 ns, Reaching safepoint: 270300 ns, At safepoint: 78900 ns, Total: 349200 ns
[2020-05-02T05:41:33.990+0000][1][safepoint    ] Safepoint "Cleanup", Time since last: 1000274900 ns, Reaching safepoint: 219400 ns, At safepoint: 69700 ns, Total: 289100 ns
[2020-05-02T05:41:34.992+0000][1][safepoint    ] Safepoint "Cleanup", Time since last: 1000587300 ns, Reaching safepoint: 639400 ns, At safepoint: 207400 ns, Total: 846800 ns
[2020-05-02T05:41:35.992+0000][1][safepoint    ] Safepoint "Cleanup", Time since last: 1000359900 ns, Reaching safepoint: 134600 ns, At safepoint: 29700 ns, Total: 164300 ns
[2020-05-02T05:41:36.993+0000][1][safepoint    ] Safepoint "Cleanup", Time since last: 1000312600 ns, Reaching safepoint: 499000 ns, At safepoint: 199300 ns, Total: 698300 ns
[2020-05-02T05:41:37.994+0000][1][safepoint    ] Safepoint "Cleanup", Time since last: 1000437900 ns, Reaching safepoint: 258200 ns, At safepoint: 107600 ns, Total: 365800 ns
[2020-05-02T05:41:38.996+0000][1][safepoint    ] Safepoint "Cleanup", Time since last: 1000635000 ns, Reaching safepoint: 407900 ns, At safepoint: 203200 ns, Total: 611100 ns
[2020-05-02T05:41:39.997+0000][1][safepoint    ] Safepoint "Cleanup", Time since last: 1000452400 ns, Reaching safepoint: 480800 ns, At safepoint: 200300 ns, Total: 681100 ns
[2020-05-02T05:41:40.997+0000][1][safepoint    ] Safepoint "Cleanup", Time since last: 1000344400 ns, Reaching safepoint: 125700 ns, At safepoint: 31700 ns, Total: 157400 ns
[2020-05-02T05:41:41.997+0000][1][safepoint    ] Safepoint "Cleanup", Time since last: 1000196800 ns, Reaching safepoint: 130900 ns, At safepoint: 43000 ns, Total: 173900 ns
[2020-05-02T05:41:42.998+0000][1][safepoint    ] Safepoint "Cleanup", Time since last: 1000461700 ns, Reaching safepoint: 269600 ns, At safepoint: 67900 ns, Total: 337500 ns
[2020-05-02T05:41:43.999+0000][1][safepoint    ] Safepoint "Cleanup", Time since last: 1000638500 ns, Reaching safepoint: 275000 ns, At safepoint: 63300 ns, Total: 338300 ns
[2020-05-02T05:41:45.000+0000][1][safepoint    ] Safepoint "Cleanup", Time since last: 1000547100 ns, Reaching safepoint: 124200 ns, At safepoint: 49200 ns, Total: 173400 ns
[2020-05-02T05:41:46.001+0000][1][safepoint    ] Safepoint "Cleanup", Time since last: 1000555800 ns, Reaching safepoint: 312400 ns, At safepoint: 85600 ns, Total: 398000 ns
[2020-05-02T05:41:47.002+0000][1][safepoint    ] Safepoint "Cleanup", Time since last: 1000377000 ns, Reaching safepoint: 480700 ns, At safepoint: 200800 ns, Total: 681500 ns
[2020-05-02T05:41:48.003+0000][1][safepoint    ] Safepoint "Cleanup", Time since last: 1000481800 ns, Reaching safepoint: 207900 ns, At safepoint: 42800 ns, Total: 250700 ns
[2020-05-02T05:41:49.004+0000][1][safepoint    ] Safepoint "Cleanup", Time since last: 1000575700 ns, Reaching safepoint: 696700 ns, At safepoint: 245300 ns, Total: 942000 ns
[2020-05-02T05:41:50.006+0000][1][safepoint    ] Safepoint "Cleanup", Time since last: 1000571500 ns, Reaching safepoint: 474000 ns, At safepoint: 228500 ns, Total: 702500 ns
[2020-05-02T05:41:51.007+0000][1][safepoint    ] Safepoint "Cleanup", Time since last: 1000725800 ns, Reaching safepoint: 252100 ns, At safepoint: 57900 ns, Total: 310000 ns
[2020-05-02T05:41:52.008+0000][1][safepoint    ] Safepoint "Cleanup", Time since last: 1000535600 ns, Reaching safepoint: 406200 ns, At safepoint: 227300 ns, Total: 633500 ns
[2020-05-02T05:41:53.009+0000][1][safepoint    ] Safepoint "Cleanup", Time since last: 1000755900 ns, Reaching safepoint: 136300 ns, At safepoint: 42500 ns, Total: 178800 ns
[2020-05-02T05:41:54.010+0000][1][safepoint    ] Safepoint "Cleanup", Time since last: 1000475800 ns, Reaching safepoint: 554600 ns, At safepoint: 197100 ns, Total: 751700 ns
[2020-05-02T05:41:55.010+0000][1][safepoint    ] Safepoint "Cleanup", Time since last: 1000321300 ns, Reaching safepoint: 218500 ns, At safepoint: 53400 ns, Total: 271900 ns
[2020-05-02T05:41:56.011+0000][1][safepoint    ] Safepoint "Cleanup", Time since last: 1000737600 ns, Reaching safepoint: 207700 ns, At safepoint: 42400 ns, Total: 250100 ns
[2020-05-02T05:41:57.012+0000][1][safepoint    ] Safepoint "Cleanup", Time since last: 1000253200 ns, Reaching safepoint: 134300 ns, At safepoint: 84900 ns, Total: 219200 ns
[2020-05-02T05:41:58.012+0000][1][safepoint    ] Safepoint "Cleanup", Time since last: 1000237600 ns, Reaching safepoint: 122900 ns, At safepoint: 39200 ns, Total: 162100 ns
[2020-05-02T05:41:59.014+0000][1][safepoint    ] Safepoint "Cleanup", Time since last: 1000329300 ns, Reaching safepoint: 613600 ns, At safepoint: 210800 ns, Total: 824400 ns
[2020-05-02T05:42:00.014+0000][1][safepoint    ] Safepoint "Cleanup", Time since last: 1000440900 ns, Reaching safepoint: 151800 ns, At safepoint: 52200 ns, Total: 204000 ns
[2020-05-02T05:42:01.015+0000][1][safepoint    ] Safepoint "Cleanup", Time since last: 1000365100 ns, Reaching safepoint: 599500 ns, At safepoint: 198500 ns, Total: 798000 ns
[2020-05-02T05:42:02.016+0000][1][safepoint    ] Safepoint "Cleanup", Time since last: 1000457000 ns, Reaching safepoint: 512600 ns, At safepoint: 200400 ns, Total: 713000 ns
[2020-05-02T05:42:03.018+0000][1][safepoint    ] Safepoint "Cleanup", Time since last: 1000475600 ns, Reaching safepoint: 438100 ns, At safepoint: 219000 ns, Total: 657100 ns
[2020-05-02T05:42:04.019+0000][1][safepoint    ] Safepoint "Cleanup", Time since last: 1000727700 ns, Reaching safepoint: 597200 ns, At safepoint: 203100 ns, Total: 800300 ns
[2020-05-02T05:42:05.021+0000][1][safepoint    ] Safepoint "Cleanup", Time since last: 1000806500 ns, Reaching safepoint: 606500 ns, At safepoint: 200200 ns, Total: 806700 ns
[2020-05-02T05:42:06.021+0000][1][safepoint    ] Safepoint "Cleanup", Time since last: 1000424300 ns, Reaching safepoint: 212100 ns, At safepoint: 83200 ns, Total: 295300 ns
[2020-05-02T05:42:07.022+0000][1][safepoint    ] Safepoint "Cleanup", Time since last: 1000228600 ns, Reaching safepoint: 280800 ns, At safepoint: 55800 ns, Total: 336600 ns
[2020-05-02T05:42:08.023+0000][1][safepoint    ] Safepoint "Cleanup", Time since last: 1000274100 ns, Reaching safepoint: 467300 ns, At safepoint: 39500 ns, Total: 506800 ns
[2020-05-02T05:42:09.025+0000][1][safepoint    ] Safepoint "Cleanup", Time since last: 1000669400 ns, Reaching safepoint: 636600 ns, At safepoint: 402600 ns, Total: 1039200 ns
[2020-05-02T05:42:10.026+0000][1][safepoint    ] Safepoint "Cleanup", Time since last: 1000560500 ns, Reaching safepoint: 608800 ns, At safepoint: 203500 ns, Total: 812300 ns
[2020-05-02T05:42:11.963+0000][1][safepoint    ] Safepoint "Cleanup", Time since last: 1936131400 ns, Reaching safepoint: 409900 ns, At safepoint: 129800 ns, Total: 539700 ns
[2020-05-02T05:42:12.964+0000][1][safepoint    ] Safepoint "Cleanup", Time since last: 1000554100 ns, Reaching safepoint: 400000 ns, At safepoint: 137900 ns, Total: 537900 ns
[2020-05-02T05:42:13.965+0000][1][safepoint    ] Safepoint "Cleanup", Time since last: 1000537000 ns, Reaching safepoint: 451300 ns, At safepoint: 130500 ns, Total: 581800 ns
[2020-05-02T05:42:14.966+0000][1][safepoint    ] Safepoint "Cleanup", Time since last: 1000635100 ns, Reaching safepoint: 138000 ns, At safepoint: 35400 ns, Total: 173400 ns
[2020-05-02T05:42:15.966+0000][1][safepoint    ] Safepoint "Cleanup", Time since last: 1000611400 ns, Reaching safepoint: 123800 ns, At safepoint: 32900 ns, Total: 156700 ns
[2020-05-02T05:42:16.967+0000][1][safepoint    ] Safepoint "Cleanup", Time since last: 1000329000 ns, Reaching safepoint: 146800 ns, At safepoint: 45500 ns, Total: 192300 ns
[2020-05-02T05:42:17.968+0000][1][safepoint    ] Safepoint "Cleanup", Time since last: 1000468000 ns, Reaching safepoint: 242700 ns, At safepoint: 46700 ns, Total: 289400 ns
[2020-05-02T05:42:18.969+0000][1][safepoint    ] Safepoint "Cleanup", Time since last: 1000869500 ns, Reaching safepoint: 424400 ns, At safepoint: 136900 ns, Total: 561300 ns
[2020-05-02T05:42:19.970+0000][1][safepoint    ] Safepoint "Cleanup", Time since last: 1000661300 ns, Reaching safepoint: 162000 ns, At safepoint: 43000 ns, Total: 205000 ns
[2020-05-02T05:42:20.971+0000][1][safepoint    ] Safepoint "Cleanup", Time since last: 1000520300 ns, Reaching safepoint: 134700 ns, At safepoint: 33600 ns, Total: 168300 ns
[2020-05-02T05:42:21.971+0000][1][safepoint    ] Safepoint "Cleanup", Time since last: 1000177500 ns, Reaching safepoint: 125100 ns, At safepoint: 28000 ns, Total: 153100 ns
[2020-05-02T05:42:22.972+0000][1][safepoint    ] Safepoint "Cleanup", Time since last: 1000703600 ns, Reaching safepoint: 401300 ns, At safepoint: 133000 ns, Total: 534300 ns
[2020-05-02T05:42:23.899+0000][1][safepoint    ] Safepoint "RevokeBias", Time since last: 926668900 ns, Reaching safepoint: 217300 ns, At safepoint: 76300 ns, Total: 293600 ns
[2020-05-02T05:42:24.902+0000][1][safepoint    ] Safepoint "Cleanup", Time since last: 1002213500 ns, Reaching safepoint: 423800 ns, At safepoint: 135800 ns, Total: 559600 ns
[2020-05-02T05:42:25.903+0000][1][safepoint    ] Safepoint "Cleanup", Time since last: 1000705500 ns, Reaching safepoint: 429200 ns, At safepoint: 133900 ns, Total: 563100 ns
[2020-05-02T05:42:26.904+0000][1][safepoint    ] Safepoint "Cleanup", Time since last: 1000696900 ns, Reaching safepoint: 127600 ns, At safepoint: 31900 ns, Total: 159500 ns
[2020-05-02T05:42:27.904+0000][1][safepoint    ] Safepoint "Cleanup", Time since last: 1000187700 ns, Reaching safepoint: 133800 ns, At safepoint: 29200 ns, Total: 163000 ns
[2020-05-02T05:42:28.906+0000][1][safepoint    ] Safepoint "Cleanup", Time since last: 1000577900 ns, Reaching safepoint: 404300 ns, At safepoint: 199000 ns, Total: 603300 ns
[2020-05-02T05:42:29.907+0000][1][safepoint    ] Safepoint "Cleanup", Time since last: 1000747600 ns, Reaching safepoint: 532700 ns, At safepoint: 128900 ns, Total: 661600 ns
[2020-05-02T05:42:30.908+0000][1][safepoint    ] Safepoint "Cleanup", Time since last: 1000526500 ns, Reaching safepoint: 245600 ns, At safepoint: 92900 ns, Total: 338500 ns
[2020-05-02T05:42:31.908+0000][1][safepoint    ] Safepoint "Cleanup", Time since last: 1000225900 ns, Reaching safepoint: 150100 ns, At safepoint: 40800 ns, Total: 190900 ns
[2020-05-02T05:42:32.909+0000][1][safepoint    ] Safepoint "Cleanup", Time since last: 1000496800 ns, Reaching safepoint: 199800 ns, At safepoint: 50900 ns, Total: 250700 ns
[2020-05-02T05:42:33.910+0000][1][safepoint    ] Safepoint "Cleanup", Time since last: 1000364400 ns, Reaching safepoint: 402500 ns, At safepoint: 174900 ns, Total: 577400 ns
[2020-05-02T05:42:34.911+0000][1][safepoint    ] Safepoint "Cleanup", Time since last: 1000797800 ns, Reaching safepoint: 401200 ns, At safepoint: 131000 ns, Total: 532200 ns
[2020-05-02T05:42:35.912+0000][1][safepoint    ] Safepoint "Cleanup", Time since last: 1000783800 ns, Reaching safepoint: 122300 ns, At safepoint: 29600 ns, Total: 151900 ns
[2020-05-02T05:42:36.913+0000][1][safepoint    ] Safepoint "Cleanup", Time since last: 1000241600 ns, Reaching safepoint: 144600 ns, At safepoint: 28600 ns, Total: 173200 ns
[2020-05-02T05:42:37.913+0000][1][safepoint    ] Safepoint "Cleanup", Time since last: 1000307100 ns, Reaching safepoint: 259900 ns, At safepoint: 61700 ns, Total: 321600 ns
[2020-05-02T05:42:38.914+0000][1][safepoint    ] Safepoint "Cleanup", Time since last: 1000311200 ns, Reaching safepoint: 193500 ns, At safepoint: 53700 ns, Total: 247200 ns
[2020-05-02T05:42:39.915+0000][1][safepoint    ] Safepoint "Cleanup", Time since last: 1000333100 ns, Reaching safepoint: 548200 ns, At safepoint: 126900 ns, Total: 675100 ns
[2020-05-02T05:42:40.915+0000][1][safepoint    ] Safepoint "Cleanup", Time since last: 1000351600 ns, Reaching safepoint: 209000 ns, At safepoint: 57300 ns, Total: 266300 ns
[2020-05-02T05:42:41.916+0000][1][safepoint    ] Safepoint "Cleanup", Time since last: 1000210000 ns, Reaching safepoint: 130300 ns, At safepoint: 31200 ns, Total: 161500 ns
[2020-05-02T05:42:42.916+0000][1][safepoint    ] Safepoint "Cleanup", Time since last: 1000234400 ns, Reaching safepoint: 127900 ns, At safepoint: 31000 ns, Total: 158900 ns
[2020-05-02T05:42:43.917+0000][1][safepoint    ] Safepoint "Cleanup", Time since last: 1000364700 ns, Reaching safepoint: 462000 ns, At safepoint: 127400 ns, Total: 589400 ns
[2020-05-02T05:42:44.919+0000][1][safepoint    ] Safepoint "Cleanup", Time since last: 1001019400 ns, Reaching safepoint: 479200 ns, At safepoint: 153000 ns, Total: 632200 ns
[2020-05-02T05:42:45.920+0000][1][safepoint    ] Safepoint "Cleanup", Time since last: 1000594600 ns, Reaching safepoint: 548300 ns, At safepoint: 143700 ns, Total: 692000 ns
[2020-05-02T05:42:46.921+0000][1][safepoint    ] Safepoint "Cleanup", Time since last: 1000659200 ns, Reaching safepoint: 125900 ns, At safepoint: 31600 ns, Total: 157500 ns
[2020-05-02T05:42:47.922+0000][1][safepoint    ] Safepoint "Cleanup", Time since last: 1000569200 ns, Reaching safepoint: 428300 ns, At safepoint: 134200 ns, Total: 562500 ns
[2020-05-02T05:42:48.923+0000][1][safepoint    ] Safepoint "Cleanup", Time since last: 1000774300 ns, Reaching safepoint: 426300 ns, At safepoint: 140100 ns, Total: 566400 ns
[2020-05-02T05:42:49.925+0000][1][safepoint    ] Safepoint "Cleanup", Time since last: 1000724600 ns, Reaching safepoint: 528300 ns, At safepoint: 129600 ns, Total: 657900 ns
[2020-05-02T05:42:50.926+0000][1][safepoint    ] Safepoint "Cleanup", Time since last: 1000837800 ns, Reaching safepoint: 406400 ns, At safepoint: 133500 ns, Total: 539900 ns
[2020-05-02T05:42:51.927+0000][1][safepoint    ] Safepoint "Cleanup", Time since last: 1000506100 ns, Reaching safepoint: 428000 ns, At safepoint: 135200 ns, Total: 563200 ns
[2020-05-02T05:42:52.928+0000][1][safepoint    ] Safepoint "Cleanup", Time since last: 1000634700 ns, Reaching safepoint: 405100 ns, At safepoint: 191000 ns, Total: 596100 ns
[2020-05-02T05:42:53.930+0000][1][safepoint    ] Safepoint "Cleanup", Time since last: 1000556700 ns, Reaching safepoint: 530800 ns, At safepoint: 130600 ns, Total: 661400 ns
[2020-05-02T05:42:54.931+0000][1][safepoint    ] Safepoint "Cleanup", Time since last: 1000455700 ns, Reaching safepoint: 400900 ns, At safepoint: 127400 ns, Total: 528300 ns
[2020-05-02T05:42:55.932+0000][1][safepoint    ] Safepoint "Cleanup", Time since last: 1000454200 ns, Reaching safepoint: 481400 ns, At safepoint: 127500 ns, Total: 608900 ns
[2020-05-02T05:42:56.933+0000][1][safepoint    ] Safepoint "Cleanup", Time since last: 1000709500 ns, Reaching safepoint: 488900 ns, At safepoint: 128200 ns, Total: 617100 ns
[2020-05-02T05:42:57.935+0000][1][safepoint    ] Safepoint "Cleanup", Time since last: 1000792000 ns, Reaching safepoint: 731100 ns, At safepoint: 139000 ns, Total: 870100 ns
[2020-05-02T05:42:58.936+0000][1][safepoint    ] Safepoint "Cleanup", Time since last: 1000710100 ns, Reaching safepoint: 471500 ns, At safepoint: 129200 ns, Total: 600700 ns
[2020-05-02T05:42:59.937+0000][1][safepoint    ] Safepoint "Cleanup", Time since last: 1000738900 ns, Reaching safepoint: 456900 ns, At safepoint: 137500 ns, Total: 594400 ns
[2020-05-02T05:43:00.938+0000][1][safepoint    ] Safepoint "Cleanup", Time since last: 1000461200 ns, Reaching safepoint: 433300 ns, At safepoint: 118900 ns, Total: 552200 ns
[2020-05-02T05:43:01.940+0000][1][safepoint    ] Safepoint "Cleanup", Time since last: 1000512900 ns, Reaching safepoint: 504000 ns, At safepoint: 127800 ns, Total: 631800 ns
[2020-05-02T05:43:02.941+0000][1][safepoint    ] Safepoint "Cleanup", Time since last: 1000589500 ns, Reaching safepoint: 445000 ns, At safepoint: 137600 ns, Total: 582600 ns
[2020-05-02T05:43:03.942+0000][1][safepoint    ] Safepoint "Cleanup", Time since last: 1000669600 ns, Reaching safepoint: 403500 ns, At safepoint: 131100 ns, Total: 534600 ns
[2020-05-02T05:43:04.943+0000][1][safepoint    ] Safepoint "Cleanup", Time since last: 1000898300 ns, Reaching safepoint: 429200 ns, At safepoint: 135600 ns, Total: 564800 ns
[2020-05-02T05:43:05.945+0000][1][safepoint    ] Safepoint "Cleanup", Time since last: 1000487700 ns, Reaching safepoint: 425000 ns, At safepoint: 297400 ns, Total: 722400 ns
[2020-05-02T05:43:06.946+0000][1][safepoint    ] Safepoint "Cleanup", Time since last: 1000724000 ns, Reaching safepoint: 302700 ns, At safepoint: 104500 ns, Total: 407200 ns
[2020-05-02T05:43:07.947+0000][1][safepoint    ] Safepoint "Cleanup", Time since last: 1000591100 ns, Reaching safepoint: 263300 ns, At safepoint: 80100 ns, Total: 343400 ns
[2020-05-02T05:43:08.948+0000][1][safepoint    ] Safepoint "Cleanup", Time since last: 1000676400 ns, Reaching safepoint: 164600 ns, At safepoint: 46100 ns, Total: 210700 ns
[2020-05-02T05:43:09.948+0000][1][safepoint    ] Safepoint "Cleanup", Time since last: 1000222600 ns, Reaching safepoint: 231200 ns, At safepoint: 68700 ns, Total: 299900 ns
[2020-05-02T05:43:11.818+0000][1][safepoint    ] Safepoint "Cleanup", Time since last: 1870088200 ns, Reaching safepoint: 180400 ns, At safepoint: 63400 ns, Total: 243800 ns
[2020-05-02T05:43:12.819+0000][1][safepoint    ] Safepoint "Cleanup", Time since last: 1000496600 ns, Reaching safepoint: 153000 ns, At safepoint: 37500 ns, Total: 190500 ns
[2020-05-02T05:43:13.820+0000][1][safepoint    ] Safepoint "Cleanup", Time since last: 1000334400 ns, Reaching safepoint: 433900 ns, At safepoint: 144200 ns, Total: 578100 ns
[2020-05-02T05:43:14.821+0000][1][safepoint    ] Safepoint "Cleanup", Time since last: 1000806500 ns, Reaching safepoint: 126800 ns, At safepoint: 31100 ns, Total: 157900 ns
[2020-05-02T05:43:15.822+0000][1][safepoint    ] Safepoint "Cleanup", Time since last: 1000556100 ns, Reaching safepoint: 126000 ns, At safepoint: 31700 ns, Total: 157700 ns
[2020-05-02T05:43:16.822+0000][1][safepoint    ] Safepoint "Cleanup", Time since last: 1000371000 ns, Reaching safepoint: 126400 ns, At safepoint: 29900 ns, Total: 156300 ns
[2020-05-02T05:43:17.823+0000][1][safepoint    ] Safepoint "Cleanup", Time since last: 1000342400 ns, Reaching safepoint: 251900 ns, At safepoint: 73900 ns, Total: 325800 ns
[2020-05-02T05:43:18.824+0000][1][safepoint    ] Safepoint "Cleanup", Time since last: 1000776700 ns, Reaching safepoint: 129700 ns, At safepoint: 33400 ns, Total: 163100 ns
[2020-05-02T05:43:19.825+0000][1][safepoint    ] Safepoint "Cleanup", Time since last: 1000411500 ns, Reaching safepoint: 634500 ns, At safepoint: 123500 ns, Total: 758000 ns
[2020-05-02T05:43:20.826+0000][1][safepoint    ] Safepoint "Cleanup", Time since last: 1000470800 ns, Reaching safepoint: 433000 ns, At safepoint: 128300 ns, Total: 561300 ns
[2020-05-02T05:43:21.827+0000][1][safepoint    ] Safepoint "Cleanup", Time since last: 1000753000 ns, Reaching safepoint: 320900 ns, At safepoint: 95600 ns, Total: 416500 ns
[2020-05-02T05:43:22.828+0000][1][safepoint    ] Safepoint "Cleanup", Time since last: 1000563100 ns, Reaching safepoint: 428700 ns, At safepoint: 130300 ns, Total: 559000 ns
[2020-05-02T05:43:23.830+0000][1][safepoint    ] Safepoint "Cleanup", Time since last: 1000806500 ns, Reaching safepoint: 395800 ns, At safepoint: 125600 ns, Total: 521400 ns
[2020-05-02T05:43:24.831+0000][1][safepoint    ] Safepoint "Cleanup", Time since last: 1000825200 ns, Reaching safepoint: 431000 ns, At safepoint: 134600 ns, Total: 565600 ns
[2020-05-02T05:43:25.832+0000][1][safepoint    ] Safepoint "Cleanup", Time since last: 1000499300 ns, Reaching safepoint: 176900 ns, At safepoint: 37300 ns, Total: 214200 ns
[2020-05-02T05:43:26.833+0000][1][safepoint    ] Safepoint "Cleanup", Time since last: 1000525800 ns, Reaching safepoint: 489400 ns, At safepoint: 129800 ns, Total: 619200 ns
[2020-05-02T05:43:27.834+0000][1][safepoint    ] Safepoint "Cleanup", Time since last: 1000423700 ns, Reaching safepoint: 180200 ns, At safepoint: 50000 ns, Total: 230200 ns
[2020-05-02T05:43:28.834+0000][1][safepoint    ] Safepoint "Cleanup", Time since last: 1000680000 ns, Reaching safepoint: 175300 ns, At safepoint: 31400 ns, Total: 206700 ns
[2020-05-02T05:43:29.835+0000][1][safepoint    ] Safepoint "Cleanup", Time since last: 1000239500 ns, Reaching safepoint: 181000 ns, At safepoint: 50400 ns, Total: 231400 ns
[2020-05-02T05:43:30.835+0000][1][safepoint    ] Safepoint "Cleanup", Time since last: 1000289200 ns, Reaching safepoint: 235300 ns, At safepoint: 52100 ns, Total: 287400 ns
[2020-05-02T05:43:31.836+0000][1][safepoint    ] Safepoint "Cleanup", Time since last: 1000355000 ns, Reaching safepoint: 209500 ns, At safepoint: 60300 ns, Total: 269800 ns
[2020-05-02T05:43:32.312+0000][1][safepoint    ] Safepoint "RevokeBias", Time since last: 476030400 ns, Reaching safepoint: 138000 ns, At safepoint: 39600 ns, Total: 177600 ns
[2020-05-02T05:43:33.313+0000][1][safepoint    ] Safepoint "Cleanup", Time since last: 1000713700 ns, Reaching safepoint: 256200 ns, At safepoint: 72600 ns, Total: 328800 ns
[2020-05-02T05:43:34.314+0000][1][safepoint    ] Safepoint "Cleanup", Time since last: 1000405700 ns, Reaching safepoint: 127700 ns, At safepoint: 28700 ns, Total: 156400 ns
[2020-05-02T05:43:35.314+0000][1][safepoint    ] Safepoint "Cleanup", Time since last: 1000235500 ns, Reaching safepoint: 133200 ns, At safepoint: 30700 ns, Total: 163900 ns
[2020-05-02T05:43:36.316+0000][1][safepoint    ] Safepoint "Cleanup", Time since last: 1000519100 ns, Reaching safepoint: 666900 ns, At safepoint: 137700 ns, Total: 804600 ns
[2020-05-02T05:43:37.317+0000][1][safepoint    ] Safepoint "Cleanup", Time since last: 1000621200 ns, Reaching safepoint: 467600 ns, At safepoint: 155900 ns, Total: 623500 ns
[2020-05-02T05:43:38.318+0000][1][safepoint    ] Safepoint "Cleanup", Time since last: 1000657800 ns, Reaching safepoint: 361500 ns, At safepoint: 94300 ns, Total: 455800 ns
[2020-05-02T05:43:39.319+0000][1][safepoint    ] Safepoint "Cleanup", Time since last: 1000667400 ns, Reaching safepoint: 147400 ns, At safepoint: 37500 ns, Total: 184900 ns
[2020-05-02T05:43:40.320+0000][1][safepoint    ] Safepoint "Cleanup", Time since last: 1000649100 ns, Reaching safepoint: 434500 ns, At safepoint: 136400 ns, Total: 570900 ns
[2020-05-02T05:43:41.321+0000][1][safepoint    ] Safepoint "Cleanup", Time since last: 1000814300 ns, Reaching safepoint: 134700 ns, At safepoint: 33400 ns, Total: 168100 ns
[2020-05-02T05:43:42.322+0000][1][safepoint    ] Safepoint "Cleanup", Time since last: 1000327300 ns, Reaching safepoint: 317100 ns, At safepoint: 92800 ns, Total: 409900 ns
[2020-05-02T05:43:43.322+0000][1][safepoint    ] Safepoint "Cleanup", Time since last: 1000317100 ns, Reaching safepoint: 235000 ns, At safepoint: 63600 ns, Total: 298600 ns
[2020-05-02T05:43:44.323+0000][1][safepoint    ] Safepoint "Cleanup", Time since last: 1000300200 ns, Reaching safepoint: 143600 ns, At safepoint: 43700 ns, Total: 187300 ns
[2020-05-02T05:43:45.324+0000][1][safepoint    ] Safepoint "Cleanup", Time since last: 1000411300 ns, Reaching safepoint: 438400 ns, At safepoint: 138700 ns, Total: 577100 ns
[2020-05-02T05:43:46.325+0000][1][safepoint    ] Safepoint "Cleanup", Time since last: 1000550600 ns, Reaching safepoint: 519300 ns, At safepoint: 138400 ns, Total: 657700 ns
[2020-05-02T05:43:47.327+0000][1][safepoint    ] Safepoint "Cleanup", Time since last: 1000740300 ns, Reaching safepoint: 575500 ns, At safepoint: 151600 ns, Total: 727100 ns
[2020-05-02T05:43:48.328+0000][1][safepoint    ] Safepoint "Cleanup", Time since last: 1000522900 ns, Reaching safepoint: 436300 ns, At safepoint: 136200 ns, Total: 572500 ns
[2020-05-02T05:43:49.329+0000][1][safepoint    ] Safepoint "Cleanup", Time since last: 1000747400 ns, Reaching safepoint: 510500 ns, At safepoint: 135500 ns, Total: 646000 ns
[2020-05-02T05:43:50.330+0000][1][safepoint    ] Safepoint "Cleanup", Time since last: 1000766400 ns, Reaching safepoint: 320100 ns, At safepoint: 99000 ns, Total: 419100 ns
[2020-05-02T05:43:51.331+0000][1][safepoint    ] Safepoint "Cleanup", Time since last: 1000492100 ns, Reaching safepoint: 431000 ns, At safepoint: 133100 ns, Total: 564100 ns
[2020-05-02T05:43:52.333+0000][1][safepoint    ] Safepoint "Cleanup", Time since last: 1000836500 ns, Reaching safepoint: 435000 ns, At safepoint: 136100 ns, Total: 571100 ns
[2020-05-02T05:43:53.334+0000][1][safepoint    ] Safepoint "Cleanup", Time since last: 1000799400 ns, Reaching safepoint: 500900 ns, At safepoint: 142700 ns, Total: 643600 ns
[2020-05-02T05:43:55.130+0000][1][safepoint    ] Safepoint "Cleanup", Time since last: 1796201100 ns, Reaching safepoint: 123800 ns, At safepoint: 43200 ns, Total: 167000 ns
[2020-05-02T05:43:55.699+0000][1][safepoint    ] Safepoint "RevokeBias", Time since last: 568548300 ns, Reaching safepoint: 229300 ns, At safepoint: 104300 ns, Total: 333600 ns
[2020-05-02T05:43:56.702+0000][1][safepoint    ] Safepoint "Cleanup", Time since last: 1002200500 ns, Reaching safepoint: 272200 ns, At safepoint: 78100 ns, Total: 350300 ns
[2020-05-02T05:43:57.703+0000][1][safepoint    ] Safepoint "Cleanup", Time since last: 1000601400 ns, Reaching safepoint: 434500 ns, At safepoint: 134800 ns, Total: 569300 ns
[2020-05-02T05:43:58.704+0000][1][safepoint    ] Safepoint "Cleanup", Time since last: 1000647900 ns, Reaching safepoint: 139900 ns, At safepoint: 29100 ns, Total: 169000 ns
[2020-05-02T05:43:59.705+0000][1][safepoint    ] Safepoint "Cleanup", Time since last: 1000325300 ns, Reaching safepoint: 1023200 ns, At safepoint: 212900 ns, Total: 1236100 ns
[2020-05-02T05:44:00.706+0000][1][safepoint    ] Safepoint "Cleanup", Time since last: 1000497500 ns, Reaching safepoint: 133500 ns, At safepoint: 29900 ns, Total: 163400 ns
[2020-05-02T05:44:01.707+0000][1][safepoint    ] Safepoint "Cleanup", Time since last: 1000254500 ns, Reaching safepoint: 161600 ns, At safepoint: 30000 ns, Total: 191600 ns
[2020-05-02T05:44:02.708+0000][1][safepoint    ] Safepoint "Cleanup", Time since last: 1000782000 ns, Reaching safepoint: 514600 ns, At safepoint: 143500 ns, Total: 658100 ns
[2020-05-02T05:44:03.709+0000][1][safepoint    ] Safepoint "Cleanup", Time since last: 1000474300 ns, Reaching safepoint: 618100 ns, At safepoint: 74500 ns, Total: 692600 ns
[2020-05-02T05:44:04.710+0000][1][safepoint    ] Safepoint "Cleanup", Time since last: 1000291800 ns, Reaching safepoint: 128600 ns, At safepoint: 29800 ns, Total: 158400 ns
[2020-05-02T05:44:05.710+0000][1][safepoint    ] Safepoint "Cleanup", Time since last: 1000564000 ns, Reaching safepoint: 144300 ns, At safepoint: 30100 ns, Total: 174400 ns
[2020-05-02T05:44:06.711+0000][1][safepoint    ] Safepoint "Cleanup", Time since last: 1000204800 ns, Reaching safepoint: 127100 ns, At safepoint: 30100 ns, Total: 157200 ns
[2020-05-02T05:44:07.712+0000][1][safepoint    ] Safepoint "Cleanup", Time since last: 1000470800 ns, Reaching safepoint: 417300 ns, At safepoint: 149700 ns, Total: 567000 ns
[2020-05-02T05:44:08.713+0000][1][safepoint    ] Safepoint "Cleanup", Time since last: 1000439500 ns, Reaching safepoint: 253900 ns, At safepoint: 80200 ns, Total: 334100 ns
[2020-05-02T05:44:09.713+0000][1][safepoint    ] Safepoint "Cleanup", Time since last: 1000583100 ns, Reaching safepoint: 141400 ns, At safepoint: 28800 ns, Total: 170200 ns
[2020-05-02T05:44:10.715+0000][1][safepoint    ] Safepoint "Cleanup", Time since last: 1000717100 ns, Reaching safepoint: 416800 ns, At safepoint: 118900 ns, Total: 535700 ns
[2020-05-02T05:44:11.716+0000][1][safepoint    ] Safepoint "Cleanup", Time since last: 1000632100 ns, Reaching safepoint: 400500 ns, At safepoint: 123500 ns, Total: 524000 ns
[2020-05-02T05:44:12.717+0000][1][safepoint    ] Safepoint "Cleanup", Time since last: 1000832800 ns, Reaching safepoint: 438500 ns, At safepoint: 138500 ns, Total: 577000 ns
[2020-05-02T05:44:13.718+0000][1][safepoint    ] Safepoint "Cleanup", Time since last: 1000336500 ns, Reaching safepoint: 167800 ns, At safepoint: 48700 ns, Total: 216500 ns
[2020-05-02T05:44:14.718+0000][1][safepoint    ] Safepoint "Cleanup", Time since last: 1000494400 ns, Reaching safepoint: 195200 ns, At safepoint: 56200 ns, Total: 251400 ns
[2020-05-02T05:44:15.719+0000][1][safepoint    ] Safepoint "Cleanup", Time since last: 1000708100 ns, Reaching safepoint: 139200 ns, At safepoint: 35500 ns, Total: 174700 ns
[2020-05-02T05:44:16.720+0000][1][safepoint    ] Safepoint "Cleanup", Time since last: 1000329600 ns, Reaching safepoint: 413000 ns, At safepoint: 105200 ns, Total: 518200 ns
[2020-05-02T05:44:17.721+0000][1][safepoint    ] Safepoint "Cleanup", Time since last: 1000721100 ns, Reaching safepoint: 433900 ns, At safepoint: 140700 ns, Total: 574600 ns
[2020-05-02T05:44:18.163+0000][1][gc,start     ] GC(39) Pause Young (Allocation Failure)
[2020-05-02T05:44:18.163+0000][1][gc,task      ] GC(39) Using 10 workers of 10 for evacuation
[2020-05-02T05:44:18.165+0000][1][gc,age       ] GC(39) Desired survivor size 8945664 bytes, new threshold 6 (max threshold 6)
[2020-05-02T05:44:18.165+0000][1][gc,age       ] GC(39) Age table with threshold 6 (max threshold 6)
[2020-05-02T05:44:18.165+0000][1][gc,age       ] GC(39) - age   1:     250272 bytes,     250272 total
[2020-05-02T05:44:18.165+0000][1][gc,age       ] GC(39) - age   2:       8160 bytes,     258432 total
[2020-05-02T05:44:18.165+0000][1][gc,age       ] GC(39) - age   3:      10000 bytes,     268432 total
[2020-05-02T05:44:18.165+0000][1][gc,age       ] GC(39) - age   4:        344 bytes,     268776 total
[2020-05-02T05:44:18.165+0000][1][gc,age       ] GC(39) - age   5:       8624 bytes,     277400 total
[2020-05-02T05:44:18.165+0000][1][gc,age       ] GC(39) - age   6:       2552 bytes,     279952 total
[2020-05-02T05:44:18.165+0000][1][gc,heap      ] GC(39) ParNew: 139945K->300K(157248K)
[2020-05-02T05:44:18.165+0000][1][gc,heap      ] GC(39) CMS: 81730K->81738K(349568K)
[2020-05-02T05:44:18.165+0000][1][gc,metaspace ] GC(39) Metaspace: 96397K->96397K(1138688K)
[2020-05-02T05:44:18.165+0000][1][gc           ] GC(39) Pause Young (Allocation Failure) 216M->80M(494M) 2.289ms
[2020-05-02T05:44:18.165+0000][1][gc,cpu       ] GC(39) User=0.00s Sys=0.00s Real=0.01s
[2020-05-02T05:44:18.165+0000][1][safepoint    ] Safepoint "GenCollectForAllocation", Time since last: 441453400 ns, Reaching safepoint: 126800 ns, At safepoint: 2369700 ns, Total: 2496500 ns
[2020-05-02T05:44:19.166+0000][1][safepoint    ] Safepoint "Cleanup", Time since last: 1000414800 ns, Reaching safepoint: 489300 ns, At safepoint: 129500 ns, Total: 618800 ns
[2020-05-02T05:44:20.168+0000][1][safepoint    ] Safepoint "Cleanup", Time since last: 1000658400 ns, Reaching safepoint: 413300 ns, At safepoint: 132300 ns, Total: 545600 ns
[2020-05-02T05:44:21.169+0000][1][safepoint    ] Safepoint "Cleanup", Time since last: 1000690500 ns, Reaching safepoint: 511900 ns, At safepoint: 147100 ns, Total: 659000 ns
[2020-05-02T05:44:22.170+0000][1][safepoint    ] Safepoint "Cleanup", Time since last: 1000534100 ns, Reaching safepoint: 137100 ns, At safepoint: 26600 ns, Total: 163700 ns
[2020-05-02T05:44:23.170+0000][1][safepoint    ] Safepoint "Cleanup", Time since last: 1000215200 ns, Reaching safepoint: 223300 ns, At safepoint: 45700 ns, Total: 269000 ns
[2020-05-02T05:44:24.171+0000][1][safepoint    ] Safepoint "Cleanup", Time since last: 1000556600 ns, Reaching safepoint: 137000 ns, At safepoint: 34900 ns, Total: 171900 ns
[2020-05-02T05:44:25.172+0000][1][safepoint    ] Safepoint "Cleanup", Time since last: 1000622400 ns, Reaching safepoint: 435700 ns, At safepoint: 134700 ns, Total: 570400 ns
[2020-05-02T05:44:26.173+0000][1][safepoint    ] Safepoint "Cleanup", Time since last: 1000326400 ns, Reaching safepoint: 345400 ns, At safepoint: 58700 ns, Total: 404100 ns
[2020-05-02T05:44:27.173+0000][1][safepoint    ] Safepoint "Cleanup", Time since last: 1000198900 ns, Reaching safepoint: 136000 ns, At safepoint: 32800 ns, Total: 168800 ns
[2020-05-02T05:44:28.174+0000][1][safepoint    ] Safepoint "Cleanup", Time since last: 1000341200 ns, Reaching safepoint: 438400 ns, At safepoint: 119400 ns, Total: 557800 ns
[2020-05-02T05:44:29.175+0000][1][safepoint    ] Safepoint "Cleanup", Time since last: 1000458500 ns, Reaching safepoint: 137100 ns, At safepoint: 35100 ns, Total: 172200 ns
[2020-05-02T05:44:30.176+0000][1][safepoint    ] Safepoint "Cleanup", Time since last: 1000333700 ns, Reaching safepoint: 476800 ns, At safepoint: 123900 ns, Total: 600700 ns
[2020-05-02T05:44:31.176+0000][1][safepoint    ] Safepoint "Cleanup", Time since last: 1000282300 ns, Reaching safepoint: 238100 ns, At safepoint: 27300 ns, Total: 265400 ns
[2020-05-02T05:44:32.176+0000][1][safepoint    ] Safepoint "Cleanup", Time since last: 1000102300 ns, Reaching safepoint: 119700 ns, At safepoint: 27400 ns, Total: 147100 ns
[2020-05-02T05:44:33.177+0000][1][safepoint    ] Safepoint "Cleanup", Time since last: 1000502500 ns, Reaching safepoint: 219400 ns, At safepoint: 28100 ns, Total: 247500 ns
[2020-05-02T05:44:34.178+0000][1][safepoint    ] Safepoint "Cleanup", Time since last: 1000639800 ns, Reaching safepoint: 447500 ns, At safepoint: 133300 ns, Total: 580800 ns
[2020-05-02T05:44:35.179+0000][1][safepoint    ] Safepoint "Cleanup", Time since last: 1000693800 ns, Reaching safepoint: 195300 ns, At safepoint: 53700 ns, Total: 249000 ns
[2020-05-02T05:44:36.180+0000][1][safepoint    ] Safepoint "Cleanup", Time since last: 1000212500 ns, Reaching safepoint: 156400 ns, At safepoint: 38200 ns, Total: 194600 ns
[2020-05-02T05:44:37.184+0000][1][safepoint    ] Safepoint "Cleanup", Time since last: 1003573600 ns, Reaching safepoint: 297000 ns, At safepoint: 88700 ns, Total: 385700 ns
[2020-05-02T05:44:38.184+0000][1][safepoint    ] Safepoint "Cleanup", Time since last: 1000219000 ns, Reaching safepoint: 234700 ns, At safepoint: 59200 ns, Total: 293900 ns
[2020-05-02T05:44:39.186+0000][1][safepoint    ] Safepoint "Cleanup", Time since last: 1000713700 ns, Reaching safepoint: 419900 ns, At safepoint: 170700 ns, Total: 590600 ns
[2020-05-02T05:44:40.186+0000][1][safepoint    ] Safepoint "Cleanup", Time since last: 1000388900 ns, Reaching safepoint: 364700 ns, At safepoint: 92800 ns, Total: 457500 ns
[2020-05-02T05:44:41.187+0000][1][safepoint    ] Safepoint "Cleanup", Time since last: 1000349700 ns, Reaching safepoint: 404700 ns, At safepoint: 162700 ns, Total: 567400 ns
[2020-05-02T05:44:42.188+0000][1][safepoint    ] Safepoint "Cleanup", Time since last: 1000653800 ns, Reaching safepoint: 127900 ns, At safepoint: 30400 ns, Total: 158300 ns
[2020-05-02T05:44:43.189+0000][1][safepoint    ] Safepoint "Cleanup", Time since last: 1000613200 ns, Reaching safepoint: 335900 ns, At safepoint: 107600 ns, Total: 443500 ns
[2020-05-02T05:44:44.190+0000][1][safepoint    ] Safepoint "Cleanup", Time since last: 1000663300 ns, Reaching safepoint: 420700 ns, At safepoint: 137500 ns, Total: 558200 ns
[2020-05-02T05:44:45.192+0000][1][safepoint    ] Safepoint "Cleanup", Time since last: 1000890100 ns, Reaching safepoint: 435500 ns, At safepoint: 140800 ns, Total: 576300 ns
[2020-05-02T05:44:46.193+0000][1][safepoint    ] Safepoint "Cleanup", Time since last: 1000587300 ns, Reaching safepoint: 189500 ns, At safepoint: 60200 ns, Total: 249700 ns
[2020-05-02T05:44:47.194+0000][1][safepoint    ] Safepoint "Cleanup", Time since last: 1000371000 ns, Reaching safepoint: 424500 ns, At safepoint: 143400 ns, Total: 567900 ns
[2020-05-02T05:44:48.194+0000][1][safepoint    ] Safepoint "Cleanup", Time since last: 1000382500 ns, Reaching safepoint: 125600 ns, At safepoint: 27000 ns, Total: 152600 ns
[2020-05-02T05:44:49.195+0000][1][safepoint    ] Safepoint "Cleanup", Time since last: 1000352300 ns, Reaching safepoint: 416400 ns, At safepoint: 124600 ns, Total: 541000 ns
[2020-05-02T05:44:50.196+0000][1][safepoint    ] Safepoint "Cleanup", Time since last: 1000670500 ns, Reaching safepoint: 415400 ns, At safepoint: 142900 ns, Total: 558300 ns
[2020-05-02T05:44:51.197+0000][1][safepoint    ] Safepoint "Cleanup", Time since last: 1000738700 ns, Reaching safepoint: 127000 ns, At safepoint: 30600 ns, Total: 157600 ns
[2020-05-02T05:44:52.198+0000][1][safepoint    ] Safepoint "Cleanup", Time since last: 1000473700 ns, Reaching safepoint: 435600 ns, At safepoint: 192100 ns, Total: 627700 ns
[2020-05-02T05:44:53.199+0000][1][safepoint    ] Safepoint "Cleanup", Time since last: 1000319900 ns, Reaching safepoint: 122500 ns, At safepoint: 34200 ns, Total: 156700 ns
[2020-05-02T05:44:54.200+0000][1][safepoint    ] Safepoint "Cleanup", Time since last: 1000558600 ns, Reaching safepoint: 386500 ns, At safepoint: 96100 ns, Total: 482600 ns
[2020-05-02T05:44:55.201+0000][1][safepoint    ] Safepoint "Cleanup", Time since last: 1000590000 ns, Reaching safepoint: 269000 ns, At safepoint: 77900 ns, Total: 346900 ns
[2020-05-02T05:44:56.201+0000][1][safepoint    ] Safepoint "Cleanup", Time since last: 1000317000 ns, Reaching safepoint: 132300 ns, At safepoint: 51700 ns, Total: 184000 ns
[2020-05-02T05:44:57.202+0000][1][safepoint    ] Safepoint "Cleanup", Time since last: 1000183100 ns, Reaching safepoint: 120200 ns, At safepoint: 26400 ns, Total: 146600 ns
[2020-05-02T05:44:58.203+0000][1][safepoint    ] Safepoint "Cleanup", Time since last: 1000714300 ns, Reaching safepoint: 412300 ns, At safepoint: 130000 ns, Total: 542300 ns
[2020-05-02T05:44:59.204+0000][1][safepoint    ] Safepoint "Cleanup", Time since last: 1000710600 ns, Reaching safepoint: 415700 ns, At safepoint: 132100 ns, Total: 547800 ns
[2020-05-02T05:45:00.205+0000][1][safepoint    ] Safepoint "Cleanup", Time since last: 1000509200 ns, Reaching safepoint: 125200 ns, At safepoint: 28100 ns, Total: 153300 ns
[2020-05-02T05:45:01.205+0000][1][safepoint    ] Safepoint "Cleanup", Time since last: 1000276100 ns, Reaching safepoint: 233300 ns, At safepoint: 88800 ns, Total: 322100 ns
[2020-05-02T05:45:02.206+0000][1][safepoint    ] Safepoint "Cleanup", Time since last: 1000245600 ns, Reaching safepoint: 126200 ns, At safepoint: 28100 ns, Total: 154300 ns
[2020-05-02T05:45:03.207+0000][1][safepoint    ] Safepoint "Cleanup", Time since last: 1000518400 ns, Reaching safepoint: 212700 ns, At safepoint: 59900 ns, Total: 272600 ns
[2020-05-02T05:45:04.207+0000][1][safepoint    ] Safepoint "Cleanup", Time since last: 1000576800 ns, Reaching safepoint: 280800 ns, At safepoint: 77200 ns, Total: 358000 ns
[2020-05-02T05:45:05.208+0000][1][safepoint    ] Safepoint "Cleanup", Time since last: 1000392900 ns, Reaching safepoint: 415600 ns, At safepoint: 132600 ns, Total: 548200 ns
[2020-05-02T05:45:06.210+0000][1][safepoint    ] Safepoint "Cleanup", Time since last: 1000666900 ns, Reaching safepoint: 417900 ns, At safepoint: 141000 ns, Total: 558900 ns
[2020-05-02T05:45:07.210+0000][1][safepoint    ] Safepoint "Cleanup", Time since last: 1000434300 ns, Reaching safepoint: 297900 ns, At safepoint: 95000 ns, Total: 392900 ns
[2020-05-02T05:45:08.211+0000][1][safepoint    ] Safepoint "Cleanup", Time since last: 1000477200 ns, Reaching safepoint: 125200 ns, At safepoint: 31100 ns, Total: 156300 ns
[2020-05-02T05:45:09.212+0000][1][safepoint    ] Safepoint "Cleanup", Time since last: 1000315000 ns, Reaching safepoint: 212500 ns, At safepoint: 62500 ns, Total: 275000 ns
[2020-05-02T05:45:10.213+0000][1][safepoint    ] Safepoint "Cleanup", Time since last: 1000401200 ns, Reaching safepoint: 413500 ns, At safepoint: 129400 ns, Total: 542900 ns
[2020-05-02T05:45:11.214+0000][1][safepoint    ] Safepoint "Cleanup", Time since last: 1000608100 ns, Reaching safepoint: 413100 ns, At safepoint: 178400 ns, Total: 591500 ns
[2020-05-02T05:45:12.214+0000][1][safepoint    ] Safepoint "Cleanup", Time since last: 1000438500 ns, Reaching safepoint: 149400 ns, At safepoint: 34100 ns, Total: 183500 ns
[2020-05-02T05:45:13.215+0000][1][safepoint    ] Safepoint "Cleanup", Time since last: 1000304200 ns, Reaching safepoint: 130100 ns, At safepoint: 29300 ns, Total: 159400 ns
[2020-05-02T05:45:14.216+0000][1][safepoint    ] Safepoint "Cleanup", Time since last: 1000538500 ns, Reaching safepoint: 171200 ns, At safepoint: 45500 ns, Total: 216700 ns
[2020-05-02T05:45:15.216+0000][1][safepoint    ] Safepoint "Cleanup", Time since last: 1000524800 ns, Reaching safepoint: 158000 ns, At safepoint: 40800 ns, Total: 198800 ns
[2020-05-02T05:45:16.217+0000][1][safepoint    ] Safepoint "Cleanup", Time since last: 1000559300 ns, Reaching safepoint: 146800 ns, At safepoint: 37600 ns, Total: 184400 ns
[2020-05-02T05:45:17.217+0000][1][safepoint    ] Safepoint "Cleanup", Time since last: 1000190900 ns, Reaching safepoint: 128700 ns, At safepoint: 30100 ns, Total: 158800 ns
[2020-05-02T05:45:18.218+0000][1][safepoint    ] Safepoint "Cleanup", Time since last: 1000198900 ns, Reaching safepoint: 126300 ns, At safepoint: 27700 ns, Total: 154000 ns
[2020-05-02T05:45:19.218+0000][1][safepoint    ] Safepoint "Cleanup", Time since last: 1000185600 ns, Reaching safepoint: 160800 ns, At safepoint: 43800 ns, Total: 204600 ns
[2020-05-02T05:45:20.219+0000][1][safepoint    ] Safepoint "Cleanup", Time since last: 1000265700 ns, Reaching safepoint: 124500 ns, At safepoint: 30000 ns, Total: 154500 ns
[2020-05-02T05:45:21.219+0000][1][safepoint    ] Safepoint "Cleanup", Time since last: 1000484800 ns, Reaching safepoint: 174700 ns, At safepoint: 47000 ns, Total: 221700 ns
[2020-05-02T05:45:22.220+0000][1][safepoint    ] Safepoint "Cleanup", Time since last: 1000357000 ns, Reaching safepoint: 412100 ns, At safepoint: 133400 ns, Total: 545500 ns
[2020-05-02T05:45:23.221+0000][1][safepoint    ] Safepoint "Cleanup", Time since last: 1000551600 ns, Reaching safepoint: 242400 ns, At safepoint: 70300 ns, Total: 312700 ns
[2020-05-02T05:45:24.222+0000][1][safepoint    ] Safepoint "Cleanup", Time since last: 1000344500 ns, Reaching safepoint: 333500 ns, At safepoint: 105300 ns, Total: 438800 ns
[2020-05-02T05:45:25.223+0000][1][safepoint    ] Safepoint "Cleanup", Time since last: 1000851600 ns, Reaching safepoint: 412800 ns, At safepoint: 131600 ns, Total: 544400 ns
[2020-05-02T05:45:26.224+0000][1][safepoint    ] Safepoint "Cleanup", Time since last: 1000464600 ns, Reaching safepoint: 144500 ns, At safepoint: 28900 ns, Total: 173400 ns
[2020-05-02T05:45:27.224+0000][1][safepoint    ] Safepoint "Cleanup", Time since last: 1000206200 ns, Reaching safepoint: 134200 ns, At safepoint: 81800 ns, Total: 216000 ns
[2020-05-02T05:45:28.225+0000][1][safepoint    ] Safepoint "Cleanup", Time since last: 1000211300 ns, Reaching safepoint: 127900 ns, At safepoint: 32300 ns, Total: 160200 ns
[2020-05-02T05:45:29.225+0000][1][safepoint    ] Safepoint "Cleanup", Time since last: 1000190200 ns, Reaching safepoint: 125500 ns, At safepoint: 28500 ns, Total: 154000 ns
[2020-05-02T05:45:30.225+0000][1][safepoint    ] Safepoint "Cleanup", Time since last: 1000250300 ns, Reaching safepoint: 141200 ns, At safepoint: 26800 ns, Total: 168000 ns
[2020-05-02T05:45:31.226+0000][1][safepoint    ] Safepoint "Cleanup", Time since last: 1000213400 ns, Reaching safepoint: 173600 ns, At safepoint: 80900 ns, Total: 254500 ns
[2020-05-02T05:45:32.226+0000][1][safepoint    ] Safepoint "Cleanup", Time since last: 1000235600 ns, Reaching safepoint: 127400 ns, At safepoint: 28700 ns, Total: 156100 ns
[2020-05-02T05:45:33.227+0000][1][safepoint    ] Safepoint "Cleanup", Time since last: 1000201700 ns, Reaching safepoint: 259100 ns, At safepoint: 71100 ns, Total: 330200 ns
[2020-05-02T05:45:34.227+0000][1][safepoint    ] Safepoint "Cleanup", Time since last: 1000223500 ns, Reaching safepoint: 140200 ns, At safepoint: 31200 ns, Total: 171400 ns
[2020-05-02T05:45:35.228+0000][1][safepoint    ] Safepoint "Cleanup", Time since last: 1000305800 ns, Reaching safepoint: 500000 ns, At safepoint: 132700 ns, Total: 632700 ns
[2020-05-02T05:45:36.230+0000][1][safepoint    ] Safepoint "Cleanup", Time since last: 1000766000 ns, Reaching safepoint: 425000 ns, At safepoint: 131200 ns, Total: 556200 ns
[2020-05-02T05:45:37.231+0000][1][safepoint    ] Safepoint "Cleanup", Time since last: 1000739600 ns, Reaching safepoint: 511300 ns, At safepoint: 165600 ns, Total: 676900 ns
[2020-05-02T05:45:38.231+0000][1][safepoint    ] Safepoint "Cleanup", Time since last: 1000337300 ns, Reaching safepoint: 131100 ns, At safepoint: 31100 ns, Total: 162200 ns
[2020-05-02T05:45:39.232+0000][1][safepoint    ] Safepoint "Cleanup", Time since last: 1000229700 ns, Reaching safepoint: 169800 ns, At safepoint: 44000 ns, Total: 213800 ns
[2020-05-02T05:45:40.232+0000][1][safepoint    ] Safepoint "Cleanup", Time since last: 1000174500 ns, Reaching safepoint: 128900 ns, At safepoint: 50800 ns, Total: 179700 ns
[2020-05-02T05:45:41.233+0000][1][safepoint    ] Safepoint "Cleanup", Time since last: 1000509600 ns, Reaching safepoint: 551500 ns, At safepoint: 116600 ns, Total: 668100 ns
[2020-05-02T05:45:42.235+0000][1][safepoint    ] Safepoint "Cleanup", Time since last: 1000753200 ns, Reaching safepoint: 547000 ns, At safepoint: 128800 ns, Total: 675800 ns
[2020-05-02T05:45:43.236+0000][1][safepoint    ] Safepoint "Cleanup", Time since last: 1000626300 ns, Reaching safepoint: 128500 ns, At safepoint: 30100 ns, Total: 158600 ns
[2020-05-02T05:45:44.237+0000][1][safepoint    ] Safepoint "Cleanup", Time since last: 1000591600 ns, Reaching safepoint: 504200 ns, At safepoint: 130100 ns, Total: 634300 ns
[2020-05-02T05:45:45.238+0000][1][safepoint    ] Safepoint "Cleanup", Time since last: 1000783700 ns, Reaching safepoint: 438200 ns, At safepoint: 140200 ns, Total: 578400 ns
[2020-05-02T05:45:46.239+0000][1][safepoint    ] Safepoint "Cleanup", Time since last: 1000327400 ns, Reaching safepoint: 131600 ns, At safepoint: 32000 ns, Total: 163600 ns
[2020-05-02T05:45:47.240+0000][1][safepoint    ] Safepoint "Cleanup", Time since last: 1000532700 ns, Reaching safepoint: 412100 ns, At safepoint: 135900 ns, Total: 548000 ns
[2020-05-02T05:45:48.241+0000][1][safepoint    ] Safepoint "Cleanup", Time since last: 1000754000 ns, Reaching safepoint: 138700 ns, At safepoint: 34800 ns, Total: 173500 ns
[2020-05-02T05:45:49.241+0000][1][safepoint    ] Safepoint "Cleanup", Time since last: 1000326400 ns, Reaching safepoint: 169200 ns, At safepoint: 57400 ns, Total: 226600 ns
[2020-05-02T05:45:50.242+0000][1][safepoint    ] Safepoint "Cleanup", Time since last: 1000380500 ns, Reaching safepoint: 423500 ns, At safepoint: 183100 ns, Total: 606600 ns
[2020-05-02T05:45:51.243+0000][1][safepoint    ] Safepoint "Cleanup", Time since last: 1000583600 ns, Reaching safepoint: 164400 ns, At safepoint: 42900 ns, Total: 207300 ns
[2020-05-02T05:45:52.244+0000][1][safepoint    ] Safepoint "Cleanup", Time since last: 1000355200 ns, Reaching safepoint: 432100 ns, At safepoint: 130200 ns, Total: 562300 ns
[2020-05-02T05:45:53.245+0000][1][safepoint    ] Safepoint "Cleanup", Time since last: 1000562900 ns, Reaching safepoint: 150100 ns, At safepoint: 35000 ns, Total: 185100 ns
[2020-05-02T05:45:54.246+0000][1][safepoint    ] Safepoint "Cleanup", Time since last: 1000426700 ns, Reaching safepoint: 425900 ns, At safepoint: 140000 ns, Total: 565900 ns
[2020-05-02T05:45:55.247+0000][1][safepoint    ] Safepoint "Cleanup", Time since last: 1000853700 ns, Reaching safepoint: 414000 ns, At safepoint: 136500 ns, Total: 550500 ns
[2020-05-02T05:45:56.248+0000][1][safepoint    ] Safepoint "Cleanup", Time since last: 1000370100 ns, Reaching safepoint: 241200 ns, At safepoint: 71500 ns, Total: 312700 ns
[2020-05-02T05:45:57.248+0000][1][safepoint    ] Safepoint "Cleanup", Time since last: 1000263900 ns, Reaching safepoint: 124400 ns, At safepoint: 29300 ns, Total: 153700 ns
[2020-05-02T05:45:58.249+0000][1][safepoint    ] Safepoint "Cleanup", Time since last: 1000466800 ns, Reaching safepoint: 159400 ns, At safepoint: 38100 ns, Total: 197500 ns
[2020-05-02T05:45:59.250+0000][1][safepoint    ] Safepoint "Cleanup", Time since last: 1000653100 ns, Reaching safepoint: 412000 ns, At safepoint: 129600 ns, Total: 541600 ns
[2020-05-02T05:46:00.251+0000][1][safepoint    ] Safepoint "Cleanup", Time since last: 1000327600 ns, Reaching safepoint: 297000 ns, At safepoint: 45000 ns, Total: 342000 ns
[2020-05-02T05:46:01.251+0000][1][safepoint    ] Safepoint "Cleanup", Time since last: 1000179100 ns, Reaching safepoint: 125700 ns, At safepoint: 29400 ns, Total: 155100 ns
[2020-05-02T05:46:02.252+0000][1][safepoint    ] Safepoint "Cleanup", Time since last: 1000302500 ns, Reaching safepoint: 425200 ns, At safepoint: 131300 ns, Total: 556500 ns
[2020-05-02T05:46:03.253+0000][1][safepoint    ] Safepoint "Cleanup", Time since last: 1000727300 ns, Reaching safepoint: 442000 ns, At safepoint: 136400 ns, Total: 578400 ns
[2020-05-02T05:46:04.254+0000][1][safepoint    ] Safepoint "Cleanup", Time since last: 1000493100 ns, Reaching safepoint: 194600 ns, At safepoint: 32200 ns, Total: 226800 ns
[2020-05-02T05:46:05.258+0000][1][safepoint    ] Safepoint "Cleanup", Time since last: 1003700900 ns, Reaching safepoint: 413700 ns, At safepoint: 131200 ns, Total: 544900 ns
[2020-05-02T05:46:06.259+0000][1][safepoint    ] Safepoint "Cleanup", Time since last: 1000495300 ns, Reaching safepoint: 368600 ns, At safepoint: 95100 ns, Total: 463700 ns
[2020-05-02T05:46:07.260+0000][1][safepoint    ] Safepoint "Cleanup", Time since last: 1000640900 ns, Reaching safepoint: 414100 ns, At safepoint: 130200 ns, Total: 544300 ns
[2020-05-02T05:46:08.261+0000][1][safepoint    ] Safepoint "Cleanup", Time since last: 1000715600 ns, Reaching safepoint: 151900 ns, At safepoint: 40100 ns, Total: 192000 ns
[2020-05-02T05:46:09.262+0000][1][safepoint    ] Safepoint "Cleanup", Time since last: 1000516600 ns, Reaching safepoint: 311600 ns, At safepoint: 95200 ns, Total: 406800 ns
[2020-05-02T05:46:10.263+0000][1][safepoint    ] Safepoint "Cleanup", Time since last: 1000314900 ns, Reaching safepoint: 127800 ns, At safepoint: 25800 ns, Total: 153600 ns
[2020-05-02T05:46:11.263+0000][1][safepoint    ] Safepoint "Cleanup", Time since last: 1000510900 ns, Reaching safepoint: 184500 ns, At safepoint: 32400 ns, Total: 216900 ns
[2020-05-02T05:46:12.264+0000][1][safepoint    ] Safepoint "Cleanup", Time since last: 1000168200 ns, Reaching safepoint: 166200 ns, At safepoint: 32100 ns, Total: 198300 ns
[2020-05-02T05:46:13.265+0000][1][safepoint    ] Safepoint "Cleanup", Time since last: 1000785100 ns, Reaching safepoint: 417200 ns, At safepoint: 134700 ns, Total: 551900 ns
[2020-05-02T05:46:14.266+0000][1][safepoint    ] Safepoint "Cleanup", Time since last: 1000679500 ns, Reaching safepoint: 146700 ns, At safepoint: 38300 ns, Total: 185000 ns
[2020-05-02T05:46:15.266+0000][1][safepoint    ] Safepoint "Cleanup", Time since last: 1000334000 ns, Reaching safepoint: 134400 ns, At safepoint: 31600 ns, Total: 166000 ns
[2020-05-02T05:46:16.268+0000][1][safepoint    ] Safepoint "Cleanup", Time since last: 1000634300 ns, Reaching safepoint: 413500 ns, At safepoint: 131500 ns, Total: 545000 ns
[2020-05-02T05:46:16.839+0000][1][safepoint    ] Safepoint "RevokeBias", Time since last: 571607800 ns, Reaching safepoint: 144900 ns, At safepoint: 74100 ns, Total: 219000 ns
[2020-05-02T05:46:16.843+0000][1][safepoint    ] Safepoint "RevokeBias", Time since last: 3253700 ns, Reaching safepoint: 212600 ns, At safepoint: 51700 ns, Total: 264300 ns
[2020-05-02T05:46:16.879+0000][1][safepoint    ] Safepoint "RevokeBias", Time since last: 35795500 ns, Reaching safepoint: 250500 ns, At safepoint: 88300 ns, Total: 338800 ns
[2020-05-02T05:46:16.879+0000][1][safepoint    ] Safepoint "RevokeBias", Time since last: 198800 ns, Reaching safepoint: 102200 ns, At safepoint: 61300 ns, Total: 163500 ns
[2020-05-02T05:46:16.904+0000][1][safepoint    ] Safepoint "RevokeBias", Time since last: 24826800 ns, Reaching safepoint: 143800 ns, At safepoint: 38200 ns, Total: 182000 ns
[2020-05-02T05:46:16.906+0000][1][safepoint    ] Safepoint "RevokeBias", Time since last: 1543200 ns, Reaching safepoint: 121500 ns, At safepoint: 38300 ns, Total: 159800 ns
[2020-05-02T05:46:16.906+0000][1][safepoint    ] Safepoint "RevokeBias", Time since last: 130800 ns, Reaching safepoint: 80900 ns, At safepoint: 35700 ns, Total: 116600 ns
[2020-05-02T05:46:16.907+0000][1][safepoint    ] Safepoint "RevokeBias", Time since last: 290900 ns, Reaching safepoint: 77500 ns, At safepoint: 35900 ns, Total: 113400 ns
[2020-05-02T05:46:16.907+0000][1][safepoint    ] Safepoint "RevokeBias", Time since last: 129100 ns, Reaching safepoint: 72800 ns, At safepoint: 48000 ns, Total: 120800 ns
[2020-05-02T05:46:16.907+0000][1][safepoint    ] Safepoint "RevokeBias", Time since last: 95700 ns, Reaching safepoint: 77000 ns, At safepoint: 37300 ns, Total: 114300 ns
[2020-05-02T05:46:16.908+0000][1][safepoint    ] Safepoint "RevokeBias", Time since last: 157500 ns, Reaching safepoint: 73000 ns, At safepoint: 35500 ns, Total: 108500 ns
[2020-05-02T05:46:16.908+0000][1][safepoint    ] Safepoint "RevokeBias", Time since last: 111800 ns, Reaching safepoint: 91400 ns, At safepoint: 33600 ns, Total: 125000 ns
[2020-05-02T05:46:16.908+0000][1][safepoint    ] Safepoint "RevokeBias", Time since last: 136200 ns, Reaching safepoint: 74600 ns, At safepoint: 32700 ns, Total: 107300 ns
[2020-05-02T05:46:16.908+0000][1][safepoint    ] Safepoint "RevokeBias", Time since last: 91400 ns, Reaching safepoint: 74300 ns, At safepoint: 34500 ns, Total: 108800 ns
[2020-05-02T05:46:16.908+0000][1][safepoint    ] Safepoint "RevokeBias", Time since last: 84700 ns, Reaching safepoint: 67100 ns, At safepoint: 31800 ns, Total: 98900 ns
[2020-05-02T05:46:16.909+0000][1][safepoint    ] Safepoint "RevokeBias", Time since last: 77600 ns, Reaching safepoint: 68000 ns, At safepoint: 32200 ns, Total: 100200 ns
[2020-05-02T05:46:16.909+0000][1][safepoint    ] Safepoint "RevokeBias", Time since last: 78500 ns, Reaching safepoint: 83000 ns, At safepoint: 33900 ns, Total: 116900 ns
[2020-05-02T05:46:16.909+0000][1][safepoint    ] Safepoint "RevokeBias", Time since last: 82000 ns, Reaching safepoint: 72500 ns, At safepoint: 33600 ns, Total: 106100 ns
[2020-05-02T05:46:16.909+0000][1][safepoint    ] Safepoint "RevokeBias", Time since last: 142300 ns, Reaching safepoint: 72500 ns, At safepoint: 33900 ns, Total: 106400 ns
[2020-05-02T05:46:16.909+0000][1][safepoint    ] Safepoint "RevokeBias", Time since last: 87000 ns, Reaching safepoint: 72500 ns, At safepoint: 34100 ns, Total: 106600 ns
[2020-05-02T05:46:16.910+0000][1][safepoint    ] Safepoint "RevokeBias", Time since last: 181900 ns, Reaching safepoint: 75000 ns, At safepoint: 52700 ns, Total: 127700 ns
[2020-05-02T05:46:16.910+0000][1][safepoint    ] Safepoint "RevokeBias", Time since last: 100200 ns, Reaching safepoint: 71600 ns, At safepoint: 54000 ns, Total: 125600 ns
[2020-05-02T05:46:16.910+0000][1][safepoint    ] Safepoint "RevokeBias", Time since last: 98500 ns, Reaching safepoint: 71400 ns, At safepoint: 50000 ns, Total: 121400 ns
[2020-05-02T05:46:16.910+0000][1][safepoint    ] Safepoint "RevokeBias", Time since last: 114400 ns, Reaching safepoint: 70700 ns, At safepoint: 51300 ns, Total: 122000 ns
[2020-05-02T05:46:16.911+0000][1][safepoint    ] Safepoint "BulkRevokeBias", Time since last: 80200 ns, Reaching safepoint: 70300 ns, At safepoint: 526700 ns, Total: 597000 ns
[2020-05-02T05:46:16.913+0000][1][safepoint    ] Safepoint "RevokeBias", Time since last: 1643100 ns, Reaching safepoint: 219400 ns, At safepoint: 137100 ns, Total: 356500 ns
[2020-05-02T05:46:16.959+0000][1][safepoint    ] Safepoint "RevokeBias", Time since last: 45982000 ns, Reaching safepoint: 170000 ns, At safepoint: 37700 ns, Total: 207700 ns
[2020-05-02T05:46:16.967+0000][1][safepoint    ] Safepoint "RevokeBias", Time since last: 7949300 ns, Reaching safepoint: 124700 ns, At safepoint: 37500 ns, Total: 162200 ns
[2020-05-02T05:46:16.984+0000][1][safepoint    ] Safepoint "RevokeBias", Time since last: 16391600 ns, Reaching safepoint: 132700 ns, At safepoint: 36000 ns, Total: 168700 ns
[2020-05-02T05:46:16.990+0000][1][safepoint    ] Safepoint "RevokeBias", Time since last: 5522800 ns, Reaching safepoint: 148500 ns, At safepoint: 39100 ns, Total: 187600 ns
[2020-05-02T05:46:16.990+0000][1][safepoint    ] Safepoint "RevokeBias", Time since last: 656500 ns, Reaching safepoint: 115000 ns, At safepoint: 41200 ns, Total: 156200 ns
[2020-05-02T05:46:16.991+0000][1][safepoint    ] Safepoint "RevokeBias", Time since last: 173200 ns, Reaching safepoint: 96400 ns, At safepoint: 65700 ns, Total: 162100 ns
[2020-05-02T05:46:17.914+0000][1][safepoint    ] Safepoint "RevokeBias", Time since last: 922716100 ns, Reaching safepoint: 334400 ns, At safepoint: 141500 ns, Total: 475900 ns
[2020-05-02T05:46:17.915+0000][1][safepoint    ] Safepoint "RevokeBias", Time since last: 502000 ns, Reaching safepoint: 236600 ns, At safepoint: 116000 ns, Total: 352600 ns
[2020-05-02T05:46:17.916+0000][1][safepoint    ] Safepoint "RevokeBias", Time since last: 434500 ns, Reaching safepoint: 286700 ns, At safepoint: 113100 ns, Total: 399800 ns
[2020-05-02T05:46:18.224+0000][1][safepoint    ] Safepoint "RevokeBias", Time since last: 307710100 ns, Reaching safepoint: 129200 ns, At safepoint: 40100 ns, Total: 169300 ns
[2020-05-02T05:46:19.225+0000][1][safepoint    ] Safepoint "Cleanup", Time since last: 1000355200 ns, Reaching safepoint: 461300 ns, At safepoint: 231000 ns, Total: 692300 ns
[2020-05-02T05:46:20.225+0000][1][safepoint    ] Safepoint "Cleanup", Time since last: 1000631400 ns, Reaching safepoint: 133200 ns, At safepoint: 45400 ns, Total: 178600 ns
[2020-05-02T05:46:21.227+0000][1][safepoint    ] Safepoint "Cleanup", Time since last: 1000553900 ns, Reaching safepoint: 665200 ns, At safepoint: 263300 ns, Total: 928500 ns
[2020-05-02T05:46:22.228+0000][1][safepoint    ] Safepoint "Cleanup", Time since last: 1000424100 ns, Reaching safepoint: 495600 ns, At safepoint: 146100 ns, Total: 641700 ns
[2020-05-02T05:46:23.229+0000][1][safepoint    ] Safepoint "Cleanup", Time since last: 1000602800 ns, Reaching safepoint: 256500 ns, At safepoint: 58800 ns, Total: 315300 ns
[2020-05-02T05:46:24.230+0000][1][safepoint    ] Safepoint "Cleanup", Time since last: 1000359100 ns, Reaching safepoint: 418500 ns, At safepoint: 206900 ns, Total: 625400 ns
[2020-05-02T05:46:25.231+0000][1][safepoint    ] Safepoint "Cleanup", Time since last: 1000652400 ns, Reaching safepoint: 196100 ns, At safepoint: 83500 ns, Total: 279600 ns
[2020-05-02T05:46:25.454+0000][1][safepoint    ] Safepoint "RevokeBias", Time since last: 223050600 ns, Reaching safepoint: 147900 ns, At safepoint: 45000 ns, Total: 192900 ns
[2020-05-02T05:46:25.484+0000][1][safepoint    ] Safepoint "RevokeBias", Time since last: 29987900 ns, Reaching safepoint: 210500 ns, At safepoint: 93100 ns, Total: 303600 ns
[2020-05-02T05:46:25.485+0000][1][safepoint    ] Safepoint "RevokeBias", Time since last: 224600 ns, Reaching safepoint: 164000 ns, At safepoint: 73900 ns, Total: 237900 ns
[2020-05-02T05:46:25.488+0000][1][safepoint    ] Safepoint "RevokeBias", Time since last: 2395600 ns, Reaching safepoint: 281800 ns, At safepoint: 103400 ns, Total: 385200 ns
[2020-05-02T05:46:25.489+0000][1][safepoint    ] Safepoint "BulkRevokeBias", Time since last: 254100 ns, Reaching safepoint: 179200 ns, At safepoint: 887000 ns, Total: 1066200 ns
[2020-05-02T05:46:25.491+0000][1][safepoint    ] Safepoint "RevokeBias", Time since last: 2177100 ns, Reaching safepoint: 178300 ns, At safepoint: 60600 ns, Total: 238900 ns
[2020-05-02T05:46:25.526+0000][1][safepoint    ] Safepoint "RevokeBias", Time since last: 34238100 ns, Reaching safepoint: 122900 ns, At safepoint: 56800 ns, Total: 179700 ns
[2020-05-02T05:46:25.526+0000][1][safepoint    ] Safepoint "RevokeBias", Time since last: 354800 ns, Reaching safepoint: 115800 ns, At safepoint: 37100 ns, Total: 152900 ns
[2020-05-02T05:46:25.527+0000][1][safepoint    ] Safepoint "RevokeBias", Time since last: 127000 ns, Reaching safepoint: 83400 ns, At safepoint: 34400 ns, Total: 117800 ns
[2020-05-02T05:46:25.527+0000][1][safepoint    ] Safepoint "RevokeBias", Time since last: 154500 ns, Reaching safepoint: 101000 ns, At safepoint: 49000 ns, Total: 150000 ns
[2020-05-02T05:46:25.527+0000][1][safepoint    ] Safepoint "RevokeBias", Time since last: 193500 ns, Reaching safepoint: 73900 ns, At safepoint: 41600 ns, Total: 115500 ns
[2020-05-02T05:46:25.527+0000][1][safepoint    ] Safepoint "RevokeBias", Time since last: 139100 ns, Reaching safepoint: 71000 ns, At safepoint: 31700 ns, Total: 102700 ns
[2020-05-02T05:46:25.528+0000][1][safepoint    ] Safepoint "RevokeBias", Time since last: 89800 ns, Reaching safepoint: 68900 ns, At safepoint: 30800 ns, Total: 99700 ns
[2020-05-02T05:46:25.528+0000][1][safepoint    ] Safepoint "RevokeBias", Time since last: 312000 ns, Reaching safepoint: 90200 ns, At safepoint: 49400 ns, Total: 139600 ns
[2020-05-02T05:46:25.528+0000][1][safepoint    ] Safepoint "RevokeBias", Time since last: 135100 ns, Reaching safepoint: 77300 ns, At safepoint: 32600 ns, Total: 109900 ns
[2020-05-02T05:46:25.529+0000][1][safepoint    ] Safepoint "RevokeBias", Time since last: 183100 ns, Reaching safepoint: 74300 ns, At safepoint: 32000 ns, Total: 106300 ns
[2020-05-02T05:46:25.529+0000][1][safepoint    ] Safepoint "RevokeBias", Time since last: 168100 ns, Reaching safepoint: 98600 ns, At safepoint: 37300 ns, Total: 135900 ns
[2020-05-02T05:46:25.529+0000][1][safepoint    ] Safepoint "RevokeBias", Time since last: 405700 ns, Reaching safepoint: 88900 ns, At safepoint: 37400 ns, Total: 126300 ns
[2020-05-02T05:46:25.530+0000][1][gc,start     ] GC(40) Pause Young (Allocation Failure)
[2020-05-02T05:46:25.530+0000][1][gc,task      ] GC(40) Using 10 workers of 10 for evacuation
[2020-05-02T05:46:25.532+0000][1][gc,age       ] GC(40) Desired survivor size 8945664 bytes, new threshold 6 (max threshold 6)
[2020-05-02T05:46:25.532+0000][1][gc,age       ] GC(40) Age table with threshold 6 (max threshold 6)
[2020-05-02T05:46:25.532+0000][1][gc,age       ] GC(40) - age   1:     444104 bytes,     444104 total
[2020-05-02T05:46:25.532+0000][1][gc,age       ] GC(40) - age   2:      99512 bytes,     543616 total
[2020-05-02T05:46:25.532+0000][1][gc,age       ] GC(40) - age   3:       8160 bytes,     551776 total
[2020-05-02T05:46:25.532+0000][1][gc,age       ] GC(40) - age   4:       9504 bytes,     561280 total
[2020-05-02T05:46:25.532+0000][1][gc,age       ] GC(40) - age   5:        344 bytes,     561624 total
[2020-05-02T05:46:25.532+0000][1][gc,age       ] GC(40) - age   6:       8472 bytes,     570096 total
[2020-05-02T05:46:25.533+0000][1][gc,heap      ] GC(40) ParNew: 140076K->587K(157248K)
[2020-05-02T05:46:25.533+0000][1][gc,heap      ] GC(40) CMS: 81738K->81740K(349568K)
[2020-05-02T05:46:25.533+0000][1][gc,metaspace ] GC(40) Metaspace: 96601K->96601K(1138688K)
[2020-05-02T05:46:25.533+0000][1][gc           ] GC(40) Pause Young (Allocation Failure) 216M->80M(494M) 2.866ms
[2020-05-02T05:46:25.533+0000][1][gc,cpu       ] GC(40) User=0.01s Sys=0.00s Real=0.00s
[2020-05-02T05:46:25.533+0000][1][safepoint    ] Safepoint "GenCollectForAllocation", Time since last: 204500 ns, Reaching safepoint: 88500 ns, At safepoint: 2964800 ns, Total: 3053300 ns
[2020-05-02T05:46:25.534+0000][1][safepoint    ] Safepoint "RevokeBias", Time since last: 901600 ns, Reaching safepoint: 113500 ns, At safepoint: 52100 ns, Total: 165600 ns
[2020-05-02T05:46:25.534+0000][1][safepoint    ] Safepoint "RevokeBias", Time since last: 103400 ns, Reaching safepoint: 90200 ns, At safepoint: 35300 ns, Total: 125500 ns
[2020-05-02T05:46:25.537+0000][1][safepoint    ] Safepoint "RevokeBias", Time since last: 2847900 ns, Reaching safepoint: 487200 ns, At safepoint: 80500 ns, Total: 567700 ns
[2020-05-02T05:46:25.544+0000][1][safepoint    ] Safepoint "RevokeBias", Time since last: 6342800 ns, Reaching safepoint: 220800 ns, At safepoint: 98500 ns, Total: 319300 ns
[2020-05-02T05:46:25.544+0000][1][safepoint    ] Safepoint "RevokeBias", Time since last: 228300 ns, Reaching safepoint: 125800 ns, At safepoint: 50900 ns, Total: 176700 ns
[2020-05-02T05:46:25.550+0000][1][safepoint    ] Safepoint "RevokeBias", Time since last: 5124200 ns, Reaching safepoint: 130500 ns, At safepoint: 72800 ns, Total: 203300 ns
[2020-05-02T05:46:25.550+0000][1][safepoint    ] Safepoint "RevokeBias", Time since last: 150100 ns, Reaching safepoint: 239400 ns, At safepoint: 55400 ns, Total: 294800 ns
[2020-05-02T05:46:25.550+0000][1][safepoint    ] Safepoint "RevokeBias", Time since last: 112700 ns, Reaching safepoint: 96000 ns, At safepoint: 58600 ns, Total: 154600 ns
[2020-05-02T05:46:25.551+0000][1][safepoint    ] Safepoint "RevokeBias", Time since last: 106300 ns, Reaching safepoint: 82100 ns, At safepoint: 53500 ns, Total: 135600 ns
[2020-05-02T05:46:25.551+0000][1][safepoint    ] Safepoint "RevokeBias", Time since last: 117800 ns, Reaching safepoint: 93200 ns, At safepoint: 65300 ns, Total: 158500 ns
[2020-05-02T05:46:25.551+0000][1][safepoint    ] Safepoint "RevokeBias", Time since last: 107400 ns, Reaching safepoint: 78400 ns, At safepoint: 52800 ns, Total: 131200 ns
[2020-05-02T05:46:25.551+0000][1][safepoint    ] Safepoint "RevokeBias", Time since last: 96200 ns, Reaching safepoint: 79000 ns, At safepoint: 51600 ns, Total: 130600 ns
[2020-05-02T05:46:25.552+0000][1][safepoint    ] Safepoint "RevokeBias", Time since last: 91600 ns, Reaching safepoint: 77100 ns, At safepoint: 34500 ns, Total: 111600 ns
[2020-05-02T05:46:25.552+0000][1][safepoint    ] Safepoint "RevokeBias", Time since last: 112400 ns, Reaching safepoint: 72500 ns, At safepoint: 46100 ns, Total: 118600 ns
[2020-05-02T05:46:25.552+0000][1][safepoint    ] Safepoint "RevokeBias", Time since last: 96000 ns, Reaching safepoint: 72000 ns, At safepoint: 46000 ns, Total: 118000 ns
[2020-05-02T05:46:25.552+0000][1][safepoint    ] Safepoint "RevokeBias", Time since last: 130300 ns, Reaching safepoint: 194700 ns, At safepoint: 32800 ns, Total: 227500 ns
[2020-05-02T05:46:25.561+0000][1][safepoint    ] Safepoint "RevokeBias", Time since last: 8381600 ns, Reaching safepoint: 142400 ns, At safepoint: 48300 ns, Total: 190700 ns
[2020-05-02T05:46:25.583+0000][1][safepoint    ] Safepoint "RevokeBias", Time since last: 21749500 ns, Reaching safepoint: 123000 ns, At safepoint: 46300 ns, Total: 169300 ns
[2020-05-02T05:46:25.586+0000][1][safepoint    ] Safepoint "RevokeBias", Time since last: 3115300 ns, Reaching safepoint: 129600 ns, At safepoint: 75000 ns, Total: 204600 ns
[2020-05-02T05:46:25.627+0000][1][safepoint    ] Safepoint "RevokeBias", Time since last: 40166000 ns, Reaching safepoint: 127700 ns, At safepoint: 50500 ns, Total: 178200 ns
[2020-05-02T05:46:25.634+0000][1][safepoint    ] Safepoint "RevokeBias", Time since last: 7178100 ns, Reaching safepoint: 187100 ns, At safepoint: 43400 ns, Total: 230500 ns
[2020-05-02T05:46:25.649+0000][1][safepoint    ] Safepoint "RevokeBias", Time since last: 14810300 ns, Reaching safepoint: 151500 ns, At safepoint: 31700 ns, Total: 183200 ns
[2020-05-02T05:46:25.656+0000][1][safepoint    ] Safepoint "RevokeBias", Time since last: 6424900 ns, Reaching safepoint: 132000 ns, At safepoint: 36400 ns, Total: 168400 ns
[2020-05-02T05:46:25.656+0000][1][safepoint    ] Safepoint "RevokeBias", Time since last: 103400 ns, Reaching safepoint: 98700 ns, At safepoint: 31100 ns, Total: 129800 ns
[2020-05-02T05:46:26.587+0000][1][safepoint    ] Safepoint "RevokeBias", Time since last: 930966000 ns, Reaching safepoint: 508200 ns, At safepoint: 161800 ns, Total: 670000 ns
[2020-05-02T05:46:26.589+0000][1][safepoint    ] Safepoint "RevokeBias", Time since last: 725800 ns, Reaching safepoint: 367200 ns, At safepoint: 155200 ns, Total: 522400 ns
[2020-05-02T05:46:26.590+0000][1][safepoint    ] Safepoint "RevokeBias", Time since last: 509800 ns, Reaching safepoint: 339600 ns, At safepoint: 157800 ns, Total: 497400 ns
[2020-05-02T05:46:27.590+0000][1][safepoint    ] Safepoint "Cleanup", Time since last: 1000259200 ns, Reaching safepoint: 149700 ns, At safepoint: 47700 ns, Total: 197400 ns
[2020-05-02T05:46:28.230+0000][1][safepoint    ] Safepoint "RevokeBias", Time since last: 639688700 ns, Reaching safepoint: 249900 ns, At safepoint: 92200 ns, Total: 342100 ns
[2020-05-02T05:46:29.232+0000][1][safepoint    ] Safepoint "Cleanup", Time since last: 1000799600 ns, Reaching safepoint: 404500 ns, At safepoint: 126800 ns, Total: 531300 ns
[2020-05-02T05:46:30.233+0000][1][safepoint    ] Safepoint "Cleanup", Time since last: 1000798800 ns, Reaching safepoint: 428600 ns, At safepoint: 129700 ns, Total: 558300 ns
[2020-05-02T05:46:31.233+0000][1][safepoint    ] Safepoint "Cleanup", Time since last: 1000344100 ns, Reaching safepoint: 138900 ns, At safepoint: 28200 ns, Total: 167100 ns
[2020-05-02T05:46:32.234+0000][1][safepoint    ] Safepoint "Cleanup", Time since last: 1000202900 ns, Reaching safepoint: 129100 ns, At safepoint: 28100 ns, Total: 157200 ns
[2020-05-02T05:46:33.234+0000][1][safepoint    ] Safepoint "Cleanup", Time since last: 1000205700 ns, Reaching safepoint: 123600 ns, At safepoint: 26300 ns, Total: 149900 ns
[2020-05-02T05:46:34.235+0000][1][safepoint    ] Safepoint "Cleanup", Time since last: 1000413200 ns, Reaching safepoint: 698500 ns, At safepoint: 130600 ns, Total: 829100 ns
[2020-05-02T05:46:35.237+0000][1][safepoint    ] Safepoint "Cleanup", Time since last: 1000910900 ns, Reaching safepoint: 667100 ns, At safepoint: 201300 ns, Total: 868400 ns
[2020-05-02T05:46:36.239+0000][1][safepoint    ] Safepoint "Cleanup", Time since last: 1000921900 ns, Reaching safepoint: 427800 ns, At safepoint: 202000 ns, Total: 629800 ns
[2020-05-02T05:46:37.240+0000][1][safepoint    ] Safepoint "Cleanup", Time since last: 1000660100 ns, Reaching safepoint: 439600 ns, At safepoint: 202200 ns, Total: 641800 ns
[2020-05-02T05:46:37.551+0000][1][safepoint    ] Safepoint "RevokeBias", Time since last: 310686500 ns, Reaching safepoint: 352800 ns, At safepoint: 94500 ns, Total: 447300 ns
[2020-05-02T05:46:37.596+0000][1][safepoint    ] Safepoint "RevokeBias", Time since last: 44791800 ns, Reaching safepoint: 146800 ns, At safepoint: 40800 ns, Total: 187600 ns
[2020-05-02T05:46:37.597+0000][1][safepoint    ] Safepoint "RevokeBias", Time since last: 352100 ns, Reaching safepoint: 159300 ns, At safepoint: 52300 ns, Total: 211600 ns
[2020-05-02T05:46:37.597+0000][1][safepoint    ] Safepoint "RevokeBias", Time since last: 179500 ns, Reaching safepoint: 225600 ns, At safepoint: 38800 ns, Total: 264400 ns
[2020-05-02T05:46:37.597+0000][1][safepoint    ] Safepoint "RevokeBias", Time since last: 119600 ns, Reaching safepoint: 82100 ns, At safepoint: 46700 ns, Total: 128800 ns
[2020-05-02T05:46:37.598+0000][1][safepoint    ] Safepoint "RevokeBias", Time since last: 149000 ns, Reaching safepoint: 163900 ns, At safepoint: 62300 ns, Total: 226200 ns
[2020-05-02T05:46:37.598+0000][1][safepoint    ] Safepoint "RevokeBias", Time since last: 132100 ns, Reaching safepoint: 179300 ns, At safepoint: 34400 ns, Total: 213700 ns
[2020-05-02T05:46:37.598+0000][1][safepoint    ] Safepoint "RevokeBias", Time since last: 179400 ns, Reaching safepoint: 88600 ns, At safepoint: 54600 ns, Total: 143200 ns
[2020-05-02T05:46:37.599+0000][1][safepoint    ] Safepoint "RevokeBias", Time since last: 194700 ns, Reaching safepoint: 71400 ns, At safepoint: 32700 ns, Total: 104100 ns
[2020-05-02T05:46:37.599+0000][1][safepoint    ] Safepoint "RevokeBias", Time since last: 192500 ns, Reaching safepoint: 68100 ns, At safepoint: 32200 ns, Total: 100300 ns
[2020-05-02T05:46:37.599+0000][1][safepoint    ] Safepoint "RevokeBias", Time since last: 316600 ns, Reaching safepoint: 77900 ns, At safepoint: 35500 ns, Total: 113400 ns
[2020-05-02T05:46:37.600+0000][1][safepoint    ] Safepoint "RevokeBias", Time since last: 135600 ns, Reaching safepoint: 76000 ns, At safepoint: 33000 ns, Total: 109000 ns
[2020-05-02T05:46:37.600+0000][1][safepoint    ] Safepoint "RevokeBias", Time since last: 159100 ns, Reaching safepoint: 93700 ns, At safepoint: 32800 ns, Total: 126500 ns
[2020-05-02T05:46:37.600+0000][1][safepoint    ] Safepoint "RevokeBias", Time since last: 185800 ns, Reaching safepoint: 114200 ns, At safepoint: 33100 ns, Total: 147300 ns
[2020-05-02T05:46:37.601+0000][1][safepoint    ] Safepoint "RevokeBias", Time since last: 173200 ns, Reaching safepoint: 67800 ns, At safepoint: 29900 ns, Total: 97700 ns
[2020-05-02T05:46:37.601+0000][1][safepoint    ] Safepoint "RevokeBias", Time since last: 160500 ns, Reaching safepoint: 66300 ns, At safepoint: 29200 ns, Total: 95500 ns
[2020-05-02T05:46:37.606+0000][1][safepoint    ] Safepoint "RevokeBias", Time since last: 5220500 ns, Reaching safepoint: 264200 ns, At safepoint: 139600 ns, Total: 403800 ns
[2020-05-02T05:46:37.617+0000][1][safepoint    ] Safepoint "RevokeBias", Time since last: 9776600 ns, Reaching safepoint: 280400 ns, At safepoint: 101600 ns, Total: 382000 ns
[2020-05-02T05:46:37.617+0000][1][safepoint    ] Safepoint "RevokeBias", Time since last: 359000 ns, Reaching safepoint: 139800 ns, At safepoint: 98700 ns, Total: 238500 ns
[2020-05-02T05:46:37.657+0000][1][safepoint    ] Safepoint "RevokeBias", Time since last: 40023400 ns, Reaching safepoint: 131700 ns, At safepoint: 39200 ns, Total: 170900 ns
[2020-05-02T05:46:37.661+0000][1][safepoint    ] Safepoint "RevokeBias", Time since last: 3398100 ns, Reaching safepoint: 250100 ns, At safepoint: 94400 ns, Total: 344500 ns
[2020-05-02T05:46:37.703+0000][1][safepoint    ] Safepoint "RevokeBias", Time since last: 41875100 ns, Reaching safepoint: 125400 ns, At safepoint: 31900 ns, Total: 157300 ns
[2020-05-02T05:46:37.711+0000][1][safepoint    ] Safepoint "BulkRevokeBias", Time since last: 6929200 ns, Reaching safepoint: 106700 ns, At safepoint: 438000 ns, Total: 544700 ns
[2020-05-02T05:46:37.725+0000][1][safepoint    ] Safepoint "RevokeBias", Time since last: 14614000 ns, Reaching safepoint: 123900 ns, At safepoint: 51800 ns, Total: 175700 ns
[2020-05-02T05:46:37.730+0000][1][safepoint    ] Safepoint "RevokeBias", Time since last: 4876500 ns, Reaching safepoint: 122600 ns, At safepoint: 38000 ns, Total: 160600 ns
[2020-05-02T05:46:38.237+0000][1][safepoint    ] Safepoint "RevokeBias", Time since last: 506059500 ns, Reaching safepoint: 139200 ns, At safepoint: 39600 ns, Total: 178800 ns
[2020-05-02T05:46:38.662+0000][1][safepoint    ] Safepoint "RevokeBias", Time since last: 425047200 ns, Reaching safepoint: 478600 ns, At safepoint: 167300 ns, Total: 645900 ns
[2020-05-02T05:46:38.664+0000][1][safepoint    ] Safepoint "RevokeBias", Time since last: 656900 ns, Reaching safepoint: 426800 ns, At safepoint: 158800 ns, Total: 585600 ns
[2020-05-02T05:46:38.665+0000][1][safepoint    ] Safepoint "RevokeBias", Time since last: 553200 ns, Reaching safepoint: 515800 ns, At safepoint: 149900 ns, Total: 665700 ns
[2020-05-02T05:46:39.666+0000][1][safepoint    ] Safepoint "Cleanup", Time since last: 1000469900 ns, Reaching safepoint: 452500 ns, At safepoint: 248600 ns, Total: 701100 ns
[2020-05-02T05:46:40.668+0000][1][safepoint    ] Safepoint "Cleanup", Time since last: 1000902400 ns, Reaching safepoint: 631900 ns, At safepoint: 341600 ns, Total: 973500 ns
[2020-05-02T05:46:41.107+0000][1][safepoint    ] Safepoint "RevokeBias", Time since last: 437910500 ns, Reaching safepoint: 662400 ns, At safepoint: 235900 ns, Total: 898300 ns
[2020-05-02T05:46:42.108+0000][1][safepoint    ] Safepoint "Cleanup", Time since last: 1000937400 ns, Reaching safepoint: 444400 ns, At safepoint: 138900 ns, Total: 583300 ns
[2020-05-02T05:46:43.110+0000][1][safepoint    ] Safepoint "Cleanup", Time since last: 1000779300 ns, Reaching safepoint: 417400 ns, At safepoint: 139800 ns, Total: 557200 ns
[2020-05-02T05:46:44.111+0000][1][safepoint    ] Safepoint "Cleanup", Time since last: 1000653200 ns, Reaching safepoint: 445900 ns, At safepoint: 144200 ns, Total: 590100 ns
[2020-05-02T05:46:45.112+0000][1][safepoint    ] Safepoint "Cleanup", Time since last: 1000750300 ns, Reaching safepoint: 438600 ns, At safepoint: 136100 ns, Total: 574700 ns
[2020-05-02T05:46:46.114+0000][1][safepoint    ] Safepoint "Cleanup", Time since last: 1000800900 ns, Reaching safepoint: 440200 ns, At safepoint: 136600 ns, Total: 576800 ns
[2020-05-02T05:46:47.114+0000][1][safepoint    ] Safepoint "Cleanup", Time since last: 1000326500 ns, Reaching safepoint: 131000 ns, At safepoint: 26500 ns, Total: 157500 ns
[2020-05-02T05:46:47.538+0000][1][safepoint    ] Safepoint "RevokeBias", Time since last: 423395000 ns, Reaching safepoint: 256800 ns, At safepoint: 73800 ns, Total: 330600 ns
[2020-05-02T05:46:47.552+0000][1][safepoint    ] Safepoint "RevokeBias", Time since last: 13940900 ns, Reaching safepoint: 178900 ns, At safepoint: 48900 ns, Total: 227800 ns
[2020-05-02T05:46:47.552+0000][1][safepoint    ] Safepoint "RevokeBias", Time since last: 177700 ns, Reaching safepoint: 179700 ns, At safepoint: 58400 ns, Total: 238100 ns
[2020-05-02T05:46:47.553+0000][1][safepoint    ] Safepoint "RevokeBias", Time since last: 429000 ns, Reaching safepoint: 221400 ns, At safepoint: 44600 ns, Total: 266000 ns
[2020-05-02T05:46:47.582+0000][1][safepoint    ] Safepoint "RevokeBias", Time since last: 28583100 ns, Reaching safepoint: 131600 ns, At safepoint: 76600 ns, Total: 208200 ns
[2020-05-02T05:46:47.582+0000][1][safepoint    ] Safepoint "RevokeBias", Time since last: 236700 ns, Reaching safepoint: 224900 ns, At safepoint: 63800 ns, Total: 288700 ns
[2020-05-02T05:46:47.583+0000][1][safepoint    ] Safepoint "RevokeBias", Time since last: 108100 ns, Reaching safepoint: 207100 ns, At safepoint: 74300 ns, Total: 281400 ns
[2020-05-02T05:46:47.583+0000][1][safepoint    ] Safepoint "RevokeBias", Time since last: 106900 ns, Reaching safepoint: 76900 ns, At safepoint: 65200 ns, Total: 142100 ns
[2020-05-02T05:46:47.583+0000][1][safepoint    ] Safepoint "RevokeBias", Time since last: 105100 ns, Reaching safepoint: 87800 ns, At safepoint: 80400 ns, Total: 168200 ns
[2020-05-02T05:46:47.584+0000][1][safepoint    ] Safepoint "RevokeBias", Time since last: 123400 ns, Reaching safepoint: 158000 ns, At safepoint: 46900 ns, Total: 204900 ns
[2020-05-02T05:46:47.584+0000][1][safepoint    ] Safepoint "RevokeBias", Time since last: 100500 ns, Reaching safepoint: 70800 ns, At safepoint: 73600 ns, Total: 144400 ns
[2020-05-02T05:46:47.584+0000][1][safepoint    ] Safepoint "RevokeBias", Time since last: 150500 ns, Reaching safepoint: 101300 ns, At safepoint: 43100 ns, Total: 144400 ns
[2020-05-02T05:46:47.584+0000][1][safepoint    ] Safepoint "RevokeBias", Time since last: 108200 ns, Reaching safepoint: 139800 ns, At safepoint: 38900 ns, Total: 178700 ns
[2020-05-02T05:46:47.585+0000][1][safepoint    ] Safepoint "RevokeBias", Time since last: 356500 ns, Reaching safepoint: 153400 ns, At safepoint: 52200 ns, Total: 205600 ns
[2020-05-02T05:46:47.585+0000][1][safepoint    ] Safepoint "RevokeBias", Time since last: 105500 ns, Reaching safepoint: 80900 ns, At safepoint: 35000 ns, Total: 115900 ns
[2020-05-02T05:46:47.585+0000][1][safepoint    ] Safepoint "RevokeBias", Time since last: 105900 ns, Reaching safepoint: 101100 ns, At safepoint: 35200 ns, Total: 136300 ns
[2020-05-02T05:46:47.586+0000][1][safepoint    ] Safepoint "RevokeBias", Time since last: 167800 ns, Reaching safepoint: 85400 ns, At safepoint: 34400 ns, Total: 119800 ns
[2020-05-02T05:46:47.586+0000][1][safepoint    ] Safepoint "RevokeBias", Time since last: 289300 ns, Reaching safepoint: 93900 ns, At safepoint: 53400 ns, Total: 147300 ns
[2020-05-02T05:46:47.586+0000][1][safepoint    ] Safepoint "RevokeBias", Time since last: 151400 ns, Reaching safepoint: 76800 ns, At safepoint: 35100 ns, Total: 111900 ns
[2020-05-02T05:46:47.590+0000][1][safepoint    ] Safepoint "RevokeBias", Time since last: 2870700 ns, Reaching safepoint: 201600 ns, At safepoint: 55200 ns, Total: 256800 ns
[2020-05-02T05:46:47.597+0000][1][safepoint    ] Safepoint "RevokeBias", Time since last: 7665400 ns, Reaching safepoint: 143100 ns, At safepoint: 61800 ns, Total: 204900 ns
[2020-05-02T05:46:47.598+0000][1][safepoint    ] Safepoint "RevokeBias", Time since last: 227500 ns, Reaching safepoint: 147200 ns, At safepoint: 76500 ns, Total: 223700 ns
[2020-05-02T05:46:47.631+0000][1][safepoint    ] Safepoint "RevokeBias", Time since last: 33036200 ns, Reaching safepoint: 152600 ns, At safepoint: 57600 ns, Total: 210200 ns
[2020-05-02T05:46:47.634+0000][1][safepoint    ] Safepoint "RevokeBias", Time since last: 2554400 ns, Reaching safepoint: 203800 ns, At safepoint: 82200 ns, Total: 286000 ns
[2020-05-02T05:46:47.675+0000][1][safepoint    ] Safepoint "RevokeBias", Time since last: 41077000 ns, Reaching safepoint: 148500 ns, At safepoint: 41800 ns, Total: 190300 ns
[2020-05-02T05:46:47.683+0000][1][safepoint    ] Safepoint "RevokeBias", Time since last: 7454000 ns, Reaching safepoint: 138700 ns, At safepoint: 37100 ns, Total: 175800 ns
[2020-05-02T05:46:47.699+0000][1][safepoint    ] Safepoint "RevokeBias", Time since last: 16197900 ns, Reaching safepoint: 132700 ns, At safepoint: 37500 ns, Total: 170200 ns
[2020-05-02T05:46:47.705+0000][1][safepoint    ] Safepoint "RevokeBias", Time since last: 6087800 ns, Reaching safepoint: 137700 ns, At safepoint: 55600 ns, Total: 193300 ns
[2020-05-02T05:46:48.247+0000][1][safepoint    ] Safepoint "RevokeBias", Time since last: 541032100 ns, Reaching safepoint: 246500 ns, At safepoint: 40600 ns, Total: 287100 ns
[2020-05-02T05:46:48.635+0000][1][safepoint    ] Safepoint "RevokeBias", Time since last: 387803900 ns, Reaching safepoint: 486500 ns, At safepoint: 167300 ns, Total: 653800 ns
[2020-05-02T05:46:48.637+0000][1][safepoint    ] Safepoint "RevokeBias", Time since last: 665200 ns, Reaching safepoint: 419400 ns, At safepoint: 158200 ns, Total: 577600 ns
[2020-05-02T05:46:48.638+0000][1][safepoint    ] Safepoint "RevokeBias", Time since last: 569700 ns, Reaching safepoint: 376300 ns, At safepoint: 164000 ns, Total: 540300 ns
[2020-05-02T05:46:49.638+0000][1][safepoint    ] Safepoint "Cleanup", Time since last: 1000421000 ns, Reaching safepoint: 131700 ns, At safepoint: 48800 ns, Total: 180500 ns
[2020-05-02T05:46:50.639+0000][1][safepoint    ] Safepoint "Cleanup", Time since last: 1000391700 ns, Reaching safepoint: 499400 ns, At safepoint: 198500 ns, Total: 697900 ns
[2020-05-02T05:46:51.640+0000][1][safepoint    ] Safepoint "Cleanup", Time since last: 1000609000 ns, Reaching safepoint: 222900 ns, At safepoint: 79000 ns, Total: 301900 ns
[2020-05-02T05:46:52.642+0000][1][safepoint    ] Safepoint "Cleanup", Time since last: 1000587900 ns, Reaching safepoint: 413700 ns, At safepoint: 262200 ns, Total: 675900 ns
[2020-05-02T05:46:53.643+0000][1][safepoint    ] Safepoint "Cleanup", Time since last: 1000531300 ns, Reaching safepoint: 427400 ns, At safepoint: 297000 ns, Total: 724400 ns
[2020-05-02T05:46:54.644+0000][1][safepoint    ] Safepoint "Cleanup", Time since last: 1000692300 ns, Reaching safepoint: 149000 ns, At safepoint: 70000 ns, Total: 219000 ns
[2020-05-02T05:46:55.645+0000][1][safepoint    ] Safepoint "Cleanup", Time since last: 1000531500 ns, Reaching safepoint: 461700 ns, At safepoint: 206500 ns, Total: 668200 ns
[2020-05-02T05:46:56.646+0000][1][safepoint    ] Safepoint "Cleanup", Time since last: 1000632400 ns, Reaching safepoint: 169800 ns, At safepoint: 66600 ns, Total: 236400 ns
[2020-05-02T05:46:57.646+0000][1][safepoint    ] Safepoint "Cleanup", Time since last: 1000224900 ns, Reaching safepoint: 157600 ns, At safepoint: 42000 ns, Total: 199600 ns
[2020-05-02T05:46:58.647+0000][1][safepoint    ] Safepoint "Cleanup", Time since last: 1000240900 ns, Reaching safepoint: 130800 ns, At safepoint: 43200 ns, Total: 174000 ns
[2020-05-02T05:46:59.647+0000][1][safepoint    ] Safepoint "Cleanup", Time since last: 1000468800 ns, Reaching safepoint: 245000 ns, At safepoint: 54300 ns, Total: 299300 ns
[2020-05-02T05:47:00.648+0000][1][safepoint    ] Safepoint "Cleanup", Time since last: 1000327800 ns, Reaching safepoint: 373700 ns, At safepoint: 110900 ns, Total: 484600 ns
[2020-05-02T05:47:01.649+0000][1][safepoint    ] Safepoint "Cleanup", Time since last: 1000342300 ns, Reaching safepoint: 565700 ns, At safepoint: 267100 ns, Total: 832800 ns
[2020-05-02T05:47:02.650+0000][1][safepoint    ] Safepoint "Cleanup", Time since last: 1000363500 ns, Reaching safepoint: 593700 ns, At safepoint: 149000 ns, Total: 742700 ns
[2020-05-02T05:47:03.651+0000][1][safepoint    ] Safepoint "Cleanup", Time since last: 1000489100 ns, Reaching safepoint: 254900 ns, At safepoint: 60900 ns, Total: 315800 ns
[2020-05-02T05:47:04.653+0000][1][safepoint    ] Safepoint "Cleanup", Time since last: 1000653900 ns, Reaching safepoint: 627800 ns, At safepoint: 306600 ns, Total: 934400 ns
[2020-05-02T05:47:05.654+0000][1][safepoint    ] Safepoint "Cleanup", Time since last: 1000400600 ns, Reaching safepoint: 425400 ns, At safepoint: 87300 ns, Total: 512700 ns
[2020-05-02T05:47:06.655+0000][1][safepoint    ] Safepoint "Cleanup", Time since last: 1000399800 ns, Reaching safepoint: 449200 ns, At safepoint: 128500 ns, Total: 577700 ns
[2020-05-02T05:47:07.656+0000][1][safepoint    ] Safepoint "Cleanup", Time since last: 1000469500 ns, Reaching safepoint: 474200 ns, At safepoint: 128900 ns, Total: 603100 ns
[2020-05-02T05:47:08.657+0000][1][safepoint    ] Safepoint "Cleanup", Time since last: 1000676400 ns, Reaching safepoint: 130300 ns, At safepoint: 31900 ns, Total: 162200 ns
[2020-05-02T05:47:09.658+0000][1][safepoint    ] Safepoint "Cleanup", Time since last: 1000456900 ns, Reaching safepoint: 436600 ns, At safepoint: 142100 ns, Total: 578700 ns
[2020-05-02T05:47:10.658+0000][1][safepoint    ] Safepoint "Cleanup", Time since last: 1000351600 ns, Reaching safepoint: 237900 ns, At safepoint: 67900 ns, Total: 305800 ns
[2020-05-02T05:47:11.113+0000][1][safepoint    ] Safepoint "RevokeBias", Time since last: 453476700 ns, Reaching safepoint: 957000 ns, At safepoint: 301400 ns, Total: 1258400 ns
[2020-05-02T05:47:12.114+0000][1][safepoint    ] Safepoint "Cleanup", Time since last: 1000557300 ns, Reaching safepoint: 137700 ns, At safepoint: 32400 ns, Total: 170100 ns
[2020-05-02T05:47:13.114+0000][1][safepoint    ] Safepoint "Cleanup", Time since last: 1000373100 ns, Reaching safepoint: 128300 ns, At safepoint: 60200 ns, Total: 188500 ns
[2020-05-02T05:47:14.115+0000][1][safepoint    ] Safepoint "Cleanup", Time since last: 1000241000 ns, Reaching safepoint: 211400 ns, At safepoint: 45500 ns, Total: 256900 ns
[2020-05-02T05:47:15.116+0000][1][safepoint    ] Safepoint "Cleanup", Time since last: 1000779800 ns, Reaching safepoint: 437200 ns, At safepoint: 141200 ns, Total: 578400 ns
[2020-05-02T05:47:16.117+0000][1][safepoint    ] Safepoint "Cleanup", Time since last: 1000349000 ns, Reaching safepoint: 327900 ns, At safepoint: 82600 ns, Total: 410500 ns
[2020-05-02T05:47:17.118+0000][1][safepoint    ] Safepoint "Cleanup", Time since last: 1000420200 ns, Reaching safepoint: 550100 ns, At safepoint: 131400 ns, Total: 681500 ns
[2020-05-02T05:47:17.635+0000][1][safepoint    ] Safepoint "RevokeBias", Time since last: 516311500 ns, Reaching safepoint: 408600 ns, At safepoint: 187800 ns, Total: 596400 ns
[2020-05-02T05:47:17.636+0000][1][safepoint    ] Safepoint "RevokeBias", Time since last: 908700 ns, Reaching safepoint: 111700 ns, At safepoint: 55100 ns, Total: 166800 ns
[2020-05-02T05:47:18.637+0000][1][safepoint    ] Safepoint "Cleanup", Time since last: 1000306000 ns, Reaching safepoint: 429000 ns, At safepoint: 130700 ns, Total: 559700 ns
[2020-05-02T05:47:19.301+0000][1][gc,start     ] GC(41) Pause Young (Allocation Failure)
[2020-05-02T05:47:19.301+0000][1][gc,task      ] GC(41) Using 10 workers of 10 for evacuation
[2020-05-02T05:47:19.304+0000][1][gc,age       ] GC(41) Desired survivor size 8945664 bytes, new threshold 6 (max threshold 6)
[2020-05-02T05:47:19.304+0000][1][gc,age       ] GC(41) Age table with threshold 6 (max threshold 6)
[2020-05-02T05:47:19.304+0000][1][gc,age       ] GC(41) - age   1:     380304 bytes,     380304 total
[2020-05-02T05:47:19.304+0000][1][gc,age       ] GC(41) - age   2:     106552 bytes,     486856 total
[2020-05-02T05:47:19.304+0000][1][gc,age       ] GC(41) - age   3:      99392 bytes,     586248 total
[2020-05-02T05:47:19.304+0000][1][gc,age       ] GC(41) - age   4:       8040 bytes,     594288 total
[2020-05-02T05:47:19.304+0000][1][gc,age       ] GC(41) - age   5:       9504 bytes,     603792 total
[2020-05-02T05:47:19.304+0000][1][gc,age       ] GC(41) - age   6:        344 bytes,     604136 total
[2020-05-02T05:47:19.304+0000][1][gc,heap      ] GC(41) ParNew: 140332K->765K(157248K)
[2020-05-02T05:47:19.304+0000][1][gc,heap      ] GC(41) CMS: 81740K->81748K(349568K)
[2020-05-02T05:47:19.304+0000][1][gc,metaspace ] GC(41) Metaspace: 96756K->96756K(1138688K)
[2020-05-02T05:47:19.304+0000][1][gc           ] GC(41) Pause Young (Allocation Failure) 216M->80M(494M) 3.094ms
[2020-05-02T05:47:19.304+0000][1][gc,cpu       ] GC(41) User=0.00s Sys=0.01s Real=0.01s
[2020-05-02T05:47:19.305+0000][1][safepoint    ] Safepoint "GenCollectForAllocation", Time since last: 664286000 ns, Reaching safepoint: 124800 ns, At safepoint: 3217900 ns, Total: 3342700 ns
[2020-05-02T05:47:20.305+0000][1][safepoint    ] Safepoint "Cleanup", Time since last: 1000606700 ns, Reaching safepoint: 181000 ns, At safepoint: 50100 ns, Total: 231100 ns
[2020-05-02T05:47:21.306+0000][1][safepoint    ] Safepoint "Cleanup", Time since last: 1000510600 ns, Reaching safepoint: 243600 ns, At safepoint: 70300 ns, Total: 313900 ns
[2020-05-02T05:47:22.307+0000][1][safepoint    ] Safepoint "Cleanup", Time since last: 1000350400 ns, Reaching safepoint: 196200 ns, At safepoint: 50400 ns, Total: 246600 ns
[2020-05-02T05:47:23.308+0000][1][safepoint    ] Safepoint "Cleanup", Time since last: 1000349600 ns, Reaching safepoint: 505900 ns, At safepoint: 174000 ns, Total: 679900 ns
[2020-05-02T05:47:24.309+0000][1][safepoint    ] Safepoint "Cleanup", Time since last: 1000648400 ns, Reaching safepoint: 228800 ns, At safepoint: 53200 ns, Total: 282000 ns
[2020-05-02T05:47:25.310+0000][1][safepoint    ] Safepoint "Cleanup", Time since last: 1000608000 ns, Reaching safepoint: 442700 ns, At safepoint: 137200 ns, Total: 579900 ns
[2020-05-02T05:47:26.311+0000][1][safepoint    ] Safepoint "Cleanup", Time since last: 1000631800 ns, Reaching safepoint: 152300 ns, At safepoint: 32100 ns, Total: 184400 ns
[2020-05-02T05:47:27.137+0000][1][safepoint    ] Safepoint "RevokeBias", Time since last: 826318000 ns, Reaching safepoint: 159700 ns, At safepoint: 59000 ns, Total: 218700 ns
[2020-05-02T05:47:27.152+0000][1][safepoint    ] Safepoint "RevokeBias", Time since last: 14066300 ns, Reaching safepoint: 339300 ns, At safepoint: 83200 ns, Total: 422500 ns
[2020-05-02T05:47:27.152+0000][1][safepoint    ] Safepoint "RevokeBias", Time since last: 163700 ns, Reaching safepoint: 121100 ns, At safepoint: 43900 ns, Total: 165000 ns
[2020-05-02T05:47:27.153+0000][1][safepoint    ] Safepoint "RevokeBias", Time since last: 298000 ns, Reaching safepoint: 115100 ns, At safepoint: 40100 ns, Total: 155200 ns
[2020-05-02T05:47:27.181+0000][1][safepoint    ] Safepoint "RevokeBias", Time since last: 28145300 ns, Reaching safepoint: 210400 ns, At safepoint: 65400 ns, Total: 275800 ns
[2020-05-02T05:47:27.182+0000][1][safepoint    ] Safepoint "RevokeBias", Time since last: 432900 ns, Reaching safepoint: 352800 ns, At safepoint: 53600 ns, Total: 406400 ns
[2020-05-02T05:47:27.182+0000][1][safepoint    ] Safepoint "RevokeBias", Time since last: 176600 ns, Reaching safepoint: 159100 ns, At safepoint: 42400 ns, Total: 201500 ns
[2020-05-02T05:47:27.182+0000][1][safepoint    ] Safepoint "RevokeBias", Time since last: 163000 ns, Reaching safepoint: 88300 ns, At safepoint: 39000 ns, Total: 127300 ns
[2020-05-02T05:47:27.183+0000][1][safepoint    ] Safepoint "RevokeBias", Time since last: 183700 ns, Reaching safepoint: 106600 ns, At safepoint: 51000 ns, Total: 157600 ns
[2020-05-02T05:47:27.183+0000][1][safepoint    ] Safepoint "RevokeBias", Time since last: 174400 ns, Reaching safepoint: 128300 ns, At safepoint: 51400 ns, Total: 179700 ns
[2020-05-02T05:47:27.184+0000][1][safepoint    ] Safepoint "RevokeBias", Time since last: 186900 ns, Reaching safepoint: 101500 ns, At safepoint: 45100 ns, Total: 146600 ns
[2020-05-02T05:47:27.184+0000][1][safepoint    ] Safepoint "RevokeBias", Time since last: 198900 ns, Reaching safepoint: 188700 ns, At safepoint: 68200 ns, Total: 256900 ns
[2020-05-02T05:47:27.184+0000][1][safepoint    ] Safepoint "RevokeBias", Time since last: 150100 ns, Reaching safepoint: 157600 ns, At safepoint: 71400 ns, Total: 229000 ns
[2020-05-02T05:47:27.185+0000][1][safepoint    ] Safepoint "RevokeBias", Time since last: 400100 ns, Reaching safepoint: 77400 ns, At safepoint: 33600 ns, Total: 111000 ns
[2020-05-02T05:47:27.185+0000][1][safepoint    ] Safepoint "RevokeBias", Time since last: 170200 ns, Reaching safepoint: 78400 ns, At safepoint: 34700 ns, Total: 113100 ns
[2020-05-02T05:47:27.185+0000][1][safepoint    ] Safepoint "RevokeBias", Time since last: 110600 ns, Reaching safepoint: 101700 ns, At safepoint: 31100 ns, Total: 132800 ns
[2020-05-02T05:47:27.186+0000][1][safepoint    ] Safepoint "RevokeBias", Time since last: 159600 ns, Reaching safepoint: 74500 ns, At safepoint: 33600 ns, Total: 108100 ns
[2020-05-02T05:47:27.186+0000][1][safepoint    ] Safepoint "RevokeBias", Time since last: 170500 ns, Reaching safepoint: 75800 ns, At safepoint: 46500 ns, Total: 122300 ns
[2020-05-02T05:47:27.186+0000][1][safepoint    ] Safepoint "RevokeBias", Time since last: 207900 ns, Reaching safepoint: 81200 ns, At safepoint: 35000 ns, Total: 116200 ns
[2020-05-02T05:47:27.196+0000][1][safepoint    ] Safepoint "RevokeBias", Time since last: 9252100 ns, Reaching safepoint: 148800 ns, At safepoint: 58300 ns, Total: 207100 ns
[2020-05-02T05:47:27.196+0000][1][safepoint    ] Safepoint "RevokeBias", Time since last: 194000 ns, Reaching safepoint: 116500 ns, At safepoint: 51000 ns, Total: 167500 ns
[2020-05-02T05:47:27.234+0000][1][safepoint    ] Safepoint "RevokeBias", Time since last: 37512900 ns, Reaching safepoint: 121900 ns, At safepoint: 38000 ns, Total: 159900 ns
[2020-05-02T05:47:27.237+0000][1][safepoint    ] Safepoint "RevokeBias", Time since last: 2621600 ns, Reaching safepoint: 216900 ns, At safepoint: 95300 ns, Total: 312200 ns
[2020-05-02T05:47:27.282+0000][1][safepoint    ] Safepoint "RevokeBias", Time since last: 44941900 ns, Reaching safepoint: 119300 ns, At safepoint: 34100 ns, Total: 153400 ns
[2020-05-02T05:47:27.289+0000][1][safepoint    ] Safepoint "RevokeBias", Time since last: 7288200 ns, Reaching safepoint: 117100 ns, At safepoint: 32800 ns, Total: 149900 ns
[2020-05-02T05:47:27.307+0000][1][safepoint    ] Safepoint "RevokeBias", Time since last: 17320000 ns, Reaching safepoint: 117200 ns, At safepoint: 47800 ns, Total: 165000 ns
[2020-05-02T05:47:28.237+0000][1][safepoint    ] Safepoint "RevokeBias", Time since last: 929962900 ns, Reaching safepoint: 152000 ns, At safepoint: 52000 ns, Total: 204000 ns
[2020-05-02T05:47:28.237+0000][1][safepoint    ] Safepoint "RevokeBias", Time since last: 237300 ns, Reaching safepoint: 129500 ns, At safepoint: 57200 ns, Total: 186700 ns
[2020-05-02T05:47:28.238+0000][1][safepoint    ] Safepoint "RevokeBias", Time since last: 210700 ns, Reaching safepoint: 121300 ns, At safepoint: 46900 ns, Total: 168200 ns
[2020-05-02T05:47:28.276+0000][1][safepoint    ] Safepoint "RevokeBias", Time since last: 37790200 ns, Reaching safepoint: 364700 ns, At safepoint: 32400 ns, Total: 397100 ns
[2020-05-02T05:47:29.277+0000][1][safepoint    ] Safepoint "Cleanup", Time since last: 1000581900 ns, Reaching safepoint: 422400 ns, At safepoint: 204200 ns, Total: 626600 ns
[2020-05-02T05:47:30.278+0000][1][safepoint    ] Safepoint "Cleanup", Time since last: 1000694300 ns, Reaching safepoint: 151200 ns, At safepoint: 53700 ns, Total: 204900 ns
[2020-05-02T05:47:31.280+0000][1][safepoint    ] Safepoint "Cleanup", Time since last: 1000723300 ns, Reaching safepoint: 616700 ns, At safepoint: 201900 ns, Total: 818600 ns
[2020-05-02T05:47:32.281+0000][1][safepoint    ] Safepoint "Cleanup", Time since last: 1000994900 ns, Reaching safepoint: 634000 ns, At safepoint: 201400 ns, Total: 835400 ns
[2020-05-02T05:47:33.283+0000][1][safepoint    ] Safepoint "Cleanup", Time since last: 1000797000 ns, Reaching safepoint: 336200 ns, At safepoint: 91500 ns, Total: 427700 ns
[2020-05-02T05:47:34.284+0000][1][safepoint    ] Safepoint "Cleanup", Time since last: 1000400900 ns, Reaching safepoint: 488900 ns, At safepoint: 214500 ns, Total: 703400 ns
[2020-05-02T05:47:35.285+0000][1][safepoint    ] Safepoint "Cleanup", Time since last: 1000752100 ns, Reaching safepoint: 142300 ns, At safepoint: 47200 ns, Total: 189500 ns
[2020-05-02T05:47:36.286+0000][1][safepoint    ] Safepoint "Cleanup", Time since last: 1000684400 ns, Reaching safepoint: 653800 ns, At safepoint: 202300 ns, Total: 856100 ns
[2020-05-02T05:47:37.288+0000][1][safepoint    ] Safepoint "Cleanup", Time since last: 1000732700 ns, Reaching safepoint: 443500 ns, At safepoint: 200600 ns, Total: 644100 ns
[2020-05-02T05:47:38.288+0000][1][safepoint    ] Safepoint "Cleanup", Time since last: 1000705700 ns, Reaching safepoint: 162100 ns, At safepoint: 51200 ns, Total: 213300 ns
[2020-05-02T05:47:39.290+0000][1][safepoint    ] Safepoint "Cleanup", Time since last: 1000782500 ns, Reaching safepoint: 700200 ns, At safepoint: 212000 ns, Total: 912200 ns
[2020-05-02T05:47:40.291+0000][1][safepoint    ] Safepoint "Cleanup", Time since last: 1000486600 ns, Reaching safepoint: 145000 ns, At safepoint: 55300 ns, Total: 200300 ns
[2020-05-02T05:47:41.119+0000][1][safepoint    ] Safepoint "RevokeBias", Time since last: 827030700 ns, Reaching safepoint: 514700 ns, At safepoint: 238300 ns, Total: 753000 ns
[2020-05-02T05:47:42.120+0000][1][safepoint    ] Safepoint "Cleanup", Time since last: 1000528400 ns, Reaching safepoint: 324000 ns, At safepoint: 101000 ns, Total: 425000 ns
[2020-05-02T05:47:43.121+0000][1][safepoint    ] Safepoint "Cleanup", Time since last: 1000607400 ns, Reaching safepoint: 498700 ns, At safepoint: 130300 ns, Total: 629000 ns
[2020-05-02T05:47:44.122+0000][1][safepoint    ] Safepoint "Cleanup", Time since last: 1000723700 ns, Reaching safepoint: 440400 ns, At safepoint: 135700 ns, Total: 576100 ns
[2020-05-02T05:47:45.123+0000][1][safepoint    ] Safepoint "Cleanup", Time since last: 1000681000 ns, Reaching safepoint: 436000 ns, At safepoint: 136400 ns, Total: 572400 ns
[2020-05-02T05:47:46.124+0000][1][safepoint    ] Safepoint "Cleanup", Time since last: 1000341900 ns, Reaching safepoint: 146100 ns, At safepoint: 28200 ns, Total: 174300 ns
[2020-05-02T05:47:47.124+0000][1][safepoint    ] Safepoint "Cleanup", Time since last: 1000203100 ns, Reaching safepoint: 141900 ns, At safepoint: 33500 ns, Total: 175400 ns
[2020-05-02T05:47:48.125+0000][1][safepoint    ] Safepoint "Cleanup", Time since last: 1000645400 ns, Reaching safepoint: 166900 ns, At safepoint: 37200 ns, Total: 204100 ns
[2020-05-02T05:47:49.126+0000][1][safepoint    ] Safepoint "Cleanup", Time since last: 1000720700 ns, Reaching safepoint: 495600 ns, At safepoint: 132000 ns, Total: 627600 ns
[2020-05-02T05:47:50.128+0000][1][safepoint    ] Safepoint "Cleanup", Time since last: 1000481900 ns, Reaching safepoint: 495300 ns, At safepoint: 131800 ns, Total: 627100 ns
[2020-05-02T05:47:51.128+0000][1][safepoint    ] Safepoint "Cleanup", Time since last: 1000287200 ns, Reaching safepoint: 241700 ns, At safepoint: 35400 ns, Total: 277100 ns
[2020-05-02T05:47:52.129+0000][1][safepoint    ] Safepoint "Cleanup", Time since last: 1000445800 ns, Reaching safepoint: 438400 ns, At safepoint: 135600 ns, Total: 574000 ns
[2020-05-02T05:47:53.130+0000][1][safepoint    ] Safepoint "Cleanup", Time since last: 1000401900 ns, Reaching safepoint: 129800 ns, At safepoint: 29500 ns, Total: 159300 ns
[2020-05-02T05:47:54.131+0000][1][safepoint    ] Safepoint "Cleanup", Time since last: 1000340100 ns, Reaching safepoint: 498500 ns, At safepoint: 86100 ns, Total: 584600 ns
[2020-05-02T05:47:55.132+0000][1][safepoint    ] Safepoint "Cleanup", Time since last: 1000685800 ns, Reaching safepoint: 461200 ns, At safepoint: 121300 ns, Total: 582500 ns
[2020-05-02T05:47:56.133+0000][1][safepoint    ] Safepoint "Cleanup", Time since last: 1000806300 ns, Reaching safepoint: 437400 ns, At safepoint: 136100 ns, Total: 573500 ns
[2020-05-02T05:47:57.134+0000][1][safepoint    ] Safepoint "Cleanup", Time since last: 1000353000 ns, Reaching safepoint: 326600 ns, At safepoint: 129900 ns, Total: 456500 ns
[2020-05-02T05:47:57.237+0000][1][safepoint    ] Safepoint "RevokeBias", Time since last: 102431100 ns, Reaching safepoint: 124300 ns, At safepoint: 45200 ns, Total: 169500 ns
[2020-05-02T05:47:57.237+0000][1][safepoint    ] Safepoint "RevokeBias", Time since last: 192100 ns, Reaching safepoint: 215400 ns, At safepoint: 57600 ns, Total: 273000 ns
[2020-05-02T05:47:57.237+0000][1][safepoint    ] Safepoint "RevokeBias", Time since last: 61000 ns, Reaching safepoint: 119500 ns, At safepoint: 97300 ns, Total: 216800 ns
[2020-05-02T05:47:58.239+0000][1][safepoint    ] Safepoint "Cleanup", Time since last: 1000564600 ns, Reaching safepoint: 457800 ns, At safepoint: 136700 ns, Total: 594500 ns
[2020-05-02T05:47:59.240+0000][1][safepoint    ] Safepoint "Cleanup", Time since last: 1000666600 ns, Reaching safepoint: 435500 ns, At safepoint: 135400 ns, Total: 570900 ns
[2020-05-02T05:48:00.241+0000][1][safepoint    ] Safepoint "Cleanup", Time since last: 1000417300 ns, Reaching safepoint: 199300 ns, At safepoint: 53200 ns, Total: 252500 ns
[2020-05-02T05:48:01.241+0000][1][safepoint    ] Safepoint "Cleanup", Time since last: 1000371900 ns, Reaching safepoint: 311500 ns, At safepoint: 89800 ns, Total: 401300 ns
[2020-05-02T05:48:02.243+0000][1][safepoint    ] Safepoint "Cleanup", Time since last: 1000667000 ns, Reaching safepoint: 443500 ns, At safepoint: 135400 ns, Total: 578900 ns
[2020-05-02T05:48:03.243+0000][1][safepoint    ] Safepoint "Cleanup", Time since last: 1000487000 ns, Reaching safepoint: 199800 ns, At safepoint: 60100 ns, Total: 259900 ns
[2020-05-02T05:48:04.244+0000][1][safepoint    ] Safepoint "Cleanup", Time since last: 1000415800 ns, Reaching safepoint: 428400 ns, At safepoint: 89900 ns, Total: 518300 ns
[2020-05-02T05:48:05.245+0000][1][safepoint    ] Safepoint "Cleanup", Time since last: 1000623300 ns, Reaching safepoint: 136400 ns, At safepoint: 31400 ns, Total: 167800 ns
[2020-05-02T05:48:06.245+0000][1][safepoint    ] Safepoint "Cleanup", Time since last: 1000200300 ns, Reaching safepoint: 134500 ns, At safepoint: 30300 ns, Total: 164800 ns
[2020-05-02T05:48:07.246+0000][1][safepoint    ] Safepoint "Cleanup", Time since last: 1000384100 ns, Reaching safepoint: 438100 ns, At safepoint: 146700 ns, Total: 584800 ns
[2020-05-02T05:48:07.476+0000][1][safepoint    ] Safepoint "RevokeBias", Time since last: 229756500 ns, Reaching safepoint: 220800 ns, At safepoint: 136200 ns, Total: 357000 ns
[2020-05-02T05:48:07.490+0000][1][safepoint    ] Safepoint "RevokeBias", Time since last: 13182000 ns, Reaching safepoint: 399400 ns, At safepoint: 221500 ns, Total: 620900 ns
[2020-05-02T05:48:07.492+0000][1][safepoint    ] Safepoint "RevokeBias", Time since last: 992100 ns, Reaching safepoint: 220200 ns, At safepoint: 46400 ns, Total: 266600 ns
[2020-05-02T05:48:07.492+0000][1][safepoint    ] Safepoint "RevokeBias", Time since last: 113200 ns, Reaching safepoint: 231200 ns, At safepoint: 41600 ns, Total: 272800 ns
[2020-05-02T05:48:07.492+0000][1][safepoint    ] Safepoint "RevokeBias", Time since last: 234300 ns, Reaching safepoint: 132600 ns, At safepoint: 42500 ns, Total: 175100 ns
[2020-05-02T05:48:07.521+0000][1][safepoint    ] Safepoint "RevokeBias", Time since last: 28701600 ns, Reaching safepoint: 133600 ns, At safepoint: 37500 ns, Total: 171100 ns
[2020-05-02T05:48:07.522+0000][1][safepoint    ] Safepoint "RevokeBias", Time since last: 278800 ns, Reaching safepoint: 142400 ns, At safepoint: 69600 ns, Total: 212000 ns
[2020-05-02T05:48:07.522+0000][1][safepoint    ] Safepoint "RevokeBias", Time since last: 197500 ns, Reaching safepoint: 116900 ns, At safepoint: 32200 ns, Total: 149100 ns
[2020-05-02T05:48:07.522+0000][1][safepoint    ] Safepoint "RevokeBias", Time since last: 164100 ns, Reaching safepoint: 100500 ns, At safepoint: 60400 ns, Total: 160900 ns
[2020-05-02T05:48:07.523+0000][1][safepoint    ] Safepoint "RevokeBias", Time since last: 129900 ns, Reaching safepoint: 84500 ns, At safepoint: 46200 ns, Total: 130700 ns
[2020-05-02T05:48:07.523+0000][1][safepoint    ] Safepoint "RevokeBias", Time since last: 132400 ns, Reaching safepoint: 67700 ns, At safepoint: 45800 ns, Total: 113500 ns
[2020-05-02T05:48:07.523+0000][1][safepoint    ] Safepoint "RevokeBias", Time since last: 165400 ns, Reaching safepoint: 128000 ns, At safepoint: 134000 ns, Total: 262000 ns
[2020-05-02T05:48:07.524+0000][1][safepoint    ] Safepoint "RevokeBias", Time since last: 157300 ns, Reaching safepoint: 91300 ns, At safepoint: 34900 ns, Total: 126200 ns
[2020-05-02T05:48:07.524+0000][1][safepoint    ] Safepoint "RevokeBias", Time since last: 100400 ns, Reaching safepoint: 69800 ns, At safepoint: 31200 ns, Total: 101000 ns
[2020-05-02T05:48:07.524+0000][1][safepoint    ] Safepoint "RevokeBias", Time since last: 207500 ns, Reaching safepoint: 72000 ns, At safepoint: 30200 ns, Total: 102200 ns
[2020-05-02T05:48:07.524+0000][1][safepoint    ] Safepoint "RevokeBias", Time since last: 85100 ns, Reaching safepoint: 70700 ns, At safepoint: 29900 ns, Total: 100600 ns
[2020-05-02T05:48:07.525+0000][1][safepoint    ] Safepoint "RevokeBias", Time since last: 110900 ns, Reaching safepoint: 89600 ns, At safepoint: 51800 ns, Total: 141400 ns
[2020-05-02T05:48:07.525+0000][1][safepoint    ] Safepoint "RevokeBias", Time since last: 114400 ns, Reaching safepoint: 225000 ns, At safepoint: 55200 ns, Total: 280200 ns
[2020-05-02T05:48:07.525+0000][1][safepoint    ] Safepoint "RevokeBias", Time since last: 169300 ns, Reaching safepoint: 99100 ns, At safepoint: 61400 ns, Total: 160500 ns
[2020-05-02T05:48:07.526+0000][1][safepoint    ] Safepoint "RevokeBias", Time since last: 133200 ns, Reaching safepoint: 118400 ns, At safepoint: 67000 ns, Total: 185400 ns
[2020-05-02T05:48:07.539+0000][1][safepoint    ] Safepoint "RevokeBias", Time since last: 12939900 ns, Reaching safepoint: 186400 ns, At safepoint: 92900 ns, Total: 279300 ns
[2020-05-02T05:48:07.539+0000][1][safepoint    ] Safepoint "RevokeBias", Time since last: 312200 ns, Reaching safepoint: 145600 ns, At safepoint: 34500 ns, Total: 180100 ns
[2020-05-02T05:48:07.576+0000][1][safepoint    ] Safepoint "RevokeBias", Time since last: 36623900 ns, Reaching safepoint: 125200 ns, At safepoint: 53100 ns, Total: 178300 ns
[2020-05-02T05:48:07.579+0000][1][safepoint    ] Safepoint "RevokeBias", Time since last: 2626700 ns, Reaching safepoint: 223600 ns, At safepoint: 69700 ns, Total: 293300 ns
[2020-05-02T05:48:07.599+0000][1][safepoint    ] Safepoint "BulkRevokeBias", Time since last: 19705800 ns, Reaching safepoint: 139900 ns, At safepoint: 545600 ns, Total: 685500 ns
[2020-05-02T05:48:07.610+0000][1][safepoint    ] Safepoint "BulkRevokeBias", Time since last: 10248000 ns, Reaching safepoint: 118500 ns, At safepoint: 449200 ns, Total: 567700 ns
[2020-05-02T05:48:07.629+0000][1][safepoint    ] Safepoint "RevokeBias", Time since last: 18315800 ns, Reaching safepoint: 128700 ns, At safepoint: 36800 ns, Total: 165500 ns
[2020-05-02T05:48:07.636+0000][1][safepoint    ] Safepoint "RevokeBias", Time since last: 7619200 ns, Reaching safepoint: 126000 ns, At safepoint: 37600 ns, Total: 163600 ns
[2020-05-02T05:48:07.652+0000][1][safepoint    ] Safepoint "RevokeBias", Time since last: 15596000 ns, Reaching safepoint: 131600 ns, At safepoint: 52700 ns, Total: 184300 ns
[2020-05-02T05:48:07.658+0000][1][safepoint    ] Safepoint "RevokeBias", Time since last: 5613400 ns, Reaching safepoint: 126000 ns, At safepoint: 34900 ns, Total: 160900 ns
[2020-05-02T05:48:08.320+0000][1][safepoint    ] Safepoint "RevokeBias", Time since last: 661795100 ns, Reaching safepoint: 124800 ns, At safepoint: 36600 ns, Total: 161400 ns
[2020-05-02T05:48:08.580+0000][1][safepoint    ] Safepoint "RevokeBias", Time since last: 259780300 ns, Reaching safepoint: 514300 ns, At safepoint: 177100 ns, Total: 691400 ns
[2020-05-02T05:48:08.582+0000][1][safepoint    ] Safepoint "RevokeBias", Time since last: 645400 ns, Reaching safepoint: 391600 ns, At safepoint: 167700 ns, Total: 559300 ns
[2020-05-02T05:48:08.583+0000][1][safepoint    ] Safepoint "RevokeBias", Time since last: 562800 ns, Reaching safepoint: 435200 ns, At safepoint: 192600 ns, Total: 627800 ns
[2020-05-02T05:48:09.584+0000][1][safepoint    ] Safepoint "Cleanup", Time since last: 1000633800 ns, Reaching safepoint: 274600 ns, At safepoint: 117200 ns, Total: 391800 ns
[2020-05-02T05:48:10.586+0000][1][safepoint    ] Safepoint "Cleanup", Time since last: 1000732200 ns, Reaching safepoint: 719700 ns, At safepoint: 270800 ns, Total: 990500 ns
[2020-05-02T05:48:11.124+0000][1][safepoint    ] Safepoint "RevokeBias", Time since last: 537566700 ns, Reaching safepoint: 521300 ns, At safepoint: 372200 ns, Total: 893500 ns
[2020-05-02T05:48:12.125+0000][1][safepoint    ] Safepoint "Cleanup", Time since last: 1000806000 ns, Reaching safepoint: 268900 ns, At safepoint: 99800 ns, Total: 368700 ns
[2020-05-02T05:48:13.126+0000][1][safepoint    ] Safepoint "Cleanup", Time since last: 1000616600 ns, Reaching safepoint: 437200 ns, At safepoint: 136100 ns, Total: 573300 ns
[2020-05-02T05:48:14.128+0000][1][safepoint    ] Safepoint "Cleanup", Time since last: 1000811400 ns, Reaching safepoint: 410700 ns, At safepoint: 130800 ns, Total: 541500 ns
[2020-05-02T05:48:15.129+0000][1][safepoint    ] Safepoint "Cleanup", Time since last: 1000484100 ns, Reaching safepoint: 484900 ns, At safepoint: 129700 ns, Total: 614600 ns
[2020-05-02T05:48:16.130+0000][1][safepoint    ] Safepoint "Cleanup", Time since last: 1000675400 ns, Reaching safepoint: 411000 ns, At safepoint: 132000 ns, Total: 543000 ns
[2020-05-02T05:48:17.131+0000][1][safepoint    ] Safepoint "Cleanup", Time since last: 1000332700 ns, Reaching safepoint: 131500 ns, At safepoint: 29900 ns, Total: 161400 ns
[2020-05-02T05:48:18.132+0000][1][safepoint    ] Safepoint "Cleanup", Time since last: 1000361800 ns, Reaching safepoint: 435200 ns, At safepoint: 146200 ns, Total: 581400 ns
[2020-05-02T05:48:19.132+0000][1][safepoint    ] Safepoint "Cleanup", Time since last: 1000387100 ns, Reaching safepoint: 121000 ns, At safepoint: 27600 ns, Total: 148600 ns
[2020-05-02T05:48:20.133+0000][1][safepoint    ] Safepoint "Cleanup", Time since last: 1000537900 ns, Reaching safepoint: 321300 ns, At safepoint: 101700 ns, Total: 423000 ns
[2020-05-02T05:48:21.134+0000][1][safepoint    ] Safepoint "Cleanup", Time since last: 1000549500 ns, Reaching safepoint: 158400 ns, At safepoint: 59100 ns, Total: 217500 ns
[2020-05-02T05:48:22.134+0000][1][safepoint    ] Safepoint "Cleanup", Time since last: 1000315100 ns, Reaching safepoint: 192000 ns, At safepoint: 165900 ns, Total: 357900 ns
[2020-05-02T05:48:23.135+0000][1][safepoint    ] Safepoint "Cleanup", Time since last: 1000416900 ns, Reaching safepoint: 324600 ns, At safepoint: 149600 ns, Total: 474200 ns
[2020-05-02T05:48:24.136+0000][1][safepoint    ] Safepoint "Cleanup", Time since last: 1000368300 ns, Reaching safepoint: 407200 ns, At safepoint: 173700 ns, Total: 580900 ns
[2020-05-02T05:48:25.137+0000][1][safepoint    ] Safepoint "Cleanup", Time since last: 1000668600 ns, Reaching safepoint: 244500 ns, At safepoint: 98300 ns, Total: 342800 ns
[2020-05-02T05:48:26.139+0000][1][safepoint    ] Safepoint "Cleanup", Time since last: 1000754300 ns, Reaching safepoint: 416700 ns, At safepoint: 199900 ns, Total: 616600 ns
[2020-05-02T05:48:27.140+0000][1][safepoint    ] Safepoint "Cleanup", Time since last: 1000374800 ns, Reaching safepoint: 308800 ns, At safepoint: 148700 ns, Total: 457500 ns
[2020-05-02T05:48:28.140+0000][1][safepoint    ] Safepoint "Cleanup", Time since last: 1000515500 ns, Reaching safepoint: 330000 ns, At safepoint: 121000 ns, Total: 451000 ns
[2020-05-02T05:48:29.141+0000][1][safepoint    ] Safepoint "Cleanup", Time since last: 1000438000 ns, Reaching safepoint: 145800 ns, At safepoint: 38500 ns, Total: 184300 ns
[2020-05-02T05:48:30.142+0000][1][safepoint    ] Safepoint "Cleanup", Time since last: 1000346000 ns, Reaching safepoint: 414300 ns, At safepoint: 201100 ns, Total: 615400 ns
[2020-05-02T05:48:31.143+0000][1][safepoint    ] Safepoint "Cleanup", Time since last: 1000508200 ns, Reaching safepoint: 482000 ns, At safepoint: 207100 ns, Total: 689100 ns
[2020-05-02T05:48:32.145+0000][1][safepoint    ] Safepoint "Cleanup", Time since last: 1000664200 ns, Reaching safepoint: 463300 ns, At safepoint: 200700 ns, Total: 664000 ns
[2020-05-02T05:48:33.146+0000][1][safepoint    ] Safepoint "Cleanup", Time since last: 1000930500 ns, Reaching safepoint: 402700 ns, At safepoint: 126900 ns, Total: 529600 ns
[2020-05-02T05:48:34.147+0000][1][safepoint    ] Safepoint "Cleanup", Time since last: 1000454600 ns, Reaching safepoint: 437100 ns, At safepoint: 135900 ns, Total: 573000 ns
[2020-05-02T05:48:35.148+0000][1][safepoint    ] Safepoint "Cleanup", Time since last: 1000398900 ns, Reaching safepoint: 204900 ns, At safepoint: 50900 ns, Total: 255800 ns
[2020-05-02T05:48:36.149+0000][1][safepoint    ] Safepoint "Cleanup", Time since last: 1000407500 ns, Reaching safepoint: 538900 ns, At safepoint: 133100 ns, Total: 672000 ns
[2020-05-02T05:48:37.150+0000][1][safepoint    ] Safepoint "Cleanup", Time since last: 1000515700 ns, Reaching safepoint: 520400 ns, At safepoint: 131900 ns, Total: 652300 ns
[2020-05-02T05:48:37.579+0000][1][safepoint    ] Safepoint "RevokeBias", Time since last: 429058700 ns, Reaching safepoint: 176700 ns, At safepoint: 86000 ns, Total: 262700 ns
[2020-05-02T05:48:37.580+0000][1][safepoint    ] Safepoint "RevokeBias", Time since last: 292400 ns, Reaching safepoint: 131000 ns, At safepoint: 95000 ns, Total: 226000 ns
[2020-05-02T05:48:38.581+0000][1][safepoint    ] Safepoint "Cleanup", Time since last: 1000545100 ns, Reaching safepoint: 131100 ns, At safepoint: 31900 ns, Total: 163000 ns
[2020-05-02T05:48:39.581+0000][1][safepoint    ] Safepoint "Cleanup", Time since last: 1000526900 ns, Reaching safepoint: 293100 ns, At safepoint: 73400 ns, Total: 366500 ns
[2020-05-02T05:48:40.582+0000][1][safepoint    ] Safepoint "Cleanup", Time since last: 1000252600 ns, Reaching safepoint: 133000 ns, At safepoint: 32300 ns, Total: 165300 ns
[2020-05-02T05:48:41.583+0000][1][safepoint    ] Safepoint "Cleanup", Time since last: 1000548400 ns, Reaching safepoint: 311100 ns, At safepoint: 94300 ns, Total: 405400 ns
[2020-05-02T05:48:42.583+0000][1][safepoint    ] Safepoint "Cleanup", Time since last: 1000427700 ns, Reaching safepoint: 128500 ns, At safepoint: 27600 ns, Total: 156100 ns
[2020-05-02T05:48:43.584+0000][1][safepoint    ] Safepoint "Cleanup", Time since last: 1000136500 ns, Reaching safepoint: 126300 ns, At safepoint: 28200 ns, Total: 154500 ns
[2020-05-02T05:48:44.585+0000][1][safepoint    ] Safepoint "Cleanup", Time since last: 1000699400 ns, Reaching safepoint: 141100 ns, At safepoint: 31800 ns, Total: 172900 ns
[2020-05-02T05:48:45.585+0000][1][safepoint    ] Safepoint "Cleanup", Time since last: 1000649200 ns, Reaching safepoint: 125800 ns, At safepoint: 30300 ns, Total: 156100 ns
[2020-05-02T05:48:46.587+0000][1][safepoint    ] Safepoint "Cleanup", Time since last: 1000696300 ns, Reaching safepoint: 415400 ns, At safepoint: 130600 ns, Total: 546000 ns
[2020-05-02T05:48:47.588+0000][1][safepoint    ] Safepoint "Cleanup", Time since last: 1000751700 ns, Reaching safepoint: 415400 ns, At safepoint: 139200 ns, Total: 554600 ns
[2020-05-02T05:48:48.589+0000][1][safepoint    ] Safepoint "Cleanup", Time since last: 1000455400 ns, Reaching safepoint: 178800 ns, At safepoint: 46200 ns, Total: 225000 ns
[2020-05-02T05:48:49.590+0000][1][safepoint    ] Safepoint "Cleanup", Time since last: 1000650500 ns, Reaching safepoint: 418600 ns, At safepoint: 130000 ns, Total: 548600 ns
[2020-05-02T05:48:50.591+0000][1][safepoint    ] Safepoint "Cleanup", Time since last: 1000779200 ns, Reaching safepoint: 189900 ns, At safepoint: 54700 ns, Total: 244600 ns
[2020-05-02T05:48:51.591+0000][1][safepoint    ] Safepoint "Cleanup", Time since last: 1000197800 ns, Reaching safepoint: 158500 ns, At safepoint: 27800 ns, Total: 186300 ns
[2020-05-02T05:48:52.592+0000][1][safepoint    ] Safepoint "Cleanup", Time since last: 1000305900 ns, Reaching safepoint: 127400 ns, At safepoint: 27900 ns, Total: 155300 ns
[2020-05-02T05:48:53.592+0000][1][safepoint    ] Safepoint "Cleanup", Time since last: 1000461500 ns, Reaching safepoint: 136400 ns, At safepoint: 34400 ns, Total: 170800 ns
[2020-05-02T05:48:54.267+0000][1][gc,start     ] GC(42) Pause Young (Allocation Failure)
[2020-05-02T05:48:54.267+0000][1][gc,task      ] GC(42) Using 10 workers of 10 for evacuation
[2020-05-02T05:48:54.270+0000][1][gc,age       ] GC(42) Desired survivor size 8945664 bytes, new threshold 6 (max threshold 6)
[2020-05-02T05:48:54.270+0000][1][gc,age       ] GC(42) Age table with threshold 6 (max threshold 6)
[2020-05-02T05:48:54.270+0000][1][gc,age       ] GC(42) - age   1:     428408 bytes,     428408 total
[2020-05-02T05:48:54.270+0000][1][gc,age       ] GC(42) - age   2:      40656 bytes,     469064 total
[2020-05-02T05:48:54.270+0000][1][gc,age       ] GC(42) - age   3:     105424 bytes,     574488 total
[2020-05-02T05:48:54.270+0000][1][gc,age       ] GC(42) - age   4:      99392 bytes,     673880 total
[2020-05-02T05:48:54.270+0000][1][gc,age       ] GC(42) - age   5:       8040 bytes,     681920 total
[2020-05-02T05:48:54.270+0000][1][gc,age       ] GC(42) - age   6:       9504 bytes,     691424 total
[2020-05-02T05:48:54.270+0000][1][gc,heap      ] GC(42) ParNew: 140541K->961K(157248K)
[2020-05-02T05:48:54.270+0000][1][gc,heap      ] GC(42) CMS: 81748K->81749K(349568K)
[2020-05-02T05:48:54.270+0000][1][gc,metaspace ] GC(42) Metaspace: 96871K->96871K(1138688K)
[2020-05-02T05:48:54.270+0000][1][gc           ] GC(42) Pause Young (Allocation Failure) 217M->80M(494M) 3.768ms
[2020-05-02T05:48:54.270+0000][1][gc,cpu       ] GC(42) User=0.01s Sys=0.01s Real=0.00s
[2020-05-02T05:48:54.271+0000][1][safepoint    ] Safepoint "GenCollectForAllocation", Time since last: 673745000 ns, Reaching safepoint: 635100 ns, At safepoint: 3903200 ns, Total: 4538300 ns
[2020-05-02T05:48:55.271+0000][1][safepoint    ] Safepoint "Cleanup", Time since last: 1000476400 ns, Reaching safepoint: 141800 ns, At safepoint: 29600 ns, Total: 171400 ns
[2020-05-02T05:48:56.272+0000][1][safepoint    ] Safepoint "Cleanup", Time since last: 1000463000 ns, Reaching safepoint: 158500 ns, At safepoint: 41400 ns, Total: 199900 ns
[2020-05-02T05:48:57.273+0000][1][safepoint    ] Safepoint "Cleanup", Time since last: 1000360900 ns, Reaching safepoint: 500100 ns, At safepoint: 199800 ns, Total: 699900 ns
[2020-05-02T05:48:58.274+0000][1][safepoint    ] Safepoint "Cleanup", Time since last: 1000618400 ns, Reaching safepoint: 127000 ns, At safepoint: 30400 ns, Total: 157400 ns
[2020-05-02T05:48:59.274+0000][1][safepoint    ] Safepoint "Cleanup", Time since last: 1000445200 ns, Reaching safepoint: 169400 ns, At safepoint: 40600 ns, Total: 210000 ns
[2020-05-02T05:49:00.275+0000][1][safepoint    ] Safepoint "Cleanup", Time since last: 1000200400 ns, Reaching safepoint: 146500 ns, At safepoint: 26600 ns, Total: 173100 ns
[2020-05-02T05:49:01.275+0000][1][safepoint    ] Safepoint "Cleanup", Time since last: 1000223800 ns, Reaching safepoint: 135400 ns, At safepoint: 30500 ns, Total: 165900 ns
[2020-05-02T05:49:02.276+0000][1][safepoint    ] Safepoint "Cleanup", Time since last: 1000328000 ns, Reaching safepoint: 443900 ns, At safepoint: 178200 ns, Total: 622100 ns
[2020-05-02T05:49:03.277+0000][1][safepoint    ] Safepoint "Cleanup", Time since last: 1000728300 ns, Reaching safepoint: 157300 ns, At safepoint: 34400 ns, Total: 191700 ns
[2020-05-02T05:49:04.278+0000][1][safepoint    ] Safepoint "Cleanup", Time since last: 1000531700 ns, Reaching safepoint: 131300 ns, At safepoint: 30700 ns, Total: 162000 ns
[2020-05-02T05:49:05.278+0000][1][safepoint    ] Safepoint "Cleanup", Time since last: 1000374800 ns, Reaching safepoint: 133800 ns, At safepoint: 32300 ns, Total: 166100 ns
[2020-05-02T05:49:06.279+0000][1][safepoint    ] Safepoint "Cleanup", Time since last: 1000203400 ns, Reaching safepoint: 273000 ns, At safepoint: 80300 ns, Total: 353300 ns
[2020-05-02T05:49:07.280+0000][1][safepoint    ] Safepoint "Cleanup", Time since last: 1000437100 ns, Reaching safepoint: 439000 ns, At safepoint: 131400 ns, Total: 570400 ns
[2020-05-02T05:49:08.281+0000][1][safepoint    ] Safepoint "Cleanup", Time since last: 1000397700 ns, Reaching safepoint: 303200 ns, At safepoint: 85900 ns, Total: 389100 ns
[2020-05-02T05:49:09.282+0000][1][safepoint    ] Safepoint "Cleanup", Time since last: 1000440900 ns, Reaching safepoint: 496200 ns, At safepoint: 127400 ns, Total: 623600 ns
[2020-05-02T05:49:10.282+0000][1][safepoint    ] Safepoint "Cleanup", Time since last: 1000306700 ns, Reaching safepoint: 133600 ns, At safepoint: 29600 ns, Total: 163200 ns
[2020-05-02T05:49:11.283+0000][1][safepoint    ] Safepoint "Cleanup", Time since last: 1000311300 ns, Reaching safepoint: 407500 ns, At safepoint: 126100 ns, Total: 533600 ns
[2020-05-02T05:49:12.284+0000][1][safepoint    ] Safepoint "Cleanup", Time since last: 1000536900 ns, Reaching safepoint: 435600 ns, At safepoint: 136400 ns, Total: 572000 ns
[2020-05-02T05:49:13.285+0000][1][safepoint    ] Safepoint "Cleanup", Time since last: 1000723000 ns, Reaching safepoint: 448300 ns, At safepoint: 137100 ns, Total: 585400 ns
[2020-05-02T05:49:14.286+0000][1][safepoint    ] Safepoint "Cleanup", Time since last: 1000641200 ns, Reaching safepoint: 273000 ns, At safepoint: 79600 ns, Total: 352600 ns
[2020-05-02T05:49:15.287+0000][1][safepoint    ] Safepoint "Cleanup", Time since last: 1000632900 ns, Reaching safepoint: 134600 ns, At safepoint: 32800 ns, Total: 167400 ns
[2020-05-02T05:49:16.288+0000][1][safepoint    ] Safepoint "Cleanup", Time since last: 1000225800 ns, Reaching safepoint: 129400 ns, At safepoint: 27500 ns, Total: 156900 ns
[2020-05-02T05:49:17.289+0000][1][safepoint    ] Safepoint "Cleanup", Time since last: 1000588600 ns, Reaching safepoint: 446500 ns, At safepoint: 130700 ns, Total: 577200 ns
[2020-05-02T05:49:18.290+0000][1][safepoint    ] Safepoint "Cleanup", Time since last: 1000940900 ns, Reaching safepoint: 420300 ns, At safepoint: 137800 ns, Total: 558100 ns
[2020-05-02T05:49:19.291+0000][1][safepoint    ] Safepoint "Cleanup", Time since last: 1000434900 ns, Reaching safepoint: 201900 ns, At safepoint: 32700 ns, Total: 234600 ns
[2020-05-02T05:49:20.292+0000][1][safepoint    ] Safepoint "Cleanup", Time since last: 1000627200 ns, Reaching safepoint: 138000 ns, At safepoint: 35000 ns, Total: 173000 ns
[2020-05-02T05:49:21.293+0000][1][safepoint    ] Safepoint "Cleanup", Time since last: 1000335200 ns, Reaching safepoint: 522200 ns, At safepoint: 198900 ns, Total: 721100 ns
[2020-05-02T05:49:22.294+0000][1][safepoint    ] Safepoint "Cleanup", Time since last: 1000754300 ns, Reaching safepoint: 444800 ns, At safepoint: 136000 ns, Total: 580800 ns
[2020-05-02T05:49:23.295+0000][1][safepoint    ] Safepoint "Cleanup", Time since last: 1000719700 ns, Reaching safepoint: 145200 ns, At safepoint: 29800 ns, Total: 175000 ns
[2020-05-02T05:49:24.296+0000][1][safepoint    ] Safepoint "Cleanup", Time since last: 1000640400 ns, Reaching safepoint: 131900 ns, At safepoint: 30700 ns, Total: 162600 ns
[2020-05-02T05:49:25.297+0000][1][safepoint    ] Safepoint "Cleanup", Time since last: 1000394100 ns, Reaching safepoint: 446600 ns, At safepoint: 220500 ns, Total: 667100 ns
[2020-05-02T05:49:26.298+0000][1][safepoint    ] Safepoint "Cleanup", Time since last: 1000820800 ns, Reaching safepoint: 506500 ns, At safepoint: 132600 ns, Total: 639100 ns
[2020-05-02T05:49:27.299+0000][1][safepoint    ] Safepoint "Cleanup", Time since last: 1000535400 ns, Reaching safepoint: 481400 ns, At safepoint: 134400 ns, Total: 615800 ns
[2020-05-02T05:49:28.301+0000][1][safepoint    ] Safepoint "Cleanup", Time since last: 1000684600 ns, Reaching safepoint: 443500 ns, At safepoint: 135900 ns, Total: 579400 ns
[2020-05-02T05:49:29.302+0000][1][safepoint    ] Safepoint "Cleanup", Time since last: 1000571700 ns, Reaching safepoint: 504300 ns, At safepoint: 134900 ns, Total: 639200 ns
[2020-05-02T05:49:30.303+0000][1][safepoint    ] Safepoint "Cleanup", Time since last: 1000707500 ns, Reaching safepoint: 366200 ns, At safepoint: 75900 ns, Total: 442100 ns
[2020-05-02T05:49:31.304+0000][1][safepoint    ] Safepoint "Cleanup", Time since last: 1000226800 ns, Reaching safepoint: 181600 ns, At safepoint: 41700 ns, Total: 223300 ns
[2020-05-02T05:49:32.304+0000][1][safepoint    ] Safepoint "Cleanup", Time since last: 1000497400 ns, Reaching safepoint: 355700 ns, At safepoint: 95300 ns, Total: 451000 ns
[2020-05-02T05:49:33.305+0000][1][safepoint    ] Safepoint "Cleanup", Time since last: 1000338600 ns, Reaching safepoint: 164400 ns, At safepoint: 42900 ns, Total: 207300 ns
[2020-05-02T05:49:34.306+0000][1][safepoint    ] Safepoint "Cleanup", Time since last: 1000728600 ns, Reaching safepoint: 414500 ns, At safepoint: 135300 ns, Total: 549800 ns
[2020-05-02T05:49:35.307+0000][1][safepoint    ] Safepoint "Cleanup", Time since last: 1000654800 ns, Reaching safepoint: 126800 ns, At safepoint: 30600 ns, Total: 157400 ns
[2020-05-02T05:49:36.308+0000][1][safepoint    ] Safepoint "Cleanup", Time since last: 1000345400 ns, Reaching safepoint: 522900 ns, At safepoint: 135700 ns, Total: 658600 ns
[2020-05-02T05:49:37.309+0000][1][safepoint    ] Safepoint "Cleanup", Time since last: 1000385600 ns, Reaching safepoint: 255000 ns, At safepoint: 76300 ns, Total: 331300 ns
[2020-05-02T05:49:38.310+0000][1][safepoint    ] Safepoint "Cleanup", Time since last: 1000602600 ns, Reaching safepoint: 414100 ns, At safepoint: 130500 ns, Total: 544600 ns
[2020-05-02T05:49:39.311+0000][1][safepoint    ] Safepoint "Cleanup", Time since last: 1000656500 ns, Reaching safepoint: 127200 ns, At safepoint: 30300 ns, Total: 157500 ns
[2020-05-02T05:49:40.312+0000][1][safepoint    ] Safepoint "Cleanup", Time since last: 1000497500 ns, Reaching safepoint: 313600 ns, At safepoint: 80300 ns, Total: 393900 ns
[2020-05-02T05:49:41.312+0000][1][safepoint    ] Safepoint "Cleanup", Time since last: 1000245600 ns, Reaching safepoint: 233700 ns, At safepoint: 65400 ns, Total: 299100 ns
[2020-05-02T05:49:42.314+0000][1][safepoint    ] Safepoint "Cleanup", Time since last: 1000804800 ns, Reaching safepoint: 437500 ns, At safepoint: 140600 ns, Total: 578100 ns
[2020-05-02T05:49:43.314+0000][1][safepoint    ] Safepoint "Cleanup", Time since last: 1000305200 ns, Reaching safepoint: 164100 ns, At safepoint: 43300 ns, Total: 207400 ns
[2020-05-02T05:49:44.315+0000][1][safepoint    ] Safepoint "Cleanup", Time since last: 1000281500 ns, Reaching safepoint: 146900 ns, At safepoint: 37800 ns, Total: 184700 ns
[2020-05-02T05:49:45.315+0000][1][safepoint    ] Safepoint "Cleanup", Time since last: 1000188600 ns, Reaching safepoint: 138600 ns, At safepoint: 24800 ns, Total: 163400 ns
[2020-05-02T05:49:46.315+0000][1][safepoint    ] Safepoint "Cleanup", Time since last: 1000182200 ns, Reaching safepoint: 141200 ns, At safepoint: 29900 ns, Total: 171100 ns
[2020-05-02T05:49:47.316+0000][1][safepoint    ] Safepoint "Cleanup", Time since last: 1000266700 ns, Reaching safepoint: 240000 ns, At safepoint: 56700 ns, Total: 296700 ns
[2020-05-02T05:49:48.317+0000][1][safepoint    ] Safepoint "Cleanup", Time since last: 1000433400 ns, Reaching safepoint: 738700 ns, At safepoint: 166600 ns, Total: 905300 ns
[2020-05-02T05:49:49.318+0000][1][safepoint    ] Safepoint "Cleanup", Time since last: 1000515600 ns, Reaching safepoint: 524200 ns, At safepoint: 145400 ns, Total: 669600 ns
[2020-05-02T05:49:50.320+0000][1][safepoint    ] Safepoint "Cleanup", Time since last: 1000673200 ns, Reaching safepoint: 493500 ns, At safepoint: 136100 ns, Total: 629600 ns
[2020-05-02T05:49:51.320+0000][1][safepoint    ] Safepoint "Cleanup", Time since last: 1000616200 ns, Reaching safepoint: 150100 ns, At safepoint: 31000 ns, Total: 181100 ns
[2020-05-02T05:49:52.321+0000][1][safepoint    ] Safepoint "Cleanup", Time since last: 1000360000 ns, Reaching safepoint: 418300 ns, At safepoint: 128700 ns, Total: 547000 ns
[2020-05-02T05:49:53.322+0000][1][safepoint    ] Safepoint "Cleanup", Time since last: 1000550000 ns, Reaching safepoint: 127000 ns, At safepoint: 26900 ns, Total: 153900 ns
[2020-05-02T05:49:54.323+0000][1][safepoint    ] Safepoint "Cleanup", Time since last: 1000453800 ns, Reaching safepoint: 209600 ns, At safepoint: 47900 ns, Total: 257500 ns
[2020-05-02T05:49:55.323+0000][1][safepoint    ] Safepoint "Cleanup", Time since last: 1000480600 ns, Reaching safepoint: 162800 ns, At safepoint: 42100 ns, Total: 204900 ns
[2020-05-02T05:49:56.324+0000][1][safepoint    ] Safepoint "Cleanup", Time since last: 1000647300 ns, Reaching safepoint: 139000 ns, At safepoint: 50500 ns, Total: 189500 ns
[2020-05-02T05:49:57.326+0000][1][safepoint    ] Safepoint "Cleanup", Time since last: 1000612500 ns, Reaching safepoint: 447400 ns, At safepoint: 127100 ns, Total: 574500 ns
[2020-05-02T05:49:58.326+0000][1][safepoint    ] Safepoint "Cleanup", Time since last: 1000348900 ns, Reaching safepoint: 260800 ns, At safepoint: 75800 ns, Total: 336600 ns
[2020-05-02T05:49:59.327+0000][1][safepoint    ] Safepoint "Cleanup", Time since last: 1000249400 ns, Reaching safepoint: 129100 ns, At safepoint: 29000 ns, Total: 158100 ns
[2020-05-02T05:50:00.327+0000][1][safepoint    ] Safepoint "Cleanup", Time since last: 1000180100 ns, Reaching safepoint: 137300 ns, At safepoint: 27500 ns, Total: 164800 ns
[2020-05-02T05:50:01.328+0000][1][safepoint    ] Safepoint "Cleanup", Time since last: 1000273500 ns, Reaching safepoint: 458800 ns, At safepoint: 144400 ns, Total: 603200 ns
[2020-05-02T05:50:02.329+0000][1][safepoint    ] Safepoint "Cleanup", Time since last: 1000584300 ns, Reaching safepoint: 446600 ns, At safepoint: 135800 ns, Total: 582400 ns
[2020-05-02T05:50:03.330+0000][1][safepoint    ] Safepoint "Cleanup", Time since last: 1000649400 ns, Reaching safepoint: 166000 ns, At safepoint: 41400 ns, Total: 207400 ns
[2020-05-02T05:50:04.330+0000][1][safepoint    ] Safepoint "Cleanup", Time since last: 1000284000 ns, Reaching safepoint: 180500 ns, At safepoint: 46200 ns, Total: 226700 ns
[2020-05-02T05:50:05.331+0000][1][safepoint    ] Safepoint "Cleanup", Time since last: 1000303700 ns, Reaching safepoint: 156500 ns, At safepoint: 41400 ns, Total: 197900 ns
[2020-05-02T05:50:06.331+0000][1][safepoint    ] Safepoint "Cleanup", Time since last: 1000345200 ns, Reaching safepoint: 149000 ns, At safepoint: 34700 ns, Total: 183700 ns
[2020-05-02T05:50:07.332+0000][1][safepoint    ] Safepoint "Cleanup", Time since last: 1000611900 ns, Reaching safepoint: 153900 ns, At safepoint: 32100 ns, Total: 186000 ns
[2020-05-02T05:50:08.333+0000][1][safepoint    ] Safepoint "Cleanup", Time since last: 1000550800 ns, Reaching safepoint: 135000 ns, At safepoint: 32700 ns, Total: 167700 ns
[2020-05-02T05:50:09.334+0000][1][safepoint    ] Safepoint "Cleanup", Time since last: 1000320000 ns, Reaching safepoint: 420200 ns, At safepoint: 131000 ns, Total: 551200 ns
[2020-05-02T05:50:10.334+0000][1][safepoint    ] Safepoint "Cleanup", Time since last: 1000382300 ns, Reaching safepoint: 155500 ns, At safepoint: 71100 ns, Total: 226600 ns
[2020-05-02T05:50:11.335+0000][1][safepoint    ] Safepoint "Cleanup", Time since last: 1000164800 ns, Reaching safepoint: 133800 ns, At safepoint: 26100 ns, Total: 159900 ns
[2020-05-02T05:50:12.336+0000][1][safepoint    ] Safepoint "Cleanup", Time since last: 1000307200 ns, Reaching safepoint: 482100 ns, At safepoint: 165800 ns, Total: 647900 ns
[2020-05-02T05:50:13.337+0000][1][safepoint    ] Safepoint "Cleanup", Time since last: 1000450900 ns, Reaching safepoint: 408900 ns, At safepoint: 131600 ns, Total: 540500 ns
[2020-05-02T05:50:14.338+0000][1][safepoint    ] Safepoint "Cleanup", Time since last: 1000857500 ns, Reaching safepoint: 437500 ns, At safepoint: 157100 ns, Total: 594600 ns
[2020-05-02T05:50:15.339+0000][1][safepoint    ] Safepoint "Cleanup", Time since last: 1000532100 ns, Reaching safepoint: 412200 ns, At safepoint: 133300 ns, Total: 545500 ns
[2020-05-02T05:50:16.340+0000][1][safepoint    ] Safepoint "Cleanup", Time since last: 1000613400 ns, Reaching safepoint: 437200 ns, At safepoint: 156100 ns, Total: 593300 ns
[2020-05-02T05:50:17.341+0000][1][safepoint    ] Safepoint "Cleanup", Time since last: 1000466200 ns, Reaching safepoint: 407300 ns, At safepoint: 118900 ns, Total: 526200 ns
[2020-05-02T05:50:18.343+0000][1][safepoint    ] Safepoint "Cleanup", Time since last: 1000675000 ns, Reaching safepoint: 438000 ns, At safepoint: 136900 ns, Total: 574900 ns
[2020-05-02T05:50:19.344+0000][1][safepoint    ] Safepoint "Cleanup", Time since last: 1000829500 ns, Reaching safepoint: 412200 ns, At safepoint: 133200 ns, Total: 545400 ns
[2020-05-02T05:50:20.345+0000][1][safepoint    ] Safepoint "Cleanup", Time since last: 1000376900 ns, Reaching safepoint: 195600 ns, At safepoint: 37800 ns, Total: 233400 ns
[2020-05-02T05:50:21.345+0000][1][safepoint    ] Safepoint "Cleanup", Time since last: 1000593200 ns, Reaching safepoint: 144300 ns, At safepoint: 36600 ns, Total: 180900 ns
[2020-05-02T05:50:22.347+0000][1][safepoint    ] Safepoint "Cleanup", Time since last: 1000633900 ns, Reaching safepoint: 436600 ns, At safepoint: 141300 ns, Total: 577900 ns
[2020-05-02T05:50:23.348+0000][1][safepoint    ] Safepoint "Cleanup", Time since last: 1000604600 ns, Reaching safepoint: 408600 ns, At safepoint: 132400 ns, Total: 541000 ns
[2020-05-02T05:50:24.349+0000][1][safepoint    ] Safepoint "Cleanup", Time since last: 1000985500 ns, Reaching safepoint: 446100 ns, At safepoint: 141700 ns, Total: 587800 ns
[2020-05-02T05:50:25.351+0000][1][safepoint    ] Safepoint "Cleanup", Time since last: 1000553300 ns, Reaching safepoint: 505500 ns, At safepoint: 134600 ns, Total: 640100 ns
[2020-05-02T05:50:26.352+0000][1][safepoint    ] Safepoint "Cleanup", Time since last: 1000744100 ns, Reaching safepoint: 267000 ns, At safepoint: 78400 ns, Total: 345400 ns
[2020-05-02T05:50:27.353+0000][1][safepoint    ] Safepoint "Cleanup", Time since last: 1000699800 ns, Reaching safepoint: 438600 ns, At safepoint: 136600 ns, Total: 575200 ns
[2020-05-02T05:50:28.354+0000][1][safepoint    ] Safepoint "Cleanup", Time since last: 1000603800 ns, Reaching safepoint: 145400 ns, At safepoint: 36200 ns, Total: 181600 ns
[2020-05-02T05:50:29.355+0000][1][safepoint    ] Safepoint "Cleanup", Time since last: 1000506100 ns, Reaching safepoint: 535400 ns, At safepoint: 152100 ns, Total: 687500 ns
[2020-05-02T05:50:30.356+0000][1][safepoint    ] Safepoint "Cleanup", Time since last: 1000744000 ns, Reaching safepoint: 434500 ns, At safepoint: 136300 ns, Total: 570800 ns
[2020-05-02T05:50:31.357+0000][1][safepoint    ] Safepoint "Cleanup", Time since last: 1000555500 ns, Reaching safepoint: 126100 ns, At safepoint: 29900 ns, Total: 156000 ns
[2020-05-02T05:50:32.358+0000][1][safepoint    ] Safepoint "Cleanup", Time since last: 1000687000 ns, Reaching safepoint: 246100 ns, At safepoint: 40000 ns, Total: 286100 ns
[2020-05-02T05:50:33.359+0000][1][safepoint    ] Safepoint "Cleanup", Time since last: 1000667200 ns, Reaching safepoint: 412300 ns, At safepoint: 132800 ns, Total: 545100 ns
[2020-05-02T05:50:34.360+0000][1][safepoint    ] Safepoint "Cleanup", Time since last: 1000461800 ns, Reaching safepoint: 482200 ns, At safepoint: 138700 ns, Total: 620900 ns
[2020-05-02T05:50:35.361+0000][1][safepoint    ] Safepoint "Cleanup", Time since last: 1000288400 ns, Reaching safepoint: 131000 ns, At safepoint: 29700 ns, Total: 160700 ns
[2020-05-02T05:50:36.361+0000][1][safepoint    ] Safepoint "Cleanup", Time since last: 1000184600 ns, Reaching safepoint: 147000 ns, At safepoint: 29300 ns, Total: 176300 ns
[2020-05-02T05:50:37.361+0000][1][safepoint    ] Safepoint "Cleanup", Time since last: 1000131300 ns, Reaching safepoint: 129000 ns, At safepoint: 28700 ns, Total: 157700 ns
[2020-05-02T05:50:38.362+0000][1][safepoint    ] Safepoint "Cleanup", Time since last: 1000173800 ns, Reaching safepoint: 125300 ns, At safepoint: 26900 ns, Total: 152200 ns
[2020-05-02T05:50:39.362+0000][1][safepoint    ] Safepoint "Cleanup", Time since last: 1000164500 ns, Reaching safepoint: 146600 ns, At safepoint: 31800 ns, Total: 178400 ns
[2020-05-02T05:50:40.362+0000][1][safepoint    ] Safepoint "Cleanup", Time since last: 1000169000 ns, Reaching safepoint: 143300 ns, At safepoint: 51200 ns, Total: 194500 ns
[2020-05-02T05:50:41.363+0000][1][safepoint    ] Safepoint "Cleanup", Time since last: 1000189800 ns, Reaching safepoint: 130200 ns, At safepoint: 29800 ns, Total: 160000 ns
[2020-05-02T05:50:42.363+0000][1][safepoint    ] Safepoint "Cleanup", Time since last: 1000184100 ns, Reaching safepoint: 131900 ns, At safepoint: 31300 ns, Total: 163200 ns
[2020-05-02T05:50:43.363+0000][1][safepoint    ] Safepoint "Cleanup", Time since last: 1000147200 ns, Reaching safepoint: 158200 ns, At safepoint: 54900 ns, Total: 213100 ns
[2020-05-02T05:50:44.364+0000][1][safepoint    ] Safepoint "Cleanup", Time since last: 1000236800 ns, Reaching safepoint: 119600 ns, At safepoint: 27400 ns, Total: 147000 ns
[2020-05-02T05:50:45.364+0000][1][safepoint    ] Safepoint "Cleanup", Time since last: 1000191800 ns, Reaching safepoint: 125100 ns, At safepoint: 32500 ns, Total: 157600 ns
[2020-05-02T05:50:46.364+0000][1][safepoint    ] Safepoint "Cleanup", Time since last: 1000169100 ns, Reaching safepoint: 151900 ns, At safepoint: 45500 ns, Total: 197400 ns
[2020-05-02T05:50:47.365+0000][1][safepoint    ] Safepoint "Cleanup", Time since last: 1000360900 ns, Reaching safepoint: 398000 ns, At safepoint: 190600 ns, Total: 588600 ns
[2020-05-02T05:50:48.366+0000][1][safepoint    ] Safepoint "Cleanup", Time since last: 1000599300 ns, Reaching safepoint: 149000 ns, At safepoint: 52200 ns, Total: 201200 ns
[2020-05-02T05:50:49.367+0000][1][safepoint    ] Safepoint "Cleanup", Time since last: 1000247100 ns, Reaching safepoint: 245500 ns, At safepoint: 58500 ns, Total: 304000 ns
[2020-05-02T05:50:50.368+0000][1][safepoint    ] Safepoint "Cleanup", Time since last: 1000596500 ns, Reaching safepoint: 221700 ns, At safepoint: 69000 ns, Total: 290700 ns
[2020-05-02T05:50:51.368+0000][1][safepoint    ] Safepoint "Cleanup", Time since last: 1000209500 ns, Reaching safepoint: 129800 ns, At safepoint: 28300 ns, Total: 158100 ns
[2020-05-02T05:50:52.369+0000][1][safepoint    ] Safepoint "Cleanup", Time since last: 1000343300 ns, Reaching safepoint: 488200 ns, At safepoint: 158400 ns, Total: 646600 ns
[2020-05-02T05:50:53.370+0000][1][safepoint    ] Safepoint "Cleanup", Time since last: 1000639600 ns, Reaching safepoint: 147300 ns, At safepoint: 38300 ns, Total: 185600 ns
[2020-05-02T05:50:54.371+0000][1][safepoint    ] Safepoint "Cleanup", Time since last: 1000580800 ns, Reaching safepoint: 411600 ns, At safepoint: 130700 ns, Total: 542300 ns
[2020-05-02T05:50:55.371+0000][1][safepoint    ] Safepoint "Cleanup", Time since last: 1000294200 ns, Reaching safepoint: 123600 ns, At safepoint: 41200 ns, Total: 164800 ns
[2020-05-02T05:50:56.372+0000][1][safepoint    ] Safepoint "Cleanup", Time since last: 1000534000 ns, Reaching safepoint: 208700 ns, At safepoint: 46300 ns, Total: 255000 ns
[2020-05-02T05:50:57.373+0000][1][safepoint    ] Safepoint "Cleanup", Time since last: 1000493400 ns, Reaching safepoint: 147700 ns, At safepoint: 38600 ns, Total: 186300 ns
[2020-05-02T05:50:58.374+0000][1][safepoint    ] Safepoint "Cleanup", Time since last: 1000557100 ns, Reaching safepoint: 129300 ns, At safepoint: 31500 ns, Total: 160800 ns
[2020-05-02T05:50:59.375+0000][1][safepoint    ] Safepoint "Cleanup", Time since last: 1000382800 ns, Reaching safepoint: 728900 ns, At safepoint: 145500 ns, Total: 874400 ns
[2020-05-02T05:51:00.375+0000][1][safepoint    ] Safepoint "Cleanup", Time since last: 1000350100 ns, Reaching safepoint: 156400 ns, At safepoint: 27000 ns, Total: 183400 ns
[2020-05-02T05:51:01.376+0000][1][safepoint    ] Safepoint "Cleanup", Time since last: 1000285800 ns, Reaching safepoint: 284500 ns, At safepoint: 82300 ns, Total: 366800 ns
[2020-05-02T05:51:02.377+0000][1][safepoint    ] Safepoint "Cleanup", Time since last: 1000532100 ns, Reaching safepoint: 363000 ns, At safepoint: 94500 ns, Total: 457500 ns
[2020-05-02T05:51:03.378+0000][1][safepoint    ] Safepoint "Cleanup", Time since last: 1000781000 ns, Reaching safepoint: 412000 ns, At safepoint: 131700 ns, Total: 543700 ns
[2020-05-02T05:51:04.380+0000][1][safepoint    ] Safepoint "Cleanup", Time since last: 1000864900 ns, Reaching safepoint: 411600 ns, At safepoint: 132000 ns, Total: 543600 ns
[2020-05-02T05:51:05.381+0000][1][safepoint    ] Safepoint "Cleanup", Time since last: 1000643300 ns, Reaching safepoint: 131200 ns, At safepoint: 33100 ns, Total: 164300 ns
[2020-05-02T05:51:06.382+0000][1][safepoint    ] Safepoint "Cleanup", Time since last: 1000327600 ns, Reaching safepoint: 514000 ns, At safepoint: 131500 ns, Total: 645500 ns
[2020-05-02T05:51:07.382+0000][1][safepoint    ] Safepoint "Cleanup", Time since last: 1000378100 ns, Reaching safepoint: 336100 ns, At safepoint: 98100 ns, Total: 434200 ns
[2020-05-02T05:51:08.383+0000][1][safepoint    ] Safepoint "Cleanup", Time since last: 1000565000 ns, Reaching safepoint: 166500 ns, At safepoint: 42600 ns, Total: 209100 ns
[2020-05-02T05:51:09.384+0000][1][safepoint    ] Safepoint "Cleanup", Time since last: 1000234500 ns, Reaching safepoint: 311200 ns, At safepoint: 127600 ns, Total: 438800 ns
[2020-05-02T05:51:10.385+0000][1][safepoint    ] Safepoint "Cleanup", Time since last: 1000614100 ns, Reaching safepoint: 511500 ns, At safepoint: 151700 ns, Total: 663200 ns
[2020-05-02T05:51:11.386+0000][1][safepoint    ] Safepoint "Cleanup", Time since last: 1000455500 ns, Reaching safepoint: 293300 ns, At safepoint: 125700 ns, Total: 419000 ns
[2020-05-02T05:51:12.386+0000][1][safepoint    ] Safepoint "Cleanup", Time since last: 1000375000 ns, Reaching safepoint: 129400 ns, At safepoint: 31400 ns, Total: 160800 ns
[2020-05-02T05:51:13.388+0000][1][safepoint    ] Safepoint "Cleanup", Time since last: 1000639100 ns, Reaching safepoint: 414100 ns, At safepoint: 130900 ns, Total: 545000 ns
[2020-05-02T05:51:14.389+0000][1][safepoint    ] Safepoint "Cleanup", Time since last: 1000696200 ns, Reaching safepoint: 412900 ns, At safepoint: 131500 ns, Total: 544400 ns
[2020-05-02T05:51:15.390+0000][1][safepoint    ] Safepoint "Cleanup", Time since last: 1000802200 ns, Reaching safepoint: 178600 ns, At safepoint: 50800 ns, Total: 229400 ns
[2020-05-02T05:51:16.391+0000][1][safepoint    ] Safepoint "Cleanup", Time since last: 1000834000 ns, Reaching safepoint: 412300 ns, At safepoint: 136100 ns, Total: 548400 ns
[2020-05-02T05:51:17.392+0000][1][safepoint    ] Safepoint "Cleanup", Time since last: 1000480400 ns, Reaching safepoint: 412000 ns, At safepoint: 145700 ns, Total: 557700 ns
[2020-05-02T05:51:18.393+0000][1][safepoint    ] Safepoint "Cleanup", Time since last: 1000705300 ns, Reaching safepoint: 143400 ns, At safepoint: 30700 ns, Total: 174100 ns
[2020-05-02T05:51:19.394+0000][1][safepoint    ] Safepoint "Cleanup", Time since last: 1000309800 ns, Reaching safepoint: 126700 ns, At safepoint: 28500 ns, Total: 155200 ns
[2020-05-02T05:51:20.394+0000][1][safepoint    ] Safepoint "Cleanup", Time since last: 1000395300 ns, Reaching safepoint: 130900 ns, At safepoint: 30500 ns, Total: 161400 ns
[2020-05-02T05:51:21.395+0000][1][safepoint    ] Safepoint "Cleanup", Time since last: 1000680800 ns, Reaching safepoint: 160700 ns, At safepoint: 42800 ns, Total: 203500 ns
[2020-05-02T05:51:22.396+0000][1][safepoint    ] Safepoint "Cleanup", Time since last: 1000345400 ns, Reaching safepoint: 406100 ns, At safepoint: 134900 ns, Total: 541000 ns
[2020-05-02T05:51:23.397+0000][1][safepoint    ] Safepoint "Cleanup", Time since last: 1000627500 ns, Reaching safepoint: 510600 ns, At safepoint: 136500 ns, Total: 647100 ns
[2020-05-02T05:51:24.398+0000][1][safepoint    ] Safepoint "Cleanup", Time since last: 1000391500 ns, Reaching safepoint: 244900 ns, At safepoint: 29100 ns, Total: 274000 ns
[2020-05-02T05:51:25.399+0000][1][safepoint    ] Safepoint "Cleanup", Time since last: 1000305500 ns, Reaching safepoint: 265800 ns, At safepoint: 78700 ns, Total: 344500 ns
[2020-05-02T05:51:26.400+0000][1][safepoint    ] Safepoint "Cleanup", Time since last: 1000673600 ns, Reaching safepoint: 322900 ns, At safepoint: 101800 ns, Total: 424700 ns
[2020-05-02T05:51:27.401+0000][1][safepoint    ] Safepoint "Cleanup", Time since last: 1000655800 ns, Reaching safepoint: 134100 ns, At safepoint: 33000 ns, Total: 167100 ns
[2020-05-02T05:51:28.402+0000][1][safepoint    ] Safepoint "Cleanup", Time since last: 1000815300 ns, Reaching safepoint: 445500 ns, At safepoint: 140800 ns, Total: 586300 ns
[2020-05-02T05:51:29.403+0000][1][safepoint    ] Safepoint "Cleanup", Time since last: 1000459500 ns, Reaching safepoint: 486800 ns, At safepoint: 133000 ns, Total: 619800 ns
[2020-05-02T05:51:30.404+0000][1][safepoint    ] Safepoint "Cleanup", Time since last: 1000403400 ns, Reaching safepoint: 201000 ns, At safepoint: 44900 ns, Total: 245900 ns
[2020-05-02T05:51:31.405+0000][1][safepoint    ] Safepoint "Cleanup", Time since last: 1000712100 ns, Reaching safepoint: 439900 ns, At safepoint: 134000 ns, Total: 573900 ns
[2020-05-02T05:51:32.406+0000][1][safepoint    ] Safepoint "Cleanup", Time since last: 1000438600 ns, Reaching safepoint: 407500 ns, At safepoint: 141800 ns, Total: 549300 ns
[2020-05-02T05:51:33.407+0000][1][safepoint    ] Safepoint "Cleanup", Time since last: 1000710600 ns, Reaching safepoint: 424600 ns, At safepoint: 181100 ns, Total: 605700 ns
[2020-05-02T05:51:34.409+0000][1][safepoint    ] Safepoint "Cleanup", Time since last: 1000762200 ns, Reaching safepoint: 531000 ns, At safepoint: 135400 ns, Total: 666400 ns
[2020-05-02T05:51:35.410+0000][1][safepoint    ] Safepoint "Cleanup", Time since last: 1000787400 ns, Reaching safepoint: 290300 ns, At safepoint: 76300 ns, Total: 366600 ns
[2020-05-02T05:51:36.410+0000][1][safepoint    ] Safepoint "Cleanup", Time since last: 1000282900 ns, Reaching safepoint: 138800 ns, At safepoint: 31000 ns, Total: 169800 ns
[2020-05-02T05:51:37.411+0000][1][safepoint    ] Safepoint "Cleanup", Time since last: 1000220200 ns, Reaching safepoint: 145600 ns, At safepoint: 33000 ns, Total: 178600 ns
[2020-05-02T05:51:38.412+0000][1][safepoint    ] Safepoint "Cleanup", Time since last: 1000349600 ns, Reaching safepoint: 440100 ns, At safepoint: 138400 ns, Total: 578500 ns
[2020-05-02T05:51:39.412+0000][1][safepoint    ] Safepoint "Cleanup", Time since last: 1000311700 ns, Reaching safepoint: 228800 ns, At safepoint: 61800 ns, Total: 290600 ns
[2020-05-02T05:51:40.413+0000][1][safepoint    ] Safepoint "Cleanup", Time since last: 1000330500 ns, Reaching safepoint: 167200 ns, At safepoint: 47800 ns, Total: 215000 ns
[2020-05-02T05:51:41.414+0000][1][safepoint    ] Safepoint "Cleanup", Time since last: 1000542900 ns, Reaching safepoint: 307200 ns, At safepoint: 93400 ns, Total: 400600 ns
[2020-05-02T05:51:42.415+0000][1][safepoint    ] Safepoint "Cleanup", Time since last: 1000479500 ns, Reaching safepoint: 830800 ns, At safepoint: 101700 ns, Total: 932500 ns
[2020-05-02T05:51:43.416+0000][1][safepoint    ] Safepoint "Cleanup", Time since last: 1000700400 ns, Reaching safepoint: 286200 ns, At safepoint: 67600 ns, Total: 353800 ns
[2020-05-02T05:51:44.417+0000][1][safepoint    ] Safepoint "Cleanup", Time since last: 1000545600 ns, Reaching safepoint: 408900 ns, At safepoint: 133700 ns, Total: 542600 ns
[2020-05-02T05:51:45.419+0000][1][safepoint    ] Safepoint "Cleanup", Time since last: 1000805800 ns, Reaching safepoint: 366800 ns, At safepoint: 93500 ns, Total: 460300 ns
[2020-05-02T05:51:46.420+0000][1][safepoint    ] Safepoint "Cleanup", Time since last: 1000739700 ns, Reaching safepoint: 435800 ns, At safepoint: 140800 ns, Total: 576600 ns
[2020-05-02T05:51:47.421+0000][1][safepoint    ] Safepoint "Cleanup", Time since last: 1000671000 ns, Reaching safepoint: 168500 ns, At safepoint: 35700 ns, Total: 204200 ns
[2020-05-02T05:51:48.422+0000][1][safepoint    ] Safepoint "Cleanup", Time since last: 1000706600 ns, Reaching safepoint: 467100 ns, At safepoint: 155100 ns, Total: 622200 ns
[2020-05-02T05:51:49.424+0000][1][safepoint    ] Safepoint "Cleanup", Time since last: 1000890000 ns, Reaching safepoint: 413600 ns, At safepoint: 141300 ns, Total: 554900 ns
[2020-05-02T05:51:50.425+0000][1][safepoint    ] Safepoint "Cleanup", Time since last: 1000503100 ns, Reaching safepoint: 597500 ns, At safepoint: 127700 ns, Total: 725200 ns
[2020-05-02T05:51:51.425+0000][1][safepoint    ] Safepoint "Cleanup", Time since last: 1000525800 ns, Reaching safepoint: 165500 ns, At safepoint: 45900 ns, Total: 211400 ns
[2020-05-02T05:51:52.426+0000][1][safepoint    ] Safepoint "Cleanup", Time since last: 1000308800 ns, Reaching safepoint: 135100 ns, At safepoint: 33800 ns, Total: 168900 ns
[2020-05-02T05:51:53.427+0000][1][safepoint    ] Safepoint "Cleanup", Time since last: 1000473000 ns, Reaching safepoint: 223100 ns, At safepoint: 68700 ns, Total: 291800 ns
[2020-05-02T05:51:53.508+0000][1][gc,start     ] GC(43) Pause Young (Allocation Failure)
[2020-05-02T05:51:53.508+0000][1][gc,task      ] GC(43) Using 10 workers of 10 for evacuation
[2020-05-02T05:51:53.512+0000][1][gc,age       ] GC(43) Desired survivor size 8945664 bytes, new threshold 6 (max threshold 6)
[2020-05-02T05:51:53.512+0000][1][gc,age       ] GC(43) Age table with threshold 6 (max threshold 6)
[2020-05-02T05:51:53.512+0000][1][gc,age       ] GC(43) - age   1:      66200 bytes,      66200 total
[2020-05-02T05:51:53.512+0000][1][gc,age       ] GC(43) - age   2:     365632 bytes,     431832 total
[2020-05-02T05:51:53.512+0000][1][gc,age       ] GC(43) - age   3:      40264 bytes,     472096 total
[2020-05-02T05:51:53.512+0000][1][gc,age       ] GC(43) - age   4:     105424 bytes,     577520 total
[2020-05-02T05:51:53.512+0000][1][gc,age       ] GC(43) - age   5:      54032 bytes,     631552 total
[2020-05-02T05:51:53.512+0000][1][gc,age       ] GC(43) - age   6:       8040 bytes,     639592 total
[2020-05-02T05:51:53.513+0000][1][gc,heap      ] GC(43) ParNew: 140737K->912K(157248K)
[2020-05-02T05:51:53.513+0000][1][gc,heap      ] GC(43) CMS: 81749K->81758K(349568K)
[2020-05-02T05:51:53.513+0000][1][gc,metaspace ] GC(43) Metaspace: 96910K->96910K(1138688K)
[2020-05-02T05:51:53.513+0000][1][gc           ] GC(43) Pause Young (Allocation Failure) 217M->80M(494M) 4.306ms
[2020-05-02T05:51:53.513+0000][1][gc,cpu       ] GC(43) User=0.02s Sys=0.00s Real=0.00s
[2020-05-02T05:51:53.513+0000][1][safepoint    ] Safepoint "GenCollectForAllocation", Time since last: 81247300 ns, Reaching safepoint: 291100 ns, At safepoint: 4439600 ns, Total: 4730700 ns
[2020-05-02T05:51:54.514+0000][1][safepoint    ] Safepoint "Cleanup", Time since last: 1000540900 ns, Reaching safepoint: 310100 ns, At safepoint: 92600 ns, Total: 402700 ns
[2020-05-02T05:51:55.515+0000][1][safepoint    ] Safepoint "Cleanup", Time since last: 1000537900 ns, Reaching safepoint: 350800 ns, At safepoint: 83000 ns, Total: 433800 ns
[2020-05-02T05:51:56.516+0000][1][safepoint    ] Safepoint "Cleanup", Time since last: 1000493800 ns, Reaching safepoint: 439600 ns, At safepoint: 150900 ns, Total: 590500 ns
[2020-05-02T05:51:57.517+0000][1][safepoint    ] Safepoint "Cleanup", Time since last: 1000498000 ns, Reaching safepoint: 485200 ns, At safepoint: 131200 ns, Total: 616400 ns
[2020-05-02T05:51:58.517+0000][1][safepoint    ] Safepoint "Cleanup", Time since last: 1000330000 ns, Reaching safepoint: 133700 ns, At safepoint: 26900 ns, Total: 160600 ns
[2020-05-02T05:51:59.518+0000][1][safepoint    ] Safepoint "Cleanup", Time since last: 1000479100 ns, Reaching safepoint: 154100 ns, At safepoint: 33100 ns, Total: 187200 ns
[2020-05-02T05:52:00.518+0000][1][safepoint    ] Safepoint "Cleanup", Time since last: 1000185400 ns, Reaching safepoint: 137000 ns, At safepoint: 81100 ns, Total: 218100 ns
[2020-05-02T05:52:01.519+0000][1][safepoint    ] Safepoint "Cleanup", Time since last: 1000365200 ns, Reaching safepoint: 130800 ns, At safepoint: 42700 ns, Total: 173500 ns
[2020-05-02T05:52:02.520+0000][1][safepoint    ] Safepoint "Cleanup", Time since last: 1000438800 ns, Reaching safepoint: 198200 ns, At safepoint: 70800 ns, Total: 269000 ns
[2020-05-02T05:52:03.521+0000][1][safepoint    ] Safepoint "Cleanup", Time since last: 1000284300 ns, Reaching safepoint: 635500 ns, At safepoint: 200400 ns, Total: 835900 ns
[2020-05-02T05:52:04.522+0000][1][safepoint    ] Safepoint "Cleanup", Time since last: 1000499000 ns, Reaching safepoint: 409800 ns, At safepoint: 129900 ns, Total: 539700 ns
[2020-05-02T05:52:05.523+0000][1][safepoint    ] Safepoint "Cleanup", Time since last: 1000673500 ns, Reaching safepoint: 126000 ns, At safepoint: 29700 ns, Total: 155700 ns
[2020-05-02T05:52:06.523+0000][1][safepoint    ] Safepoint "Cleanup", Time since last: 1000175500 ns, Reaching safepoint: 143500 ns, At safepoint: 26700 ns, Total: 170200 ns
[2020-05-02T05:52:07.524+0000][1][safepoint    ] Safepoint "Cleanup", Time since last: 1000586800 ns, Reaching safepoint: 447100 ns, At safepoint: 133900 ns, Total: 581000 ns
[2020-05-02T05:52:08.525+0000][1][safepoint    ] Safepoint "Cleanup", Time since last: 1000621700 ns, Reaching safepoint: 145000 ns, At safepoint: 37500 ns, Total: 182500 ns
[2020-05-02T05:52:09.525+0000][1][safepoint    ] Safepoint "Cleanup", Time since last: 1000214100 ns, Reaching safepoint: 229400 ns, At safepoint: 66800 ns, Total: 296200 ns
[2020-05-02T05:52:10.526+0000][1][safepoint    ] Safepoint "Cleanup", Time since last: 1000575300 ns, Reaching safepoint: 139100 ns, At safepoint: 28900 ns, Total: 168000 ns
[2020-05-02T05:52:11.527+0000][1][safepoint    ] Safepoint "Cleanup", Time since last: 1000195700 ns, Reaching safepoint: 130600 ns, At safepoint: 30700 ns, Total: 161300 ns
[2020-05-02T05:52:12.527+0000][1][safepoint    ] Safepoint "Cleanup", Time since last: 1000333000 ns, Reaching safepoint: 400000 ns, At safepoint: 122000 ns, Total: 522000 ns
[2020-05-02T05:52:13.528+0000][1][safepoint    ] Safepoint "Cleanup", Time since last: 1000503900 ns, Reaching safepoint: 132500 ns, At safepoint: 57700 ns, Total: 190200 ns
[2020-05-02T05:52:14.529+0000][1][safepoint    ] Safepoint "Cleanup", Time since last: 1000508400 ns, Reaching safepoint: 219700 ns, At safepoint: 63900 ns, Total: 283600 ns
[2020-05-02T05:52:15.530+0000][1][safepoint    ] Safepoint "Cleanup", Time since last: 1000335000 ns, Reaching safepoint: 376800 ns, At safepoint: 87700 ns, Total: 464500 ns
[2020-05-02T05:52:16.531+0000][1][safepoint    ] Safepoint "Cleanup", Time since last: 1000546900 ns, Reaching safepoint: 426200 ns, At safepoint: 135100 ns, Total: 561300 ns
[2020-05-02T05:52:17.531+0000][1][safepoint    ] Safepoint "Cleanup", Time since last: 1000332100 ns, Reaching safepoint: 257000 ns, At safepoint: 74200 ns, Total: 331200 ns
[2020-05-02T05:52:18.532+0000][1][safepoint    ] Safepoint "Cleanup", Time since last: 1000250600 ns, Reaching safepoint: 236600 ns, At safepoint: 51100 ns, Total: 287700 ns
[2020-05-02T05:52:19.533+0000][1][safepoint    ] Safepoint "Cleanup", Time since last: 1000486800 ns, Reaching safepoint: 243700 ns, At safepoint: 105200 ns, Total: 348900 ns
[2020-05-02T05:52:20.534+0000][1][safepoint    ] Safepoint "Cleanup", Time since last: 1000702800 ns, Reaching safepoint: 437500 ns, At safepoint: 206900 ns, Total: 644400 ns
[2020-05-02T05:52:21.535+0000][1][safepoint    ] Safepoint "Cleanup", Time since last: 1000522600 ns, Reaching safepoint: 532500 ns, At safepoint: 205600 ns, Total: 738100 ns
[2020-05-02T05:52:22.536+0000][1][safepoint    ] Safepoint "Cleanup", Time since last: 1000348700 ns, Reaching safepoint: 135300 ns, At safepoint: 30100 ns, Total: 165400 ns
[2020-05-02T05:52:23.537+0000][1][safepoint    ] Safepoint "Cleanup", Time since last: 1000508200 ns, Reaching safepoint: 269900 ns, At safepoint: 63400 ns, Total: 333300 ns
[2020-05-02T05:52:24.538+0000][1][safepoint    ] Safepoint "Cleanup", Time since last: 1000726000 ns, Reaching safepoint: 421200 ns, At safepoint: 206300 ns, Total: 627500 ns
[2020-05-02T05:52:25.540+0000][1][safepoint    ] Safepoint "Cleanup", Time since last: 1000772700 ns, Reaching safepoint: 450700 ns, At safepoint: 209900 ns, Total: 660600 ns
[2020-05-02T05:52:26.541+0000][1][safepoint    ] Safepoint "Cleanup", Time since last: 1000759900 ns, Reaching safepoint: 516700 ns, At safepoint: 202900 ns, Total: 719600 ns
[2020-05-02T05:52:27.542+0000][1][safepoint    ] Safepoint "Cleanup", Time since last: 1000675200 ns, Reaching safepoint: 295000 ns, At safepoint: 135600 ns, Total: 430600 ns
[2020-05-02T05:52:28.543+0000][1][safepoint    ] Safepoint "Cleanup", Time since last: 1000634400 ns, Reaching safepoint: 247700 ns, At safepoint: 55800 ns, Total: 303500 ns
[2020-05-02T05:52:29.544+0000][1][safepoint    ] Safepoint "Cleanup", Time since last: 1000314600 ns, Reaching safepoint: 372600 ns, At safepoint: 139600 ns, Total: 512200 ns
[2020-05-02T05:52:30.545+0000][1][safepoint    ] Safepoint "Cleanup", Time since last: 1000305300 ns, Reaching safepoint: 273100 ns, At safepoint: 69500 ns, Total: 342600 ns
[2020-05-02T05:52:31.546+0000][1][safepoint    ] Safepoint "Cleanup", Time since last: 1000706500 ns, Reaching safepoint: 430200 ns, At safepoint: 205800 ns, Total: 636000 ns
[2020-05-02T05:52:32.547+0000][1][safepoint    ] Safepoint "Cleanup", Time since last: 1000518700 ns, Reaching safepoint: 412700 ns, At safepoint: 211600 ns, Total: 624300 ns
[2020-05-02T05:52:33.548+0000][1][safepoint    ] Safepoint "Cleanup", Time since last: 1000360900 ns, Reaching safepoint: 172500 ns, At safepoint: 46000 ns, Total: 218500 ns
[2020-05-02T05:52:34.549+0000][1][safepoint    ] Safepoint "Cleanup", Time since last: 1000384800 ns, Reaching safepoint: 446100 ns, At safepoint: 217800 ns, Total: 663900 ns
[2020-05-02T05:52:35.549+0000][1][safepoint    ] Safepoint "Cleanup", Time since last: 1000483900 ns, Reaching safepoint: 138200 ns, At safepoint: 44700 ns, Total: 182900 ns
[2020-05-02T05:52:36.550+0000][1][safepoint    ] Safepoint "Cleanup", Time since last: 1000359600 ns, Reaching safepoint: 255000 ns, At safepoint: 113000 ns, Total: 368000 ns
[2020-05-02T05:52:37.551+0000][1][safepoint    ] Safepoint "Cleanup", Time since last: 1000471400 ns, Reaching safepoint: 557800 ns, At safepoint: 207800 ns, Total: 765600 ns
[2020-05-02T05:52:38.552+0000][1][safepoint    ] Safepoint "Cleanup", Time since last: 1000650100 ns, Reaching safepoint: 141400 ns, At safepoint: 49000 ns, Total: 190400 ns
[2020-05-02T05:52:39.553+0000][1][safepoint    ] Safepoint "Cleanup", Time since last: 1000615100 ns, Reaching safepoint: 449500 ns, At safepoint: 209200 ns, Total: 658700 ns
[2020-05-02T05:52:40.555+0000][1][safepoint    ] Safepoint "Cleanup", Time since last: 1000794000 ns, Reaching safepoint: 463700 ns, At safepoint: 191300 ns, Total: 655000 ns
[2020-05-02T05:52:41.556+0000][1][safepoint    ] Safepoint "Cleanup", Time since last: 1000667600 ns, Reaching safepoint: 435100 ns, At safepoint: 210200 ns, Total: 645300 ns
[2020-05-02T05:52:42.558+0000][1][safepoint    ] Safepoint "Cleanup", Time since last: 1000809500 ns, Reaching safepoint: 630400 ns, At safepoint: 203000 ns, Total: 833400 ns
[2020-05-02T05:52:43.559+0000][1][safepoint    ] Safepoint "Cleanup", Time since last: 1000550800 ns, Reaching safepoint: 128400 ns, At safepoint: 43700 ns, Total: 172100 ns
[2020-05-02T05:52:44.560+0000][1][safepoint    ] Safepoint "Cleanup", Time since last: 1000705900 ns, Reaching safepoint: 452600 ns, At safepoint: 210300 ns, Total: 662900 ns
[2020-05-02T05:52:45.561+0000][1][safepoint    ] Safepoint "Cleanup", Time since last: 1000684400 ns, Reaching safepoint: 579700 ns, At safepoint: 222200 ns, Total: 801900 ns
[2020-05-02T05:52:46.563+0000][1][safepoint    ] Safepoint "Cleanup", Time since last: 1000788300 ns, Reaching safepoint: 447200 ns, At safepoint: 209200 ns, Total: 656400 ns
[2020-05-02T05:52:47.564+0000][1][safepoint    ] Safepoint "Cleanup", Time since last: 1000481500 ns, Reaching safepoint: 447000 ns, At safepoint: 205500 ns, Total: 652500 ns
[2020-05-02T05:52:48.565+0000][1][safepoint    ] Safepoint "Cleanup", Time since last: 1000465400 ns, Reaching safepoint: 128900 ns, At safepoint: 28800 ns, Total: 157700 ns
[2020-05-02T05:52:49.566+0000][1][safepoint    ] Safepoint "Cleanup", Time since last: 1000788900 ns, Reaching safepoint: 656800 ns, At safepoint: 218300 ns, Total: 875100 ns
[2020-05-02T05:52:50.568+0000][1][safepoint    ] Safepoint "Cleanup", Time since last: 1000701300 ns, Reaching safepoint: 488000 ns, At safepoint: 203200 ns, Total: 691200 ns
[2020-05-02T05:52:51.568+0000][1][safepoint    ] Safepoint "Cleanup", Time since last: 1000335500 ns, Reaching safepoint: 153600 ns, At safepoint: 38200 ns, Total: 191800 ns
[2020-05-02T05:52:52.569+0000][1][safepoint    ] Safepoint "Cleanup", Time since last: 1000383200 ns, Reaching safepoint: 676300 ns, At safepoint: 200100 ns, Total: 876400 ns
[2020-05-02T05:52:53.571+0000][1][safepoint    ] Safepoint "Cleanup", Time since last: 1000782700 ns, Reaching safepoint: 433300 ns, At safepoint: 126200 ns, Total: 559500 ns
[2020-05-02T05:52:54.572+0000][1][safepoint    ] Safepoint "Cleanup", Time since last: 1000550500 ns, Reaching safepoint: 395200 ns, At safepoint: 190600 ns, Total: 585800 ns
[2020-05-02T05:52:55.574+0000][1][safepoint    ] Safepoint "Cleanup", Time since last: 1000809800 ns, Reaching safepoint: 677700 ns, At safepoint: 201200 ns, Total: 878900 ns
[2020-05-02T05:52:56.574+0000][1][safepoint    ] Safepoint "Cleanup", Time since last: 1000362100 ns, Reaching safepoint: 155700 ns, At safepoint: 60600 ns, Total: 216300 ns
[2020-05-02T05:52:57.575+0000][1][safepoint    ] Safepoint "Cleanup", Time since last: 1000195400 ns, Reaching safepoint: 197300 ns, At safepoint: 91300 ns, Total: 288600 ns
[2020-05-02T05:52:58.575+0000][1][safepoint    ] Safepoint "Cleanup", Time since last: 1000222800 ns, Reaching safepoint: 307400 ns, At safepoint: 58600 ns, Total: 366000 ns
[2020-05-02T05:52:59.577+0000][1][safepoint    ] Safepoint "Cleanup", Time since last: 1000703900 ns, Reaching safepoint: 446500 ns, At safepoint: 212100 ns, Total: 658600 ns
[2020-05-02T05:53:00.578+0000][1][safepoint    ] Safepoint "Cleanup", Time since last: 1000615800 ns, Reaching safepoint: 205300 ns, At safepoint: 55200 ns, Total: 260500 ns
[2020-05-02T05:53:01.578+0000][1][safepoint    ] Safepoint "Cleanup", Time since last: 1000605200 ns, Reaching safepoint: 220300 ns, At safepoint: 76200 ns, Total: 296500 ns
[2020-05-02T05:53:02.579+0000][1][safepoint    ] Safepoint "Cleanup", Time since last: 1000246400 ns, Reaching safepoint: 153200 ns, At safepoint: 45700 ns, Total: 198900 ns
[2020-05-02T05:53:03.580+0000][1][safepoint    ] Safepoint "Cleanup", Time since last: 1000397800 ns, Reaching safepoint: 511000 ns, At safepoint: 199200 ns, Total: 710200 ns
[2020-05-02T05:53:04.582+0000][1][safepoint    ] Safepoint "Cleanup", Time since last: 1000894100 ns, Reaching safepoint: 637300 ns, At safepoint: 228500 ns, Total: 865800 ns
[2020-05-02T05:53:05.583+0000][1][safepoint    ] Safepoint "Cleanup", Time since last: 1000692200 ns, Reaching safepoint: 334800 ns, At safepoint: 150200 ns, Total: 485000 ns
[2020-05-02T05:53:06.584+0000][1][safepoint    ] Safepoint "Cleanup", Time since last: 1000623000 ns, Reaching safepoint: 458100 ns, At safepoint: 216900 ns, Total: 675000 ns
[2020-05-02T05:53:07.224+0000][1][safepoint    ] Safepoint "RevokeBias", Time since last: 640077800 ns, Reaching safepoint: 173000 ns, At safepoint: 54300 ns, Total: 227300 ns
[2020-05-02T05:53:07.238+0000][1][safepoint    ] Safepoint "RevokeBias", Time since last: 13267000 ns, Reaching safepoint: 148800 ns, At safepoint: 55100 ns, Total: 203900 ns
[2020-05-02T05:53:07.238+0000][1][safepoint    ] Safepoint "RevokeBias", Time since last: 200200 ns, Reaching safepoint: 148300 ns, At safepoint: 70400 ns, Total: 218700 ns
[2020-05-02T05:53:07.239+0000][1][safepoint    ] Safepoint "BulkRevokeBias", Time since last: 316100 ns, Reaching safepoint: 122500 ns, At safepoint: 599500 ns, Total: 722000 ns
[2020-05-02T05:53:07.266+0000][1][safepoint    ] Safepoint "RevokeBias", Time since last: 26099400 ns, Reaching safepoint: 141400 ns, At safepoint: 36000 ns, Total: 177400 ns
[2020-05-02T05:53:07.266+0000][1][safepoint    ] Safepoint "RevokeBias", Time since last: 294900 ns, Reaching safepoint: 102800 ns, At safepoint: 48800 ns, Total: 151600 ns
[2020-05-02T05:53:07.267+0000][1][safepoint    ] Safepoint "RevokeBias", Time since last: 133300 ns, Reaching safepoint: 203300 ns, At safepoint: 71400 ns, Total: 274700 ns
[2020-05-02T05:53:07.267+0000][1][safepoint    ] Safepoint "RevokeBias", Time since last: 103000 ns, Reaching safepoint: 92800 ns, At safepoint: 31300 ns, Total: 124100 ns
[2020-05-02T05:53:07.267+0000][1][safepoint    ] Safepoint "RevokeBias", Time since last: 116100 ns, Reaching safepoint: 69900 ns, At safepoint: 30600 ns, Total: 100500 ns
[2020-05-02T05:53:07.267+0000][1][safepoint    ] Safepoint "RevokeBias", Time since last: 101800 ns, Reaching safepoint: 74000 ns, At safepoint: 30800 ns, Total: 104800 ns
[2020-05-02T05:53:07.267+0000][1][safepoint    ] Safepoint "RevokeBias", Time since last: 100500 ns, Reaching safepoint: 78700 ns, At safepoint: 30600 ns, Total: 109300 ns
[2020-05-02T05:53:07.268+0000][1][safepoint    ] Safepoint "RevokeBias", Time since last: 189900 ns, Reaching safepoint: 70600 ns, At safepoint: 29900 ns, Total: 100500 ns
[2020-05-02T05:53:07.268+0000][1][safepoint    ] Safepoint "RevokeBias", Time since last: 113100 ns, Reaching safepoint: 68800 ns, At safepoint: 29000 ns, Total: 97800 ns
[2020-05-02T05:53:07.268+0000][1][safepoint    ] Safepoint "RevokeBias", Time since last: 101300 ns, Reaching safepoint: 67000 ns, At safepoint: 28000 ns, Total: 95000 ns
[2020-05-02T05:53:07.268+0000][1][safepoint    ] Safepoint "RevokeBias", Time since last: 95200 ns, Reaching safepoint: 67000 ns, At safepoint: 28300 ns, Total: 95300 ns
[2020-05-02T05:53:07.269+0000][1][safepoint    ] Safepoint "RevokeBias", Time since last: 90600 ns, Reaching safepoint: 85800 ns, At safepoint: 31600 ns, Total: 117400 ns
[2020-05-02T05:53:07.280+0000][1][safepoint    ] Safepoint "RevokeBias", Time since last: 10873100 ns, Reaching safepoint: 276500 ns, At safepoint: 49100 ns, Total: 325600 ns
[2020-05-02T05:53:07.280+0000][1][safepoint    ] Safepoint "RevokeBias", Time since last: 229100 ns, Reaching safepoint: 160600 ns, At safepoint: 47300 ns, Total: 207900 ns
[2020-05-02T05:53:07.317+0000][1][safepoint    ] Safepoint "RevokeBias", Time since last: 36223900 ns, Reaching safepoint: 126700 ns, At safepoint: 41300 ns, Total: 168000 ns
[2020-05-02T05:53:07.320+0000][1][safepoint    ] Safepoint "RevokeBias", Time since last: 3032100 ns, Reaching safepoint: 147600 ns, At safepoint: 84800 ns, Total: 232400 ns
[2020-05-02T05:53:07.381+0000][1][safepoint    ] Safepoint "RevokeBias", Time since last: 61350800 ns, Reaching safepoint: 129100 ns, At safepoint: 50200 ns, Total: 179300 ns
[2020-05-02T05:53:07.395+0000][1][safepoint    ] Safepoint "RevokeBias", Time since last: 13454700 ns, Reaching safepoint: 159800 ns, At safepoint: 34800 ns, Total: 194600 ns
[2020-05-02T05:53:07.411+0000][1][safepoint    ] Safepoint "RevokeBias", Time since last: 15346000 ns, Reaching safepoint: 123600 ns, At safepoint: 49900 ns, Total: 173500 ns
[2020-05-02T05:53:07.416+0000][1][safepoint    ] Safepoint "RevokeBias", Time since last: 5031600 ns, Reaching safepoint: 121000 ns, At safepoint: 35600 ns, Total: 156600 ns
[2020-05-02T05:53:08.320+0000][1][safepoint    ] Safepoint "RevokeBias", Time since last: 904211900 ns, Reaching safepoint: 147100 ns, At safepoint: 57700 ns, Total: 204800 ns
[2020-05-02T05:53:08.320+0000][1][safepoint    ] Safepoint "RevokeBias", Time since last: 196000 ns, Reaching safepoint: 110400 ns, At safepoint: 46600 ns, Total: 157000 ns
[2020-05-02T05:53:08.321+0000][1][safepoint    ] Safepoint "RevokeBias", Time since last: 184000 ns, Reaching safepoint: 105100 ns, At safepoint: 37300 ns, Total: 142400 ns
[2020-05-02T05:53:08.574+0000][1][safepoint    ] Safepoint "RevokeBias", Time since last: 252400700 ns, Reaching safepoint: 314600 ns, At safepoint: 97800 ns, Total: 412400 ns
[2020-05-02T05:53:09.575+0000][1][safepoint    ] Safepoint "Cleanup", Time since last: 1000436600 ns, Reaching safepoint: 356100 ns, At safepoint: 125100 ns, Total: 481200 ns
[2020-05-02T05:53:10.575+0000][1][safepoint    ] Safepoint "Cleanup", Time since last: 1000272900 ns, Reaching safepoint: 186200 ns, At safepoint: 48800 ns, Total: 235000 ns
[2020-05-02T05:53:11.074+0000][1][safepoint    ] Safepoint "RevokeBias", Time since last: 498629200 ns, Reaching safepoint: 136900 ns, At safepoint: 52300 ns, Total: 189200 ns
[2020-05-02T05:53:11.086+0000][1][safepoint    ] Safepoint "RevokeBias", Time since last: 11855600 ns, Reaching safepoint: 132500 ns, At safepoint: 35100 ns, Total: 167600 ns
[2020-05-02T05:53:11.086+0000][1][safepoint    ] Safepoint "RevokeBias", Time since last: 180500 ns, Reaching safepoint: 90100 ns, At safepoint: 30300 ns, Total: 120400 ns
[2020-05-02T05:53:11.087+0000][1][safepoint    ] Safepoint "RevokeBias", Time since last: 344800 ns, Reaching safepoint: 94600 ns, At safepoint: 40200 ns, Total: 134800 ns
[2020-05-02T05:53:11.115+0000][1][safepoint    ] Safepoint "RevokeBias", Time since last: 27863300 ns, Reaching safepoint: 245800 ns, At safepoint: 79200 ns, Total: 325000 ns
[2020-05-02T05:53:11.116+0000][1][safepoint    ] Safepoint "RevokeBias", Time since last: 495400 ns, Reaching safepoint: 415400 ns, At safepoint: 99500 ns, Total: 514900 ns
[2020-05-02T05:53:11.116+0000][1][safepoint    ] Safepoint "RevokeBias", Time since last: 160900 ns, Reaching safepoint: 174400 ns, At safepoint: 87900 ns, Total: 262300 ns
[2020-05-02T05:53:11.117+0000][1][safepoint    ] Safepoint "RevokeBias", Time since last: 143100 ns, Reaching safepoint: 125700 ns, At safepoint: 47400 ns, Total: 173100 ns
[2020-05-02T05:53:11.117+0000][1][safepoint    ] Safepoint "RevokeBias", Time since last: 101400 ns, Reaching safepoint: 76100 ns, At safepoint: 53000 ns, Total: 129100 ns
[2020-05-02T05:53:11.117+0000][1][safepoint    ] Safepoint "RevokeBias", Time since last: 94900 ns, Reaching safepoint: 195600 ns, At safepoint: 30700 ns, Total: 226300 ns
[2020-05-02T05:53:11.117+0000][1][safepoint    ] Safepoint "RevokeBias", Time since last: 129000 ns, Reaching safepoint: 67400 ns, At safepoint: 29500 ns, Total: 96900 ns
[2020-05-02T05:53:11.118+0000][1][safepoint    ] Safepoint "RevokeBias", Time since last: 150800 ns, Reaching safepoint: 119200 ns, At safepoint: 46300 ns, Total: 165500 ns
[2020-05-02T05:53:11.118+0000][1][safepoint    ] Safepoint "RevokeBias", Time since last: 152100 ns, Reaching safepoint: 104300 ns, At safepoint: 46900 ns, Total: 151200 ns
[2020-05-02T05:53:11.118+0000][1][safepoint    ] Safepoint "RevokeBias", Time since last: 343800 ns, Reaching safepoint: 112500 ns, At safepoint: 49200 ns, Total: 161700 ns
[2020-05-02T05:53:11.119+0000][1][safepoint    ] Safepoint "RevokeBias", Time since last: 188000 ns, Reaching safepoint: 84300 ns, At safepoint: 36200 ns, Total: 120500 ns
[2020-05-02T05:53:11.119+0000][1][safepoint    ] Safepoint "RevokeBias", Time since last: 146600 ns, Reaching safepoint: 89800 ns, At safepoint: 35800 ns, Total: 125600 ns
[2020-05-02T05:53:11.119+0000][1][safepoint    ] Safepoint "RevokeBias", Time since last: 156100 ns, Reaching safepoint: 91400 ns, At safepoint: 37400 ns, Total: 128800 ns
[2020-05-02T05:53:11.120+0000][1][safepoint    ] Safepoint "RevokeBias", Time since last: 241700 ns, Reaching safepoint: 140600 ns, At safepoint: 34900 ns, Total: 175500 ns
[2020-05-02T05:53:11.120+0000][1][safepoint    ] Safepoint "RevokeBias", Time since last: 139400 ns, Reaching safepoint: 148000 ns, At safepoint: 31900 ns, Total: 179900 ns
[2020-05-02T05:53:11.132+0000][1][safepoint    ] Safepoint "RevokeBias", Time since last: 11745600 ns, Reaching safepoint: 137100 ns, At safepoint: 38500 ns, Total: 175600 ns
[2020-05-02T05:53:11.132+0000][1][safepoint    ] Safepoint "RevokeBias", Time since last: 242100 ns, Reaching safepoint: 130300 ns, At safepoint: 52700 ns, Total: 183000 ns
[2020-05-02T05:53:11.168+0000][1][safepoint    ] Safepoint "RevokeBias", Time since last: 35723900 ns, Reaching safepoint: 130100 ns, At safepoint: 54100 ns, Total: 184200 ns
[2020-05-02T05:53:11.171+0000][1][safepoint    ] Safepoint "RevokeBias", Time since last: 2075300 ns, Reaching safepoint: 184700 ns, At safepoint: 78900 ns, Total: 263600 ns
[2020-05-02T05:53:11.171+0000][1][safepoint    ] Safepoint "RevokeBias", Time since last: 237700 ns, Reaching safepoint: 251300 ns, At safepoint: 77700 ns, Total: 329000 ns
[2020-05-02T05:53:11.172+0000][1][safepoint    ] Safepoint "RevokeBias", Time since last: 167300 ns, Reaching safepoint: 232100 ns, At safepoint: 50100 ns, Total: 282200 ns
[2020-05-02T05:53:11.172+0000][1][safepoint    ] Safepoint "RevokeBias", Time since last: 121700 ns, Reaching safepoint: 71000 ns, At safepoint: 50200 ns, Total: 121200 ns
[2020-05-02T05:53:11.172+0000][1][safepoint    ] Safepoint "RevokeBias", Time since last: 106100 ns, Reaching safepoint: 75100 ns, At safepoint: 49400 ns, Total: 124500 ns
[2020-05-02T05:53:11.173+0000][1][safepoint    ] Safepoint "BulkRevokeBias", Time since last: 116900 ns, Reaching safepoint: 69600 ns, At safepoint: 547600 ns, Total: 617200 ns
[2020-05-02T05:53:11.174+0000][1][safepoint    ] Safepoint "RevokeBias", Time since last: 768000 ns, Reaching safepoint: 176300 ns, At safepoint: 77900 ns, Total: 254200 ns
[2020-05-02T05:53:11.217+0000][1][safepoint    ] Safepoint "RevokeBias", Time since last: 43288100 ns, Reaching safepoint: 124200 ns, At safepoint: 34300 ns, Total: 158500 ns
[2020-05-02T05:53:11.225+0000][1][safepoint    ] Safepoint "RevokeBias", Time since last: 7382200 ns, Reaching safepoint: 106200 ns, At safepoint: 32800 ns, Total: 139000 ns
[2020-05-02T05:53:11.240+0000][1][safepoint    ] Safepoint "RevokeBias", Time since last: 15029800 ns, Reaching safepoint: 110300 ns, At safepoint: 33000 ns, Total: 143300 ns
[2020-05-02T05:53:11.245+0000][1][safepoint    ] Safepoint "RevokeBias", Time since last: 5230000 ns, Reaching safepoint: 124700 ns, At safepoint: 35300 ns, Total: 160000 ns
[2020-05-02T05:53:12.175+0000][1][safepoint    ] Safepoint "RevokeBias", Time since last: 928809300 ns, Reaching safepoint: 652200 ns, At safepoint: 117600 ns, Total: 769800 ns
[2020-05-02T05:53:12.176+0000][1][safepoint    ] Safepoint "RevokeBias", Time since last: 559700 ns, Reaching safepoint: 237600 ns, At safepoint: 122000 ns, Total: 359600 ns
[2020-05-02T05:53:12.177+0000][1][safepoint    ] Safepoint "RevokeBias", Time since last: 410400 ns, Reaching safepoint: 286900 ns, At safepoint: 117100 ns, Total: 404000 ns
[2020-05-02T05:53:13.178+0000][1][safepoint    ] Safepoint "Cleanup", Time since last: 1000381200 ns, Reaching safepoint: 422800 ns, At safepoint: 201000 ns, Total: 623800 ns
[2020-05-02T05:53:13.579+0000][1][safepoint    ] Safepoint "RevokeBias", Time since last: 401445700 ns, Reaching safepoint: 131800 ns, At safepoint: 40400 ns, Total: 172200 ns
[2020-05-02T05:53:14.580+0000][1][safepoint    ] Safepoint "Cleanup", Time since last: 1000403400 ns, Reaching safepoint: 421400 ns, At safepoint: 184600 ns, Total: 606000 ns
[2020-05-02T05:53:15.581+0000][1][safepoint    ] Safepoint "Cleanup", Time since last: 1000290100 ns, Reaching safepoint: 145900 ns, At safepoint: 37800 ns, Total: 183700 ns
[2020-05-02T05:53:16.438+0000][1][safepoint    ] Safepoint "RevokeBias", Time since last: 856999000 ns, Reaching safepoint: 274700 ns, At safepoint: 54000 ns, Total: 328700 ns
[2020-05-02T05:53:16.451+0000][1][safepoint    ] Safepoint "RevokeBias", Time since last: 12532500 ns, Reaching safepoint: 220400 ns, At safepoint: 72300 ns, Total: 292700 ns
[2020-05-02T05:53:16.452+0000][1][safepoint    ] Safepoint "RevokeBias", Time since last: 172300 ns, Reaching safepoint: 284100 ns, At safepoint: 66400 ns, Total: 350500 ns
[2020-05-02T05:53:16.452+0000][1][safepoint    ] Safepoint "RevokeBias", Time since last: 374100 ns, Reaching safepoint: 116000 ns, At safepoint: 65200 ns, Total: 181200 ns
[2020-05-02T05:53:16.477+0000][1][safepoint    ] Safepoint "RevokeBias", Time since last: 24560800 ns, Reaching safepoint: 129200 ns, At safepoint: 55000 ns, Total: 184200 ns
[2020-05-02T05:53:16.477+0000][1][safepoint    ] Safepoint "RevokeBias", Time since last: 231000 ns, Reaching safepoint: 110300 ns, At safepoint: 65600 ns, Total: 175900 ns
[2020-05-02T05:53:16.478+0000][1][safepoint    ] Safepoint "RevokeBias", Time since last: 103500 ns, Reaching safepoint: 96000 ns, At safepoint: 40600 ns, Total: 136600 ns
[2020-05-02T05:53:16.478+0000][1][safepoint    ] Safepoint "RevokeBias", Time since last: 95900 ns, Reaching safepoint: 109000 ns, At safepoint: 40700 ns, Total: 149700 ns
[2020-05-02T05:53:16.478+0000][1][safepoint    ] Safepoint "RevokeBias", Time since last: 143400 ns, Reaching safepoint: 118700 ns, At safepoint: 40400 ns, Total: 159100 ns
[2020-05-02T05:53:16.478+0000][1][safepoint    ] Safepoint "RevokeBias", Time since last: 91400 ns, Reaching safepoint: 134000 ns, At safepoint: 51600 ns, Total: 185600 ns
[2020-05-02T05:53:16.479+0000][1][safepoint    ] Safepoint "RevokeBias", Time since last: 141500 ns, Reaching safepoint: 166500 ns, At safepoint: 49200 ns, Total: 215700 ns
[2020-05-02T05:53:16.479+0000][1][safepoint    ] Safepoint "RevokeBias", Time since last: 123100 ns, Reaching safepoint: 163800 ns, At safepoint: 52300 ns, Total: 216100 ns
[2020-05-02T05:53:16.479+0000][1][safepoint    ] Safepoint "RevokeBias", Time since last: 149200 ns, Reaching safepoint: 116400 ns, At safepoint: 42800 ns, Total: 159200 ns
[2020-05-02T05:53:16.481+0000][1][safepoint    ] Safepoint "BulkRevokeBias", Time since last: 333100 ns, Reaching safepoint: 107300 ns, At safepoint: 976800 ns, Total: 1084100 ns
[2020-05-02T05:53:16.481+0000][1][safepoint    ] Safepoint "RevokeBias", Time since last: 150500 ns, Reaching safepoint: 116400 ns, At safepoint: 31200 ns, Total: 147600 ns
[2020-05-02T05:53:16.481+0000][1][safepoint    ] Safepoint "RevokeBias", Time since last: 98100 ns, Reaching safepoint: 77300 ns, At safepoint: 30100 ns, Total: 107400 ns
[2020-05-02T05:53:16.481+0000][1][safepoint    ] Safepoint "RevokeBias", Time since last: 110800 ns, Reaching safepoint: 68200 ns, At safepoint: 29500 ns, Total: 97700 ns
[2020-05-02T05:53:16.482+0000][1][safepoint    ] Safepoint "RevokeBias", Time since last: 149400 ns, Reaching safepoint: 73700 ns, At safepoint: 60800 ns, Total: 134500 ns
[2020-05-02T05:53:16.482+0000][1][safepoint    ] Safepoint "RevokeBias", Time since last: 169900 ns, Reaching safepoint: 161900 ns, At safepoint: 71100 ns, Total: 233000 ns
[2020-05-02T05:53:16.493+0000][1][safepoint    ] Safepoint "RevokeBias", Time since last: 10930000 ns, Reaching safepoint: 136400 ns, At safepoint: 89400 ns, Total: 225800 ns
[2020-05-02T05:53:16.494+0000][1][safepoint    ] Safepoint "RevokeBias", Time since last: 297600 ns, Reaching safepoint: 201400 ns, At safepoint: 83900 ns, Total: 285300 ns
[2020-05-02T05:53:16.496+0000][1][gc,start     ] GC(44) Pause Young (Allocation Failure)
[2020-05-02T05:53:16.496+0000][1][gc,task      ] GC(44) Using 10 workers of 10 for evacuation
[2020-05-02T05:53:16.499+0000][1][gc,age       ] GC(44) Desired survivor size 8945664 bytes, new threshold 6 (max threshold 6)
[2020-05-02T05:53:16.499+0000][1][gc,age       ] GC(44) Age table with threshold 6 (max threshold 6)
[2020-05-02T05:53:16.499+0000][1][gc,age       ] GC(44) - age   1:     195640 bytes,     195640 total
[2020-05-02T05:53:16.499+0000][1][gc,age       ] GC(44) - age   2:       9920 bytes,     205560 total
[2020-05-02T05:53:16.499+0000][1][gc,age       ] GC(44) - age   3:      71824 bytes,     277384 total
[2020-05-02T05:53:16.499+0000][1][gc,age       ] GC(44) - age   4:      39992 bytes,     317376 total
[2020-05-02T05:53:16.499+0000][1][gc,age       ] GC(44) - age   5:     100984 bytes,     418360 total
[2020-05-02T05:53:16.499+0000][1][gc,age       ] GC(44) - age   6:      54032 bytes,     472392 total
[2020-05-02T05:53:16.500+0000][1][gc,heap      ] GC(44) ParNew: 140688K->767K(157248K)
[2020-05-02T05:53:16.500+0000][1][gc,heap      ] GC(44) CMS: 81758K->81766K(349568K)
[2020-05-02T05:53:16.500+0000][1][gc,metaspace ] GC(44) Metaspace: 97005K->97005K(1138688K)
[2020-05-02T05:53:16.500+0000][1][gc           ] GC(44) Pause Young (Allocation Failure) 217M->80M(494M) 3.272ms
[2020-05-02T05:53:16.500+0000][1][gc,cpu       ] GC(44) User=0.01s Sys=0.00s Real=0.00s
[2020-05-02T05:53:16.500+0000][1][safepoint    ] Safepoint "GenCollectForAllocation", Time since last: 2112400 ns, Reaching safepoint: 271000 ns, At safepoint: 3412700 ns, Total: 3683700 ns
[2020-05-02T05:53:16.537+0000][1][safepoint    ] Safepoint "RevokeBias", Time since last: 36960600 ns, Reaching safepoint: 155700 ns, At safepoint: 40900 ns, Total: 196600 ns
[2020-05-02T05:53:16.540+0000][1][safepoint    ] Safepoint "RevokeBias", Time since last: 2550300 ns, Reaching safepoint: 213800 ns, At safepoint: 72600 ns, Total: 286400 ns
[2020-05-02T05:53:16.582+0000][1][safepoint    ] Safepoint "RevokeBias", Time since last: 42303200 ns, Reaching safepoint: 125600 ns, At safepoint: 35600 ns, Total: 161200 ns
[2020-05-02T05:53:16.589+0000][1][safepoint    ] Safepoint "RevokeBias", Time since last: 6796700 ns, Reaching safepoint: 119500 ns, At safepoint: 35900 ns, Total: 155400 ns
[2020-05-02T05:53:16.605+0000][1][safepoint    ] Safepoint "RevokeBias", Time since last: 15362000 ns, Reaching safepoint: 115900 ns, At safepoint: 46600 ns, Total: 162500 ns
[2020-05-02T05:53:17.540+0000][1][safepoint    ] Safepoint "RevokeBias", Time since last: 934950400 ns, Reaching safepoint: 145800 ns, At safepoint: 35000 ns, Total: 180800 ns
[2020-05-02T05:53:17.540+0000][1][safepoint    ] Safepoint "RevokeBias", Time since last: 180900 ns, Reaching safepoint: 66900 ns, At safepoint: 52500 ns, Total: 119400 ns
[2020-05-02T05:53:17.540+0000][1][safepoint    ] Safepoint "RevokeBias", Time since last: 163800 ns, Reaching safepoint: 81900 ns, At safepoint: 31400 ns, Total: 113300 ns
[2020-05-02T05:53:18.542+0000][1][safepoint    ] Safepoint "Cleanup", Time since last: 1000648500 ns, Reaching safepoint: 515700 ns, At safepoint: 206600 ns, Total: 722300 ns
[2020-05-02T05:53:18.581+0000][1][safepoint    ] Safepoint "RevokeBias", Time since last: 39364700 ns, Reaching safepoint: 149100 ns, At safepoint: 51000 ns, Total: 200100 ns
[2020-05-02T05:53:19.582+0000][1][safepoint    ] Safepoint "Cleanup", Time since last: 1000450500 ns, Reaching safepoint: 455700 ns, At safepoint: 141400 ns, Total: 597100 ns
[2020-05-02T05:53:20.583+0000][1][safepoint    ] Safepoint "Cleanup", Time since last: 1000320900 ns, Reaching safepoint: 144600 ns, At safepoint: 32500 ns, Total: 177100 ns
[2020-05-02T05:53:21.584+0000][1][safepoint    ] Safepoint "Cleanup", Time since last: 1000368900 ns, Reaching safepoint: 443900 ns, At safepoint: 135400 ns, Total: 579300 ns
[2020-05-02T05:53:22.585+0000][1][safepoint    ] Safepoint "Cleanup", Time since last: 1000445300 ns, Reaching safepoint: 513300 ns, At safepoint: 118300 ns, Total: 631600 ns
[2020-05-02T05:53:23.586+0000][1][safepoint    ] Safepoint "Cleanup", Time since last: 1000418000 ns, Reaching safepoint: 747100 ns, At safepoint: 44700 ns, Total: 791800 ns
[2020-05-02T05:53:24.587+0000][1][safepoint    ] Safepoint "Cleanup", Time since last: 1000323500 ns, Reaching safepoint: 425200 ns, At safepoint: 159700 ns, Total: 584900 ns
[2020-05-02T05:53:25.588+0000][1][safepoint    ] Safepoint "Cleanup", Time since last: 1000942600 ns, Reaching safepoint: 442500 ns, At safepoint: 139900 ns, Total: 582400 ns
[2020-05-02T05:53:26.590+0000][1][safepoint    ] Safepoint "Cleanup", Time since last: 1000954300 ns, Reaching safepoint: 436000 ns, At safepoint: 147700 ns, Total: 583700 ns
[2020-05-02T05:53:27.591+0000][1][safepoint    ] Safepoint "Cleanup", Time since last: 1000411100 ns, Reaching safepoint: 442400 ns, At safepoint: 136800 ns, Total: 579200 ns
[2020-05-02T05:53:28.593+0000][1][safepoint    ] Safepoint "Cleanup", Time since last: 1000568600 ns, Reaching safepoint: 782200 ns, At safepoint: 207400 ns, Total: 989600 ns
[2020-05-02T05:53:29.593+0000][1][safepoint    ] Safepoint "Cleanup", Time since last: 1000327400 ns, Reaching safepoint: 146700 ns, At safepoint: 37100 ns, Total: 183800 ns
[2020-05-02T05:53:30.594+0000][1][safepoint    ] Safepoint "Cleanup", Time since last: 1000699600 ns, Reaching safepoint: 444900 ns, At safepoint: 188000 ns, Total: 632900 ns
[2020-05-02T05:53:31.595+0000][1][safepoint    ] Safepoint "Cleanup", Time since last: 1000755600 ns, Reaching safepoint: 201000 ns, At safepoint: 53800 ns, Total: 254800 ns
[2020-05-02T05:53:32.596+0000][1][safepoint    ] Safepoint "Cleanup", Time since last: 1000292600 ns, Reaching safepoint: 325400 ns, At safepoint: 92900 ns, Total: 418300 ns
[2020-05-02T05:53:33.597+0000][1][safepoint    ] Safepoint "Cleanup", Time since last: 1000391200 ns, Reaching safepoint: 676200 ns, At safepoint: 194800 ns, Total: 871000 ns
[2020-05-02T05:53:34.598+0000][1][safepoint    ] Safepoint "Cleanup", Time since last: 1000465700 ns, Reaching safepoint: 288200 ns, At safepoint: 71500 ns, Total: 359700 ns
[2020-05-02T05:53:35.599+0000][1][safepoint    ] Safepoint "Cleanup", Time since last: 1000273100 ns, Reaching safepoint: 285700 ns, At safepoint: 91800 ns, Total: 377500 ns
[2020-05-02T05:53:36.600+0000][1][safepoint    ] Safepoint "Cleanup", Time since last: 1000686500 ns, Reaching safepoint: 417800 ns, At safepoint: 130900 ns, Total: 548700 ns
[2020-05-02T05:53:37.601+0000][1][safepoint    ] Safepoint "Cleanup", Time since last: 1000641700 ns, Reaching safepoint: 412400 ns, At safepoint: 131300 ns, Total: 543700 ns
[2020-05-02T05:53:38.602+0000][1][safepoint    ] Safepoint "Cleanup", Time since last: 1000758400 ns, Reaching safepoint: 302400 ns, At safepoint: 38100 ns, Total: 340500 ns
[2020-05-02T05:53:39.603+0000][1][safepoint    ] Safepoint "Cleanup", Time since last: 1000505700 ns, Reaching safepoint: 431800 ns, At safepoint: 142600 ns, Total: 574400 ns
[2020-05-02T05:53:40.604+0000][1][safepoint    ] Safepoint "Cleanup", Time since last: 1000465900 ns, Reaching safepoint: 155400 ns, At safepoint: 43400 ns, Total: 198800 ns
[2020-05-02T05:53:41.151+0000][1][safepoint    ] Safepoint "RevokeBias", Time since last: 545918500 ns, Reaching safepoint: 707600 ns, At safepoint: 235300 ns, Total: 942900 ns
[2020-05-02T05:53:42.152+0000][1][safepoint    ] Safepoint "Cleanup", Time since last: 1000876600 ns, Reaching safepoint: 339000 ns, At safepoint: 101900 ns, Total: 440900 ns
[2020-05-02T05:53:43.153+0000][1][safepoint    ] Safepoint "Cleanup", Time since last: 1000441000 ns, Reaching safepoint: 536900 ns, At safepoint: 130000 ns, Total: 666900 ns
[2020-05-02T05:53:44.154+0000][1][safepoint    ] Safepoint "Cleanup", Time since last: 1000404800 ns, Reaching safepoint: 450100 ns, At safepoint: 185600 ns, Total: 635700 ns
[2020-05-02T05:53:45.156+0000][1][safepoint    ] Safepoint "Cleanup", Time since last: 1000670000 ns, Reaching safepoint: 448900 ns, At safepoint: 142500 ns, Total: 591400 ns
[2020-05-02T05:53:46.157+0000][1][safepoint    ] Safepoint "Cleanup", Time since last: 1000476900 ns, Reaching safepoint: 446600 ns, At safepoint: 134600 ns, Total: 581200 ns
[2020-05-02T05:53:46.541+0000][1][safepoint    ] Safepoint "RevokeBias", Time since last: 383710500 ns, Reaching safepoint: 508600 ns, At safepoint: 191100 ns, Total: 699700 ns
[2020-05-02T05:53:46.543+0000][1][safepoint    ] Safepoint "RevokeBias", Time since last: 739200 ns, Reaching safepoint: 367400 ns, At safepoint: 241200 ns, Total: 608600 ns
[2020-05-02T05:53:47.543+0000][1][safepoint    ] Safepoint "Cleanup", Time since last: 1000309500 ns, Reaching safepoint: 131700 ns, At safepoint: 28500 ns, Total: 160200 ns
[2020-05-02T05:53:48.544+0000][1][safepoint    ] Safepoint "Cleanup", Time since last: 1000553600 ns, Reaching safepoint: 154500 ns, At safepoint: 38300 ns, Total: 192800 ns
[2020-05-02T05:53:49.545+0000][1][safepoint    ] Safepoint "Cleanup", Time since last: 1000353000 ns, Reaching safepoint: 399400 ns, At safepoint: 103300 ns, Total: 502700 ns
[2020-05-02T05:53:50.546+0000][1][safepoint    ] Safepoint "Cleanup", Time since last: 1000471900 ns, Reaching safepoint: 447200 ns, At safepoint: 129300 ns, Total: 576500 ns
[2020-05-02T05:53:51.546+0000][1][safepoint    ] Safepoint "Cleanup", Time since last: 1000484600 ns, Reaching safepoint: 140600 ns, At safepoint: 65300 ns, Total: 205900 ns
[2020-05-02T05:53:52.547+0000][1][safepoint    ] Safepoint "Cleanup", Time since last: 1000464000 ns, Reaching safepoint: 442800 ns, At safepoint: 155900 ns, Total: 598700 ns
[2020-05-02T05:53:53.548+0000][1][safepoint    ] Safepoint "Cleanup", Time since last: 1000522700 ns, Reaching safepoint: 131600 ns, At safepoint: 31300 ns, Total: 162900 ns
[2020-05-02T05:53:54.549+0000][1][safepoint    ] Safepoint "Cleanup", Time since last: 1000459700 ns, Reaching safepoint: 149100 ns, At safepoint: 37200 ns, Total: 186300 ns
[2020-05-02T05:53:55.550+0000][1][safepoint    ] Safepoint "Cleanup", Time since last: 1000327900 ns, Reaching safepoint: 606400 ns, At safepoint: 129200 ns, Total: 735600 ns
[2020-05-02T05:53:56.551+0000][1][safepoint    ] Safepoint "Cleanup", Time since last: 1000688400 ns, Reaching safepoint: 427400 ns, At safepoint: 132100 ns, Total: 559500 ns
[2020-05-02T05:53:57.552+0000][1][safepoint    ] Safepoint "Cleanup", Time since last: 1000560900 ns, Reaching safepoint: 407900 ns, At safepoint: 133500 ns, Total: 541400 ns
[2020-05-02T05:53:58.553+0000][1][safepoint    ] Safepoint "Cleanup", Time since last: 1000406000 ns, Reaching safepoint: 413800 ns, At safepoint: 208600 ns, Total: 622400 ns
[2020-05-02T05:53:59.554+0000][1][safepoint    ] Safepoint "Cleanup", Time since last: 1000481700 ns, Reaching safepoint: 316400 ns, At safepoint: 96800 ns, Total: 413200 ns
[2020-05-02T05:53:59.862+0000][1][safepoint    ] Safepoint "BulkRevokeBias", Time since last: 307260400 ns, Reaching safepoint: 216700 ns, At safepoint: 866000 ns, Total: 1082700 ns
[2020-05-02T05:53:59.872+0000][1][safepoint    ] Safepoint "RevokeBias", Time since last: 9045600 ns, Reaching safepoint: 256700 ns, At safepoint: 78100 ns, Total: 334800 ns
[2020-05-02T05:53:59.873+0000][1][safepoint    ] Safepoint "RevokeBias", Time since last: 749500 ns, Reaching safepoint: 145000 ns, At safepoint: 71800 ns, Total: 216800 ns
[2020-05-02T05:53:59.873+0000][1][safepoint    ] Safepoint "RevokeBias", Time since last: 138100 ns, Reaching safepoint: 98200 ns, At safepoint: 31700 ns, Total: 129900 ns
[2020-05-02T05:53:59.873+0000][1][safepoint    ] Safepoint "RevokeBias", Time since last: 275500 ns, Reaching safepoint: 120900 ns, At safepoint: 49000 ns, Total: 169900 ns
[2020-05-02T05:53:59.925+0000][1][safepoint    ] Safepoint "RevokeBias", Time since last: 50774100 ns, Reaching safepoint: 228500 ns, At safepoint: 34300 ns, Total: 262800 ns
[2020-05-02T05:53:59.925+0000][1][safepoint    ] Safepoint "RevokeBias", Time since last: 341200 ns, Reaching safepoint: 225400 ns, At safepoint: 47600 ns, Total: 273000 ns
[2020-05-02T05:53:59.925+0000][1][safepoint    ] Safepoint "RevokeBias", Time since last: 194400 ns, Reaching safepoint: 136400 ns, At safepoint: 31600 ns, Total: 168000 ns
[2020-05-02T05:53:59.926+0000][1][safepoint    ] Safepoint "RevokeBias", Time since last: 220600 ns, Reaching safepoint: 198300 ns, At safepoint: 33900 ns, Total: 232200 ns
[2020-05-02T05:53:59.926+0000][1][safepoint    ] Safepoint "RevokeBias", Time since last: 144500 ns, Reaching safepoint: 103500 ns, At safepoint: 28000 ns, Total: 131500 ns
[2020-05-02T05:53:59.927+0000][1][safepoint    ] Safepoint "RevokeBias", Time since last: 217400 ns, Reaching safepoint: 105700 ns, At safepoint: 27800 ns, Total: 133500 ns
[2020-05-02T05:53:59.927+0000][1][safepoint    ] Safepoint "RevokeBias", Time since last: 180100 ns, Reaching safepoint: 99500 ns, At safepoint: 45600 ns, Total: 145100 ns
[2020-05-02T05:53:59.927+0000][1][safepoint    ] Safepoint "RevokeBias", Time since last: 169300 ns, Reaching safepoint: 118700 ns, At safepoint: 27500 ns, Total: 146200 ns
[2020-05-02T05:53:59.928+0000][1][safepoint    ] Safepoint "RevokeBias", Time since last: 171500 ns, Reaching safepoint: 128700 ns, At safepoint: 45700 ns, Total: 174400 ns
[2020-05-02T05:53:59.928+0000][1][safepoint    ] Safepoint "RevokeBias", Time since last: 445400 ns, Reaching safepoint: 166500 ns, At safepoint: 71100 ns, Total: 237600 ns
[2020-05-02T05:53:59.929+0000][1][safepoint    ] Safepoint "RevokeBias", Time since last: 195800 ns, Reaching safepoint: 123000 ns, At safepoint: 52300 ns, Total: 175300 ns
[2020-05-02T05:53:59.929+0000][1][safepoint    ] Safepoint "RevokeBias", Time since last: 129800 ns, Reaching safepoint: 140000 ns, At safepoint: 78000 ns, Total: 218000 ns
[2020-05-02T05:53:59.929+0000][1][safepoint    ] Safepoint "RevokeBias", Time since last: 230700 ns, Reaching safepoint: 121700 ns, At safepoint: 62700 ns, Total: 184400 ns
[2020-05-02T05:53:59.930+0000][1][safepoint    ] Safepoint "RevokeBias", Time since last: 161700 ns, Reaching safepoint: 85600 ns, At safepoint: 61400 ns, Total: 147000 ns
[2020-05-02T05:53:59.930+0000][1][safepoint    ] Safepoint "RevokeBias", Time since last: 149300 ns, Reaching safepoint: 113900 ns, At safepoint: 60900 ns, Total: 174800 ns
[2020-05-02T05:53:59.940+0000][1][safepoint    ] Safepoint "RevokeBias", Time since last: 9583000 ns, Reaching safepoint: 124900 ns, At safepoint: 69000 ns, Total: 193900 ns
[2020-05-02T05:53:59.940+0000][1][safepoint    ] Safepoint "RevokeBias", Time since last: 251100 ns, Reaching safepoint: 133700 ns, At safepoint: 62900 ns, Total: 196600 ns
[2020-05-02T05:53:59.982+0000][1][safepoint    ] Safepoint "RevokeBias", Time since last: 41124900 ns, Reaching safepoint: 148800 ns, At safepoint: 42800 ns, Total: 191600 ns
[2020-05-02T05:53:59.984+0000][1][safepoint    ] Safepoint "RevokeBias", Time since last: 2276100 ns, Reaching safepoint: 213100 ns, At safepoint: 87400 ns, Total: 300500 ns
[2020-05-02T05:54:00.028+0000][1][safepoint    ] Safepoint "RevokeBias", Time since last: 44051100 ns, Reaching safepoint: 157000 ns, At safepoint: 41900 ns, Total: 198900 ns
[2020-05-02T05:54:00.037+0000][1][safepoint    ] Safepoint "RevokeBias", Time since last: 7964300 ns, Reaching safepoint: 141800 ns, At safepoint: 36500 ns, Total: 178300 ns
[2020-05-02T05:54:00.051+0000][1][safepoint    ] Safepoint "RevokeBias", Time since last: 14732600 ns, Reaching safepoint: 127200 ns, At safepoint: 34700 ns, Total: 161900 ns
[2020-05-02T05:54:00.057+0000][1][safepoint    ] Safepoint "RevokeBias", Time since last: 5780600 ns, Reaching safepoint: 133800 ns, At safepoint: 38900 ns, Total: 172700 ns
[2020-05-02T05:54:00.985+0000][1][safepoint    ] Safepoint "RevokeBias", Time since last: 926826800 ns, Reaching safepoint: 227500 ns, At safepoint: 82000 ns, Total: 309500 ns
[2020-05-02T05:54:00.985+0000][1][safepoint    ] Safepoint "RevokeBias", Time since last: 368000 ns, Reaching safepoint: 188100 ns, At safepoint: 68800 ns, Total: 256900 ns
[2020-05-02T05:54:00.986+0000][1][safepoint    ] Safepoint "RevokeBias", Time since last: 195800 ns, Reaching safepoint: 193000 ns, At safepoint: 65600 ns, Total: 258600 ns
[2020-05-02T05:54:01.986+0000][1][safepoint    ] Safepoint "Cleanup", Time since last: 1000190700 ns, Reaching safepoint: 150500 ns, At safepoint: 50700 ns, Total: 201200 ns
[2020-05-02T05:54:02.987+0000][1][safepoint    ] Safepoint "Cleanup", Time since last: 1000328900 ns, Reaching safepoint: 501800 ns, At safepoint: 199400 ns, Total: 701200 ns
[2020-05-02T05:54:03.629+0000][1][safepoint    ] Safepoint "RevokeBias", Time since last: 641160000 ns, Reaching safepoint: 283700 ns, At safepoint: 107600 ns, Total: 391300 ns
[2020-05-02T05:54:04.629+0000][1][safepoint    ] Safepoint "Cleanup", Time since last: 1000297000 ns, Reaching safepoint: 143400 ns, At safepoint: 33200 ns, Total: 176600 ns
[2020-05-02T05:54:05.630+0000][1][safepoint    ] Safepoint "Cleanup", Time since last: 1000307000 ns, Reaching safepoint: 289500 ns, At safepoint: 127900 ns, Total: 417400 ns
[2020-05-02T05:54:06.630+0000][1][safepoint    ] Safepoint "Cleanup", Time since last: 1000315900 ns, Reaching safepoint: 154600 ns, At safepoint: 41700 ns, Total: 196300 ns
[2020-05-02T05:54:07.631+0000][1][safepoint    ] Safepoint "Cleanup", Time since last: 1000327900 ns, Reaching safepoint: 643400 ns, At safepoint: 198100 ns, Total: 841500 ns
[2020-05-02T05:54:08.633+0000][1][safepoint    ] Safepoint "Cleanup", Time since last: 1000555800 ns, Reaching safepoint: 521800 ns, At safepoint: 170100 ns, Total: 691900 ns
[2020-05-02T05:54:09.633+0000][1][safepoint    ] Safepoint "Cleanup", Time since last: 1000252800 ns, Reaching safepoint: 132600 ns, At safepoint: 30100 ns, Total: 162700 ns
[2020-05-02T05:54:10.634+0000][1][safepoint    ] Safepoint "Cleanup", Time since last: 1000466100 ns, Reaching safepoint: 435800 ns, At safepoint: 138500 ns, Total: 574300 ns
[2020-05-02T05:54:11.156+0000][1][safepoint    ] Safepoint "RevokeBias", Time since last: 520939900 ns, Reaching safepoint: 418600 ns, At safepoint: 276700 ns, Total: 695300 ns
[2020-05-02T05:54:12.157+0000][1][safepoint    ] Safepoint "Cleanup", Time since last: 1000602000 ns, Reaching safepoint: 158900 ns, At safepoint: 31300 ns, Total: 190200 ns
[2020-05-02T05:54:13.158+0000][1][safepoint    ] Safepoint "Cleanup", Time since last: 1000522700 ns, Reaching safepoint: 495300 ns, At safepoint: 130200 ns, Total: 625500 ns
[2020-05-02T05:54:14.158+0000][1][safepoint    ] Safepoint "Cleanup", Time since last: 1000474200 ns, Reaching safepoint: 135400 ns, At safepoint: 29100 ns, Total: 164500 ns
[2020-05-02T05:54:15.160+0000][1][safepoint    ] Safepoint "Cleanup", Time since last: 1000628000 ns, Reaching safepoint: 437000 ns, At safepoint: 134500 ns, Total: 571500 ns
[2020-05-02T05:54:16.160+0000][1][safepoint    ] Safepoint "Cleanup", Time since last: 1000333800 ns, Reaching safepoint: 143500 ns, At safepoint: 35800 ns, Total: 179300 ns
[2020-05-02T05:54:17.161+0000][1][safepoint    ] Safepoint "Cleanup", Time since last: 1000460000 ns, Reaching safepoint: 499500 ns, At safepoint: 134000 ns, Total: 633500 ns
[2020-05-02T05:54:17.201+0000][1][safepoint    ] Safepoint "RevokeBias", Time since last: 38885200 ns, Reaching safepoint: 418800 ns, At safepoint: 146600 ns, Total: 565400 ns
[2020-05-02T05:54:17.214+0000][1][safepoint    ] Safepoint "RevokeBias", Time since last: 12677600 ns, Reaching safepoint: 216300 ns, At safepoint: 75000 ns, Total: 291300 ns
[2020-05-02T05:54:17.214+0000][1][safepoint    ] Safepoint "RevokeBias", Time since last: 182000 ns, Reaching safepoint: 594700 ns, At safepoint: 86900 ns, Total: 681600 ns
[2020-05-02T05:54:17.215+0000][1][safepoint    ] Safepoint "RevokeBias", Time since last: 390600 ns, Reaching safepoint: 211100 ns, At safepoint: 48000 ns, Total: 259100 ns
[2020-05-02T05:54:17.242+0000][1][safepoint    ] Safepoint "RevokeBias", Time since last: 26810300 ns, Reaching safepoint: 152300 ns, At safepoint: 80500 ns, Total: 232800 ns
[2020-05-02T05:54:17.243+0000][1][safepoint    ] Safepoint "RevokeBias", Time since last: 279900 ns, Reaching safepoint: 137000 ns, At safepoint: 65700 ns, Total: 202700 ns
[2020-05-02T05:54:17.243+0000][1][safepoint    ] Safepoint "RevokeBias", Time since last: 142400 ns, Reaching safepoint: 192200 ns, At safepoint: 51200 ns, Total: 243400 ns
[2020-05-02T05:54:17.243+0000][1][safepoint    ] Safepoint "RevokeBias", Time since last: 139500 ns, Reaching safepoint: 90600 ns, At safepoint: 60200 ns, Total: 150800 ns
[2020-05-02T05:54:17.244+0000][1][safepoint    ] Safepoint "RevokeBias", Time since last: 109300 ns, Reaching safepoint: 77700 ns, At safepoint: 31900 ns, Total: 109600 ns
[2020-05-02T05:54:17.244+0000][1][safepoint    ] Safepoint "RevokeBias", Time since last: 98200 ns, Reaching safepoint: 92900 ns, At safepoint: 33800 ns, Total: 126700 ns
[2020-05-02T05:54:17.244+0000][1][safepoint    ] Safepoint "RevokeBias", Time since last: 122100 ns, Reaching safepoint: 81700 ns, At safepoint: 33400 ns, Total: 115100 ns
[2020-05-02T05:54:17.244+0000][1][safepoint    ] Safepoint "RevokeBias", Time since last: 143000 ns, Reaching safepoint: 91500 ns, At safepoint: 38200 ns, Total: 129700 ns
[2020-05-02T05:54:17.245+0000][1][safepoint    ] Safepoint "RevokeBias", Time since last: 154700 ns, Reaching safepoint: 87900 ns, At safepoint: 39000 ns, Total: 126900 ns
[2020-05-02T05:54:17.245+0000][1][safepoint    ] Safepoint "RevokeBias", Time since last: 289600 ns, Reaching safepoint: 95100 ns, At safepoint: 40300 ns, Total: 135400 ns
[2020-05-02T05:54:17.245+0000][1][safepoint    ] Safepoint "RevokeBias", Time since last: 107400 ns, Reaching safepoint: 88400 ns, At safepoint: 30200 ns, Total: 118600 ns
[2020-05-02T05:54:17.245+0000][1][safepoint    ] Safepoint "RevokeBias", Time since last: 121800 ns, Reaching safepoint: 86000 ns, At safepoint: 32600 ns, Total: 118600 ns
[2020-05-02T05:54:17.246+0000][1][safepoint    ] Safepoint "RevokeBias", Time since last: 116200 ns, Reaching safepoint: 71300 ns, At safepoint: 30600 ns, Total: 101900 ns
[2020-05-02T05:54:17.246+0000][1][safepoint    ] Safepoint "RevokeBias", Time since last: 128800 ns, Reaching safepoint: 72200 ns, At safepoint: 31400 ns, Total: 103600 ns
[2020-05-02T05:54:17.246+0000][1][safepoint    ] Safepoint "RevokeBias", Time since last: 97200 ns, Reaching safepoint: 83500 ns, At safepoint: 42800 ns, Total: 126300 ns
[2020-05-02T05:54:17.255+0000][1][safepoint    ] Safepoint "RevokeBias", Time since last: 8727800 ns, Reaching safepoint: 365300 ns, At safepoint: 79700 ns, Total: 445000 ns
[2020-05-02T05:54:17.256+0000][1][safepoint    ] Safepoint "RevokeBias", Time since last: 401000 ns, Reaching safepoint: 267500 ns, At safepoint: 76700 ns, Total: 344200 ns
[2020-05-02T05:54:17.292+0000][1][safepoint    ] Safepoint "BulkRevokeBias", Time since last: 35356800 ns, Reaching safepoint: 141200 ns, At safepoint: 458600 ns, Total: 599800 ns
[2020-05-02T05:54:17.294+0000][1][safepoint    ] Safepoint "RevokeBias", Time since last: 2258700 ns, Reaching safepoint: 140600 ns, At safepoint: 71500 ns, Total: 212100 ns
[2020-05-02T05:54:17.339+0000][1][safepoint    ] Safepoint "RevokeBias", Time since last: 44210600 ns, Reaching safepoint: 122800 ns, At safepoint: 34900 ns, Total: 157700 ns
[2020-05-02T05:54:17.346+0000][1][safepoint    ] Safepoint "RevokeBias", Time since last: 7153500 ns, Reaching safepoint: 117500 ns, At safepoint: 34100 ns, Total: 151600 ns
[2020-05-02T05:54:17.347+0000][1][safepoint    ] Safepoint "RevokeBias", Time since last: 363300 ns, Reaching safepoint: 95000 ns, At safepoint: 31000 ns, Total: 126000 ns
[2020-05-02T05:54:17.362+0000][1][safepoint    ] Safepoint "RevokeBias", Time since last: 15246900 ns, Reaching safepoint: 115400 ns, At safepoint: 32200 ns, Total: 147600 ns
[2020-05-02T05:54:17.367+0000][1][safepoint    ] Safepoint "RevokeBias", Time since last: 4560500 ns, Reaching safepoint: 133900 ns, At safepoint: 53800 ns, Total: 187700 ns
[2020-05-02T05:54:18.097+0000][1][safepoint    ] Safepoint "RevokeBias", Time since last: 729685500 ns, Reaching safepoint: 176200 ns, At safepoint: 42000 ns, Total: 218200 ns
[2020-05-02T05:54:18.111+0000][1][safepoint    ] Safepoint "RevokeBias", Time since last: 14255100 ns, Reaching safepoint: 135100 ns, At safepoint: 52400 ns, Total: 187500 ns
[2020-05-02T05:54:18.112+0000][1][safepoint    ] Safepoint "RevokeBias", Time since last: 221900 ns, Reaching safepoint: 158200 ns, At safepoint: 69600 ns, Total: 227800 ns
[2020-05-02T05:54:18.112+0000][1][safepoint    ] Safepoint "RevokeBias", Time since last: 434700 ns, Reaching safepoint: 173900 ns, At safepoint: 94400 ns, Total: 268300 ns
[2020-05-02T05:54:18.140+0000][1][safepoint    ] Safepoint "RevokeBias", Time since last: 27120400 ns, Reaching safepoint: 129700 ns, At safepoint: 36900 ns, Total: 166600 ns
[2020-05-02T05:54:18.140+0000][1][safepoint    ] Safepoint "RevokeBias", Time since last: 236800 ns, Reaching safepoint: 178000 ns, At safepoint: 80800 ns, Total: 258800 ns
[2020-05-02T05:54:18.141+0000][1][safepoint    ] Safepoint "RevokeBias", Time since last: 266600 ns, Reaching safepoint: 166400 ns, At safepoint: 91200 ns, Total: 257600 ns
[2020-05-02T05:54:18.141+0000][1][safepoint    ] Safepoint "RevokeBias", Time since last: 187800 ns, Reaching safepoint: 158600 ns, At safepoint: 70300 ns, Total: 228900 ns
[2020-05-02T05:54:18.141+0000][1][safepoint    ] Safepoint "RevokeBias", Time since last: 196100 ns, Reaching safepoint: 111400 ns, At safepoint: 91000 ns, Total: 202400 ns
[2020-05-02T05:54:18.142+0000][1][safepoint    ] Safepoint "RevokeBias", Time since last: 221800 ns, Reaching safepoint: 77500 ns, At safepoint: 73700 ns, Total: 151200 ns
[2020-05-02T05:54:18.142+0000][1][safepoint    ] Safepoint "RevokeBias", Time since last: 242600 ns, Reaching safepoint: 124300 ns, At safepoint: 52800 ns, Total: 177100 ns
[2020-05-02T05:54:18.142+0000][1][safepoint    ] Safepoint "RevokeBias", Time since last: 203900 ns, Reaching safepoint: 66700 ns, At safepoint: 47700 ns, Total: 114400 ns
[2020-05-02T05:54:18.143+0000][1][safepoint    ] Safepoint "RevokeBias", Time since last: 188700 ns, Reaching safepoint: 66600 ns, At safepoint: 31100 ns, Total: 97700 ns
[2020-05-02T05:54:18.143+0000][1][safepoint    ] Safepoint "RevokeBias", Time since last: 211400 ns, Reaching safepoint: 103600 ns, At safepoint: 49000 ns, Total: 152600 ns
[2020-05-02T05:54:18.143+0000][1][safepoint    ] Safepoint "RevokeBias", Time since last: 187300 ns, Reaching safepoint: 109800 ns, At safepoint: 46700 ns, Total: 156500 ns
[2020-05-02T05:54:18.144+0000][1][safepoint    ] Safepoint "RevokeBias", Time since last: 350800 ns, Reaching safepoint: 98800 ns, At safepoint: 63000 ns, Total: 161800 ns
[2020-05-02T05:54:18.144+0000][1][safepoint    ] Safepoint "RevokeBias", Time since last: 134700 ns, Reaching safepoint: 69300 ns, At safepoint: 30600 ns, Total: 99900 ns
[2020-05-02T05:54:18.144+0000][1][safepoint    ] Safepoint "RevokeBias", Time since last: 106700 ns, Reaching safepoint: 111200 ns, At safepoint: 49700 ns, Total: 160900 ns
[2020-05-02T05:54:18.145+0000][1][safepoint    ] Safepoint "RevokeBias", Time since last: 128900 ns, Reaching safepoint: 99700 ns, At safepoint: 57600 ns, Total: 157300 ns
[2020-05-02T05:54:18.145+0000][1][safepoint    ] Safepoint "RevokeBias", Time since last: 164700 ns, Reaching safepoint: 69100 ns, At safepoint: 45400 ns, Total: 114500 ns
[2020-05-02T05:54:18.145+0000][1][safepoint    ] Safepoint "RevokeBias", Time since last: 162200 ns, Reaching safepoint: 67900 ns, At safepoint: 45300 ns, Total: 113200 ns
[2020-05-02T05:54:18.146+0000][1][safepoint    ] Safepoint "RevokeBias", Time since last: 150100 ns, Reaching safepoint: 69600 ns, At safepoint: 45600 ns, Total: 115200 ns
[2020-05-02T05:54:18.147+0000][1][gc,start     ] GC(45) Pause Young (Allocation Failure)
[2020-05-02T05:54:18.147+0000][1][gc,task      ] GC(45) Using 10 workers of 10 for evacuation
[2020-05-02T05:54:18.150+0000][1][gc,age       ] GC(45) Desired survivor size 8945664 bytes, new threshold 6 (max threshold 6)
[2020-05-02T05:54:18.150+0000][1][gc,age       ] GC(45) Age table with threshold 6 (max threshold 6)
[2020-05-02T05:54:18.150+0000][1][gc,age       ] GC(45) - age   1:     346696 bytes,     346696 total
[2020-05-02T05:54:18.150+0000][1][gc,age       ] GC(45) - age   2:      47864 bytes,     394560 total
[2020-05-02T05:54:18.150+0000][1][gc,age       ] GC(45) - age   3:       9640 bytes,     404200 total
[2020-05-02T05:54:18.151+0000][1][gc,age       ] GC(45) - age   4:      70832 bytes,     475032 total
[2020-05-02T05:54:18.151+0000][1][gc,age       ] GC(45) - age   5:      39552 bytes,     514584 total
[2020-05-02T05:54:18.151+0000][1][gc,age       ] GC(45) - age   6:     100984 bytes,     615568 total
[2020-05-02T05:54:18.151+0000][1][gc,heap      ] GC(45) ParNew: 140543K->760K(157248K)
[2020-05-02T05:54:18.151+0000][1][gc,heap      ] GC(45) CMS: 81766K->81819K(349568K)
[2020-05-02T05:54:18.151+0000][1][gc,metaspace ] GC(45) Metaspace: 97098K->97098K(1138688K)
[2020-05-02T05:54:18.151+0000][1][gc           ] GC(45) Pause Young (Allocation Failure) 217M->80M(494M) 3.276ms
[2020-05-02T05:54:18.151+0000][1][gc,cpu       ] GC(45) User=0.01s Sys=0.00s Real=0.00s
[2020-05-02T05:54:18.151+0000][1][safepoint    ] Safepoint "GenCollectForAllocation", Time since last: 1772300 ns, Reaching safepoint: 74700 ns, At safepoint: 3474400 ns, Total: 3549100 ns
[2020-05-02T05:54:18.159+0000][1][safepoint    ] Safepoint "RevokeBias", Time since last: 7786100 ns, Reaching safepoint: 213200 ns, At safepoint: 49100 ns, Total: 262300 ns
[2020-05-02T05:54:18.159+0000][1][safepoint    ] Safepoint "RevokeBias", Time since last: 182100 ns, Reaching safepoint: 91600 ns, At safepoint: 48100 ns, Total: 139700 ns
[2020-05-02T05:54:18.192+0000][1][safepoint    ] Safepoint "RevokeBias", Time since last: 32566400 ns, Reaching safepoint: 129900 ns, At safepoint: 56000 ns, Total: 185900 ns
[2020-05-02T05:54:18.195+0000][1][safepoint    ] Safepoint "RevokeBias", Time since last: 2708900 ns, Reaching safepoint: 149500 ns, At safepoint: 51800 ns, Total: 201300 ns
[2020-05-02T05:54:18.238+0000][1][safepoint    ] Safepoint "RevokeBias", Time since last: 42902100 ns, Reaching safepoint: 129500 ns, At safepoint: 35000 ns, Total: 164500 ns
[2020-05-02T05:54:18.245+0000][1][safepoint    ] Safepoint "RevokeBias", Time since last: 7238200 ns, Reaching safepoint: 108000 ns, At safepoint: 35500 ns, Total: 143500 ns
[2020-05-02T05:54:18.261+0000][1][safepoint    ] Safepoint "RevokeBias", Time since last: 15077200 ns, Reaching safepoint: 123700 ns, At safepoint: 35100 ns, Total: 158800 ns
[2020-05-02T05:54:18.266+0000][1][safepoint    ] Safepoint "RevokeBias", Time since last: 4776900 ns, Reaching safepoint: 122900 ns, At safepoint: 51000 ns, Total: 173900 ns
[2020-05-02T05:54:18.648+0000][1][safepoint    ] Safepoint "RevokeBias", Time since last: 381694600 ns, Reaching safepoint: 177500 ns, At safepoint: 44400 ns, Total: 221900 ns
[2020-05-02T05:54:19.195+0000][1][safepoint    ] Safepoint "RevokeBias", Time since last: 547414900 ns, Reaching safepoint: 192300 ns, At safepoint: 58000 ns, Total: 250300 ns
[2020-05-02T05:54:19.196+0000][1][safepoint    ] Safepoint "RevokeBias", Time since last: 255400 ns, Reaching safepoint: 124300 ns, At safepoint: 55000 ns, Total: 179300 ns
[2020-05-02T05:54:19.196+0000][1][safepoint    ] Safepoint "RevokeBias", Time since last: 217100 ns, Reaching safepoint: 106300 ns, At safepoint: 54700 ns, Total: 161000 ns
[2020-05-02T05:54:20.197+0000][1][safepoint    ] Safepoint "Cleanup", Time since last: 1000335200 ns, Reaching safepoint: 413700 ns, At safepoint: 209700 ns, Total: 623400 ns
[2020-05-02T05:54:21.198+0000][1][safepoint    ] Safepoint "Cleanup", Time since last: 1000734400 ns, Reaching safepoint: 483500 ns, At safepoint: 211100 ns, Total: 694600 ns
[2020-05-02T05:54:22.200+0000][1][safepoint    ] Safepoint "Cleanup", Time since last: 1000799700 ns, Reaching safepoint: 533900 ns, At safepoint: 243500 ns, Total: 777400 ns
[2020-05-02T05:54:23.201+0000][1][safepoint    ] Safepoint "Cleanup", Time since last: 1000397100 ns, Reaching safepoint: 135900 ns, At safepoint: 80100 ns, Total: 216000 ns
[2020-05-02T05:54:24.201+0000][1][safepoint    ] Safepoint "Cleanup", Time since last: 1000212300 ns, Reaching safepoint: 124400 ns, At safepoint: 42300 ns, Total: 166700 ns
[2020-05-02T05:54:25.202+0000][1][safepoint    ] Safepoint "Cleanup", Time since last: 1000637500 ns, Reaching safepoint: 458300 ns, At safepoint: 208100 ns, Total: 666400 ns
[2020-05-02T05:54:26.203+0000][1][safepoint    ] Safepoint "Cleanup", Time since last: 1000712900 ns, Reaching safepoint: 164500 ns, At safepoint: 63600 ns, Total: 228100 ns
[2020-05-02T05:54:27.204+0000][1][safepoint    ] Safepoint "Cleanup", Time since last: 1000512500 ns, Reaching safepoint: 149500 ns, At safepoint: 53600 ns, Total: 203100 ns
[2020-05-02T05:54:28.071+0000][1][safepoint    ] Safepoint "Deoptimize", Time since last: 864035300 ns, Reaching safepoint: 502300 ns, At safepoint: 2341500 ns, Total: 2843800 ns
[2020-05-02T05:54:29.072+0000][1][safepoint    ] Safepoint "Cleanup", Time since last: 1000499600 ns, Reaching safepoint: 348900 ns, At safepoint: 108900 ns, Total: 457800 ns
[2020-05-02T05:54:30.072+0000][1][safepoint    ] Safepoint "Cleanup", Time since last: 1000307300 ns, Reaching safepoint: 209500 ns, At safepoint: 67300 ns, Total: 276800 ns
[2020-05-02T05:54:31.074+0000][1][safepoint    ] Safepoint "Cleanup", Time since last: 1000770400 ns, Reaching safepoint: 672100 ns, At safepoint: 199600 ns, Total: 871700 ns
[2020-05-02T05:54:31.600+0000][1][safepoint    ] Safepoint "RevokeBias", Time since last: 525932400 ns, Reaching safepoint: 301200 ns, At safepoint: 80700 ns, Total: 381900 ns
[2020-05-02T05:54:31.614+0000][1][safepoint    ] Safepoint "RevokeBias", Time since last: 12836900 ns, Reaching safepoint: 457600 ns, At safepoint: 74900 ns, Total: 532500 ns
[2020-05-02T05:54:31.614+0000][1][safepoint    ] Safepoint "RevokeBias", Time since last: 167400 ns, Reaching safepoint: 349600 ns, At safepoint: 84000 ns, Total: 433600 ns
[2020-05-02T05:54:31.615+0000][1][safepoint    ] Safepoint "RevokeBias", Time since last: 519300 ns, Reaching safepoint: 465300 ns, At safepoint: 75800 ns, Total: 541100 ns
[2020-05-02T05:54:31.643+0000][1][safepoint    ] Safepoint "RevokeBias", Time since last: 27845400 ns, Reaching safepoint: 133600 ns, At safepoint: 67900 ns, Total: 201500 ns
[2020-05-02T05:54:31.644+0000][1][safepoint    ] Safepoint "RevokeBias", Time since last: 295500 ns, Reaching safepoint: 146500 ns, At safepoint: 85400 ns, Total: 231900 ns
[2020-05-02T05:54:31.644+0000][1][safepoint    ] Safepoint "RevokeBias", Time since last: 163100 ns, Reaching safepoint: 146100 ns, At safepoint: 53600 ns, Total: 199700 ns
[2020-05-02T05:54:31.645+0000][1][safepoint    ] Safepoint "RevokeBias", Time since last: 92200 ns, Reaching safepoint: 115000 ns, At safepoint: 117300 ns, Total: 232300 ns
[2020-05-02T05:54:31.645+0000][1][safepoint    ] Safepoint "RevokeBias", Time since last: 136300 ns, Reaching safepoint: 108600 ns, At safepoint: 90600 ns, Total: 199200 ns
[2020-05-02T05:54:31.645+0000][1][safepoint    ] Safepoint "RevokeBias", Time since last: 183400 ns, Reaching safepoint: 222600 ns, At safepoint: 99400 ns, Total: 322000 ns
[2020-05-02T05:54:31.646+0000][1][safepoint    ] Safepoint "RevokeBias", Time since last: 157000 ns, Reaching safepoint: 115200 ns, At safepoint: 67900 ns, Total: 183100 ns
[2020-05-02T05:54:31.646+0000][1][safepoint    ] Safepoint "RevokeBias", Time since last: 152900 ns, Reaching safepoint: 94200 ns, At safepoint: 85300 ns, Total: 179500 ns
[2020-05-02T05:54:31.646+0000][1][safepoint    ] Safepoint "RevokeBias", Time since last: 152700 ns, Reaching safepoint: 82200 ns, At safepoint: 85200 ns, Total: 167400 ns
[2020-05-02T05:54:31.647+0000][1][safepoint    ] Safepoint "RevokeBias", Time since last: 299100 ns, Reaching safepoint: 102800 ns, At safepoint: 64900 ns, Total: 167700 ns
[2020-05-02T05:54:31.647+0000][1][safepoint    ] Safepoint "RevokeBias", Time since last: 144100 ns, Reaching safepoint: 148200 ns, At safepoint: 71200 ns, Total: 219400 ns
[2020-05-02T05:54:31.648+0000][1][safepoint    ] Safepoint "RevokeBias", Time since last: 145600 ns, Reaching safepoint: 136900 ns, At safepoint: 39200 ns, Total: 176100 ns
[2020-05-02T05:54:31.648+0000][1][safepoint    ] Safepoint "RevokeBias", Time since last: 138900 ns, Reaching safepoint: 152800 ns, At safepoint: 44600 ns, Total: 197400 ns
[2020-05-02T05:54:31.648+0000][1][safepoint    ] Safepoint "RevokeBias", Time since last: 165600 ns, Reaching safepoint: 129100 ns, At safepoint: 43400 ns, Total: 172500 ns
[2020-05-02T05:54:31.649+0000][1][safepoint    ] Safepoint "RevokeBias", Time since last: 170800 ns, Reaching safepoint: 138300 ns, At safepoint: 59100 ns, Total: 197400 ns
[2020-05-02T05:54:31.660+0000][1][safepoint    ] Safepoint "RevokeBias", Time since last: 11567700 ns, Reaching safepoint: 129400 ns, At safepoint: 59500 ns, Total: 188900 ns
[2020-05-02T05:54:31.661+0000][1][safepoint    ] Safepoint "RevokeBias", Time since last: 227100 ns, Reaching safepoint: 106400 ns, At safepoint: 65400 ns, Total: 171800 ns
[2020-05-02T05:54:31.695+0000][1][safepoint    ] Safepoint "RevokeBias", Time since last: 33840600 ns, Reaching safepoint: 120100 ns, At safepoint: 38900 ns, Total: 159000 ns
[2020-05-02T05:54:31.697+0000][1][safepoint    ] Safepoint "RevokeBias", Time since last: 2415800 ns, Reaching safepoint: 203100 ns, At safepoint: 91600 ns, Total: 294700 ns
[2020-05-02T05:54:31.732+0000][1][safepoint    ] Safepoint "BulkRevokeBias", Time since last: 33563900 ns, Reaching safepoint: 122700 ns, At safepoint: 468500 ns, Total: 591200 ns
[2020-05-02T05:54:31.742+0000][1][safepoint    ] Safepoint "BulkRevokeBias", Time since last: 9439200 ns, Reaching safepoint: 114700 ns, At safepoint: 472400 ns, Total: 587100 ns
[2020-05-02T05:54:31.742+0000][1][safepoint    ] Safepoint "RevokeBias", Time since last: 332600 ns, Reaching safepoint: 86400 ns, At safepoint: 34100 ns, Total: 120500 ns
[2020-05-02T05:54:31.749+0000][1][safepoint    ] Safepoint "RevokeBias", Time since last: 7145900 ns, Reaching safepoint: 92800 ns, At safepoint: 48900 ns, Total: 141700 ns
[2020-05-02T05:54:31.765+0000][1][safepoint    ] Safepoint "RevokeBias", Time since last: 15901800 ns, Reaching safepoint: 117600 ns, At safepoint: 33300 ns, Total: 150900 ns
[2020-05-02T05:54:31.771+0000][1][safepoint    ] Safepoint "RevokeBias", Time since last: 5060700 ns, Reaching safepoint: 120700 ns, At safepoint: 51600 ns, Total: 172300 ns
[2020-05-02T05:54:32.699+0000][1][safepoint    ] Safepoint "RevokeBias", Time since last: 927510000 ns, Reaching safepoint: 490200 ns, At safepoint: 167400 ns, Total: 657600 ns
[2020-05-02T05:54:32.700+0000][1][safepoint    ] Safepoint "RevokeBias", Time since last: 660900 ns, Reaching safepoint: 431700 ns, At safepoint: 160200 ns, Total: 591900 ns
[2020-05-02T05:54:32.701+0000][1][safepoint    ] Safepoint "RevokeBias", Time since last: 536000 ns, Reaching safepoint: 359200 ns, At safepoint: 159500 ns, Total: 518700 ns
[2020-05-02T05:54:33.662+0000][1][safepoint    ] Safepoint "RevokeBias", Time since last: 960811400 ns, Reaching safepoint: 129600 ns, At safepoint: 41600 ns, Total: 171200 ns
[2020-05-02T05:54:34.663+0000][1][safepoint    ] Safepoint "Cleanup", Time since last: 1000423600 ns, Reaching safepoint: 514900 ns, At safepoint: 199400 ns, Total: 714300 ns
[2020-05-02T05:54:35.665+0000][1][safepoint    ] Safepoint "Cleanup", Time since last: 1000941400 ns, Reaching safepoint: 500600 ns, At safepoint: 216200 ns, Total: 716800 ns
[2020-05-02T05:54:36.666+0000][1][safepoint    ] Safepoint "Cleanup", Time since last: 1000771500 ns, Reaching safepoint: 241200 ns, At safepoint: 109900 ns, Total: 351100 ns
[2020-05-02T05:54:37.667+0000][1][safepoint    ] Safepoint "Cleanup", Time since last: 1000564400 ns, Reaching safepoint: 135100 ns, At safepoint: 50300 ns, Total: 185400 ns
[2020-05-02T05:54:38.667+0000][1][safepoint    ] Safepoint "Cleanup", Time since last: 1000224500 ns, Reaching safepoint: 133900 ns, At safepoint: 41400 ns, Total: 175300 ns
[2020-05-02T05:54:39.668+0000][1][safepoint    ] Safepoint "Cleanup", Time since last: 1000516200 ns, Reaching safepoint: 232800 ns, At safepoint: 95800 ns, Total: 328600 ns
[2020-05-02T05:54:40.669+0000][1][safepoint    ] Safepoint "Cleanup", Time since last: 1000380200 ns, Reaching safepoint: 414900 ns, At safepoint: 232300 ns, Total: 647200 ns
[2020-05-02T05:54:41.161+0000][1][safepoint    ] Safepoint "RevokeBias", Time since last: 490722400 ns, Reaching safepoint: 513700 ns, At safepoint: 228200 ns, Total: 741900 ns
[2020-05-02T05:54:42.162+0000][1][safepoint    ] Safepoint "Cleanup", Time since last: 1000584300 ns, Reaching safepoint: 425800 ns, At safepoint: 201800 ns, Total: 627600 ns
[2020-05-02T05:54:43.163+0000][1][safepoint    ] Safepoint "Cleanup", Time since last: 1000544600 ns, Reaching safepoint: 735300 ns, At safepoint: 222300 ns, Total: 957600 ns
[2020-05-02T05:54:43.737+0000][1][safepoint    ] Safepoint "RevokeBias", Time since last: 573440300 ns, Reaching safepoint: 244500 ns, At safepoint: 42700 ns, Total: 287200 ns
[2020-05-02T05:54:43.750+0000][1][safepoint    ] Safepoint "RevokeBias", Time since last: 12216300 ns, Reaching safepoint: 226800 ns, At safepoint: 95400 ns, Total: 322200 ns
[2020-05-02T05:54:43.750+0000][1][safepoint    ] Safepoint "RevokeBias", Time since last: 222900 ns, Reaching safepoint: 226500 ns, At safepoint: 56600 ns, Total: 283100 ns
[2020-05-02T05:54:43.751+0000][1][safepoint    ] Safepoint "RevokeBias", Time since last: 430000 ns, Reaching safepoint: 136300 ns, At safepoint: 61100 ns, Total: 197400 ns
[2020-05-02T05:54:43.776+0000][1][safepoint    ] Safepoint "RevokeBias", Time since last: 25109600 ns, Reaching safepoint: 122100 ns, At safepoint: 52600 ns, Total: 174700 ns
[2020-05-02T05:54:43.776+0000][1][safepoint    ] Safepoint "RevokeBias", Time since last: 211600 ns, Reaching safepoint: 190600 ns, At safepoint: 59600 ns, Total: 250200 ns
[2020-05-02T05:54:43.777+0000][1][safepoint    ] Safepoint "RevokeBias", Time since last: 97700 ns, Reaching safepoint: 77500 ns, At safepoint: 67500 ns, Total: 145000 ns
[2020-05-02T05:54:43.777+0000][1][safepoint    ] Safepoint "RevokeBias", Time since last: 124300 ns, Reaching safepoint: 71400 ns, At safepoint: 48600 ns, Total: 120000 ns
[2020-05-02T05:54:43.777+0000][1][safepoint    ] Safepoint "RevokeBias", Time since last: 95400 ns, Reaching safepoint: 155400 ns, At safepoint: 30000 ns, Total: 185400 ns
[2020-05-02T05:54:43.777+0000][1][safepoint    ] Safepoint "RevokeBias", Time since last: 128100 ns, Reaching safepoint: 71000 ns, At safepoint: 32500 ns, Total: 103500 ns
[2020-05-02T05:54:43.778+0000][1][safepoint    ] Safepoint "RevokeBias", Time since last: 142200 ns, Reaching safepoint: 69600 ns, At safepoint: 32200 ns, Total: 101800 ns
[2020-05-02T05:54:43.778+0000][1][safepoint    ] Safepoint "RevokeBias", Time since last: 135300 ns, Reaching safepoint: 73700 ns, At safepoint: 29900 ns, Total: 103600 ns
[2020-05-02T05:54:43.778+0000][1][safepoint    ] Safepoint "RevokeBias", Time since last: 125800 ns, Reaching safepoint: 68400 ns, At safepoint: 28700 ns, Total: 97100 ns
[2020-05-02T05:54:43.779+0000][1][safepoint    ] Safepoint "BulkRevokeBias", Time since last: 191500 ns, Reaching safepoint: 87300 ns, At safepoint: 617900 ns, Total: 705200 ns
[2020-05-02T05:54:43.779+0000][1][safepoint    ] Safepoint "RevokeBias", Time since last: 89600 ns, Reaching safepoint: 117800 ns, At safepoint: 42400 ns, Total: 160200 ns
[2020-05-02T05:54:43.781+0000][1][safepoint    ] Safepoint "BulkRevokeBias", Time since last: 157400 ns, Reaching safepoint: 119000 ns, At safepoint: 1200600 ns, Total: 1319600 ns
[2020-05-02T05:54:43.781+0000][1][safepoint    ] Safepoint "RevokeBias", Time since last: 175900 ns, Reaching safepoint: 100100 ns, At safepoint: 43900 ns, Total: 144000 ns
[2020-05-02T05:54:43.781+0000][1][safepoint    ] Safepoint "RevokeBias", Time since last: 152300 ns, Reaching safepoint: 89700 ns, At safepoint: 33500 ns, Total: 123200 ns
[2020-05-02T05:54:43.782+0000][1][safepoint    ] Safepoint "RevokeBias", Time since last: 162400 ns, Reaching safepoint: 73000 ns, At safepoint: 33100 ns, Total: 106100 ns
[2020-05-02T05:54:43.790+0000][1][safepoint    ] Safepoint "RevokeBias", Time since last: 8104200 ns, Reaching safepoint: 152400 ns, At safepoint: 52800 ns, Total: 205200 ns
[2020-05-02T05:54:43.790+0000][1][safepoint    ] Safepoint "RevokeBias", Time since last: 250500 ns, Reaching safepoint: 143000 ns, At safepoint: 47400 ns, Total: 190400 ns
[2020-05-02T05:54:43.825+0000][1][safepoint    ] Safepoint "RevokeBias", Time since last: 34395400 ns, Reaching safepoint: 132700 ns, At safepoint: 41700 ns, Total: 174400 ns
[2020-05-02T05:54:43.828+0000][1][safepoint    ] Safepoint "RevokeBias", Time since last: 2429900 ns, Reaching safepoint: 261800 ns, At safepoint: 158600 ns, Total: 420400 ns
[2020-05-02T05:54:43.871+0000][1][safepoint    ] Safepoint "RevokeBias", Time since last: 42846000 ns, Reaching safepoint: 140700 ns, At safepoint: 35200 ns, Total: 175900 ns
[2020-05-02T05:54:43.878+0000][1][safepoint    ] Safepoint "RevokeBias", Time since last: 7313700 ns, Reaching safepoint: 127100 ns, At safepoint: 35800 ns, Total: 162900 ns
[2020-05-02T05:54:43.893+0000][1][safepoint    ] Safepoint "RevokeBias", Time since last: 14993000 ns, Reaching safepoint: 115600 ns, At safepoint: 64500 ns, Total: 180100 ns
[2020-05-02T05:54:43.900+0000][1][safepoint    ] Safepoint "RevokeBias", Time since last: 5995300 ns, Reaching safepoint: 126600 ns, At safepoint: 52600 ns, Total: 179200 ns
[2020-05-02T05:54:44.828+0000][1][safepoint    ] Safepoint "RevokeBias", Time since last: 927770000 ns, Reaching safepoint: 132300 ns, At safepoint: 41900 ns, Total: 174200 ns
[2020-05-02T05:54:44.828+0000][1][safepoint    ] Safepoint "RevokeBias", Time since last: 202900 ns, Reaching safepoint: 125200 ns, At safepoint: 42500 ns, Total: 167700 ns
[2020-05-02T05:54:44.828+0000][1][safepoint    ] Safepoint "RevokeBias", Time since last: 201500 ns, Reaching safepoint: 97000 ns, At safepoint: 83800 ns, Total: 180800 ns
[2020-05-02T05:54:45.829+0000][1][safepoint    ] Safepoint "Cleanup", Time since last: 1000197800 ns, Reaching safepoint: 123800 ns, At safepoint: 39600 ns, Total: 163400 ns
[2020-05-02T05:54:46.829+0000][1][safepoint    ] Safepoint "Cleanup", Time since last: 1000194900 ns, Reaching safepoint: 220300 ns, At safepoint: 63000 ns, Total: 283300 ns
[2020-05-02T05:54:47.830+0000][1][safepoint    ] Safepoint "Cleanup", Time since last: 1000330500 ns, Reaching safepoint: 430700 ns, At safepoint: 198000 ns, Total: 628700 ns
[2020-05-02T05:54:48.667+0000][1][safepoint    ] Safepoint "RevokeBias", Time since last: 836409800 ns, Reaching safepoint: 124000 ns, At safepoint: 38300 ns, Total: 162300 ns
[2020-05-02T05:54:49.667+0000][1][safepoint    ] Safepoint "Cleanup", Time since last: 1000334000 ns, Reaching safepoint: 128000 ns, At safepoint: 28300 ns, Total: 156300 ns
[2020-05-02T05:54:49.850+0000][1][safepoint    ] Safepoint "RevokeBias", Time since last: 182270900 ns, Reaching safepoint: 191200 ns, At safepoint: 126000 ns, Total: 317200 ns
[2020-05-02T05:54:49.861+0000][1][safepoint    ] Safepoint "BulkRevokeBias", Time since last: 10180400 ns, Reaching safepoint: 135300 ns, At safepoint: 505100 ns, Total: 640400 ns
[2020-05-02T05:54:49.861+0000][1][safepoint    ] Safepoint "RevokeBias", Time since last: 149500 ns, Reaching safepoint: 150400 ns, At safepoint: 35900 ns, Total: 186300 ns
[2020-05-02T05:54:49.862+0000][1][safepoint    ] Safepoint "RevokeBias", Time since last: 406300 ns, Reaching safepoint: 144500 ns, At safepoint: 55500 ns, Total: 200000 ns
[2020-05-02T05:54:49.886+0000][1][safepoint    ] Safepoint "RevokeBias", Time since last: 24808200 ns, Reaching safepoint: 130300 ns, At safepoint: 52400 ns, Total: 182700 ns
[2020-05-02T05:54:49.887+0000][1][safepoint    ] Safepoint "RevokeBias", Time since last: 231500 ns, Reaching safepoint: 108700 ns, At safepoint: 31800 ns, Total: 140500 ns
[2020-05-02T05:54:49.887+0000][1][safepoint    ] Safepoint "RevokeBias", Time since last: 153900 ns, Reaching safepoint: 81500 ns, At safepoint: 33800 ns, Total: 115300 ns
[2020-05-02T05:54:49.887+0000][1][safepoint    ] Safepoint "RevokeBias", Time since last: 130100 ns, Reaching safepoint: 72300 ns, At safepoint: 33400 ns, Total: 105700 ns
[2020-05-02T05:54:49.888+0000][1][safepoint    ] Safepoint "RevokeBias", Time since last: 88800 ns, Reaching safepoint: 70800 ns, At safepoint: 30000 ns, Total: 100800 ns
[2020-05-02T05:54:49.888+0000][1][safepoint    ] Safepoint "RevokeBias", Time since last: 144800 ns, Reaching safepoint: 70000 ns, At safepoint: 30300 ns, Total: 100300 ns
[2020-05-02T05:54:49.888+0000][1][safepoint    ] Safepoint "RevokeBias", Time since last: 178900 ns, Reaching safepoint: 69500 ns, At safepoint: 29700 ns, Total: 99200 ns
[2020-05-02T05:54:49.888+0000][1][safepoint    ] Safepoint "RevokeBias", Time since last: 167100 ns, Reaching safepoint: 92300 ns, At safepoint: 38500 ns, Total: 130800 ns
[2020-05-02T05:54:49.889+0000][1][safepoint    ] Safepoint "RevokeBias", Time since last: 152500 ns, Reaching safepoint: 116400 ns, At safepoint: 38900 ns, Total: 155300 ns
[2020-05-02T05:54:49.889+0000][1][safepoint    ] Safepoint "RevokeBias", Time since last: 313600 ns, Reaching safepoint: 106500 ns, At safepoint: 42200 ns, Total: 148700 ns
[2020-05-02T05:54:49.889+0000][1][safepoint    ] Safepoint "RevokeBias", Time since last: 184000 ns, Reaching safepoint: 92700 ns, At safepoint: 34400 ns, Total: 127100 ns
[2020-05-02T05:54:49.890+0000][1][safepoint    ] Safepoint "RevokeBias", Time since last: 89800 ns, Reaching safepoint: 93100 ns, At safepoint: 31000 ns, Total: 124100 ns
[2020-05-02T05:54:49.890+0000][1][safepoint    ] Safepoint "RevokeBias", Time since last: 123600 ns, Reaching safepoint: 76700 ns, At safepoint: 90200 ns, Total: 166900 ns
[2020-05-02T05:54:49.890+0000][1][safepoint    ] Safepoint "RevokeBias", Time since last: 119200 ns, Reaching safepoint: 70100 ns, At safepoint: 29500 ns, Total: 99600 ns
[2020-05-02T05:54:49.890+0000][1][safepoint    ] Safepoint "RevokeBias", Time since last: 102600 ns, Reaching safepoint: 110800 ns, At safepoint: 34400 ns, Total: 145200 ns
[2020-05-02T05:54:49.900+0000][1][safepoint    ] Safepoint "RevokeBias", Time since last: 9328500 ns, Reaching safepoint: 178900 ns, At safepoint: 60800 ns, Total: 239700 ns
[2020-05-02T05:54:49.901+0000][1][safepoint    ] Safepoint "RevokeBias", Time since last: 234600 ns, Reaching safepoint: 197300 ns, At safepoint: 105200 ns, Total: 302500 ns
[2020-05-02T05:54:49.937+0000][1][safepoint    ] Safepoint "RevokeBias", Time since last: 35870600 ns, Reaching safepoint: 134300 ns, At safepoint: 41800 ns, Total: 176100 ns
[2020-05-02T05:54:49.939+0000][1][safepoint    ] Safepoint "RevokeBias", Time since last: 2273600 ns, Reaching safepoint: 251200 ns, At safepoint: 137300 ns, Total: 388500 ns
[2020-05-02T05:54:49.982+0000][1][safepoint    ] Safepoint "RevokeBias", Time since last: 42821700 ns, Reaching safepoint: 128200 ns, At safepoint: 49500 ns, Total: 177700 ns
[2020-05-02T05:54:49.989+0000][1][safepoint    ] Safepoint "RevokeBias", Time since last: 6613500 ns, Reaching safepoint: 110600 ns, At safepoint: 33500 ns, Total: 144100 ns
[2020-05-02T05:54:50.004+0000][1][safepoint    ] Safepoint "RevokeBias", Time since last: 14629300 ns, Reaching safepoint: 141400 ns, At safepoint: 35200 ns, Total: 176600 ns
[2020-05-02T05:54:50.008+0000][1][gc,start     ] GC(46) Pause Young (Allocation Failure)
[2020-05-02T05:54:50.008+0000][1][gc,task      ] GC(46) Using 10 workers of 10 for evacuation
[2020-05-02T05:54:50.011+0000][1][gc,age       ] GC(46) Desired survivor size 8945664 bytes, new threshold 6 (max threshold 6)
[2020-05-02T05:54:50.011+0000][1][gc,age       ] GC(46) Age table with threshold 6 (max threshold 6)
[2020-05-02T05:54:50.011+0000][1][gc,age       ] GC(46) - age   1:     514296 bytes,     514296 total
[2020-05-02T05:54:50.011+0000][1][gc,age       ] GC(46) - age   2:       9808 bytes,     524104 total
[2020-05-02T05:54:50.011+0000][1][gc,age       ] GC(46) - age   3:      47296 bytes,     571400 total
[2020-05-02T05:54:50.011+0000][1][gc,age       ] GC(46) - age   4:       9520 bytes,     580920 total
[2020-05-02T05:54:50.011+0000][1][gc,age       ] GC(46) - age   5:      70424 bytes,     651344 total
[2020-05-02T05:54:50.011+0000][1][gc,age       ] GC(46) - age   6:      39256 bytes,     690600 total
[2020-05-02T05:54:50.011+0000][1][gc,heap      ] GC(46) ParNew: 140536K->869K(157248K)
[2020-05-02T05:54:50.011+0000][1][gc,heap      ] GC(46) CMS: 81819K->81919K(349568K)
[2020-05-02T05:54:50.011+0000][1][gc,metaspace ] GC(46) Metaspace: 97244K->97244K(1138688K)
[2020-05-02T05:54:50.011+0000][1][gc           ] GC(46) Pause Young (Allocation Failure) 217M->80M(494M) 3.378ms
[2020-05-02T05:54:50.011+0000][1][gc,cpu       ] GC(46) User=0.01s Sys=0.00s Real=0.00s
[2020-05-02T05:54:50.011+0000][1][safepoint    ] Safepoint "GenCollectForAllocation", Time since last: 3690800 ns, Reaching safepoint: 148900 ns, At safepoint: 3490800 ns, Total: 3639700 ns
[2020-05-02T05:54:50.014+0000][1][safepoint    ] Safepoint "RevokeBias", Time since last: 2223500 ns, Reaching safepoint: 102700 ns, At safepoint: 33100 ns, Total: 135800 ns
[2020-05-02T05:54:50.941+0000][1][safepoint    ] Safepoint "RevokeBias", Time since last: 926519300 ns, Reaching safepoint: 523100 ns, At safepoint: 165500 ns, Total: 688600 ns
[2020-05-02T05:54:50.942+0000][1][safepoint    ] Safepoint "RevokeBias", Time since last: 660400 ns, Reaching safepoint: 422900 ns, At safepoint: 156700 ns, Total: 579600 ns
[2020-05-02T05:54:50.943+0000][1][safepoint    ] Safepoint "RevokeBias", Time since last: 556500 ns, Reaching safepoint: 363900 ns, At safepoint: 161800 ns, Total: 525700 ns
[2020-05-02T05:54:51.944+0000][1][safepoint    ] Safepoint "Cleanup", Time since last: 1000662000 ns, Reaching safepoint: 510100 ns, At safepoint: 244200 ns, Total: 754300 ns
[2020-05-02T05:54:52.946+0000][1][safepoint    ] Safepoint "Cleanup", Time since last: 1000703900 ns, Reaching safepoint: 416600 ns, At safepoint: 200200 ns, Total: 616800 ns
[2020-05-02T05:54:53.668+0000][1][safepoint    ] Safepoint "RevokeBias", Time since last: 722488600 ns, Reaching safepoint: 128100 ns, At safepoint: 39900 ns, Total: 168000 ns
[2020-05-02T05:54:54.051+0000][1][safepoint    ] Safepoint "RevokeBias", Time since last: 382299100 ns, Reaching safepoint: 206700 ns, At safepoint: 129900 ns, Total: 336600 ns
[2020-05-02T05:54:54.065+0000][1][safepoint    ] Safepoint "RevokeBias", Time since last: 12681200 ns, Reaching safepoint: 698300 ns, At safepoint: 62100 ns, Total: 760400 ns
[2020-05-02T05:54:54.065+0000][1][safepoint    ] Safepoint "RevokeBias", Time since last: 171500 ns, Reaching safepoint: 120700 ns, At safepoint: 75100 ns, Total: 195800 ns
[2020-05-02T05:54:54.065+0000][1][safepoint    ] Safepoint "RevokeBias", Time since last: 352200 ns, Reaching safepoint: 92300 ns, At safepoint: 50500 ns, Total: 142800 ns
[2020-05-02T05:54:54.092+0000][1][safepoint    ] Safepoint "RevokeBias", Time since last: 26473500 ns, Reaching safepoint: 121300 ns, At safepoint: 47500 ns, Total: 168800 ns
[2020-05-02T05:54:54.093+0000][1][safepoint    ] Safepoint "RevokeBias", Time since last: 322100 ns, Reaching safepoint: 187700 ns, At safepoint: 40800 ns, Total: 228500 ns
[2020-05-02T05:54:54.093+0000][1][safepoint    ] Safepoint "RevokeBias", Time since last: 216600 ns, Reaching safepoint: 151500 ns, At safepoint: 50500 ns, Total: 202000 ns
[2020-05-02T05:54:54.093+0000][1][safepoint    ] Safepoint "RevokeBias", Time since last: 150200 ns, Reaching safepoint: 111100 ns, At safepoint: 31500 ns, Total: 142600 ns
[2020-05-02T05:54:54.094+0000][1][safepoint    ] Safepoint "RevokeBias", Time since last: 147000 ns, Reaching safepoint: 106000 ns, At safepoint: 45500 ns, Total: 151500 ns
[2020-05-02T05:54:54.094+0000][1][safepoint    ] Safepoint "RevokeBias", Time since last: 80000 ns, Reaching safepoint: 103500 ns, At safepoint: 42600 ns, Total: 146100 ns
[2020-05-02T05:54:54.094+0000][1][safepoint    ] Safepoint "RevokeBias", Time since last: 166000 ns, Reaching safepoint: 110100 ns, At safepoint: 36600 ns, Total: 146700 ns
[2020-05-02T05:54:54.094+0000][1][safepoint    ] Safepoint "RevokeBias", Time since last: 157900 ns, Reaching safepoint: 154000 ns, At safepoint: 60100 ns, Total: 214100 ns
[2020-05-02T05:54:54.095+0000][1][safepoint    ] Safepoint "RevokeBias", Time since last: 185900 ns, Reaching safepoint: 137100 ns, At safepoint: 39000 ns, Total: 176100 ns
[2020-05-02T05:54:54.095+0000][1][safepoint    ] Safepoint "RevokeBias", Time since last: 270400 ns, Reaching safepoint: 87900 ns, At safepoint: 37700 ns, Total: 125600 ns
[2020-05-02T05:54:54.096+0000][1][safepoint    ] Safepoint "RevokeBias", Time since last: 183800 ns, Reaching safepoint: 81100 ns, At safepoint: 34400 ns, Total: 115500 ns
[2020-05-02T05:54:54.096+0000][1][safepoint    ] Safepoint "RevokeBias", Time since last: 149400 ns, Reaching safepoint: 81500 ns, At safepoint: 52800 ns, Total: 134300 ns
[2020-05-02T05:54:54.096+0000][1][safepoint    ] Safepoint "RevokeBias", Time since last: 188800 ns, Reaching safepoint: 125800 ns, At safepoint: 30700 ns, Total: 156500 ns
[2020-05-02T05:54:54.096+0000][1][safepoint    ] Safepoint "RevokeBias", Time since last: 174400 ns, Reaching safepoint: 125500 ns, At safepoint: 32000 ns, Total: 157500 ns
[2020-05-02T05:54:54.097+0000][1][safepoint    ] Safepoint "RevokeBias", Time since last: 208400 ns, Reaching safepoint: 111600 ns, At safepoint: 89900 ns, Total: 201500 ns
[2020-05-02T05:54:54.106+0000][1][safepoint    ] Safepoint "RevokeBias", Time since last: 8774800 ns, Reaching safepoint: 234200 ns, At safepoint: 97600 ns, Total: 331800 ns
[2020-05-02T05:54:54.107+0000][1][safepoint    ] Safepoint "RevokeBias", Time since last: 238800 ns, Reaching safepoint: 190000 ns, At safepoint: 93700 ns, Total: 283700 ns
[2020-05-02T05:54:54.142+0000][1][safepoint    ] Safepoint "RevokeBias", Time since last: 35277900 ns, Reaching safepoint: 124200 ns, At safepoint: 40900 ns, Total: 165100 ns
[2020-05-02T05:54:54.145+0000][1][safepoint    ] Safepoint "RevokeBias", Time since last: 3084000 ns, Reaching safepoint: 231700 ns, At safepoint: 79000 ns, Total: 310700 ns
[2020-05-02T05:54:54.187+0000][1][safepoint    ] Safepoint "RevokeBias", Time since last: 41170200 ns, Reaching safepoint: 119900 ns, At safepoint: 31900 ns, Total: 151800 ns
[2020-05-02T05:54:54.194+0000][1][safepoint    ] Safepoint "RevokeBias", Time since last: 6914300 ns, Reaching safepoint: 104800 ns, At safepoint: 34500 ns, Total: 139300 ns
[2020-05-02T05:54:54.208+0000][1][safepoint    ] Safepoint "RevokeBias", Time since last: 14432000 ns, Reaching safepoint: 132000 ns, At safepoint: 35300 ns, Total: 167300 ns
[2020-05-02T05:54:54.213+0000][1][safepoint    ] Safepoint "RevokeBias", Time since last: 4745400 ns, Reaching safepoint: 120000 ns, At safepoint: 36900 ns, Total: 156900 ns
[2020-05-02T05:54:55.146+0000][1][safepoint    ] Safepoint "RevokeBias", Time since last: 932547000 ns, Reaching safepoint: 498600 ns, At safepoint: 169200 ns, Total: 667800 ns
[2020-05-02T05:54:55.148+0000][1][safepoint    ] Safepoint "RevokeBias", Time since last: 711200 ns, Reaching safepoint: 341900 ns, At safepoint: 163800 ns, Total: 505700 ns
[2020-05-02T05:54:55.151+0000][1][safepoint    ] Safepoint "BulkRevokeBias", Time since last: 574200 ns, Reaching safepoint: 342600 ns, At safepoint: 1899500 ns, Total: 2242100 ns
[2020-05-02T05:54:56.152+0000][1][safepoint    ] Safepoint "Cleanup", Time since last: 1000470400 ns, Reaching safepoint: 503100 ns, At safepoint: 246100 ns, Total: 749200 ns
[2020-05-02T05:54:56.153+0000][1][safepoint    ] Safepoint "RevokeBias", Time since last: 581700 ns, Reaching safepoint: 425600 ns, At safepoint: 164700 ns, Total: 590300 ns
[2020-05-02T05:54:57.154+0000][1][safepoint    ] Safepoint "Cleanup", Time since last: 1000659200 ns, Reaching safepoint: 442000 ns, At safepoint: 205700 ns, Total: 647700 ns
[2020-05-02T05:54:58.155+0000][1][safepoint    ] Safepoint "Cleanup", Time since last: 1000762700 ns, Reaching safepoint: 178300 ns, At safepoint: 73600 ns, Total: 251900 ns
[2020-05-02T05:54:58.674+0000][1][safepoint    ] Safepoint "BulkRevokeBias", Time since last: 517310900 ns, Reaching safepoint: 269800 ns, At safepoint: 971200 ns, Total: 1241000 ns
[2020-05-02T05:54:59.675+0000][1][safepoint    ] Safepoint "Cleanup", Time since last: 1000637700 ns, Reaching safepoint: 255300 ns, At safepoint: 71500 ns, Total: 326800 ns
[2020-05-02T05:55:00.676+0000][1][safepoint    ] Safepoint "Cleanup", Time since last: 1000635700 ns, Reaching safepoint: 129400 ns, At safepoint: 32200 ns, Total: 161600 ns
[2020-05-02T05:55:01.676+0000][1][safepoint    ] Safepoint "Cleanup", Time since last: 1000329700 ns, Reaching safepoint: 132500 ns, At safepoint: 27500 ns, Total: 160000 ns
[2020-05-02T05:55:02.677+0000][1][safepoint    ] Safepoint "Cleanup", Time since last: 1000697800 ns, Reaching safepoint: 418100 ns, At safepoint: 202000 ns, Total: 620100 ns
[2020-05-02T05:55:03.678+0000][1][safepoint    ] Safepoint "Cleanup", Time since last: 1000310600 ns, Reaching safepoint: 122400 ns, At safepoint: 27900 ns, Total: 150300 ns
[2020-05-02T05:55:04.679+0000][1][safepoint    ] Safepoint "Cleanup", Time since last: 1000566800 ns, Reaching safepoint: 222300 ns, At safepoint: 62400 ns, Total: 284700 ns
[2020-05-02T05:55:05.680+0000][1][safepoint    ] Safepoint "Cleanup", Time since last: 1000838100 ns, Reaching safepoint: 411200 ns, At safepoint: 136900 ns, Total: 548100 ns
[2020-05-02T05:55:06.681+0000][1][safepoint    ] Safepoint "Cleanup", Time since last: 1000666200 ns, Reaching safepoint: 138200 ns, At safepoint: 34300 ns, Total: 172500 ns
[2020-05-02T05:55:07.682+0000][1][safepoint    ] Safepoint "Cleanup", Time since last: 1000418600 ns, Reaching safepoint: 420700 ns, At safepoint: 134000 ns, Total: 554700 ns
[2020-05-02T05:55:08.682+0000][1][safepoint    ] Safepoint "Cleanup", Time since last: 1000329300 ns, Reaching safepoint: 131500 ns, At safepoint: 28300 ns, Total: 159800 ns
[2020-05-02T05:55:09.683+0000][1][safepoint    ] Safepoint "Cleanup", Time since last: 1000465300 ns, Reaching safepoint: 193800 ns, At safepoint: 54600 ns, Total: 248400 ns
[2020-05-02T05:55:10.488+0000][1][safepoint    ] Safepoint "RevokeBias", Time since last: 805047000 ns, Reaching safepoint: 204500 ns, At safepoint: 47300 ns, Total: 251800 ns
[2020-05-02T05:55:10.529+0000][1][safepoint    ] Safepoint "RevokeBias", Time since last: 40256100 ns, Reaching safepoint: 170700 ns, At safepoint: 97200 ns, Total: 267900 ns
[2020-05-02T05:55:10.530+0000][1][safepoint    ] Safepoint "RevokeBias", Time since last: 381500 ns, Reaching safepoint: 261000 ns, At safepoint: 114800 ns, Total: 375800 ns
[2020-05-02T05:55:10.530+0000][1][safepoint    ] Safepoint "RevokeBias", Time since last: 137000 ns, Reaching safepoint: 232200 ns, At safepoint: 109300 ns, Total: 341500 ns
[2020-05-02T05:55:10.531+0000][1][safepoint    ] Safepoint "RevokeBias", Time since last: 159000 ns, Reaching safepoint: 144700 ns, At safepoint: 94500 ns, Total: 239200 ns
[2020-05-02T05:55:10.531+0000][1][safepoint    ] Safepoint "RevokeBias", Time since last: 139400 ns, Reaching safepoint: 108200 ns, At safepoint: 113100 ns, Total: 221300 ns
[2020-05-02T05:55:10.531+0000][1][safepoint    ] Safepoint "RevokeBias", Time since last: 101700 ns, Reaching safepoint: 120700 ns, At safepoint: 71000 ns, Total: 191700 ns
[2020-05-02T05:55:10.531+0000][1][safepoint    ] Safepoint "RevokeBias", Time since last: 139400 ns, Reaching safepoint: 98300 ns, At safepoint: 55300 ns, Total: 153600 ns
[2020-05-02T05:55:10.532+0000][1][safepoint    ] Safepoint "RevokeBias", Time since last: 115000 ns, Reaching safepoint: 83700 ns, At safepoint: 48000 ns, Total: 131700 ns
[2020-05-02T05:55:10.532+0000][1][safepoint    ] Safepoint "RevokeBias", Time since last: 144500 ns, Reaching safepoint: 91500 ns, At safepoint: 65700 ns, Total: 157200 ns
[2020-05-02T05:55:10.532+0000][1][safepoint    ] Safepoint "RevokeBias", Time since last: 145000 ns, Reaching safepoint: 140300 ns, At safepoint: 85500 ns, Total: 225800 ns
[2020-05-02T05:55:10.533+0000][1][safepoint    ] Safepoint "RevokeBias", Time since last: 444100 ns, Reaching safepoint: 152900 ns, At safepoint: 95900 ns, Total: 248800 ns
[2020-05-02T05:55:10.534+0000][1][safepoint    ] Safepoint "RevokeBias", Time since last: 236900 ns, Reaching safepoint: 133100 ns, At safepoint: 76700 ns, Total: 209800 ns
[2020-05-02T05:55:10.534+0000][1][safepoint    ] Safepoint "RevokeBias", Time since last: 162600 ns, Reaching safepoint: 140800 ns, At safepoint: 77700 ns, Total: 218500 ns
[2020-05-02T05:55:10.534+0000][1][safepoint    ] Safepoint "RevokeBias", Time since last: 221900 ns, Reaching safepoint: 174200 ns, At safepoint: 96000 ns, Total: 270200 ns
[2020-05-02T05:55:10.535+0000][1][safepoint    ] Safepoint "RevokeBias", Time since last: 228900 ns, Reaching safepoint: 172400 ns, At safepoint: 118100 ns, Total: 290500 ns
[2020-05-02T05:55:10.535+0000][1][safepoint    ] Safepoint "RevokeBias", Time since last: 235100 ns, Reaching safepoint: 119600 ns, At safepoint: 84800 ns, Total: 204400 ns
[2020-05-02T05:55:10.546+0000][1][safepoint    ] Safepoint "RevokeBias", Time since last: 10165300 ns, Reaching safepoint: 292200 ns, At safepoint: 69200 ns, Total: 361400 ns
[2020-05-02T05:55:10.546+0000][1][safepoint    ] Safepoint "RevokeBias", Time since last: 362100 ns, Reaching safepoint: 178400 ns, At safepoint: 56800 ns, Total: 235200 ns
[2020-05-02T05:55:10.582+0000][1][safepoint    ] Safepoint "RevokeBias", Time since last: 35450900 ns, Reaching safepoint: 138500 ns, At safepoint: 52800 ns, Total: 191300 ns
[2020-05-02T05:55:10.585+0000][1][safepoint    ] Safepoint "BulkRevokeBias", Time since last: 2357000 ns, Reaching safepoint: 137100 ns, At safepoint: 586400 ns, Total: 723500 ns
[2020-05-02T05:55:10.631+0000][1][safepoint    ] Safepoint "BulkRevokeBias", Time since last: 45057000 ns, Reaching safepoint: 136800 ns, At safepoint: 516900 ns, Total: 653700 ns
[2020-05-02T05:55:10.639+0000][1][safepoint    ] Safepoint "RevokeBias", Time since last: 7969700 ns, Reaching safepoint: 131600 ns, At safepoint: 51100 ns, Total: 182700 ns
[2020-05-02T05:55:10.655+0000][1][safepoint    ] Safepoint "BulkRevokeBias", Time since last: 14890900 ns, Reaching safepoint: 139700 ns, At safepoint: 503500 ns, Total: 643200 ns
[2020-05-02T05:55:10.660+0000][1][safepoint    ] Safepoint "RevokeBias", Time since last: 5178500 ns, Reaching safepoint: 132900 ns, At safepoint: 52000 ns, Total: 184900 ns
[2020-05-02T05:55:10.686+0000][1][safepoint    ] Safepoint "RevokeBias", Time since last: 25646800 ns, Reaching safepoint: 220300 ns, At safepoint: 62400 ns, Total: 282700 ns
[2020-05-02T05:55:11.165+0000][1][safepoint    ] Safepoint "RevokeBias", Time since last: 478845900 ns, Reaching safepoint: 434300 ns, At safepoint: 289500 ns, Total: 723800 ns
[2020-05-02T05:55:11.358+0000][1][safepoint    ] Safepoint "RevokeBias", Time since last: 191940500 ns, Reaching safepoint: 154600 ns, At safepoint: 41800 ns, Total: 196400 ns
[2020-05-02T05:55:11.371+0000][1][safepoint    ] Safepoint "RevokeBias", Time since last: 12787000 ns, Reaching safepoint: 245300 ns, At safepoint: 59300 ns, Total: 304600 ns
[2020-05-02T05:55:11.371+0000][1][safepoint    ] Safepoint "RevokeBias", Time since last: 243700 ns, Reaching safepoint: 177000 ns, At safepoint: 53300 ns, Total: 230300 ns
[2020-05-02T05:55:11.372+0000][1][safepoint    ] Safepoint "RevokeBias", Time since last: 351900 ns, Reaching safepoint: 227400 ns, At safepoint: 64400 ns, Total: 291800 ns
[2020-05-02T05:55:11.399+0000][1][safepoint    ] Safepoint "RevokeBias", Time since last: 26891400 ns, Reaching safepoint: 127500 ns, At safepoint: 48300 ns, Total: 175800 ns
[2020-05-02T05:55:11.400+0000][1][safepoint    ] Safepoint "RevokeBias", Time since last: 413900 ns, Reaching safepoint: 226700 ns, At safepoint: 104400 ns, Total: 331100 ns
[2020-05-02T05:55:11.401+0000][1][safepoint    ] Safepoint "BulkRevokeBias", Time since last: 204900 ns, Reaching safepoint: 154300 ns, At safepoint: 1040000 ns, Total: 1194300 ns
[2020-05-02T05:55:11.401+0000][1][safepoint    ] Safepoint "RevokeBias", Time since last: 223800 ns, Reaching safepoint: 112500 ns, At safepoint: 54800 ns, Total: 167300 ns
[2020-05-02T05:55:11.402+0000][1][safepoint    ] Safepoint "RevokeBias", Time since last: 197300 ns, Reaching safepoint: 74100 ns, At safepoint: 51100 ns, Total: 125200 ns
[2020-05-02T05:55:11.402+0000][1][safepoint    ] Safepoint "RevokeBias", Time since last: 201100 ns, Reaching safepoint: 161500 ns, At safepoint: 90000 ns, Total: 251500 ns
[2020-05-02T05:55:11.403+0000][1][safepoint    ] Safepoint "RevokeBias", Time since last: 187700 ns, Reaching safepoint: 215800 ns, At safepoint: 96600 ns, Total: 312400 ns
[2020-05-02T05:55:11.403+0000][1][safepoint    ] Safepoint "RevokeBias", Time since last: 199500 ns, Reaching safepoint: 107300 ns, At safepoint: 98200 ns, Total: 205500 ns
[2020-05-02T05:55:11.404+0000][1][safepoint    ] Safepoint "BulkRevokeBias", Time since last: 128400 ns, Reaching safepoint: 86500 ns, At safepoint: 797200 ns, Total: 883700 ns
[2020-05-02T05:55:11.405+0000][1][safepoint    ] Safepoint "BulkRevokeBias", Time since last: 128700 ns, Reaching safepoint: 72000 ns, At safepoint: 516400 ns, Total: 588400 ns
[2020-05-02T05:55:11.406+0000][1][safepoint    ] Safepoint "BulkRevokeBias", Time since last: 129400 ns, Reaching safepoint: 86300 ns, At safepoint: 571900 ns, Total: 658200 ns
[2020-05-02T05:55:11.406+0000][1][safepoint    ] Safepoint "RevokeBias", Time since last: 322700 ns, Reaching safepoint: 85500 ns, At safepoint: 29100 ns, Total: 114600 ns
[2020-05-02T05:55:11.406+0000][1][safepoint    ] Safepoint "RevokeBias", Time since last: 160400 ns, Reaching safepoint: 79700 ns, At safepoint: 34100 ns, Total: 113800 ns
[2020-05-02T05:55:11.407+0000][1][safepoint    ] Safepoint "RevokeBias", Time since last: 144700 ns, Reaching safepoint: 77900 ns, At safepoint: 33800 ns, Total: 111700 ns
[2020-05-02T05:55:11.407+0000][1][safepoint    ] Safepoint "RevokeBias", Time since last: 120800 ns, Reaching safepoint: 82100 ns, At safepoint: 34500 ns, Total: 116600 ns
[2020-05-02T05:55:11.407+0000][1][safepoint    ] Safepoint "RevokeBias", Time since last: 156300 ns, Reaching safepoint: 78000 ns, At safepoint: 35500 ns, Total: 113500 ns
[2020-05-02T05:55:11.407+0000][1][safepoint    ] Safepoint "RevokeBias", Time since last: 138300 ns, Reaching safepoint: 70100 ns, At safepoint: 30300 ns, Total: 100400 ns
[2020-05-02T05:55:11.408+0000][1][safepoint    ] Safepoint "RevokeBias", Time since last: 150500 ns, Reaching safepoint: 69400 ns, At safepoint: 29200 ns, Total: 98600 ns
[2020-05-02T05:55:11.417+0000][1][safepoint    ] Safepoint "RevokeBias", Time since last: 9186800 ns, Reaching safepoint: 151000 ns, At safepoint: 67000 ns, Total: 218000 ns
[2020-05-02T05:55:11.417+0000][1][safepoint    ] Safepoint "RevokeBias", Time since last: 268100 ns, Reaching safepoint: 162500 ns, At safepoint: 64500 ns, Total: 227000 ns
[2020-05-02T05:55:11.454+0000][1][safepoint    ] Safepoint "RevokeBias", Time since last: 36668400 ns, Reaching safepoint: 139200 ns, At safepoint: 86000 ns, Total: 225200 ns
[2020-05-02T05:55:11.457+0000][1][safepoint    ] Safepoint "RevokeBias", Time since last: 2192700 ns, Reaching safepoint: 201500 ns, At safepoint: 79200 ns, Total: 280700 ns
[2020-05-02T05:55:11.492+0000][1][safepoint    ] Safepoint "RevokeBias", Time since last: 35231000 ns, Reaching safepoint: 140500 ns, At safepoint: 35500 ns, Total: 176000 ns
[2020-05-02T05:55:11.499+0000][1][safepoint    ] Safepoint "RevokeBias", Time since last: 6690800 ns, Reaching safepoint: 117200 ns, At safepoint: 34500 ns, Total: 151700 ns
[2020-05-02T05:55:11.515+0000][1][safepoint    ] Safepoint "RevokeBias", Time since last: 15809100 ns, Reaching safepoint: 118800 ns, At safepoint: 47300 ns, Total: 166100 ns
[2020-05-02T05:55:11.521+0000][1][safepoint    ] Safepoint "RevokeBias", Time since last: 5652300 ns, Reaching safepoint: 118000 ns, At safepoint: 46300 ns, Total: 164300 ns
[2020-05-02T05:55:12.458+0000][1][safepoint    ] Safepoint "RevokeBias", Time since last: 936581200 ns, Reaching safepoint: 518600 ns, At safepoint: 168700 ns, Total: 687300 ns
[2020-05-02T05:55:12.459+0000][1][safepoint    ] Safepoint "RevokeBias", Time since last: 592900 ns, Reaching safepoint: 407300 ns, At safepoint: 145000 ns, Total: 552300 ns
[2020-05-02T05:55:12.460+0000][1][safepoint    ] Safepoint "RevokeBias", Time since last: 612200 ns, Reaching safepoint: 342500 ns, At safepoint: 161800 ns, Total: 504300 ns
[2020-05-02T05:55:13.461+0000][1][safepoint    ] Safepoint "Cleanup", Time since last: 1000628000 ns, Reaching safepoint: 130000 ns, At safepoint: 43100 ns, Total: 173100 ns
[2020-05-02T05:55:13.683+0000][1][safepoint    ] Safepoint "RevokeBias", Time since last: 221552800 ns, Reaching safepoint: 126100 ns, At safepoint: 39100 ns, Total: 165200 ns
[2020-05-02T05:55:14.684+0000][1][safepoint    ] Safepoint "Cleanup", Time since last: 1000708200 ns, Reaching safepoint: 414600 ns, At safepoint: 130300 ns, Total: 544900 ns
[2020-05-02T05:55:15.685+0000][1][safepoint    ] Safepoint "Cleanup", Time since last: 1000690400 ns, Reaching safepoint: 135400 ns, At safepoint: 32200 ns, Total: 167600 ns
[2020-05-02T05:55:16.686+0000][1][safepoint    ] Safepoint "Cleanup", Time since last: 1000360200 ns, Reaching safepoint: 127000 ns, At safepoint: 31100 ns, Total: 158100 ns
[2020-05-02T05:55:17.687+0000][1][safepoint    ] Safepoint "Cleanup", Time since last: 1000624700 ns, Reaching safepoint: 337700 ns, At safepoint: 102800 ns, Total: 440500 ns
[2020-05-02T05:55:17.714+0000][1][safepoint    ] Safepoint "RevokeBias", Time since last: 27049900 ns, Reaching safepoint: 250300 ns, At safepoint: 56400 ns, Total: 306700 ns
[2020-05-02T05:55:17.756+0000][1][safepoint    ] Safepoint "BulkRevokeBias", Time since last: 41453700 ns, Reaching safepoint: 156900 ns, At safepoint: 554900 ns, Total: 711800 ns
[2020-05-02T05:55:17.757+0000][1][safepoint    ] Safepoint "RevokeBias", Time since last: 262400 ns, Reaching safepoint: 100400 ns, At safepoint: 32800 ns, Total: 133200 ns
[2020-05-02T05:55:17.757+0000][1][safepoint    ] Safepoint "RevokeBias", Time since last: 136900 ns, Reaching safepoint: 72700 ns, At safepoint: 29100 ns, Total: 101800 ns
[2020-05-02T05:55:17.757+0000][1][safepoint    ] Safepoint "RevokeBias", Time since last: 117100 ns, Reaching safepoint: 97200 ns, At safepoint: 31900 ns, Total: 129100 ns
[2020-05-02T05:55:17.757+0000][1][safepoint    ] Safepoint "RevokeBias", Time since last: 99100 ns, Reaching safepoint: 77300 ns, At safepoint: 31000 ns, Total: 108300 ns
[2020-05-02T05:55:17.757+0000][1][safepoint    ] Safepoint "RevokeBias", Time since last: 112700 ns, Reaching safepoint: 82800 ns, At safepoint: 29600 ns, Total: 112400 ns
[2020-05-02T05:55:17.758+0000][1][safepoint    ] Safepoint "RevokeBias", Time since last: 96900 ns, Reaching safepoint: 103000 ns, At safepoint: 30800 ns, Total: 133800 ns
[2020-05-02T05:55:17.758+0000][1][safepoint    ] Safepoint "RevokeBias", Time since last: 109700 ns, Reaching safepoint: 70800 ns, At safepoint: 29900 ns, Total: 100700 ns
[2020-05-02T05:55:17.758+0000][1][safepoint    ] Safepoint "RevokeBias", Time since last: 112200 ns, Reaching safepoint: 140500 ns, At safepoint: 37500 ns, Total: 178000 ns
[2020-05-02T05:55:17.759+0000][1][safepoint    ] Safepoint "RevokeBias", Time since last: 241600 ns, Reaching safepoint: 119000 ns, At safepoint: 35000 ns, Total: 154000 ns
[2020-05-02T05:55:17.759+0000][1][safepoint    ] Safepoint "RevokeBias", Time since last: 134000 ns, Reaching safepoint: 111100 ns, At safepoint: 39200 ns, Total: 150300 ns
[2020-05-02T05:55:17.759+0000][1][safepoint    ] Safepoint "RevokeBias", Time since last: 162300 ns, Reaching safepoint: 197800 ns, At safepoint: 72900 ns, Total: 270700 ns
[2020-05-02T05:55:17.761+0000][1][safepoint    ] Safepoint "BulkRevokeBias", Time since last: 235300 ns, Reaching safepoint: 186100 ns, At safepoint: 1454000 ns, Total: 1640100 ns
[2020-05-02T05:55:17.762+0000][1][safepoint    ] Safepoint "BulkRevokeBias", Time since last: 211300 ns, Reaching safepoint: 90000 ns, At safepoint: 640500 ns, Total: 730500 ns
[2020-05-02T05:55:17.762+0000][1][safepoint    ] Safepoint "RevokeBias", Time since last: 161900 ns, Reaching safepoint: 142700 ns, At safepoint: 42500 ns, Total: 185200 ns
[2020-05-02T05:55:17.771+0000][1][safepoint    ] Safepoint "RevokeBias", Time since last: 8140400 ns, Reaching safepoint: 125400 ns, At safepoint: 50800 ns, Total: 176200 ns
[2020-05-02T05:55:17.771+0000][1][safepoint    ] Safepoint "RevokeBias", Time since last: 165800 ns, Reaching safepoint: 100700 ns, At safepoint: 66500 ns, Total: 167200 ns
[2020-05-02T05:55:17.806+0000][1][safepoint    ] Safepoint "RevokeBias", Time since last: 34391600 ns, Reaching safepoint: 128500 ns, At safepoint: 58700 ns, Total: 187200 ns
[2020-05-02T05:55:17.809+0000][1][safepoint    ] Safepoint "RevokeBias", Time since last: 3174400 ns, Reaching safepoint: 186400 ns, At safepoint: 112200 ns, Total: 298600 ns
[2020-05-02T05:55:17.851+0000][1][safepoint    ] Safepoint "RevokeBias", Time since last: 42091700 ns, Reaching safepoint: 133300 ns, At safepoint: 37000 ns, Total: 170300 ns
[2020-05-02T05:55:17.852+0000][1][gc,start     ] GC(47) Pause Young (Allocation Failure)
[2020-05-02T05:55:17.852+0000][1][gc,task      ] GC(47) Using 10 workers of 10 for evacuation
[2020-05-02T05:55:17.854+0000][1][gc,age       ] GC(47) Desired survivor size 8945664 bytes, new threshold 6 (max threshold 6)
[2020-05-02T05:55:17.854+0000][1][gc,age       ] GC(47) Age table with threshold 6 (max threshold 6)
[2020-05-02T05:55:17.854+0000][1][gc,age       ] GC(47) - age   1:     319568 bytes,     319568 total
[2020-05-02T05:55:17.854+0000][1][gc,age       ] GC(47) - age   2:      33528 bytes,     353096 total
[2020-05-02T05:55:17.854+0000][1][gc,age       ] GC(47) - age   3:       9456 bytes,     362552 total
[2020-05-02T05:55:17.854+0000][1][gc,age       ] GC(47) - age   4:      47080 bytes,     409632 total
[2020-05-02T05:55:17.854+0000][1][gc,age       ] GC(47) - age   5:       9520 bytes,     419152 total
[2020-05-02T05:55:17.854+0000][1][gc,age       ] GC(47) - age   6:      70336 bytes,     489488 total
[2020-05-02T05:55:17.854+0000][1][gc,heap      ] GC(47) ParNew: 140645K->671K(157248K)
[2020-05-02T05:55:17.854+0000][1][gc,heap      ] GC(47) CMS: 81919K->81958K(349568K)
[2020-05-02T05:55:17.854+0000][1][gc,metaspace ] GC(47) Metaspace: 97383K->97383K(1138688K)
[2020-05-02T05:55:17.854+0000][1][gc           ] GC(47) Pause Young (Allocation Failure) 217M->80M(494M) 2.330ms
[2020-05-02T05:55:17.854+0000][1][gc,cpu       ] GC(47) User=0.01s Sys=0.01s Real=0.00s
[2020-05-02T05:55:17.854+0000][1][safepoint    ] Safepoint "GenCollectForAllocation", Time since last: 218900 ns, Reaching safepoint: 93600 ns, At safepoint: 2497900 ns, Total: 2591500 ns
[2020-05-02T05:55:17.862+0000][1][safepoint    ] Safepoint "RevokeBias", Time since last: 7512100 ns, Reaching safepoint: 128900 ns, At safepoint: 37600 ns, Total: 166500 ns
[2020-05-02T05:55:17.877+0000][1][safepoint    ] Safepoint "RevokeBias", Time since last: 14638200 ns, Reaching safepoint: 127100 ns, At safepoint: 50800 ns, Total: 177900 ns
[2020-05-02T05:55:17.881+0000][1][safepoint    ] Safepoint "RevokeBias", Time since last: 4196000 ns, Reaching safepoint: 125700 ns, At safepoint: 47400 ns, Total: 173100 ns
[2020-05-02T05:55:18.687+0000][1][safepoint    ] Safepoint "RevokeBias", Time since last: 805500400 ns, Reaching safepoint: 222800 ns, At safepoint: 107900 ns, Total: 330700 ns
[2020-05-02T05:55:18.810+0000][1][safepoint    ] Safepoint "BulkRevokeBias", Time since last: 122061400 ns, Reaching safepoint: 133300 ns, At safepoint: 534900 ns, Total: 668200 ns
[2020-05-02T05:55:18.810+0000][1][safepoint    ] Safepoint "RevokeBias", Time since last: 238900 ns, Reaching safepoint: 119100 ns, At safepoint: 33900 ns, Total: 153000 ns
[2020-05-02T05:55:18.810+0000][1][safepoint    ] Safepoint "RevokeBias", Time since last: 183000 ns, Reaching safepoint: 71500 ns, At safepoint: 34800 ns, Total: 106300 ns
[2020-05-02T05:55:19.811+0000][1][safepoint    ] Safepoint "Cleanup", Time since last: 1000249100 ns, Reaching safepoint: 357800 ns, At safepoint: 161400 ns, Total: 519200 ns
[2020-05-02T05:55:19.812+0000][1][safepoint    ] Safepoint "RevokeBias", Time since last: 499300 ns, Reaching safepoint: 273700 ns, At safepoint: 133900 ns, Total: 407600 ns
[2020-05-02T05:55:20.813+0000][1][safepoint    ] Safepoint "Cleanup", Time since last: 1000645900 ns, Reaching safepoint: 411200 ns, At safepoint: 166200 ns, Total: 577400 ns
[2020-05-02T05:55:21.815+0000][1][safepoint    ] Safepoint "Cleanup", Time since last: 1000416800 ns, Reaching safepoint: 735900 ns, At safepoint: 269800 ns, Total: 1005700 ns
[2020-05-02T05:55:22.816+0000][1][safepoint    ] Safepoint "Cleanup", Time since last: 1000700700 ns, Reaching safepoint: 414100 ns, At safepoint: 204900 ns, Total: 619000 ns
[2020-05-02T05:55:23.600+0000][1][safepoint    ] Safepoint "RevokeBias", Time since last: 783680800 ns, Reaching safepoint: 305000 ns, At safepoint: 78900 ns, Total: 383900 ns
[2020-05-02T05:55:23.612+0000][1][safepoint    ] Safepoint "RevokeBias", Time since last: 11798200 ns, Reaching safepoint: 209300 ns, At safepoint: 155000 ns, Total: 364300 ns
[2020-05-02T05:55:23.613+0000][1][safepoint    ] Safepoint "RevokeBias", Time since last: 234100 ns, Reaching safepoint: 296500 ns, At safepoint: 59500 ns, Total: 356000 ns
[2020-05-02T05:55:23.613+0000][1][safepoint    ] Safepoint "RevokeBias", Time since last: 347000 ns, Reaching safepoint: 162400 ns, At safepoint: 73100 ns, Total: 235500 ns
[2020-05-02T05:55:23.643+0000][1][safepoint    ] Safepoint "RevokeBias", Time since last: 29508600 ns, Reaching safepoint: 229100 ns, At safepoint: 42100 ns, Total: 271200 ns
[2020-05-02T05:55:23.644+0000][1][safepoint    ] Safepoint "RevokeBias", Time since last: 372900 ns, Reaching safepoint: 298000 ns, At safepoint: 46300 ns, Total: 344300 ns
[2020-05-02T05:55:23.644+0000][1][safepoint    ] Safepoint "RevokeBias", Time since last: 194500 ns, Reaching safepoint: 319700 ns, At safepoint: 84900 ns, Total: 404600 ns
[2020-05-02T05:55:23.645+0000][1][safepoint    ] Safepoint "RevokeBias", Time since last: 151700 ns, Reaching safepoint: 157600 ns, At safepoint: 77600 ns, Total: 235200 ns
[2020-05-02T05:55:23.645+0000][1][safepoint    ] Safepoint "RevokeBias", Time since last: 178800 ns, Reaching safepoint: 114600 ns, At safepoint: 36700 ns, Total: 151300 ns
[2020-05-02T05:55:23.645+0000][1][safepoint    ] Safepoint "RevokeBias", Time since last: 94100 ns, Reaching safepoint: 103600 ns, At safepoint: 32300 ns, Total: 135900 ns
[2020-05-02T05:55:23.646+0000][1][safepoint    ] Safepoint "RevokeBias", Time since last: 162300 ns, Reaching safepoint: 72200 ns, At safepoint: 34100 ns, Total: 106300 ns
[2020-05-02T05:55:23.646+0000][1][safepoint    ] Safepoint "RevokeBias", Time since last: 131100 ns, Reaching safepoint: 74300 ns, At safepoint: 33800 ns, Total: 108100 ns
[2020-05-02T05:55:23.646+0000][1][safepoint    ] Safepoint "RevokeBias", Time since last: 131600 ns, Reaching safepoint: 98500 ns, At safepoint: 46100 ns, Total: 144600 ns
[2020-05-02T05:55:23.647+0000][1][safepoint    ] Safepoint "RevokeBias", Time since last: 311100 ns, Reaching safepoint: 151000 ns, At safepoint: 49300 ns, Total: 200300 ns
[2020-05-02T05:55:23.648+0000][1][safepoint    ] Safepoint "BulkRevokeBias", Time since last: 133300 ns, Reaching safepoint: 150500 ns, At safepoint: 755200 ns, Total: 905700 ns
[2020-05-02T05:55:23.648+0000][1][safepoint    ] Safepoint "RevokeBias", Time since last: 163100 ns, Reaching safepoint: 89100 ns, At safepoint: 37500 ns, Total: 126600 ns
[2020-05-02T05:55:23.648+0000][1][safepoint    ] Safepoint "RevokeBias", Time since last: 172000 ns, Reaching safepoint: 91200 ns, At safepoint: 39600 ns, Total: 130800 ns
[2020-05-02T05:55:23.649+0000][1][safepoint    ] Safepoint "RevokeBias", Time since last: 180600 ns, Reaching safepoint: 111400 ns, At safepoint: 33100 ns, Total: 144500 ns
[2020-05-02T05:55:23.649+0000][1][safepoint    ] Safepoint "RevokeBias", Time since last: 159200 ns, Reaching safepoint: 172700 ns, At safepoint: 33800 ns, Total: 206500 ns
[2020-05-02T05:55:23.659+0000][1][safepoint    ] Safepoint "RevokeBias", Time since last: 10007800 ns, Reaching safepoint: 258700 ns, At safepoint: 90700 ns, Total: 349400 ns
[2020-05-02T05:55:23.660+0000][1][safepoint    ] Safepoint "RevokeBias", Time since last: 294100 ns, Reaching safepoint: 201400 ns, At safepoint: 105700 ns, Total: 307100 ns
[2020-05-02T05:55:23.693+0000][1][safepoint    ] Safepoint "BulkRevokeBias", Time since last: 32698300 ns, Reaching safepoint: 117900 ns, At safepoint: 481400 ns, Total: 599300 ns
[2020-05-02T05:55:23.696+0000][1][safepoint    ] Safepoint "RevokeBias", Time since last: 2272100 ns, Reaching safepoint: 204500 ns, At safepoint: 70700 ns, Total: 275200 ns
[2020-05-02T05:55:23.734+0000][1][safepoint    ] Safepoint "RevokeBias", Time since last: 38178400 ns, Reaching safepoint: 121800 ns, At safepoint: 34000 ns, Total: 155800 ns
[2020-05-02T05:55:23.741+0000][1][safepoint    ] Safepoint "RevokeBias", Time since last: 7141000 ns, Reaching safepoint: 111000 ns, At safepoint: 36400 ns, Total: 147400 ns
[2020-05-02T05:55:23.742+0000][1][safepoint    ] Safepoint "RevokeBias", Time since last: 332300 ns, Reaching safepoint: 109400 ns, At safepoint: 34800 ns, Total: 144200 ns
[2020-05-02T05:55:23.756+0000][1][safepoint    ] Safepoint "RevokeBias", Time since last: 14217500 ns, Reaching safepoint: 121400 ns, At safepoint: 63700 ns, Total: 185100 ns
[2020-05-02T05:55:23.762+0000][1][safepoint    ] Safepoint "BulkRevokeBias", Time since last: 5203000 ns, Reaching safepoint: 131400 ns, At safepoint: 520100 ns, Total: 651500 ns
[2020-05-02T05:55:24.697+0000][1][safepoint    ] Safepoint "RevokeBias", Time since last: 934314600 ns, Reaching safepoint: 425400 ns, At safepoint: 177800 ns, Total: 603200 ns
[2020-05-02T05:55:24.698+0000][1][safepoint    ] Safepoint "RevokeBias", Time since last: 633500 ns, Reaching safepoint: 371800 ns, At safepoint: 171400 ns, Total: 543200 ns
[2020-05-02T05:55:24.699+0000][1][safepoint    ] Safepoint "RevokeBias", Time since last: 543300 ns, Reaching safepoint: 341700 ns, At safepoint: 180900 ns, Total: 522600 ns
[2020-05-02T05:55:25.700+0000][1][safepoint    ] Safepoint "Cleanup", Time since last: 1000323600 ns, Reaching safepoint: 144500 ns, At safepoint: 41600 ns, Total: 186100 ns
[2020-05-02T05:55:26.700+0000][1][safepoint    ] Safepoint "Cleanup", Time since last: 1000180900 ns, Reaching safepoint: 128300 ns, At safepoint: 42100 ns, Total: 170400 ns
[2020-05-02T05:55:27.702+0000][1][safepoint    ] Safepoint "Cleanup", Time since last: 1000624500 ns, Reaching safepoint: 509300 ns, At safepoint: 203300 ns, Total: 712600 ns
[2020-05-02T05:55:28.692+0000][1][safepoint    ] Safepoint "RevokeBias", Time since last: 990406600 ns, Reaching safepoint: 141100 ns, At safepoint: 44100 ns, Total: 185200 ns
[2020-05-02T05:55:29.693+0000][1][safepoint    ] Safepoint "Cleanup", Time since last: 1000461400 ns, Reaching safepoint: 216500 ns, At safepoint: 59400 ns, Total: 275900 ns
[2020-05-02T05:55:30.694+0000][1][safepoint    ] Safepoint "Cleanup", Time since last: 1000735000 ns, Reaching safepoint: 421100 ns, At safepoint: 131600 ns, Total: 552700 ns
[2020-05-02T05:55:31.695+0000][1][safepoint    ] Safepoint "Cleanup", Time since last: 1000842300 ns, Reaching safepoint: 272100 ns, At safepoint: 103900 ns, Total: 376000 ns
[2020-05-02T05:55:32.697+0000][1][safepoint    ] Safepoint "Cleanup", Time since last: 1000709900 ns, Reaching safepoint: 698300 ns, At safepoint: 213000 ns, Total: 911300 ns
[2020-05-02T05:55:33.697+0000][1][safepoint    ] Safepoint "Cleanup", Time since last: 1000299700 ns, Reaching safepoint: 127000 ns, At safepoint: 48400 ns, Total: 175400 ns
[2020-05-02T05:55:34.698+0000][1][safepoint    ] Safepoint "Cleanup", Time since last: 1000557200 ns, Reaching safepoint: 132200 ns, At safepoint: 46500 ns, Total: 178700 ns
[2020-05-02T05:55:35.699+0000][1][safepoint    ] Safepoint "Cleanup", Time since last: 1000614600 ns, Reaching safepoint: 423100 ns, At safepoint: 202500 ns, Total: 625600 ns
[2020-05-02T05:55:36.700+0000][1][safepoint    ] Safepoint "Cleanup", Time since last: 1000676400 ns, Reaching safepoint: 187900 ns, At safepoint: 76900 ns, Total: 264800 ns
[2020-05-02T05:55:37.701+0000][1][safepoint    ] Safepoint "Cleanup", Time since last: 1000498000 ns, Reaching safepoint: 149300 ns, At safepoint: 57800 ns, Total: 207100 ns
[2020-05-02T05:55:38.702+0000][1][safepoint    ] Safepoint "Cleanup", Time since last: 1000329300 ns, Reaching safepoint: 671800 ns, At safepoint: 197000 ns, Total: 868800 ns
[2020-05-02T05:55:39.704+0000][1][safepoint    ] Safepoint "Cleanup", Time since last: 1000777000 ns, Reaching safepoint: 461400 ns, At safepoint: 211900 ns, Total: 673300 ns
[2020-05-02T05:55:40.704+0000][1][safepoint    ] Safepoint "Cleanup", Time since last: 1000372000 ns, Reaching safepoint: 130900 ns, At safepoint: 29500 ns, Total: 160400 ns
[2020-05-02T05:55:41.171+0000][1][safepoint    ] Safepoint "RevokeBias", Time since last: 466119000 ns, Reaching safepoint: 532500 ns, At safepoint: 281100 ns, Total: 813600 ns
[2020-05-02T05:55:42.172+0000][1][safepoint    ] Safepoint "Cleanup", Time since last: 1000513300 ns, Reaching safepoint: 175600 ns, At safepoint: 41600 ns, Total: 217200 ns
[2020-05-02T05:55:43.173+0000][1][safepoint    ] Safepoint "Cleanup", Time since last: 1000319000 ns, Reaching safepoint: 444900 ns, At safepoint: 131900 ns, Total: 576800 ns
[2020-05-02T05:55:44.174+0000][1][safepoint    ] Safepoint "Cleanup", Time since last: 1000754900 ns, Reaching safepoint: 446700 ns, At safepoint: 136400 ns, Total: 583100 ns
[2020-05-02T05:55:45.176+0000][1][safepoint    ] Safepoint "Cleanup", Time since last: 1000991400 ns, Reaching safepoint: 445400 ns, At safepoint: 137300 ns, Total: 582700 ns
[2020-05-02T05:55:46.177+0000][1][safepoint    ] Safepoint "Cleanup", Time since last: 1000718400 ns, Reaching safepoint: 217200 ns, At safepoint: 58600 ns, Total: 275800 ns
[2020-05-02T05:55:47.178+0000][1][safepoint    ] Safepoint "Cleanup", Time since last: 1000582800 ns, Reaching safepoint: 191600 ns, At safepoint: 43900 ns, Total: 235500 ns
[2020-05-02T05:55:48.179+0000][1][safepoint    ] Safepoint "Cleanup", Time since last: 1000701200 ns, Reaching safepoint: 417700 ns, At safepoint: 131100 ns, Total: 548800 ns
[2020-05-02T05:55:49.180+0000][1][safepoint    ] Safepoint "Cleanup", Time since last: 1000752600 ns, Reaching safepoint: 419300 ns, At safepoint: 132200 ns, Total: 551500 ns
[2020-05-02T05:55:49.688+0000][1][safepoint    ] Safepoint "RevokeBias", Time since last: 507209500 ns, Reaching safepoint: 206600 ns, At safepoint: 88600 ns, Total: 295200 ns
[2020-05-02T05:55:49.699+0000][1][safepoint    ] Safepoint "RevokeBias", Time since last: 10897000 ns, Reaching safepoint: 197600 ns, At safepoint: 77900 ns, Total: 275500 ns
[2020-05-02T05:55:49.700+0000][1][safepoint    ] Safepoint "RevokeBias", Time since last: 943600 ns, Reaching safepoint: 218200 ns, At safepoint: 119400 ns, Total: 337600 ns
[2020-05-02T05:55:49.701+0000][1][safepoint    ] Safepoint "RevokeBias", Time since last: 180700 ns, Reaching safepoint: 176900 ns, At safepoint: 109100 ns, Total: 286000 ns
[2020-05-02T05:55:49.701+0000][1][safepoint    ] Safepoint "RevokeBias", Time since last: 359700 ns, Reaching safepoint: 110600 ns, At safepoint: 107600 ns, Total: 218200 ns
[2020-05-02T05:55:49.728+0000][1][safepoint    ] Safepoint "RevokeBias", Time since last: 26836300 ns, Reaching safepoint: 142100 ns, At safepoint: 48000 ns, Total: 190100 ns
[2020-05-02T05:55:49.729+0000][1][safepoint    ] Safepoint "RevokeBias", Time since last: 357500 ns, Reaching safepoint: 219000 ns, At safepoint: 70600 ns, Total: 289600 ns
[2020-05-02T05:55:49.729+0000][1][safepoint    ] Safepoint "RevokeBias", Time since last: 247200 ns, Reaching safepoint: 140800 ns, At safepoint: 79400 ns, Total: 220200 ns
[2020-05-02T05:55:49.730+0000][1][safepoint    ] Safepoint "RevokeBias", Time since last: 151000 ns, Reaching safepoint: 106500 ns, At safepoint: 69200 ns, Total: 175700 ns
[2020-05-02T05:55:49.730+0000][1][safepoint    ] Safepoint "RevokeBias", Time since last: 206100 ns, Reaching safepoint: 169600 ns, At safepoint: 66900 ns, Total: 236500 ns
[2020-05-02T05:55:49.730+0000][1][safepoint    ] Safepoint "RevokeBias", Time since last: 133000 ns, Reaching safepoint: 127500 ns, At safepoint: 44300 ns, Total: 171800 ns
[2020-05-02T05:55:49.731+0000][1][safepoint    ] Safepoint "RevokeBias", Time since last: 150300 ns, Reaching safepoint: 66600 ns, At safepoint: 28100 ns, Total: 94700 ns
[2020-05-02T05:55:49.731+0000][1][safepoint    ] Safepoint "RevokeBias", Time since last: 179700 ns, Reaching safepoint: 120400 ns, At safepoint: 41300 ns, Total: 161700 ns
[2020-05-02T05:55:49.731+0000][1][safepoint    ] Safepoint "RevokeBias", Time since last: 147400 ns, Reaching safepoint: 66300 ns, At safepoint: 27600 ns, Total: 93900 ns
[2020-05-02T05:55:49.732+0000][1][safepoint    ] Safepoint "RevokeBias", Time since last: 255600 ns, Reaching safepoint: 80600 ns, At safepoint: 48600 ns, Total: 129200 ns
[2020-05-02T05:55:49.732+0000][1][safepoint    ] Safepoint "RevokeBias", Time since last: 139900 ns, Reaching safepoint: 94600 ns, At safepoint: 56000 ns, Total: 150600 ns
[2020-05-02T05:55:49.732+0000][1][safepoint    ] Safepoint "RevokeBias", Time since last: 127000 ns, Reaching safepoint: 168900 ns, At safepoint: 30700 ns, Total: 199600 ns
[2020-05-02T05:55:49.732+0000][1][safepoint    ] Safepoint "RevokeBias", Time since last: 179900 ns, Reaching safepoint: 103000 ns, At safepoint: 32100 ns, Total: 135100 ns
[2020-05-02T05:55:49.733+0000][1][safepoint    ] Safepoint "RevokeBias", Time since last: 113600 ns, Reaching safepoint: 120000 ns, At safepoint: 29400 ns, Total: 149400 ns
[2020-05-02T05:55:49.733+0000][1][safepoint    ] Safepoint "BulkRevokeBias", Time since last: 128600 ns, Reaching safepoint: 116700 ns, At safepoint: 480800 ns, Total: 597500 ns
[2020-05-02T05:55:49.742+0000][1][safepoint    ] Safepoint "RevokeBias", Time since last: 8262100 ns, Reaching safepoint: 184600 ns, At safepoint: 62800 ns, Total: 247400 ns
[2020-05-02T05:55:49.743+0000][1][safepoint    ] Safepoint "RevokeBias", Time since last: 380300 ns, Reaching safepoint: 264600 ns, At safepoint: 38900 ns, Total: 303500 ns
[2020-05-02T05:55:49.779+0000][1][safepoint    ] Safepoint "RevokeBias", Time since last: 35800200 ns, Reaching safepoint: 124400 ns, At safepoint: 53700 ns, Total: 178100 ns
[2020-05-02T05:55:49.781+0000][1][safepoint    ] Safepoint "RevokeBias", Time since last: 2135300 ns, Reaching safepoint: 233200 ns, At safepoint: 93800 ns, Total: 327000 ns
[2020-05-02T05:55:49.823+0000][1][safepoint    ] Safepoint "RevokeBias", Time since last: 41349000 ns, Reaching safepoint: 120300 ns, At safepoint: 33200 ns, Total: 153500 ns
[2020-05-02T05:55:49.830+0000][1][safepoint    ] Safepoint "RevokeBias", Time since last: 7150800 ns, Reaching safepoint: 104500 ns, At safepoint: 35200 ns, Total: 139700 ns
[2020-05-02T05:55:49.845+0000][1][safepoint    ] Safepoint "RevokeBias", Time since last: 14792000 ns, Reaching safepoint: 121200 ns, At safepoint: 37500 ns, Total: 158700 ns
[2020-05-02T05:55:49.850+0000][1][safepoint    ] Safepoint "RevokeBias", Time since last: 4571200 ns, Reaching safepoint: 123200 ns, At safepoint: 35700 ns, Total: 158900 ns
[2020-05-02T05:55:50.782+0000][1][safepoint    ] Safepoint "RevokeBias", Time since last: 931746400 ns, Reaching safepoint: 142500 ns, At safepoint: 45000 ns, Total: 187500 ns
[2020-05-02T05:55:50.782+0000][1][safepoint    ] Safepoint "RevokeBias", Time since last: 165500 ns, Reaching safepoint: 104700 ns, At safepoint: 42400 ns, Total: 147100 ns
[2020-05-02T05:55:50.782+0000][1][safepoint    ] Safepoint "RevokeBias", Time since last: 160400 ns, Reaching safepoint: 84000 ns, At safepoint: 39100 ns, Total: 123100 ns
[2020-05-02T05:55:51.783+0000][1][safepoint    ] Safepoint "Cleanup", Time since last: 1000331100 ns, Reaching safepoint: 510700 ns, At safepoint: 198500 ns, Total: 709200 ns
[2020-05-02T05:55:52.784+0000][1][safepoint    ] Safepoint "Cleanup", Time since last: 1000413200 ns, Reaching safepoint: 493600 ns, At safepoint: 199900 ns, Total: 693500 ns
[2020-05-02T05:55:53.722+0000][1][safepoint    ] Safepoint "RevokeBias", Time since last: 937185300 ns, Reaching safepoint: 436500 ns, At safepoint: 174000 ns, Total: 610500 ns
[2020-05-02T05:55:54.723+0000][1][safepoint    ] Safepoint "Cleanup", Time since last: 1000563500 ns, Reaching safepoint: 439700 ns, At safepoint: 221600 ns, Total: 661300 ns
[2020-05-02T05:55:55.724+0000][1][safepoint    ] Safepoint "Cleanup", Time since last: 1000471400 ns, Reaching safepoint: 126400 ns, At safepoint: 53000 ns, Total: 179400 ns
[2020-05-02T05:55:56.725+0000][1][safepoint    ] Safepoint "Cleanup", Time since last: 1000342500 ns, Reaching safepoint: 452600 ns, At safepoint: 227900 ns, Total: 680500 ns
[2020-05-02T05:55:57.726+0000][1][safepoint    ] Safepoint "Cleanup", Time since last: 1000325400 ns, Reaching safepoint: 204700 ns, At safepoint: 86900 ns, Total: 291600 ns
[2020-05-02T05:55:58.727+0000][1][safepoint    ] Safepoint "Cleanup", Time since last: 1000340500 ns, Reaching safepoint: 499400 ns, At safepoint: 201900 ns, Total: 701300 ns
[2020-05-02T05:55:59.727+0000][1][safepoint    ] Safepoint "Cleanup", Time since last: 1000271000 ns, Reaching safepoint: 125500 ns, At safepoint: 29200 ns, Total: 154700 ns
[2020-05-02T05:56:00.728+0000][1][safepoint    ] Safepoint "Cleanup", Time since last: 1000490500 ns, Reaching safepoint: 157900 ns, At safepoint: 41500 ns, Total: 199400 ns
[2020-05-02T05:56:01.728+0000][1][safepoint    ] Safepoint "Cleanup", Time since last: 1000303900 ns, Reaching safepoint: 134100 ns, At safepoint: 29900 ns, Total: 164000 ns
[2020-05-02T05:56:02.729+0000][1][safepoint    ] Safepoint "Cleanup", Time since last: 1000351600 ns, Reaching safepoint: 372300 ns, At safepoint: 93100 ns, Total: 465400 ns
[2020-05-02T05:56:03.731+0000][1][safepoint    ] Safepoint "Cleanup", Time since last: 1000730200 ns, Reaching safepoint: 763700 ns, At safepoint: 213200 ns, Total: 976900 ns
[2020-05-02T05:56:04.732+0000][1][safepoint    ] Safepoint "Cleanup", Time since last: 1000443100 ns, Reaching safepoint: 513700 ns, At safepoint: 127100 ns, Total: 640800 ns
[2020-05-02T05:56:05.733+0000][1][safepoint    ] Safepoint "Cleanup", Time since last: 1000825400 ns, Reaching safepoint: 413900 ns, At safepoint: 131900 ns, Total: 545800 ns
[2020-05-02T05:56:06.734+0000][1][safepoint    ] Safepoint "Cleanup", Time since last: 1000787200 ns, Reaching safepoint: 133400 ns, At safepoint: 29200 ns, Total: 162600 ns
[2020-05-02T05:56:07.735+0000][1][safepoint    ] Safepoint "Cleanup", Time since last: 1000455800 ns, Reaching safepoint: 172100 ns, At safepoint: 45500 ns, Total: 217600 ns
[2020-05-02T05:56:09.719+0000][1][safepoint    ] Safepoint "Cleanup", Time since last: 1983936200 ns, Reaching safepoint: 299000 ns, At safepoint: 92900 ns, Total: 391900 ns
[2020-05-02T05:56:10.720+0000][1][safepoint    ] Safepoint "Cleanup", Time since last: 1000412600 ns, Reaching safepoint: 255500 ns, At safepoint: 76200 ns, Total: 331700 ns
[2020-05-02T05:56:11.174+0000][1][safepoint    ] Safepoint "RevokeBias", Time since last: 453984200 ns, Reaching safepoint: 122300 ns, At safepoint: 84400 ns, Total: 206700 ns
[2020-05-02T05:56:12.175+0000][1][safepoint    ] Safepoint "Cleanup", Time since last: 1000575000 ns, Reaching safepoint: 448100 ns, At safepoint: 141800 ns, Total: 589900 ns
[2020-05-02T05:56:13.176+0000][1][safepoint    ] Safepoint "Cleanup", Time since last: 1000523000 ns, Reaching safepoint: 441200 ns, At safepoint: 136800 ns, Total: 578000 ns
[2020-05-02T05:56:13.576+0000][1][safepoint    ] Safepoint "RevokeBias", Time since last: 399848300 ns, Reaching safepoint: 250900 ns, At safepoint: 60000 ns, Total: 310900 ns
[2020-05-02T05:56:13.616+0000][1][safepoint    ] Safepoint "RevokeBias", Time since last: 39161800 ns, Reaching safepoint: 120800 ns, At safepoint: 36700 ns, Total: 157500 ns
[2020-05-02T05:56:13.616+0000][1][safepoint    ] Safepoint "RevokeBias", Time since last: 367600 ns, Reaching safepoint: 190200 ns, At safepoint: 68100 ns, Total: 258300 ns
[2020-05-02T05:56:13.617+0000][1][safepoint    ] Safepoint "RevokeBias", Time since last: 190700 ns, Reaching safepoint: 147900 ns, At safepoint: 67700 ns, Total: 215600 ns
[2020-05-02T05:56:13.617+0000][1][safepoint    ] Safepoint "RevokeBias", Time since last: 159600 ns, Reaching safepoint: 125300 ns, At safepoint: 61500 ns, Total: 186800 ns
[2020-05-02T05:56:13.618+0000][1][safepoint    ] Safepoint "BulkRevokeBias", Time since last: 224300 ns, Reaching safepoint: 118500 ns, At safepoint: 837700 ns, Total: 956200 ns
[2020-05-02T05:56:13.620+0000][1][safepoint    ] Safepoint "BulkRevokeBias", Time since last: 198500 ns, Reaching safepoint: 157500 ns, At safepoint: 1000000 ns, Total: 1157500 ns
[2020-05-02T05:56:13.620+0000][1][safepoint    ] Safepoint "RevokeBias", Time since last: 240100 ns, Reaching safepoint: 132800 ns, At safepoint: 47000 ns, Total: 179800 ns
[2020-05-02T05:56:13.620+0000][1][safepoint    ] Safepoint "RevokeBias", Time since last: 154500 ns, Reaching safepoint: 90100 ns, At safepoint: 41900 ns, Total: 132000 ns
[2020-05-02T05:56:13.621+0000][1][safepoint    ] Safepoint "RevokeBias", Time since last: 174900 ns, Reaching safepoint: 106300 ns, At safepoint: 38300 ns, Total: 144600 ns
[2020-05-02T05:56:13.621+0000][1][safepoint    ] Safepoint "RevokeBias", Time since last: 486300 ns, Reaching safepoint: 87300 ns, At safepoint: 38800 ns, Total: 126100 ns
[2020-05-02T05:56:13.622+0000][1][safepoint    ] Safepoint "RevokeBias", Time since last: 171000 ns, Reaching safepoint: 99200 ns, At safepoint: 62000 ns, Total: 161200 ns
[2020-05-02T05:56:13.622+0000][1][safepoint    ] Safepoint "RevokeBias", Time since last: 229100 ns, Reaching safepoint: 113400 ns, At safepoint: 46800 ns, Total: 160200 ns
[2020-05-02T05:56:13.622+0000][1][safepoint    ] Safepoint "RevokeBias", Time since last: 153000 ns, Reaching safepoint: 106300 ns, At safepoint: 43600 ns, Total: 149900 ns
[2020-05-02T05:56:13.632+0000][1][safepoint    ] Safepoint "BulkRevokeBias", Time since last: 8783400 ns, Reaching safepoint: 153200 ns, At safepoint: 676100 ns, Total: 829300 ns
[2020-05-02T05:56:13.632+0000][1][safepoint    ] Safepoint "RevokeBias", Time since last: 224000 ns, Reaching safepoint: 133700 ns, At safepoint: 37800 ns, Total: 171500 ns
[2020-05-02T05:56:13.669+0000][1][safepoint    ] Safepoint "RevokeBias", Time since last: 36301200 ns, Reaching safepoint: 146700 ns, At safepoint: 41000 ns, Total: 187700 ns
[2020-05-02T05:56:13.671+0000][1][safepoint    ] Safepoint "RevokeBias", Time since last: 2304000 ns, Reaching safepoint: 204500 ns, At safepoint: 62800 ns, Total: 267300 ns
[2020-05-02T05:56:13.713+0000][1][safepoint    ] Safepoint "RevokeBias", Time since last: 40976200 ns, Reaching safepoint: 129300 ns, At safepoint: 33800 ns, Total: 163100 ns
[2020-05-02T05:56:13.720+0000][1][safepoint    ] Safepoint "RevokeBias", Time since last: 7122300 ns, Reaching safepoint: 121800 ns, At safepoint: 35000 ns, Total: 156800 ns
[2020-05-02T05:56:13.721+0000][1][gc,start     ] GC(48) Pause Young (Allocation Failure)
[2020-05-02T05:56:13.721+0000][1][gc,task      ] GC(48) Using 10 workers of 10 for evacuation
[2020-05-02T05:56:13.723+0000][1][gc,age       ] GC(48) Desired survivor size 8945664 bytes, new threshold 6 (max threshold 6)
[2020-05-02T05:56:13.723+0000][1][gc,age       ] GC(48) Age table with threshold 6 (max threshold 6)
[2020-05-02T05:56:13.723+0000][1][gc,age       ] GC(48) - age   1:     348368 bytes,     348368 total
[2020-05-02T05:56:13.723+0000][1][gc,age       ] GC(48) - age   2:       9280 bytes,     357648 total
[2020-05-02T05:56:13.723+0000][1][gc,age       ] GC(48) - age   3:      31880 bytes,     389528 total
[2020-05-02T05:56:13.723+0000][1][gc,age       ] GC(48) - age   4:       8824 bytes,     398352 total
[2020-05-02T05:56:13.723+0000][1][gc,age       ] GC(48) - age   5:      47048 bytes,     445400 total
[2020-05-02T05:56:13.723+0000][1][gc,age       ] GC(48) - age   6:       9520 bytes,     454920 total
[2020-05-02T05:56:13.723+0000][1][gc,heap      ] GC(48) ParNew: 140447K->755K(157248K)
[2020-05-02T05:56:13.723+0000][1][gc,heap      ] GC(48) CMS: 81958K->82027K(349568K)
[2020-05-02T05:56:13.723+0000][1][gc,metaspace ] GC(48) Metaspace: 97473K->97473K(1138688K)
[2020-05-02T05:56:13.723+0000][1][gc           ] GC(48) Pause Young (Allocation Failure) 217M->80M(494M) 2.442ms
[2020-05-02T05:56:13.724+0000][1][gc,cpu       ] GC(48) User=0.01s Sys=0.00s Real=0.00s
[2020-05-02T05:56:13.724+0000][1][safepoint    ] Safepoint "GenCollectForAllocation", Time since last: 1049300 ns, Reaching safepoint: 113300 ns, At safepoint: 2526400 ns, Total: 2639700 ns
[2020-05-02T05:56:13.737+0000][1][safepoint    ] Safepoint "RevokeBias", Time since last: 12981800 ns, Reaching safepoint: 138500 ns, At safepoint: 36900 ns, Total: 175400 ns
[2020-05-02T05:56:13.741+0000][1][safepoint    ] Safepoint "RevokeBias", Time since last: 3925900 ns, Reaching safepoint: 136200 ns, At safepoint: 51600 ns, Total: 187800 ns
[2020-05-02T05:56:13.742+0000][1][safepoint    ] Safepoint "RevokeBias", Time since last: 1018500 ns, Reaching safepoint: 101400 ns, At safepoint: 33900 ns, Total: 135300 ns
[2020-05-02T05:56:14.672+0000][1][safepoint    ] Safepoint "RevokeBias", Time since last: 929477300 ns, Reaching safepoint: 157700 ns, At safepoint: 52800 ns, Total: 210500 ns
[2020-05-02T05:56:14.672+0000][1][safepoint    ] Safepoint "RevokeBias", Time since last: 251600 ns, Reaching safepoint: 138000 ns, At safepoint: 56500 ns, Total: 194500 ns
[2020-05-02T05:56:14.673+0000][1][safepoint    ] Safepoint "RevokeBias", Time since last: 208500 ns, Reaching safepoint: 145900 ns, At safepoint: 45200 ns, Total: 191100 ns
[2020-05-02T05:56:15.673+0000][1][safepoint    ] Safepoint "Cleanup", Time since last: 1000378400 ns, Reaching safepoint: 248100 ns, At safepoint: 110500 ns, Total: 358600 ns
[2020-05-02T05:56:16.675+0000][1][safepoint    ] Safepoint "Cleanup", Time since last: 1000676300 ns, Reaching safepoint: 493300 ns, At safepoint: 207100 ns, Total: 700400 ns
[2020-05-02T05:56:17.676+0000][1][safepoint    ] Safepoint "Cleanup", Time since last: 1000631500 ns, Reaching safepoint: 456100 ns, At safepoint: 219100 ns, Total: 675200 ns
[2020-05-02T05:56:18.677+0000][1][safepoint    ] Safepoint "Cleanup", Time since last: 1000511900 ns, Reaching safepoint: 424300 ns, At safepoint: 240500 ns, Total: 664800 ns
[2020-05-02T05:56:19.679+0000][1][safepoint    ] Safepoint "Cleanup", Time since last: 1000752400 ns, Reaching safepoint: 643500 ns, At safepoint: 206800 ns, Total: 850300 ns
[2020-05-02T05:56:20.680+0000][1][safepoint    ] Safepoint "Cleanup", Time since last: 1000874200 ns, Reaching safepoint: 443500 ns, At safepoint: 208500 ns, Total: 652000 ns
[2020-05-02T05:56:21.682+0000][1][safepoint    ] Safepoint "Cleanup", Time since last: 1000897400 ns, Reaching safepoint: 438000 ns, At safepoint: 204500 ns, Total: 642500 ns
[2020-05-02T05:56:22.683+0000][1][safepoint    ] Safepoint "Cleanup", Time since last: 1000761400 ns, Reaching safepoint: 429100 ns, At safepoint: 209200 ns, Total: 638300 ns
[2020-05-02T05:56:23.685+0000][1][safepoint    ] Safepoint "Cleanup", Time since last: 1000483800 ns, Reaching safepoint: 516800 ns, At safepoint: 373900 ns, Total: 890700 ns
[2020-05-02T05:56:24.686+0000][1][safepoint    ] Safepoint "Cleanup", Time since last: 1000681300 ns, Reaching safepoint: 198200 ns, At safepoint: 104600 ns, Total: 302800 ns
[2020-05-02T05:56:25.687+0000][1][safepoint    ] Safepoint "Cleanup", Time since last: 1000529600 ns, Reaching safepoint: 499400 ns, At safepoint: 150100 ns, Total: 649500 ns
[2020-05-02T05:56:26.688+0000][1][safepoint    ] Safepoint "Cleanup", Time since last: 1000654500 ns, Reaching safepoint: 682400 ns, At safepoint: 283900 ns, Total: 966300 ns
[2020-05-02T05:56:27.690+0000][1][safepoint    ] Safepoint "Cleanup", Time since last: 1000821800 ns, Reaching safepoint: 304100 ns, At safepoint: 116800 ns, Total: 420900 ns
[2020-05-02T05:56:28.691+0000][1][safepoint    ] Safepoint "Cleanup", Time since last: 1000642000 ns, Reaching safepoint: 612100 ns, At safepoint: 207500 ns, Total: 819600 ns
[2020-05-02T05:56:29.692+0000][1][safepoint    ] Safepoint "Cleanup", Time since last: 1000465800 ns, Reaching safepoint: 507500 ns, At safepoint: 203900 ns, Total: 711400 ns
[2020-05-02T05:56:30.693+0000][1][safepoint    ] Safepoint "Cleanup", Time since last: 1000449900 ns, Reaching safepoint: 471800 ns, At safepoint: 199900 ns, Total: 671700 ns
[2020-05-02T05:56:31.695+0000][1][safepoint    ] Safepoint "Cleanup", Time since last: 1000670000 ns, Reaching safepoint: 532000 ns, At safepoint: 210200 ns, Total: 742200 ns
[2020-05-02T05:56:32.696+0000][1][safepoint    ] Safepoint "Cleanup", Time since last: 1000692100 ns, Reaching safepoint: 696800 ns, At safepoint: 207200 ns, Total: 904000 ns
[2020-05-02T05:56:33.698+0000][1][safepoint    ] Safepoint "Cleanup", Time since last: 1000736200 ns, Reaching safepoint: 462400 ns, At safepoint: 217500 ns, Total: 679900 ns
[2020-05-02T05:56:34.699+0000][1][safepoint    ] Safepoint "Cleanup", Time since last: 1000599200 ns, Reaching safepoint: 194000 ns, At safepoint: 106100 ns, Total: 300100 ns
[2020-05-02T05:56:35.700+0000][1][safepoint    ] Safepoint "Cleanup", Time since last: 1000383000 ns, Reaching safepoint: 446200 ns, At safepoint: 207300 ns, Total: 653500 ns
[2020-05-02T05:56:36.701+0000][1][safepoint    ] Safepoint "Cleanup", Time since last: 1000725400 ns, Reaching safepoint: 176900 ns, At safepoint: 87100 ns, Total: 264000 ns
[2020-05-02T05:56:37.702+0000][1][safepoint    ] Safepoint "Cleanup", Time since last: 1000593700 ns, Reaching safepoint: 430600 ns, At safepoint: 274000 ns, Total: 704600 ns
[2020-05-02T05:56:38.703+0000][1][safepoint    ] Safepoint "Cleanup", Time since last: 1000484900 ns, Reaching safepoint: 453200 ns, At safepoint: 330300 ns, Total: 783500 ns
[2020-05-02T05:56:39.705+0000][1][safepoint    ] Safepoint "Cleanup", Time since last: 1000774800 ns, Reaching safepoint: 404100 ns, At safepoint: 177900 ns, Total: 582000 ns
[2020-05-02T05:56:40.705+0000][1][safepoint    ] Safepoint "Cleanup", Time since last: 1000176100 ns, Reaching safepoint: 130300 ns, At safepoint: 43000 ns, Total: 173300 ns
[2020-05-02T05:56:41.178+0000][1][safepoint    ] Safepoint "RevokeBias", Time since last: 471899800 ns, Reaching safepoint: 531100 ns, At safepoint: 242800 ns, Total: 773900 ns
[2020-05-02T05:56:42.179+0000][1][safepoint    ] Safepoint "Cleanup", Time since last: 1000629400 ns, Reaching safepoint: 429500 ns, At safepoint: 135100 ns, Total: 564600 ns
[2020-05-02T05:56:43.180+0000][1][safepoint    ] Safepoint "Cleanup", Time since last: 1000438900 ns, Reaching safepoint: 188400 ns, At safepoint: 61200 ns, Total: 249600 ns
[2020-05-02T05:56:43.673+0000][1][safepoint    ] Safepoint "RevokeBias", Time since last: 492365900 ns, Reaching safepoint: 497700 ns, At safepoint: 188900 ns, Total: 686600 ns
[2020-05-02T05:56:43.674+0000][1][safepoint    ] Safepoint "RevokeBias", Time since last: 763200 ns, Reaching safepoint: 369600 ns, At safepoint: 241600 ns, Total: 611200 ns
[2020-05-02T05:56:44.675+0000][1][safepoint    ] Safepoint "Cleanup", Time since last: 1000667000 ns, Reaching safepoint: 410800 ns, At safepoint: 130500 ns, Total: 541300 ns
[2020-05-02T05:56:45.676+0000][1][safepoint    ] Safepoint "Cleanup", Time since last: 1000653100 ns, Reaching safepoint: 177900 ns, At safepoint: 49900 ns, Total: 227800 ns
[2020-05-02T05:56:46.677+0000][1][safepoint    ] Safepoint "Cleanup", Time since last: 1000707500 ns, Reaching safepoint: 423300 ns, At safepoint: 133300 ns, Total: 556600 ns
[2020-05-02T05:56:47.679+0000][1][safepoint    ] Safepoint "Cleanup", Time since last: 1000800300 ns, Reaching safepoint: 423400 ns, At safepoint: 133900 ns, Total: 557300 ns
[2020-05-02T05:56:48.680+0000][1][safepoint    ] Safepoint "Cleanup", Time since last: 1000679900 ns, Reaching safepoint: 421800 ns, At safepoint: 132600 ns, Total: 554400 ns
[2020-05-02T05:56:49.681+0000][1][safepoint    ] Safepoint "Cleanup", Time since last: 1000473500 ns, Reaching safepoint: 347000 ns, At safepoint: 103400 ns, Total: 450400 ns
[2020-05-02T05:56:50.682+0000][1][safepoint    ] Safepoint "Cleanup", Time since last: 1000562100 ns, Reaching safepoint: 506700 ns, At safepoint: 134000 ns, Total: 640700 ns
[2020-05-02T05:56:51.683+0000][1][safepoint    ] Safepoint "Cleanup", Time since last: 1000367600 ns, Reaching safepoint: 144000 ns, At safepoint: 35000 ns, Total: 179000 ns
[2020-05-02T05:56:52.684+0000][1][safepoint    ] Safepoint "Cleanup", Time since last: 1000430400 ns, Reaching safepoint: 421000 ns, At safepoint: 156200 ns, Total: 577200 ns
[2020-05-02T05:56:53.685+0000][1][safepoint    ] Safepoint "Cleanup", Time since last: 1000894600 ns, Reaching safepoint: 451000 ns, At safepoint: 142200 ns, Total: 593200 ns
[2020-05-02T05:56:55.187+0000][1][safepoint    ] Safepoint "Cleanup", Time since last: 1501587100 ns, Reaching safepoint: 173500 ns, At safepoint: 27100 ns, Total: 200600 ns
[2020-05-02T05:56:56.187+0000][1][safepoint    ] Safepoint "Cleanup", Time since last: 1000205600 ns, Reaching safepoint: 139900 ns, At safepoint: 31600 ns, Total: 171500 ns
[2020-05-02T05:56:57.188+0000][1][safepoint    ] Safepoint "Cleanup", Time since last: 1000619600 ns, Reaching safepoint: 449600 ns, At safepoint: 136700 ns, Total: 586300 ns
[2020-05-02T05:56:58.190+0000][1][safepoint    ] Safepoint "Cleanup", Time since last: 1000642300 ns, Reaching safepoint: 345500 ns, At safepoint: 107900 ns, Total: 453400 ns
[2020-05-02T05:56:59.191+0000][1][safepoint    ] Safepoint "Cleanup", Time since last: 1000460200 ns, Reaching safepoint: 423400 ns, At safepoint: 160700 ns, Total: 584100 ns
[2020-05-02T05:57:00.191+0000][1][safepoint    ] Safepoint "Cleanup", Time since last: 1000315300 ns, Reaching safepoint: 126900 ns, At safepoint: 28900 ns, Total: 155800 ns
[2020-05-02T05:57:01.192+0000][1][safepoint    ] Safepoint "Cleanup", Time since last: 1000441600 ns, Reaching safepoint: 191900 ns, At safepoint: 43900 ns, Total: 235800 ns
[2020-05-02T05:57:02.193+0000][1][safepoint    ] Safepoint "Cleanup", Time since last: 1000612600 ns, Reaching safepoint: 517000 ns, At safepoint: 132700 ns, Total: 649700 ns
[2020-05-02T05:57:03.194+0000][1][safepoint    ] Safepoint "Cleanup", Time since last: 1000598300 ns, Reaching safepoint: 534800 ns, At safepoint: 308100 ns, Total: 842900 ns
[2020-05-02T05:57:04.196+0000][1][safepoint    ] Safepoint "Cleanup", Time since last: 1000756500 ns, Reaching safepoint: 461200 ns, At safepoint: 139900 ns, Total: 601100 ns
[2020-05-02T05:57:05.196+0000][1][safepoint    ] Safepoint "Cleanup", Time since last: 1000339500 ns, Reaching safepoint: 146600 ns, At safepoint: 33100 ns, Total: 179700 ns
[2020-05-02T05:57:06.198+0000][1][safepoint    ] Safepoint "Cleanup", Time since last: 1000675000 ns, Reaching safepoint: 450500 ns, At safepoint: 138900 ns, Total: 589400 ns
[2020-05-02T05:57:07.199+0000][1][safepoint    ] Safepoint "Cleanup", Time since last: 1000518800 ns, Reaching safepoint: 751200 ns, At safepoint: 163800 ns, Total: 915000 ns
[2020-05-02T05:57:08.201+0000][1][safepoint    ] Safepoint "Cleanup", Time since last: 1000980000 ns, Reaching safepoint: 448800 ns, At safepoint: 137300 ns, Total: 586100 ns
[2020-05-02T05:57:09.202+0000][1][safepoint    ] Safepoint "Cleanup", Time since last: 1000848900 ns, Reaching safepoint: 423500 ns, At safepoint: 132700 ns, Total: 556200 ns
[2020-05-02T05:57:10.203+0000][1][safepoint    ] Safepoint "Cleanup", Time since last: 1000779600 ns, Reaching safepoint: 459100 ns, At safepoint: 141300 ns, Total: 600400 ns
[2020-05-02T05:57:11.205+0000][1][safepoint    ] Safepoint "Cleanup", Time since last: 1000815500 ns, Reaching safepoint: 508500 ns, At safepoint: 130800 ns, Total: 639300 ns
[2020-05-02T05:57:13.025+0000][1][safepoint    ] Safepoint "Cleanup", Time since last: 1819706500 ns, Reaching safepoint: 449200 ns, At safepoint: 142900 ns, Total: 592100 ns
[2020-05-02T05:57:14.026+0000][1][safepoint    ] Safepoint "Cleanup", Time since last: 1000471100 ns, Reaching safepoint: 515300 ns, At safepoint: 130700 ns, Total: 646000 ns
[2020-05-02T05:57:15.027+0000][1][safepoint    ] Safepoint "Cleanup", Time since last: 1000575900 ns, Reaching safepoint: 448500 ns, At safepoint: 138500 ns, Total: 587000 ns
[2020-05-02T05:57:16.028+0000][1][safepoint    ] Safepoint "Cleanup", Time since last: 1000587100 ns, Reaching safepoint: 137800 ns, At safepoint: 32600 ns, Total: 170400 ns
[2020-05-02T05:57:17.029+0000][1][safepoint    ] Safepoint "Cleanup", Time since last: 1000322900 ns, Reaching safepoint: 256100 ns, At safepoint: 75200 ns, Total: 331300 ns
[2020-05-02T05:57:18.030+0000][1][safepoint    ] Safepoint "Cleanup", Time since last: 1000565700 ns, Reaching safepoint: 262600 ns, At safepoint: 75400 ns, Total: 338000 ns
[2020-05-02T05:57:19.031+0000][1][safepoint    ] Safepoint "Cleanup", Time since last: 1000597500 ns, Reaching safepoint: 509300 ns, At safepoint: 132400 ns, Total: 641700 ns
[2020-05-02T05:57:20.032+0000][1][safepoint    ] Safepoint "Cleanup", Time since last: 1000927400 ns, Reaching safepoint: 450500 ns, At safepoint: 142200 ns, Total: 592700 ns
[2020-05-02T05:57:21.034+0000][1][safepoint    ] Safepoint "Cleanup", Time since last: 1000901800 ns, Reaching safepoint: 571400 ns, At safepoint: 150600 ns, Total: 722000 ns
[2020-05-02T05:57:22.035+0000][1][safepoint    ] Safepoint "Cleanup", Time since last: 1000513300 ns, Reaching safepoint: 618100 ns, At safepoint: 131400 ns, Total: 749500 ns
[2020-05-02T05:57:23.037+0000][1][safepoint    ] Safepoint "Cleanup", Time since last: 1000733400 ns, Reaching safepoint: 450400 ns, At safepoint: 138000 ns, Total: 588400 ns
[2020-05-02T05:57:24.038+0000][1][safepoint    ] Safepoint "Cleanup", Time since last: 1000735800 ns, Reaching safepoint: 449100 ns, At safepoint: 137700 ns, Total: 586800 ns
[2020-05-02T05:57:25.039+0000][1][safepoint    ] Safepoint "Cleanup", Time since last: 1000765000 ns, Reaching safepoint: 450500 ns, At safepoint: 136400 ns, Total: 586900 ns
[2020-05-02T05:57:26.041+0000][1][safepoint    ] Safepoint "Cleanup", Time since last: 1000627800 ns, Reaching safepoint: 550000 ns, At safepoint: 166800 ns, Total: 716800 ns
[2020-05-02T05:57:27.041+0000][1][safepoint    ] Safepoint "Cleanup", Time since last: 1000405100 ns, Reaching safepoint: 256900 ns, At safepoint: 77900 ns, Total: 334800 ns
[2020-05-02T05:57:28.042+0000][1][safepoint    ] Safepoint "Cleanup", Time since last: 1000405900 ns, Reaching safepoint: 450700 ns, At safepoint: 136000 ns, Total: 586700 ns
[2020-05-02T05:57:29.044+0000][1][safepoint    ] Safepoint "Cleanup", Time since last: 1000792500 ns, Reaching safepoint: 450700 ns, At safepoint: 137500 ns, Total: 588200 ns
[2020-05-02T05:57:30.045+0000][1][safepoint    ] Safepoint "Cleanup", Time since last: 1000917200 ns, Reaching safepoint: 449500 ns, At safepoint: 142100 ns, Total: 591600 ns
[2020-05-02T05:57:31.046+0000][1][safepoint    ] Safepoint "Cleanup", Time since last: 1000593500 ns, Reaching safepoint: 413600 ns, At safepoint: 130400 ns, Total: 544000 ns
[2020-05-02T05:57:32.047+0000][1][safepoint    ] Safepoint "Cleanup", Time since last: 1000575400 ns, Reaching safepoint: 168300 ns, At safepoint: 46500 ns, Total: 214800 ns
[2020-05-02T05:57:33.048+0000][1][safepoint    ] Safepoint "Cleanup", Time since last: 1000552300 ns, Reaching safepoint: 261600 ns, At safepoint: 73600 ns, Total: 335200 ns
[2020-05-02T05:57:34.049+0000][1][safepoint    ] Safepoint "Cleanup", Time since last: 1000440900 ns, Reaching safepoint: 190700 ns, At safepoint: 50500 ns, Total: 241200 ns
[2020-05-02T05:57:35.050+0000][1][safepoint    ] Safepoint "Cleanup", Time since last: 1000536000 ns, Reaching safepoint: 684500 ns, At safepoint: 141100 ns, Total: 825600 ns
[2020-05-02T05:57:36.052+0000][1][safepoint    ] Safepoint "Cleanup", Time since last: 1000803100 ns, Reaching safepoint: 425300 ns, At safepoint: 132600 ns, Total: 557900 ns
[2020-05-02T05:57:37.053+0000][1][safepoint    ] Safepoint "Cleanup", Time since last: 1000694400 ns, Reaching safepoint: 317700 ns, At safepoint: 101900 ns, Total: 419600 ns
[2020-05-02T05:57:38.054+0000][1][safepoint    ] Safepoint "Cleanup", Time since last: 1000798300 ns, Reaching safepoint: 141400 ns, At safepoint: 34900 ns, Total: 176300 ns
[2020-05-02T05:57:39.054+0000][1][safepoint    ] Safepoint "Cleanup", Time since last: 1000445400 ns, Reaching safepoint: 128800 ns, At safepoint: 30200 ns, Total: 159000 ns
[2020-05-02T05:57:40.055+0000][1][safepoint    ] Safepoint "Cleanup", Time since last: 1000195000 ns, Reaching safepoint: 144800 ns, At safepoint: 35300 ns, Total: 180100 ns
[2020-05-02T05:57:41.055+0000][1][safepoint    ] Safepoint "Cleanup", Time since last: 1000207700 ns, Reaching safepoint: 181600 ns, At safepoint: 50800 ns, Total: 232400 ns
[2020-05-02T05:57:42.056+0000][1][safepoint    ] Safepoint "Cleanup", Time since last: 1000576000 ns, Reaching safepoint: 236400 ns, At safepoint: 39500 ns, Total: 275900 ns
[2020-05-02T05:57:43.057+0000][1][safepoint    ] Safepoint "Cleanup", Time since last: 1000605500 ns, Reaching safepoint: 447300 ns, At safepoint: 137000 ns, Total: 584300 ns
[2020-05-02T05:57:44.059+0000][1][safepoint    ] Safepoint "Cleanup", Time since last: 1000903200 ns, Reaching safepoint: 482800 ns, At safepoint: 133000 ns, Total: 615800 ns
[2020-05-02T05:57:45.060+0000][1][safepoint    ] Safepoint "Cleanup", Time since last: 1000664500 ns, Reaching safepoint: 507600 ns, At safepoint: 130900 ns, Total: 638500 ns
[2020-05-02T05:57:46.061+0000][1][safepoint    ] Safepoint "Cleanup", Time since last: 1000454600 ns, Reaching safepoint: 422600 ns, At safepoint: 133100 ns, Total: 555700 ns
[2020-05-02T05:57:47.062+0000][1][safepoint    ] Safepoint "Cleanup", Time since last: 1000629700 ns, Reaching safepoint: 500900 ns, At safepoint: 132900 ns, Total: 633800 ns
[2020-05-02T05:57:48.064+0000][1][safepoint    ] Safepoint "Cleanup", Time since last: 1000965400 ns, Reaching safepoint: 453700 ns, At safepoint: 129900 ns, Total: 583600 ns
[2020-05-02T05:57:49.065+0000][1][safepoint    ] Safepoint "Cleanup", Time since last: 1001026300 ns, Reaching safepoint: 467000 ns, At safepoint: 143500 ns, Total: 610500 ns
[2020-05-02T05:57:50.067+0000][1][safepoint    ] Safepoint "Cleanup", Time since last: 1000827800 ns, Reaching safepoint: 442400 ns, At safepoint: 135100 ns, Total: 577500 ns
[2020-05-02T05:57:51.068+0000][1][safepoint    ] Safepoint "Cleanup", Time since last: 1000733900 ns, Reaching safepoint: 218000 ns, At safepoint: 59800 ns, Total: 277800 ns
[2020-05-02T05:57:52.069+0000][1][safepoint    ] Safepoint "Cleanup", Time since last: 1000641200 ns, Reaching safepoint: 422000 ns, At safepoint: 137300 ns, Total: 559300 ns
[2020-05-02T05:57:53.070+0000][1][safepoint    ] Safepoint "Cleanup", Time since last: 1000542100 ns, Reaching safepoint: 459100 ns, At safepoint: 132500 ns, Total: 591600 ns
[2020-05-02T05:57:54.071+0000][1][safepoint    ] Safepoint "Cleanup", Time since last: 1000439600 ns, Reaching safepoint: 454700 ns, At safepoint: 140100 ns, Total: 594800 ns
[2020-05-02T05:57:55.073+0000][1][safepoint    ] Safepoint "Cleanup", Time since last: 1000765800 ns, Reaching safepoint: 514300 ns, At safepoint: 132200 ns, Total: 646500 ns
[2020-05-02T05:57:56.073+0000][1][safepoint    ] Safepoint "Cleanup", Time since last: 1000713500 ns, Reaching safepoint: 144200 ns, At safepoint: 39200 ns, Total: 183400 ns
[2020-05-02T05:57:57.074+0000][1][safepoint    ] Safepoint "Cleanup", Time since last: 1000421300 ns, Reaching safepoint: 467400 ns, At safepoint: 128000 ns, Total: 595400 ns
[2020-05-02T05:57:58.076+0000][1][safepoint    ] Safepoint "Cleanup", Time since last: 1000475600 ns, Reaching safepoint: 448400 ns, At safepoint: 162400 ns, Total: 610800 ns
[2020-05-02T05:57:59.076+0000][1][safepoint    ] Safepoint "Cleanup", Time since last: 1000354900 ns, Reaching safepoint: 200100 ns, At safepoint: 39100 ns, Total: 239200 ns
[2020-05-02T05:58:00.077+0000][1][safepoint    ] Safepoint "Cleanup", Time since last: 1000186700 ns, Reaching safepoint: 138800 ns, At safepoint: 29100 ns, Total: 167900 ns
[2020-05-02T05:58:01.077+0000][1][safepoint    ] Safepoint "Cleanup", Time since last: 1000205800 ns, Reaching safepoint: 134700 ns, At safepoint: 30500 ns, Total: 165200 ns
[2020-05-02T05:58:02.077+0000][1][safepoint    ] Safepoint "Cleanup", Time since last: 1000169200 ns, Reaching safepoint: 142300 ns, At safepoint: 27400 ns, Total: 169700 ns
[2020-05-02T05:58:03.078+0000][1][safepoint    ] Safepoint "Cleanup", Time since last: 1000142700 ns, Reaching safepoint: 140900 ns, At safepoint: 57700 ns, Total: 198600 ns
[2020-05-02T05:58:04.078+0000][1][safepoint    ] Safepoint "Cleanup", Time since last: 1000182900 ns, Reaching safepoint: 127300 ns, At safepoint: 25500 ns, Total: 152800 ns
[2020-05-02T05:58:05.078+0000][1][safepoint    ] Safepoint "Cleanup", Time since last: 1000179400 ns, Reaching safepoint: 140200 ns, At safepoint: 27200 ns, Total: 167400 ns
[2020-05-02T05:58:06.079+0000][1][safepoint    ] Safepoint "Cleanup", Time since last: 1000131300 ns, Reaching safepoint: 120200 ns, At safepoint: 26700 ns, Total: 146900 ns
[2020-05-02T05:58:07.079+0000][1][safepoint    ] Safepoint "Cleanup", Time since last: 1000229400 ns, Reaching safepoint: 125600 ns, At safepoint: 29100 ns, Total: 154700 ns
[2020-05-02T05:58:08.079+0000][1][safepoint    ] Safepoint "Cleanup", Time since last: 1000173500 ns, Reaching safepoint: 168500 ns, At safepoint: 26100 ns, Total: 194600 ns
[2020-05-02T05:58:09.080+0000][1][safepoint    ] Safepoint "Cleanup", Time since last: 1000147300 ns, Reaching safepoint: 120800 ns, At safepoint: 26500 ns, Total: 147300 ns
[2020-05-02T05:58:10.457+0000][1][safepoint    ] Safepoint "Cleanup", Time since last: 1377095300 ns, Reaching safepoint: 144100 ns, At safepoint: 29800 ns, Total: 173900 ns
[2020-05-02T05:58:11.457+0000][1][safepoint    ] Safepoint "Cleanup", Time since last: 1000167800 ns, Reaching safepoint: 127600 ns, At safepoint: 26900 ns, Total: 154500 ns
[2020-05-02T05:58:12.457+0000][1][safepoint    ] Safepoint "Cleanup", Time since last: 1000138300 ns, Reaching safepoint: 121500 ns, At safepoint: 26100 ns, Total: 147600 ns
[2020-05-02T05:58:13.458+0000][1][safepoint    ] Safepoint "Cleanup", Time since last: 1000192000 ns, Reaching safepoint: 125000 ns, At safepoint: 28100 ns, Total: 153100 ns
[2020-05-02T05:58:14.458+0000][1][safepoint    ] Safepoint "Cleanup", Time since last: 1000157300 ns, Reaching safepoint: 125700 ns, At safepoint: 32100 ns, Total: 157800 ns
[2020-05-02T05:58:15.458+0000][1][safepoint    ] Safepoint "Cleanup", Time since last: 1000135300 ns, Reaching safepoint: 117000 ns, At safepoint: 33200 ns, Total: 150200 ns
[2020-05-02T05:58:16.459+0000][1][safepoint    ] Safepoint "Cleanup", Time since last: 1000135000 ns, Reaching safepoint: 125900 ns, At safepoint: 29200 ns, Total: 155100 ns
[2020-05-02T05:58:17.459+0000][1][safepoint    ] Safepoint "Cleanup", Time since last: 1000168500 ns, Reaching safepoint: 133900 ns, At safepoint: 30800 ns, Total: 164700 ns
[2020-05-02T05:58:18.459+0000][1][safepoint    ] Safepoint "Cleanup", Time since last: 1000281700 ns, Reaching safepoint: 151000 ns, At safepoint: 36100 ns, Total: 187100 ns
[2020-05-02T05:58:19.461+0000][1][safepoint    ] Safepoint "Cleanup", Time since last: 1000445000 ns, Reaching safepoint: 438400 ns, At safepoint: 211800 ns, Total: 650200 ns
[2020-05-02T05:58:20.462+0000][1][safepoint    ] Safepoint "Cleanup", Time since last: 1000863700 ns, Reaching safepoint: 441300 ns, At safepoint: 217600 ns, Total: 658900 ns
[2020-05-02T05:58:21.463+0000][1][safepoint    ] Safepoint "Cleanup", Time since last: 1000436800 ns, Reaching safepoint: 663800 ns, At safepoint: 263500 ns, Total: 927300 ns
[2020-05-02T05:58:22.465+0000][1][safepoint    ] Safepoint "Cleanup", Time since last: 1000717700 ns, Reaching safepoint: 585500 ns, At safepoint: 121600 ns, Total: 707100 ns
[2020-05-02T05:58:23.466+0000][1][safepoint    ] Safepoint "Cleanup", Time since last: 1000716500 ns, Reaching safepoint: 136800 ns, At safepoint: 34400 ns, Total: 171200 ns
[2020-05-02T05:58:24.467+0000][1][safepoint    ] Safepoint "Cleanup", Time since last: 1000592400 ns, Reaching safepoint: 415000 ns, At safepoint: 133100 ns, Total: 548100 ns
[2020-05-02T05:58:25.468+0000][1][safepoint    ] Safepoint "Cleanup", Time since last: 1000756300 ns, Reaching safepoint: 413200 ns, At safepoint: 133700 ns, Total: 546900 ns
[2020-05-02T05:58:26.469+0000][1][safepoint    ] Safepoint "Cleanup", Time since last: 1000676000 ns, Reaching safepoint: 244900 ns, At safepoint: 66200 ns, Total: 311100 ns
[2020-05-02T05:58:27.470+0000][1][safepoint    ] Safepoint "Cleanup", Time since last: 1000348200 ns, Reaching safepoint: 494400 ns, At safepoint: 126700 ns, Total: 621100 ns
[2020-05-02T05:58:28.471+0000][1][safepoint    ] Safepoint "Cleanup", Time since last: 1000557300 ns, Reaching safepoint: 419400 ns, At safepoint: 132700 ns, Total: 552100 ns
[2020-05-02T05:58:29.473+0000][1][safepoint    ] Safepoint "Cleanup", Time since last: 1000789000 ns, Reaching safepoint: 438900 ns, At safepoint: 136600 ns, Total: 575500 ns
[2020-05-02T05:58:30.474+0000][1][safepoint    ] Safepoint "Cleanup", Time since last: 1000745700 ns, Reaching safepoint: 414600 ns, At safepoint: 131200 ns, Total: 545800 ns
[2020-05-02T05:58:31.475+0000][1][safepoint    ] Safepoint "Cleanup", Time since last: 1000978000 ns, Reaching safepoint: 429400 ns, At safepoint: 136000 ns, Total: 565400 ns
[2020-05-02T05:58:32.476+0000][1][safepoint    ] Safepoint "Cleanup", Time since last: 1000353800 ns, Reaching safepoint: 190100 ns, At safepoint: 56400 ns, Total: 246500 ns
[2020-05-02T05:58:33.477+0000][1][safepoint    ] Safepoint "Cleanup", Time since last: 1000717900 ns, Reaching safepoint: 412800 ns, At safepoint: 133100 ns, Total: 545900 ns
[2020-05-02T05:58:34.478+0000][1][safepoint    ] Safepoint "Cleanup", Time since last: 1000418600 ns, Reaching safepoint: 251700 ns, At safepoint: 105000 ns, Total: 356700 ns
[2020-05-02T05:58:35.479+0000][1][safepoint    ] Safepoint "Cleanup", Time since last: 1000669500 ns, Reaching safepoint: 197400 ns, At safepoint: 56700 ns, Total: 254100 ns
[2020-05-02T05:58:36.480+0000][1][safepoint    ] Safepoint "Cleanup", Time since last: 1000513300 ns, Reaching safepoint: 415700 ns, At safepoint: 131800 ns, Total: 547500 ns
[2020-05-02T05:58:37.481+0000][1][safepoint    ] Safepoint "Cleanup", Time since last: 1000561100 ns, Reaching safepoint: 440600 ns, At safepoint: 136100 ns, Total: 576700 ns
[2020-05-02T05:58:38.483+0000][1][safepoint    ] Safepoint "Cleanup", Time since last: 1000990900 ns, Reaching safepoint: 439600 ns, At safepoint: 141900 ns, Total: 581500 ns
[2020-05-02T05:58:39.483+0000][1][safepoint    ] Safepoint "Cleanup", Time since last: 1000314400 ns, Reaching safepoint: 180200 ns, At safepoint: 51200 ns, Total: 231400 ns
[2020-05-02T05:58:40.485+0000][1][safepoint    ] Safepoint "Cleanup", Time since last: 1000722500 ns, Reaching safepoint: 491500 ns, At safepoint: 132200 ns, Total: 623700 ns
[2020-05-02T05:58:41.486+0000][1][safepoint    ] Safepoint "Cleanup", Time since last: 1000651400 ns, Reaching safepoint: 413000 ns, At safepoint: 133400 ns, Total: 546400 ns
[2020-05-02T05:58:42.487+0000][1][safepoint    ] Safepoint "Cleanup", Time since last: 1000508500 ns, Reaching safepoint: 220900 ns, At safepoint: 62000 ns, Total: 282900 ns
[2020-05-02T05:58:43.487+0000][1][safepoint    ] Safepoint "Cleanup", Time since last: 1000407700 ns, Reaching safepoint: 253700 ns, At safepoint: 77000 ns, Total: 330700 ns
[2020-05-02T05:58:44.488+0000][1][safepoint    ] Safepoint "Cleanup", Time since last: 1000595700 ns, Reaching safepoint: 308400 ns, At safepoint: 97500 ns, Total: 405900 ns
[2020-05-02T05:58:45.490+0000][1][safepoint    ] Safepoint "Cleanup", Time since last: 1000672800 ns, Reaching safepoint: 413200 ns, At safepoint: 133300 ns, Total: 546500 ns
[2020-05-02T05:58:46.491+0000][1][safepoint    ] Safepoint "Cleanup", Time since last: 1000401600 ns, Reaching safepoint: 412800 ns, At safepoint: 131700 ns, Total: 544500 ns
[2020-05-02T05:58:47.491+0000][1][safepoint    ] Safepoint "Cleanup", Time since last: 1000343600 ns, Reaching safepoint: 130700 ns, At safepoint: 32400 ns, Total: 163100 ns
[2020-05-02T05:58:48.492+0000][1][safepoint    ] Safepoint "Cleanup", Time since last: 1000607300 ns, Reaching safepoint: 197000 ns, At safepoint: 55200 ns, Total: 252200 ns
[2020-05-02T05:58:49.837+0000][1][safepoint    ] Safepoint "Cleanup", Time since last: 1344389300 ns, Reaching safepoint: 421400 ns, At safepoint: 135300 ns, Total: 556700 ns
[2020-05-02T05:58:50.838+0000][1][safepoint    ] Safepoint "Cleanup", Time since last: 1000493300 ns, Reaching safepoint: 449500 ns, At safepoint: 140400 ns, Total: 589900 ns
[2020-05-02T05:58:51.839+0000][1][safepoint    ] Safepoint "Cleanup", Time since last: 1000820300 ns, Reaching safepoint: 513900 ns, At safepoint: 133600 ns, Total: 647500 ns
[2020-05-02T05:58:52.841+0000][1][safepoint    ] Safepoint "Cleanup", Time since last: 1000631500 ns, Reaching safepoint: 478300 ns, At safepoint: 132700 ns, Total: 611000 ns
[2020-05-02T05:58:53.841+0000][1][safepoint    ] Safepoint "Cleanup", Time since last: 1000385800 ns, Reaching safepoint: 188000 ns, At safepoint: 51400 ns, Total: 239400 ns
[2020-05-02T05:58:53.900+0000][1][gc,start     ] GC(49) Pause Young (Allocation Failure)
[2020-05-02T05:58:53.900+0000][1][gc,task      ] GC(49) Using 10 workers of 10 for evacuation
[2020-05-02T05:58:53.903+0000][1][gc,age       ] GC(49) Desired survivor size 8945664 bytes, new threshold 6 (max threshold 6)
[2020-05-02T05:58:53.903+0000][1][gc,age       ] GC(49) Age table with threshold 6 (max threshold 6)
[2020-05-02T05:58:53.903+0000][1][gc,age       ] GC(49) - age   1:     107768 bytes,     107768 total
[2020-05-02T05:58:53.903+0000][1][gc,age       ] GC(49) - age   2:     267960 bytes,     375728 total
[2020-05-02T05:58:53.903+0000][1][gc,age       ] GC(49) - age   3:       8864 bytes,     384592 total
[2020-05-02T05:58:53.903+0000][1][gc,age       ] GC(49) - age   4:      31784 bytes,     416376 total
[2020-05-02T05:58:53.903+0000][1][gc,age       ] GC(49) - age   5:       8824 bytes,     425200 total
[2020-05-02T05:58:53.903+0000][1][gc,age       ] GC(49) - age   6:      47048 bytes,     472248 total
[2020-05-02T05:58:53.903+0000][1][gc,heap      ] GC(49) ParNew: 140531K->584K(157248K)
[2020-05-02T05:58:53.903+0000][1][gc,heap      ] GC(49) CMS: 82027K->82036K(349568K)
[2020-05-02T05:58:53.903+0000][1][gc,metaspace ] GC(49) Metaspace: 97487K->97487K(1138688K)
[2020-05-02T05:58:53.903+0000][1][gc           ] GC(49) Pause Young (Allocation Failure) 217M->80M(494M) 2.820ms
[2020-05-02T05:58:53.903+0000][1][gc,cpu       ] GC(49) User=0.01s Sys=0.00s Real=0.00s
[2020-05-02T05:58:53.903+0000][1][safepoint    ] Safepoint "GenCollectForAllocation", Time since last: 58589400 ns, Reaching safepoint: 129100 ns, At safepoint: 2892400 ns, Total: 3021500 ns
[2020-05-02T05:58:54.904+0000][1][safepoint    ] Safepoint "Cleanup", Time since last: 1000538200 ns, Reaching safepoint: 323700 ns, At safepoint: 100500 ns, Total: 424200 ns
[2020-05-02T05:58:55.905+0000][1][safepoint    ] Safepoint "Cleanup", Time since last: 1000545700 ns, Reaching safepoint: 282000 ns, At safepoint: 70700 ns, Total: 352700 ns
[2020-05-02T05:58:56.906+0000][1][safepoint    ] Safepoint "Cleanup", Time since last: 1000376000 ns, Reaching safepoint: 499100 ns, At safepoint: 134800 ns, Total: 633900 ns
[2020-05-02T05:58:57.907+0000][1][safepoint    ] Safepoint "Cleanup", Time since last: 1000646000 ns, Reaching safepoint: 415100 ns, At safepoint: 133000 ns, Total: 548100 ns
[2020-05-02T05:58:58.908+0000][1][safepoint    ] Safepoint "Cleanup", Time since last: 1000560700 ns, Reaching safepoint: 369500 ns, At safepoint: 115000 ns, Total: 484500 ns
[2020-05-02T05:58:59.909+0000][1][safepoint    ] Safepoint "Cleanup", Time since last: 1000588300 ns, Reaching safepoint: 430100 ns, At safepoint: 141200 ns, Total: 571300 ns
[2020-05-02T05:59:00.910+0000][1][safepoint    ] Safepoint "Cleanup", Time since last: 1000477500 ns, Reaching safepoint: 440900 ns, At safepoint: 137200 ns, Total: 578100 ns
[2020-05-02T05:59:01.911+0000][1][safepoint    ] Safepoint "Cleanup", Time since last: 1000488500 ns, Reaching safepoint: 419400 ns, At safepoint: 133800 ns, Total: 553200 ns
[2020-05-02T05:59:02.913+0000][1][safepoint    ] Safepoint "Cleanup", Time since last: 1000705200 ns, Reaching safepoint: 481400 ns, At safepoint: 150600 ns, Total: 632000 ns
[2020-05-02T05:59:03.914+0000][1][safepoint    ] Safepoint "Cleanup", Time since last: 1000472600 ns, Reaching safepoint: 273500 ns, At safepoint: 97600 ns, Total: 371100 ns
[2020-05-02T05:59:04.915+0000][1][safepoint    ] Safepoint "Cleanup", Time since last: 1000419100 ns, Reaching safepoint: 565500 ns, At safepoint: 131200 ns, Total: 696700 ns
[2020-05-02T05:59:05.916+0000][1][safepoint    ] Safepoint "Cleanup", Time since last: 1000774900 ns, Reaching safepoint: 559700 ns, At safepoint: 190900 ns, Total: 750600 ns
[2020-05-02T05:59:06.917+0000][1][safepoint    ] Safepoint "Cleanup", Time since last: 1000632300 ns, Reaching safepoint: 510200 ns, At safepoint: 131700 ns, Total: 641900 ns
[2020-05-02T05:59:07.918+0000][1][safepoint    ] Safepoint "Cleanup", Time since last: 1000633500 ns, Reaching safepoint: 143800 ns, At safepoint: 30300 ns, Total: 174100 ns
[2020-05-02T05:59:08.919+0000][1][safepoint    ] Safepoint "Cleanup", Time since last: 1000352400 ns, Reaching safepoint: 415400 ns, At safepoint: 134900 ns, Total: 550300 ns
[2020-05-02T05:59:09.920+0000][1][safepoint    ] Safepoint "Cleanup", Time since last: 1000718400 ns, Reaching safepoint: 242300 ns, At safepoint: 73100 ns, Total: 315400 ns
[2020-05-02T05:59:10.921+0000][1][safepoint    ] Safepoint "Cleanup", Time since last: 1000179600 ns, Reaching safepoint: 174600 ns, At safepoint: 25000 ns, Total: 199600 ns
[2020-05-02T05:59:11.924+0000][1][safepoint    ] Safepoint "Cleanup", Time since last: 1003228500 ns, Reaching safepoint: 122800 ns, At safepoint: 30300 ns, Total: 153100 ns
[2020-05-02T05:59:12.925+0000][1][safepoint    ] Safepoint "Cleanup", Time since last: 1000623800 ns, Reaching safepoint: 506300 ns, At safepoint: 134400 ns, Total: 640700 ns
[2020-05-02T05:59:13.926+0000][1][safepoint    ] Safepoint "Cleanup", Time since last: 1000462100 ns, Reaching safepoint: 498400 ns, At safepoint: 135800 ns, Total: 634200 ns
[2020-05-02T05:59:14.927+0000][1][safepoint    ] Safepoint "Cleanup", Time since last: 1000694800 ns, Reaching safepoint: 204100 ns, At safepoint: 58900 ns, Total: 263000 ns
[2020-05-02T05:59:15.928+0000][1][safepoint    ] Safepoint "Cleanup", Time since last: 1000238400 ns, Reaching safepoint: 140700 ns, At safepoint: 35000 ns, Total: 175700 ns
[2020-05-02T05:59:16.929+0000][1][safepoint    ] Safepoint "Cleanup", Time since last: 1000470700 ns, Reaching safepoint: 507900 ns, At safepoint: 133200 ns, Total: 641100 ns
[2020-05-02T05:59:17.929+0000][1][safepoint    ] Safepoint "Cleanup", Time since last: 1000323300 ns, Reaching safepoint: 162000 ns, At safepoint: 47400 ns, Total: 209400 ns
[2020-05-02T05:59:18.930+0000][1][safepoint    ] Safepoint "Cleanup", Time since last: 1000650300 ns, Reaching safepoint: 357400 ns, At safepoint: 113900 ns, Total: 471300 ns
[2020-05-02T05:59:19.931+0000][1][safepoint    ] Safepoint "Cleanup", Time since last: 1000271700 ns, Reaching safepoint: 122500 ns, At safepoint: 25300 ns, Total: 147800 ns
[2020-05-02T05:59:20.932+0000][1][safepoint    ] Safepoint "Cleanup", Time since last: 1000436900 ns, Reaching safepoint: 208300 ns, At safepoint: 48200 ns, Total: 256500 ns
[2020-05-02T05:59:21.932+0000][1][safepoint    ] Safepoint "Cleanup", Time since last: 1000281100 ns, Reaching safepoint: 411900 ns, At safepoint: 129100 ns, Total: 541000 ns
[2020-05-02T05:59:22.933+0000][1][safepoint    ] Safepoint "Cleanup", Time since last: 1000515900 ns, Reaching safepoint: 242800 ns, At safepoint: 70300 ns, Total: 313100 ns
[2020-05-02T05:59:23.934+0000][1][safepoint    ] Safepoint "Cleanup", Time since last: 1000447200 ns, Reaching safepoint: 479700 ns, At safepoint: 134700 ns, Total: 614400 ns
[2020-05-02T05:59:24.935+0000][1][safepoint    ] Safepoint "Cleanup", Time since last: 1000498800 ns, Reaching safepoint: 359000 ns, At safepoint: 93700 ns, Total: 452700 ns
[2020-05-02T05:59:25.936+0000][1][safepoint    ] Safepoint "Cleanup", Time since last: 1000576400 ns, Reaching safepoint: 130800 ns, At safepoint: 31600 ns, Total: 162400 ns
[2020-05-02T05:59:26.937+0000][1][safepoint    ] Safepoint "Cleanup", Time since last: 1000333800 ns, Reaching safepoint: 257600 ns, At safepoint: 70700 ns, Total: 328300 ns
[2020-05-02T05:59:27.937+0000][1][safepoint    ] Safepoint "Cleanup", Time since last: 1000179400 ns, Reaching safepoint: 122900 ns, At safepoint: 26100 ns, Total: 149000 ns
[2020-05-02T05:59:28.938+0000][1][safepoint    ] Safepoint "Cleanup", Time since last: 1000695100 ns, Reaching safepoint: 414500 ns, At safepoint: 130900 ns, Total: 545400 ns
[2020-05-02T05:59:29.939+0000][1][safepoint    ] Safepoint "Cleanup", Time since last: 1000377500 ns, Reaching safepoint: 405300 ns, At safepoint: 129500 ns, Total: 534800 ns
[2020-05-02T05:59:30.940+0000][1][safepoint    ] Safepoint "Cleanup", Time since last: 1000762500 ns, Reaching safepoint: 465300 ns, At safepoint: 144300 ns, Total: 609600 ns
[2020-05-02T05:59:31.941+0000][1][safepoint    ] Safepoint "Cleanup", Time since last: 1000549400 ns, Reaching safepoint: 134600 ns, At safepoint: 32200 ns, Total: 166800 ns
[2020-05-02T05:59:32.941+0000][1][safepoint    ] Safepoint "Cleanup", Time since last: 1000128700 ns, Reaching safepoint: 139500 ns, At safepoint: 26400 ns, Total: 165900 ns
[2020-05-02T05:59:33.943+0000][1][safepoint    ] Safepoint "Cleanup", Time since last: 1000663700 ns, Reaching safepoint: 414200 ns, At safepoint: 132100 ns, Total: 546300 ns
[2020-05-02T05:59:34.943+0000][1][safepoint    ] Safepoint "Cleanup", Time since last: 1000336300 ns, Reaching safepoint: 122100 ns, At safepoint: 28300 ns, Total: 150400 ns
[2020-05-02T05:59:35.944+0000][1][safepoint    ] Safepoint "Cleanup", Time since last: 1000494300 ns, Reaching safepoint: 126300 ns, At safepoint: 29800 ns, Total: 156100 ns
[2020-05-02T05:59:36.945+0000][1][safepoint    ] Safepoint "Cleanup", Time since last: 1000298100 ns, Reaching safepoint: 545000 ns, At safepoint: 129000 ns, Total: 674000 ns
[2020-05-02T05:59:37.946+0000][1][safepoint    ] Safepoint "Cleanup", Time since last: 1000845500 ns, Reaching safepoint: 137000 ns, At safepoint: 36600 ns, Total: 173600 ns
[2020-05-02T05:59:38.947+0000][1][safepoint    ] Safepoint "Cleanup", Time since last: 1000352900 ns, Reaching safepoint: 429900 ns, At safepoint: 145900 ns, Total: 575800 ns
[2020-05-02T05:59:39.948+0000][1][safepoint    ] Safepoint "Cleanup", Time since last: 1000714100 ns, Reaching safepoint: 477300 ns, At safepoint: 131800 ns, Total: 609100 ns
[2020-05-02T05:59:40.950+0000][1][safepoint    ] Safepoint "Cleanup", Time since last: 1000935600 ns, Reaching safepoint: 527900 ns, At safepoint: 131700 ns, Total: 659600 ns
[2020-05-02T05:59:41.951+0000][1][safepoint    ] Safepoint "Cleanup", Time since last: 1000555300 ns, Reaching safepoint: 436600 ns, At safepoint: 130600 ns, Total: 567200 ns
[2020-05-02T05:59:42.952+0000][1][safepoint    ] Safepoint "Cleanup", Time since last: 1000584100 ns, Reaching safepoint: 155900 ns, At safepoint: 40200 ns, Total: 196100 ns
[2020-05-02T05:59:43.953+0000][1][safepoint    ] Safepoint "Cleanup", Time since last: 1000514400 ns, Reaching safepoint: 485700 ns, At safepoint: 132900 ns, Total: 618600 ns
[2020-05-02T05:59:44.954+0000][1][safepoint    ] Safepoint "Cleanup", Time since last: 1000855600 ns, Reaching safepoint: 629600 ns, At safepoint: 218300 ns, Total: 847900 ns
[2020-05-02T05:59:45.955+0000][1][safepoint    ] Safepoint "Cleanup", Time since last: 1000619500 ns, Reaching safepoint: 150100 ns, At safepoint: 38200 ns, Total: 188300 ns
[2020-05-02T05:59:46.956+0000][1][safepoint    ] Safepoint "Cleanup", Time since last: 1000555300 ns, Reaching safepoint: 416400 ns, At safepoint: 130200 ns, Total: 546600 ns
[2020-05-02T05:59:47.957+0000][1][safepoint    ] Safepoint "Cleanup", Time since last: 1000467100 ns, Reaching safepoint: 411400 ns, At safepoint: 127400 ns, Total: 538800 ns
[2020-05-02T05:59:48.959+0000][1][safepoint    ] Safepoint "Cleanup", Time since last: 1000662900 ns, Reaching safepoint: 416900 ns, At safepoint: 129900 ns, Total: 546800 ns
[2020-05-02T05:59:49.960+0000][1][safepoint    ] Safepoint "Cleanup", Time since last: 1000473900 ns, Reaching safepoint: 509600 ns, At safepoint: 132300 ns, Total: 641900 ns
[2020-05-02T05:59:50.961+0000][1][safepoint    ] Safepoint "Cleanup", Time since last: 1000609800 ns, Reaching safepoint: 286200 ns, At safepoint: 82700 ns, Total: 368900 ns
[2020-05-02T05:59:51.962+0000][1][safepoint    ] Safepoint "Cleanup", Time since last: 1000500000 ns, Reaching safepoint: 438100 ns, At safepoint: 132800 ns, Total: 570900 ns
[2020-05-02T05:59:52.963+0000][1][safepoint    ] Safepoint "Cleanup", Time since last: 1000669600 ns, Reaching safepoint: 454300 ns, At safepoint: 161600 ns, Total: 615900 ns
[2020-05-02T05:59:53.964+0000][1][safepoint    ] Safepoint "Cleanup", Time since last: 1000443900 ns, Reaching safepoint: 562800 ns, At safepoint: 143600 ns, Total: 706400 ns
[2020-05-02T05:59:54.966+0000][1][safepoint    ] Safepoint "Cleanup", Time since last: 1000514000 ns, Reaching safepoint: 710300 ns, At safepoint: 271000 ns, Total: 981300 ns
[2020-05-02T05:59:55.967+0000][1][safepoint    ] Safepoint "Cleanup", Time since last: 1000476100 ns, Reaching safepoint: 430400 ns, At safepoint: 223800 ns, Total: 654200 ns
[2020-05-02T05:59:56.968+0000][1][safepoint    ] Safepoint "Cleanup", Time since last: 1000752100 ns, Reaching safepoint: 126600 ns, At safepoint: 29600 ns, Total: 156200 ns
[2020-05-02T05:59:57.969+0000][1][safepoint    ] Safepoint "Cleanup", Time since last: 1000696300 ns, Reaching safepoint: 421500 ns, At safepoint: 208300 ns, Total: 629800 ns
[2020-05-02T05:59:58.970+0000][1][safepoint    ] Safepoint "Cleanup", Time since last: 1000780900 ns, Reaching safepoint: 166300 ns, At safepoint: 43100 ns, Total: 209400 ns
[2020-05-02T05:59:59.971+0000][1][safepoint    ] Safepoint "Cleanup", Time since last: 1000445600 ns, Reaching safepoint: 191900 ns, At safepoint: 52200 ns, Total: 244100 ns
[2020-05-02T06:00:00.972+0000][1][safepoint    ] Safepoint "Cleanup", Time since last: 1000654800 ns, Reaching safepoint: 245800 ns, At safepoint: 69200 ns, Total: 315000 ns
[2020-05-02T06:00:01.972+0000][1][safepoint    ] Safepoint "Cleanup", Time since last: 1000682500 ns, Reaching safepoint: 142700 ns, At safepoint: 35000 ns, Total: 177700 ns
[2020-05-02T06:00:02.974+0000][1][safepoint    ] Safepoint "Cleanup", Time since last: 1000609800 ns, Reaching safepoint: 442300 ns, At safepoint: 135200 ns, Total: 577500 ns
[2020-05-02T06:00:03.975+0000][1][safepoint    ] Safepoint "Cleanup", Time since last: 1000758900 ns, Reaching safepoint: 256800 ns, At safepoint: 74400 ns, Total: 331200 ns
[2020-05-02T06:00:04.976+0000][1][safepoint    ] Safepoint "Cleanup", Time since last: 1000625700 ns, Reaching safepoint: 421000 ns, At safepoint: 130200 ns, Total: 551200 ns
[2020-05-02T06:00:05.977+0000][1][safepoint    ] Safepoint "Cleanup", Time since last: 1000431500 ns, Reaching safepoint: 314100 ns, At safepoint: 95200 ns, Total: 409300 ns
[2020-05-02T06:00:06.978+0000][1][safepoint    ] Safepoint "Cleanup", Time since last: 1000806600 ns, Reaching safepoint: 579200 ns, At safepoint: 156300 ns, Total: 735500 ns
[2020-05-02T06:00:07.979+0000][1][safepoint    ] Safepoint "Cleanup", Time since last: 1000745300 ns, Reaching safepoint: 305300 ns, At safepoint: 79000 ns, Total: 384300 ns
[2020-05-02T06:00:08.981+0000][1][safepoint    ] Safepoint "Cleanup", Time since last: 1000719900 ns, Reaching safepoint: 416700 ns, At safepoint: 128200 ns, Total: 544900 ns
[2020-05-02T06:00:09.982+0000][1][safepoint    ] Safepoint "Cleanup", Time since last: 1000738500 ns, Reaching safepoint: 477100 ns, At safepoint: 129100 ns, Total: 606200 ns
[2020-05-02T06:00:10.983+0000][1][safepoint    ] Safepoint "Cleanup", Time since last: 1000721600 ns, Reaching safepoint: 174800 ns, At safepoint: 42100 ns, Total: 216900 ns
[2020-05-02T06:00:11.983+0000][1][safepoint    ] Safepoint "Cleanup", Time since last: 1000175400 ns, Reaching safepoint: 122800 ns, At safepoint: 27200 ns, Total: 150000 ns
[2020-05-02T06:00:12.984+0000][1][safepoint    ] Safepoint "Cleanup", Time since last: 1000214700 ns, Reaching safepoint: 186300 ns, At safepoint: 48500 ns, Total: 234800 ns
[2020-05-02T06:00:13.985+0000][1][safepoint    ] Safepoint "Cleanup", Time since last: 1000686500 ns, Reaching safepoint: 149600 ns, At safepoint: 34400 ns, Total: 184000 ns
[2020-05-02T06:00:14.985+0000][1][safepoint    ] Safepoint "Cleanup", Time since last: 1000145000 ns, Reaching safepoint: 153200 ns, At safepoint: 39300 ns, Total: 192500 ns
[2020-05-02T06:00:15.985+0000][1][safepoint    ] Safepoint "Cleanup", Time since last: 1000164900 ns, Reaching safepoint: 209600 ns, At safepoint: 39500 ns, Total: 249100 ns
[2020-05-02T06:00:16.986+0000][1][safepoint    ] Safepoint "Cleanup", Time since last: 1000212900 ns, Reaching safepoint: 126700 ns, At safepoint: 29000 ns, Total: 155700 ns
[2020-05-02T06:00:17.986+0000][1][safepoint    ] Safepoint "Cleanup", Time since last: 1000215500 ns, Reaching safepoint: 194500 ns, At safepoint: 48200 ns, Total: 242700 ns
[2020-05-02T06:00:18.987+0000][1][safepoint    ] Safepoint "Cleanup", Time since last: 1000640300 ns, Reaching safepoint: 336300 ns, At safepoint: 65900 ns, Total: 402200 ns
[2020-05-02T06:00:19.988+0000][1][safepoint    ] Safepoint "Cleanup", Time since last: 1000574300 ns, Reaching safepoint: 417600 ns, At safepoint: 130700 ns, Total: 548300 ns
[2020-05-02T06:00:20.989+0000][1][safepoint    ] Safepoint "Cleanup", Time since last: 1000446800 ns, Reaching safepoint: 403600 ns, At safepoint: 34100 ns, Total: 437700 ns
[2020-05-02T06:00:21.990+0000][1][safepoint    ] Safepoint "Cleanup", Time since last: 1000617600 ns, Reaching safepoint: 442400 ns, At safepoint: 133800 ns, Total: 576200 ns
[2020-05-02T06:00:22.992+0000][1][safepoint    ] Safepoint "Cleanup", Time since last: 1000840500 ns, Reaching safepoint: 444200 ns, At safepoint: 131200 ns, Total: 575400 ns
[2020-05-02T06:00:23.993+0000][1][safepoint    ] Safepoint "Cleanup", Time since last: 1000762500 ns, Reaching safepoint: 234000 ns, At safepoint: 67000 ns, Total: 301000 ns
[2020-05-02T06:00:24.994+0000][1][safepoint    ] Safepoint "Cleanup", Time since last: 1000369300 ns, Reaching safepoint: 153500 ns, At safepoint: 39500 ns, Total: 193000 ns
[2020-05-02T06:00:26.319+0000][1][safepoint    ] Safepoint "Cleanup", Time since last: 1324827000 ns, Reaching safepoint: 469300 ns, At safepoint: 168300 ns, Total: 637600 ns
[2020-05-02T06:00:27.319+0000][1][safepoint    ] Safepoint "Cleanup", Time since last: 1000296700 ns, Reaching safepoint: 130700 ns, At safepoint: 27200 ns, Total: 157900 ns
[2020-05-02T06:00:28.320+0000][1][safepoint    ] Safepoint "Cleanup", Time since last: 1000160500 ns, Reaching safepoint: 134800 ns, At safepoint: 27000 ns, Total: 161800 ns
[2020-05-02T06:00:29.320+0000][1][safepoint    ] Safepoint "Cleanup", Time since last: 1000237400 ns, Reaching safepoint: 166000 ns, At safepoint: 43500 ns, Total: 209500 ns
[2020-05-02T06:00:30.321+0000][1][safepoint    ] Safepoint "Cleanup", Time since last: 1000403300 ns, Reaching safepoint: 557000 ns, At safepoint: 178800 ns, Total: 735800 ns
[2020-05-02T06:00:31.323+0000][1][safepoint    ] Safepoint "Cleanup", Time since last: 1000788000 ns, Reaching safepoint: 418200 ns, At safepoint: 130500 ns, Total: 548700 ns
[2020-05-02T06:00:32.324+0000][1][safepoint    ] Safepoint "Cleanup", Time since last: 1000758600 ns, Reaching safepoint: 427900 ns, At safepoint: 135800 ns, Total: 563700 ns
[2020-05-02T06:00:33.326+0000][1][safepoint    ] Safepoint "Cleanup", Time since last: 1000948300 ns, Reaching safepoint: 416800 ns, At safepoint: 137600 ns, Total: 554400 ns
[2020-05-02T06:00:34.327+0000][1][safepoint    ] Safepoint "Cleanup", Time since last: 1000631100 ns, Reaching safepoint: 428400 ns, At safepoint: 158200 ns, Total: 586600 ns
[2020-05-02T06:00:35.328+0000][1][safepoint    ] Safepoint "Cleanup", Time since last: 1000752900 ns, Reaching safepoint: 495900 ns, At safepoint: 130700 ns, Total: 626600 ns
[2020-05-02T06:00:36.329+0000][1][safepoint    ] Safepoint "Cleanup", Time since last: 1000696900 ns, Reaching safepoint: 418400 ns, At safepoint: 130100 ns, Total: 548500 ns
[2020-05-02T06:00:37.330+0000][1][safepoint    ] Safepoint "Cleanup", Time since last: 1000492500 ns, Reaching safepoint: 443000 ns, At safepoint: 148800 ns, Total: 591800 ns
[2020-05-02T06:00:38.332+0000][1][safepoint    ] Safepoint "Cleanup", Time since last: 1001023600 ns, Reaching safepoint: 419300 ns, At safepoint: 138200 ns, Total: 557500 ns
[2020-05-02T06:00:39.333+0000][1][safepoint    ] Safepoint "Cleanup", Time since last: 1000812500 ns, Reaching safepoint: 418100 ns, At safepoint: 129900 ns, Total: 548000 ns
[2020-05-02T06:00:40.334+0000][1][safepoint    ] Safepoint "Cleanup", Time since last: 1000475800 ns, Reaching safepoint: 416700 ns, At safepoint: 219000 ns, Total: 635700 ns
[2020-05-02T06:00:41.336+0000][1][safepoint    ] Safepoint "Cleanup", Time since last: 1000813100 ns, Reaching safepoint: 453600 ns, At safepoint: 130400 ns, Total: 584000 ns
[2020-05-02T06:00:42.337+0000][1][safepoint    ] Safepoint "Cleanup", Time since last: 1000500900 ns, Reaching safepoint: 418700 ns, At safepoint: 125500 ns, Total: 544200 ns
[2020-05-02T06:00:43.338+0000][1][safepoint    ] Safepoint "Cleanup", Time since last: 1000663000 ns, Reaching safepoint: 128200 ns, At safepoint: 31300 ns, Total: 159500 ns
[2020-05-02T06:00:44.339+0000][1][safepoint    ] Safepoint "Cleanup", Time since last: 1000349700 ns, Reaching safepoint: 417200 ns, At safepoint: 129700 ns, Total: 546900 ns
[2020-05-02T06:00:45.340+0000][1][safepoint    ] Safepoint "Cleanup", Time since last: 1000710000 ns, Reaching safepoint: 421200 ns, At safepoint: 131900 ns, Total: 553100 ns
[2020-05-02T06:00:46.341+0000][1][safepoint    ] Safepoint "Cleanup", Time since last: 1000473500 ns, Reaching safepoint: 418600 ns, At safepoint: 126700 ns, Total: 545300 ns
[2020-05-02T06:00:47.342+0000][1][safepoint    ] Safepoint "Cleanup", Time since last: 1000481100 ns, Reaching safepoint: 559100 ns, At safepoint: 135800 ns, Total: 694900 ns
[2020-05-02T06:00:48.344+0000][1][safepoint    ] Safepoint "Cleanup", Time since last: 1000816700 ns, Reaching safepoint: 416700 ns, At safepoint: 172300 ns, Total: 589000 ns
[2020-05-02T06:00:49.345+0000][1][safepoint    ] Safepoint "Cleanup", Time since last: 1000752300 ns, Reaching safepoint: 466400 ns, At safepoint: 131700 ns, Total: 598100 ns
[2020-05-02T06:00:50.346+0000][1][safepoint    ] Safepoint "Cleanup", Time since last: 1000671000 ns, Reaching safepoint: 245500 ns, At safepoint: 61800 ns, Total: 307300 ns
[2020-05-02T06:00:51.347+0000][1][safepoint    ] Safepoint "Cleanup", Time since last: 1000482300 ns, Reaching safepoint: 194200 ns, At safepoint: 47700 ns, Total: 241900 ns
[2020-05-02T06:00:52.348+0000][1][safepoint    ] Safepoint "Cleanup", Time since last: 1000388200 ns, Reaching safepoint: 442000 ns, At safepoint: 127600 ns, Total: 569600 ns
[2020-05-02T06:00:53.349+0000][1][safepoint    ] Safepoint "Cleanup", Time since last: 1000767700 ns, Reaching safepoint: 416500 ns, At safepoint: 128600 ns, Total: 545100 ns
[2020-05-02T06:00:54.350+0000][1][safepoint    ] Safepoint "Cleanup", Time since last: 1000778100 ns, Reaching safepoint: 417300 ns, At safepoint: 130800 ns, Total: 548100 ns
[2020-05-02T06:00:55.351+0000][1][safepoint    ] Safepoint "Cleanup", Time since last: 1000701500 ns, Reaching safepoint: 446400 ns, At safepoint: 131200 ns, Total: 577600 ns
[2020-05-02T06:00:56.352+0000][1][safepoint    ] Safepoint "Cleanup", Time since last: 1000612700 ns, Reaching safepoint: 131600 ns, At safepoint: 31000 ns, Total: 162600 ns
[2020-05-02T06:00:57.353+0000][1][safepoint    ] Safepoint "Cleanup", Time since last: 1000557700 ns, Reaching safepoint: 443000 ns, At safepoint: 128700 ns, Total: 571700 ns
[2020-05-02T06:00:58.354+0000][1][safepoint    ] Safepoint "Cleanup", Time since last: 1000783000 ns, Reaching safepoint: 131600 ns, At safepoint: 31500 ns, Total: 163100 ns
[2020-05-02T06:00:59.356+0000][1][safepoint    ] Safepoint "Cleanup", Time since last: 1000700900 ns, Reaching safepoint: 415700 ns, At safepoint: 129500 ns, Total: 545200 ns
[2020-05-02T06:01:00.356+0000][1][safepoint    ] Safepoint "Cleanup", Time since last: 1000291400 ns, Reaching safepoint: 164200 ns, At safepoint: 44400 ns, Total: 208600 ns
[2020-05-02T06:01:01.356+0000][1][safepoint    ] Safepoint "Cleanup", Time since last: 1000243000 ns, Reaching safepoint: 127300 ns, At safepoint: 38500 ns, Total: 165800 ns
[2020-05-02T06:01:02.402+0000][1][safepoint    ] Safepoint "Cleanup", Time since last: 1045067700 ns, Reaching safepoint: 126800 ns, At safepoint: 28700 ns, Total: 155500 ns
[2020-05-02T06:01:03.402+0000][1][safepoint    ] Safepoint "Cleanup", Time since last: 1000507100 ns, Reaching safepoint: 222800 ns, At safepoint: 62000 ns, Total: 284800 ns
[2020-05-02T06:01:04.403+0000][1][safepoint    ] Safepoint "Cleanup", Time since last: 1000501000 ns, Reaching safepoint: 192000 ns, At safepoint: 51800 ns, Total: 243800 ns
[2020-05-02T06:01:05.404+0000][1][safepoint    ] Safepoint "Cleanup", Time since last: 1000648300 ns, Reaching safepoint: 440900 ns, At safepoint: 178200 ns, Total: 619100 ns
[2020-05-02T06:01:06.406+0000][1][safepoint    ] Safepoint "Cleanup", Time since last: 1000790900 ns, Reaching safepoint: 445900 ns, At safepoint: 129200 ns, Total: 575100 ns
[2020-05-02T06:01:07.407+0000][1][safepoint    ] Safepoint "Cleanup", Time since last: 1000446900 ns, Reaching safepoint: 314900 ns, At safepoint: 98200 ns, Total: 413100 ns
[2020-05-02T06:01:08.407+0000][1][safepoint    ] Safepoint "Cleanup", Time since last: 1000640800 ns, Reaching safepoint: 126100 ns, At safepoint: 29400 ns, Total: 155500 ns
[2020-05-02T06:01:09.408+0000][1][safepoint    ] Safepoint "Cleanup", Time since last: 1000364900 ns, Reaching safepoint: 415300 ns, At safepoint: 126300 ns, Total: 541600 ns
[2020-05-02T06:01:10.409+0000][1][safepoint    ] Safepoint "Cleanup", Time since last: 1000503400 ns, Reaching safepoint: 416900 ns, At safepoint: 132000 ns, Total: 548900 ns
[2020-05-02T06:01:11.410+0000][1][safepoint    ] Safepoint "Cleanup", Time since last: 1000479600 ns, Reaching safepoint: 151600 ns, At safepoint: 36300 ns, Total: 187900 ns
[2020-05-02T06:01:12.411+0000][1][safepoint    ] Safepoint "Cleanup", Time since last: 1000560500 ns, Reaching safepoint: 490000 ns, At safepoint: 128600 ns, Total: 618600 ns
[2020-05-02T06:01:13.413+0000][1][safepoint    ] Safepoint "Cleanup", Time since last: 1000750300 ns, Reaching safepoint: 500400 ns, At safepoint: 129000 ns, Total: 629400 ns
[2020-05-02T06:01:13.987+0000][1][safepoint    ] Safepoint "RevokeBias", Time since last: 573755500 ns, Reaching safepoint: 157800 ns, At safepoint: 93100 ns, Total: 250900 ns
[2020-05-02T06:01:13.987+0000][1][safepoint    ] Safepoint "RevokeBias", Time since last: 242300 ns, Reaching safepoint: 134200 ns, At safepoint: 128100 ns, Total: 262300 ns
[2020-05-02T06:01:13.988+0000][1][safepoint    ] Safepoint "RevokeBias", Time since last: 872000 ns, Reaching safepoint: 107600 ns, At safepoint: 67400 ns, Total: 175000 ns
[2020-05-02T06:01:13.989+0000][1][safepoint    ] Safepoint "RevokeBias", Time since last: 228100 ns, Reaching safepoint: 104000 ns, At safepoint: 64900 ns, Total: 168900 ns
[2020-05-02T06:01:13.989+0000][1][safepoint    ] Safepoint "RevokeBias", Time since last: 218100 ns, Reaching safepoint: 98000 ns, At safepoint: 49300 ns, Total: 147300 ns
[2020-05-02T06:01:13.989+0000][1][safepoint    ] Safepoint "RevokeBias", Time since last: 207900 ns, Reaching safepoint: 197900 ns, At safepoint: 63500 ns, Total: 261400 ns
[2020-05-02T06:01:13.990+0000][1][safepoint    ] Safepoint "RevokeBias", Time since last: 200400 ns, Reaching safepoint: 96200 ns, At safepoint: 44900 ns, Total: 141100 ns
[2020-05-02T06:01:13.990+0000][1][safepoint    ] Safepoint "RevokeBias", Time since last: 216200 ns, Reaching safepoint: 99000 ns, At safepoint: 47000 ns, Total: 146000 ns
[2020-05-02T06:01:13.990+0000][1][safepoint    ] Safepoint "RevokeBias", Time since last: 176200 ns, Reaching safepoint: 100600 ns, At safepoint: 44700 ns, Total: 145300 ns
[2020-05-02T06:01:14.006+0000][1][safepoint    ] Safepoint "RevokeBias", Time since last: 15587200 ns, Reaching safepoint: 89600 ns, At safepoint: 32100 ns, Total: 121700 ns
[2020-05-02T06:01:14.007+0000][1][safepoint    ] Safepoint "RevokeBias", Time since last: 302900 ns, Reaching safepoint: 117200 ns, At safepoint: 79600 ns, Total: 196800 ns
[2020-05-02T06:01:14.890+0000][1][safepoint    ] Safepoint "RevokeBias", Time since last: 882791000 ns, Reaching safepoint: 416600 ns, At safepoint: 169000 ns, Total: 585600 ns
[2020-05-02T06:01:15.892+0000][1][safepoint    ] Safepoint "Cleanup", Time since last: 1000968500 ns, Reaching safepoint: 619200 ns, At safepoint: 204200 ns, Total: 823400 ns
[2020-05-02T06:01:16.893+0000][1][safepoint    ] Safepoint "Cleanup", Time since last: 1000539100 ns, Reaching safepoint: 500900 ns, At safepoint: 201900 ns, Total: 702800 ns
[2020-05-02T06:01:17.894+0000][1][safepoint    ] Safepoint "Cleanup", Time since last: 1000913500 ns, Reaching safepoint: 265000 ns, At safepoint: 139600 ns, Total: 404600 ns
[2020-05-02T06:01:18.895+0000][1][safepoint    ] Safepoint "Cleanup", Time since last: 1000381300 ns, Reaching safepoint: 463900 ns, At safepoint: 194300 ns, Total: 658200 ns
[2020-05-02T06:01:19.897+0000][1][safepoint    ] Safepoint "Cleanup", Time since last: 1000779500 ns, Reaching safepoint: 340600 ns, At safepoint: 198100 ns, Total: 538700 ns
[2020-05-02T06:01:20.898+0000][1][safepoint    ] Safepoint "Cleanup", Time since last: 1000669400 ns, Reaching safepoint: 658500 ns, At safepoint: 316500 ns, Total: 975000 ns
[2020-05-02T06:01:21.900+0000][1][safepoint    ] Safepoint "Cleanup", Time since last: 1000438900 ns, Reaching safepoint: 424600 ns, At safepoint: 235900 ns, Total: 660500 ns
[2020-05-02T06:01:22.900+0000][1][safepoint    ] Safepoint "Cleanup", Time since last: 1000298700 ns, Reaching safepoint: 173000 ns, At safepoint: 55700 ns, Total: 228700 ns
[2020-05-02T06:01:23.900+0000][1][safepoint    ] Safepoint "Cleanup", Time since last: 1000190400 ns, Reaching safepoint: 158900 ns, At safepoint: 43200 ns, Total: 202100 ns
[2020-05-02T06:01:24.901+0000][1][safepoint    ] Safepoint "Cleanup", Time since last: 1000179600 ns, Reaching safepoint: 128000 ns, At safepoint: 40600 ns, Total: 168600 ns
[2020-05-02T06:01:25.902+0000][1][safepoint    ] Safepoint "Cleanup", Time since last: 1000720700 ns, Reaching safepoint: 646000 ns, At safepoint: 203300 ns, Total: 849300 ns
[2020-05-02T06:01:26.904+0000][1][safepoint    ] Safepoint "Cleanup", Time since last: 1000698000 ns, Reaching safepoint: 586100 ns, At safepoint: 242500 ns, Total: 828600 ns
[2020-05-02T06:01:27.905+0000][1][safepoint    ] Safepoint "Cleanup", Time since last: 1000540600 ns, Reaching safepoint: 453300 ns, At safepoint: 230300 ns, Total: 683600 ns
[2020-05-02T06:01:28.907+0000][1][safepoint    ] Safepoint "Cleanup", Time since last: 1000713000 ns, Reaching safepoint: 626100 ns, At safepoint: 203100 ns, Total: 829200 ns
[2020-05-02T06:01:29.908+0000][1][safepoint    ] Safepoint "Cleanup", Time since last: 1000510000 ns, Reaching safepoint: 414300 ns, At safepoint: 176800 ns, Total: 591100 ns
[2020-05-02T06:01:30.909+0000][1][safepoint    ] Safepoint "Cleanup", Time since last: 1000827300 ns, Reaching safepoint: 622000 ns, At safepoint: 201200 ns, Total: 823200 ns
[2020-05-02T06:01:31.911+0000][1][safepoint    ] Safepoint "Cleanup", Time since last: 1000858300 ns, Reaching safepoint: 652800 ns, At safepoint: 311600 ns, Total: 964400 ns
[2020-05-02T06:01:32.912+0000][1][safepoint    ] Safepoint "Cleanup", Time since last: 1000528500 ns, Reaching safepoint: 130200 ns, At safepoint: 43300 ns, Total: 173500 ns
[2020-05-02T06:01:33.912+0000][1][safepoint    ] Safepoint "Cleanup", Time since last: 1000234300 ns, Reaching safepoint: 127500 ns, At safepoint: 41100 ns, Total: 168600 ns
[2020-05-02T06:01:34.913+0000][1][safepoint    ] Safepoint "Cleanup", Time since last: 1000505300 ns, Reaching safepoint: 139600 ns, At safepoint: 49200 ns, Total: 188800 ns
[2020-05-02T06:01:35.914+0000][1][safepoint    ] Safepoint "Cleanup", Time since last: 1000253600 ns, Reaching safepoint: 259300 ns, At safepoint: 81000 ns, Total: 340300 ns
[2020-05-02T06:01:36.914+0000][1][safepoint    ] Safepoint "Cleanup", Time since last: 1000226500 ns, Reaching safepoint: 134000 ns, At safepoint: 43200 ns, Total: 177200 ns
[2020-05-02T06:01:37.915+0000][1][safepoint    ] Safepoint "Cleanup", Time since last: 1000284500 ns, Reaching safepoint: 148800 ns, At safepoint: 53500 ns, Total: 202300 ns
[2020-05-02T06:01:38.916+0000][1][safepoint    ] Safepoint "Cleanup", Time since last: 1000592900 ns, Reaching safepoint: 659600 ns, At safepoint: 244000 ns, Total: 903600 ns
[2020-05-02T06:01:39.918+0000][1][safepoint    ] Safepoint "Cleanup", Time since last: 1000841400 ns, Reaching safepoint: 653800 ns, At safepoint: 322200 ns, Total: 976000 ns
[2020-05-02T06:01:40.920+0000][1][safepoint    ] Safepoint "Cleanup", Time since last: 1000807000 ns, Reaching safepoint: 646000 ns, At safepoint: 300400 ns, Total: 946400 ns
[2020-05-02T06:01:41.921+0000][1][safepoint    ] Safepoint "Cleanup", Time since last: 1000400800 ns, Reaching safepoint: 420000 ns, At safepoint: 136400 ns, Total: 556400 ns
[2020-05-02T06:01:42.922+0000][1][safepoint    ] Safepoint "Cleanup", Time since last: 1000521300 ns, Reaching safepoint: 750800 ns, At safepoint: 285100 ns, Total: 1035900 ns
[2020-05-02T06:01:43.923+0000][1][safepoint    ] Safepoint "Cleanup", Time since last: 1000507100 ns, Reaching safepoint: 422000 ns, At safepoint: 271700 ns, Total: 693700 ns
[2020-05-02T06:01:44.925+0000][1][safepoint    ] Safepoint "Cleanup", Time since last: 1000933800 ns, Reaching safepoint: 693500 ns, At safepoint: 277600 ns, Total: 971100 ns
[2020-05-02T06:01:45.926+0000][1][safepoint    ] Safepoint "Cleanup", Time since last: 1000307800 ns, Reaching safepoint: 138000 ns, At safepoint: 28600 ns, Total: 166600 ns
[2020-05-02T06:01:46.927+0000][1][safepoint    ] Safepoint "Cleanup", Time since last: 1000343500 ns, Reaching safepoint: 419200 ns, At safepoint: 243500 ns, Total: 662700 ns
[2020-05-02T06:01:47.929+0000][1][safepoint    ] Safepoint "Cleanup", Time since last: 1000848100 ns, Reaching safepoint: 828000 ns, At safepoint: 222200 ns, Total: 1050200 ns
[2020-05-02T06:01:48.930+0000][1][safepoint    ] Safepoint "Cleanup", Time since last: 1000836000 ns, Reaching safepoint: 624800 ns, At safepoint: 291200 ns, Total: 916000 ns
[2020-05-02T06:01:49.008+0000][1][gc,start     ] GC(50) Pause Young (Allocation Failure)
[2020-05-02T06:01:49.008+0000][1][gc,task      ] GC(50) Using 10 workers of 10 for evacuation
[2020-05-02T06:01:49.014+0000][1][gc,age       ] GC(50) Desired survivor size 8945664 bytes, new threshold 6 (max threshold 6)
[2020-05-02T06:01:49.014+0000][1][gc,age       ] GC(50) Age table with threshold 6 (max threshold 6)
[2020-05-02T06:01:49.014+0000][1][gc,age       ] GC(50) - age   1:      71144 bytes,      71144 total
[2020-05-02T06:01:49.014+0000][1][gc,age       ] GC(50) - age   2:      48368 bytes,     119512 total
[2020-05-02T06:01:49.014+0000][1][gc,age       ] GC(50) - age   3:     267576 bytes,     387088 total
[2020-05-02T06:01:49.014+0000][1][gc,age       ] GC(50) - age   4:       8864 bytes,     395952 total
[2020-05-02T06:01:49.014+0000][1][gc,age       ] GC(50) - age   5:      31784 bytes,     427736 total
[2020-05-02T06:01:49.014+0000][1][gc,age       ] GC(50) - age   6:       8824 bytes,     436560 total
[2020-05-02T06:01:49.014+0000][1][gc,heap      ] GC(50) ParNew: 140360K->644K(157248K)
[2020-05-02T06:01:49.014+0000][1][gc,heap      ] GC(50) CMS: 82036K->82082K(349568K)
[2020-05-02T06:01:49.014+0000][1][gc,metaspace ] GC(50) Metaspace: 97538K->97538K(1138688K)
[2020-05-02T06:01:49.014+0000][1][gc           ] GC(50) Pause Young (Allocation Failure) 217M->80M(494M) 6.168ms
[2020-05-02T06:01:49.014+0000][1][gc,cpu       ] GC(50) User=0.03s Sys=0.01s Real=0.00s
[2020-05-02T06:01:49.014+0000][1][safepoint    ] Safepoint "GenCollectForAllocation", Time since last: 77114000 ns, Reaching safepoint: 389600 ns, At safepoint: 6322100 ns, Total: 6711700 ns
[2020-05-02T06:01:50.015+0000][1][safepoint    ] Safepoint "Cleanup", Time since last: 1000749800 ns, Reaching safepoint: 340600 ns, At safepoint: 109100 ns, Total: 449700 ns
[2020-05-02T06:01:51.017+0000][1][safepoint    ] Safepoint "Cleanup", Time since last: 1000545400 ns, Reaching safepoint: 425900 ns, At safepoint: 203700 ns, Total: 629600 ns
[2020-05-02T06:01:52.018+0000][1][safepoint    ] Safepoint "Cleanup", Time since last: 1000863300 ns, Reaching safepoint: 633200 ns, At safepoint: 208400 ns, Total: 841600 ns
[2020-05-02T06:01:53.020+0000][1][safepoint    ] Safepoint "Cleanup", Time since last: 1000991000 ns, Reaching safepoint: 646900 ns, At safepoint: 239500 ns, Total: 886400 ns
[2020-05-02T06:01:54.021+0000][1][safepoint    ] Safepoint "Cleanup", Time since last: 1000554800 ns, Reaching safepoint: 555600 ns, At safepoint: 49800 ns, Total: 605400 ns
[2020-05-02T06:01:55.022+0000][1][safepoint    ] Safepoint "Cleanup", Time since last: 1000334600 ns, Reaching safepoint: 124400 ns, At safepoint: 24700 ns, Total: 149100 ns
[2020-05-02T06:01:56.023+0000][1][safepoint    ] Safepoint "Cleanup", Time since last: 1000470100 ns, Reaching safepoint: 483700 ns, At safepoint: 206000 ns, Total: 689700 ns
[2020-05-02T06:01:57.024+0000][1][safepoint    ] Safepoint "Cleanup", Time since last: 1000546000 ns, Reaching safepoint: 514400 ns, At safepoint: 203700 ns, Total: 718100 ns
[2020-05-02T06:01:58.026+0000][1][safepoint    ] Safepoint "Cleanup", Time since last: 1000873400 ns, Reaching safepoint: 591600 ns, At safepoint: 211500 ns, Total: 803100 ns
[2020-05-02T06:01:59.027+0000][1][safepoint    ] Safepoint "Cleanup", Time since last: 1000497800 ns, Reaching safepoint: 492900 ns, At safepoint: 196000 ns, Total: 688900 ns
[2020-05-02T06:02:00.027+0000][1][safepoint    ] Safepoint "Cleanup", Time since last: 1000288200 ns, Reaching safepoint: 127600 ns, At safepoint: 27400 ns, Total: 155000 ns
[2020-05-02T06:02:01.028+0000][1][safepoint    ] Safepoint "Cleanup", Time since last: 1000210600 ns, Reaching safepoint: 148900 ns, At safepoint: 41700 ns, Total: 190600 ns
[2020-05-02T06:02:02.029+0000][1][safepoint    ] Safepoint "Cleanup", Time since last: 1000449200 ns, Reaching safepoint: 422900 ns, At safepoint: 138000 ns, Total: 560900 ns
[2020-05-02T06:02:03.030+0000][1][safepoint    ] Safepoint "Cleanup", Time since last: 1000910300 ns, Reaching safepoint: 450300 ns, At safepoint: 136400 ns, Total: 586700 ns
[2020-05-02T06:02:04.032+0000][1][safepoint    ] Safepoint "Cleanup", Time since last: 1000576500 ns, Reaching safepoint: 510400 ns, At safepoint: 204400 ns, Total: 714800 ns
[2020-05-02T06:02:05.033+0000][1][safepoint    ] Safepoint "Cleanup", Time since last: 1000536100 ns, Reaching safepoint: 500000 ns, At safepoint: 131300 ns, Total: 631300 ns
[2020-05-02T06:02:06.034+0000][1][safepoint    ] Safepoint "Cleanup", Time since last: 1000831000 ns, Reaching safepoint: 448100 ns, At safepoint: 138500 ns, Total: 586600 ns
[2020-05-02T06:02:07.036+0000][1][safepoint    ] Safepoint "Cleanup", Time since last: 1000933700 ns, Reaching safepoint: 445000 ns, At safepoint: 141100 ns, Total: 586100 ns
[2020-05-02T06:02:08.037+0000][1][safepoint    ] Safepoint "Cleanup", Time since last: 1000831700 ns, Reaching safepoint: 447700 ns, At safepoint: 134900 ns, Total: 582600 ns
[2020-05-02T06:02:09.038+0000][1][safepoint    ] Safepoint "Cleanup", Time since last: 1000544200 ns, Reaching safepoint: 512300 ns, At safepoint: 201600 ns, Total: 713900 ns
[2020-05-02T06:02:10.040+0000][1][safepoint    ] Safepoint "Cleanup", Time since last: 1000470800 ns, Reaching safepoint: 512400 ns, At safepoint: 127300 ns, Total: 639700 ns
[2020-05-02T06:02:11.041+0000][1][safepoint    ] Safepoint "Cleanup", Time since last: 1000419200 ns, Reaching safepoint: 510100 ns, At safepoint: 130100 ns, Total: 640200 ns
[2020-05-02T06:02:12.042+0000][1][safepoint    ] Safepoint "Cleanup", Time since last: 1000801600 ns, Reaching safepoint: 452600 ns, At safepoint: 130600 ns, Total: 583200 ns
[2020-05-02T06:02:13.043+0000][1][safepoint    ] Safepoint "Cleanup", Time since last: 1000803700 ns, Reaching safepoint: 445800 ns, At safepoint: 136200 ns, Total: 582000 ns
[2020-05-02T06:02:14.045+0000][1][safepoint    ] Safepoint "Cleanup", Time since last: 1000672300 ns, Reaching safepoint: 524300 ns, At safepoint: 211000 ns, Total: 735300 ns
[2020-05-02T06:02:15.045+0000][1][safepoint    ] Safepoint "Cleanup", Time since last: 1000459200 ns, Reaching safepoint: 148100 ns, At safepoint: 37200 ns, Total: 185300 ns
[2020-05-02T06:02:16.046+0000][1][safepoint    ] Safepoint "Cleanup", Time since last: 1000210000 ns, Reaching safepoint: 134900 ns, At safepoint: 30800 ns, Total: 165700 ns
[2020-05-02T06:02:17.047+0000][1][safepoint    ] Safepoint "Cleanup", Time since last: 1000507700 ns, Reaching safepoint: 506700 ns, At safepoint: 131300 ns, Total: 638000 ns
[2020-05-02T06:02:18.048+0000][1][safepoint    ] Safepoint "Cleanup", Time since last: 1000532500 ns, Reaching safepoint: 447400 ns, At safepoint: 138200 ns, Total: 585600 ns
[2020-05-02T06:02:19.050+0000][1][safepoint    ] Safepoint "Cleanup", Time since last: 1000900400 ns, Reaching safepoint: 445300 ns, At safepoint: 137300 ns, Total: 582600 ns
[2020-05-02T06:02:20.051+0000][1][safepoint    ] Safepoint "Cleanup", Time since last: 1000792700 ns, Reaching safepoint: 445500 ns, At safepoint: 135900 ns, Total: 581400 ns
[2020-05-02T06:02:21.052+0000][1][safepoint    ] Safepoint "Cleanup", Time since last: 1000900700 ns, Reaching safepoint: 445700 ns, At safepoint: 137000 ns, Total: 582700 ns
[2020-05-02T06:02:22.054+0000][1][safepoint    ] Safepoint "Cleanup", Time since last: 1000748200 ns, Reaching safepoint: 447700 ns, At safepoint: 132500 ns, Total: 580200 ns
[2020-05-02T06:02:23.055+0000][1][safepoint    ] Safepoint "Cleanup", Time since last: 1000526500 ns, Reaching safepoint: 574400 ns, At safepoint: 125900 ns, Total: 700300 ns
[2020-05-02T06:02:24.057+0000][1][safepoint    ] Safepoint "Cleanup", Time since last: 1000959800 ns, Reaching safepoint: 629500 ns, At safepoint: 200000 ns, Total: 829500 ns
[2020-05-02T06:02:25.183+0000][1][safepoint    ] Safepoint "Cleanup", Time since last: 1125671500 ns, Reaching safepoint: 419000 ns, At safepoint: 132300 ns, Total: 551300 ns
[2020-05-02T06:02:26.184+0000][1][safepoint    ] Safepoint "Cleanup", Time since last: 1000874200 ns, Reaching safepoint: 417300 ns, At safepoint: 183600 ns, Total: 600900 ns
[2020-05-02T06:02:27.185+0000][1][safepoint    ] Safepoint "Cleanup", Time since last: 1000701000 ns, Reaching safepoint: 175600 ns, At safepoint: 38900 ns, Total: 214500 ns
[2020-05-02T06:02:28.187+0000][1][safepoint    ] Safepoint "Cleanup", Time since last: 1000537300 ns, Reaching safepoint: 446300 ns, At safepoint: 137400 ns, Total: 583700 ns
[2020-05-02T06:02:29.188+0000][1][safepoint    ] Safepoint "Cleanup", Time since last: 1000461000 ns, Reaching safepoint: 444000 ns, At safepoint: 133700 ns, Total: 577700 ns
[2020-05-02T06:02:30.188+0000][1][safepoint    ] Safepoint "Cleanup", Time since last: 1000769500 ns, Reaching safepoint: 133200 ns, At safepoint: 32500 ns, Total: 165700 ns
[2020-05-02T06:02:31.189+0000][1][safepoint    ] Safepoint "Cleanup", Time since last: 1000599600 ns, Reaching safepoint: 259100 ns, At safepoint: 74500 ns, Total: 333600 ns
[2020-05-02T06:02:32.190+0000][1][safepoint    ] Safepoint "Cleanup", Time since last: 1000537800 ns, Reaching safepoint: 417500 ns, At safepoint: 105500 ns, Total: 523000 ns
[2020-05-02T06:02:33.192+0000][1][safepoint    ] Safepoint "Cleanup", Time since last: 1000790400 ns, Reaching safepoint: 443000 ns, At safepoint: 138000 ns, Total: 581000 ns
[2020-05-02T06:02:34.193+0000][1][safepoint    ] Safepoint "Cleanup", Time since last: 1000451300 ns, Reaching safepoint: 444100 ns, At safepoint: 137900 ns, Total: 582000 ns
[2020-05-02T06:02:35.194+0000][1][safepoint    ] Safepoint "Cleanup", Time since last: 1000637400 ns, Reaching safepoint: 330800 ns, At safepoint: 99200 ns, Total: 430000 ns
[2020-05-02T06:02:36.195+0000][1][safepoint    ] Safepoint "Cleanup", Time since last: 1000487400 ns, Reaching safepoint: 500100 ns, At safepoint: 134700 ns, Total: 634800 ns
[2020-05-02T06:02:37.196+0000][1][safepoint    ] Safepoint "Cleanup", Time since last: 1000610000 ns, Reaching safepoint: 165400 ns, At safepoint: 41800 ns, Total: 207200 ns
[2020-05-02T06:02:38.197+0000][1][safepoint    ] Safepoint "Cleanup", Time since last: 1000661800 ns, Reaching safepoint: 445100 ns, At safepoint: 138700 ns, Total: 583800 ns
[2020-05-02T06:02:39.198+0000][1][safepoint    ] Safepoint "Cleanup", Time since last: 1000588300 ns, Reaching safepoint: 331500 ns, At safepoint: 130200 ns, Total: 461700 ns
[2020-05-02T06:02:40.199+0000][1][safepoint    ] Safepoint "Cleanup", Time since last: 1000327600 ns, Reaching safepoint: 140100 ns, At safepoint: 34500 ns, Total: 174600 ns
[2020-05-02T06:02:41.199+0000][1][safepoint    ] Safepoint "Cleanup", Time since last: 1000239100 ns, Reaching safepoint: 189800 ns, At safepoint: 48400 ns, Total: 238200 ns
[2020-05-02T06:02:42.200+0000][1][safepoint    ] Safepoint "Cleanup", Time since last: 1000245500 ns, Reaching safepoint: 171200 ns, At safepoint: 42400 ns, Total: 213600 ns
[2020-05-02T06:02:43.201+0000][1][safepoint    ] Safepoint "Cleanup", Time since last: 1000364900 ns, Reaching safepoint: 514500 ns, At safepoint: 133700 ns, Total: 648200 ns
[2020-05-02T06:02:44.202+0000][1][safepoint    ] Safepoint "Cleanup", Time since last: 1000690900 ns, Reaching safepoint: 437500 ns, At safepoint: 136200 ns, Total: 573700 ns
[2020-05-02T06:02:45.203+0000][1][safepoint    ] Safepoint "Cleanup", Time since last: 1000805700 ns, Reaching safepoint: 445400 ns, At safepoint: 137100 ns, Total: 582500 ns
[2020-05-02T06:02:46.204+0000][1][safepoint    ] Safepoint "Cleanup", Time since last: 1000435400 ns, Reaching safepoint: 494700 ns, At safepoint: 192400 ns, Total: 687100 ns
[2020-05-02T06:02:47.205+0000][1][safepoint    ] Safepoint "Cleanup", Time since last: 1000615500 ns, Reaching safepoint: 146600 ns, At safepoint: 34100 ns, Total: 180700 ns
[2020-05-02T06:02:48.206+0000][1][safepoint    ] Safepoint "Cleanup", Time since last: 1000540100 ns, Reaching safepoint: 442000 ns, At safepoint: 135900 ns, Total: 577900 ns
[2020-05-02T06:02:49.208+0000][1][safepoint    ] Safepoint "Cleanup", Time since last: 1000557000 ns, Reaching safepoint: 456100 ns, At safepoint: 186100 ns, Total: 642200 ns
[2020-05-02T06:02:50.209+0000][1][safepoint    ] Safepoint "Cleanup", Time since last: 1000435700 ns, Reaching safepoint: 445100 ns, At safepoint: 132400 ns, Total: 577500 ns
[2020-05-02T06:02:51.210+0000][1][safepoint    ] Safepoint "Cleanup", Time since last: 1000799200 ns, Reaching safepoint: 530400 ns, At safepoint: 131900 ns, Total: 662300 ns
[2020-05-02T06:02:52.211+0000][1][safepoint    ] Safepoint "Cleanup", Time since last: 1000473900 ns, Reaching safepoint: 447800 ns, At safepoint: 176200 ns, Total: 624000 ns
[2020-05-02T06:02:53.212+0000][1][safepoint    ] Safepoint "Cleanup", Time since last: 1000763400 ns, Reaching safepoint: 445600 ns, At safepoint: 137000 ns, Total: 582600 ns
[2020-05-02T06:02:54.214+0000][1][safepoint    ] Safepoint "Cleanup", Time since last: 1000687800 ns, Reaching safepoint: 328700 ns, At safepoint: 97800 ns, Total: 426500 ns
[2020-05-02T06:02:55.215+0000][1][safepoint    ] Safepoint "Cleanup", Time since last: 1000649600 ns, Reaching safepoint: 506300 ns, At safepoint: 139000 ns, Total: 645300 ns
[2020-05-02T06:02:56.216+0000][1][safepoint    ] Safepoint "Cleanup", Time since last: 1000836800 ns, Reaching safepoint: 494600 ns, At safepoint: 135500 ns, Total: 630100 ns
[2020-05-02T06:02:57.217+0000][1][safepoint    ] Safepoint "Cleanup", Time since last: 1000480200 ns, Reaching safepoint: 146500 ns, At safepoint: 28100 ns, Total: 174600 ns
[2020-05-02T06:02:58.218+0000][1][safepoint    ] Safepoint "Cleanup", Time since last: 1000528400 ns, Reaching safepoint: 410400 ns, At safepoint: 125500 ns, Total: 535900 ns
[2020-05-02T06:02:59.219+0000][1][safepoint    ] Safepoint "Cleanup", Time since last: 1000796600 ns, Reaching safepoint: 444500 ns, At safepoint: 136700 ns, Total: 581200 ns
[2020-05-02T06:03:00.220+0000][1][safepoint    ] Safepoint "Cleanup", Time since last: 1000343400 ns, Reaching safepoint: 125900 ns, At safepoint: 27000 ns, Total: 152900 ns
[2020-05-02T06:03:01.221+0000][1][safepoint    ] Safepoint "Cleanup", Time since last: 1000512100 ns, Reaching safepoint: 339500 ns, At safepoint: 106300 ns, Total: 445800 ns
[2020-05-02T06:03:02.222+0000][1][safepoint    ] Safepoint "Cleanup", Time since last: 1000627200 ns, Reaching safepoint: 131400 ns, At safepoint: 32300 ns, Total: 163700 ns
[2020-05-02T06:03:03.223+0000][1][safepoint    ] Safepoint "Cleanup", Time since last: 1000673200 ns, Reaching safepoint: 507400 ns, At safepoint: 130600 ns, Total: 638000 ns
[2020-05-02T06:03:04.224+0000][1][safepoint    ] Safepoint "Cleanup", Time since last: 1000812200 ns, Reaching safepoint: 444900 ns, At safepoint: 205400 ns, Total: 650300 ns
[2020-05-02T06:03:05.226+0000][1][safepoint    ] Safepoint "Cleanup", Time since last: 1000937100 ns, Reaching safepoint: 444800 ns, At safepoint: 140300 ns, Total: 585100 ns
[2020-05-02T06:03:06.227+0000][1][safepoint    ] Safepoint "Cleanup", Time since last: 1000822900 ns, Reaching safepoint: 501100 ns, At safepoint: 131200 ns, Total: 632300 ns
[2020-05-02T06:03:07.549+0000][1][safepoint    ] Safepoint "Cleanup", Time since last: 1321156500 ns, Reaching safepoint: 137400 ns, At safepoint: 34100 ns, Total: 171500 ns
[2020-05-02T06:03:08.549+0000][1][safepoint    ] Safepoint "Cleanup", Time since last: 1000205500 ns, Reaching safepoint: 135500 ns, At safepoint: 30000 ns, Total: 165500 ns
[2020-05-02T06:03:09.550+0000][1][safepoint    ] Safepoint "Cleanup", Time since last: 1000269200 ns, Reaching safepoint: 145200 ns, At safepoint: 36000 ns, Total: 181200 ns
[2020-05-02T06:03:10.550+0000][1][safepoint    ] Safepoint "Cleanup", Time since last: 1000353100 ns, Reaching safepoint: 335900 ns, At safepoint: 103000 ns, Total: 438900 ns
[2020-05-02T06:03:11.551+0000][1][safepoint    ] Safepoint "Cleanup", Time since last: 1000405300 ns, Reaching safepoint: 442600 ns, At safepoint: 130900 ns, Total: 573500 ns
[2020-05-02T06:03:12.553+0000][1][safepoint    ] Safepoint "Cleanup", Time since last: 1000532700 ns, Reaching safepoint: 528700 ns, At safepoint: 128500 ns, Total: 657200 ns
[2020-05-02T06:03:13.553+0000][1][safepoint    ] Safepoint "Cleanup", Time since last: 1000398600 ns, Reaching safepoint: 293200 ns, At safepoint: 84500 ns, Total: 377700 ns
[2020-05-02T06:03:14.555+0000][1][safepoint    ] Safepoint "Cleanup", Time since last: 1000471600 ns, Reaching safepoint: 452200 ns, At safepoint: 287000 ns, Total: 739200 ns
[2020-05-02T06:03:15.555+0000][1][safepoint    ] Safepoint "Cleanup", Time since last: 1000682500 ns, Reaching safepoint: 162400 ns, At safepoint: 45800 ns, Total: 208200 ns
[2020-05-02T06:03:16.556+0000][1][safepoint    ] Safepoint "Cleanup", Time since last: 1000355800 ns, Reaching safepoint: 503800 ns, At safepoint: 137200 ns, Total: 641000 ns
[2020-05-02T06:03:17.557+0000][1][safepoint    ] Safepoint "Cleanup", Time since last: 1000408300 ns, Reaching safepoint: 340300 ns, At safepoint: 110400 ns, Total: 450700 ns
[2020-05-02T06:03:18.558+0000][1][safepoint    ] Safepoint "Cleanup", Time since last: 1000387100 ns, Reaching safepoint: 521400 ns, At safepoint: 140900 ns, Total: 662300 ns
[2020-05-02T06:03:19.559+0000][1][safepoint    ] Safepoint "Cleanup", Time since last: 1000462900 ns, Reaching safepoint: 505700 ns, At safepoint: 130700 ns, Total: 636400 ns
[2020-05-02T06:03:20.560+0000][1][safepoint    ] Safepoint "Cleanup", Time since last: 1000757100 ns, Reaching safepoint: 159200 ns, At safepoint: 41100 ns, Total: 200300 ns
[2020-05-02T06:03:21.561+0000][1][safepoint    ] Safepoint "Cleanup", Time since last: 1000315800 ns, Reaching safepoint: 329200 ns, At safepoint: 96900 ns, Total: 426100 ns
[2020-05-02T06:03:22.562+0000][1][safepoint    ] Safepoint "Cleanup", Time since last: 1000378300 ns, Reaching safepoint: 605200 ns, At safepoint: 126200 ns, Total: 731400 ns
[2020-05-02T06:03:23.563+0000][1][safepoint    ] Safepoint "Cleanup", Time since last: 1000648500 ns, Reaching safepoint: 444900 ns, At safepoint: 133800 ns, Total: 578700 ns
[2020-05-02T06:03:24.565+0000][1][safepoint    ] Safepoint "Cleanup", Time since last: 1000455800 ns, Reaching safepoint: 470100 ns, At safepoint: 129400 ns, Total: 599500 ns
[2020-05-02T06:03:25.565+0000][1][safepoint    ] Safepoint "Cleanup", Time since last: 1000535800 ns, Reaching safepoint: 128800 ns, At safepoint: 31300 ns, Total: 160100 ns
[2020-05-02T06:03:26.566+0000][1][safepoint    ] Safepoint "Cleanup", Time since last: 1000496900 ns, Reaching safepoint: 155000 ns, At safepoint: 32400 ns, Total: 187400 ns
[2020-05-02T06:03:27.566+0000][1][safepoint    ] Safepoint "Cleanup", Time since last: 1000220100 ns, Reaching safepoint: 146800 ns, At safepoint: 34100 ns, Total: 180900 ns
[2020-05-02T06:03:29.177+0000][1][safepoint    ] Safepoint "Cleanup", Time since last: 1610170800 ns, Reaching safepoint: 518700 ns, At safepoint: 125800 ns, Total: 644500 ns
[2020-05-02T06:03:30.178+0000][1][safepoint    ] Safepoint "Cleanup", Time since last: 1000554900 ns, Reaching safepoint: 416800 ns, At safepoint: 132600 ns, Total: 549400 ns
[2020-05-02T06:03:31.179+0000][1][safepoint    ] Safepoint "Cleanup", Time since last: 1000407900 ns, Reaching safepoint: 199700 ns, At safepoint: 55500 ns, Total: 255200 ns
[2020-05-02T06:03:32.180+0000][1][safepoint    ] Safepoint "Cleanup", Time since last: 1000623100 ns, Reaching safepoint: 447300 ns, At safepoint: 136800 ns, Total: 584100 ns
[2020-05-02T06:03:33.181+0000][1][safepoint    ] Safepoint "Cleanup", Time since last: 1000613800 ns, Reaching safepoint: 137300 ns, At safepoint: 32100 ns, Total: 169400 ns
[2020-05-02T06:03:34.181+0000][1][safepoint    ] Safepoint "Cleanup", Time since last: 1000283300 ns, Reaching safepoint: 143400 ns, At safepoint: 35300 ns, Total: 178700 ns
[2020-05-02T06:03:35.182+0000][1][safepoint    ] Safepoint "Cleanup", Time since last: 1000612000 ns, Reaching safepoint: 136100 ns, At safepoint: 33800 ns, Total: 169900 ns
[2020-05-02T06:03:36.183+0000][1][safepoint    ] Safepoint "Cleanup", Time since last: 1000342000 ns, Reaching safepoint: 143700 ns, At safepoint: 27700 ns, Total: 171400 ns
[2020-05-02T06:03:37.184+0000][1][safepoint    ] Safepoint "Cleanup", Time since last: 1000330700 ns, Reaching safepoint: 508200 ns, At safepoint: 127800 ns, Total: 636000 ns
[2020-05-02T06:03:38.185+0000][1][safepoint    ] Safepoint "Cleanup", Time since last: 1000815500 ns, Reaching safepoint: 447500 ns, At safepoint: 136900 ns, Total: 584400 ns
[2020-05-02T06:03:39.186+0000][1][safepoint    ] Safepoint "Cleanup", Time since last: 1000484600 ns, Reaching safepoint: 330300 ns, At safepoint: 97000 ns, Total: 427300 ns
[2020-05-02T06:03:40.187+0000][1][safepoint    ] Safepoint "Cleanup", Time since last: 1000642000 ns, Reaching safepoint: 449100 ns, At safepoint: 135300 ns, Total: 584400 ns
[2020-05-02T06:03:41.189+0000][1][safepoint    ] Safepoint "Cleanup", Time since last: 1000833000 ns, Reaching safepoint: 505100 ns, At safepoint: 145000 ns, Total: 650100 ns
[2020-05-02T06:03:42.190+0000][1][safepoint    ] Safepoint "Cleanup", Time since last: 1000796900 ns, Reaching safepoint: 507800 ns, At safepoint: 130800 ns, Total: 638600 ns
[2020-05-02T06:03:43.191+0000][1][safepoint    ] Safepoint "Cleanup", Time since last: 1000268800 ns, Reaching safepoint: 159400 ns, At safepoint: 36900 ns, Total: 196300 ns
[2020-05-02T06:03:44.191+0000][1][safepoint    ] Safepoint "Cleanup", Time since last: 1000505900 ns, Reaching safepoint: 170100 ns, At safepoint: 41500 ns, Total: 211600 ns
[2020-05-02T06:03:45.192+0000][1][safepoint    ] Safepoint "Cleanup", Time since last: 1000508000 ns, Reaching safepoint: 333100 ns, At safepoint: 100000 ns, Total: 433100 ns
[2020-05-02T06:03:46.194+0000][1][safepoint    ] Safepoint "Cleanup", Time since last: 1000687000 ns, Reaching safepoint: 516100 ns, At safepoint: 131700 ns, Total: 647800 ns
[2020-05-02T06:03:47.195+0000][1][safepoint    ] Safepoint "Cleanup", Time since last: 1000780000 ns, Reaching safepoint: 491000 ns, At safepoint: 135600 ns, Total: 626600 ns
[2020-05-02T06:03:48.196+0000][1][safepoint    ] Safepoint "Cleanup", Time since last: 1000671400 ns, Reaching safepoint: 201600 ns, At safepoint: 54200 ns, Total: 255800 ns
[2020-05-02T06:03:49.197+0000][1][safepoint    ] Safepoint "Cleanup", Time since last: 1000395800 ns, Reaching safepoint: 447500 ns, At safepoint: 153000 ns, Total: 600500 ns
[2020-05-02T06:03:50.198+0000][1][safepoint    ] Safepoint "Cleanup", Time since last: 1000695700 ns, Reaching safepoint: 448900 ns, At safepoint: 137000 ns, Total: 585900 ns
[2020-05-02T06:03:51.199+0000][1][safepoint    ] Safepoint "Cleanup", Time since last: 1000486800 ns, Reaching safepoint: 446500 ns, At safepoint: 137700 ns, Total: 584200 ns
[2020-05-02T06:03:52.201+0000][1][safepoint    ] Safepoint "Cleanup", Time since last: 1000799200 ns, Reaching safepoint: 450600 ns, At safepoint: 143800 ns, Total: 594400 ns
[2020-05-02T06:03:53.202+0000][1][safepoint    ] Safepoint "Cleanup", Time since last: 1000457000 ns, Reaching safepoint: 507000 ns, At safepoint: 125300 ns, Total: 632300 ns
[2020-05-02T06:03:54.202+0000][1][safepoint    ] Safepoint "Cleanup", Time since last: 1000518500 ns, Reaching safepoint: 131600 ns, At safepoint: 30600 ns, Total: 162200 ns
[2020-05-02T06:03:55.203+0000][1][safepoint    ] Safepoint "Cleanup", Time since last: 1000566600 ns, Reaching safepoint: 305900 ns, At safepoint: 89800 ns, Total: 395700 ns
[2020-05-02T06:03:56.204+0000][1][safepoint    ] Safepoint "Cleanup", Time since last: 1000443300 ns, Reaching safepoint: 193000 ns, At safepoint: 47700 ns, Total: 240700 ns
[2020-05-02T06:03:57.204+0000][1][safepoint    ] Safepoint "Cleanup", Time since last: 1000229000 ns, Reaching safepoint: 154000 ns, At safepoint: 30200 ns, Total: 184200 ns
[2020-05-02T06:03:58.205+0000][1][safepoint    ] Safepoint "Cleanup", Time since last: 1000363800 ns, Reaching safepoint: 518100 ns, At safepoint: 129700 ns, Total: 647800 ns
[2020-05-02T06:03:59.206+0000][1][safepoint    ] Safepoint "Cleanup", Time since last: 1000647500 ns, Reaching safepoint: 271800 ns, At safepoint: 79100 ns, Total: 350900 ns
[2020-05-02T06:04:00.689+0000][1][safepoint    ] Safepoint "Cleanup", Time since last: 1482611100 ns, Reaching safepoint: 376300 ns, At safepoint: 92700 ns, Total: 469000 ns
[2020-05-02T06:04:01.690+0000][1][safepoint    ] Safepoint "Cleanup", Time since last: 1000638700 ns, Reaching safepoint: 154200 ns, At safepoint: 38500 ns, Total: 192700 ns
[2020-05-02T06:04:02.692+0000][1][safepoint    ] Safepoint "Cleanup", Time since last: 1000744500 ns, Reaching safepoint: 446000 ns, At safepoint: 141200 ns, Total: 587200 ns
[2020-05-02T06:04:03.692+0000][1][safepoint    ] Safepoint "Cleanup", Time since last: 1000303700 ns, Reaching safepoint: 131200 ns, At safepoint: 27500 ns, Total: 158700 ns
[2020-05-02T06:04:04.693+0000][1][safepoint    ] Safepoint "Cleanup", Time since last: 1000626700 ns, Reaching safepoint: 502500 ns, At safepoint: 130600 ns, Total: 633100 ns
[2020-05-02T06:04:05.695+0000][1][safepoint    ] Safepoint "Cleanup", Time since last: 1000498300 ns, Reaching safepoint: 500800 ns, At safepoint: 187300 ns, Total: 688100 ns
[2020-05-02T06:04:06.696+0000][1][safepoint    ] Safepoint "Cleanup", Time since last: 1000895400 ns, Reaching safepoint: 447400 ns, At safepoint: 142600 ns, Total: 590000 ns
[2020-05-02T06:04:07.697+0000][1][safepoint    ] Safepoint "Cleanup", Time since last: 1000833200 ns, Reaching safepoint: 447200 ns, At safepoint: 135500 ns, Total: 582700 ns
[2020-05-02T06:04:08.699+0000][1][safepoint    ] Safepoint "Cleanup", Time since last: 1000797900 ns, Reaching safepoint: 442600 ns, At safepoint: 134900 ns, Total: 577500 ns
[2020-05-02T06:04:09.700+0000][1][safepoint    ] Safepoint "Cleanup", Time since last: 1000754300 ns, Reaching safepoint: 141300 ns, At safepoint: 34600 ns, Total: 175900 ns
[2020-05-02T06:04:10.701+0000][1][safepoint    ] Safepoint "Cleanup", Time since last: 1000735100 ns, Reaching safepoint: 557100 ns, At safepoint: 143200 ns, Total: 700300 ns
[2020-05-02T06:04:11.703+0000][1][safepoint    ] Safepoint "Cleanup", Time since last: 1000776600 ns, Reaching safepoint: 446300 ns, At safepoint: 135900 ns, Total: 582200 ns
[2020-05-02T06:04:12.704+0000][1][safepoint    ] Safepoint "Cleanup", Time since last: 1000646500 ns, Reaching safepoint: 520900 ns, At safepoint: 130800 ns, Total: 651700 ns
[2020-05-02T06:04:13.704+0000][1][safepoint    ] Safepoint "Cleanup", Time since last: 1000341900 ns, Reaching safepoint: 176100 ns, At safepoint: 35800 ns, Total: 211900 ns
[2020-05-02T06:04:14.705+0000][1][safepoint    ] Safepoint "Cleanup", Time since last: 1000639400 ns, Reaching safepoint: 137900 ns, At safepoint: 32700 ns, Total: 170600 ns
[2020-05-02T06:04:15.707+0000][1][safepoint    ] Safepoint "Cleanup", Time since last: 1000707000 ns, Reaching safepoint: 444500 ns, At safepoint: 135200 ns, Total: 579700 ns
[2020-05-02T06:04:16.708+0000][1][safepoint    ] Safepoint "Cleanup", Time since last: 1000760800 ns, Reaching safepoint: 510000 ns, At safepoint: 132000 ns, Total: 642000 ns
[2020-05-02T06:04:17.709+0000][1][safepoint    ] Safepoint "Cleanup", Time since last: 1000741500 ns, Reaching safepoint: 442500 ns, At safepoint: 136000 ns, Total: 578500 ns
[2020-05-02T06:04:18.710+0000][1][safepoint    ] Safepoint "Cleanup", Time since last: 1000630100 ns, Reaching safepoint: 331200 ns, At safepoint: 97400 ns, Total: 428600 ns
[2020-05-02T06:04:19.711+0000][1][safepoint    ] Safepoint "Cleanup", Time since last: 1000309600 ns, Reaching safepoint: 151500 ns, At safepoint: 37700 ns, Total: 189200 ns
[2020-05-02T06:04:20.712+0000][1][safepoint    ] Safepoint "Cleanup", Time since last: 1000427900 ns, Reaching safepoint: 433700 ns, At safepoint: 147600 ns, Total: 581300 ns
[2020-05-02T06:04:21.713+0000][1][safepoint    ] Safepoint "Cleanup", Time since last: 1000867900 ns, Reaching safepoint: 445500 ns, At safepoint: 136100 ns, Total: 581600 ns
[2020-05-02T06:04:22.715+0000][1][safepoint    ] Safepoint "Cleanup", Time since last: 1000763000 ns, Reaching safepoint: 495700 ns, At safepoint: 136800 ns, Total: 632500 ns
[2020-05-02T06:04:23.716+0000][1][safepoint    ] Safepoint "Cleanup", Time since last: 1000818700 ns, Reaching safepoint: 447900 ns, At safepoint: 137300 ns, Total: 585200 ns
[2020-05-02T06:04:24.717+0000][1][safepoint    ] Safepoint "Cleanup", Time since last: 1000834600 ns, Reaching safepoint: 454800 ns, At safepoint: 137200 ns, Total: 592000 ns
[2020-05-02T06:04:25.719+0000][1][safepoint    ] Safepoint "Cleanup", Time since last: 1000569800 ns, Reaching safepoint: 449100 ns, At safepoint: 139600 ns, Total: 588700 ns
[2020-05-02T06:04:26.719+0000][1][safepoint    ] Safepoint "Cleanup", Time since last: 1000320800 ns, Reaching safepoint: 133700 ns, At safepoint: 29500 ns, Total: 163200 ns
[2020-05-02T06:04:27.720+0000][1][safepoint    ] Safepoint "Cleanup", Time since last: 1000405900 ns, Reaching safepoint: 451100 ns, At safepoint: 144000 ns, Total: 595100 ns
[2020-05-02T06:04:28.721+0000][1][safepoint    ] Safepoint "Cleanup", Time since last: 1000382500 ns, Reaching safepoint: 132400 ns, At safepoint: 28300 ns, Total: 160700 ns
[2020-05-02T06:04:29.722+0000][1][safepoint    ] Safepoint "Cleanup", Time since last: 1000556600 ns, Reaching safepoint: 517100 ns, At safepoint: 130500 ns, Total: 647600 ns
[2020-05-02T06:04:30.723+0000][1][safepoint    ] Safepoint "Cleanup", Time since last: 1000594100 ns, Reaching safepoint: 330500 ns, At safepoint: 95700 ns, Total: 426200 ns
[2020-05-02T06:04:31.724+0000][1][safepoint    ] Safepoint "Cleanup", Time since last: 1000774500 ns, Reaching safepoint: 442100 ns, At safepoint: 139600 ns, Total: 581700 ns
[2020-05-02T06:04:32.726+0000][1][safepoint    ] Safepoint "Cleanup", Time since last: 1000897100 ns, Reaching safepoint: 445900 ns, At safepoint: 188300 ns, Total: 634200 ns
[2020-05-02T06:04:33.726+0000][1][safepoint    ] Safepoint "Cleanup", Time since last: 1000451200 ns, Reaching safepoint: 150300 ns, At safepoint: 35400 ns, Total: 185700 ns
[2020-05-02T06:04:34.727+0000][1][safepoint    ] Safepoint "Cleanup", Time since last: 1000488400 ns, Reaching safepoint: 161100 ns, At safepoint: 41600 ns, Total: 202700 ns
[2020-05-02T06:04:35.728+0000][1][safepoint    ] Safepoint "Cleanup", Time since last: 1000464300 ns, Reaching safepoint: 447400 ns, At safepoint: 189800 ns, Total: 637200 ns
[2020-05-02T06:04:36.729+0000][1][safepoint    ] Safepoint "Cleanup", Time since last: 1000546700 ns, Reaching safepoint: 290000 ns, At safepoint: 74200 ns, Total: 364200 ns
[2020-05-02T06:04:37.730+0000][1][safepoint    ] Safepoint "Cleanup", Time since last: 1000521900 ns, Reaching safepoint: 202000 ns, At safepoint: 54600 ns, Total: 256600 ns
[2020-05-02T06:04:38.731+0000][1][safepoint    ] Safepoint "Cleanup", Time since last: 1000559400 ns, Reaching safepoint: 446800 ns, At safepoint: 135700 ns, Total: 582500 ns
[2020-05-02T06:04:39.732+0000][1][safepoint    ] Safepoint "Cleanup", Time since last: 1000528000 ns, Reaching safepoint: 448900 ns, At safepoint: 134700 ns, Total: 583600 ns
[2020-05-02T06:04:40.734+0000][1][safepoint    ] Safepoint "Cleanup", Time since last: 1000926000 ns, Reaching safepoint: 447000 ns, At safepoint: 134600 ns, Total: 581600 ns
[2020-05-02T06:04:42.449+0000][1][safepoint    ] Safepoint "Cleanup", Time since last: 1715134600 ns, Reaching safepoint: 311000 ns, At safepoint: 91700 ns, Total: 402700 ns
[2020-05-02T06:04:43.450+0000][1][safepoint    ] Safepoint "Cleanup", Time since last: 1000471900 ns, Reaching safepoint: 524300 ns, At safepoint: 134900 ns, Total: 659200 ns
[2020-05-02T06:04:44.206+0000][1][gc,start     ] GC(51) Pause Young (Allocation Failure)
[2020-05-02T06:04:44.206+0000][1][gc,task      ] GC(51) Using 10 workers of 10 for evacuation
[2020-05-02T06:04:44.208+0000][1][gc,age       ] GC(51) Desired survivor size 8945664 bytes, new threshold 6 (max threshold 6)
[2020-05-02T06:04:44.208+0000][1][gc,age       ] GC(51) Age table with threshold 6 (max threshold 6)
[2020-05-02T06:04:44.208+0000][1][gc,age       ] GC(51) - age   1:      57312 bytes,      57312 total
[2020-05-02T06:04:44.208+0000][1][gc,age       ] GC(51) - age   2:      14656 bytes,      71968 total
[2020-05-02T06:04:44.208+0000][1][gc,age       ] GC(51) - age   3:      48272 bytes,     120240 total
[2020-05-02T06:04:44.208+0000][1][gc,age       ] GC(51) - age   4:     267632 bytes,     387872 total
[2020-05-02T06:04:44.208+0000][1][gc,age       ] GC(51) - age   5:       8864 bytes,     396736 total
[2020-05-02T06:04:44.208+0000][1][gc,age       ] GC(51) - age   6:      31784 bytes,     428520 total
[2020-05-02T06:04:44.208+0000][1][gc,heap      ] GC(51) ParNew: 140420K->578K(157248K)
[2020-05-02T06:04:44.208+0000][1][gc,heap      ] GC(51) CMS: 82082K->82091K(349568K)
[2020-05-02T06:04:44.208+0000][1][gc,metaspace ] GC(51) Metaspace: 97550K->97550K(1138688K)
[2020-05-02T06:04:44.209+0000][1][gc           ] GC(51) Pause Young (Allocation Failure) 217M->80M(494M) 2.497ms
[2020-05-02T06:04:44.209+0000][1][gc,cpu       ] GC(51) User=0.00s Sys=0.00s Real=0.00s
[2020-05-02T06:04:44.209+0000][1][safepoint    ] Safepoint "GenCollectForAllocation", Time since last: 755542700 ns, Reaching safepoint: 142500 ns, At safepoint: 2572600 ns, Total: 2715100 ns
[2020-05-02T06:04:45.210+0000][1][safepoint    ] Safepoint "Cleanup", Time since last: 1000391700 ns, Reaching safepoint: 446300 ns, At safepoint: 206300 ns, Total: 652600 ns
[2020-05-02T06:04:46.211+0000][1][safepoint    ] Safepoint "Cleanup", Time since last: 1000598400 ns, Reaching safepoint: 237600 ns, At safepoint: 55000 ns, Total: 292600 ns
[2020-05-02T06:04:47.212+0000][1][safepoint    ] Safepoint "Cleanup", Time since last: 1000501500 ns, Reaching safepoint: 384200 ns, At safepoint: 111600 ns, Total: 495800 ns
[2020-05-02T06:04:48.213+0000][1][safepoint    ] Safepoint "Cleanup", Time since last: 1000659900 ns, Reaching safepoint: 627200 ns, At safepoint: 201900 ns, Total: 829100 ns
[2020-05-02T06:04:49.215+0000][1][safepoint    ] Safepoint "Cleanup", Time since last: 1000614300 ns, Reaching safepoint: 832700 ns, At safepoint: 144300 ns, Total: 977000 ns
[2020-05-02T06:04:50.216+0000][1][safepoint    ] Safepoint "Cleanup", Time since last: 1000739700 ns, Reaching safepoint: 219100 ns, At safepoint: 56500 ns, Total: 275600 ns
[2020-05-02T06:04:51.217+0000][1][safepoint    ] Safepoint "Cleanup", Time since last: 1000568400 ns, Reaching safepoint: 503500 ns, At safepoint: 129700 ns, Total: 633200 ns
[2020-05-02T06:04:52.218+0000][1][safepoint    ] Safepoint "Cleanup", Time since last: 1000740700 ns, Reaching safepoint: 417800 ns, At safepoint: 135800 ns, Total: 553600 ns
[2020-05-02T06:04:53.219+0000][1][safepoint    ] Safepoint "Cleanup", Time since last: 1000776100 ns, Reaching safepoint: 131700 ns, At safepoint: 30600 ns, Total: 162300 ns
[2020-05-02T06:04:54.220+0000][1][safepoint    ] Safepoint "Cleanup", Time since last: 1000211500 ns, Reaching safepoint: 261300 ns, At safepoint: 56600 ns, Total: 317900 ns
[2020-05-02T06:04:55.221+0000][1][safepoint    ] Safepoint "Cleanup", Time since last: 1000620800 ns, Reaching safepoint: 450100 ns, At safepoint: 141200 ns, Total: 591300 ns
[2020-05-02T06:04:56.221+0000][1][safepoint    ] Safepoint "Cleanup", Time since last: 1000282400 ns, Reaching safepoint: 167500 ns, At safepoint: 58600 ns, Total: 226100 ns
[2020-05-02T06:04:57.222+0000][1][safepoint    ] Safepoint "Cleanup", Time since last: 1000246800 ns, Reaching safepoint: 246400 ns, At safepoint: 106200 ns, Total: 352600 ns
[2020-05-02T06:04:58.222+0000][1][safepoint    ] Safepoint "Cleanup", Time since last: 1000256900 ns, Reaching safepoint: 125100 ns, At safepoint: 40100 ns, Total: 165200 ns
[2020-05-02T06:04:59.224+0000][1][safepoint    ] Safepoint "Cleanup", Time since last: 1000400300 ns, Reaching safepoint: 805400 ns, At safepoint: 200800 ns, Total: 1006200 ns
[2020-05-02T06:05:00.711+0000][1][safepoint    ] Safepoint "Cleanup", Time since last: 1486737900 ns, Reaching safepoint: 458200 ns, At safepoint: 148800 ns, Total: 607000 ns
[2020-05-02T06:05:01.712+0000][1][safepoint    ] Safepoint "Cleanup", Time since last: 1000585100 ns, Reaching safepoint: 449300 ns, At safepoint: 140800 ns, Total: 590100 ns
[2020-05-02T06:05:02.713+0000][1][safepoint    ] Safepoint "Cleanup", Time since last: 1000446900 ns, Reaching safepoint: 523200 ns, At safepoint: 135900 ns, Total: 659100 ns
[2020-05-02T06:05:03.714+0000][1][safepoint    ] Safepoint "Cleanup", Time since last: 1000617900 ns, Reaching safepoint: 145700 ns, At safepoint: 29000 ns, Total: 174700 ns
[2020-05-02T06:05:04.715+0000][1][safepoint    ] Safepoint "Cleanup", Time since last: 1000303100 ns, Reaching safepoint: 164900 ns, At safepoint: 40300 ns, Total: 205200 ns
[2020-05-02T06:05:05.716+0000][1][safepoint    ] Safepoint "Cleanup", Time since last: 1000550700 ns, Reaching safepoint: 450800 ns, At safepoint: 151200 ns, Total: 602000 ns
[2020-05-02T06:05:06.717+0000][1][safepoint    ] Safepoint "Cleanup", Time since last: 1000516100 ns, Reaching safepoint: 453000 ns, At safepoint: 134600 ns, Total: 587600 ns
[2020-05-02T06:05:07.718+0000][1][safepoint    ] Safepoint "Cleanup", Time since last: 1000684300 ns, Reaching safepoint: 176700 ns, At safepoint: 47400 ns, Total: 224100 ns
[2020-05-02T06:05:08.719+0000][1][safepoint    ] Safepoint "Cleanup", Time since last: 1000674500 ns, Reaching safepoint: 198400 ns, At safepoint: 54200 ns, Total: 252600 ns
[2020-05-02T06:05:09.720+0000][1][safepoint    ] Safepoint "Cleanup", Time since last: 1000578700 ns, Reaching safepoint: 507900 ns, At safepoint: 131100 ns, Total: 639000 ns
[2020-05-02T06:05:10.721+0000][1][safepoint    ] Safepoint "Cleanup", Time since last: 1000825200 ns, Reaching safepoint: 520600 ns, At safepoint: 139500 ns, Total: 660100 ns
[2020-05-02T06:05:11.723+0000][1][safepoint    ] Safepoint "Cleanup", Time since last: 1000841000 ns, Reaching safepoint: 447000 ns, At safepoint: 136500 ns, Total: 583500 ns
[2020-05-02T06:05:12.724+0000][1][safepoint    ] Safepoint "Cleanup", Time since last: 1000435700 ns, Reaching safepoint: 517400 ns, At safepoint: 131200 ns, Total: 648600 ns
[2020-05-02T06:05:13.725+0000][1][safepoint    ] Safepoint "Cleanup", Time since last: 1000589800 ns, Reaching safepoint: 176200 ns, At safepoint: 42800 ns, Total: 219000 ns
[2020-05-02T06:05:14.725+0000][1][safepoint    ] Safepoint "Cleanup", Time since last: 1000165800 ns, Reaching safepoint: 156100 ns, At safepoint: 38500 ns, Total: 194600 ns
[2020-05-02T06:05:15.726+0000][1][safepoint    ] Safepoint "Cleanup", Time since last: 1000526700 ns, Reaching safepoint: 189100 ns, At safepoint: 49200 ns, Total: 238300 ns
[2020-05-02T06:05:16.727+0000][1][safepoint    ] Safepoint "Cleanup", Time since last: 1000516800 ns, Reaching safepoint: 456000 ns, At safepoint: 138500 ns, Total: 594500 ns
[2020-05-02T06:05:17.729+0000][1][safepoint    ] Safepoint "Cleanup", Time since last: 1000964500 ns, Reaching safepoint: 453400 ns, At safepoint: 132300 ns, Total: 585700 ns
[2020-05-02T06:05:18.729+0000][1][safepoint    ] Safepoint "Cleanup", Time since last: 1000386400 ns, Reaching safepoint: 320100 ns, At safepoint: 101900 ns, Total: 422000 ns
[2020-05-02T06:05:19.730+0000][1][safepoint    ] Safepoint "Cleanup", Time since last: 1000703400 ns, Reaching safepoint: 185000 ns, At safepoint: 49300 ns, Total: 234300 ns
[2020-05-02T06:05:20.732+0000][1][safepoint    ] Safepoint "Cleanup", Time since last: 1000673400 ns, Reaching safepoint: 427500 ns, At safepoint: 131700 ns, Total: 559200 ns
[2020-05-02T06:05:21.733+0000][1][safepoint    ] Safepoint "Cleanup", Time since last: 1000848400 ns, Reaching safepoint: 552400 ns, At safepoint: 154200 ns, Total: 706600 ns
[2020-05-02T06:05:22.734+0000][1][safepoint    ] Safepoint "Cleanup", Time since last: 1000505700 ns, Reaching safepoint: 520900 ns, At safepoint: 132400 ns, Total: 653300 ns
[2020-05-02T06:05:23.735+0000][1][safepoint    ] Safepoint "Cleanup", Time since last: 1000234600 ns, Reaching safepoint: 133500 ns, At safepoint: 26400 ns, Total: 159900 ns
[2020-05-02T06:05:24.735+0000][1][safepoint    ] Safepoint "Cleanup", Time since last: 1000171700 ns, Reaching safepoint: 133900 ns, At safepoint: 25600 ns, Total: 159500 ns
[2020-05-02T06:05:25.736+0000][1][safepoint    ] Safepoint "Cleanup", Time since last: 1000338100 ns, Reaching safepoint: 450300 ns, At safepoint: 134100 ns, Total: 584400 ns
[2020-05-02T06:05:26.737+0000][1][safepoint    ] Safepoint "Cleanup", Time since last: 1000590200 ns, Reaching safepoint: 517200 ns, At safepoint: 136900 ns, Total: 654100 ns
[2020-05-02T06:05:27.738+0000][1][safepoint    ] Safepoint "Cleanup", Time since last: 1000493200 ns, Reaching safepoint: 456900 ns, At safepoint: 137900 ns, Total: 594800 ns
[2020-05-02T06:05:28.739+0000][1][safepoint    ] Safepoint "Cleanup", Time since last: 1000677200 ns, Reaching safepoint: 204100 ns, At safepoint: 45200 ns, Total: 249300 ns
[2020-05-02T06:05:29.740+0000][1][safepoint    ] Safepoint "Cleanup", Time since last: 1000518400 ns, Reaching safepoint: 158800 ns, At safepoint: 38600 ns, Total: 197400 ns
[2020-05-02T06:05:30.741+0000][1][safepoint    ] Safepoint "Cleanup", Time since last: 1000352400 ns, Reaching safepoint: 431100 ns, At safepoint: 148500 ns, Total: 579600 ns
[2020-05-02T06:05:31.742+0000][1][safepoint    ] Safepoint "Cleanup", Time since last: 1000884900 ns, Reaching safepoint: 455300 ns, At safepoint: 137000 ns, Total: 592300 ns
[2020-05-02T06:05:32.744+0000][1][safepoint    ] Safepoint "Cleanup", Time since last: 1000829100 ns, Reaching safepoint: 561500 ns, At safepoint: 146200 ns, Total: 707700 ns
[2020-05-02T06:05:33.745+0000][1][safepoint    ] Safepoint "Cleanup", Time since last: 1000885800 ns, Reaching safepoint: 190400 ns, At safepoint: 53200 ns, Total: 243600 ns
[2020-05-02T06:05:34.746+0000][1][safepoint    ] Safepoint "Cleanup", Time since last: 1000493100 ns, Reaching safepoint: 263600 ns, At safepoint: 74300 ns, Total: 337900 ns
[2020-05-02T06:05:35.747+0000][1][safepoint    ] Safepoint "Cleanup", Time since last: 1000380700 ns, Reaching safepoint: 278400 ns, At safepoint: 80400 ns, Total: 358800 ns
[2020-05-02T06:05:36.748+0000][1][safepoint    ] Safepoint "Cleanup", Time since last: 1000432900 ns, Reaching safepoint: 523000 ns, At safepoint: 132200 ns, Total: 655200 ns
[2020-05-02T06:05:37.748+0000][1][safepoint    ] Safepoint "Cleanup", Time since last: 1000336200 ns, Reaching safepoint: 134200 ns, At safepoint: 28800 ns, Total: 163000 ns
[2020-05-02T06:05:38.749+0000][1][safepoint    ] Safepoint "Cleanup", Time since last: 1000217900 ns, Reaching safepoint: 136000 ns, At safepoint: 60000 ns, Total: 196000 ns
[2020-05-02T06:05:39.749+0000][1][safepoint    ] Safepoint "Cleanup", Time since last: 1000376700 ns, Reaching safepoint: 314000 ns, At safepoint: 96700 ns, Total: 410700 ns
[2020-05-02T06:05:40.751+0000][1][safepoint    ] Safepoint "Cleanup", Time since last: 1000969600 ns, Reaching safepoint: 453200 ns, At safepoint: 141600 ns, Total: 594800 ns
[2020-05-02T06:05:41.752+0000][1][safepoint    ] Safepoint "Cleanup", Time since last: 1000982400 ns, Reaching safepoint: 454600 ns, At safepoint: 136500 ns, Total: 591100 ns
[2020-05-02T06:05:42.754+0000][1][safepoint    ] Safepoint "Cleanup", Time since last: 1000828100 ns, Reaching safepoint: 427900 ns, At safepoint: 132700 ns, Total: 560600 ns
[2020-05-02T06:05:43.755+0000][1][safepoint    ] Safepoint "Cleanup", Time since last: 1000556700 ns, Reaching safepoint: 464900 ns, At safepoint: 134300 ns, Total: 599200 ns
[2020-05-02T06:05:44.756+0000][1][safepoint    ] Safepoint "Cleanup", Time since last: 1000513700 ns, Reaching safepoint: 251400 ns, At safepoint: 70700 ns, Total: 322100 ns
[2020-05-02T06:05:45.757+0000][1][safepoint    ] Safepoint "Cleanup", Time since last: 1000419600 ns, Reaching safepoint: 512200 ns, At safepoint: 133500 ns, Total: 645700 ns
[2020-05-02T06:05:46.758+0000][1][safepoint    ] Safepoint "Cleanup", Time since last: 1000706300 ns, Reaching safepoint: 228400 ns, At safepoint: 67300 ns, Total: 295700 ns
[2020-05-02T06:05:47.759+0000][1][safepoint    ] Safepoint "Cleanup", Time since last: 1000693900 ns, Reaching safepoint: 511800 ns, At safepoint: 138700 ns, Total: 650500 ns
[2020-05-02T06:05:48.761+0000][1][safepoint    ] Safepoint "Cleanup", Time since last: 1000779700 ns, Reaching safepoint: 453700 ns, At safepoint: 138800 ns, Total: 592500 ns
[2020-05-02T06:05:49.762+0000][1][safepoint    ] Safepoint "Cleanup", Time since last: 1000696800 ns, Reaching safepoint: 454200 ns, At safepoint: 129500 ns, Total: 583700 ns
[2020-05-02T06:05:50.763+0000][1][safepoint    ] Safepoint "Cleanup", Time since last: 1000403800 ns, Reaching safepoint: 229900 ns, At safepoint: 62600 ns, Total: 292500 ns
[2020-05-02T06:05:51.764+0000][1][safepoint    ] Safepoint "Cleanup", Time since last: 1000628800 ns, Reaching safepoint: 320800 ns, At safepoint: 97100 ns, Total: 417900 ns
[2020-05-02T06:05:52.765+0000][1][safepoint    ] Safepoint "Cleanup", Time since last: 1000528400 ns, Reaching safepoint: 396300 ns, At safepoint: 34400 ns, Total: 430700 ns
[2020-05-02T06:05:53.765+0000][1][safepoint    ] Safepoint "Cleanup", Time since last: 1000336700 ns, Reaching safepoint: 134000 ns, At safepoint: 28500 ns, Total: 162500 ns
[2020-05-02T06:05:55.195+0000][1][safepoint    ] Safepoint "Cleanup", Time since last: 1429176600 ns, Reaching safepoint: 553500 ns, At safepoint: 129400 ns, Total: 682900 ns
[2020-05-02T06:05:56.196+0000][1][safepoint    ] Safepoint "Cleanup", Time since last: 1000390600 ns, Reaching safepoint: 480400 ns, At safepoint: 131700 ns, Total: 612100 ns
[2020-05-02T06:05:57.197+0000][1][safepoint    ] Safepoint "Cleanup", Time since last: 1000498500 ns, Reaching safepoint: 462900 ns, At safepoint: 148700 ns, Total: 611600 ns
[2020-05-02T06:05:58.198+0000][1][safepoint    ] Safepoint "Cleanup", Time since last: 1000354100 ns, Reaching safepoint: 136400 ns, At safepoint: 26700 ns, Total: 163100 ns
[2020-05-02T06:05:59.199+0000][1][safepoint    ] Safepoint "Cleanup", Time since last: 1000562400 ns, Reaching safepoint: 454700 ns, At safepoint: 209700 ns, Total: 664400 ns
[2020-05-02T06:06:00.199+0000][1][safepoint    ] Safepoint "Cleanup", Time since last: 1000396000 ns, Reaching safepoint: 121200 ns, At safepoint: 27000 ns, Total: 148200 ns
[2020-05-02T06:06:01.200+0000][1][safepoint    ] Safepoint "Cleanup", Time since last: 1000312000 ns, Reaching safepoint: 458700 ns, At safepoint: 123800 ns, Total: 582500 ns
[2020-05-02T06:06:02.201+0000][1][safepoint    ] Safepoint "Cleanup", Time since last: 1000678300 ns, Reaching safepoint: 427700 ns, At safepoint: 132400 ns, Total: 560100 ns
[2020-05-02T06:06:03.203+0000][1][safepoint    ] Safepoint "Cleanup", Time since last: 1000769700 ns, Reaching safepoint: 453900 ns, At safepoint: 138400 ns, Total: 592300 ns
[2020-05-02T06:06:04.204+0000][1][safepoint    ] Safepoint "Cleanup", Time since last: 1000605300 ns, Reaching safepoint: 299100 ns, At safepoint: 68900 ns, Total: 368000 ns
[2020-05-02T06:06:05.205+0000][1][safepoint    ] Safepoint "Cleanup", Time since last: 1000538300 ns, Reaching safepoint: 387900 ns, At safepoint: 115400 ns, Total: 503300 ns
[2020-05-02T06:06:06.206+0000][1][safepoint    ] Safepoint "Cleanup", Time since last: 1000477100 ns, Reaching safepoint: 513500 ns, At safepoint: 124700 ns, Total: 638200 ns
[2020-05-02T06:06:07.207+0000][1][safepoint    ] Safepoint "Cleanup", Time since last: 1000477500 ns, Reaching safepoint: 470600 ns, At safepoint: 134500 ns, Total: 605100 ns
[2020-05-02T06:06:08.208+0000][1][safepoint    ] Safepoint "Cleanup", Time since last: 1000565500 ns, Reaching safepoint: 455600 ns, At safepoint: 137300 ns, Total: 592900 ns
[2020-05-02T06:06:09.209+0000][1][safepoint    ] Safepoint "Cleanup", Time since last: 1000698700 ns, Reaching safepoint: 213500 ns, At safepoint: 56800 ns, Total: 270300 ns
[2020-05-02T06:06:10.210+0000][1][safepoint    ] Safepoint "Cleanup", Time since last: 1000384300 ns, Reaching safepoint: 234100 ns, At safepoint: 63000 ns, Total: 297100 ns
[2020-05-02T06:06:11.211+0000][1][safepoint    ] Safepoint "Cleanup", Time since last: 1000483800 ns, Reaching safepoint: 173200 ns, At safepoint: 36600 ns, Total: 209800 ns
[2020-05-02T06:06:12.212+0000][1][safepoint    ] Safepoint "Cleanup", Time since last: 1000424000 ns, Reaching safepoint: 441600 ns, At safepoint: 139200 ns, Total: 580800 ns
[2020-05-02T06:06:13.212+0000][1][safepoint    ] Safepoint "Cleanup", Time since last: 1000369200 ns, Reaching safepoint: 144800 ns, At safepoint: 27200 ns, Total: 172000 ns
[2020-05-02T06:06:13.673+0000][1][safepoint    ] Safepoint "RevokeBias", Time since last: 459848400 ns, Reaching safepoint: 515800 ns, At safepoint: 174000 ns, Total: 689800 ns
[2020-05-02T06:06:13.674+0000][1][safepoint    ] Safepoint "RevokeBias", Time since last: 764100 ns, Reaching safepoint: 356900 ns, At safepoint: 160600 ns, Total: 517500 ns
[2020-05-02T06:06:13.675+0000][1][safepoint    ] Safepoint "RevokeBias", Time since last: 589000 ns, Reaching safepoint: 453400 ns, At safepoint: 161900 ns, Total: 615300 ns
[2020-05-02T06:06:13.676+0000][1][safepoint    ] Safepoint "RevokeBias", Time since last: 597600 ns, Reaching safepoint: 346500 ns, At safepoint: 160500 ns, Total: 507000 ns
[2020-05-02T06:06:13.677+0000][1][safepoint    ] Safepoint "RevokeBias", Time since last: 613800 ns, Reaching safepoint: 353200 ns, At safepoint: 241700 ns, Total: 594900 ns
[2020-05-02T06:06:13.990+0000][1][safepoint    ] Safepoint "RevokeBias", Time since last: 311429100 ns, Reaching safepoint: 522300 ns, At safepoint: 189900 ns, Total: 712200 ns
[2020-05-02T06:06:14.990+0000][1][safepoint    ] Safepoint "Cleanup", Time since last: 1000350500 ns, Reaching safepoint: 141200 ns, At safepoint: 31900 ns, Total: 173100 ns
[2020-05-02T06:06:15.991+0000][1][safepoint    ] Safepoint "Cleanup", Time since last: 1000536400 ns, Reaching safepoint: 212100 ns, At safepoint: 57200 ns, Total: 269300 ns
[2020-05-02T06:06:16.992+0000][1][safepoint    ] Safepoint "Cleanup", Time since last: 1000382700 ns, Reaching safepoint: 441200 ns, At safepoint: 146000 ns, Total: 587200 ns
[2020-05-02T06:06:17.993+0000][1][safepoint    ] Safepoint "Cleanup", Time since last: 1000503600 ns, Reaching safepoint: 451100 ns, At safepoint: 135600 ns, Total: 586700 ns
[2020-05-02T06:06:18.994+0000][1][safepoint    ] Safepoint "Cleanup", Time since last: 1000486400 ns, Reaching safepoint: 447400 ns, At safepoint: 137000 ns, Total: 584400 ns
[2020-05-02T06:06:19.995+0000][1][safepoint    ] Safepoint "Cleanup", Time since last: 1000639600 ns, Reaching safepoint: 507800 ns, At safepoint: 137100 ns, Total: 644900 ns
[2020-05-02T06:06:20.997+0000][1][safepoint    ] Safepoint "Cleanup", Time since last: 1000691600 ns, Reaching safepoint: 454800 ns, At safepoint: 138500 ns, Total: 593300 ns
[2020-05-02T06:06:21.998+0000][1][safepoint    ] Safepoint "Cleanup", Time since last: 1000582400 ns, Reaching safepoint: 520100 ns, At safepoint: 136300 ns, Total: 656400 ns
[2020-05-02T06:06:22.999+0000][1][safepoint    ] Safepoint "Cleanup", Time since last: 1000611500 ns, Reaching safepoint: 444300 ns, At safepoint: 192400 ns, Total: 636700 ns
[2020-05-02T06:06:24.001+0000][1][safepoint    ] Safepoint "Cleanup", Time since last: 1000907400 ns, Reaching safepoint: 424100 ns, At safepoint: 138600 ns, Total: 562700 ns
[2020-05-02T06:06:25.183+0000][1][safepoint    ] Safepoint "Cleanup", Time since last: 1181549100 ns, Reaching safepoint: 427600 ns, At safepoint: 135600 ns, Total: 563200 ns
[2020-05-02T06:06:26.183+0000][1][safepoint    ] Safepoint "Cleanup", Time since last: 1000622800 ns, Reaching safepoint: 128500 ns, At safepoint: 31500 ns, Total: 160000 ns
[2020-05-02T06:06:27.185+0000][1][safepoint    ] Safepoint "Cleanup", Time since last: 1000452000 ns, Reaching safepoint: 719300 ns, At safepoint: 141600 ns, Total: 860900 ns
[2020-05-02T06:06:28.185+0000][1][safepoint    ] Safepoint "Cleanup", Time since last: 1000281300 ns, Reaching safepoint: 123000 ns, At safepoint: 26000 ns, Total: 149000 ns
[2020-05-02T06:06:29.186+0000][1][safepoint    ] Safepoint "Cleanup", Time since last: 1000581900 ns, Reaching safepoint: 416700 ns, At safepoint: 134000 ns, Total: 550700 ns
[2020-05-02T06:06:30.188+0000][1][safepoint    ] Safepoint "Cleanup", Time since last: 1000853600 ns, Reaching safepoint: 420500 ns, At safepoint: 132200 ns, Total: 552700 ns
[2020-05-02T06:06:31.189+0000][1][safepoint    ] Safepoint "Cleanup", Time since last: 1000730300 ns, Reaching safepoint: 415100 ns, At safepoint: 132800 ns, Total: 547900 ns
[2020-05-02T06:06:32.190+0000][1][safepoint    ] Safepoint "Cleanup", Time since last: 1000739700 ns, Reaching safepoint: 502600 ns, At safepoint: 132200 ns, Total: 634800 ns
[2020-05-02T06:06:33.192+0000][1][safepoint    ] Safepoint "Cleanup", Time since last: 1000702400 ns, Reaching safepoint: 417500 ns, At safepoint: 132000 ns, Total: 549500 ns
[2020-05-02T06:06:34.193+0000][1][safepoint    ] Safepoint "Cleanup", Time since last: 1000764500 ns, Reaching safepoint: 417600 ns, At safepoint: 133100 ns, Total: 550700 ns
[2020-05-02T06:06:35.194+0000][1][safepoint    ] Safepoint "Cleanup", Time since last: 1000777300 ns, Reaching safepoint: 416400 ns, At safepoint: 133700 ns, Total: 550100 ns
[2020-05-02T06:06:36.196+0000][1][safepoint    ] Safepoint "Cleanup", Time since last: 1000662600 ns, Reaching safepoint: 415800 ns, At safepoint: 134000 ns, Total: 549800 ns
[2020-05-02T06:06:37.197+0000][1][safepoint    ] Safepoint "Cleanup", Time since last: 1001002700 ns, Reaching safepoint: 416900 ns, At safepoint: 138700 ns, Total: 555600 ns
[2020-05-02T06:06:38.198+0000][1][safepoint    ] Safepoint "Cleanup", Time since last: 1000873700 ns, Reaching safepoint: 415700 ns, At safepoint: 138000 ns, Total: 553700 ns
[2020-05-02T06:06:39.200+0000][1][safepoint    ] Safepoint "Cleanup", Time since last: 1000686700 ns, Reaching safepoint: 270000 ns, At safepoint: 83600 ns, Total: 353600 ns
[2020-05-02T06:06:40.201+0000][1][safepoint    ] Safepoint "Cleanup", Time since last: 1000403900 ns, Reaching safepoint: 518700 ns, At safepoint: 132600 ns, Total: 651300 ns
[2020-05-02T06:06:41.202+0000][1][safepoint    ] Safepoint "Cleanup", Time since last: 1000577000 ns, Reaching safepoint: 420700 ns, At safepoint: 132600 ns, Total: 553300 ns
[2020-05-02T06:06:42.203+0000][1][safepoint    ] Safepoint "Cleanup", Time since last: 1000806100 ns, Reaching safepoint: 416800 ns, At safepoint: 134400 ns, Total: 551200 ns
[2020-05-02T06:06:43.204+0000][1][safepoint    ] Safepoint "Cleanup", Time since last: 1000630100 ns, Reaching safepoint: 309800 ns, At safepoint: 96300 ns, Total: 406100 ns
[2020-05-02T06:06:44.205+0000][1][safepoint    ] Safepoint "Cleanup", Time since last: 1000652800 ns, Reaching safepoint: 453400 ns, At safepoint: 133800 ns, Total: 587200 ns
[2020-05-02T06:06:45.207+0000][1][safepoint    ] Safepoint "Cleanup", Time since last: 1000801500 ns, Reaching safepoint: 416500 ns, At safepoint: 133100 ns, Total: 549600 ns
[2020-05-02T06:06:46.208+0000][1][safepoint    ] Safepoint "Cleanup", Time since last: 1000402800 ns, Reaching safepoint: 415100 ns, At safepoint: 133000 ns, Total: 548100 ns
[2020-05-02T06:06:47.209+0000][1][safepoint    ] Safepoint "Cleanup", Time since last: 1000816900 ns, Reaching safepoint: 444400 ns, At safepoint: 131500 ns, Total: 575900 ns
[2020-05-02T06:06:48.211+0000][1][safepoint    ] Safepoint "Cleanup", Time since last: 1001007800 ns, Reaching safepoint: 417800 ns, At safepoint: 138100 ns, Total: 555900 ns
[2020-05-02T06:06:49.211+0000][1][safepoint    ] Safepoint "Cleanup", Time since last: 1000339000 ns, Reaching safepoint: 137100 ns, At safepoint: 35200 ns, Total: 172300 ns
[2020-05-02T06:06:50.212+0000][1][safepoint    ] Safepoint "Cleanup", Time since last: 1000578400 ns, Reaching safepoint: 600300 ns, At safepoint: 159100 ns, Total: 759400 ns
[2020-05-02T06:06:51.214+0000][1][safepoint    ] Safepoint "Cleanup", Time since last: 1000587400 ns, Reaching safepoint: 418000 ns, At safepoint: 150200 ns, Total: 568200 ns
[2020-05-02T06:06:52.584+0000][1][safepoint    ] Safepoint "Cleanup", Time since last: 1369606000 ns, Reaching safepoint: 424500 ns, At safepoint: 134300 ns, Total: 558800 ns
[2020-05-02T06:06:53.585+0000][1][safepoint    ] Safepoint "Cleanup", Time since last: 1000763400 ns, Reaching safepoint: 418100 ns, At safepoint: 134800 ns, Total: 552900 ns
[2020-05-02T06:06:54.586+0000][1][safepoint    ] Safepoint "Cleanup", Time since last: 1000743500 ns, Reaching safepoint: 165600 ns, At safepoint: 43000 ns, Total: 208600 ns
[2020-05-02T06:06:55.587+0000][1][safepoint    ] Safepoint "Cleanup", Time since last: 1000304900 ns, Reaching safepoint: 484700 ns, At safepoint: 135200 ns, Total: 619900 ns
[2020-05-02T06:06:56.588+0000][1][safepoint    ] Safepoint "Cleanup", Time since last: 1000748900 ns, Reaching safepoint: 415700 ns, At safepoint: 133300 ns, Total: 549000 ns
[2020-05-02T06:06:57.590+0000][1][safepoint    ] Safepoint "Cleanup", Time since last: 1000746000 ns, Reaching safepoint: 415100 ns, At safepoint: 131600 ns, Total: 546700 ns
[2020-05-02T06:06:58.591+0000][1][safepoint    ] Safepoint "Cleanup", Time since last: 1000799600 ns, Reaching safepoint: 415800 ns, At safepoint: 133300 ns, Total: 549100 ns
[2020-05-02T06:06:59.592+0000][1][safepoint    ] Safepoint "Cleanup", Time since last: 1000450400 ns, Reaching safepoint: 489500 ns, At safepoint: 135700 ns, Total: 625200 ns
[2020-05-02T06:07:00.593+0000][1][safepoint    ] Safepoint "Cleanup", Time since last: 1000459600 ns, Reaching safepoint: 330900 ns, At safepoint: 95900 ns, Total: 426800 ns
[2020-05-02T06:07:01.594+0000][1][safepoint    ] Safepoint "Cleanup", Time since last: 1000603900 ns, Reaching safepoint: 415400 ns, At safepoint: 132800 ns, Total: 548200 ns
[2020-05-02T06:07:02.595+0000][1][safepoint    ] Safepoint "Cleanup", Time since last: 1000844000 ns, Reaching safepoint: 417000 ns, At safepoint: 133600 ns, Total: 550600 ns
[2020-05-02T06:07:03.596+0000][1][safepoint    ] Safepoint "Cleanup", Time since last: 1000437000 ns, Reaching safepoint: 123000 ns, At safepoint: 26500 ns, Total: 149500 ns
[2020-05-02T06:07:04.596+0000][1][safepoint    ] Safepoint "Cleanup", Time since last: 1000155900 ns, Reaching safepoint: 142400 ns, At safepoint: 33300 ns, Total: 175700 ns
[2020-05-02T06:07:05.597+0000][1][safepoint    ] Safepoint "Cleanup", Time since last: 1000311800 ns, Reaching safepoint: 415800 ns, At safepoint: 130100 ns, Total: 545900 ns
[2020-05-02T06:07:06.598+0000][1][safepoint    ] Safepoint "Cleanup", Time since last: 1000499400 ns, Reaching safepoint: 186700 ns, At safepoint: 51400 ns, Total: 238100 ns
[2020-05-02T06:07:07.599+0000][1][safepoint    ] Safepoint "Cleanup", Time since last: 1000362900 ns, Reaching safepoint: 503100 ns, At safepoint: 130700 ns, Total: 633800 ns
[2020-05-02T06:07:08.600+0000][1][safepoint    ] Safepoint "Cleanup", Time since last: 1000464100 ns, Reaching safepoint: 417100 ns, At safepoint: 132100 ns, Total: 549200 ns
[2020-05-02T06:07:09.601+0000][1][safepoint    ] Safepoint "Cleanup", Time since last: 1000380700 ns, Reaching safepoint: 154300 ns, At safepoint: 32000 ns, Total: 186300 ns
[2020-05-02T06:07:10.601+0000][1][safepoint    ] Safepoint "Cleanup", Time since last: 1000139600 ns, Reaching safepoint: 125200 ns, At safepoint: 29600 ns, Total: 154800 ns
[2020-05-02T06:07:11.601+0000][1][safepoint    ] Safepoint "Cleanup", Time since last: 1000205500 ns, Reaching safepoint: 139100 ns, At safepoint: 36400 ns, Total: 175500 ns
[2020-05-02T06:07:12.602+0000][1][safepoint    ] Safepoint "Cleanup", Time since last: 1000175700 ns, Reaching safepoint: 125100 ns, At safepoint: 30800 ns, Total: 155900 ns
[2020-05-02T06:07:13.602+0000][1][safepoint    ] Safepoint "Cleanup", Time since last: 1000321600 ns, Reaching safepoint: 145200 ns, At safepoint: 27900 ns, Total: 173100 ns
[2020-05-02T06:07:14.602+0000][1][safepoint    ] Safepoint "Cleanup", Time since last: 1000319100 ns, Reaching safepoint: 138300 ns, At safepoint: 29200 ns, Total: 167500 ns
[2020-05-02T06:07:15.603+0000][1][safepoint    ] Safepoint "Cleanup", Time since last: 1000435900 ns, Reaching safepoint: 173400 ns, At safepoint: 44100 ns, Total: 217500 ns
[2020-05-02T06:07:16.604+0000][1][safepoint    ] Safepoint "Cleanup", Time since last: 1000240500 ns, Reaching safepoint: 152100 ns, At safepoint: 35300 ns, Total: 187400 ns
[2020-05-02T06:07:17.604+0000][1][safepoint    ] Safepoint "Cleanup", Time since last: 1000298900 ns, Reaching safepoint: 136400 ns, At safepoint: 27300 ns, Total: 163700 ns
[2020-05-02T06:07:18.605+0000][1][safepoint    ] Safepoint "Cleanup", Time since last: 1000386100 ns, Reaching safepoint: 220400 ns, At safepoint: 25900 ns, Total: 246300 ns
[2020-05-02T06:07:19.605+0000][1][safepoint    ] Safepoint "Cleanup", Time since last: 1000234700 ns, Reaching safepoint: 286900 ns, At safepoint: 93500 ns, Total: 380400 ns
[2020-05-02T06:07:20.606+0000][1][safepoint    ] Safepoint "Cleanup", Time since last: 1000247300 ns, Reaching safepoint: 125800 ns, At safepoint: 28300 ns, Total: 154100 ns
[2020-05-02T06:07:21.607+0000][1][safepoint    ] Safepoint "Cleanup", Time since last: 1000287100 ns, Reaching safepoint: 427700 ns, At safepoint: 154000 ns, Total: 581700 ns
[2020-05-02T06:07:22.608+0000][1][safepoint    ] Safepoint "Cleanup", Time since last: 1000514400 ns, Reaching safepoint: 371800 ns, At safepoint: 93300 ns, Total: 465100 ns
[2020-05-02T06:07:23.609+0000][1][safepoint    ] Safepoint "Cleanup", Time since last: 1000666300 ns, Reaching safepoint: 443700 ns, At safepoint: 135600 ns, Total: 579300 ns
[2020-05-02T06:07:24.610+0000][1][safepoint    ] Safepoint "Cleanup", Time since last: 1000684000 ns, Reaching safepoint: 441900 ns, At safepoint: 133100 ns, Total: 575000 ns
[2020-05-02T06:07:25.611+0000][1][safepoint    ] Safepoint "Cleanup", Time since last: 1000686300 ns, Reaching safepoint: 153300 ns, At safepoint: 51800 ns, Total: 205100 ns
[2020-05-02T06:07:26.612+0000][1][safepoint    ] Safepoint "Cleanup", Time since last: 1000543500 ns, Reaching safepoint: 148500 ns, At safepoint: 31300 ns, Total: 179800 ns
[2020-05-02T06:07:27.613+0000][1][safepoint    ] Safepoint "Cleanup", Time since last: 1000375400 ns, Reaching safepoint: 408700 ns, At safepoint: 133500 ns, Total: 542200 ns
[2020-05-02T06:07:29.204+0000][1][safepoint    ] Safepoint "Cleanup", Time since last: 1591010900 ns, Reaching safepoint: 444400 ns, At safepoint: 144400 ns, Total: 588800 ns
[2020-05-02T06:07:30.205+0000][1][safepoint    ] Safepoint "Cleanup", Time since last: 1000980400 ns, Reaching safepoint: 202900 ns, At safepoint: 83900 ns, Total: 286800 ns
[2020-05-02T06:07:31.207+0000][1][safepoint    ] Safepoint "Cleanup", Time since last: 1000762600 ns, Reaching safepoint: 443900 ns, At safepoint: 143100 ns, Total: 587000 ns
[2020-05-02T06:07:32.208+0000][1][safepoint    ] Safepoint "Cleanup", Time since last: 1000534200 ns, Reaching safepoint: 506600 ns, At safepoint: 131800 ns, Total: 638400 ns
[2020-05-02T06:07:33.209+0000][1][safepoint    ] Safepoint "Cleanup", Time since last: 1000731100 ns, Reaching safepoint: 156900 ns, At safepoint: 41400 ns, Total: 198300 ns
[2020-05-02T06:07:34.209+0000][1][safepoint    ] Safepoint "Cleanup", Time since last: 1000234300 ns, Reaching safepoint: 166400 ns, At safepoint: 38000 ns, Total: 204400 ns
[2020-05-02T06:07:35.210+0000][1][safepoint    ] Safepoint "Cleanup", Time since last: 1000241100 ns, Reaching safepoint: 146800 ns, At safepoint: 28300 ns, Total: 175100 ns
[2020-05-02T06:07:36.211+0000][1][safepoint    ] Safepoint "Cleanup", Time since last: 1000789400 ns, Reaching safepoint: 445500 ns, At safepoint: 136900 ns, Total: 582400 ns
[2020-05-02T06:07:37.213+0000][1][safepoint    ] Safepoint "Cleanup", Time since last: 1000794300 ns, Reaching safepoint: 443200 ns, At safepoint: 136300 ns, Total: 579500 ns
[2020-05-02T06:07:38.214+0000][1][safepoint    ] Safepoint "Cleanup", Time since last: 1000680800 ns, Reaching safepoint: 445600 ns, At safepoint: 136100 ns, Total: 581700 ns
[2020-05-02T06:07:39.215+0000][1][safepoint    ] Safepoint "Cleanup", Time since last: 1000746700 ns, Reaching safepoint: 446400 ns, At safepoint: 150800 ns, Total: 597200 ns
[2020-05-02T06:07:40.217+0000][1][safepoint    ] Safepoint "Cleanup", Time since last: 1000855100 ns, Reaching safepoint: 505900 ns, At safepoint: 135100 ns, Total: 641000 ns
[2020-05-02T06:07:40.399+0000][1][gc,start     ] GC(52) Pause Young (Allocation Failure)
[2020-05-02T06:07:40.399+0000][1][gc,task      ] GC(52) Using 10 workers of 10 for evacuation
[2020-05-02T06:07:40.404+0000][1][gc,age       ] GC(52) Desired survivor size 8945664 bytes, new threshold 6 (max threshold 6)
[2020-05-02T06:07:40.404+0000][1][gc,age       ] GC(52) Age table with threshold 6 (max threshold 6)
[2020-05-02T06:07:40.404+0000][1][gc,age       ] GC(52) - age   1:      59832 bytes,      59832 total
[2020-05-02T06:07:40.404+0000][1][gc,age       ] GC(52) - age   2:        952 bytes,      60784 total
[2020-05-02T06:07:40.404+0000][1][gc,age       ] GC(52) - age   3:      14624 bytes,      75408 total
[2020-05-02T06:07:40.404+0000][1][gc,age       ] GC(52) - age   4:      46848 bytes,     122256 total
[2020-05-02T06:07:40.404+0000][1][gc,age       ] GC(52) - age   5:     266832 bytes,     389088 total
[2020-05-02T06:07:40.404+0000][1][gc,age       ] GC(52) - age   6:       8864 bytes,     397952 total
[2020-05-02T06:07:40.404+0000][1][gc,heap      ] GC(52) ParNew: 140354K->542K(157248K)
[2020-05-02T06:07:40.404+0000][1][gc,heap      ] GC(52) CMS: 82091K->82123K(349568K)
[2020-05-02T06:07:40.404+0000][1][gc,metaspace ] GC(52) Metaspace: 97562K->97562K(1138688K)
[2020-05-02T06:07:40.404+0000][1][gc           ] GC(52) Pause Young (Allocation Failure) 217M->80M(494M) 5.178ms
[2020-05-02T06:07:40.404+0000][1][gc,cpu       ] GC(52) User=0.02s Sys=0.00s Real=0.00s
[2020-05-02T06:07:40.404+0000][1][safepoint    ] Safepoint "GenCollectForAllocation", Time since last: 181898500 ns, Reaching safepoint: 434600 ns, At safepoint: 5290300 ns, Total: 5724900 ns
[2020-05-02T06:07:41.406+0000][1][safepoint    ] Safepoint "Cleanup", Time since last: 1000579100 ns, Reaching safepoint: 603200 ns, At safepoint: 199700 ns, Total: 802900 ns
[2020-05-02T06:07:42.407+0000][1][safepoint    ] Safepoint "Cleanup", Time since last: 1000633000 ns, Reaching safepoint: 462800 ns, At safepoint: 247600 ns, Total: 710400 ns
[2020-05-02T06:07:43.408+0000][1][safepoint    ] Safepoint "Cleanup", Time since last: 1000478200 ns, Reaching safepoint: 421900 ns, At safepoint: 205200 ns, Total: 627100 ns
[2020-05-02T06:07:44.409+0000][1][safepoint    ] Safepoint "Cleanup", Time since last: 1000439200 ns, Reaching safepoint: 150700 ns, At safepoint: 34100 ns, Total: 184800 ns
[2020-05-02T06:07:45.410+0000][1][safepoint    ] Safepoint "Cleanup", Time since last: 1000481100 ns, Reaching safepoint: 339900 ns, At safepoint: 112100 ns, Total: 452000 ns
[2020-05-02T06:07:46.410+0000][1][safepoint    ] Safepoint "Cleanup", Time since last: 1000516300 ns, Reaching safepoint: 285200 ns, At safepoint: 71700 ns, Total: 356900 ns
[2020-05-02T06:07:47.412+0000][1][safepoint    ] Safepoint "Cleanup", Time since last: 1000677300 ns, Reaching safepoint: 654100 ns, At safepoint: 199900 ns, Total: 854000 ns
[2020-05-02T06:07:48.414+0000][1][safepoint    ] Safepoint "Cleanup", Time since last: 1000941100 ns, Reaching safepoint: 644500 ns, At safepoint: 200500 ns, Total: 845000 ns
[2020-05-02T06:07:49.415+0000][1][safepoint    ] Safepoint "Cleanup", Time since last: 1000905100 ns, Reaching safepoint: 138100 ns, At safepoint: 50100 ns, Total: 188200 ns
[2020-05-02T06:07:50.415+0000][1][safepoint    ] Safepoint "Cleanup", Time since last: 1000166000 ns, Reaching safepoint: 120800 ns, At safepoint: 38300 ns, Total: 159100 ns
[2020-05-02T06:07:51.416+0000][1][safepoint    ] Safepoint "Cleanup", Time since last: 1000203800 ns, Reaching safepoint: 187700 ns, At safepoint: 71300 ns, Total: 259000 ns
[2020-05-02T06:07:52.417+0000][1][safepoint    ] Safepoint "Cleanup", Time since last: 1000340100 ns, Reaching safepoint: 522200 ns, At safepoint: 197100 ns, Total: 719300 ns
[2020-05-02T06:07:53.418+0000][1][safepoint    ] Safepoint "Cleanup", Time since last: 1000621900 ns, Reaching safepoint: 510500 ns, At safepoint: 200500 ns, Total: 711000 ns
[2020-05-02T06:07:54.419+0000][1][safepoint    ] Safepoint "Cleanup", Time since last: 1000572200 ns, Reaching safepoint: 167500 ns, At safepoint: 65000 ns, Total: 232500 ns
[2020-05-02T06:07:55.419+0000][1][safepoint    ] Safepoint "Cleanup", Time since last: 1000186500 ns, Reaching safepoint: 126100 ns, At safepoint: 40600 ns, Total: 166700 ns
[2020-05-02T06:07:56.421+0000][1][safepoint    ] Safepoint "Cleanup", Time since last: 1000661000 ns, Reaching safepoint: 594800 ns, At safepoint: 183900 ns, Total: 778700 ns
[2020-05-02T06:07:57.422+0000][1][safepoint    ] Safepoint "Cleanup", Time since last: 1000420900 ns, Reaching safepoint: 426600 ns, At safepoint: 233600 ns, Total: 660200 ns
[2020-05-02T06:07:58.423+0000][1][safepoint    ] Safepoint "Cleanup", Time since last: 1000692500 ns, Reaching safepoint: 663600 ns, At safepoint: 199900 ns, Total: 863500 ns
[2020-05-02T06:07:59.424+0000][1][safepoint    ] Safepoint "Cleanup", Time since last: 1000812600 ns, Reaching safepoint: 299700 ns, At safepoint: 56100 ns, Total: 355800 ns
[2020-05-02T06:08:00.425+0000][1][safepoint    ] Safepoint "Cleanup", Time since last: 1000192900 ns, Reaching safepoint: 120800 ns, At safepoint: 38800 ns, Total: 159600 ns
[2020-05-02T06:08:01.426+0000][1][safepoint    ] Safepoint "Cleanup", Time since last: 1000618300 ns, Reaching safepoint: 444500 ns, At safepoint: 205300 ns, Total: 649800 ns
[2020-05-02T06:08:02.428+0000][1][safepoint    ] Safepoint "Cleanup", Time since last: 1000711600 ns, Reaching safepoint: 552500 ns, At safepoint: 199400 ns, Total: 751900 ns
[2020-05-02T06:08:03.429+0000][1][safepoint    ] Safepoint "Cleanup", Time since last: 1000523200 ns, Reaching safepoint: 456000 ns, At safepoint: 208000 ns, Total: 664000 ns
[2020-05-02T06:08:04.429+0000][1][safepoint    ] Safepoint "Cleanup", Time since last: 1000376800 ns, Reaching safepoint: 137800 ns, At safepoint: 50500 ns, Total: 188300 ns
[2020-05-02T06:08:05.431+0000][1][safepoint    ] Safepoint "Cleanup", Time since last: 1000633400 ns, Reaching safepoint: 492300 ns, At safepoint: 146800 ns, Total: 639100 ns
[2020-05-02T06:08:06.432+0000][1][safepoint    ] Safepoint "Cleanup", Time since last: 1000483400 ns, Reaching safepoint: 421300 ns, At safepoint: 197700 ns, Total: 619000 ns
[2020-05-02T06:08:07.432+0000][1][safepoint    ] Safepoint "Cleanup", Time since last: 1000393800 ns, Reaching safepoint: 208400 ns, At safepoint: 83600 ns, Total: 292000 ns
[2020-05-02T06:08:08.434+0000][1][safepoint    ] Safepoint "Cleanup", Time since last: 1000431600 ns, Reaching safepoint: 612600 ns, At safepoint: 236500 ns, Total: 849100 ns
[2020-05-02T06:08:09.435+0000][1][safepoint    ] Safepoint "Cleanup", Time since last: 1000629300 ns, Reaching safepoint: 187400 ns, At safepoint: 50500 ns, Total: 237900 ns
[2020-05-02T06:08:10.435+0000][1][safepoint    ] Safepoint "Cleanup", Time since last: 1000185800 ns, Reaching safepoint: 139100 ns, At safepoint: 39400 ns, Total: 178500 ns
[2020-05-02T06:08:11.436+0000][1][safepoint    ] Safepoint "Cleanup", Time since last: 1000737500 ns, Reaching safepoint: 660200 ns, At safepoint: 201400 ns, Total: 861600 ns
[2020-05-02T06:08:12.438+0000][1][safepoint    ] Safepoint "Cleanup", Time since last: 1000734200 ns, Reaching safepoint: 556400 ns, At safepoint: 211300 ns, Total: 767700 ns
[2020-05-02T06:08:13.440+0000][1][safepoint    ] Safepoint "Cleanup", Time since last: 1000905700 ns, Reaching safepoint: 452100 ns, At safepoint: 197500 ns, Total: 649600 ns
[2020-05-02T06:08:14.441+0000][1][safepoint    ] Safepoint "Cleanup", Time since last: 1000953400 ns, Reaching safepoint: 232900 ns, At safepoint: 52100 ns, Total: 285000 ns
[2020-05-02T06:08:15.442+0000][1][safepoint    ] Safepoint "Cleanup", Time since last: 1000340400 ns, Reaching safepoint: 559200 ns, At safepoint: 205000 ns, Total: 764200 ns
[2020-05-02T06:08:16.444+0000][1][safepoint    ] Safepoint "Cleanup", Time since last: 1000803100 ns, Reaching safepoint: 662800 ns, At safepoint: 200600 ns, Total: 863400 ns
[2020-05-02T06:08:17.445+0000][1][safepoint    ] Safepoint "Cleanup", Time since last: 1000698100 ns, Reaching safepoint: 318200 ns, At safepoint: 143700 ns, Total: 461900 ns
[2020-05-02T06:08:18.446+0000][1][safepoint    ] Safepoint "Cleanup", Time since last: 1000412900 ns, Reaching safepoint: 699800 ns, At safepoint: 261200 ns, Total: 961000 ns
[2020-05-02T06:08:19.447+0000][1][safepoint    ] Safepoint "Cleanup", Time since last: 1000548700 ns, Reaching safepoint: 217100 ns, At safepoint: 43700 ns, Total: 260800 ns
[2020-05-02T06:08:20.447+0000][1][safepoint    ] Safepoint "Cleanup", Time since last: 1000319200 ns, Reaching safepoint: 120900 ns, At safepoint: 37300 ns, Total: 158200 ns
[2020-05-02T06:08:21.449+0000][1][safepoint    ] Safepoint "Cleanup", Time since last: 1000497000 ns, Reaching safepoint: 510100 ns, At safepoint: 142400 ns, Total: 652500 ns
[2020-05-02T06:08:22.450+0000][1][safepoint    ] Safepoint "Cleanup", Time since last: 1000759200 ns, Reaching safepoint: 629700 ns, At safepoint: 201000 ns, Total: 830700 ns
[2020-05-02T06:08:23.452+0000][1][safepoint    ] Safepoint "Cleanup", Time since last: 1000872200 ns, Reaching safepoint: 630000 ns, At safepoint: 199900 ns, Total: 829900 ns
[2020-05-02T06:08:24.453+0000][1][safepoint    ] Safepoint "Cleanup", Time since last: 1000803600 ns, Reaching safepoint: 219300 ns, At safepoint: 46100 ns, Total: 265400 ns
[2020-05-02T06:08:25.454+0000][1][safepoint    ] Safepoint "Cleanup", Time since last: 1000304900 ns, Reaching safepoint: 257800 ns, At safepoint: 108400 ns, Total: 366200 ns
[2020-05-02T06:08:26.455+0000][1][safepoint    ] Safepoint "Cleanup", Time since last: 1000333100 ns, Reaching safepoint: 562200 ns, At safepoint: 205700 ns, Total: 767900 ns
[2020-05-02T06:08:27.456+0000][1][safepoint    ] Safepoint "Cleanup", Time since last: 1000779000 ns, Reaching safepoint: 447800 ns, At safepoint: 257400 ns, Total: 705200 ns
[2020-05-02T06:08:28.458+0000][1][safepoint    ] Safepoint "Cleanup", Time since last: 1000667800 ns, Reaching safepoint: 625300 ns, At safepoint: 199900 ns, Total: 825200 ns
[2020-05-02T06:08:29.459+0000][1][safepoint    ] Safepoint "Cleanup", Time since last: 1000720200 ns, Reaching safepoint: 153200 ns, At safepoint: 54800 ns, Total: 208000 ns
[2020-05-02T06:08:30.460+0000][1][safepoint    ] Safepoint "Cleanup", Time since last: 1000702900 ns, Reaching safepoint: 631800 ns, At safepoint: 305900 ns, Total: 937700 ns
[2020-05-02T06:08:31.462+0000][1][safepoint    ] Safepoint "Cleanup", Time since last: 1000402400 ns, Reaching safepoint: 689600 ns, At safepoint: 276400 ns, Total: 966000 ns
[2020-05-02T06:08:32.463+0000][1][safepoint    ] Safepoint "Cleanup", Time since last: 1000656200 ns, Reaching safepoint: 421600 ns, At safepoint: 142400 ns, Total: 564000 ns
[2020-05-02T06:08:33.465+0000][1][safepoint    ] Safepoint "Cleanup", Time since last: 1000839800 ns, Reaching safepoint: 884400 ns, At safepoint: 356500 ns, Total: 1240900 ns
[2020-05-02T06:08:34.465+0000][1][safepoint    ] Safepoint "Cleanup", Time since last: 1000278700 ns, Reaching safepoint: 124800 ns, At safepoint: 29900 ns, Total: 154700 ns
[2020-05-02T06:08:35.466+0000][1][safepoint    ] Safepoint "Cleanup", Time since last: 1000398600 ns, Reaching safepoint: 498500 ns, At safepoint: 220800 ns, Total: 719300 ns
[2020-05-02T06:08:36.467+0000][1][safepoint    ] Safepoint "Cleanup", Time since last: 1000398700 ns, Reaching safepoint: 312200 ns, At safepoint: 177700 ns, Total: 489900 ns
[2020-05-02T06:08:37.468+0000][1][safepoint    ] Safepoint "Cleanup", Time since last: 1000408800 ns, Reaching safepoint: 418400 ns, At safepoint: 204900 ns, Total: 623300 ns
[2020-05-02T06:08:38.470+0000][1][safepoint    ] Safepoint "Cleanup", Time since last: 1000578800 ns, Reaching safepoint: 565000 ns, At safepoint: 269800 ns, Total: 834800 ns
[2020-05-02T06:08:39.471+0000][1][safepoint    ] Safepoint "Cleanup", Time since last: 1000703700 ns, Reaching safepoint: 705200 ns, At safepoint: 239100 ns, Total: 944300 ns
[2020-05-02T06:08:40.473+0000][1][safepoint    ] Safepoint "Cleanup", Time since last: 1000824600 ns, Reaching safepoint: 647900 ns, At safepoint: 202900 ns, Total: 850800 ns
[2020-05-02T06:08:41.474+0000][1][safepoint    ] Safepoint "Cleanup", Time since last: 1000759100 ns, Reaching safepoint: 220700 ns, At safepoint: 43500 ns, Total: 264200 ns
[2020-05-02T06:08:42.476+0000][1][safepoint    ] Safepoint "Cleanup", Time since last: 1000551900 ns, Reaching safepoint: 640300 ns, At safepoint: 225300 ns, Total: 865600 ns
[2020-05-02T06:08:43.477+0000][1][safepoint    ] Safepoint "Cleanup", Time since last: 1000699200 ns, Reaching safepoint: 632200 ns, At safepoint: 199500 ns, Total: 831700 ns
[2020-05-02T06:08:44.478+0000][1][safepoint    ] Safepoint "Cleanup", Time since last: 1000353500 ns, Reaching safepoint: 122400 ns, At safepoint: 26100 ns, Total: 148500 ns
[2020-05-02T06:08:45.479+0000][1][safepoint    ] Safepoint "Cleanup", Time since last: 1000324800 ns, Reaching safepoint: 688200 ns, At safepoint: 223400 ns, Total: 911600 ns
[2020-05-02T06:08:46.480+0000][1][safepoint    ] Safepoint "Cleanup", Time since last: 1000710900 ns, Reaching safepoint: 132100 ns, At safepoint: 43700 ns, Total: 175800 ns
[2020-05-02T06:08:47.481+0000][1][safepoint    ] Safepoint "Cleanup", Time since last: 1000420600 ns, Reaching safepoint: 423600 ns, At safepoint: 207500 ns, Total: 631100 ns
[2020-05-02T06:08:48.482+0000][1][safepoint    ] Safepoint "Cleanup", Time since last: 1000571400 ns, Reaching safepoint: 420300 ns, At safepoint: 211300 ns, Total: 631600 ns
[2020-05-02T06:08:49.483+0000][1][safepoint    ] Safepoint "Cleanup", Time since last: 1000659600 ns, Reaching safepoint: 137500 ns, At safepoint: 50900 ns, Total: 188400 ns
[2020-05-02T06:08:50.484+0000][1][safepoint    ] Safepoint "Cleanup", Time since last: 1000245700 ns, Reaching safepoint: 391500 ns, At safepoint: 178400 ns, Total: 569900 ns
[2020-05-02T06:08:51.484+0000][1][safepoint    ] Safepoint "Cleanup", Time since last: 1000534100 ns, Reaching safepoint: 165500 ns, At safepoint: 62100 ns, Total: 227600 ns
[2020-05-02T06:08:52.485+0000][1][safepoint    ] Safepoint "Cleanup", Time since last: 1000201200 ns, Reaching safepoint: 189000 ns, At safepoint: 43400 ns, Total: 232400 ns
[2020-05-02T06:08:53.485+0000][1][safepoint    ] Safepoint "Cleanup", Time since last: 1000279200 ns, Reaching safepoint: 163400 ns, At safepoint: 49000 ns, Total: 212400 ns
[2020-05-02T06:08:54.486+0000][1][safepoint    ] Safepoint "Cleanup", Time since last: 1000241800 ns, Reaching safepoint: 183600 ns, At safepoint: 67700 ns, Total: 251300 ns
[2020-05-02T06:08:55.486+0000][1][safepoint    ] Safepoint "Cleanup", Time since last: 1000192100 ns, Reaching safepoint: 125800 ns, At safepoint: 41600 ns, Total: 167400 ns
[2020-05-02T06:08:56.487+0000][1][safepoint    ] Safepoint "Cleanup", Time since last: 1000267500 ns, Reaching safepoint: 243100 ns, At safepoint: 52300 ns, Total: 295400 ns
[2020-05-02T06:08:57.487+0000][1][safepoint    ] Safepoint "Cleanup", Time since last: 1000208000 ns, Reaching safepoint: 183300 ns, At safepoint: 78900 ns, Total: 262200 ns
[2020-05-02T06:08:58.488+0000][1][safepoint    ] Safepoint "Cleanup", Time since last: 1000274400 ns, Reaching safepoint: 191500 ns, At safepoint: 48400 ns, Total: 239900 ns
[2020-05-02T06:08:59.488+0000][1][safepoint    ] Safepoint "Cleanup", Time since last: 1000220900 ns, Reaching safepoint: 184700 ns, At safepoint: 50800 ns, Total: 235500 ns
[2020-05-02T06:09:00.489+0000][1][safepoint    ] Safepoint "Cleanup", Time since last: 1000248100 ns, Reaching safepoint: 137600 ns, At safepoint: 29300 ns, Total: 166900 ns
[2020-05-02T06:09:01.489+0000][1][safepoint    ] Safepoint "Cleanup", Time since last: 1000604500 ns, Reaching safepoint: 247900 ns, At safepoint: 69200 ns, Total: 317100 ns
[2020-05-02T06:09:02.490+0000][1][safepoint    ] Safepoint "Cleanup", Time since last: 1000624300 ns, Reaching safepoint: 145700 ns, At safepoint: 29300 ns, Total: 175000 ns
[2020-05-02T06:09:03.491+0000][1][safepoint    ] Safepoint "Cleanup", Time since last: 1000330000 ns, Reaching safepoint: 414000 ns, At safepoint: 125900 ns, Total: 539900 ns
[2020-05-02T06:09:04.492+0000][1][safepoint    ] Safepoint "Cleanup", Time since last: 1000709500 ns, Reaching safepoint: 315900 ns, At safepoint: 93300 ns, Total: 409200 ns
[2020-05-02T06:09:05.494+0000][1][safepoint    ] Safepoint "Cleanup", Time since last: 1000651100 ns, Reaching safepoint: 423900 ns, At safepoint: 261700 ns, Total: 685600 ns
[2020-05-02T06:09:06.495+0000][1][safepoint    ] Safepoint "Cleanup", Time since last: 1000902400 ns, Reaching safepoint: 422000 ns, At safepoint: 200500 ns, Total: 622500 ns
[2020-05-02T06:09:07.496+0000][1][safepoint    ] Safepoint "Cleanup", Time since last: 1000443400 ns, Reaching safepoint: 122500 ns, At safepoint: 30800 ns, Total: 153300 ns
[2020-05-02T06:09:08.496+0000][1][safepoint    ] Safepoint "Cleanup", Time since last: 1000502700 ns, Reaching safepoint: 138200 ns, At safepoint: 33800 ns, Total: 172000 ns
[2020-05-02T06:09:09.497+0000][1][safepoint    ] Safepoint "Cleanup", Time since last: 1000217700 ns, Reaching safepoint: 232000 ns, At safepoint: 63600 ns, Total: 295600 ns
[2020-05-02T06:09:10.498+0000][1][safepoint    ] Safepoint "Cleanup", Time since last: 1000637400 ns, Reaching safepoint: 261500 ns, At safepoint: 75100 ns, Total: 336600 ns
[2020-05-02T06:09:11.498+0000][1][safepoint    ] Safepoint "Cleanup", Time since last: 1000227800 ns, Reaching safepoint: 126500 ns, At safepoint: 25500 ns, Total: 152000 ns
[2020-05-02T06:09:12.499+0000][1][safepoint    ] Safepoint "Cleanup", Time since last: 1000281900 ns, Reaching safepoint: 327100 ns, At safepoint: 92200 ns, Total: 419300 ns
[2020-05-02T06:09:13.500+0000][1][safepoint    ] Safepoint "Cleanup", Time since last: 1000564800 ns, Reaching safepoint: 140700 ns, At safepoint: 34800 ns, Total: 175500 ns
[2020-05-02T06:09:14.500+0000][1][safepoint    ] Safepoint "Cleanup", Time since last: 1000167800 ns, Reaching safepoint: 118300 ns, At safepoint: 24400 ns, Total: 142700 ns
[2020-05-02T06:09:15.501+0000][1][safepoint    ] Safepoint "Cleanup", Time since last: 1000578800 ns, Reaching safepoint: 167800 ns, At safepoint: 40200 ns, Total: 208000 ns
[2020-05-02T06:09:16.501+0000][1][safepoint    ] Safepoint "Cleanup", Time since last: 1000271300 ns, Reaching safepoint: 145600 ns, At safepoint: 36500 ns, Total: 182100 ns
[2020-05-02T06:09:17.502+0000][1][safepoint    ] Safepoint "Cleanup", Time since last: 1000175000 ns, Reaching safepoint: 138700 ns, At safepoint: 37700 ns, Total: 176400 ns
[2020-05-02T06:09:18.502+0000][1][safepoint    ] Safepoint "Cleanup", Time since last: 1000560300 ns, Reaching safepoint: 135700 ns, At safepoint: 34700 ns, Total: 170400 ns
[2020-05-02T06:09:19.503+0000][1][safepoint    ] Safepoint "Cleanup", Time since last: 1000495300 ns, Reaching safepoint: 145800 ns, At safepoint: 36000 ns, Total: 181800 ns
[2020-05-02T06:09:20.503+0000][1][safepoint    ] Safepoint "Cleanup", Time since last: 1000254300 ns, Reaching safepoint: 124200 ns, At safepoint: 26300 ns, Total: 150500 ns
[2020-05-02T06:09:21.505+0000][1][safepoint    ] Safepoint "Cleanup", Time since last: 1000365400 ns, Reaching safepoint: 423900 ns, At safepoint: 289400 ns, Total: 713300 ns
[2020-05-02T06:09:22.506+0000][1][safepoint    ] Safepoint "Cleanup", Time since last: 1000777000 ns, Reaching safepoint: 419600 ns, At safepoint: 136600 ns, Total: 556200 ns
[2020-05-02T06:09:23.507+0000][1][safepoint    ] Safepoint "Cleanup", Time since last: 1000679500 ns, Reaching safepoint: 445600 ns, At safepoint: 208800 ns, Total: 654400 ns
[2020-05-02T06:09:24.508+0000][1][safepoint    ] Safepoint "Cleanup", Time since last: 1000852500 ns, Reaching safepoint: 174000 ns, At safepoint: 47300 ns, Total: 221300 ns
[2020-05-02T06:09:25.510+0000][1][safepoint    ] Safepoint "Cleanup", Time since last: 1000710000 ns, Reaching safepoint: 419300 ns, At safepoint: 131300 ns, Total: 550600 ns
[2020-05-02T06:09:26.511+0000][1][safepoint    ] Safepoint "Cleanup", Time since last: 1000807300 ns, Reaching safepoint: 418900 ns, At safepoint: 130100 ns, Total: 549000 ns
[2020-05-02T06:09:27.512+0000][1][safepoint    ] Safepoint "Cleanup", Time since last: 1000648600 ns, Reaching safepoint: 420900 ns, At safepoint: 131400 ns, Total: 552300 ns
[2020-05-02T06:09:28.513+0000][1][safepoint    ] Safepoint "Cleanup", Time since last: 1000683500 ns, Reaching safepoint: 419900 ns, At safepoint: 130300 ns, Total: 550200 ns
[2020-05-02T06:09:29.514+0000][1][safepoint    ] Safepoint "Cleanup", Time since last: 1000722200 ns, Reaching safepoint: 349700 ns, At safepoint: 97100 ns, Total: 446800 ns
[2020-05-02T06:09:30.516+0000][1][safepoint    ] Safepoint "Cleanup", Time since last: 1000761600 ns, Reaching safepoint: 429400 ns, At safepoint: 140800 ns, Total: 570200 ns
[2020-05-02T06:09:31.517+0000][1][safepoint    ] Safepoint "Cleanup", Time since last: 1000690700 ns, Reaching safepoint: 163600 ns, At safepoint: 41800 ns, Total: 205400 ns
[2020-05-02T06:09:32.518+0000][1][safepoint    ] Safepoint "Cleanup", Time since last: 1000311700 ns, Reaching safepoint: 443700 ns, At safepoint: 179600 ns, Total: 623300 ns
[2020-05-02T06:09:33.519+0000][1][safepoint    ] Safepoint "Cleanup", Time since last: 1000764700 ns, Reaching safepoint: 420100 ns, At safepoint: 130400 ns, Total: 550500 ns
[2020-05-02T06:09:34.520+0000][1][safepoint    ] Safepoint "Cleanup", Time since last: 1000526200 ns, Reaching safepoint: 193800 ns, At safepoint: 53200 ns, Total: 247000 ns
[2020-05-02T06:09:35.521+0000][1][safepoint    ] Safepoint "Cleanup", Time since last: 1000609700 ns, Reaching safepoint: 342800 ns, At safepoint: 103400 ns, Total: 446200 ns
[2020-05-02T06:09:36.521+0000][1][safepoint    ] Safepoint "Cleanup", Time since last: 1000524900 ns, Reaching safepoint: 128200 ns, At safepoint: 30500 ns, Total: 158700 ns
[2020-05-02T06:09:37.522+0000][1][safepoint    ] Safepoint "Cleanup", Time since last: 1000151500 ns, Reaching safepoint: 262200 ns, At safepoint: 61200 ns, Total: 323400 ns
[2020-05-02T06:09:38.523+0000][1][safepoint    ] Safepoint "Cleanup", Time since last: 1000660200 ns, Reaching safepoint: 420400 ns, At safepoint: 130100 ns, Total: 550500 ns
[2020-05-02T06:09:39.524+0000][1][safepoint    ] Safepoint "Cleanup", Time since last: 1000758400 ns, Reaching safepoint: 127700 ns, At safepoint: 30200 ns, Total: 157900 ns
[2020-05-02T06:09:40.525+0000][1][safepoint    ] Safepoint "Cleanup", Time since last: 1000641700 ns, Reaching safepoint: 423400 ns, At safepoint: 130600 ns, Total: 554000 ns
[2020-05-02T06:09:41.526+0000][1][safepoint    ] Safepoint "Cleanup", Time since last: 1000591800 ns, Reaching safepoint: 163400 ns, At safepoint: 42800 ns, Total: 206200 ns
[2020-05-02T06:09:42.527+0000][1][safepoint    ] Safepoint "Cleanup", Time since last: 1000554600 ns, Reaching safepoint: 445800 ns, At safepoint: 135000 ns, Total: 580800 ns
[2020-05-02T06:09:43.624+0000][1][safepoint    ] Safepoint "Cleanup", Time since last: 1096350700 ns, Reaching safepoint: 153700 ns, At safepoint: 40000 ns, Total: 193700 ns
[2020-05-02T06:09:44.624+0000][1][safepoint    ] Safepoint "Cleanup", Time since last: 1000174200 ns, Reaching safepoint: 135800 ns, At safepoint: 32900 ns, Total: 168700 ns
[2020-05-02T06:09:45.625+0000][1][safepoint    ] Safepoint "Cleanup", Time since last: 1000477800 ns, Reaching safepoint: 168900 ns, At safepoint: 40000 ns, Total: 208900 ns
[2020-05-02T06:09:46.626+0000][1][safepoint    ] Safepoint "Cleanup", Time since last: 1000312900 ns, Reaching safepoint: 414100 ns, At safepoint: 138600 ns, Total: 552700 ns
[2020-05-02T06:09:47.627+0000][1][safepoint    ] Safepoint "Cleanup", Time since last: 1000736400 ns, Reaching safepoint: 417600 ns, At safepoint: 132700 ns, Total: 550300 ns
[2020-05-02T06:09:48.628+0000][1][safepoint    ] Safepoint "Cleanup", Time since last: 1000576800 ns, Reaching safepoint: 128400 ns, At safepoint: 30500 ns, Total: 158900 ns
[2020-05-02T06:09:49.629+0000][1][safepoint    ] Safepoint "Cleanup", Time since last: 1000569600 ns, Reaching safepoint: 417300 ns, At safepoint: 133100 ns, Total: 550400 ns
[2020-05-02T06:09:50.630+0000][1][safepoint    ] Safepoint "Cleanup", Time since last: 1000721800 ns, Reaching safepoint: 440800 ns, At safepoint: 137200 ns, Total: 578000 ns
[2020-05-02T06:09:51.631+0000][1][safepoint    ] Safepoint "Cleanup", Time since last: 1000627900 ns, Reaching safepoint: 144900 ns, At safepoint: 36900 ns, Total: 181800 ns
[2020-05-02T06:09:52.632+0000][1][safepoint    ] Safepoint "Cleanup", Time since last: 1000371200 ns, Reaching safepoint: 415900 ns, At safepoint: 131500 ns, Total: 547400 ns
[2020-05-02T06:09:53.633+0000][1][safepoint    ] Safepoint "Cleanup", Time since last: 1000491700 ns, Reaching safepoint: 183000 ns, At safepoint: 49000 ns, Total: 232000 ns
[2020-05-02T06:09:54.634+0000][1][safepoint    ] Safepoint "Cleanup", Time since last: 1000648300 ns, Reaching safepoint: 532000 ns, At safepoint: 159600 ns, Total: 691600 ns
[2020-05-02T06:09:55.635+0000][1][safepoint    ] Safepoint "Cleanup", Time since last: 1000782200 ns, Reaching safepoint: 132700 ns, At safepoint: 30800 ns, Total: 163500 ns
[2020-05-02T06:09:56.635+0000][1][safepoint    ] Safepoint "Cleanup", Time since last: 1000266200 ns, Reaching safepoint: 232200 ns, At safepoint: 67400 ns, Total: 299600 ns
[2020-05-02T06:09:57.637+0000][1][safepoint    ] Safepoint "Cleanup", Time since last: 1000598100 ns, Reaching safepoint: 498900 ns, At safepoint: 132100 ns, Total: 631000 ns
[2020-05-02T06:09:58.637+0000][1][safepoint    ] Safepoint "Cleanup", Time since last: 1000686100 ns, Reaching safepoint: 162700 ns, At safepoint: 43100 ns, Total: 205800 ns
[2020-05-02T06:09:59.638+0000][1][safepoint    ] Safepoint "Cleanup", Time since last: 1000185400 ns, Reaching safepoint: 173200 ns, At safepoint: 65000 ns, Total: 238200 ns
[2020-05-02T06:10:00.638+0000][1][safepoint    ] Safepoint "Cleanup", Time since last: 1000224700 ns, Reaching safepoint: 145200 ns, At safepoint: 25100 ns, Total: 170300 ns
[2020-05-02T06:10:01.639+0000][1][safepoint    ] Safepoint "Cleanup", Time since last: 1000338700 ns, Reaching safepoint: 173500 ns, At safepoint: 39100 ns, Total: 212600 ns
[2020-05-02T06:10:02.640+0000][1][safepoint    ] Safepoint "Cleanup", Time since last: 1000623500 ns, Reaching safepoint: 444800 ns, At safepoint: 137100 ns, Total: 581900 ns
[2020-05-02T06:10:03.641+0000][1][safepoint    ] Safepoint "Cleanup", Time since last: 1000451700 ns, Reaching safepoint: 171600 ns, At safepoint: 36600 ns, Total: 208200 ns
[2020-05-02T06:10:04.642+0000][1][safepoint    ] Safepoint "Cleanup", Time since last: 1000661900 ns, Reaching safepoint: 444600 ns, At safepoint: 137400 ns, Total: 582000 ns
[2020-05-02T06:10:05.643+0000][1][safepoint    ] Safepoint "Cleanup", Time since last: 1000892300 ns, Reaching safepoint: 410700 ns, At safepoint: 125400 ns, Total: 536100 ns
[2020-05-02T06:10:06.645+0000][1][safepoint    ] Safepoint "Cleanup", Time since last: 1000702100 ns, Reaching safepoint: 341800 ns, At safepoint: 71400 ns, Total: 413200 ns
[2020-05-02T06:10:07.645+0000][1][safepoint    ] Safepoint "Cleanup", Time since last: 1000295000 ns, Reaching safepoint: 305900 ns, At safepoint: 91700 ns, Total: 397600 ns
[2020-05-02T06:10:08.646+0000][1][safepoint    ] Safepoint "Cleanup", Time since last: 1000428000 ns, Reaching safepoint: 134900 ns, At safepoint: 28400 ns, Total: 163300 ns
[2020-05-02T06:10:09.647+0000][1][safepoint    ] Safepoint "Cleanup", Time since last: 1000514200 ns, Reaching safepoint: 259900 ns, At safepoint: 64800 ns, Total: 324700 ns
[2020-05-02T06:10:10.648+0000][1][safepoint    ] Safepoint "Cleanup", Time since last: 1000418500 ns, Reaching safepoint: 416900 ns, At safepoint: 133900 ns, Total: 550800 ns
[2020-05-02T06:10:11.648+0000][1][safepoint    ] Safepoint "Cleanup", Time since last: 1000660900 ns, Reaching safepoint: 141100 ns, At safepoint: 39800 ns, Total: 180900 ns
[2020-05-02T06:10:12.649+0000][1][safepoint    ] Safepoint "Cleanup", Time since last: 1000433400 ns, Reaching safepoint: 441500 ns, At safepoint: 131900 ns, Total: 573400 ns
[2020-05-02T06:10:13.651+0000][1][safepoint    ] Safepoint "Cleanup", Time since last: 1000781900 ns, Reaching safepoint: 217000 ns, At safepoint: 60100 ns, Total: 277100 ns
[2020-05-02T06:10:14.701+0000][1][safepoint    ] Safepoint "Cleanup", Time since last: 1049488900 ns, Reaching safepoint: 566900 ns, At safepoint: 144900 ns, Total: 711800 ns
[2020-05-02T06:10:15.702+0000][1][safepoint    ] Safepoint "Cleanup", Time since last: 1000832500 ns, Reaching safepoint: 418800 ns, At safepoint: 131800 ns, Total: 550600 ns
[2020-05-02T06:10:16.703+0000][1][safepoint    ] Safepoint "Cleanup", Time since last: 1000753100 ns, Reaching safepoint: 452400 ns, At safepoint: 139200 ns, Total: 591600 ns
[2020-05-02T06:10:17.705+0000][1][safepoint    ] Safepoint "Cleanup", Time since last: 1000381400 ns, Reaching safepoint: 668500 ns, At safepoint: 129700 ns, Total: 798200 ns
[2020-05-02T06:10:18.706+0000][1][safepoint    ] Safepoint "Cleanup", Time since last: 1000830800 ns, Reaching safepoint: 441500 ns, At safepoint: 143300 ns, Total: 584800 ns
[2020-05-02T06:10:19.707+0000][1][safepoint    ] Safepoint "Cleanup", Time since last: 1000824600 ns, Reaching safepoint: 444700 ns, At safepoint: 136000 ns, Total: 580700 ns
[2020-05-02T06:10:20.709+0000][1][safepoint    ] Safepoint "Cleanup", Time since last: 1000945500 ns, Reaching safepoint: 431300 ns, At safepoint: 136800 ns, Total: 568100 ns
[2020-05-02T06:10:21.710+0000][1][safepoint    ] Safepoint "Cleanup", Time since last: 1000709700 ns, Reaching safepoint: 232000 ns, At safepoint: 66700 ns, Total: 298700 ns
[2020-05-02T06:10:22.710+0000][1][safepoint    ] Safepoint "Cleanup", Time since last: 1000316700 ns, Reaching safepoint: 173800 ns, At safepoint: 45200 ns, Total: 219000 ns
[2020-05-02T06:10:23.712+0000][1][safepoint    ] Safepoint "Cleanup", Time since last: 1000688400 ns, Reaching safepoint: 442800 ns, At safepoint: 136500 ns, Total: 579300 ns
[2020-05-02T06:10:24.713+0000][1][safepoint    ] Safepoint "Cleanup", Time since last: 1000875800 ns, Reaching safepoint: 452600 ns, At safepoint: 136700 ns, Total: 589300 ns
[2020-05-02T06:10:25.715+0000][1][safepoint    ] Safepoint "Cleanup", Time since last: 1000811600 ns, Reaching safepoint: 573100 ns, At safepoint: 125900 ns, Total: 699000 ns
[2020-05-02T06:10:26.715+0000][1][safepoint    ] Safepoint "Cleanup", Time since last: 1000377200 ns, Reaching safepoint: 129000 ns, At safepoint: 29600 ns, Total: 158600 ns
[2020-05-02T06:10:27.716+0000][1][safepoint    ] Safepoint "Cleanup", Time since last: 1000341200 ns, Reaching safepoint: 385000 ns, At safepoint: 122300 ns, Total: 507300 ns
[2020-05-02T06:10:28.717+0000][1][safepoint    ] Safepoint "Cleanup", Time since last: 1000693900 ns, Reaching safepoint: 504000 ns, At safepoint: 134600 ns, Total: 638600 ns
[2020-05-02T06:10:29.718+0000][1][safepoint    ] Safepoint "Cleanup", Time since last: 1000652200 ns, Reaching safepoint: 165700 ns, At safepoint: 37000 ns, Total: 202700 ns
[2020-05-02T06:10:30.720+0000][1][safepoint    ] Safepoint "Cleanup", Time since last: 1000651700 ns, Reaching safepoint: 440700 ns, At safepoint: 138600 ns, Total: 579300 ns
[2020-05-02T06:10:31.720+0000][1][safepoint    ] Safepoint "Cleanup", Time since last: 1000689700 ns, Reaching safepoint: 130900 ns, At safepoint: 32400 ns, Total: 163300 ns
[2020-05-02T06:10:32.722+0000][1][safepoint    ] Safepoint "Cleanup", Time since last: 1000669000 ns, Reaching safepoint: 443600 ns, At safepoint: 163400 ns, Total: 607000 ns
[2020-05-02T06:10:33.723+0000][1][safepoint    ] Safepoint "Cleanup", Time since last: 1000677200 ns, Reaching safepoint: 269700 ns, At safepoint: 76300 ns, Total: 346000 ns
[2020-05-02T06:10:34.724+0000][1][safepoint    ] Safepoint "Cleanup", Time since last: 1000418000 ns, Reaching safepoint: 482800 ns, At safepoint: 148900 ns, Total: 631700 ns
[2020-05-02T06:10:35.725+0000][1][safepoint    ] Safepoint "Cleanup", Time since last: 1000707500 ns, Reaching safepoint: 204700 ns, At safepoint: 58500 ns, Total: 263200 ns
[2020-05-02T06:10:36.640+0000][1][gc,start     ] GC(53) Pause Young (Allocation Failure)
[2020-05-02T06:10:36.640+0000][1][gc,task      ] GC(53) Using 10 workers of 10 for evacuation
[2020-05-02T06:10:36.643+0000][1][gc,age       ] GC(53) Desired survivor size 8945664 bytes, new threshold 6 (max threshold 6)
[2020-05-02T06:10:36.643+0000][1][gc,age       ] GC(53) Age table with threshold 6 (max threshold 6)
[2020-05-02T06:10:36.643+0000][1][gc,age       ] GC(53) - age   1:      77296 bytes,      77296 total
[2020-05-02T06:10:36.643+0000][1][gc,age       ] GC(53) - age   2:       4448 bytes,      81744 total
[2020-05-02T06:10:36.643+0000][1][gc,age       ] GC(53) - age   3:        952 bytes,      82696 total
[2020-05-02T06:10:36.643+0000][1][gc,age       ] GC(53) - age   4:      14528 bytes,      97224 total
[2020-05-02T06:10:36.643+0000][1][gc,age       ] GC(53) - age   5:      46848 bytes,     144072 total
[2020-05-02T06:10:36.643+0000][1][gc,age       ] GC(53) - age   6:     267096 bytes,     411168 total
[2020-05-02T06:10:36.643+0000][1][gc,heap      ] GC(53) ParNew: 140318K->593K(157248K)
[2020-05-02T06:10:36.643+0000][1][gc,heap      ] GC(53) CMS: 82123K->82132K(349568K)
[2020-05-02T06:10:36.643+0000][1][gc,metaspace ] GC(53) Metaspace: 97564K->97564K(1138688K)
[2020-05-02T06:10:36.643+0000][1][gc           ] GC(53) Pause Young (Allocation Failure) 217M->80M(494M) 2.943ms
[2020-05-02T06:10:36.643+0000][1][gc,cpu       ] GC(53) User=0.01s Sys=0.00s Real=0.00s
[2020-05-02T06:10:36.643+0000][1][safepoint    ] Safepoint "GenCollectForAllocation", Time since last: 914956200 ns, Reaching safepoint: 145900 ns, At safepoint: 3028300 ns, Total: 3174200 ns
[2020-05-02T06:10:37.643+0000][1][safepoint    ] Safepoint "Cleanup", Time since last: 1000274800 ns, Reaching safepoint: 205300 ns, At safepoint: 33400 ns, Total: 238700 ns
[2020-05-02T06:10:38.644+0000][1][safepoint    ] Safepoint "Cleanup", Time since last: 1000512000 ns, Reaching safepoint: 213800 ns, At safepoint: 39500 ns, Total: 253300 ns
[2020-05-02T06:10:39.645+0000][1][safepoint    ] Safepoint "Cleanup", Time since last: 1000342800 ns, Reaching safepoint: 699700 ns, At safepoint: 197000 ns, Total: 896700 ns
[2020-05-02T06:10:40.646+0000][1][safepoint    ] Safepoint "Cleanup", Time since last: 1000414500 ns, Reaching safepoint: 141900 ns, At safepoint: 30300 ns, Total: 172200 ns
[2020-05-02T06:10:41.647+0000][1][safepoint    ] Safepoint "Cleanup", Time since last: 1000480700 ns, Reaching safepoint: 146600 ns, At safepoint: 35500 ns, Total: 182100 ns
[2020-05-02T06:10:42.648+0000][1][safepoint    ] Safepoint "Cleanup", Time since last: 1000370600 ns, Reaching safepoint: 578200 ns, At safepoint: 202300 ns, Total: 780500 ns
[2020-05-02T06:10:43.649+0000][1][safepoint    ] Safepoint "Cleanup", Time since last: 1000654700 ns, Reaching safepoint: 499600 ns, At safepoint: 132700 ns, Total: 632300 ns
[2020-05-02T06:10:44.650+0000][1][safepoint    ] Safepoint "Cleanup", Time since last: 1000617000 ns, Reaching safepoint: 419300 ns, At safepoint: 134900 ns, Total: 554200 ns
[2020-05-02T06:10:45.651+0000][1][safepoint    ] Safepoint "Cleanup", Time since last: 1000586800 ns, Reaching safepoint: 222700 ns, At safepoint: 57600 ns, Total: 280300 ns
[2020-05-02T06:10:46.652+0000][1][safepoint    ] Safepoint "Cleanup", Time since last: 1000373400 ns, Reaching safepoint: 141700 ns, At safepoint: 30500 ns, Total: 172200 ns
[2020-05-02T06:10:47.653+0000][1][safepoint    ] Safepoint "Cleanup", Time since last: 1000352600 ns, Reaching safepoint: 417700 ns, At safepoint: 162000 ns, Total: 579700 ns
[2020-05-02T06:10:48.653+0000][1][safepoint    ] Safepoint "Cleanup", Time since last: 1000505900 ns, Reaching safepoint: 173600 ns, At safepoint: 46300 ns, Total: 219900 ns
[2020-05-02T06:10:49.654+0000][1][safepoint    ] Safepoint "Cleanup", Time since last: 1000482000 ns, Reaching safepoint: 232200 ns, At safepoint: 63200 ns, Total: 295400 ns
[2020-05-02T06:10:50.655+0000][1][safepoint    ] Safepoint "Cleanup", Time since last: 1000403100 ns, Reaching safepoint: 414600 ns, At safepoint: 129700 ns, Total: 544300 ns
[2020-05-02T06:10:51.656+0000][1][safepoint    ] Safepoint "Cleanup", Time since last: 1000698200 ns, Reaching safepoint: 137300 ns, At safepoint: 35900 ns, Total: 173200 ns
[2020-05-02T06:10:52.711+0000][1][safepoint    ] Safepoint "Cleanup", Time since last: 1054703400 ns, Reaching safepoint: 417400 ns, At safepoint: 129400 ns, Total: 546800 ns
[2020-05-02T06:10:53.713+0000][1][safepoint    ] Safepoint "Cleanup", Time since last: 1000823600 ns, Reaching safepoint: 418200 ns, At safepoint: 131300 ns, Total: 549500 ns
[2020-05-02T06:10:54.713+0000][1][safepoint    ] Safepoint "Cleanup", Time since last: 1000476200 ns, Reaching safepoint: 153900 ns, At safepoint: 49500 ns, Total: 203400 ns
[2020-05-02T06:10:55.714+0000][1][safepoint    ] Safepoint "Cleanup", Time since last: 1000395000 ns, Reaching safepoint: 594600 ns, At safepoint: 248900 ns, Total: 843500 ns
[2020-05-02T06:10:56.715+0000][1][safepoint    ] Safepoint "Cleanup", Time since last: 1000377100 ns, Reaching safepoint: 329500 ns, At safepoint: 89900 ns, Total: 419400 ns
[2020-05-02T06:10:57.716+0000][1][safepoint    ] Safepoint "Cleanup", Time since last: 1000464700 ns, Reaching safepoint: 453700 ns, At safepoint: 128700 ns, Total: 582400 ns
[2020-05-02T06:10:58.718+0000][1][safepoint    ] Safepoint "Cleanup", Time since last: 1000724000 ns, Reaching safepoint: 443300 ns, At safepoint: 133900 ns, Total: 577200 ns
[2020-05-02T06:10:59.719+0000][1][safepoint    ] Safepoint "Cleanup", Time since last: 1000790500 ns, Reaching safepoint: 447100 ns, At safepoint: 134800 ns, Total: 581900 ns
[2020-05-02T06:11:00.720+0000][1][safepoint    ] Safepoint "Cleanup", Time since last: 1000763500 ns, Reaching safepoint: 192100 ns, At safepoint: 57400 ns, Total: 249500 ns
[2020-05-02T06:11:01.721+0000][1][safepoint    ] Safepoint "Cleanup", Time since last: 1000735900 ns, Reaching safepoint: 417000 ns, At safepoint: 130000 ns, Total: 547000 ns
[2020-05-02T06:11:02.723+0000][1][safepoint    ] Safepoint "Cleanup", Time since last: 1000815400 ns, Reaching safepoint: 429900 ns, At safepoint: 130900 ns, Total: 560800 ns
[2020-05-02T06:11:03.723+0000][1][safepoint    ] Safepoint "Cleanup", Time since last: 1000335400 ns, Reaching safepoint: 158700 ns, At safepoint: 37500 ns, Total: 196200 ns
[2020-05-02T06:11:04.724+0000][1][safepoint    ] Safepoint "Cleanup", Time since last: 1000239400 ns, Reaching safepoint: 309800 ns, At safepoint: 92200 ns, Total: 402000 ns
[2020-05-02T06:11:05.725+0000][1][safepoint    ] Safepoint "Cleanup", Time since last: 1000382800 ns, Reaching safepoint: 491500 ns, At safepoint: 173600 ns, Total: 665100 ns
[2020-05-02T06:11:06.726+0000][1][safepoint    ] Safepoint "Cleanup", Time since last: 1000825800 ns, Reaching safepoint: 417300 ns, At safepoint: 129200 ns, Total: 546500 ns
[2020-05-02T06:11:07.727+0000][1][safepoint    ] Safepoint "Cleanup", Time since last: 1000450300 ns, Reaching safepoint: 411300 ns, At safepoint: 123200 ns, Total: 534500 ns
[2020-05-02T06:11:08.729+0000][1][safepoint    ] Safepoint "Cleanup", Time since last: 1000809900 ns, Reaching safepoint: 417000 ns, At safepoint: 129300 ns, Total: 546300 ns
[2020-05-02T06:11:09.729+0000][1][safepoint    ] Safepoint "Cleanup", Time since last: 1000333700 ns, Reaching safepoint: 130800 ns, At safepoint: 30600 ns, Total: 161400 ns
[2020-05-02T06:11:10.730+0000][1][safepoint    ] Safepoint "Cleanup", Time since last: 1000656400 ns, Reaching safepoint: 501100 ns, At safepoint: 128100 ns, Total: 629200 ns
[2020-05-02T06:11:11.731+0000][1][safepoint    ] Safepoint "Cleanup", Time since last: 1000276800 ns, Reaching safepoint: 128800 ns, At safepoint: 47700 ns, Total: 176500 ns
[2020-05-02T06:11:12.732+0000][1][safepoint    ] Safepoint "Cleanup", Time since last: 1000675500 ns, Reaching safepoint: 540500 ns, At safepoint: 134900 ns, Total: 675400 ns
[2020-05-02T06:11:13.734+0000][1][safepoint    ] Safepoint "Cleanup", Time since last: 1000904300 ns, Reaching safepoint: 423600 ns, At safepoint: 124700 ns, Total: 548300 ns
[2020-05-02T06:11:14.735+0000][1][safepoint    ] Safepoint "Cleanup", Time since last: 1000644800 ns, Reaching safepoint: 319700 ns, At safepoint: 81800 ns, Total: 401500 ns
[2020-05-02T06:11:15.736+0000][1][safepoint    ] Safepoint "Cleanup", Time since last: 1000495000 ns, Reaching safepoint: 414300 ns, At safepoint: 133300 ns, Total: 547600 ns
[2020-05-02T06:11:16.737+0000][1][safepoint    ] Safepoint "Cleanup", Time since last: 1000626800 ns, Reaching safepoint: 236300 ns, At safepoint: 51100 ns, Total: 287400 ns
[2020-05-02T06:11:17.738+0000][1][safepoint    ] Safepoint "Cleanup", Time since last: 1000692500 ns, Reaching safepoint: 415800 ns, At safepoint: 135600 ns, Total: 551400 ns
[2020-05-02T06:11:18.739+0000][1][safepoint    ] Safepoint "Cleanup", Time since last: 1000586200 ns, Reaching safepoint: 421700 ns, At safepoint: 139800 ns, Total: 561500 ns
[2020-05-02T06:11:19.740+0000][1][safepoint    ] Safepoint "Cleanup", Time since last: 1000667800 ns, Reaching safepoint: 421000 ns, At safepoint: 128600 ns, Total: 549600 ns
[2020-05-02T06:11:20.741+0000][1][safepoint    ] Safepoint "Cleanup", Time since last: 1000681600 ns, Reaching safepoint: 141200 ns, At safepoint: 30100 ns, Total: 171300 ns
[2020-05-02T06:11:21.742+0000][1][safepoint    ] Safepoint "Cleanup", Time since last: 1000298100 ns, Reaching safepoint: 260000 ns, At safepoint: 74500 ns, Total: 334500 ns
[2020-05-02T06:11:22.742+0000][1][safepoint    ] Safepoint "Cleanup", Time since last: 1000348000 ns, Reaching safepoint: 163300 ns, At safepoint: 40500 ns, Total: 203800 ns
[2020-05-02T06:11:23.743+0000][1][safepoint    ] Safepoint "Cleanup", Time since last: 1000308900 ns, Reaching safepoint: 385600 ns, At safepoint: 104800 ns, Total: 490400 ns
[2020-05-02T06:11:24.744+0000][1][safepoint    ] Safepoint "Cleanup", Time since last: 1000503400 ns, Reaching safepoint: 407900 ns, At safepoint: 94000 ns, Total: 501900 ns
[2020-05-02T06:11:25.745+0000][1][safepoint    ] Safepoint "Cleanup", Time since last: 1000417900 ns, Reaching safepoint: 509000 ns, At safepoint: 125600 ns, Total: 634600 ns
[2020-05-02T06:11:26.746+0000][1][safepoint    ] Safepoint "Cleanup", Time since last: 1000306300 ns, Reaching safepoint: 128200 ns, At safepoint: 28300 ns, Total: 156500 ns
[2020-05-02T06:11:27.747+0000][1][safepoint    ] Safepoint "Cleanup", Time since last: 1000549300 ns, Reaching safepoint: 420900 ns, At safepoint: 130400 ns, Total: 551300 ns
[2020-05-02T06:11:28.748+0000][1][safepoint    ] Safepoint "Cleanup", Time since last: 1000492800 ns, Reaching safepoint: 448300 ns, At safepoint: 126100 ns, Total: 574400 ns
[2020-05-02T06:11:29.749+0000][1][safepoint    ] Safepoint "Cleanup", Time since last: 1000468000 ns, Reaching safepoint: 506300 ns, At safepoint: 126600 ns, Total: 632900 ns
[2020-05-02T06:11:30.750+0000][1][safepoint    ] Safepoint "Cleanup", Time since last: 1000794400 ns, Reaching safepoint: 420500 ns, At safepoint: 131600 ns, Total: 552100 ns
[2020-05-02T06:11:31.751+0000][1][safepoint    ] Safepoint "Cleanup", Time since last: 1000724700 ns, Reaching safepoint: 420500 ns, At safepoint: 130200 ns, Total: 550700 ns
[2020-05-02T06:11:32.753+0000][1][safepoint    ] Safepoint "Cleanup", Time since last: 1000769900 ns, Reaching safepoint: 448100 ns, At safepoint: 129000 ns, Total: 577100 ns
[2020-05-02T06:11:33.754+0000][1][safepoint    ] Safepoint "Cleanup", Time since last: 1000662700 ns, Reaching safepoint: 502500 ns, At safepoint: 128000 ns, Total: 630500 ns
[2020-05-02T06:11:34.755+0000][1][safepoint    ] Safepoint "Cleanup", Time since last: 1000337000 ns, Reaching safepoint: 166800 ns, At safepoint: 40800 ns, Total: 207600 ns
[2020-05-02T06:11:35.756+0000][1][safepoint    ] Safepoint "Cleanup", Time since last: 1000361900 ns, Reaching safepoint: 447200 ns, At safepoint: 145100 ns, Total: 592300 ns
[2020-05-02T06:11:36.756+0000][1][safepoint    ] Safepoint "Cleanup", Time since last: 1000510000 ns, Reaching safepoint: 132400 ns, At safepoint: 29300 ns, Total: 161700 ns
[2020-05-02T06:11:37.757+0000][1][safepoint    ] Safepoint "Cleanup", Time since last: 1000561900 ns, Reaching safepoint: 445200 ns, At safepoint: 133900 ns, Total: 579100 ns
[2020-05-02T06:11:38.758+0000][1][safepoint    ] Safepoint "Cleanup", Time since last: 1000455300 ns, Reaching safepoint: 138200 ns, At safepoint: 48400 ns, Total: 186600 ns
[2020-05-02T06:11:39.759+0000][1][safepoint    ] Safepoint "Cleanup", Time since last: 1000533300 ns, Reaching safepoint: 452400 ns, At safepoint: 136600 ns, Total: 589000 ns
[2020-05-02T06:11:40.761+0000][1][safepoint    ] Safepoint "Cleanup", Time since last: 1000803700 ns, Reaching safepoint: 448400 ns, At safepoint: 133700 ns, Total: 582100 ns
[2020-05-02T06:11:41.762+0000][1][safepoint    ] Safepoint "Cleanup", Time since last: 1000736900 ns, Reaching safepoint: 329200 ns, At safepoint: 99700 ns, Total: 428900 ns
[2020-05-02T06:11:43.394+0000][1][safepoint    ] Safepoint "Cleanup", Time since last: 1631451900 ns, Reaching safepoint: 432700 ns, At safepoint: 201600 ns, Total: 634300 ns
[2020-05-02T06:11:44.395+0000][1][safepoint    ] Safepoint "Cleanup", Time since last: 1000483500 ns, Reaching safepoint: 404000 ns, At safepoint: 108400 ns, Total: 512400 ns
[2020-05-02T06:11:45.396+0000][1][safepoint    ] Safepoint "Cleanup", Time since last: 1000647100 ns, Reaching safepoint: 447300 ns, At safepoint: 135400 ns, Total: 582700 ns
[2020-05-02T06:11:46.397+0000][1][safepoint    ] Safepoint "Cleanup", Time since last: 1000583500 ns, Reaching safepoint: 267000 ns, At safepoint: 62900 ns, Total: 329900 ns
[2020-05-02T06:11:47.398+0000][1][safepoint    ] Safepoint "Cleanup", Time since last: 1000408800 ns, Reaching safepoint: 707100 ns, At safepoint: 229900 ns, Total: 937000 ns
[2020-05-02T06:11:48.400+0000][1][safepoint    ] Safepoint "Cleanup", Time since last: 1000623200 ns, Reaching safepoint: 506300 ns, At safepoint: 129700 ns, Total: 636000 ns
[2020-05-02T06:11:49.401+0000][1][safepoint    ] Safepoint "Cleanup", Time since last: 1000906200 ns, Reaching safepoint: 447700 ns, At safepoint: 136900 ns, Total: 584600 ns
[2020-05-02T06:11:50.402+0000][1][safepoint    ] Safepoint "Cleanup", Time since last: 1000825400 ns, Reaching safepoint: 447000 ns, At safepoint: 134000 ns, Total: 581000 ns
[2020-05-02T06:11:51.404+0000][1][safepoint    ] Safepoint "Cleanup", Time since last: 1000453900 ns, Reaching safepoint: 505900 ns, At safepoint: 123200 ns, Total: 629100 ns
[2020-05-02T06:11:52.405+0000][1][safepoint    ] Safepoint "Cleanup", Time since last: 1000501100 ns, Reaching safepoint: 454100 ns, At safepoint: 136700 ns, Total: 590800 ns
[2020-05-02T06:11:53.406+0000][1][safepoint    ] Safepoint "Cleanup", Time since last: 1000701700 ns, Reaching safepoint: 445900 ns, At safepoint: 133500 ns, Total: 579400 ns
[2020-05-02T06:11:54.407+0000][1][safepoint    ] Safepoint "Cleanup", Time since last: 1000516200 ns, Reaching safepoint: 444700 ns, At safepoint: 135400 ns, Total: 580100 ns
[2020-05-02T06:11:55.408+0000][1][safepoint    ] Safepoint "Cleanup", Time since last: 1000800800 ns, Reaching safepoint: 310000 ns, At safepoint: 97600 ns, Total: 407600 ns
[2020-05-02T06:11:56.409+0000][1][safepoint    ] Safepoint "Cleanup", Time since last: 1000629500 ns, Reaching safepoint: 180200 ns, At safepoint: 54000 ns, Total: 234200 ns
[2020-05-02T06:11:57.409+0000][1][safepoint    ] Safepoint "Cleanup", Time since last: 1000210900 ns, Reaching safepoint: 134300 ns, At safepoint: 35500 ns, Total: 169800 ns
[2020-05-02T06:11:58.674+0000][1][safepoint    ] Safepoint "Cleanup", Time since last: 1263643100 ns, Reaching safepoint: 370800 ns, At safepoint: 95900 ns, Total: 466700 ns
[2020-05-02T06:11:59.674+0000][1][safepoint    ] Safepoint "Cleanup", Time since last: 1000473800 ns, Reaching safepoint: 258800 ns, At safepoint: 106600 ns, Total: 365400 ns
[2020-05-02T06:12:00.675+0000][1][safepoint    ] Safepoint "Cleanup", Time since last: 1000384100 ns, Reaching safepoint: 327200 ns, At safepoint: 153200 ns, Total: 480400 ns
[2020-05-02T06:12:01.676+0000][1][safepoint    ] Safepoint "Cleanup", Time since last: 1000597700 ns, Reaching safepoint: 188200 ns, At safepoint: 49300 ns, Total: 237500 ns
[2020-05-02T06:12:02.677+0000][1][safepoint    ] Safepoint "Cleanup", Time since last: 1000343900 ns, Reaching safepoint: 146800 ns, At safepoint: 36900 ns, Total: 183700 ns
[2020-05-02T06:12:03.678+0000][1][safepoint    ] Safepoint "Cleanup", Time since last: 1000416200 ns, Reaching safepoint: 405700 ns, At safepoint: 206800 ns, Total: 612500 ns
[2020-05-02T06:12:04.679+0000][1][safepoint    ] Safepoint "Cleanup", Time since last: 1000467800 ns, Reaching safepoint: 355400 ns, At safepoint: 101100 ns, Total: 456500 ns
[2020-05-02T06:12:05.680+0000][1][safepoint    ] Safepoint "Cleanup", Time since last: 1000427500 ns, Reaching safepoint: 421400 ns, At safepoint: 133600 ns, Total: 555000 ns
[2020-05-02T06:12:06.680+0000][1][safepoint    ] Safepoint "Cleanup", Time since last: 1000515300 ns, Reaching safepoint: 155500 ns, At safepoint: 38400 ns, Total: 193900 ns
[2020-05-02T06:12:07.681+0000][1][safepoint    ] Safepoint "Cleanup", Time since last: 1000366200 ns, Reaching safepoint: 445700 ns, At safepoint: 134000 ns, Total: 579700 ns
[2020-05-02T06:12:08.682+0000][1][safepoint    ] Safepoint "Cleanup", Time since last: 1000526600 ns, Reaching safepoint: 416800 ns, At safepoint: 149400 ns, Total: 566200 ns
[2020-05-02T06:12:09.683+0000][1][safepoint    ] Safepoint "Cleanup", Time since last: 1000840300 ns, Reaching safepoint: 233100 ns, At safepoint: 56100 ns, Total: 289200 ns
[2020-05-02T06:12:10.685+0000][1][safepoint    ] Safepoint "Cleanup", Time since last: 1000441400 ns, Reaching safepoint: 492200 ns, At safepoint: 133200 ns, Total: 625400 ns
[2020-05-02T06:12:11.685+0000][1][safepoint    ] Safepoint "Cleanup", Time since last: 1000419200 ns, Reaching safepoint: 179000 ns, At safepoint: 45600 ns, Total: 224600 ns
[2020-05-02T06:12:12.686+0000][1][safepoint    ] Safepoint "Cleanup", Time since last: 1000468500 ns, Reaching safepoint: 255600 ns, At safepoint: 74800 ns, Total: 330400 ns
[2020-05-02T06:12:13.687+0000][1][safepoint    ] Safepoint "Cleanup", Time since last: 1000718500 ns, Reaching safepoint: 259100 ns, At safepoint: 72300 ns, Total: 331400 ns
[2020-05-02T06:12:14.688+0000][1][safepoint    ] Safepoint "Cleanup", Time since last: 1000542600 ns, Reaching safepoint: 182200 ns, At safepoint: 48500 ns, Total: 230700 ns
[2020-05-02T06:12:15.689+0000][1][safepoint    ] Safepoint "Cleanup", Time since last: 1000660000 ns, Reaching safepoint: 245800 ns, At safepoint: 73500 ns, Total: 319300 ns
[2020-05-02T06:12:16.690+0000][1][safepoint    ] Safepoint "Cleanup", Time since last: 1000351700 ns, Reaching safepoint: 344500 ns, At safepoint: 83100 ns, Total: 427600 ns
[2020-05-02T06:12:17.691+0000][1][safepoint    ] Safepoint "Cleanup", Time since last: 1000632600 ns, Reaching safepoint: 494500 ns, At safepoint: 150500 ns, Total: 645000 ns
[2020-05-02T06:12:18.691+0000][1][safepoint    ] Safepoint "Cleanup", Time since last: 1000362900 ns, Reaching safepoint: 118600 ns, At safepoint: 28100 ns, Total: 146700 ns
[2020-05-02T06:12:19.692+0000][1][safepoint    ] Safepoint "Cleanup", Time since last: 1000493700 ns, Reaching safepoint: 271600 ns, At safepoint: 76800 ns, Total: 348400 ns
[2020-05-02T06:12:20.694+0000][1][safepoint    ] Safepoint "Cleanup", Time since last: 1000782900 ns, Reaching safepoint: 418300 ns, At safepoint: 134700 ns, Total: 553000 ns
[2020-05-02T06:12:21.694+0000][1][safepoint    ] Safepoint "Cleanup", Time since last: 1000425200 ns, Reaching safepoint: 263300 ns, At safepoint: 71700 ns, Total: 335000 ns
[2020-05-02T06:12:22.696+0000][1][safepoint    ] Safepoint "Cleanup", Time since last: 1000769900 ns, Reaching safepoint: 445000 ns, At safepoint: 135300 ns, Total: 580300 ns
[2020-05-02T06:12:23.697+0000][1][safepoint    ] Safepoint "Cleanup", Time since last: 1000799400 ns, Reaching safepoint: 503000 ns, At safepoint: 135500 ns, Total: 638500 ns
[2020-05-02T06:12:24.698+0000][1][safepoint    ] Safepoint "Cleanup", Time since last: 1000753100 ns, Reaching safepoint: 388500 ns, At safepoint: 119800 ns, Total: 508300 ns
[2020-05-02T06:12:25.699+0000][1][safepoint    ] Safepoint "Cleanup", Time since last: 1000670100 ns, Reaching safepoint: 309200 ns, At safepoint: 90300 ns, Total: 399500 ns
[2020-05-02T06:12:26.700+0000][1][safepoint    ] Safepoint "Cleanup", Time since last: 1000263000 ns, Reaching safepoint: 131800 ns, At safepoint: 27800 ns, Total: 159600 ns
[2020-05-02T06:12:27.701+0000][1][safepoint    ] Safepoint "Cleanup", Time since last: 1000641300 ns, Reaching safepoint: 420300 ns, At safepoint: 131100 ns, Total: 551400 ns
[2020-05-02T06:12:28.702+0000][1][safepoint    ] Safepoint "Cleanup", Time since last: 1000790500 ns, Reaching safepoint: 357000 ns, At safepoint: 106100 ns, Total: 463100 ns
[2020-05-02T06:12:29.703+0000][1][safepoint    ] Safepoint "Cleanup", Time since last: 1000603100 ns, Reaching safepoint: 350700 ns, At safepoint: 86900 ns, Total: 437600 ns
[2020-05-02T06:12:30.704+0000][1][safepoint    ] Safepoint "Cleanup", Time since last: 1000407600 ns, Reaching safepoint: 258700 ns, At safepoint: 74300 ns, Total: 333000 ns
[2020-05-02T06:12:31.705+0000][1][safepoint    ] Safepoint "Cleanup", Time since last: 1000577400 ns, Reaching safepoint: 259100 ns, At safepoint: 70900 ns, Total: 330000 ns
[2020-05-02T06:12:32.706+0000][1][safepoint    ] Safepoint "Cleanup", Time since last: 1000602900 ns, Reaching safepoint: 443700 ns, At safepoint: 131900 ns, Total: 575600 ns
[2020-05-02T06:12:33.707+0000][1][safepoint    ] Safepoint "Cleanup", Time since last: 1000484200 ns, Reaching safepoint: 422500 ns, At safepoint: 130500 ns, Total: 553000 ns
[2020-05-02T06:12:34.708+0000][1][safepoint    ] Safepoint "Cleanup", Time since last: 1000694600 ns, Reaching safepoint: 419300 ns, At safepoint: 130500 ns, Total: 549800 ns
[2020-05-02T06:12:35.710+0000][1][safepoint    ] Safepoint "Cleanup", Time since last: 1000807800 ns, Reaching safepoint: 493200 ns, At safepoint: 130000 ns, Total: 623200 ns
[2020-05-02T06:12:36.711+0000][1][safepoint    ] Safepoint "Cleanup", Time since last: 1000806300 ns, Reaching safepoint: 247100 ns, At safepoint: 69900 ns, Total: 317000 ns
[2020-05-02T06:12:37.712+0000][1][safepoint    ] Safepoint "Cleanup", Time since last: 1000693200 ns, Reaching safepoint: 443800 ns, At safepoint: 139600 ns, Total: 583400 ns
[2020-05-02T06:12:38.713+0000][1][safepoint    ] Safepoint "Cleanup", Time since last: 1000577300 ns, Reaching safepoint: 419000 ns, At safepoint: 131800 ns, Total: 550800 ns
[2020-05-02T06:12:39.714+0000][1][safepoint    ] Safepoint "Cleanup", Time since last: 1000494300 ns, Reaching safepoint: 386300 ns, At safepoint: 170900 ns, Total: 557200 ns
[2020-05-02T06:12:40.716+0000][1][safepoint    ] Safepoint "Cleanup", Time since last: 1000783200 ns, Reaching safepoint: 417100 ns, At safepoint: 130500 ns, Total: 547600 ns
[2020-05-02T06:12:41.717+0000][1][safepoint    ] Safepoint "Cleanup", Time since last: 1000630000 ns, Reaching safepoint: 329900 ns, At safepoint: 96400 ns, Total: 426300 ns
[2020-05-02T06:12:42.718+0000][1][safepoint    ] Safepoint "Cleanup", Time since last: 1000740500 ns, Reaching safepoint: 503500 ns, At safepoint: 128100 ns, Total: 631600 ns
[2020-05-02T06:12:43.808+0000][1][safepoint    ] Safepoint "Cleanup", Time since last: 1089641700 ns, Reaching safepoint: 306300 ns, At safepoint: 81000 ns, Total: 387300 ns
[2020-05-02T06:12:44.809+0000][1][safepoint    ] Safepoint "Cleanup", Time since last: 1000540000 ns, Reaching safepoint: 416500 ns, At safepoint: 131600 ns, Total: 548100 ns
[2020-05-02T06:12:45.810+0000][1][safepoint    ] Safepoint "Cleanup", Time since last: 1000668400 ns, Reaching safepoint: 126900 ns, At safepoint: 30500 ns, Total: 157400 ns
[2020-05-02T06:12:46.811+0000][1][safepoint    ] Safepoint "Cleanup", Time since last: 1000332700 ns, Reaching safepoint: 423100 ns, At safepoint: 219600 ns, Total: 642700 ns
[2020-05-02T06:12:47.812+0000][1][safepoint    ] Safepoint "Cleanup", Time since last: 1000413300 ns, Reaching safepoint: 707000 ns, At safepoint: 122500 ns, Total: 829500 ns
[2020-05-02T06:12:48.814+0000][1][safepoint    ] Safepoint "Cleanup", Time since last: 1001253100 ns, Reaching safepoint: 340400 ns, At safepoint: 103800 ns, Total: 444200 ns
[2020-05-02T06:12:49.815+0000][1][safepoint    ] Safepoint "Cleanup", Time since last: 1000668300 ns, Reaching safepoint: 424000 ns, At safepoint: 131700 ns, Total: 555700 ns
[2020-05-02T06:12:50.816+0000][1][safepoint    ] Safepoint "Cleanup", Time since last: 1000543800 ns, Reaching safepoint: 429100 ns, At safepoint: 166300 ns, Total: 595400 ns
[2020-05-02T06:12:51.818+0000][1][safepoint    ] Safepoint "Cleanup", Time since last: 1000802800 ns, Reaching safepoint: 455000 ns, At safepoint: 136400 ns, Total: 591400 ns
[2020-05-02T06:12:52.819+0000][1][safepoint    ] Safepoint "Cleanup", Time since last: 1000476900 ns, Reaching safepoint: 556200 ns, At safepoint: 130700 ns, Total: 686900 ns
[2020-05-02T06:12:53.821+0000][1][safepoint    ] Safepoint "Cleanup", Time since last: 1000889600 ns, Reaching safepoint: 539300 ns, At safepoint: 267400 ns, Total: 806700 ns
[2020-05-02T06:12:54.822+0000][1][safepoint    ] Safepoint "Cleanup", Time since last: 1000827500 ns, Reaching safepoint: 420700 ns, At safepoint: 130000 ns, Total: 550700 ns
[2020-05-02T06:12:55.824+0000][1][safepoint    ] Safepoint "Cleanup", Time since last: 1000948200 ns, Reaching safepoint: 450100 ns, At safepoint: 134800 ns, Total: 584900 ns
[2020-05-02T06:12:56.825+0000][1][safepoint    ] Safepoint "Cleanup", Time since last: 1000711800 ns, Reaching safepoint: 466000 ns, At safepoint: 131500 ns, Total: 597500 ns
[2020-05-02T06:12:57.826+0000][1][safepoint    ] Safepoint "Cleanup", Time since last: 1000464100 ns, Reaching safepoint: 500800 ns, At safepoint: 127200 ns, Total: 628000 ns
[2020-05-02T06:12:58.827+0000][1][safepoint    ] Safepoint "Cleanup", Time since last: 1000743900 ns, Reaching safepoint: 225800 ns, At safepoint: 63300 ns, Total: 289100 ns
[2020-05-02T06:12:59.828+0000][1][safepoint    ] Safepoint "Cleanup", Time since last: 1000727000 ns, Reaching safepoint: 151800 ns, At safepoint: 36200 ns, Total: 188000 ns
[2020-05-02T06:13:00.829+0000][1][safepoint    ] Safepoint "Cleanup", Time since last: 1000365300 ns, Reaching safepoint: 595200 ns, At safepoint: 137100 ns, Total: 732300 ns
[2020-05-02T06:13:01.830+0000][1][safepoint    ] Safepoint "Cleanup", Time since last: 1000766400 ns, Reaching safepoint: 289300 ns, At safepoint: 83700 ns, Total: 373000 ns
[2020-05-02T06:13:02.831+0000][1][safepoint    ] Safepoint "Cleanup", Time since last: 1000752400 ns, Reaching safepoint: 421700 ns, At safepoint: 128300 ns, Total: 550000 ns
[2020-05-02T06:13:03.832+0000][1][safepoint    ] Safepoint "Cleanup", Time since last: 1000379800 ns, Reaching safepoint: 166600 ns, At safepoint: 29400 ns, Total: 196000 ns
[2020-05-02T06:13:04.836+0000][1][safepoint    ] Safepoint "Cleanup", Time since last: 1003428000 ns, Reaching safepoint: 530300 ns, At safepoint: 128800 ns, Total: 659100 ns
[2020-05-02T06:13:05.837+0000][1][safepoint    ] Safepoint "Cleanup", Time since last: 1000592300 ns, Reaching safepoint: 445700 ns, At safepoint: 130400 ns, Total: 576100 ns
[2020-05-02T06:13:06.838+0000][1][safepoint    ] Safepoint "Cleanup", Time since last: 1000474500 ns, Reaching safepoint: 385700 ns, At safepoint: 111700 ns, Total: 497400 ns
[2020-05-02T06:13:07.840+0000][1][safepoint    ] Safepoint "Cleanup", Time since last: 1000612500 ns, Reaching safepoint: 521100 ns, At safepoint: 130400 ns, Total: 651500 ns
[2020-05-02T06:13:08.840+0000][1][safepoint    ] Safepoint "Cleanup", Time since last: 1000267200 ns, Reaching safepoint: 142600 ns, At safepoint: 31700 ns, Total: 174300 ns
[2020-05-02T06:13:09.841+0000][1][safepoint    ] Safepoint "Cleanup", Time since last: 1000461400 ns, Reaching safepoint: 168400 ns, At safepoint: 43200 ns, Total: 211600 ns
[2020-05-02T06:13:10.842+0000][1][safepoint    ] Safepoint "Cleanup", Time since last: 1000466700 ns, Reaching safepoint: 343900 ns, At safepoint: 86700 ns, Total: 430600 ns
[2020-05-02T06:13:11.842+0000][1][safepoint    ] Safepoint "Cleanup", Time since last: 1000412300 ns, Reaching safepoint: 145600 ns, At safepoint: 36000 ns, Total: 181600 ns
[2020-05-02T06:13:12.843+0000][1][safepoint    ] Safepoint "Cleanup", Time since last: 1000653300 ns, Reaching safepoint: 147900 ns, At safepoint: 36700 ns, Total: 184600 ns
[2020-05-02T06:13:13.844+0000][1][safepoint    ] Safepoint "Cleanup", Time since last: 1000663100 ns, Reaching safepoint: 420600 ns, At safepoint: 130900 ns, Total: 551500 ns
[2020-05-02T06:13:14.845+0000][1][safepoint    ] Safepoint "Cleanup", Time since last: 1000908400 ns, Reaching safepoint: 259900 ns, At safepoint: 75800 ns, Total: 335700 ns
[2020-05-02T06:13:15.846+0000][1][safepoint    ] Safepoint "Cleanup", Time since last: 1000270900 ns, Reaching safepoint: 161700 ns, At safepoint: 41800 ns, Total: 203500 ns
[2020-05-02T06:13:16.847+0000][1][safepoint    ] Safepoint "Cleanup", Time since last: 1000641000 ns, Reaching safepoint: 420600 ns, At safepoint: 131000 ns, Total: 551600 ns
[2020-05-02T06:13:17.849+0000][1][safepoint    ] Safepoint "Cleanup", Time since last: 1000889100 ns, Reaching safepoint: 464300 ns, At safepoint: 131700 ns, Total: 596000 ns
[2020-05-02T06:13:18.850+0000][1][safepoint    ] Safepoint "Cleanup", Time since last: 1000788500 ns, Reaching safepoint: 422200 ns, At safepoint: 129400 ns, Total: 551600 ns
[2020-05-02T06:13:19.851+0000][1][safepoint    ] Safepoint "Cleanup", Time since last: 1000389000 ns, Reaching safepoint: 309700 ns, At safepoint: 75400 ns, Total: 385100 ns
[2020-05-02T06:13:20.852+0000][1][safepoint    ] Safepoint "Cleanup", Time since last: 1000609300 ns, Reaching safepoint: 420500 ns, At safepoint: 130700 ns, Total: 551200 ns
[2020-05-02T06:13:21.853+0000][1][safepoint    ] Safepoint "Cleanup", Time since last: 1000633900 ns, Reaching safepoint: 510400 ns, At safepoint: 129700 ns, Total: 640100 ns
[2020-05-02T06:13:22.854+0000][1][safepoint    ] Safepoint "Cleanup", Time since last: 1000463800 ns, Reaching safepoint: 420500 ns, At safepoint: 143900 ns, Total: 564400 ns
[2020-05-02T06:13:23.856+0000][1][safepoint    ] Safepoint "Cleanup", Time since last: 1000991300 ns, Reaching safepoint: 420400 ns, At safepoint: 132000 ns, Total: 552400 ns
[2020-05-02T06:13:24.857+0000][1][safepoint    ] Safepoint "Cleanup", Time since last: 1000666100 ns, Reaching safepoint: 419400 ns, At safepoint: 131000 ns, Total: 550400 ns
[2020-05-02T06:13:25.858+0000][1][safepoint    ] Safepoint "Cleanup", Time since last: 1000664800 ns, Reaching safepoint: 511400 ns, At safepoint: 153700 ns, Total: 665100 ns
[2020-05-02T06:13:26.859+0000][1][safepoint    ] Safepoint "Cleanup", Time since last: 1000412700 ns, Reaching safepoint: 444600 ns, At safepoint: 175900 ns, Total: 620500 ns
[2020-05-02T06:13:27.860+0000][1][safepoint    ] Safepoint "Cleanup", Time since last: 1000322300 ns, Reaching safepoint: 193500 ns, At safepoint: 78100 ns, Total: 271600 ns
[2020-05-02T06:13:28.861+0000][1][safepoint    ] Safepoint "Cleanup", Time since last: 1000468700 ns, Reaching safepoint: 421900 ns, At safepoint: 130500 ns, Total: 552400 ns
[2020-05-02T06:13:29.862+0000][1][safepoint    ] Safepoint "Cleanup", Time since last: 1000535200 ns, Reaching safepoint: 420500 ns, At safepoint: 128600 ns, Total: 549100 ns
[2020-05-02T06:13:30.863+0000][1][safepoint    ] Safepoint "Cleanup", Time since last: 1000468600 ns, Reaching safepoint: 498000 ns, At safepoint: 124900 ns, Total: 622900 ns
[2020-05-02T06:13:31.864+0000][1][safepoint    ] Safepoint "Cleanup", Time since last: 1000699600 ns, Reaching safepoint: 419600 ns, At safepoint: 175800 ns, Total: 595400 ns
[2020-05-02T06:13:32.866+0000][1][safepoint    ] Safepoint "Cleanup", Time since last: 1000764800 ns, Reaching safepoint: 422000 ns, At safepoint: 131300 ns, Total: 553300 ns
[2020-05-02T06:13:33.709+0000][1][gc,start     ] GC(54) Pause Young (Allocation Failure)
[2020-05-02T06:13:33.709+0000][1][gc,task      ] GC(54) Using 10 workers of 10 for evacuation
[2020-05-02T06:13:33.715+0000][1][gc,age       ] GC(54) Desired survivor size 8945664 bytes, new threshold 6 (max threshold 6)
[2020-05-02T06:13:33.715+0000][1][gc,age       ] GC(54) Age table with threshold 6 (max threshold 6)
[2020-05-02T06:13:33.715+0000][1][gc,age       ] GC(54) - age   1:      80648 bytes,      80648 total
[2020-05-02T06:13:33.715+0000][1][gc,age       ] GC(54) - age   2:       1352 bytes,      82000 total
[2020-05-02T06:13:33.715+0000][1][gc,age       ] GC(54) - age   3:       4448 bytes,      86448 total
[2020-05-02T06:13:33.715+0000][1][gc,age       ] GC(54) - age   4:        856 bytes,      87304 total
[2020-05-02T06:13:33.715+0000][1][gc,age       ] GC(54) - age   5:      14528 bytes,     101832 total
[2020-05-02T06:13:33.715+0000][1][gc,age       ] GC(54) - age   6:      46848 bytes,     148680 total
[2020-05-02T06:13:33.715+0000][1][gc,heap      ] GC(54) ParNew: 140369K->399K(157248K)
[2020-05-02T06:13:33.715+0000][1][gc,heap      ] GC(54) CMS: 82132K->82403K(349568K)
[2020-05-02T06:13:33.715+0000][1][gc,metaspace ] GC(54) Metaspace: 97573K->97573K(1138688K)
[2020-05-02T06:13:33.715+0000][1][gc           ] GC(54) Pause Young (Allocation Failure) 217M->80M(494M) 6.666ms
[2020-05-02T06:13:33.715+0000][1][gc,cpu       ] GC(54) User=0.04s Sys=0.00s Real=0.01s
[2020-05-02T06:13:33.715+0000][1][safepoint    ] Safepoint "GenCollectForAllocation", Time since last: 842569300 ns, Reaching safepoint: 450900 ns, At safepoint: 6792600 ns, Total: 7243500 ns
[2020-05-02T06:13:34.716+0000][1][safepoint    ] Safepoint "Cleanup", Time since last: 1000513600 ns, Reaching safepoint: 156000 ns, At safepoint: 39900 ns, Total: 195900 ns
[2020-05-02T06:13:35.717+0000][1][safepoint    ] Safepoint "Cleanup", Time since last: 1000552700 ns, Reaching safepoint: 423800 ns, At safepoint: 138900 ns, Total: 562700 ns
[2020-05-02T06:13:36.718+0000][1][safepoint    ] Safepoint "Cleanup", Time since last: 1000789300 ns, Reaching safepoint: 165100 ns, At safepoint: 42400 ns, Total: 207500 ns
[2020-05-02T06:13:37.719+0000][1][safepoint    ] Safepoint "Cleanup", Time since last: 1000420200 ns, Reaching safepoint: 425100 ns, At safepoint: 138700 ns, Total: 563800 ns
[2020-05-02T06:13:38.721+0000][1][safepoint    ] Safepoint "Cleanup", Time since last: 1000768700 ns, Reaching safepoint: 512400 ns, At safepoint: 131400 ns, Total: 643800 ns
[2020-05-02T06:13:39.722+0000][1][safepoint    ] Safepoint "Cleanup", Time since last: 1000689800 ns, Reaching safepoint: 320300 ns, At safepoint: 98900 ns, Total: 419200 ns
[2020-05-02T06:13:40.723+0000][1][safepoint    ] Safepoint "Cleanup", Time since last: 1000703700 ns, Reaching safepoint: 424000 ns, At safepoint: 136500 ns, Total: 560500 ns
[2020-05-02T06:13:41.724+0000][1][safepoint    ] Safepoint "Cleanup", Time since last: 1000510300 ns, Reaching safepoint: 209200 ns, At safepoint: 59800 ns, Total: 269000 ns
[2020-05-02T06:13:42.725+0000][1][safepoint    ] Safepoint "Cleanup", Time since last: 1000749000 ns, Reaching safepoint: 520400 ns, At safepoint: 164700 ns, Total: 685100 ns
[2020-05-02T06:13:43.727+0000][1][safepoint    ] Safepoint "Cleanup", Time since last: 1001047200 ns, Reaching safepoint: 451200 ns, At safepoint: 129000 ns, Total: 580200 ns
[2020-05-02T06:13:44.728+0000][1][safepoint    ] Safepoint "Cleanup", Time since last: 1000646900 ns, Reaching safepoint: 198900 ns, At safepoint: 37600 ns, Total: 236500 ns
[2020-05-02T06:13:45.729+0000][1][safepoint    ] Safepoint "Cleanup", Time since last: 1000403100 ns, Reaching safepoint: 424700 ns, At safepoint: 151200 ns, Total: 575900 ns
[2020-05-02T06:13:46.730+0000][1][safepoint    ] Safepoint "Cleanup", Time since last: 1000401400 ns, Reaching safepoint: 271900 ns, At safepoint: 76900 ns, Total: 348800 ns
[2020-05-02T06:13:47.731+0000][1][safepoint    ] Safepoint "Cleanup", Time since last: 1000463800 ns, Reaching safepoint: 689200 ns, At safepoint: 124400 ns, Total: 813600 ns
[2020-05-02T06:13:48.735+0000][1][safepoint    ] Safepoint "Cleanup", Time since last: 1004064200 ns, Reaching safepoint: 169400 ns, At safepoint: 45800 ns, Total: 215200 ns
[2020-05-02T06:13:49.736+0000][1][safepoint    ] Safepoint "Cleanup", Time since last: 1000532800 ns, Reaching safepoint: 134700 ns, At safepoint: 31900 ns, Total: 166600 ns
[2020-05-02T06:13:50.737+0000][1][safepoint    ] Safepoint "Cleanup", Time since last: 1000334400 ns, Reaching safepoint: 421100 ns, At safepoint: 129500 ns, Total: 550600 ns
[2020-05-02T06:13:52.720+0000][1][safepoint    ] Safepoint "Cleanup", Time since last: 1982823700 ns, Reaching safepoint: 421500 ns, At safepoint: 169600 ns, Total: 591100 ns
[2020-05-02T06:13:53.721+0000][1][safepoint    ] Safepoint "Cleanup", Time since last: 1000751400 ns, Reaching safepoint: 424000 ns, At safepoint: 128800 ns, Total: 552800 ns
[2020-05-02T06:13:54.722+0000][1][safepoint    ] Safepoint "Cleanup", Time since last: 1000815700 ns, Reaching safepoint: 135500 ns, At safepoint: 33400 ns, Total: 168900 ns
[2020-05-02T06:13:55.723+0000][1][safepoint    ] Safepoint "Cleanup", Time since last: 1000328900 ns, Reaching safepoint: 447100 ns, At safepoint: 92100 ns, Total: 539200 ns
[2020-05-02T06:13:56.724+0000][1][safepoint    ] Safepoint "Cleanup", Time since last: 1000272600 ns, Reaching safepoint: 126800 ns, At safepoint: 29300 ns, Total: 156100 ns
[2020-05-02T06:13:57.724+0000][1][safepoint    ] Safepoint "Cleanup", Time since last: 1000228500 ns, Reaching safepoint: 186900 ns, At safepoint: 47700 ns, Total: 234600 ns
[2020-05-02T06:13:58.725+0000][1][safepoint    ] Safepoint "Cleanup", Time since last: 1000584000 ns, Reaching safepoint: 425900 ns, At safepoint: 130400 ns, Total: 556300 ns
[2020-05-02T06:13:59.726+0000][1][safepoint    ] Safepoint "Cleanup", Time since last: 1000495000 ns, Reaching safepoint: 580800 ns, At safepoint: 44700 ns, Total: 625500 ns
[2020-05-02T06:14:00.727+0000][1][safepoint    ] Safepoint "Cleanup", Time since last: 1000230200 ns, Reaching safepoint: 158100 ns, At safepoint: 37800 ns, Total: 195900 ns
[2020-05-02T06:14:01.727+0000][1][safepoint    ] Safepoint "Cleanup", Time since last: 1000269900 ns, Reaching safepoint: 226400 ns, At safepoint: 54000 ns, Total: 280400 ns
[2020-05-02T06:14:02.728+0000][1][safepoint    ] Safepoint "Cleanup", Time since last: 1000398100 ns, Reaching safepoint: 445300 ns, At safepoint: 207500 ns, Total: 652800 ns
[2020-05-02T06:14:03.730+0000][1][safepoint    ] Safepoint "Cleanup", Time since last: 1000630500 ns, Reaching safepoint: 424900 ns, At safepoint: 222300 ns, Total: 647200 ns
[2020-05-02T06:14:04.731+0000][1][safepoint    ] Safepoint "Cleanup", Time since last: 1000566300 ns, Reaching safepoint: 687500 ns, At safepoint: 200900 ns, Total: 888400 ns
[2020-05-02T06:14:05.733+0000][1][safepoint    ] Safepoint "Cleanup", Time since last: 1000848500 ns, Reaching safepoint: 449400 ns, At safepoint: 141100 ns, Total: 590500 ns
[2020-05-02T06:14:06.734+0000][1][safepoint    ] Safepoint "Cleanup", Time since last: 1000880900 ns, Reaching safepoint: 422800 ns, At safepoint: 137400 ns, Total: 560200 ns
[2020-05-02T06:14:07.735+0000][1][safepoint    ] Safepoint "Cleanup", Time since last: 1000641100 ns, Reaching safepoint: 355500 ns, At safepoint: 94100 ns, Total: 449600 ns
[2020-05-02T06:14:08.736+0000][1][safepoint    ] Safepoint "Cleanup", Time since last: 1000562500 ns, Reaching safepoint: 348900 ns, At safepoint: 86900 ns, Total: 435800 ns
[2020-05-02T06:14:09.737+0000][1][safepoint    ] Safepoint "Cleanup", Time since last: 1000787900 ns, Reaching safepoint: 356800 ns, At safepoint: 227100 ns, Total: 583900 ns
[2020-05-02T06:14:10.739+0000][1][safepoint    ] Safepoint "Cleanup", Time since last: 1000741400 ns, Reaching safepoint: 451000 ns, At safepoint: 139100 ns, Total: 590100 ns
[2020-05-02T06:14:11.740+0000][1][safepoint    ] Safepoint "Cleanup", Time since last: 1000455300 ns, Reaching safepoint: 232400 ns, At safepoint: 65400 ns, Total: 297800 ns
[2020-05-02T06:14:12.740+0000][1][safepoint    ] Safepoint "Cleanup", Time since last: 1000331900 ns, Reaching safepoint: 334000 ns, At safepoint: 100100 ns, Total: 434100 ns
[2020-05-02T06:14:13.742+0000][1][safepoint    ] Safepoint "Cleanup", Time since last: 1000720500 ns, Reaching safepoint: 517000 ns, At safepoint: 152400 ns, Total: 669400 ns
[2020-05-02T06:14:14.743+0000][1][safepoint    ] Safepoint "Cleanup", Time since last: 1000852900 ns, Reaching safepoint: 422900 ns, At safepoint: 207500 ns, Total: 630400 ns
[2020-05-02T06:14:15.744+0000][1][safepoint    ] Safepoint "Cleanup", Time since last: 1000323200 ns, Reaching safepoint: 137400 ns, At safepoint: 26100 ns, Total: 163500 ns
[2020-05-02T06:14:16.745+0000][1][safepoint    ] Safepoint "Cleanup", Time since last: 1000716300 ns, Reaching safepoint: 428600 ns, At safepoint: 114400 ns, Total: 543000 ns
[2020-05-02T06:14:17.746+0000][1][safepoint    ] Safepoint "Cleanup", Time since last: 1000699900 ns, Reaching safepoint: 170100 ns, At safepoint: 27800 ns, Total: 197900 ns
[2020-05-02T06:14:18.747+0000][1][safepoint    ] Safepoint "Cleanup", Time since last: 1001034900 ns, Reaching safepoint: 261100 ns, At safepoint: 76800 ns, Total: 337900 ns
[2020-05-02T06:14:19.748+0000][1][safepoint    ] Safepoint "Cleanup", Time since last: 1000218800 ns, Reaching safepoint: 133700 ns, At safepoint: 27300 ns, Total: 161000 ns
[2020-05-02T06:14:20.748+0000][1][safepoint    ] Safepoint "Cleanup", Time since last: 1000187600 ns, Reaching safepoint: 140900 ns, At safepoint: 36700 ns, Total: 177600 ns
[2020-05-02T06:14:22.170+0000][1][safepoint    ] Safepoint "Cleanup", Time since last: 1421564500 ns, Reaching safepoint: 467700 ns, At safepoint: 134600 ns, Total: 602300 ns
[2020-05-02T06:14:23.171+0000][1][safepoint    ] Safepoint "Cleanup", Time since last: 1000673500 ns, Reaching safepoint: 426100 ns, At safepoint: 129200 ns, Total: 555300 ns
[2020-05-02T06:14:24.173+0000][1][safepoint    ] Safepoint "Cleanup", Time since last: 1000786200 ns, Reaching safepoint: 424500 ns, At safepoint: 130900 ns, Total: 555400 ns
[2020-05-02T06:14:25.174+0000][1][safepoint    ] Safepoint "Cleanup", Time since last: 1000778900 ns, Reaching safepoint: 507100 ns, At safepoint: 130800 ns, Total: 637900 ns
[2020-05-02T06:14:26.176+0000][1][safepoint    ] Safepoint "Cleanup", Time since last: 1000965900 ns, Reaching safepoint: 423800 ns, At safepoint: 131300 ns, Total: 555100 ns
[2020-05-02T06:14:27.177+0000][1][safepoint    ] Safepoint "Cleanup", Time since last: 1000541700 ns, Reaching safepoint: 447000 ns, At safepoint: 158400 ns, Total: 605400 ns
[2020-05-02T06:14:28.178+0000][1][safepoint    ] Safepoint "Cleanup", Time since last: 1000735700 ns, Reaching safepoint: 448700 ns, At safepoint: 134900 ns, Total: 583600 ns
[2020-05-02T06:14:29.179+0000][1][safepoint    ] Safepoint "Cleanup", Time since last: 1000301700 ns, Reaching safepoint: 131400 ns, At safepoint: 28400 ns, Total: 159800 ns
[2020-05-02T06:14:30.180+0000][1][safepoint    ] Safepoint "Cleanup", Time since last: 1000709500 ns, Reaching safepoint: 524500 ns, At safepoint: 140900 ns, Total: 665400 ns
[2020-05-02T06:14:31.182+0000][1][safepoint    ] Safepoint "Cleanup", Time since last: 1001019500 ns, Reaching safepoint: 424500 ns, At safepoint: 143000 ns, Total: 567500 ns
[2020-05-02T06:14:32.183+0000][1][safepoint    ] Safepoint "Cleanup", Time since last: 1000805500 ns, Reaching safepoint: 138500 ns, At safepoint: 32400 ns, Total: 170900 ns
[2020-05-02T06:14:33.184+0000][1][safepoint    ] Safepoint "Cleanup", Time since last: 1000587600 ns, Reaching safepoint: 452100 ns, At safepoint: 133700 ns, Total: 585800 ns
[2020-05-02T06:14:34.185+0000][1][safepoint    ] Safepoint "Cleanup", Time since last: 1000860500 ns, Reaching safepoint: 451300 ns, At safepoint: 136200 ns, Total: 587500 ns
[2020-05-02T06:14:35.186+0000][1][safepoint    ] Safepoint "Cleanup", Time since last: 1000601900 ns, Reaching safepoint: 276800 ns, At safepoint: 79700 ns, Total: 356500 ns
[2020-05-02T06:14:36.187+0000][1][safepoint    ] Safepoint "Cleanup", Time since last: 1000471700 ns, Reaching safepoint: 449900 ns, At safepoint: 133800 ns, Total: 583700 ns
[2020-05-02T06:14:37.188+0000][1][safepoint    ] Safepoint "Cleanup", Time since last: 1000592000 ns, Reaching safepoint: 456300 ns, At safepoint: 143100 ns, Total: 599400 ns
[2020-05-02T06:14:38.189+0000][1][safepoint    ] Safepoint "Cleanup", Time since last: 1000503600 ns, Reaching safepoint: 454100 ns, At safepoint: 193400 ns, Total: 647500 ns
[2020-05-02T06:14:39.191+0000][1][safepoint    ] Safepoint "Cleanup", Time since last: 1000787300 ns, Reaching safepoint: 503900 ns, At safepoint: 136400 ns, Total: 640300 ns
[2020-05-02T06:14:40.192+0000][1][safepoint    ] Safepoint "Cleanup", Time since last: 1000676100 ns, Reaching safepoint: 176400 ns, At safepoint: 43700 ns, Total: 220100 ns
[2020-05-02T06:14:41.193+0000][1][safepoint    ] Safepoint "Cleanup", Time since last: 1000750600 ns, Reaching safepoint: 620900 ns, At safepoint: 124800 ns, Total: 745700 ns
[2020-05-02T06:14:42.194+0000][1][safepoint    ] Safepoint "Cleanup", Time since last: 1000849000 ns, Reaching safepoint: 133000 ns, At safepoint: 44000 ns, Total: 177000 ns
[2020-05-02T06:14:43.196+0000][1][safepoint    ] Safepoint "Cleanup", Time since last: 1000636300 ns, Reaching safepoint: 423200 ns, At safepoint: 131300 ns, Total: 554500 ns
[2020-05-02T06:14:44.196+0000][1][safepoint    ] Safepoint "Cleanup", Time since last: 1000591100 ns, Reaching safepoint: 153600 ns, At safepoint: 38800 ns, Total: 192400 ns
[2020-05-02T06:14:45.197+0000][1][safepoint    ] Safepoint "Cleanup", Time since last: 1000231600 ns, Reaching safepoint: 152500 ns, At safepoint: 35000 ns, Total: 187500 ns
[2020-05-02T06:14:46.738+0000][1][safepoint    ] Safepoint "Cleanup", Time since last: 1540660900 ns, Reaching safepoint: 131100 ns, At safepoint: 28000 ns, Total: 159100 ns
[2020-05-02T06:14:47.738+0000][1][safepoint    ] Safepoint "Cleanup", Time since last: 1000462800 ns, Reaching safepoint: 247200 ns, At safepoint: 69300 ns, Total: 316500 ns
[2020-05-02T06:14:48.740+0000][1][safepoint    ] Safepoint "Cleanup", Time since last: 1000353900 ns, Reaching safepoint: 685900 ns, At safepoint: 237500 ns, Total: 923400 ns
[2020-05-02T06:14:49.741+0000][1][safepoint    ] Safepoint "Cleanup", Time since last: 1000434200 ns, Reaching safepoint: 511800 ns, At safepoint: 129800 ns, Total: 641600 ns
[2020-05-02T06:14:50.742+0000][1][safepoint    ] Safepoint "Cleanup", Time since last: 1000709000 ns, Reaching safepoint: 451000 ns, At safepoint: 138000 ns, Total: 589000 ns
[2020-05-02T06:14:51.743+0000][1][safepoint    ] Safepoint "Cleanup", Time since last: 1000690300 ns, Reaching safepoint: 333900 ns, At safepoint: 98900 ns, Total: 432800 ns
[2020-05-02T06:14:52.744+0000][1][safepoint    ] Safepoint "Cleanup", Time since last: 1000559000 ns, Reaching safepoint: 310500 ns, At safepoint: 74700 ns, Total: 385200 ns
[2020-05-02T06:14:53.745+0000][1][safepoint    ] Safepoint "Cleanup", Time since last: 1000512400 ns, Reaching safepoint: 270900 ns, At safepoint: 62800 ns, Total: 333700 ns
[2020-05-02T06:14:54.746+0000][1][safepoint    ] Safepoint "Cleanup", Time since last: 1000332200 ns, Reaching safepoint: 349700 ns, At safepoint: 105900 ns, Total: 455600 ns
[2020-05-02T06:14:55.747+0000][1][safepoint    ] Safepoint "Cleanup", Time since last: 1000784700 ns, Reaching safepoint: 451400 ns, At safepoint: 135000 ns, Total: 586400 ns
[2020-05-02T06:14:56.748+0000][1][safepoint    ] Safepoint "Cleanup", Time since last: 1000611200 ns, Reaching safepoint: 211000 ns, At safepoint: 57100 ns, Total: 268100 ns
[2020-05-02T06:14:57.749+0000][1][safepoint    ] Safepoint "Cleanup", Time since last: 1000438900 ns, Reaching safepoint: 436100 ns, At safepoint: 213000 ns, Total: 649100 ns
[2020-05-02T06:14:58.750+0000][1][safepoint    ] Safepoint "Cleanup", Time since last: 1000805500 ns, Reaching safepoint: 465900 ns, At safepoint: 116900 ns, Total: 582800 ns
[2020-05-02T06:14:59.752+0000][1][safepoint    ] Safepoint "Cleanup", Time since last: 1000671100 ns, Reaching safepoint: 447000 ns, At safepoint: 134600 ns, Total: 581600 ns
[2020-05-02T06:15:00.753+0000][1][safepoint    ] Safepoint "Cleanup", Time since last: 1000661500 ns, Reaching safepoint: 261400 ns, At safepoint: 74200 ns, Total: 335600 ns
[2020-05-02T06:15:01.753+0000][1][safepoint    ] Safepoint "Cleanup", Time since last: 1000338300 ns, Reaching safepoint: 239000 ns, At safepoint: 68600 ns, Total: 307600 ns
[2020-05-02T06:15:02.755+0000][1][safepoint    ] Safepoint "Cleanup", Time since last: 1000491200 ns, Reaching safepoint: 824400 ns, At safepoint: 142900 ns, Total: 967300 ns
[2020-05-02T06:15:03.755+0000][1][safepoint    ] Safepoint "Cleanup", Time since last: 1000383700 ns, Reaching safepoint: 222300 ns, At safepoint: 61400 ns, Total: 283700 ns
[2020-05-02T06:15:04.756+0000][1][safepoint    ] Safepoint "Cleanup", Time since last: 1000218300 ns, Reaching safepoint: 128800 ns, At safepoint: 29700 ns, Total: 158500 ns
[2020-05-02T06:15:05.757+0000][1][safepoint    ] Safepoint "Cleanup", Time since last: 1000550700 ns, Reaching safepoint: 422100 ns, At safepoint: 130600 ns, Total: 552700 ns
[2020-05-02T06:15:06.758+0000][1][safepoint    ] Safepoint "Cleanup", Time since last: 1000665800 ns, Reaching safepoint: 165500 ns, At safepoint: 42000 ns, Total: 207500 ns
[2020-05-02T06:15:07.759+0000][1][safepoint    ] Safepoint "Cleanup", Time since last: 1000636100 ns, Reaching safepoint: 451600 ns, At safepoint: 135300 ns, Total: 586900 ns
[2020-05-02T06:15:08.760+0000][1][safepoint    ] Safepoint "Cleanup", Time since last: 1000658800 ns, Reaching safepoint: 424300 ns, At safepoint: 133800 ns, Total: 558100 ns
[2020-05-02T06:15:09.762+0000][1][safepoint    ] Safepoint "Cleanup", Time since last: 1000789200 ns, Reaching safepoint: 422700 ns, At safepoint: 137700 ns, Total: 560400 ns
[2020-05-02T06:15:10.763+0000][1][safepoint    ] Safepoint "Cleanup", Time since last: 1000771000 ns, Reaching safepoint: 508900 ns, At safepoint: 130700 ns, Total: 639600 ns
[2020-05-02T06:15:11.764+0000][1][safepoint    ] Safepoint "Cleanup", Time since last: 1000680200 ns, Reaching safepoint: 423100 ns, At safepoint: 130800 ns, Total: 553900 ns
[2020-05-02T06:15:12.766+0000][1][safepoint    ] Safepoint "Cleanup", Time since last: 1000875900 ns, Reaching safepoint: 425700 ns, At safepoint: 133200 ns, Total: 558900 ns
[2020-05-02T06:15:13.767+0000][1][safepoint    ] Safepoint "Cleanup", Time since last: 1000536700 ns, Reaching safepoint: 302200 ns, At safepoint: 34100 ns, Total: 336300 ns
[2020-05-02T06:15:14.768+0000][1][safepoint    ] Safepoint "Cleanup", Time since last: 1000660700 ns, Reaching safepoint: 428300 ns, At safepoint: 131700 ns, Total: 560000 ns
[2020-05-02T06:15:15.769+0000][1][safepoint    ] Safepoint "Cleanup", Time since last: 1000660000 ns, Reaching safepoint: 493900 ns, At safepoint: 130300 ns, Total: 624200 ns
[2020-05-02T06:15:16.770+0000][1][safepoint    ] Safepoint "Cleanup", Time since last: 1000724800 ns, Reaching safepoint: 450800 ns, At safepoint: 132900 ns, Total: 583700 ns
[2020-05-02T06:15:17.772+0000][1][safepoint    ] Safepoint "Cleanup", Time since last: 1000643000 ns, Reaching safepoint: 558200 ns, At safepoint: 128400 ns, Total: 686600 ns
[2020-05-02T06:15:18.773+0000][1][safepoint    ] Safepoint "Cleanup", Time since last: 1000656900 ns, Reaching safepoint: 461800 ns, At safepoint: 256400 ns, Total: 718200 ns
[2020-05-02T06:15:19.774+0000][1][safepoint    ] Safepoint "Cleanup", Time since last: 1000381900 ns, Reaching safepoint: 260700 ns, At safepoint: 73200 ns, Total: 333900 ns
[2020-05-02T06:15:20.775+0000][1][safepoint    ] Safepoint "Cleanup", Time since last: 1000500600 ns, Reaching safepoint: 218000 ns, At safepoint: 58400 ns, Total: 276400 ns
[2020-05-02T06:15:21.747+0000][1][safepoint    ] Safepoint "RevokeBias", Time since last: 972096000 ns, Reaching safepoint: 136700 ns, At safepoint: 79100 ns, Total: 215800 ns
[2020-05-02T06:15:22.748+0000][1][safepoint    ] Safepoint "Cleanup", Time since last: 1000640700 ns, Reaching safepoint: 479000 ns, At safepoint: 165000 ns, Total: 644000 ns
[2020-05-02T06:15:23.749+0000][1][safepoint    ] Safepoint "Cleanup", Time since last: 1000682800 ns, Reaching safepoint: 147600 ns, At safepoint: 35900 ns, Total: 183500 ns
[2020-05-02T06:15:24.750+0000][1][safepoint    ] Safepoint "Cleanup", Time since last: 1000222800 ns, Reaching safepoint: 420400 ns, At safepoint: 104000 ns, Total: 524400 ns
[2020-05-02T06:15:25.751+0000][1][safepoint    ] Safepoint "Cleanup", Time since last: 1000537100 ns, Reaching safepoint: 333400 ns, At safepoint: 98500 ns, Total: 431900 ns
[2020-05-02T06:15:26.751+0000][1][safepoint    ] Safepoint "Cleanup", Time since last: 1000297900 ns, Reaching safepoint: 130600 ns, At safepoint: 31200 ns, Total: 161800 ns
[2020-05-02T06:15:27.752+0000][1][safepoint    ] Safepoint "Cleanup", Time since last: 1000185200 ns, Reaching safepoint: 119700 ns, At safepoint: 26400 ns, Total: 146100 ns
[2020-05-02T06:15:28.753+0000][1][safepoint    ] Safepoint "Cleanup", Time since last: 1000726500 ns, Reaching safepoint: 384500 ns, At safepoint: 96800 ns, Total: 481300 ns
[2020-05-02T06:15:29.754+0000][1][safepoint    ] Safepoint "Cleanup", Time since last: 1000429100 ns, Reaching safepoint: 449900 ns, At safepoint: 133500 ns, Total: 583400 ns
[2020-05-02T06:15:30.755+0000][1][safepoint    ] Safepoint "Cleanup", Time since last: 1000761900 ns, Reaching safepoint: 426200 ns, At safepoint: 130600 ns, Total: 556800 ns
[2020-05-02T06:15:31.756+0000][1][safepoint    ] Safepoint "Cleanup", Time since last: 1000433600 ns, Reaching safepoint: 506400 ns, At safepoint: 124600 ns, Total: 631000 ns
[2020-05-02T06:15:32.758+0000][1][safepoint    ] Safepoint "Cleanup", Time since last: 1000813700 ns, Reaching safepoint: 449500 ns, At safepoint: 135800 ns, Total: 585300 ns
[2020-05-02T06:15:33.759+0000][1][safepoint    ] Safepoint "Cleanup", Time since last: 1000733700 ns, Reaching safepoint: 450100 ns, At safepoint: 136100 ns, Total: 586200 ns
[2020-05-02T06:15:34.760+0000][1][safepoint    ] Safepoint "Cleanup", Time since last: 1000502900 ns, Reaching safepoint: 156200 ns, At safepoint: 38500 ns, Total: 194700 ns
[2020-05-02T06:15:35.760+0000][1][safepoint    ] Safepoint "Cleanup", Time since last: 1000253800 ns, Reaching safepoint: 246300 ns, At safepoint: 66700 ns, Total: 313000 ns
[2020-05-02T06:15:36.761+0000][1][safepoint    ] Safepoint "Cleanup", Time since last: 1000532500 ns, Reaching safepoint: 248500 ns, At safepoint: 76800 ns, Total: 325300 ns
[2020-05-02T06:15:37.762+0000][1][safepoint    ] Safepoint "Cleanup", Time since last: 1000755300 ns, Reaching safepoint: 451100 ns, At safepoint: 134300 ns, Total: 585400 ns
[2020-05-02T06:15:38.763+0000][1][safepoint    ] Safepoint "Cleanup", Time since last: 1000514400 ns, Reaching safepoint: 451300 ns, At safepoint: 150000 ns, Total: 601300 ns
[2020-05-02T06:15:39.765+0000][1][safepoint    ] Safepoint "Cleanup", Time since last: 1000776200 ns, Reaching safepoint: 510300 ns, At safepoint: 135200 ns, Total: 645500 ns
[2020-05-02T06:15:40.766+0000][1][safepoint    ] Safepoint "Cleanup", Time since last: 1000685900 ns, Reaching safepoint: 450300 ns, At safepoint: 136200 ns, Total: 586500 ns
[2020-05-02T06:15:41.767+0000][1][safepoint    ] Safepoint "Cleanup", Time since last: 1000605400 ns, Reaching safepoint: 133800 ns, At safepoint: 31200 ns, Total: 165000 ns
[2020-05-02T06:15:42.767+0000][1][safepoint    ] Safepoint "Cleanup", Time since last: 1000210800 ns, Reaching safepoint: 143000 ns, At safepoint: 34400 ns, Total: 177400 ns
[2020-05-02T06:15:43.768+0000][1][safepoint    ] Safepoint "Cleanup", Time since last: 1000506200 ns, Reaching safepoint: 145200 ns, At safepoint: 35400 ns, Total: 180600 ns
[2020-05-02T06:15:44.769+0000][1][safepoint    ] Safepoint "Cleanup", Time since last: 1000430300 ns, Reaching safepoint: 450400 ns, At safepoint: 135600 ns, Total: 586000 ns
[2020-05-02T06:15:45.770+0000][1][safepoint    ] Safepoint "Cleanup", Time since last: 1000708600 ns, Reaching safepoint: 293300 ns, At safepoint: 85200 ns, Total: 378500 ns
[2020-05-02T06:15:46.771+0000][1][safepoint    ] Safepoint "Cleanup", Time since last: 1000749600 ns, Reaching safepoint: 424300 ns, At safepoint: 129800 ns, Total: 554100 ns
[2020-05-02T06:15:47.773+0000][1][safepoint    ] Safepoint "Cleanup", Time since last: 1000827400 ns, Reaching safepoint: 448700 ns, At safepoint: 136000 ns, Total: 584700 ns
[2020-05-02T06:15:48.774+0000][1][safepoint    ] Safepoint "Cleanup", Time since last: 1000866000 ns, Reaching safepoint: 462100 ns, At safepoint: 134000 ns, Total: 596100 ns
[2020-05-02T06:15:49.775+0000][1][safepoint    ] Safepoint "Cleanup", Time since last: 1000605700 ns, Reaching safepoint: 146000 ns, At safepoint: 33900 ns, Total: 179900 ns
[2020-05-02T06:15:50.776+0000][1][safepoint    ] Safepoint "Cleanup", Time since last: 1000598000 ns, Reaching safepoint: 450600 ns, At safepoint: 151900 ns, Total: 602500 ns
[2020-05-02T06:15:52.553+0000][1][safepoint    ] Safepoint "Cleanup", Time since last: 1776742500 ns, Reaching safepoint: 134600 ns, At safepoint: 28700 ns, Total: 163300 ns
[2020-05-02T06:15:53.554+0000][1][safepoint    ] Safepoint "Cleanup", Time since last: 1000601700 ns, Reaching safepoint: 448700 ns, At safepoint: 222400 ns, Total: 671100 ns
[2020-05-02T06:15:54.556+0000][1][safepoint    ] Safepoint "Cleanup", Time since last: 1000636300 ns, Reaching safepoint: 454800 ns, At safepoint: 137700 ns, Total: 592500 ns
[2020-05-02T06:15:55.557+0000][1][safepoint    ] Safepoint "Cleanup", Time since last: 1000700900 ns, Reaching safepoint: 427200 ns, At safepoint: 131000 ns, Total: 558200 ns
[2020-05-02T06:15:56.558+0000][1][safepoint    ] Safepoint "Cleanup", Time since last: 1000700500 ns, Reaching safepoint: 451900 ns, At safepoint: 135500 ns, Total: 587400 ns
[2020-05-02T06:15:57.559+0000][1][safepoint    ] Safepoint "Cleanup", Time since last: 1000385500 ns, Reaching safepoint: 517200 ns, At safepoint: 134200 ns, Total: 651400 ns
[2020-05-02T06:15:58.560+0000][1][safepoint    ] Safepoint "Cleanup", Time since last: 1000680300 ns, Reaching safepoint: 452600 ns, At safepoint: 134200 ns, Total: 586800 ns
[2020-05-02T06:15:59.562+0000][1][safepoint    ] Safepoint "Cleanup", Time since last: 1000486800 ns, Reaching safepoint: 423900 ns, At safepoint: 130400 ns, Total: 554300 ns
[2020-05-02T06:16:00.563+0000][1][safepoint    ] Safepoint "Cleanup", Time since last: 1000608300 ns, Reaching safepoint: 510300 ns, At safepoint: 117700 ns, Total: 628000 ns
[2020-05-02T06:16:01.563+0000][1][safepoint    ] Safepoint "Cleanup", Time since last: 1000553000 ns, Reaching safepoint: 131800 ns, At safepoint: 29700 ns, Total: 161500 ns
[2020-05-02T06:16:02.564+0000][1][safepoint    ] Safepoint "Cleanup", Time since last: 1000484800 ns, Reaching safepoint: 185000 ns, At safepoint: 47800 ns, Total: 232800 ns
[2020-05-02T06:16:03.565+0000][1][safepoint    ] Safepoint "Cleanup", Time since last: 1000613100 ns, Reaching safepoint: 159600 ns, At safepoint: 32900 ns, Total: 192500 ns
[2020-05-02T06:16:04.566+0000][1][safepoint    ] Safepoint "Cleanup", Time since last: 1000573200 ns, Reaching safepoint: 453100 ns, At safepoint: 135400 ns, Total: 588500 ns
[2020-05-02T06:16:05.567+0000][1][safepoint    ] Safepoint "Cleanup", Time since last: 1000815300 ns, Reaching safepoint: 389600 ns, At safepoint: 117000 ns, Total: 506600 ns
[2020-05-02T06:16:06.569+0000][1][safepoint    ] Safepoint "Cleanup", Time since last: 1000621000 ns, Reaching safepoint: 453200 ns, At safepoint: 136800 ns, Total: 590000 ns
[2020-05-02T06:16:07.570+0000][1][safepoint    ] Safepoint "Cleanup", Time since last: 1000660000 ns, Reaching safepoint: 397700 ns, At safepoint: 116000 ns, Total: 513700 ns
[2020-05-02T06:16:08.571+0000][1][safepoint    ] Safepoint "Cleanup", Time since last: 1000796400 ns, Reaching safepoint: 168800 ns, At safepoint: 43300 ns, Total: 212100 ns
[2020-05-02T06:16:09.572+0000][1][safepoint    ] Safepoint "Cleanup", Time since last: 1000690000 ns, Reaching safepoint: 451400 ns, At safepoint: 135700 ns, Total: 587100 ns
[2020-05-02T06:16:10.574+0000][1][safepoint    ] Safepoint "Cleanup", Time since last: 1000734400 ns, Reaching safepoint: 527200 ns, At safepoint: 129400 ns, Total: 656600 ns
[2020-05-02T06:16:11.575+0000][1][safepoint    ] Safepoint "Cleanup", Time since last: 1000746400 ns, Reaching safepoint: 361700 ns, At safepoint: 69600 ns, Total: 431300 ns
[2020-05-02T06:16:12.575+0000][1][safepoint    ] Safepoint "Cleanup", Time since last: 1000248500 ns, Reaching safepoint: 234800 ns, At safepoint: 64500 ns, Total: 299300 ns
[2020-05-02T06:16:13.576+0000][1][safepoint    ] Safepoint "Cleanup", Time since last: 1000481500 ns, Reaching safepoint: 453800 ns, At safepoint: 137100 ns, Total: 590900 ns
[2020-05-02T06:16:14.578+0000][1][safepoint    ] Safepoint "Cleanup", Time since last: 1000521900 ns, Reaching safepoint: 530200 ns, At safepoint: 128400 ns, Total: 658600 ns
[2020-05-02T06:16:15.579+0000][1][safepoint    ] Safepoint "Cleanup", Time since last: 1000853600 ns, Reaching safepoint: 275400 ns, At safepoint: 83500 ns, Total: 358900 ns
[2020-05-02T06:16:16.580+0000][1][safepoint    ] Safepoint "Cleanup", Time since last: 1000394900 ns, Reaching safepoint: 390000 ns, At safepoint: 122100 ns, Total: 512100 ns
[2020-05-02T06:16:17.580+0000][1][safepoint    ] Safepoint "Cleanup", Time since last: 1000434600 ns, Reaching safepoint: 324100 ns, At safepoint: 100200 ns, Total: 424300 ns
[2020-05-02T06:16:18.581+0000][1][safepoint    ] Safepoint "Cleanup", Time since last: 1000766400 ns, Reaching safepoint: 176100 ns, At safepoint: 37200 ns, Total: 213300 ns
[2020-05-02T06:16:19.582+0000][1][safepoint    ] Safepoint "Cleanup", Time since last: 1000668100 ns, Reaching safepoint: 202500 ns, At safepoint: 51400 ns, Total: 253900 ns
[2020-05-02T06:16:20.583+0000][1][safepoint    ] Safepoint "Cleanup", Time since last: 1000206900 ns, Reaching safepoint: 128900 ns, At safepoint: 28900 ns, Total: 157800 ns
[2020-05-02T06:16:21.583+0000][1][safepoint    ] Safepoint "Cleanup", Time since last: 1000382700 ns, Reaching safepoint: 130700 ns, At safepoint: 27700 ns, Total: 158400 ns
[2020-05-02T06:16:22.584+0000][1][safepoint    ] Safepoint "Cleanup", Time since last: 1000187400 ns, Reaching safepoint: 146700 ns, At safepoint: 29300 ns, Total: 176000 ns
[2020-05-02T06:16:23.584+0000][1][safepoint    ] Safepoint "Cleanup", Time since last: 1000253600 ns, Reaching safepoint: 162400 ns, At safepoint: 42700 ns, Total: 205100 ns
[2020-05-02T06:16:24.585+0000][1][safepoint    ] Safepoint "Cleanup", Time since last: 1000682800 ns, Reaching safepoint: 149900 ns, At safepoint: 31600 ns, Total: 181500 ns
[2020-05-02T06:16:25.586+0000][1][safepoint    ] Safepoint "Cleanup", Time since last: 1000480500 ns, Reaching safepoint: 153900 ns, At safepoint: 36500 ns, Total: 190400 ns
[2020-05-02T06:16:26.586+0000][1][safepoint    ] Safepoint "Cleanup", Time since last: 1000564700 ns, Reaching safepoint: 159100 ns, At safepoint: 40400 ns, Total: 199500 ns
[2020-05-02T06:16:27.587+0000][1][safepoint    ] Safepoint "Cleanup", Time since last: 1000350200 ns, Reaching safepoint: 138400 ns, At safepoint: 29900 ns, Total: 168300 ns
[2020-05-02T06:16:28.587+0000][1][safepoint    ] Safepoint "Cleanup", Time since last: 1000199800 ns, Reaching safepoint: 139000 ns, At safepoint: 51400 ns, Total: 190400 ns
[2020-05-02T06:16:29.588+0000][1][safepoint    ] Safepoint "Cleanup", Time since last: 1000526500 ns, Reaching safepoint: 433500 ns, At safepoint: 133100 ns, Total: 566600 ns
[2020-05-02T06:16:29.846+0000][1][gc,start     ] GC(55) Pause Young (Allocation Failure)
[2020-05-02T06:16:29.846+0000][1][gc,task      ] GC(55) Using 10 workers of 10 for evacuation
[2020-05-02T06:16:29.852+0000][1][gc,age       ] GC(55) Desired survivor size 8945664 bytes, new threshold 6 (max threshold 6)
[2020-05-02T06:16:29.852+0000][1][gc,age       ] GC(55) Age table with threshold 6 (max threshold 6)
[2020-05-02T06:16:29.852+0000][1][gc,age       ] GC(55) - age   1:      56488 bytes,      56488 total
[2020-05-02T06:16:29.852+0000][1][gc,age       ] GC(55) - age   2:       4232 bytes,      60720 total
[2020-05-02T06:16:29.852+0000][1][gc,age       ] GC(55) - age   3:       1352 bytes,      62072 total
[2020-05-02T06:16:29.852+0000][1][gc,age       ] GC(55) - age   4:       3784 bytes,      65856 total
[2020-05-02T06:16:29.852+0000][1][gc,age       ] GC(55) - age   5:        856 bytes,      66712 total
[2020-05-02T06:16:29.852+0000][1][gc,age       ] GC(55) - age   6:      14376 bytes,      81088 total
[2020-05-02T06:16:29.852+0000][1][gc,heap      ] GC(55) ParNew: 140175K->165K(157248K)
[2020-05-02T06:16:29.852+0000][1][gc,heap      ] GC(55) CMS: 82403K->82451K(349568K)
[2020-05-02T06:16:29.852+0000][1][gc,metaspace ] GC(55) Metaspace: 97573K->97573K(1138688K)
[2020-05-02T06:16:29.852+0000][1][gc           ] GC(55) Pause Young (Allocation Failure) 217M->80M(494M) 6.153ms
[2020-05-02T06:16:29.852+0000][1][gc,cpu       ] GC(55) User=0.02s Sys=0.01s Real=0.00s
[2020-05-02T06:16:29.852+0000][1][safepoint    ] Safepoint "GenCollectForAllocation", Time since last: 256734400 ns, Reaching safepoint: 451900 ns, At safepoint: 6325500 ns, Total: 6777400 ns
[2020-05-02T06:16:30.853+0000][1][safepoint    ] Safepoint "Cleanup", Time since last: 1000507500 ns, Reaching safepoint: 689000 ns, At safepoint: 207800 ns, Total: 896800 ns
[2020-05-02T06:16:31.855+0000][1][safepoint    ] Safepoint "Cleanup", Time since last: 1000692100 ns, Reaching safepoint: 606900 ns, At safepoint: 302500 ns, Total: 909400 ns
[2020-05-02T06:16:32.856+0000][1][safepoint    ] Safepoint "Cleanup", Time since last: 1000503900 ns, Reaching safepoint: 518800 ns, At safepoint: 202100 ns, Total: 720900 ns
[2020-05-02T06:16:33.858+0000][1][safepoint    ] Safepoint "Cleanup", Time since last: 1000753000 ns, Reaching safepoint: 661100 ns, At safepoint: 204600 ns, Total: 865700 ns
[2020-05-02T06:16:34.858+0000][1][safepoint    ] Safepoint "Cleanup", Time since last: 1000522500 ns, Reaching safepoint: 132600 ns, At safepoint: 45000 ns, Total: 177600 ns
[2020-05-02T06:16:35.859+0000][1][safepoint    ] Safepoint "Cleanup", Time since last: 1000587600 ns, Reaching safepoint: 214600 ns, At safepoint: 76100 ns, Total: 290700 ns
[2020-05-02T06:16:36.860+0000][1][safepoint    ] Safepoint "Cleanup", Time since last: 1000240600 ns, Reaching safepoint: 144500 ns, At safepoint: 42400 ns, Total: 186900 ns
[2020-05-02T06:16:37.860+0000][1][safepoint    ] Safepoint "Cleanup", Time since last: 1000206400 ns, Reaching safepoint: 126000 ns, At safepoint: 41800 ns, Total: 167800 ns
[2020-05-02T06:16:38.861+0000][1][safepoint    ] Safepoint "Cleanup", Time since last: 1000186200 ns, Reaching safepoint: 136700 ns, At safepoint: 45300 ns, Total: 182000 ns
[2020-05-02T06:16:39.861+0000][1][safepoint    ] Safepoint "Cleanup", Time since last: 1000214800 ns, Reaching safepoint: 129000 ns, At safepoint: 42100 ns, Total: 171100 ns
[2020-05-02T06:16:40.862+0000][1][safepoint    ] Safepoint "Cleanup", Time since last: 1000584400 ns, Reaching safepoint: 345800 ns, At safepoint: 91800 ns, Total: 437600 ns
[2020-05-02T06:16:41.862+0000][1][safepoint    ] Safepoint "Cleanup", Time since last: 1000228400 ns, Reaching safepoint: 126900 ns, At safepoint: 41900 ns, Total: 168800 ns
[2020-05-02T06:16:42.863+0000][1][safepoint    ] Safepoint "Cleanup", Time since last: 1000217000 ns, Reaching safepoint: 133200 ns, At safepoint: 44300 ns, Total: 177500 ns
[2020-05-02T06:16:43.863+0000][1][safepoint    ] Safepoint "Cleanup", Time since last: 1000197800 ns, Reaching safepoint: 131100 ns, At safepoint: 41200 ns, Total: 172300 ns
[2020-05-02T06:16:44.864+0000][1][safepoint    ] Safepoint "Cleanup", Time since last: 1000246200 ns, Reaching safepoint: 370500 ns, At safepoint: 102500 ns, Total: 473000 ns
[2020-05-02T06:16:45.865+0000][1][safepoint    ] Safepoint "Cleanup", Time since last: 1000727500 ns, Reaching safepoint: 455600 ns, At safepoint: 135100 ns, Total: 590700 ns
[2020-05-02T06:16:46.867+0000][1][safepoint    ] Safepoint "Cleanup", Time since last: 1001104300 ns, Reaching safepoint: 453100 ns, At safepoint: 134400 ns, Total: 587500 ns
[2020-05-02T06:16:47.868+0000][1][safepoint    ] Safepoint "Cleanup", Time since last: 1000504800 ns, Reaching safepoint: 457900 ns, At safepoint: 210700 ns, Total: 668600 ns
[2020-05-02T06:16:48.869+0000][1][safepoint    ] Safepoint "Cleanup", Time since last: 1000669700 ns, Reaching safepoint: 518000 ns, At safepoint: 206100 ns, Total: 724100 ns
[2020-05-02T06:16:49.870+0000][1][safepoint    ] Safepoint "Cleanup", Time since last: 1000673900 ns, Reaching safepoint: 142100 ns, At safepoint: 45000 ns, Total: 187100 ns
[2020-05-02T06:16:50.871+0000][1][safepoint    ] Safepoint "Cleanup", Time since last: 1000442600 ns, Reaching safepoint: 519800 ns, At safepoint: 206300 ns, Total: 726100 ns
[2020-05-02T06:16:51.873+0000][1][safepoint    ] Safepoint "Cleanup", Time since last: 1000895400 ns, Reaching safepoint: 769500 ns, At safepoint: 202300 ns, Total: 971800 ns
[2020-05-02T06:16:52.875+0000][1][safepoint    ] Safepoint "Cleanup", Time since last: 1000614800 ns, Reaching safepoint: 759500 ns, At safepoint: 205300 ns, Total: 964800 ns
[2020-05-02T06:16:53.875+0000][1][safepoint    ] Safepoint "Cleanup", Time since last: 1000319800 ns, Reaching safepoint: 133000 ns, At safepoint: 41300 ns, Total: 174300 ns
[2020-05-02T06:16:55.228+0000][1][safepoint    ] Safepoint "Cleanup", Time since last: 1352437200 ns, Reaching safepoint: 133200 ns, At safepoint: 27700 ns, Total: 160900 ns
[2020-05-02T06:16:56.229+0000][1][safepoint    ] Safepoint "Cleanup", Time since last: 1000606300 ns, Reaching safepoint: 522700 ns, At safepoint: 129800 ns, Total: 652500 ns
[2020-05-02T06:16:57.230+0000][1][safepoint    ] Safepoint "Cleanup", Time since last: 1000478900 ns, Reaching safepoint: 468300 ns, At safepoint: 133700 ns, Total: 602000 ns
[2020-05-02T06:16:58.231+0000][1][safepoint    ] Safepoint "Cleanup", Time since last: 1000664600 ns, Reaching safepoint: 262500 ns, At safepoint: 73800 ns, Total: 336300 ns
[2020-05-02T06:16:59.233+0000][1][safepoint    ] Safepoint "Cleanup", Time since last: 1000804900 ns, Reaching safepoint: 452400 ns, At safepoint: 137600 ns, Total: 590000 ns
[2020-05-02T06:17:00.234+0000][1][safepoint    ] Safepoint "Cleanup", Time since last: 1000580000 ns, Reaching safepoint: 354600 ns, At safepoint: 96700 ns, Total: 451300 ns
[2020-05-02T06:17:01.234+0000][1][safepoint    ] Safepoint "Cleanup", Time since last: 1000325800 ns, Reaching safepoint: 136700 ns, At safepoint: 31300 ns, Total: 168000 ns
[2020-05-02T06:17:02.236+0000][1][safepoint    ] Safepoint "Cleanup", Time since last: 1000658100 ns, Reaching safepoint: 517100 ns, At safepoint: 130200 ns, Total: 647300 ns
[2020-05-02T06:17:03.237+0000][1][safepoint    ] Safepoint "Cleanup", Time since last: 1000429000 ns, Reaching safepoint: 518500 ns, At safepoint: 130800 ns, Total: 649300 ns
[2020-05-02T06:17:04.238+0000][1][safepoint    ] Safepoint "Cleanup", Time since last: 1000931700 ns, Reaching safepoint: 457900 ns, At safepoint: 140800 ns, Total: 598700 ns
[2020-05-02T06:17:05.240+0000][1][safepoint    ] Safepoint "Cleanup", Time since last: 1000970700 ns, Reaching safepoint: 455000 ns, At safepoint: 136500 ns, Total: 591500 ns
[2020-05-02T06:17:06.241+0000][1][safepoint    ] Safepoint "Cleanup", Time since last: 1000530900 ns, Reaching safepoint: 452500 ns, At safepoint: 134600 ns, Total: 587100 ns
[2020-05-02T06:17:07.242+0000][1][safepoint    ] Safepoint "Cleanup", Time since last: 1000731700 ns, Reaching safepoint: 452100 ns, At safepoint: 135000 ns, Total: 587100 ns
[2020-05-02T06:17:08.244+0000][1][safepoint    ] Safepoint "Cleanup", Time since last: 1000837300 ns, Reaching safepoint: 453000 ns, At safepoint: 134800 ns, Total: 587800 ns
[2020-05-02T06:17:09.245+0000][1][safepoint    ] Safepoint "Cleanup", Time since last: 1000844600 ns, Reaching safepoint: 456900 ns, At safepoint: 133800 ns, Total: 590700 ns
[2020-05-02T06:17:10.245+0000][1][safepoint    ] Safepoint "Cleanup", Time since last: 1000321400 ns, Reaching safepoint: 133600 ns, At safepoint: 28300 ns, Total: 161900 ns
[2020-05-02T06:17:11.247+0000][1][safepoint    ] Safepoint "Cleanup", Time since last: 1000514800 ns, Reaching safepoint: 617400 ns, At safepoint: 144300 ns, Total: 761700 ns
[2020-05-02T06:17:12.248+0000][1][safepoint    ] Safepoint "Cleanup", Time since last: 1000734900 ns, Reaching safepoint: 525700 ns, At safepoint: 151000 ns, Total: 676700 ns
[2020-05-02T06:17:13.249+0000][1][safepoint    ] Safepoint "Cleanup", Time since last: 1000381900 ns, Reaching safepoint: 143300 ns, At safepoint: 32700 ns, Total: 176000 ns
[2020-05-02T06:17:14.250+0000][1][safepoint    ] Safepoint "Cleanup", Time since last: 1000417700 ns, Reaching safepoint: 455900 ns, At safepoint: 132800 ns, Total: 588700 ns
[2020-05-02T06:17:15.251+0000][1][safepoint    ] Safepoint "Cleanup", Time since last: 1000452400 ns, Reaching safepoint: 511000 ns, At safepoint: 127800 ns, Total: 638800 ns
[2020-05-02T06:17:16.252+0000][1][safepoint    ] Safepoint "Cleanup", Time since last: 1000870000 ns, Reaching safepoint: 454700 ns, At safepoint: 134700 ns, Total: 589400 ns
[2020-05-02T06:17:17.254+0000][1][safepoint    ] Safepoint "Cleanup", Time since last: 1000645200 ns, Reaching safepoint: 449300 ns, At safepoint: 129500 ns, Total: 578800 ns
[2020-05-02T06:17:18.255+0000][1][safepoint    ] Safepoint "Cleanup", Time since last: 1000560900 ns, Reaching safepoint: 470300 ns, At safepoint: 129800 ns, Total: 600100 ns
[2020-05-02T06:17:19.795+0000][1][safepoint    ] Safepoint "Cleanup", Time since last: 1539771500 ns, Reaching safepoint: 142200 ns, At safepoint: 31100 ns, Total: 173300 ns
[2020-05-02T06:17:20.796+0000][1][safepoint    ] Safepoint "Cleanup", Time since last: 1000332200 ns, Reaching safepoint: 533700 ns, At safepoint: 137900 ns, Total: 671600 ns
[2020-05-02T06:17:21.797+0000][1][safepoint    ] Safepoint "Cleanup", Time since last: 1000699800 ns, Reaching safepoint: 455800 ns, At safepoint: 135000 ns, Total: 590800 ns
[2020-05-02T06:17:22.798+0000][1][safepoint    ] Safepoint "Cleanup", Time since last: 1000491400 ns, Reaching safepoint: 133400 ns, At safepoint: 30400 ns, Total: 163800 ns
[2020-05-02T06:17:23.799+0000][1][safepoint    ] Safepoint "Cleanup", Time since last: 1000744300 ns, Reaching safepoint: 455400 ns, At safepoint: 140000 ns, Total: 595400 ns
[2020-05-02T06:17:24.800+0000][1][safepoint    ] Safepoint "Cleanup", Time since last: 1000706800 ns, Reaching safepoint: 442300 ns, At safepoint: 132900 ns, Total: 575200 ns
[2020-05-02T06:17:25.801+0000][1][safepoint    ] Safepoint "Cleanup", Time since last: 1000640000 ns, Reaching safepoint: 262900 ns, At safepoint: 74500 ns, Total: 337400 ns
[2020-05-02T06:17:26.803+0000][1][safepoint    ] Safepoint "Cleanup", Time since last: 1000762700 ns, Reaching safepoint: 456600 ns, At safepoint: 135000 ns, Total: 591600 ns
[2020-05-02T06:17:27.804+0000][1][safepoint    ] Safepoint "Cleanup", Time since last: 1000860700 ns, Reaching safepoint: 136300 ns, At safepoint: 31900 ns, Total: 168200 ns
[2020-05-02T06:17:28.804+0000][1][safepoint    ] Safepoint "Cleanup", Time since last: 1000523400 ns, Reaching safepoint: 214700 ns, At safepoint: 66700 ns, Total: 281400 ns
[2020-05-02T06:17:29.806+0000][1][safepoint    ] Safepoint "Cleanup", Time since last: 1000713700 ns, Reaching safepoint: 455600 ns, At safepoint: 140800 ns, Total: 596400 ns
[2020-05-02T06:17:30.806+0000][1][safepoint    ] Safepoint "Cleanup", Time since last: 1000345600 ns, Reaching safepoint: 139300 ns, At safepoint: 38000 ns, Total: 177300 ns
[2020-05-02T06:17:31.807+0000][1][safepoint    ] Safepoint "Cleanup", Time since last: 1000380000 ns, Reaching safepoint: 456500 ns, At safepoint: 133900 ns, Total: 590400 ns
[2020-05-02T06:17:32.808+0000][1][safepoint    ] Safepoint "Cleanup", Time since last: 1000682900 ns, Reaching safepoint: 457300 ns, At safepoint: 136900 ns, Total: 594200 ns
[2020-05-02T06:17:33.810+0000][1][safepoint    ] Safepoint "Cleanup", Time since last: 1000918900 ns, Reaching safepoint: 455500 ns, At safepoint: 142000 ns, Total: 597500 ns
[2020-05-02T06:17:34.811+0000][1][safepoint    ] Safepoint "Cleanup", Time since last: 1000662700 ns, Reaching safepoint: 127700 ns, At safepoint: 29000 ns, Total: 156700 ns
[2020-05-02T06:17:35.812+0000][1][safepoint    ] Safepoint "Cleanup", Time since last: 1000709300 ns, Reaching safepoint: 456000 ns, At safepoint: 134600 ns, Total: 590600 ns
[2020-05-02T06:17:36.813+0000][1][safepoint    ] Safepoint "Cleanup", Time since last: 1000781600 ns, Reaching safepoint: 457100 ns, At safepoint: 136700 ns, Total: 593800 ns
[2020-05-02T06:17:37.815+0000][1][safepoint    ] Safepoint "Cleanup", Time since last: 1000485700 ns, Reaching safepoint: 552600 ns, At safepoint: 126900 ns, Total: 679500 ns
[2020-05-02T06:17:38.816+0000][1][safepoint    ] Safepoint "Cleanup", Time since last: 1000857500 ns, Reaching safepoint: 497700 ns, At safepoint: 131900 ns, Total: 629600 ns
[2020-05-02T06:17:39.817+0000][1][safepoint    ] Safepoint "Cleanup", Time since last: 1000481900 ns, Reaching safepoint: 495500 ns, At safepoint: 131000 ns, Total: 626500 ns
[2020-05-02T06:17:40.819+0000][1][safepoint    ] Safepoint "Cleanup", Time since last: 1000908700 ns, Reaching safepoint: 455700 ns, At safepoint: 135400 ns, Total: 591100 ns
[2020-05-02T06:17:41.820+0000][1][safepoint    ] Safepoint "Cleanup", Time since last: 1000798100 ns, Reaching safepoint: 516900 ns, At safepoint: 131500 ns, Total: 648400 ns
[2020-05-02T06:17:42.822+0000][1][safepoint    ] Safepoint "Cleanup", Time since last: 1000828300 ns, Reaching safepoint: 428200 ns, At safepoint: 134000 ns, Total: 562200 ns
[2020-05-02T06:17:43.823+0000][1][safepoint    ] Safepoint "Cleanup", Time since last: 1000827400 ns, Reaching safepoint: 154100 ns, At safepoint: 38100 ns, Total: 192200 ns
[2020-05-02T06:17:44.824+0000][1][safepoint    ] Safepoint "Cleanup", Time since last: 1000669600 ns, Reaching safepoint: 430200 ns, At safepoint: 131200 ns, Total: 561400 ns
[2020-05-02T06:17:45.825+0000][1][safepoint    ] Safepoint "Cleanup", Time since last: 1000738200 ns, Reaching safepoint: 507400 ns, At safepoint: 131700 ns, Total: 639100 ns
[2020-05-02T06:17:46.826+0000][1][safepoint    ] Safepoint "Cleanup", Time since last: 1000734800 ns, Reaching safepoint: 435300 ns, At safepoint: 138000 ns, Total: 573300 ns
[2020-05-02T06:17:47.828+0000][1][safepoint    ] Safepoint "Cleanup", Time since last: 1000777600 ns, Reaching safepoint: 428500 ns, At safepoint: 133800 ns, Total: 562300 ns
[2020-05-02T06:17:48.829+0000][1][safepoint    ] Safepoint "Cleanup", Time since last: 1000762300 ns, Reaching safepoint: 428400 ns, At safepoint: 134000 ns, Total: 562400 ns
[2020-05-02T06:17:49.830+0000][1][safepoint    ] Safepoint "Cleanup", Time since last: 1000603400 ns, Reaching safepoint: 153500 ns, At safepoint: 34000 ns, Total: 187500 ns
[2020-05-02T06:17:50.831+0000][1][safepoint    ] Safepoint "Cleanup", Time since last: 1000627800 ns, Reaching safepoint: 456100 ns, At safepoint: 135000 ns, Total: 591100 ns
[2020-05-02T06:17:51.832+0000][1][safepoint    ] Safepoint "Cleanup", Time since last: 1000445000 ns, Reaching safepoint: 512100 ns, At safepoint: 131000 ns, Total: 643100 ns
[2020-05-02T06:17:52.834+0000][1][safepoint    ] Safepoint "Cleanup", Time since last: 1000710100 ns, Reaching safepoint: 512600 ns, At safepoint: 129100 ns, Total: 641700 ns
[2020-05-02T06:17:53.835+0000][1][safepoint    ] Safepoint "Cleanup", Time since last: 1000874400 ns, Reaching safepoint: 504600 ns, At safepoint: 130900 ns, Total: 635500 ns
[2020-05-02T06:17:54.836+0000][1][safepoint    ] Safepoint "Cleanup", Time since last: 1000474000 ns, Reaching safepoint: 129500 ns, At safepoint: 27200 ns, Total: 156700 ns
[2020-05-02T06:17:56.154+0000][1][safepoint    ] Safepoint "Cleanup", Time since last: 1318229100 ns, Reaching safepoint: 134400 ns, At safepoint: 30400 ns, Total: 164800 ns
[2020-05-02T06:17:57.155+0000][1][safepoint    ] Safepoint "Cleanup", Time since last: 1000367300 ns, Reaching safepoint: 580800 ns, At safepoint: 139700 ns, Total: 720500 ns
[2020-05-02T06:17:58.157+0000][1][safepoint    ] Safepoint "Cleanup", Time since last: 1000853600 ns, Reaching safepoint: 447600 ns, At safepoint: 140900 ns, Total: 588500 ns
[2020-05-02T06:17:59.158+0000][1][safepoint    ] Safepoint "Cleanup", Time since last: 1000713600 ns, Reaching safepoint: 152100 ns, At safepoint: 37600 ns, Total: 189700 ns
[2020-05-02T06:18:00.159+0000][1][safepoint    ] Safepoint "Cleanup", Time since last: 1000624200 ns, Reaching safepoint: 419000 ns, At safepoint: 134100 ns, Total: 553100 ns
[2020-05-02T06:18:01.160+0000][1][safepoint    ] Safepoint "Cleanup", Time since last: 1000564800 ns, Reaching safepoint: 451800 ns, At safepoint: 226400 ns, Total: 678200 ns
[2020-05-02T06:18:02.161+0000][1][safepoint    ] Safepoint "Cleanup", Time since last: 1000636600 ns, Reaching safepoint: 523000 ns, At safepoint: 207500 ns, Total: 730500 ns
[2020-05-02T06:18:03.163+0000][1][safepoint    ] Safepoint "Cleanup", Time since last: 1000788800 ns, Reaching safepoint: 450800 ns, At safepoint: 214000 ns, Total: 664800 ns
[2020-05-02T06:18:04.164+0000][1][safepoint    ] Safepoint "Cleanup", Time since last: 1000749400 ns, Reaching safepoint: 154300 ns, At safepoint: 58800 ns, Total: 213100 ns
[2020-05-02T06:18:05.165+0000][1][safepoint    ] Safepoint "Cleanup", Time since last: 1000674000 ns, Reaching safepoint: 516200 ns, At safepoint: 209500 ns, Total: 725700 ns
[2020-05-02T06:18:06.166+0000][1][safepoint    ] Safepoint "Cleanup", Time since last: 1000770100 ns, Reaching safepoint: 137000 ns, At safepoint: 47600 ns, Total: 184600 ns
[2020-05-02T06:18:07.167+0000][1][safepoint    ] Safepoint "Cleanup", Time since last: 1000363900 ns, Reaching safepoint: 541400 ns, At safepoint: 146900 ns, Total: 688300 ns
[2020-05-02T06:18:08.168+0000][1][safepoint    ] Safepoint "Cleanup", Time since last: 1000467800 ns, Reaching safepoint: 446600 ns, At safepoint: 209000 ns, Total: 655600 ns
[2020-05-02T06:18:09.169+0000][1][safepoint    ] Safepoint "Cleanup", Time since last: 1000337000 ns, Reaching safepoint: 134800 ns, At safepoint: 32400 ns, Total: 167200 ns
[2020-05-02T06:18:10.170+0000][1][safepoint    ] Safepoint "Cleanup", Time since last: 1000692600 ns, Reaching safepoint: 462200 ns, At safepoint: 209400 ns, Total: 671600 ns
[2020-05-02T06:18:11.172+0000][1][safepoint    ] Safepoint "Cleanup", Time since last: 1001171300 ns, Reaching safepoint: 636900 ns, At safepoint: 203200 ns, Total: 840100 ns
[2020-05-02T06:18:12.174+0000][1][safepoint    ] Safepoint "Cleanup", Time since last: 1000636900 ns, Reaching safepoint: 448300 ns, At safepoint: 262600 ns, Total: 710900 ns
[2020-05-02T06:18:13.175+0000][1][safepoint    ] Safepoint "Cleanup", Time since last: 1000563200 ns, Reaching safepoint: 495200 ns, At safepoint: 257900 ns, Total: 753100 ns
[2020-05-02T06:18:14.176+0000][1][safepoint    ] Safepoint "Cleanup", Time since last: 1000427100 ns, Reaching safepoint: 499000 ns, At safepoint: 204000 ns, Total: 703000 ns
[2020-05-02T06:18:15.177+0000][1][safepoint    ] Safepoint "Cleanup", Time since last: 1000717300 ns, Reaching safepoint: 160800 ns, At safepoint: 61500 ns, Total: 222300 ns
[2020-05-02T06:18:16.177+0000][1][safepoint    ] Safepoint "Cleanup", Time since last: 1000216900 ns, Reaching safepoint: 149400 ns, At safepoint: 37100 ns, Total: 186500 ns
[2020-05-02T06:18:17.178+0000][1][safepoint    ] Safepoint "Cleanup", Time since last: 1000453000 ns, Reaching safepoint: 448800 ns, At safepoint: 183900 ns, Total: 632700 ns
[2020-05-02T06:18:18.179+0000][1][safepoint    ] Safepoint "Cleanup", Time since last: 1000607100 ns, Reaching safepoint: 268800 ns, At safepoint: 77800 ns, Total: 346600 ns
[2020-05-02T06:18:19.180+0000][1][safepoint    ] Safepoint "Cleanup", Time since last: 1000192100 ns, Reaching safepoint: 156200 ns, At safepoint: 38300 ns, Total: 194500 ns
[2020-05-02T06:18:20.180+0000][1][safepoint    ] Safepoint "Cleanup", Time since last: 1000178300 ns, Reaching safepoint: 292900 ns, At safepoint: 49100 ns, Total: 342000 ns
[2020-05-02T06:18:21.181+0000][1][safepoint    ] Safepoint "Cleanup", Time since last: 1000319900 ns, Reaching safepoint: 137700 ns, At safepoint: 32900 ns, Total: 170600 ns
[2020-05-02T06:18:22.182+0000][1][safepoint    ] Safepoint "Cleanup", Time since last: 1000281100 ns, Reaching safepoint: 524100 ns, At safepoint: 202000 ns, Total: 726100 ns
[2020-05-02T06:18:23.183+0000][1][safepoint    ] Safepoint "Cleanup", Time since last: 1000743400 ns, Reaching safepoint: 421700 ns, At safepoint: 205000 ns, Total: 626700 ns
[2020-05-02T06:18:24.185+0000][1][safepoint    ] Safepoint "Cleanup", Time since last: 1000740600 ns, Reaching safepoint: 422500 ns, At safepoint: 245300 ns, Total: 667800 ns
[2020-05-02T06:18:25.186+0000][1][safepoint    ] Safepoint "Cleanup", Time since last: 1000582500 ns, Reaching safepoint: 425200 ns, At safepoint: 226400 ns, Total: 651600 ns
[2020-05-02T06:18:26.187+0000][1][safepoint    ] Safepoint "Cleanup", Time since last: 1000657600 ns, Reaching safepoint: 419400 ns, At safepoint: 207800 ns, Total: 627200 ns
[2020-05-02T06:18:27.188+0000][1][safepoint    ] Safepoint "Cleanup", Time since last: 1000645700 ns, Reaching safepoint: 498400 ns, At safepoint: 205300 ns, Total: 703700 ns
[2020-05-02T06:18:28.190+0000][1][safepoint    ] Safepoint "Cleanup", Time since last: 1000793900 ns, Reaching safepoint: 427500 ns, At safepoint: 214900 ns, Total: 642400 ns
[2020-05-02T06:18:29.191+0000][1][safepoint    ] Safepoint "Cleanup", Time since last: 1000803600 ns, Reaching safepoint: 418300 ns, At safepoint: 208300 ns, Total: 626600 ns
[2020-05-02T06:18:30.193+0000][1][safepoint    ] Safepoint "Cleanup", Time since last: 1000819400 ns, Reaching safepoint: 720400 ns, At safepoint: 230200 ns, Total: 950600 ns
[2020-05-02T06:18:31.195+0000][1][safepoint    ] Safepoint "Cleanup", Time since last: 1000523000 ns, Reaching safepoint: 626600 ns, At safepoint: 322400 ns, Total: 949000 ns
[2020-05-02T06:18:32.196+0000][1][safepoint    ] Safepoint "Cleanup", Time since last: 1000584700 ns, Reaching safepoint: 417200 ns, At safepoint: 131500 ns, Total: 548700 ns
[2020-05-02T06:18:33.197+0000][1][safepoint    ] Safepoint "Cleanup", Time since last: 1000538200 ns, Reaching safepoint: 661200 ns, At safepoint: 231700 ns, Total: 892900 ns
[2020-05-02T06:18:34.199+0000][1][safepoint    ] Safepoint "Cleanup", Time since last: 1000821300 ns, Reaching safepoint: 417300 ns, At safepoint: 258400 ns, Total: 675700 ns
[2020-05-02T06:18:35.200+0000][1][safepoint    ] Safepoint "Cleanup", Time since last: 1000538000 ns, Reaching safepoint: 415100 ns, At safepoint: 132500 ns, Total: 547600 ns
[2020-05-02T06:18:36.201+0000][1][safepoint    ] Safepoint "Cleanup", Time since last: 1000472100 ns, Reaching safepoint: 415300 ns, At safepoint: 127900 ns, Total: 543200 ns
[2020-05-02T06:18:37.202+0000][1][safepoint    ] Safepoint "Cleanup", Time since last: 1000405700 ns, Reaching safepoint: 438900 ns, At safepoint: 133300 ns, Total: 572200 ns
[2020-05-02T06:18:38.203+0000][1][safepoint    ] Safepoint "Cleanup", Time since last: 1000738600 ns, Reaching safepoint: 515400 ns, At safepoint: 130000 ns, Total: 645400 ns
[2020-05-02T06:18:39.204+0000][1][safepoint    ] Safepoint "Cleanup", Time since last: 1000817800 ns, Reaching safepoint: 495000 ns, At safepoint: 140400 ns, Total: 635400 ns
[2020-05-02T06:18:40.205+0000][1][safepoint    ] Safepoint "Cleanup", Time since last: 1000267900 ns, Reaching safepoint: 124100 ns, At safepoint: 28300 ns, Total: 152400 ns
[2020-05-02T06:18:41.206+0000][1][safepoint    ] Safepoint "Cleanup", Time since last: 1000628200 ns, Reaching safepoint: 417900 ns, At safepoint: 132100 ns, Total: 550000 ns
[2020-05-02T06:18:42.207+0000][1][safepoint    ] Safepoint "Cleanup", Time since last: 1000480700 ns, Reaching safepoint: 419000 ns, At safepoint: 133400 ns, Total: 552400 ns
[2020-05-02T06:18:43.208+0000][1][safepoint    ] Safepoint "Cleanup", Time since last: 1000681600 ns, Reaching safepoint: 162800 ns, At safepoint: 42300 ns, Total: 205100 ns
[2020-05-02T06:18:44.209+0000][1][safepoint    ] Safepoint "Cleanup", Time since last: 1000581800 ns, Reaching safepoint: 419300 ns, At safepoint: 131200 ns, Total: 550500 ns
[2020-05-02T06:18:45.210+0000][1][safepoint    ] Safepoint "Cleanup", Time since last: 1000390000 ns, Reaching safepoint: 288700 ns, At safepoint: 77700 ns, Total: 366400 ns
[2020-05-02T06:18:46.210+0000][1][safepoint    ] Safepoint "Cleanup", Time since last: 1000212800 ns, Reaching safepoint: 136200 ns, At safepoint: 37200 ns, Total: 173400 ns
[2020-05-02T06:18:47.211+0000][1][safepoint    ] Safepoint "Cleanup", Time since last: 1000354900 ns, Reaching safepoint: 489200 ns, At safepoint: 128400 ns, Total: 617600 ns
[2020-05-02T06:18:48.213+0000][1][safepoint    ] Safepoint "Cleanup", Time since last: 1000706700 ns, Reaching safepoint: 476700 ns, At safepoint: 130400 ns, Total: 607100 ns
[2020-05-02T06:18:49.214+0000][1][safepoint    ] Safepoint "Cleanup", Time since last: 1000702600 ns, Reaching safepoint: 491800 ns, At safepoint: 132300 ns, Total: 624100 ns
[2020-05-02T06:18:50.215+0000][1][safepoint    ] Safepoint "Cleanup", Time since last: 1000722100 ns, Reaching safepoint: 280900 ns, At safepoint: 83500 ns, Total: 364400 ns
[2020-05-02T06:18:51.216+0000][1][safepoint    ] Safepoint "Cleanup", Time since last: 1000653400 ns, Reaching safepoint: 415900 ns, At safepoint: 132300 ns, Total: 548200 ns
[2020-05-02T06:18:52.218+0000][1][safepoint    ] Safepoint "Cleanup", Time since last: 1000745700 ns, Reaching safepoint: 448100 ns, At safepoint: 136600 ns, Total: 584700 ns
[2020-05-02T06:18:53.219+0000][1][safepoint    ] Safepoint "Cleanup", Time since last: 1000829100 ns, Reaching safepoint: 416000 ns, At safepoint: 131400 ns, Total: 547400 ns
[2020-05-02T06:18:54.220+0000][1][safepoint    ] Safepoint "Cleanup", Time since last: 1000777200 ns, Reaching safepoint: 419200 ns, At safepoint: 132500 ns, Total: 551700 ns
[2020-05-02T06:18:55.243+0000][1][safepoint    ] Safepoint "Cleanup", Time since last: 1022719800 ns, Reaching safepoint: 189700 ns, At safepoint: 40800 ns, Total: 230500 ns
[2020-05-02T06:18:56.244+0000][1][safepoint    ] Safepoint "Cleanup", Time since last: 1000718100 ns, Reaching safepoint: 465900 ns, At safepoint: 132300 ns, Total: 598200 ns
[2020-05-02T06:18:57.246+0000][1][safepoint    ] Safepoint "Cleanup", Time since last: 1000506800 ns, Reaching safepoint: 421700 ns, At safepoint: 140700 ns, Total: 562400 ns
[2020-05-02T06:18:58.247+0000][1][safepoint    ] Safepoint "Cleanup", Time since last: 1000699100 ns, Reaching safepoint: 416300 ns, At safepoint: 136100 ns, Total: 552400 ns
[2020-05-02T06:18:59.248+0000][1][safepoint    ] Safepoint "Cleanup", Time since last: 1000937000 ns, Reaching safepoint: 446100 ns, At safepoint: 136700 ns, Total: 582800 ns
[2020-05-02T06:19:00.250+0000][1][safepoint    ] Safepoint "Cleanup", Time since last: 1000742700 ns, Reaching safepoint: 447900 ns, At safepoint: 137100 ns, Total: 585000 ns
[2020-05-02T06:19:01.251+0000][1][safepoint    ] Safepoint "Cleanup", Time since last: 1000502000 ns, Reaching safepoint: 500800 ns, At safepoint: 131400 ns, Total: 632200 ns
[2020-05-02T06:19:02.252+0000][1][safepoint    ] Safepoint "Cleanup", Time since last: 1000403700 ns, Reaching safepoint: 416100 ns, At safepoint: 127000 ns, Total: 543100 ns
[2020-05-02T06:19:03.253+0000][1][safepoint    ] Safepoint "Cleanup", Time since last: 1000725600 ns, Reaching safepoint: 419200 ns, At safepoint: 131400 ns, Total: 550600 ns
[2020-05-02T06:19:04.254+0000][1][safepoint    ] Safepoint "Cleanup", Time since last: 1000441300 ns, Reaching safepoint: 416600 ns, At safepoint: 132400 ns, Total: 549000 ns
[2020-05-02T06:19:05.256+0000][1][safepoint    ] Safepoint "Cleanup", Time since last: 1001089000 ns, Reaching safepoint: 447700 ns, At safepoint: 135400 ns, Total: 583100 ns
[2020-05-02T06:19:06.257+0000][1][safepoint    ] Safepoint "Cleanup", Time since last: 1000821200 ns, Reaching safepoint: 419900 ns, At safepoint: 132000 ns, Total: 551900 ns
[2020-05-02T06:19:07.258+0000][1][safepoint    ] Safepoint "Cleanup", Time since last: 1000473200 ns, Reaching safepoint: 520100 ns, At safepoint: 127500 ns, Total: 647600 ns
[2020-05-02T06:19:08.259+0000][1][safepoint    ] Safepoint "Cleanup", Time since last: 1000469900 ns, Reaching safepoint: 447500 ns, At safepoint: 136000 ns, Total: 583500 ns
[2020-05-02T06:19:09.260+0000][1][safepoint    ] Safepoint "Cleanup", Time since last: 1000705300 ns, Reaching safepoint: 138200 ns, At safepoint: 33100 ns, Total: 171300 ns
[2020-05-02T06:19:10.261+0000][1][safepoint    ] Safepoint "Cleanup", Time since last: 1000353800 ns, Reaching safepoint: 448600 ns, At safepoint: 128400 ns, Total: 577000 ns
[2020-05-02T06:19:12.026+0000][1][safepoint    ] Safepoint "Cleanup", Time since last: 1764035500 ns, Reaching safepoint: 412800 ns, At safepoint: 121100 ns, Total: 533900 ns
[2020-05-02T06:19:13.027+0000][1][safepoint    ] Safepoint "Cleanup", Time since last: 1000676100 ns, Reaching safepoint: 421000 ns, At safepoint: 130200 ns, Total: 551200 ns
[2020-05-02T06:19:14.028+0000][1][safepoint    ] Safepoint "Cleanup", Time since last: 1000566800 ns, Reaching safepoint: 185400 ns, At safepoint: 48000 ns, Total: 233400 ns
[2020-05-02T06:19:15.029+0000][1][safepoint    ] Safepoint "Cleanup", Time since last: 1000645100 ns, Reaching safepoint: 191800 ns, At safepoint: 51900 ns, Total: 243700 ns
[2020-05-02T06:19:16.029+0000][1][safepoint    ] Safepoint "Cleanup", Time since last: 1000480000 ns, Reaching safepoint: 196400 ns, At safepoint: 51400 ns, Total: 247800 ns
[2020-05-02T06:19:17.030+0000][1][safepoint    ] Safepoint "Cleanup", Time since last: 1000471300 ns, Reaching safepoint: 537700 ns, At safepoint: 140400 ns, Total: 678100 ns
[2020-05-02T06:19:18.032+0000][1][safepoint    ] Safepoint "Cleanup", Time since last: 1000765200 ns, Reaching safepoint: 454000 ns, At safepoint: 126900 ns, Total: 580900 ns
[2020-05-02T06:19:19.033+0000][1][safepoint    ] Safepoint "Cleanup", Time since last: 1000824000 ns, Reaching safepoint: 448100 ns, At safepoint: 135500 ns, Total: 583600 ns
[2020-05-02T06:19:20.034+0000][1][safepoint    ] Safepoint "Cleanup", Time since last: 1000575500 ns, Reaching safepoint: 188500 ns, At safepoint: 49100 ns, Total: 237600 ns
[2020-05-02T06:19:21.035+0000][1][safepoint    ] Safepoint "Cleanup", Time since last: 1000391300 ns, Reaching safepoint: 523000 ns, At safepoint: 128700 ns, Total: 651700 ns
[2020-05-02T06:19:22.035+0000][1][safepoint    ] Safepoint "Cleanup", Time since last: 1000310300 ns, Reaching safepoint: 132200 ns, At safepoint: 29600 ns, Total: 161800 ns
[2020-05-02T06:19:23.037+0000][1][safepoint    ] Safepoint "Cleanup", Time since last: 1000665100 ns, Reaching safepoint: 449400 ns, At safepoint: 136700 ns, Total: 586100 ns
[2020-05-02T06:19:24.038+0000][1][safepoint    ] Safepoint "Cleanup", Time since last: 1000710600 ns, Reaching safepoint: 144500 ns, At safepoint: 35100 ns, Total: 179600 ns
[2020-05-02T06:19:24.994+0000][1][gc,start     ] GC(56) Pause Young (Allocation Failure)
[2020-05-02T06:19:24.994+0000][1][gc,task      ] GC(56) Using 10 workers of 10 for evacuation
[2020-05-02T06:19:24.998+0000][1][gc,age       ] GC(56) Desired survivor size 8945664 bytes, new threshold 6 (max threshold 6)
[2020-05-02T06:19:24.998+0000][1][gc,age       ] GC(56) Age table with threshold 6 (max threshold 6)
[2020-05-02T06:19:24.998+0000][1][gc,age       ] GC(56) - age   1:      55120 bytes,      55120 total
[2020-05-02T06:19:24.998+0000][1][gc,age       ] GC(56) - age   2:       1072 bytes,      56192 total
[2020-05-02T06:19:24.998+0000][1][gc,age       ] GC(56) - age   3:       4232 bytes,      60424 total
[2020-05-02T06:19:24.998+0000][1][gc,age       ] GC(56) - age   4:       1352 bytes,      61776 total
[2020-05-02T06:19:24.998+0000][1][gc,age       ] GC(56) - age   5:       3784 bytes,      65560 total
[2020-05-02T06:19:24.998+0000][1][gc,age       ] GC(56) - age   6:        856 bytes,      66416 total
[2020-05-02T06:19:24.998+0000][1][gc,heap      ] GC(56) ParNew: 139941K->94K(157248K)
[2020-05-02T06:19:24.998+0000][1][gc,heap      ] GC(56) CMS: 82451K->82465K(349568K)
[2020-05-02T06:19:24.998+0000][1][gc,metaspace ] GC(56) Metaspace: 97579K->97579K(1138688K)
[2020-05-02T06:19:24.998+0000][1][gc           ] GC(56) Pause Young (Allocation Failure) 217M->80M(494M) 4.250ms
[2020-05-02T06:19:24.998+0000][1][gc,cpu       ] GC(56) User=0.01s Sys=0.00s Real=0.01s
[2020-05-02T06:19:24.999+0000][1][safepoint    ] Safepoint "GenCollectForAllocation", Time since last: 956349900 ns, Reaching safepoint: 221500 ns, At safepoint: 4383900 ns, Total: 4605400 ns
[2020-05-02T06:19:26.000+0000][1][safepoint    ] Safepoint "Cleanup", Time since last: 1000629300 ns, Reaching safepoint: 292300 ns, At safepoint: 72000 ns, Total: 364300 ns
[2020-05-02T06:19:27.000+0000][1][safepoint    ] Safepoint "Cleanup", Time since last: 1000426700 ns, Reaching safepoint: 135000 ns, At safepoint: 39200 ns, Total: 174200 ns
[2020-05-02T06:19:28.001+0000][1][safepoint    ] Safepoint "Cleanup", Time since last: 1000672600 ns, Reaching safepoint: 137500 ns, At safepoint: 67200 ns, Total: 204700 ns
[2020-05-02T06:19:29.386+0000][1][safepoint    ] Safepoint "Cleanup", Time since last: 1384709500 ns, Reaching safepoint: 411900 ns, At safepoint: 124300 ns, Total: 536200 ns
[2020-05-02T06:19:30.387+0000][1][safepoint    ] Safepoint "Cleanup", Time since last: 1000398500 ns, Reaching safepoint: 132400 ns, At safepoint: 28400 ns, Total: 160800 ns
[2020-05-02T06:19:31.388+0000][1][safepoint    ] Safepoint "Cleanup", Time since last: 1000425400 ns, Reaching safepoint: 536300 ns, At safepoint: 131400 ns, Total: 667700 ns
[2020-05-02T06:19:32.389+0000][1][safepoint    ] Safepoint "Cleanup", Time since last: 1000664000 ns, Reaching safepoint: 503400 ns, At safepoint: 130000 ns, Total: 633400 ns
[2020-05-02T06:19:33.390+0000][1][safepoint    ] Safepoint "Cleanup", Time since last: 1000650000 ns, Reaching safepoint: 181600 ns, At safepoint: 49000 ns, Total: 230600 ns
[2020-05-02T06:19:34.391+0000][1][safepoint    ] Safepoint "Cleanup", Time since last: 1000647600 ns, Reaching safepoint: 465100 ns, At safepoint: 134800 ns, Total: 599900 ns
[2020-05-02T06:19:35.393+0000][1][safepoint    ] Safepoint "Cleanup", Time since last: 1000577100 ns, Reaching safepoint: 521200 ns, At safepoint: 134000 ns, Total: 655200 ns
[2020-05-02T06:19:36.394+0000][1][safepoint    ] Safepoint "Cleanup", Time since last: 1000603700 ns, Reaching safepoint: 510700 ns, At safepoint: 132100 ns, Total: 642800 ns
[2020-05-02T06:19:37.395+0000][1][safepoint    ] Safepoint "Cleanup", Time since last: 1000527900 ns, Reaching safepoint: 509800 ns, At safepoint: 167100 ns, Total: 676900 ns
[2020-05-02T06:19:38.396+0000][1][safepoint    ] Safepoint "Cleanup", Time since last: 1000811500 ns, Reaching safepoint: 419800 ns, At safepoint: 129900 ns, Total: 549700 ns
[2020-05-02T06:19:39.398+0000][1][safepoint    ] Safepoint "Cleanup", Time since last: 1000825800 ns, Reaching safepoint: 448800 ns, At safepoint: 134500 ns, Total: 583300 ns
[2020-05-02T06:19:40.399+0000][1][safepoint    ] Safepoint "Cleanup", Time since last: 1000844900 ns, Reaching safepoint: 423000 ns, At safepoint: 128400 ns, Total: 551400 ns
[2020-05-02T06:19:41.401+0000][1][safepoint    ] Safepoint "Cleanup", Time since last: 1000759900 ns, Reaching safepoint: 610000 ns, At safepoint: 129800 ns, Total: 739800 ns
[2020-05-02T06:19:42.402+0000][1][safepoint    ] Safepoint "Cleanup", Time since last: 1000569800 ns, Reaching safepoint: 454700 ns, At safepoint: 129800 ns, Total: 584500 ns
[2020-05-02T06:19:43.403+0000][1][safepoint    ] Safepoint "Cleanup", Time since last: 1000376600 ns, Reaching safepoint: 210400 ns, At safepoint: 50700 ns, Total: 261100 ns
[2020-05-02T06:19:44.404+0000][1][safepoint    ] Safepoint "Cleanup", Time since last: 1000685700 ns, Reaching safepoint: 450100 ns, At safepoint: 135400 ns, Total: 585500 ns
[2020-05-02T06:19:45.405+0000][1][safepoint    ] Safepoint "Cleanup", Time since last: 1000733400 ns, Reaching safepoint: 236900 ns, At safepoint: 65100 ns, Total: 302000 ns
[2020-05-02T06:19:46.406+0000][1][safepoint    ] Safepoint "Cleanup", Time since last: 1000410000 ns, Reaching safepoint: 525600 ns, At safepoint: 171500 ns, Total: 697100 ns
[2020-05-02T06:19:47.407+0000][1][safepoint    ] Safepoint "Cleanup", Time since last: 1000845900 ns, Reaching safepoint: 450700 ns, At safepoint: 133000 ns, Total: 583700 ns
[2020-05-02T06:19:48.408+0000][1][safepoint    ] Safepoint "Cleanup", Time since last: 1000572000 ns, Reaching safepoint: 143800 ns, At safepoint: 30400 ns, Total: 174200 ns
[2020-05-02T06:19:49.409+0000][1][safepoint    ] Safepoint "Cleanup", Time since last: 1000253500 ns, Reaching safepoint: 336700 ns, At safepoint: 97800 ns, Total: 434500 ns
[2020-05-02T06:19:50.410+0000][1][safepoint    ] Safepoint "Cleanup", Time since last: 1000574600 ns, Reaching safepoint: 394600 ns, At safepoint: 116500 ns, Total: 511100 ns
[2020-05-02T06:19:51.411+0000][1][safepoint    ] Safepoint "Cleanup", Time since last: 1000799300 ns, Reaching safepoint: 502000 ns, At safepoint: 130600 ns, Total: 632600 ns
[2020-05-02T06:19:52.412+0000][1][safepoint    ] Safepoint "Cleanup", Time since last: 1000630700 ns, Reaching safepoint: 132000 ns, At safepoint: 30100 ns, Total: 162100 ns
[2020-05-02T06:19:53.412+0000][1][safepoint    ] Safepoint "Cleanup", Time since last: 1000213600 ns, Reaching safepoint: 151300 ns, At safepoint: 36500 ns, Total: 187800 ns
[2020-05-02T06:19:54.413+0000][1][safepoint    ] Safepoint "Cleanup", Time since last: 1000687400 ns, Reaching safepoint: 157300 ns, At safepoint: 39100 ns, Total: 196400 ns
[2020-05-02T06:19:55.414+0000][1][safepoint    ] Safepoint "Cleanup", Time since last: 1000283400 ns, Reaching safepoint: 258400 ns, At safepoint: 73200 ns, Total: 331600 ns
[2020-05-02T06:19:56.415+0000][1][safepoint    ] Safepoint "Cleanup", Time since last: 1000558300 ns, Reaching safepoint: 497400 ns, At safepoint: 131100 ns, Total: 628500 ns
[2020-05-02T06:19:57.417+0000][1][safepoint    ] Safepoint "Cleanup", Time since last: 1000788600 ns, Reaching safepoint: 510700 ns, At safepoint: 130300 ns, Total: 641000 ns
[2020-05-02T06:19:59.318+0000][1][safepoint    ] Safepoint "Cleanup", Time since last: 1901632900 ns, Reaching safepoint: 140800 ns, At safepoint: 32900 ns, Total: 173700 ns
[2020-05-02T06:20:00.320+0000][1][safepoint    ] Safepoint "Cleanup", Time since last: 1000560700 ns, Reaching safepoint: 448400 ns, At safepoint: 135000 ns, Total: 583400 ns
[2020-05-02T06:20:01.321+0000][1][safepoint    ] Safepoint "Cleanup", Time since last: 1000443400 ns, Reaching safepoint: 416700 ns, At safepoint: 165300 ns, Total: 582000 ns
[2020-05-02T06:20:02.322+0000][1][safepoint    ] Safepoint "Cleanup", Time since last: 1000604200 ns, Reaching safepoint: 419600 ns, At safepoint: 135800 ns, Total: 555400 ns
[2020-05-02T06:20:03.323+0000][1][safepoint    ] Safepoint "Cleanup", Time since last: 1000402700 ns, Reaching safepoint: 411500 ns, At safepoint: 130000 ns, Total: 541500 ns
[2020-05-02T06:20:04.324+0000][1][safepoint    ] Safepoint "Cleanup", Time since last: 1000623200 ns, Reaching safepoint: 417600 ns, At safepoint: 203300 ns, Total: 620900 ns
[2020-05-02T06:20:05.325+0000][1][safepoint    ] Safepoint "Cleanup", Time since last: 1000664700 ns, Reaching safepoint: 416400 ns, At safepoint: 132300 ns, Total: 548700 ns
[2020-05-02T06:20:06.327+0000][1][safepoint    ] Safepoint "Cleanup", Time since last: 1000893300 ns, Reaching safepoint: 491800 ns, At safepoint: 157700 ns, Total: 649500 ns
[2020-05-02T06:20:07.328+0000][1][safepoint    ] Safepoint "Cleanup", Time since last: 1000755700 ns, Reaching safepoint: 442600 ns, At safepoint: 134000 ns, Total: 576600 ns
[2020-05-02T06:20:08.329+0000][1][safepoint    ] Safepoint "Cleanup", Time since last: 1000765700 ns, Reaching safepoint: 415800 ns, At safepoint: 134000 ns, Total: 549800 ns
[2020-05-02T06:20:09.330+0000][1][safepoint    ] Safepoint "Cleanup", Time since last: 1000699600 ns, Reaching safepoint: 274800 ns, At safepoint: 82700 ns, Total: 357500 ns
[2020-05-02T06:20:10.332+0000][1][safepoint    ] Safepoint "Cleanup", Time since last: 1000402900 ns, Reaching safepoint: 573300 ns, At safepoint: 129800 ns, Total: 703100 ns
[2020-05-02T06:20:11.332+0000][1][safepoint    ] Safepoint "Cleanup", Time since last: 1000351700 ns, Reaching safepoint: 116800 ns, At safepoint: 25900 ns, Total: 142700 ns
[2020-05-02T06:20:12.332+0000][1][safepoint    ] Safepoint "Cleanup", Time since last: 1000263800 ns, Reaching safepoint: 127900 ns, At safepoint: 30000 ns, Total: 157900 ns
[2020-05-02T06:20:13.334+0000][1][safepoint    ] Safepoint "Cleanup", Time since last: 1000808500 ns, Reaching safepoint: 417700 ns, At safepoint: 139300 ns, Total: 557000 ns
[2020-05-02T06:20:14.334+0000][1][safepoint    ] Safepoint "Cleanup", Time since last: 1000302500 ns, Reaching safepoint: 153600 ns, At safepoint: 42000 ns, Total: 195600 ns
[2020-05-02T06:20:15.335+0000][1][safepoint    ] Safepoint "Cleanup", Time since last: 1000406300 ns, Reaching safepoint: 491800 ns, At safepoint: 178400 ns, Total: 670200 ns
[2020-05-02T06:20:16.337+0000][1][safepoint    ] Safepoint "Cleanup", Time since last: 1000831100 ns, Reaching safepoint: 418700 ns, At safepoint: 133400 ns, Total: 552100 ns
[2020-05-02T06:20:17.338+0000][1][safepoint    ] Safepoint "Cleanup", Time since last: 1000665600 ns, Reaching safepoint: 417800 ns, At safepoint: 132000 ns, Total: 549800 ns
[2020-05-02T06:20:18.339+0000][1][safepoint    ] Safepoint "Cleanup", Time since last: 1000574500 ns, Reaching safepoint: 508800 ns, At safepoint: 27500 ns, Total: 536300 ns
[2020-05-02T06:20:19.340+0000][1][safepoint    ] Safepoint "Cleanup", Time since last: 1000320900 ns, Reaching safepoint: 419400 ns, At safepoint: 154700 ns, Total: 574100 ns
[2020-05-02T06:20:20.341+0000][1][safepoint    ] Safepoint "Cleanup", Time since last: 1000857700 ns, Reaching safepoint: 417100 ns, At safepoint: 131400 ns, Total: 548500 ns
[2020-05-02T06:20:21.343+0000][1][safepoint    ] Safepoint "Cleanup", Time since last: 1000796500 ns, Reaching safepoint: 454900 ns, At safepoint: 136800 ns, Total: 591700 ns
[2020-05-02T06:20:22.344+0000][1][safepoint    ] Safepoint "Cleanup", Time since last: 1000709800 ns, Reaching safepoint: 427900 ns, At safepoint: 132900 ns, Total: 560800 ns
[2020-05-02T06:20:23.345+0000][1][safepoint    ] Safepoint "Cleanup", Time since last: 1000598200 ns, Reaching safepoint: 417900 ns, At safepoint: 131800 ns, Total: 549700 ns
[2020-05-02T06:20:24.347+0000][1][safepoint    ] Safepoint "Cleanup", Time since last: 1000883700 ns, Reaching safepoint: 432800 ns, At safepoint: 138800 ns, Total: 571600 ns
[2020-05-02T06:20:25.348+0000][1][safepoint    ] Safepoint "Cleanup", Time since last: 1000831500 ns, Reaching safepoint: 417700 ns, At safepoint: 131300 ns, Total: 549000 ns
[2020-05-02T06:20:26.349+0000][1][safepoint    ] Safepoint "Cleanup", Time since last: 1000741000 ns, Reaching safepoint: 418700 ns, At safepoint: 132700 ns, Total: 551400 ns
[2020-05-02T06:20:27.351+0000][1][safepoint    ] Safepoint "Cleanup", Time since last: 1000672400 ns, Reaching safepoint: 601500 ns, At safepoint: 147400 ns, Total: 748900 ns
[2020-05-02T06:20:28.352+0000][1][safepoint    ] Safepoint "Cleanup", Time since last: 1000763900 ns, Reaching safepoint: 457000 ns, At safepoint: 136900 ns, Total: 593900 ns
[2020-05-02T06:20:29.353+0000][1][safepoint    ] Safepoint "Cleanup", Time since last: 1000665400 ns, Reaching safepoint: 213900 ns, At safepoint: 60700 ns, Total: 274600 ns
[2020-05-02T06:20:30.354+0000][1][safepoint    ] Safepoint "Cleanup", Time since last: 1000616700 ns, Reaching safepoint: 419900 ns, At safepoint: 132500 ns, Total: 552400 ns
[2020-05-02T06:20:31.356+0000][1][safepoint    ] Safepoint "Cleanup", Time since last: 1000758800 ns, Reaching safepoint: 419500 ns, At safepoint: 130800 ns, Total: 550300 ns
[2020-05-02T06:20:32.357+0000][1][safepoint    ] Safepoint "Cleanup", Time since last: 1000581700 ns, Reaching safepoint: 416400 ns, At safepoint: 133400 ns, Total: 549800 ns
[2020-05-02T06:20:33.358+0000][1][safepoint    ] Safepoint "Cleanup", Time since last: 1000581800 ns, Reaching safepoint: 325700 ns, At safepoint: 74100 ns, Total: 399800 ns
[2020-05-02T06:20:34.359+0000][1][safepoint    ] Safepoint "Cleanup", Time since last: 1000652000 ns, Reaching safepoint: 419600 ns, At safepoint: 131200 ns, Total: 550800 ns
[2020-05-02T06:20:35.360+0000][1][safepoint    ] Safepoint "Cleanup", Time since last: 1000757100 ns, Reaching safepoint: 587700 ns, At safepoint: 146800 ns, Total: 734500 ns
[2020-05-02T06:20:36.362+0000][1][safepoint    ] Safepoint "Cleanup", Time since last: 1000908900 ns, Reaching safepoint: 417300 ns, At safepoint: 133200 ns, Total: 550500 ns
[2020-05-02T06:20:37.363+0000][1][safepoint    ] Safepoint "Cleanup", Time since last: 1000422300 ns, Reaching safepoint: 413200 ns, At safepoint: 155700 ns, Total: 568900 ns
[2020-05-02T06:20:38.364+0000][1][safepoint    ] Safepoint "Cleanup", Time since last: 1000587000 ns, Reaching safepoint: 260600 ns, At safepoint: 73800 ns, Total: 334400 ns
[2020-05-02T06:20:39.365+0000][1][safepoint    ] Safepoint "Cleanup", Time since last: 1000451500 ns, Reaching safepoint: 463700 ns, At safepoint: 95400 ns, Total: 559100 ns
[2020-05-02T06:20:40.366+0000][1][safepoint    ] Safepoint "Cleanup", Time since last: 1000764400 ns, Reaching safepoint: 166100 ns, At safepoint: 47000 ns, Total: 213100 ns
[2020-05-02T06:20:42.294+0000][1][safepoint    ] Safepoint "Cleanup", Time since last: 1927664500 ns, Reaching safepoint: 451200 ns, At safepoint: 134700 ns, Total: 585900 ns
[2020-05-02T06:20:43.295+0000][1][safepoint    ] Safepoint "Cleanup", Time since last: 1000521300 ns, Reaching safepoint: 449400 ns, At safepoint: 184100 ns, Total: 633500 ns
[2020-05-02T06:20:44.296+0000][1][safepoint    ] Safepoint "Cleanup", Time since last: 1000634300 ns, Reaching safepoint: 187400 ns, At safepoint: 54200 ns, Total: 241600 ns
[2020-05-02T06:20:45.297+0000][1][safepoint    ] Safepoint "Cleanup", Time since last: 1000552800 ns, Reaching safepoint: 146200 ns, At safepoint: 36600 ns, Total: 182800 ns
[2020-05-02T06:20:46.298+0000][1][safepoint    ] Safepoint "Cleanup", Time since last: 1000364800 ns, Reaching safepoint: 447000 ns, At safepoint: 137000 ns, Total: 584000 ns
[2020-05-02T06:20:47.299+0000][1][safepoint    ] Safepoint "Cleanup", Time since last: 1000581600 ns, Reaching safepoint: 456300 ns, At safepoint: 152200 ns, Total: 608500 ns
[2020-05-02T06:20:48.300+0000][1][safepoint    ] Safepoint "Cleanup", Time since last: 1000647300 ns, Reaching safepoint: 514000 ns, At safepoint: 132000 ns, Total: 646000 ns
[2020-05-02T06:20:49.302+0000][1][safepoint    ] Safepoint "Cleanup", Time since last: 1000716100 ns, Reaching safepoint: 612500 ns, At safepoint: 127400 ns, Total: 739900 ns
[2020-05-02T06:20:50.303+0000][1][safepoint    ] Safepoint "Cleanup", Time since last: 1000823800 ns, Reaching safepoint: 450300 ns, At safepoint: 129300 ns, Total: 579600 ns
[2020-05-02T06:20:51.305+0000][1][safepoint    ] Safepoint "Cleanup", Time since last: 1000935100 ns, Reaching safepoint: 508700 ns, At safepoint: 132500 ns, Total: 641200 ns
[2020-05-02T06:20:52.306+0000][1][safepoint    ] Safepoint "Cleanup", Time since last: 1000818000 ns, Reaching safepoint: 450000 ns, At safepoint: 148800 ns, Total: 598800 ns
[2020-05-02T06:20:53.308+0000][1][safepoint    ] Safepoint "Cleanup", Time since last: 1000917900 ns, Reaching safepoint: 511100 ns, At safepoint: 128300 ns, Total: 639400 ns
[2020-05-02T06:20:54.308+0000][1][safepoint    ] Safepoint "Cleanup", Time since last: 1000439200 ns, Reaching safepoint: 158800 ns, At safepoint: 41200 ns, Total: 200000 ns
[2020-05-02T06:20:55.309+0000][1][safepoint    ] Safepoint "Cleanup", Time since last: 1000644500 ns, Reaching safepoint: 361000 ns, At safepoint: 106200 ns, Total: 467200 ns
[2020-05-02T06:20:56.310+0000][1][safepoint    ] Safepoint "Cleanup", Time since last: 1000510600 ns, Reaching safepoint: 290200 ns, At safepoint: 87500 ns, Total: 377700 ns
[2020-05-02T06:20:57.311+0000][1][safepoint    ] Safepoint "Cleanup", Time since last: 1000244700 ns, Reaching safepoint: 160300 ns, At safepoint: 38300 ns, Total: 198600 ns
[2020-05-02T06:20:58.311+0000][1][safepoint    ] Safepoint "Cleanup", Time since last: 1000678900 ns, Reaching safepoint: 162400 ns, At safepoint: 42100 ns, Total: 204500 ns
[2020-05-02T06:20:59.312+0000][1][safepoint    ] Safepoint "Cleanup", Time since last: 1000632300 ns, Reaching safepoint: 151800 ns, At safepoint: 38700 ns, Total: 190500 ns
[2020-05-02T06:21:00.314+0000][1][safepoint    ] Safepoint "Cleanup", Time since last: 1000543600 ns, Reaching safepoint: 723200 ns, At safepoint: 158200 ns, Total: 881400 ns
[2020-05-02T06:21:01.315+0000][1][safepoint    ] Safepoint "Cleanup", Time since last: 1000444000 ns, Reaching safepoint: 454900 ns, At safepoint: 129500 ns, Total: 584400 ns
[2020-05-02T06:21:02.316+0000][1][safepoint    ] Safepoint "Cleanup", Time since last: 1000696800 ns, Reaching safepoint: 513600 ns, At safepoint: 128700 ns, Total: 642300 ns
[2020-05-02T06:21:03.317+0000][1][safepoint    ] Safepoint "Cleanup", Time since last: 1000569600 ns, Reaching safepoint: 506700 ns, At safepoint: 130500 ns, Total: 637200 ns
[2020-05-02T06:21:04.319+0000][1][safepoint    ] Safepoint "Cleanup", Time since last: 1000703500 ns, Reaching safepoint: 469700 ns, At safepoint: 118200 ns, Total: 587900 ns
[2020-05-02T06:21:05.320+0000][1][safepoint    ] Safepoint "Cleanup", Time since last: 1000757500 ns, Reaching safepoint: 131700 ns, At safepoint: 31500 ns, Total: 163200 ns
[2020-05-02T06:21:06.321+0000][1][safepoint    ] Safepoint "Cleanup", Time since last: 1000613500 ns, Reaching safepoint: 534500 ns, At safepoint: 136900 ns, Total: 671400 ns
[2020-05-02T06:21:07.321+0000][1][safepoint    ] Safepoint "Cleanup", Time since last: 1000276000 ns, Reaching safepoint: 130200 ns, At safepoint: 25900 ns, Total: 156100 ns
[2020-05-02T06:21:08.322+0000][1][safepoint    ] Safepoint "Cleanup", Time since last: 1000364500 ns, Reaching safepoint: 449900 ns, At safepoint: 133000 ns, Total: 582900 ns
[2020-05-02T06:21:09.323+0000][1][safepoint    ] Safepoint "Cleanup", Time since last: 1000472600 ns, Reaching safepoint: 447800 ns, At safepoint: 132400 ns, Total: 580200 ns
[2020-05-02T06:21:10.325+0000][1][safepoint    ] Safepoint "Cleanup", Time since last: 1000659500 ns, Reaching safepoint: 506600 ns, At safepoint: 163700 ns, Total: 670300 ns
[2020-05-02T06:21:11.325+0000][1][safepoint    ] Safepoint "Cleanup", Time since last: 1000356300 ns, Reaching safepoint: 168000 ns, At safepoint: 40000 ns, Total: 208000 ns
[2020-05-02T06:21:12.326+0000][1][safepoint    ] Safepoint "Cleanup", Time since last: 1000427500 ns, Reaching safepoint: 447400 ns, At safepoint: 128900 ns, Total: 576300 ns
[2020-05-02T06:21:13.328+0000][1][safepoint    ] Safepoint "Cleanup", Time since last: 1000810400 ns, Reaching safepoint: 448700 ns, At safepoint: 127100 ns, Total: 575800 ns
[2020-05-02T06:21:14.329+0000][1][safepoint    ] Safepoint "Cleanup", Time since last: 1000541900 ns, Reaching safepoint: 449600 ns, At safepoint: 137800 ns, Total: 587400 ns
[2020-05-02T06:21:15.330+0000][1][safepoint    ] Safepoint "Cleanup", Time since last: 1000656900 ns, Reaching safepoint: 512400 ns, At safepoint: 127600 ns, Total: 640000 ns
[2020-05-02T06:21:16.331+0000][1][safepoint    ] Safepoint "Cleanup", Time since last: 1000476200 ns, Reaching safepoint: 448600 ns, At safepoint: 243600 ns, Total: 692200 ns
[2020-05-02T06:21:17.332+0000][1][safepoint    ] Safepoint "Cleanup", Time since last: 1000397500 ns, Reaching safepoint: 500900 ns, At safepoint: 125200 ns, Total: 626100 ns
[2020-05-02T06:21:18.333+0000][1][safepoint    ] Safepoint "Cleanup", Time since last: 1000448400 ns, Reaching safepoint: 144500 ns, At safepoint: 28400 ns, Total: 172900 ns
[2020-05-02T06:21:19.334+0000][1][safepoint    ] Safepoint "Cleanup", Time since last: 1000700300 ns, Reaching safepoint: 455900 ns, At safepoint: 130400 ns, Total: 586300 ns
[2020-05-02T06:21:20.335+0000][1][safepoint    ] Safepoint "Cleanup", Time since last: 1000564600 ns, Reaching safepoint: 450800 ns, At safepoint: 157800 ns, Total: 608600 ns
[2020-05-02T06:21:21.337+0000][1][safepoint    ] Safepoint "Cleanup", Time since last: 1000709100 ns, Reaching safepoint: 457100 ns, At safepoint: 136900 ns, Total: 594000 ns
[2020-05-02T06:21:22.338+0000][1][safepoint    ] Safepoint "Cleanup", Time since last: 1000385700 ns, Reaching safepoint: 445300 ns, At safepoint: 181400 ns, Total: 626700 ns
[2020-05-02T06:21:23.339+0000][1][safepoint    ] Safepoint "Cleanup", Time since last: 1000486500 ns, Reaching safepoint: 568900 ns, At safepoint: 135000 ns, Total: 703900 ns
[2020-05-02T06:21:24.339+0000][1][safepoint    ] Safepoint "Cleanup", Time since last: 1000340300 ns, Reaching safepoint: 129900 ns, At safepoint: 26300 ns, Total: 156200 ns
[2020-05-02T06:21:25.340+0000][1][safepoint    ] Safepoint "Cleanup", Time since last: 1000602200 ns, Reaching safepoint: 497000 ns, At safepoint: 129100 ns, Total: 626100 ns
[2020-05-02T06:21:26.342+0000][1][safepoint    ] Safepoint "Cleanup", Time since last: 1000735000 ns, Reaching safepoint: 422400 ns, At safepoint: 198400 ns, Total: 620800 ns
[2020-05-02T06:21:27.343+0000][1][safepoint    ] Safepoint "Cleanup", Time since last: 1000541800 ns, Reaching safepoint: 418600 ns, At safepoint: 199900 ns, Total: 618500 ns
[2020-05-02T06:21:28.344+0000][1][safepoint    ] Safepoint "Cleanup", Time since last: 1000369400 ns, Reaching safepoint: 151800 ns, At safepoint: 38200 ns, Total: 190000 ns
[2020-05-02T06:21:29.346+0000][1][safepoint    ] Safepoint "Cleanup", Time since last: 1000732700 ns, Reaching safepoint: 1074300 ns, At safepoint: 221000 ns, Total: 1295300 ns
[2020-05-02T06:21:30.347+0000][1][safepoint    ] Safepoint "Cleanup", Time since last: 1000740200 ns, Reaching safepoint: 568600 ns, At safepoint: 197600 ns, Total: 766200 ns
[2020-05-02T06:21:31.348+0000][1][safepoint    ] Safepoint "Cleanup", Time since last: 1000618300 ns, Reaching safepoint: 451900 ns, At safepoint: 235200 ns, Total: 687100 ns
[2020-05-02T06:21:32.350+0000][1][safepoint    ] Safepoint "Cleanup", Time since last: 1000765900 ns, Reaching safepoint: 518300 ns, At safepoint: 200700 ns, Total: 719000 ns
[2020-05-02T06:21:33.351+0000][1][safepoint    ] Safepoint "Cleanup", Time since last: 1000605200 ns, Reaching safepoint: 152000 ns, At safepoint: 30900 ns, Total: 182900 ns
[2020-05-02T06:21:34.351+0000][1][safepoint    ] Safepoint "Cleanup", Time since last: 1000219300 ns, Reaching safepoint: 180900 ns, At safepoint: 46500 ns, Total: 227400 ns
[2020-05-02T06:21:35.352+0000][1][safepoint    ] Safepoint "Cleanup", Time since last: 1000541800 ns, Reaching safepoint: 334000 ns, At safepoint: 97800 ns, Total: 431800 ns
[2020-05-02T06:21:36.353+0000][1][safepoint    ] Safepoint "Cleanup", Time since last: 1000623100 ns, Reaching safepoint: 522300 ns, At safepoint: 145800 ns, Total: 668100 ns
[2020-05-02T06:21:37.355+0000][1][safepoint    ] Safepoint "Cleanup", Time since last: 1000663500 ns, Reaching safepoint: 360400 ns, At safepoint: 142500 ns, Total: 502900 ns
[2020-05-02T06:21:38.355+0000][1][safepoint    ] Safepoint "Cleanup", Time since last: 1000498100 ns, Reaching safepoint: 249800 ns, At safepoint: 109600 ns, Total: 359400 ns
[2020-05-02T06:21:39.356+0000][1][safepoint    ] Safepoint "Cleanup", Time since last: 1000297200 ns, Reaching safepoint: 129800 ns, At safepoint: 27600 ns, Total: 157400 ns
[2020-05-02T06:21:40.357+0000][1][safepoint    ] Safepoint "Cleanup", Time since last: 1000345400 ns, Reaching safepoint: 577500 ns, At safepoint: 126600 ns, Total: 704100 ns
[2020-05-02T06:21:41.358+0000][1][safepoint    ] Safepoint "Cleanup", Time since last: 1000677000 ns, Reaching safepoint: 227400 ns, At safepoint: 45300 ns, Total: 272700 ns
[2020-05-02T06:21:42.359+0000][1][safepoint    ] Safepoint "Cleanup", Time since last: 1000388900 ns, Reaching safepoint: 463900 ns, At safepoint: 208500 ns, Total: 672400 ns
[2020-05-02T06:21:43.360+0000][1][safepoint    ] Safepoint "Cleanup", Time since last: 1000694200 ns, Reaching safepoint: 450700 ns, At safepoint: 201100 ns, Total: 651800 ns
[2020-05-02T06:21:44.361+0000][1][safepoint    ] Safepoint "Cleanup", Time since last: 1000338200 ns, Reaching safepoint: 471000 ns, At safepoint: 182400 ns, Total: 653400 ns
[2020-05-02T06:21:45.362+0000][1][safepoint    ] Safepoint "Cleanup", Time since last: 1000254100 ns, Reaching safepoint: 124600 ns, At safepoint: 26700 ns, Total: 151300 ns
[2020-05-02T06:21:46.363+0000][1][safepoint    ] Safepoint "Cleanup", Time since last: 1000566700 ns, Reaching safepoint: 568200 ns, At safepoint: 194300 ns, Total: 762500 ns
[2020-05-02T06:21:47.365+0000][1][safepoint    ] Safepoint "Cleanup", Time since last: 1000887400 ns, Reaching safepoint: 505600 ns, At safepoint: 210400 ns, Total: 716000 ns
[2020-05-02T06:21:48.366+0000][1][safepoint    ] Safepoint "Cleanup", Time since last: 1000908000 ns, Reaching safepoint: 139100 ns, At safepoint: 45900 ns, Total: 185000 ns
[2020-05-02T06:21:49.367+0000][1][safepoint    ] Safepoint "Cleanup", Time since last: 1000726100 ns, Reaching safepoint: 648400 ns, At safepoint: 209500 ns, Total: 857900 ns
[2020-05-02T06:21:50.369+0000][1][safepoint    ] Safepoint "Cleanup", Time since last: 1000802100 ns, Reaching safepoint: 451200 ns, At safepoint: 205400 ns, Total: 656600 ns
[2020-05-02T06:21:51.370+0000][1][safepoint    ] Safepoint "Cleanup", Time since last: 1000836700 ns, Reaching safepoint: 511300 ns, At safepoint: 127600 ns, Total: 638900 ns
[2020-05-02T06:21:52.371+0000][1][safepoint    ] Safepoint "Cleanup", Time since last: 1000457900 ns, Reaching safepoint: 419600 ns, At safepoint: 134200 ns, Total: 553800 ns
[2020-05-02T06:21:53.372+0000][1][safepoint    ] Safepoint "Cleanup", Time since last: 1000576600 ns, Reaching safepoint: 422200 ns, At safepoint: 204800 ns, Total: 627000 ns
[2020-05-02T06:21:54.373+0000][1][safepoint    ] Safepoint "Cleanup", Time since last: 1000802100 ns, Reaching safepoint: 146400 ns, At safepoint: 49900 ns, Total: 196300 ns
[2020-05-02T06:21:55.374+0000][1][safepoint    ] Safepoint "Cleanup", Time since last: 1000309900 ns, Reaching safepoint: 429000 ns, At safepoint: 285300 ns, Total: 714300 ns
[2020-05-02T06:21:56.376+0000][1][safepoint    ] Safepoint "Cleanup", Time since last: 1000466600 ns, Reaching safepoint: 425100 ns, At safepoint: 257800 ns, Total: 682900 ns
[2020-05-02T06:21:57.377+0000][1][safepoint    ] Safepoint "Cleanup", Time since last: 1000563700 ns, Reaching safepoint: 459500 ns, At safepoint: 211600 ns, Total: 671100 ns
[2020-05-02T06:21:58.378+0000][1][safepoint    ] Safepoint "Cleanup", Time since last: 1000439800 ns, Reaching safepoint: 418500 ns, At safepoint: 200300 ns, Total: 618800 ns
[2020-05-02T06:21:59.379+0000][1][safepoint    ] Safepoint "Cleanup", Time since last: 1000767200 ns, Reaching safepoint: 452900 ns, At safepoint: 275500 ns, Total: 728400 ns
[2020-05-02T06:22:00.380+0000][1][safepoint    ] Safepoint "Cleanup", Time since last: 1000731100 ns, Reaching safepoint: 196000 ns, At safepoint: 77500 ns, Total: 273500 ns
[2020-05-02T06:22:01.382+0000][1][safepoint    ] Safepoint "Cleanup", Time since last: 1000609200 ns, Reaching safepoint: 429700 ns, At safepoint: 204500 ns, Total: 634200 ns
[2020-05-02T06:22:02.383+0000][1][safepoint    ] Safepoint "Cleanup", Time since last: 1000680600 ns, Reaching safepoint: 427800 ns, At safepoint: 203200 ns, Total: 631000 ns
[2020-05-02T06:22:03.709+0000][1][safepoint    ] Safepoint "Cleanup", Time since last: 1325329200 ns, Reaching safepoint: 586300 ns, At safepoint: 128600 ns, Total: 714900 ns
[2020-05-02T06:22:04.710+0000][1][safepoint    ] Safepoint "Cleanup", Time since last: 1000802700 ns, Reaching safepoint: 416400 ns, At safepoint: 122500 ns, Total: 538900 ns
[2020-05-02T06:22:05.712+0000][1][safepoint    ] Safepoint "Cleanup", Time since last: 1000771200 ns, Reaching safepoint: 450600 ns, At safepoint: 138400 ns, Total: 589000 ns
[2020-05-02T06:22:06.713+0000][1][safepoint    ] Safepoint "Cleanup", Time since last: 1000601400 ns, Reaching safepoint: 453200 ns, At safepoint: 135400 ns, Total: 588600 ns
[2020-05-02T06:22:07.714+0000][1][safepoint    ] Safepoint "Cleanup", Time since last: 1000428000 ns, Reaching safepoint: 229900 ns, At safepoint: 65100 ns, Total: 295000 ns
[2020-05-02T06:22:08.715+0000][1][safepoint    ] Safepoint "Cleanup", Time since last: 1000628700 ns, Reaching safepoint: 496000 ns, At safepoint: 133800 ns, Total: 629800 ns
[2020-05-02T06:22:09.716+0000][1][safepoint    ] Safepoint "Cleanup", Time since last: 1000953000 ns, Reaching safepoint: 448900 ns, At safepoint: 138900 ns, Total: 587800 ns
[2020-05-02T06:22:10.717+0000][1][safepoint    ] Safepoint "Cleanup", Time since last: 1000624700 ns, Reaching safepoint: 248600 ns, At safepoint: 69300 ns, Total: 317900 ns
[2020-05-02T06:22:11.719+0000][1][safepoint    ] Safepoint "Cleanup", Time since last: 1000596600 ns, Reaching safepoint: 430600 ns, At safepoint: 172200 ns, Total: 602800 ns
[2020-05-02T06:22:12.719+0000][1][safepoint    ] Safepoint "Cleanup", Time since last: 1000693900 ns, Reaching safepoint: 201400 ns, At safepoint: 52400 ns, Total: 253800 ns
[2020-05-02T06:22:13.721+0000][1][safepoint    ] Safepoint "Cleanup", Time since last: 1000760200 ns, Reaching safepoint: 327900 ns, At safepoint: 98400 ns, Total: 426300 ns
[2020-05-02T06:22:14.722+0000][1][safepoint    ] Safepoint "Cleanup", Time since last: 1000623400 ns, Reaching safepoint: 428600 ns, At safepoint: 137000 ns, Total: 565600 ns
[2020-05-02T06:22:15.723+0000][1][safepoint    ] Safepoint "Cleanup", Time since last: 1000763400 ns, Reaching safepoint: 419600 ns, At safepoint: 130800 ns, Total: 550400 ns
[2020-05-02T06:22:16.725+0000][1][safepoint    ] Safepoint "Cleanup", Time since last: 1000829400 ns, Reaching safepoint: 481300 ns, At safepoint: 131400 ns, Total: 612700 ns
[2020-05-02T06:22:17.726+0000][1][safepoint    ] Safepoint "Cleanup", Time since last: 1000858500 ns, Reaching safepoint: 454400 ns, At safepoint: 130800 ns, Total: 585200 ns
[2020-05-02T06:22:18.727+0000][1][safepoint    ] Safepoint "Cleanup", Time since last: 1000617400 ns, Reaching safepoint: 449700 ns, At safepoint: 145000 ns, Total: 594700 ns
[2020-05-02T06:22:19.728+0000][1][safepoint    ] Safepoint "Cleanup", Time since last: 1000751400 ns, Reaching safepoint: 153900 ns, At safepoint: 37400 ns, Total: 191300 ns
[2020-05-02T06:22:20.730+0000][1][safepoint    ] Safepoint "Cleanup", Time since last: 1000754300 ns, Reaching safepoint: 418800 ns, At safepoint: 130500 ns, Total: 549300 ns
[2020-05-02T06:22:21.731+0000][1][safepoint    ] Safepoint "Cleanup", Time since last: 1000544400 ns, Reaching safepoint: 483000 ns, At safepoint: 229200 ns, Total: 712200 ns
[2020-05-02T06:22:22.732+0000][1][safepoint    ] Safepoint "Cleanup", Time since last: 1000837700 ns, Reaching safepoint: 452500 ns, At safepoint: 140600 ns, Total: 593100 ns
[2020-05-02T06:22:23.734+0000][1][safepoint    ] Safepoint "Cleanup", Time since last: 1000747200 ns, Reaching safepoint: 528800 ns, At safepoint: 158000 ns, Total: 686800 ns
[2020-05-02T06:22:24.735+0000][1][safepoint    ] Safepoint "Cleanup", Time since last: 1000597500 ns, Reaching safepoint: 578900 ns, At safepoint: 122500 ns, Total: 701400 ns
[2020-05-02T06:22:24.906+0000][1][gc,start     ] GC(57) Pause Young (Allocation Failure)
[2020-05-02T06:22:24.906+0000][1][gc,task      ] GC(57) Using 10 workers of 10 for evacuation
[2020-05-02T06:22:24.911+0000][1][gc,age       ] GC(57) Desired survivor size 8945664 bytes, new threshold 6 (max threshold 6)
[2020-05-02T06:22:24.911+0000][1][gc,age       ] GC(57) Age table with threshold 6 (max threshold 6)
[2020-05-02T06:22:24.911+0000][1][gc,age       ] GC(57) - age   1:     145160 bytes,     145160 total
[2020-05-02T06:22:24.911+0000][1][gc,age       ] GC(57) - age   2:        192 bytes,     145352 total
[2020-05-02T06:22:24.911+0000][1][gc,age       ] GC(57) - age   3:       1072 bytes,     146424 total
[2020-05-02T06:22:24.911+0000][1][gc,age       ] GC(57) - age   4:       4136 bytes,     150560 total
[2020-05-02T06:22:24.911+0000][1][gc,age       ] GC(57) - age   5:       1352 bytes,     151912 total
[2020-05-02T06:22:24.911+0000][1][gc,age       ] GC(57) - age   6:       3784 bytes,     155696 total
[2020-05-02T06:22:24.911+0000][1][gc,heap      ] GC(57) ParNew: 139870K->167K(157248K)
[2020-05-02T06:22:24.911+0000][1][gc,heap      ] GC(57) CMS: 82465K->82466K(349568K)
[2020-05-02T06:22:24.911+0000][1][gc,metaspace ] GC(57) Metaspace: 97593K->97593K(1138688K)
[2020-05-02T06:22:24.911+0000][1][gc           ] GC(57) Pause Young (Allocation Failure) 217M->80M(494M) 5.447ms
[2020-05-02T06:22:24.911+0000][1][gc,cpu       ] GC(57) User=0.02s Sys=0.00s Real=0.00s
[2020-05-02T06:22:24.911+0000][1][safepoint    ] Safepoint "GenCollectForAllocation", Time since last: 170285800 ns, Reaching safepoint: 523100 ns, At safepoint: 5579300 ns, Total: 6102400 ns
[2020-05-02T06:22:25.913+0000][1][safepoint    ] Safepoint "Cleanup", Time since last: 1000722900 ns, Reaching safepoint: 414900 ns, At safepoint: 117100 ns, Total: 532000 ns
[2020-05-02T06:22:26.914+0000][1][safepoint    ] Safepoint "Cleanup", Time since last: 1000779400 ns, Reaching safepoint: 511200 ns, At safepoint: 129700 ns, Total: 640900 ns
[2020-05-02T06:22:27.914+0000][1][safepoint    ] Safepoint "Cleanup", Time since last: 1000275800 ns, Reaching safepoint: 202200 ns, At safepoint: 27900 ns, Total: 230100 ns
[2020-05-02T06:22:28.915+0000][1][safepoint    ] Safepoint "Cleanup", Time since last: 1000400800 ns, Reaching safepoint: 417200 ns, At safepoint: 131500 ns, Total: 548700 ns
[2020-05-02T06:22:29.917+0000][1][safepoint    ] Safepoint "Cleanup", Time since last: 1000531700 ns, Reaching safepoint: 434800 ns, At safepoint: 160900 ns, Total: 595700 ns
[2020-05-02T06:22:30.918+0000][1][safepoint    ] Safepoint "Cleanup", Time since last: 1000913800 ns, Reaching safepoint: 418800 ns, At safepoint: 131600 ns, Total: 550400 ns
[2020-05-02T06:22:32.204+0000][1][safepoint    ] Safepoint "Cleanup", Time since last: 1285193200 ns, Reaching safepoint: 343300 ns, At safepoint: 125400 ns, Total: 468700 ns
[2020-05-02T06:22:33.205+0000][1][safepoint    ] Safepoint "Cleanup", Time since last: 1000822000 ns, Reaching safepoint: 331400 ns, At safepoint: 101200 ns, Total: 432600 ns
[2020-05-02T06:22:34.206+0000][1][safepoint    ] Safepoint "Cleanup", Time since last: 1000570700 ns, Reaching safepoint: 290000 ns, At safepoint: 82900 ns, Total: 372900 ns
[2020-05-02T06:22:35.207+0000][1][safepoint    ] Safepoint "Cleanup", Time since last: 1000391800 ns, Reaching safepoint: 413700 ns, At safepoint: 128400 ns, Total: 542100 ns
[2020-05-02T06:22:36.208+0000][1][safepoint    ] Safepoint "Cleanup", Time since last: 1000733100 ns, Reaching safepoint: 448800 ns, At safepoint: 133500 ns, Total: 582300 ns
[2020-05-02T06:22:37.209+0000][1][safepoint    ] Safepoint "Cleanup", Time since last: 1000374100 ns, Reaching safepoint: 149100 ns, At safepoint: 34800 ns, Total: 183900 ns
[2020-05-02T06:22:38.209+0000][1][safepoint    ] Safepoint "Cleanup", Time since last: 1000228400 ns, Reaching safepoint: 270200 ns, At safepoint: 75100 ns, Total: 345300 ns
[2020-05-02T06:22:39.210+0000][1][safepoint    ] Safepoint "Cleanup", Time since last: 1000355200 ns, Reaching safepoint: 444900 ns, At safepoint: 149500 ns, Total: 594400 ns
[2020-05-02T06:22:40.211+0000][1][safepoint    ] Safepoint "Cleanup", Time since last: 1000344400 ns, Reaching safepoint: 423700 ns, At safepoint: 86500 ns, Total: 510200 ns
[2020-05-02T06:22:41.212+0000][1][safepoint    ] Safepoint "Cleanup", Time since last: 1000709700 ns, Reaching safepoint: 195300 ns, At safepoint: 52300 ns, Total: 247600 ns
[2020-05-02T06:22:42.213+0000][1][safepoint    ] Safepoint "Cleanup", Time since last: 1000526400 ns, Reaching safepoint: 137600 ns, At safepoint: 32200 ns, Total: 169800 ns
[2020-05-02T06:22:43.213+0000][1][safepoint    ] Safepoint "Cleanup", Time since last: 1000276200 ns, Reaching safepoint: 130800 ns, At safepoint: 27000 ns, Total: 157800 ns
[2020-05-02T06:22:44.213+0000][1][safepoint    ] Safepoint "Cleanup", Time since last: 1000175800 ns, Reaching safepoint: 132000 ns, At safepoint: 26200 ns, Total: 158200 ns
[2020-05-02T06:22:45.214+0000][1][safepoint    ] Safepoint "Cleanup", Time since last: 1000231000 ns, Reaching safepoint: 493800 ns, At safepoint: 175600 ns, Total: 669400 ns
[2020-05-02T06:22:46.215+0000][1][safepoint    ] Safepoint "Cleanup", Time since last: 1000293100 ns, Reaching safepoint: 142700 ns, At safepoint: 34200 ns, Total: 176900 ns
[2020-05-02T06:22:47.216+0000][1][safepoint    ] Safepoint "Cleanup", Time since last: 1000284800 ns, Reaching safepoint: 314200 ns, At safepoint: 97800 ns, Total: 412000 ns
[2020-05-02T06:22:48.217+0000][1][safepoint    ] Safepoint "Cleanup", Time since last: 1000640500 ns, Reaching safepoint: 419200 ns, At safepoint: 189700 ns, Total: 608900 ns
[2020-05-02T06:22:49.218+0000][1][safepoint    ] Safepoint "Cleanup", Time since last: 1000679900 ns, Reaching safepoint: 211400 ns, At safepoint: 47200 ns, Total: 258600 ns
[2020-05-02T06:22:50.219+0000][1][safepoint    ] Safepoint "Cleanup", Time since last: 1000392900 ns, Reaching safepoint: 704000 ns, At safepoint: 196400 ns, Total: 900400 ns
[2020-05-02T06:22:51.220+0000][1][safepoint    ] Safepoint "Cleanup", Time since last: 1000463400 ns, Reaching safepoint: 498600 ns, At safepoint: 126000 ns, Total: 624600 ns
[2020-05-02T06:22:52.221+0000][1][safepoint    ] Safepoint "Cleanup", Time since last: 1000529400 ns, Reaching safepoint: 454800 ns, At safepoint: 112800 ns, Total: 567600 ns
[2020-05-02T06:22:53.222+0000][1][safepoint    ] Safepoint "Cleanup", Time since last: 1000297400 ns, Reaching safepoint: 131500 ns, At safepoint: 29100 ns, Total: 160600 ns
[2020-05-02T06:22:54.223+0000][1][safepoint    ] Safepoint "Cleanup", Time since last: 1000481200 ns, Reaching safepoint: 453600 ns, At safepoint: 135500 ns, Total: 589100 ns
[2020-05-02T06:22:55.224+0000][1][safepoint    ] Safepoint "Cleanup", Time since last: 1000789400 ns, Reaching safepoint: 423300 ns, At safepoint: 128900 ns, Total: 552200 ns
[2020-05-02T06:22:56.225+0000][1][safepoint    ] Safepoint "Cleanup", Time since last: 1000738400 ns, Reaching safepoint: 421100 ns, At safepoint: 130200 ns, Total: 551300 ns
[2020-05-02T06:22:57.227+0000][1][safepoint    ] Safepoint "Cleanup", Time since last: 1000706800 ns, Reaching safepoint: 450300 ns, At safepoint: 136100 ns, Total: 586400 ns
[2020-05-02T06:22:58.228+0000][1][safepoint    ] Safepoint "Cleanup", Time since last: 1000724600 ns, Reaching safepoint: 449900 ns, At safepoint: 134400 ns, Total: 584300 ns
[2020-05-02T06:22:59.229+0000][1][safepoint    ] Safepoint "Cleanup", Time since last: 1000580000 ns, Reaching safepoint: 132100 ns, At safepoint: 31300 ns, Total: 163400 ns
[2020-05-02T06:23:00.230+0000][1][safepoint    ] Safepoint "Cleanup", Time since last: 1000346200 ns, Reaching safepoint: 448200 ns, At safepoint: 131200 ns, Total: 579400 ns
[2020-05-02T06:23:01.231+0000][1][safepoint    ] Safepoint "Cleanup", Time since last: 1000778600 ns, Reaching safepoint: 452500 ns, At safepoint: 134300 ns, Total: 586800 ns
[2020-05-02T06:23:02.232+0000][1][safepoint    ] Safepoint "Cleanup", Time since last: 1000792800 ns, Reaching safepoint: 138600 ns, At safepoint: 32300 ns, Total: 170900 ns
[2020-05-02T06:23:03.233+0000][1][safepoint    ] Safepoint "Cleanup", Time since last: 1000260000 ns, Reaching safepoint: 331100 ns, At safepoint: 90600 ns, Total: 421700 ns
[2020-05-02T06:23:04.234+0000][1][safepoint    ] Safepoint "Cleanup", Time since last: 1000656200 ns, Reaching safepoint: 451900 ns, At safepoint: 134300 ns, Total: 586200 ns
[2020-05-02T06:23:05.235+0000][1][safepoint    ] Safepoint "Cleanup", Time since last: 1000427100 ns, Reaching safepoint: 321400 ns, At safepoint: 79700 ns, Total: 401100 ns
[2020-05-02T06:23:06.236+0000][1][safepoint    ] Safepoint "Cleanup", Time since last: 1000738000 ns, Reaching safepoint: 420100 ns, At safepoint: 135500 ns, Total: 555600 ns
[2020-05-02T06:23:07.238+0000][1][safepoint    ] Safepoint "Cleanup", Time since last: 1000895100 ns, Reaching safepoint: 449400 ns, At safepoint: 136900 ns, Total: 586300 ns
[2020-05-02T06:23:08.239+0000][1][safepoint    ] Safepoint "Cleanup", Time since last: 1000726800 ns, Reaching safepoint: 450900 ns, At safepoint: 134900 ns, Total: 585800 ns
[2020-05-02T06:23:09.240+0000][1][safepoint    ] Safepoint "Cleanup", Time since last: 1000476700 ns, Reaching safepoint: 452200 ns, At safepoint: 135500 ns, Total: 587700 ns
[2020-05-02T06:23:10.241+0000][1][safepoint    ] Safepoint "Cleanup", Time since last: 1000395100 ns, Reaching safepoint: 181200 ns, At safepoint: 34900 ns, Total: 216100 ns
[2020-05-02T06:23:11.242+0000][1][safepoint    ] Safepoint "Cleanup", Time since last: 1000697000 ns, Reaching safepoint: 506800 ns, At safepoint: 145900 ns, Total: 652700 ns
[2020-05-02T06:23:12.242+0000][1][safepoint    ] Safepoint "Cleanup", Time since last: 1000351600 ns, Reaching safepoint: 133600 ns, At safepoint: 32700 ns, Total: 166300 ns
[2020-05-02T06:23:13.243+0000][1][safepoint    ] Safepoint "Cleanup", Time since last: 1000390400 ns, Reaching safepoint: 518900 ns, At safepoint: 134800 ns, Total: 653700 ns
[2020-05-02T06:23:14.244+0000][1][safepoint    ] Safepoint "Cleanup", Time since last: 1000716200 ns, Reaching safepoint: 152600 ns, At safepoint: 51300 ns, Total: 203900 ns
[2020-05-02T06:23:15.245+0000][1][safepoint    ] Safepoint "Cleanup", Time since last: 1000517300 ns, Reaching safepoint: 275400 ns, At safepoint: 79100 ns, Total: 354500 ns
[2020-05-02T06:23:16.246+0000][1][safepoint    ] Safepoint "Cleanup", Time since last: 1000291100 ns, Reaching safepoint: 217300 ns, At safepoint: 49800 ns, Total: 267100 ns
[2020-05-02T06:23:17.246+0000][1][safepoint    ] Safepoint "Cleanup", Time since last: 1000290600 ns, Reaching safepoint: 364300 ns, At safepoint: 71000 ns, Total: 435300 ns
[2020-05-02T06:23:18.247+0000][1][safepoint    ] Safepoint "Cleanup", Time since last: 1000280200 ns, Reaching safepoint: 200900 ns, At safepoint: 47100 ns, Total: 248000 ns
[2020-05-02T06:23:19.248+0000][1][safepoint    ] Safepoint "Cleanup", Time since last: 1000565100 ns, Reaching safepoint: 144900 ns, At safepoint: 35400 ns, Total: 180300 ns
[2020-05-02T06:23:20.249+0000][1][safepoint    ] Safepoint "Cleanup", Time since last: 1000525700 ns, Reaching safepoint: 218900 ns, At safepoint: 58900 ns, Total: 277800 ns
[2020-05-02T06:23:21.250+0000][1][safepoint    ] Safepoint "Cleanup", Time since last: 1000436100 ns, Reaching safepoint: 463600 ns, At safepoint: 146900 ns, Total: 610500 ns
[2020-05-02T06:23:22.250+0000][1][safepoint    ] Safepoint "Cleanup", Time since last: 1000483200 ns, Reaching safepoint: 158400 ns, At safepoint: 28200 ns, Total: 186600 ns
[2020-05-02T06:23:23.251+0000][1][safepoint    ] Safepoint "Cleanup", Time since last: 1000190700 ns, Reaching safepoint: 133500 ns, At safepoint: 31400 ns, Total: 164900 ns
[2020-05-02T06:23:24.252+0000][1][safepoint    ] Safepoint "Cleanup", Time since last: 1000353400 ns, Reaching safepoint: 737700 ns, At safepoint: 199000 ns, Total: 936700 ns
[2020-05-02T06:23:25.253+0000][1][safepoint    ] Safepoint "Cleanup", Time since last: 1000724300 ns, Reaching safepoint: 259600 ns, At safepoint: 66200 ns, Total: 325800 ns
[2020-05-02T06:23:26.255+0000][1][safepoint    ] Safepoint "Cleanup", Time since last: 1000738000 ns, Reaching safepoint: 452700 ns, At safepoint: 463800 ns, Total: 916500 ns
[2020-05-02T06:23:27.256+0000][1][safepoint    ] Safepoint "Cleanup", Time since last: 1000528700 ns, Reaching safepoint: 533500 ns, At safepoint: 126000 ns, Total: 659500 ns
[2020-05-02T06:23:28.734+0000][1][safepoint    ] Safepoint "Cleanup", Time since last: 1477658100 ns, Reaching safepoint: 517600 ns, At safepoint: 131900 ns, Total: 649500 ns
[2020-05-02T06:23:29.735+0000][1][safepoint    ] Safepoint "Cleanup", Time since last: 1000659400 ns, Reaching safepoint: 132000 ns, At safepoint: 32400 ns, Total: 164400 ns
[2020-05-02T06:23:30.736+0000][1][safepoint    ] Safepoint "Cleanup", Time since last: 1000705900 ns, Reaching safepoint: 519500 ns, At safepoint: 170200 ns, Total: 689700 ns
[2020-05-02T06:23:31.738+0000][1][safepoint    ] Safepoint "Cleanup", Time since last: 1000868700 ns, Reaching safepoint: 450800 ns, At safepoint: 134800 ns, Total: 585600 ns
[2020-05-02T06:23:32.739+0000][1][safepoint    ] Safepoint "Cleanup", Time since last: 1000460900 ns, Reaching safepoint: 516700 ns, At safepoint: 258500 ns, Total: 775200 ns
[2020-05-02T06:23:33.740+0000][1][safepoint    ] Safepoint "Cleanup", Time since last: 1000629600 ns, Reaching safepoint: 514500 ns, At safepoint: 130300 ns, Total: 644800 ns
[2020-05-02T06:23:34.742+0000][1][safepoint    ] Safepoint "Cleanup", Time since last: 1000829700 ns, Reaching safepoint: 450800 ns, At safepoint: 136500 ns, Total: 587300 ns
[2020-05-02T06:23:35.743+0000][1][safepoint    ] Safepoint "Cleanup", Time since last: 1000782000 ns, Reaching safepoint: 451700 ns, At safepoint: 133700 ns, Total: 585400 ns
[2020-05-02T06:23:36.744+0000][1][safepoint    ] Safepoint "Cleanup", Time since last: 1000549100 ns, Reaching safepoint: 455400 ns, At safepoint: 174300 ns, Total: 629700 ns
[2020-05-02T06:23:37.745+0000][1][safepoint    ] Safepoint "Cleanup", Time since last: 1000498200 ns, Reaching safepoint: 161800 ns, At safepoint: 33600 ns, Total: 195400 ns
[2020-05-02T06:23:38.745+0000][1][safepoint    ] Safepoint "Cleanup", Time since last: 1000185900 ns, Reaching safepoint: 132400 ns, At safepoint: 27100 ns, Total: 159500 ns
[2020-05-02T06:23:39.746+0000][1][safepoint    ] Safepoint "Cleanup", Time since last: 1000543400 ns, Reaching safepoint: 450200 ns, At safepoint: 135700 ns, Total: 585900 ns
[2020-05-02T06:23:40.748+0000][1][safepoint    ] Safepoint "Cleanup", Time since last: 1000722500 ns, Reaching safepoint: 451500 ns, At safepoint: 135800 ns, Total: 587300 ns
[2020-05-02T06:23:41.748+0000][1][safepoint    ] Safepoint "Cleanup", Time since last: 1000370800 ns, Reaching safepoint: 210300 ns, At safepoint: 70500 ns, Total: 280800 ns
[2020-05-02T06:23:42.749+0000][1][safepoint    ] Safepoint "Cleanup", Time since last: 1000353900 ns, Reaching safepoint: 300800 ns, At safepoint: 83600 ns, Total: 384400 ns
[2020-05-02T06:23:43.750+0000][1][safepoint    ] Safepoint "Cleanup", Time since last: 1000406000 ns, Reaching safepoint: 250400 ns, At safepoint: 81100 ns, Total: 331500 ns
[2020-05-02T06:23:44.750+0000][1][safepoint    ] Safepoint "Cleanup", Time since last: 1000255800 ns, Reaching safepoint: 129400 ns, At safepoint: 30900 ns, Total: 160300 ns
[2020-05-02T06:23:45.751+0000][1][safepoint    ] Safepoint "Cleanup", Time since last: 1000340900 ns, Reaching safepoint: 490800 ns, At safepoint: 139800 ns, Total: 630600 ns
[2020-05-02T06:23:46.753+0000][1][safepoint    ] Safepoint "Cleanup", Time since last: 1000831000 ns, Reaching safepoint: 420000 ns, At safepoint: 130400 ns, Total: 550400 ns
[2020-05-02T06:23:47.754+0000][1][safepoint    ] Safepoint "Cleanup", Time since last: 1000447200 ns, Reaching safepoint: 641900 ns, At safepoint: 122400 ns, Total: 764300 ns
[2020-05-02T06:23:48.754+0000][1][safepoint    ] Safepoint "Cleanup", Time since last: 1000262200 ns, Reaching safepoint: 132600 ns, At safepoint: 27400 ns, Total: 160000 ns
[2020-05-02T06:23:49.755+0000][1][safepoint    ] Safepoint "Cleanup", Time since last: 1000408400 ns, Reaching safepoint: 521000 ns, At safepoint: 136100 ns, Total: 657100 ns
[2020-05-02T06:23:50.756+0000][1][safepoint    ] Safepoint "Cleanup", Time since last: 1000337900 ns, Reaching safepoint: 154100 ns, At safepoint: 38000 ns, Total: 192100 ns
[2020-05-02T06:23:51.756+0000][1][safepoint    ] Safepoint "Cleanup", Time since last: 1000279400 ns, Reaching safepoint: 132400 ns, At safepoint: 28700 ns, Total: 161100 ns
[2020-05-02T06:23:52.757+0000][1][safepoint    ] Safepoint "Cleanup", Time since last: 1000172600 ns, Reaching safepoint: 139300 ns, At safepoint: 42600 ns, Total: 181900 ns
[2020-05-02T06:23:53.757+0000][1][safepoint    ] Safepoint "Cleanup", Time since last: 1000157800 ns, Reaching safepoint: 128600 ns, At safepoint: 27400 ns, Total: 156000 ns
[2020-05-02T06:23:54.757+0000][1][safepoint    ] Safepoint "Cleanup", Time since last: 1000212300 ns, Reaching safepoint: 146100 ns, At safepoint: 30800 ns, Total: 176900 ns
[2020-05-02T06:23:55.758+0000][1][safepoint    ] Safepoint "Cleanup", Time since last: 1000354500 ns, Reaching safepoint: 125900 ns, At safepoint: 26800 ns, Total: 152700 ns
[2020-05-02T06:23:56.759+0000][1][safepoint    ] Safepoint "Cleanup", Time since last: 1000259000 ns, Reaching safepoint: 542200 ns, At safepoint: 124000 ns, Total: 666200 ns
[2020-05-02T06:23:57.760+0000][1][safepoint    ] Safepoint "Cleanup", Time since last: 1000409800 ns, Reaching safepoint: 262500 ns, At safepoint: 78400 ns, Total: 340900 ns
[2020-05-02T06:23:58.761+0000][1][safepoint    ] Safepoint "Cleanup", Time since last: 1000389500 ns, Reaching safepoint: 450000 ns, At safepoint: 133300 ns, Total: 583300 ns
[2020-05-02T06:23:59.762+0000][1][safepoint    ] Safepoint "Cleanup", Time since last: 1000707100 ns, Reaching safepoint: 311400 ns, At safepoint: 73500 ns, Total: 384900 ns
[2020-05-02T06:24:00.763+0000][1][safepoint    ] Safepoint "Cleanup", Time since last: 1000376000 ns, Reaching safepoint: 566400 ns, At safepoint: 126700 ns, Total: 693100 ns
[2020-05-02T06:24:01.763+0000][1][safepoint    ] Safepoint "Cleanup", Time since last: 1000380300 ns, Reaching safepoint: 132400 ns, At safepoint: 27500 ns, Total: 159900 ns
[2020-05-02T06:24:02.764+0000][1][safepoint    ] Safepoint "Cleanup", Time since last: 1000495700 ns, Reaching safepoint: 144000 ns, At safepoint: 29100 ns, Total: 173100 ns
[2020-05-02T06:24:03.764+0000][1][safepoint    ] Safepoint "Cleanup", Time since last: 1000209400 ns, Reaching safepoint: 136000 ns, At safepoint: 29500 ns, Total: 165500 ns
[2020-05-02T06:24:04.765+0000][1][safepoint    ] Safepoint "Cleanup", Time since last: 1000370000 ns, Reaching safepoint: 137700 ns, At safepoint: 31100 ns, Total: 168800 ns
[2020-05-02T06:24:05.765+0000][1][safepoint    ] Safepoint "Cleanup", Time since last: 1000145300 ns, Reaching safepoint: 147000 ns, At safepoint: 35400 ns, Total: 182400 ns
[2020-05-02T06:24:06.766+0000][1][safepoint    ] Safepoint "Cleanup", Time since last: 1000514000 ns, Reaching safepoint: 142700 ns, At safepoint: 33400 ns, Total: 176100 ns
[2020-05-02T06:24:08.752+0000][1][safepoint    ] Safepoint "Cleanup", Time since last: 1985961400 ns, Reaching safepoint: 169800 ns, At safepoint: 40200 ns, Total: 210000 ns
[2020-05-02T06:24:09.752+0000][1][safepoint    ] Safepoint "Cleanup", Time since last: 1000215500 ns, Reaching safepoint: 153700 ns, At safepoint: 39100 ns, Total: 192800 ns
[2020-05-02T06:24:10.753+0000][1][safepoint    ] Safepoint "Cleanup", Time since last: 1000195200 ns, Reaching safepoint: 144900 ns, At safepoint: 27000 ns, Total: 171900 ns
[2020-05-02T06:24:11.754+0000][1][safepoint    ] Safepoint "Cleanup", Time since last: 1000342200 ns, Reaching safepoint: 528300 ns, At safepoint: 128200 ns, Total: 656500 ns
[2020-05-02T06:24:12.754+0000][1][safepoint    ] Safepoint "Cleanup", Time since last: 1000319100 ns, Reaching safepoint: 128500 ns, At safepoint: 27500 ns, Total: 156000 ns
[2020-05-02T06:24:13.755+0000][1][safepoint    ] Safepoint "Cleanup", Time since last: 1000227200 ns, Reaching safepoint: 143400 ns, At safepoint: 31400 ns, Total: 174800 ns
[2020-05-02T06:24:14.755+0000][1][safepoint    ] Safepoint "Cleanup", Time since last: 1000179600 ns, Reaching safepoint: 138600 ns, At safepoint: 30700 ns, Total: 169300 ns
[2020-05-02T06:24:15.756+0000][1][safepoint    ] Safepoint "Cleanup", Time since last: 1000238800 ns, Reaching safepoint: 239800 ns, At safepoint: 63300 ns, Total: 303100 ns
[2020-05-02T06:24:16.756+0000][1][safepoint    ] Safepoint "Cleanup", Time since last: 1000217400 ns, Reaching safepoint: 152000 ns, At safepoint: 31900 ns, Total: 183900 ns
[2020-05-02T06:24:17.756+0000][1][safepoint    ] Safepoint "Cleanup", Time since last: 1000165400 ns, Reaching safepoint: 175700 ns, At safepoint: 25900 ns, Total: 201600 ns
[2020-05-02T06:24:18.757+0000][1][safepoint    ] Safepoint "Cleanup", Time since last: 1000497000 ns, Reaching safepoint: 134900 ns, At safepoint: 32400 ns, Total: 167300 ns
[2020-05-02T06:24:19.757+0000][1][safepoint    ] Safepoint "Cleanup", Time since last: 1000349700 ns, Reaching safepoint: 134300 ns, At safepoint: 28600 ns, Total: 162900 ns
[2020-05-02T06:24:20.758+0000][1][safepoint    ] Safepoint "Cleanup", Time since last: 1000496600 ns, Reaching safepoint: 160700 ns, At safepoint: 33700 ns, Total: 194400 ns
[2020-05-02T06:24:21.759+0000][1][safepoint    ] Safepoint "Cleanup", Time since last: 1000199400 ns, Reaching safepoint: 148900 ns, At safepoint: 33400 ns, Total: 182300 ns
[2020-05-02T06:24:22.759+0000][1][safepoint    ] Safepoint "Cleanup", Time since last: 1000144300 ns, Reaching safepoint: 190200 ns, At safepoint: 25700 ns, Total: 215900 ns
[2020-05-02T06:24:23.760+0000][1][safepoint    ] Safepoint "Cleanup", Time since last: 1000318700 ns, Reaching safepoint: 395800 ns, At safepoint: 102100 ns, Total: 497900 ns
[2020-05-02T06:24:24.760+0000][1][safepoint    ] Safepoint "Cleanup", Time since last: 1000357800 ns, Reaching safepoint: 277500 ns, At safepoint: 99900 ns, Total: 377400 ns
[2020-05-02T06:24:25.762+0000][1][safepoint    ] Safepoint "Cleanup", Time since last: 1000610700 ns, Reaching safepoint: 514200 ns, At safepoint: 130900 ns, Total: 645100 ns
[2020-05-02T06:24:26.762+0000][1][safepoint    ] Safepoint "Cleanup", Time since last: 1000310200 ns, Reaching safepoint: 137400 ns, At safepoint: 30400 ns, Total: 167800 ns
[2020-05-02T06:24:27.763+0000][1][safepoint    ] Safepoint "Cleanup", Time since last: 1000190600 ns, Reaching safepoint: 126900 ns, At safepoint: 26100 ns, Total: 153000 ns
[2020-05-02T06:24:28.763+0000][1][safepoint    ] Safepoint "Cleanup", Time since last: 1000192000 ns, Reaching safepoint: 168500 ns, At safepoint: 53400 ns, Total: 221900 ns
[2020-05-02T06:24:29.764+0000][1][safepoint    ] Safepoint "Cleanup", Time since last: 1000339700 ns, Reaching safepoint: 364200 ns, At safepoint: 29500 ns, Total: 393700 ns
[2020-05-02T06:24:30.764+0000][1][safepoint    ] Safepoint "Cleanup", Time since last: 1000175000 ns, Reaching safepoint: 133200 ns, At safepoint: 26500 ns, Total: 159700 ns
[2020-05-02T06:24:31.765+0000][1][safepoint    ] Safepoint "Cleanup", Time since last: 1000343100 ns, Reaching safepoint: 482500 ns, At safepoint: 130600 ns, Total: 613100 ns
[2020-05-02T06:24:32.766+0000][1][safepoint    ] Safepoint "Cleanup", Time since last: 1000500900 ns, Reaching safepoint: 632000 ns, At safepoint: 239300 ns, Total: 871300 ns
[2020-05-02T06:24:33.767+0000][1][safepoint    ] Safepoint "Cleanup", Time since last: 1000257200 ns, Reaching safepoint: 144200 ns, At safepoint: 31700 ns, Total: 175900 ns
[2020-05-02T06:24:34.768+0000][1][safepoint    ] Safepoint "Cleanup", Time since last: 1000321500 ns, Reaching safepoint: 465400 ns, At safepoint: 135000 ns, Total: 600400 ns
[2020-05-02T06:24:35.769+0000][1][safepoint    ] Safepoint "Cleanup", Time since last: 1000513200 ns, Reaching safepoint: 393700 ns, At safepoint: 130700 ns, Total: 524400 ns
[2020-05-02T06:24:36.770+0000][1][safepoint    ] Safepoint "Cleanup", Time since last: 1000616800 ns, Reaching safepoint: 132700 ns, At safepoint: 48500 ns, Total: 181200 ns
[2020-05-02T06:24:37.771+0000][1][safepoint    ] Safepoint "Cleanup", Time since last: 1000486800 ns, Reaching safepoint: 416300 ns, At safepoint: 133700 ns, Total: 550000 ns
[2020-05-02T06:24:38.771+0000][1][safepoint    ] Safepoint "Cleanup", Time since last: 1000348000 ns, Reaching safepoint: 258400 ns, At safepoint: 48200 ns, Total: 306600 ns
[2020-05-02T06:24:39.772+0000][1][safepoint    ] Safepoint "Cleanup", Time since last: 1000212200 ns, Reaching safepoint: 127100 ns, At safepoint: 27800 ns, Total: 154900 ns
[2020-05-02T06:24:40.773+0000][1][safepoint    ] Safepoint "Cleanup", Time since last: 1000426600 ns, Reaching safepoint: 525800 ns, At safepoint: 200100 ns, Total: 725900 ns
[2020-05-02T06:24:42.310+0000][1][safepoint    ] Safepoint "Cleanup", Time since last: 1537272600 ns, Reaching safepoint: 129300 ns, At safepoint: 26700 ns, Total: 156000 ns
[2020-05-02T06:24:43.312+0000][1][safepoint    ] Safepoint "Cleanup", Time since last: 1000690900 ns, Reaching safepoint: 710600 ns, At safepoint: 148000 ns, Total: 858600 ns
[2020-05-02T06:24:44.313+0000][1][safepoint    ] Safepoint "Cleanup", Time since last: 1000913300 ns, Reaching safepoint: 395000 ns, At safepoint: 122700 ns, Total: 517700 ns
[2020-05-02T06:24:45.314+0000][1][safepoint    ] Safepoint "Cleanup", Time since last: 1000590100 ns, Reaching safepoint: 145200 ns, At safepoint: 36000 ns, Total: 181200 ns
[2020-05-02T06:24:46.315+0000][1][safepoint    ] Safepoint "Cleanup", Time since last: 1000453900 ns, Reaching safepoint: 426500 ns, At safepoint: 136700 ns, Total: 563200 ns
[2020-05-02T06:24:47.316+0000][1][safepoint    ] Safepoint "Cleanup", Time since last: 1000649700 ns, Reaching safepoint: 519200 ns, At safepoint: 131500 ns, Total: 650700 ns
[2020-05-02T06:24:48.317+0000][1][safepoint    ] Safepoint "Cleanup", Time since last: 1000754600 ns, Reaching safepoint: 230900 ns, At safepoint: 55600 ns, Total: 286500 ns
[2020-05-02T06:24:49.318+0000][1][safepoint    ] Safepoint "Cleanup", Time since last: 1000281500 ns, Reaching safepoint: 620200 ns, At safepoint: 122500 ns, Total: 742700 ns
[2020-05-02T06:24:50.319+0000][1][safepoint    ] Safepoint "Cleanup", Time since last: 1000834200 ns, Reaching safepoint: 149200 ns, At safepoint: 37200 ns, Total: 186400 ns
[2020-05-02T06:24:51.321+0000][1][safepoint    ] Safepoint "Cleanup", Time since last: 1000822400 ns, Reaching safepoint: 456800 ns, At safepoint: 142100 ns, Total: 598900 ns
[2020-05-02T06:24:52.322+0000][1][safepoint    ] Safepoint "Cleanup", Time since last: 1000459600 ns, Reaching safepoint: 453700 ns, At safepoint: 140300 ns, Total: 594000 ns
[2020-05-02T06:24:53.323+0000][1][safepoint    ] Safepoint "Cleanup", Time since last: 1000514700 ns, Reaching safepoint: 463500 ns, At safepoint: 130500 ns, Total: 594000 ns
[2020-05-02T06:24:54.324+0000][1][safepoint    ] Safepoint "Cleanup", Time since last: 1000624900 ns, Reaching safepoint: 187900 ns, At safepoint: 49600 ns, Total: 237500 ns
[2020-05-02T06:24:55.325+0000][1][safepoint    ] Safepoint "Cleanup", Time since last: 1000641100 ns, Reaching safepoint: 250100 ns, At safepoint: 71900 ns, Total: 322000 ns
[2020-05-02T06:24:56.326+0000][1][safepoint    ] Safepoint "Cleanup", Time since last: 1000625000 ns, Reaching safepoint: 427600 ns, At safepoint: 133100 ns, Total: 560700 ns
[2020-05-02T06:24:57.327+0000][1][safepoint    ] Safepoint "Cleanup", Time since last: 1000664000 ns, Reaching safepoint: 449200 ns, At safepoint: 132100 ns, Total: 581300 ns
[2020-05-02T06:24:58.329+0000][1][safepoint    ] Safepoint "Cleanup", Time since last: 1000858900 ns, Reaching safepoint: 484200 ns, At safepoint: 131400 ns, Total: 615600 ns
[2020-05-02T06:24:59.330+0000][1][safepoint    ] Safepoint "Cleanup", Time since last: 1000882700 ns, Reaching safepoint: 444600 ns, At safepoint: 141300 ns, Total: 585900 ns
[2020-05-02T06:25:00.332+0000][1][safepoint    ] Safepoint "Cleanup", Time since last: 1000907700 ns, Reaching safepoint: 428200 ns, At safepoint: 137100 ns, Total: 565300 ns
[2020-05-02T06:25:01.333+0000][1][safepoint    ] Safepoint "Cleanup", Time since last: 1000654000 ns, Reaching safepoint: 509900 ns, At safepoint: 133300 ns, Total: 643200 ns
[2020-05-02T06:25:02.335+0000][1][safepoint    ] Safepoint "Cleanup", Time since last: 1000789800 ns, Reaching safepoint: 976800 ns, At safepoint: 147500 ns, Total: 1124300 ns
[2020-05-02T06:25:03.335+0000][1][safepoint    ] Safepoint "Cleanup", Time since last: 1000365500 ns, Reaching safepoint: 211900 ns, At safepoint: 69400 ns, Total: 281300 ns
[2020-05-02T06:25:04.337+0000][1][safepoint    ] Safepoint "Cleanup", Time since last: 1000582800 ns, Reaching safepoint: 428000 ns, At safepoint: 131100 ns, Total: 559100 ns
[2020-05-02T06:25:05.337+0000][1][safepoint    ] Safepoint "Cleanup", Time since last: 1000630200 ns, Reaching safepoint: 153300 ns, At safepoint: 38400 ns, Total: 191700 ns
[2020-05-02T06:25:06.339+0000][1][safepoint    ] Safepoint "Cleanup", Time since last: 1000581400 ns, Reaching safepoint: 428500 ns, At safepoint: 132200 ns, Total: 560700 ns
[2020-05-02T06:25:07.340+0000][1][safepoint    ] Safepoint "Cleanup", Time since last: 1000727600 ns, Reaching safepoint: 322800 ns, At safepoint: 97000 ns, Total: 419800 ns
[2020-05-02T06:25:08.341+0000][1][safepoint    ] Safepoint "Cleanup", Time since last: 1000550400 ns, Reaching safepoint: 427800 ns, At safepoint: 130800 ns, Total: 558600 ns
[2020-05-02T06:25:09.342+0000][1][safepoint    ] Safepoint "Cleanup", Time since last: 1000768600 ns, Reaching safepoint: 439400 ns, At safepoint: 114000 ns, Total: 553400 ns
[2020-05-02T06:25:10.343+0000][1][safepoint    ] Safepoint "Cleanup", Time since last: 1000413100 ns, Reaching safepoint: 455300 ns, At safepoint: 140100 ns, Total: 595400 ns
[2020-05-02T06:25:11.344+0000][1][safepoint    ] Safepoint "Cleanup", Time since last: 1000562800 ns, Reaching safepoint: 437100 ns, At safepoint: 183700 ns, Total: 620800 ns
[2020-05-02T06:25:12.345+0000][1][safepoint    ] Safepoint "Cleanup", Time since last: 1000523600 ns, Reaching safepoint: 418200 ns, At safepoint: 136900 ns, Total: 555100 ns
[2020-05-02T06:25:13.346+0000][1][safepoint    ] Safepoint "Cleanup", Time since last: 1000684400 ns, Reaching safepoint: 236300 ns, At safepoint: 42700 ns, Total: 279000 ns
[2020-05-02T06:25:14.347+0000][1][safepoint    ] Safepoint "Cleanup", Time since last: 1000606300 ns, Reaching safepoint: 161700 ns, At safepoint: 43200 ns, Total: 204900 ns
[2020-05-02T06:25:15.348+0000][1][safepoint    ] Safepoint "Cleanup", Time since last: 1000292800 ns, Reaching safepoint: 133100 ns, At safepoint: 31500 ns, Total: 164600 ns
[2020-05-02T06:25:16.349+0000][1][safepoint    ] Safepoint "Cleanup", Time since last: 1000352900 ns, Reaching safepoint: 511900 ns, At safepoint: 131200 ns, Total: 643100 ns
[2020-05-02T06:25:17.350+0000][1][safepoint    ] Safepoint "Cleanup", Time since last: 1000513200 ns, Reaching safepoint: 514600 ns, At safepoint: 136200 ns, Total: 650800 ns
[2020-05-02T06:25:18.351+0000][1][safepoint    ] Safepoint "Cleanup", Time since last: 1000770400 ns, Reaching safepoint: 428800 ns, At safepoint: 132800 ns, Total: 561600 ns
[2020-05-02T06:25:19.352+0000][1][safepoint    ] Safepoint "Cleanup", Time since last: 1000508300 ns, Reaching safepoint: 429500 ns, At safepoint: 133100 ns, Total: 562600 ns
[2020-05-02T06:25:20.341+0000][1][gc,start     ] GC(58) Pause Young (Allocation Failure)
[2020-05-02T06:25:20.341+0000][1][gc,task      ] GC(58) Using 10 workers of 10 for evacuation
[2020-05-02T06:25:20.344+0000][1][gc,age       ] GC(58) Desired survivor size 8945664 bytes, new threshold 6 (max threshold 6)
[2020-05-02T06:25:20.344+0000][1][gc,age       ] GC(58) Age table with threshold 6 (max threshold 6)
[2020-05-02T06:25:20.344+0000][1][gc,age       ] GC(58) - age   1:      54568 bytes,      54568 total
[2020-05-02T06:25:20.344+0000][1][gc,age       ] GC(58) - age   2:        720 bytes,      55288 total
[2020-05-02T06:25:20.344+0000][1][gc,age       ] GC(58) - age   3:         72 bytes,      55360 total
[2020-05-02T06:25:20.344+0000][1][gc,age       ] GC(58) - age   4:       1072 bytes,      56432 total
[2020-05-02T06:25:20.344+0000][1][gc,age       ] GC(58) - age   5:       4136 bytes,      60568 total
[2020-05-02T06:25:20.344+0000][1][gc,age       ] GC(58) - age   6:       1352 bytes,      61920 total
[2020-05-02T06:25:20.344+0000][1][gc,heap      ] GC(58) ParNew: 139943K->113K(157248K)
[2020-05-02T06:25:20.344+0000][1][gc,heap      ] GC(58) CMS: 82466K->82470K(349568K)
[2020-05-02T06:25:20.344+0000][1][gc,metaspace ] GC(58) Metaspace: 97593K->97593K(1138688K)
[2020-05-02T06:25:20.344+0000][1][gc           ] GC(58) Pause Young (Allocation Failure) 217M->80M(494M) 2.957ms
[2020-05-02T06:25:20.344+0000][1][gc,cpu       ] GC(58) User=0.01s Sys=0.00s Real=0.00s
[2020-05-02T06:25:20.344+0000][1][safepoint    ] Safepoint "GenCollectForAllocation", Time since last: 988480800 ns, Reaching safepoint: 161400 ns, At safepoint: 3056700 ns, Total: 3218100 ns
[2020-05-02T06:25:21.344+0000][1][safepoint    ] Safepoint "Cleanup", Time since last: 1000252900 ns, Reaching safepoint: 149600 ns, At safepoint: 41700 ns, Total: 191300 ns
[2020-05-02T06:25:22.345+0000][1][safepoint    ] Safepoint "Cleanup", Time since last: 1000326100 ns, Reaching safepoint: 125500 ns, At safepoint: 40000 ns, Total: 165500 ns
[2020-05-02T06:25:23.346+0000][1][safepoint    ] Safepoint "Cleanup", Time since last: 1000367400 ns, Reaching safepoint: 716700 ns, At safepoint: 265700 ns, Total: 982400 ns
[2020-05-02T06:25:25.268+0000][1][safepoint    ] Safepoint "Cleanup", Time since last: 1921955200 ns, Reaching safepoint: 201300 ns, At safepoint: 45100 ns, Total: 246400 ns
[2020-05-02T06:25:26.269+0000][1][safepoint    ] Safepoint "Cleanup", Time since last: 1000457500 ns, Reaching safepoint: 201600 ns, At safepoint: 46200 ns, Total: 247800 ns
[2020-05-02T06:25:27.270+0000][1][safepoint    ] Safepoint "Cleanup", Time since last: 1000584600 ns, Reaching safepoint: 150600 ns, At safepoint: 37900 ns, Total: 188500 ns
[2020-05-02T06:25:28.271+0000][1][safepoint    ] Safepoint "Cleanup", Time since last: 1000613500 ns, Reaching safepoint: 277200 ns, At safepoint: 99300 ns, Total: 376500 ns
[2020-05-02T06:25:29.272+0000][1][safepoint    ] Safepoint "Cleanup", Time since last: 1000578000 ns, Reaching safepoint: 136300 ns, At safepoint: 34900 ns, Total: 171200 ns
[2020-05-02T06:25:30.272+0000][1][safepoint    ] Safepoint "Cleanup", Time since last: 1000303300 ns, Reaching safepoint: 135700 ns, At safepoint: 33700 ns, Total: 169400 ns
[2020-05-02T06:25:31.272+0000][1][safepoint    ] Safepoint "Cleanup", Time since last: 1000204600 ns, Reaching safepoint: 155800 ns, At safepoint: 31500 ns, Total: 187300 ns
[2020-05-02T06:25:32.274+0000][1][safepoint    ] Safepoint "Cleanup", Time since last: 1000559400 ns, Reaching safepoint: 579800 ns, At safepoint: 133200 ns, Total: 713000 ns
[2020-05-02T06:25:33.275+0000][1][safepoint    ] Safepoint "Cleanup", Time since last: 1000483200 ns, Reaching safepoint: 420400 ns, At safepoint: 96100 ns, Total: 516500 ns
[2020-05-02T06:25:34.276+0000][1][safepoint    ] Safepoint "Cleanup", Time since last: 1000910000 ns, Reaching safepoint: 513700 ns, At safepoint: 138600 ns, Total: 652300 ns
[2020-05-02T06:25:35.278+0000][1][safepoint    ] Safepoint "Cleanup", Time since last: 1000575700 ns, Reaching safepoint: 419400 ns, At safepoint: 192000 ns, Total: 611400 ns
[2020-05-02T06:25:36.279+0000][1][safepoint    ] Safepoint "Cleanup", Time since last: 1000867200 ns, Reaching safepoint: 418200 ns, At safepoint: 132900 ns, Total: 551100 ns
[2020-05-02T06:25:37.280+0000][1][safepoint    ] Safepoint "Cleanup", Time since last: 1000513600 ns, Reaching safepoint: 499200 ns, At safepoint: 126800 ns, Total: 626000 ns
[2020-05-02T06:25:38.282+0000][1][safepoint    ] Safepoint "Cleanup", Time since last: 1000779300 ns, Reaching safepoint: 588900 ns, At safepoint: 139000 ns, Total: 727900 ns
[2020-05-02T06:25:39.282+0000][1][safepoint    ] Safepoint "Cleanup", Time since last: 1000653100 ns, Reaching safepoint: 212700 ns, At safepoint: 52100 ns, Total: 264800 ns
[2020-05-02T06:25:40.284+0000][1][safepoint    ] Safepoint "Cleanup", Time since last: 1000531800 ns, Reaching safepoint: 506500 ns, At safepoint: 131200 ns, Total: 637700 ns
[2020-05-02T06:25:41.285+0000][1][safepoint    ] Safepoint "Cleanup", Time since last: 1000688500 ns, Reaching safepoint: 490000 ns, At safepoint: 182300 ns, Total: 672300 ns
[2020-05-02T06:25:42.315+0000][1][safepoint    ] Safepoint "Cleanup", Time since last: 1029062100 ns, Reaching safepoint: 582400 ns, At safepoint: 142500 ns, Total: 724900 ns
[2020-05-02T06:25:43.316+0000][1][safepoint    ] Safepoint "Cleanup", Time since last: 1000795800 ns, Reaching safepoint: 430000 ns, At safepoint: 149000 ns, Total: 579000 ns
[2020-05-02T06:25:44.318+0000][1][safepoint    ] Safepoint "Cleanup", Time since last: 1001051100 ns, Reaching safepoint: 556000 ns, At safepoint: 130400 ns, Total: 686400 ns
[2020-05-02T06:25:45.319+0000][1][safepoint    ] Safepoint "Cleanup", Time since last: 1000639200 ns, Reaching safepoint: 505000 ns, At safepoint: 172500 ns, Total: 677500 ns
[2020-05-02T06:25:46.321+0000][1][safepoint    ] Safepoint "Cleanup", Time since last: 1000866500 ns, Reaching safepoint: 419300 ns, At safepoint: 137700 ns, Total: 557000 ns
[2020-05-02T06:25:47.322+0000][1][safepoint    ] Safepoint "Cleanup", Time since last: 1000719200 ns, Reaching safepoint: 501100 ns, At safepoint: 130700 ns, Total: 631800 ns
[2020-05-02T06:25:48.323+0000][1][safepoint    ] Safepoint "Cleanup", Time since last: 1000730700 ns, Reaching safepoint: 384300 ns, At safepoint: 120900 ns, Total: 505200 ns
[2020-05-02T06:25:49.324+0000][1][safepoint    ] Safepoint "Cleanup", Time since last: 1000378400 ns, Reaching safepoint: 490400 ns, At safepoint: 131300 ns, Total: 621700 ns
[2020-05-02T06:25:50.325+0000][1][safepoint    ] Safepoint "Cleanup", Time since last: 1000507800 ns, Reaching safepoint: 198500 ns, At safepoint: 54700 ns, Total: 253200 ns
[2020-05-02T06:25:51.326+0000][1][safepoint    ] Safepoint "Cleanup", Time since last: 1000819000 ns, Reaching safepoint: 419100 ns, At safepoint: 188400 ns, Total: 607500 ns
[2020-05-02T06:25:52.327+0000][1][safepoint    ] Safepoint "Cleanup", Time since last: 1000420400 ns, Reaching safepoint: 129900 ns, At safepoint: 26800 ns, Total: 156700 ns
[2020-05-02T06:25:53.328+0000][1][safepoint    ] Safepoint "Cleanup", Time since last: 1000515300 ns, Reaching safepoint: 216800 ns, At safepoint: 55700 ns, Total: 272500 ns
[2020-05-02T06:25:54.329+0000][1][safepoint    ] Safepoint "Cleanup", Time since last: 1000457300 ns, Reaching safepoint: 477100 ns, At safepoint: 155600 ns, Total: 632700 ns
[2020-05-02T06:25:55.330+0000][1][safepoint    ] Safepoint "Cleanup", Time since last: 1000867800 ns, Reaching safepoint: 418500 ns, At safepoint: 133600 ns, Total: 552100 ns
[2020-05-02T06:25:56.332+0000][1][safepoint    ] Safepoint "Cleanup", Time since last: 1000896100 ns, Reaching safepoint: 417200 ns, At safepoint: 132600 ns, Total: 549800 ns
[2020-05-02T06:25:57.333+0000][1][safepoint    ] Safepoint "Cleanup", Time since last: 1000575500 ns, Reaching safepoint: 509000 ns, At safepoint: 134700 ns, Total: 643700 ns
[2020-05-02T06:25:58.334+0000][1][safepoint    ] Safepoint "Cleanup", Time since last: 1000801600 ns, Reaching safepoint: 315000 ns, At safepoint: 102200 ns, Total: 417200 ns
[2020-05-02T06:25:59.336+0000][1][safepoint    ] Safepoint "Cleanup", Time since last: 1000837600 ns, Reaching safepoint: 416200 ns, At safepoint: 135100 ns, Total: 551300 ns
[2020-05-02T06:26:00.337+0000][1][safepoint    ] Safepoint "Cleanup", Time since last: 1000573500 ns, Reaching safepoint: 271800 ns, At safepoint: 67300 ns, Total: 339100 ns
[2020-05-02T06:26:01.337+0000][1][safepoint    ] Safepoint "Cleanup", Time since last: 1000505800 ns, Reaching safepoint: 192600 ns, At safepoint: 52700 ns, Total: 245300 ns
[2020-05-02T06:26:02.338+0000][1][safepoint    ] Safepoint "Cleanup", Time since last: 1000378700 ns, Reaching safepoint: 139100 ns, At safepoint: 28200 ns, Total: 167300 ns
[2020-05-02T06:26:03.338+0000][1][safepoint    ] Safepoint "Cleanup", Time since last: 1000402800 ns, Reaching safepoint: 132500 ns, At safepoint: 31000 ns, Total: 163500 ns
[2020-05-02T06:26:04.339+0000][1][safepoint    ] Safepoint "Cleanup", Time since last: 1000282700 ns, Reaching safepoint: 566600 ns, At safepoint: 133100 ns, Total: 699700 ns
[2020-05-02T06:26:05.341+0000][1][safepoint    ] Safepoint "Cleanup", Time since last: 1000518600 ns, Reaching safepoint: 518600 ns, At safepoint: 135500 ns, Total: 654100 ns
[2020-05-02T06:26:06.342+0000][1][safepoint    ] Safepoint "Cleanup", Time since last: 1000680500 ns, Reaching safepoint: 380100 ns, At safepoint: 94500 ns, Total: 474600 ns
[2020-05-02T06:26:07.342+0000][1][safepoint    ] Safepoint "Cleanup", Time since last: 1000371000 ns, Reaching safepoint: 257200 ns, At safepoint: 74900 ns, Total: 332100 ns
[2020-05-02T06:26:08.344+0000][1][safepoint    ] Safepoint "Cleanup", Time since last: 1000629300 ns, Reaching safepoint: 449100 ns, At safepoint: 138000 ns, Total: 587100 ns
[2020-05-02T06:26:09.344+0000][1][safepoint    ] Safepoint "Cleanup", Time since last: 1000637100 ns, Reaching safepoint: 160100 ns, At safepoint: 35900 ns, Total: 196000 ns
[2020-05-02T06:26:10.345+0000][1][safepoint    ] Safepoint "Cleanup", Time since last: 1000285200 ns, Reaching safepoint: 506100 ns, At safepoint: 129800 ns, Total: 635900 ns
[2020-05-02T06:26:11.346+0000][1][safepoint    ] Safepoint "Cleanup", Time since last: 1000302200 ns, Reaching safepoint: 144800 ns, At safepoint: 34300 ns, Total: 179100 ns
[2020-05-02T06:26:12.347+0000][1][safepoint    ] Safepoint "Cleanup", Time since last: 1000584600 ns, Reaching safepoint: 502700 ns, At safepoint: 134000 ns, Total: 636700 ns
[2020-05-02T06:26:13.349+0000][1][safepoint    ] Safepoint "Cleanup", Time since last: 1000823400 ns, Reaching safepoint: 619300 ns, At safepoint: 201500 ns, Total: 820800 ns
[2020-05-02T06:26:14.350+0000][1][safepoint    ] Safepoint "Cleanup", Time since last: 1001007100 ns, Reaching safepoint: 449800 ns, At safepoint: 137400 ns, Total: 587200 ns
[2020-05-02T06:26:15.352+0000][1][safepoint    ] Safepoint "Cleanup", Time since last: 1000790600 ns, Reaching safepoint: 447600 ns, At safepoint: 138400 ns, Total: 586000 ns
[2020-05-02T06:26:16.352+0000][1][safepoint    ] Safepoint "Cleanup", Time since last: 1000311900 ns, Reaching safepoint: 132500 ns, At safepoint: 28700 ns, Total: 161200 ns
[2020-05-02T06:26:17.352+0000][1][safepoint    ] Safepoint "Cleanup", Time since last: 1000169400 ns, Reaching safepoint: 153200 ns, At safepoint: 31500 ns, Total: 184700 ns
[2020-05-02T06:26:18.354+0000][1][safepoint    ] Safepoint "Cleanup", Time since last: 1000433400 ns, Reaching safepoint: 446600 ns, At safepoint: 148900 ns, Total: 595500 ns
[2020-05-02T06:26:19.355+0000][1][safepoint    ] Safepoint "Cleanup", Time since last: 1000603700 ns, Reaching safepoint: 452400 ns, At safepoint: 104400 ns, Total: 556800 ns
[2020-05-02T06:26:20.356+0000][1][safepoint    ] Safepoint "Cleanup", Time since last: 1000853300 ns, Reaching safepoint: 174100 ns, At safepoint: 47400 ns, Total: 221500 ns
[2020-05-02T06:26:21.357+0000][1][safepoint    ] Safepoint "Cleanup", Time since last: 1000497800 ns, Reaching safepoint: 446800 ns, At safepoint: 160500 ns, Total: 607300 ns
[2020-05-02T06:26:22.358+0000][1][safepoint    ] Safepoint "Cleanup", Time since last: 1000503500 ns, Reaching safepoint: 526600 ns, At safepoint: 130900 ns, Total: 657500 ns
[2020-05-02T06:26:23.359+0000][1][safepoint    ] Safepoint "Cleanup", Time since last: 1000791800 ns, Reaching safepoint: 512200 ns, At safepoint: 132500 ns, Total: 644700 ns
[2020-05-02T06:26:24.361+0000][1][safepoint    ] Safepoint "Cleanup", Time since last: 1000644600 ns, Reaching safepoint: 392500 ns, At safepoint: 116500 ns, Total: 509000 ns
[2020-05-02T06:26:25.362+0000][1][safepoint    ] Safepoint "Cleanup", Time since last: 1000748200 ns, Reaching safepoint: 449400 ns, At safepoint: 137300 ns, Total: 586700 ns
[2020-05-02T06:26:26.364+0000][1][safepoint    ] Safepoint "Cleanup", Time since last: 1000991900 ns, Reaching safepoint: 447500 ns, At safepoint: 141700 ns, Total: 589200 ns
[2020-05-02T06:26:27.365+0000][1][safepoint    ] Safepoint "Cleanup", Time since last: 1000419300 ns, Reaching safepoint: 641800 ns, At safepoint: 128800 ns, Total: 770600 ns
[2020-05-02T06:26:28.813+0000][1][safepoint    ] Safepoint "Cleanup", Time since last: 1448076600 ns, Reaching safepoint: 421500 ns, At safepoint: 131100 ns, Total: 552600 ns
[2020-05-02T06:26:29.814+0000][1][safepoint    ] Safepoint "Cleanup", Time since last: 1000454900 ns, Reaching safepoint: 123000 ns, At safepoint: 40800 ns, Total: 163800 ns
[2020-05-02T06:26:30.814+0000][1][safepoint    ] Safepoint "Cleanup", Time since last: 1000139100 ns, Reaching safepoint: 121600 ns, At safepoint: 28100 ns, Total: 149700 ns
[2020-05-02T06:26:31.815+0000][1][safepoint    ] Safepoint "Cleanup", Time since last: 1000499800 ns, Reaching safepoint: 244000 ns, At safepoint: 72400 ns, Total: 316400 ns
[2020-05-02T06:26:32.816+0000][1][safepoint    ] Safepoint "Cleanup", Time since last: 1000413000 ns, Reaching safepoint: 133400 ns, At safepoint: 34800 ns, Total: 168200 ns
[2020-05-02T06:26:33.816+0000][1][safepoint    ] Safepoint "Cleanup", Time since last: 1000140800 ns, Reaching safepoint: 124100 ns, At safepoint: 28100 ns, Total: 152200 ns
[2020-05-02T06:26:34.816+0000][1][safepoint    ] Safepoint "Cleanup", Time since last: 1000272500 ns, Reaching safepoint: 133500 ns, At safepoint: 33700 ns, Total: 167200 ns
[2020-05-02T06:26:35.817+0000][1][safepoint    ] Safepoint "Cleanup", Time since last: 1000161500 ns, Reaching safepoint: 136400 ns, At safepoint: 30900 ns, Total: 167300 ns
[2020-05-02T06:26:36.817+0000][1][safepoint    ] Safepoint "Cleanup", Time since last: 1000142300 ns, Reaching safepoint: 122900 ns, At safepoint: 27900 ns, Total: 150800 ns
[2020-05-02T06:26:37.817+0000][1][safepoint    ] Safepoint "Cleanup", Time since last: 1000130500 ns, Reaching safepoint: 115500 ns, At safepoint: 24600 ns, Total: 140100 ns
[2020-05-02T06:26:41.973+0000][1][safepoint    ] Safepoint "Cleanup", Time since last: 4154685100 ns, Reaching safepoint: 360800 ns, At safepoint: 279600 ns, Total: 640400 ns
[2020-05-02T06:51:44.956+0000][1][safepoint    ] Safepoint "Cleanup", Time since last: 1000378000 ns, Reaching safepoint: 713400 ns, At safepoint: 724300 ns, Total: 1437700 ns
[2020-05-02T06:51:45.956+0000][1][safepoint    ] Safepoint "Cleanup", Time since last: 1000163100 ns, Reaching safepoint: 239500 ns, At safepoint: 165600 ns, Total: 405100 ns
[2020-05-02T06:51:46.957+0000][1][safepoint    ] Safepoint "Cleanup", Time since last: 1000268400 ns, Reaching safepoint: 325600 ns, At safepoint: 57100 ns, Total: 382700 ns
[2020-05-02T06:51:47.957+0000][1][safepoint    ] Safepoint "Cleanup", Time since last: 1000193100 ns, Reaching safepoint: 190500 ns, At safepoint: 37700 ns, Total: 228200 ns
[2020-05-02T06:51:48.958+0000][1][safepoint    ] Safepoint "Cleanup", Time since last: 1000180500 ns, Reaching safepoint: 207700 ns, At safepoint: 44100 ns, Total: 251800 ns
[2020-05-02T06:51:49.958+0000][1][safepoint    ] Safepoint "Cleanup", Time since last: 1000225600 ns, Reaching safepoint: 271700 ns, At safepoint: 69600 ns, Total: 341300 ns
[2020-05-02T06:51:50.958+0000][1][safepoint    ] Safepoint "Cleanup", Time since last: 1000158100 ns, Reaching safepoint: 138000 ns, At safepoint: 25100 ns, Total: 163100 ns
[2020-05-02T06:51:51.959+0000][1][safepoint    ] Safepoint "Cleanup", Time since last: 1000489300 ns, Reaching safepoint: 130300 ns, At safepoint: 43800 ns, Total: 174100 ns
[2020-05-02T06:51:52.960+0000][1][safepoint    ] Safepoint "Cleanup", Time since last: 1000500100 ns, Reaching safepoint: 126900 ns, At safepoint: 29500 ns, Total: 156400 ns
[2020-05-02T06:51:53.960+0000][1][safepoint    ] Safepoint "Cleanup", Time since last: 1000211200 ns, Reaching safepoint: 120000 ns, At safepoint: 45700 ns, Total: 165700 ns
[2020-05-02T06:51:54.961+0000][1][safepoint    ] Safepoint "Cleanup", Time since last: 1000523400 ns, Reaching safepoint: 134100 ns, At safepoint: 30400 ns, Total: 164500 ns
[2020-05-02T06:51:55.961+0000][1][safepoint    ] Safepoint "Cleanup", Time since last: 1000170000 ns, Reaching safepoint: 145600 ns, At safepoint: 25100 ns, Total: 170700 ns
[2020-05-02T06:51:56.962+0000][1][safepoint    ] Safepoint "Cleanup", Time since last: 1000239800 ns, Reaching safepoint: 830000 ns, At safepoint: 126300 ns, Total: 956300 ns
[2020-05-02T06:51:57.963+0000][1][safepoint    ] Safepoint "Cleanup", Time since last: 1000278500 ns, Reaching safepoint: 144400 ns, At safepoint: 27600 ns, Total: 172000 ns
[2020-05-02T06:51:58.963+0000][1][safepoint    ] Safepoint "Cleanup", Time since last: 1000200800 ns, Reaching safepoint: 121800 ns, At safepoint: 26900 ns, Total: 148700 ns
[2020-05-02T06:51:59.964+0000][1][safepoint    ] Safepoint "Cleanup", Time since last: 1000231900 ns, Reaching safepoint: 121100 ns, At safepoint: 26800 ns, Total: 147900 ns
[2020-05-02T06:52:00.964+0000][1][safepoint    ] Safepoint "Cleanup", Time since last: 1000205400 ns, Reaching safepoint: 140200 ns, At safepoint: 75300 ns, Total: 215500 ns
[2020-05-02T06:52:01.965+0000][1][safepoint    ] Safepoint "Cleanup", Time since last: 1000561600 ns, Reaching safepoint: 125500 ns, At safepoint: 52100 ns, Total: 177600 ns
[2020-05-02T06:52:02.965+0000][1][safepoint    ] Safepoint "Cleanup", Time since last: 1000316500 ns, Reaching safepoint: 123500 ns, At safepoint: 33600 ns, Total: 157100 ns
[2020-05-02T06:52:03.966+0000][1][safepoint    ] Safepoint "Cleanup", Time since last: 1000203600 ns, Reaching safepoint: 146800 ns, At safepoint: 83500 ns, Total: 230300 ns
[2020-05-02T06:52:04.966+0000][1][safepoint    ] Safepoint "Cleanup", Time since last: 1000206800 ns, Reaching safepoint: 143900 ns, At safepoint: 40400 ns, Total: 184300 ns
[2020-05-02T06:52:05.967+0000][1][safepoint    ] Safepoint "Cleanup", Time since last: 1000503100 ns, Reaching safepoint: 128600 ns, At safepoint: 75400 ns, Total: 204000 ns
[2020-05-02T06:52:06.967+0000][1][safepoint    ] Safepoint "Cleanup", Time since last: 1000212000 ns, Reaching safepoint: 139300 ns, At safepoint: 49700 ns, Total: 189000 ns
[2020-05-02T06:52:07.968+0000][1][safepoint    ] Safepoint "Cleanup", Time since last: 1000181000 ns, Reaching safepoint: 122500 ns, At safepoint: 59100 ns, Total: 181600 ns
[2020-05-02T06:52:08.968+0000][1][safepoint    ] Safepoint "Cleanup", Time since last: 1000150400 ns, Reaching safepoint: 121700 ns, At safepoint: 53900 ns, Total: 175600 ns
[2020-05-02T06:52:09.969+0000][1][safepoint    ] Safepoint "Cleanup", Time since last: 1000535000 ns, Reaching safepoint: 127100 ns, At safepoint: 70500 ns, Total: 197600 ns
[2020-05-02T06:52:10.969+0000][1][safepoint    ] Safepoint "Cleanup", Time since last: 1000311300 ns, Reaching safepoint: 123900 ns, At safepoint: 36500 ns, Total: 160400 ns
[2020-05-02T06:52:11.970+0000][1][safepoint    ] Safepoint "Cleanup", Time since last: 1000267900 ns, Reaching safepoint: 125200 ns, At safepoint: 70100 ns, Total: 195300 ns
[2020-05-02T06:52:12.970+0000][1][safepoint    ] Safepoint "Cleanup", Time since last: 1000628000 ns, Reaching safepoint: 198000 ns, At safepoint: 107300 ns, Total: 305300 ns
[2020-05-02T06:52:14.963+0000][1][safepoint    ] Safepoint "Cleanup", Time since last: 1992112500 ns, Reaching safepoint: 131600 ns, At safepoint: 54800 ns, Total: 186400 ns
[2020-05-02T06:52:15.963+0000][1][safepoint    ] Safepoint "Cleanup", Time since last: 1000148800 ns, Reaching safepoint: 124800 ns, At safepoint: 34600 ns, Total: 159400 ns
[2020-05-02T06:52:16.964+0000][1][safepoint    ] Safepoint "Cleanup", Time since last: 1000331800 ns, Reaching safepoint: 125200 ns, At safepoint: 49000 ns, Total: 174200 ns
[2020-05-02T06:52:17.964+0000][1][safepoint    ] Safepoint "Cleanup", Time since last: 1000554100 ns, Reaching safepoint: 129200 ns, At safepoint: 54200 ns, Total: 183400 ns
[2020-05-02T06:52:18.965+0000][1][safepoint    ] Safepoint "Cleanup", Time since last: 1000227900 ns, Reaching safepoint: 122400 ns, At safepoint: 36100 ns, Total: 158500 ns
[2020-05-02T06:52:19.965+0000][1][safepoint    ] Safepoint "Cleanup", Time since last: 1000599600 ns, Reaching safepoint: 139600 ns, At safepoint: 54100 ns, Total: 193700 ns
[2020-05-02T06:52:20.966+0000][1][safepoint    ] Safepoint "Cleanup", Time since last: 1000183700 ns, Reaching safepoint: 259900 ns, At safepoint: 70800 ns, Total: 330700 ns
[2020-05-02T06:52:21.542+0000][1][safepoint    ] Safepoint "RevokeBias", Time since last: 575312000 ns, Reaching safepoint: 185000 ns, At safepoint: 69600 ns, Total: 254600 ns
[2020-05-02T06:52:21.554+0000][1][safepoint    ] Safepoint "RevokeBias", Time since last: 11595100 ns, Reaching safepoint: 262700 ns, At safepoint: 82600 ns, Total: 345300 ns
[2020-05-02T06:52:21.554+0000][1][safepoint    ] Safepoint "RevokeBias", Time since last: 361800 ns, Reaching safepoint: 244700 ns, At safepoint: 89900 ns, Total: 334600 ns
[2020-05-02T06:52:21.555+0000][1][safepoint    ] Safepoint "RevokeBias", Time since last: 588000 ns, Reaching safepoint: 377800 ns, At safepoint: 140900 ns, Total: 518700 ns
[2020-05-02T06:52:21.590+0000][1][safepoint    ] Safepoint "RevokeBias", Time since last: 34306600 ns, Reaching safepoint: 123100 ns, At safepoint: 132700 ns, Total: 255800 ns
[2020-05-02T06:52:21.591+0000][1][safepoint    ] Safepoint "RevokeBias", Time since last: 239000 ns, Reaching safepoint: 528600 ns, At safepoint: 203000 ns, Total: 731600 ns
[2020-05-02T06:52:21.592+0000][1][safepoint    ] Safepoint "RevokeBias", Time since last: 325700 ns, Reaching safepoint: 257400 ns, At safepoint: 112300 ns, Total: 369700 ns
[2020-05-02T06:52:21.592+0000][1][safepoint    ] Safepoint "RevokeBias", Time since last: 466900 ns, Reaching safepoint: 117600 ns, At safepoint: 45700 ns, Total: 163300 ns
[2020-05-02T06:52:21.593+0000][1][safepoint    ] Safepoint "RevokeBias", Time since last: 209500 ns, Reaching safepoint: 91300 ns, At safepoint: 44300 ns, Total: 135600 ns
[2020-05-02T06:52:21.593+0000][1][safepoint    ] Safepoint "RevokeBias", Time since last: 230700 ns, Reaching safepoint: 86700 ns, At safepoint: 49500 ns, Total: 136200 ns
[2020-05-02T06:52:21.593+0000][1][safepoint    ] Safepoint "RevokeBias", Time since last: 194000 ns, Reaching safepoint: 164800 ns, At safepoint: 56500 ns, Total: 221300 ns
[2020-05-02T06:52:21.605+0000][1][safepoint    ] Safepoint "RevokeBias", Time since last: 11240400 ns, Reaching safepoint: 124800 ns, At safepoint: 64900 ns, Total: 189700 ns
[2020-05-02T06:52:21.605+0000][1][safepoint    ] Safepoint "RevokeBias", Time since last: 257800 ns, Reaching safepoint: 120200 ns, At safepoint: 41300 ns, Total: 161500 ns
[2020-05-02T06:52:21.643+0000][1][safepoint    ] Safepoint "RevokeBias", Time since last: 38065700 ns, Reaching safepoint: 141900 ns, At safepoint: 48200 ns, Total: 190100 ns
[2020-05-02T06:52:21.646+0000][1][safepoint    ] Safepoint "RevokeBias", Time since last: 2525500 ns, Reaching safepoint: 123200 ns, At safepoint: 97800 ns, Total: 221000 ns
[2020-05-02T06:52:21.685+0000][1][safepoint    ] Safepoint "BulkRevokeBias", Time since last: 38648000 ns, Reaching safepoint: 139100 ns, At safepoint: 459900 ns, Total: 599000 ns
[2020-05-02T06:52:21.696+0000][1][safepoint    ] Safepoint "BulkRevokeBias", Time since last: 10229800 ns, Reaching safepoint: 106400 ns, At safepoint: 462400 ns, Total: 568800 ns
[2020-05-02T06:52:21.697+0000][1][safepoint    ] Safepoint "RevokeBias", Time since last: 278100 ns, Reaching safepoint: 98300 ns, At safepoint: 39700 ns, Total: 138000 ns
[2020-05-02T06:52:21.704+0000][1][safepoint    ] Safepoint "RevokeBias", Time since last: 7717600 ns, Reaching safepoint: 121500 ns, At safepoint: 46800 ns, Total: 168300 ns
[2020-05-02T06:52:21.724+0000][1][safepoint    ] Safepoint "RevokeBias", Time since last: 19295100 ns, Reaching safepoint: 141400 ns, At safepoint: 45400 ns, Total: 186800 ns
[2020-05-02T06:52:21.729+0000][1][safepoint    ] Safepoint "RevokeBias", Time since last: 4670300 ns, Reaching safepoint: 124100 ns, At safepoint: 51200 ns, Total: 175300 ns
[2020-05-02T06:52:22.646+0000][1][safepoint    ] Safepoint "RevokeBias", Time since last: 917049200 ns, Reaching safepoint: 126100 ns, At safepoint: 44900 ns, Total: 171000 ns
[2020-05-02T06:52:22.646+0000][1][safepoint    ] Safepoint "RevokeBias", Time since last: 267800 ns, Reaching safepoint: 79400 ns, At safepoint: 41200 ns, Total: 120600 ns
[2020-05-02T06:52:22.647+0000][1][safepoint    ] Safepoint "RevokeBias", Time since last: 297500 ns, Reaching safepoint: 139700 ns, At safepoint: 111500 ns, Total: 251200 ns
[2020-05-02T06:52:23.647+0000][1][safepoint    ] Safepoint "Cleanup", Time since last: 1000271600 ns, Reaching safepoint: 147300 ns, At safepoint: 84700 ns, Total: 232000 ns
[2020-05-02T06:52:23.974+0000][1][safepoint    ] Safepoint "RevokeBias", Time since last: 326595400 ns, Reaching safepoint: 151900 ns, At safepoint: 92900 ns, Total: 244800 ns
[2020-05-02T06:52:24.975+0000][1][safepoint    ] Safepoint "Cleanup", Time since last: 1000736900 ns, Reaching safepoint: 230800 ns, At safepoint: 74300 ns, Total: 305100 ns
[2020-05-02T06:52:25.976+0000][1][safepoint    ] Safepoint "Cleanup", Time since last: 1000221400 ns, Reaching safepoint: 318600 ns, At safepoint: 104600 ns, Total: 423200 ns
[2020-05-02T06:52:26.977+0000][1][safepoint    ] Safepoint "Cleanup", Time since last: 1000657800 ns, Reaching safepoint: 128500 ns, At safepoint: 77200 ns, Total: 205700 ns
[2020-05-02T06:52:27.978+0000][1][safepoint    ] Safepoint "Cleanup", Time since last: 1000703700 ns, Reaching safepoint: 156400 ns, At safepoint: 68000 ns, Total: 224400 ns
[2020-05-02T06:52:28.978+0000][1][safepoint    ] Safepoint "Cleanup", Time since last: 1000260800 ns, Reaching safepoint: 173900 ns, At safepoint: 37800 ns, Total: 211700 ns
[2020-05-02T06:52:29.979+0000][1][safepoint    ] Safepoint "Cleanup", Time since last: 1000137900 ns, Reaching safepoint: 128600 ns, At safepoint: 51500 ns, Total: 180100 ns
[2020-05-02T06:52:30.980+0000][1][safepoint    ] Safepoint "Cleanup", Time since last: 1000350300 ns, Reaching safepoint: 460300 ns, At safepoint: 98300 ns, Total: 558600 ns
[2020-05-02T06:52:31.980+0000][1][safepoint    ] Safepoint "Cleanup", Time since last: 1000331700 ns, Reaching safepoint: 133000 ns, At safepoint: 56000 ns, Total: 189000 ns
[2020-05-02T06:52:32.981+0000][1][safepoint    ] Safepoint "Cleanup", Time since last: 1000491800 ns, Reaching safepoint: 137700 ns, At safepoint: 65800 ns, Total: 203500 ns
[2020-05-02T06:52:33.981+0000][1][safepoint    ] Safepoint "Cleanup", Time since last: 1000209800 ns, Reaching safepoint: 128400 ns, At safepoint: 36300 ns, Total: 164700 ns
[2020-05-02T06:52:34.982+0000][1][safepoint    ] Safepoint "Cleanup", Time since last: 1000252600 ns, Reaching safepoint: 126000 ns, At safepoint: 50700 ns, Total: 176700 ns
[2020-05-02T06:52:35.982+0000][1][safepoint    ] Safepoint "Cleanup", Time since last: 1000240200 ns, Reaching safepoint: 123800 ns, At safepoint: 57900 ns, Total: 181700 ns
[2020-05-02T06:52:36.982+0000][1][safepoint    ] Safepoint "Cleanup", Time since last: 1000201300 ns, Reaching safepoint: 133000 ns, At safepoint: 58200 ns, Total: 191200 ns
[2020-05-02T06:52:37.980+0000][1][gc,start     ] GC(59) Pause Young (Allocation Failure)
[2020-05-02T06:52:37.980+0000][1][gc,task      ] GC(59) Using 10 workers of 10 for evacuation
[2020-05-02T06:52:37.983+0000][1][gc,age       ] GC(59) Desired survivor size 8945664 bytes, new threshold 6 (max threshold 6)
[2020-05-02T06:52:37.983+0000][1][gc,age       ] GC(59) Age table with threshold 6 (max threshold 6)
[2020-05-02T06:52:37.983+0000][1][gc,age       ] GC(59) - age   1:     454200 bytes,     454200 total
[2020-05-02T06:52:37.983+0000][1][gc,age       ] GC(59) - age   2:        120 bytes,     454320 total
[2020-05-02T06:52:37.983+0000][1][gc,age       ] GC(59) - age   3:        600 bytes,     454920 total
[2020-05-02T06:52:37.983+0000][1][gc,age       ] GC(59) - age   4:         72 bytes,     454992 total
[2020-05-02T06:52:37.983+0000][1][gc,age       ] GC(59) - age   5:        528 bytes,     455520 total
[2020-05-02T06:52:37.983+0000][1][gc,age       ] GC(59) - age   6:       4136 bytes,     459656 total
[2020-05-02T06:52:37.983+0000][1][gc,heap      ] GC(59) ParNew: 139889K->475K(157248K)
[2020-05-02T06:52:37.983+0000][1][gc,heap      ] GC(59) CMS: 82470K->82471K(349568K)
[2020-05-02T06:52:37.983+0000][1][gc,metaspace ] GC(59) Metaspace: 97628K->97628K(1138688K)
[2020-05-02T06:52:37.983+0000][1][gc           ] GC(59) Pause Young (Allocation Failure) 217M->81M(494M) 3.380ms
[2020-05-02T06:52:37.983+0000][1][gc,cpu       ] GC(59) User=0.01s Sys=0.00s Real=0.00s
[2020-05-02T06:52:37.983+0000][1][safepoint    ] Safepoint "GenCollectForAllocation", Time since last: 997219700 ns, Reaching safepoint: 128500 ns, At safepoint: 3624600 ns, Total: 3753100 ns
[2020-05-02T06:52:38.984+0000][1][safepoint    ] Safepoint "Cleanup", Time since last: 1000571600 ns, Reaching safepoint: 132800 ns, At safepoint: 77900 ns, Total: 210700 ns
[2020-05-02T06:52:39.985+0000][1][safepoint    ] Safepoint "Cleanup", Time since last: 1000588700 ns, Reaching safepoint: 137800 ns, At safepoint: 55500 ns, Total: 193300 ns
[2020-05-02T06:52:40.985+0000][1][safepoint    ] Safepoint "Cleanup", Time since last: 1000177100 ns, Reaching safepoint: 175600 ns, At safepoint: 45600 ns, Total: 221200 ns
[2020-05-02T06:52:41.986+0000][1][safepoint    ] Safepoint "Cleanup", Time since last: 1000529200 ns, Reaching safepoint: 132200 ns, At safepoint: 102200 ns, Total: 234400 ns
[2020-05-02T06:52:42.987+0000][1][safepoint    ] Safepoint "Cleanup", Time since last: 1000615600 ns, Reaching safepoint: 127200 ns, At safepoint: 74100 ns, Total: 201300 ns
[2020-05-02T06:52:43.962+0000][1][safepoint    ] Safepoint "RevokeBias", Time since last: 974485400 ns, Reaching safepoint: 137500 ns, At safepoint: 77700 ns, Total: 215200 ns
[2020-05-02T06:52:44.962+0000][1][safepoint    ] Safepoint "Cleanup", Time since last: 1000427500 ns, Reaching safepoint: 128400 ns, At safepoint: 52500 ns, Total: 180900 ns
[2020-05-02T06:52:45.963+0000][1][safepoint    ] Safepoint "Cleanup", Time since last: 1000788300 ns, Reaching safepoint: 134500 ns, At safepoint: 55200 ns, Total: 189700 ns
[2020-05-02T06:52:46.964+0000][1][safepoint    ] Safepoint "Cleanup", Time since last: 1000503200 ns, Reaching safepoint: 133500 ns, At safepoint: 52400 ns, Total: 185900 ns
[2020-05-02T06:52:47.965+0000][1][safepoint    ] Safepoint "Cleanup", Time since last: 1000696800 ns, Reaching safepoint: 132800 ns, At safepoint: 53800 ns, Total: 186600 ns
[2020-05-02T06:52:48.966+0000][1][safepoint    ] Safepoint "Cleanup", Time since last: 1000615100 ns, Reaching safepoint: 269300 ns, At safepoint: 61700 ns, Total: 331000 ns
[2020-05-02T06:52:49.966+0000][1][safepoint    ] Safepoint "Cleanup", Time since last: 1000348400 ns, Reaching safepoint: 238300 ns, At safepoint: 65100 ns, Total: 303400 ns
[2020-05-02T06:52:50.967+0000][1][safepoint    ] Safepoint "Cleanup", Time since last: 1000334100 ns, Reaching safepoint: 136800 ns, At safepoint: 54000 ns, Total: 190800 ns
[2020-05-02T06:52:51.646+0000][1][safepoint    ] Safepoint "RevokeBias", Time since last: 678993500 ns, Reaching safepoint: 279300 ns, At safepoint: 66500 ns, Total: 345800 ns
[2020-05-02T06:52:51.647+0000][1][safepoint    ] Safepoint "RevokeBias", Time since last: 315800 ns, Reaching safepoint: 164000 ns, At safepoint: 69200 ns, Total: 233200 ns
[2020-05-02T06:52:52.647+0000][1][safepoint    ] Safepoint "Cleanup", Time since last: 1000346800 ns, Reaching safepoint: 138000 ns, At safepoint: 56400 ns, Total: 194400 ns
[2020-05-02T06:52:53.649+0000][1][safepoint    ] Safepoint "Cleanup", Time since last: 1000845100 ns, Reaching safepoint: 239500 ns, At safepoint: 161700 ns, Total: 401200 ns
[2020-05-02T06:52:54.649+0000][1][safepoint    ] Safepoint "Cleanup", Time since last: 1000644200 ns, Reaching safepoint: 133900 ns, At safepoint: 60100 ns, Total: 194000 ns
[2020-05-02T06:52:55.650+0000][1][safepoint    ] Safepoint "Cleanup", Time since last: 1000284700 ns, Reaching safepoint: 138600 ns, At safepoint: 54400 ns, Total: 193000 ns
[2020-05-02T06:52:57.243+0000][1][safepoint    ] Safepoint "Cleanup", Time since last: 1592420900 ns, Reaching safepoint: 259500 ns, At safepoint: 72900 ns, Total: 332400 ns
[2020-05-02T06:52:58.246+0000][1][safepoint    ] Safepoint "Cleanup", Time since last: 1003476800 ns, Reaching safepoint: 198000 ns, At safepoint: 98900 ns, Total: 296900 ns
[2020-05-02T06:52:59.247+0000][1][safepoint    ] Safepoint "Cleanup", Time since last: 1000556100 ns, Reaching safepoint: 134000 ns, At safepoint: 54400 ns, Total: 188400 ns
[2020-05-02T06:53:00.247+0000][1][safepoint    ] Safepoint "Cleanup", Time since last: 1000192600 ns, Reaching safepoint: 129700 ns, At safepoint: 51000 ns, Total: 180700 ns
[2020-05-02T06:53:01.248+0000][1][safepoint    ] Safepoint "Cleanup", Time since last: 1000263900 ns, Reaching safepoint: 136600 ns, At safepoint: 52500 ns, Total: 189100 ns
[2020-05-02T06:53:02.248+0000][1][safepoint    ] Safepoint "Cleanup", Time since last: 1000212300 ns, Reaching safepoint: 243900 ns, At safepoint: 62100 ns, Total: 306000 ns
[2020-05-02T06:53:03.249+0000][1][safepoint    ] Safepoint "Cleanup", Time since last: 1000335600 ns, Reaching safepoint: 135600 ns, At safepoint: 50300 ns, Total: 185900 ns
[2020-05-02T06:53:04.249+0000][1][safepoint    ] Safepoint "Cleanup", Time since last: 1000221400 ns, Reaching safepoint: 131200 ns, At safepoint: 62300 ns, Total: 193500 ns
[2020-05-02T06:53:05.250+0000][1][safepoint    ] Safepoint "Cleanup", Time since last: 1000642700 ns, Reaching safepoint: 129500 ns, At safepoint: 53700 ns, Total: 183200 ns
[2020-05-02T06:53:06.251+0000][1][safepoint    ] Safepoint "Cleanup", Time since last: 1000228300 ns, Reaching safepoint: 138800 ns, At safepoint: 58100 ns, Total: 196900 ns
[2020-05-02T06:53:07.252+0000][1][safepoint    ] Safepoint "Cleanup", Time since last: 1000668100 ns, Reaching safepoint: 146800 ns, At safepoint: 70100 ns, Total: 216900 ns
[2020-05-02T06:53:08.252+0000][1][safepoint    ] Safepoint "Cleanup", Time since last: 1000662900 ns, Reaching safepoint: 128300 ns, At safepoint: 55200 ns, Total: 183500 ns
[2020-05-02T06:53:09.253+0000][1][safepoint    ] Safepoint "Cleanup", Time since last: 1000359300 ns, Reaching safepoint: 130900 ns, At safepoint: 50600 ns, Total: 181500 ns
[2020-05-02T06:53:10.254+0000][1][safepoint    ] Safepoint "Cleanup", Time since last: 1000528200 ns, Reaching safepoint: 127900 ns, At safepoint: 52800 ns, Total: 180700 ns
[2020-05-02T06:53:11.254+0000][1][safepoint    ] Safepoint "Cleanup", Time since last: 1000430600 ns, Reaching safepoint: 164300 ns, At safepoint: 53000 ns, Total: 217300 ns
[2020-05-02T06:53:12.255+0000][1][safepoint    ] Safepoint "Cleanup", Time since last: 1000518200 ns, Reaching safepoint: 126200 ns, At safepoint: 53400 ns, Total: 179600 ns
[2020-05-02T06:53:13.255+0000][1][safepoint    ] Safepoint "Cleanup", Time since last: 1000223800 ns, Reaching safepoint: 137000 ns, At safepoint: 61900 ns, Total: 198900 ns
[2020-05-02T06:53:14.256+0000][1][safepoint    ] Safepoint "Cleanup", Time since last: 1000525600 ns, Reaching safepoint: 132300 ns, At safepoint: 52100 ns, Total: 184400 ns
[2020-05-02T06:53:15.257+0000][1][safepoint    ] Safepoint "Cleanup", Time since last: 1000421800 ns, Reaching safepoint: 349500 ns, At safepoint: 184400 ns, Total: 533900 ns
[2020-05-02T06:53:16.258+0000][1][safepoint    ] Safepoint "Cleanup", Time since last: 1000345900 ns, Reaching safepoint: 145000 ns, At safepoint: 44600 ns, Total: 189600 ns
[2020-05-02T06:53:17.259+0000][1][safepoint    ] Safepoint "Cleanup", Time since last: 1000572700 ns, Reaching safepoint: 270400 ns, At safepoint: 87600 ns, Total: 358000 ns
[2020-05-02T06:53:18.260+0000][1][safepoint    ] Safepoint "Cleanup", Time since last: 1000524000 ns, Reaching safepoint: 423000 ns, At safepoint: 139700 ns, Total: 562700 ns
[2020-05-02T06:53:19.260+0000][1][safepoint    ] Safepoint "Cleanup", Time since last: 1000294000 ns, Reaching safepoint: 129900 ns, At safepoint: 49000 ns, Total: 178900 ns
[2020-05-02T06:53:20.261+0000][1][safepoint    ] Safepoint "Cleanup", Time since last: 1000553400 ns, Reaching safepoint: 508400 ns, At safepoint: 204900 ns, Total: 713300 ns
[2020-05-02T06:53:21.263+0000][1][safepoint    ] Safepoint "Cleanup", Time since last: 1001253600 ns, Reaching safepoint: 428200 ns, At safepoint: 205300 ns, Total: 633500 ns
[2020-05-02T06:53:22.507+0000][1][safepoint    ] Safepoint "Cleanup", Time since last: 1243481800 ns, Reaching safepoint: 128900 ns, At safepoint: 55200 ns, Total: 184100 ns
[2020-05-02T06:53:23.508+0000][1][safepoint    ] Safepoint "Cleanup", Time since last: 1000810700 ns, Reaching safepoint: 460100 ns, At safepoint: 216300 ns, Total: 676400 ns
[2020-05-02T06:53:24.510+0000][1][safepoint    ] Safepoint "Cleanup", Time since last: 1000564400 ns, Reaching safepoint: 456300 ns, At safepoint: 195600 ns, Total: 651900 ns
[2020-05-02T06:53:25.511+0000][1][safepoint    ] Safepoint "Cleanup", Time since last: 1000627100 ns, Reaching safepoint: 494700 ns, At safepoint: 204200 ns, Total: 698900 ns
[2020-05-02T06:53:26.512+0000][1][safepoint    ] Safepoint "Cleanup", Time since last: 1000891700 ns, Reaching safepoint: 464100 ns, At safepoint: 203900 ns, Total: 668000 ns
[2020-05-02T06:53:27.514+0000][1][safepoint    ] Safepoint "Cleanup", Time since last: 1000808400 ns, Reaching safepoint: 429700 ns, At safepoint: 202200 ns, Total: 631900 ns
[2020-05-02T06:53:28.516+0000][1][safepoint    ] Safepoint "Cleanup", Time since last: 1000832700 ns, Reaching safepoint: 515900 ns, At safepoint: 301800 ns, Total: 817700 ns
[2020-05-02T06:53:29.517+0000][1][safepoint    ] Safepoint "Cleanup", Time since last: 1000882400 ns, Reaching safepoint: 432800 ns, At safepoint: 215900 ns, Total: 648700 ns
[2020-05-02T06:53:30.519+0000][1][safepoint    ] Safepoint "Cleanup", Time since last: 1000753900 ns, Reaching safepoint: 755000 ns, At safepoint: 211200 ns, Total: 966200 ns
[2020-05-02T06:53:31.520+0000][1][safepoint    ] Safepoint "Cleanup", Time since last: 1000903600 ns, Reaching safepoint: 323400 ns, At safepoint: 158300 ns, Total: 481700 ns
[2020-05-02T06:53:32.521+0000][1][safepoint    ] Safepoint "Cleanup", Time since last: 1000719100 ns, Reaching safepoint: 130400 ns, At safepoint: 55000 ns, Total: 185400 ns
[2020-05-02T06:53:33.523+0000][1][safepoint    ] Safepoint "Cleanup", Time since last: 1000738200 ns, Reaching safepoint: 432400 ns, At safepoint: 213400 ns, Total: 645800 ns
[2020-05-02T06:53:34.524+0000][1][safepoint    ] Safepoint "Cleanup", Time since last: 1000856200 ns, Reaching safepoint: 137500 ns, At safepoint: 58800 ns, Total: 196300 ns
[2020-05-02T06:53:35.524+0000][1][safepoint    ] Safepoint "Cleanup", Time since last: 1000503000 ns, Reaching safepoint: 182800 ns, At safepoint: 95700 ns, Total: 278500 ns
[2020-05-02T06:53:36.525+0000][1][safepoint    ] Safepoint "Cleanup", Time since last: 1000590700 ns, Reaching safepoint: 175400 ns, At safepoint: 77300 ns, Total: 252700 ns
[2020-05-02T06:53:37.526+0000][1][safepoint    ] Safepoint "Cleanup", Time since last: 1000702200 ns, Reaching safepoint: 171000 ns, At safepoint: 63500 ns, Total: 234500 ns
[2020-05-02T06:53:38.528+0000][1][safepoint    ] Safepoint "Cleanup", Time since last: 1000770100 ns, Reaching safepoint: 429400 ns, At safepoint: 268800 ns, Total: 698200 ns
[2020-05-02T06:53:39.529+0000][1][safepoint    ] Safepoint "Cleanup", Time since last: 1000730200 ns, Reaching safepoint: 490300 ns, At safepoint: 187400 ns, Total: 677700 ns
[2020-05-02T06:53:40.530+0000][1][safepoint    ] Safepoint "Cleanup", Time since last: 1000494400 ns, Reaching safepoint: 519200 ns, At safepoint: 201200 ns, Total: 720400 ns
[2020-05-02T06:53:41.532+0000][1][safepoint    ] Safepoint "Cleanup", Time since last: 1000984300 ns, Reaching safepoint: 430600 ns, At safepoint: 213600 ns, Total: 644200 ns
[2020-05-02T06:53:42.532+0000][1][safepoint    ] Safepoint "Cleanup", Time since last: 1000448900 ns, Reaching safepoint: 136300 ns, At safepoint: 56200 ns, Total: 192500 ns
[2020-05-02T06:53:43.534+0000][1][safepoint    ] Safepoint "Cleanup", Time since last: 1000900300 ns, Reaching safepoint: 435000 ns, At safepoint: 210000 ns, Total: 645000 ns
[2020-05-02T06:53:44.535+0000][1][safepoint    ] Safepoint "Cleanup", Time since last: 1000640700 ns, Reaching safepoint: 171000 ns, At safepoint: 78000 ns, Total: 249000 ns
[2020-05-02T06:53:45.536+0000][1][safepoint    ] Safepoint "Cleanup", Time since last: 1000813200 ns, Reaching safepoint: 459300 ns, At safepoint: 215700 ns, Total: 675000 ns
[2020-05-02T06:53:46.537+0000][1][safepoint    ] Safepoint "Cleanup", Time since last: 1000411300 ns, Reaching safepoint: 146100 ns, At safepoint: 58400 ns, Total: 204500 ns
[2020-05-02T06:53:47.538+0000][1][safepoint    ] Safepoint "Cleanup", Time since last: 1000574100 ns, Reaching safepoint: 458500 ns, At safepoint: 215400 ns, Total: 673900 ns
[2020-05-02T06:53:48.539+0000][1][safepoint    ] Safepoint "Cleanup", Time since last: 1000591500 ns, Reaching safepoint: 241200 ns, At safepoint: 110800 ns, Total: 352000 ns
[2020-05-02T06:53:49.540+0000][1][safepoint    ] Safepoint "Cleanup", Time since last: 1000316500 ns, Reaching safepoint: 207800 ns, At safepoint: 75000 ns, Total: 282800 ns
[2020-05-02T06:53:50.541+0000][1][safepoint    ] Safepoint "Cleanup", Time since last: 1000733500 ns, Reaching safepoint: 144000 ns, At safepoint: 60900 ns, Total: 204900 ns
[2020-05-02T06:53:51.541+0000][1][safepoint    ] Safepoint "Cleanup", Time since last: 1000229200 ns, Reaching safepoint: 146000 ns, At safepoint: 58900 ns, Total: 204900 ns
[2020-05-02T06:53:52.543+0000][1][safepoint    ] Safepoint "Cleanup", Time since last: 1000875000 ns, Reaching safepoint: 456400 ns, At safepoint: 209700 ns, Total: 666100 ns
[2020-05-02T06:53:53.544+0000][1][safepoint    ] Safepoint "Cleanup", Time since last: 1001028900 ns, Reaching safepoint: 339300 ns, At safepoint: 160900 ns, Total: 500200 ns
[2020-05-02T06:53:54.546+0000][1][safepoint    ] Safepoint "Cleanup", Time since last: 1000726700 ns, Reaching safepoint: 512500 ns, At safepoint: 212700 ns, Total: 725200 ns
[2020-05-02T06:53:55.547+0000][1][safepoint    ] Safepoint "Cleanup", Time since last: 1000680100 ns, Reaching safepoint: 139600 ns, At safepoint: 55600 ns, Total: 195200 ns
[2020-05-02T06:53:57.083+0000][1][safepoint    ] Safepoint "Cleanup", Time since last: 1536045700 ns, Reaching safepoint: 198500 ns, At safepoint: 91100 ns, Total: 289600 ns
[2020-05-02T06:53:58.084+0000][1][safepoint    ] Safepoint "Cleanup", Time since last: 1000658300 ns, Reaching safepoint: 205300 ns, At safepoint: 98900 ns, Total: 304200 ns
[2020-05-02T06:53:59.085+0000][1][safepoint    ] Safepoint "Cleanup", Time since last: 1000532400 ns, Reaching safepoint: 645400 ns, At safepoint: 269200 ns, Total: 914600 ns
[2020-05-02T06:54:00.086+0000][1][safepoint    ] Safepoint "Cleanup", Time since last: 1000548100 ns, Reaching safepoint: 213200 ns, At safepoint: 60800 ns, Total: 274000 ns
[2020-05-02T06:54:01.087+0000][1][safepoint    ] Safepoint "Cleanup", Time since last: 1000202400 ns, Reaching safepoint: 135400 ns, At safepoint: 52000 ns, Total: 187400 ns
[2020-05-02T06:54:02.087+0000][1][safepoint    ] Safepoint "Cleanup", Time since last: 1000298900 ns, Reaching safepoint: 133300 ns, At safepoint: 47600 ns, Total: 180900 ns
[2020-05-02T06:54:03.087+0000][1][safepoint    ] Safepoint "Cleanup", Time since last: 1000190200 ns, Reaching safepoint: 131800 ns, At safepoint: 35800 ns, Total: 167600 ns
[2020-05-02T06:54:04.089+0000][1][safepoint    ] Safepoint "Cleanup", Time since last: 1000700300 ns, Reaching safepoint: 315000 ns, At safepoint: 148500 ns, Total: 463500 ns
[2020-05-02T06:54:05.089+0000][1][safepoint    ] Safepoint "Cleanup", Time since last: 1000515800 ns, Reaching safepoint: 246800 ns, At safepoint: 99100 ns, Total: 345900 ns
[2020-05-02T06:54:06.091+0000][1][safepoint    ] Safepoint "Cleanup", Time since last: 1000515400 ns, Reaching safepoint: 469000 ns, At safepoint: 249100 ns, Total: 718100 ns
[2020-05-02T06:54:07.092+0000][1][safepoint    ] Safepoint "Cleanup", Time since last: 1000917200 ns, Reaching safepoint: 461000 ns, At safepoint: 217100 ns, Total: 678100 ns
[2020-05-02T06:54:08.094+0000][1][safepoint    ] Safepoint "Cleanup", Time since last: 1001133000 ns, Reaching safepoint: 178400 ns, At safepoint: 79400 ns, Total: 257800 ns
[2020-05-02T06:54:09.095+0000][1][safepoint    ] Safepoint "Cleanup", Time since last: 1000797900 ns, Reaching safepoint: 395200 ns, At safepoint: 197200 ns, Total: 592400 ns
[2020-05-02T06:54:10.097+0000][1][safepoint    ] Safepoint "Cleanup", Time since last: 1000973900 ns, Reaching safepoint: 456900 ns, At safepoint: 215100 ns, Total: 672000 ns
[2020-05-02T06:54:11.098+0000][1][safepoint    ] Safepoint "Cleanup", Time since last: 1000649900 ns, Reaching safepoint: 252800 ns, At safepoint: 116800 ns, Total: 369600 ns
[2020-05-02T06:54:12.099+0000][1][safepoint    ] Safepoint "Cleanup", Time since last: 1000614000 ns, Reaching safepoint: 519900 ns, At safepoint: 330500 ns, Total: 850400 ns
[2020-05-02T06:54:13.101+0000][1][safepoint    ] Safepoint "Cleanup", Time since last: 1000920900 ns, Reaching safepoint: 457100 ns, At safepoint: 213000 ns, Total: 670100 ns
[2020-05-02T06:54:14.102+0000][1][safepoint    ] Safepoint "Cleanup", Time since last: 1001018900 ns, Reaching safepoint: 252100 ns, At safepoint: 116500 ns, Total: 368600 ns
[2020-05-02T06:54:15.103+0000][1][safepoint    ] Safepoint "Cleanup", Time since last: 1000576200 ns, Reaching safepoint: 543800 ns, At safepoint: 208200 ns, Total: 752000 ns
[2020-05-02T06:54:16.105+0000][1][safepoint    ] Safepoint "Cleanup", Time since last: 1000952600 ns, Reaching safepoint: 460400 ns, At safepoint: 294300 ns, Total: 754700 ns
[2020-05-02T06:54:17.107+0000][1][safepoint    ] Safepoint "Cleanup", Time since last: 1000808400 ns, Reaching safepoint: 459000 ns, At safepoint: 306600 ns, Total: 765600 ns
[2020-05-02T06:54:18.108+0000][1][safepoint    ] Safepoint "Cleanup", Time since last: 1000805600 ns, Reaching safepoint: 215500 ns, At safepoint: 93200 ns, Total: 308700 ns
[2020-05-02T06:54:19.109+0000][1][safepoint    ] Safepoint "Cleanup", Time since last: 1000535200 ns, Reaching safepoint: 468500 ns, At safepoint: 209000 ns, Total: 677500 ns
[2020-05-02T06:54:20.111+0000][1][safepoint    ] Safepoint "Cleanup", Time since last: 1000819200 ns, Reaching safepoint: 641200 ns, At safepoint: 237200 ns, Total: 878400 ns
[2020-05-02T06:54:21.112+0000][1][safepoint    ] Safepoint "Cleanup", Time since last: 1000778300 ns, Reaching safepoint: 463100 ns, At safepoint: 193000 ns, Total: 656100 ns
[2020-05-02T06:54:22.114+0000][1][safepoint    ] Safepoint "Cleanup", Time since last: 1000921500 ns, Reaching safepoint: 460000 ns, At safepoint: 257600 ns, Total: 717600 ns
[2020-05-02T06:54:23.115+0000][1][safepoint    ] Safepoint "Cleanup", Time since last: 1000773200 ns, Reaching safepoint: 231200 ns, At safepoint: 104900 ns, Total: 336100 ns
[2020-05-02T06:54:24.116+0000][1][safepoint    ] Safepoint "Cleanup", Time since last: 1000450700 ns, Reaching safepoint: 500900 ns, At safepoint: 200900 ns, Total: 701800 ns
[2020-05-02T06:54:25.117+0000][1][safepoint    ] Safepoint "Cleanup", Time since last: 1000705200 ns, Reaching safepoint: 173500 ns, At safepoint: 77300 ns, Total: 250800 ns
[2020-05-02T06:54:26.118+0000][1][safepoint    ] Safepoint "Cleanup", Time since last: 1000314000 ns, Reaching safepoint: 151100 ns, At safepoint: 64000 ns, Total: 215100 ns
[2020-05-02T06:54:27.119+0000][1][safepoint    ] Safepoint "Cleanup", Time since last: 1000813000 ns, Reaching safepoint: 463000 ns, At safepoint: 215500 ns, Total: 678500 ns
[2020-05-02T06:54:28.120+0000][1][safepoint    ] Safepoint "Cleanup", Time since last: 1000713800 ns, Reaching safepoint: 420400 ns, At safepoint: 227800 ns, Total: 648200 ns
[2020-05-02T06:54:29.122+0000][1][safepoint    ] Safepoint "Cleanup", Time since last: 1000572500 ns, Reaching safepoint: 458700 ns, At safepoint: 221000 ns, Total: 679700 ns
[2020-05-02T06:54:30.122+0000][1][safepoint    ] Safepoint "Cleanup", Time since last: 1000394400 ns, Reaching safepoint: 135600 ns, At safepoint: 51600 ns, Total: 187200 ns
[2020-05-02T06:54:31.123+0000][1][safepoint    ] Safepoint "Cleanup", Time since last: 1000332000 ns, Reaching safepoint: 240700 ns, At safepoint: 111200 ns, Total: 351900 ns
[2020-05-02T06:54:32.124+0000][1][safepoint    ] Safepoint "Cleanup", Time since last: 1000706200 ns, Reaching safepoint: 232100 ns, At safepoint: 67300 ns, Total: 299400 ns
[2020-05-02T06:54:33.125+0000][1][safepoint    ] Safepoint "Cleanup", Time since last: 1000506900 ns, Reaching safepoint: 578600 ns, At safepoint: 241100 ns, Total: 819700 ns
[2020-05-02T06:54:34.127+0000][1][safepoint    ] Safepoint "Cleanup", Time since last: 1001118800 ns, Reaching safepoint: 808300 ns, At safepoint: 218800 ns, Total: 1027100 ns
[2020-05-02T06:54:35.129+0000][1][safepoint    ] Safepoint "Cleanup", Time since last: 1001025100 ns, Reaching safepoint: 460800 ns, At safepoint: 214800 ns, Total: 675600 ns
[2020-05-02T06:54:36.131+0000][1][safepoint    ] Safepoint "Cleanup", Time since last: 1001027000 ns, Reaching safepoint: 459500 ns, At safepoint: 216400 ns, Total: 675900 ns
[2020-05-02T06:54:37.132+0000][1][safepoint    ] Safepoint "Cleanup", Time since last: 1000672100 ns, Reaching safepoint: 546900 ns, At safepoint: 205100 ns, Total: 752000 ns
[2020-05-02T06:54:38.135+0000][1][safepoint    ] Safepoint "Cleanup", Time since last: 1001207900 ns, Reaching safepoint: 865500 ns, At safepoint: 250600 ns, Total: 1116100 ns
[2020-05-02T06:54:39.136+0000][1][safepoint    ] Safepoint "Cleanup", Time since last: 1000919900 ns, Reaching safepoint: 459400 ns, At safepoint: 212400 ns, Total: 671800 ns
[2020-05-02T06:54:40.137+0000][1][safepoint    ] Safepoint "Cleanup", Time since last: 1000470400 ns, Reaching safepoint: 143800 ns, At safepoint: 57300 ns, Total: 201100 ns
[2020-05-02T06:54:41.138+0000][1][safepoint    ] Safepoint "Cleanup", Time since last: 1000876300 ns, Reaching safepoint: 455700 ns, At safepoint: 213000 ns, Total: 668700 ns
[2020-05-02T06:54:42.140+0000][1][safepoint    ] Safepoint "Cleanup", Time since last: 1000951700 ns, Reaching safepoint: 280600 ns, At safepoint: 126600 ns, Total: 407200 ns
[2020-05-02T06:54:43.141+0000][1][safepoint    ] Safepoint "Cleanup", Time since last: 1000398300 ns, Reaching safepoint: 313100 ns, At safepoint: 178500 ns, Total: 491600 ns
[2020-05-02T06:54:44.142+0000][1][safepoint    ] Safepoint "Cleanup", Time since last: 1000882800 ns, Reaching safepoint: 392000 ns, At safepoint: 199900 ns, Total: 591900 ns
[2020-05-02T06:54:45.143+0000][1][safepoint    ] Safepoint "Cleanup", Time since last: 1000705100 ns, Reaching safepoint: 389900 ns, At safepoint: 159900 ns, Total: 549800 ns
[2020-05-02T06:54:46.144+0000][1][safepoint    ] Safepoint "Cleanup", Time since last: 1000677100 ns, Reaching safepoint: 199800 ns, At safepoint: 89200 ns, Total: 289000 ns
[2020-05-02T06:54:47.145+0000][1][safepoint    ] Safepoint "Cleanup", Time since last: 1000314800 ns, Reaching safepoint: 285900 ns, At safepoint: 84300 ns, Total: 370200 ns
[2020-05-02T06:54:48.146+0000][1][safepoint    ] Safepoint "Cleanup", Time since last: 1000323200 ns, Reaching safepoint: 230500 ns, At safepoint: 82600 ns, Total: 313100 ns
[2020-05-02T06:54:49.147+0000][1][safepoint    ] Safepoint "Cleanup", Time since last: 1000537800 ns, Reaching safepoint: 450800 ns, At safepoint: 220300 ns, Total: 671100 ns
[2020-05-02T06:54:50.148+0000][1][safepoint    ] Safepoint "Cleanup", Time since last: 1000852600 ns, Reaching safepoint: 362700 ns, At safepoint: 143800 ns, Total: 506500 ns
[2020-05-02T06:54:51.150+0000][1][safepoint    ] Safepoint "Cleanup", Time since last: 1000643600 ns, Reaching safepoint: 461700 ns, At safepoint: 207300 ns, Total: 669000 ns
[2020-05-02T06:54:52.150+0000][1][safepoint    ] Safepoint "Cleanup", Time since last: 1000374600 ns, Reaching safepoint: 141500 ns, At safepoint: 54900 ns, Total: 196400 ns
[2020-05-02T06:54:53.151+0000][1][safepoint    ] Safepoint "Cleanup", Time since last: 1000605600 ns, Reaching safepoint: 144500 ns, At safepoint: 60800 ns, Total: 205300 ns
[2020-05-02T06:54:54.152+0000][1][safepoint    ] Safepoint "Cleanup", Time since last: 1000563100 ns, Reaching safepoint: 595300 ns, At safepoint: 228300 ns, Total: 823600 ns
[2020-05-02T06:54:55.154+0000][1][safepoint    ] Safepoint "Cleanup", Time since last: 1000703600 ns, Reaching safepoint: 556400 ns, At safepoint: 206200 ns, Total: 762600 ns
[2020-05-02T06:54:56.156+0000][1][safepoint    ] Safepoint "Cleanup", Time since last: 1001187400 ns, Reaching safepoint: 457800 ns, At safepoint: 483500 ns, Total: 941300 ns
[2020-05-02T06:54:57.157+0000][1][safepoint    ] Safepoint "Cleanup", Time since last: 1000864800 ns, Reaching safepoint: 351900 ns, At safepoint: 154400 ns, Total: 506300 ns
[2020-05-02T06:54:58.158+0000][1][safepoint    ] Safepoint "Cleanup", Time since last: 1000495700 ns, Reaching safepoint: 432200 ns, At safepoint: 211000 ns, Total: 643200 ns
[2020-05-02T06:54:59.160+0000][1][safepoint    ] Safepoint "Cleanup", Time since last: 1000900000 ns, Reaching safepoint: 439000 ns, At safepoint: 141100 ns, Total: 580100 ns
[2020-05-02T06:55:00.160+0000][1][safepoint    ] Safepoint "Cleanup", Time since last: 1000295600 ns, Reaching safepoint: 167800 ns, At safepoint: 56100 ns, Total: 223900 ns
[2020-05-02T06:55:01.161+0000][1][safepoint    ] Safepoint "Cleanup", Time since last: 1000312200 ns, Reaching safepoint: 507000 ns, At safepoint: 166500 ns, Total: 673500 ns
[2020-05-02T06:55:02.162+0000][1][safepoint    ] Safepoint "Cleanup", Time since last: 1000678500 ns, Reaching safepoint: 133700 ns, At safepoint: 67100 ns, Total: 200800 ns
[2020-05-02T06:55:03.163+0000][1][safepoint    ] Safepoint "Cleanup", Time since last: 1000376500 ns, Reaching safepoint: 452800 ns, At safepoint: 200300 ns, Total: 653100 ns
[2020-05-02T06:55:04.165+0000][1][safepoint    ] Safepoint "Cleanup", Time since last: 1000663300 ns, Reaching safepoint: 491200 ns, At safepoint: 182100 ns, Total: 673300 ns
[2020-05-02T06:55:05.166+0000][1][safepoint    ] Safepoint "Cleanup", Time since last: 1000734100 ns, Reaching safepoint: 153300 ns, At safepoint: 58100 ns, Total: 211400 ns
[2020-05-02T06:55:06.167+0000][1][safepoint    ] Safepoint "Cleanup", Time since last: 1000396900 ns, Reaching safepoint: 513500 ns, At safepoint: 198200 ns, Total: 711700 ns
[2020-05-02T06:55:07.168+0000][1][safepoint    ] Safepoint "Cleanup", Time since last: 1000570400 ns, Reaching safepoint: 522200 ns, At safepoint: 198800 ns, Total: 721000 ns
[2020-05-02T06:55:08.169+0000][1][safepoint    ] Safepoint "Cleanup", Time since last: 1000696600 ns, Reaching safepoint: 203100 ns, At safepoint: 91100 ns, Total: 294200 ns
[2020-05-02T06:55:09.170+0000][1][safepoint    ] Safepoint "Cleanup", Time since last: 1000440700 ns, Reaching safepoint: 425400 ns, At safepoint: 272800 ns, Total: 698200 ns
[2020-05-02T06:55:10.171+0000][1][safepoint    ] Safepoint "Cleanup", Time since last: 1000839400 ns, Reaching safepoint: 133400 ns, At safepoint: 61300 ns, Total: 194700 ns
[2020-05-02T06:55:11.173+0000][1][safepoint    ] Safepoint "Cleanup", Time since last: 1000740100 ns, Reaching safepoint: 427600 ns, At safepoint: 201600 ns, Total: 629200 ns
[2020-05-02T06:55:12.174+0000][1][safepoint    ] Safepoint "Cleanup", Time since last: 1000861100 ns, Reaching safepoint: 227100 ns, At safepoint: 59000 ns, Total: 286100 ns
[2020-05-02T06:55:13.175+0000][1][safepoint    ] Safepoint "Cleanup", Time since last: 1000547600 ns, Reaching safepoint: 488000 ns, At safepoint: 246600 ns, Total: 734600 ns
[2020-05-02T06:55:14.176+0000][1][safepoint    ] Safepoint "Cleanup", Time since last: 1000843500 ns, Reaching safepoint: 139400 ns, At safepoint: 57800 ns, Total: 197200 ns
[2020-05-02T06:55:15.177+0000][1][safepoint    ] Safepoint "Cleanup", Time since last: 1000487700 ns, Reaching safepoint: 148500 ns, At safepoint: 63800 ns, Total: 212300 ns
[2020-05-02T06:55:16.177+0000][1][safepoint    ] Safepoint "Cleanup", Time since last: 1000611300 ns, Reaching safepoint: 140300 ns, At safepoint: 77900 ns, Total: 218200 ns
[2020-05-02T06:55:17.179+0000][1][safepoint    ] Safepoint "Cleanup", Time since last: 1000500300 ns, Reaching safepoint: 424500 ns, At safepoint: 212300 ns, Total: 636800 ns
[2020-05-02T06:55:18.179+0000][1][safepoint    ] Safepoint "Cleanup", Time since last: 1000330700 ns, Reaching safepoint: 139300 ns, At safepoint: 76400 ns, Total: 215700 ns
[2020-05-02T06:55:19.180+0000][1][safepoint    ] Safepoint "Cleanup", Time since last: 1000225600 ns, Reaching safepoint: 146900 ns, At safepoint: 68300 ns, Total: 215200 ns
[2020-05-02T06:55:20.181+0000][1][safepoint    ] Safepoint "Cleanup", Time since last: 1000539900 ns, Reaching safepoint: 253300 ns, At safepoint: 122500 ns, Total: 375800 ns
[2020-05-02T06:55:21.182+0000][1][safepoint    ] Safepoint "Cleanup", Time since last: 1000502700 ns, Reaching safepoint: 323900 ns, At safepoint: 158700 ns, Total: 482600 ns
[2020-05-02T06:55:22.183+0000][1][safepoint    ] Safepoint "Cleanup", Time since last: 1000926800 ns, Reaching safepoint: 322600 ns, At safepoint: 157300 ns, Total: 479900 ns
[2020-05-02T06:55:23.184+0000][1][safepoint    ] Safepoint "Cleanup", Time since last: 1000408300 ns, Reaching safepoint: 132000 ns, At safepoint: 57200 ns, Total: 189200 ns
[2020-05-02T06:55:24.184+0000][1][safepoint    ] Safepoint "Cleanup", Time since last: 1000216700 ns, Reaching safepoint: 137000 ns, At safepoint: 71800 ns, Total: 208800 ns
[2020-05-02T06:55:25.185+0000][1][safepoint    ] Safepoint "Cleanup", Time since last: 1000650700 ns, Reaching safepoint: 162700 ns, At safepoint: 61300 ns, Total: 224000 ns
[2020-05-02T06:55:26.185+0000][1][safepoint    ] Safepoint "Cleanup", Time since last: 1000394600 ns, Reaching safepoint: 135300 ns, At safepoint: 51000 ns, Total: 186300 ns
[2020-05-02T06:55:27.186+0000][1][safepoint    ] Safepoint "Cleanup", Time since last: 1000225900 ns, Reaching safepoint: 136000 ns, At safepoint: 49600 ns, Total: 185600 ns
[2020-05-02T06:55:28.186+0000][1][safepoint    ] Safepoint "Cleanup", Time since last: 1000317700 ns, Reaching safepoint: 174600 ns, At safepoint: 55500 ns, Total: 230100 ns
[2020-05-02T06:55:30.177+0000][1][safepoint    ] Safepoint "Cleanup", Time since last: 1990582500 ns, Reaching safepoint: 134200 ns, At safepoint: 43300 ns, Total: 177500 ns
[2020-05-02T06:55:31.178+0000][1][safepoint    ] Safepoint "Cleanup", Time since last: 1000227100 ns, Reaching safepoint: 158200 ns, At safepoint: 58400 ns, Total: 216600 ns
[2020-05-02T06:55:32.066+0000][1][gc,start     ] GC(60) Pause Young (Allocation Failure)
[2020-05-02T06:55:32.066+0000][1][gc,task      ] GC(60) Using 10 workers of 10 for evacuation
[2020-05-02T06:55:32.071+0000][1][gc,age       ] GC(60) Desired survivor size 8945664 bytes, new threshold 6 (max threshold 6)
[2020-05-02T06:55:32.071+0000][1][gc,age       ] GC(60) Age table with threshold 6 (max threshold 6)
[2020-05-02T06:55:32.071+0000][1][gc,age       ] GC(60) - age   1:      56040 bytes,      56040 total
[2020-05-02T06:55:32.071+0000][1][gc,age       ] GC(60) - age   2:     322888 bytes,     378928 total
[2020-05-02T06:55:32.071+0000][1][gc,age       ] GC(60) - age   4:        600 bytes,     379528 total
[2020-05-02T06:55:32.071+0000][1][gc,age       ] GC(60) - age   5:         72 bytes,     379600 total
[2020-05-02T06:55:32.071+0000][1][gc,age       ] GC(60) - age   6:        528 bytes,     380128 total
[2020-05-02T06:55:32.071+0000][1][gc,heap      ] GC(60) ParNew: 140206K->520K(157248K)
[2020-05-02T06:55:32.071+0000][1][gc,heap      ] GC(60) CMS: 82471K->82475K(349568K)
[2020-05-02T06:55:32.071+0000][1][gc,metaspace ] GC(60) Metaspace: 97629K->97629K(1138688K)
[2020-05-02T06:55:32.071+0000][1][gc           ] GC(60) Pause Young (Allocation Failure) 217M->81M(494M) 5.029ms
[2020-05-02T06:55:32.071+0000][1][gc,cpu       ] GC(60) User=0.02s Sys=0.00s Real=0.00s
[2020-05-02T06:55:32.071+0000][1][safepoint    ] Safepoint "GenCollectForAllocation", Time since last: 888063200 ns, Reaching safepoint: 224700 ns, At safepoint: 5193500 ns, Total: 5418200 ns
[2020-05-02T06:55:33.072+0000][1][safepoint    ] Safepoint "Cleanup", Time since last: 1000448100 ns, Reaching safepoint: 502700 ns, At safepoint: 200500 ns, Total: 703200 ns
[2020-05-02T06:55:34.073+0000][1][safepoint    ] Safepoint "Cleanup", Time since last: 1000472000 ns, Reaching safepoint: 211600 ns, At safepoint: 94200 ns, Total: 305800 ns
[2020-05-02T06:55:35.074+0000][1][safepoint    ] Safepoint "Cleanup", Time since last: 1000534800 ns, Reaching safepoint: 509100 ns, At safepoint: 180000 ns, Total: 689100 ns
[2020-05-02T06:55:36.075+0000][1][safepoint    ] Safepoint "Cleanup", Time since last: 1000314600 ns, Reaching safepoint: 128300 ns, At safepoint: 49100 ns, Total: 177400 ns
[2020-05-02T06:55:37.076+0000][1][safepoint    ] Safepoint "Cleanup", Time since last: 1000817300 ns, Reaching safepoint: 461300 ns, At safepoint: 319200 ns, Total: 780500 ns
[2020-05-02T06:55:38.078+0000][1][safepoint    ] Safepoint "Cleanup", Time since last: 1000844700 ns, Reaching safepoint: 413200 ns, At safepoint: 178900 ns, Total: 592100 ns
[2020-05-02T06:55:39.079+0000][1][safepoint    ] Safepoint "Cleanup", Time since last: 1000486700 ns, Reaching safepoint: 312900 ns, At safepoint: 180700 ns, Total: 493600 ns
[2020-05-02T06:55:40.080+0000][1][safepoint    ] Safepoint "Cleanup", Time since last: 1000772400 ns, Reaching safepoint: 456900 ns, At safepoint: 318800 ns, Total: 775700 ns
[2020-05-02T06:55:41.082+0000][1][safepoint    ] Safepoint "Cleanup", Time since last: 1000981700 ns, Reaching safepoint: 427900 ns, At safepoint: 210600 ns, Total: 638500 ns
[2020-05-02T06:55:42.084+0000][1][safepoint    ] Safepoint "Cleanup", Time since last: 1000990700 ns, Reaching safepoint: 458500 ns, At safepoint: 209600 ns, Total: 668100 ns
[2020-05-02T06:55:43.085+0000][1][safepoint    ] Safepoint "Cleanup", Time since last: 1000823100 ns, Reaching safepoint: 395200 ns, At safepoint: 192900 ns, Total: 588100 ns
[2020-05-02T06:55:45.014+0000][1][safepoint    ] Safepoint "Cleanup", Time since last: 1928211400 ns, Reaching safepoint: 459800 ns, At safepoint: 217800 ns, Total: 677600 ns
[2020-05-02T06:55:46.015+0000][1][safepoint    ] Safepoint "Cleanup", Time since last: 1000751500 ns, Reaching safepoint: 460900 ns, At safepoint: 240600 ns, Total: 701500 ns
[2020-05-02T06:55:47.016+0000][1][safepoint    ] Safepoint "Cleanup", Time since last: 1000688400 ns, Reaching safepoint: 137300 ns, At safepoint: 70700 ns, Total: 208000 ns
[2020-05-02T06:55:48.017+0000][1][safepoint    ] Safepoint "Cleanup", Time since last: 1000491000 ns, Reaching safepoint: 523900 ns, At safepoint: 207900 ns, Total: 731800 ns
[2020-05-02T06:55:49.019+0000][1][safepoint    ] Safepoint "Cleanup", Time since last: 1000675100 ns, Reaching safepoint: 600900 ns, At safepoint: 223700 ns, Total: 824600 ns
[2020-05-02T06:55:50.020+0000][1][safepoint    ] Safepoint "Cleanup", Time since last: 1000642200 ns, Reaching safepoint: 540900 ns, At safepoint: 210700 ns, Total: 751600 ns
[2020-05-02T06:55:51.022+0000][1][safepoint    ] Safepoint "Cleanup", Time since last: 1001117900 ns, Reaching safepoint: 427400 ns, At safepoint: 207900 ns, Total: 635300 ns
[2020-05-02T06:55:52.024+0000][1][safepoint    ] Safepoint "Cleanup", Time since last: 1000993200 ns, Reaching safepoint: 459300 ns, At safepoint: 211700 ns, Total: 671000 ns
[2020-05-02T06:55:53.025+0000][1][safepoint    ] Safepoint "Cleanup", Time since last: 1000946400 ns, Reaching safepoint: 455300 ns, At safepoint: 152400 ns, Total: 607700 ns
[2020-05-02T06:55:54.026+0000][1][safepoint    ] Safepoint "Cleanup", Time since last: 1000542500 ns, Reaching safepoint: 136400 ns, At safepoint: 57900 ns, Total: 194300 ns
[2020-05-02T06:55:55.027+0000][1][safepoint    ] Safepoint "Cleanup", Time since last: 1000709600 ns, Reaching safepoint: 505000 ns, At safepoint: 231900 ns, Total: 736900 ns
[2020-05-02T06:55:56.029+0000][1][safepoint    ] Safepoint "Cleanup", Time since last: 1000975300 ns, Reaching safepoint: 455000 ns, At safepoint: 206100 ns, Total: 661100 ns
[2020-05-02T06:55:57.030+0000][1][safepoint    ] Safepoint "Cleanup", Time since last: 1000681300 ns, Reaching safepoint: 130200 ns, At safepoint: 74200 ns, Total: 204400 ns
[2020-05-02T06:55:58.031+0000][1][safepoint    ] Safepoint "Cleanup", Time since last: 1000326700 ns, Reaching safepoint: 168900 ns, At safepoint: 68700 ns, Total: 237600 ns
[2020-05-02T06:55:59.032+0000][1][safepoint    ] Safepoint "Cleanup", Time since last: 1000434000 ns, Reaching safepoint: 520600 ns, At safepoint: 273500 ns, Total: 794100 ns
[2020-05-02T06:56:00.032+0000][1][safepoint    ] Safepoint "Cleanup", Time since last: 1000368000 ns, Reaching safepoint: 134900 ns, At safepoint: 49700 ns, Total: 184600 ns
[2020-05-02T06:56:01.033+0000][1][safepoint    ] Safepoint "Cleanup", Time since last: 1000581900 ns, Reaching safepoint: 222400 ns, At safepoint: 98400 ns, Total: 320800 ns
[2020-05-02T06:56:02.034+0000][1][safepoint    ] Safepoint "Cleanup", Time since last: 1000575300 ns, Reaching safepoint: 462500 ns, At safepoint: 207200 ns, Total: 669700 ns
[2020-05-02T06:56:03.035+0000][1][safepoint    ] Safepoint "Cleanup", Time since last: 1000554100 ns, Reaching safepoint: 136300 ns, At safepoint: 52600 ns, Total: 188900 ns
[2020-05-02T06:56:04.036+0000][1][safepoint    ] Safepoint "Cleanup", Time since last: 1000383700 ns, Reaching safepoint: 130100 ns, At safepoint: 49400 ns, Total: 179500 ns
[2020-05-02T06:56:05.036+0000][1][safepoint    ] Safepoint "Cleanup", Time since last: 1000206700 ns, Reaching safepoint: 158200 ns, At safepoint: 62200 ns, Total: 220400 ns
[2020-05-02T06:56:06.037+0000][1][safepoint    ] Safepoint "Cleanup", Time since last: 1000776200 ns, Reaching safepoint: 134000 ns, At safepoint: 57400 ns, Total: 191400 ns
[2020-05-02T06:56:07.038+0000][1][safepoint    ] Safepoint "Cleanup", Time since last: 1000371000 ns, Reaching safepoint: 137600 ns, At safepoint: 39400 ns, Total: 177000 ns
[2020-05-02T06:56:08.039+0000][1][safepoint    ] Safepoint "Cleanup", Time since last: 1000483700 ns, Reaching safepoint: 275500 ns, At safepoint: 58300 ns, Total: 333800 ns
[2020-05-02T06:56:09.039+0000][1][safepoint    ] Safepoint "Cleanup", Time since last: 1000265000 ns, Reaching safepoint: 225200 ns, At safepoint: 99600 ns, Total: 324800 ns
[2020-05-02T06:56:10.041+0000][1][safepoint    ] Safepoint "Cleanup", Time since last: 1000915900 ns, Reaching safepoint: 456200 ns, At safepoint: 214800 ns, Total: 671000 ns
[2020-05-02T06:56:11.041+0000][1][safepoint    ] Safepoint "Cleanup", Time since last: 1000534100 ns, Reaching safepoint: 134600 ns, At safepoint: 52400 ns, Total: 187000 ns
[2020-05-02T06:56:12.042+0000][1][safepoint    ] Safepoint "Cleanup", Time since last: 1000183700 ns, Reaching safepoint: 150000 ns, At safepoint: 65700 ns, Total: 215700 ns
[2020-05-02T06:56:13.043+0000][1][safepoint    ] Safepoint "Cleanup", Time since last: 1000517900 ns, Reaching safepoint: 518200 ns, At safepoint: 200400 ns, Total: 718600 ns
[2020-05-02T06:56:14.044+0000][1][safepoint    ] Safepoint "Cleanup", Time since last: 1000626600 ns, Reaching safepoint: 244600 ns, At safepoint: 83800 ns, Total: 328400 ns
[2020-05-02T06:56:15.046+0000][1][safepoint    ] Safepoint "Cleanup", Time since last: 1000921200 ns, Reaching safepoint: 454600 ns, At safepoint: 264400 ns, Total: 719000 ns
[2020-05-02T06:56:16.047+0000][1][safepoint    ] Safepoint "Cleanup", Time since last: 1000740600 ns, Reaching safepoint: 455000 ns, At safepoint: 213800 ns, Total: 668800 ns
[2020-05-02T06:56:17.048+0000][1][safepoint    ] Safepoint "Cleanup", Time since last: 1000729000 ns, Reaching safepoint: 194700 ns, At safepoint: 87400 ns, Total: 282100 ns
[2020-05-02T06:56:18.049+0000][1][safepoint    ] Safepoint "Cleanup", Time since last: 1000489700 ns, Reaching safepoint: 569700 ns, At safepoint: 205100 ns, Total: 774800 ns
[2020-05-02T06:56:19.050+0000][1][safepoint    ] Safepoint "Cleanup", Time since last: 1000589200 ns, Reaching safepoint: 262900 ns, At safepoint: 101700 ns, Total: 364600 ns
[2020-05-02T06:56:20.052+0000][1][safepoint    ] Safepoint "Cleanup", Time since last: 1001006600 ns, Reaching safepoint: 477900 ns, At safepoint: 324200 ns, Total: 802100 ns
[2020-05-02T06:56:21.053+0000][1][safepoint    ] Safepoint "Cleanup", Time since last: 1000633400 ns, Reaching safepoint: 444100 ns, At safepoint: 216100 ns, Total: 660200 ns
[2020-05-02T06:56:22.054+0000][1][safepoint    ] Safepoint "Cleanup", Time since last: 1000362000 ns, Reaching safepoint: 202600 ns, At safepoint: 92500 ns, Total: 295100 ns
[2020-05-02T06:56:23.055+0000][1][safepoint    ] Safepoint "Cleanup", Time since last: 1000468300 ns, Reaching safepoint: 448700 ns, At safepoint: 229900 ns, Total: 678600 ns
[2020-05-02T06:56:24.057+0000][1][safepoint    ] Safepoint "Cleanup", Time since last: 1000602400 ns, Reaching safepoint: 575000 ns, At safepoint: 114000 ns, Total: 689000 ns
[2020-05-02T06:56:25.057+0000][1][safepoint    ] Safepoint "Cleanup", Time since last: 1000558200 ns, Reaching safepoint: 124500 ns, At safepoint: 36800 ns, Total: 161300 ns
[2020-05-02T06:56:26.058+0000][1][safepoint    ] Safepoint "Cleanup", Time since last: 1000214800 ns, Reaching safepoint: 136700 ns, At safepoint: 40200 ns, Total: 176900 ns
[2020-05-02T06:56:27.058+0000][1][safepoint    ] Safepoint "Cleanup", Time since last: 1000165500 ns, Reaching safepoint: 187000 ns, At safepoint: 36300 ns, Total: 223300 ns
[2020-05-02T06:56:28.059+0000][1][safepoint    ] Safepoint "Cleanup", Time since last: 1000402200 ns, Reaching safepoint: 405400 ns, At safepoint: 129100 ns, Total: 534500 ns
[2020-05-02T06:56:29.060+0000][1][safepoint    ] Safepoint "Cleanup", Time since last: 1000672400 ns, Reaching safepoint: 132200 ns, At safepoint: 55300 ns, Total: 187500 ns
[2020-05-02T06:56:30.061+0000][1][safepoint    ] Safepoint "Cleanup", Time since last: 1000730600 ns, Reaching safepoint: 443200 ns, At safepoint: 207100 ns, Total: 650300 ns
[2020-05-02T06:56:31.062+0000][1][safepoint    ] Safepoint "Cleanup", Time since last: 1000624200 ns, Reaching safepoint: 166200 ns, At safepoint: 72200 ns, Total: 238400 ns
[2020-05-02T06:56:32.581+0000][1][safepoint    ] Safepoint "Cleanup", Time since last: 1519105200 ns, Reaching safepoint: 134200 ns, At safepoint: 54000 ns, Total: 188200 ns
[2020-05-02T06:56:33.582+0000][1][safepoint    ] Safepoint "Cleanup", Time since last: 1000193900 ns, Reaching safepoint: 256600 ns, At safepoint: 39500 ns, Total: 296100 ns
[2020-05-02T06:56:34.583+0000][1][safepoint    ] Safepoint "Cleanup", Time since last: 1000430700 ns, Reaching safepoint: 500400 ns, At safepoint: 179300 ns, Total: 679700 ns
[2020-05-02T06:56:35.584+0000][1][safepoint    ] Safepoint "Cleanup", Time since last: 1000803600 ns, Reaching safepoint: 142900 ns, At safepoint: 61700 ns, Total: 204600 ns
[2020-05-02T06:56:36.585+0000][1][safepoint    ] Safepoint "Cleanup", Time since last: 1000237500 ns, Reaching safepoint: 921800 ns, At safepoint: 292300 ns, Total: 1214100 ns
[2020-05-02T06:56:37.586+0000][1][safepoint    ] Safepoint "Cleanup", Time since last: 1000726200 ns, Reaching safepoint: 205400 ns, At safepoint: 94700 ns, Total: 300100 ns
[2020-05-02T06:56:38.587+0000][1][safepoint    ] Safepoint "Cleanup", Time since last: 1000429700 ns, Reaching safepoint: 134800 ns, At safepoint: 61300 ns, Total: 196100 ns
[2020-05-02T06:56:39.588+0000][1][safepoint    ] Safepoint "Cleanup", Time since last: 1000270900 ns, Reaching safepoint: 243000 ns, At safepoint: 76100 ns, Total: 319100 ns
[2020-05-02T06:56:40.588+0000][1][safepoint    ] Safepoint "Cleanup", Time since last: 1000381200 ns, Reaching safepoint: 212700 ns, At safepoint: 79500 ns, Total: 292200 ns
[2020-05-02T06:56:41.589+0000][1][safepoint    ] Safepoint "Cleanup", Time since last: 1000234500 ns, Reaching safepoint: 162000 ns, At safepoint: 60800 ns, Total: 222800 ns
[2020-05-02T06:56:42.590+0000][1][safepoint    ] Safepoint "Cleanup", Time since last: 1000674800 ns, Reaching safepoint: 355900 ns, At safepoint: 135600 ns, Total: 491500 ns
[2020-05-02T06:56:43.590+0000][1][safepoint    ] Safepoint "Cleanup", Time since last: 1000296200 ns, Reaching safepoint: 133500 ns, At safepoint: 46400 ns, Total: 179900 ns
[2020-05-02T06:56:44.591+0000][1][safepoint    ] Safepoint "Cleanup", Time since last: 1000357400 ns, Reaching safepoint: 251700 ns, At safepoint: 172800 ns, Total: 424500 ns
[2020-05-02T06:56:45.592+0000][1][safepoint    ] Safepoint "Cleanup", Time since last: 1000386700 ns, Reaching safepoint: 180500 ns, At safepoint: 70100 ns, Total: 250600 ns
[2020-05-02T06:56:46.593+0000][1][safepoint    ] Safepoint "Cleanup", Time since last: 1000407400 ns, Reaching safepoint: 377300 ns, At safepoint: 210000 ns, Total: 587300 ns
[2020-05-02T06:56:47.594+0000][1][safepoint    ] Safepoint "Cleanup", Time since last: 1000395000 ns, Reaching safepoint: 215400 ns, At safepoint: 100600 ns, Total: 316000 ns
[2020-05-02T06:56:48.595+0000][1][safepoint    ] Safepoint "Cleanup", Time since last: 1000766000 ns, Reaching safepoint: 153000 ns, At safepoint: 69200 ns, Total: 222200 ns
[2020-05-02T06:56:49.595+0000][1][safepoint    ] Safepoint "Cleanup", Time since last: 1000218900 ns, Reaching safepoint: 149000 ns, At safepoint: 58300 ns, Total: 207300 ns
[2020-05-02T06:56:50.595+0000][1][safepoint    ] Safepoint "Cleanup", Time since last: 1000213700 ns, Reaching safepoint: 127600 ns, At safepoint: 51300 ns, Total: 178900 ns
[2020-05-02T06:56:51.596+0000][1][safepoint    ] Safepoint "Cleanup", Time since last: 1000385300 ns, Reaching safepoint: 172400 ns, At safepoint: 41900 ns, Total: 214300 ns
[2020-05-02T06:56:52.596+0000][1][safepoint    ] Safepoint "Cleanup", Time since last: 1000261000 ns, Reaching safepoint: 139800 ns, At safepoint: 53900 ns, Total: 193700 ns
[2020-05-02T06:56:53.597+0000][1][safepoint    ] Safepoint "Cleanup", Time since last: 1000176500 ns, Reaching safepoint: 123300 ns, At safepoint: 47600 ns, Total: 170900 ns
[2020-05-02T06:56:54.597+0000][1][safepoint    ] Safepoint "Cleanup", Time since last: 1000238100 ns, Reaching safepoint: 132800 ns, At safepoint: 53100 ns, Total: 185900 ns
[2020-05-02T06:56:55.598+0000][1][safepoint    ] Safepoint "Cleanup", Time since last: 1000205300 ns, Reaching safepoint: 123000 ns, At safepoint: 48300 ns, Total: 171300 ns
[2020-05-02T06:56:56.598+0000][1][safepoint    ] Safepoint "Cleanup", Time since last: 1000289300 ns, Reaching safepoint: 131100 ns, At safepoint: 50400 ns, Total: 181500 ns
[2020-05-02T06:56:57.598+0000][1][safepoint    ] Safepoint "Cleanup", Time since last: 1000197800 ns, Reaching safepoint: 134800 ns, At safepoint: 56500 ns, Total: 191300 ns
[2020-05-02T06:56:58.599+0000][1][safepoint    ] Safepoint "Cleanup", Time since last: 1000151900 ns, Reaching safepoint: 139500 ns, At safepoint: 56800 ns, Total: 196300 ns
[2020-05-02T06:56:59.599+0000][1][safepoint    ] Safepoint "Cleanup", Time since last: 1000383200 ns, Reaching safepoint: 232200 ns, At safepoint: 113000 ns, Total: 345200 ns
[2020-05-02T06:57:00.600+0000][1][safepoint    ] Safepoint "Cleanup", Time since last: 1000273500 ns, Reaching safepoint: 150600 ns, At safepoint: 72700 ns, Total: 223300 ns
[2020-05-02T06:57:01.601+0000][1][safepoint    ] Safepoint "Cleanup", Time since last: 1000700600 ns, Reaching safepoint: 233500 ns, At safepoint: 113100 ns, Total: 346600 ns
[2020-05-02T06:57:02.601+0000][1][safepoint    ] Safepoint "Cleanup", Time since last: 1000290000 ns, Reaching safepoint: 126800 ns, At safepoint: 50600 ns, Total: 177400 ns
[2020-05-02T06:57:03.603+0000][1][safepoint    ] Safepoint "Cleanup", Time since last: 1000483800 ns, Reaching safepoint: 442900 ns, At safepoint: 223900 ns, Total: 666800 ns
[2020-05-02T06:57:04.603+0000][1][safepoint    ] Safepoint "Cleanup", Time since last: 1000474200 ns, Reaching safepoint: 144000 ns, At safepoint: 66300 ns, Total: 210300 ns
[2020-05-02T06:57:05.604+0000][1][safepoint    ] Safepoint "Cleanup", Time since last: 1000528500 ns, Reaching safepoint: 147900 ns, At safepoint: 54900 ns, Total: 202800 ns
[2020-05-02T06:57:06.605+0000][1][safepoint    ] Safepoint "Cleanup", Time since last: 1000373700 ns, Reaching safepoint: 491900 ns, At safepoint: 194600 ns, Total: 686500 ns
[2020-05-02T06:57:07.606+0000][1][safepoint    ] Safepoint "Cleanup", Time since last: 1000313700 ns, Reaching safepoint: 159800 ns, At safepoint: 51000 ns, Total: 210800 ns
[2020-05-02T06:57:08.606+0000][1][safepoint    ] Safepoint "Cleanup", Time since last: 1000198800 ns, Reaching safepoint: 146200 ns, At safepoint: 51900 ns, Total: 198100 ns
[2020-05-02T06:57:09.607+0000][1][safepoint    ] Safepoint "Cleanup", Time since last: 1000260800 ns, Reaching safepoint: 144300 ns, At safepoint: 56300 ns, Total: 200600 ns
[2020-05-02T06:57:10.608+0000][1][safepoint    ] Safepoint "Cleanup", Time since last: 1000477000 ns, Reaching safepoint: 397400 ns, At safepoint: 197300 ns, Total: 594700 ns
[2020-05-02T06:57:11.609+0000][1][safepoint    ] Safepoint "Cleanup", Time since last: 1000579600 ns, Reaching safepoint: 313900 ns, At safepoint: 152100 ns, Total: 466000 ns
[2020-05-02T06:57:12.609+0000][1][safepoint    ] Safepoint "Cleanup", Time since last: 1000453100 ns, Reaching safepoint: 234900 ns, At safepoint: 95700 ns, Total: 330600 ns
[2020-05-02T06:57:13.610+0000][1][safepoint    ] Safepoint "Cleanup", Time since last: 1000330800 ns, Reaching safepoint: 328400 ns, At safepoint: 132900 ns, Total: 461300 ns
[2020-05-02T06:57:14.611+0000][1][safepoint    ] Safepoint "Cleanup", Time since last: 1000337800 ns, Reaching safepoint: 136600 ns, At safepoint: 58400 ns, Total: 195000 ns
[2020-05-02T06:57:15.612+0000][1][safepoint    ] Safepoint "Cleanup", Time since last: 1000537700 ns, Reaching safepoint: 415700 ns, At safepoint: 287400 ns, Total: 703100 ns
[2020-05-02T06:57:16.613+0000][1][safepoint    ] Safepoint "Cleanup", Time since last: 1000340500 ns, Reaching safepoint: 139000 ns, At safepoint: 58400 ns, Total: 197400 ns
[2020-05-02T06:57:17.614+0000][1][safepoint    ] Safepoint "Cleanup", Time since last: 1000865100 ns, Reaching safepoint: 483100 ns, At safepoint: 353400 ns, Total: 836500 ns
[2020-05-02T06:57:18.615+0000][1][safepoint    ] Safepoint "Cleanup", Time since last: 1000736400 ns, Reaching safepoint: 161900 ns, At safepoint: 100200 ns, Total: 262100 ns
[2020-05-02T06:57:19.616+0000][1][safepoint    ] Safepoint "Cleanup", Time since last: 1000369300 ns, Reaching safepoint: 327100 ns, At safepoint: 158600 ns, Total: 485700 ns
[2020-05-02T06:57:20.617+0000][1][safepoint    ] Safepoint "Cleanup", Time since last: 1000394000 ns, Reaching safepoint: 215300 ns, At safepoint: 131600 ns, Total: 346900 ns
[2020-05-02T06:57:21.618+0000][1][safepoint    ] Safepoint "Cleanup", Time since last: 1000778400 ns, Reaching safepoint: 193600 ns, At safepoint: 80600 ns, Total: 274200 ns
[2020-05-02T06:57:22.619+0000][1][safepoint    ] Safepoint "Cleanup", Time since last: 1000619500 ns, Reaching safepoint: 271500 ns, At safepoint: 130300 ns, Total: 401800 ns
[2020-05-02T06:57:23.620+0000][1][safepoint    ] Safepoint "Cleanup", Time since last: 1000496300 ns, Reaching safepoint: 504800 ns, At safepoint: 205700 ns, Total: 710500 ns
[2020-05-02T06:57:24.144+0000][1][safepoint    ] Safepoint "RevokeBias", Time since last: 523734200 ns, Reaching safepoint: 326800 ns, At safepoint: 228800 ns, Total: 555600 ns
[2020-05-02T06:57:24.146+0000][1][safepoint    ] Safepoint "RevokeBias", Time since last: 749700 ns, Reaching safepoint: 402500 ns, At safepoint: 72300 ns, Total: 474800 ns
[2020-05-02T06:57:24.149+0000][1][safepoint    ] Safepoint "RevokeBias", Time since last: 2394200 ns, Reaching safepoint: 319000 ns, At safepoint: 447800 ns, Total: 766800 ns
[2020-05-02T06:57:24.150+0000][1][safepoint    ] Safepoint "RevokeBias", Time since last: 606800 ns, Reaching safepoint: 237200 ns, At safepoint: 150400 ns, Total: 387600 ns
[2020-05-02T06:57:24.151+0000][1][safepoint    ] Safepoint "RevokeBias", Time since last: 571500 ns, Reaching safepoint: 195100 ns, At safepoint: 41900 ns, Total: 237000 ns
[2020-05-02T06:57:24.151+0000][1][safepoint    ] Safepoint "RevokeBias", Time since last: 202500 ns, Reaching safepoint: 68700 ns, At safepoint: 41400 ns, Total: 110100 ns
[2020-05-02T06:57:24.151+0000][1][safepoint    ] Safepoint "RevokeBias", Time since last: 189000 ns, Reaching safepoint: 67700 ns, At safepoint: 43800 ns, Total: 111500 ns
[2020-05-02T06:57:24.151+0000][1][safepoint    ] Safepoint "RevokeBias", Time since last: 203400 ns, Reaching safepoint: 67100 ns, At safepoint: 41700 ns, Total: 108800 ns
[2020-05-02T06:57:24.152+0000][1][safepoint    ] Safepoint "RevokeBias", Time since last: 288700 ns, Reaching safepoint: 70300 ns, At safepoint: 41000 ns, Total: 111300 ns
[2020-05-02T06:57:24.167+0000][1][safepoint    ] Safepoint "RevokeBias", Time since last: 15004200 ns, Reaching safepoint: 119600 ns, At safepoint: 46000 ns, Total: 165600 ns
[2020-05-02T06:57:24.168+0000][1][safepoint    ] Safepoint "RevokeBias", Time since last: 470400 ns, Reaching safepoint: 100000 ns, At safepoint: 92600 ns, Total: 192600 ns
[2020-05-02T06:57:24.868+0000][1][safepoint    ] Safepoint "RevokeBias", Time since last: 699505400 ns, Reaching safepoint: 311600 ns, At safepoint: 155100 ns, Total: 466700 ns
[2020-05-02T06:57:25.870+0000][1][safepoint    ] Safepoint "Cleanup", Time since last: 1000898800 ns, Reaching safepoint: 763400 ns, At safepoint: 351000 ns, Total: 1114400 ns
[2020-05-02T06:57:26.871+0000][1][safepoint    ] Safepoint "Cleanup", Time since last: 1000666900 ns, Reaching safepoint: 459900 ns, At safepoint: 352600 ns, Total: 812500 ns
[2020-05-02T06:57:27.873+0000][1][safepoint    ] Safepoint "Cleanup", Time since last: 1000921300 ns, Reaching safepoint: 628800 ns, At safepoint: 327800 ns, Total: 956600 ns
[2020-05-02T06:57:28.875+0000][1][safepoint    ] Safepoint "Cleanup", Time since last: 1000864900 ns, Reaching safepoint: 456700 ns, At safepoint: 453000 ns, Total: 909700 ns
[2020-05-02T06:57:29.877+0000][1][safepoint    ] Safepoint "Cleanup", Time since last: 1000978400 ns, Reaching safepoint: 763300 ns, At safepoint: 456100 ns, Total: 1219400 ns
[2020-05-02T06:57:30.879+0000][1][safepoint    ] Safepoint "Cleanup", Time since last: 1000985000 ns, Reaching safepoint: 447700 ns, At safepoint: 339000 ns, Total: 786700 ns
[2020-05-02T06:57:31.881+0000][1][safepoint    ] Safepoint "Cleanup", Time since last: 1001023200 ns, Reaching safepoint: 1051400 ns, At safepoint: 361600 ns, Total: 1413000 ns
[2020-05-02T06:57:32.883+0000][1][safepoint    ] Safepoint "Cleanup", Time since last: 1000944200 ns, Reaching safepoint: 668100 ns, At safepoint: 383700 ns, Total: 1051800 ns
[2020-05-02T06:57:33.884+0000][1][safepoint    ] Safepoint "Cleanup", Time since last: 1000632200 ns, Reaching safepoint: 167600 ns, At safepoint: 102600 ns, Total: 270200 ns
[2020-05-02T06:57:34.886+0000][1][safepoint    ] Safepoint "Cleanup", Time since last: 1000812600 ns, Reaching safepoint: 823500 ns, At safepoint: 325800 ns, Total: 1149300 ns
[2020-05-02T06:57:35.887+0000][1][safepoint    ] Safepoint "Cleanup", Time since last: 1000622500 ns, Reaching safepoint: 275700 ns, At safepoint: 84400 ns, Total: 360100 ns
[2020-05-02T06:57:36.888+0000][1][safepoint    ] Safepoint "Cleanup", Time since last: 1000362800 ns, Reaching safepoint: 131300 ns, At safepoint: 58100 ns, Total: 189400 ns
[2020-05-02T06:57:37.889+0000][1][safepoint    ] Safepoint "Cleanup", Time since last: 1000666300 ns, Reaching safepoint: 449300 ns, At safepoint: 321400 ns, Total: 770700 ns
[2020-05-02T06:57:38.890+0000][1][safepoint    ] Safepoint "Cleanup", Time since last: 1000599800 ns, Reaching safepoint: 135800 ns, At safepoint: 80200 ns, Total: 216000 ns
[2020-05-02T06:57:39.891+0000][1][safepoint    ] Safepoint "Cleanup", Time since last: 1000578100 ns, Reaching safepoint: 256800 ns, At safepoint: 85700 ns, Total: 342500 ns
[2020-05-02T06:57:40.892+0000][1][safepoint    ] Safepoint "Cleanup", Time since last: 1000621300 ns, Reaching safepoint: 416100 ns, At safepoint: 320500 ns, Total: 736600 ns
[2020-05-02T06:57:41.894+0000][1][safepoint    ] Safepoint "Cleanup", Time since last: 1000947100 ns, Reaching safepoint: 513400 ns, At safepoint: 308200 ns, Total: 821600 ns
[2020-05-02T06:57:42.896+0000][1][safepoint    ] Safepoint "Cleanup", Time since last: 1000935600 ns, Reaching safepoint: 453500 ns, At safepoint: 876200 ns, Total: 1329700 ns
[2020-05-02T06:57:43.898+0000][1][safepoint    ] Safepoint "Cleanup", Time since last: 1000797400 ns, Reaching safepoint: 845300 ns, At safepoint: 410200 ns, Total: 1255500 ns
[2020-05-02T06:57:44.900+0000][1][safepoint    ] Safepoint "Cleanup", Time since last: 1001236100 ns, Reaching safepoint: 135100 ns, At safepoint: 88000 ns, Total: 223100 ns
[2020-05-02T06:57:45.901+0000][1][safepoint    ] Safepoint "Cleanup", Time since last: 1000585900 ns, Reaching safepoint: 146200 ns, At safepoint: 61900 ns, Total: 208100 ns
[2020-05-02T06:57:46.901+0000][1][safepoint    ] Safepoint "Cleanup", Time since last: 1000212600 ns, Reaching safepoint: 135900 ns, At safepoint: 44300 ns, Total: 180200 ns
[2020-05-02T06:57:47.901+0000][1][safepoint    ] Safepoint "Cleanup", Time since last: 1000193400 ns, Reaching safepoint: 140000 ns, At safepoint: 49200 ns, Total: 189200 ns
[2020-05-02T06:57:48.902+0000][1][safepoint    ] Safepoint "Cleanup", Time since last: 1000206000 ns, Reaching safepoint: 140800 ns, At safepoint: 37000 ns, Total: 177800 ns
[2020-05-02T06:57:49.902+0000][1][safepoint    ] Safepoint "Cleanup", Time since last: 1000190700 ns, Reaching safepoint: 134500 ns, At safepoint: 37900 ns, Total: 172400 ns
[2020-05-02T06:57:50.902+0000][1][safepoint    ] Safepoint "Cleanup", Time since last: 1000189000 ns, Reaching safepoint: 130000 ns, At safepoint: 37000 ns, Total: 167000 ns
[2020-05-02T06:57:51.903+0000][1][safepoint    ] Safepoint "Cleanup", Time since last: 1000190300 ns, Reaching safepoint: 130900 ns, At safepoint: 37500 ns, Total: 168400 ns
[2020-05-02T06:57:52.903+0000][1][safepoint    ] Safepoint "Cleanup", Time since last: 1000191000 ns, Reaching safepoint: 128800 ns, At safepoint: 38000 ns, Total: 166800 ns
[2020-05-02T06:57:53.904+0000][1][safepoint    ] Safepoint "Cleanup", Time since last: 1000229500 ns, Reaching safepoint: 129800 ns, At safepoint: 35100 ns, Total: 164900 ns
[2020-05-02T06:57:54.904+0000][1][safepoint    ] Safepoint "Cleanup", Time since last: 1000252200 ns, Reaching safepoint: 127800 ns, At safepoint: 35200 ns, Total: 163000 ns
[2020-05-02T06:57:55.904+0000][1][safepoint    ] Safepoint "Cleanup", Time since last: 1000294500 ns, Reaching safepoint: 131100 ns, At safepoint: 82100 ns, Total: 213200 ns
[2020-05-02T06:57:56.905+0000][1][safepoint    ] Safepoint "Cleanup", Time since last: 1000226200 ns, Reaching safepoint: 128400 ns, At safepoint: 35400 ns, Total: 163800 ns
[2020-05-02T06:57:57.905+0000][1][safepoint    ] Safepoint "Cleanup", Time since last: 1000185100 ns, Reaching safepoint: 128500 ns, At safepoint: 37700 ns, Total: 166200 ns
[2020-05-02T06:57:58.906+0000][1][safepoint    ] Safepoint "Cleanup", Time since last: 1000207300 ns, Reaching safepoint: 264100 ns, At safepoint: 34600 ns, Total: 298700 ns
[2020-05-02T06:57:59.909+0000][1][safepoint    ] Safepoint "Cleanup", Time since last: 1003212300 ns, Reaching safepoint: 133500 ns, At safepoint: 56700 ns, Total: 190200 ns
[2020-05-02T06:58:00.909+0000][1][safepoint    ] Safepoint "Cleanup", Time since last: 1000196700 ns, Reaching safepoint: 133200 ns, At safepoint: 49100 ns, Total: 182300 ns
[2020-05-02T06:58:01.910+0000][1][safepoint    ] Safepoint "Cleanup", Time since last: 1000439200 ns, Reaching safepoint: 359400 ns, At safepoint: 170000 ns, Total: 529400 ns
[2020-05-02T06:58:02.912+0000][1][safepoint    ] Safepoint "Cleanup", Time since last: 1000561600 ns, Reaching safepoint: 409900 ns, At safepoint: 224200 ns, Total: 634100 ns
[2020-05-02T06:58:03.913+0000][1][safepoint    ] Safepoint "Cleanup", Time since last: 1001033200 ns, Reaching safepoint: 448500 ns, At safepoint: 209100 ns, Total: 657600 ns
[2020-05-02T06:58:04.915+0000][1][safepoint    ] Safepoint "Cleanup", Time since last: 1001025800 ns, Reaching safepoint: 144700 ns, At safepoint: 62200 ns, Total: 206900 ns
[2020-05-02T06:58:05.915+0000][1][safepoint    ] Safepoint "Cleanup", Time since last: 1000587200 ns, Reaching safepoint: 160900 ns, At safepoint: 68800 ns, Total: 229700 ns
[2020-05-02T06:58:06.916+0000][1][safepoint    ] Safepoint "Cleanup", Time since last: 1000555300 ns, Reaching safepoint: 161300 ns, At safepoint: 68100 ns, Total: 229400 ns
[2020-05-02T06:58:07.917+0000][1][safepoint    ] Safepoint "Cleanup", Time since last: 1000673000 ns, Reaching safepoint: 174700 ns, At safepoint: 75500 ns, Total: 250200 ns
[2020-05-02T06:58:08.918+0000][1][safepoint    ] Safepoint "Cleanup", Time since last: 1000494300 ns, Reaching safepoint: 508800 ns, At safepoint: 175600 ns, Total: 684400 ns
[2020-05-02T06:58:09.920+0000][1][safepoint    ] Safepoint "Cleanup", Time since last: 1000595500 ns, Reaching safepoint: 456000 ns, At safepoint: 196000 ns, Total: 652000 ns
[2020-05-02T06:58:10.920+0000][1][safepoint    ] Safepoint "Cleanup", Time since last: 1000707700 ns, Reaching safepoint: 175000 ns, At safepoint: 101500 ns, Total: 276500 ns
[2020-05-02T06:58:11.922+0000][1][safepoint    ] Safepoint "Cleanup", Time since last: 1000834900 ns, Reaching safepoint: 619500 ns, At safepoint: 251200 ns, Total: 870700 ns
[2020-05-02T06:58:12.924+0000][1][safepoint    ] Safepoint "Cleanup", Time since last: 1000635900 ns, Reaching safepoint: 505800 ns, At safepoint: 201800 ns, Total: 707600 ns
[2020-05-02T06:58:13.925+0000][1][safepoint    ] Safepoint "Cleanup", Time since last: 1000728000 ns, Reaching safepoint: 448200 ns, At safepoint: 202300 ns, Total: 650500 ns
[2020-05-02T06:58:14.926+0000][1][safepoint    ] Safepoint "Cleanup", Time since last: 1000744800 ns, Reaching safepoint: 447800 ns, At safepoint: 240300 ns, Total: 688100 ns
[2020-05-02T06:58:15.928+0000][1][safepoint    ] Safepoint "Cleanup", Time since last: 1001141600 ns, Reaching safepoint: 449000 ns, At safepoint: 211400 ns, Total: 660400 ns
[2020-05-02T06:58:16.930+0000][1][safepoint    ] Safepoint "Cleanup", Time since last: 1001105600 ns, Reaching safepoint: 210500 ns, At safepoint: 95100 ns, Total: 305600 ns
[2020-05-02T06:58:17.931+0000][1][safepoint    ] Safepoint "Cleanup", Time since last: 1000558400 ns, Reaching safepoint: 513200 ns, At safepoint: 202500 ns, Total: 715700 ns
[2020-05-02T06:58:18.932+0000][1][safepoint    ] Safepoint "Cleanup", Time since last: 1000598200 ns, Reaching safepoint: 442100 ns, At safepoint: 197300 ns, Total: 639400 ns
[2020-05-02T06:58:19.933+0000][1][safepoint    ] Safepoint "Cleanup", Time since last: 1000600200 ns, Reaching safepoint: 257900 ns, At safepoint: 185100 ns, Total: 443000 ns
[2020-05-02T06:58:20.934+0000][1][safepoint    ] Safepoint "Cleanup", Time since last: 1000593000 ns, Reaching safepoint: 512300 ns, At safepoint: 203600 ns, Total: 715900 ns
[2020-05-02T06:58:21.936+0000][1][safepoint    ] Safepoint "Cleanup", Time since last: 1001051100 ns, Reaching safepoint: 446100 ns, At safepoint: 210600 ns, Total: 656700 ns
[2020-05-02T06:58:22.938+0000][1][safepoint    ] Safepoint "Cleanup", Time since last: 1000789800 ns, Reaching safepoint: 444600 ns, At safepoint: 232700 ns, Total: 677300 ns
[2020-05-02T06:58:24.177+0000][1][safepoint    ] Safepoint "Cleanup", Time since last: 1239070700 ns, Reaching safepoint: 348600 ns, At safepoint: 155200 ns, Total: 503800 ns
[2020-05-02T06:58:25.178+0000][1][safepoint    ] Safepoint "Cleanup", Time since last: 1000634000 ns, Reaching safepoint: 470700 ns, At safepoint: 169500 ns, Total: 640200 ns
[2020-05-02T06:58:26.158+0000][1][gc,start     ] GC(61) Pause Young (Allocation Failure)
[2020-05-02T06:58:26.158+0000][1][gc,task      ] GC(61) Using 10 workers of 10 for evacuation
[2020-05-02T06:58:26.165+0000][1][gc,age       ] GC(61) Desired survivor size 8945664 bytes, new threshold 6 (max threshold 6)
[2020-05-02T06:58:26.165+0000][1][gc,age       ] GC(61) Age table with threshold 6 (max threshold 6)
[2020-05-02T06:58:26.165+0000][1][gc,age       ] GC(61) - age   1:     155240 bytes,     155240 total
[2020-05-02T06:58:26.165+0000][1][gc,age       ] GC(61) - age   2:       1256 bytes,     156496 total
[2020-05-02T06:58:26.165+0000][1][gc,age       ] GC(61) - age   3:     317544 bytes,     474040 total
[2020-05-02T06:58:26.165+0000][1][gc,age       ] GC(61) - age   5:        504 bytes,     474544 total
[2020-05-02T06:58:26.165+0000][1][gc,age       ] GC(61) - age   6:         72 bytes,     474616 total
[2020-05-02T06:58:26.165+0000][1][gc,heap      ] GC(61) ParNew: 140296K->660K(157248K)
[2020-05-02T06:58:26.165+0000][1][gc,heap      ] GC(61) CMS: 82475K->82475K(349568K)
[2020-05-02T06:58:26.165+0000][1][gc,metaspace ] GC(61) Metaspace: 97631K->97631K(1138688K)
[2020-05-02T06:58:26.165+0000][1][gc           ] GC(61) Pause Young (Allocation Failure) 217M->81M(494M) 6.997ms
[2020-05-02T06:58:26.165+0000][1][gc,cpu       ] GC(61) User=0.03s Sys=0.01s Real=0.00s
[2020-05-02T06:58:26.165+0000][1][safepoint    ] Safepoint "GenCollectForAllocation", Time since last: 978916400 ns, Reaching safepoint: 517500 ns, At safepoint: 7107600 ns, Total: 7625100 ns
[2020-05-02T06:58:27.166+0000][1][safepoint    ] Safepoint "Cleanup", Time since last: 1000615600 ns, Reaching safepoint: 414000 ns, At safepoint: 199500 ns, Total: 613500 ns
[2020-05-02T06:58:28.168+0000][1][safepoint    ] Safepoint "Cleanup", Time since last: 1000740100 ns, Reaching safepoint: 453800 ns, At safepoint: 208500 ns, Total: 662300 ns
[2020-05-02T06:58:29.169+0000][1][safepoint    ] Safepoint "Cleanup", Time since last: 1000823800 ns, Reaching safepoint: 455000 ns, At safepoint: 226100 ns, Total: 681100 ns
[2020-05-02T06:58:30.171+0000][1][safepoint    ] Safepoint "Cleanup", Time since last: 1000726600 ns, Reaching safepoint: 525600 ns, At safepoint: 201100 ns, Total: 726700 ns
[2020-05-02T06:58:31.172+0000][1][safepoint    ] Safepoint "Cleanup", Time since last: 1001123800 ns, Reaching safepoint: 460500 ns, At safepoint: 207500 ns, Total: 668000 ns
[2020-05-02T06:58:32.174+0000][1][safepoint    ] Safepoint "Cleanup", Time since last: 1001182600 ns, Reaching safepoint: 447100 ns, At safepoint: 209900 ns, Total: 657000 ns
[2020-05-02T06:58:33.175+0000][1][safepoint    ] Safepoint "Cleanup", Time since last: 1000883600 ns, Reaching safepoint: 199300 ns, At safepoint: 94000 ns, Total: 293300 ns
[2020-05-02T06:58:34.176+0000][1][safepoint    ] Safepoint "Cleanup", Time since last: 1000575600 ns, Reaching safepoint: 128300 ns, At safepoint: 70600 ns, Total: 198900 ns
[2020-05-02T06:58:35.177+0000][1][safepoint    ] Safepoint "Cleanup", Time since last: 1000485200 ns, Reaching safepoint: 516000 ns, At safepoint: 205600 ns, Total: 721600 ns
[2020-05-02T06:58:36.179+0000][1][safepoint    ] Safepoint "Cleanup", Time since last: 1000622400 ns, Reaching safepoint: 417300 ns, At safepoint: 205000 ns, Total: 622300 ns
[2020-05-02T06:58:37.180+0000][1][safepoint    ] Safepoint "Cleanup", Time since last: 1000637800 ns, Reaching safepoint: 417200 ns, At safepoint: 204700 ns, Total: 621900 ns
[2020-05-02T06:58:38.181+0000][1][safepoint    ] Safepoint "Cleanup", Time since last: 1000624800 ns, Reaching safepoint: 491100 ns, At safepoint: 203200 ns, Total: 694300 ns
[2020-05-02T06:58:39.182+0000][1][safepoint    ] Safepoint "Cleanup", Time since last: 1000583000 ns, Reaching safepoint: 430400 ns, At safepoint: 272000 ns, Total: 702400 ns
[2020-05-02T06:58:40.183+0000][1][safepoint    ] Safepoint "Cleanup", Time since last: 1000629300 ns, Reaching safepoint: 137400 ns, At safepoint: 61200 ns, Total: 198600 ns
[2020-05-02T06:58:41.184+0000][1][safepoint    ] Safepoint "Cleanup", Time since last: 1000356100 ns, Reaching safepoint: 377700 ns, At safepoint: 212100 ns, Total: 589800 ns
[2020-05-02T06:58:42.186+0000][1][safepoint    ] Safepoint "Cleanup", Time since last: 1000659600 ns, Reaching safepoint: 417300 ns, At safepoint: 259400 ns, Total: 676700 ns
[2020-05-02T06:58:43.187+0000][1][safepoint    ] Safepoint "Cleanup", Time since last: 1000579200 ns, Reaching safepoint: 332600 ns, At safepoint: 149000 ns, Total: 481600 ns
[2020-05-02T06:58:44.187+0000][1][safepoint    ] Safepoint "Cleanup", Time since last: 1000404000 ns, Reaching safepoint: 291100 ns, At safepoint: 145200 ns, Total: 436300 ns
[2020-05-02T06:58:45.188+0000][1][safepoint    ] Safepoint "Cleanup", Time since last: 1000455200 ns, Reaching safepoint: 306600 ns, At safepoint: 147000 ns, Total: 453600 ns
[2020-05-02T06:58:46.189+0000][1][safepoint    ] Safepoint "Cleanup", Time since last: 1000371400 ns, Reaching safepoint: 127600 ns, At safepoint: 51500 ns, Total: 179100 ns
[2020-05-02T06:58:47.190+0000][1][safepoint    ] Safepoint "Cleanup", Time since last: 1000718900 ns, Reaching safepoint: 310800 ns, At safepoint: 155400 ns, Total: 466200 ns
[2020-05-02T06:58:48.192+0000][1][safepoint    ] Safepoint "Cleanup", Time since last: 1000858000 ns, Reaching safepoint: 416800 ns, At safepoint: 203400 ns, Total: 620200 ns
[2020-05-02T06:58:49.192+0000][1][safepoint    ] Safepoint "Cleanup", Time since last: 1000356900 ns, Reaching safepoint: 125000 ns, At safepoint: 49800 ns, Total: 174800 ns
[2020-05-02T06:58:50.193+0000][1][safepoint    ] Safepoint "Cleanup", Time since last: 1000204600 ns, Reaching safepoint: 126500 ns, At safepoint: 67100 ns, Total: 193600 ns
[2020-05-02T06:58:51.193+0000][1][safepoint    ] Safepoint "Cleanup", Time since last: 1000236400 ns, Reaching safepoint: 133400 ns, At safepoint: 72500 ns, Total: 205900 ns
[2020-05-02T06:58:52.193+0000][1][safepoint    ] Safepoint "Cleanup", Time since last: 1000220100 ns, Reaching safepoint: 165200 ns, At safepoint: 78200 ns, Total: 243400 ns
[2020-05-02T06:58:53.195+0000][1][safepoint    ] Safepoint "Cleanup", Time since last: 1000849000 ns, Reaching safepoint: 512000 ns, At safepoint: 230000 ns, Total: 742000 ns
[2020-05-02T06:58:54.196+0000][1][safepoint    ] Safepoint "Cleanup", Time since last: 1000563500 ns, Reaching safepoint: 130300 ns, At safepoint: 63700 ns, Total: 194000 ns
[2020-05-02T06:58:55.197+0000][1][safepoint    ] Safepoint "Cleanup", Time since last: 1000470700 ns, Reaching safepoint: 420300 ns, At safepoint: 248600 ns, Total: 668900 ns
[2020-05-02T06:58:56.198+0000][1][safepoint    ] Safepoint "Cleanup", Time since last: 1000378800 ns, Reaching safepoint: 167100 ns, At safepoint: 76200 ns, Total: 243300 ns
[2020-05-02T06:58:57.198+0000][1][safepoint    ] Safepoint "Cleanup", Time since last: 1000308700 ns, Reaching safepoint: 229600 ns, At safepoint: 98000 ns, Total: 327600 ns
[2020-05-02T06:58:58.199+0000][1][safepoint    ] Safepoint "Cleanup", Time since last: 1000728600 ns, Reaching safepoint: 133200 ns, At safepoint: 74700 ns, Total: 207900 ns
[2020-05-02T06:58:59.200+0000][1][safepoint    ] Safepoint "Cleanup", Time since last: 1000401800 ns, Reaching safepoint: 265400 ns, At safepoint: 116100 ns, Total: 381500 ns
[2020-05-02T06:59:00.200+0000][1][safepoint    ] Safepoint "Cleanup", Time since last: 1000290000 ns, Reaching safepoint: 133300 ns, At safepoint: 49300 ns, Total: 182600 ns
[2020-05-02T06:59:01.201+0000][1][safepoint    ] Safepoint "Cleanup", Time since last: 1000248000 ns, Reaching safepoint: 152200 ns, At safepoint: 59100 ns, Total: 211300 ns
[2020-05-02T06:59:02.201+0000][1][safepoint    ] Safepoint "Cleanup", Time since last: 1000296900 ns, Reaching safepoint: 215600 ns, At safepoint: 85800 ns, Total: 301400 ns
[2020-05-02T06:59:03.202+0000][1][safepoint    ] Safepoint "Cleanup", Time since last: 1000789400 ns, Reaching safepoint: 137600 ns, At safepoint: 55900 ns, Total: 193500 ns
[2020-05-02T06:59:04.203+0000][1][safepoint    ] Safepoint "Cleanup", Time since last: 1000188000 ns, Reaching safepoint: 135700 ns, At safepoint: 36200 ns, Total: 171900 ns
[2020-05-02T06:59:05.204+0000][1][safepoint    ] Safepoint "Cleanup", Time since last: 1000426200 ns, Reaching safepoint: 520800 ns, At safepoint: 217700 ns, Total: 738500 ns
[2020-05-02T06:59:06.205+0000][1][safepoint    ] Safepoint "Cleanup", Time since last: 1000418500 ns, Reaching safepoint: 331200 ns, At safepoint: 148400 ns, Total: 479600 ns
[2020-05-02T06:59:07.206+0000][1][safepoint    ] Safepoint "Cleanup", Time since last: 1000798100 ns, Reaching safepoint: 333500 ns, At safepoint: 120500 ns, Total: 454000 ns
[2020-05-02T06:59:08.207+0000][1][safepoint    ] Safepoint "Cleanup", Time since last: 1000319500 ns, Reaching safepoint: 143600 ns, At safepoint: 39200 ns, Total: 182800 ns
[2020-05-02T06:59:09.207+0000][1][safepoint    ] Safepoint "Cleanup", Time since last: 1000322200 ns, Reaching safepoint: 269100 ns, At safepoint: 124000 ns, Total: 393100 ns
[2020-05-02T06:59:10.208+0000][1][safepoint    ] Safepoint "Cleanup", Time since last: 1000272700 ns, Reaching safepoint: 140100 ns, At safepoint: 42100 ns, Total: 182200 ns
[2020-05-02T06:59:12.178+0000][1][safepoint    ] Safepoint "Cleanup", Time since last: 1969781200 ns, Reaching safepoint: 142100 ns, At safepoint: 55000 ns, Total: 197100 ns
[2020-05-02T06:59:13.178+0000][1][safepoint    ] Safepoint "Cleanup", Time since last: 1000186500 ns, Reaching safepoint: 244200 ns, At safepoint: 67300 ns, Total: 311500 ns
[2020-05-02T06:59:14.179+0000][1][safepoint    ] Safepoint "Cleanup", Time since last: 1000212200 ns, Reaching safepoint: 128000 ns, At safepoint: 42200 ns, Total: 170200 ns
[2020-05-02T06:59:15.180+0000][1][safepoint    ] Safepoint "Cleanup", Time since last: 1000378100 ns, Reaching safepoint: 942900 ns, At safepoint: 386100 ns, Total: 1329000 ns
[2020-05-02T06:59:16.181+0000][1][safepoint    ] Safepoint "Cleanup", Time since last: 1000874100 ns, Reaching safepoint: 128700 ns, At safepoint: 71900 ns, Total: 200600 ns
[2020-05-02T06:59:17.183+0000][1][safepoint    ] Safepoint "Cleanup", Time since last: 1000455000 ns, Reaching safepoint: 532300 ns, At safepoint: 518000 ns, Total: 1050300 ns
[2020-05-02T06:59:18.184+0000][1][safepoint    ] Safepoint "Cleanup", Time since last: 1000464000 ns, Reaching safepoint: 133600 ns, At safepoint: 52000 ns, Total: 185600 ns
[2020-05-02T06:59:19.185+0000][1][safepoint    ] Safepoint "Cleanup", Time since last: 1000426000 ns, Reaching safepoint: 455000 ns, At safepoint: 218900 ns, Total: 673900 ns
[2020-05-02T06:59:20.186+0000][1][safepoint    ] Safepoint "Cleanup", Time since last: 1000572800 ns, Reaching safepoint: 479300 ns, At safepoint: 147600 ns, Total: 626900 ns
[2020-05-02T06:59:21.187+0000][1][safepoint    ] Safepoint "Cleanup", Time since last: 1000552200 ns, Reaching safepoint: 411200 ns, At safepoint: 200400 ns, Total: 611600 ns
[2020-05-02T06:59:22.188+0000][1][safepoint    ] Safepoint "Cleanup", Time since last: 1000806500 ns, Reaching safepoint: 153500 ns, At safepoint: 67800 ns, Total: 221300 ns
[2020-05-02T06:59:23.189+0000][1][safepoint    ] Safepoint "Cleanup", Time since last: 1000400400 ns, Reaching safepoint: 195300 ns, At safepoint: 52500 ns, Total: 247800 ns
[2020-05-02T06:59:24.190+0000][1][safepoint    ] Safepoint "Cleanup", Time since last: 1000373200 ns, Reaching safepoint: 294300 ns, At safepoint: 129400 ns, Total: 423700 ns
[2020-05-02T06:59:25.191+0000][1][safepoint    ] Safepoint "Cleanup", Time since last: 1000732900 ns, Reaching safepoint: 313500 ns, At safepoint: 154000 ns, Total: 467500 ns
[2020-05-02T06:59:26.192+0000][1][safepoint    ] Safepoint "Cleanup", Time since last: 1000738100 ns, Reaching safepoint: 132700 ns, At safepoint: 56400 ns, Total: 189100 ns
[2020-05-02T06:59:27.193+0000][1][safepoint    ] Safepoint "Cleanup", Time since last: 1000454100 ns, Reaching safepoint: 508200 ns, At safepoint: 200900 ns, Total: 709100 ns
[2020-05-02T06:59:28.194+0000][1][safepoint    ] Safepoint "Cleanup", Time since last: 1000652900 ns, Reaching safepoint: 319000 ns, At safepoint: 132100 ns, Total: 451100 ns
[2020-05-02T06:59:29.195+0000][1][safepoint    ] Safepoint "Cleanup", Time since last: 1000554500 ns, Reaching safepoint: 476000 ns, At safepoint: 179400 ns, Total: 655400 ns
[2020-05-02T06:59:30.196+0000][1][safepoint    ] Safepoint "Cleanup", Time since last: 1000392300 ns, Reaching safepoint: 140900 ns, At safepoint: 52000 ns, Total: 192900 ns
[2020-05-02T06:59:31.430+0000][1][safepoint    ] Safepoint "Cleanup", Time since last: 1234512800 ns, Reaching safepoint: 148100 ns, At safepoint: 51000 ns, Total: 199100 ns
[2020-05-02T06:59:32.431+0000][1][safepoint    ] Safepoint "Cleanup", Time since last: 1000266400 ns, Reaching safepoint: 213300 ns, At safepoint: 91800 ns, Total: 305100 ns
[2020-05-02T06:59:33.432+0000][1][safepoint    ] Safepoint "Cleanup", Time since last: 1000510100 ns, Reaching safepoint: 453300 ns, At safepoint: 208200 ns, Total: 661500 ns
[2020-05-02T06:59:34.434+0000][1][safepoint    ] Safepoint "Cleanup", Time since last: 1000989000 ns, Reaching safepoint: 452600 ns, At safepoint: 224000 ns, Total: 676600 ns
[2020-05-02T06:59:35.435+0000][1][safepoint    ] Safepoint "Cleanup", Time since last: 1000951000 ns, Reaching safepoint: 424800 ns, At safepoint: 212900 ns, Total: 637700 ns
[2020-05-02T06:59:36.436+0000][1][safepoint    ] Safepoint "Cleanup", Time since last: 1000461100 ns, Reaching safepoint: 144900 ns, At safepoint: 56400 ns, Total: 201300 ns
[2020-05-02T06:59:37.437+0000][1][safepoint    ] Safepoint "Cleanup", Time since last: 1000687800 ns, Reaching safepoint: 139600 ns, At safepoint: 58200 ns, Total: 197800 ns
[2020-05-02T06:59:38.438+0000][1][safepoint    ] Safepoint "Cleanup", Time since last: 1000529700 ns, Reaching safepoint: 454800 ns, At safepoint: 192100 ns, Total: 646900 ns
[2020-05-02T06:59:39.439+0000][1][safepoint    ] Safepoint "Cleanup", Time since last: 1000630300 ns, Reaching safepoint: 237000 ns, At safepoint: 82200 ns, Total: 319200 ns
[2020-05-02T06:59:40.440+0000][1][safepoint    ] Safepoint "Cleanup", Time since last: 1000688200 ns, Reaching safepoint: 423800 ns, At safepoint: 213900 ns, Total: 637700 ns
[2020-05-02T06:59:41.442+0000][1][safepoint    ] Safepoint "Cleanup", Time since last: 1000728100 ns, Reaching safepoint: 456800 ns, At safepoint: 227100 ns, Total: 683900 ns
[2020-05-02T06:59:42.443+0000][1][safepoint    ] Safepoint "Cleanup", Time since last: 1000681500 ns, Reaching safepoint: 451200 ns, At safepoint: 256400 ns, Total: 707600 ns
[2020-05-02T06:59:43.445+0000][1][safepoint    ] Safepoint "Cleanup", Time since last: 1000678600 ns, Reaching safepoint: 453800 ns, At safepoint: 266500 ns, Total: 720300 ns
[2020-05-02T06:59:44.446+0000][1][safepoint    ] Safepoint "Cleanup", Time since last: 1000659500 ns, Reaching safepoint: 670500 ns, At safepoint: 218300 ns, Total: 888800 ns
[2020-05-02T06:59:45.447+0000][1][safepoint    ] Safepoint "Cleanup", Time since last: 1000706100 ns, Reaching safepoint: 420700 ns, At safepoint: 207600 ns, Total: 628300 ns
[2020-05-02T06:59:46.449+0000][1][safepoint    ] Safepoint "Cleanup", Time since last: 1000967800 ns, Reaching safepoint: 313700 ns, At safepoint: 147400 ns, Total: 461100 ns
[2020-05-02T06:59:47.450+0000][1][safepoint    ] Safepoint "Cleanup", Time since last: 1000911100 ns, Reaching safepoint: 451000 ns, At safepoint: 212000 ns, Total: 663000 ns
[2020-05-02T06:59:48.452+0000][1][safepoint    ] Safepoint "Cleanup", Time since last: 1001080600 ns, Reaching safepoint: 451500 ns, At safepoint: 210700 ns, Total: 662200 ns
[2020-05-02T06:59:49.453+0000][1][safepoint    ] Safepoint "Cleanup", Time since last: 1000529600 ns, Reaching safepoint: 261200 ns, At safepoint: 117700 ns, Total: 378900 ns
[2020-05-02T06:59:50.454+0000][1][safepoint    ] Safepoint "Cleanup", Time since last: 1000319700 ns, Reaching safepoint: 256500 ns, At safepoint: 124700 ns, Total: 381200 ns
[2020-05-02T06:59:51.456+0000][1][safepoint    ] Safepoint "Cleanup", Time since last: 1000943600 ns, Reaching safepoint: 453400 ns, At safepoint: 271300 ns, Total: 724700 ns
[2020-05-02T06:59:52.457+0000][1][safepoint    ] Safepoint "Cleanup", Time since last: 1001172900 ns, Reaching safepoint: 461000 ns, At safepoint: 215100 ns, Total: 676100 ns
[2020-05-02T06:59:53.459+0000][1][safepoint    ] Safepoint "Cleanup", Time since last: 1001100800 ns, Reaching safepoint: 455400 ns, At safepoint: 209700 ns, Total: 665100 ns
[2020-05-02T06:59:54.460+0000][1][safepoint    ] Safepoint "Cleanup", Time since last: 1000770800 ns, Reaching safepoint: 329000 ns, At safepoint: 130600 ns, Total: 459600 ns
[2020-05-02T06:59:55.462+0000][1][safepoint    ] Safepoint "Cleanup", Time since last: 1000860900 ns, Reaching safepoint: 423400 ns, At safepoint: 209900 ns, Total: 633300 ns
[2020-05-02T06:59:56.463+0000][1][safepoint    ] Safepoint "Cleanup", Time since last: 1000786700 ns, Reaching safepoint: 338000 ns, At safepoint: 155400 ns, Total: 493400 ns
[2020-05-02T06:59:57.664+0000][1][safepoint    ] Safepoint "Cleanup", Time since last: 1200884300 ns, Reaching safepoint: 317100 ns, At safepoint: 146900 ns, Total: 464000 ns
[2020-05-02T06:59:58.665+0000][1][safepoint    ] Safepoint "Cleanup", Time since last: 1000394400 ns, Reaching safepoint: 128900 ns, At safepoint: 56300 ns, Total: 185200 ns
[2020-05-02T06:59:59.666+0000][1][safepoint    ] Safepoint "Cleanup", Time since last: 1000510000 ns, Reaching safepoint: 568600 ns, At safepoint: 202000 ns, Total: 770600 ns
[2020-05-02T07:00:00.667+0000][1][safepoint    ] Safepoint "Cleanup", Time since last: 1000411000 ns, Reaching safepoint: 261600 ns, At safepoint: 105700 ns, Total: 367300 ns
[2020-05-02T07:00:01.668+0000][1][safepoint    ] Safepoint "Cleanup", Time since last: 1000517000 ns, Reaching safepoint: 513300 ns, At safepoint: 96100 ns, Total: 609400 ns
[2020-05-02T07:00:02.669+0000][1][safepoint    ] Safepoint "Cleanup", Time since last: 1000443700 ns, Reaching safepoint: 526000 ns, At safepoint: 203900 ns, Total: 729900 ns
[2020-05-02T07:00:03.671+0000][1][safepoint    ] Safepoint "Cleanup", Time since last: 1000924200 ns, Reaching safepoint: 420100 ns, At safepoint: 209000 ns, Total: 629100 ns
[2020-05-02T07:00:04.672+0000][1][safepoint    ] Safepoint "Cleanup", Time since last: 1000611400 ns, Reaching safepoint: 207900 ns, At safepoint: 123600 ns, Total: 331500 ns
[2020-05-02T07:00:05.673+0000][1][safepoint    ] Safepoint "Cleanup", Time since last: 1000625300 ns, Reaching safepoint: 210800 ns, At safepoint: 94600 ns, Total: 305400 ns
[2020-05-02T07:00:06.673+0000][1][safepoint    ] Safepoint "Cleanup", Time since last: 1000443400 ns, Reaching safepoint: 146500 ns, At safepoint: 55600 ns, Total: 202100 ns
[2020-05-02T07:00:07.674+0000][1][safepoint    ] Safepoint "Cleanup", Time since last: 1000666800 ns, Reaching safepoint: 177100 ns, At safepoint: 80300 ns, Total: 257400 ns
[2020-05-02T07:00:07.999+0000][1][safepoint    ] Safepoint "RevokeBias", Time since last: 324510400 ns, Reaching safepoint: 172800 ns, At safepoint: 84600 ns, Total: 257400 ns
[2020-05-02T07:00:08.006+0000][1][safepoint    ] Safepoint "RevokeBias", Time since last: 5677400 ns, Reaching safepoint: 670000 ns, At safepoint: 78600 ns, Total: 748600 ns
[2020-05-02T07:00:08.059+0000][1][safepoint    ] Safepoint "RevokeBias", Time since last: 52906700 ns, Reaching safepoint: 201700 ns, At safepoint: 98700 ns, Total: 300400 ns
[2020-05-02T07:00:08.059+0000][1][safepoint    ] Safepoint "RevokeBias", Time since last: 453500 ns, Reaching safepoint: 152400 ns, At safepoint: 68100 ns, Total: 220500 ns
[2020-05-02T07:00:08.065+0000][1][safepoint    ] Safepoint "RevokeBias", Time since last: 4949700 ns, Reaching safepoint: 117500 ns, At safepoint: 42900 ns, Total: 160400 ns
[2020-05-02T07:00:08.065+0000][1][safepoint    ] Safepoint "RevokeBias", Time since last: 379900 ns, Reaching safepoint: 108100 ns, At safepoint: 70000 ns, Total: 178100 ns
[2020-05-02T07:00:09.066+0000][1][safepoint    ] Safepoint "Cleanup", Time since last: 1000185600 ns, Reaching safepoint: 199700 ns, At safepoint: 38400 ns, Total: 238100 ns
[2020-05-02T07:00:10.066+0000][1][safepoint    ] Safepoint "Cleanup", Time since last: 1000287700 ns, Reaching safepoint: 260500 ns, At safepoint: 114300 ns, Total: 374800 ns
[2020-05-02T07:00:11.068+0000][1][safepoint    ] Safepoint "Cleanup", Time since last: 1000844200 ns, Reaching safepoint: 456200 ns, At safepoint: 212400 ns, Total: 668600 ns
[2020-05-02T07:00:12.068+0000][1][safepoint    ] Safepoint "Cleanup", Time since last: 1000495400 ns, Reaching safepoint: 136700 ns, At safepoint: 49100 ns, Total: 185800 ns
[2020-05-02T07:00:13.070+0000][1][safepoint    ] Safepoint "Cleanup", Time since last: 1000499600 ns, Reaching safepoint: 508800 ns, At safepoint: 67600 ns, Total: 576400 ns
[2020-05-02T07:00:14.071+0000][1][safepoint    ] Safepoint "Cleanup", Time since last: 1000734200 ns, Reaching safepoint: 586400 ns, At safepoint: 181900 ns, Total: 768300 ns
[2020-05-02T07:00:15.072+0000][1][safepoint    ] Safepoint "Cleanup", Time since last: 1000460900 ns, Reaching safepoint: 134100 ns, At safepoint: 53000 ns, Total: 187100 ns
[2020-05-02T07:00:16.072+0000][1][safepoint    ] Safepoint "Cleanup", Time since last: 1000306000 ns, Reaching safepoint: 242400 ns, At safepoint: 112000 ns, Total: 354400 ns
[2020-05-02T07:00:17.074+0000][1][safepoint    ] Safepoint "Cleanup", Time since last: 1000949700 ns, Reaching safepoint: 420900 ns, At safepoint: 209000 ns, Total: 629900 ns
[2020-05-02T07:00:18.076+0000][1][safepoint    ] Safepoint "Cleanup", Time since last: 1000969500 ns, Reaching safepoint: 458600 ns, At safepoint: 277600 ns, Total: 736200 ns
[2020-05-02T07:00:19.076+0000][1][safepoint    ] Safepoint "Cleanup", Time since last: 1000462000 ns, Reaching safepoint: 138600 ns, At safepoint: 55900 ns, Total: 194500 ns
[2020-05-02T07:00:20.078+0000][1][safepoint    ] Safepoint "Cleanup", Time since last: 1001016300 ns, Reaching safepoint: 515400 ns, At safepoint: 231400 ns, Total: 746800 ns
[2020-05-02T07:00:21.079+0000][1][safepoint    ] Safepoint "Cleanup", Time since last: 1000523000 ns, Reaching safepoint: 221300 ns, At safepoint: 128800 ns, Total: 350100 ns
[2020-05-02T07:00:21.748+0000][1][safepoint    ] Safepoint "RevokeBias", Time since last: 669012700 ns, Reaching safepoint: 142200 ns, At safepoint: 44400 ns, Total: 186600 ns
[2020-05-02T07:00:21.754+0000][1][safepoint    ] Safepoint "RevokeBias", Time since last: 5481100 ns, Reaching safepoint: 228100 ns, At safepoint: 86000 ns, Total: 314100 ns
[2020-05-02T07:00:21.754+0000][1][safepoint    ] Safepoint "RevokeBias", Time since last: 359100 ns, Reaching safepoint: 178300 ns, At safepoint: 45800 ns, Total: 224100 ns
[2020-05-02T07:00:21.755+0000][1][safepoint    ] Safepoint "RevokeBias", Time since last: 324400 ns, Reaching safepoint: 175000 ns, At safepoint: 78800 ns, Total: 253800 ns
[2020-05-02T07:00:21.756+0000][1][safepoint    ] Safepoint "RevokeBias", Time since last: 208900 ns, Reaching safepoint: 109500 ns, At safepoint: 149300 ns, Total: 258800 ns
[2020-05-02T07:00:21.766+0000][1][safepoint    ] Safepoint "RevokeBias", Time since last: 9775900 ns, Reaching safepoint: 348200 ns, At safepoint: 116500 ns, Total: 464700 ns
[2020-05-02T07:00:21.774+0000][1][safepoint    ] Safepoint "RevokeBias", Time since last: 7962200 ns, Reaching safepoint: 202700 ns, At safepoint: 84100 ns, Total: 286800 ns
[2020-05-02T07:00:21.775+0000][1][safepoint    ] Safepoint "RevokeBias", Time since last: 391100 ns, Reaching safepoint: 197100 ns, At safepoint: 74600 ns, Total: 271700 ns
[2020-05-02T07:00:21.776+0000][1][safepoint    ] Safepoint "RevokeBias", Time since last: 1041700 ns, Reaching safepoint: 165600 ns, At safepoint: 60900 ns, Total: 226500 ns
[2020-05-02T07:00:21.777+0000][1][safepoint    ] Safepoint "RevokeBias", Time since last: 1027400 ns, Reaching safepoint: 312200 ns, At safepoint: 148400 ns, Total: 460600 ns
[2020-05-02T07:00:22.779+0000][1][safepoint    ] Safepoint "Cleanup", Time since last: 1000958400 ns, Reaching safepoint: 422100 ns, At safepoint: 214600 ns, Total: 636700 ns
[2020-05-02T07:00:23.781+0000][1][safepoint    ] Safepoint "Cleanup", Time since last: 1000991200 ns, Reaching safepoint: 420400 ns, At safepoint: 208100 ns, Total: 628500 ns
[2020-05-02T07:00:24.781+0000][1][safepoint    ] Safepoint "Cleanup", Time since last: 1000483600 ns, Reaching safepoint: 135300 ns, At safepoint: 53300 ns, Total: 188600 ns
[2020-05-02T07:00:25.783+0000][1][safepoint    ] Safepoint "Cleanup", Time since last: 1000530900 ns, Reaching safepoint: 487700 ns, At safepoint: 205700 ns, Total: 693400 ns
[2020-05-02T07:00:26.784+0000][1][safepoint    ] Safepoint "Cleanup", Time since last: 1000573000 ns, Reaching safepoint: 505000 ns, At safepoint: 195300 ns, Total: 700300 ns
[2020-05-02T07:00:27.264+0000][1][safepoint    ] Safepoint "RevokeBias", Time since last: 480158800 ns, Reaching safepoint: 237600 ns, At safepoint: 114600 ns, Total: 352200 ns
[2020-05-02T07:00:28.265+0000][1][safepoint    ] Safepoint "Cleanup", Time since last: 1000432300 ns, Reaching safepoint: 295500 ns, At safepoint: 71500 ns, Total: 367000 ns
[2020-05-02T07:00:29.266+0000][1][safepoint    ] Safepoint "Cleanup", Time since last: 1000389400 ns, Reaching safepoint: 143500 ns, At safepoint: 54300 ns, Total: 197800 ns
[2020-05-02T07:00:30.266+0000][1][safepoint    ] Safepoint "Cleanup", Time since last: 1000210500 ns, Reaching safepoint: 184800 ns, At safepoint: 78900 ns, Total: 263700 ns
[2020-05-02T07:00:31.267+0000][1][safepoint    ] Safepoint "Cleanup", Time since last: 1000232000 ns, Reaching safepoint: 207000 ns, At safepoint: 140500 ns, Total: 347500 ns
[2020-05-02T07:00:32.267+0000][1][safepoint    ] Safepoint "Cleanup", Time since last: 1000249300 ns, Reaching safepoint: 168500 ns, At safepoint: 116200 ns, Total: 284700 ns
[2020-05-02T07:00:33.268+0000][1][safepoint    ] Safepoint "Cleanup", Time since last: 1000340900 ns, Reaching safepoint: 231700 ns, At safepoint: 142200 ns, Total: 373900 ns
[2020-05-02T07:00:34.269+0000][1][safepoint    ] Safepoint "Cleanup", Time since last: 1000407200 ns, Reaching safepoint: 229800 ns, At safepoint: 152800 ns, Total: 382600 ns
[2020-05-02T07:00:35.269+0000][1][safepoint    ] Safepoint "Cleanup", Time since last: 1000293800 ns, Reaching safepoint: 256300 ns, At safepoint: 128700 ns, Total: 385000 ns
[2020-05-02T07:00:36.271+0000][1][safepoint    ] Safepoint "Cleanup", Time since last: 1000569200 ns, Reaching safepoint: 449900 ns, At safepoint: 199300 ns, Total: 649200 ns
[2020-05-02T07:00:37.272+0000][1][safepoint    ] Safepoint "Cleanup", Time since last: 1000670100 ns, Reaching safepoint: 307700 ns, At safepoint: 94300 ns, Total: 402000 ns
[2020-05-02T07:00:38.273+0000][1][safepoint    ] Safepoint "Cleanup", Time since last: 1000576500 ns, Reaching safepoint: 350400 ns, At safepoint: 148900 ns, Total: 499300 ns
[2020-05-02T07:00:39.273+0000][1][safepoint    ] Safepoint "Cleanup", Time since last: 1000206700 ns, Reaching safepoint: 129300 ns, At safepoint: 76900 ns, Total: 206200 ns
[2020-05-02T07:00:40.274+0000][1][safepoint    ] Safepoint "Cleanup", Time since last: 1000579400 ns, Reaching safepoint: 144900 ns, At safepoint: 75400 ns, Total: 220300 ns
[2020-05-02T07:00:41.275+0000][1][safepoint    ] Safepoint "Cleanup", Time since last: 1000613700 ns, Reaching safepoint: 304600 ns, At safepoint: 103600 ns, Total: 408200 ns
[2020-05-02T07:00:42.276+0000][1][safepoint    ] Safepoint "Cleanup", Time since last: 1000229100 ns, Reaching safepoint: 136000 ns, At safepoint: 61200 ns, Total: 197200 ns
[2020-05-02T07:00:43.276+0000][1][safepoint    ] Safepoint "Cleanup", Time since last: 1000374400 ns, Reaching safepoint: 125100 ns, At safepoint: 99300 ns, Total: 224400 ns
[2020-05-02T07:00:44.277+0000][1][safepoint    ] Safepoint "Cleanup", Time since last: 1000368800 ns, Reaching safepoint: 215300 ns, At safepoint: 142500 ns, Total: 357800 ns
[2020-05-02T07:00:45.278+0000][1][safepoint    ] Safepoint "Cleanup", Time since last: 1000613200 ns, Reaching safepoint: 173600 ns, At safepoint: 118500 ns, Total: 292100 ns
[2020-05-02T07:00:46.278+0000][1][safepoint    ] Safepoint "Cleanup", Time since last: 1000249000 ns, Reaching safepoint: 153400 ns, At safepoint: 65400 ns, Total: 218800 ns
[2020-05-02T07:00:47.279+0000][1][safepoint    ] Safepoint "Cleanup", Time since last: 1000184700 ns, Reaching safepoint: 127000 ns, At safepoint: 141200 ns, Total: 268200 ns
[2020-05-02T07:00:48.280+0000][1][safepoint    ] Safepoint "Cleanup", Time since last: 1000538900 ns, Reaching safepoint: 615400 ns, At safepoint: 330500 ns, Total: 945900 ns
[2020-05-02T07:00:49.282+0000][1][safepoint    ] Safepoint "Cleanup", Time since last: 1000477900 ns, Reaching safepoint: 666900 ns, At safepoint: 332300 ns, Total: 999200 ns
[2020-05-02T07:00:50.217+0000][1][gc,start     ] GC(62) Pause Young (Allocation Failure)
[2020-05-02T07:00:50.217+0000][1][gc,task      ] GC(62) Using 10 workers of 10 for evacuation
[2020-05-02T07:00:50.222+0000][1][gc,age       ] GC(62) Desired survivor size 8945664 bytes, new threshold 6 (max threshold 6)
[2020-05-02T07:00:50.222+0000][1][gc,age       ] GC(62) Age table with threshold 6 (max threshold 6)
[2020-05-02T07:00:50.222+0000][1][gc,age       ] GC(62) - age   1:     921112 bytes,     921112 total
[2020-05-02T07:00:50.222+0000][1][gc,age       ] GC(62) - age   2:      15032 bytes,     936144 total
[2020-05-02T07:00:50.222+0000][1][gc,age       ] GC(62) - age   3:        704 bytes,     936848 total
[2020-05-02T07:00:50.222+0000][1][gc,age       ] GC(62) - age   4:     291256 bytes,    1228104 total
[2020-05-02T07:00:50.222+0000][1][gc,age       ] GC(62) - age   6:        504 bytes,    1228608 total
[2020-05-02T07:00:50.222+0000][1][gc,heap      ] GC(62) ParNew: 140436K->1246K(157248K)
[2020-05-02T07:00:50.222+0000][1][gc,heap      ] GC(62) CMS: 82475K->82475K(349568K)
[2020-05-02T07:00:50.222+0000][1][gc,metaspace ] GC(62) Metaspace: 97722K->97722K(1138688K)
[2020-05-02T07:00:50.222+0000][1][gc           ] GC(62) Pause Young (Allocation Failure) 217M->81M(494M) 5.376ms
[2020-05-02T07:00:50.222+0000][1][gc,cpu       ] GC(62) User=0.02s Sys=0.00s Real=0.00s
[2020-05-02T07:00:50.222+0000][1][safepoint    ] Safepoint "GenCollectForAllocation", Time since last: 934926100 ns, Reaching safepoint: 290200 ns, At safepoint: 5545700 ns, Total: 5835900 ns
[2020-05-02T07:00:51.223+0000][1][safepoint    ] Safepoint "Cleanup", Time since last: 1000489500 ns, Reaching safepoint: 133100 ns, At safepoint: 56900 ns, Total: 190000 ns
[2020-05-02T07:00:52.224+0000][1][safepoint    ] Safepoint "Cleanup", Time since last: 1000645300 ns, Reaching safepoint: 326100 ns, At safepoint: 160900 ns, Total: 487000 ns
[2020-05-02T07:00:53.225+0000][1][safepoint    ] Safepoint "Cleanup", Time since last: 1000448500 ns, Reaching safepoint: 137500 ns, At safepoint: 38300 ns, Total: 175800 ns
[2020-05-02T07:00:54.225+0000][1][safepoint    ] Safepoint "Cleanup", Time since last: 1000330500 ns, Reaching safepoint: 133300 ns, At safepoint: 51400 ns, Total: 184700 ns
[2020-05-02T07:00:55.226+0000][1][safepoint    ] Safepoint "Cleanup", Time since last: 1000514800 ns, Reaching safepoint: 136800 ns, At safepoint: 57700 ns, Total: 194500 ns
[2020-05-02T07:00:56.226+0000][1][safepoint    ] Safepoint "Cleanup", Time since last: 1000195200 ns, Reaching safepoint: 128100 ns, At safepoint: 50100 ns, Total: 178200 ns
[2020-05-02T07:00:57.228+0000][1][safepoint    ] Safepoint "Cleanup", Time since last: 1000745100 ns, Reaching safepoint: 325900 ns, At safepoint: 159100 ns, Total: 485000 ns
[2020-05-02T07:00:58.229+0000][1][safepoint    ] Safepoint "Cleanup", Time since last: 1000801000 ns, Reaching safepoint: 452000 ns, At safepoint: 210600 ns, Total: 662600 ns
[2020-05-02T07:00:59.230+0000][1][safepoint    ] Safepoint "Cleanup", Time since last: 1000862400 ns, Reaching safepoint: 149400 ns, At safepoint: 55200 ns, Total: 204600 ns
[2020-05-02T07:01:00.231+0000][1][safepoint    ] Safepoint "Cleanup", Time since last: 1000197000 ns, Reaching safepoint: 160400 ns, At safepoint: 53100 ns, Total: 213500 ns
[2020-05-02T07:01:01.441+0000][1][safepoint    ] Safepoint "Cleanup", Time since last: 1210373500 ns, Reaching safepoint: 147100 ns, At safepoint: 53500 ns, Total: 200600 ns
[2020-05-02T07:01:02.442+0000][1][safepoint    ] Safepoint "Cleanup", Time since last: 1000258900 ns, Reaching safepoint: 227600 ns, At safepoint: 103700 ns, Total: 331300 ns
[2020-05-02T07:01:03.443+0000][1][safepoint    ] Safepoint "Cleanup", Time since last: 1000579800 ns, Reaching safepoint: 480100 ns, At safepoint: 302800 ns, Total: 782900 ns
[2020-05-02T07:01:04.444+0000][1][safepoint    ] Safepoint "Cleanup", Time since last: 1000490000 ns, Reaching safepoint: 242300 ns, At safepoint: 105500 ns, Total: 347800 ns
[2020-05-02T07:01:05.445+0000][1][safepoint    ] Safepoint "Cleanup", Time since last: 1000425200 ns, Reaching safepoint: 126100 ns, At safepoint: 48200 ns, Total: 174300 ns
[2020-05-02T07:01:06.446+0000][1][safepoint    ] Safepoint "Cleanup", Time since last: 1000483400 ns, Reaching safepoint: 706100 ns, At safepoint: 165800 ns, Total: 871900 ns
[2020-05-02T07:01:07.447+0000][1][safepoint    ] Safepoint "Cleanup", Time since last: 1000703400 ns, Reaching safepoint: 438000 ns, At safepoint: 223700 ns, Total: 661700 ns
[2020-05-02T07:01:08.449+0000][1][safepoint    ] Safepoint "Cleanup", Time since last: 1000623900 ns, Reaching safepoint: 456900 ns, At safepoint: 247600 ns, Total: 704500 ns
[2020-05-02T07:01:09.449+0000][1][safepoint    ] Safepoint "Cleanup", Time since last: 1000503500 ns, Reaching safepoint: 246800 ns, At safepoint: 104800 ns, Total: 351600 ns
[2020-05-02T07:01:10.451+0000][1][safepoint    ] Safepoint "Cleanup", Time since last: 1000684700 ns, Reaching safepoint: 419000 ns, At safepoint: 332900 ns, Total: 751900 ns
[2020-05-02T07:01:11.452+0000][1][safepoint    ] Safepoint "Cleanup", Time since last: 1000748900 ns, Reaching safepoint: 411200 ns, At safepoint: 335400 ns, Total: 746600 ns
[2020-05-02T07:01:12.454+0000][1][safepoint    ] Safepoint "Cleanup", Time since last: 1000956200 ns, Reaching safepoint: 449400 ns, At safepoint: 334300 ns, Total: 783700 ns
[2020-05-02T07:01:13.456+0000][1][safepoint    ] Safepoint "Cleanup", Time since last: 1001064600 ns, Reaching safepoint: 539500 ns, At safepoint: 258700 ns, Total: 798200 ns
[2020-05-02T07:01:14.457+0000][1][safepoint    ] Safepoint "Cleanup", Time since last: 1000626800 ns, Reaching safepoint: 477400 ns, At safepoint: 189500 ns, Total: 666900 ns
[2020-05-02T07:01:15.460+0000][1][safepoint    ] Safepoint "Cleanup", Time since last: 1000969600 ns, Reaching safepoint: 424100 ns, At safepoint: 920700 ns, Total: 1344800 ns
[2020-05-02T07:01:16.461+0000][1][safepoint    ] Safepoint "Cleanup", Time since last: 1000933700 ns, Reaching safepoint: 450200 ns, At safepoint: 209200 ns, Total: 659400 ns
[2020-05-02T07:01:17.463+0000][1][safepoint    ] Safepoint "Cleanup", Time since last: 1001065000 ns, Reaching safepoint: 451200 ns, At safepoint: 298200 ns, Total: 749400 ns
[2020-05-02T07:01:18.465+0000][1][safepoint    ] Safepoint "Cleanup", Time since last: 1000883200 ns, Reaching safepoint: 445500 ns, At safepoint: 206200 ns, Total: 651700 ns
[2020-05-02T07:01:19.466+0000][1][safepoint    ] Safepoint "Cleanup", Time since last: 1001046300 ns, Reaching safepoint: 439400 ns, At safepoint: 203900 ns, Total: 643300 ns
[2020-05-02T07:01:20.467+0000][1][safepoint    ] Safepoint "Cleanup", Time since last: 1000877600 ns, Reaching safepoint: 133200 ns, At safepoint: 56700 ns, Total: 189900 ns
[2020-05-02T07:01:21.469+0000][1][safepoint    ] Safepoint "Cleanup", Time since last: 1000824800 ns, Reaching safepoint: 416000 ns, At safepoint: 212600 ns, Total: 628600 ns
[2020-05-02T07:01:22.470+0000][1][safepoint    ] Safepoint "Cleanup", Time since last: 1000803700 ns, Reaching safepoint: 610400 ns, At safepoint: 230500 ns, Total: 840900 ns
[2020-05-02T07:01:23.471+0000][1][safepoint    ] Safepoint "Cleanup", Time since last: 1000734300 ns, Reaching safepoint: 132800 ns, At safepoint: 55300 ns, Total: 188100 ns
[2020-05-02T07:01:24.472+0000][1][safepoint    ] Safepoint "Cleanup", Time since last: 1000660400 ns, Reaching safepoint: 239500 ns, At safepoint: 110200 ns, Total: 349700 ns
[2020-05-02T07:01:25.474+0000][1][safepoint    ] Safepoint "Cleanup", Time since last: 1000549000 ns, Reaching safepoint: 643200 ns, At safepoint: 223900 ns, Total: 867100 ns
[2020-05-02T07:01:26.475+0000][1][safepoint    ] Safepoint "Cleanup", Time since last: 1000672600 ns, Reaching safepoint: 497200 ns, At safepoint: 219800 ns, Total: 717000 ns
[2020-05-02T07:01:27.476+0000][1][safepoint    ] Safepoint "Cleanup", Time since last: 1000666300 ns, Reaching safepoint: 454700 ns, At safepoint: 222600 ns, Total: 677300 ns
[2020-05-02T07:01:28.478+0000][1][safepoint    ] Safepoint "Cleanup", Time since last: 1000732600 ns, Reaching safepoint: 449800 ns, At safepoint: 216600 ns, Total: 666400 ns
[2020-05-02T07:01:29.479+0000][1][safepoint    ] Safepoint "Cleanup", Time since last: 1000570400 ns, Reaching safepoint: 424100 ns, At safepoint: 251900 ns, Total: 676000 ns
[2020-05-02T07:01:30.481+0000][1][safepoint    ] Safepoint "Cleanup", Time since last: 1001006100 ns, Reaching safepoint: 546000 ns, At safepoint: 396900 ns, Total: 942900 ns
[2020-05-02T07:01:31.483+0000][1][safepoint    ] Safepoint "Cleanup", Time since last: 1000955100 ns, Reaching safepoint: 440800 ns, At safepoint: 212300 ns, Total: 653100 ns
[2020-05-02T07:01:32.484+0000][1][safepoint    ] Safepoint "Cleanup", Time since last: 1000915800 ns, Reaching safepoint: 445800 ns, At safepoint: 216100 ns, Total: 661900 ns
[2020-05-02T07:01:33.486+0000][1][safepoint    ] Safepoint "Cleanup", Time since last: 1001112900 ns, Reaching safepoint: 504000 ns, At safepoint: 207400 ns, Total: 711400 ns
[2020-05-02T07:01:34.488+0000][1][safepoint    ] Safepoint "Cleanup", Time since last: 1000849600 ns, Reaching safepoint: 388000 ns, At safepoint: 212500 ns, Total: 600500 ns
[2020-05-02T07:01:35.489+0000][1][safepoint    ] Safepoint "Cleanup", Time since last: 1000817600 ns, Reaching safepoint: 452100 ns, At safepoint: 209300 ns, Total: 661400 ns
[2020-05-02T07:01:36.491+0000][1][safepoint    ] Safepoint "Cleanup", Time since last: 1001036600 ns, Reaching safepoint: 440300 ns, At safepoint: 212500 ns, Total: 652800 ns
[2020-05-02T07:01:37.492+0000][1][safepoint    ] Safepoint "Cleanup", Time since last: 1001023600 ns, Reaching safepoint: 440900 ns, At safepoint: 213500 ns, Total: 654400 ns
[2020-05-02T07:01:38.494+0000][1][safepoint    ] Safepoint "Cleanup", Time since last: 1001016800 ns, Reaching safepoint: 407400 ns, At safepoint: 207100 ns, Total: 614500 ns
[2020-05-02T07:01:39.495+0000][1][safepoint    ] Safepoint "Cleanup", Time since last: 1000923400 ns, Reaching safepoint: 140200 ns, At safepoint: 60200 ns, Total: 200400 ns
[2020-05-02T07:01:40.496+0000][1][safepoint    ] Safepoint "Cleanup", Time since last: 1000404600 ns, Reaching safepoint: 452800 ns, At safepoint: 152900 ns, Total: 605700 ns
[2020-05-02T07:01:41.497+0000][1][safepoint    ] Safepoint "Cleanup", Time since last: 1000682300 ns, Reaching safepoint: 145800 ns, At safepoint: 62100 ns, Total: 207900 ns
[2020-05-02T07:01:42.498+0000][1][safepoint    ] Safepoint "Cleanup", Time since last: 1000342000 ns, Reaching safepoint: 422500 ns, At safepoint: 152400 ns, Total: 574900 ns
[2020-05-02T07:01:43.499+0000][1][safepoint    ] Safepoint "Cleanup", Time since last: 1000513500 ns, Reaching safepoint: 145500 ns, At safepoint: 84500 ns, Total: 230000 ns
[2020-05-02T07:01:44.499+0000][1][safepoint    ] Safepoint "Cleanup", Time since last: 1000245100 ns, Reaching safepoint: 129800 ns, At safepoint: 48400 ns, Total: 178200 ns
[2020-05-02T07:01:45.500+0000][1][safepoint    ] Safepoint "Cleanup", Time since last: 1000265300 ns, Reaching safepoint: 153200 ns, At safepoint: 50900 ns, Total: 204100 ns
[2020-05-02T07:01:46.501+0000][1][safepoint    ] Safepoint "Cleanup", Time since last: 1000853800 ns, Reaching safepoint: 442000 ns, At safepoint: 213800 ns, Total: 655800 ns
[2020-05-02T07:01:47.503+0000][1][safepoint    ] Safepoint "Cleanup", Time since last: 1000864100 ns, Reaching safepoint: 434900 ns, At safepoint: 216000 ns, Total: 650900 ns
[2020-05-02T07:01:48.504+0000][1][safepoint    ] Safepoint "Cleanup", Time since last: 1000644900 ns, Reaching safepoint: 353600 ns, At safepoint: 62400 ns, Total: 416000 ns
[2020-05-02T07:01:49.505+0000][1][safepoint    ] Safepoint "Cleanup", Time since last: 1000469900 ns, Reaching safepoint: 427800 ns, At safepoint: 225200 ns, Total: 653000 ns
[2020-05-02T07:01:50.506+0000][1][safepoint    ] Safepoint "Cleanup", Time since last: 1000505700 ns, Reaching safepoint: 236300 ns, At safepoint: 90800 ns, Total: 327100 ns
[2020-05-02T07:01:51.507+0000][1][safepoint    ] Safepoint "Cleanup", Time since last: 1001008500 ns, Reaching safepoint: 452000 ns, At safepoint: 212700 ns, Total: 664700 ns
[2020-05-02T07:01:52.509+0000][1][safepoint    ] Safepoint "Cleanup", Time since last: 1001249500 ns, Reaching safepoint: 456000 ns, At safepoint: 222000 ns, Total: 678000 ns
[2020-05-02T07:01:53.510+0000][1][safepoint    ] Safepoint "Cleanup", Time since last: 1000546900 ns, Reaching safepoint: 131800 ns, At safepoint: 42500 ns, Total: 174300 ns
[2020-05-02T07:01:54.510+0000][1][safepoint    ] Safepoint "Cleanup", Time since last: 1000214400 ns, Reaching safepoint: 145600 ns, At safepoint: 39800 ns, Total: 185400 ns
[2020-05-02T07:01:55.511+0000][1][safepoint    ] Safepoint "Cleanup", Time since last: 1000221800 ns, Reaching safepoint: 173500 ns, At safepoint: 33300 ns, Total: 206800 ns
[2020-05-02T07:01:56.512+0000][1][safepoint    ] Safepoint "Cleanup", Time since last: 1000439100 ns, Reaching safepoint: 449300 ns, At safepoint: 233700 ns, Total: 683000 ns
[2020-05-02T07:01:57.513+0000][1][safepoint    ] Safepoint "Cleanup", Time since last: 1000416900 ns, Reaching safepoint: 186300 ns, At safepoint: 87400 ns, Total: 273700 ns
[2020-05-02T07:01:58.514+0000][1][safepoint    ] Safepoint "Cleanup", Time since last: 1000709500 ns, Reaching safepoint: 416300 ns, At safepoint: 212400 ns, Total: 628700 ns
[2020-05-02T07:02:00.224+0000][1][safepoint    ] Safepoint "Cleanup", Time since last: 1709663900 ns, Reaching safepoint: 127900 ns, At safepoint: 45200 ns, Total: 173100 ns
[2020-05-02T07:02:01.224+0000][1][safepoint    ] Safepoint "Cleanup", Time since last: 1000217100 ns, Reaching safepoint: 160600 ns, At safepoint: 53000 ns, Total: 213600 ns
[2020-05-02T07:02:02.225+0000][1][safepoint    ] Safepoint "Cleanup", Time since last: 1000461000 ns, Reaching safepoint: 381300 ns, At safepoint: 184400 ns, Total: 565700 ns
[2020-05-02T07:02:03.227+0000][1][safepoint    ] Safepoint "Cleanup", Time since last: 1000706700 ns, Reaching safepoint: 568400 ns, At safepoint: 129300 ns, Total: 697700 ns
[2020-05-02T07:02:04.228+0000][1][safepoint    ] Safepoint "Cleanup", Time since last: 1000779100 ns, Reaching safepoint: 306200 ns, At safepoint: 158300 ns, Total: 464500 ns
[2020-05-02T07:02:05.229+0000][1][safepoint    ] Safepoint "Cleanup", Time since last: 1000851500 ns, Reaching safepoint: 418700 ns, At safepoint: 213500 ns, Total: 632200 ns
[2020-05-02T07:02:06.231+0000][1][safepoint    ] Safepoint "Cleanup", Time since last: 1001066400 ns, Reaching safepoint: 257400 ns, At safepoint: 120500 ns, Total: 377900 ns
[2020-05-02T07:02:07.232+0000][1][safepoint    ] Safepoint "Cleanup", Time since last: 1000830500 ns, Reaching safepoint: 439500 ns, At safepoint: 211500 ns, Total: 651000 ns
[2020-05-02T07:02:08.234+0000][1][safepoint    ] Safepoint "Cleanup", Time since last: 1001011300 ns, Reaching safepoint: 351200 ns, At safepoint: 179900 ns, Total: 531100 ns
[2020-05-02T07:02:09.235+0000][1][safepoint    ] Safepoint "Cleanup", Time since last: 1000678600 ns, Reaching safepoint: 135700 ns, At safepoint: 56400 ns, Total: 192100 ns
[2020-05-02T07:02:10.236+0000][1][safepoint    ] Safepoint "Cleanup", Time since last: 1000619200 ns, Reaching safepoint: 306400 ns, At safepoint: 124500 ns, Total: 430900 ns
[2020-05-02T07:02:11.237+0000][1][safepoint    ] Safepoint "Cleanup", Time since last: 1000675500 ns, Reaching safepoint: 145700 ns, At safepoint: 62600 ns, Total: 208300 ns
[2020-05-02T07:02:12.237+0000][1][safepoint    ] Safepoint "Cleanup", Time since last: 1000272700 ns, Reaching safepoint: 136600 ns, At safepoint: 54800 ns, Total: 191400 ns
[2020-05-02T07:02:13.238+0000][1][safepoint    ] Safepoint "Cleanup", Time since last: 1000584000 ns, Reaching safepoint: 264800 ns, At safepoint: 123900 ns, Total: 388700 ns
[2020-05-02T07:02:14.239+0000][1][safepoint    ] Safepoint "Cleanup", Time since last: 1000416500 ns, Reaching safepoint: 286100 ns, At safepoint: 133700 ns, Total: 419800 ns
[2020-05-02T07:02:15.240+0000][1][safepoint    ] Safepoint "Cleanup", Time since last: 1000852500 ns, Reaching safepoint: 383400 ns, At safepoint: 182800 ns, Total: 566200 ns
[2020-05-02T07:02:16.241+0000][1][safepoint    ] Safepoint "Cleanup", Time since last: 1000558700 ns, Reaching safepoint: 343800 ns, At safepoint: 171700 ns, Total: 515500 ns
[2020-05-02T07:02:17.242+0000][1][safepoint    ] Safepoint "Cleanup", Time since last: 1000505600 ns, Reaching safepoint: 181800 ns, At safepoint: 66400 ns, Total: 248200 ns
[2020-05-02T07:02:18.243+0000][1][safepoint    ] Safepoint "Cleanup", Time since last: 1000543700 ns, Reaching safepoint: 244900 ns, At safepoint: 100300 ns, Total: 345200 ns
[2020-05-02T07:02:19.244+0000][1][safepoint    ] Safepoint "Cleanup", Time since last: 1000557700 ns, Reaching safepoint: 245600 ns, At safepoint: 117500 ns, Total: 363100 ns
[2020-05-02T07:02:20.245+0000][1][safepoint    ] Safepoint "Cleanup", Time since last: 1000640300 ns, Reaching safepoint: 207800 ns, At safepoint: 96800 ns, Total: 304600 ns
[2020-05-02T07:02:21.246+0000][1][safepoint    ] Safepoint "Cleanup", Time since last: 1000341000 ns, Reaching safepoint: 376100 ns, At safepoint: 152700 ns, Total: 528800 ns
[2020-05-02T07:02:21.647+0000][1][safepoint    ] Safepoint "RevokeBias", Time since last: 400591000 ns, Reaching safepoint: 251700 ns, At safepoint: 126700 ns, Total: 378400 ns
[2020-05-02T07:02:21.648+0000][1][safepoint    ] Safepoint "RevokeBias", Time since last: 565900 ns, Reaching safepoint: 183200 ns, At safepoint: 116500 ns, Total: 299700 ns
[2020-05-02T07:02:21.648+0000][1][safepoint    ] Safepoint "RevokeBias", Time since last: 407500 ns, Reaching safepoint: 175900 ns, At safepoint: 127200 ns, Total: 303100 ns
[2020-05-02T07:02:22.650+0000][1][safepoint    ] Safepoint "Cleanup", Time since last: 1000607900 ns, Reaching safepoint: 508000 ns, At safepoint: 195900 ns, Total: 703900 ns
[2020-05-02T07:02:23.651+0000][1][safepoint    ] Safepoint "Cleanup", Time since last: 1001192300 ns, Reaching safepoint: 421200 ns, At safepoint: 226500 ns, Total: 647700 ns
[2020-05-02T07:02:24.148+0000][1][safepoint    ] Safepoint "RevokeBias", Time since last: 496508400 ns, Reaching safepoint: 152500 ns, At safepoint: 70500 ns, Total: 223000 ns
[2020-05-02T07:02:25.149+0000][1][safepoint    ] Safepoint "Cleanup", Time since last: 1000651800 ns, Reaching safepoint: 213800 ns, At safepoint: 97200 ns, Total: 311000 ns
[2020-05-02T07:02:26.150+0000][1][safepoint    ] Safepoint "Cleanup", Time since last: 1000278000 ns, Reaching safepoint: 202700 ns, At safepoint: 70800 ns, Total: 273500 ns
[2020-05-02T07:02:27.151+0000][1][safepoint    ] Safepoint "Cleanup", Time since last: 1000484800 ns, Reaching safepoint: 595000 ns, At safepoint: 183400 ns, Total: 778400 ns
[2020-05-02T07:02:28.152+0000][1][safepoint    ] Safepoint "Cleanup", Time since last: 1000582700 ns, Reaching safepoint: 191200 ns, At safepoint: 83100 ns, Total: 274300 ns
[2020-05-02T07:02:29.153+0000][1][safepoint    ] Safepoint "Cleanup", Time since last: 1000595200 ns, Reaching safepoint: 214100 ns, At safepoint: 99600 ns, Total: 313700 ns
[2020-05-02T07:02:30.153+0000][1][safepoint    ] Safepoint "Cleanup", Time since last: 1000426400 ns, Reaching safepoint: 162000 ns, At safepoint: 72000 ns, Total: 234000 ns
[2020-05-02T07:02:31.154+0000][1][safepoint    ] Safepoint "Cleanup", Time since last: 1000213100 ns, Reaching safepoint: 144400 ns, At safepoint: 52700 ns, Total: 197100 ns
[2020-05-02T07:02:32.155+0000][1][safepoint    ] Safepoint "Cleanup", Time since last: 1000667800 ns, Reaching safepoint: 297200 ns, At safepoint: 197400 ns, Total: 494600 ns
[2020-05-02T07:02:33.156+0000][1][safepoint    ] Safepoint "Cleanup", Time since last: 1000735900 ns, Reaching safepoint: 337200 ns, At safepoint: 245600 ns, Total: 582800 ns
[2020-05-02T07:02:34.157+0000][1][safepoint    ] Safepoint "Cleanup", Time since last: 1000550200 ns, Reaching safepoint: 153600 ns, At safepoint: 62500 ns, Total: 216100 ns
[2020-05-02T07:02:35.158+0000][1][safepoint    ] Safepoint "Cleanup", Time since last: 1000349400 ns, Reaching safepoint: 215600 ns, At safepoint: 98600 ns, Total: 314200 ns
[2020-05-02T07:02:36.159+0000][1][safepoint    ] Safepoint "Cleanup", Time since last: 1000485300 ns, Reaching safepoint: 407900 ns, At safepoint: 207100 ns, Total: 615000 ns
[2020-05-02T07:02:37.160+0000][1][safepoint    ] Safepoint "Cleanup", Time since last: 1000448200 ns, Reaching safepoint: 169900 ns, At safepoint: 69700 ns, Total: 239600 ns
[2020-05-02T07:02:38.160+0000][1][safepoint    ] Safepoint "Cleanup", Time since last: 1000247800 ns, Reaching safepoint: 125500 ns, At safepoint: 36100 ns, Total: 161600 ns
[2020-05-02T07:02:39.161+0000][1][safepoint    ] Safepoint "Cleanup", Time since last: 1000700100 ns, Reaching safepoint: 240000 ns, At safepoint: 119100 ns, Total: 359100 ns
[2020-05-02T07:02:40.162+0000][1][safepoint    ] Safepoint "Cleanup", Time since last: 1000867100 ns, Reaching safepoint: 398200 ns, At safepoint: 223100 ns, Total: 621300 ns
[2020-05-02T07:02:41.163+0000][1][safepoint    ] Safepoint "Cleanup", Time since last: 1000474600 ns, Reaching safepoint: 370400 ns, At safepoint: 154600 ns, Total: 525000 ns
[2020-05-02T07:02:42.164+0000][1][safepoint    ] Safepoint "Cleanup", Time since last: 1000795400 ns, Reaching safepoint: 126500 ns, At safepoint: 56500 ns, Total: 183000 ns
[2020-05-02T07:02:43.166+0000][1][safepoint    ] Safepoint "Cleanup", Time since last: 1000421300 ns, Reaching safepoint: 406000 ns, At safepoint: 496600 ns, Total: 902600 ns
[2020-05-02T07:02:43.985+0000][1][safepoint    ] Safepoint "RevokeBias", Time since last: 819196500 ns, Reaching safepoint: 130500 ns, At safepoint: 114900 ns, Total: 245400 ns
[2020-05-02T07:02:44.986+0000][1][safepoint    ] Safepoint "Cleanup", Time since last: 1000235900 ns, Reaching safepoint: 154500 ns, At safepoint: 40800 ns, Total: 195300 ns
[2020-05-02T07:02:45.987+0000][1][safepoint    ] Safepoint "Cleanup", Time since last: 1000510700 ns, Reaching safepoint: 441500 ns, At safepoint: 202600 ns, Total: 644100 ns
[2020-05-02T07:02:46.988+0000][1][safepoint    ] Safepoint "Cleanup", Time since last: 1000661400 ns, Reaching safepoint: 441600 ns, At safepoint: 218100 ns, Total: 659700 ns
[2020-05-02T07:02:47.990+0000][1][safepoint    ] Safepoint "Cleanup", Time since last: 1000896000 ns, Reaching safepoint: 403200 ns, At safepoint: 199000 ns, Total: 602200 ns
[2020-05-02T07:02:48.991+0000][1][safepoint    ] Safepoint "Cleanup", Time since last: 1001051700 ns, Reaching safepoint: 403700 ns, At safepoint: 206900 ns, Total: 610600 ns
[2020-05-02T07:02:49.993+0000][1][safepoint    ] Safepoint "Cleanup", Time since last: 1001158500 ns, Reaching safepoint: 404100 ns, At safepoint: 206000 ns, Total: 610100 ns
[2020-05-02T07:02:50.994+0000][1][safepoint    ] Safepoint "Cleanup", Time since last: 1000801300 ns, Reaching safepoint: 392400 ns, At safepoint: 147300 ns, Total: 539700 ns
[2020-05-02T07:02:51.996+0000][1][safepoint    ] Safepoint "Cleanup", Time since last: 1000622400 ns, Reaching safepoint: 524900 ns, At safepoint: 198100 ns, Total: 723000 ns
[2020-05-02T07:02:52.997+0000][1][safepoint    ] Safepoint "Cleanup", Time since last: 1000747700 ns, Reaching safepoint: 626800 ns, At safepoint: 213200 ns, Total: 840000 ns
[2020-05-02T07:02:53.999+0000][1][safepoint    ] Safepoint "Cleanup", Time since last: 1001056100 ns, Reaching safepoint: 436900 ns, At safepoint: 275600 ns, Total: 712500 ns
[2020-05-02T07:02:55.001+0000][1][safepoint    ] Safepoint "Cleanup", Time since last: 1000920900 ns, Reaching safepoint: 436400 ns, At safepoint: 208900 ns, Total: 645300 ns
[2020-05-02T07:02:56.002+0000][1][safepoint    ] Safepoint "Cleanup", Time since last: 1000864700 ns, Reaching safepoint: 208300 ns, At safepoint: 82500 ns, Total: 290800 ns
[2020-05-02T07:02:57.003+0000][1][safepoint    ] Safepoint "Cleanup", Time since last: 1000535500 ns, Reaching safepoint: 196200 ns, At safepoint: 122200 ns, Total: 318400 ns
[2020-05-02T07:02:58.003+0000][1][safepoint    ] Safepoint "Cleanup", Time since last: 1000342900 ns, Reaching safepoint: 239800 ns, At safepoint: 101400 ns, Total: 341200 ns
[2020-05-02T07:02:59.005+0000][1][safepoint    ] Safepoint "Cleanup", Time since last: 1000567700 ns, Reaching safepoint: 536400 ns, At safepoint: 217700 ns, Total: 754100 ns
[2020-05-02T07:03:00.006+0000][1][safepoint    ] Safepoint "Cleanup", Time since last: 1000794800 ns, Reaching safepoint: 174700 ns, At safepoint: 83200 ns, Total: 257900 ns
[2020-05-02T07:03:01.006+0000][1][safepoint    ] Safepoint "Cleanup", Time since last: 1000299900 ns, Reaching safepoint: 143100 ns, At safepoint: 66000 ns, Total: 209100 ns
[2020-05-02T07:03:02.007+0000][1][safepoint    ] Safepoint "Cleanup", Time since last: 1000648900 ns, Reaching safepoint: 222900 ns, At safepoint: 99400 ns, Total: 322300 ns
[2020-05-02T07:03:03.009+0000][1][safepoint    ] Safepoint "Cleanup", Time since last: 1000897800 ns, Reaching safepoint: 404600 ns, At safepoint: 206100 ns, Total: 610700 ns
[2020-05-02T07:03:04.010+0000][1][safepoint    ] Safepoint "Cleanup", Time since last: 1000732500 ns, Reaching safepoint: 400400 ns, At safepoint: 188900 ns, Total: 589300 ns
[2020-05-02T07:03:05.012+0000][1][safepoint    ] Safepoint "Cleanup", Time since last: 1000949900 ns, Reaching safepoint: 435100 ns, At safepoint: 288800 ns, Total: 723900 ns
[2020-05-02T07:03:06.013+0000][1][safepoint    ] Safepoint "Cleanup", Time since last: 1000772500 ns, Reaching safepoint: 483400 ns, At safepoint: 204900 ns, Total: 688300 ns
[2020-05-02T07:03:07.014+0000][1][safepoint    ] Safepoint "Cleanup", Time since last: 1000632300 ns, Reaching safepoint: 404500 ns, At safepoint: 199400 ns, Total: 603900 ns
[2020-05-02T07:03:08.016+0000][1][safepoint    ] Safepoint "Cleanup", Time since last: 1000633700 ns, Reaching safepoint: 662100 ns, At safepoint: 229400 ns, Total: 891500 ns
[2020-05-02T07:03:09.017+0000][1][safepoint    ] Safepoint "Cleanup", Time since last: 1000835700 ns, Reaching safepoint: 407400 ns, At safepoint: 205900 ns, Total: 613300 ns
[2020-05-02T07:03:10.019+0000][1][safepoint    ] Safepoint "Cleanup", Time since last: 1001365100 ns, Reaching safepoint: 440300 ns, At safepoint: 175900 ns, Total: 616200 ns
[2020-05-02T07:03:11.021+0000][1][safepoint    ] Safepoint "Cleanup", Time since last: 1001235300 ns, Reaching safepoint: 438400 ns, At safepoint: 208900 ns, Total: 647300 ns
[2020-05-02T07:03:12.023+0000][1][safepoint    ] Safepoint "Cleanup", Time since last: 1001066800 ns, Reaching safepoint: 434800 ns, At safepoint: 211000 ns, Total: 645800 ns
[2020-05-02T07:03:13.025+0000][1][safepoint    ] Safepoint "Cleanup", Time since last: 1000971500 ns, Reaching safepoint: 440100 ns, At safepoint: 209700 ns, Total: 649800 ns
[2020-05-02T07:03:14.026+0000][1][safepoint    ] Safepoint "Cleanup", Time since last: 1000640300 ns, Reaching safepoint: 542300 ns, At safepoint: 183800 ns, Total: 726100 ns
[2020-05-02T07:03:15.027+0000][1][safepoint    ] Safepoint "Cleanup", Time since last: 1000656800 ns, Reaching safepoint: 617200 ns, At safepoint: 205100 ns, Total: 822300 ns
[2020-05-02T07:03:16.028+0000][1][safepoint    ] Safepoint "Cleanup", Time since last: 1000662600 ns, Reaching safepoint: 134100 ns, At safepoint: 61000 ns, Total: 195100 ns
[2020-05-02T07:03:17.030+0000][1][safepoint    ] Safepoint "Cleanup", Time since last: 1000908600 ns, Reaching safepoint: 402600 ns, At safepoint: 206500 ns, Total: 609100 ns
[2020-05-02T07:03:18.031+0000][1][safepoint    ] Safepoint "Cleanup", Time since last: 1001021300 ns, Reaching safepoint: 403600 ns, At safepoint: 196900 ns, Total: 600500 ns
[2020-05-02T07:03:19.033+0000][1][safepoint    ] Safepoint "Cleanup", Time since last: 1000668000 ns, Reaching safepoint: 405600 ns, At safepoint: 207100 ns, Total: 612700 ns
[2020-05-02T07:03:20.034+0000][1][safepoint    ] Safepoint "Cleanup", Time since last: 1001133500 ns, Reaching safepoint: 438700 ns, At safepoint: 200800 ns, Total: 639500 ns
[2020-05-02T07:03:21.036+0000][1][safepoint    ] Safepoint "Cleanup", Time since last: 1001007900 ns, Reaching safepoint: 624300 ns, At safepoint: 170800 ns, Total: 795100 ns
[2020-05-02T07:03:22.152+0000][1][safepoint    ] Safepoint "Cleanup", Time since last: 1115826600 ns, Reaching safepoint: 138800 ns, At safepoint: 61500 ns, Total: 200300 ns
[2020-05-02T07:03:23.153+0000][1][safepoint    ] Safepoint "Cleanup", Time since last: 1000356800 ns, Reaching safepoint: 115700 ns, At safepoint: 31700 ns, Total: 147400 ns
[2020-05-02T07:03:24.154+0000][1][safepoint    ] Safepoint "Cleanup", Time since last: 1000535500 ns, Reaching safepoint: 128100 ns, At safepoint: 71800 ns, Total: 199900 ns
[2020-05-02T07:03:25.155+0000][1][safepoint    ] Safepoint "Cleanup", Time since last: 1000376500 ns, Reaching safepoint: 433400 ns, At safepoint: 268700 ns, Total: 702100 ns
[2020-05-02T07:03:26.156+0000][1][safepoint    ] Safepoint "Cleanup", Time since last: 1000724100 ns, Reaching safepoint: 484400 ns, At safepoint: 189500 ns, Total: 673900 ns
[2020-05-02T07:03:27.158+0000][1][safepoint    ] Safepoint "Cleanup", Time since last: 1001055700 ns, Reaching safepoint: 406200 ns, At safepoint: 205400 ns, Total: 611600 ns
[2020-05-02T07:03:28.159+0000][1][safepoint    ] Safepoint "Cleanup", Time since last: 1000636800 ns, Reaching safepoint: 403700 ns, At safepoint: 179300 ns, Total: 583000 ns
[2020-05-02T07:03:29.160+0000][1][safepoint    ] Safepoint "Cleanup", Time since last: 1000610600 ns, Reaching safepoint: 451600 ns, At safepoint: 210000 ns, Total: 661600 ns
[2020-05-02T07:03:29.458+0000][1][gc,start     ] GC(63) Pause Young (Allocation Failure)
[2020-05-02T07:03:29.458+0000][1][gc,task      ] GC(63) Using 10 workers of 10 for evacuation
[2020-05-02T07:03:29.466+0000][1][gc,age       ] GC(63) Desired survivor size 8945664 bytes, new threshold 6 (max threshold 6)
[2020-05-02T07:03:29.466+0000][1][gc,age       ] GC(63) Age table with threshold 6 (max threshold 6)
[2020-05-02T07:03:29.466+0000][1][gc,age       ] GC(63) - age   1:     364600 bytes,     364600 total
[2020-05-02T07:03:29.466+0000][1][gc,age       ] GC(63) - age   2:     774712 bytes,    1139312 total
[2020-05-02T07:03:29.466+0000][1][gc,age       ] GC(63) - age   3:      14904 bytes,    1154216 total
[2020-05-02T07:03:29.466+0000][1][gc,age       ] GC(63) - age   4:        704 bytes,    1154920 total
[2020-05-02T07:03:29.466+0000][1][gc,age       ] GC(63) - age   5:     289856 bytes,    1444776 total
[2020-05-02T07:03:29.466+0000][1][gc,heap      ] GC(63) ParNew: 141022K->1610K(157248K)
[2020-05-02T07:03:29.466+0000][1][gc,heap      ] GC(63) CMS: 82475K->82476K(349568K)
[2020-05-02T07:03:29.466+0000][1][gc,metaspace ] GC(63) Metaspace: 97750K->97750K(1138688K)
[2020-05-02T07:03:29.466+0000][1][gc           ] GC(63) Pause Young (Allocation Failure) 218M->82M(494M) 7.954ms
[2020-05-02T07:03:29.466+0000][1][gc,cpu       ] GC(63) User=0.03s Sys=0.00s Real=0.01s
[2020-05-02T07:03:29.466+0000][1][safepoint    ] Safepoint "GenCollectForAllocation", Time since last: 297437300 ns, Reaching safepoint: 332700 ns, At safepoint: 8202900 ns, Total: 8535600 ns
[2020-05-02T07:03:30.467+0000][1][safepoint    ] Safepoint "Cleanup", Time since last: 1000536800 ns, Reaching safepoint: 393500 ns, At safepoint: 179200 ns, Total: 572700 ns
[2020-05-02T07:03:31.469+0000][1][safepoint    ] Safepoint "Cleanup", Time since last: 1000768500 ns, Reaching safepoint: 440500 ns, At safepoint: 212800 ns, Total: 653300 ns
[2020-05-02T07:03:32.471+0000][1][safepoint    ] Safepoint "Cleanup", Time since last: 1001185800 ns, Reaching safepoint: 886400 ns, At safepoint: 318400 ns, Total: 1204800 ns
[2020-05-02T07:03:33.472+0000][1][safepoint    ] Safepoint "Cleanup", Time since last: 1000572800 ns, Reaching safepoint: 265200 ns, At safepoint: 77700 ns, Total: 342900 ns
[2020-05-02T07:03:34.474+0000][1][safepoint    ] Safepoint "Cleanup", Time since last: 1000489400 ns, Reaching safepoint: 851700 ns, At safepoint: 290900 ns, Total: 1142600 ns
[2020-05-02T07:03:35.475+0000][1][safepoint    ] Safepoint "Cleanup", Time since last: 1000658800 ns, Reaching safepoint: 648300 ns, At safepoint: 176600 ns, Total: 824900 ns
[2020-05-02T07:03:36.477+0000][1][safepoint    ] Safepoint "Cleanup", Time since last: 1001045400 ns, Reaching safepoint: 439100 ns, At safepoint: 208400 ns, Total: 647500 ns
[2020-05-02T07:03:37.479+0000][1][safepoint    ] Safepoint "Cleanup", Time since last: 1001134400 ns, Reaching safepoint: 439700 ns, At safepoint: 213200 ns, Total: 652900 ns
[2020-05-02T07:03:38.480+0000][1][safepoint    ] Safepoint "Cleanup", Time since last: 1000849600 ns, Reaching safepoint: 129300 ns, At safepoint: 53300 ns, Total: 182600 ns
[2020-05-02T07:03:39.480+0000][1][safepoint    ] Safepoint "Cleanup", Time since last: 1000312200 ns, Reaching safepoint: 308900 ns, At safepoint: 75400 ns, Total: 384300 ns
[2020-05-02T07:03:40.482+0000][1][safepoint    ] Safepoint "Cleanup", Time since last: 1000900500 ns, Reaching safepoint: 443300 ns, At safepoint: 213900 ns, Total: 657200 ns
[2020-05-02T07:03:41.484+0000][1][safepoint    ] Safepoint "Cleanup", Time since last: 1000985500 ns, Reaching safepoint: 606100 ns, At safepoint: 337700 ns, Total: 943800 ns
[2020-05-02T07:03:42.486+0000][1][safepoint    ] Safepoint "Cleanup", Time since last: 1000868400 ns, Reaching safepoint: 881700 ns, At safepoint: 392200 ns, Total: 1273900 ns
[2020-05-02T07:03:43.487+0000][1][safepoint    ] Safepoint "Cleanup", Time since last: 1000427000 ns, Reaching safepoint: 129400 ns, At safepoint: 104400 ns, Total: 233800 ns
[2020-05-02T07:03:44.487+0000][1][safepoint    ] Safepoint "Cleanup", Time since last: 1000445500 ns, Reaching safepoint: 144500 ns, At safepoint: 58700 ns, Total: 203200 ns
[2020-05-02T07:03:45.489+0000][1][safepoint    ] Safepoint "Cleanup", Time since last: 1000844700 ns, Reaching safepoint: 444000 ns, At safepoint: 330700 ns, Total: 774700 ns
[2020-05-02T07:03:46.491+0000][1][safepoint    ] Safepoint "Cleanup", Time since last: 1001223100 ns, Reaching safepoint: 628000 ns, At safepoint: 334900 ns, Total: 962900 ns
[2020-05-02T07:03:47.493+0000][1][safepoint    ] Safepoint "Cleanup", Time since last: 1000907600 ns, Reaching safepoint: 624100 ns, At safepoint: 330700 ns, Total: 954800 ns
[2020-05-02T07:03:48.494+0000][1][safepoint    ] Safepoint "Cleanup", Time since last: 1000496300 ns, Reaching safepoint: 128400 ns, At safepoint: 84000 ns, Total: 212400 ns
[2020-05-02T07:03:49.495+0000][1][safepoint    ] Safepoint "Cleanup", Time since last: 1000453100 ns, Reaching safepoint: 866500 ns, At safepoint: 359500 ns, Total: 1226000 ns
[2020-05-02T07:03:50.496+0000][1][safepoint    ] Safepoint "Cleanup", Time since last: 1000736100 ns, Reaching safepoint: 269600 ns, At safepoint: 125700 ns, Total: 395300 ns
[2020-05-02T07:03:51.498+0000][1][safepoint    ] Safepoint "Cleanup", Time since last: 1000702200 ns, Reaching safepoint: 527400 ns, At safepoint: 195800 ns, Total: 723200 ns
[2020-05-02T07:03:52.500+0000][1][safepoint    ] Safepoint "Cleanup", Time since last: 1000963900 ns, Reaching safepoint: 445800 ns, At safepoint: 322300 ns, Total: 768100 ns
[2020-05-02T07:03:53.500+0000][1][safepoint    ] Safepoint "Cleanup", Time since last: 1000567400 ns, Reaching safepoint: 142500 ns, At safepoint: 50700 ns, Total: 193200 ns
[2020-05-02T07:03:54.502+0000][1][safepoint    ] Safepoint "Cleanup", Time since last: 1000474600 ns, Reaching safepoint: 855000 ns, At safepoint: 319800 ns, Total: 1174800 ns
[2020-05-02T07:03:55.504+0000][1][safepoint    ] Safepoint "Cleanup", Time since last: 1000875800 ns, Reaching safepoint: 443200 ns, At safepoint: 207800 ns, Total: 651000 ns
[2020-05-02T07:03:56.505+0000][1][safepoint    ] Safepoint "Cleanup", Time since last: 1001157300 ns, Reaching safepoint: 445600 ns, At safepoint: 215600 ns, Total: 661200 ns
[2020-05-02T07:03:57.507+0000][1][safepoint    ] Safepoint "Cleanup", Time since last: 1000655500 ns, Reaching safepoint: 509700 ns, At safepoint: 209500 ns, Total: 719200 ns
[2020-05-02T07:03:58.507+0000][1][safepoint    ] Safepoint "Cleanup", Time since last: 1000407000 ns, Reaching safepoint: 130800 ns, At safepoint: 52700 ns, Total: 183500 ns
[2020-05-02T07:03:59.509+0000][1][safepoint    ] Safepoint "Cleanup", Time since last: 1000654500 ns, Reaching safepoint: 548500 ns, At safepoint: 331300 ns, Total: 879800 ns
[2020-05-02T07:04:00.509+0000][1][safepoint    ] Safepoint "Cleanup", Time since last: 1000384000 ns, Reaching safepoint: 139500 ns, At safepoint: 57300 ns, Total: 196800 ns
[2020-05-02T07:04:01.510+0000][1][safepoint    ] Safepoint "Cleanup", Time since last: 1000449800 ns, Reaching safepoint: 141800 ns, At safepoint: 60200 ns, Total: 202000 ns
[2020-05-02T07:04:02.512+0000][1][safepoint    ] Safepoint "Cleanup", Time since last: 1000879000 ns, Reaching safepoint: 441300 ns, At safepoint: 289500 ns, Total: 730800 ns
[2020-05-02T07:04:03.512+0000][1][safepoint    ] Safepoint "Cleanup", Time since last: 1000542100 ns, Reaching safepoint: 136600 ns, At safepoint: 55900 ns, Total: 192500 ns
[2020-05-02T07:04:04.514+0000][1][safepoint    ] Safepoint "Cleanup", Time since last: 1000476700 ns, Reaching safepoint: 441000 ns, At safepoint: 206900 ns, Total: 647900 ns
[2020-05-02T07:04:05.515+0000][1][safepoint    ] Safepoint "Cleanup", Time since last: 1000589000 ns, Reaching safepoint: 541300 ns, At safepoint: 204600 ns, Total: 745900 ns
[2020-05-02T07:04:06.516+0000][1][safepoint    ] Safepoint "Cleanup", Time since last: 1000849100 ns, Reaching safepoint: 441700 ns, At safepoint: 225800 ns, Total: 667500 ns
[2020-05-02T07:04:07.518+0000][1][safepoint    ] Safepoint "Cleanup", Time since last: 1001007600 ns, Reaching safepoint: 442300 ns, At safepoint: 214100 ns, Total: 656400 ns
[2020-05-02T07:04:08.520+0000][1][safepoint    ] Safepoint "Cleanup", Time since last: 1000929000 ns, Reaching safepoint: 442900 ns, At safepoint: 227800 ns, Total: 670700 ns
[2020-05-02T07:04:09.521+0000][1][safepoint    ] Safepoint "Cleanup", Time since last: 1000876000 ns, Reaching safepoint: 329300 ns, At safepoint: 153100 ns, Total: 482400 ns
[2020-05-02T07:04:10.522+0000][1][safepoint    ] Safepoint "Cleanup", Time since last: 1000931800 ns, Reaching safepoint: 271100 ns, At safepoint: 128600 ns, Total: 399700 ns
[2020-05-02T07:04:11.523+0000][1][safepoint    ] Safepoint "Cleanup", Time since last: 1000403400 ns, Reaching safepoint: 337800 ns, At safepoint: 135500 ns, Total: 473300 ns
[2020-05-02T07:04:12.524+0000][1][safepoint    ] Safepoint "Cleanup", Time since last: 1000704400 ns, Reaching safepoint: 132800 ns, At safepoint: 55600 ns, Total: 188400 ns
[2020-05-02T07:04:13.525+0000][1][safepoint    ] Safepoint "Cleanup", Time since last: 1000440200 ns, Reaching safepoint: 130600 ns, At safepoint: 53400 ns, Total: 184000 ns
[2020-05-02T07:04:14.526+0000][1][safepoint    ] Safepoint "Cleanup", Time since last: 1000764200 ns, Reaching safepoint: 462600 ns, At safepoint: 221500 ns, Total: 684100 ns
[2020-05-02T07:04:15.528+0000][1][safepoint    ] Safepoint "Cleanup", Time since last: 1000718600 ns, Reaching safepoint: 514000 ns, At safepoint: 323400 ns, Total: 837400 ns
[2020-05-02T07:04:16.529+0000][1][safepoint    ] Safepoint "Cleanup", Time since last: 1000891500 ns, Reaching safepoint: 443900 ns, At safepoint: 218600 ns, Total: 662500 ns
[2020-05-02T07:04:18.203+0000][1][safepoint    ] Safepoint "Cleanup", Time since last: 1672483400 ns, Reaching safepoint: 494500 ns, At safepoint: 364000 ns, Total: 858500 ns
[2020-05-02T07:04:19.204+0000][1][safepoint    ] Safepoint "Cleanup", Time since last: 1000613100 ns, Reaching safepoint: 435400 ns, At safepoint: 190700 ns, Total: 626100 ns
[2020-05-02T07:04:20.205+0000][1][safepoint    ] Safepoint "Cleanup", Time since last: 1000523700 ns, Reaching safepoint: 142500 ns, At safepoint: 64200 ns, Total: 206700 ns
[2020-05-02T07:04:21.206+0000][1][safepoint    ] Safepoint "Cleanup", Time since last: 1000859400 ns, Reaching safepoint: 448400 ns, At safepoint: 211200 ns, Total: 659600 ns
[2020-05-02T07:04:22.208+0000][1][safepoint    ] Safepoint "Cleanup", Time since last: 1000656800 ns, Reaching safepoint: 474800 ns, At safepoint: 296000 ns, Total: 770800 ns
[2020-05-02T07:04:23.209+0000][1][safepoint    ] Safepoint "Cleanup", Time since last: 1001010500 ns, Reaching safepoint: 458600 ns, At safepoint: 291200 ns, Total: 749800 ns
[2020-05-02T07:04:24.211+0000][1][safepoint    ] Safepoint "Cleanup", Time since last: 1000832200 ns, Reaching safepoint: 369300 ns, At safepoint: 186200 ns, Total: 555500 ns
[2020-05-02T07:04:25.212+0000][1][safepoint    ] Safepoint "Cleanup", Time since last: 1000519300 ns, Reaching safepoint: 320600 ns, At safepoint: 70700 ns, Total: 391300 ns
[2020-05-02T07:04:26.213+0000][1][safepoint    ] Safepoint "Cleanup", Time since last: 1000804400 ns, Reaching safepoint: 410800 ns, At safepoint: 202500 ns, Total: 613300 ns
[2020-05-02T07:04:27.214+0000][1][safepoint    ] Safepoint "Cleanup", Time since last: 1000782000 ns, Reaching safepoint: 127900 ns, At safepoint: 55600 ns, Total: 183500 ns
[2020-05-02T07:04:28.215+0000][1][safepoint    ] Safepoint "Cleanup", Time since last: 1000537400 ns, Reaching safepoint: 445000 ns, At safepoint: 214500 ns, Total: 659500 ns
[2020-05-02T07:04:29.216+0000][1][safepoint    ] Safepoint "Cleanup", Time since last: 1000781400 ns, Reaching safepoint: 160000 ns, At safepoint: 68300 ns, Total: 228300 ns
[2020-05-02T07:04:30.218+0000][1][safepoint    ] Safepoint "Cleanup", Time since last: 1000913500 ns, Reaching safepoint: 443500 ns, At safepoint: 287300 ns, Total: 730800 ns
[2020-05-02T07:04:31.219+0000][1][safepoint    ] Safepoint "Cleanup", Time since last: 1000693100 ns, Reaching safepoint: 439700 ns, At safepoint: 209200 ns, Total: 648900 ns
[2020-05-02T07:04:32.221+0000][1][safepoint    ] Safepoint "Cleanup", Time since last: 1000775500 ns, Reaching safepoint: 448100 ns, At safepoint: 209900 ns, Total: 658000 ns
[2020-05-02T07:04:33.222+0000][1][safepoint    ] Safepoint "Cleanup", Time since last: 1000745000 ns, Reaching safepoint: 385600 ns, At safepoint: 152700 ns, Total: 538300 ns
[2020-05-02T07:04:34.223+0000][1][safepoint    ] Safepoint "Cleanup", Time since last: 1000618600 ns, Reaching safepoint: 486700 ns, At safepoint: 219000 ns, Total: 705700 ns
[2020-05-02T07:04:35.224+0000][1][safepoint    ] Safepoint "Cleanup", Time since last: 1000419700 ns, Reaching safepoint: 232000 ns, At safepoint: 106400 ns, Total: 338400 ns
[2020-05-02T07:04:36.225+0000][1][safepoint    ] Safepoint "Cleanup", Time since last: 1000387600 ns, Reaching safepoint: 309500 ns, At safepoint: 145800 ns, Total: 455300 ns
[2020-05-02T07:04:37.226+0000][1][safepoint    ] Safepoint "Cleanup", Time since last: 1000683100 ns, Reaching safepoint: 130600 ns, At safepoint: 59100 ns, Total: 189700 ns
[2020-05-02T07:04:38.226+0000][1][safepoint    ] Safepoint "Cleanup", Time since last: 1000285900 ns, Reaching safepoint: 125800 ns, At safepoint: 52200 ns, Total: 178000 ns
[2020-05-02T07:04:39.341+0000][1][safepoint    ] Safepoint "Cleanup", Time since last: 1114521000 ns, Reaching safepoint: 525000 ns, At safepoint: 199200 ns, Total: 724200 ns
[2020-05-02T07:04:40.343+0000][1][safepoint    ] Safepoint "Cleanup", Time since last: 1000670100 ns, Reaching safepoint: 458400 ns, At safepoint: 264200 ns, Total: 722600 ns
[2020-05-02T07:04:41.344+0000][1][safepoint    ] Safepoint "Cleanup", Time since last: 1000800300 ns, Reaching safepoint: 137200 ns, At safepoint: 60600 ns, Total: 197800 ns
[2020-05-02T07:04:42.345+0000][1][safepoint    ] Safepoint "Cleanup", Time since last: 1000510900 ns, Reaching safepoint: 509400 ns, At safepoint: 284000 ns, Total: 793400 ns
[2020-05-02T07:04:43.347+0000][1][safepoint    ] Safepoint "Cleanup", Time since last: 1000821700 ns, Reaching safepoint: 439900 ns, At safepoint: 260300 ns, Total: 700200 ns
[2020-05-02T07:04:44.348+0000][1][safepoint    ] Safepoint "Cleanup", Time since last: 1000499500 ns, Reaching safepoint: 332600 ns, At safepoint: 155600 ns, Total: 488200 ns
[2020-05-02T07:04:45.349+0000][1][safepoint    ] Safepoint "Cleanup", Time since last: 1000985700 ns, Reaching safepoint: 444100 ns, At safepoint: 213400 ns, Total: 657500 ns
[2020-05-02T07:04:46.350+0000][1][safepoint    ] Safepoint "Cleanup", Time since last: 1000390400 ns, Reaching safepoint: 131700 ns, At safepoint: 65400 ns, Total: 197100 ns
[2020-05-02T07:04:47.351+0000][1][safepoint    ] Safepoint "Cleanup", Time since last: 1000724600 ns, Reaching safepoint: 442400 ns, At safepoint: 292600 ns, Total: 735000 ns
[2020-05-02T07:04:48.353+0000][1][safepoint    ] Safepoint "Cleanup", Time since last: 1000645000 ns, Reaching safepoint: 470800 ns, At safepoint: 175500 ns, Total: 646300 ns
[2020-05-02T07:04:49.354+0000][1][safepoint    ] Safepoint "Cleanup", Time since last: 1000609500 ns, Reaching safepoint: 405700 ns, At safepoint: 177500 ns, Total: 583200 ns
[2020-05-02T07:04:50.354+0000][1][safepoint    ] Safepoint "Cleanup", Time since last: 1000467300 ns, Reaching safepoint: 140500 ns, At safepoint: 50100 ns, Total: 190600 ns
[2020-05-02T07:04:51.355+0000][1][safepoint    ] Safepoint "Cleanup", Time since last: 1000342900 ns, Reaching safepoint: 265300 ns, At safepoint: 133400 ns, Total: 398700 ns
[2020-05-02T07:04:52.356+0000][1][safepoint    ] Safepoint "Cleanup", Time since last: 1000671100 ns, Reaching safepoint: 183500 ns, At safepoint: 154900 ns, Total: 338400 ns
[2020-05-02T07:04:54.344+0000][1][safepoint    ] Safepoint "Cleanup", Time since last: 1986693400 ns, Reaching safepoint: 438200 ns, At safepoint: 204100 ns, Total: 642300 ns
[2020-05-02T07:04:55.345+0000][1][safepoint    ] Safepoint "Cleanup", Time since last: 1000672400 ns, Reaching safepoint: 538100 ns, At safepoint: 283800 ns, Total: 821900 ns
[2020-05-02T07:04:56.346+0000][1][safepoint    ] Safepoint "Cleanup", Time since last: 1000813500 ns, Reaching safepoint: 330300 ns, At safepoint: 207500 ns, Total: 537800 ns
[2020-05-02T07:04:57.347+0000][1][safepoint    ] Safepoint "Cleanup", Time since last: 1000639500 ns, Reaching safepoint: 208600 ns, At safepoint: 92700 ns, Total: 301300 ns
[2020-05-02T07:04:58.349+0000][1][safepoint    ] Safepoint "Cleanup", Time since last: 1000552400 ns, Reaching safepoint: 445300 ns, At safepoint: 208200 ns, Total: 653500 ns
[2020-05-02T07:04:59.350+0000][1][safepoint    ] Safepoint "Cleanup", Time since last: 1000643400 ns, Reaching safepoint: 360000 ns, At safepoint: 187000 ns, Total: 547000 ns
[2020-05-02T07:05:00.350+0000][1][safepoint    ] Safepoint "Cleanup", Time since last: 1000340500 ns, Reaching safepoint: 139300 ns, At safepoint: 53000 ns, Total: 192300 ns
[2020-05-02T07:05:01.351+0000][1][safepoint    ] Safepoint "Cleanup", Time since last: 1000628100 ns, Reaching safepoint: 216900 ns, At safepoint: 61200 ns, Total: 278100 ns
[2020-05-02T07:05:02.352+0000][1][safepoint    ] Safepoint "Cleanup", Time since last: 1000510600 ns, Reaching safepoint: 195700 ns, At safepoint: 84500 ns, Total: 280200 ns
[2020-05-02T07:05:03.353+0000][1][safepoint    ] Safepoint "Cleanup", Time since last: 1000514300 ns, Reaching safepoint: 413000 ns, At safepoint: 196400 ns, Total: 609400 ns
[2020-05-02T07:05:04.355+0000][1][safepoint    ] Safepoint "Cleanup", Time since last: 1000854800 ns, Reaching safepoint: 406400 ns, At safepoint: 166100 ns, Total: 572500 ns
[2020-05-02T07:05:05.355+0000][1][safepoint    ] Safepoint "Cleanup", Time since last: 1000324900 ns, Reaching safepoint: 125900 ns, At safepoint: 50800 ns, Total: 176700 ns
[2020-05-02T07:05:06.357+0000][1][safepoint    ] Safepoint "Cleanup", Time since last: 1000890500 ns, Reaching safepoint: 442600 ns, At safepoint: 212900 ns, Total: 655500 ns
[2020-05-02T07:05:07.359+0000][1][safepoint    ] Safepoint "Cleanup", Time since last: 1001245900 ns, Reaching safepoint: 444800 ns, At safepoint: 290400 ns, Total: 735200 ns
[2020-05-02T07:05:08.360+0000][1][safepoint    ] Safepoint "Cleanup", Time since last: 1000975000 ns, Reaching safepoint: 409300 ns, At safepoint: 208900 ns, Total: 618200 ns
[2020-05-02T07:05:09.361+0000][1][safepoint    ] Safepoint "Cleanup", Time since last: 1000650200 ns, Reaching safepoint: 363100 ns, At safepoint: 172000 ns, Total: 535100 ns
[2020-05-02T07:05:10.362+0000][1][safepoint    ] Safepoint "Cleanup", Time since last: 1000765900 ns, Reaching safepoint: 219200 ns, At safepoint: 103400 ns, Total: 322600 ns
[2020-05-02T07:05:11.363+0000][1][safepoint    ] Safepoint "Cleanup", Time since last: 1000272400 ns, Reaching safepoint: 129200 ns, At safepoint: 53900 ns, Total: 183100 ns
[2020-05-02T07:05:12.363+0000][1][safepoint    ] Safepoint "Cleanup", Time since last: 1000239200 ns, Reaching safepoint: 203600 ns, At safepoint: 89700 ns, Total: 293300 ns
[2020-05-02T07:05:13.364+0000][1][safepoint    ] Safepoint "Cleanup", Time since last: 1000818000 ns, Reaching safepoint: 159400 ns, At safepoint: 70700 ns, Total: 230100 ns
[2020-05-02T07:05:14.366+0000][1][safepoint    ] Safepoint "Cleanup", Time since last: 1000453900 ns, Reaching safepoint: 383100 ns, At safepoint: 395100 ns, Total: 778200 ns
[2020-05-02T07:05:15.366+0000][1][safepoint    ] Safepoint "Cleanup", Time since last: 1000340700 ns, Reaching safepoint: 134900 ns, At safepoint: 57400 ns, Total: 192300 ns
[2020-05-02T07:05:16.367+0000][1][safepoint    ] Safepoint "Cleanup", Time since last: 1000484400 ns, Reaching safepoint: 216000 ns, At safepoint: 124000 ns, Total: 340000 ns
[2020-05-02T07:05:17.368+0000][1][safepoint    ] Safepoint "Cleanup", Time since last: 1000672500 ns, Reaching safepoint: 133300 ns, At safepoint: 56300 ns, Total: 189600 ns
[2020-05-02T07:05:18.369+0000][1][safepoint    ] Safepoint "Cleanup", Time since last: 1000504300 ns, Reaching safepoint: 440800 ns, At safepoint: 204900 ns, Total: 645700 ns
[2020-05-02T07:05:19.371+0000][1][safepoint    ] Safepoint "Cleanup", Time since last: 1001000500 ns, Reaching safepoint: 475400 ns, At safepoint: 230700 ns, Total: 706100 ns
[2020-05-02T07:05:20.372+0000][1][safepoint    ] Safepoint "Cleanup", Time since last: 1000803300 ns, Reaching safepoint: 312600 ns, At safepoint: 159900 ns, Total: 472500 ns
[2020-05-02T07:05:21.710+0000][1][safepoint    ] Safepoint "Cleanup", Time since last: 1337481200 ns, Reaching safepoint: 125000 ns, At safepoint: 51500 ns, Total: 176500 ns
[2020-05-02T07:05:22.711+0000][1][safepoint    ] Safepoint "Cleanup", Time since last: 1000842600 ns, Reaching safepoint: 435500 ns, At safepoint: 211700 ns, Total: 647200 ns
[2020-05-02T07:05:23.713+0000][1][safepoint    ] Safepoint "Cleanup", Time since last: 1001078000 ns, Reaching safepoint: 416500 ns, At safepoint: 250700 ns, Total: 667200 ns
[2020-05-02T07:05:24.714+0000][1][safepoint    ] Safepoint "Cleanup", Time since last: 1000512100 ns, Reaching safepoint: 324000 ns, At safepoint: 153600 ns, Total: 477600 ns
[2020-05-02T07:05:25.715+0000][1][safepoint    ] Safepoint "Cleanup", Time since last: 1000969500 ns, Reaching safepoint: 242500 ns, At safepoint: 111300 ns, Total: 353800 ns
[2020-05-02T07:05:26.716+0000][1][safepoint    ] Safepoint "Cleanup", Time since last: 1000732600 ns, Reaching safepoint: 202300 ns, At safepoint: 94000 ns, Total: 296300 ns
[2020-05-02T07:05:27.718+0000][1][safepoint    ] Safepoint "Cleanup", Time since last: 1000505900 ns, Reaching safepoint: 446700 ns, At safepoint: 281200 ns, Total: 727900 ns
[2020-05-02T07:05:28.718+0000][1][safepoint    ] Safepoint "Cleanup", Time since last: 1000361300 ns, Reaching safepoint: 149900 ns, At safepoint: 53400 ns, Total: 203300 ns
[2020-05-02T07:05:29.719+0000][1][safepoint    ] Safepoint "Cleanup", Time since last: 1000756100 ns, Reaching safepoint: 409300 ns, At safepoint: 199400 ns, Total: 608700 ns
[2020-05-02T07:05:30.721+0000][1][safepoint    ] Safepoint "Cleanup", Time since last: 1000712400 ns, Reaching safepoint: 501700 ns, At safepoint: 215600 ns, Total: 717300 ns
[2020-05-02T07:05:31.723+0000][1][safepoint    ] Safepoint "Cleanup", Time since last: 1001297900 ns, Reaching safepoint: 406500 ns, At safepoint: 206100 ns, Total: 612600 ns
[2020-05-02T07:05:32.724+0000][1][safepoint    ] Safepoint "Cleanup", Time since last: 1000794200 ns, Reaching safepoint: 450200 ns, At safepoint: 263100 ns, Total: 713300 ns
[2020-05-02T07:05:33.726+0000][1][safepoint    ] Safepoint "Cleanup", Time since last: 1000984700 ns, Reaching safepoint: 525700 ns, At safepoint: 210300 ns, Total: 736000 ns
[2020-05-02T07:05:34.727+0000][1][safepoint    ] Safepoint "Cleanup", Time since last: 1000667500 ns, Reaching safepoint: 499600 ns, At safepoint: 209000 ns, Total: 708600 ns
[2020-05-02T07:05:35.729+0000][1][safepoint    ] Safepoint "Cleanup", Time since last: 1000986300 ns, Reaching safepoint: 442900 ns, At safepoint: 214200 ns, Total: 657100 ns
[2020-05-02T07:05:36.730+0000][1][safepoint    ] Safepoint "Cleanup", Time since last: 1000863300 ns, Reaching safepoint: 129400 ns, At safepoint: 55900 ns, Total: 185300 ns
[2020-05-02T07:05:37.732+0000][1][safepoint    ] Safepoint "Cleanup", Time since last: 1000820000 ns, Reaching safepoint: 445000 ns, At safepoint: 208100 ns, Total: 653100 ns
[2020-05-02T07:05:38.733+0000][1][safepoint    ] Safepoint "Cleanup", Time since last: 1001093500 ns, Reaching safepoint: 451100 ns, At safepoint: 215200 ns, Total: 666300 ns
[2020-05-02T07:05:39.735+0000][1][safepoint    ] Safepoint "Cleanup", Time since last: 1001154100 ns, Reaching safepoint: 334200 ns, At safepoint: 160800 ns, Total: 495000 ns
[2020-05-02T07:05:40.736+0000][1][safepoint    ] Safepoint "Cleanup", Time since last: 1000743900 ns, Reaching safepoint: 403200 ns, At safepoint: 219600 ns, Total: 622800 ns
[2020-05-02T07:05:41.738+0000][1][safepoint    ] Safepoint "Cleanup", Time since last: 1000976600 ns, Reaching safepoint: 403000 ns, At safepoint: 206600 ns, Total: 609600 ns
[2020-05-02T07:05:42.740+0000][1][safepoint    ] Safepoint "Cleanup", Time since last: 1001050600 ns, Reaching safepoint: 404600 ns, At safepoint: 206600 ns, Total: 611200 ns
[2020-05-02T07:05:43.742+0000][1][safepoint    ] Safepoint "Cleanup", Time since last: 1001348400 ns, Reaching safepoint: 418300 ns, At safepoint: 204100 ns, Total: 622400 ns
[2020-05-02T07:05:44.743+0000][1][safepoint    ] Safepoint "Cleanup", Time since last: 1000848700 ns, Reaching safepoint: 435400 ns, At safepoint: 362900 ns, Total: 798300 ns
[2020-05-02T07:05:45.745+0000][1][safepoint    ] Safepoint "Cleanup", Time since last: 1000736900 ns, Reaching safepoint: 482100 ns, At safepoint: 519200 ns, Total: 1001300 ns
[2020-05-02T07:05:46.747+0000][1][safepoint    ] Safepoint "Cleanup", Time since last: 1000857900 ns, Reaching safepoint: 763000 ns, At safepoint: 360500 ns, Total: 1123500 ns
[2020-05-02T07:05:47.749+0000][1][safepoint    ] Safepoint "Cleanup", Time since last: 1000921800 ns, Reaching safepoint: 405900 ns, At safepoint: 325900 ns, Total: 731800 ns
[2020-05-02T07:05:48.750+0000][1][safepoint    ] Safepoint "Cleanup", Time since last: 1000715900 ns, Reaching safepoint: 406900 ns, At safepoint: 378900 ns, Total: 785800 ns
[2020-05-02T07:05:49.751+0000][1][safepoint    ] Safepoint "Cleanup", Time since last: 1000515700 ns, Reaching safepoint: 169300 ns, At safepoint: 102900 ns, Total: 272200 ns
[2020-05-02T07:05:50.752+0000][1][safepoint    ] Safepoint "Cleanup", Time since last: 1000888200 ns, Reaching safepoint: 415800 ns, At safepoint: 332500 ns, Total: 748300 ns
[2020-05-02T07:05:51.754+0000][1][safepoint    ] Safepoint "Cleanup", Time since last: 1000892000 ns, Reaching safepoint: 192200 ns, At safepoint: 133500 ns, Total: 325700 ns
[2020-05-02T07:05:52.755+0000][1][safepoint    ] Safepoint "Cleanup", Time since last: 1000686000 ns, Reaching safepoint: 440100 ns, At safepoint: 236900 ns, Total: 677000 ns
[2020-05-02T07:05:53.756+0000][1][safepoint    ] Safepoint "Cleanup", Time since last: 1000815500 ns, Reaching safepoint: 184700 ns, At safepoint: 122200 ns, Total: 306900 ns
[2020-05-02T07:05:54.758+0000][1][safepoint    ] Safepoint "Cleanup", Time since last: 1000728100 ns, Reaching safepoint: 416700 ns, At safepoint: 384300 ns, Total: 801000 ns
[2020-05-02T07:05:55.759+0000][1][safepoint    ] Safepoint "Cleanup", Time since last: 1001035600 ns, Reaching safepoint: 383800 ns, At safepoint: 298400 ns, Total: 682200 ns
[2020-05-02T07:05:56.761+0000][1][safepoint    ] Safepoint "Cleanup", Time since last: 1000938800 ns, Reaching safepoint: 406600 ns, At safepoint: 325900 ns, Total: 732500 ns
[2020-05-02T07:05:57.762+0000][1][safepoint    ] Safepoint "Cleanup", Time since last: 1000492900 ns, Reaching safepoint: 235300 ns, At safepoint: 91100 ns, Total: 326400 ns
[2020-05-02T07:05:58.762+0000][1][safepoint    ] Safepoint "Cleanup", Time since last: 1000263200 ns, Reaching safepoint: 125700 ns, At safepoint: 74300 ns, Total: 200000 ns
[2020-05-02T07:05:59.763+0000][1][safepoint    ] Safepoint "Cleanup", Time since last: 1000269300 ns, Reaching safepoint: 201700 ns, At safepoint: 143900 ns, Total: 345600 ns
[2020-05-02T07:06:00.764+0000][1][safepoint    ] Safepoint "Cleanup", Time since last: 1000401000 ns, Reaching safepoint: 228700 ns, At safepoint: 98500 ns, Total: 327200 ns
[2020-05-02T07:06:01.764+0000][1][safepoint    ] Safepoint "Cleanup", Time since last: 1000263300 ns, Reaching safepoint: 131100 ns, At safepoint: 77500 ns, Total: 208600 ns
[2020-05-02T07:06:02.766+0000][1][safepoint    ] Safepoint "Cleanup", Time since last: 1000500000 ns, Reaching safepoint: 943400 ns, At safepoint: 324300 ns, Total: 1267700 ns
[2020-05-02T07:06:03.768+0000][1][safepoint    ] Safepoint "Cleanup", Time since last: 1000899200 ns, Reaching safepoint: 410300 ns, At safepoint: 337400 ns, Total: 747700 ns
[2020-05-02T07:06:04.768+0000][1][safepoint    ] Safepoint "Cleanup", Time since last: 1000397100 ns, Reaching safepoint: 158300 ns, At safepoint: 73600 ns, Total: 231900 ns
[2020-05-02T07:06:05.769+0000][1][safepoint    ] Safepoint "Cleanup", Time since last: 1000664500 ns, Reaching safepoint: 181600 ns, At safepoint: 87900 ns, Total: 269500 ns
[2020-05-02T07:06:06.770+0000][1][safepoint    ] Safepoint "Cleanup", Time since last: 1000578800 ns, Reaching safepoint: 292200 ns, At safepoint: 113900 ns, Total: 406100 ns
[2020-05-02T07:06:07.771+0000][1][safepoint    ] Safepoint "Cleanup", Time since last: 1000215300 ns, Reaching safepoint: 148000 ns, At safepoint: 70500 ns, Total: 218500 ns
[2020-05-02T07:06:08.772+0000][1][safepoint    ] Safepoint "Cleanup", Time since last: 1000597900 ns, Reaching safepoint: 205400 ns, At safepoint: 101600 ns, Total: 307000 ns
[2020-05-02T07:06:09.772+0000][1][safepoint    ] Safepoint "Cleanup", Time since last: 1000272000 ns, Reaching safepoint: 140700 ns, At safepoint: 39700 ns, Total: 180400 ns
[2020-05-02T07:06:10.772+0000][1][safepoint    ] Safepoint "Cleanup", Time since last: 1000191300 ns, Reaching safepoint: 132300 ns, At safepoint: 51700 ns, Total: 184000 ns
[2020-05-02T07:06:12.339+0000][1][safepoint    ] Safepoint "Cleanup", Time since last: 1566712800 ns, Reaching safepoint: 160800 ns, At safepoint: 88100 ns, Total: 248900 ns
[2020-05-02T07:06:13.340+0000][1][safepoint    ] Safepoint "Cleanup", Time since last: 1000389400 ns, Reaching safepoint: 135500 ns, At safepoint: 56700 ns, Total: 192200 ns
[2020-05-02T07:06:14.340+0000][1][safepoint    ] Safepoint "Cleanup", Time since last: 1000179300 ns, Reaching safepoint: 147600 ns, At safepoint: 51900 ns, Total: 199500 ns
[2020-05-02T07:06:15.341+0000][1][safepoint    ] Safepoint "Cleanup", Time since last: 1000383800 ns, Reaching safepoint: 133200 ns, At safepoint: 70900 ns, Total: 204100 ns
[2020-05-02T07:06:16.341+0000][1][safepoint    ] Safepoint "Cleanup", Time since last: 1000385500 ns, Reaching safepoint: 133400 ns, At safepoint: 54600 ns, Total: 188000 ns
[2020-05-02T07:06:17.342+0000][1][safepoint    ] Safepoint "Cleanup", Time since last: 1000362100 ns, Reaching safepoint: 135900 ns, At safepoint: 53400 ns, Total: 189300 ns
[2020-05-02T07:06:18.344+0000][1][safepoint    ] Safepoint "Cleanup", Time since last: 1000874100 ns, Reaching safepoint: 438000 ns, At safepoint: 207000 ns, Total: 645000 ns
[2020-05-02T07:06:19.344+0000][1][safepoint    ] Safepoint "Cleanup", Time since last: 1000632100 ns, Reaching safepoint: 242800 ns, At safepoint: 110700 ns, Total: 353500 ns
[2020-05-02T07:06:20.346+0000][1][safepoint    ] Safepoint "Cleanup", Time since last: 1000566000 ns, Reaching safepoint: 331800 ns, At safepoint: 190200 ns, Total: 522000 ns
[2020-05-02T07:06:21.347+0000][1][safepoint    ] Safepoint "Cleanup", Time since last: 1000561200 ns, Reaching safepoint: 443200 ns, At safepoint: 257500 ns, Total: 700700 ns
[2020-05-02T07:06:21.674+0000][1][gc,start     ] GC(64) Pause Young (Allocation Failure)
[2020-05-02T07:06:21.675+0000][1][gc,task      ] GC(64) Using 10 workers of 10 for evacuation
[2020-05-02T07:06:21.680+0000][1][gc,age       ] GC(64) Desired survivor size 8945664 bytes, new threshold 6 (max threshold 6)
[2020-05-02T07:06:21.680+0000][1][gc,age       ] GC(64) Age table with threshold 6 (max threshold 6)
[2020-05-02T07:06:21.680+0000][1][gc,age       ] GC(64) - age   1:      68384 bytes,      68384 total
[2020-05-02T07:06:21.680+0000][1][gc,age       ] GC(64) - age   2:     274376 bytes,     342760 total
[2020-05-02T07:06:21.680+0000][1][gc,age       ] GC(64) - age   3:     840280 bytes,    1183040 total
[2020-05-02T07:06:21.680+0000][1][gc,age       ] GC(64) - age   4:      14808 bytes,    1197848 total
[2020-05-02T07:06:21.680+0000][1][gc,age       ] GC(64) - age   5:        704 bytes,    1198552 total
[2020-05-02T07:06:21.680+0000][1][gc,age       ] GC(64) - age   6:     289952 bytes,    1488504 total
[2020-05-02T07:06:21.680+0000][1][gc,heap      ] GC(64) ParNew: 141386K->1656K(157248K)
[2020-05-02T07:06:21.680+0000][1][gc,heap      ] GC(64) CMS: 82476K->82476K(349568K)
[2020-05-02T07:06:21.680+0000][1][gc,metaspace ] GC(64) Metaspace: 97756K->97756K(1138688K)
[2020-05-02T07:06:21.680+0000][1][gc           ] GC(64) Pause Young (Allocation Failure) 218M->82M(494M) 5.552ms
[2020-05-02T07:06:21.680+0000][1][gc,cpu       ] GC(64) User=0.02s Sys=0.00s Real=0.01s
[2020-05-02T07:06:21.680+0000][1][safepoint    ] Safepoint "GenCollectForAllocation", Time since last: 327043200 ns, Reaching safepoint: 451300 ns, At safepoint: 5731700 ns, Total: 6183000 ns
[2020-05-02T07:06:22.681+0000][1][safepoint    ] Safepoint "Cleanup", Time since last: 1000458700 ns, Reaching safepoint: 127200 ns, At safepoint: 76500 ns, Total: 203700 ns
[2020-05-02T07:06:23.681+0000][1][safepoint    ] Safepoint "Cleanup", Time since last: 1000389700 ns, Reaching safepoint: 141900 ns, At safepoint: 75000 ns, Total: 216900 ns
[2020-05-02T07:06:24.683+0000][1][safepoint    ] Safepoint "Cleanup", Time since last: 1000446800 ns, Reaching safepoint: 759600 ns, At safepoint: 310800 ns, Total: 1070400 ns
[2020-05-02T07:06:25.684+0000][1][safepoint    ] Safepoint "Cleanup", Time since last: 1000749800 ns, Reaching safepoint: 404800 ns, At safepoint: 202900 ns, Total: 607700 ns
[2020-05-02T07:06:26.696+0000][1][safepoint    ] Safepoint "Cleanup", Time since last: 1011219300 ns, Reaching safepoint: 127100 ns, At safepoint: 38700 ns, Total: 165800 ns
[2020-05-02T07:06:27.697+0000][1][safepoint    ] Safepoint "Cleanup", Time since last: 1000714600 ns, Reaching safepoint: 476700 ns, At safepoint: 202600 ns, Total: 679300 ns
[2020-05-02T07:06:28.699+0000][1][safepoint    ] Safepoint "Cleanup", Time since last: 1000949400 ns, Reaching safepoint: 404000 ns, At safepoint: 287100 ns, Total: 691100 ns
[2020-05-02T07:06:29.699+0000][1][safepoint    ] Safepoint "Cleanup", Time since last: 1000468100 ns, Reaching safepoint: 241900 ns, At safepoint: 76300 ns, Total: 318200 ns
[2020-05-02T07:06:30.700+0000][1][safepoint    ] Safepoint "Cleanup", Time since last: 1000361000 ns, Reaching safepoint: 310800 ns, At safepoint: 130500 ns, Total: 441300 ns
[2020-05-02T07:06:31.701+0000][1][safepoint    ] Safepoint "Cleanup", Time since last: 1000279000 ns, Reaching safepoint: 118700 ns, At safepoint: 49300 ns, Total: 168000 ns
[2020-05-02T07:06:32.702+0000][1][safepoint    ] Safepoint "Cleanup", Time since last: 1000673000 ns, Reaching safepoint: 197100 ns, At safepoint: 43800 ns, Total: 240900 ns
[2020-05-02T07:06:33.706+0000][1][safepoint    ] Safepoint "Cleanup", Time since last: 1003420200 ns, Reaching safepoint: 559500 ns, At safepoint: 212200 ns, Total: 771700 ns
[2020-05-02T07:06:34.707+0000][1][safepoint    ] Safepoint "Cleanup", Time since last: 1000582400 ns, Reaching safepoint: 289800 ns, At safepoint: 130300 ns, Total: 420100 ns
[2020-05-02T07:06:35.708+0000][1][safepoint    ] Safepoint "Cleanup", Time since last: 1000728400 ns, Reaching safepoint: 383800 ns, At safepoint: 188200 ns, Total: 572000 ns
[2020-05-02T07:06:36.710+0000][1][safepoint    ] Safepoint "Cleanup", Time since last: 1000994800 ns, Reaching safepoint: 380400 ns, At safepoint: 159700 ns, Total: 540100 ns
[2020-05-02T07:06:37.710+0000][1][safepoint    ] Safepoint "Cleanup", Time since last: 1000373500 ns, Reaching safepoint: 154600 ns, At safepoint: 90900 ns, Total: 245500 ns
[2020-05-02T07:06:38.711+0000][1][safepoint    ] Safepoint "Cleanup", Time since last: 1000484200 ns, Reaching safepoint: 291800 ns, At safepoint: 210600 ns, Total: 502400 ns
[2020-05-02T07:06:39.712+0000][1][safepoint    ] Safepoint "Cleanup", Time since last: 1000400400 ns, Reaching safepoint: 284800 ns, At safepoint: 119300 ns, Total: 404100 ns
[2020-05-02T07:06:40.713+0000][1][safepoint    ] Safepoint "Cleanup", Time since last: 1000594000 ns, Reaching safepoint: 436200 ns, At safepoint: 199500 ns, Total: 635700 ns
[2020-05-02T07:06:41.714+0000][1][safepoint    ] Safepoint "Cleanup", Time since last: 1000512700 ns, Reaching safepoint: 138300 ns, At safepoint: 41600 ns, Total: 179900 ns
[2020-05-02T07:06:42.715+0000][1][safepoint    ] Safepoint "Cleanup", Time since last: 1000485600 ns, Reaching safepoint: 495400 ns, At safepoint: 202300 ns, Total: 697700 ns
[2020-05-02T07:06:43.716+0000][1][safepoint    ] Safepoint "Cleanup", Time since last: 1000522100 ns, Reaching safepoint: 277100 ns, At safepoint: 116600 ns, Total: 393700 ns
[2020-05-02T07:06:44.717+0000][1][safepoint    ] Safepoint "Cleanup", Time since last: 1000372700 ns, Reaching safepoint: 131800 ns, At safepoint: 63000 ns, Total: 194800 ns
[2020-05-02T07:06:45.718+0000][1][safepoint    ] Safepoint "Cleanup", Time since last: 1000880100 ns, Reaching safepoint: 403700 ns, At safepoint: 205500 ns, Total: 609200 ns
[2020-05-02T07:06:46.719+0000][1][safepoint    ] Safepoint "Cleanup", Time since last: 1000598900 ns, Reaching safepoint: 175500 ns, At safepoint: 77200 ns, Total: 252700 ns
[2020-05-02T07:06:47.720+0000][1][safepoint    ] Safepoint "Cleanup", Time since last: 1000755500 ns, Reaching safepoint: 412900 ns, At safepoint: 219900 ns, Total: 632800 ns
[2020-05-02T07:06:48.721+0000][1][safepoint    ] Safepoint "Cleanup", Time since last: 1000438100 ns, Reaching safepoint: 230600 ns, At safepoint: 98800 ns, Total: 329400 ns
[2020-05-02T07:06:49.722+0000][1][safepoint    ] Safepoint "Cleanup", Time since last: 1000444900 ns, Reaching safepoint: 337000 ns, At safepoint: 156200 ns, Total: 493200 ns
[2020-05-02T07:06:50.723+0000][1][safepoint    ] Safepoint "Cleanup", Time since last: 1000690300 ns, Reaching safepoint: 136200 ns, At safepoint: 53900 ns, Total: 190100 ns
[2020-05-02T07:06:51.723+0000][1][safepoint    ] Safepoint "Cleanup", Time since last: 1000234700 ns, Reaching safepoint: 137400 ns, At safepoint: 56100 ns, Total: 193500 ns
[2020-05-02T07:06:52.724+0000][1][safepoint    ] Safepoint "Cleanup", Time since last: 1000278200 ns, Reaching safepoint: 146400 ns, At safepoint: 41300 ns, Total: 187700 ns
[2020-05-02T07:06:53.725+0000][1][safepoint    ] Safepoint "Cleanup", Time since last: 1000569800 ns, Reaching safepoint: 498200 ns, At safepoint: 200500 ns, Total: 698700 ns
[2020-05-02T07:06:54.726+0000][1][safepoint    ] Safepoint "Cleanup", Time since last: 1000820100 ns, Reaching safepoint: 148000 ns, At safepoint: 44900 ns, Total: 192900 ns
[2020-05-02T07:06:55.727+0000][1][safepoint    ] Safepoint "Cleanup", Time since last: 1000497000 ns, Reaching safepoint: 404500 ns, At safepoint: 205600 ns, Total: 610100 ns
[2020-05-02T07:06:57.277+0000][1][safepoint    ] Safepoint "Cleanup", Time since last: 1549874900 ns, Reaching safepoint: 127600 ns, At safepoint: 57300 ns, Total: 184900 ns
[2020-05-02T07:06:58.278+0000][1][safepoint    ] Safepoint "Cleanup", Time since last: 1000182600 ns, Reaching safepoint: 122200 ns, At safepoint: 63100 ns, Total: 185300 ns
[2020-05-02T07:06:59.278+0000][1][safepoint    ] Safepoint "Cleanup", Time since last: 1000396700 ns, Reaching safepoint: 127100 ns, At safepoint: 53300 ns, Total: 180400 ns
[2020-05-02T07:07:00.279+0000][1][safepoint    ] Safepoint "Cleanup", Time since last: 1000246500 ns, Reaching safepoint: 159300 ns, At safepoint: 88400 ns, Total: 247700 ns
[2020-05-02T07:07:01.279+0000][1][safepoint    ] Safepoint "Cleanup", Time since last: 1000355300 ns, Reaching safepoint: 131100 ns, At safepoint: 51700 ns, Total: 182800 ns
[2020-05-02T07:07:02.280+0000][1][safepoint    ] Safepoint "Cleanup", Time since last: 1000211300 ns, Reaching safepoint: 127000 ns, At safepoint: 65700 ns, Total: 192700 ns
[2020-05-02T07:07:03.281+0000][1][safepoint    ] Safepoint "Cleanup", Time since last: 1000727900 ns, Reaching safepoint: 438000 ns, At safepoint: 208200 ns, Total: 646200 ns
[2020-05-02T07:07:04.283+0000][1][safepoint    ] Safepoint "Cleanup", Time since last: 1000972500 ns, Reaching safepoint: 403700 ns, At safepoint: 200000 ns, Total: 603700 ns
[2020-05-02T07:07:05.283+0000][1][safepoint    ] Safepoint "Cleanup", Time since last: 1000519600 ns, Reaching safepoint: 130100 ns, At safepoint: 55700 ns, Total: 185800 ns
[2020-05-02T07:07:06.284+0000][1][safepoint    ] Safepoint "Cleanup", Time since last: 1000229100 ns, Reaching safepoint: 144000 ns, At safepoint: 94200 ns, Total: 238200 ns
[2020-05-02T07:07:07.284+0000][1][safepoint    ] Safepoint "Cleanup", Time since last: 1000230100 ns, Reaching safepoint: 140000 ns, At safepoint: 58900 ns, Total: 198900 ns
[2020-05-02T07:07:08.285+0000][1][safepoint    ] Safepoint "Cleanup", Time since last: 1000422800 ns, Reaching safepoint: 291200 ns, At safepoint: 132700 ns, Total: 423900 ns
[2020-05-02T07:07:09.286+0000][1][safepoint    ] Safepoint "Cleanup", Time since last: 1000487800 ns, Reaching safepoint: 126900 ns, At safepoint: 52900 ns, Total: 179800 ns
[2020-05-02T07:07:10.286+0000][1][safepoint    ] Safepoint "Cleanup", Time since last: 1000210400 ns, Reaching safepoint: 200300 ns, At safepoint: 93000 ns, Total: 293300 ns
[2020-05-02T07:07:11.287+0000][1][safepoint    ] Safepoint "Cleanup", Time since last: 1000257400 ns, Reaching safepoint: 127900 ns, At safepoint: 52300 ns, Total: 180200 ns
[2020-05-02T07:07:12.287+0000][1][safepoint    ] Safepoint "Cleanup", Time since last: 1000218800 ns, Reaching safepoint: 237200 ns, At safepoint: 75200 ns, Total: 312400 ns
[2020-05-02T07:07:13.288+0000][1][safepoint    ] Safepoint "Cleanup", Time since last: 1000635300 ns, Reaching safepoint: 169100 ns, At safepoint: 78800 ns, Total: 247900 ns
[2020-05-02T07:07:14.289+0000][1][safepoint    ] Safepoint "Cleanup", Time since last: 1000377400 ns, Reaching safepoint: 185900 ns, At safepoint: 71600 ns, Total: 257500 ns
[2020-05-02T07:07:15.289+0000][1][safepoint    ] Safepoint "Cleanup", Time since last: 1000223600 ns, Reaching safepoint: 133800 ns, At safepoint: 54600 ns, Total: 188400 ns
[2020-05-02T07:07:16.290+0000][1][safepoint    ] Safepoint "Cleanup", Time since last: 1000271400 ns, Reaching safepoint: 324100 ns, At safepoint: 56800 ns, Total: 380900 ns
[2020-05-02T07:07:17.290+0000][1][safepoint    ] Safepoint "Cleanup", Time since last: 1000338300 ns, Reaching safepoint: 175000 ns, At safepoint: 79700 ns, Total: 254700 ns
[2020-05-02T07:07:18.292+0000][1][safepoint    ] Safepoint "Cleanup", Time since last: 1000742000 ns, Reaching safepoint: 407700 ns, At safepoint: 202000 ns, Total: 609700 ns
[2020-05-02T07:07:19.292+0000][1][safepoint    ] Safepoint "Cleanup", Time since last: 1000548200 ns, Reaching safepoint: 124800 ns, At safepoint: 51800 ns, Total: 176600 ns
[2020-05-02T07:07:20.293+0000][1][safepoint    ] Safepoint "Cleanup", Time since last: 1000247400 ns, Reaching safepoint: 126200 ns, At safepoint: 52800 ns, Total: 179000 ns
[2020-05-02T07:07:21.294+0000][1][safepoint    ] Safepoint "Cleanup", Time since last: 1000406900 ns, Reaching safepoint: 245000 ns, At safepoint: 160700 ns, Total: 405700 ns
[2020-05-02T07:07:22.294+0000][1][safepoint    ] Safepoint "Cleanup", Time since last: 1000467700 ns, Reaching safepoint: 134700 ns, At safepoint: 63700 ns, Total: 198400 ns
[2020-05-02T07:07:23.295+0000][1][safepoint    ] Safepoint "Cleanup", Time since last: 1000460900 ns, Reaching safepoint: 409100 ns, At safepoint: 205100 ns, Total: 614200 ns
[2020-05-02T07:07:24.296+0000][1][safepoint    ] Safepoint "Cleanup", Time since last: 1000553100 ns, Reaching safepoint: 232900 ns, At safepoint: 107700 ns, Total: 340600 ns
[2020-05-02T07:07:25.297+0000][1][safepoint    ] Safepoint "Cleanup", Time since last: 1000409800 ns, Reaching safepoint: 283100 ns, At safepoint: 117500 ns, Total: 400600 ns
[2020-05-02T07:07:26.298+0000][1][safepoint    ] Safepoint "Cleanup", Time since last: 1000371000 ns, Reaching safepoint: 159500 ns, At safepoint: 50600 ns, Total: 210100 ns
[2020-05-02T07:07:27.299+0000][1][safepoint    ] Safepoint "Cleanup", Time since last: 1000625500 ns, Reaching safepoint: 162000 ns, At safepoint: 73600 ns, Total: 235600 ns
[2020-05-02T07:07:28.299+0000][1][safepoint    ] Safepoint "Cleanup", Time since last: 1000342200 ns, Reaching safepoint: 195300 ns, At safepoint: 82600 ns, Total: 277900 ns
[2020-05-02T07:07:29.300+0000][1][safepoint    ] Safepoint "Cleanup", Time since last: 1000588400 ns, Reaching safepoint: 167600 ns, At safepoint: 79400 ns, Total: 247000 ns
[2020-05-02T07:07:30.301+0000][1][safepoint    ] Safepoint "Cleanup", Time since last: 1000452200 ns, Reaching safepoint: 151800 ns, At safepoint: 70800 ns, Total: 222600 ns
[2020-05-02T07:07:31.509+0000][1][safepoint    ] Safepoint "Cleanup", Time since last: 1207795600 ns, Reaching safepoint: 329700 ns, At safepoint: 165000 ns, Total: 494700 ns
[2020-05-02T07:07:32.510+0000][1][safepoint    ] Safepoint "Cleanup", Time since last: 1000603400 ns, Reaching safepoint: 138100 ns, At safepoint: 54100 ns, Total: 192200 ns
[2020-05-02T07:07:33.511+0000][1][safepoint    ] Safepoint "Cleanup", Time since last: 1000416900 ns, Reaching safepoint: 440400 ns, At safepoint: 217500 ns, Total: 657900 ns
[2020-05-02T07:07:34.512+0000][1][safepoint    ] Safepoint "Cleanup", Time since last: 1000512400 ns, Reaching safepoint: 198800 ns, At safepoint: 95300 ns, Total: 294100 ns
[2020-05-02T07:07:35.513+0000][1][safepoint    ] Safepoint "Cleanup", Time since last: 1000638700 ns, Reaching safepoint: 130600 ns, At safepoint: 95900 ns, Total: 226500 ns
[2020-05-02T07:07:36.513+0000][1][safepoint    ] Safepoint "Cleanup", Time since last: 1000299600 ns, Reaching safepoint: 239600 ns, At safepoint: 126000 ns, Total: 365600 ns
[2020-05-02T07:07:37.514+0000][1][safepoint    ] Safepoint "Cleanup", Time since last: 1000585100 ns, Reaching safepoint: 127900 ns, At safepoint: 76900 ns, Total: 204800 ns
[2020-05-02T07:07:38.515+0000][1][safepoint    ] Safepoint "Cleanup", Time since last: 1000769600 ns, Reaching safepoint: 403100 ns, At safepoint: 206900 ns, Total: 610000 ns
[2020-05-02T07:07:39.517+0000][1][safepoint    ] Safepoint "Cleanup", Time since last: 1000689300 ns, Reaching safepoint: 484200 ns, At safepoint: 245900 ns, Total: 730100 ns
[2020-05-02T07:07:40.518+0000][1][safepoint    ] Safepoint "Cleanup", Time since last: 1000855700 ns, Reaching safepoint: 405000 ns, At safepoint: 202400 ns, Total: 607400 ns
[2020-05-02T07:07:41.520+0000][1][safepoint    ] Safepoint "Cleanup", Time since last: 1000939500 ns, Reaching safepoint: 403800 ns, At safepoint: 205200 ns, Total: 609000 ns
[2020-05-02T07:07:42.520+0000][1][safepoint    ] Safepoint "Cleanup", Time since last: 1000442100 ns, Reaching safepoint: 129700 ns, At safepoint: 59700 ns, Total: 189400 ns
[2020-05-02T07:07:43.521+0000][1][safepoint    ] Safepoint "Cleanup", Time since last: 1000345300 ns, Reaching safepoint: 292900 ns, At safepoint: 125700 ns, Total: 418600 ns
[2020-05-02T07:07:44.522+0000][1][safepoint    ] Safepoint "Cleanup", Time since last: 1000560100 ns, Reaching safepoint: 434500 ns, At safepoint: 215800 ns, Total: 650300 ns
[2020-05-02T07:07:45.523+0000][1][safepoint    ] Safepoint "Cleanup", Time since last: 1000365400 ns, Reaching safepoint: 191200 ns, At safepoint: 75800 ns, Total: 267000 ns
[2020-05-02T07:07:46.524+0000][1][safepoint    ] Safepoint "Cleanup", Time since last: 1000452700 ns, Reaching safepoint: 467300 ns, At safepoint: 201100 ns, Total: 668400 ns
[2020-05-02T07:07:47.526+0000][1][safepoint    ] Safepoint "Cleanup", Time since last: 1000701200 ns, Reaching safepoint: 493300 ns, At safepoint: 566400 ns, Total: 1059700 ns
[2020-05-02T07:07:48.527+0000][1][safepoint    ] Safepoint "Cleanup", Time since last: 1000846400 ns, Reaching safepoint: 518400 ns, At safepoint: 202600 ns, Total: 721000 ns
[2020-05-02T07:07:49.529+0000][1][safepoint    ] Safepoint "Cleanup", Time since last: 1000733100 ns, Reaching safepoint: 538000 ns, At safepoint: 202600 ns, Total: 740600 ns
[2020-05-02T07:07:50.530+0000][1][safepoint    ] Safepoint "Cleanup", Time since last: 1000685100 ns, Reaching safepoint: 192600 ns, At safepoint: 95100 ns, Total: 287700 ns
[2020-05-02T07:07:51.531+0000][1][safepoint    ] Safepoint "Cleanup", Time since last: 1000926500 ns, Reaching safepoint: 402400 ns, At safepoint: 205400 ns, Total: 607800 ns
[2020-05-02T07:07:52.533+0000][1][safepoint    ] Safepoint "Cleanup", Time since last: 1001097500 ns, Reaching safepoint: 404100 ns, At safepoint: 206900 ns, Total: 611000 ns
[2020-05-02T07:07:53.534+0000][1][safepoint    ] Safepoint "Cleanup", Time since last: 1000921100 ns, Reaching safepoint: 143100 ns, At safepoint: 66600 ns, Total: 209700 ns
[2020-05-02T07:07:54.535+0000][1][safepoint    ] Safepoint "Cleanup", Time since last: 1000398600 ns, Reaching safepoint: 487700 ns, At safepoint: 195700 ns, Total: 683400 ns
[2020-05-02T07:07:55.537+0000][1][safepoint    ] Safepoint "Cleanup", Time since last: 1001015800 ns, Reaching safepoint: 433300 ns, At safepoint: 208900 ns, Total: 642200 ns
[2020-05-02T07:07:56.539+0000][1][safepoint    ] Safepoint "Cleanup", Time since last: 1000956800 ns, Reaching safepoint: 405400 ns, At safepoint: 203700 ns, Total: 609100 ns
[2020-05-02T07:07:57.540+0000][1][safepoint    ] Safepoint "Cleanup", Time since last: 1000625000 ns, Reaching safepoint: 405600 ns, At safepoint: 198600 ns, Total: 604200 ns
[2020-05-02T07:07:58.541+0000][1][safepoint    ] Safepoint "Cleanup", Time since last: 1000719600 ns, Reaching safepoint: 193900 ns, At safepoint: 90000 ns, Total: 283900 ns
[2020-05-02T07:07:59.542+0000][1][safepoint    ] Safepoint "Cleanup", Time since last: 1000503200 ns, Reaching safepoint: 404300 ns, At safepoint: 229300 ns, Total: 633600 ns
[2020-05-02T07:08:00.543+0000][1][safepoint    ] Safepoint "Cleanup", Time since last: 1000486500 ns, Reaching safepoint: 214600 ns, At safepoint: 91200 ns, Total: 305800 ns
[2020-05-02T07:08:01.544+0000][1][safepoint    ] Safepoint "Cleanup", Time since last: 1000507800 ns, Reaching safepoint: 348900 ns, At safepoint: 189900 ns, Total: 538800 ns
[2020-05-02T07:08:02.545+0000][1][safepoint    ] Safepoint "Cleanup", Time since last: 1000753900 ns, Reaching safepoint: 477800 ns, At safepoint: 202300 ns, Total: 680100 ns
[2020-05-02T07:08:03.547+0000][1][safepoint    ] Safepoint "Cleanup", Time since last: 1001020500 ns, Reaching safepoint: 289400 ns, At safepoint: 134300 ns, Total: 423700 ns
[2020-05-02T07:08:04.548+0000][1][safepoint    ] Safepoint "Cleanup", Time since last: 1000580500 ns, Reaching safepoint: 408700 ns, At safepoint: 200900 ns, Total: 609600 ns
[2020-05-02T07:08:05.549+0000][1][safepoint    ] Safepoint "Cleanup", Time since last: 1000744200 ns, Reaching safepoint: 336800 ns, At safepoint: 81300 ns, Total: 418100 ns
[2020-05-02T07:08:06.550+0000][1][safepoint    ] Safepoint "Cleanup", Time since last: 1000513500 ns, Reaching safepoint: 176000 ns, At safepoint: 83200 ns, Total: 259200 ns
[2020-05-02T07:08:07.550+0000][1][safepoint    ] Safepoint "Cleanup", Time since last: 1000360100 ns, Reaching safepoint: 149200 ns, At safepoint: 70100 ns, Total: 219300 ns
[2020-05-02T07:08:08.551+0000][1][safepoint    ] Safepoint "Cleanup", Time since last: 1000607500 ns, Reaching safepoint: 181800 ns, At safepoint: 99200 ns, Total: 281000 ns
[2020-05-02T07:08:09.552+0000][1][safepoint    ] Safepoint "Cleanup", Time since last: 1000196500 ns, Reaching safepoint: 127200 ns, At safepoint: 49800 ns, Total: 177000 ns
[2020-05-02T07:08:10.552+0000][1][safepoint    ] Safepoint "Cleanup", Time since last: 1000235000 ns, Reaching safepoint: 146500 ns, At safepoint: 56300 ns, Total: 202800 ns
[2020-05-02T07:08:11.553+0000][1][safepoint    ] Safepoint "Cleanup", Time since last: 1000538400 ns, Reaching safepoint: 135900 ns, At safepoint: 60900 ns, Total: 196800 ns
[2020-05-02T07:08:12.553+0000][1][safepoint    ] Safepoint "Cleanup", Time since last: 1000321200 ns, Reaching safepoint: 127500 ns, At safepoint: 58200 ns, Total: 185700 ns
[2020-05-02T07:08:13.554+0000][1][safepoint    ] Safepoint "Cleanup", Time since last: 1000693700 ns, Reaching safepoint: 216700 ns, At safepoint: 144400 ns, Total: 361100 ns
[2020-05-02T07:08:14.555+0000][1][safepoint    ] Safepoint "Cleanup", Time since last: 1000467800 ns, Reaching safepoint: 331500 ns, At safepoint: 155300 ns, Total: 486800 ns
[2020-05-02T07:08:15.556+0000][1][safepoint    ] Safepoint "Cleanup", Time since last: 1000700100 ns, Reaching safepoint: 246200 ns, At safepoint: 126900 ns, Total: 373100 ns
[2020-05-02T07:08:16.558+0000][1][safepoint    ] Safepoint "Cleanup", Time since last: 1001006800 ns, Reaching safepoint: 406200 ns, At safepoint: 210700 ns, Total: 616900 ns
[2020-05-02T07:08:17.559+0000][1][safepoint    ] Safepoint "Cleanup", Time since last: 1000431300 ns, Reaching safepoint: 147200 ns, At safepoint: 49800 ns, Total: 197000 ns
[2020-05-02T07:08:18.560+0000][1][safepoint    ] Safepoint "Cleanup", Time since last: 1000660400 ns, Reaching safepoint: 238400 ns, At safepoint: 119200 ns, Total: 357600 ns
[2020-05-02T07:08:19.561+0000][1][safepoint    ] Safepoint "Cleanup", Time since last: 1000676100 ns, Reaching safepoint: 365000 ns, At safepoint: 154200 ns, Total: 519200 ns
[2020-05-02T07:08:20.562+0000][1][safepoint    ] Safepoint "Cleanup", Time since last: 1000836200 ns, Reaching safepoint: 440000 ns, At safepoint: 201400 ns, Total: 641400 ns
[2020-05-02T07:08:21.564+0000][1][safepoint    ] Safepoint "Cleanup", Time since last: 1000975500 ns, Reaching safepoint: 408000 ns, At safepoint: 207500 ns, Total: 615500 ns
[2020-05-02T07:08:22.565+0000][1][safepoint    ] Safepoint "Cleanup", Time since last: 1000671400 ns, Reaching safepoint: 405100 ns, At safepoint: 217100 ns, Total: 622200 ns
[2020-05-02T07:08:23.567+0000][1][safepoint    ] Safepoint "Cleanup", Time since last: 1001046400 ns, Reaching safepoint: 405200 ns, At safepoint: 204500 ns, Total: 609700 ns
[2020-05-02T07:08:24.568+0000][1][safepoint    ] Safepoint "Cleanup", Time since last: 1000773700 ns, Reaching safepoint: 226500 ns, At safepoint: 112800 ns, Total: 339300 ns
[2020-05-02T07:08:25.569+0000][1][safepoint    ] Safepoint "Cleanup", Time since last: 1000649600 ns, Reaching safepoint: 127900 ns, At safepoint: 58300 ns, Total: 186200 ns
[2020-05-02T07:08:26.569+0000][1][safepoint    ] Safepoint "Cleanup", Time since last: 1000398900 ns, Reaching safepoint: 124200 ns, At safepoint: 52300 ns, Total: 176500 ns
[2020-05-02T07:08:27.570+0000][1][safepoint    ] Safepoint "Cleanup", Time since last: 1000601300 ns, Reaching safepoint: 126600 ns, At safepoint: 57800 ns, Total: 184400 ns
[2020-05-02T07:08:28.571+0000][1][safepoint    ] Safepoint "Cleanup", Time since last: 1000211100 ns, Reaching safepoint: 124200 ns, At safepoint: 43400 ns, Total: 167600 ns
[2020-05-02T07:08:29.572+0000][1][safepoint    ] Safepoint "Cleanup", Time since last: 1000586800 ns, Reaching safepoint: 236100 ns, At safepoint: 117200 ns, Total: 353300 ns
[2020-05-02T07:08:31.510+0000][1][safepoint    ] Safepoint "Cleanup", Time since last: 1938200100 ns, Reaching safepoint: 255800 ns, At safepoint: 123900 ns, Total: 379700 ns
[2020-05-02T07:08:32.511+0000][1][safepoint    ] Safepoint "Cleanup", Time since last: 1000725500 ns, Reaching safepoint: 311500 ns, At safepoint: 161000 ns, Total: 472500 ns
[2020-05-02T07:08:33.513+0000][1][safepoint    ] Safepoint "Cleanup", Time since last: 1000886500 ns, Reaching safepoint: 409300 ns, At safepoint: 208000 ns, Total: 617300 ns
[2020-05-02T07:08:34.514+0000][1][safepoint    ] Safepoint "Cleanup", Time since last: 1000733500 ns, Reaching safepoint: 512900 ns, At safepoint: 199100 ns, Total: 712000 ns
[2020-05-02T07:08:35.515+0000][1][safepoint    ] Safepoint "Cleanup", Time since last: 1000393600 ns, Reaching safepoint: 123500 ns, At safepoint: 52900 ns, Total: 176400 ns
[2020-05-02T07:08:36.516+0000][1][safepoint    ] Safepoint "Cleanup", Time since last: 1000888100 ns, Reaching safepoint: 403700 ns, At safepoint: 206100 ns, Total: 609800 ns
[2020-05-02T07:08:37.518+0000][1][safepoint    ] Safepoint "Cleanup", Time since last: 1000895600 ns, Reaching safepoint: 302000 ns, At safepoint: 151500 ns, Total: 453500 ns
[2020-05-02T07:08:38.519+0000][1][safepoint    ] Safepoint "Cleanup", Time since last: 1000619200 ns, Reaching safepoint: 493700 ns, At safepoint: 200400 ns, Total: 694100 ns
[2020-05-02T07:08:39.520+0000][1][safepoint    ] Safepoint "Cleanup", Time since last: 1000564700 ns, Reaching safepoint: 280000 ns, At safepoint: 114900 ns, Total: 394900 ns
[2020-05-02T07:08:40.521+0000][1][safepoint    ] Safepoint "Cleanup", Time since last: 1000559400 ns, Reaching safepoint: 407100 ns, At safepoint: 206200 ns, Total: 613300 ns
[2020-05-02T07:08:41.523+0000][1][safepoint    ] Safepoint "Cleanup", Time since last: 1000997000 ns, Reaching safepoint: 439100 ns, At safepoint: 276800 ns, Total: 715900 ns
[2020-05-02T07:08:42.524+0000][1][safepoint    ] Safepoint "Cleanup", Time since last: 1000474000 ns, Reaching safepoint: 214500 ns, At safepoint: 94700 ns, Total: 309200 ns
[2020-05-02T07:08:43.524+0000][1][safepoint    ] Safepoint "Cleanup", Time since last: 1000399000 ns, Reaching safepoint: 211300 ns, At safepoint: 98900 ns, Total: 310200 ns
[2020-05-02T07:08:44.526+0000][1][safepoint    ] Safepoint "Cleanup", Time since last: 1000543000 ns, Reaching safepoint: 433500 ns, At safepoint: 591900 ns, Total: 1025400 ns
[2020-05-02T07:08:45.528+0000][1][safepoint    ] Safepoint "Cleanup", Time since last: 1001108800 ns, Reaching safepoint: 436300 ns, At safepoint: 293000 ns, Total: 729300 ns
[2020-05-02T07:08:46.529+0000][1][safepoint    ] Safepoint "Cleanup", Time since last: 1000838000 ns, Reaching safepoint: 199200 ns, At safepoint: 89500 ns, Total: 288700 ns
[2020-05-02T07:08:47.529+0000][1][safepoint    ] Safepoint "Cleanup", Time since last: 1000253800 ns, Reaching safepoint: 128200 ns, At safepoint: 51200 ns, Total: 179400 ns
[2020-05-02T07:08:48.530+0000][1][safepoint    ] Safepoint "Cleanup", Time since last: 1000446000 ns, Reaching safepoint: 146700 ns, At safepoint: 64800 ns, Total: 211500 ns
[2020-05-02T07:08:49.531+0000][1][safepoint    ] Safepoint "Cleanup", Time since last: 1000566900 ns, Reaching safepoint: 441900 ns, At safepoint: 204400 ns, Total: 646300 ns
[2020-05-02T07:08:50.533+0000][1][safepoint    ] Safepoint "Cleanup", Time since last: 1000805800 ns, Reaching safepoint: 405700 ns, At safepoint: 215700 ns, Total: 621400 ns
[2020-05-02T07:08:51.534+0000][1][safepoint    ] Safepoint "Cleanup", Time since last: 1000935500 ns, Reaching safepoint: 404300 ns, At safepoint: 207000 ns, Total: 611300 ns
[2020-05-02T07:08:52.536+0000][1][safepoint    ] Safepoint "Cleanup", Time since last: 1000937900 ns, Reaching safepoint: 540800 ns, At safepoint: 202800 ns, Total: 743600 ns
[2020-05-02T07:08:53.537+0000][1][safepoint    ] Safepoint "Cleanup", Time since last: 1000757100 ns, Reaching safepoint: 199300 ns, At safepoint: 89200 ns, Total: 288500 ns
[2020-05-02T07:08:54.538+0000][1][safepoint    ] Safepoint "Cleanup", Time since last: 1000555300 ns, Reaching safepoint: 561000 ns, At safepoint: 202700 ns, Total: 763700 ns
[2020-05-02T07:08:55.540+0000][1][safepoint    ] Safepoint "Cleanup", Time since last: 1000655900 ns, Reaching safepoint: 497800 ns, At safepoint: 200200 ns, Total: 698000 ns
[2020-05-02T07:08:57.299+0000][1][safepoint    ] Safepoint "Cleanup", Time since last: 1758588300 ns, Reaching safepoint: 488700 ns, At safepoint: 380100 ns, Total: 868800 ns
[2020-05-02T07:08:58.300+0000][1][safepoint    ] Safepoint "Cleanup", Time since last: 1000546800 ns, Reaching safepoint: 150300 ns, At safepoint: 74800 ns, Total: 225100 ns
[2020-05-02T07:08:59.301+0000][1][safepoint    ] Safepoint "Cleanup", Time since last: 1000463800 ns, Reaching safepoint: 436800 ns, At safepoint: 202900 ns, Total: 639700 ns
[2020-05-02T07:09:00.302+0000][1][safepoint    ] Safepoint "Cleanup", Time since last: 1000358000 ns, Reaching safepoint: 229200 ns, At safepoint: 128900 ns, Total: 358100 ns
[2020-05-02T07:09:01.302+0000][1][safepoint    ] Safepoint "Cleanup", Time since last: 1000713400 ns, Reaching safepoint: 140900 ns, At safepoint: 63500 ns, Total: 204400 ns
[2020-05-02T07:09:02.303+0000][1][safepoint    ] Safepoint "Cleanup", Time since last: 1000288300 ns, Reaching safepoint: 219700 ns, At safepoint: 102300 ns, Total: 322000 ns
[2020-05-02T07:09:03.304+0000][1][safepoint    ] Safepoint "Cleanup", Time since last: 1000536200 ns, Reaching safepoint: 130600 ns, At safepoint: 56600 ns, Total: 187200 ns
[2020-05-02T07:09:04.304+0000][1][safepoint    ] Safepoint "Cleanup", Time since last: 1000360800 ns, Reaching safepoint: 138700 ns, At safepoint: 56100 ns, Total: 194800 ns
[2020-05-02T07:09:05.305+0000][1][safepoint    ] Safepoint "Cleanup", Time since last: 1000413800 ns, Reaching safepoint: 307100 ns, At safepoint: 151200 ns, Total: 458300 ns
[2020-05-02T07:09:06.307+0000][1][safepoint    ] Safepoint "Cleanup", Time since last: 1001516400 ns, Reaching safepoint: 519500 ns, At safepoint: 195800 ns, Total: 715300 ns
[2020-05-02T07:09:07.309+0000][1][safepoint    ] Safepoint "Cleanup", Time since last: 1000583400 ns, Reaching safepoint: 632400 ns, At safepoint: 161000 ns, Total: 793400 ns
[2020-05-02T07:09:08.309+0000][1][safepoint    ] Safepoint "Cleanup", Time since last: 1000359200 ns, Reaching safepoint: 146700 ns, At safepoint: 46200 ns, Total: 192900 ns
[2020-05-02T07:09:09.310+0000][1][safepoint    ] Safepoint "Cleanup", Time since last: 1000229400 ns, Reaching safepoint: 120000 ns, At safepoint: 57900 ns, Total: 177900 ns
[2020-05-02T07:09:10.311+0000][1][safepoint    ] Safepoint "Cleanup", Time since last: 1000649100 ns, Reaching safepoint: 304300 ns, At safepoint: 154100 ns, Total: 458400 ns
[2020-05-02T07:09:11.312+0000][1][safepoint    ] Safepoint "Cleanup", Time since last: 1000791400 ns, Reaching safepoint: 135300 ns, At safepoint: 60200 ns, Total: 195500 ns
[2020-05-02T07:09:12.312+0000][1][safepoint    ] Safepoint "Cleanup", Time since last: 1000174400 ns, Reaching safepoint: 127900 ns, At safepoint: 54400 ns, Total: 182300 ns
[2020-05-02T07:09:13.313+0000][1][safepoint    ] Safepoint "Cleanup", Time since last: 1000242000 ns, Reaching safepoint: 126200 ns, At safepoint: 51800 ns, Total: 178000 ns
[2020-05-02T07:09:14.178+0000][1][gc,start     ] GC(65) Pause Young (Allocation Failure)
[2020-05-02T07:09:14.178+0000][1][gc,task      ] GC(65) Using 10 workers of 10 for evacuation
[2020-05-02T07:09:14.184+0000][1][gc,age       ] GC(65) Desired survivor size 8945664 bytes, new threshold 6 (max threshold 6)
[2020-05-02T07:09:14.184+0000][1][gc,age       ] GC(65) Age table with threshold 6 (max threshold 6)
[2020-05-02T07:09:14.184+0000][1][gc,age       ] GC(65) - age   1:      56056 bytes,      56056 total
[2020-05-02T07:09:14.184+0000][1][gc,age       ] GC(65) - age   2:      10216 bytes,      66272 total
[2020-05-02T07:09:14.184+0000][1][gc,age       ] GC(65) - age   3:     274408 bytes,     340680 total
[2020-05-02T07:09:14.184+0000][1][gc,age       ] GC(65) - age   4:     478728 bytes,     819408 total
[2020-05-02T07:09:14.184+0000][1][gc,age       ] GC(65) - age   5:      14808 bytes,     834216 total
[2020-05-02T07:09:14.184+0000][1][gc,age       ] GC(65) - age   6:        704 bytes,     834920 total
[2020-05-02T07:09:14.184+0000][1][gc,heap      ] GC(65) ParNew: 141400K->1696K(157248K)
[2020-05-02T07:09:14.184+0000][1][gc,heap      ] GC(65) CMS: 82476K->82770K(349568K)
[2020-05-02T07:09:14.184+0000][1][gc,metaspace ] GC(65) Metaspace: 97767K->97767K(1138688K)
[2020-05-02T07:09:14.184+0000][1][gc           ] GC(65) Pause Young (Allocation Failure) 218M->82M(494M) 6.574ms
[2020-05-02T07:09:14.184+0000][1][gc,cpu       ] GC(65) User=0.02s Sys=0.01s Real=0.00s
[2020-05-02T07:09:14.184+0000][1][safepoint    ] Safepoint "GenCollectForAllocation", Time since last: 864628800 ns, Reaching safepoint: 234600 ns, At safepoint: 6735100 ns, Total: 6969700 ns
[2020-05-02T07:09:15.186+0000][1][safepoint    ] Safepoint "Cleanup", Time since last: 1000519000 ns, Reaching safepoint: 417100 ns, At safepoint: 326500 ns, Total: 743600 ns
[2020-05-02T07:09:16.187+0000][1][safepoint    ] Safepoint "Cleanup", Time since last: 1000662900 ns, Reaching safepoint: 236800 ns, At safepoint: 114600 ns, Total: 351400 ns
[2020-05-02T07:09:17.188+0000][1][safepoint    ] Safepoint "Cleanup", Time since last: 1000574200 ns, Reaching safepoint: 641700 ns, At safepoint: 219100 ns, Total: 860800 ns
[2020-05-02T07:09:18.189+0000][1][safepoint    ] Safepoint "Cleanup", Time since last: 1000851500 ns, Reaching safepoint: 435300 ns, At safepoint: 204800 ns, Total: 640100 ns
[2020-05-02T07:09:19.191+0000][1][safepoint    ] Safepoint "Cleanup", Time since last: 1000591400 ns, Reaching safepoint: 442600 ns, At safepoint: 209100 ns, Total: 651700 ns
[2020-05-02T07:09:20.192+0000][1][safepoint    ] Safepoint "Cleanup", Time since last: 1000548700 ns, Reaching safepoint: 430300 ns, At safepoint: 257100 ns, Total: 687400 ns
[2020-05-02T07:09:21.194+0000][1][safepoint    ] Safepoint "Cleanup", Time since last: 1001159300 ns, Reaching safepoint: 437800 ns, At safepoint: 712300 ns, Total: 1150100 ns
[2020-05-02T07:09:22.196+0000][1][safepoint    ] Safepoint "Cleanup", Time since last: 1001123000 ns, Reaching safepoint: 487400 ns, At safepoint: 422100 ns, Total: 909500 ns
[2020-05-02T07:09:23.198+0000][1][safepoint    ] Safepoint "Cleanup", Time since last: 1000612900 ns, Reaching safepoint: 435100 ns, At safepoint: 204500 ns, Total: 639600 ns
[2020-05-02T07:09:24.198+0000][1][safepoint    ] Safepoint "Cleanup", Time since last: 1000408100 ns, Reaching safepoint: 123100 ns, At safepoint: 37700 ns, Total: 160800 ns
[2020-05-02T07:09:25.199+0000][1][safepoint    ] Safepoint "Cleanup", Time since last: 1000279500 ns, Reaching safepoint: 126700 ns, At safepoint: 52700 ns, Total: 179400 ns
[2020-05-02T07:09:26.200+0000][1][safepoint    ] Safepoint "Cleanup", Time since last: 1000637400 ns, Reaching safepoint: 324100 ns, At safepoint: 261700 ns, Total: 585800 ns
[2020-05-02T07:09:27.201+0000][1][safepoint    ] Safepoint "Cleanup", Time since last: 1000573800 ns, Reaching safepoint: 132300 ns, At safepoint: 66300 ns, Total: 198600 ns
[2020-05-02T07:09:28.202+0000][1][safepoint    ] Safepoint "Cleanup", Time since last: 1000478100 ns, Reaching safepoint: 512500 ns, At safepoint: 202600 ns, Total: 715100 ns
[2020-05-02T07:09:29.203+0000][1][safepoint    ] Safepoint "Cleanup", Time since last: 1000699600 ns, Reaching safepoint: 492300 ns, At safepoint: 209200 ns, Total: 701500 ns
[2020-05-02T07:09:30.205+0000][1][safepoint    ] Safepoint "Cleanup", Time since last: 1000774000 ns, Reaching safepoint: 439200 ns, At safepoint: 204400 ns, Total: 643600 ns
[2020-05-02T07:09:31.206+0000][1][safepoint    ] Safepoint "Cleanup", Time since last: 1000739500 ns, Reaching safepoint: 150000 ns, At safepoint: 60600 ns, Total: 210600 ns
[2020-05-02T07:09:32.207+0000][1][safepoint    ] Safepoint "Cleanup", Time since last: 1000492400 ns, Reaching safepoint: 358400 ns, At safepoint: 179400 ns, Total: 537800 ns
[2020-05-02T07:09:33.208+0000][1][safepoint    ] Safepoint "Cleanup", Time since last: 1000577700 ns, Reaching safepoint: 447800 ns, At safepoint: 150900 ns, Total: 598700 ns
[2020-05-02T07:09:34.208+0000][1][safepoint    ] Safepoint "Cleanup", Time since last: 1000341200 ns, Reaching safepoint: 149500 ns, At safepoint: 62200 ns, Total: 211700 ns
[2020-05-02T07:09:35.209+0000][1][safepoint    ] Safepoint "Cleanup", Time since last: 1000736900 ns, Reaching safepoint: 150300 ns, At safepoint: 64200 ns, Total: 214500 ns
[2020-05-02T07:09:36.210+0000][1][safepoint    ] Safepoint "Cleanup", Time since last: 1000717300 ns, Reaching safepoint: 324500 ns, At safepoint: 157200 ns, Total: 481700 ns
[2020-05-02T07:09:37.212+0000][1][safepoint    ] Safepoint "Cleanup", Time since last: 1000706600 ns, Reaching safepoint: 282900 ns, At safepoint: 119400 ns, Total: 402300 ns
[2020-05-02T07:09:38.213+0000][1][safepoint    ] Safepoint "Cleanup", Time since last: 1000542900 ns, Reaching safepoint: 412900 ns, At safepoint: 228900 ns, Total: 641800 ns
[2020-05-02T07:09:39.214+0000][1][safepoint    ] Safepoint "Cleanup", Time since last: 1000695200 ns, Reaching safepoint: 494000 ns, At safepoint: 199800 ns, Total: 693800 ns
[2020-05-02T07:09:40.216+0000][1][safepoint    ] Safepoint "Cleanup", Time since last: 1000677800 ns, Reaching safepoint: 438600 ns, At safepoint: 434500 ns, Total: 873100 ns
[2020-05-02T07:09:41.217+0000][1][safepoint    ] Safepoint "Cleanup", Time since last: 1000516500 ns, Reaching safepoint: 309300 ns, At safepoint: 158100 ns, Total: 467400 ns
[2020-05-02T07:09:42.883+0000][1][safepoint    ] Safepoint "Cleanup", Time since last: 1665581400 ns, Reaching safepoint: 414500 ns, At safepoint: 206900 ns, Total: 621400 ns
[2020-05-02T07:09:43.884+0000][1][safepoint    ] Safepoint "Cleanup", Time since last: 1000674500 ns, Reaching safepoint: 439100 ns, At safepoint: 220000 ns, Total: 659100 ns
[2020-05-02T07:09:44.885+0000][1][safepoint    ] Safepoint "Cleanup", Time since last: 1000843900 ns, Reaching safepoint: 194600 ns, At safepoint: 93100 ns, Total: 287700 ns
[2020-05-02T07:09:45.887+0000][1][safepoint    ] Safepoint "Cleanup", Time since last: 1001046100 ns, Reaching safepoint: 438600 ns, At safepoint: 208400 ns, Total: 647000 ns
[2020-05-02T07:09:46.888+0000][1][safepoint    ] Safepoint "Cleanup", Time since last: 1000513200 ns, Reaching safepoint: 236900 ns, At safepoint: 122900 ns, Total: 359800 ns
[2020-05-02T07:09:47.889+0000][1][safepoint    ] Safepoint "Cleanup", Time since last: 1000569800 ns, Reaching safepoint: 526000 ns, At safepoint: 205200 ns, Total: 731200 ns
[2020-05-02T07:09:48.890+0000][1][safepoint    ] Safepoint "Cleanup", Time since last: 1000329100 ns, Reaching safepoint: 124100 ns, At safepoint: 39700 ns, Total: 163800 ns
[2020-05-02T07:09:49.890+0000][1][safepoint    ] Safepoint "Cleanup", Time since last: 1000203400 ns, Reaching safepoint: 133300 ns, At safepoint: 59500 ns, Total: 192800 ns
[2020-05-02T07:09:50.891+0000][1][safepoint    ] Safepoint "Cleanup", Time since last: 1000449000 ns, Reaching safepoint: 514200 ns, At safepoint: 175100 ns, Total: 689300 ns
[2020-05-02T07:09:51.893+0000][1][safepoint    ] Safepoint "Cleanup", Time since last: 1001085300 ns, Reaching safepoint: 494300 ns, At safepoint: 204900 ns, Total: 699200 ns
[2020-05-02T07:09:52.894+0000][1][safepoint    ] Safepoint "Cleanup", Time since last: 1000747900 ns, Reaching safepoint: 267600 ns, At safepoint: 129000 ns, Total: 396600 ns
[2020-05-02T07:09:53.896+0000][1][safepoint    ] Safepoint "Cleanup", Time since last: 1000808400 ns, Reaching safepoint: 435600 ns, At safepoint: 261400 ns, Total: 697000 ns
[2020-05-02T07:09:54.897+0000][1][safepoint    ] Safepoint "Cleanup", Time since last: 1000768000 ns, Reaching safepoint: 129300 ns, At safepoint: 55800 ns, Total: 185100 ns
[2020-05-02T07:09:55.898+0000][1][safepoint    ] Safepoint "Cleanup", Time since last: 1000736600 ns, Reaching safepoint: 437500 ns, At safepoint: 210200 ns, Total: 647700 ns
[2020-05-02T07:09:57.321+0000][1][safepoint    ] Safepoint "Cleanup", Time since last: 1422678800 ns, Reaching safepoint: 439600 ns, At safepoint: 333800 ns, Total: 773400 ns
[2020-05-02T07:09:58.323+0000][1][safepoint    ] Safepoint "Cleanup", Time since last: 1001112400 ns, Reaching safepoint: 420900 ns, At safepoint: 460800 ns, Total: 881700 ns
[2020-05-02T07:09:59.324+0000][1][safepoint    ] Safepoint "Cleanup", Time since last: 1000664500 ns, Reaching safepoint: 252600 ns, At safepoint: 121400 ns, Total: 374000 ns
[2020-05-02T07:10:00.325+0000][1][safepoint    ] Safepoint "Cleanup", Time since last: 1000257800 ns, Reaching safepoint: 154600 ns, At safepoint: 62600 ns, Total: 217200 ns
[2020-05-02T07:10:01.326+0000][1][safepoint    ] Safepoint "Cleanup", Time since last: 1000360000 ns, Reaching safepoint: 358200 ns, At safepoint: 43000 ns, Total: 401200 ns
[2020-05-02T07:10:02.327+0000][1][safepoint    ] Safepoint "Cleanup", Time since last: 1000352500 ns, Reaching safepoint: 324400 ns, At safepoint: 148000 ns, Total: 472400 ns
[2020-05-02T07:10:03.328+0000][1][safepoint    ] Safepoint "Cleanup", Time since last: 1000792000 ns, Reaching safepoint: 265700 ns, At safepoint: 124200 ns, Total: 389900 ns
[2020-05-02T07:10:04.329+0000][1][safepoint    ] Safepoint "Cleanup", Time since last: 1000587700 ns, Reaching safepoint: 523500 ns, At safepoint: 199200 ns, Total: 722700 ns
[2020-05-02T07:10:05.330+0000][1][safepoint    ] Safepoint "Cleanup", Time since last: 1000636400 ns, Reaching safepoint: 201900 ns, At safepoint: 91300 ns, Total: 293200 ns
[2020-05-02T07:10:06.331+0000][1][safepoint    ] Safepoint "Cleanup", Time since last: 1000550900 ns, Reaching safepoint: 452800 ns, At safepoint: 209400 ns, Total: 662200 ns
[2020-05-02T07:10:07.333+0000][1][safepoint    ] Safepoint "Cleanup", Time since last: 1000931900 ns, Reaching safepoint: 491300 ns, At safepoint: 203300 ns, Total: 694600 ns
[2020-05-02T07:10:08.334+0000][1][safepoint    ] Safepoint "Cleanup", Time since last: 1000887900 ns, Reaching safepoint: 251000 ns, At safepoint: 116900 ns, Total: 367900 ns
[2020-05-02T07:10:09.335+0000][1][safepoint    ] Safepoint "Cleanup", Time since last: 1000285600 ns, Reaching safepoint: 142600 ns, At safepoint: 50400 ns, Total: 193000 ns
[2020-05-02T07:10:10.336+0000][1][safepoint    ] Safepoint "Cleanup", Time since last: 1000433900 ns, Reaching safepoint: 699500 ns, At safepoint: 167900 ns, Total: 867400 ns
[2020-05-02T07:10:11.337+0000][1][safepoint    ] Safepoint "Cleanup", Time since last: 1000563500 ns, Reaching safepoint: 412600 ns, At safepoint: 200000 ns, Total: 612600 ns
[2020-05-02T07:10:12.339+0000][1][safepoint    ] Safepoint "Cleanup", Time since last: 1000946100 ns, Reaching safepoint: 434600 ns, At safepoint: 210800 ns, Total: 645400 ns
[2020-05-02T07:10:13.340+0000][1][safepoint    ] Safepoint "Cleanup", Time since last: 1000930900 ns, Reaching safepoint: 435300 ns, At safepoint: 211100 ns, Total: 646400 ns
[2020-05-02T07:10:14.341+0000][1][safepoint    ] Safepoint "Cleanup", Time since last: 1000649100 ns, Reaching safepoint: 269700 ns, At safepoint: 122300 ns, Total: 392000 ns
[2020-05-02T07:10:15.342+0000][1][safepoint    ] Safepoint "Cleanup", Time since last: 1000724700 ns, Reaching safepoint: 163700 ns, At safepoint: 114300 ns, Total: 278000 ns
[2020-05-02T07:10:16.343+0000][1][safepoint    ] Safepoint "Cleanup", Time since last: 1000662400 ns, Reaching safepoint: 183500 ns, At safepoint: 82500 ns, Total: 266000 ns
[2020-05-02T07:10:17.344+0000][1][safepoint    ] Safepoint "Cleanup", Time since last: 1000678000 ns, Reaching safepoint: 230100 ns, At safepoint: 107200 ns, Total: 337300 ns
[2020-05-02T07:10:18.345+0000][1][safepoint    ] Safepoint "Cleanup", Time since last: 1000717500 ns, Reaching safepoint: 146500 ns, At safepoint: 64100 ns, Total: 210600 ns
[2020-05-02T07:10:19.346+0000][1][safepoint    ] Safepoint "Cleanup", Time since last: 1000188600 ns, Reaching safepoint: 197500 ns, At safepoint: 36200 ns, Total: 233700 ns
[2020-05-02T07:10:20.346+0000][1][safepoint    ] Safepoint "Cleanup", Time since last: 1000463400 ns, Reaching safepoint: 184800 ns, At safepoint: 73900 ns, Total: 258700 ns
[2020-05-02T07:10:21.347+0000][1][safepoint    ] Safepoint "Cleanup", Time since last: 1000598900 ns, Reaching safepoint: 212400 ns, At safepoint: 99400 ns, Total: 311800 ns
[2020-05-02T07:10:22.348+0000][1][safepoint    ] Safepoint "Cleanup", Time since last: 1000603100 ns, Reaching safepoint: 162500 ns, At safepoint: 71400 ns, Total: 233900 ns
[2020-05-02T07:10:23.349+0000][1][safepoint    ] Safepoint "Cleanup", Time since last: 1000788900 ns, Reaching safepoint: 431900 ns, At safepoint: 216600 ns, Total: 648500 ns
[2020-05-02T07:10:24.350+0000][1][safepoint    ] Safepoint "Cleanup", Time since last: 1000364800 ns, Reaching safepoint: 128900 ns, At safepoint: 52800 ns, Total: 181700 ns
[2020-05-02T07:10:25.351+0000][1][safepoint    ] Safepoint "Cleanup", Time since last: 1000675900 ns, Reaching safepoint: 322000 ns, At safepoint: 159200 ns, Total: 481200 ns
[2020-05-02T07:10:26.352+0000][1][safepoint    ] Safepoint "Cleanup", Time since last: 1000810900 ns, Reaching safepoint: 150600 ns, At safepoint: 67700 ns, Total: 218300 ns
[2020-05-02T07:10:27.353+0000][1][safepoint    ] Safepoint "Cleanup", Time since last: 1000309100 ns, Reaching safepoint: 247600 ns, At safepoint: 157800 ns, Total: 405400 ns
[2020-05-02T07:10:28.354+0000][1][safepoint    ] Safepoint "Cleanup", Time since last: 1000553100 ns, Reaching safepoint: 595500 ns, At safepoint: 182300 ns, Total: 777800 ns
[2020-05-02T07:10:29.355+0000][1][safepoint    ] Safepoint "Cleanup", Time since last: 1000532200 ns, Reaching safepoint: 323100 ns, At safepoint: 149600 ns, Total: 472700 ns
[2020-05-02T07:10:30.356+0000][1][safepoint    ] Safepoint "Cleanup", Time since last: 1000254800 ns, Reaching safepoint: 127700 ns, At safepoint: 34200 ns, Total: 161900 ns
[2020-05-02T07:10:31.356+0000][1][safepoint    ] Safepoint "Cleanup", Time since last: 1000528900 ns, Reaching safepoint: 130300 ns, At safepoint: 55600 ns, Total: 185900 ns
[2020-05-02T07:10:32.358+0000][1][safepoint    ] Safepoint "Cleanup", Time since last: 1000601300 ns, Reaching safepoint: 495800 ns, At safepoint: 201900 ns, Total: 697700 ns
[2020-05-02T07:10:34.018+0000][1][safepoint    ] Safepoint "Cleanup", Time since last: 1660198900 ns, Reaching safepoint: 135800 ns, At safepoint: 51900 ns, Total: 187700 ns
[2020-05-02T07:10:35.019+0000][1][safepoint    ] Safepoint "Cleanup", Time since last: 1000546700 ns, Reaching safepoint: 211800 ns, At safepoint: 96700 ns, Total: 308500 ns
[2020-05-02T07:10:36.020+0000][1][safepoint    ] Safepoint "Cleanup", Time since last: 1000410200 ns, Reaching safepoint: 320400 ns, At safepoint: 135000 ns, Total: 455400 ns
[2020-05-02T07:10:37.021+0000][1][safepoint    ] Safepoint "Cleanup", Time since last: 1000773200 ns, Reaching safepoint: 446000 ns, At safepoint: 185500 ns, Total: 631500 ns
[2020-05-02T07:10:38.023+0000][1][safepoint    ] Safepoint "Cleanup", Time since last: 1001008400 ns, Reaching safepoint: 437700 ns, At safepoint: 280000 ns, Total: 717700 ns
[2020-05-02T07:10:39.024+0000][1][safepoint    ] Safepoint "Cleanup", Time since last: 1000682600 ns, Reaching safepoint: 131900 ns, At safepoint: 57500 ns, Total: 189400 ns
[2020-05-02T07:10:40.025+0000][1][safepoint    ] Safepoint "Cleanup", Time since last: 1000693300 ns, Reaching safepoint: 488200 ns, At safepoint: 200900 ns, Total: 689100 ns
[2020-05-02T07:10:41.026+0000][1][safepoint    ] Safepoint "Cleanup", Time since last: 1000396100 ns, Reaching safepoint: 151200 ns, At safepoint: 67900 ns, Total: 219100 ns
[2020-05-02T07:10:42.027+0000][1][safepoint    ] Safepoint "Cleanup", Time since last: 1000848000 ns, Reaching safepoint: 613900 ns, At safepoint: 260400 ns, Total: 874300 ns
[2020-05-02T07:10:43.029+0000][1][safepoint    ] Safepoint "Cleanup", Time since last: 1001014100 ns, Reaching safepoint: 501000 ns, At safepoint: 213900 ns, Total: 714900 ns
[2020-05-02T07:10:44.030+0000][1][safepoint    ] Safepoint "Cleanup", Time since last: 1000349500 ns, Reaching safepoint: 221900 ns, At safepoint: 114800 ns, Total: 336700 ns
[2020-05-02T07:10:45.031+0000][1][safepoint    ] Safepoint "Cleanup", Time since last: 1000905000 ns, Reaching safepoint: 433300 ns, At safepoint: 207300 ns, Total: 640600 ns
[2020-05-02T07:10:46.033+0000][1][safepoint    ] Safepoint "Cleanup", Time since last: 1000548100 ns, Reaching safepoint: 549600 ns, At safepoint: 192300 ns, Total: 741900 ns
[2020-05-02T07:10:47.034+0000][1][safepoint    ] Safepoint "Cleanup", Time since last: 1000613100 ns, Reaching safepoint: 443800 ns, At safepoint: 253100 ns, Total: 696900 ns
[2020-05-02T07:10:48.035+0000][1][safepoint    ] Safepoint "Cleanup", Time since last: 1000703900 ns, Reaching safepoint: 261100 ns, At safepoint: 104000 ns, Total: 365100 ns
[2020-05-02T07:10:49.036+0000][1][safepoint    ] Safepoint "Cleanup", Time since last: 1000425800 ns, Reaching safepoint: 201500 ns, At safepoint: 87000 ns, Total: 288500 ns
[2020-05-02T07:10:50.037+0000][1][safepoint    ] Safepoint "Cleanup", Time since last: 1000567500 ns, Reaching safepoint: 130600 ns, At safepoint: 54700 ns, Total: 185300 ns
[2020-05-02T07:10:51.038+0000][1][safepoint    ] Safepoint "Cleanup", Time since last: 1000530400 ns, Reaching safepoint: 436700 ns, At safepoint: 187800 ns, Total: 624500 ns
[2020-05-02T07:10:52.039+0000][1][safepoint    ] Safepoint "Cleanup", Time since last: 1001004700 ns, Reaching safepoint: 437400 ns, At safepoint: 283000 ns, Total: 720400 ns
[2020-05-02T07:10:53.041+0000][1][safepoint    ] Safepoint "Cleanup", Time since last: 1000575300 ns, Reaching safepoint: 457300 ns, At safepoint: 176800 ns, Total: 634100 ns
[2020-05-02T07:10:54.042+0000][1][safepoint    ] Safepoint "Cleanup", Time since last: 1000542100 ns, Reaching safepoint: 675900 ns, At safepoint: 288400 ns, Total: 964300 ns
[2020-05-02T07:10:55.044+0000][1][safepoint    ] Safepoint "Cleanup", Time since last: 1000678900 ns, Reaching safepoint: 690000 ns, At safepoint: 290800 ns, Total: 980800 ns
[2020-05-02T07:10:56.045+0000][1][safepoint    ] Safepoint "Cleanup", Time since last: 1000666400 ns, Reaching safepoint: 468600 ns, At safepoint: 176700 ns, Total: 645300 ns
[2020-05-02T07:10:57.046+0000][1][safepoint    ] Safepoint "Cleanup", Time since last: 1000485100 ns, Reaching safepoint: 123500 ns, At safepoint: 41400 ns, Total: 164900 ns
[2020-05-02T07:10:58.046+0000][1][safepoint    ] Safepoint "Cleanup", Time since last: 1000334500 ns, Reaching safepoint: 131500 ns, At safepoint: 66500 ns, Total: 198000 ns
[2020-05-02T07:10:59.047+0000][1][safepoint    ] Safepoint "Cleanup", Time since last: 1000447700 ns, Reaching safepoint: 495000 ns, At safepoint: 210300 ns, Total: 705300 ns
[2020-05-02T07:11:00.048+0000][1][safepoint    ] Safepoint "Cleanup", Time since last: 1000385300 ns, Reaching safepoint: 141800 ns, At safepoint: 60300 ns, Total: 202100 ns
[2020-05-02T07:11:01.049+0000][1][safepoint    ] Safepoint "Cleanup", Time since last: 1000380000 ns, Reaching safepoint: 245800 ns, At safepoint: 107200 ns, Total: 353000 ns
[2020-05-02T07:11:02.050+0000][1][safepoint    ] Safepoint "Cleanup", Time since last: 1000781000 ns, Reaching safepoint: 610200 ns, At safepoint: 228800 ns, Total: 839000 ns
[2020-05-02T07:11:03.052+0000][1][safepoint    ] Safepoint "Cleanup", Time since last: 1001055500 ns, Reaching safepoint: 652600 ns, At safepoint: 247100 ns, Total: 899700 ns
[2020-05-02T07:11:04.054+0000][1][safepoint    ] Safepoint "Cleanup", Time since last: 1000617100 ns, Reaching safepoint: 489100 ns, At safepoint: 203900 ns, Total: 693000 ns
[2020-05-02T07:11:05.055+0000][1][safepoint    ] Safepoint "Cleanup", Time since last: 1000618700 ns, Reaching safepoint: 360300 ns, At safepoint: 183400 ns, Total: 543700 ns
[2020-05-02T07:11:06.575+0000][1][safepoint    ] Safepoint "Cleanup", Time since last: 1520041500 ns, Reaching safepoint: 132600 ns, At safepoint: 53500 ns, Total: 186100 ns
[2020-05-02T07:11:07.576+0000][1][safepoint    ] Safepoint "Cleanup", Time since last: 1000587800 ns, Reaching safepoint: 325000 ns, At safepoint: 161200 ns, Total: 486200 ns
[2020-05-02T07:11:08.577+0000][1][safepoint    ] Safepoint "Cleanup", Time since last: 1000347900 ns, Reaching safepoint: 134900 ns, At safepoint: 58100 ns, Total: 193000 ns
[2020-05-02T07:11:09.578+0000][1][safepoint    ] Safepoint "Cleanup", Time since last: 1000456400 ns, Reaching safepoint: 502100 ns, At safepoint: 270800 ns, Total: 772900 ns
[2020-05-02T07:11:10.580+0000][1][safepoint    ] Safepoint "Cleanup", Time since last: 1001059100 ns, Reaching safepoint: 436200 ns, At safepoint: 210500 ns, Total: 646700 ns
[2020-05-02T07:11:11.581+0000][1][safepoint    ] Safepoint "Cleanup", Time since last: 1000727900 ns, Reaching safepoint: 435900 ns, At safepoint: 205000 ns, Total: 640900 ns
[2020-05-02T07:11:12.582+0000][1][safepoint    ] Safepoint "Cleanup", Time since last: 1000507400 ns, Reaching safepoint: 174800 ns, At safepoint: 46800 ns, Total: 221600 ns
[2020-05-02T07:11:13.583+0000][1][safepoint    ] Safepoint "Cleanup", Time since last: 1000532500 ns, Reaching safepoint: 441300 ns, At safepoint: 180000 ns, Total: 621300 ns
[2020-05-02T07:11:14.584+0000][1][safepoint    ] Safepoint "Cleanup", Time since last: 1000547700 ns, Reaching safepoint: 301600 ns, At safepoint: 155300 ns, Total: 456900 ns
[2020-05-02T07:11:14.987+0000][1][safepoint    ] Safepoint "RevokeBias", Time since last: 403390000 ns, Reaching safepoint: 119100 ns, At safepoint: 46800 ns, Total: 165900 ns
[2020-05-02T07:11:14.990+0000][1][safepoint    ] Safepoint "RevokeBias", Time since last: 2491600 ns, Reaching safepoint: 123700 ns, At safepoint: 43000 ns, Total: 166700 ns
[2020-05-02T07:11:14.990+0000][1][safepoint    ] Safepoint "RevokeBias", Time since last: 260100 ns, Reaching safepoint: 92500 ns, At safepoint: 42600 ns, Total: 135100 ns
[2020-05-02T07:11:14.991+0000][1][safepoint    ] Safepoint "RevokeBias", Time since last: 283800 ns, Reaching safepoint: 117300 ns, At safepoint: 82700 ns, Total: 200000 ns
[2020-05-02T07:11:14.991+0000][1][safepoint    ] Safepoint "RevokeBias", Time since last: 274600 ns, Reaching safepoint: 154700 ns, At safepoint: 56600 ns, Total: 211300 ns
[2020-05-02T07:11:14.998+0000][1][safepoint    ] Safepoint "RevokeBias", Time since last: 6148100 ns, Reaching safepoint: 137600 ns, At safepoint: 53400 ns, Total: 191000 ns
[2020-05-02T07:11:14.999+0000][1][safepoint    ] Safepoint "RevokeBias", Time since last: 822800 ns, Reaching safepoint: 183200 ns, At safepoint: 129300 ns, Total: 312500 ns
[2020-05-02T07:11:15.037+0000][1][safepoint    ] Safepoint "RevokeBias", Time since last: 38178400 ns, Reaching safepoint: 154500 ns, At safepoint: 69100 ns, Total: 223600 ns
[2020-05-02T07:11:15.038+0000][1][safepoint    ] Safepoint "RevokeBias", Time since last: 324600 ns, Reaching safepoint: 203600 ns, At safepoint: 84100 ns, Total: 287700 ns
[2020-05-02T07:11:15.038+0000][1][safepoint    ] Safepoint "RevokeBias", Time since last: 46200 ns, Reaching safepoint: 82800 ns, At safepoint: 97700 ns, Total: 180500 ns
[2020-05-02T07:11:15.039+0000][1][safepoint    ] Safepoint "RevokeBias", Time since last: 48300 ns, Reaching safepoint: 190600 ns, At safepoint: 148800 ns, Total: 339400 ns
[2020-05-02T07:11:15.039+0000][1][safepoint    ] Safepoint "RevokeBias", Time since last: 50400 ns, Reaching safepoint: 245200 ns, At safepoint: 164400 ns, Total: 409600 ns
[2020-05-02T07:11:15.043+0000][1][safepoint    ] Safepoint "RevokeBias", Time since last: 3688400 ns, Reaching safepoint: 365300 ns, At safepoint: 215600 ns, Total: 580900 ns
[2020-05-02T07:11:15.044+0000][1][safepoint    ] Safepoint "RevokeBias", Time since last: 388500 ns, Reaching safepoint: 379900 ns, At safepoint: 165500 ns, Total: 545400 ns
[2020-05-02T07:11:15.051+0000][1][safepoint    ] Safepoint "RevokeBias", Time since last: 6206400 ns, Reaching safepoint: 135600 ns, At safepoint: 70500 ns, Total: 206100 ns
[2020-05-02T07:11:15.064+0000][1][safepoint    ] Safepoint "RevokeBias", Time since last: 13620900 ns, Reaching safepoint: 122600 ns, At safepoint: 40200 ns, Total: 162800 ns
[2020-05-02T07:11:15.122+0000][1][safepoint    ] Safepoint "RevokeBias", Time since last: 57629200 ns, Reaching safepoint: 143300 ns, At safepoint: 84200 ns, Total: 227500 ns
[2020-05-02T07:11:15.123+0000][1][safepoint    ] Safepoint "RevokeBias", Time since last: 431100 ns, Reaching safepoint: 195600 ns, At safepoint: 90700 ns, Total: 286300 ns
[2020-05-02T07:11:15.123+0000][1][safepoint    ] Safepoint "RevokeBias", Time since last: 172700 ns, Reaching safepoint: 183600 ns, At safepoint: 89100 ns, Total: 272700 ns
[2020-05-02T07:11:15.124+0000][1][safepoint    ] Safepoint "RevokeBias", Time since last: 168900 ns, Reaching safepoint: 84400 ns, At safepoint: 43900 ns, Total: 128300 ns
[2020-05-02T07:11:16.124+0000][1][safepoint    ] Safepoint "Cleanup", Time since last: 1000201100 ns, Reaching safepoint: 134300 ns, At safepoint: 53400 ns, Total: 187700 ns
[2020-05-02T07:11:17.125+0000][1][safepoint    ] Safepoint "Cleanup", Time since last: 1000572900 ns, Reaching safepoint: 424300 ns, At safepoint: 150300 ns, Total: 574600 ns
[2020-05-02T07:11:18.126+0000][1][safepoint    ] Safepoint "Cleanup", Time since last: 1000532900 ns, Reaching safepoint: 212100 ns, At safepoint: 87600 ns, Total: 299700 ns
[2020-05-02T07:11:19.127+0000][1][safepoint    ] Safepoint "Cleanup", Time since last: 1000544200 ns, Reaching safepoint: 505500 ns, At safepoint: 199800 ns, Total: 705300 ns
[2020-05-02T07:11:20.128+0000][1][safepoint    ] Safepoint "Cleanup", Time since last: 1000477600 ns, Reaching safepoint: 168500 ns, At safepoint: 70600 ns, Total: 239100 ns
[2020-05-02T07:11:21.129+0000][1][safepoint    ] Safepoint "Cleanup", Time since last: 1000667000 ns, Reaching safepoint: 135600 ns, At safepoint: 58200 ns, Total: 193800 ns
[2020-05-02T07:11:22.130+0000][1][safepoint    ] Safepoint "Cleanup", Time since last: 1000560300 ns, Reaching safepoint: 437500 ns, At safepoint: 185100 ns, Total: 622600 ns
[2020-05-02T07:11:23.131+0000][1][safepoint    ] Safepoint "Cleanup", Time since last: 1000563500 ns, Reaching safepoint: 432200 ns, At safepoint: 230100 ns, Total: 662300 ns
[2020-05-02T07:11:24.132+0000][1][safepoint    ] Safepoint "Cleanup", Time since last: 1000613800 ns, Reaching safepoint: 365500 ns, At safepoint: 144600 ns, Total: 510100 ns
[2020-05-02T07:11:25.134+0000][1][safepoint    ] Safepoint "Cleanup", Time since last: 1001031600 ns, Reaching safepoint: 534200 ns, At safepoint: 263500 ns, Total: 797700 ns
[2020-05-02T07:11:26.136+0000][1][safepoint    ] Safepoint "Cleanup", Time since last: 1000810700 ns, Reaching safepoint: 240300 ns, At safepoint: 276300 ns, Total: 516600 ns
[2020-05-02T07:11:27.136+0000][1][safepoint    ] Safepoint "Cleanup", Time since last: 1000432100 ns, Reaching safepoint: 258900 ns, At safepoint: 121000 ns, Total: 379900 ns
[2020-05-02T07:11:28.138+0000][1][safepoint    ] Safepoint "Cleanup", Time since last: 1000896200 ns, Reaching safepoint: 407900 ns, At safepoint: 206500 ns, Total: 614400 ns
[2020-05-02T07:11:29.140+0000][1][safepoint    ] Safepoint "Cleanup", Time since last: 1000918400 ns, Reaching safepoint: 404200 ns, At safepoint: 231100 ns, Total: 635300 ns
[2020-05-02T07:11:30.141+0000][1][safepoint    ] Safepoint "Cleanup", Time since last: 1001115400 ns, Reaching safepoint: 409100 ns, At safepoint: 205800 ns, Total: 614900 ns
[2020-05-02T07:11:30.941+0000][1][safepoint    ] Safepoint "RevokeBias", Time since last: 799052000 ns, Reaching safepoint: 165500 ns, At safepoint: 100600 ns, Total: 266100 ns
[2020-05-02T07:11:30.941+0000][1][safepoint    ] Safepoint "RevokeBias", Time since last: 251900 ns, Reaching safepoint: 230000 ns, At safepoint: 88500 ns, Total: 318500 ns
[2020-05-02T07:11:30.942+0000][1][safepoint    ] Safepoint "RevokeBias", Time since last: 469700 ns, Reaching safepoint: 148600 ns, At safepoint: 90000 ns, Total: 238600 ns
[2020-05-02T07:11:30.959+0000][1][gc,start     ] GC(66) Pause Young (Allocation Failure)
[2020-05-02T07:11:30.959+0000][1][gc,task      ] GC(66) Using 10 workers of 10 for evacuation
[2020-05-02T07:11:30.963+0000][1][gc,age       ] GC(66) Desired survivor size 8945664 bytes, new threshold 6 (max threshold 6)
[2020-05-02T07:11:30.963+0000][1][gc,age       ] GC(66) Age table with threshold 6 (max threshold 6)
[2020-05-02T07:11:30.963+0000][1][gc,age       ] GC(66) - age   1:     595328 bytes,     595328 total
[2020-05-02T07:11:30.963+0000][1][gc,age       ] GC(66) - age   2:        800 bytes,     596128 total
[2020-05-02T07:11:30.963+0000][1][gc,age       ] GC(66) - age   3:       9832 bytes,     605960 total
[2020-05-02T07:11:30.963+0000][1][gc,age       ] GC(66) - age   4:     129680 bytes,     735640 total
[2020-05-02T07:11:30.963+0000][1][gc,age       ] GC(66) - age   5:      76800 bytes,     812440 total
[2020-05-02T07:11:30.963+0000][1][gc,age       ] GC(66) - age   6:       8872 bytes,     821312 total
[2020-05-02T07:11:30.963+0000][1][gc,heap      ] GC(66) ParNew: 141472K->963K(157248K)
[2020-05-02T07:11:30.963+0000][1][gc,heap      ] GC(66) CMS: 82770K->82771K(349568K)
[2020-05-02T07:11:30.963+0000][1][gc,metaspace ] GC(66) Metaspace: 97805K->97805K(1140736K)
[2020-05-02T07:11:30.963+0000][1][gc           ] GC(66) Pause Young (Allocation Failure) 218M->81M(494M) 4.224ms
[2020-05-02T07:11:30.963+0000][1][gc,cpu       ] GC(66) User=0.01s Sys=0.00s Real=0.00s
[2020-05-02T07:11:30.963+0000][1][safepoint    ] Safepoint "GenCollectForAllocation", Time since last: 16594900 ns, Reaching safepoint: 394400 ns, At safepoint: 4408200 ns, Total: 4802600 ns
[2020-05-02T07:11:30.965+0000][1][safepoint    ] Safepoint "RevokeBias", Time since last: 1370600 ns, Reaching safepoint: 221500 ns, At safepoint: 70100 ns, Total: 291600 ns
[2020-05-02T07:11:30.968+0000][1][safepoint    ] Safepoint "RevokeBias", Time since last: 2618900 ns, Reaching safepoint: 232200 ns, At safepoint: 113200 ns, Total: 345400 ns
[2020-05-02T07:11:30.968+0000][1][safepoint    ] Safepoint "RevokeBias", Time since last: 242900 ns, Reaching safepoint: 189600 ns, At safepoint: 109600 ns, Total: 299200 ns
[2020-05-02T07:11:30.969+0000][1][safepoint    ] Safepoint "RevokeBias", Time since last: 283500 ns, Reaching safepoint: 194900 ns, At safepoint: 98200 ns, Total: 293100 ns
[2020-05-02T07:11:30.969+0000][1][safepoint    ] Safepoint "RevokeBias", Time since last: 182400 ns, Reaching safepoint: 174000 ns, At safepoint: 112700 ns, Total: 286700 ns
[2020-05-02T07:11:30.979+0000][1][safepoint    ] Safepoint "RevokeBias", Time since last: 9256600 ns, Reaching safepoint: 241500 ns, At safepoint: 76000 ns, Total: 317500 ns
[2020-05-02T07:11:30.991+0000][1][safepoint    ] Safepoint "RevokeBias", Time since last: 11861600 ns, Reaching safepoint: 127300 ns, At safepoint: 71600 ns, Total: 198900 ns
[2020-05-02T07:11:30.992+0000][1][safepoint    ] Safepoint "RevokeBias", Time since last: 422700 ns, Reaching safepoint: 221800 ns, At safepoint: 94200 ns, Total: 316000 ns
[2020-05-02T07:11:30.993+0000][1][safepoint    ] Safepoint "RevokeBias", Time since last: 153800 ns, Reaching safepoint: 419000 ns, At safepoint: 165300 ns, Total: 584300 ns
[2020-05-02T07:11:30.993+0000][1][safepoint    ] Safepoint "RevokeBias", Time since last: 467900 ns, Reaching safepoint: 220300 ns, At safepoint: 54500 ns, Total: 274800 ns
[2020-05-02T07:11:30.996+0000][1][safepoint    ] Safepoint "RevokeBias", Time since last: 2204100 ns, Reaching safepoint: 334900 ns, At safepoint: 62100 ns, Total: 397000 ns
[2020-05-02T07:11:31.000+0000][1][safepoint    ] Safepoint "RevokeBias", Time since last: 3651200 ns, Reaching safepoint: 182300 ns, At safepoint: 50600 ns, Total: 232900 ns
[2020-05-02T07:11:31.000+0000][1][safepoint    ] Safepoint "RevokeBias", Time since last: 233200 ns, Reaching safepoint: 131000 ns, At safepoint: 51500 ns, Total: 182500 ns
[2020-05-02T07:11:31.501+0000][1][safepoint    ] Safepoint "RevokeBias", Time since last: 499488400 ns, Reaching safepoint: 419400 ns, At safepoint: 438000 ns, Total: 857400 ns
[2020-05-02T07:11:31.503+0000][1][safepoint    ] Safepoint "RevokeBias", Time since last: 1017000 ns, Reaching safepoint: 730300 ns, At safepoint: 358000 ns, Total: 1088300 ns
[2020-05-02T07:11:31.504+0000][1][safepoint    ] Safepoint "RevokeBias", Time since last: 1077500 ns, Reaching safepoint: 358200 ns, At safepoint: 334800 ns, Total: 693000 ns
[2020-05-02T07:11:31.506+0000][1][safepoint    ] Safepoint "RevokeBias", Time since last: 1111400 ns, Reaching safepoint: 668900 ns, At safepoint: 183100 ns, Total: 852000 ns
[2020-05-02T07:11:31.507+0000][1][safepoint    ] Safepoint "RevokeBias", Time since last: 225200 ns, Reaching safepoint: 108200 ns, At safepoint: 110700 ns, Total: 218900 ns
[2020-05-02T07:11:31.508+0000][1][safepoint    ] Safepoint "BulkRevokeBias", Time since last: 225900 ns, Reaching safepoint: 66400 ns, At safepoint: 486200 ns, Total: 552600 ns
[2020-05-02T07:11:31.508+0000][1][safepoint    ] Safepoint "RevokeBias", Time since last: 351700 ns, Reaching safepoint: 128000 ns, At safepoint: 45700 ns, Total: 173700 ns
[2020-05-02T07:11:31.509+0000][1][safepoint    ] Safepoint "RevokeBias", Time since last: 852600 ns, Reaching safepoint: 80200 ns, At safepoint: 62600 ns, Total: 142800 ns
[2020-05-02T07:11:31.509+0000][1][safepoint    ] Safepoint "RevokeBias", Time since last: 203400 ns, Reaching safepoint: 71300 ns, At safepoint: 64100 ns, Total: 135400 ns
[2020-05-02T07:11:31.510+0000][1][safepoint    ] Safepoint "RevokeBias", Time since last: 178400 ns, Reaching safepoint: 215300 ns, At safepoint: 91100 ns, Total: 306400 ns
[2020-05-02T07:11:32.511+0000][1][safepoint    ] Safepoint "Cleanup", Time since last: 1000574400 ns, Reaching safepoint: 133500 ns, At safepoint: 99200 ns, Total: 232700 ns
[2020-05-02T07:11:33.512+0000][1][safepoint    ] Safepoint "Cleanup", Time since last: 1000641200 ns, Reaching safepoint: 507900 ns, At safepoint: 378700 ns, Total: 886600 ns
[2020-05-02T07:11:34.514+0000][1][safepoint    ] Safepoint "Cleanup", Time since last: 1000582900 ns, Reaching safepoint: 445400 ns, At safepoint: 346500 ns, Total: 791900 ns
[2020-05-02T07:11:35.516+0000][1][safepoint    ] Safepoint "Cleanup", Time since last: 1000959200 ns, Reaching safepoint: 1180700 ns, At safepoint: 401800 ns, Total: 1582500 ns
[2020-05-02T07:11:36.518+0000][1][safepoint    ] Safepoint "Cleanup", Time since last: 1000838600 ns, Reaching safepoint: 713400 ns, At safepoint: 447700 ns, Total: 1161100 ns
[2020-05-02T07:11:37.519+0000][1][safepoint    ] Safepoint "Cleanup", Time since last: 1000692600 ns, Reaching safepoint: 211500 ns, At safepoint: 140800 ns, Total: 352300 ns
[2020-05-02T07:11:38.521+0000][1][safepoint    ] Safepoint "Cleanup", Time since last: 1000691500 ns, Reaching safepoint: 384900 ns, At safepoint: 196500 ns, Total: 581400 ns
[2020-05-02T07:11:39.484+0000][1][safepoint    ] Safepoint "RevokeBias", Time since last: 963224400 ns, Reaching safepoint: 252500 ns, At safepoint: 85400 ns, Total: 337900 ns
[2020-05-02T07:11:39.522+0000][1][safepoint    ] Safepoint "RevokeBias", Time since last: 37567800 ns, Reaching safepoint: 394000 ns, At safepoint: 99300 ns, Total: 493300 ns
[2020-05-02T07:11:39.528+0000][1][safepoint    ] Safepoint "BulkRevokeBias", Time since last: 2915300 ns, Reaching safepoint: 541500 ns, At safepoint: 2240900 ns, Total: 2782400 ns
[2020-05-02T07:11:39.529+0000][1][safepoint    ] Safepoint "RevokeBias", Time since last: 785200 ns, Reaching safepoint: 390200 ns, At safepoint: 170800 ns, Total: 561000 ns
[2020-05-02T07:11:39.530+0000][1][safepoint    ] Safepoint "RevokeBias", Time since last: 286900 ns, Reaching safepoint: 255600 ns, At safepoint: 143300 ns, Total: 398900 ns
[2020-05-02T07:11:39.536+0000][1][safepoint    ] Safepoint "RevokeBias", Time since last: 6161200 ns, Reaching safepoint: 234800 ns, At safepoint: 68100 ns, Total: 302900 ns
[2020-05-02T07:11:40.537+0000][1][safepoint    ] Safepoint "Cleanup", Time since last: 1000809100 ns, Reaching safepoint: 156900 ns, At safepoint: 66000 ns, Total: 222900 ns
[2020-05-02T07:11:41.538+0000][1][safepoint    ] Safepoint "Cleanup", Time since last: 1000585800 ns, Reaching safepoint: 134300 ns, At safepoint: 58400 ns, Total: 192700 ns
[2020-05-02T07:11:42.539+0000][1][safepoint    ] Safepoint "Cleanup", Time since last: 1000219100 ns, Reaching safepoint: 131900 ns, At safepoint: 52200 ns, Total: 184100 ns
[2020-05-02T07:11:43.539+0000][1][safepoint    ] Safepoint "Cleanup", Time since last: 1000397200 ns, Reaching safepoint: 134300 ns, At safepoint: 54700 ns, Total: 189000 ns
[2020-05-02T07:11:44.540+0000][1][safepoint    ] Safepoint "Cleanup", Time since last: 1000192700 ns, Reaching safepoint: 180500 ns, At safepoint: 77400 ns, Total: 257900 ns
[2020-05-02T07:11:45.540+0000][1][safepoint    ] Safepoint "Cleanup", Time since last: 1000253800 ns, Reaching safepoint: 171000 ns, At safepoint: 59900 ns, Total: 230900 ns
[2020-05-02T07:11:46.541+0000][1][safepoint    ] Safepoint "Cleanup", Time since last: 1000247900 ns, Reaching safepoint: 176500 ns, At safepoint: 70700 ns, Total: 247200 ns
[2020-05-02T07:11:47.541+0000][1][safepoint    ] Safepoint "Cleanup", Time since last: 1000205700 ns, Reaching safepoint: 136700 ns, At safepoint: 36300 ns, Total: 173000 ns
[2020-05-02T07:11:48.542+0000][1][safepoint    ] Safepoint "Cleanup", Time since last: 1000577600 ns, Reaching safepoint: 181200 ns, At safepoint: 82600 ns, Total: 263800 ns
[2020-05-02T07:11:49.543+0000][1][safepoint    ] Safepoint "Cleanup", Time since last: 1000302300 ns, Reaching safepoint: 321200 ns, At safepoint: 127000 ns, Total: 448200 ns
[2020-05-02T07:11:50.543+0000][1][safepoint    ] Safepoint "Cleanup", Time since last: 1000397900 ns, Reaching safepoint: 378600 ns, At safepoint: 145300 ns, Total: 523900 ns
[2020-05-02T07:11:51.545+0000][1][safepoint    ] Safepoint "Cleanup", Time since last: 1001124400 ns, Reaching safepoint: 444900 ns, At safepoint: 296100 ns, Total: 741000 ns
[2020-05-02T07:11:52.547+0000][1][safepoint    ] Safepoint "Cleanup", Time since last: 1000991300 ns, Reaching safepoint: 137400 ns, At safepoint: 60000 ns, Total: 197400 ns
[2020-05-02T07:11:53.548+0000][1][safepoint    ] Safepoint "Cleanup", Time since last: 1000873000 ns, Reaching safepoint: 445000 ns, At safepoint: 212900 ns, Total: 657900 ns
[2020-05-02T07:11:54.549+0000][1][safepoint    ] Safepoint "Cleanup", Time since last: 1000694900 ns, Reaching safepoint: 506700 ns, At safepoint: 201800 ns, Total: 708500 ns
[2020-05-02T07:11:55.551+0000][1][safepoint    ] Safepoint "Cleanup", Time since last: 1000712600 ns, Reaching safepoint: 577400 ns, At safepoint: 217600 ns, Total: 795000 ns
[2020-05-02T07:11:56.553+0000][1][safepoint    ] Safepoint "Cleanup", Time since last: 1000978500 ns, Reaching safepoint: 447800 ns, At safepoint: 216800 ns, Total: 664600 ns
[2020-05-02T07:11:57.555+0000][1][safepoint    ] Safepoint "Cleanup", Time since last: 1000813100 ns, Reaching safepoint: 864400 ns, At safepoint: 325000 ns, Total: 1189400 ns
[2020-05-02T07:11:58.556+0000][1][safepoint    ] Safepoint "Cleanup", Time since last: 1000565000 ns, Reaching safepoint: 338600 ns, At safepoint: 243400 ns, Total: 582000 ns
[2020-05-02T07:11:59.557+0000][1][safepoint    ] Safepoint "Cleanup", Time since last: 1000528200 ns, Reaching safepoint: 446700 ns, At safepoint: 309400 ns, Total: 756100 ns
[2020-05-02T07:12:00.558+0000][1][safepoint    ] Safepoint "Cleanup", Time since last: 1000446600 ns, Reaching safepoint: 137900 ns, At safepoint: 101700 ns, Total: 239600 ns
[2020-05-02T07:12:01.558+0000][1][safepoint    ] Safepoint "Cleanup", Time since last: 1000196600 ns, Reaching safepoint: 139800 ns, At safepoint: 77100 ns, Total: 216900 ns
[2020-05-02T07:12:02.559+0000][1][safepoint    ] Safepoint "Cleanup", Time since last: 1000416400 ns, Reaching safepoint: 234300 ns, At safepoint: 166200 ns, Total: 400500 ns
[2020-05-02T07:12:03.560+0000][1][safepoint    ] Safepoint "Cleanup", Time since last: 1000441000 ns, Reaching safepoint: 142500 ns, At safepoint: 71800 ns, Total: 214300 ns
[2020-05-02T07:12:04.561+0000][1][safepoint    ] Safepoint "Cleanup", Time since last: 1000472200 ns, Reaching safepoint: 413500 ns, At safepoint: 353800 ns, Total: 767300 ns
[2020-05-02T07:12:05.563+0000][1][safepoint    ] Safepoint "Cleanup", Time since last: 1000936600 ns, Reaching safepoint: 719400 ns, At safepoint: 503100 ns, Total: 1222500 ns
[2020-05-02T07:12:06.564+0000][1][safepoint    ] Safepoint "Cleanup", Time since last: 1000345800 ns, Reaching safepoint: 128300 ns, At safepoint: 34400 ns, Total: 162700 ns
[2020-05-02T07:12:07.564+0000][1][safepoint    ] Safepoint "Cleanup", Time since last: 1000325300 ns, Reaching safepoint: 187800 ns, At safepoint: 111500 ns, Total: 299300 ns
[2020-05-02T07:12:08.566+0000][1][safepoint    ] Safepoint "Cleanup", Time since last: 1000446300 ns, Reaching safepoint: 743500 ns, At safepoint: 570100 ns, Total: 1313600 ns
[2020-05-02T07:12:09.567+0000][1][safepoint    ] Safepoint "Cleanup", Time since last: 1000612600 ns, Reaching safepoint: 405100 ns, At safepoint: 215500 ns, Total: 620600 ns
[2020-05-02T07:12:10.568+0000][1][safepoint    ] Safepoint "Cleanup", Time since last: 1000859300 ns, Reaching safepoint: 185000 ns, At safepoint: 84800 ns, Total: 269800 ns
[2020-05-02T07:12:11.569+0000][1][safepoint    ] Safepoint "Cleanup", Time since last: 1000558900 ns, Reaching safepoint: 162800 ns, At safepoint: 67000 ns, Total: 229800 ns
[2020-05-02T07:12:12.570+0000][1][safepoint    ] Safepoint "Cleanup", Time since last: 1000698400 ns, Reaching safepoint: 150700 ns, At safepoint: 59000 ns, Total: 209700 ns
[2020-05-02T07:12:13.571+0000][1][safepoint    ] Safepoint "Cleanup", Time since last: 1000402600 ns, Reaching safepoint: 226000 ns, At safepoint: 114000 ns, Total: 340000 ns
[2020-05-02T07:12:15.240+0000][1][safepoint    ] Safepoint "Cleanup", Time since last: 1668687400 ns, Reaching safepoint: 221100 ns, At safepoint: 82700 ns, Total: 303800 ns
[2020-05-02T07:12:16.240+0000][1][safepoint    ] Safepoint "Cleanup", Time since last: 1000294000 ns, Reaching safepoint: 368500 ns, At safepoint: 73100 ns, Total: 441600 ns
[2020-05-02T07:12:17.241+0000][1][safepoint    ] Safepoint "Cleanup", Time since last: 1000637000 ns, Reaching safepoint: 171100 ns, At safepoint: 75800 ns, Total: 246900 ns
[2020-05-02T07:12:18.242+0000][1][safepoint    ] Safepoint "Cleanup", Time since last: 1000723500 ns, Reaching safepoint: 234800 ns, At safepoint: 110800 ns, Total: 345600 ns
[2020-05-02T07:12:18.337+0000][1][safepoint    ] Safepoint "RevokeBias", Time since last: 93955500 ns, Reaching safepoint: 539400 ns, At safepoint: 92400 ns, Total: 631800 ns
[2020-05-02T07:12:19.338+0000][1][safepoint    ] Safepoint "Cleanup", Time since last: 1000517700 ns, Reaching safepoint: 462600 ns, At safepoint: 217500 ns, Total: 680100 ns
[2020-05-02T07:12:20.339+0000][1][safepoint    ] Safepoint "Cleanup", Time since last: 1000947700 ns, Reaching safepoint: 222900 ns, At safepoint: 108300 ns, Total: 331200 ns
[2020-05-02T07:12:21.340+0000][1][safepoint    ] Safepoint "Cleanup", Time since last: 1000259000 ns, Reaching safepoint: 130100 ns, At safepoint: 60200 ns, Total: 190300 ns
[2020-05-02T07:12:22.340+0000][1][safepoint    ] Safepoint "Cleanup", Time since last: 1000323500 ns, Reaching safepoint: 128700 ns, At safepoint: 51500 ns, Total: 180200 ns
[2020-05-02T07:12:23.342+0000][1][safepoint    ] Safepoint "Cleanup", Time since last: 1000827200 ns, Reaching safepoint: 412500 ns, At safepoint: 209200 ns, Total: 621700 ns
[2020-05-02T07:12:24.343+0000][1][safepoint    ] Safepoint "Cleanup", Time since last: 1000694100 ns, Reaching safepoint: 191700 ns, At safepoint: 58000 ns, Total: 249700 ns
[2020-05-02T07:12:25.344+0000][1][safepoint    ] Safepoint "Cleanup", Time since last: 1000666200 ns, Reaching safepoint: 189200 ns, At safepoint: 86300 ns, Total: 275500 ns
[2020-05-02T07:12:26.345+0000][1][safepoint    ] Safepoint "Cleanup", Time since last: 1000595500 ns, Reaching safepoint: 128900 ns, At safepoint: 54200 ns, Total: 183100 ns
[2020-05-02T07:12:27.345+0000][1][safepoint    ] Safepoint "Cleanup", Time since last: 1000635600 ns, Reaching safepoint: 137100 ns, At safepoint: 57800 ns, Total: 194900 ns
[2020-05-02T07:12:28.347+0000][1][safepoint    ] Safepoint "Cleanup", Time since last: 1000504700 ns, Reaching safepoint: 508900 ns, At safepoint: 202800 ns, Total: 711700 ns
[2020-05-02T07:12:29.348+0000][1][safepoint    ] Safepoint "Cleanup", Time since last: 1000889700 ns, Reaching safepoint: 767000 ns, At safepoint: 233400 ns, Total: 1000400 ns
[2020-05-02T07:12:30.350+0000][1][safepoint    ] Safepoint "Cleanup", Time since last: 1000683800 ns, Reaching safepoint: 447900 ns, At safepoint: 209800 ns, Total: 657700 ns
[2020-05-02T07:12:31.351+0000][1][safepoint    ] Safepoint "Cleanup", Time since last: 1000713100 ns, Reaching safepoint: 454200 ns, At safepoint: 194300 ns, Total: 648500 ns
[2020-05-02T07:12:32.352+0000][1][safepoint    ] Safepoint "Cleanup", Time since last: 1000595200 ns, Reaching safepoint: 128700 ns, At safepoint: 44200 ns, Total: 172900 ns
[2020-05-02T07:12:33.353+0000][1][safepoint    ] Safepoint "Cleanup", Time since last: 1000821300 ns, Reaching safepoint: 449400 ns, At safepoint: 217700 ns, Total: 667100 ns
[2020-05-02T07:12:34.355+0000][1][safepoint    ] Safepoint "Cleanup", Time since last: 1000891600 ns, Reaching safepoint: 245800 ns, At safepoint: 116000 ns, Total: 361800 ns
[2020-05-02T07:12:35.356+0000][1][safepoint    ] Safepoint "Cleanup", Time since last: 1000699500 ns, Reaching safepoint: 304800 ns, At safepoint: 129600 ns, Total: 434400 ns
[2020-05-02T07:12:36.524+0000][1][safepoint    ] Safepoint "Cleanup", Time since last: 1166920700 ns, Reaching safepoint: 639100 ns, At safepoint: 201600 ns, Total: 840700 ns
[2020-05-02T07:12:37.525+0000][1][safepoint    ] Safepoint "Cleanup", Time since last: 1000867800 ns, Reaching safepoint: 169300 ns, At safepoint: 77700 ns, Total: 247000 ns
[2020-05-02T07:12:38.526+0000][1][safepoint    ] Safepoint "Cleanup", Time since last: 1000518200 ns, Reaching safepoint: 713300 ns, At safepoint: 170900 ns, Total: 884200 ns
[2020-05-02T07:12:39.527+0000][1][safepoint    ] Safepoint "Cleanup", Time since last: 1000694800 ns, Reaching safepoint: 501200 ns, At safepoint: 203200 ns, Total: 704400 ns
[2020-05-02T07:12:40.528+0000][1][safepoint    ] Safepoint "Cleanup", Time since last: 1000805900 ns, Reaching safepoint: 143000 ns, At safepoint: 65500 ns, Total: 208500 ns
[2020-05-02T07:12:41.530+0000][1][safepoint    ] Safepoint "Cleanup", Time since last: 1000488800 ns, Reaching safepoint: 851200 ns, At safepoint: 311500 ns, Total: 1162700 ns
[2020-05-02T07:12:42.531+0000][1][safepoint    ] Safepoint "Cleanup", Time since last: 1000437400 ns, Reaching safepoint: 137900 ns, At safepoint: 57700 ns, Total: 195600 ns
[2020-05-02T07:12:43.532+0000][1][safepoint    ] Safepoint "Cleanup", Time since last: 1000908800 ns, Reaching safepoint: 448400 ns, At safepoint: 216000 ns, Total: 664400 ns
[2020-05-02T07:12:44.533+0000][1][safepoint    ] Safepoint "Cleanup", Time since last: 1000696800 ns, Reaching safepoint: 220500 ns, At safepoint: 98500 ns, Total: 319000 ns
[2020-05-02T07:12:45.534+0000][1][safepoint    ] Safepoint "Cleanup", Time since last: 1000666900 ns, Reaching safepoint: 246400 ns, At safepoint: 116800 ns, Total: 363200 ns
[2020-05-02T07:12:46.535+0000][1][safepoint    ] Safepoint "Cleanup", Time since last: 1000443900 ns, Reaching safepoint: 283000 ns, At safepoint: 46800 ns, Total: 329800 ns
[2020-05-02T07:12:47.536+0000][1][safepoint    ] Safepoint "Cleanup", Time since last: 1000431600 ns, Reaching safepoint: 203700 ns, At safepoint: 55600 ns, Total: 259300 ns
[2020-05-02T07:12:48.537+0000][1][safepoint    ] Safepoint "Cleanup", Time since last: 1000312400 ns, Reaching safepoint: 443500 ns, At safepoint: 244200 ns, Total: 687700 ns
[2020-05-02T07:12:49.538+0000][1][safepoint    ] Safepoint "Cleanup", Time since last: 1000532800 ns, Reaching safepoint: 334200 ns, At safepoint: 158400 ns, Total: 492600 ns
[2020-05-02T07:12:50.539+0000][1][safepoint    ] Safepoint "Cleanup", Time since last: 1000612300 ns, Reaching safepoint: 448600 ns, At safepoint: 234900 ns, Total: 683500 ns
[2020-05-02T07:12:51.541+0000][1][safepoint    ] Safepoint "Cleanup", Time since last: 1000913200 ns, Reaching safepoint: 447800 ns, At safepoint: 217400 ns, Total: 665200 ns
[2020-05-02T07:12:52.542+0000][1][safepoint    ] Safepoint "Cleanup", Time since last: 1001072300 ns, Reaching safepoint: 447100 ns, At safepoint: 208100 ns, Total: 655200 ns
[2020-05-02T07:12:53.543+0000][1][safepoint    ] Safepoint "Cleanup", Time since last: 1000474600 ns, Reaching safepoint: 287800 ns, At safepoint: 98600 ns, Total: 386400 ns
[2020-05-02T07:12:54.544+0000][1][safepoint    ] Safepoint "Cleanup", Time since last: 1000649700 ns, Reaching safepoint: 259900 ns, At safepoint: 122700 ns, Total: 382600 ns
[2020-05-02T07:12:55.545+0000][1][safepoint    ] Safepoint "Cleanup", Time since last: 1000307200 ns, Reaching safepoint: 149500 ns, At safepoint: 59700 ns, Total: 209200 ns
[2020-05-02T07:12:56.546+0000][1][safepoint    ] Safepoint "Cleanup", Time since last: 1000772700 ns, Reaching safepoint: 458100 ns, At safepoint: 214300 ns, Total: 672400 ns
[2020-05-02T07:12:57.548+0000][1][safepoint    ] Safepoint "Cleanup", Time since last: 1000953900 ns, Reaching safepoint: 445000 ns, At safepoint: 217600 ns, Total: 662600 ns
[2020-05-02T07:12:58.549+0000][1][safepoint    ] Safepoint "Cleanup", Time since last: 1000707500 ns, Reaching safepoint: 445500 ns, At safepoint: 209600 ns, Total: 655100 ns
[2020-05-02T07:12:59.550+0000][1][safepoint    ] Safepoint "Cleanup", Time since last: 1000516300 ns, Reaching safepoint: 261700 ns, At safepoint: 97600 ns, Total: 359300 ns
[2020-05-02T07:13:00.551+0000][1][safepoint    ] Safepoint "Cleanup", Time since last: 1000305000 ns, Reaching safepoint: 124700 ns, At safepoint: 36100 ns, Total: 160800 ns
[2020-05-02T07:13:01.551+0000][1][safepoint    ] Safepoint "Cleanup", Time since last: 1000226600 ns, Reaching safepoint: 224800 ns, At safepoint: 74100 ns, Total: 298900 ns
[2020-05-02T07:13:02.552+0000][1][safepoint    ] Safepoint "Cleanup", Time since last: 1000625400 ns, Reaching safepoint: 134200 ns, At safepoint: 57400 ns, Total: 191600 ns
[2020-05-02T07:13:03.553+0000][1][safepoint    ] Safepoint "Cleanup", Time since last: 1000465900 ns, Reaching safepoint: 291500 ns, At safepoint: 122500 ns, Total: 414000 ns
[2020-05-02T07:13:04.554+0000][1][safepoint    ] Safepoint "Cleanup", Time since last: 1000652000 ns, Reaching safepoint: 385200 ns, At safepoint: 186800 ns, Total: 572000 ns
[2020-05-02T07:13:05.555+0000][1][safepoint    ] Safepoint "Cleanup", Time since last: 1000862700 ns, Reaching safepoint: 134200 ns, At safepoint: 55600 ns, Total: 189800 ns
[2020-05-02T07:13:06.556+0000][1][safepoint    ] Safepoint "Cleanup", Time since last: 1000436100 ns, Reaching safepoint: 135800 ns, At safepoint: 49300 ns, Total: 185100 ns
[2020-05-02T07:13:07.556+0000][1][safepoint    ] Safepoint "Cleanup", Time since last: 1000470300 ns, Reaching safepoint: 161000 ns, At safepoint: 73100 ns, Total: 234100 ns
[2020-05-02T07:13:08.558+0000][1][safepoint    ] Safepoint "Cleanup", Time since last: 1000791800 ns, Reaching safepoint: 445900 ns, At safepoint: 225000 ns, Total: 670900 ns
[2020-05-02T07:13:09.559+0000][1][safepoint    ] Safepoint "Cleanup", Time since last: 1000520200 ns, Reaching safepoint: 128000 ns, At safepoint: 53600 ns, Total: 181600 ns
[2020-05-02T07:13:10.559+0000][1][safepoint    ] Safepoint "Cleanup", Time since last: 1000233100 ns, Reaching safepoint: 163900 ns, At safepoint: 71600 ns, Total: 235500 ns
[2020-05-02T07:13:11.560+0000][1][safepoint    ] Safepoint "Cleanup", Time since last: 1000441500 ns, Reaching safepoint: 146000 ns, At safepoint: 51700 ns, Total: 197700 ns
[2020-05-02T07:13:12.561+0000][1][safepoint    ] Safepoint "Cleanup", Time since last: 1000648600 ns, Reaching safepoint: 415100 ns, At safepoint: 203000 ns, Total: 618100 ns
[2020-05-02T07:13:13.562+0000][1][safepoint    ] Safepoint "Cleanup", Time since last: 1000853300 ns, Reaching safepoint: 232000 ns, At safepoint: 113600 ns, Total: 345600 ns
[2020-05-02T07:13:14.098+0000][1][gc,start     ] GC(67) Pause Young (Allocation Failure)
[2020-05-02T07:13:14.098+0000][1][gc,task      ] GC(67) Using 10 workers of 10 for evacuation
[2020-05-02T07:13:14.107+0000][1][gc,age       ] GC(67) Desired survivor size 8945664 bytes, new threshold 6 (max threshold 6)
[2020-05-02T07:13:14.108+0000][1][gc,age       ] GC(67) Age table with threshold 6 (max threshold 6)
[2020-05-02T07:13:14.108+0000][1][gc,age       ] GC(67) - age   1:     745672 bytes,     745672 total
[2020-05-02T07:13:14.108+0000][1][gc,age       ] GC(67) - age   2:      52768 bytes,     798440 total
[2020-05-02T07:13:14.108+0000][1][gc,age       ] GC(67) - age   3:        800 bytes,     799240 total
[2020-05-02T07:13:14.108+0000][1][gc,age       ] GC(67) - age   4:       9160 bytes,     808400 total
[2020-05-02T07:13:14.108+0000][1][gc,age       ] GC(67) - age   5:     129152 bytes,     937552 total
[2020-05-02T07:13:14.108+0000][1][gc,age       ] GC(67) - age   6:      50152 bytes,     987704 total
[2020-05-02T07:13:14.108+0000][1][gc,heap      ] GC(67) ParNew: 140739K->1167K(157248K)
[2020-05-02T07:13:14.108+0000][1][gc,heap      ] GC(67) CMS: 82771K->82780K(349568K)
[2020-05-02T07:13:14.108+0000][1][gc,metaspace ] GC(67) Metaspace: 97856K->97856K(1140736K)
[2020-05-02T07:13:14.108+0000][1][gc           ] GC(67) Pause Young (Allocation Failure) 218M->81M(494M) 9.812ms
[2020-05-02T07:13:14.108+0000][1][gc,cpu       ] GC(67) User=0.03s Sys=0.01s Real=0.01s
[2020-05-02T07:13:14.108+0000][1][safepoint    ] Safepoint "GenCollectForAllocation", Time since last: 535204700 ns, Reaching safepoint: 589600 ns, At safepoint: 10025800 ns, Total: 10615400 ns
[2020-05-02T07:13:15.109+0000][1][safepoint    ] Safepoint "Cleanup", Time since last: 1000776400 ns, Reaching safepoint: 438400 ns, At safepoint: 209800 ns, Total: 648200 ns
[2020-05-02T07:13:16.110+0000][1][safepoint    ] Safepoint "Cleanup", Time since last: 1000547900 ns, Reaching safepoint: 131100 ns, At safepoint: 58900 ns, Total: 190000 ns
[2020-05-02T07:13:17.112+0000][1][safepoint    ] Safepoint "Cleanup", Time since last: 1000846500 ns, Reaching safepoint: 534500 ns, At safepoint: 213700 ns, Total: 748200 ns
[2020-05-02T07:13:18.113+0000][1][safepoint    ] Safepoint "Cleanup", Time since last: 1000843400 ns, Reaching safepoint: 504600 ns, At safepoint: 257300 ns, Total: 761900 ns
[2020-05-02T07:13:19.115+0000][1][safepoint    ] Safepoint "Cleanup", Time since last: 1000786900 ns, Reaching safepoint: 505100 ns, At safepoint: 199600 ns, Total: 704700 ns
[2020-05-02T07:13:20.116+0000][1][safepoint    ] Safepoint "Cleanup", Time since last: 1000731300 ns, Reaching safepoint: 138500 ns, At safepoint: 54500 ns, Total: 193000 ns
[2020-05-02T07:13:21.117+0000][1][safepoint    ] Safepoint "Cleanup", Time since last: 1000661000 ns, Reaching safepoint: 497100 ns, At safepoint: 179500 ns, Total: 676600 ns
[2020-05-02T07:13:22.119+0000][1][safepoint    ] Safepoint "Cleanup", Time since last: 1000916800 ns, Reaching safepoint: 411900 ns, At safepoint: 283600 ns, Total: 695500 ns
[2020-05-02T07:13:23.120+0000][1][safepoint    ] Safepoint "Cleanup", Time since last: 1000839800 ns, Reaching safepoint: 469600 ns, At safepoint: 200900 ns, Total: 670500 ns
[2020-05-02T07:13:24.122+0000][1][safepoint    ] Safepoint "Cleanup", Time since last: 1000655500 ns, Reaching safepoint: 508600 ns, At safepoint: 270800 ns, Total: 779400 ns
[2020-05-02T07:13:25.122+0000][1][safepoint    ] Safepoint "Cleanup", Time since last: 1000458900 ns, Reaching safepoint: 135900 ns, At safepoint: 81200 ns, Total: 217100 ns
[2020-05-02T07:13:26.123+0000][1][safepoint    ] Safepoint "Cleanup", Time since last: 1000643400 ns, Reaching safepoint: 199400 ns, At safepoint: 93200 ns, Total: 292600 ns
[2020-05-02T07:13:27.124+0000][1][safepoint    ] Safepoint "Cleanup", Time since last: 1000470700 ns, Reaching safepoint: 448100 ns, At safepoint: 195500 ns, Total: 643600 ns
[2020-05-02T07:13:28.125+0000][1][safepoint    ] Safepoint "Cleanup", Time since last: 1000477600 ns, Reaching safepoint: 144700 ns, At safepoint: 49900 ns, Total: 194600 ns
[2020-05-02T07:13:29.126+0000][1][safepoint    ] Safepoint "Cleanup", Time since last: 1000484000 ns, Reaching safepoint: 447000 ns, At safepoint: 212100 ns, Total: 659100 ns
[2020-05-02T07:13:30.127+0000][1][safepoint    ] Safepoint "Cleanup", Time since last: 1000579000 ns, Reaching safepoint: 382900 ns, At safepoint: 149700 ns, Total: 532600 ns
[2020-05-02T07:13:31.128+0000][1][safepoint    ] Safepoint "Cleanup", Time since last: 1000546800 ns, Reaching safepoint: 247100 ns, At safepoint: 121000 ns, Total: 368100 ns
[2020-05-02T07:13:32.129+0000][1][safepoint    ] Safepoint "Cleanup", Time since last: 1000404200 ns, Reaching safepoint: 259300 ns, At safepoint: 125200 ns, Total: 384500 ns
[2020-05-02T07:13:33.130+0000][1][safepoint    ] Safepoint "Cleanup", Time since last: 1000539400 ns, Reaching safepoint: 440100 ns, At safepoint: 223100 ns, Total: 663200 ns
[2020-05-02T07:13:34.131+0000][1][safepoint    ] Safepoint "Cleanup", Time since last: 1000531400 ns, Reaching safepoint: 305900 ns, At safepoint: 147600 ns, Total: 453500 ns
[2020-05-02T07:13:35.132+0000][1][safepoint    ] Safepoint "Cleanup", Time since last: 1000490100 ns, Reaching safepoint: 125200 ns, At safepoint: 51300 ns, Total: 176500 ns
[2020-05-02T07:13:36.133+0000][1][safepoint    ] Safepoint "Cleanup", Time since last: 1000352900 ns, Reaching safepoint: 370700 ns, At safepoint: 170200 ns, Total: 540900 ns
[2020-05-02T07:13:37.134+0000][1][safepoint    ] Safepoint "Cleanup", Time since last: 1000949700 ns, Reaching safepoint: 439600 ns, At safepoint: 275700 ns, Total: 715300 ns
[2020-05-02T07:13:38.136+0000][1][safepoint    ] Safepoint "Cleanup", Time since last: 1001098200 ns, Reaching safepoint: 404600 ns, At safepoint: 192000 ns, Total: 596600 ns
[2020-05-02T07:13:39.138+0000][1][safepoint    ] Safepoint "Cleanup", Time since last: 1000951300 ns, Reaching safepoint: 685200 ns, At safepoint: 171700 ns, Total: 856900 ns
[2020-05-02T07:13:40.139+0000][1][safepoint    ] Safepoint "Cleanup", Time since last: 1000782000 ns, Reaching safepoint: 188000 ns, At safepoint: 112500 ns, Total: 300500 ns
[2020-05-02T07:13:41.141+0000][1][safepoint    ] Safepoint "Cleanup", Time since last: 1000821100 ns, Reaching safepoint: 409300 ns, At safepoint: 206500 ns, Total: 615800 ns
[2020-05-02T07:13:42.142+0000][1][safepoint    ] Safepoint "Cleanup", Time since last: 1000957800 ns, Reaching safepoint: 410200 ns, At safepoint: 206800 ns, Total: 617000 ns
[2020-05-02T07:13:43.143+0000][1][safepoint    ] Safepoint "Cleanup", Time since last: 1000450100 ns, Reaching safepoint: 159800 ns, At safepoint: 49200 ns, Total: 209000 ns
[2020-05-02T07:13:44.144+0000][1][safepoint    ] Safepoint "Cleanup", Time since last: 1000355000 ns, Reaching safepoint: 336800 ns, At safepoint: 129900 ns, Total: 466700 ns
[2020-05-02T07:13:45.145+0000][1][safepoint    ] Safepoint "Cleanup", Time since last: 1000760800 ns, Reaching safepoint: 154400 ns, At safepoint: 65400 ns, Total: 219800 ns
[2020-05-02T07:13:46.146+0000][1][safepoint    ] Safepoint "Cleanup", Time since last: 1000456600 ns, Reaching safepoint: 716900 ns, At safepoint: 192700 ns, Total: 909600 ns
[2020-05-02T07:13:47.147+0000][1][safepoint    ] Safepoint "Cleanup", Time since last: 1000784600 ns, Reaching safepoint: 409600 ns, At safepoint: 197600 ns, Total: 607200 ns
[2020-05-02T07:13:48.149+0000][1][safepoint    ] Safepoint "Cleanup", Time since last: 1000927000 ns, Reaching safepoint: 409500 ns, At safepoint: 206500 ns, Total: 616000 ns
[2020-05-02T07:13:49.149+0000][1][safepoint    ] Safepoint "Cleanup", Time since last: 1000437200 ns, Reaching safepoint: 151400 ns, At safepoint: 54900 ns, Total: 206300 ns
[2020-05-02T07:13:50.150+0000][1][safepoint    ] Safepoint "Cleanup", Time since last: 1000215300 ns, Reaching safepoint: 151500 ns, At safepoint: 147100 ns, Total: 298600 ns
[2020-05-02T07:13:51.150+0000][1][safepoint    ] Safepoint "Cleanup", Time since last: 1000205100 ns, Reaching safepoint: 134300 ns, At safepoint: 50300 ns, Total: 184600 ns
[2020-05-02T07:13:52.151+0000][1][safepoint    ] Safepoint "Cleanup", Time since last: 1000434700 ns, Reaching safepoint: 287300 ns, At safepoint: 140200 ns, Total: 427500 ns
[2020-05-02T07:13:53.152+0000][1][safepoint    ] Safepoint "Cleanup", Time since last: 1000559100 ns, Reaching safepoint: 441000 ns, At safepoint: 205100 ns, Total: 646100 ns
[2020-05-02T07:13:54.154+0000][1][safepoint    ] Safepoint "Cleanup", Time since last: 1001024200 ns, Reaching safepoint: 440400 ns, At safepoint: 209100 ns, Total: 649500 ns
[2020-05-02T07:13:55.155+0000][1][safepoint    ] Safepoint "Cleanup", Time since last: 1000767500 ns, Reaching safepoint: 164900 ns, At safepoint: 74900 ns, Total: 239800 ns
[2020-05-02T07:13:56.156+0000][1][safepoint    ] Safepoint "Cleanup", Time since last: 1000673300 ns, Reaching safepoint: 173100 ns, At safepoint: 55200 ns, Total: 228300 ns
[2020-05-02T07:13:57.157+0000][1][safepoint    ] Safepoint "Cleanup", Time since last: 1000425500 ns, Reaching safepoint: 178800 ns, At safepoint: 81700 ns, Total: 260500 ns
[2020-05-02T07:13:58.158+0000][1][safepoint    ] Safepoint "Cleanup", Time since last: 1000681400 ns, Reaching safepoint: 284500 ns, At safepoint: 132100 ns, Total: 416600 ns
[2020-05-02T07:13:59.159+0000][1][safepoint    ] Safepoint "Cleanup", Time since last: 1000623000 ns, Reaching safepoint: 365700 ns, At safepoint: 254700 ns, Total: 620400 ns
[2020-05-02T07:14:00.160+0000][1][safepoint    ] Safepoint "Cleanup", Time since last: 1000376300 ns, Reaching safepoint: 184700 ns, At safepoint: 66800 ns, Total: 251500 ns
[2020-05-02T07:14:01.161+0000][1][safepoint    ] Safepoint "Cleanup", Time since last: 1000614400 ns, Reaching safepoint: 270800 ns, At safepoint: 123200 ns, Total: 394000 ns
[2020-05-02T07:14:02.162+0000][1][safepoint    ] Safepoint "Cleanup", Time since last: 1000687300 ns, Reaching safepoint: 159400 ns, At safepoint: 93900 ns, Total: 253300 ns
[2020-05-02T07:14:03.162+0000][1][safepoint    ] Safepoint "Cleanup", Time since last: 1000272700 ns, Reaching safepoint: 140300 ns, At safepoint: 56000 ns, Total: 196300 ns
[2020-05-02T07:14:04.163+0000][1][safepoint    ] Safepoint "Cleanup", Time since last: 1000502200 ns, Reaching safepoint: 659900 ns, At safepoint: 200800 ns, Total: 860700 ns
[2020-05-02T07:14:05.164+0000][1][safepoint    ] Safepoint "Cleanup", Time since last: 1000597400 ns, Reaching safepoint: 130300 ns, At safepoint: 58500 ns, Total: 188800 ns
[2020-05-02T07:14:06.166+0000][1][safepoint    ] Safepoint "Cleanup", Time since last: 1000855800 ns, Reaching safepoint: 495900 ns, At safepoint: 184400 ns, Total: 680300 ns
[2020-05-02T07:14:07.167+0000][1][safepoint    ] Safepoint "Cleanup", Time since last: 1000915600 ns, Reaching safepoint: 241000 ns, At safepoint: 107300 ns, Total: 348300 ns
[2020-05-02T07:14:08.168+0000][1][safepoint    ] Safepoint "Cleanup", Time since last: 1000446100 ns, Reaching safepoint: 133400 ns, At safepoint: 52400 ns, Total: 185800 ns
[2020-05-02T07:14:09.168+0000][1][safepoint    ] Safepoint "Cleanup", Time since last: 1000164200 ns, Reaching safepoint: 139400 ns, At safepoint: 41500 ns, Total: 180900 ns
[2020-05-02T07:14:10.169+0000][1][safepoint    ] Safepoint "Cleanup", Time since last: 1000618600 ns, Reaching safepoint: 145100 ns, At safepoint: 78200 ns, Total: 223300 ns
[2020-05-02T07:14:11.170+0000][1][safepoint    ] Safepoint "Cleanup", Time since last: 1000775000 ns, Reaching safepoint: 440800 ns, At safepoint: 207700 ns, Total: 648500 ns
[2020-05-02T07:14:12.171+0000][1][safepoint    ] Safepoint "Cleanup", Time since last: 1000635700 ns, Reaching safepoint: 190200 ns, At safepoint: 87800 ns, Total: 278000 ns
[2020-05-02T07:14:13.173+0000][1][safepoint    ] Safepoint "Cleanup", Time since last: 1000947500 ns, Reaching safepoint: 413100 ns, At safepoint: 206800 ns, Total: 619900 ns
[2020-05-02T07:14:14.174+0000][1][safepoint    ] Safepoint "Cleanup", Time since last: 1000525000 ns, Reaching safepoint: 201800 ns, At safepoint: 81000 ns, Total: 282800 ns
[2020-05-02T07:14:15.175+0000][1][safepoint    ] Safepoint "Cleanup", Time since last: 1000739200 ns, Reaching safepoint: 253000 ns, At safepoint: 126100 ns, Total: 379100 ns
[2020-05-02T07:14:16.176+0000][1][safepoint    ] Safepoint "Cleanup", Time since last: 1000808100 ns, Reaching safepoint: 380700 ns, At safepoint: 187400 ns, Total: 568100 ns
[2020-05-02T07:14:17.177+0000][1][safepoint    ] Safepoint "Cleanup", Time since last: 1000370000 ns, Reaching safepoint: 123300 ns, At safepoint: 51400 ns, Total: 174700 ns
[2020-05-02T07:14:18.178+0000][1][safepoint    ] Safepoint "Cleanup", Time since last: 1000884800 ns, Reaching safepoint: 438700 ns, At safepoint: 219200 ns, Total: 657900 ns
[2020-05-02T07:14:19.180+0000][1][safepoint    ] Safepoint "Cleanup", Time since last: 1001022900 ns, Reaching safepoint: 352600 ns, At safepoint: 171900 ns, Total: 524500 ns
[2020-05-02T07:14:20.181+0000][1][safepoint    ] Safepoint "Cleanup", Time since last: 1000764300 ns, Reaching safepoint: 124900 ns, At safepoint: 52900 ns, Total: 177800 ns
[2020-05-02T07:14:21.182+0000][1][safepoint    ] Safepoint "Cleanup", Time since last: 1000673600 ns, Reaching safepoint: 408700 ns, At safepoint: 247600 ns, Total: 656300 ns
[2020-05-02T07:14:22.184+0000][1][safepoint    ] Safepoint "Cleanup", Time since last: 1001053400 ns, Reaching safepoint: 409600 ns, At safepoint: 204400 ns, Total: 614000 ns
[2020-05-02T07:14:23.185+0000][1][safepoint    ] Safepoint "Cleanup", Time since last: 1001118900 ns, Reaching safepoint: 409700 ns, At safepoint: 207000 ns, Total: 616700 ns
[2020-05-02T07:14:24.187+0000][1][safepoint    ] Safepoint "Cleanup", Time since last: 1001114900 ns, Reaching safepoint: 439200 ns, At safepoint: 220600 ns, Total: 659800 ns
[2020-05-02T07:14:25.188+0000][1][safepoint    ] Safepoint "Cleanup", Time since last: 1000769000 ns, Reaching safepoint: 352000 ns, At safepoint: 172200 ns, Total: 524200 ns
[2020-05-02T07:14:26.190+0000][1][safepoint    ] Safepoint "Cleanup", Time since last: 1000829500 ns, Reaching safepoint: 471400 ns, At safepoint: 231200 ns, Total: 702600 ns
[2020-05-02T07:14:27.314+0000][1][safepoint    ] Safepoint "Cleanup", Time since last: 1123490500 ns, Reaching safepoint: 420800 ns, At safepoint: 204500 ns, Total: 625300 ns
[2020-05-02T07:14:28.315+0000][1][safepoint    ] Safepoint "Cleanup", Time since last: 1000738000 ns, Reaching safepoint: 199100 ns, At safepoint: 66900 ns, Total: 266000 ns
[2020-05-02T07:14:29.316+0000][1][safepoint    ] Safepoint "Cleanup", Time since last: 1000563000 ns, Reaching safepoint: 424300 ns, At safepoint: 201600 ns, Total: 625900 ns
[2020-05-02T07:14:30.317+0000][1][safepoint    ] Safepoint "Cleanup", Time since last: 1000660800 ns, Reaching safepoint: 190000 ns, At safepoint: 76900 ns, Total: 266900 ns
[2020-05-02T07:14:31.318+0000][1][safepoint    ] Safepoint "Cleanup", Time since last: 1000609000 ns, Reaching safepoint: 137400 ns, At safepoint: 56900 ns, Total: 194300 ns
[2020-05-02T07:14:32.319+0000][1][safepoint    ] Safepoint "Cleanup", Time since last: 1000738900 ns, Reaching safepoint: 150300 ns, At safepoint: 65900 ns, Total: 216200 ns
[2020-05-02T07:14:33.319+0000][1][safepoint    ] Safepoint "Cleanup", Time since last: 1000250000 ns, Reaching safepoint: 130200 ns, At safepoint: 72200 ns, Total: 202400 ns
[2020-05-02T07:14:34.320+0000][1][safepoint    ] Safepoint "Cleanup", Time since last: 1000196700 ns, Reaching safepoint: 125500 ns, At safepoint: 49100 ns, Total: 174600 ns
[2020-05-02T07:14:35.320+0000][1][safepoint    ] Safepoint "Cleanup", Time since last: 1000334300 ns, Reaching safepoint: 138000 ns, At safepoint: 51300 ns, Total: 189300 ns
[2020-05-02T07:14:36.321+0000][1][safepoint    ] Safepoint "Cleanup", Time since last: 1000183800 ns, Reaching safepoint: 174600 ns, At safepoint: 55700 ns, Total: 230300 ns
[2020-05-02T07:14:37.322+0000][1][safepoint    ] Safepoint "Cleanup", Time since last: 1000520600 ns, Reaching safepoint: 452800 ns, At safepoint: 205600 ns, Total: 658400 ns
[2020-05-02T07:14:38.323+0000][1][safepoint    ] Safepoint "Cleanup", Time since last: 1000569000 ns, Reaching safepoint: 528000 ns, At safepoint: 204700 ns, Total: 732700 ns
[2020-05-02T07:14:39.325+0000][1][safepoint    ] Safepoint "Cleanup", Time since last: 1000669700 ns, Reaching safepoint: 509600 ns, At safepoint: 200200 ns, Total: 709800 ns
[2020-05-02T07:14:40.326+0000][1][safepoint    ] Safepoint "Cleanup", Time since last: 1000758500 ns, Reaching safepoint: 482100 ns, At safepoint: 202900 ns, Total: 685000 ns
[2020-05-02T07:14:41.327+0000][1][safepoint    ] Safepoint "Cleanup", Time since last: 1000772400 ns, Reaching safepoint: 149500 ns, At safepoint: 64800 ns, Total: 214300 ns
[2020-05-02T07:14:42.328+0000][1][safepoint    ] Safepoint "Cleanup", Time since last: 1000410800 ns, Reaching safepoint: 482200 ns, At safepoint: 194500 ns, Total: 676700 ns
[2020-05-02T07:14:43.329+0000][1][safepoint    ] Safepoint "Cleanup", Time since last: 1000866500 ns, Reaching safepoint: 130900 ns, At safepoint: 55000 ns, Total: 185900 ns
[2020-05-02T07:14:44.330+0000][1][safepoint    ] Safepoint "Cleanup", Time since last: 1000338500 ns, Reaching safepoint: 256500 ns, At safepoint: 144300 ns, Total: 400800 ns
[2020-05-02T07:14:45.330+0000][1][safepoint    ] Safepoint "Cleanup", Time since last: 1000299800 ns, Reaching safepoint: 132400 ns, At safepoint: 66900 ns, Total: 199300 ns
[2020-05-02T07:14:46.332+0000][1][safepoint    ] Safepoint "Cleanup", Time since last: 1000611200 ns, Reaching safepoint: 333600 ns, At safepoint: 162300 ns, Total: 495900 ns
[2020-05-02T07:14:47.332+0000][1][safepoint    ] Safepoint "Cleanup", Time since last: 1000286100 ns, Reaching safepoint: 131900 ns, At safepoint: 47200 ns, Total: 179100 ns
[2020-05-02T07:14:48.332+0000][1][safepoint    ] Safepoint "Cleanup", Time since last: 1000202800 ns, Reaching safepoint: 135200 ns, At safepoint: 68200 ns, Total: 203400 ns
[2020-05-02T07:14:49.333+0000][1][safepoint    ] Safepoint "Cleanup", Time since last: 1000172700 ns, Reaching safepoint: 131300 ns, At safepoint: 61600 ns, Total: 192900 ns
[2020-05-02T07:14:50.333+0000][1][safepoint    ] Safepoint "Cleanup", Time since last: 1000346900 ns, Reaching safepoint: 206800 ns, At safepoint: 82200 ns, Total: 289000 ns
[2020-05-02T07:14:51.334+0000][1][safepoint    ] Safepoint "Cleanup", Time since last: 1000667300 ns, Reaching safepoint: 218100 ns, At safepoint: 90400 ns, Total: 308500 ns
[2020-05-02T07:14:52.335+0000][1][safepoint    ] Safepoint "Cleanup", Time since last: 1000334400 ns, Reaching safepoint: 209400 ns, At safepoint: 135900 ns, Total: 345300 ns
[2020-05-02T07:14:53.336+0000][1][safepoint    ] Safepoint "Cleanup", Time since last: 1000534700 ns, Reaching safepoint: 497900 ns, At safepoint: 205600 ns, Total: 703500 ns
[2020-05-02T07:14:54.337+0000][1][safepoint    ] Safepoint "Cleanup", Time since last: 1000509000 ns, Reaching safepoint: 212600 ns, At safepoint: 96000 ns, Total: 308600 ns
[2020-05-02T07:14:55.339+0000][1][safepoint    ] Safepoint "Cleanup", Time since last: 1000929400 ns, Reaching safepoint: 327600 ns, At safepoint: 153600 ns, Total: 481200 ns
[2020-05-02T07:14:57.325+0000][1][safepoint    ] Safepoint "Cleanup", Time since last: 1985645700 ns, Reaching safepoint: 308600 ns, At safepoint: 155700 ns, Total: 464300 ns
[2020-05-02T07:14:58.325+0000][1][safepoint    ] Safepoint "Cleanup", Time since last: 1000319600 ns, Reaching safepoint: 128900 ns, At safepoint: 51500 ns, Total: 180400 ns
[2020-05-02T07:14:59.326+0000][1][safepoint    ] Safepoint "Cleanup", Time since last: 1000657800 ns, Reaching safepoint: 515000 ns, At safepoint: 168400 ns, Total: 683400 ns
[2020-05-02T07:15:00.327+0000][1][safepoint    ] Safepoint "Cleanup", Time since last: 1000366500 ns, Reaching safepoint: 131600 ns, At safepoint: 50600 ns, Total: 182200 ns
[2020-05-02T07:15:01.327+0000][1][safepoint    ] Safepoint "Cleanup", Time since last: 1000286500 ns, Reaching safepoint: 133000 ns, At safepoint: 55800 ns, Total: 188800 ns
[2020-05-02T07:15:02.329+0000][1][safepoint    ] Safepoint "Cleanup", Time since last: 1000751300 ns, Reaching safepoint: 411200 ns, At safepoint: 204500 ns, Total: 615700 ns
[2020-05-02T07:15:03.330+0000][1][safepoint    ] Safepoint "Cleanup", Time since last: 1000716100 ns, Reaching safepoint: 136800 ns, At safepoint: 57800 ns, Total: 194600 ns
[2020-05-02T07:15:04.331+0000][1][safepoint    ] Safepoint "Cleanup", Time since last: 1000487300 ns, Reaching safepoint: 440700 ns, At safepoint: 206000 ns, Total: 646700 ns
[2020-05-02T07:15:05.332+0000][1][safepoint    ] Safepoint "Cleanup", Time since last: 1000884100 ns, Reaching safepoint: 374200 ns, At safepoint: 154500 ns, Total: 528700 ns
[2020-05-02T07:15:06.333+0000][1][safepoint    ] Safepoint "Cleanup", Time since last: 1000653800 ns, Reaching safepoint: 159500 ns, At safepoint: 73500 ns, Total: 233000 ns
[2020-05-02T07:15:07.334+0000][1][safepoint    ] Safepoint "Cleanup", Time since last: 1000453300 ns, Reaching safepoint: 340500 ns, At safepoint: 180200 ns, Total: 520700 ns
[2020-05-02T07:15:08.335+0000][1][safepoint    ] Safepoint "Cleanup", Time since last: 1000337700 ns, Reaching safepoint: 157400 ns, At safepoint: 63700 ns, Total: 221100 ns
[2020-05-02T07:15:09.336+0000][1][safepoint    ] Safepoint "Cleanup", Time since last: 1000364800 ns, Reaching safepoint: 444100 ns, At safepoint: 41100 ns, Total: 485200 ns
[2020-05-02T07:15:10.337+0000][1][safepoint    ] Safepoint "Cleanup", Time since last: 1000727700 ns, Reaching safepoint: 181100 ns, At safepoint: 67800 ns, Total: 248900 ns
[2020-05-02T07:15:11.337+0000][1][safepoint    ] Safepoint "Cleanup", Time since last: 1000518500 ns, Reaching safepoint: 256600 ns, At safepoint: 122100 ns, Total: 378700 ns
[2020-05-02T07:15:12.339+0000][1][safepoint    ] Safepoint "Cleanup", Time since last: 1000749200 ns, Reaching safepoint: 440500 ns, At safepoint: 283700 ns, Total: 724200 ns
[2020-05-02T07:15:13.340+0000][1][safepoint    ] Safepoint "Cleanup", Time since last: 1000449000 ns, Reaching safepoint: 141600 ns, At safepoint: 65100 ns, Total: 206700 ns
[2020-05-02T07:15:14.340+0000][1][safepoint    ] Safepoint "Cleanup", Time since last: 1000198600 ns, Reaching safepoint: 191400 ns, At safepoint: 42800 ns, Total: 234200 ns
[2020-05-02T07:15:15.341+0000][1][safepoint    ] Safepoint "Cleanup", Time since last: 1000439700 ns, Reaching safepoint: 404000 ns, At safepoint: 213200 ns, Total: 617200 ns
[2020-05-02T07:15:16.342+0000][1][safepoint    ] Safepoint "Cleanup", Time since last: 1000640700 ns, Reaching safepoint: 359600 ns, At safepoint: 151100 ns, Total: 510700 ns
[2020-05-02T07:15:17.343+0000][1][safepoint    ] Safepoint "Cleanup", Time since last: 1000671800 ns, Reaching safepoint: 250800 ns, At safepoint: 123000 ns, Total: 373800 ns
[2020-05-02T07:15:19.322+0000][1][safepoint    ] Safepoint "Cleanup", Time since last: 1978665700 ns, Reaching safepoint: 351500 ns, At safepoint: 167400 ns, Total: 518900 ns
[2020-05-02T07:15:20.324+0000][1][safepoint    ] Safepoint "Cleanup", Time since last: 1000729800 ns, Reaching safepoint: 304900 ns, At safepoint: 138900 ns, Total: 443800 ns
[2020-05-02T07:15:21.325+0000][1][safepoint    ] Safepoint "Cleanup", Time since last: 1000615600 ns, Reaching safepoint: 440700 ns, At safepoint: 205200 ns, Total: 645900 ns
[2020-05-02T07:15:22.326+0000][1][safepoint    ] Safepoint "Cleanup", Time since last: 1000766300 ns, Reaching safepoint: 340500 ns, At safepoint: 168900 ns, Total: 509400 ns
[2020-05-02T07:15:23.328+0000][1][safepoint    ] Safepoint "Cleanup", Time since last: 1001018800 ns, Reaching safepoint: 442100 ns, At safepoint: 209600 ns, Total: 651700 ns
[2020-05-02T07:15:24.329+0000][1][safepoint    ] Safepoint "Cleanup", Time since last: 1000872100 ns, Reaching safepoint: 282300 ns, At safepoint: 134500 ns, Total: 416800 ns
[2020-05-02T07:15:25.330+0000][1][safepoint    ] Safepoint "Cleanup", Time since last: 1000608700 ns, Reaching safepoint: 150900 ns, At safepoint: 66400 ns, Total: 217300 ns
[2020-05-02T07:15:26.330+0000][1][safepoint    ] Safepoint "Cleanup", Time since last: 1000198300 ns, Reaching safepoint: 124000 ns, At safepoint: 76600 ns, Total: 200600 ns
[2020-05-02T07:15:27.331+0000][1][safepoint    ] Safepoint "Cleanup", Time since last: 1000367200 ns, Reaching safepoint: 179100 ns, At safepoint: 55600 ns, Total: 234700 ns
[2020-05-02T07:15:28.331+0000][1][safepoint    ] Safepoint "Cleanup", Time since last: 1000322400 ns, Reaching safepoint: 127900 ns, At safepoint: 53000 ns, Total: 180900 ns
[2020-05-02T07:15:29.332+0000][1][safepoint    ] Safepoint "Cleanup", Time since last: 1000194200 ns, Reaching safepoint: 126400 ns, At safepoint: 73900 ns, Total: 200300 ns
[2020-05-02T07:15:30.332+0000][1][safepoint    ] Safepoint "Cleanup", Time since last: 1000202500 ns, Reaching safepoint: 201100 ns, At safepoint: 87300 ns, Total: 288400 ns
[2020-05-02T07:15:31.333+0000][1][safepoint    ] Safepoint "Cleanup", Time since last: 1000681800 ns, Reaching safepoint: 156100 ns, At safepoint: 81100 ns, Total: 237200 ns
[2020-05-02T07:15:32.334+0000][1][safepoint    ] Safepoint "Cleanup", Time since last: 1000596800 ns, Reaching safepoint: 143000 ns, At safepoint: 64200 ns, Total: 207200 ns
[2020-05-02T07:15:33.335+0000][1][safepoint    ] Safepoint "Cleanup", Time since last: 1000344300 ns, Reaching safepoint: 202400 ns, At safepoint: 98100 ns, Total: 300500 ns
[2020-05-02T07:15:34.335+0000][1][safepoint    ] Safepoint "Cleanup", Time since last: 1000219500 ns, Reaching safepoint: 159500 ns, At safepoint: 48600 ns, Total: 208100 ns
[2020-05-02T07:15:35.336+0000][1][safepoint    ] Safepoint "Cleanup", Time since last: 1000727400 ns, Reaching safepoint: 358300 ns, At safepoint: 163700 ns, Total: 522000 ns
[2020-05-02T07:15:36.337+0000][1][safepoint    ] Safepoint "Cleanup", Time since last: 1000305100 ns, Reaching safepoint: 121500 ns, At safepoint: 52200 ns, Total: 173700 ns
[2020-05-02T07:15:37.338+0000][1][safepoint    ] Safepoint "Cleanup", Time since last: 1000648200 ns, Reaching safepoint: 402800 ns, At safepoint: 129000 ns, Total: 531800 ns
[2020-05-02T07:15:38.342+0000][1][safepoint    ] Safepoint "Cleanup", Time since last: 1003833500 ns, Reaching safepoint: 177400 ns, At safepoint: 82800 ns, Total: 260200 ns
[2020-05-02T07:15:39.343+0000][1][safepoint    ] Safepoint "Cleanup", Time since last: 1000287400 ns, Reaching safepoint: 432600 ns, At safepoint: 90300 ns, Total: 522900 ns
[2020-05-02T07:15:40.343+0000][1][safepoint    ] Safepoint "Cleanup", Time since last: 1000209700 ns, Reaching safepoint: 124600 ns, At safepoint: 51300 ns, Total: 175900 ns
[2020-05-02T07:15:41.344+0000][1][safepoint    ] Safepoint "Cleanup", Time since last: 1000486900 ns, Reaching safepoint: 240500 ns, At safepoint: 116700 ns, Total: 357200 ns
[2020-05-02T07:15:42.346+0000][1][safepoint    ] Safepoint "Cleanup", Time since last: 1000570900 ns, Reaching safepoint: 767100 ns, At safepoint: 190000 ns, Total: 957100 ns
[2020-05-02T07:15:43.347+0000][1][safepoint    ] Safepoint "Cleanup", Time since last: 1000869400 ns, Reaching safepoint: 136200 ns, At safepoint: 60900 ns, Total: 197100 ns
[2020-05-02T07:15:44.347+0000][1][safepoint    ] Safepoint "Cleanup", Time since last: 1000282100 ns, Reaching safepoint: 129300 ns, At safepoint: 53600 ns, Total: 182900 ns
[2020-05-02T07:15:45.206+0000][1][gc,start     ] GC(68) Pause Young (Allocation Failure)
[2020-05-02T07:15:45.206+0000][1][gc,task      ] GC(68) Using 10 workers of 10 for evacuation
[2020-05-02T07:15:45.215+0000][1][gc,age       ] GC(68) Desired survivor size 8945664 bytes, new threshold 6 (max threshold 6)
[2020-05-02T07:15:45.215+0000][1][gc,age       ] GC(68) Age table with threshold 6 (max threshold 6)
[2020-05-02T07:15:45.215+0000][1][gc,age       ] GC(68) - age   1:      57064 bytes,      57064 total
[2020-05-02T07:15:45.215+0000][1][gc,age       ] GC(68) - age   2:     691440 bytes,     748504 total
[2020-05-02T07:15:45.215+0000][1][gc,age       ] GC(68) - age   3:      52736 bytes,     801240 total
[2020-05-02T07:15:45.215+0000][1][gc,age       ] GC(68) - age   4:        504 bytes,     801744 total
[2020-05-02T07:15:45.215+0000][1][gc,age       ] GC(68) - age   5:       9192 bytes,     810936 total
[2020-05-02T07:15:45.215+0000][1][gc,age       ] GC(68) - age   6:     129152 bytes,     940088 total
[2020-05-02T07:15:45.215+0000][1][gc,heap      ] GC(68) ParNew: 140943K->1170K(157248K)
[2020-05-02T07:15:45.215+0000][1][gc,heap      ] GC(68) CMS: 82780K->82829K(349568K)
[2020-05-02T07:15:45.215+0000][1][gc,metaspace ] GC(68) Metaspace: 97876K->97876K(1140736K)
[2020-05-02T07:15:45.215+0000][1][gc           ] GC(68) Pause Young (Allocation Failure) 218M->82M(494M) 9.631ms
[2020-05-02T07:15:45.215+0000][1][gc,cpu       ] GC(68) User=0.03s Sys=0.00s Real=0.00s
[2020-05-02T07:15:45.215+0000][1][safepoint    ] Safepoint "GenCollectForAllocation", Time since last: 857838100 ns, Reaching safepoint: 407600 ns, At safepoint: 9875300 ns, Total: 10282900 ns
[2020-05-02T07:15:46.217+0000][1][safepoint    ] Safepoint "Cleanup", Time since last: 1000595500 ns, Reaching safepoint: 440500 ns, At safepoint: 240700 ns, Total: 681200 ns
[2020-05-02T07:15:47.218+0000][1][safepoint    ] Safepoint "Cleanup", Time since last: 1000873400 ns, Reaching safepoint: 442100 ns, At safepoint: 202000 ns, Total: 644100 ns
[2020-05-02T07:15:48.220+0000][1][safepoint    ] Safepoint "Cleanup", Time since last: 1001105400 ns, Reaching safepoint: 443400 ns, At safepoint: 323400 ns, Total: 766800 ns
[2020-05-02T07:15:49.221+0000][1][safepoint    ] Safepoint "Cleanup", Time since last: 1000593200 ns, Reaching safepoint: 329300 ns, At safepoint: 286200 ns, Total: 615500 ns
[2020-05-02T07:15:50.223+0000][1][safepoint    ] Safepoint "Cleanup", Time since last: 1000588300 ns, Reaching safepoint: 876100 ns, At safepoint: 307300 ns, Total: 1183400 ns
[2020-05-02T07:15:51.224+0000][1][safepoint    ] Safepoint "Cleanup", Time since last: 1000976700 ns, Reaching safepoint: 253600 ns, At safepoint: 120100 ns, Total: 373700 ns
[2020-05-02T07:15:52.226+0000][1][safepoint    ] Safepoint "Cleanup", Time since last: 1000981200 ns, Reaching safepoint: 457600 ns, At safepoint: 208900 ns, Total: 666500 ns
[2020-05-02T07:15:53.227+0000][1][safepoint    ] Safepoint "Cleanup", Time since last: 1001037800 ns, Reaching safepoint: 259900 ns, At safepoint: 125600 ns, Total: 385500 ns
[2020-05-02T07:15:54.228+0000][1][safepoint    ] Safepoint "Cleanup", Time since last: 1000306700 ns, Reaching safepoint: 175800 ns, At safepoint: 77100 ns, Total: 252900 ns
[2020-05-02T07:15:55.228+0000][1][safepoint    ] Safepoint "Cleanup", Time since last: 1000273900 ns, Reaching safepoint: 132500 ns, At safepoint: 80500 ns, Total: 213000 ns
[2020-05-02T07:15:56.230+0000][1][safepoint    ] Safepoint "Cleanup", Time since last: 1000484800 ns, Reaching safepoint: 441700 ns, At safepoint: 210200 ns, Total: 651900 ns
[2020-05-02T07:15:57.232+0000][1][safepoint    ] Safepoint "Cleanup", Time since last: 1000867400 ns, Reaching safepoint: 800100 ns, At safepoint: 341600 ns, Total: 1141700 ns
[2020-05-02T07:15:58.233+0000][1][safepoint    ] Safepoint "Cleanup", Time since last: 1000682600 ns, Reaching safepoint: 133900 ns, At safepoint: 80100 ns, Total: 214000 ns
[2020-05-02T07:15:59.234+0000][1][safepoint    ] Safepoint "Cleanup", Time since last: 1000544800 ns, Reaching safepoint: 848800 ns, At safepoint: 328200 ns, Total: 1177000 ns
[2020-05-02T07:16:00.235+0000][1][safepoint    ] Safepoint "Cleanup", Time since last: 1000431000 ns, Reaching safepoint: 120300 ns, At safepoint: 51100 ns, Total: 171400 ns
[2020-05-02T07:16:01.236+0000][1][safepoint    ] Safepoint "Cleanup", Time since last: 1000414600 ns, Reaching safepoint: 432100 ns, At safepoint: 300700 ns, Total: 732800 ns
[2020-05-02T07:16:02.237+0000][1][safepoint    ] Safepoint "Cleanup", Time since last: 1000338900 ns, Reaching safepoint: 171500 ns, At safepoint: 80500 ns, Total: 252000 ns
[2020-05-02T07:16:03.238+0000][1][safepoint    ] Safepoint "Cleanup", Time since last: 1000640400 ns, Reaching safepoint: 437900 ns, At safepoint: 242500 ns, Total: 680400 ns
[2020-05-02T07:16:04.239+0000][1][safepoint    ] Safepoint "Cleanup", Time since last: 1000565600 ns, Reaching safepoint: 130400 ns, At safepoint: 88500 ns, Total: 218900 ns
[2020-05-02T07:16:05.241+0000][1][safepoint    ] Safepoint "Cleanup", Time since last: 1000510200 ns, Reaching safepoint: 944400 ns, At safepoint: 399300 ns, Total: 1343700 ns
[2020-05-02T07:16:06.242+0000][1][safepoint    ] Safepoint "Cleanup", Time since last: 1000676400 ns, Reaching safepoint: 903200 ns, At safepoint: 323200 ns, Total: 1226400 ns
[2020-05-02T07:16:07.243+0000][1][safepoint    ] Safepoint "Cleanup", Time since last: 1000404800 ns, Reaching safepoint: 288900 ns, At safepoint: 112600 ns, Total: 401500 ns
[2020-05-02T07:16:08.244+0000][1][safepoint    ] Safepoint "Cleanup", Time since last: 1000659800 ns, Reaching safepoint: 342800 ns, At safepoint: 136800 ns, Total: 479600 ns
[2020-05-02T07:16:09.245+0000][1][safepoint    ] Safepoint "Cleanup", Time since last: 1000286800 ns, Reaching safepoint: 175700 ns, At safepoint: 83800 ns, Total: 259500 ns
[2020-05-02T07:16:10.246+0000][1][safepoint    ] Safepoint "Cleanup", Time since last: 1000389600 ns, Reaching safepoint: 217500 ns, At safepoint: 78400 ns, Total: 295900 ns
[2020-05-02T07:16:11.247+0000][1][safepoint    ] Safepoint "Cleanup", Time since last: 1000575800 ns, Reaching safepoint: 236200 ns, At safepoint: 116200 ns, Total: 352400 ns
[2020-05-02T07:16:12.248+0000][1][safepoint    ] Safepoint "Cleanup", Time since last: 1000565000 ns, Reaching safepoint: 335000 ns, At safepoint: 115600 ns, Total: 450600 ns
[2020-05-02T07:16:13.248+0000][1][safepoint    ] Safepoint "Cleanup", Time since last: 1000319200 ns, Reaching safepoint: 134200 ns, At safepoint: 79000 ns, Total: 213200 ns
[2020-05-02T07:16:15.046+0000][1][safepoint    ] Safepoint "RevokeBias", Time since last: 1797653800 ns, Reaching safepoint: 362100 ns, At safepoint: 162800 ns, Total: 524900 ns
[2020-05-02T07:16:16.047+0000][1][safepoint    ] Safepoint "Cleanup", Time since last: 1000874300 ns, Reaching safepoint: 129900 ns, At safepoint: 56900 ns, Total: 186800 ns
[2020-05-02T07:16:17.048+0000][1][safepoint    ] Safepoint "Cleanup", Time since last: 1000674300 ns, Reaching safepoint: 305200 ns, At safepoint: 116400 ns, Total: 421600 ns
[2020-05-02T07:16:18.049+0000][1][safepoint    ] Safepoint "Cleanup", Time since last: 1000259300 ns, Reaching safepoint: 123400 ns, At safepoint: 51900 ns, Total: 175300 ns
[2020-05-02T07:16:19.050+0000][1][safepoint    ] Safepoint "Cleanup", Time since last: 1000357400 ns, Reaching safepoint: 242500 ns, At safepoint: 116900 ns, Total: 359400 ns
[2020-05-02T07:16:20.051+0000][1][safepoint    ] Safepoint "Cleanup", Time since last: 1000926400 ns, Reaching safepoint: 409200 ns, At safepoint: 206600 ns, Total: 615800 ns
[2020-05-02T07:16:21.053+0000][1][safepoint    ] Safepoint "Cleanup", Time since last: 1001129100 ns, Reaching safepoint: 410300 ns, At safepoint: 206700 ns, Total: 617000 ns
[2020-05-02T07:16:22.055+0000][1][safepoint    ] Safepoint "Cleanup", Time since last: 1001100600 ns, Reaching safepoint: 408000 ns, At safepoint: 208800 ns, Total: 616800 ns
[2020-05-02T07:16:23.056+0000][1][safepoint    ] Safepoint "Cleanup", Time since last: 1000899700 ns, Reaching safepoint: 511500 ns, At safepoint: 208000 ns, Total: 719500 ns
[2020-05-02T07:16:24.058+0000][1][safepoint    ] Safepoint "Cleanup", Time since last: 1000870100 ns, Reaching safepoint: 413000 ns, At safepoint: 210600 ns, Total: 623600 ns
[2020-05-02T07:16:25.060+0000][1][safepoint    ] Safepoint "Cleanup", Time since last: 1001090300 ns, Reaching safepoint: 413200 ns, At safepoint: 286000 ns, Total: 699200 ns
[2020-05-02T07:16:26.060+0000][1][safepoint    ] Safepoint "Cleanup", Time since last: 1000401000 ns, Reaching safepoint: 153600 ns, At safepoint: 59700 ns, Total: 213300 ns
[2020-05-02T07:16:27.061+0000][1][safepoint    ] Safepoint "Cleanup", Time since last: 1000428400 ns, Reaching safepoint: 352300 ns, At safepoint: 151600 ns, Total: 503900 ns
[2020-05-02T07:16:28.062+0000][1][safepoint    ] Safepoint "Cleanup", Time since last: 1000704500 ns, Reaching safepoint: 124300 ns, At safepoint: 73100 ns, Total: 197400 ns
[2020-05-02T07:16:29.063+0000][1][safepoint    ] Safepoint "Cleanup", Time since last: 1000497700 ns, Reaching safepoint: 494400 ns, At safepoint: 197700 ns, Total: 692100 ns
[2020-05-02T07:16:30.064+0000][1][safepoint    ] Safepoint "Cleanup", Time since last: 1000752500 ns, Reaching safepoint: 166300 ns, At safepoint: 78500 ns, Total: 244800 ns
[2020-05-02T07:16:31.065+0000][1][safepoint    ] Safepoint "Cleanup", Time since last: 1000470700 ns, Reaching safepoint: 134600 ns, At safepoint: 54400 ns, Total: 189000 ns
[2020-05-02T07:16:32.066+0000][1][safepoint    ] Safepoint "Cleanup", Time since last: 1000437700 ns, Reaching safepoint: 230400 ns, At safepoint: 102000 ns, Total: 332400 ns
[2020-05-02T07:16:33.066+0000][1][safepoint    ] Safepoint "Cleanup", Time since last: 1000244700 ns, Reaching safepoint: 156800 ns, At safepoint: 70000 ns, Total: 226800 ns
[2020-05-02T07:16:34.067+0000][1][safepoint    ] Safepoint "Cleanup", Time since last: 1000751900 ns, Reaching safepoint: 497000 ns, At safepoint: 202800 ns, Total: 699800 ns
[2020-05-02T07:16:35.069+0000][1][safepoint    ] Safepoint "Cleanup", Time since last: 1001028600 ns, Reaching safepoint: 506200 ns, At safepoint: 208500 ns, Total: 714700 ns
[2020-05-02T07:16:36.071+0000][1][safepoint    ] Safepoint "Cleanup", Time since last: 1000982700 ns, Reaching safepoint: 442500 ns, At safepoint: 211200 ns, Total: 653700 ns
[2020-05-02T07:16:37.072+0000][1][safepoint    ] Safepoint "Cleanup", Time since last: 1000896400 ns, Reaching safepoint: 201900 ns, At safepoint: 101200 ns, Total: 303100 ns
[2020-05-02T07:16:38.073+0000][1][safepoint    ] Safepoint "Cleanup", Time since last: 1000794800 ns, Reaching safepoint: 195300 ns, At safepoint: 43600 ns, Total: 238900 ns
[2020-05-02T07:16:39.077+0000][1][safepoint    ] Safepoint "Cleanup", Time since last: 1003612200 ns, Reaching safepoint: 131700 ns, At safepoint: 55500 ns, Total: 187200 ns
[2020-05-02T07:16:40.078+0000][1][safepoint    ] Safepoint "Cleanup", Time since last: 1000610300 ns, Reaching safepoint: 142700 ns, At safepoint: 61900 ns, Total: 204600 ns
[2020-05-02T07:16:41.079+0000][1][safepoint    ] Safepoint "Cleanup", Time since last: 1000768000 ns, Reaching safepoint: 443100 ns, At safepoint: 355100 ns, Total: 798200 ns
[2020-05-02T07:16:42.081+0000][1][safepoint    ] Safepoint "Cleanup", Time since last: 1000900500 ns, Reaching safepoint: 444600 ns, At safepoint: 214000 ns, Total: 658600 ns
[2020-05-02T07:16:43.082+0000][1][safepoint    ] Safepoint "Cleanup", Time since last: 1000693700 ns, Reaching safepoint: 440800 ns, At safepoint: 208000 ns, Total: 648800 ns
[2020-05-02T07:16:44.083+0000][1][safepoint    ] Safepoint "Cleanup", Time since last: 1000571000 ns, Reaching safepoint: 130000 ns, At safepoint: 47200 ns, Total: 177200 ns
[2020-05-02T07:16:45.084+0000][1][safepoint    ] Safepoint "Cleanup", Time since last: 1000900800 ns, Reaching safepoint: 439100 ns, At safepoint: 209400 ns, Total: 648500 ns
[2020-05-02T07:16:46.086+0000][1][safepoint    ] Safepoint "Cleanup", Time since last: 1000858300 ns, Reaching safepoint: 412900 ns, At safepoint: 90100 ns, Total: 503000 ns
[2020-05-02T07:16:47.086+0000][1][safepoint    ] Safepoint "Cleanup", Time since last: 1000407000 ns, Reaching safepoint: 131600 ns, At safepoint: 56600 ns, Total: 188200 ns
[2020-05-02T07:16:48.087+0000][1][safepoint    ] Safepoint "Cleanup", Time since last: 1000568300 ns, Reaching safepoint: 212500 ns, At safepoint: 81300 ns, Total: 293800 ns
[2020-05-02T07:16:49.089+0000][1][safepoint    ] Safepoint "Cleanup", Time since last: 1000555200 ns, Reaching safepoint: 536100 ns, At safepoint: 201100 ns, Total: 737200 ns
[2020-05-02T07:16:50.089+0000][1][safepoint    ] Safepoint "Cleanup", Time since last: 1000394100 ns, Reaching safepoint: 132200 ns, At safepoint: 36800 ns, Total: 169000 ns
[2020-05-02T07:16:51.656+0000][1][safepoint    ] Safepoint "Cleanup", Time since last: 1565795100 ns, Reaching safepoint: 438600 ns, At safepoint: 292300 ns, Total: 730900 ns
[2020-05-02T07:16:52.657+0000][1][safepoint    ] Safepoint "Cleanup", Time since last: 1000924500 ns, Reaching safepoint: 176900 ns, At safepoint: 77100 ns, Total: 254000 ns
[2020-05-02T07:16:53.658+0000][1][safepoint    ] Safepoint "Cleanup", Time since last: 1000350100 ns, Reaching safepoint: 214400 ns, At safepoint: 94600 ns, Total: 309000 ns
[2020-05-02T07:16:54.659+0000][1][safepoint    ] Safepoint "Cleanup", Time since last: 1000467200 ns, Reaching safepoint: 440600 ns, At safepoint: 214100 ns, Total: 654700 ns
[2020-05-02T07:16:55.660+0000][1][safepoint    ] Safepoint "Cleanup", Time since last: 1000648300 ns, Reaching safepoint: 485200 ns, At safepoint: 198000 ns, Total: 683200 ns
[2020-05-02T07:16:56.661+0000][1][safepoint    ] Safepoint "Cleanup", Time since last: 1000544800 ns, Reaching safepoint: 304400 ns, At safepoint: 189500 ns, Total: 493900 ns
[2020-05-02T07:16:57.662+0000][1][safepoint    ] Safepoint "Cleanup", Time since last: 1000643000 ns, Reaching safepoint: 137200 ns, At safepoint: 57400 ns, Total: 194600 ns
[2020-05-02T07:16:58.663+0000][1][safepoint    ] Safepoint "Cleanup", Time since last: 1000386600 ns, Reaching safepoint: 337500 ns, At safepoint: 171200 ns, Total: 508700 ns
[2020-05-02T07:16:59.664+0000][1][safepoint    ] Safepoint "Cleanup", Time since last: 1000643400 ns, Reaching safepoint: 299600 ns, At safepoint: 99500 ns, Total: 399100 ns
[2020-05-02T07:17:00.664+0000][1][safepoint    ] Safepoint "Cleanup", Time since last: 1000447700 ns, Reaching safepoint: 132000 ns, At safepoint: 55700 ns, Total: 187700 ns
[2020-05-02T07:17:01.666+0000][1][safepoint    ] Safepoint "Cleanup", Time since last: 1000434800 ns, Reaching safepoint: 671600 ns, At safepoint: 200100 ns, Total: 871700 ns
[2020-05-02T07:17:02.667+0000][1][safepoint    ] Safepoint "Cleanup", Time since last: 1000676000 ns, Reaching safepoint: 437100 ns, At safepoint: 254000 ns, Total: 691100 ns
[2020-05-02T07:17:03.668+0000][1][safepoint    ] Safepoint "Cleanup", Time since last: 1000723400 ns, Reaching safepoint: 157500 ns, At safepoint: 70300 ns, Total: 227800 ns
[2020-05-02T07:17:04.669+0000][1][safepoint    ] Safepoint "Cleanup", Time since last: 1000700900 ns, Reaching safepoint: 336400 ns, At safepoint: 157000 ns, Total: 493400 ns
[2020-05-02T07:17:05.670+0000][1][safepoint    ] Safepoint "Cleanup", Time since last: 1000308300 ns, Reaching safepoint: 183000 ns, At safepoint: 85000 ns, Total: 268000 ns
[2020-05-02T07:17:06.671+0000][1][safepoint    ] Safepoint "Cleanup", Time since last: 1000533900 ns, Reaching safepoint: 191500 ns, At safepoint: 85600 ns, Total: 277100 ns
[2020-05-02T07:17:07.672+0000][1][safepoint    ] Safepoint "Cleanup", Time since last: 1000575300 ns, Reaching safepoint: 266800 ns, At safepoint: 123900 ns, Total: 390700 ns
[2020-05-02T07:17:08.673+0000][1][safepoint    ] Safepoint "Cleanup", Time since last: 1000632900 ns, Reaching safepoint: 290300 ns, At safepoint: 132200 ns, Total: 422500 ns
[2020-05-02T07:17:09.673+0000][1][safepoint    ] Safepoint "Cleanup", Time since last: 1000352500 ns, Reaching safepoint: 250800 ns, At safepoint: 97400 ns, Total: 348200 ns
[2020-05-02T07:17:10.675+0000][1][safepoint    ] Safepoint "Cleanup", Time since last: 1000454700 ns, Reaching safepoint: 511200 ns, At safepoint: 177900 ns, Total: 689100 ns
[2020-05-02T07:17:11.676+0000][1][safepoint    ] Safepoint "Cleanup", Time since last: 1000621300 ns, Reaching safepoint: 1016000 ns, At safepoint: 179600 ns, Total: 1195600 ns
[2020-05-02T07:17:12.677+0000][1][safepoint    ] Safepoint "Cleanup", Time since last: 1000330100 ns, Reaching safepoint: 306800 ns, At safepoint: 44600 ns, Total: 351400 ns
[2020-05-02T07:17:13.678+0000][1][safepoint    ] Safepoint "Cleanup", Time since last: 1000236400 ns, Reaching safepoint: 323200 ns, At safepoint: 65000 ns, Total: 388200 ns
[2020-05-02T07:17:14.678+0000][1][safepoint    ] Safepoint "Cleanup", Time since last: 1000246600 ns, Reaching safepoint: 155800 ns, At safepoint: 44900 ns, Total: 200700 ns
[2020-05-02T07:17:15.678+0000][1][safepoint    ] Safepoint "Cleanup", Time since last: 1000162200 ns, Reaching safepoint: 128600 ns, At safepoint: 38100 ns, Total: 166700 ns
[2020-05-02T07:17:16.679+0000][1][safepoint    ] Safepoint "Cleanup", Time since last: 1000184400 ns, Reaching safepoint: 130000 ns, At safepoint: 49400 ns, Total: 179400 ns
[2020-05-02T07:17:17.679+0000][1][safepoint    ] Safepoint "Cleanup", Time since last: 1000228400 ns, Reaching safepoint: 139300 ns, At safepoint: 37400 ns, Total: 176700 ns
[2020-05-02T07:17:18.680+0000][1][safepoint    ] Safepoint "Cleanup", Time since last: 1000181800 ns, Reaching safepoint: 130800 ns, At safepoint: 39600 ns, Total: 170400 ns
[2020-05-02T07:17:19.680+0000][1][safepoint    ] Safepoint "Cleanup", Time since last: 1000198000 ns, Reaching safepoint: 133200 ns, At safepoint: 53800 ns, Total: 187000 ns
[2020-05-02T07:17:20.680+0000][1][safepoint    ] Safepoint "Cleanup", Time since last: 1000160000 ns, Reaching safepoint: 130600 ns, At safepoint: 44500 ns, Total: 175100 ns
[2020-05-02T07:17:21.681+0000][1][safepoint    ] Safepoint "Cleanup", Time since last: 1000193100 ns, Reaching safepoint: 130600 ns, At safepoint: 39300 ns, Total: 169900 ns
[2020-05-02T07:17:22.681+0000][1][safepoint    ] Safepoint "Cleanup", Time since last: 1000245300 ns, Reaching safepoint: 157100 ns, At safepoint: 36700 ns, Total: 193800 ns
[2020-05-02T07:17:23.681+0000][1][safepoint    ] Safepoint "Cleanup", Time since last: 1000236400 ns, Reaching safepoint: 144600 ns, At safepoint: 51000 ns, Total: 195600 ns
[2020-05-02T07:17:24.682+0000][1][safepoint    ] Safepoint "Cleanup", Time since last: 1000374300 ns, Reaching safepoint: 437400 ns, At safepoint: 184200 ns, Total: 621600 ns
[2020-05-02T07:17:25.684+0000][1][safepoint    ] Safepoint "Cleanup", Time since last: 1000452100 ns, Reaching safepoint: 482900 ns, At safepoint: 146600 ns, Total: 629500 ns
[2020-05-02T07:17:26.684+0000][1][safepoint    ] Safepoint "Cleanup", Time since last: 1000543800 ns, Reaching safepoint: 125300 ns, At safepoint: 74000 ns, Total: 199300 ns
[2020-05-02T07:17:27.685+0000][1][safepoint    ] Safepoint "Cleanup", Time since last: 1000328100 ns, Reaching safepoint: 405000 ns, At safepoint: 193400 ns, Total: 598400 ns
[2020-05-02T07:17:28.687+0000][1][safepoint    ] Safepoint "Cleanup", Time since last: 1001319500 ns, Reaching safepoint: 497700 ns, At safepoint: 202900 ns, Total: 700600 ns
[2020-05-02T07:17:29.689+0000][1][safepoint    ] Safepoint "Cleanup", Time since last: 1000835400 ns, Reaching safepoint: 375500 ns, At safepoint: 191300 ns, Total: 566800 ns
[2020-05-02T07:17:30.690+0000][1][safepoint    ] Safepoint "Cleanup", Time since last: 1000917400 ns, Reaching safepoint: 488600 ns, At safepoint: 204200 ns, Total: 692800 ns
[2020-05-02T07:17:31.692+0000][1][safepoint    ] Safepoint "Cleanup", Time since last: 1000677100 ns, Reaching safepoint: 484400 ns, At safepoint: 244500 ns, Total: 728900 ns
[2020-05-02T07:17:32.693+0000][1][safepoint    ] Safepoint "Cleanup", Time since last: 1001015100 ns, Reaching safepoint: 418000 ns, At safepoint: 205700 ns, Total: 623700 ns
[2020-05-02T07:17:33.695+0000][1][safepoint    ] Safepoint "Cleanup", Time since last: 1000686900 ns, Reaching safepoint: 487500 ns, At safepoint: 200200 ns, Total: 687700 ns
[2020-05-02T07:17:34.696+0000][1][safepoint    ] Safepoint "Cleanup", Time since last: 1000653300 ns, Reaching safepoint: 455000 ns, At safepoint: 92400 ns, Total: 547400 ns
[2020-05-02T07:17:35.697+0000][1][safepoint    ] Safepoint "Cleanup", Time since last: 1000633500 ns, Reaching safepoint: 151500 ns, At safepoint: 65500 ns, Total: 217000 ns
[2020-05-02T07:17:36.698+0000][1][safepoint    ] Safepoint "Cleanup", Time since last: 1000430100 ns, Reaching safepoint: 443900 ns, At safepoint: 206000 ns, Total: 649900 ns
[2020-05-02T07:17:37.699+0000][1][safepoint    ] Safepoint "Cleanup", Time since last: 1000793000 ns, Reaching safepoint: 261900 ns, At safepoint: 135700 ns, Total: 397600 ns
[2020-05-02T07:17:38.700+0000][1][safepoint    ] Safepoint "Cleanup", Time since last: 1000594000 ns, Reaching safepoint: 444600 ns, At safepoint: 224700 ns, Total: 669300 ns
[2020-05-02T07:17:39.701+0000][1][safepoint    ] Safepoint "Cleanup", Time since last: 1000665700 ns, Reaching safepoint: 144200 ns, At safepoint: 58300 ns, Total: 202500 ns
[2020-05-02T07:17:40.702+0000][1][safepoint    ] Safepoint "Cleanup", Time since last: 1000215300 ns, Reaching safepoint: 171400 ns, At safepoint: 90700 ns, Total: 262100 ns
[2020-05-02T07:17:41.703+0000][1][safepoint    ] Safepoint "Cleanup", Time since last: 1000577400 ns, Reaching safepoint: 591100 ns, At safepoint: 274800 ns, Total: 865900 ns
[2020-05-02T07:17:42.705+0000][1][safepoint    ] Safepoint "Cleanup", Time since last: 1001050600 ns, Reaching safepoint: 423300 ns, At safepoint: 221500 ns, Total: 644800 ns
[2020-05-02T07:17:43.706+0000][1][safepoint    ] Safepoint "Cleanup", Time since last: 1000915900 ns, Reaching safepoint: 130800 ns, At safepoint: 56900 ns, Total: 187700 ns
[2020-05-02T07:17:45.169+0000][1][safepoint    ] Safepoint "Cleanup", Time since last: 1462634800 ns, Reaching safepoint: 152300 ns, At safepoint: 58800 ns, Total: 211100 ns
[2020-05-02T07:17:46.170+0000][1][safepoint    ] Safepoint "Cleanup", Time since last: 1000659700 ns, Reaching safepoint: 402300 ns, At safepoint: 258400 ns, Total: 660700 ns
[2020-05-02T07:17:47.171+0000][1][safepoint    ] Safepoint "Cleanup", Time since last: 1000754500 ns, Reaching safepoint: 170400 ns, At safepoint: 78800 ns, Total: 249200 ns
[2020-05-02T07:17:48.172+0000][1][safepoint    ] Safepoint "Cleanup", Time since last: 1000433300 ns, Reaching safepoint: 408300 ns, At safepoint: 196400 ns, Total: 604700 ns
[2020-05-02T07:17:49.173+0000][1][safepoint    ] Safepoint "Cleanup", Time since last: 1000897500 ns, Reaching safepoint: 331200 ns, At safepoint: 167500 ns, Total: 498700 ns
[2020-05-02T07:17:50.175+0000][1][safepoint    ] Safepoint "Cleanup", Time since last: 1000966300 ns, Reaching safepoint: 405700 ns, At safepoint: 207600 ns, Total: 613300 ns
[2020-05-02T07:17:51.177+0000][1][safepoint    ] Safepoint "Cleanup", Time since last: 1001241800 ns, Reaching safepoint: 406300 ns, At safepoint: 203800 ns, Total: 610100 ns
[2020-05-02T07:17:52.179+0000][1][safepoint    ] Safepoint "Cleanup", Time since last: 1001027000 ns, Reaching safepoint: 442200 ns, At safepoint: 211400 ns, Total: 653600 ns
[2020-05-02T07:17:53.180+0000][1][safepoint    ] Safepoint "Cleanup", Time since last: 1000925900 ns, Reaching safepoint: 269100 ns, At safepoint: 129800 ns, Total: 398900 ns
[2020-05-02T07:17:54.181+0000][1][safepoint    ] Safepoint "Cleanup", Time since last: 1000453300 ns, Reaching safepoint: 121800 ns, At safepoint: 48900 ns, Total: 170700 ns
[2020-05-02T07:17:55.182+0000][1][safepoint    ] Safepoint "Cleanup", Time since last: 1000480500 ns, Reaching safepoint: 513900 ns, At safepoint: 202600 ns, Total: 716500 ns
[2020-05-02T07:17:56.183+0000][1][safepoint    ] Safepoint "Cleanup", Time since last: 1000891200 ns, Reaching safepoint: 193100 ns, At safepoint: 85100 ns, Total: 278200 ns
[2020-05-02T07:17:57.184+0000][1][safepoint    ] Safepoint "Cleanup", Time since last: 1000472700 ns, Reaching safepoint: 259600 ns, At safepoint: 128300 ns, Total: 387900 ns
[2020-05-02T07:17:58.185+0000][1][safepoint    ] Safepoint "Cleanup", Time since last: 1000473000 ns, Reaching safepoint: 488000 ns, At safepoint: 267500 ns, Total: 755500 ns
[2020-05-02T07:17:59.186+0000][1][safepoint    ] Safepoint "Cleanup", Time since last: 1000512700 ns, Reaching safepoint: 153900 ns, At safepoint: 72400 ns, Total: 226300 ns
[2020-05-02T07:18:00.186+0000][1][safepoint    ] Safepoint "Cleanup", Time since last: 1000221700 ns, Reaching safepoint: 128600 ns, At safepoint: 57900 ns, Total: 186500 ns
[2020-05-02T07:18:00.356+0000][1][safepoint    ] Safepoint "RevokeBias", Time since last: 170086500 ns, Reaching safepoint: 154200 ns, At safepoint: 110900 ns, Total: 265100 ns
[2020-05-02T07:18:00.360+0000][1][safepoint    ] Safepoint "RevokeBias", Time since last: 2801900 ns, Reaching safepoint: 342100 ns, At safepoint: 183500 ns, Total: 525600 ns
[2020-05-02T07:18:00.360+0000][1][safepoint    ] Safepoint "RevokeBias", Time since last: 324600 ns, Reaching safepoint: 122300 ns, At safepoint: 84300 ns, Total: 206600 ns
[2020-05-02T07:18:00.361+0000][1][safepoint    ] Safepoint "RevokeBias", Time since last: 237400 ns, Reaching safepoint: 166900 ns, At safepoint: 82400 ns, Total: 249300 ns
[2020-05-02T07:18:00.361+0000][1][safepoint    ] Safepoint "RevokeBias", Time since last: 205200 ns, Reaching safepoint: 217300 ns, At safepoint: 94800 ns, Total: 312100 ns
[2020-05-02T07:18:00.367+0000][1][safepoint    ] Safepoint "RevokeBias", Time since last: 5862600 ns, Reaching safepoint: 148700 ns, At safepoint: 86500 ns, Total: 235200 ns
[2020-05-02T07:18:00.371+0000][1][safepoint    ] Safepoint "RevokeBias", Time since last: 3329200 ns, Reaching safepoint: 145200 ns, At safepoint: 92600 ns, Total: 237800 ns
[2020-05-02T07:18:00.434+0000][1][safepoint    ] Safepoint "RevokeBias", Time since last: 62506800 ns, Reaching safepoint: 182400 ns, At safepoint: 104500 ns, Total: 286900 ns
[2020-05-02T07:18:00.434+0000][1][safepoint    ] Safepoint "RevokeBias", Time since last: 174400 ns, Reaching safepoint: 258500 ns, At safepoint: 106600 ns, Total: 365100 ns
[2020-05-02T07:18:00.435+0000][1][safepoint    ] Safepoint "RevokeBias", Time since last: 195600 ns, Reaching safepoint: 263000 ns, At safepoint: 92100 ns, Total: 355100 ns
[2020-05-02T07:18:00.435+0000][1][safepoint    ] Safepoint "RevokeBias", Time since last: 141800 ns, Reaching safepoint: 131000 ns, At safepoint: 76100 ns, Total: 207100 ns
[2020-05-02T07:18:00.436+0000][1][safepoint    ] Safepoint "RevokeBias", Time since last: 81100 ns, Reaching safepoint: 228500 ns, At safepoint: 142600 ns, Total: 371100 ns
[2020-05-02T07:18:00.436+0000][1][safepoint    ] Safepoint "RevokeBias", Time since last: 179600 ns, Reaching safepoint: 208300 ns, At safepoint: 191900 ns, Total: 400200 ns
[2020-05-02T07:18:00.437+0000][1][gc,start     ] GC(69) Pause Young (Allocation Failure)
[2020-05-02T07:18:00.437+0000][1][gc,task      ] GC(69) Using 10 workers of 10 for evacuation
[2020-05-02T07:18:00.440+0000][1][gc,age       ] GC(69) Desired survivor size 8945664 bytes, new threshold 6 (max threshold 6)
[2020-05-02T07:18:00.440+0000][1][gc,age       ] GC(69) Age table with threshold 6 (max threshold 6)
[2020-05-02T07:18:00.440+0000][1][gc,age       ] GC(69) - age   1:     191568 bytes,     191568 total
[2020-05-02T07:18:00.440+0000][1][gc,age       ] GC(69) - age   2:       2344 bytes,     193912 total
[2020-05-02T07:18:00.440+0000][1][gc,age       ] GC(69) - age   3:     243488 bytes,     437400 total
[2020-05-02T07:18:00.440+0000][1][gc,age       ] GC(69) - age   4:      31248 bytes,     468648 total
[2020-05-02T07:18:00.440+0000][1][gc,age       ] GC(69) - age   5:        504 bytes,     469152 total
[2020-05-02T07:18:00.441+0000][1][gc,age       ] GC(69) - age   6:       9160 bytes,     478312 total
[2020-05-02T07:18:00.441+0000][1][gc,heap      ] GC(69) ParNew: 140946K->728K(157248K)
[2020-05-02T07:18:00.441+0000][1][gc,heap      ] GC(69) CMS: 82829K->82956K(349568K)
[2020-05-02T07:18:00.441+0000][1][gc,metaspace ] GC(69) Metaspace: 97945K->97945K(1140736K)
[2020-05-02T07:18:00.441+0000][1][gc           ] GC(69) Pause Young (Allocation Failure) 218M->81M(494M) 3.531ms
[2020-05-02T07:18:00.441+0000][1][gc,cpu       ] GC(69) User=0.01s Sys=0.00s Real=0.00s
[2020-05-02T07:18:00.441+0000][1][safepoint    ] Safepoint "GenCollectForAllocation", Time since last: 501600 ns, Reaching safepoint: 313300 ns, At safepoint: 3742400 ns, Total: 4055700 ns
[2020-05-02T07:18:00.441+0000][1][safepoint    ] Safepoint "RevokeBias", Time since last: 436900 ns, Reaching safepoint: 140500 ns, At safepoint: 67500 ns, Total: 208000 ns
[2020-05-02T07:18:00.444+0000][1][safepoint    ] Safepoint "RevokeBias", Time since last: 2248500 ns, Reaching safepoint: 141700 ns, At safepoint: 48200 ns, Total: 189900 ns
[2020-05-02T07:18:00.444+0000][1][safepoint    ] Safepoint "RevokeBias", Time since last: 185500 ns, Reaching safepoint: 134200 ns, At safepoint: 41500 ns, Total: 175700 ns
[2020-05-02T07:18:00.452+0000][1][safepoint    ] Safepoint "RevokeBias", Time since last: 7160400 ns, Reaching safepoint: 145500 ns, At safepoint: 79400 ns, Total: 224900 ns
[2020-05-02T07:18:00.465+0000][1][safepoint    ] Safepoint "RevokeBias", Time since last: 13622900 ns, Reaching safepoint: 128300 ns, At safepoint: 90100 ns, Total: 218400 ns
[2020-05-02T07:18:00.520+0000][1][safepoint    ] Safepoint "RevokeBias", Time since last: 54386400 ns, Reaching safepoint: 121400 ns, At safepoint: 63600 ns, Total: 185000 ns
[2020-05-02T07:18:00.827+0000][1][safepoint    ] Safepoint "BulkRevokeBias", Time since last: 306437100 ns, Reaching safepoint: 158400 ns, At safepoint: 606400 ns, Total: 764800 ns
[2020-05-02T07:18:01.828+0000][1][safepoint    ] Safepoint "Cleanup", Time since last: 1000495000 ns, Reaching safepoint: 255100 ns, At safepoint: 81400 ns, Total: 336500 ns
[2020-05-02T07:18:02.829+0000][1][safepoint    ] Safepoint "Cleanup", Time since last: 1000360000 ns, Reaching safepoint: 172300 ns, At safepoint: 82800 ns, Total: 255100 ns
[2020-05-02T07:18:03.831+0000][1][safepoint    ] Safepoint "Cleanup", Time since last: 1000930700 ns, Reaching safepoint: 631800 ns, At safepoint: 310800 ns, Total: 942600 ns
[2020-05-02T07:18:04.832+0000][1][safepoint    ] Safepoint "Cleanup", Time since last: 1000903700 ns, Reaching safepoint: 428800 ns, At safepoint: 313900 ns, Total: 742700 ns
[2020-05-02T07:18:05.834+0000][1][safepoint    ] Safepoint "Cleanup", Time since last: 1000832800 ns, Reaching safepoint: 868600 ns, At safepoint: 323300 ns, Total: 1191900 ns
[2020-05-02T07:18:06.836+0000][1][safepoint    ] Safepoint "Cleanup", Time since last: 1000690300 ns, Reaching safepoint: 370800 ns, At safepoint: 229100 ns, Total: 599900 ns
[2020-05-02T07:18:07.837+0000][1][safepoint    ] Safepoint "Cleanup", Time since last: 1000487400 ns, Reaching safepoint: 343400 ns, At safepoint: 170700 ns, Total: 514100 ns
[2020-05-02T07:18:08.838+0000][1][safepoint    ] Safepoint "Cleanup", Time since last: 1000956800 ns, Reaching safepoint: 614800 ns, At safepoint: 372200 ns, Total: 987000 ns
[2020-05-02T07:18:09.840+0000][1][safepoint    ] Safepoint "Cleanup", Time since last: 1001123800 ns, Reaching safepoint: 419000 ns, At safepoint: 327900 ns, Total: 746900 ns
[2020-05-02T07:18:10.842+0000][1][safepoint    ] Safepoint "Cleanup", Time since last: 1001071600 ns, Reaching safepoint: 443300 ns, At safepoint: 324300 ns, Total: 767600 ns
[2020-05-02T07:18:11.844+0000][1][safepoint    ] Safepoint "Cleanup", Time since last: 1000942600 ns, Reaching safepoint: 420100 ns, At safepoint: 316000 ns, Total: 736100 ns
[2020-05-02T07:18:12.846+0000][1][safepoint    ] Safepoint "Cleanup", Time since last: 1000958700 ns, Reaching safepoint: 658400 ns, At safepoint: 359100 ns, Total: 1017500 ns
[2020-05-02T07:18:13.847+0000][1][safepoint    ] Safepoint "Cleanup", Time since last: 1000738300 ns, Reaching safepoint: 318500 ns, At safepoint: 77700 ns, Total: 396200 ns
[2020-05-02T07:18:14.849+0000][1][safepoint    ] Safepoint "Cleanup", Time since last: 1000541300 ns, Reaching safepoint: 699200 ns, At safepoint: 528500 ns, Total: 1227700 ns
[2020-05-02T07:18:15.849+0000][1][safepoint    ] Safepoint "Cleanup", Time since last: 1000385100 ns, Reaching safepoint: 223000 ns, At safepoint: 60400 ns, Total: 283400 ns
[2020-05-02T07:18:16.851+0000][1][safepoint    ] Safepoint "Cleanup", Time since last: 1000541700 ns, Reaching safepoint: 727900 ns, At safepoint: 365700 ns, Total: 1093600 ns
[2020-05-02T07:18:17.852+0000][1][safepoint    ] Safepoint "Cleanup", Time since last: 1000834200 ns, Reaching safepoint: 272600 ns, At safepoint: 196300 ns, Total: 468900 ns
[2020-05-02T07:18:18.854+0000][1][safepoint    ] Safepoint "Cleanup", Time since last: 1000958600 ns, Reaching safepoint: 417200 ns, At safepoint: 320900 ns, Total: 738100 ns
[2020-05-02T07:18:19.856+0000][1][safepoint    ] Safepoint "Cleanup", Time since last: 1001179700 ns, Reaching safepoint: 790700 ns, At safepoint: 390900 ns, Total: 1181600 ns
[2020-05-02T07:18:20.859+0000][1][safepoint    ] Safepoint "Cleanup", Time since last: 1001078000 ns, Reaching safepoint: 745600 ns, At safepoint: 359300 ns, Total: 1104900 ns
[2020-05-02T07:18:21.860+0000][1][safepoint    ] Safepoint "Cleanup", Time since last: 1000877200 ns, Reaching safepoint: 486000 ns, At safepoint: 313200 ns, Total: 799200 ns
[2020-05-02T07:18:22.862+0000][1][safepoint    ] Safepoint "Cleanup", Time since last: 1000861500 ns, Reaching safepoint: 323900 ns, At safepoint: 99700 ns, Total: 423600 ns
[2020-05-02T07:18:23.863+0000][1][safepoint    ] Safepoint "Cleanup", Time since last: 1000847300 ns, Reaching safepoint: 451900 ns, At safepoint: 378900 ns, Total: 830800 ns
[2020-05-02T07:18:24.865+0000][1][safepoint    ] Safepoint "Cleanup", Time since last: 1000706700 ns, Reaching safepoint: 492200 ns, At safepoint: 312300 ns, Total: 804500 ns
[2020-05-02T07:18:25.867+0000][1][safepoint    ] Safepoint "Cleanup", Time since last: 1001030200 ns, Reaching safepoint: 411100 ns, At safepoint: 312400 ns, Total: 723500 ns
[2020-05-02T07:18:26.868+0000][1][safepoint    ] Safepoint "Cleanup", Time since last: 1000868100 ns, Reaching safepoint: 442300 ns, At safepoint: 358000 ns, Total: 800300 ns
[2020-05-02T07:18:27.869+0000][1][safepoint    ] Safepoint "Cleanup", Time since last: 1000502000 ns, Reaching safepoint: 128800 ns, At safepoint: 58900 ns, Total: 187700 ns
[2020-05-02T07:18:28.870+0000][1][safepoint    ] Safepoint "Cleanup", Time since last: 1000442300 ns, Reaching safepoint: 498800 ns, At safepoint: 314400 ns, Total: 813200 ns
[2020-05-02T07:18:29.872+0000][1][safepoint    ] Safepoint "Cleanup", Time since last: 1000760300 ns, Reaching safepoint: 544400 ns, At safepoint: 388100 ns, Total: 932500 ns
[2020-05-02T07:18:30.873+0000][1][safepoint    ] Safepoint "Cleanup", Time since last: 1000687400 ns, Reaching safepoint: 570000 ns, At safepoint: 304700 ns, Total: 874700 ns
[2020-05-02T07:18:31.876+0000][1][safepoint    ] Safepoint "Cleanup", Time since last: 1001115000 ns, Reaching safepoint: 813800 ns, At safepoint: 417400 ns, Total: 1231200 ns
[2020-05-02T07:18:32.878+0000][1][safepoint    ] Safepoint "Cleanup", Time since last: 1000872100 ns, Reaching safepoint: 817900 ns, At safepoint: 316100 ns, Total: 1134000 ns
[2020-05-02T07:18:33.879+0000][1][safepoint    ] Safepoint "Cleanup", Time since last: 1000673200 ns, Reaching safepoint: 681100 ns, At safepoint: 377100 ns, Total: 1058200 ns
[2020-05-02T07:18:34.881+0000][1][safepoint    ] Safepoint "Cleanup", Time since last: 1000584500 ns, Reaching safepoint: 654700 ns, At safepoint: 412300 ns, Total: 1067000 ns
[2020-05-02T07:18:35.884+0000][1][safepoint    ] Safepoint "Cleanup", Time since last: 1000996100 ns, Reaching safepoint: 1329000 ns, At safepoint: 412200 ns, Total: 1741200 ns
[2020-05-02T07:18:36.886+0000][1][safepoint    ] Safepoint "Cleanup", Time since last: 1000909100 ns, Reaching safepoint: 820200 ns, At safepoint: 412500 ns, Total: 1232700 ns
[2020-05-02T07:18:37.887+0000][1][safepoint    ] Safepoint "Cleanup", Time since last: 1000529000 ns, Reaching safepoint: 247600 ns, At safepoint: 106800 ns, Total: 354400 ns
[2020-05-02T07:18:38.888+0000][1][safepoint    ] Safepoint "Cleanup", Time since last: 1000292100 ns, Reaching safepoint: 492000 ns, At safepoint: 214400 ns, Total: 706400 ns
[2020-05-02T07:18:39.889+0000][1][safepoint    ] Safepoint "Cleanup", Time since last: 1000703900 ns, Reaching safepoint: 428400 ns, At safepoint: 147500 ns, Total: 575900 ns
[2020-05-02T07:18:40.891+0000][1][safepoint    ] Safepoint "Cleanup", Time since last: 1000786700 ns, Reaching safepoint: 602000 ns, At safepoint: 348200 ns, Total: 950200 ns
[2020-05-02T07:18:41.893+0000][1][safepoint    ] Safepoint "Cleanup", Time since last: 1000915300 ns, Reaching safepoint: 410300 ns, At safepoint: 310800 ns, Total: 721100 ns
[2020-05-02T07:18:42.894+0000][1][safepoint    ] Safepoint "Cleanup", Time since last: 1001039100 ns, Reaching safepoint: 122000 ns, At safepoint: 38300 ns, Total: 160300 ns
[2020-05-02T07:18:43.894+0000][1][safepoint    ] Safepoint "Cleanup", Time since last: 1000251200 ns, Reaching safepoint: 279700 ns, At safepoint: 72300 ns, Total: 352000 ns
[2020-05-02T07:18:44.969+0000][1][safepoint    ] Safepoint "Cleanup", Time since last: 1074548400 ns, Reaching safepoint: 168200 ns, At safepoint: 76700 ns, Total: 244900 ns
[2020-05-02T07:18:45.970+0000][1][safepoint    ] Safepoint "Cleanup", Time since last: 1000265900 ns, Reaching safepoint: 128800 ns, At safepoint: 49600 ns, Total: 178400 ns
[2020-05-02T07:18:46.970+0000][1][safepoint    ] Safepoint "Cleanup", Time since last: 1000329300 ns, Reaching safepoint: 309600 ns, At safepoint: 118200 ns, Total: 427800 ns
[2020-05-02T07:18:47.971+0000][1][safepoint    ] Safepoint "Cleanup", Time since last: 1000469100 ns, Reaching safepoint: 126100 ns, At safepoint: 51600 ns, Total: 177700 ns
[2020-05-02T07:18:48.972+0000][1][safepoint    ] Safepoint "Cleanup", Time since last: 1000179100 ns, Reaching safepoint: 405500 ns, At safepoint: 205900 ns, Total: 611400 ns
[2020-05-02T07:18:49.973+0000][1][safepoint    ] Safepoint "Cleanup", Time since last: 1000951500 ns, Reaching safepoint: 447300 ns, At safepoint: 172200 ns, Total: 619500 ns
[2020-05-02T07:18:50.975+0000][1][safepoint    ] Safepoint "Cleanup", Time since last: 1000811600 ns, Reaching safepoint: 504600 ns, At safepoint: 197200 ns, Total: 701800 ns
[2020-05-02T07:18:51.976+0000][1][safepoint    ] Safepoint "Cleanup", Time since last: 1000991900 ns, Reaching safepoint: 410000 ns, At safepoint: 205500 ns, Total: 615500 ns
[2020-05-02T07:18:52.977+0000][1][safepoint    ] Safepoint "Cleanup", Time since last: 1000502200 ns, Reaching safepoint: 195300 ns, At safepoint: 83900 ns, Total: 279200 ns
[2020-05-02T07:18:53.978+0000][1][safepoint    ] Safepoint "Cleanup", Time since last: 1000480700 ns, Reaching safepoint: 483600 ns, At safepoint: 277200 ns, Total: 760800 ns
[2020-05-02T07:18:54.980+0000][1][safepoint    ] Safepoint "Cleanup", Time since last: 1000609800 ns, Reaching safepoint: 484400 ns, At safepoint: 199500 ns, Total: 683900 ns
[2020-05-02T07:18:55.980+0000][1][safepoint    ] Safepoint "Cleanup", Time since last: 1000381100 ns, Reaching safepoint: 128200 ns, At safepoint: 50500 ns, Total: 178700 ns
[2020-05-02T07:18:56.982+0000][1][safepoint    ] Safepoint "Cleanup", Time since last: 1000545200 ns, Reaching safepoint: 450500 ns, At safepoint: 200100 ns, Total: 650600 ns
[2020-05-02T07:18:57.983+0000][1][safepoint    ] Safepoint "Cleanup", Time since last: 1000626600 ns, Reaching safepoint: 294800 ns, At safepoint: 222700 ns, Total: 517500 ns
[2020-05-02T07:18:58.984+0000][1][safepoint    ] Safepoint "Cleanup", Time since last: 1000935100 ns, Reaching safepoint: 410300 ns, At safepoint: 201600 ns, Total: 611900 ns
[2020-05-02T07:18:59.985+0000][1][safepoint    ] Safepoint "Cleanup", Time since last: 1000892100 ns, Reaching safepoint: 127000 ns, At safepoint: 56000 ns, Total: 183000 ns
[2020-05-02T07:19:00.986+0000][1][safepoint    ] Safepoint "Cleanup", Time since last: 1000424000 ns, Reaching safepoint: 129100 ns, At safepoint: 55600 ns, Total: 184700 ns
[2020-05-02T07:19:01.987+0000][1][safepoint    ] Safepoint "Cleanup", Time since last: 1000495200 ns, Reaching safepoint: 366800 ns, At safepoint: 151800 ns, Total: 518600 ns
[2020-05-02T07:19:02.988+0000][1][safepoint    ] Safepoint "Cleanup", Time since last: 1000569700 ns, Reaching safepoint: 408600 ns, At safepoint: 204300 ns, Total: 612900 ns
[2020-05-02T07:19:03.989+0000][1][safepoint    ] Safepoint "Cleanup", Time since last: 1000530000 ns, Reaching safepoint: 327400 ns, At safepoint: 115000 ns, Total: 442400 ns
[2020-05-02T07:19:04.990+0000][1][safepoint    ] Safepoint "Cleanup", Time since last: 1000427300 ns, Reaching safepoint: 252500 ns, At safepoint: 96000 ns, Total: 348500 ns
[2020-05-02T07:19:05.991+0000][1][safepoint    ] Safepoint "Cleanup", Time since last: 1000824300 ns, Reaching safepoint: 442500 ns, At safepoint: 201600 ns, Total: 644100 ns
[2020-05-02T07:19:06.993+0000][1][safepoint    ] Safepoint "Cleanup", Time since last: 1000536600 ns, Reaching safepoint: 481300 ns, At safepoint: 210600 ns, Total: 691900 ns
[2020-05-02T07:19:07.994+0000][1][safepoint    ] Safepoint "Cleanup", Time since last: 1001155100 ns, Reaching safepoint: 409200 ns, At safepoint: 204800 ns, Total: 614000 ns
[2020-05-02T07:19:08.995+0000][1][safepoint    ] Safepoint "Cleanup", Time since last: 1000599100 ns, Reaching safepoint: 300100 ns, At safepoint: 132600 ns, Total: 432700 ns
[2020-05-02T07:19:09.996+0000][1][safepoint    ] Safepoint "Cleanup", Time since last: 1000350700 ns, Reaching safepoint: 231800 ns, At safepoint: 102900 ns, Total: 334700 ns
[2020-05-02T07:19:10.997+0000][1][safepoint    ] Safepoint "Cleanup", Time since last: 1000287800 ns, Reaching safepoint: 188200 ns, At safepoint: 80300 ns, Total: 268500 ns
[2020-05-02T07:19:11.998+0000][1][safepoint    ] Safepoint "Cleanup", Time since last: 1000506500 ns, Reaching safepoint: 311800 ns, At safepoint: 155300 ns, Total: 467100 ns
[2020-05-02T07:19:12.998+0000][1][safepoint    ] Safepoint "Cleanup", Time since last: 1000445200 ns, Reaching safepoint: 197900 ns, At safepoint: 82900 ns, Total: 280800 ns
[2020-05-02T07:19:13.999+0000][1][safepoint    ] Safepoint "Cleanup", Time since last: 1000350300 ns, Reaching safepoint: 348200 ns, At safepoint: 100400 ns, Total: 448600 ns
[2020-05-02T07:19:15.000+0000][1][safepoint    ] Safepoint "Cleanup", Time since last: 1000512400 ns, Reaching safepoint: 502700 ns, At safepoint: 278600 ns, Total: 781300 ns
[2020-05-02T07:19:16.002+0000][1][safepoint    ] Safepoint "Cleanup", Time since last: 1000856500 ns, Reaching safepoint: 286400 ns, At safepoint: 144000 ns, Total: 430400 ns
[2020-05-02T07:19:17.002+0000][1][safepoint    ] Safepoint "Cleanup", Time since last: 1000531900 ns, Reaching safepoint: 177300 ns, At safepoint: 79900 ns, Total: 257200 ns
[2020-05-02T07:19:18.003+0000][1][safepoint    ] Safepoint "Cleanup", Time since last: 1000413900 ns, Reaching safepoint: 145100 ns, At safepoint: 59600 ns, Total: 204700 ns
[2020-05-02T07:19:19.004+0000][1][safepoint    ] Safepoint "Cleanup", Time since last: 1000432500 ns, Reaching safepoint: 418100 ns, At safepoint: 196200 ns, Total: 614300 ns
[2020-05-02T07:19:20.005+0000][1][safepoint    ] Safepoint "Cleanup", Time since last: 1000433000 ns, Reaching safepoint: 138000 ns, At safepoint: 22500 ns, Total: 160500 ns
[2020-05-02T07:19:21.006+0000][1][safepoint    ] Safepoint "Cleanup", Time since last: 1000385900 ns, Reaching safepoint: 528300 ns, At safepoint: 192200 ns, Total: 720500 ns
[2020-05-02T07:19:22.007+0000][1][safepoint    ] Safepoint "Cleanup", Time since last: 1000460000 ns, Reaching safepoint: 231500 ns, At safepoint: 119200 ns, Total: 350700 ns
[2020-05-02T07:19:23.008+0000][1][safepoint    ] Safepoint "Cleanup", Time since last: 1000874200 ns, Reaching safepoint: 410800 ns, At safepoint: 204400 ns, Total: 615200 ns
[2020-05-02T07:19:24.009+0000][1][safepoint    ] Safepoint "Cleanup", Time since last: 1000582000 ns, Reaching safepoint: 197100 ns, At safepoint: 77500 ns, Total: 274600 ns
[2020-05-02T07:19:25.011+0000][1][safepoint    ] Safepoint "Cleanup", Time since last: 1000943400 ns, Reaching safepoint: 441300 ns, At safepoint: 208500 ns, Total: 649800 ns
[2020-05-02T07:19:26.011+0000][1][safepoint    ] Safepoint "Cleanup", Time since last: 1000495900 ns, Reaching safepoint: 127500 ns, At safepoint: 51400 ns, Total: 178900 ns
[2020-05-02T07:19:27.012+0000][1][safepoint    ] Safepoint "Cleanup", Time since last: 1000603800 ns, Reaching safepoint: 408700 ns, At safepoint: 198300 ns, Total: 607000 ns
[2020-05-02T07:19:28.013+0000][1][safepoint    ] Safepoint "Cleanup", Time since last: 1000398800 ns, Reaching safepoint: 330200 ns, At safepoint: 95100 ns, Total: 425300 ns
[2020-05-02T07:19:29.014+0000][1][safepoint    ] Safepoint "Cleanup", Time since last: 1000523200 ns, Reaching safepoint: 137000 ns, At safepoint: 57900 ns, Total: 194900 ns
[2020-05-02T07:19:30.015+0000][1][safepoint    ] Safepoint "Cleanup", Time since last: 1000687400 ns, Reaching safepoint: 132300 ns, At safepoint: 55400 ns, Total: 187700 ns
[2020-05-02T07:19:31.016+0000][1][safepoint    ] Safepoint "Cleanup", Time since last: 1000612300 ns, Reaching safepoint: 232500 ns, At safepoint: 61800 ns, Total: 294300 ns
[2020-05-02T07:19:32.016+0000][1][safepoint    ] Safepoint "Cleanup", Time since last: 1000246800 ns, Reaching safepoint: 135700 ns, At safepoint: 60100 ns, Total: 195800 ns
[2020-05-02T07:19:33.017+0000][1][safepoint    ] Safepoint "Cleanup", Time since last: 1000241500 ns, Reaching safepoint: 132400 ns, At safepoint: 46200 ns, Total: 178600 ns
[2020-05-02T07:19:34.018+0000][1][safepoint    ] Safepoint "Cleanup", Time since last: 1000335600 ns, Reaching safepoint: 419700 ns, At safepoint: 156700 ns, Total: 576400 ns
[2020-05-02T07:19:35.018+0000][1][safepoint    ] Safepoint "Cleanup", Time since last: 1000528500 ns, Reaching safepoint: 297400 ns, At safepoint: 120300 ns, Total: 417700 ns
[2020-05-02T07:19:36.019+0000][1][safepoint    ] Safepoint "Cleanup", Time since last: 1000404500 ns, Reaching safepoint: 297300 ns, At safepoint: 121100 ns, Total: 418400 ns
[2020-05-02T07:19:37.021+0000][1][safepoint    ] Safepoint "Cleanup", Time since last: 1000546100 ns, Reaching safepoint: 508400 ns, At safepoint: 209600 ns, Total: 718000 ns
[2020-05-02T07:19:38.021+0000][1][safepoint    ] Safepoint "Cleanup", Time since last: 1000600600 ns, Reaching safepoint: 172400 ns, At safepoint: 69400 ns, Total: 241800 ns
[2020-05-02T07:19:39.023+0000][1][safepoint    ] Safepoint "Cleanup", Time since last: 1000479000 ns, Reaching safepoint: 478800 ns, At safepoint: 212300 ns, Total: 691100 ns
[2020-05-02T07:19:40.023+0000][1][safepoint    ] Safepoint "Cleanup", Time since last: 1000513700 ns, Reaching safepoint: 141500 ns, At safepoint: 54500 ns, Total: 196000 ns
[2020-05-02T07:19:41.024+0000][1][safepoint    ] Safepoint "Cleanup", Time since last: 1000418600 ns, Reaching safepoint: 265700 ns, At safepoint: 130200 ns, Total: 395900 ns
[2020-05-02T07:19:42.026+0000][1][safepoint    ] Safepoint "Cleanup", Time since last: 1000564900 ns, Reaching safepoint: 554000 ns, At safepoint: 292500 ns, Total: 846500 ns
[2020-05-02T07:19:43.026+0000][1][safepoint    ] Safepoint "Cleanup", Time since last: 1000456400 ns, Reaching safepoint: 267100 ns, At safepoint: 101700 ns, Total: 368800 ns
[2020-05-02T07:19:44.027+0000][1][safepoint    ] Safepoint "Cleanup", Time since last: 1000402100 ns, Reaching safepoint: 207700 ns, At safepoint: 82900 ns, Total: 290600 ns
[2020-05-02T07:19:45.185+0000][1][safepoint    ] Safepoint "Cleanup", Time since last: 1158016200 ns, Reaching safepoint: 219300 ns, At safepoint: 105800 ns, Total: 325100 ns
[2020-05-02T07:19:46.186+0000][1][safepoint    ] Safepoint "Cleanup", Time since last: 1000537000 ns, Reaching safepoint: 285500 ns, At safepoint: 138500 ns, Total: 424000 ns
[2020-05-02T07:19:47.187+0000][1][safepoint    ] Safepoint "Cleanup", Time since last: 1000383000 ns, Reaching safepoint: 216200 ns, At safepoint: 94500 ns, Total: 310700 ns
[2020-05-02T07:19:48.188+0000][1][safepoint    ] Safepoint "Cleanup", Time since last: 1000354600 ns, Reaching safepoint: 305000 ns, At safepoint: 159100 ns, Total: 464100 ns
[2020-05-02T07:19:49.189+0000][1][safepoint    ] Safepoint "Cleanup", Time since last: 1000565200 ns, Reaching safepoint: 509500 ns, At safepoint: 181400 ns, Total: 690900 ns
[2020-05-02T07:19:50.190+0000][1][safepoint    ] Safepoint "Cleanup", Time since last: 1000543000 ns, Reaching safepoint: 137500 ns, At safepoint: 57000 ns, Total: 194500 ns
[2020-05-02T07:19:51.191+0000][1][safepoint    ] Safepoint "Cleanup", Time since last: 1000619700 ns, Reaching safepoint: 286400 ns, At safepoint: 133800 ns, Total: 420200 ns
[2020-05-02T07:19:52.192+0000][1][safepoint    ] Safepoint "Cleanup", Time since last: 1000880700 ns, Reaching safepoint: 286900 ns, At safepoint: 142700 ns, Total: 429600 ns
[2020-05-02T07:19:53.194+0000][1][safepoint    ] Safepoint "Cleanup", Time since last: 1000667900 ns, Reaching safepoint: 429100 ns, At safepoint: 223500 ns, Total: 652600 ns
[2020-05-02T07:19:54.194+0000][1][safepoint    ] Safepoint "Cleanup", Time since last: 1000461700 ns, Reaching safepoint: 145600 ns, At safepoint: 62300 ns, Total: 207900 ns
[2020-05-02T07:19:55.195+0000][1][safepoint    ] Safepoint "Cleanup", Time since last: 1000379100 ns, Reaching safepoint: 139700 ns, At safepoint: 55900 ns, Total: 195600 ns
[2020-05-02T07:19:56.196+0000][1][safepoint    ] Safepoint "Cleanup", Time since last: 1000758600 ns, Reaching safepoint: 242000 ns, At safepoint: 119800 ns, Total: 361800 ns
[2020-05-02T07:19:57.197+0000][1][safepoint    ] Safepoint "Cleanup", Time since last: 1000675700 ns, Reaching safepoint: 246300 ns, At safepoint: 93300 ns, Total: 339600 ns
[2020-05-02T07:19:58.198+0000][1][safepoint    ] Safepoint "Cleanup", Time since last: 1000347300 ns, Reaching safepoint: 244500 ns, At safepoint: 75600 ns, Total: 320100 ns
[2020-05-02T07:19:59.198+0000][1][safepoint    ] Safepoint "Cleanup", Time since last: 1000403800 ns, Reaching safepoint: 257000 ns, At safepoint: 125600 ns, Total: 382600 ns
[2020-05-02T07:20:00.199+0000][1][safepoint    ] Safepoint "Cleanup", Time since last: 1000286300 ns, Reaching safepoint: 155300 ns, At safepoint: 64400 ns, Total: 219700 ns
[2020-05-02T07:20:01.200+0000][1][safepoint    ] Safepoint "Cleanup", Time since last: 1000335400 ns, Reaching safepoint: 256300 ns, At safepoint: 171600 ns, Total: 427900 ns
[2020-05-02T07:20:02.200+0000][1][safepoint    ] Safepoint "Cleanup", Time since last: 1000348700 ns, Reaching safepoint: 150300 ns, At safepoint: 63300 ns, Total: 213600 ns
[2020-05-02T07:20:03.201+0000][1][safepoint    ] Safepoint "Cleanup", Time since last: 1000366200 ns, Reaching safepoint: 513600 ns, At safepoint: 198900 ns, Total: 712500 ns
[2020-05-02T07:20:04.203+0000][1][safepoint    ] Safepoint "Cleanup", Time since last: 1000928700 ns, Reaching safepoint: 307000 ns, At safepoint: 153300 ns, Total: 460300 ns
[2020-05-02T07:20:05.204+0000][1][safepoint    ] Safepoint "Cleanup", Time since last: 1000682400 ns, Reaching safepoint: 234800 ns, At safepoint: 118000 ns, Total: 352800 ns
[2020-05-02T07:20:06.841+0000][1][safepoint    ] Safepoint "Cleanup", Time since last: 1636775000 ns, Reaching safepoint: 558400 ns, At safepoint: 195600 ns, Total: 754000 ns
[2020-05-02T07:20:07.842+0000][1][safepoint    ] Safepoint "Cleanup", Time since last: 1000400200 ns, Reaching safepoint: 167200 ns, At safepoint: 78800 ns, Total: 246000 ns
[2020-05-02T07:20:08.842+0000][1][safepoint    ] Safepoint "Cleanup", Time since last: 1000402100 ns, Reaching safepoint: 129900 ns, At safepoint: 51900 ns, Total: 181800 ns
[2020-05-02T07:20:09.844+0000][1][safepoint    ] Safepoint "Cleanup", Time since last: 1000595900 ns, Reaching safepoint: 576800 ns, At safepoint: 166300 ns, Total: 743100 ns
[2020-05-02T07:20:10.844+0000][1][safepoint    ] Safepoint "Cleanup", Time since last: 1000378700 ns, Reaching safepoint: 127800 ns, At safepoint: 50000 ns, Total: 177800 ns
[2020-05-02T07:20:11.845+0000][1][safepoint    ] Safepoint "Cleanup", Time since last: 1000188900 ns, Reaching safepoint: 145200 ns, At safepoint: 49800 ns, Total: 195000 ns
[2020-05-02T07:20:12.846+0000][1][safepoint    ] Safepoint "Cleanup", Time since last: 1000570500 ns, Reaching safepoint: 558900 ns, At safepoint: 202900 ns, Total: 761800 ns
[2020-05-02T07:20:13.848+0000][1][safepoint    ] Safepoint "Cleanup", Time since last: 1000698000 ns, Reaching safepoint: 527800 ns, At safepoint: 304600 ns, Total: 832400 ns
[2020-05-02T07:20:14.848+0000][1][safepoint    ] Safepoint "Cleanup", Time since last: 1000422500 ns, Reaching safepoint: 219100 ns, At safepoint: 102300 ns, Total: 321400 ns
[2020-05-02T07:20:15.849+0000][1][safepoint    ] Safepoint "Cleanup", Time since last: 1000337400 ns, Reaching safepoint: 139000 ns, At safepoint: 54600 ns, Total: 193600 ns
[2020-05-02T07:20:16.849+0000][1][safepoint    ] Safepoint "Cleanup", Time since last: 1000285900 ns, Reaching safepoint: 144100 ns, At safepoint: 62500 ns, Total: 206600 ns
[2020-05-02T07:20:17.850+0000][1][safepoint    ] Safepoint "Cleanup", Time since last: 1000400400 ns, Reaching safepoint: 414800 ns, At safepoint: 164100 ns, Total: 578900 ns
[2020-05-02T07:20:18.851+0000][1][safepoint    ] Safepoint "Cleanup", Time since last: 1000547500 ns, Reaching safepoint: 250300 ns, At safepoint: 101400 ns, Total: 351700 ns
[2020-05-02T07:20:19.852+0000][1][safepoint    ] Safepoint "Cleanup", Time since last: 1000609900 ns, Reaching safepoint: 245200 ns, At safepoint: 114500 ns, Total: 359700 ns
[2020-05-02T07:20:20.853+0000][1][safepoint    ] Safepoint "Cleanup", Time since last: 1000425600 ns, Reaching safepoint: 124500 ns, At safepoint: 50500 ns, Total: 175000 ns
[2020-05-02T07:20:21.853+0000][1][safepoint    ] Safepoint "Cleanup", Time since last: 1000418100 ns, Reaching safepoint: 125700 ns, At safepoint: 50300 ns, Total: 176000 ns
[2020-05-02T07:20:22.855+0000][1][safepoint    ] Safepoint "Cleanup", Time since last: 1000793400 ns, Reaching safepoint: 436600 ns, At safepoint: 207400 ns, Total: 644000 ns
[2020-05-02T07:20:23.856+0000][1][safepoint    ] Safepoint "Cleanup", Time since last: 1000850700 ns, Reaching safepoint: 255600 ns, At safepoint: 115700 ns, Total: 371300 ns
[2020-05-02T07:20:24.857+0000][1][safepoint    ] Safepoint "Cleanup", Time since last: 1000373400 ns, Reaching safepoint: 158500 ns, At safepoint: 62700 ns, Total: 221200 ns
[2020-05-02T07:20:25.858+0000][1][safepoint    ] Safepoint "Cleanup", Time since last: 1000974700 ns, Reaching safepoint: 441500 ns, At safepoint: 206400 ns, Total: 647900 ns
[2020-05-02T07:20:26.859+0000][1][safepoint    ] Safepoint "Cleanup", Time since last: 1000459300 ns, Reaching safepoint: 244300 ns, At safepoint: 145500 ns, Total: 389800 ns
[2020-05-02T07:20:27.860+0000][1][safepoint    ] Safepoint "Cleanup", Time since last: 1000651000 ns, Reaching safepoint: 506300 ns, At safepoint: 196600 ns, Total: 702900 ns
[2020-05-02T07:20:28.861+0000][1][safepoint    ] Safepoint "Cleanup", Time since last: 1000347600 ns, Reaching safepoint: 156800 ns, At safepoint: 59500 ns, Total: 216300 ns
[2020-05-02T07:20:29.862+0000][1][safepoint    ] Safepoint "Cleanup", Time since last: 1000805700 ns, Reaching safepoint: 307000 ns, At safepoint: 215000 ns, Total: 522000 ns
[2020-05-02T07:20:30.864+0000][1][safepoint    ] Safepoint "Cleanup", Time since last: 1000564900 ns, Reaching safepoint: 503300 ns, At safepoint: 179400 ns, Total: 682700 ns
[2020-05-02T07:20:31.865+0000][1][safepoint    ] Safepoint "Cleanup", Time since last: 1000790400 ns, Reaching safepoint: 215800 ns, At safepoint: 98600 ns, Total: 314400 ns
[2020-05-02T07:20:32.866+0000][1][safepoint    ] Safepoint "Cleanup", Time since last: 1000600600 ns, Reaching safepoint: 403700 ns, At safepoint: 130600 ns, Total: 534300 ns
[2020-05-02T07:20:33.867+0000][1][safepoint    ] Safepoint "Cleanup", Time since last: 1000672300 ns, Reaching safepoint: 173700 ns, At safepoint: 75000 ns, Total: 248700 ns
[2020-05-02T07:20:34.868+0000][1][safepoint    ] Safepoint "Cleanup", Time since last: 1000570000 ns, Reaching safepoint: 447800 ns, At safepoint: 199400 ns, Total: 647200 ns
[2020-05-02T07:20:35.870+0000][1][safepoint    ] Safepoint "Cleanup", Time since last: 1000932100 ns, Reaching safepoint: 603700 ns, At safepoint: 237000 ns, Total: 840700 ns
[2020-05-02T07:20:36.872+0000][1][safepoint    ] Safepoint "Cleanup", Time since last: 1001026000 ns, Reaching safepoint: 534800 ns, At safepoint: 246600 ns, Total: 781400 ns
[2020-05-02T07:20:37.873+0000][1][safepoint    ] Safepoint "Cleanup", Time since last: 1000709700 ns, Reaching safepoint: 211000 ns, At safepoint: 84600 ns, Total: 295600 ns
[2020-05-02T07:20:38.873+0000][1][safepoint    ] Safepoint "Cleanup", Time since last: 1000274300 ns, Reaching safepoint: 150800 ns, At safepoint: 61100 ns, Total: 211900 ns
[2020-05-02T07:20:39.621+0000][1][gc,start     ] GC(70) Pause Young (Allocation Failure)
[2020-05-02T07:20:39.621+0000][1][gc,task      ] GC(70) Using 10 workers of 10 for evacuation
[2020-05-02T07:20:39.624+0000][1][gc,age       ] GC(70) Desired survivor size 8945664 bytes, new threshold 6 (max threshold 6)
[2020-05-02T07:20:39.624+0000][1][gc,age       ] GC(70) Age table with threshold 6 (max threshold 6)
[2020-05-02T07:20:39.624+0000][1][gc,age       ] GC(70) - age   1:     105880 bytes,     105880 total
[2020-05-02T07:20:39.624+0000][1][gc,age       ] GC(70) - age   2:       2488 bytes,     108368 total
[2020-05-02T07:20:39.624+0000][1][gc,age       ] GC(70) - age   3:       2224 bytes,     110592 total
[2020-05-02T07:20:39.624+0000][1][gc,age       ] GC(70) - age   4:     164984 bytes,     275576 total
[2020-05-02T07:20:39.624+0000][1][gc,age       ] GC(70) - age   5:       5736 bytes,     281312 total
[2020-05-02T07:20:39.624+0000][1][gc,age       ] GC(70) - age   6:        504 bytes,     281816 total
[2020-05-02T07:20:39.624+0000][1][gc,heap      ] GC(70) ParNew: 140453K->546K(157248K)
[2020-05-02T07:20:39.625+0000][1][gc,heap      ] GC(70) CMS: 82956K->82965K(349568K)
[2020-05-02T07:20:39.625+0000][1][gc,metaspace ] GC(70) Metaspace: 98023K->98023K(1140736K)
[2020-05-02T07:20:39.625+0000][1][gc           ] GC(70) Pause Young (Allocation Failure) 218M->81M(494M) 3.808ms
[2020-05-02T07:20:39.625+0000][1][gc,cpu       ] GC(70) User=0.01s Sys=0.00s Real=0.00s
[2020-05-02T07:20:39.625+0000][1][safepoint    ] Safepoint "GenCollectForAllocation", Time since last: 747536500 ns, Reaching safepoint: 148000 ns, At safepoint: 3945800 ns, Total: 4093800 ns
[2020-05-02T07:20:41.465+0000][1][safepoint    ] Safepoint "Cleanup", Time since last: 1839915500 ns, Reaching safepoint: 307200 ns, At safepoint: 115500 ns, Total: 422700 ns
[2020-05-02T07:20:42.466+0000][1][safepoint    ] Safepoint "Cleanup", Time since last: 1000267300 ns, Reaching safepoint: 366400 ns, At safepoint: 154800 ns, Total: 521200 ns
[2020-05-02T07:20:43.468+0000][1][safepoint    ] Safepoint "Cleanup", Time since last: 1000591000 ns, Reaching safepoint: 996800 ns, At safepoint: 406900 ns, Total: 1403700 ns
[2020-05-02T07:20:44.469+0000][1][safepoint    ] Safepoint "Cleanup", Time since last: 1000428400 ns, Reaching safepoint: 253300 ns, At safepoint: 78900 ns, Total: 332200 ns
[2020-05-02T07:20:45.469+0000][1][safepoint    ] Safepoint "Cleanup", Time since last: 1000418300 ns, Reaching safepoint: 193000 ns, At safepoint: 65100 ns, Total: 258100 ns
[2020-05-02T07:20:46.470+0000][1][safepoint    ] Safepoint "Cleanup", Time since last: 1000174600 ns, Reaching safepoint: 121800 ns, At safepoint: 42700 ns, Total: 164500 ns
[2020-05-02T07:20:47.470+0000][1][safepoint    ] Safepoint "Cleanup", Time since last: 1000278300 ns, Reaching safepoint: 130400 ns, At safepoint: 54100 ns, Total: 184500 ns
[2020-05-02T07:20:48.470+0000][1][safepoint    ] Safepoint "Cleanup", Time since last: 1000163100 ns, Reaching safepoint: 168700 ns, At safepoint: 39800 ns, Total: 208500 ns
[2020-05-02T07:20:49.471+0000][1][safepoint    ] Safepoint "Cleanup", Time since last: 1000166400 ns, Reaching safepoint: 123800 ns, At safepoint: 44000 ns, Total: 167800 ns
[2020-05-02T07:20:50.471+0000][1][safepoint    ] Safepoint "Cleanup", Time since last: 1000186900 ns, Reaching safepoint: 116800 ns, At safepoint: 35300 ns, Total: 152100 ns
[2020-05-02T07:20:51.472+0000][1][safepoint    ] Safepoint "Cleanup", Time since last: 1000170600 ns, Reaching safepoint: 171400 ns, At safepoint: 58200 ns, Total: 229600 ns
[2020-05-02T07:20:52.472+0000][1][safepoint    ] Safepoint "Cleanup", Time since last: 1000202400 ns, Reaching safepoint: 203300 ns, At safepoint: 71800 ns, Total: 275100 ns
[2020-05-02T07:20:53.472+0000][1][safepoint    ] Safepoint "Cleanup", Time since last: 1000190300 ns, Reaching safepoint: 133500 ns, At safepoint: 45900 ns, Total: 179400 ns
[2020-05-02T07:20:54.473+0000][1][safepoint    ] Safepoint "Cleanup", Time since last: 1000174900 ns, Reaching safepoint: 191000 ns, At safepoint: 55900 ns, Total: 246900 ns
[2020-05-02T07:20:55.473+0000][1][safepoint    ] Safepoint "Cleanup", Time since last: 1000214600 ns, Reaching safepoint: 121000 ns, At safepoint: 58000 ns, Total: 179000 ns
[2020-05-02T07:20:56.475+0000][1][safepoint    ] Safepoint "Cleanup", Time since last: 1000436600 ns, Reaching safepoint: 493100 ns, At safepoint: 462400 ns, Total: 955500 ns
[2020-05-02T07:20:57.476+0000][1][safepoint    ] Safepoint "Cleanup", Time since last: 1000562200 ns, Reaching safepoint: 492500 ns, At safepoint: 246300 ns, Total: 738800 ns
[2020-05-02T07:20:58.477+0000][1][safepoint    ] Safepoint "Cleanup", Time since last: 1000487000 ns, Reaching safepoint: 195600 ns, At safepoint: 136200 ns, Total: 331800 ns
[2020-05-02T07:20:59.478+0000][1][safepoint    ] Safepoint "Cleanup", Time since last: 1000642500 ns, Reaching safepoint: 466000 ns, At safepoint: 214700 ns, Total: 680700 ns
[2020-05-02T07:21:00.479+0000][1][safepoint    ] Safepoint "Cleanup", Time since last: 1000312800 ns, Reaching safepoint: 125400 ns, At safepoint: 61000 ns, Total: 186400 ns
[2020-05-02T07:21:01.479+0000][1][safepoint    ] Safepoint "Cleanup", Time since last: 1000342700 ns, Reaching safepoint: 286500 ns, At safepoint: 161600 ns, Total: 448100 ns
[2020-05-02T07:21:02.480+0000][1][safepoint    ] Safepoint "Cleanup", Time since last: 1000406800 ns, Reaching safepoint: 324000 ns, At safepoint: 136700 ns, Total: 460700 ns
[2020-05-02T07:21:03.481+0000][1][safepoint    ] Safepoint "Cleanup", Time since last: 1000343000 ns, Reaching safepoint: 192100 ns, At safepoint: 89300 ns, Total: 281400 ns
[2020-05-02T07:21:04.483+0000][1][safepoint    ] Safepoint "Cleanup", Time since last: 1000562600 ns, Reaching safepoint: 801900 ns, At safepoint: 419400 ns, Total: 1221300 ns
[2020-05-02T07:21:05.484+0000][1][safepoint    ] Safepoint "Cleanup", Time since last: 1000743700 ns, Reaching safepoint: 132000 ns, At safepoint: 93300 ns, Total: 225300 ns
[2020-05-02T07:21:06.484+0000][1][safepoint    ] Safepoint "Cleanup", Time since last: 1000539700 ns, Reaching safepoint: 201900 ns, At safepoint: 133200 ns, Total: 335100 ns
[2020-05-02T07:21:07.486+0000][1][safepoint    ] Safepoint "Cleanup", Time since last: 1000446500 ns, Reaching safepoint: 374900 ns, At safepoint: 414400 ns, Total: 789300 ns
[2020-05-02T07:21:08.487+0000][1][safepoint    ] Safepoint "Cleanup", Time since last: 1000673700 ns, Reaching safepoint: 361100 ns, At safepoint: 391100 ns, Total: 752200 ns
[2020-05-02T07:21:09.489+0000][1][safepoint    ] Safepoint "Cleanup", Time since last: 1000706400 ns, Reaching safepoint: 734300 ns, At safepoint: 328300 ns, Total: 1062600 ns
[2020-05-02T07:21:10.490+0000][1][safepoint    ] Safepoint "Cleanup", Time since last: 1000636000 ns, Reaching safepoint: 282400 ns, At safepoint: 80200 ns, Total: 362600 ns
[2020-05-02T07:21:11.490+0000][1][safepoint    ] Safepoint "Cleanup", Time since last: 1000200500 ns, Reaching safepoint: 204800 ns, At safepoint: 115500 ns, Total: 320300 ns
[2020-05-02T07:21:12.768+0000][1][safepoint    ] Safepoint "Cleanup", Time since last: 1277255800 ns, Reaching safepoint: 440200 ns, At safepoint: 241400 ns, Total: 681600 ns
[2020-05-02T07:21:13.770+0000][1][safepoint    ] Safepoint "Cleanup", Time since last: 1000743100 ns, Reaching safepoint: 466600 ns, At safepoint: 302300 ns, Total: 768900 ns
[2020-05-02T07:21:14.771+0000][1][safepoint    ] Safepoint "Cleanup", Time since last: 1000525900 ns, Reaching safepoint: 126000 ns, At safepoint: 43800 ns, Total: 169800 ns
[2020-05-02T07:21:15.771+0000][1][safepoint    ] Safepoint "Cleanup", Time since last: 1000216500 ns, Reaching safepoint: 238300 ns, At safepoint: 76200 ns, Total: 314500 ns
[2020-05-02T07:21:16.772+0000][1][safepoint    ] Safepoint "Cleanup", Time since last: 1000433400 ns, Reaching safepoint: 136200 ns, At safepoint: 56600 ns, Total: 192800 ns
[2020-05-02T07:21:17.772+0000][1][safepoint    ] Safepoint "Cleanup", Time since last: 1000218100 ns, Reaching safepoint: 124400 ns, At safepoint: 39900 ns, Total: 164300 ns
[2020-05-02T07:21:18.773+0000][1][safepoint    ] Safepoint "Cleanup", Time since last: 1000248100 ns, Reaching safepoint: 247400 ns, At safepoint: 83300 ns, Total: 330700 ns
[2020-05-02T07:21:19.773+0000][1][safepoint    ] Safepoint "Cleanup", Time since last: 1000275600 ns, Reaching safepoint: 322500 ns, At safepoint: 133300 ns, Total: 455800 ns
[2020-05-02T07:21:20.774+0000][1][safepoint    ] Safepoint "Cleanup", Time since last: 1000422900 ns, Reaching safepoint: 177400 ns, At safepoint: 79100 ns, Total: 256500 ns
[2020-05-02T07:21:21.776+0000][1][safepoint    ] Safepoint "Cleanup", Time since last: 1000820800 ns, Reaching safepoint: 405400 ns, At safepoint: 273400 ns, Total: 678800 ns
[2020-05-02T07:21:22.777+0000][1][safepoint    ] Safepoint "Cleanup", Time since last: 1000506800 ns, Reaching safepoint: 311500 ns, At safepoint: 150500 ns, Total: 462000 ns
[2020-05-02T07:21:23.778+0000][1][safepoint    ] Safepoint "Cleanup", Time since last: 1001028900 ns, Reaching safepoint: 420300 ns, At safepoint: 205100 ns, Total: 625400 ns
[2020-05-02T07:21:24.780+0000][1][safepoint    ] Safepoint "Cleanup", Time since last: 1000743000 ns, Reaching safepoint: 499400 ns, At safepoint: 203700 ns, Total: 703100 ns
[2020-05-02T07:21:25.780+0000][1][safepoint    ] Safepoint "Cleanup", Time since last: 1000376100 ns, Reaching safepoint: 133100 ns, At safepoint: 52100 ns, Total: 185200 ns
[2020-05-02T07:21:26.781+0000][1][safepoint    ] Safepoint "Cleanup", Time since last: 1000310500 ns, Reaching safepoint: 175500 ns, At safepoint: 71000 ns, Total: 246500 ns
[2020-05-02T07:21:27.782+0000][1][safepoint    ] Safepoint "Cleanup", Time since last: 1000642700 ns, Reaching safepoint: 216800 ns, At safepoint: 99200 ns, Total: 316000 ns
[2020-05-02T07:21:28.782+0000][1][safepoint    ] Safepoint "Cleanup", Time since last: 1000208500 ns, Reaching safepoint: 156100 ns, At safepoint: 50900 ns, Total: 207000 ns
[2020-05-02T07:21:29.782+0000][1][safepoint    ] Safepoint "Cleanup", Time since last: 1000187000 ns, Reaching safepoint: 139800 ns, At safepoint: 52900 ns, Total: 192700 ns
[2020-05-02T07:21:30.783+0000][1][safepoint    ] Safepoint "Cleanup", Time since last: 1000669200 ns, Reaching safepoint: 208200 ns, At safepoint: 96100 ns, Total: 304300 ns
[2020-05-02T07:21:31.785+0000][1][safepoint    ] Safepoint "Cleanup", Time since last: 1000889700 ns, Reaching safepoint: 441200 ns, At safepoint: 209300 ns, Total: 650500 ns
[2020-05-02T07:21:32.787+0000][1][safepoint    ] Safepoint "Cleanup", Time since last: 1001117100 ns, Reaching safepoint: 442800 ns, At safepoint: 201900 ns, Total: 644700 ns
[2020-05-02T07:21:33.788+0000][1][safepoint    ] Safepoint "Cleanup", Time since last: 1000721700 ns, Reaching safepoint: 506600 ns, At safepoint: 201700 ns, Total: 708300 ns
[2020-05-02T07:21:34.790+0000][1][safepoint    ] Safepoint "Cleanup", Time since last: 1000612700 ns, Reaching safepoint: 446500 ns, At safepoint: 303600 ns, Total: 750100 ns
[2020-05-02T07:21:35.791+0000][1][safepoint    ] Safepoint "Cleanup", Time since last: 1000923600 ns, Reaching safepoint: 252100 ns, At safepoint: 136800 ns, Total: 388900 ns
[2020-05-02T07:21:36.792+0000][1][safepoint    ] Safepoint "Cleanup", Time since last: 1000586800 ns, Reaching safepoint: 328300 ns, At safepoint: 150100 ns, Total: 478400 ns
[2020-05-02T07:21:37.793+0000][1][safepoint    ] Safepoint "Cleanup", Time since last: 1000558600 ns, Reaching safepoint: 482800 ns, At safepoint: 197300 ns, Total: 680100 ns
[2020-05-02T07:21:38.794+0000][1][safepoint    ] Safepoint "Cleanup", Time since last: 1000519000 ns, Reaching safepoint: 138500 ns, At safepoint: 56100 ns, Total: 194600 ns
[2020-05-02T07:21:39.794+0000][1][safepoint    ] Safepoint "Cleanup", Time since last: 1000231100 ns, Reaching safepoint: 141100 ns, At safepoint: 58400 ns, Total: 199500 ns
[2020-05-02T07:21:40.795+0000][1][safepoint    ] Safepoint "Cleanup", Time since last: 1000279000 ns, Reaching safepoint: 153800 ns, At safepoint: 61800 ns, Total: 215600 ns
[2020-05-02T07:21:41.795+0000][1][safepoint    ] Safepoint "Cleanup", Time since last: 1000204700 ns, Reaching safepoint: 129100 ns, At safepoint: 56200 ns, Total: 185300 ns
[2020-05-02T07:21:42.796+0000][1][safepoint    ] Safepoint "Cleanup", Time since last: 1000368200 ns, Reaching safepoint: 251000 ns, At safepoint: 86100 ns, Total: 337100 ns
[2020-05-02T07:21:43.796+0000][1][safepoint    ] Safepoint "Cleanup", Time since last: 1000254200 ns, Reaching safepoint: 147000 ns, At safepoint: 57700 ns, Total: 204700 ns
[2020-05-02T07:21:44.797+0000][1][safepoint    ] Safepoint "Cleanup", Time since last: 1000214900 ns, Reaching safepoint: 126000 ns, At safepoint: 37100 ns, Total: 163100 ns
[2020-05-02T07:21:45.797+0000][1][safepoint    ] Safepoint "Cleanup", Time since last: 1000445100 ns, Reaching safepoint: 216300 ns, At safepoint: 98200 ns, Total: 314500 ns
[2020-05-02T07:21:46.798+0000][1][safepoint    ] Safepoint "Cleanup", Time since last: 1000419800 ns, Reaching safepoint: 372400 ns, At safepoint: 141500 ns, Total: 513900 ns
[2020-05-02T07:21:47.799+0000][1][safepoint    ] Safepoint "Cleanup", Time since last: 1000310800 ns, Reaching safepoint: 143000 ns, At safepoint: 56300 ns, Total: 199300 ns
[2020-05-02T07:21:48.800+0000][1][safepoint    ] Safepoint "Cleanup", Time since last: 1000726400 ns, Reaching safepoint: 285000 ns, At safepoint: 71000 ns, Total: 356000 ns
[2020-05-02T07:21:49.801+0000][1][safepoint    ] Safepoint "Cleanup", Time since last: 1000384800 ns, Reaching safepoint: 134500 ns, At safepoint: 55500 ns, Total: 190000 ns
[2020-05-02T07:21:51.772+0000][1][safepoint    ] Safepoint "Cleanup", Time since last: 1970434100 ns, Reaching safepoint: 345600 ns, At safepoint: 143300 ns, Total: 488900 ns
[2020-05-02T07:21:52.772+0000][1][safepoint    ] Safepoint "Cleanup", Time since last: 1000501600 ns, Reaching safepoint: 211600 ns, At safepoint: 41000 ns, Total: 252600 ns
[2020-05-02T07:21:53.773+0000][1][safepoint    ] Safepoint "Cleanup", Time since last: 1000224700 ns, Reaching safepoint: 264700 ns, At safepoint: 155100 ns, Total: 419800 ns
[2020-05-02T07:21:54.774+0000][1][safepoint    ] Safepoint "Cleanup", Time since last: 1000487900 ns, Reaching safepoint: 460100 ns, At safepoint: 102900 ns, Total: 563000 ns
[2020-05-02T07:21:55.775+0000][1][safepoint    ] Safepoint "Cleanup", Time since last: 1000404900 ns, Reaching safepoint: 225600 ns, At safepoint: 97000 ns, Total: 322600 ns
[2020-05-02T07:21:56.775+0000][1][safepoint    ] Safepoint "Cleanup", Time since last: 1000374300 ns, Reaching safepoint: 213900 ns, At safepoint: 94200 ns, Total: 308100 ns
[2020-05-02T07:21:57.776+0000][1][safepoint    ] Safepoint "Cleanup", Time since last: 1000689700 ns, Reaching safepoint: 223500 ns, At safepoint: 144600 ns, Total: 368100 ns
[2020-05-02T07:21:58.777+0000][1][safepoint    ] Safepoint "Cleanup", Time since last: 1000617000 ns, Reaching safepoint: 263900 ns, At safepoint: 120300 ns, Total: 384200 ns
[2020-05-02T07:21:59.778+0000][1][safepoint    ] Safepoint "Cleanup", Time since last: 1000275600 ns, Reaching safepoint: 124300 ns, At safepoint: 52800 ns, Total: 177100 ns
[2020-05-02T07:22:00.778+0000][1][safepoint    ] Safepoint "Cleanup", Time since last: 1000182500 ns, Reaching safepoint: 142400 ns, At safepoint: 53300 ns, Total: 195700 ns
[2020-05-02T07:22:01.779+0000][1][safepoint    ] Safepoint "Cleanup", Time since last: 1000324500 ns, Reaching safepoint: 438400 ns, At safepoint: 136200 ns, Total: 574600 ns
[2020-05-02T07:22:02.780+0000][1][safepoint    ] Safepoint "Cleanup", Time since last: 1000821700 ns, Reaching safepoint: 135200 ns, At safepoint: 56900 ns, Total: 192100 ns
[2020-05-02T07:22:03.781+0000][1][safepoint    ] Safepoint "Cleanup", Time since last: 1000228100 ns, Reaching safepoint: 203800 ns, At safepoint: 96700 ns, Total: 300500 ns
[2020-05-02T07:22:04.781+0000][1][safepoint    ] Safepoint "Cleanup", Time since last: 1000323600 ns, Reaching safepoint: 224000 ns, At safepoint: 66000 ns, Total: 290000 ns
[2020-05-02T07:22:05.782+0000][1][safepoint    ] Safepoint "Cleanup", Time since last: 1000290800 ns, Reaching safepoint: 296400 ns, At safepoint: 85400 ns, Total: 381800 ns
[2020-05-02T07:22:06.783+0000][1][safepoint    ] Safepoint "Cleanup", Time since last: 1000322600 ns, Reaching safepoint: 214300 ns, At safepoint: 96500 ns, Total: 310800 ns
[2020-05-02T07:22:07.783+0000][1][safepoint    ] Safepoint "Cleanup", Time since last: 1000447000 ns, Reaching safepoint: 239300 ns, At safepoint: 36600 ns, Total: 275900 ns
[2020-05-02T07:22:08.785+0000][1][safepoint    ] Safepoint "Cleanup", Time since last: 1000411000 ns, Reaching safepoint: 897700 ns, At safepoint: 259800 ns, Total: 1157500 ns
[2020-05-02T07:22:09.786+0000][1][safepoint    ] Safepoint "Cleanup", Time since last: 1000562300 ns, Reaching safepoint: 125800 ns, At safepoint: 52700 ns, Total: 178500 ns
[2020-05-02T07:22:10.786+0000][1][safepoint    ] Safepoint "Cleanup", Time since last: 1000388400 ns, Reaching safepoint: 175100 ns, At safepoint: 71800 ns, Total: 246900 ns
[2020-05-02T07:22:11.787+0000][1][safepoint    ] Safepoint "Cleanup", Time since last: 1000226900 ns, Reaching safepoint: 118800 ns, At safepoint: 40600 ns, Total: 159400 ns
[2020-05-02T07:22:12.787+0000][1][safepoint    ] Safepoint "Cleanup", Time since last: 1000320200 ns, Reaching safepoint: 283700 ns, At safepoint: 171400 ns, Total: 455100 ns
[2020-05-02T07:22:13.788+0000][1][safepoint    ] Safepoint "Cleanup", Time since last: 1000490200 ns, Reaching safepoint: 256800 ns, At safepoint: 139300 ns, Total: 396100 ns
[2020-05-02T07:22:14.790+0000][1][safepoint    ] Safepoint "Cleanup", Time since last: 1000653600 ns, Reaching safepoint: 512700 ns, At safepoint: 180200 ns, Total: 692900 ns
[2020-05-02T07:22:15.790+0000][1][safepoint    ] Safepoint "Cleanup", Time since last: 1000415100 ns, Reaching safepoint: 199100 ns, At safepoint: 92500 ns, Total: 291600 ns
[2020-05-02T07:22:16.792+0000][1][safepoint    ] Safepoint "Cleanup", Time since last: 1000504400 ns, Reaching safepoint: 495200 ns, At safepoint: 198100 ns, Total: 693300 ns
[2020-05-02T07:22:17.793+0000][1][safepoint    ] Safepoint "Cleanup", Time since last: 1000580700 ns, Reaching safepoint: 539700 ns, At safepoint: 180000 ns, Total: 719700 ns
[2020-05-02T07:22:18.794+0000][1][safepoint    ] Safepoint "Cleanup", Time since last: 1000841000 ns, Reaching safepoint: 441200 ns, At safepoint: 112400 ns, Total: 553600 ns
[2020-05-02T07:22:19.795+0000][1][safepoint    ] Safepoint "Cleanup", Time since last: 1000507500 ns, Reaching safepoint: 136300 ns, At safepoint: 70900 ns, Total: 207200 ns
[2020-05-02T07:22:21.790+0000][1][safepoint    ] Safepoint "Cleanup", Time since last: 1994728400 ns, Reaching safepoint: 162100 ns, At safepoint: 68000 ns, Total: 230100 ns
[2020-05-02T07:22:22.791+0000][1][safepoint    ] Safepoint "Cleanup", Time since last: 1000832800 ns, Reaching safepoint: 318700 ns, At safepoint: 166700 ns, Total: 485400 ns
[2020-05-02T07:22:23.793+0000][1][safepoint    ] Safepoint "Cleanup", Time since last: 1000662500 ns, Reaching safepoint: 428600 ns, At safepoint: 300900 ns, Total: 729500 ns
[2020-05-02T07:22:24.795+0000][1][safepoint    ] Safepoint "Cleanup", Time since last: 1001083300 ns, Reaching safepoint: 497100 ns, At safepoint: 260000 ns, Total: 757100 ns
[2020-05-02T07:22:25.795+0000][1][safepoint    ] Safepoint "Cleanup", Time since last: 1000453400 ns, Reaching safepoint: 130000 ns, At safepoint: 50900 ns, Total: 180900 ns
[2020-05-02T07:22:26.796+0000][1][safepoint    ] Safepoint "Cleanup", Time since last: 1000405700 ns, Reaching safepoint: 154300 ns, At safepoint: 33100 ns, Total: 187400 ns
[2020-05-02T07:22:27.797+0000][1][safepoint    ] Safepoint "Cleanup", Time since last: 1000830500 ns, Reaching safepoint: 406800 ns, At safepoint: 205600 ns, Total: 612400 ns
[2020-05-02T07:22:28.798+0000][1][safepoint    ] Safepoint "Cleanup", Time since last: 1000488500 ns, Reaching safepoint: 303900 ns, At safepoint: 88700 ns, Total: 392600 ns
[2020-05-02T07:22:29.799+0000][1][safepoint    ] Safepoint "Cleanup", Time since last: 1000579500 ns, Reaching safepoint: 357700 ns, At safepoint: 251600 ns, Total: 609300 ns
[2020-05-02T07:22:30.800+0000][1][safepoint    ] Safepoint "Cleanup", Time since last: 1000726700 ns, Reaching safepoint: 154000 ns, At safepoint: 67800 ns, Total: 221800 ns
[2020-05-02T07:22:31.801+0000][1][safepoint    ] Safepoint "Cleanup", Time since last: 1000444000 ns, Reaching safepoint: 507300 ns, At safepoint: 273200 ns, Total: 780500 ns
[2020-05-02T07:22:32.803+0000][1][safepoint    ] Safepoint "Cleanup", Time since last: 1000822300 ns, Reaching safepoint: 458800 ns, At safepoint: 199200 ns, Total: 658000 ns
[2020-05-02T07:22:33.804+0000][1][safepoint    ] Safepoint "Cleanup", Time since last: 1000503100 ns, Reaching safepoint: 185700 ns, At safepoint: 87600 ns, Total: 273300 ns
[2020-05-02T07:22:34.805+0000][1][safepoint    ] Safepoint "Cleanup", Time since last: 1000783700 ns, Reaching safepoint: 440400 ns, At safepoint: 210000 ns, Total: 650400 ns
[2020-05-02T07:22:35.806+0000][1][safepoint    ] Safepoint "Cleanup", Time since last: 1000812100 ns, Reaching safepoint: 131500 ns, At safepoint: 56500 ns, Total: 188000 ns
[2020-05-02T07:22:36.808+0000][1][safepoint    ] Safepoint "Cleanup", Time since last: 1000768800 ns, Reaching safepoint: 443400 ns, At safepoint: 206000 ns, Total: 649400 ns
[2020-05-02T07:22:37.809+0000][1][safepoint    ] Safepoint "Cleanup", Time since last: 1000895600 ns, Reaching safepoint: 124800 ns, At safepoint: 55000 ns, Total: 179800 ns
[2020-05-02T07:22:38.809+0000][1][safepoint    ] Safepoint "Cleanup", Time since last: 1000200300 ns, Reaching safepoint: 128600 ns, At safepoint: 51900 ns, Total: 180500 ns
[2020-05-02T07:22:39.810+0000][1][safepoint    ] Safepoint "Cleanup", Time since last: 1000462000 ns, Reaching safepoint: 445900 ns, At safepoint: 204800 ns, Total: 650700 ns
[2020-05-02T07:22:40.811+0000][1][safepoint    ] Safepoint "Cleanup", Time since last: 1000382300 ns, Reaching safepoint: 139500 ns, At safepoint: 52900 ns, Total: 192400 ns
[2020-05-02T07:22:41.811+0000][1][safepoint    ] Safepoint "Cleanup", Time since last: 1000267000 ns, Reaching safepoint: 125600 ns, At safepoint: 54600 ns, Total: 180200 ns
[2020-05-02T07:22:42.812+0000][1][safepoint    ] Safepoint "Cleanup", Time since last: 1000232700 ns, Reaching safepoint: 133300 ns, At safepoint: 76800 ns, Total: 210100 ns
[2020-05-02T07:22:43.813+0000][1][safepoint    ] Safepoint "Cleanup", Time since last: 1000436200 ns, Reaching safepoint: 449800 ns, At safepoint: 218400 ns, Total: 668200 ns
[2020-05-02T07:22:44.814+0000][1][safepoint    ] Safepoint "Cleanup", Time since last: 1001073400 ns, Reaching safepoint: 409700 ns, At safepoint: 205200 ns, Total: 614900 ns
[2020-05-02T07:22:45.816+0000][1][safepoint    ] Safepoint "Cleanup", Time since last: 1001038500 ns, Reaching safepoint: 494200 ns, At safepoint: 208000 ns, Total: 702200 ns
[2020-05-02T07:22:46.818+0000][1][safepoint    ] Safepoint "Cleanup", Time since last: 1000983900 ns, Reaching safepoint: 443200 ns, At safepoint: 207900 ns, Total: 651100 ns
[2020-05-02T07:22:47.819+0000][1][safepoint    ] Safepoint "Cleanup", Time since last: 1000933400 ns, Reaching safepoint: 442100 ns, At safepoint: 114400 ns, Total: 556500 ns
[2020-05-02T07:22:48.821+0000][1][safepoint    ] Safepoint "Cleanup", Time since last: 1000826500 ns, Reaching safepoint: 489800 ns, At safepoint: 229400 ns, Total: 719200 ns
[2020-05-02T07:22:49.822+0000][1][safepoint    ] Safepoint "Cleanup", Time since last: 1000617600 ns, Reaching safepoint: 504800 ns, At safepoint: 178500 ns, Total: 683300 ns
[2020-05-02T07:22:50.823+0000][1][safepoint    ] Safepoint "Cleanup", Time since last: 1000517700 ns, Reaching safepoint: 128100 ns, At safepoint: 53700 ns, Total: 181800 ns
[2020-05-02T07:22:51.824+0000][1][safepoint    ] Safepoint "Cleanup", Time since last: 1000479500 ns, Reaching safepoint: 445600 ns, At safepoint: 211000 ns, Total: 656600 ns
[2020-05-02T07:22:52.825+0000][1][safepoint    ] Safepoint "Cleanup", Time since last: 1000407500 ns, Reaching safepoint: 314300 ns, At safepoint: 84200 ns, Total: 398500 ns
[2020-05-02T07:22:53.825+0000][1][safepoint    ] Safepoint "Cleanup", Time since last: 1000401100 ns, Reaching safepoint: 179900 ns, At safepoint: 82300 ns, Total: 262200 ns
[2020-05-02T07:22:54.826+0000][1][safepoint    ] Safepoint "Cleanup", Time since last: 1000382600 ns, Reaching safepoint: 316000 ns, At safepoint: 127500 ns, Total: 443500 ns
[2020-05-02T07:22:55.827+0000][1][safepoint    ] Safepoint "Cleanup", Time since last: 1000539500 ns, Reaching safepoint: 349200 ns, At safepoint: 88400 ns, Total: 437600 ns
[2020-05-02T07:22:57.807+0000][1][safepoint    ] Safepoint "Cleanup", Time since last: 1979234100 ns, Reaching safepoint: 134300 ns, At safepoint: 55900 ns, Total: 190200 ns
[2020-05-02T07:22:58.807+0000][1][safepoint    ] Safepoint "Cleanup", Time since last: 1000215300 ns, Reaching safepoint: 258600 ns, At safepoint: 72900 ns, Total: 331500 ns
[2020-05-02T07:22:59.808+0000][1][safepoint    ] Safepoint "Cleanup", Time since last: 1000252500 ns, Reaching safepoint: 142100 ns, At safepoint: 50800 ns, Total: 192900 ns
[2020-05-02T07:23:00.442+0000][1][safepoint    ] Safepoint "RevokeBias", Time since last: 633695900 ns, Reaching safepoint: 214000 ns, At safepoint: 78000 ns, Total: 292000 ns
[2020-05-02T07:23:01.442+0000][1][safepoint    ] Safepoint "Cleanup", Time since last: 1000305800 ns, Reaching safepoint: 171400 ns, At safepoint: 50800 ns, Total: 222200 ns
[2020-05-02T07:23:02.443+0000][1][safepoint    ] Safepoint "Cleanup", Time since last: 1000308100 ns, Reaching safepoint: 166700 ns, At safepoint: 50600 ns, Total: 217300 ns
[2020-05-02T07:23:03.443+0000][1][safepoint    ] Safepoint "Cleanup", Time since last: 1000317600 ns, Reaching safepoint: 130100 ns, At safepoint: 50800 ns, Total: 180900 ns
[2020-05-02T07:23:04.444+0000][1][safepoint    ] Safepoint "Cleanup", Time since last: 1000293300 ns, Reaching safepoint: 188200 ns, At safepoint: 76600 ns, Total: 264800 ns
[2020-05-02T07:23:05.444+0000][1][safepoint    ] Safepoint "Cleanup", Time since last: 1000370500 ns, Reaching safepoint: 194300 ns, At safepoint: 73300 ns, Total: 267600 ns
[2020-05-02T07:23:06.446+0000][1][safepoint    ] Safepoint "Cleanup", Time since last: 1000476700 ns, Reaching safepoint: 502600 ns, At safepoint: 371600 ns, Total: 874200 ns
[2020-05-02T07:23:07.446+0000][1][safepoint    ] Safepoint "Cleanup", Time since last: 1000464500 ns, Reaching safepoint: 127000 ns, At safepoint: 51600 ns, Total: 178600 ns
[2020-05-02T07:23:08.447+0000][1][safepoint    ] Safepoint "Cleanup", Time since last: 1000434600 ns, Reaching safepoint: 465800 ns, At safepoint: 184600 ns, Total: 650400 ns
[2020-05-02T07:23:09.449+0000][1][safepoint    ] Safepoint "Cleanup", Time since last: 1000753600 ns, Reaching safepoint: 291400 ns, At safepoint: 147800 ns, Total: 439200 ns
[2020-05-02T07:23:10.449+0000][1][safepoint    ] Safepoint "Cleanup", Time since last: 1000674500 ns, Reaching safepoint: 142100 ns, At safepoint: 53300 ns, Total: 195400 ns
[2020-05-02T07:23:11.451+0000][1][safepoint    ] Safepoint "Cleanup", Time since last: 1000482800 ns, Reaching safepoint: 529000 ns, At safepoint: 200000 ns, Total: 729000 ns
[2020-05-02T07:23:12.452+0000][1][safepoint    ] Safepoint "Cleanup", Time since last: 1000595500 ns, Reaching safepoint: 448000 ns, At safepoint: 257400 ns, Total: 705400 ns
[2020-05-02T07:23:13.453+0000][1][safepoint    ] Safepoint "Cleanup", Time since last: 1000571300 ns, Reaching safepoint: 286100 ns, At safepoint: 128300 ns, Total: 414400 ns
[2020-05-02T07:23:14.454+0000][1][safepoint    ] Safepoint "Cleanup", Time since last: 1000469000 ns, Reaching safepoint: 135500 ns, At safepoint: 74200 ns, Total: 209700 ns
[2020-05-02T07:23:15.455+0000][1][safepoint    ] Safepoint "Cleanup", Time since last: 1000705100 ns, Reaching safepoint: 220500 ns, At safepoint: 98900 ns, Total: 319400 ns
[2020-05-02T07:23:16.455+0000][1][safepoint    ] Safepoint "Cleanup", Time since last: 1000327500 ns, Reaching safepoint: 133100 ns, At safepoint: 53300 ns, Total: 186400 ns
[2020-05-02T07:23:17.456+0000][1][safepoint    ] Safepoint "Cleanup", Time since last: 1000238000 ns, Reaching safepoint: 131900 ns, At safepoint: 51800 ns, Total: 183700 ns
[2020-05-02T07:23:18.456+0000][1][safepoint    ] Safepoint "Cleanup", Time since last: 1000607400 ns, Reaching safepoint: 130200 ns, At safepoint: 54400 ns, Total: 184600 ns
[2020-05-02T07:23:19.458+0000][1][safepoint    ] Safepoint "Cleanup", Time since last: 1000716500 ns, Reaching safepoint: 612700 ns, At safepoint: 214600 ns, Total: 827300 ns
[2020-05-02T07:23:20.459+0000][1][safepoint    ] Safepoint "Cleanup", Time since last: 1000462200 ns, Reaching safepoint: 221800 ns, At safepoint: 91500 ns, Total: 313300 ns
[2020-05-02T07:23:21.459+0000][1][safepoint    ] Safepoint "Cleanup", Time since last: 1000362900 ns, Reaching safepoint: 156500 ns, At safepoint: 51700 ns, Total: 208200 ns
[2020-05-02T07:23:22.460+0000][1][safepoint    ] Safepoint "Cleanup", Time since last: 1000269100 ns, Reaching safepoint: 243300 ns, At safepoint: 88900 ns, Total: 332200 ns
[2020-05-02T07:23:23.461+0000][1][safepoint    ] Safepoint "Cleanup", Time since last: 1000527900 ns, Reaching safepoint: 492200 ns, At safepoint: 243200 ns, Total: 735400 ns
[2020-05-02T07:23:24.462+0000][1][safepoint    ] Safepoint "Cleanup", Time since last: 1000419500 ns, Reaching safepoint: 130500 ns, At safepoint: 59500 ns, Total: 190000 ns
[2020-05-02T07:23:25.463+0000][1][safepoint    ] Safepoint "Cleanup", Time since last: 1000545200 ns, Reaching safepoint: 134900 ns, At safepoint: 56500 ns, Total: 191400 ns
[2020-05-02T07:23:26.463+0000][1][safepoint    ] Safepoint "Cleanup", Time since last: 1000361700 ns, Reaching safepoint: 187800 ns, At safepoint: 78200 ns, Total: 266000 ns
[2020-05-02T07:23:27.464+0000][1][safepoint    ] Safepoint "Cleanup", Time since last: 1000684900 ns, Reaching safepoint: 284500 ns, At safepoint: 132700 ns, Total: 417200 ns
[2020-05-02T07:23:28.465+0000][1][safepoint    ] Safepoint "Cleanup", Time since last: 1000774900 ns, Reaching safepoint: 141700 ns, At safepoint: 61100 ns, Total: 202800 ns
[2020-05-02T07:23:29.466+0000][1][safepoint    ] Safepoint "Cleanup", Time since last: 1000562200 ns, Reaching safepoint: 215300 ns, At safepoint: 92200 ns, Total: 307500 ns
[2020-05-02T07:23:30.467+0000][1][safepoint    ] Safepoint "Cleanup", Time since last: 1000294000 ns, Reaching safepoint: 148700 ns, At safepoint: 50700 ns, Total: 199400 ns
[2020-05-02T07:23:31.467+0000][1][safepoint    ] Safepoint "Cleanup", Time since last: 1000199600 ns, Reaching safepoint: 132700 ns, At safepoint: 60000 ns, Total: 192700 ns
[2020-05-02T07:23:32.468+0000][1][safepoint    ] Safepoint "Cleanup", Time since last: 1000426000 ns, Reaching safepoint: 262500 ns, At safepoint: 127400 ns, Total: 389900 ns
[2020-05-02T07:23:33.468+0000][1][safepoint    ] Safepoint "Cleanup", Time since last: 1000471900 ns, Reaching safepoint: 130000 ns, At safepoint: 49600 ns, Total: 179600 ns
[2020-05-02T07:23:34.469+0000][1][safepoint    ] Safepoint "Cleanup", Time since last: 1000263200 ns, Reaching safepoint: 296200 ns, At safepoint: 114500 ns, Total: 410700 ns
[2020-05-02T07:23:35.470+0000][1][safepoint    ] Safepoint "Cleanup", Time since last: 1000586500 ns, Reaching safepoint: 504400 ns, At safepoint: 253700 ns, Total: 758100 ns
[2020-05-02T07:23:35.612+0000][1][gc,start     ] GC(71) Pause Young (Allocation Failure)
[2020-05-02T07:23:35.612+0000][1][gc,task      ] GC(71) Using 10 workers of 10 for evacuation
[2020-05-02T07:23:35.620+0000][1][gc,age       ] GC(71) Desired survivor size 8945664 bytes, new threshold 6 (max threshold 6)
[2020-05-02T07:23:35.621+0000][1][gc,age       ] GC(71) Age table with threshold 6 (max threshold 6)
[2020-05-02T07:23:35.621+0000][1][gc,age       ] GC(71) - age   1:      57312 bytes,      57312 total
[2020-05-02T07:23:35.621+0000][1][gc,age       ] GC(71) - age   2:      51736 bytes,     109048 total
[2020-05-02T07:23:35.621+0000][1][gc,age       ] GC(71) - age   3:       1840 bytes,     110888 total
[2020-05-02T07:23:35.621+0000][1][gc,age       ] GC(71) - age   4:       1904 bytes,     112792 total
[2020-05-02T07:23:35.621+0000][1][gc,age       ] GC(71) - age   5:      41104 bytes,     153896 total
[2020-05-02T07:23:35.621+0000][1][gc,age       ] GC(71) - age   6:       5736 bytes,     159632 total
[2020-05-02T07:23:35.621+0000][1][gc,heap      ] GC(71) ParNew: 140322K->277K(157248K)
[2020-05-02T07:23:35.621+0000][1][gc,heap      ] GC(71) CMS: 82965K->82966K(349568K)
[2020-05-02T07:23:35.621+0000][1][gc,metaspace ] GC(71) Metaspace: 98028K->98028K(1140736K)
[2020-05-02T07:23:35.621+0000][1][gc           ] GC(71) Pause Young (Allocation Failure) 218M->81M(494M) 9.293ms
[2020-05-02T07:23:35.621+0000][1][gc,cpu       ] GC(71) User=0.02s Sys=0.01s Real=0.01s
[2020-05-02T07:23:35.621+0000][1][safepoint    ] Safepoint "GenCollectForAllocation", Time since last: 140592600 ns, Reaching safepoint: 510100 ns, At safepoint: 9478000 ns, Total: 9988100 ns
[2020-05-02T07:23:36.621+0000][1][safepoint    ] Safepoint "Cleanup", Time since last: 1000199500 ns, Reaching safepoint: 186500 ns, At safepoint: 65300 ns, Total: 251800 ns
[2020-05-02T07:23:37.622+0000][1][safepoint    ] Safepoint "Cleanup", Time since last: 1000386700 ns, Reaching safepoint: 129500 ns, At safepoint: 52700 ns, Total: 182200 ns
[2020-05-02T07:23:38.623+0000][1][safepoint    ] Safepoint "Cleanup", Time since last: 1000691200 ns, Reaching safepoint: 132400 ns, At safepoint: 63500 ns, Total: 195900 ns
[2020-05-02T07:23:39.624+0000][1][safepoint    ] Safepoint "Cleanup", Time since last: 1000417800 ns, Reaching safepoint: 506400 ns, At safepoint: 362400 ns, Total: 868800 ns
[2020-05-02T07:23:40.626+0000][1][safepoint    ] Safepoint "Cleanup", Time since last: 1000651800 ns, Reaching safepoint: 740500 ns, At safepoint: 220900 ns, Total: 961400 ns
[2020-05-02T07:23:41.627+0000][1][safepoint    ] Safepoint "Cleanup", Time since last: 1000970200 ns, Reaching safepoint: 443000 ns, At safepoint: 210000 ns, Total: 653000 ns
[2020-05-02T07:23:42.629+0000][1][safepoint    ] Safepoint "Cleanup", Time since last: 1000793200 ns, Reaching safepoint: 405300 ns, At safepoint: 253000 ns, Total: 658300 ns
[2020-05-02T07:23:43.630+0000][1][safepoint    ] Safepoint "Cleanup", Time since last: 1000821700 ns, Reaching safepoint: 254400 ns, At safepoint: 119800 ns, Total: 374200 ns
[2020-05-02T07:23:45.207+0000][1][safepoint    ] Safepoint "Cleanup", Time since last: 1575525000 ns, Reaching safepoint: 671000 ns, At safepoint: 253300 ns, Total: 924300 ns
[2020-05-02T07:23:46.208+0000][1][safepoint    ] Safepoint "Cleanup", Time since last: 1000635000 ns, Reaching safepoint: 527100 ns, At safepoint: 211600 ns, Total: 738700 ns
[2020-05-02T07:23:47.209+0000][1][safepoint    ] Safepoint "Cleanup", Time since last: 1000533600 ns, Reaching safepoint: 319600 ns, At safepoint: 110100 ns, Total: 429700 ns
[2020-05-02T07:23:48.210+0000][1][safepoint    ] Safepoint "Cleanup", Time since last: 1000824200 ns, Reaching safepoint: 408100 ns, At safepoint: 207200 ns, Total: 615300 ns
[2020-05-02T07:23:49.212+0000][1][safepoint    ] Safepoint "Cleanup", Time since last: 1000688400 ns, Reaching safepoint: 401100 ns, At safepoint: 246600 ns, Total: 647700 ns
[2020-05-02T07:23:50.213+0000][1][safepoint    ] Safepoint "Cleanup", Time since last: 1000779300 ns, Reaching safepoint: 405100 ns, At safepoint: 199300 ns, Total: 604400 ns
[2020-05-02T07:23:51.214+0000][1][safepoint    ] Safepoint "Cleanup", Time since last: 1000697000 ns, Reaching safepoint: 509000 ns, At safepoint: 208800 ns, Total: 717800 ns
[2020-05-02T07:23:52.216+0000][1][safepoint    ] Safepoint "Cleanup", Time since last: 1000916000 ns, Reaching safepoint: 147200 ns, At safepoint: 61900 ns, Total: 209100 ns
[2020-05-02T07:23:53.216+0000][1][safepoint    ] Safepoint "Cleanup", Time since last: 1000405000 ns, Reaching safepoint: 329000 ns, At safepoint: 153600 ns, Total: 482600 ns
[2020-05-02T07:23:54.217+0000][1][safepoint    ] Safepoint "Cleanup", Time since last: 1000365700 ns, Reaching safepoint: 269100 ns, At safepoint: 96900 ns, Total: 366000 ns
[2020-05-02T07:23:55.218+0000][1][safepoint    ] Safepoint "Cleanup", Time since last: 1000608300 ns, Reaching safepoint: 138700 ns, At safepoint: 60200 ns, Total: 198900 ns
[2020-05-02T07:23:56.219+0000][1][safepoint    ] Safepoint "Cleanup", Time since last: 1000473800 ns, Reaching safepoint: 463400 ns, At safepoint: 198600 ns, Total: 662000 ns
[2020-05-02T07:23:57.221+0000][1][safepoint    ] Safepoint "Cleanup", Time since last: 1000875000 ns, Reaching safepoint: 500800 ns, At safepoint: 206900 ns, Total: 707700 ns
[2020-05-02T07:23:58.222+0000][1][safepoint    ] Safepoint "Cleanup", Time since last: 1000572700 ns, Reaching safepoint: 135500 ns, At safepoint: 63000 ns, Total: 198500 ns
[2020-05-02T07:23:59.222+0000][1][safepoint    ] Safepoint "Cleanup", Time since last: 1000223900 ns, Reaching safepoint: 191400 ns, At safepoint: 86400 ns, Total: 277800 ns
[2020-05-02T07:24:00.223+0000][1][safepoint    ] Safepoint "Cleanup", Time since last: 1000345500 ns, Reaching safepoint: 131100 ns, At safepoint: 52800 ns, Total: 183900 ns
[2020-05-02T07:24:01.224+0000][1][safepoint    ] Safepoint "Cleanup", Time since last: 1000353100 ns, Reaching safepoint: 462000 ns, At safepoint: 179600 ns, Total: 641600 ns
[2020-05-02T07:24:02.224+0000][1][safepoint    ] Safepoint "Cleanup", Time since last: 1000305700 ns, Reaching safepoint: 123000 ns, At safepoint: 42100 ns, Total: 165100 ns
[2020-05-02T07:24:03.226+0000][1][safepoint    ] Safepoint "Cleanup", Time since last: 1000885100 ns, Reaching safepoint: 454100 ns, At safepoint: 264000 ns, Total: 718100 ns
[2020-05-02T07:24:04.226+0000][1][safepoint    ] Safepoint "Cleanup", Time since last: 1000557900 ns, Reaching safepoint: 124400 ns, At safepoint: 51300 ns, Total: 175700 ns
[2020-05-02T07:24:05.228+0000][1][safepoint    ] Safepoint "Cleanup", Time since last: 1000857800 ns, Reaching safepoint: 648300 ns, At safepoint: 202300 ns, Total: 850600 ns
[2020-05-02T07:24:06.229+0000][1][safepoint    ] Safepoint "Cleanup", Time since last: 1000880800 ns, Reaching safepoint: 127900 ns, At safepoint: 56800 ns, Total: 184700 ns
[2020-05-02T07:24:07.230+0000][1][safepoint    ] Safepoint "Cleanup", Time since last: 1000250600 ns, Reaching safepoint: 300400 ns, At safepoint: 89700 ns, Total: 390100 ns
[2020-05-02T07:24:08.230+0000][1][safepoint    ] Safepoint "Cleanup", Time since last: 1000408200 ns, Reaching safepoint: 151900 ns, At safepoint: 56300 ns, Total: 208200 ns
[2020-05-02T07:24:09.232+0000][1][safepoint    ] Safepoint "Cleanup", Time since last: 1000508600 ns, Reaching safepoint: 562400 ns, At safepoint: 210500 ns, Total: 772900 ns
[2020-05-02T07:24:10.233+0000][1][safepoint    ] Safepoint "Cleanup", Time since last: 1000903900 ns, Reaching safepoint: 199900 ns, At safepoint: 93800 ns, Total: 293700 ns
[2020-05-02T07:24:11.234+0000][1][safepoint    ] Safepoint "Cleanup", Time since last: 1000926100 ns, Reaching safepoint: 445100 ns, At safepoint: 204500 ns, Total: 649600 ns
[2020-05-02T07:24:12.236+0000][1][safepoint    ] Safepoint "Cleanup", Time since last: 1000747500 ns, Reaching safepoint: 792900 ns, At safepoint: 166300 ns, Total: 959200 ns
[2020-05-02T07:24:13.237+0000][1][safepoint    ] Safepoint "Cleanup", Time since last: 1000639300 ns, Reaching safepoint: 413400 ns, At safepoint: 202100 ns, Total: 615500 ns
[2020-05-02T07:24:14.239+0000][1][safepoint    ] Safepoint "Cleanup", Time since last: 1000716600 ns, Reaching safepoint: 424000 ns, At safepoint: 197300 ns, Total: 621300 ns
[2020-05-02T07:24:15.240+0000][1][safepoint    ] Safepoint "Cleanup", Time since last: 1000655000 ns, Reaching safepoint: 278600 ns, At safepoint: 106500 ns, Total: 385100 ns
[2020-05-02T07:24:17.054+0000][1][safepoint    ] Safepoint "Cleanup", Time since last: 1814333800 ns, Reaching safepoint: 153100 ns, At safepoint: 56300 ns, Total: 209400 ns
[2020-05-02T07:24:18.055+0000][1][safepoint    ] Safepoint "Cleanup", Time since last: 1000306000 ns, Reaching safepoint: 303000 ns, At safepoint: 89100 ns, Total: 392100 ns
[2020-05-02T07:24:19.056+0000][1][safepoint    ] Safepoint "Cleanup", Time since last: 1000356800 ns, Reaching safepoint: 355100 ns, At safepoint: 69000 ns, Total: 424100 ns
[2020-05-02T07:24:20.057+0000][1][safepoint    ] Safepoint "Cleanup", Time since last: 1000701200 ns, Reaching safepoint: 139400 ns, At safepoint: 63300 ns, Total: 202700 ns
[2020-05-02T07:24:21.058+0000][1][safepoint    ] Safepoint "Cleanup", Time since last: 1000332700 ns, Reaching safepoint: 339900 ns, At safepoint: 147700 ns, Total: 487600 ns
[2020-05-02T07:24:22.058+0000][1][safepoint    ] Safepoint "Cleanup", Time since last: 1000408200 ns, Reaching safepoint: 167000 ns, At safepoint: 85900 ns, Total: 252900 ns
[2020-05-02T07:24:23.059+0000][1][safepoint    ] Safepoint "Cleanup", Time since last: 1000373800 ns, Reaching safepoint: 351600 ns, At safepoint: 204000 ns, Total: 555600 ns
[2020-05-02T07:24:24.060+0000][1][safepoint    ] Safepoint "Cleanup", Time since last: 1000316700 ns, Reaching safepoint: 131000 ns, At safepoint: 54300 ns, Total: 185300 ns
[2020-05-02T07:24:25.060+0000][1][safepoint    ] Safepoint "Cleanup", Time since last: 1000567800 ns, Reaching safepoint: 133900 ns, At safepoint: 56700 ns, Total: 190600 ns
[2020-05-02T07:24:26.061+0000][1][safepoint    ] Safepoint "Cleanup", Time since last: 1000336600 ns, Reaching safepoint: 213800 ns, At safepoint: 131900 ns, Total: 345700 ns
[2020-05-02T07:24:27.349+0000][1][safepoint    ] Safepoint "Cleanup", Time since last: 1287403700 ns, Reaching safepoint: 289500 ns, At safepoint: 108800 ns, Total: 398300 ns
[2020-05-02T07:24:28.350+0000][1][safepoint    ] Safepoint "Cleanup", Time since last: 1000642900 ns, Reaching safepoint: 211900 ns, At safepoint: 86300 ns, Total: 298200 ns
[2020-05-02T07:24:29.350+0000][1][safepoint    ] Safepoint "Cleanup", Time since last: 1000367000 ns, Reaching safepoint: 221900 ns, At safepoint: 96400 ns, Total: 318300 ns
[2020-05-02T07:24:30.352+0000][1][safepoint    ] Safepoint "Cleanup", Time since last: 1000409800 ns, Reaching safepoint: 464600 ns, At safepoint: 192900 ns, Total: 657500 ns
[2020-05-02T07:24:31.352+0000][1][safepoint    ] Safepoint "Cleanup", Time since last: 1000401700 ns, Reaching safepoint: 192000 ns, At safepoint: 67100 ns, Total: 259100 ns
[2020-05-02T07:24:32.353+0000][1][safepoint    ] Safepoint "Cleanup", Time since last: 1000380800 ns, Reaching safepoint: 260100 ns, At safepoint: 129300 ns, Total: 389400 ns
[2020-05-02T07:24:33.354+0000][1][safepoint    ] Safepoint "Cleanup", Time since last: 1000555600 ns, Reaching safepoint: 505900 ns, At safepoint: 294400 ns, Total: 800300 ns
[2020-05-02T07:24:34.355+0000][1][safepoint    ] Safepoint "Cleanup", Time since last: 1000555400 ns, Reaching safepoint: 329000 ns, At safepoint: 167000 ns, Total: 496000 ns
[2020-05-02T07:24:35.356+0000][1][safepoint    ] Safepoint "Cleanup", Time since last: 1000472300 ns, Reaching safepoint: 203000 ns, At safepoint: 89500 ns, Total: 292500 ns
[2020-05-02T07:24:36.357+0000][1][safepoint    ] Safepoint "Cleanup", Time since last: 1000505400 ns, Reaching safepoint: 340700 ns, At safepoint: 153400 ns, Total: 494100 ns
[2020-05-02T07:24:37.358+0000][1][safepoint    ] Safepoint "Cleanup", Time since last: 1000498800 ns, Reaching safepoint: 374000 ns, At safepoint: 155000 ns, Total: 529000 ns
[2020-05-02T07:24:38.359+0000][1][safepoint    ] Safepoint "Cleanup", Time since last: 1000438400 ns, Reaching safepoint: 219000 ns, At safepoint: 92200 ns, Total: 311200 ns
[2020-05-02T07:24:39.360+0000][1][safepoint    ] Safepoint "Cleanup", Time since last: 1000655900 ns, Reaching safepoint: 570700 ns, At safepoint: 198900 ns, Total: 769600 ns
[2020-05-02T07:24:40.361+0000][1][safepoint    ] Safepoint "Cleanup", Time since last: 1000499500 ns, Reaching safepoint: 267300 ns, At safepoint: 122400 ns, Total: 389700 ns
[2020-05-02T07:24:41.362+0000][1][safepoint    ] Safepoint "Cleanup", Time since last: 1000253500 ns, Reaching safepoint: 147100 ns, At safepoint: 52300 ns, Total: 199400 ns
[2020-05-02T07:24:42.363+0000][1][safepoint    ] Safepoint "Cleanup", Time since last: 1000715400 ns, Reaching safepoint: 355000 ns, At safepoint: 172200 ns, Total: 527200 ns
[2020-05-02T07:24:43.903+0000][1][safepoint    ] Safepoint "Cleanup", Time since last: 1540203000 ns, Reaching safepoint: 212900 ns, At safepoint: 84000 ns, Total: 296900 ns
[2020-05-02T07:24:44.904+0000][1][safepoint    ] Safepoint "Cleanup", Time since last: 1000273300 ns, Reaching safepoint: 142300 ns, At safepoint: 58700 ns, Total: 201000 ns
[2020-05-02T07:24:45.905+0000][1][safepoint    ] Safepoint "Cleanup", Time since last: 1000580500 ns, Reaching safepoint: 125400 ns, At safepoint: 54700 ns, Total: 180100 ns
[2020-05-02T07:24:46.905+0000][1][safepoint    ] Safepoint "Cleanup", Time since last: 1000367700 ns, Reaching safepoint: 145200 ns, At safepoint: 64400 ns, Total: 209600 ns
[2020-05-02T07:24:47.906+0000][1][safepoint    ] Safepoint "Cleanup", Time since last: 1000344900 ns, Reaching safepoint: 305600 ns, At safepoint: 130000 ns, Total: 435600 ns
[2020-05-02T07:24:48.907+0000][1][safepoint    ] Safepoint "Cleanup", Time since last: 1000659800 ns, Reaching safepoint: 137000 ns, At safepoint: 82300 ns, Total: 219300 ns
[2020-05-02T07:24:49.908+0000][1][safepoint    ] Safepoint "Cleanup", Time since last: 1000352400 ns, Reaching safepoint: 360500 ns, At safepoint: 144400 ns, Total: 504900 ns
[2020-05-02T07:24:50.908+0000][1][safepoint    ] Safepoint "Cleanup", Time since last: 1000334200 ns, Reaching safepoint: 135200 ns, At safepoint: 50300 ns, Total: 185500 ns
[2020-05-02T07:24:51.909+0000][1][safepoint    ] Safepoint "Cleanup", Time since last: 1000297100 ns, Reaching safepoint: 468000 ns, At safepoint: 170500 ns, Total: 638500 ns
[2020-05-02T07:24:52.910+0000][1][safepoint    ] Safepoint "Cleanup", Time since last: 1000589900 ns, Reaching safepoint: 126200 ns, At safepoint: 54500 ns, Total: 180700 ns
[2020-05-02T07:24:53.910+0000][1][safepoint    ] Safepoint "Cleanup", Time since last: 1000252900 ns, Reaching safepoint: 136700 ns, At safepoint: 88000 ns, Total: 224700 ns
[2020-05-02T07:24:54.911+0000][1][safepoint    ] Safepoint "Cleanup", Time since last: 1000307200 ns, Reaching safepoint: 233400 ns, At safepoint: 131100 ns, Total: 364500 ns
[2020-05-02T07:24:55.912+0000][1][safepoint    ] Safepoint "Cleanup", Time since last: 1000349500 ns, Reaching safepoint: 244100 ns, At safepoint: 113100 ns, Total: 357200 ns
[2020-05-02T07:24:56.913+0000][1][safepoint    ] Safepoint "Cleanup", Time since last: 1000827500 ns, Reaching safepoint: 405900 ns, At safepoint: 204500 ns, Total: 610400 ns
[2020-05-02T07:24:57.914+0000][1][safepoint    ] Safepoint "Cleanup", Time since last: 1000655800 ns, Reaching safepoint: 238200 ns, At safepoint: 156800 ns, Total: 395000 ns
[2020-05-02T07:24:58.915+0000][1][safepoint    ] Safepoint "Cleanup", Time since last: 1000328000 ns, Reaching safepoint: 256100 ns, At safepoint: 98500 ns, Total: 354600 ns
[2020-05-02T07:24:59.916+0000][1][safepoint    ] Safepoint "Cleanup", Time since last: 1000495200 ns, Reaching safepoint: 372600 ns, At safepoint: 198000 ns, Total: 570600 ns
[2020-05-02T07:25:00.917+0000][1][safepoint    ] Safepoint "Cleanup", Time since last: 1000474000 ns, Reaching safepoint: 369600 ns, At safepoint: 154200 ns, Total: 523800 ns
[2020-05-02T07:25:01.918+0000][1][safepoint    ] Safepoint "Cleanup", Time since last: 1000575900 ns, Reaching safepoint: 568200 ns, At safepoint: 221600 ns, Total: 789800 ns
[2020-05-02T07:25:02.920+0000][1][safepoint    ] Safepoint "Cleanup", Time since last: 1000869300 ns, Reaching safepoint: 412800 ns, At safepoint: 161200 ns, Total: 574000 ns
[2020-05-02T07:25:03.921+0000][1][safepoint    ] Safepoint "Cleanup", Time since last: 1000445300 ns, Reaching safepoint: 345000 ns, At safepoint: 108400 ns, Total: 453400 ns
[2020-05-02T07:25:04.921+0000][1][safepoint    ] Safepoint "Cleanup", Time since last: 1000247800 ns, Reaching safepoint: 127200 ns, At safepoint: 55500 ns, Total: 182700 ns
[2020-05-02T07:25:05.922+0000][1][safepoint    ] Safepoint "Cleanup", Time since last: 1000288400 ns, Reaching safepoint: 228400 ns, At safepoint: 101000 ns, Total: 329400 ns
[2020-05-02T07:25:06.923+0000][1][safepoint    ] Safepoint "Cleanup", Time since last: 1000432200 ns, Reaching safepoint: 234900 ns, At safepoint: 109900 ns, Total: 344800 ns
[2020-05-02T07:25:07.924+0000][1][safepoint    ] Safepoint "Cleanup", Time since last: 1000758500 ns, Reaching safepoint: 187300 ns, At safepoint: 113500 ns, Total: 300800 ns
[2020-05-02T07:25:08.925+0000][1][safepoint    ] Safepoint "Cleanup", Time since last: 1000591500 ns, Reaching safepoint: 342600 ns, At safepoint: 162900 ns, Total: 505500 ns
[2020-05-02T07:25:09.926+0000][1][safepoint    ] Safepoint "Cleanup", Time since last: 1000581200 ns, Reaching safepoint: 368400 ns, At safepoint: 155400 ns, Total: 523800 ns
[2020-05-02T07:25:10.927+0000][1][safepoint    ] Safepoint "Cleanup", Time since last: 1000791100 ns, Reaching safepoint: 350100 ns, At safepoint: 169000 ns, Total: 519100 ns
[2020-05-02T07:25:11.928+0000][1][safepoint    ] Safepoint "Cleanup", Time since last: 1000756200 ns, Reaching safepoint: 165800 ns, At safepoint: 76100 ns, Total: 241900 ns
[2020-05-02T07:25:12.929+0000][1][safepoint    ] Safepoint "Cleanup", Time since last: 1000449100 ns, Reaching safepoint: 517000 ns, At safepoint: 196300 ns, Total: 713300 ns
[2020-05-02T07:25:13.930+0000][1][safepoint    ] Safepoint "Cleanup", Time since last: 1000541800 ns, Reaching safepoint: 255300 ns, At safepoint: 81900 ns, Total: 337200 ns
[2020-05-02T07:25:14.931+0000][1][safepoint    ] Safepoint "Cleanup", Time since last: 1000466000 ns, Reaching safepoint: 317300 ns, At safepoint: 87300 ns, Total: 404600 ns
[2020-05-02T07:25:15.932+0000][1][safepoint    ] Safepoint "Cleanup", Time since last: 1000291600 ns, Reaching safepoint: 143400 ns, At safepoint: 60800 ns, Total: 204200 ns
[2020-05-02T07:25:16.932+0000][1][safepoint    ] Safepoint "Cleanup", Time since last: 1000254700 ns, Reaching safepoint: 127200 ns, At safepoint: 53700 ns, Total: 180900 ns
[2020-05-02T07:25:17.933+0000][1][safepoint    ] Safepoint "Cleanup", Time since last: 1000697200 ns, Reaching safepoint: 242500 ns, At safepoint: 121000 ns, Total: 363500 ns
[2020-05-02T07:25:18.934+0000][1][safepoint    ] Safepoint "Cleanup", Time since last: 1000680100 ns, Reaching safepoint: 200200 ns, At safepoint: 97200 ns, Total: 297400 ns
[2020-05-02T07:25:19.935+0000][1][safepoint    ] Safepoint "Cleanup", Time since last: 1000254000 ns, Reaching safepoint: 125300 ns, At safepoint: 50000 ns, Total: 175300 ns
[2020-05-02T07:25:20.935+0000][1][safepoint    ] Safepoint "Cleanup", Time since last: 1000309400 ns, Reaching safepoint: 254500 ns, At safepoint: 38500 ns, Total: 293000 ns
[2020-05-02T07:25:21.937+0000][1][safepoint    ] Safepoint "Cleanup", Time since last: 1000763100 ns, Reaching safepoint: 441700 ns, At safepoint: 210400 ns, Total: 652100 ns
[2020-05-02T07:25:22.938+0000][1][safepoint    ] Safepoint "Cleanup", Time since last: 1000817100 ns, Reaching safepoint: 325600 ns, At safepoint: 152300 ns, Total: 477900 ns
[2020-05-02T07:25:23.939+0000][1][safepoint    ] Safepoint "Cleanup", Time since last: 1000485900 ns, Reaching safepoint: 306000 ns, At safepoint: 139800 ns, Total: 445800 ns
[2020-05-02T07:25:24.940+0000][1][safepoint    ] Safepoint "Cleanup", Time since last: 1000752200 ns, Reaching safepoint: 182400 ns, At safepoint: 86600 ns, Total: 269000 ns
[2020-05-02T07:25:25.941+0000][1][safepoint    ] Safepoint "Cleanup", Time since last: 1000357400 ns, Reaching safepoint: 601200 ns, At safepoint: 185600 ns, Total: 786800 ns
[2020-05-02T07:25:26.942+0000][1][safepoint    ] Safepoint "Cleanup", Time since last: 1000638600 ns, Reaching safepoint: 237900 ns, At safepoint: 114200 ns, Total: 352100 ns
[2020-05-02T07:25:27.944+0000][1][safepoint    ] Safepoint "Cleanup", Time since last: 1000862000 ns, Reaching safepoint: 495400 ns, At safepoint: 253000 ns, Total: 748400 ns
[2020-05-02T07:25:28.944+0000][1][safepoint    ] Safepoint "Cleanup", Time since last: 1000425700 ns, Reaching safepoint: 135600 ns, At safepoint: 54100 ns, Total: 189700 ns
[2020-05-02T07:25:29.945+0000][1][safepoint    ] Safepoint "Cleanup", Time since last: 1000182100 ns, Reaching safepoint: 140500 ns, At safepoint: 58700 ns, Total: 199200 ns
[2020-05-02T07:25:30.945+0000][1][safepoint    ] Safepoint "Cleanup", Time since last: 1000331600 ns, Reaching safepoint: 230900 ns, At safepoint: 105600 ns, Total: 336500 ns
[2020-05-02T07:25:31.946+0000][1][safepoint    ] Safepoint "Cleanup", Time since last: 1000430400 ns, Reaching safepoint: 285300 ns, At safepoint: 136000 ns, Total: 421300 ns
[2020-05-02T07:25:32.948+0000][1][safepoint    ] Safepoint "Cleanup", Time since last: 1000861000 ns, Reaching safepoint: 724300 ns, At safepoint: 232600 ns, Total: 956900 ns
[2020-05-02T07:25:33.949+0000][1][safepoint    ] Safepoint "Cleanup", Time since last: 1001019600 ns, Reaching safepoint: 353900 ns, At safepoint: 171300 ns, Total: 525200 ns
[2020-05-02T07:25:34.951+0000][1][safepoint    ] Safepoint "Cleanup", Time since last: 1000632200 ns, Reaching safepoint: 469200 ns, At safepoint: 174300 ns, Total: 643500 ns
[2020-05-02T07:25:35.952+0000][1][safepoint    ] Safepoint "Cleanup", Time since last: 1000855500 ns, Reaching safepoint: 274400 ns, At safepoint: 145900 ns, Total: 420300 ns
[2020-05-02T07:25:36.954+0000][1][safepoint    ] Safepoint "Cleanup", Time since last: 1001087500 ns, Reaching safepoint: 1051400 ns, At safepoint: 254500 ns, Total: 1305900 ns
[2020-05-02T07:25:37.956+0000][1][safepoint    ] Safepoint "Cleanup", Time since last: 1000751800 ns, Reaching safepoint: 574200 ns, At safepoint: 196700 ns, Total: 770900 ns
[2020-05-02T07:25:38.957+0000][1][safepoint    ] Safepoint "Cleanup", Time since last: 1000401800 ns, Reaching safepoint: 270400 ns, At safepoint: 95600 ns, Total: 366000 ns
[2020-05-02T07:25:39.958+0000][1][safepoint    ] Safepoint "Cleanup", Time since last: 1000792300 ns, Reaching safepoint: 443700 ns, At safepoint: 208200 ns, Total: 651900 ns
[2020-05-02T07:25:40.959+0000][1][safepoint    ] Safepoint "Cleanup", Time since last: 1000648200 ns, Reaching safepoint: 311700 ns, At safepoint: 71500 ns, Total: 383200 ns
[2020-05-02T07:25:41.961+0000][1][safepoint    ] Safepoint "Cleanup", Time since last: 1000552200 ns, Reaching safepoint: 689100 ns, At safepoint: 231600 ns, Total: 920700 ns
[2020-05-02T07:25:42.962+0000][1][safepoint    ] Safepoint "Cleanup", Time since last: 1000616100 ns, Reaching safepoint: 295900 ns, At safepoint: 125000 ns, Total: 420900 ns
[2020-05-02T07:25:43.962+0000][1][safepoint    ] Safepoint "Cleanup", Time since last: 1000419000 ns, Reaching safepoint: 271800 ns, At safepoint: 132200 ns, Total: 404000 ns
[2020-05-02T07:25:44.963+0000][1][safepoint    ] Safepoint "Cleanup", Time since last: 1000390500 ns, Reaching safepoint: 199000 ns, At safepoint: 93200 ns, Total: 292200 ns
[2020-05-02T07:25:45.964+0000][1][safepoint    ] Safepoint "Cleanup", Time since last: 1000458200 ns, Reaching safepoint: 377800 ns, At safepoint: 152200 ns, Total: 530000 ns
[2020-05-02T07:25:46.965+0000][1][safepoint    ] Safepoint "Cleanup", Time since last: 1000864400 ns, Reaching safepoint: 167500 ns, At safepoint: 65400 ns, Total: 232900 ns
[2020-05-02T07:25:47.966+0000][1][safepoint    ] Safepoint "Cleanup", Time since last: 1000373300 ns, Reaching safepoint: 314500 ns, At safepoint: 122800 ns, Total: 437300 ns
[2020-05-02T07:25:48.968+0000][1][safepoint    ] Safepoint "Cleanup", Time since last: 1000787200 ns, Reaching safepoint: 444900 ns, At safepoint: 277800 ns, Total: 722700 ns
[2020-05-02T07:25:49.968+0000][1][safepoint    ] Safepoint "Cleanup", Time since last: 1000556600 ns, Reaching safepoint: 216100 ns, At safepoint: 162100 ns, Total: 378200 ns
[2020-05-02T07:25:50.970+0000][1][safepoint    ] Safepoint "Cleanup", Time since last: 1000701400 ns, Reaching safepoint: 256700 ns, At safepoint: 118500 ns, Total: 375200 ns
[2020-05-02T07:25:51.971+0000][1][safepoint    ] Safepoint "Cleanup", Time since last: 1000659400 ns, Reaching safepoint: 405800 ns, At safepoint: 279500 ns, Total: 685300 ns
[2020-05-02T07:25:52.972+0000][1][safepoint    ] Safepoint "Cleanup", Time since last: 1000862900 ns, Reaching safepoint: 232500 ns, At safepoint: 107200 ns, Total: 339700 ns
[2020-05-02T07:25:53.973+0000][1][safepoint    ] Safepoint "Cleanup", Time since last: 1000491800 ns, Reaching safepoint: 133800 ns, At safepoint: 53400 ns, Total: 187200 ns
[2020-05-02T07:25:54.973+0000][1][safepoint    ] Safepoint "Cleanup", Time since last: 1000226000 ns, Reaching safepoint: 425800 ns, At safepoint: 60400 ns, Total: 486200 ns
[2020-05-02T07:25:55.975+0000][1][safepoint    ] Safepoint "Cleanup", Time since last: 1000472800 ns, Reaching safepoint: 450700 ns, At safepoint: 275700 ns, Total: 726400 ns
[2020-05-02T07:25:56.976+0000][1][safepoint    ] Safepoint "Cleanup", Time since last: 1000559800 ns, Reaching safepoint: 287900 ns, At safepoint: 119100 ns, Total: 407000 ns
[2020-05-02T07:25:57.976+0000][1][safepoint    ] Safepoint "Cleanup", Time since last: 1000283400 ns, Reaching safepoint: 244000 ns, At safepoint: 82400 ns, Total: 326400 ns
[2020-05-02T07:25:58.977+0000][1][safepoint    ] Safepoint "Cleanup", Time since last: 1000350700 ns, Reaching safepoint: 277200 ns, At safepoint: 113200 ns, Total: 390400 ns
[2020-05-02T07:25:59.978+0000][1][safepoint    ] Safepoint "Cleanup", Time since last: 1000403000 ns, Reaching safepoint: 218500 ns, At safepoint: 111600 ns, Total: 330100 ns
[2020-05-02T07:26:00.978+0000][1][safepoint    ] Safepoint "Cleanup", Time since last: 1000326300 ns, Reaching safepoint: 138900 ns, At safepoint: 54800 ns, Total: 193700 ns
[2020-05-02T07:26:01.979+0000][1][safepoint    ] Safepoint "Cleanup", Time since last: 1000452300 ns, Reaching safepoint: 449100 ns, At safepoint: 179800 ns, Total: 628900 ns
[2020-05-02T07:26:02.980+0000][1][safepoint    ] Safepoint "Cleanup", Time since last: 1000318700 ns, Reaching safepoint: 175100 ns, At safepoint: 67100 ns, Total: 242200 ns
[2020-05-02T07:26:03.981+0000][1][safepoint    ] Safepoint "Cleanup", Time since last: 1000712900 ns, Reaching safepoint: 224800 ns, At safepoint: 102800 ns, Total: 327600 ns
[2020-05-02T07:26:04.982+0000][1][safepoint    ] Safepoint "Cleanup", Time since last: 1000364600 ns, Reaching safepoint: 223600 ns, At safepoint: 99000 ns, Total: 322600 ns
[2020-05-02T07:26:05.982+0000][1][safepoint    ] Safepoint "Cleanup", Time since last: 1000315400 ns, Reaching safepoint: 256700 ns, At safepoint: 109600 ns, Total: 366300 ns
[2020-05-02T07:26:06.984+0000][1][safepoint    ] Safepoint "Cleanup", Time since last: 1000509700 ns, Reaching safepoint: 436100 ns, At safepoint: 277100 ns, Total: 713200 ns
[2020-05-02T07:26:07.984+0000][1][safepoint    ] Safepoint "Cleanup", Time since last: 1000592500 ns, Reaching safepoint: 158800 ns, At safepoint: 70800 ns, Total: 229600 ns
[2020-05-02T07:26:09.887+0000][1][safepoint    ] Safepoint "Cleanup", Time since last: 1902109800 ns, Reaching safepoint: 300000 ns, At safepoint: 262300 ns, Total: 562300 ns
[2020-05-02T07:26:10.889+0000][1][safepoint    ] Safepoint "Cleanup", Time since last: 1000889600 ns, Reaching safepoint: 444100 ns, At safepoint: 219700 ns, Total: 663800 ns
[2020-05-02T07:26:11.889+0000][1][safepoint    ] Safepoint "Cleanup", Time since last: 1000399400 ns, Reaching safepoint: 199000 ns, At safepoint: 144700 ns, Total: 343700 ns
[2020-05-02T07:26:12.890+0000][1][safepoint    ] Safepoint "Cleanup", Time since last: 1000321800 ns, Reaching safepoint: 229200 ns, At safepoint: 98500 ns, Total: 327700 ns
[2020-05-02T07:26:13.891+0000][1][safepoint    ] Safepoint "Cleanup", Time since last: 1000364300 ns, Reaching safepoint: 276000 ns, At safepoint: 107500 ns, Total: 383500 ns
[2020-05-02T07:26:14.891+0000][1][safepoint    ] Safepoint "Cleanup", Time since last: 1000398800 ns, Reaching safepoint: 247700 ns, At safepoint: 84900 ns, Total: 332600 ns
[2020-05-02T07:26:15.892+0000][1][safepoint    ] Safepoint "Cleanup", Time since last: 1000601600 ns, Reaching safepoint: 194700 ns, At safepoint: 87200 ns, Total: 281900 ns
[2020-05-02T07:26:16.893+0000][1][safepoint    ] Safepoint "Cleanup", Time since last: 1000462800 ns, Reaching safepoint: 303700 ns, At safepoint: 105300 ns, Total: 409000 ns
[2020-05-02T07:26:17.894+0000][1][safepoint    ] Safepoint "Cleanup", Time since last: 1000670600 ns, Reaching safepoint: 256100 ns, At safepoint: 120900 ns, Total: 377000 ns
[2020-05-02T07:26:18.895+0000][1][safepoint    ] Safepoint "Cleanup", Time since last: 1000604400 ns, Reaching safepoint: 269400 ns, At safepoint: 122700 ns, Total: 392100 ns
[2020-05-02T07:26:19.896+0000][1][safepoint    ] Safepoint "Cleanup", Time since last: 1000307000 ns, Reaching safepoint: 130300 ns, At safepoint: 41700 ns, Total: 172000 ns
[2020-05-02T07:26:20.897+0000][1][safepoint    ] Safepoint "Cleanup", Time since last: 1000384400 ns, Reaching safepoint: 517800 ns, At safepoint: 324900 ns, Total: 842700 ns
[2020-05-02T07:26:21.898+0000][1][safepoint    ] Safepoint "Cleanup", Time since last: 1000449700 ns, Reaching safepoint: 297800 ns, At safepoint: 109000 ns, Total: 406800 ns
[2020-05-02T07:26:22.898+0000][1][safepoint    ] Safepoint "Cleanup", Time since last: 1000351200 ns, Reaching safepoint: 176000 ns, At safepoint: 64900 ns, Total: 240900 ns
[2020-05-02T07:26:23.899+0000][1][safepoint    ] Safepoint "Cleanup", Time since last: 1000457000 ns, Reaching safepoint: 535800 ns, At safepoint: 104400 ns, Total: 640200 ns
[2020-05-02T07:26:24.900+0000][1][safepoint    ] Safepoint "Cleanup", Time since last: 1000329900 ns, Reaching safepoint: 185200 ns, At safepoint: 65800 ns, Total: 251000 ns
[2020-05-02T07:26:25.901+0000][1][safepoint    ] Safepoint "Cleanup", Time since last: 1000286100 ns, Reaching safepoint: 179000 ns, At safepoint: 84700 ns, Total: 263700 ns
[2020-05-02T07:26:27.382+0000][1][safepoint    ] Safepoint "Cleanup", Time since last: 1480817900 ns, Reaching safepoint: 120200 ns, At safepoint: 47100 ns, Total: 167300 ns
[2020-05-02T07:26:28.383+0000][1][safepoint    ] Safepoint "Cleanup", Time since last: 1000598500 ns, Reaching safepoint: 444000 ns, At safepoint: 298600 ns, Total: 742600 ns
[2020-05-02T07:26:29.384+0000][1][safepoint    ] Safepoint "Cleanup", Time since last: 1000647400 ns, Reaching safepoint: 447300 ns, At safepoint: 208900 ns, Total: 656200 ns
[2020-05-02T07:26:30.385+0000][1][safepoint    ] Safepoint "Cleanup", Time since last: 1000708800 ns, Reaching safepoint: 285800 ns, At safepoint: 132800 ns, Total: 418600 ns
[2020-05-02T07:26:30.754+0000][1][gc,start     ] GC(72) Pause Young (Allocation Failure)
[2020-05-02T07:26:30.754+0000][1][gc,task      ] GC(72) Using 10 workers of 10 for evacuation
[2020-05-02T07:26:30.757+0000][1][gc,age       ] GC(72) Desired survivor size 8945664 bytes, new threshold 6 (max threshold 6)
[2020-05-02T07:26:30.757+0000][1][gc,age       ] GC(72) Age table with threshold 6 (max threshold 6)
[2020-05-02T07:26:30.757+0000][1][gc,age       ] GC(72) - age   1:      56528 bytes,      56528 total
[2020-05-02T07:26:30.757+0000][1][gc,age       ] GC(72) - age   2:        872 bytes,      57400 total
[2020-05-02T07:26:30.757+0000][1][gc,age       ] GC(72) - age   3:      51616 bytes,     109016 total
[2020-05-02T07:26:30.757+0000][1][gc,age       ] GC(72) - age   4:       1840 bytes,     110856 total
[2020-05-02T07:26:30.757+0000][1][gc,age       ] GC(72) - age   5:       1904 bytes,     112760 total
[2020-05-02T07:26:30.757+0000][1][gc,age       ] GC(72) - age   6:      41072 bytes,     153832 total
[2020-05-02T07:26:30.757+0000][1][gc,heap      ] GC(72) ParNew: 140053K->202K(157248K)
[2020-05-02T07:26:30.757+0000][1][gc,heap      ] GC(72) CMS: 82966K->82971K(349568K)
[2020-05-02T07:26:30.757+0000][1][gc,metaspace ] GC(72) Metaspace: 98029K->98029K(1140736K)
[2020-05-02T07:26:30.757+0000][1][gc           ] GC(72) Pause Young (Allocation Failure) 217M->81M(494M) 2.880ms
[2020-05-02T07:26:30.757+0000][1][gc,cpu       ] GC(72) User=0.01s Sys=0.00s Real=0.01s
[2020-05-02T07:26:30.757+0000][1][safepoint    ] Safepoint "GenCollectForAllocation", Time since last: 368852100 ns, Reaching safepoint: 131500 ns, At safepoint: 2958000 ns, Total: 3089500 ns
[2020-05-02T07:26:31.759+0000][1][safepoint    ] Safepoint "Cleanup", Time since last: 1000539900 ns, Reaching safepoint: 518300 ns, At safepoint: 329500 ns, Total: 847800 ns
[2020-05-02T07:26:32.760+0000][1][safepoint    ] Safepoint "Cleanup", Time since last: 1000703800 ns, Reaching safepoint: 258800 ns, At safepoint: 176800 ns, Total: 435600 ns
[2020-05-02T07:26:33.761+0000][1][safepoint    ] Safepoint "Cleanup", Time since last: 1000611500 ns, Reaching safepoint: 220700 ns, At safepoint: 158400 ns, Total: 379100 ns
[2020-05-02T07:26:34.762+0000][1][safepoint    ] Safepoint "Cleanup", Time since last: 1000430800 ns, Reaching safepoint: 465400 ns, At safepoint: 414500 ns, Total: 879900 ns
[2020-05-02T07:26:35.764+0000][1][safepoint    ] Safepoint "Cleanup", Time since last: 1000696000 ns, Reaching safepoint: 434000 ns, At safepoint: 298100 ns, Total: 732100 ns
[2020-05-02T07:26:36.765+0000][1][safepoint    ] Safepoint "Cleanup", Time since last: 1000830400 ns, Reaching safepoint: 446500 ns, At safepoint: 402800 ns, Total: 849300 ns
[2020-05-02T07:26:37.766+0000][1][safepoint    ] Safepoint "Cleanup", Time since last: 1000582700 ns, Reaching safepoint: 328200 ns, At safepoint: 151000 ns, Total: 479200 ns
[2020-05-02T07:26:38.768+0000][1][safepoint    ] Safepoint "Cleanup", Time since last: 1000491900 ns, Reaching safepoint: 461300 ns, At safepoint: 531600 ns, Total: 992900 ns
[2020-05-02T07:26:39.769+0000][1][safepoint    ] Safepoint "Cleanup", Time since last: 1000628900 ns, Reaching safepoint: 589200 ns, At safepoint: 431300 ns, Total: 1020500 ns
[2020-05-02T07:26:40.770+0000][1][safepoint    ] Safepoint "Cleanup", Time since last: 1000489400 ns, Reaching safepoint: 287800 ns, At safepoint: 124200 ns, Total: 412000 ns
[2020-05-02T07:26:41.771+0000][1][safepoint    ] Safepoint "Cleanup", Time since last: 1000149300 ns, Reaching safepoint: 132400 ns, At safepoint: 102300 ns, Total: 234700 ns
[2020-05-02T07:26:42.771+0000][1][safepoint    ] Safepoint "Cleanup", Time since last: 1000201400 ns, Reaching safepoint: 262600 ns, At safepoint: 111100 ns, Total: 373700 ns
[2020-05-02T07:26:43.772+0000][1][safepoint    ] Safepoint "Cleanup", Time since last: 1000271300 ns, Reaching safepoint: 235100 ns, At safepoint: 280700 ns, Total: 515800 ns
[2020-05-02T07:26:44.773+0000][1][safepoint    ] Safepoint "Cleanup", Time since last: 1000375600 ns, Reaching safepoint: 426300 ns, At safepoint: 295900 ns, Total: 722200 ns
[2020-05-02T07:26:45.774+0000][1][safepoint    ] Safepoint "Cleanup", Time since last: 1000335300 ns, Reaching safepoint: 395900 ns, At safepoint: 285200 ns, Total: 681100 ns
[2020-05-02T07:26:46.775+0000][1][safepoint    ] Safepoint "Cleanup", Time since last: 1000306700 ns, Reaching safepoint: 126200 ns, At safepoint: 40000 ns, Total: 166200 ns
[2020-05-02T07:26:47.775+0000][1][safepoint    ] Safepoint "Cleanup", Time since last: 1000254400 ns, Reaching safepoint: 197700 ns, At safepoint: 165200 ns, Total: 362900 ns
[2020-05-02T07:26:48.776+0000][1][safepoint    ] Safepoint "Cleanup", Time since last: 1000400700 ns, Reaching safepoint: 479600 ns, At safepoint: 274000 ns, Total: 753600 ns
[2020-05-02T07:26:49.778+0000][1][safepoint    ] Safepoint "Cleanup", Time since last: 1000568400 ns, Reaching safepoint: 610700 ns, At safepoint: 240300 ns, Total: 851000 ns
[2020-05-02T07:26:50.779+0000][1][safepoint    ] Safepoint "Cleanup", Time since last: 1000580500 ns, Reaching safepoint: 142100 ns, At safepoint: 61000 ns, Total: 203100 ns
[2020-05-02T07:26:51.780+0000][1][safepoint    ] Safepoint "Cleanup", Time since last: 1000441900 ns, Reaching safepoint: 546800 ns, At safepoint: 325300 ns, Total: 872100 ns
[2020-05-02T07:26:52.781+0000][1][safepoint    ] Safepoint "Cleanup", Time since last: 1000402500 ns, Reaching safepoint: 135100 ns, At safepoint: 73700 ns, Total: 208800 ns
[2020-05-02T07:26:53.781+0000][1][safepoint    ] Safepoint "Cleanup", Time since last: 1000345300 ns, Reaching safepoint: 140500 ns, At safepoint: 71500 ns, Total: 212000 ns
[2020-05-02T07:26:54.782+0000][1][safepoint    ] Safepoint "Cleanup", Time since last: 1000695500 ns, Reaching safepoint: 138500 ns, At safepoint: 80500 ns, Total: 219000 ns
[2020-05-02T07:26:55.783+0000][1][safepoint    ] Safepoint "Cleanup", Time since last: 1000655800 ns, Reaching safepoint: 344600 ns, At safepoint: 116300 ns, Total: 460900 ns
[2020-05-02T07:26:56.784+0000][1][safepoint    ] Safepoint "Cleanup", Time since last: 1000268500 ns, Reaching safepoint: 222400 ns, At safepoint: 163500 ns, Total: 385900 ns
[2020-05-02T07:26:57.785+0000][1][safepoint    ] Safepoint "Cleanup", Time since last: 1000448800 ns, Reaching safepoint: 441800 ns, At safepoint: 315700 ns, Total: 757500 ns
[2020-05-02T07:26:58.787+0000][1][safepoint    ] Safepoint "Cleanup", Time since last: 1000663700 ns, Reaching safepoint: 690300 ns, At safepoint: 309300 ns, Total: 999600 ns
[2020-05-02T07:26:59.788+0000][1][safepoint    ] Safepoint "Cleanup", Time since last: 1000628900 ns, Reaching safepoint: 510300 ns, At safepoint: 381000 ns, Total: 891300 ns
[2020-05-02T07:27:00.789+0000][1][safepoint    ] Safepoint "Cleanup", Time since last: 1000387000 ns, Reaching safepoint: 220700 ns, At safepoint: 70300 ns, Total: 291000 ns
[2020-05-02T07:27:01.790+0000][1][safepoint    ] Safepoint "Cleanup", Time since last: 1000326500 ns, Reaching safepoint: 208700 ns, At safepoint: 172900 ns, Total: 381600 ns
[2020-05-02T07:27:02.791+0000][1][safepoint    ] Safepoint "Cleanup", Time since last: 1000733900 ns, Reaching safepoint: 785000 ns, At safepoint: 310200 ns, Total: 1095200 ns
[2020-05-02T07:27:03.793+0000][1][safepoint    ] Safepoint "Cleanup", Time since last: 1000776000 ns, Reaching safepoint: 165400 ns, At safepoint: 136200 ns, Total: 301600 ns
[2020-05-02T07:27:04.793+0000][1][safepoint    ] Safepoint "Cleanup", Time since last: 1000262500 ns, Reaching safepoint: 294700 ns, At safepoint: 103300 ns, Total: 398000 ns
[2020-05-02T07:27:05.794+0000][1][safepoint    ] Safepoint "Cleanup", Time since last: 1000577100 ns, Reaching safepoint: 126700 ns, At safepoint: 75600 ns, Total: 202300 ns
[2020-05-02T07:27:06.795+0000][1][safepoint    ] Safepoint "Cleanup", Time since last: 1000424100 ns, Reaching safepoint: 416200 ns, At safepoint: 420800 ns, Total: 837000 ns
[2020-05-02T07:27:07.797+0000][1][safepoint    ] Safepoint "Cleanup", Time since last: 1000925200 ns, Reaching safepoint: 491100 ns, At safepoint: 273100 ns, Total: 764200 ns
[2020-05-02T07:27:08.799+0000][1][safepoint    ] Safepoint "Cleanup", Time since last: 1000930500 ns, Reaching safepoint: 523700 ns, At safepoint: 398900 ns, Total: 922600 ns
[2020-05-02T07:27:09.800+0000][1][safepoint    ] Safepoint "Cleanup", Time since last: 1000667700 ns, Reaching safepoint: 734800 ns, At safepoint: 311300 ns, Total: 1046100 ns
[2020-05-02T07:27:10.802+0000][1][safepoint    ] Safepoint "Cleanup", Time since last: 1000860800 ns, Reaching safepoint: 836500 ns, At safepoint: 288000 ns, Total: 1124500 ns
[2020-05-02T07:27:11.803+0000][1][safepoint    ] Safepoint "Cleanup", Time since last: 1000685900 ns, Reaching safepoint: 252700 ns, At safepoint: 92000 ns, Total: 344700 ns
[2020-05-02T07:27:12.805+0000][1][safepoint    ] Safepoint "Cleanup", Time since last: 1000674000 ns, Reaching safepoint: 456500 ns, At safepoint: 317200 ns, Total: 773700 ns
[2020-05-02T07:27:13.807+0000][1][safepoint    ] Safepoint "Cleanup", Time since last: 1001014700 ns, Reaching safepoint: 420100 ns, At safepoint: 330100 ns, Total: 750200 ns
[2020-05-02T07:27:14.808+0000][1][safepoint    ] Safepoint "Cleanup", Time since last: 1000845600 ns, Reaching safepoint: 505700 ns, At safepoint: 187400 ns, Total: 693100 ns
[2020-05-02T07:27:15.809+0000][1][safepoint    ] Safepoint "Cleanup", Time since last: 1000369200 ns, Reaching safepoint: 125600 ns, At safepoint: 80100 ns, Total: 205700 ns
[2020-05-02T07:27:16.809+0000][1][safepoint    ] Safepoint "Cleanup", Time since last: 1000338300 ns, Reaching safepoint: 124700 ns, At safepoint: 76700 ns, Total: 201400 ns
[2020-05-02T07:27:17.811+0000][1][safepoint    ] Safepoint "Cleanup", Time since last: 1000494200 ns, Reaching safepoint: 519400 ns, At safepoint: 323900 ns, Total: 843300 ns
[2020-05-02T07:27:18.812+0000][1][safepoint    ] Safepoint "Cleanup", Time since last: 1000721100 ns, Reaching safepoint: 410300 ns, At safepoint: 397800 ns, Total: 808100 ns
[2020-05-02T07:27:19.814+0000][1][safepoint    ] Safepoint "Cleanup", Time since last: 1000777200 ns, Reaching safepoint: 360900 ns, At safepoint: 223400 ns, Total: 584300 ns
[2020-05-02T07:27:20.815+0000][1][safepoint    ] Safepoint "Cleanup", Time since last: 1000786300 ns, Reaching safepoint: 511200 ns, At safepoint: 208900 ns, Total: 720100 ns
[2020-05-02T07:27:21.816+0000][1][safepoint    ] Safepoint "Cleanup", Time since last: 1000632200 ns, Reaching safepoint: 231700 ns, At safepoint: 166500 ns, Total: 398200 ns
[2020-05-02T07:27:22.817+0000][1][safepoint    ] Safepoint "Cleanup", Time since last: 1000366600 ns, Reaching safepoint: 167600 ns, At safepoint: 107000 ns, Total: 274600 ns
[2020-05-02T07:27:23.817+0000][1][safepoint    ] Safepoint "Cleanup", Time since last: 1000311100 ns, Reaching safepoint: 164300 ns, At safepoint: 107800 ns, Total: 272100 ns
[2020-05-02T07:27:24.818+0000][1][safepoint    ] Safepoint "Cleanup", Time since last: 1000552700 ns, Reaching safepoint: 276400 ns, At safepoint: 130700 ns, Total: 407100 ns
[2020-05-02T07:27:25.819+0000][1][safepoint    ] Safepoint "Cleanup", Time since last: 1000556500 ns, Reaching safepoint: 367200 ns, At safepoint: 119600 ns, Total: 486800 ns
[2020-05-02T07:27:26.820+0000][1][safepoint    ] Safepoint "Cleanup", Time since last: 1000305100 ns, Reaching safepoint: 325300 ns, At safepoint: 108800 ns, Total: 434100 ns
[2020-05-02T07:27:27.933+0000][1][safepoint    ] Safepoint "Cleanup", Time since last: 1112515800 ns, Reaching safepoint: 141600 ns, At safepoint: 60300 ns, Total: 201900 ns
[2020-05-02T07:27:28.934+0000][1][safepoint    ] Safepoint "Cleanup", Time since last: 1000855900 ns, Reaching safepoint: 492500 ns, At safepoint: 231800 ns, Total: 724300 ns
[2020-05-02T07:27:29.936+0000][1][safepoint    ] Safepoint "Cleanup", Time since last: 1001136800 ns, Reaching safepoint: 406900 ns, At safepoint: 207900 ns, Total: 614800 ns
[2020-05-02T07:27:30.937+0000][1][safepoint    ] Safepoint "Cleanup", Time since last: 1000781700 ns, Reaching safepoint: 222500 ns, At safepoint: 107500 ns, Total: 330000 ns
[2020-05-02T07:27:31.939+0000][1][safepoint    ] Safepoint "Cleanup", Time since last: 1000775000 ns, Reaching safepoint: 441400 ns, At safepoint: 207200 ns, Total: 648600 ns
[2020-05-02T07:27:32.940+0000][1][safepoint    ] Safepoint "Cleanup", Time since last: 1000638900 ns, Reaching safepoint: 193900 ns, At safepoint: 91100 ns, Total: 285000 ns
[2020-05-02T07:27:33.940+0000][1][safepoint    ] Safepoint "Cleanup", Time since last: 1000668400 ns, Reaching safepoint: 130300 ns, At safepoint: 54200 ns, Total: 184500 ns
[2020-05-02T07:27:34.942+0000][1][safepoint    ] Safepoint "Cleanup", Time since last: 1000726500 ns, Reaching safepoint: 441800 ns, At safepoint: 208700 ns, Total: 650500 ns
[2020-05-02T07:27:35.944+0000][1][safepoint    ] Safepoint "Cleanup", Time since last: 1001059900 ns, Reaching safepoint: 442200 ns, At safepoint: 202800 ns, Total: 645000 ns
[2020-05-02T07:27:36.945+0000][1][safepoint    ] Safepoint "Cleanup", Time since last: 1000843700 ns, Reaching safepoint: 412400 ns, At safepoint: 217800 ns, Total: 630200 ns
[2020-05-02T07:27:37.946+0000][1][safepoint    ] Safepoint "Cleanup", Time since last: 1000387700 ns, Reaching safepoint: 231800 ns, At safepoint: 73300 ns, Total: 305100 ns
[2020-05-02T07:27:38.947+0000][1][safepoint    ] Safepoint "Cleanup", Time since last: 1000452800 ns, Reaching safepoint: 412300 ns, At safepoint: 271500 ns, Total: 683800 ns
[2020-05-02T07:27:39.948+0000][1][safepoint    ] Safepoint "Cleanup", Time since last: 1000870700 ns, Reaching safepoint: 252900 ns, At safepoint: 125800 ns, Total: 378700 ns
[2020-05-02T07:27:40.950+0000][1][safepoint    ] Safepoint "Cleanup", Time since last: 1000926400 ns, Reaching safepoint: 408200 ns, At safepoint: 207800 ns, Total: 616000 ns
[2020-05-02T07:27:41.951+0000][1][safepoint    ] Safepoint "Cleanup", Time since last: 1000626800 ns, Reaching safepoint: 737800 ns, At safepoint: 237400 ns, Total: 975200 ns
[2020-05-02T07:27:42.953+0000][1][safepoint    ] Safepoint "Cleanup", Time since last: 1000583800 ns, Reaching safepoint: 576200 ns, At safepoint: 192100 ns, Total: 768300 ns
[2020-05-02T07:27:43.953+0000][1][safepoint    ] Safepoint "Cleanup", Time since last: 1000439700 ns, Reaching safepoint: 120400 ns, At safepoint: 65300 ns, Total: 185700 ns
[2020-05-02T07:27:44.973+0000][1][safepoint    ] Safepoint "Cleanup", Time since last: 1018651300 ns, Reaching safepoint: 509800 ns, At safepoint: 204400 ns, Total: 714200 ns
[2020-05-02T07:27:45.974+0000][1][safepoint    ] Safepoint "Cleanup", Time since last: 1000979800 ns, Reaching safepoint: 408100 ns, At safepoint: 272600 ns, Total: 680700 ns
[2020-05-02T07:27:46.976+0000][1][safepoint    ] Safepoint "Cleanup", Time since last: 1001053600 ns, Reaching safepoint: 287000 ns, At safepoint: 127300 ns, Total: 414300 ns
[2020-05-02T07:27:47.976+0000][1][safepoint    ] Safepoint "Cleanup", Time since last: 1000287100 ns, Reaching safepoint: 144100 ns, At safepoint: 52200 ns, Total: 196300 ns
[2020-05-02T07:27:48.977+0000][1][safepoint    ] Safepoint "Cleanup", Time since last: 1000292100 ns, Reaching safepoint: 251500 ns, At safepoint: 126800 ns, Total: 378300 ns
[2020-05-02T07:27:49.978+0000][1][safepoint    ] Safepoint "Cleanup", Time since last: 1000528900 ns, Reaching safepoint: 656200 ns, At safepoint: 177100 ns, Total: 833300 ns
[2020-05-02T07:27:50.979+0000][1][safepoint    ] Safepoint "Cleanup", Time since last: 1000783400 ns, Reaching safepoint: 176000 ns, At safepoint: 84200 ns, Total: 260200 ns
[2020-05-02T07:27:51.980+0000][1][safepoint    ] Safepoint "Cleanup", Time since last: 1000730600 ns, Reaching safepoint: 214800 ns, At safepoint: 86400 ns, Total: 301200 ns
[2020-05-02T07:27:52.982+0000][1][safepoint    ] Safepoint "Cleanup", Time since last: 1000814500 ns, Reaching safepoint: 403700 ns, At safepoint: 201100 ns, Total: 604800 ns
[2020-05-02T07:27:53.983+0000][1][safepoint    ] Safepoint "Cleanup", Time since last: 1000845500 ns, Reaching safepoint: 229900 ns, At safepoint: 65900 ns, Total: 295800 ns
[2020-05-02T07:27:54.984+0000][1][safepoint    ] Safepoint "Cleanup", Time since last: 1000614500 ns, Reaching safepoint: 141800 ns, At safepoint: 65300 ns, Total: 207100 ns
[2020-05-02T07:27:55.985+0000][1][safepoint    ] Safepoint "Cleanup", Time since last: 1000651700 ns, Reaching safepoint: 411900 ns, At safepoint: 221900 ns, Total: 633800 ns
[2020-05-02T07:27:56.986+0000][1][safepoint    ] Safepoint "Cleanup", Time since last: 1000941100 ns, Reaching safepoint: 127800 ns, At safepoint: 43700 ns, Total: 171500 ns
[2020-05-02T07:27:57.986+0000][1][safepoint    ] Safepoint "Cleanup", Time since last: 1000198000 ns, Reaching safepoint: 129800 ns, At safepoint: 52300 ns, Total: 182100 ns
[2020-05-02T07:27:58.987+0000][1][safepoint    ] Safepoint "Cleanup", Time since last: 1000276500 ns, Reaching safepoint: 131400 ns, At safepoint: 45100 ns, Total: 176500 ns
[2020-05-02T07:27:59.988+0000][1][safepoint    ] Safepoint "Cleanup", Time since last: 1000605200 ns, Reaching safepoint: 128900 ns, At safepoint: 76200 ns, Total: 205100 ns
[2020-05-02T07:28:00.989+0000][1][safepoint    ] Safepoint "Cleanup", Time since last: 1000716600 ns, Reaching safepoint: 265200 ns, At safepoint: 130300 ns, Total: 395500 ns
[2020-05-02T07:28:01.990+0000][1][safepoint    ] Safepoint "Cleanup", Time since last: 1000882100 ns, Reaching safepoint: 405900 ns, At safepoint: 207900 ns, Total: 613800 ns
[2020-05-02T07:28:02.991+0000][1][safepoint    ] Safepoint "Cleanup", Time since last: 1000779800 ns, Reaching safepoint: 127400 ns, At safepoint: 70900 ns, Total: 198300 ns
[2020-05-02T07:28:03.993+0000][1][safepoint    ] Safepoint "Cleanup", Time since last: 1000429700 ns, Reaching safepoint: 582100 ns, At safepoint: 198800 ns, Total: 780900 ns
[2020-05-02T07:28:04.994+0000][1][safepoint    ] Safepoint "Cleanup", Time since last: 1000614400 ns, Reaching safepoint: 440900 ns, At safepoint: 193300 ns, Total: 634200 ns
[2020-05-02T07:28:05.995+0000][1][safepoint    ] Safepoint "Cleanup", Time since last: 1000627600 ns, Reaching safepoint: 598800 ns, At safepoint: 193700 ns, Total: 792500 ns
[2020-05-02T07:28:06.996+0000][1][safepoint    ] Safepoint "Cleanup", Time since last: 1000491600 ns, Reaching safepoint: 125500 ns, At safepoint: 54900 ns, Total: 180400 ns
[2020-05-02T07:28:07.996+0000][1][safepoint    ] Safepoint "Cleanup", Time since last: 1000270500 ns, Reaching safepoint: 191600 ns, At safepoint: 67300 ns, Total: 258900 ns
[2020-05-02T07:28:08.997+0000][1][safepoint    ] Safepoint "Cleanup", Time since last: 1000631800 ns, Reaching safepoint: 127300 ns, At safepoint: 53200 ns, Total: 180500 ns
[2020-05-02T07:28:09.998+0000][1][safepoint    ] Safepoint "Cleanup", Time since last: 1000247100 ns, Reaching safepoint: 134300 ns, At safepoint: 61300 ns, Total: 195600 ns
[2020-05-02T07:28:10.998+0000][1][safepoint    ] Safepoint "Cleanup", Time since last: 1000353900 ns, Reaching safepoint: 124600 ns, At safepoint: 52900 ns, Total: 177500 ns
[2020-05-02T07:28:11.999+0000][1][safepoint    ] Safepoint "Cleanup", Time since last: 1000585300 ns, Reaching safepoint: 290000 ns, At safepoint: 136300 ns, Total: 426300 ns
[2020-05-02T07:28:13.000+0000][1][safepoint    ] Safepoint "Cleanup", Time since last: 1000703100 ns, Reaching safepoint: 343100 ns, At safepoint: 158000 ns, Total: 501100 ns
[2020-05-02T07:28:14.002+0000][1][safepoint    ] Safepoint "Cleanup", Time since last: 1000557700 ns, Reaching safepoint: 408900 ns, At safepoint: 200900 ns, Total: 609800 ns
[2020-05-02T07:28:15.227+0000][1][safepoint    ] Safepoint "Cleanup", Time since last: 1225232100 ns, Reaching safepoint: 433000 ns, At safepoint: 205200 ns, Total: 638200 ns
[2020-05-02T07:28:16.228+0000][1][safepoint    ] Safepoint "Cleanup", Time since last: 1000493100 ns, Reaching safepoint: 123600 ns, At safepoint: 67500 ns, Total: 191100 ns
[2020-05-02T07:28:17.230+0000][1][safepoint    ] Safepoint "Cleanup", Time since last: 1000687100 ns, Reaching safepoint: 630500 ns, At safepoint: 135500 ns, Total: 766000 ns
[2020-05-02T07:28:18.231+0000][1][safepoint    ] Safepoint "Cleanup", Time since last: 1000824900 ns, Reaching safepoint: 504500 ns, At safepoint: 194700 ns, Total: 699200 ns
[2020-05-02T07:28:19.232+0000][1][safepoint    ] Safepoint "Cleanup", Time since last: 1000559700 ns, Reaching safepoint: 242000 ns, At safepoint: 119300 ns, Total: 361300 ns
[2020-05-02T07:28:20.233+0000][1][safepoint    ] Safepoint "Cleanup", Time since last: 1000651300 ns, Reaching safepoint: 238200 ns, At safepoint: 99100 ns, Total: 337300 ns
[2020-05-02T07:28:21.234+0000][1][safepoint    ] Safepoint "Cleanup", Time since last: 1000659700 ns, Reaching safepoint: 124700 ns, At safepoint: 55200 ns, Total: 179900 ns
[2020-05-02T07:28:22.235+0000][1][safepoint    ] Safepoint "Cleanup", Time since last: 1000586100 ns, Reaching safepoint: 379500 ns, At safepoint: 187700 ns, Total: 567200 ns
[2020-05-02T07:28:23.237+0000][1][safepoint    ] Safepoint "Cleanup", Time since last: 1001191600 ns, Reaching safepoint: 496500 ns, At safepoint: 178100 ns, Total: 674600 ns
[2020-05-02T07:28:24.237+0000][1][safepoint    ] Safepoint "Cleanup", Time since last: 1000432800 ns, Reaching safepoint: 127200 ns, At safepoint: 52300 ns, Total: 179500 ns
[2020-05-02T07:28:25.238+0000][1][safepoint    ] Safepoint "Cleanup", Time since last: 1000196500 ns, Reaching safepoint: 122900 ns, At safepoint: 50200 ns, Total: 173100 ns
[2020-05-02T07:28:26.238+0000][1][safepoint    ] Safepoint "Cleanup", Time since last: 1000432400 ns, Reaching safepoint: 152800 ns, At safepoint: 82400 ns, Total: 235200 ns
[2020-05-02T07:28:27.240+0000][1][safepoint    ] Safepoint "Cleanup", Time since last: 1000434200 ns, Reaching safepoint: 706000 ns, At safepoint: 262200 ns, Total: 968200 ns
[2020-05-02T07:28:28.241+0000][1][safepoint    ] Safepoint "Cleanup", Time since last: 1000403000 ns, Reaching safepoint: 137700 ns, At safepoint: 70100 ns, Total: 207800 ns
[2020-05-02T07:28:29.241+0000][1][safepoint    ] Safepoint "Cleanup", Time since last: 1000238600 ns, Reaching safepoint: 130100 ns, At safepoint: 66000 ns, Total: 196100 ns
[2020-05-02T07:28:30.241+0000][1][safepoint    ] Safepoint "Cleanup", Time since last: 1000286800 ns, Reaching safepoint: 142700 ns, At safepoint: 59000 ns, Total: 201700 ns
[2020-05-02T07:28:31.657+0000][1][safepoint    ] Safepoint "Cleanup", Time since last: 1415520700 ns, Reaching safepoint: 135500 ns, At safepoint: 59800 ns, Total: 195300 ns
[2020-05-02T07:28:32.658+0000][1][safepoint    ] Safepoint "Cleanup", Time since last: 1000635100 ns, Reaching safepoint: 444300 ns, At safepoint: 203200 ns, Total: 647500 ns
[2020-05-02T07:28:33.660+0000][1][safepoint    ] Safepoint "Cleanup", Time since last: 1000950500 ns, Reaching safepoint: 336600 ns, At safepoint: 168600 ns, Total: 505200 ns
[2020-05-02T07:28:34.661+0000][1][safepoint    ] Safepoint "Cleanup", Time since last: 1000617100 ns, Reaching safepoint: 445400 ns, At safepoint: 251400 ns, Total: 696800 ns
[2020-05-02T07:28:35.663+0000][1][safepoint    ] Safepoint "Cleanup", Time since last: 1001028100 ns, Reaching safepoint: 445800 ns, At safepoint: 200500 ns, Total: 646300 ns
[2020-05-02T07:28:36.663+0000][1][safepoint    ] Safepoint "Cleanup", Time since last: 1000423000 ns, Reaching safepoint: 143400 ns, At safepoint: 49100 ns, Total: 192500 ns
[2020-05-02T07:28:37.664+0000][1][safepoint    ] Safepoint "Cleanup", Time since last: 1000641100 ns, Reaching safepoint: 129300 ns, At safepoint: 57700 ns, Total: 187000 ns
[2020-05-02T07:28:38.666+0000][1][safepoint    ] Safepoint "Cleanup", Time since last: 1000826400 ns, Reaching safepoint: 504800 ns, At safepoint: 210300 ns, Total: 715100 ns
[2020-05-02T07:28:39.667+0000][1][safepoint    ] Safepoint "Cleanup", Time since last: 1000691700 ns, Reaching safepoint: 449800 ns, At safepoint: 287100 ns, Total: 736900 ns
[2020-05-02T07:28:40.668+0000][1][safepoint    ] Safepoint "Cleanup", Time since last: 1000479500 ns, Reaching safepoint: 211800 ns, At safepoint: 32100 ns, Total: 243900 ns
[2020-05-02T07:28:41.669+0000][1][safepoint    ] Safepoint "Cleanup", Time since last: 1000369400 ns, Reaching safepoint: 129200 ns, At safepoint: 79500 ns, Total: 208700 ns
[2020-05-02T07:28:42.670+0000][1][safepoint    ] Safepoint "Cleanup", Time since last: 1000548000 ns, Reaching safepoint: 422000 ns, At safepoint: 211400 ns, Total: 633400 ns
[2020-05-02T07:28:43.670+0000][1][safepoint    ] Safepoint "Cleanup", Time since last: 1000363800 ns, Reaching safepoint: 169700 ns, At safepoint: 53100 ns, Total: 222800 ns
[2020-05-02T07:28:44.671+0000][1][safepoint    ] Safepoint "Cleanup", Time since last: 1000259200 ns, Reaching safepoint: 131800 ns, At safepoint: 48100 ns, Total: 179900 ns
[2020-05-02T07:28:45.671+0000][1][safepoint    ] Safepoint "Cleanup", Time since last: 1000205300 ns, Reaching safepoint: 136600 ns, At safepoint: 99700 ns, Total: 236300 ns
[2020-05-02T07:28:46.672+0000][1][safepoint    ] Safepoint "Cleanup", Time since last: 1000584700 ns, Reaching safepoint: 151000 ns, At safepoint: 64300 ns, Total: 215300 ns
[2020-05-02T07:28:47.672+0000][1][safepoint    ] Safepoint "Cleanup", Time since last: 1000204000 ns, Reaching safepoint: 158900 ns, At safepoint: 63600 ns, Total: 222500 ns
[2020-05-02T07:28:48.673+0000][1][safepoint    ] Safepoint "Cleanup", Time since last: 1000344900 ns, Reaching safepoint: 209100 ns, At safepoint: 37500 ns, Total: 246600 ns
[2020-05-02T07:28:49.674+0000][1][safepoint    ] Safepoint "Cleanup", Time since last: 1000342200 ns, Reaching safepoint: 404500 ns, At safepoint: 190500 ns, Total: 595000 ns
[2020-05-02T07:28:50.675+0000][1][safepoint    ] Safepoint "Cleanup", Time since last: 1000465100 ns, Reaching safepoint: 180500 ns, At safepoint: 76900 ns, Total: 257400 ns
[2020-05-02T07:28:51.676+0000][1][safepoint    ] Safepoint "Cleanup", Time since last: 1000783500 ns, Reaching safepoint: 503800 ns, At safepoint: 206500 ns, Total: 710300 ns
[2020-05-02T07:28:52.678+0000][1][safepoint    ] Safepoint "Cleanup", Time since last: 1000824200 ns, Reaching safepoint: 443500 ns, At safepoint: 208700 ns, Total: 652200 ns
[2020-05-02T07:28:53.679+0000][1][safepoint    ] Safepoint "Cleanup", Time since last: 1000998700 ns, Reaching safepoint: 443900 ns, At safepoint: 209000 ns, Total: 652900 ns
[2020-05-02T07:28:54.681+0000][1][safepoint    ] Safepoint "Cleanup", Time since last: 1000630200 ns, Reaching safepoint: 439700 ns, At safepoint: 255500 ns, Total: 695200 ns
[2020-05-02T07:28:55.682+0000][1][safepoint    ] Safepoint "Cleanup", Time since last: 1000685700 ns, Reaching safepoint: 442700 ns, At safepoint: 271700 ns, Total: 714400 ns
[2020-05-02T07:28:56.683+0000][1][safepoint    ] Safepoint "Cleanup", Time since last: 1000376700 ns, Reaching safepoint: 132000 ns, At safepoint: 51200 ns, Total: 183200 ns
[2020-05-02T07:28:57.683+0000][1][safepoint    ] Safepoint "Cleanup", Time since last: 1000424400 ns, Reaching safepoint: 129800 ns, At safepoint: 52400 ns, Total: 182200 ns
[2020-05-02T07:28:58.685+0000][1][safepoint    ] Safepoint "Cleanup", Time since last: 1000627800 ns, Reaching safepoint: 512400 ns, At safepoint: 203000 ns, Total: 715400 ns
[2020-05-02T07:28:59.686+0000][1][safepoint    ] Safepoint "Cleanup", Time since last: 1000690800 ns, Reaching safepoint: 660000 ns, At safepoint: 167500 ns, Total: 827500 ns
[2020-05-02T07:29:00.978+0000][1][safepoint    ] Safepoint "Cleanup", Time since last: 1290805100 ns, Reaching safepoint: 406300 ns, At safepoint: 206200 ns, Total: 612500 ns
[2020-05-02T07:29:01.979+0000][1][safepoint    ] Safepoint "Cleanup", Time since last: 1000804000 ns, Reaching safepoint: 144000 ns, At safepoint: 64400 ns, Total: 208400 ns
[2020-05-02T07:29:02.979+0000][1][safepoint    ] Safepoint "Cleanup", Time since last: 1000603200 ns, Reaching safepoint: 151400 ns, At safepoint: 56500 ns, Total: 207900 ns
[2020-05-02T07:29:03.981+0000][1][safepoint    ] Safepoint "Cleanup", Time since last: 1000770300 ns, Reaching safepoint: 477200 ns, At safepoint: 202700 ns, Total: 679900 ns
[2020-05-02T07:29:04.982+0000][1][safepoint    ] Safepoint "Cleanup", Time since last: 1000726000 ns, Reaching safepoint: 507500 ns, At safepoint: 219000 ns, Total: 726500 ns
[2020-05-02T07:29:05.984+0000][1][safepoint    ] Safepoint "Cleanup", Time since last: 1000878100 ns, Reaching safepoint: 438700 ns, At safepoint: 210300 ns, Total: 649000 ns
[2020-05-02T07:29:06.985+0000][1][safepoint    ] Safepoint "Cleanup", Time since last: 1000931300 ns, Reaching safepoint: 404000 ns, At safepoint: 192700 ns, Total: 596700 ns
[2020-05-02T07:29:07.986+0000][1][safepoint    ] Safepoint "Cleanup", Time since last: 1000982000 ns, Reaching safepoint: 137500 ns, At safepoint: 58100 ns, Total: 195600 ns
[2020-05-02T07:29:08.988+0000][1][safepoint    ] Safepoint "Cleanup", Time since last: 1000385800 ns, Reaching safepoint: 518900 ns, At safepoint: 189300 ns, Total: 708200 ns
[2020-05-02T07:29:09.989+0000][1][safepoint    ] Safepoint "Cleanup", Time since last: 1000950500 ns, Reaching safepoint: 408600 ns, At safepoint: 205300 ns, Total: 613900 ns
[2020-05-02T07:29:10.991+0000][1][safepoint    ] Safepoint "Cleanup", Time since last: 1000961600 ns, Reaching safepoint: 377800 ns, At safepoint: 187100 ns, Total: 564900 ns
[2020-05-02T07:29:11.991+0000][1][safepoint    ] Safepoint "Cleanup", Time since last: 1000403700 ns, Reaching safepoint: 150200 ns, At safepoint: 52800 ns, Total: 203000 ns
[2020-05-02T07:29:12.992+0000][1][safepoint    ] Safepoint "Cleanup", Time since last: 1000265800 ns, Reaching safepoint: 216100 ns, At safepoint: 68000 ns, Total: 284100 ns
[2020-05-02T07:29:13.993+0000][1][safepoint    ] Safepoint "Cleanup", Time since last: 1000528700 ns, Reaching safepoint: 442400 ns, At safepoint: 202300 ns, Total: 644700 ns
[2020-05-02T07:29:14.994+0000][1][safepoint    ] Safepoint "Cleanup", Time since last: 1000864600 ns, Reaching safepoint: 412200 ns, At safepoint: 209300 ns, Total: 621500 ns
[2020-05-02T07:29:15.996+0000][1][safepoint    ] Safepoint "Cleanup", Time since last: 1000916800 ns, Reaching safepoint: 173200 ns, At safepoint: 62100 ns, Total: 235300 ns
[2020-05-02T07:29:16.996+0000][1][safepoint    ] Safepoint "Cleanup", Time since last: 1000244500 ns, Reaching safepoint: 261600 ns, At safepoint: 66000 ns, Total: 327600 ns
[2020-05-02T07:29:17.997+0000][1][safepoint    ] Safepoint "Cleanup", Time since last: 1000337900 ns, Reaching safepoint: 244700 ns, At safepoint: 79300 ns, Total: 324000 ns
[2020-05-02T07:29:18.998+0000][1][safepoint    ] Safepoint "Cleanup", Time since last: 1000437600 ns, Reaching safepoint: 793900 ns, At safepoint: 232700 ns, Total: 1026600 ns
[2020-05-02T07:29:20.000+0000][1][safepoint    ] Safepoint "Cleanup", Time since last: 1000648500 ns, Reaching safepoint: 389800 ns, At safepoint: 190200 ns, Total: 580000 ns
[2020-05-02T07:29:21.000+0000][1][safepoint    ] Safepoint "Cleanup", Time since last: 1000432100 ns, Reaching safepoint: 228600 ns, At safepoint: 111800 ns, Total: 340400 ns
[2020-05-02T07:29:22.001+0000][1][safepoint    ] Safepoint "Cleanup", Time since last: 1000315600 ns, Reaching safepoint: 205000 ns, At safepoint: 114600 ns, Total: 319600 ns
[2020-05-02T07:29:23.002+0000][1][safepoint    ] Safepoint "Cleanup", Time since last: 1000504200 ns, Reaching safepoint: 508400 ns, At safepoint: 279200 ns, Total: 787600 ns
[2020-05-02T07:29:24.003+0000][1][safepoint    ] Safepoint "Cleanup", Time since last: 1000972600 ns, Reaching safepoint: 158700 ns, At safepoint: 70300 ns, Total: 229000 ns
[2020-05-02T07:29:25.005+0000][1][safepoint    ] Safepoint "Cleanup", Time since last: 1000481100 ns, Reaching safepoint: 488400 ns, At safepoint: 175900 ns, Total: 664300 ns
[2020-05-02T07:29:26.006+0000][1][safepoint    ] Safepoint "Cleanup", Time since last: 1000944300 ns, Reaching safepoint: 446200 ns, At safepoint: 215800 ns, Total: 662000 ns
[2020-05-02T07:29:27.007+0000][1][safepoint    ] Safepoint "Cleanup", Time since last: 1000679800 ns, Reaching safepoint: 406600 ns, At safepoint: 129400 ns, Total: 536000 ns
[2020-05-02T07:29:28.009+0000][1][safepoint    ] Safepoint "Cleanup", Time since last: 1000493700 ns, Reaching safepoint: 516600 ns, At safepoint: 144900 ns, Total: 661500 ns
[2020-05-02T07:29:29.010+0000][1][safepoint    ] Safepoint "Cleanup", Time since last: 1000784200 ns, Reaching safepoint: 210600 ns, At safepoint: 96800 ns, Total: 307400 ns
[2020-05-02T07:29:29.980+0000][1][gc,start     ] GC(73) Pause Young (Allocation Failure)
[2020-05-02T07:29:29.980+0000][1][gc,task      ] GC(73) Using 10 workers of 10 for evacuation
[2020-05-02T07:29:29.988+0000][1][gc,age       ] GC(73) Desired survivor size 8945664 bytes, new threshold 6 (max threshold 6)
[2020-05-02T07:29:29.988+0000][1][gc,age       ] GC(73) Age table with threshold 6 (max threshold 6)
[2020-05-02T07:29:29.988+0000][1][gc,age       ] GC(73) - age   1:      68656 bytes,      68656 total
[2020-05-02T07:29:29.988+0000][1][gc,age       ] GC(73) - age   2:        976 bytes,      69632 total
[2020-05-02T07:29:29.988+0000][1][gc,age       ] GC(73) - age   3:        752 bytes,      70384 total
[2020-05-02T07:29:29.988+0000][1][gc,age       ] GC(73) - age   4:      51616 bytes,     122000 total
[2020-05-02T07:29:29.988+0000][1][gc,age       ] GC(73) - age   5:       1840 bytes,     123840 total
[2020-05-02T07:29:29.988+0000][1][gc,age       ] GC(73) - age   6:       1904 bytes,     125744 total
[2020-05-02T07:29:29.988+0000][1][gc,heap      ] GC(73) ParNew: 139978K->185K(157248K)
[2020-05-02T07:29:29.988+0000][1][gc,heap      ] GC(73) CMS: 82971K->83011K(349568K)
[2020-05-02T07:29:29.988+0000][1][gc,metaspace ] GC(73) Metaspace: 98031K->98031K(1140736K)
[2020-05-02T07:29:29.988+0000][1][gc           ] GC(73) Pause Young (Allocation Failure) 217M->81M(494M) 8.670ms
[2020-05-02T07:29:29.988+0000][1][gc,cpu       ] GC(73) User=0.02s Sys=0.01s Real=0.01s
[2020-05-02T07:29:29.989+0000][1][safepoint    ] Safepoint "GenCollectForAllocation", Time since last: 969425600 ns, Reaching safepoint: 617500 ns, At safepoint: 8855900 ns, Total: 9473400 ns
[2020-05-02T07:29:30.990+0000][1][safepoint    ] Safepoint "Cleanup", Time since last: 1000596900 ns, Reaching safepoint: 326900 ns, At safepoint: 152500 ns, Total: 479400 ns
[2020-05-02T07:29:31.991+0000][1][safepoint    ] Safepoint "Cleanup", Time since last: 1000791300 ns, Reaching safepoint: 327000 ns, At safepoint: 158700 ns, Total: 485700 ns
[2020-05-02T07:29:32.992+0000][1][safepoint    ] Safepoint "Cleanup", Time since last: 1000807400 ns, Reaching safepoint: 449900 ns, At safepoint: 217800 ns, Total: 667700 ns
[2020-05-02T07:29:33.993+0000][1][safepoint    ] Safepoint "Cleanup", Time since last: 1000739500 ns, Reaching safepoint: 142500 ns, At safepoint: 65000 ns, Total: 207500 ns
[2020-05-02T07:29:34.994+0000][1][safepoint    ] Safepoint "Cleanup", Time since last: 1000408900 ns, Reaching safepoint: 304200 ns, At safepoint: 154500 ns, Total: 458700 ns
[2020-05-02T07:29:35.995+0000][1][safepoint    ] Safepoint "Cleanup", Time since last: 1000788300 ns, Reaching safepoint: 128300 ns, At safepoint: 56600 ns, Total: 184900 ns
[2020-05-02T07:29:36.997+0000][1][safepoint    ] Safepoint "Cleanup", Time since last: 1000877900 ns, Reaching safepoint: 404300 ns, At safepoint: 210100 ns, Total: 614400 ns
[2020-05-02T07:29:37.998+0000][1][safepoint    ] Safepoint "Cleanup", Time since last: 1000738800 ns, Reaching safepoint: 405600 ns, At safepoint: 213800 ns, Total: 619400 ns
[2020-05-02T07:29:38.999+0000][1][safepoint    ] Safepoint "Cleanup", Time since last: 1000641700 ns, Reaching safepoint: 261800 ns, At safepoint: 103500 ns, Total: 365300 ns
[2020-05-02T07:29:40.025+0000][1][safepoint    ] Safepoint "Cleanup", Time since last: 1024941100 ns, Reaching safepoint: 441000 ns, At safepoint: 210000 ns, Total: 651000 ns
[2020-05-02T07:29:41.026+0000][1][safepoint    ] Safepoint "Cleanup", Time since last: 1001150200 ns, Reaching safepoint: 406400 ns, At safepoint: 206600 ns, Total: 613000 ns
[2020-05-02T07:29:42.028+0000][1][safepoint    ] Safepoint "Cleanup", Time since last: 1000953100 ns, Reaching safepoint: 439600 ns, At safepoint: 205100 ns, Total: 644700 ns
[2020-05-02T07:29:43.029+0000][1][safepoint    ] Safepoint "Cleanup", Time since last: 1000748400 ns, Reaching safepoint: 124600 ns, At safepoint: 71800 ns, Total: 196400 ns
[2020-05-02T07:29:44.030+0000][1][safepoint    ] Safepoint "Cleanup", Time since last: 1000670900 ns, Reaching safepoint: 446100 ns, At safepoint: 207800 ns, Total: 653900 ns
[2020-05-02T07:29:45.031+0000][1][safepoint    ] Safepoint "Cleanup", Time since last: 1000615600 ns, Reaching safepoint: 405900 ns, At safepoint: 201100 ns, Total: 607000 ns
[2020-05-02T07:29:46.033+0000][1][safepoint    ] Safepoint "Cleanup", Time since last: 1000978800 ns, Reaching safepoint: 404200 ns, At safepoint: 352600 ns, Total: 756800 ns
[2020-05-02T07:29:47.035+0000][1][safepoint    ] Safepoint "Cleanup", Time since last: 1000950900 ns, Reaching safepoint: 509600 ns, At safepoint: 196000 ns, Total: 705600 ns
[2020-05-02T07:29:48.036+0000][1][safepoint    ] Safepoint "Cleanup", Time since last: 1000662100 ns, Reaching safepoint: 444700 ns, At safepoint: 67900 ns, Total: 512600 ns
[2020-05-02T07:29:49.037+0000][1][safepoint    ] Safepoint "Cleanup", Time since last: 1000433300 ns, Reaching safepoint: 504000 ns, At safepoint: 199800 ns, Total: 703800 ns
[2020-05-02T07:29:50.038+0000][1][safepoint    ] Safepoint "Cleanup", Time since last: 1000323400 ns, Reaching safepoint: 113900 ns, At safepoint: 48000 ns, Total: 161900 ns
[2020-05-02T07:29:51.039+0000][1][safepoint    ] Safepoint "Cleanup", Time since last: 1000777100 ns, Reaching safepoint: 715800 ns, At safepoint: 223500 ns, Total: 939300 ns
[2020-05-02T07:29:52.041+0000][1][safepoint    ] Safepoint "Cleanup", Time since last: 1000799000 ns, Reaching safepoint: 250600 ns, At safepoint: 124700 ns, Total: 375300 ns
[2020-05-02T07:29:53.042+0000][1][safepoint    ] Safepoint "Cleanup", Time since last: 1000899700 ns, Reaching safepoint: 409900 ns, At safepoint: 209400 ns, Total: 619300 ns
[2020-05-02T07:29:54.043+0000][1][safepoint    ] Safepoint "Cleanup", Time since last: 1000851700 ns, Reaching safepoint: 284700 ns, At safepoint: 118400 ns, Total: 403100 ns
[2020-05-02T07:29:55.044+0000][1][safepoint    ] Safepoint "Cleanup", Time since last: 1000278100 ns, Reaching safepoint: 111400 ns, At safepoint: 33600 ns, Total: 145000 ns
[2020-05-02T07:29:56.045+0000][1][safepoint    ] Safepoint "Cleanup", Time since last: 1000582200 ns, Reaching safepoint: 227400 ns, At safepoint: 154500 ns, Total: 381900 ns
[2020-05-02T07:29:57.994+0000][1][safepoint    ] Safepoint "Cleanup", Time since last: 1949024600 ns, Reaching safepoint: 125900 ns, At safepoint: 48600 ns, Total: 174500 ns
[2020-05-02T07:29:58.996+0000][1][safepoint    ] Safepoint "Cleanup", Time since last: 1000987600 ns, Reaching safepoint: 413400 ns, At safepoint: 267200 ns, Total: 680600 ns
[2020-05-02T07:29:59.996+0000][1][safepoint    ] Safepoint "Cleanup", Time since last: 1000480700 ns, Reaching safepoint: 180600 ns, At safepoint: 85400 ns, Total: 266000 ns
[2020-05-02T07:30:00.997+0000][1][safepoint    ] Safepoint "Cleanup", Time since last: 1000443300 ns, Reaching safepoint: 134600 ns, At safepoint: 52400 ns, Total: 187000 ns
[2020-05-02T07:30:01.998+0000][1][safepoint    ] Safepoint "Cleanup", Time since last: 1000351300 ns, Reaching safepoint: 314600 ns, At safepoint: 135700 ns, Total: 450300 ns
[2020-05-02T07:30:03.000+0000][1][safepoint    ] Safepoint "Cleanup", Time since last: 1000741100 ns, Reaching safepoint: 848500 ns, At safepoint: 421300 ns, Total: 1269800 ns
[2020-05-02T07:30:04.001+0000][1][safepoint    ] Safepoint "Cleanup", Time since last: 1000704700 ns, Reaching safepoint: 267500 ns, At safepoint: 125700 ns, Total: 393200 ns
[2020-05-02T07:30:05.002+0000][1][safepoint    ] Safepoint "Cleanup", Time since last: 1000494800 ns, Reaching safepoint: 306900 ns, At safepoint: 196400 ns, Total: 503300 ns
[2020-05-02T07:30:06.003+0000][1][safepoint    ] Safepoint "Cleanup", Time since last: 1000684500 ns, Reaching safepoint: 512500 ns, At safepoint: 226600 ns, Total: 739100 ns
[2020-05-02T07:30:07.004+0000][1][safepoint    ] Safepoint "Cleanup", Time since last: 1000606000 ns, Reaching safepoint: 208700 ns, At safepoint: 101100 ns, Total: 309800 ns
[2020-05-02T07:30:08.005+0000][1][safepoint    ] Safepoint "Cleanup", Time since last: 1000727000 ns, Reaching safepoint: 332800 ns, At safepoint: 211100 ns, Total: 543900 ns
[2020-05-02T07:30:09.006+0000][1][safepoint    ] Safepoint "Cleanup", Time since last: 1000664900 ns, Reaching safepoint: 127600 ns, At safepoint: 67700 ns, Total: 195300 ns
[2020-05-02T07:30:10.008+0000][1][safepoint    ] Safepoint "Cleanup", Time since last: 1000575300 ns, Reaching safepoint: 451900 ns, At safepoint: 219500 ns, Total: 671400 ns
[2020-05-02T07:30:11.009+0000][1][safepoint    ] Safepoint "Cleanup", Time since last: 1001114000 ns, Reaching safepoint: 417100 ns, At safepoint: 319500 ns, Total: 736600 ns
[2020-05-02T07:30:12.011+0000][1][safepoint    ] Safepoint "Cleanup", Time since last: 1001007400 ns, Reaching safepoint: 407200 ns, At safepoint: 318600 ns, Total: 725800 ns
[2020-05-02T07:30:13.012+0000][1][safepoint    ] Safepoint "Cleanup", Time since last: 1000860900 ns, Reaching safepoint: 291400 ns, At safepoint: 77700 ns, Total: 369100 ns
[2020-05-02T07:30:14.013+0000][1][safepoint    ] Safepoint "Cleanup", Time since last: 1000573600 ns, Reaching safepoint: 185900 ns, At safepoint: 113700 ns, Total: 299600 ns
[2020-05-02T07:30:15.014+0000][1][safepoint    ] Safepoint "Cleanup", Time since last: 1000257800 ns, Reaching safepoint: 195700 ns, At safepoint: 74800 ns, Total: 270500 ns
[2020-05-02T07:30:16.015+0000][1][safepoint    ] Safepoint "Cleanup", Time since last: 1000893000 ns, Reaching safepoint: 406900 ns, At safepoint: 204600 ns, Total: 611500 ns
[2020-05-02T07:30:17.016+0000][1][safepoint    ] Safepoint "Cleanup", Time since last: 1000737400 ns, Reaching safepoint: 139400 ns, At safepoint: 60600 ns, Total: 200000 ns
[2020-05-02T07:30:18.017+0000][1][safepoint    ] Safepoint "Cleanup", Time since last: 1000667500 ns, Reaching safepoint: 132300 ns, At safepoint: 83700 ns, Total: 216000 ns
[2020-05-02T07:30:19.018+0000][1][safepoint    ] Safepoint "Cleanup", Time since last: 1000425100 ns, Reaching safepoint: 512500 ns, At safepoint: 297200 ns, Total: 809700 ns
[2020-05-02T07:30:20.019+0000][1][safepoint    ] Safepoint "Cleanup", Time since last: 1000526300 ns, Reaching safepoint: 222900 ns, At safepoint: 125600 ns, Total: 348500 ns
[2020-05-02T07:30:21.020+0000][1][safepoint    ] Safepoint "Cleanup", Time since last: 1000400900 ns, Reaching safepoint: 128400 ns, At safepoint: 73900 ns, Total: 202300 ns
[2020-05-02T07:30:22.021+0000][1][safepoint    ] Safepoint "Cleanup", Time since last: 1000719700 ns, Reaching safepoint: 412200 ns, At safepoint: 324100 ns, Total: 736300 ns
[2020-05-02T07:30:23.023+0000][1][safepoint    ] Safepoint "Cleanup", Time since last: 1000678300 ns, Reaching safepoint: 416400 ns, At safepoint: 305400 ns, Total: 721800 ns
[2020-05-02T07:30:25.008+0000][1][safepoint    ] Safepoint "Cleanup", Time since last: 1984674800 ns, Reaching safepoint: 406600 ns, At safepoint: 313900 ns, Total: 720500 ns
[2020-05-02T07:30:26.009+0000][1][safepoint    ] Safepoint "Cleanup", Time since last: 1000758200 ns, Reaching safepoint: 250000 ns, At safepoint: 74000 ns, Total: 324000 ns
[2020-05-02T07:30:27.010+0000][1][safepoint    ] Safepoint "Cleanup", Time since last: 1000529800 ns, Reaching safepoint: 209200 ns, At safepoint: 98200 ns, Total: 307400 ns
[2020-05-02T07:30:28.011+0000][1][safepoint    ] Safepoint "Cleanup", Time since last: 1000537400 ns, Reaching safepoint: 128400 ns, At safepoint: 56400 ns, Total: 184800 ns
[2020-05-02T07:30:29.011+0000][1][safepoint    ] Safepoint "Cleanup", Time since last: 1000259800 ns, Reaching safepoint: 126900 ns, At safepoint: 52600 ns, Total: 179500 ns
[2020-05-02T07:30:30.012+0000][1][safepoint    ] Safepoint "Cleanup", Time since last: 1000384200 ns, Reaching safepoint: 385900 ns, At safepoint: 143500 ns, Total: 529400 ns
[2020-05-02T07:30:31.014+0000][1][safepoint    ] Safepoint "Cleanup", Time since last: 1001017500 ns, Reaching safepoint: 412000 ns, At safepoint: 282000 ns, Total: 694000 ns
[2020-05-02T07:30:32.016+0000][1][safepoint    ] Safepoint "Cleanup", Time since last: 1001052400 ns, Reaching safepoint: 435100 ns, At safepoint: 268400 ns, Total: 703500 ns
[2020-05-02T07:30:33.017+0000][1][safepoint    ] Safepoint "Cleanup", Time since last: 1000756000 ns, Reaching safepoint: 405500 ns, At safepoint: 214800 ns, Total: 620300 ns
[2020-05-02T07:30:34.018+0000][1][safepoint    ] Safepoint "Cleanup", Time since last: 1000703100 ns, Reaching safepoint: 448300 ns, At safepoint: 210600 ns, Total: 658900 ns
[2020-05-02T07:30:35.020+0000][1][safepoint    ] Safepoint "Cleanup", Time since last: 1000967500 ns, Reaching safepoint: 404900 ns, At safepoint: 193300 ns, Total: 598200 ns
[2020-05-02T07:30:36.021+0000][1][safepoint    ] Safepoint "Cleanup", Time since last: 1000973000 ns, Reaching safepoint: 408800 ns, At safepoint: 205000 ns, Total: 613800 ns
[2020-05-02T07:30:37.022+0000][1][safepoint    ] Safepoint "Cleanup", Time since last: 1000635600 ns, Reaching safepoint: 139300 ns, At safepoint: 60100 ns, Total: 199400 ns
[2020-05-02T07:30:38.023+0000][1][safepoint    ] Safepoint "Cleanup", Time since last: 1000440800 ns, Reaching safepoint: 320200 ns, At safepoint: 45400 ns, Total: 365600 ns
[2020-05-02T07:30:39.024+0000][1][safepoint    ] Safepoint "Cleanup", Time since last: 1000350800 ns, Reaching safepoint: 489300 ns, At safepoint: 190600 ns, Total: 679900 ns
[2020-05-02T07:30:40.026+0000][1][safepoint    ] Safepoint "Cleanup", Time since last: 1000599600 ns, Reaching safepoint: 573200 ns, At safepoint: 273200 ns, Total: 846400 ns
[2020-05-02T07:30:41.026+0000][1][safepoint    ] Safepoint "Cleanup", Time since last: 1000350000 ns, Reaching safepoint: 151800 ns, At safepoint: 56300 ns, Total: 208100 ns
[2020-05-02T07:30:42.027+0000][1][safepoint    ] Safepoint "Cleanup", Time since last: 1000579900 ns, Reaching safepoint: 498500 ns, At safepoint: 274700 ns, Total: 773200 ns
[2020-05-02T07:30:43.028+0000][1][safepoint    ] Safepoint "Cleanup", Time since last: 1000511900 ns, Reaching safepoint: 178300 ns, At safepoint: 85300 ns, Total: 263600 ns
[2020-05-02T07:30:44.029+0000][1][safepoint    ] Safepoint "Cleanup", Time since last: 1000282000 ns, Reaching safepoint: 143900 ns, At safepoint: 52600 ns, Total: 196500 ns
[2020-05-02T07:30:45.029+0000][1][safepoint    ] Safepoint "Cleanup", Time since last: 1000242300 ns, Reaching safepoint: 250700 ns, At safepoint: 61200 ns, Total: 311900 ns
[2020-05-02T07:30:46.030+0000][1][safepoint    ] Safepoint "Cleanup", Time since last: 1000223000 ns, Reaching safepoint: 279600 ns, At safepoint: 119800 ns, Total: 399400 ns
[2020-05-02T07:30:47.031+0000][1][safepoint    ] Safepoint "Cleanup", Time since last: 1000507400 ns, Reaching safepoint: 405200 ns, At safepoint: 201400 ns, Total: 606600 ns
[2020-05-02T07:30:48.032+0000][1][safepoint    ] Safepoint "Cleanup", Time since last: 1000655300 ns, Reaching safepoint: 193500 ns, At safepoint: 90500 ns, Total: 284000 ns
[2020-05-02T07:30:49.033+0000][1][safepoint    ] Safepoint "Cleanup", Time since last: 1000502100 ns, Reaching safepoint: 132500 ns, At safepoint: 52800 ns, Total: 185300 ns
[2020-05-02T07:30:50.034+0000][1][safepoint    ] Safepoint "Cleanup", Time since last: 1000592300 ns, Reaching safepoint: 201400 ns, At safepoint: 94400 ns, Total: 295800 ns
[2020-05-02T07:30:51.035+0000][1][safepoint    ] Safepoint "Cleanup", Time since last: 1000928200 ns, Reaching safepoint: 406900 ns, At safepoint: 202700 ns, Total: 609600 ns
[2020-05-02T07:30:52.037+0000][1][safepoint    ] Safepoint "Cleanup", Time since last: 1000966800 ns, Reaching safepoint: 409300 ns, At safepoint: 202900 ns, Total: 612200 ns
[2020-05-02T07:30:53.037+0000][1][safepoint    ] Safepoint "Cleanup", Time since last: 1000481800 ns, Reaching safepoint: 145100 ns, At safepoint: 65400 ns, Total: 210500 ns
[2020-05-02T07:30:54.038+0000][1][safepoint    ] Safepoint "Cleanup", Time since last: 1000230900 ns, Reaching safepoint: 158900 ns, At safepoint: 65500 ns, Total: 224400 ns
[2020-05-02T07:30:55.038+0000][1][safepoint    ] Safepoint "Cleanup", Time since last: 1000235100 ns, Reaching safepoint: 132300 ns, At safepoint: 52900 ns, Total: 185200 ns
[2020-05-02T07:30:56.039+0000][1][safepoint    ] Safepoint "Cleanup", Time since last: 1000225400 ns, Reaching safepoint: 125000 ns, At safepoint: 55000 ns, Total: 180000 ns
[2020-05-02T07:30:57.039+0000][1][safepoint    ] Safepoint "Cleanup", Time since last: 1000553800 ns, Reaching safepoint: 123200 ns, At safepoint: 55300 ns, Total: 178500 ns
[2020-05-02T07:30:58.040+0000][1][safepoint    ] Safepoint "Cleanup", Time since last: 1000524700 ns, Reaching safepoint: 160700 ns, At safepoint: 72300 ns, Total: 233000 ns
[2020-05-02T07:30:59.041+0000][1][safepoint    ] Safepoint "Cleanup", Time since last: 1000477500 ns, Reaching safepoint: 427200 ns, At safepoint: 202700 ns, Total: 629900 ns
[2020-05-02T07:31:00.042+0000][1][safepoint    ] Safepoint "Cleanup", Time since last: 1000408700 ns, Reaching safepoint: 140700 ns, At safepoint: 61800 ns, Total: 202500 ns
[2020-05-02T07:31:01.043+0000][1][safepoint    ] Safepoint "Cleanup", Time since last: 1000537800 ns, Reaching safepoint: 236400 ns, At safepoint: 104300 ns, Total: 340700 ns
[2020-05-02T07:31:02.044+0000][1][safepoint    ] Safepoint "Cleanup", Time since last: 1000812300 ns, Reaching safepoint: 444600 ns, At safepoint: 211700 ns, Total: 656300 ns
[2020-05-02T07:31:03.046+0000][1][safepoint    ] Safepoint "Cleanup", Time since last: 1000857800 ns, Reaching safepoint: 642700 ns, At safepoint: 184200 ns, Total: 826900 ns
[2020-05-02T07:31:04.048+0000][1][safepoint    ] Safepoint "Cleanup", Time since last: 1000993700 ns, Reaching safepoint: 442200 ns, At safepoint: 274100 ns, Total: 716300 ns
[2020-05-02T07:31:05.049+0000][1][safepoint    ] Safepoint "Cleanup", Time since last: 1000780900 ns, Reaching safepoint: 259100 ns, At safepoint: 105800 ns, Total: 364900 ns
[2020-05-02T07:31:06.050+0000][1][safepoint    ] Safepoint "Cleanup", Time since last: 1000535000 ns, Reaching safepoint: 411800 ns, At safepoint: 200900 ns, Total: 612700 ns
[2020-05-02T07:31:07.051+0000][1][safepoint    ] Safepoint "Cleanup", Time since last: 1000955600 ns, Reaching safepoint: 444400 ns, At safepoint: 209200 ns, Total: 653600 ns
[2020-05-02T07:31:08.052+0000][1][safepoint    ] Safepoint "Cleanup", Time since last: 1000465500 ns, Reaching safepoint: 133500 ns, At safepoint: 67800 ns, Total: 201300 ns
[2020-05-02T07:31:09.053+0000][1][safepoint    ] Safepoint "Cleanup", Time since last: 1000475800 ns, Reaching safepoint: 416700 ns, At safepoint: 202100 ns, Total: 618800 ns
[2020-05-02T07:31:10.055+0000][1][safepoint    ] Safepoint "Cleanup", Time since last: 1000780600 ns, Reaching safepoint: 708800 ns, At safepoint: 204600 ns, Total: 913400 ns
[2020-05-02T07:31:11.056+0000][1][safepoint    ] Safepoint "Cleanup", Time since last: 1000658600 ns, Reaching safepoint: 429100 ns, At safepoint: 233100 ns, Total: 662200 ns
[2020-05-02T07:31:12.058+0000][1][safepoint    ] Safepoint "Cleanup", Time since last: 1000855000 ns, Reaching safepoint: 284700 ns, At safepoint: 123700 ns, Total: 408400 ns
[2020-05-02T07:31:13.059+0000][1][safepoint    ] Safepoint "Cleanup", Time since last: 1000593400 ns, Reaching safepoint: 330800 ns, At safepoint: 157000 ns, Total: 487800 ns
[2020-05-02T07:31:14.060+0000][1][safepoint    ] Safepoint "Cleanup", Time since last: 1000814000 ns, Reaching safepoint: 441800 ns, At safepoint: 209700 ns, Total: 651500 ns
[2020-05-02T07:31:15.239+0000][1][safepoint    ] Safepoint "Cleanup", Time since last: 1178132700 ns, Reaching safepoint: 463400 ns, At safepoint: 209200 ns, Total: 672600 ns
[2020-05-02T07:31:16.241+0000][1][safepoint    ] Safepoint "Cleanup", Time since last: 1001159000 ns, Reaching safepoint: 408300 ns, At safepoint: 203400 ns, Total: 611700 ns
[2020-05-02T07:31:17.242+0000][1][safepoint    ] Safepoint "Cleanup", Time since last: 1001118800 ns, Reaching safepoint: 442800 ns, At safepoint: 211800 ns, Total: 654600 ns
[2020-05-02T07:31:18.244+0000][1][safepoint    ] Safepoint "Cleanup", Time since last: 1001042400 ns, Reaching safepoint: 442700 ns, At safepoint: 357800 ns, Total: 800500 ns
[2020-05-02T07:31:19.246+0000][1][safepoint    ] Safepoint "Cleanup", Time since last: 1000660500 ns, Reaching safepoint: 412000 ns, At safepoint: 280300 ns, Total: 692300 ns
[2020-05-02T07:31:20.247+0000][1][safepoint    ] Safepoint "Cleanup", Time since last: 1000748200 ns, Reaching safepoint: 131000 ns, At safepoint: 55800 ns, Total: 186800 ns
[2020-05-02T07:31:21.247+0000][1][safepoint    ] Safepoint "Cleanup", Time since last: 1000334600 ns, Reaching safepoint: 141900 ns, At safepoint: 63800 ns, Total: 205700 ns
[2020-05-02T07:31:22.248+0000][1][safepoint    ] Safepoint "Cleanup", Time since last: 1000627100 ns, Reaching safepoint: 251100 ns, At safepoint: 121200 ns, Total: 372300 ns
[2020-05-02T07:31:23.250+0000][1][safepoint    ] Safepoint "Cleanup", Time since last: 1000644700 ns, Reaching safepoint: 815900 ns, At safepoint: 217700 ns, Total: 1033600 ns
[2020-05-02T07:31:24.251+0000][1][safepoint    ] Safepoint "Cleanup", Time since last: 1000484800 ns, Reaching safepoint: 240000 ns, At safepoint: 115300 ns, Total: 355300 ns
[2020-05-02T07:31:25.252+0000][1][safepoint    ] Safepoint "Cleanup", Time since last: 1000817100 ns, Reaching safepoint: 409400 ns, At safepoint: 231000 ns, Total: 640400 ns
[2020-05-02T07:31:26.254+0000][1][safepoint    ] Safepoint "Cleanup", Time since last: 1001026100 ns, Reaching safepoint: 305300 ns, At safepoint: 152900 ns, Total: 458200 ns
[2020-05-02T07:31:27.254+0000][1][safepoint    ] Safepoint "Cleanup", Time since last: 1000700700 ns, Reaching safepoint: 141100 ns, At safepoint: 53900 ns, Total: 195000 ns
[2020-05-02T07:31:28.256+0000][1][safepoint    ] Safepoint "Cleanup", Time since last: 1000508000 ns, Reaching safepoint: 442300 ns, At safepoint: 243400 ns, Total: 685700 ns
[2020-05-02T07:31:29.257+0000][1][safepoint    ] Safepoint "Cleanup", Time since last: 1000647400 ns, Reaching safepoint: 447300 ns, At safepoint: 206700 ns, Total: 654000 ns
[2020-05-02T07:31:30.259+0000][1][safepoint    ] Safepoint "Cleanup", Time since last: 1000924900 ns, Reaching safepoint: 442700 ns, At safepoint: 210100 ns, Total: 652800 ns
[2020-05-02T07:31:31.260+0000][1][safepoint    ] Safepoint "Cleanup", Time since last: 1000905600 ns, Reaching safepoint: 409400 ns, At safepoint: 106600 ns, Total: 516000 ns
[2020-05-02T07:31:32.261+0000][1][safepoint    ] Safepoint "Cleanup", Time since last: 1000723400 ns, Reaching safepoint: 493900 ns, At safepoint: 142400 ns, Total: 636300 ns
[2020-05-02T07:31:33.263+0000][1][safepoint    ] Safepoint "Cleanup", Time since last: 1000967300 ns, Reaching safepoint: 407800 ns, At safepoint: 207600 ns, Total: 615400 ns
[2020-05-02T07:31:34.264+0000][1][safepoint    ] Safepoint "Cleanup", Time since last: 1000651600 ns, Reaching safepoint: 406000 ns, At safepoint: 201200 ns, Total: 607200 ns
[2020-05-02T07:31:35.266+0000][1][safepoint    ] Safepoint "Cleanup", Time since last: 1001074100 ns, Reaching safepoint: 455900 ns, At safepoint: 285200 ns, Total: 741100 ns
[2020-05-02T07:31:36.267+0000][1][safepoint    ] Safepoint "Cleanup", Time since last: 1000658700 ns, Reaching safepoint: 405300 ns, At safepoint: 203200 ns, Total: 608500 ns
[2020-05-02T07:31:37.268+0000][1][safepoint    ] Safepoint "Cleanup", Time since last: 1000771700 ns, Reaching safepoint: 214200 ns, At safepoint: 97200 ns, Total: 311400 ns
[2020-05-02T07:31:38.270+0000][1][safepoint    ] Safepoint "Cleanup", Time since last: 1000930900 ns, Reaching safepoint: 443000 ns, At safepoint: 210900 ns, Total: 653900 ns
[2020-05-02T07:31:39.271+0000][1][safepoint    ] Safepoint "Cleanup", Time since last: 1000900300 ns, Reaching safepoint: 492300 ns, At safepoint: 206300 ns, Total: 698600 ns
[2020-05-02T07:31:40.273+0000][1][safepoint    ] Safepoint "Cleanup", Time since last: 1000845600 ns, Reaching safepoint: 127500 ns, At safepoint: 71100 ns, Total: 198600 ns
[2020-05-02T07:31:41.274+0000][1][safepoint    ] Safepoint "Cleanup", Time since last: 1000810000 ns, Reaching safepoint: 305900 ns, At safepoint: 153100 ns, Total: 459000 ns
[2020-05-02T07:31:42.275+0000][1][safepoint    ] Safepoint "Cleanup", Time since last: 1000787000 ns, Reaching safepoint: 166600 ns, At safepoint: 77500 ns, Total: 244100 ns
[2020-05-02T07:31:43.276+0000][1][safepoint    ] Safepoint "Cleanup", Time since last: 1000733600 ns, Reaching safepoint: 408000 ns, At safepoint: 205200 ns, Total: 613200 ns
[2020-05-02T07:31:44.277+0000][1][safepoint    ] Safepoint "Cleanup", Time since last: 1000360500 ns, Reaching safepoint: 144400 ns, At safepoint: 42600 ns, Total: 187000 ns
[2020-05-02T07:31:45.277+0000][1][safepoint    ] Safepoint "Cleanup", Time since last: 1000200900 ns, Reaching safepoint: 143000 ns, At safepoint: 54800 ns, Total: 197800 ns
[2020-05-02T07:31:46.278+0000][1][safepoint    ] Safepoint "Cleanup", Time since last: 1000227400 ns, Reaching safepoint: 127300 ns, At safepoint: 56900 ns, Total: 184200 ns
[2020-05-02T07:31:47.279+0000][1][safepoint    ] Safepoint "Cleanup", Time since last: 1000504900 ns, Reaching safepoint: 509200 ns, At safepoint: 179200 ns, Total: 688400 ns
[2020-05-02T07:31:48.281+0000][1][safepoint    ] Safepoint "Cleanup", Time since last: 1001204500 ns, Reaching safepoint: 501200 ns, At safepoint: 198500 ns, Total: 699700 ns
[2020-05-02T07:31:49.282+0000][1][safepoint    ] Safepoint "Cleanup", Time since last: 1000603600 ns, Reaching safepoint: 628900 ns, At safepoint: 241500 ns, Total: 870400 ns
[2020-05-02T07:31:50.283+0000][1][safepoint    ] Safepoint "Cleanup", Time since last: 1000389200 ns, Reaching safepoint: 171500 ns, At safepoint: 78000 ns, Total: 249500 ns
[2020-05-02T07:31:51.284+0000][1][safepoint    ] Safepoint "Cleanup", Time since last: 1000622300 ns, Reaching safepoint: 617800 ns, At safepoint: 209100 ns, Total: 826900 ns
[2020-05-02T07:31:52.286+0000][1][safepoint    ] Safepoint "Cleanup", Time since last: 1000815500 ns, Reaching safepoint: 545800 ns, At safepoint: 228900 ns, Total: 774700 ns
[2020-05-02T07:31:53.287+0000][1][safepoint    ] Safepoint "Cleanup", Time since last: 1001025600 ns, Reaching safepoint: 442400 ns, At safepoint: 209400 ns, Total: 651800 ns
[2020-05-02T07:31:54.289+0000][1][safepoint    ] Safepoint "Cleanup", Time since last: 1000803200 ns, Reaching safepoint: 441700 ns, At safepoint: 205500 ns, Total: 647200 ns
[2020-05-02T07:31:55.290+0000][1][safepoint    ] Safepoint "Cleanup", Time since last: 1000533300 ns, Reaching safepoint: 150300 ns, At safepoint: 81100 ns, Total: 231400 ns
[2020-05-02T07:31:56.291+0000][1][safepoint    ] Safepoint "Cleanup", Time since last: 1000502200 ns, Reaching safepoint: 503200 ns, At safepoint: 224600 ns, Total: 727800 ns
[2020-05-02T07:31:57.389+0000][1][safepoint    ] Safepoint "Cleanup", Time since last: 1097107800 ns, Reaching safepoint: 454100 ns, At safepoint: 201600 ns, Total: 655700 ns
[2020-05-02T07:31:58.390+0000][1][safepoint    ] Safepoint "Cleanup", Time since last: 1000863200 ns, Reaching safepoint: 509900 ns, At safepoint: 202100 ns, Total: 712000 ns
[2020-05-02T07:31:59.391+0000][1][safepoint    ] Safepoint "Cleanup", Time since last: 1000754100 ns, Reaching safepoint: 250500 ns, At safepoint: 124000 ns, Total: 374500 ns
[2020-05-02T07:32:00.392+0000][1][safepoint    ] Safepoint "Cleanup", Time since last: 1000390800 ns, Reaching safepoint: 147500 ns, At safepoint: 55400 ns, Total: 202900 ns
[2020-05-02T07:32:01.394+0000][1][safepoint    ] Safepoint "Cleanup", Time since last: 1000799100 ns, Reaching safepoint: 628800 ns, At safepoint: 171000 ns, Total: 799800 ns
[2020-05-02T07:32:02.395+0000][1][safepoint    ] Safepoint "Cleanup", Time since last: 1000666700 ns, Reaching safepoint: 468600 ns, At safepoint: 204800 ns, Total: 673400 ns
[2020-05-02T07:32:03.396+0000][1][safepoint    ] Safepoint "Cleanup", Time since last: 1000764000 ns, Reaching safepoint: 489000 ns, At safepoint: 195000 ns, Total: 684000 ns
[2020-05-02T07:32:04.397+0000][1][safepoint    ] Safepoint "Cleanup", Time since last: 1000474000 ns, Reaching safepoint: 134800 ns, At safepoint: 48800 ns, Total: 183600 ns
[2020-05-02T07:32:05.399+0000][1][safepoint    ] Safepoint "Cleanup", Time since last: 1000891600 ns, Reaching safepoint: 417400 ns, At safepoint: 208800 ns, Total: 626200 ns
[2020-05-02T07:32:06.400+0000][1][safepoint    ] Safepoint "Cleanup", Time since last: 1000929000 ns, Reaching safepoint: 445300 ns, At safepoint: 316400 ns, Total: 761700 ns
[2020-05-02T07:32:07.402+0000][1][safepoint    ] Safepoint "Cleanup", Time since last: 1000844800 ns, Reaching safepoint: 408600 ns, At safepoint: 304700 ns, Total: 713300 ns
[2020-05-02T07:32:08.404+0000][1][safepoint    ] Safepoint "Cleanup", Time since last: 1000987600 ns, Reaching safepoint: 411200 ns, At safepoint: 318000 ns, Total: 729200 ns
[2020-05-02T07:32:09.405+0000][1][safepoint    ] Safepoint "Cleanup", Time since last: 1000759900 ns, Reaching safepoint: 429300 ns, At safepoint: 275000 ns, Total: 704300 ns
[2020-05-02T07:32:10.407+0000][1][safepoint    ] Safepoint "Cleanup", Time since last: 1001042600 ns, Reaching safepoint: 500800 ns, At safepoint: 316300 ns, Total: 817100 ns
[2020-05-02T07:32:11.408+0000][1][safepoint    ] Safepoint "Cleanup", Time since last: 1000839300 ns, Reaching safepoint: 240800 ns, At safepoint: 118000 ns, Total: 358800 ns
[2020-05-02T07:32:12.409+0000][1][safepoint    ] Safepoint "Cleanup", Time since last: 1000664400 ns, Reaching safepoint: 406300 ns, At safepoint: 221800 ns, Total: 628100 ns
[2020-05-02T07:32:13.411+0000][1][safepoint    ] Safepoint "Cleanup", Time since last: 1000917200 ns, Reaching safepoint: 305700 ns, At safepoint: 157200 ns, Total: 462900 ns
[2020-05-02T07:32:14.412+0000][1][safepoint    ] Safepoint "Cleanup", Time since last: 1000730700 ns, Reaching safepoint: 194200 ns, At safepoint: 92600 ns, Total: 286800 ns
[2020-05-02T07:32:15.413+0000][1][safepoint    ] Safepoint "Cleanup", Time since last: 1000820600 ns, Reaching safepoint: 312900 ns, At safepoint: 143600 ns, Total: 456500 ns
[2020-05-02T07:32:16.414+0000][1][safepoint    ] Safepoint "Cleanup", Time since last: 1000576200 ns, Reaching safepoint: 417700 ns, At safepoint: 207700 ns, Total: 625400 ns
[2020-05-02T07:32:17.416+0000][1][safepoint    ] Safepoint "Cleanup", Time since last: 1000761300 ns, Reaching safepoint: 383100 ns, At safepoint: 412100 ns, Total: 795200 ns
[2020-05-02T07:32:18.417+0000][1][safepoint    ] Safepoint "Cleanup", Time since last: 1000744600 ns, Reaching safepoint: 314100 ns, At safepoint: 235100 ns, Total: 549200 ns
[2020-05-02T07:32:19.418+0000][1][safepoint    ] Safepoint "Cleanup", Time since last: 1000399600 ns, Reaching safepoint: 212000 ns, At safepoint: 91600 ns, Total: 303600 ns
[2020-05-02T07:32:20.433+0000][1][safepoint    ] Safepoint "Cleanup", Time since last: 1014826600 ns, Reaching safepoint: 452900 ns, At safepoint: 208300 ns, Total: 661200 ns
[2020-05-02T07:32:21.434+0000][1][safepoint    ] Safepoint "Cleanup", Time since last: 1000735500 ns, Reaching safepoint: 258500 ns, At safepoint: 113700 ns, Total: 372200 ns
[2020-05-02T07:32:22.436+0000][1][safepoint    ] Safepoint "Cleanup", Time since last: 1000515000 ns, Reaching safepoint: 442800 ns, At safepoint: 273400 ns, Total: 716200 ns
[2020-05-02T07:32:23.436+0000][1][safepoint    ] Safepoint "Cleanup", Time since last: 1000437300 ns, Reaching safepoint: 186800 ns, At safepoint: 79700 ns, Total: 266500 ns
[2020-05-02T07:32:24.437+0000][1][safepoint    ] Safepoint "Cleanup", Time since last: 1000504700 ns, Reaching safepoint: 504400 ns, At safepoint: 198300 ns, Total: 702700 ns
[2020-05-02T07:32:25.439+0000][1][safepoint    ] Safepoint "Cleanup", Time since last: 1000863400 ns, Reaching safepoint: 457500 ns, At safepoint: 223700 ns, Total: 681200 ns
[2020-05-02T07:32:26.061+0000][1][gc,start     ] GC(74) Pause Young (Allocation Failure)
[2020-05-02T07:32:26.061+0000][1][gc,task      ] GC(74) Using 10 workers of 10 for evacuation
[2020-05-02T07:32:26.064+0000][1][gc,age       ] GC(74) Desired survivor size 8945664 bytes, new threshold 6 (max threshold 6)
[2020-05-02T07:32:26.064+0000][1][gc,age       ] GC(74) Age table with threshold 6 (max threshold 6)
[2020-05-02T07:32:26.064+0000][1][gc,age       ] GC(74) - age   1:      60560 bytes,      60560 total
[2020-05-02T07:32:26.064+0000][1][gc,age       ] GC(74) - age   2:       1216 bytes,      61776 total
[2020-05-02T07:32:26.064+0000][1][gc,age       ] GC(74) - age   3:        976 bytes,      62752 total
[2020-05-02T07:32:26.064+0000][1][gc,age       ] GC(74) - age   4:        520 bytes,      63272 total
[2020-05-02T07:32:26.064+0000][1][gc,age       ] GC(74) - age   5:      51248 bytes,     114520 total
[2020-05-02T07:32:26.064+0000][1][gc,age       ] GC(74) - age   6:       1840 bytes,     116360 total
[2020-05-02T07:32:26.064+0000][1][gc,heap      ] GC(74) ParNew: 139961K->149K(157248K)
[2020-05-02T07:32:26.064+0000][1][gc,heap      ] GC(74) CMS: 83011K->83013K(349568K)
[2020-05-02T07:32:26.064+0000][1][gc,metaspace ] GC(74) Metaspace: 98031K->98031K(1140736K)
[2020-05-02T07:32:26.064+0000][1][gc           ] GC(74) Pause Young (Allocation Failure) 217M->81M(494M) 2.821ms
[2020-05-02T07:32:26.064+0000][1][gc,cpu       ] GC(74) User=0.01s Sys=0.00s Real=0.00s
[2020-05-02T07:32:26.064+0000][1][safepoint    ] Safepoint "GenCollectForAllocation", Time since last: 622118200 ns, Reaching safepoint: 132500 ns, At safepoint: 2919800 ns, Total: 3052300 ns
[2020-05-02T07:32:27.066+0000][1][safepoint    ] Safepoint "Cleanup", Time since last: 1000479000 ns, Reaching safepoint: 885500 ns, At safepoint: 449100 ns, Total: 1334600 ns
[2020-05-02T07:32:28.067+0000][1][safepoint    ] Safepoint "Cleanup", Time since last: 1000795900 ns, Reaching safepoint: 300200 ns, At safepoint: 79000 ns, Total: 379200 ns
[2020-05-02T07:32:29.068+0000][1][safepoint    ] Safepoint "Cleanup", Time since last: 1000507600 ns, Reaching safepoint: 409500 ns, At safepoint: 350100 ns, Total: 759600 ns
[2020-05-02T07:32:30.070+0000][1][safepoint    ] Safepoint "Cleanup", Time since last: 1000927700 ns, Reaching safepoint: 614000 ns, At safepoint: 238500 ns, Total: 852500 ns
[2020-05-02T07:32:31.071+0000][1][safepoint    ] Safepoint "Cleanup", Time since last: 1000309200 ns, Reaching safepoint: 121900 ns, At safepoint: 72800 ns, Total: 194700 ns
[2020-05-02T07:32:32.072+0000][1][safepoint    ] Safepoint "Cleanup", Time since last: 1000553800 ns, Reaching safepoint: 333200 ns, At safepoint: 233300 ns, Total: 566500 ns
[2020-05-02T07:32:33.073+0000][1][safepoint    ] Safepoint "Cleanup", Time since last: 1000569200 ns, Reaching safepoint: 505100 ns, At safepoint: 294700 ns, Total: 799800 ns
[2020-05-02T07:32:34.075+0000][1][safepoint    ] Safepoint "Cleanup", Time since last: 1000901300 ns, Reaching safepoint: 448400 ns, At safepoint: 338000 ns, Total: 786400 ns
[2020-05-02T07:32:35.076+0000][1][safepoint    ] Safepoint "Cleanup", Time since last: 1000796900 ns, Reaching safepoint: 432500 ns, At safepoint: 183000 ns, Total: 615500 ns
[2020-05-02T07:32:36.077+0000][1][safepoint    ] Safepoint "Cleanup", Time since last: 1000305600 ns, Reaching safepoint: 136200 ns, At safepoint: 63400 ns, Total: 199600 ns
[2020-05-02T07:32:37.079+0000][1][safepoint    ] Safepoint "Cleanup", Time since last: 1000897000 ns, Reaching safepoint: 741600 ns, At safepoint: 409900 ns, Total: 1151500 ns
[2020-05-02T07:32:38.081+0000][1][safepoint    ] Safepoint "Cleanup", Time since last: 1000953200 ns, Reaching safepoint: 737100 ns, At safepoint: 365700 ns, Total: 1102800 ns
[2020-05-02T07:32:39.082+0000][1][safepoint    ] Safepoint "Cleanup", Time since last: 1000668200 ns, Reaching safepoint: 449200 ns, At safepoint: 403600 ns, Total: 852800 ns
[2020-05-02T07:32:40.084+0000][1][safepoint    ] Safepoint "Cleanup", Time since last: 1000684800 ns, Reaching safepoint: 919000 ns, At safepoint: 396800 ns, Total: 1315800 ns
[2020-05-02T07:32:41.086+0000][1][safepoint    ] Safepoint "Cleanup", Time since last: 1000932900 ns, Reaching safepoint: 159600 ns, At safepoint: 76100 ns, Total: 235700 ns
[2020-05-02T07:32:42.087+0000][1][safepoint    ] Safepoint "Cleanup", Time since last: 1000441200 ns, Reaching safepoint: 340900 ns, At safepoint: 245600 ns, Total: 586500 ns
[2020-05-02T07:32:43.089+0000][1][safepoint    ] Safepoint "Cleanup", Time since last: 1001122500 ns, Reaching safepoint: 762700 ns, At safepoint: 328300 ns, Total: 1091000 ns
[2020-05-02T07:32:44.090+0000][1][safepoint    ] Safepoint "Cleanup", Time since last: 1000846800 ns, Reaching safepoint: 411400 ns, At safepoint: 365000 ns, Total: 776400 ns
[2020-05-02T07:32:45.092+0000][1][safepoint    ] Safepoint "Cleanup", Time since last: 1000915600 ns, Reaching safepoint: 647600 ns, At safepoint: 236900 ns, Total: 884500 ns
[2020-05-02T07:32:46.093+0000][1][safepoint    ] Safepoint "Cleanup", Time since last: 1000647900 ns, Reaching safepoint: 309200 ns, At safepoint: 85000 ns, Total: 394200 ns
[2020-05-02T07:32:47.094+0000][1][safepoint    ] Safepoint "Cleanup", Time since last: 1000395000 ns, Reaching safepoint: 142000 ns, At safepoint: 89600 ns, Total: 231600 ns
[2020-05-02T07:32:48.096+0000][1][safepoint    ] Safepoint "Cleanup", Time since last: 1000525200 ns, Reaching safepoint: 842400 ns, At safepoint: 409800 ns, Total: 1252200 ns
[2020-05-02T07:32:49.097+0000][1][safepoint    ] Safepoint "Cleanup", Time since last: 1000725300 ns, Reaching safepoint: 446600 ns, At safepoint: 390600 ns, Total: 837200 ns
[2020-05-02T07:32:50.099+0000][1][safepoint    ] Safepoint "Cleanup", Time since last: 1000636700 ns, Reaching safepoint: 450100 ns, At safepoint: 378400 ns, Total: 828500 ns
[2020-05-02T07:32:51.100+0000][1][safepoint    ] Safepoint "Cleanup", Time since last: 1000575800 ns, Reaching safepoint: 223000 ns, At safepoint: 189600 ns, Total: 412600 ns
[2020-05-02T07:32:52.101+0000][1][safepoint    ] Safepoint "Cleanup", Time since last: 1000826100 ns, Reaching safepoint: 426600 ns, At safepoint: 428100 ns, Total: 854700 ns
[2020-05-02T07:32:53.103+0000][1][safepoint    ] Safepoint "Cleanup", Time since last: 1000671500 ns, Reaching safepoint: 447300 ns, At safepoint: 439100 ns, Total: 886400 ns
[2020-05-02T07:32:54.105+0000][1][safepoint    ] Safepoint "Cleanup", Time since last: 1000980600 ns, Reaching safepoint: 443600 ns, At safepoint: 282800 ns, Total: 726400 ns
[2020-05-02T07:32:55.107+0000][1][safepoint    ] Safepoint "Cleanup", Time since last: 1000617000 ns, Reaching safepoint: 864800 ns, At safepoint: 326100 ns, Total: 1190900 ns
[2020-05-02T07:32:56.108+0000][1][safepoint    ] Safepoint "Cleanup", Time since last: 1000925400 ns, Reaching safepoint: 452200 ns, At safepoint: 337800 ns, Total: 790000 ns
[2020-05-02T07:32:57.109+0000][1][safepoint    ] Safepoint "Cleanup", Time since last: 1000556700 ns, Reaching safepoint: 320000 ns, At safepoint: 334900 ns, Total: 654900 ns
[2020-05-02T07:32:58.110+0000][1][safepoint    ] Safepoint "Cleanup", Time since last: 1000618600 ns, Reaching safepoint: 191900 ns, At safepoint: 124300 ns, Total: 316200 ns
[2020-05-02T07:32:59.112+0000][1][safepoint    ] Safepoint "Cleanup", Time since last: 1000522900 ns, Reaching safepoint: 821200 ns, At safepoint: 321800 ns, Total: 1143000 ns
[2020-05-02T07:33:00.113+0000][1][safepoint    ] Safepoint "Cleanup", Time since last: 1000382600 ns, Reaching safepoint: 149800 ns, At safepoint: 62900 ns, Total: 212700 ns
[2020-05-02T07:33:01.113+0000][1][safepoint    ] Safepoint "Cleanup", Time since last: 1000266000 ns, Reaching safepoint: 153300 ns, At safepoint: 185200 ns, Total: 338500 ns
[2020-05-02T07:33:02.115+0000][1][safepoint    ] Safepoint "Cleanup", Time since last: 1000497900 ns, Reaching safepoint: 703100 ns, At safepoint: 312600 ns, Total: 1015700 ns
[2020-05-02T07:33:03.117+0000][1][safepoint    ] Safepoint "Cleanup", Time since last: 1001241100 ns, Reaching safepoint: 902500 ns, At safepoint: 369700 ns, Total: 1272200 ns
[2020-05-02T07:33:04.119+0000][1][safepoint    ] Safepoint "Cleanup", Time since last: 1000634100 ns, Reaching safepoint: 507700 ns, At safepoint: 378100 ns, Total: 885800 ns
[2020-05-02T07:33:05.120+0000][1][safepoint    ] Safepoint "Cleanup", Time since last: 1000574900 ns, Reaching safepoint: 661100 ns, At safepoint: 238800 ns, Total: 899900 ns
[2020-05-02T07:33:06.121+0000][1][safepoint    ] Safepoint "Cleanup", Time since last: 1000320500 ns, Reaching safepoint: 126600 ns, At safepoint: 57500 ns, Total: 184100 ns
[2020-05-02T07:33:07.122+0000][1][safepoint    ] Safepoint "Cleanup", Time since last: 1000567500 ns, Reaching safepoint: 504000 ns, At safepoint: 321400 ns, Total: 825400 ns
[2020-05-02T07:33:08.124+0000][1][safepoint    ] Safepoint "Cleanup", Time since last: 1000929700 ns, Reaching safepoint: 475600 ns, At safepoint: 186000 ns, Total: 661600 ns
[2020-05-02T07:33:09.124+0000][1][safepoint    ] Safepoint "Cleanup", Time since last: 1000389400 ns, Reaching safepoint: 219300 ns, At safepoint: 93600 ns, Total: 312900 ns
[2020-05-02T07:33:10.125+0000][1][safepoint    ] Safepoint "Cleanup", Time since last: 1000379300 ns, Reaching safepoint: 134700 ns, At safepoint: 104100 ns, Total: 238800 ns
[2020-05-02T07:33:11.127+0000][1][safepoint    ] Safepoint "Cleanup", Time since last: 1000739100 ns, Reaching safepoint: 913400 ns, At safepoint: 330700 ns, Total: 1244100 ns
[2020-05-02T07:33:13.095+0000][1][safepoint    ] Safepoint "Cleanup", Time since last: 1967197500 ns, Reaching safepoint: 446700 ns, At safepoint: 211700 ns, Total: 658400 ns
[2020-05-02T07:33:14.096+0000][1][safepoint    ] Safepoint "Cleanup", Time since last: 1000809200 ns, Reaching safepoint: 386800 ns, At safepoint: 136400 ns, Total: 523200 ns
[2020-05-02T07:33:15.097+0000][1][safepoint    ] Safepoint "Cleanup", Time since last: 1000486800 ns, Reaching safepoint: 438600 ns, At safepoint: 249900 ns, Total: 688500 ns
[2020-05-02T07:33:16.099+0000][1][safepoint    ] Safepoint "Cleanup", Time since last: 1001090600 ns, Reaching safepoint: 446800 ns, At safepoint: 211100 ns, Total: 657900 ns
[2020-05-02T07:33:17.101+0000][1][safepoint    ] Safepoint "Cleanup", Time since last: 1000733500 ns, Reaching safepoint: 515300 ns, At safepoint: 207100 ns, Total: 722400 ns
[2020-05-02T07:33:18.102+0000][1][safepoint    ] Safepoint "Cleanup", Time since last: 1000785500 ns, Reaching safepoint: 462300 ns, At safepoint: 247800 ns, Total: 710100 ns
[2020-05-02T07:33:19.104+0000][1][safepoint    ] Safepoint "Cleanup", Time since last: 1000721900 ns, Reaching safepoint: 523300 ns, At safepoint: 208300 ns, Total: 731600 ns
[2020-05-02T07:33:20.105+0000][1][safepoint    ] Safepoint "Cleanup", Time since last: 1001174700 ns, Reaching safepoint: 448100 ns, At safepoint: 214300 ns, Total: 662400 ns
[2020-05-02T07:33:21.107+0000][1][safepoint    ] Safepoint "Cleanup", Time since last: 1001116700 ns, Reaching safepoint: 117200 ns, At safepoint: 37200 ns, Total: 154400 ns
[2020-05-02T07:33:22.108+0000][1][safepoint    ] Safepoint "Cleanup", Time since last: 1000560100 ns, Reaching safepoint: 508100 ns, At safepoint: 201000 ns, Total: 709100 ns
[2020-05-02T07:33:23.110+0000][1][safepoint    ] Safepoint "Cleanup", Time since last: 1000873500 ns, Reaching safepoint: 445800 ns, At safepoint: 240600 ns, Total: 686400 ns
[2020-05-02T07:33:24.111+0000][1][safepoint    ] Safepoint "Cleanup", Time since last: 1000589300 ns, Reaching safepoint: 478800 ns, At safepoint: 186000 ns, Total: 664800 ns
[2020-05-02T07:33:25.112+0000][1][safepoint    ] Safepoint "Cleanup", Time since last: 1000469400 ns, Reaching safepoint: 443300 ns, At safepoint: 167000 ns, Total: 610300 ns
[2020-05-02T07:33:26.113+0000][1][safepoint    ] Safepoint "Cleanup", Time since last: 1000746100 ns, Reaching safepoint: 137000 ns, At safepoint: 57400 ns, Total: 194400 ns
[2020-05-02T07:33:27.114+0000][1][safepoint    ] Safepoint "Cleanup", Time since last: 1000778700 ns, Reaching safepoint: 415900 ns, At safepoint: 211100 ns, Total: 627000 ns
[2020-05-02T07:33:28.116+0000][1][safepoint    ] Safepoint "Cleanup", Time since last: 1000892300 ns, Reaching safepoint: 331000 ns, At safepoint: 184800 ns, Total: 515800 ns
[2020-05-02T07:33:29.116+0000][1][safepoint    ] Safepoint "Cleanup", Time since last: 1000431000 ns, Reaching safepoint: 195900 ns, At safepoint: 86900 ns, Total: 282800 ns
[2020-05-02T07:33:30.118+0000][1][safepoint    ] Safepoint "Cleanup", Time since last: 1000858900 ns, Reaching safepoint: 414100 ns, At safepoint: 212400 ns, Total: 626500 ns
[2020-05-02T07:33:31.119+0000][1][safepoint    ] Safepoint "Cleanup", Time since last: 1001008900 ns, Reaching safepoint: 446800 ns, At safepoint: 211300 ns, Total: 658100 ns
[2020-05-02T07:33:32.121+0000][1][safepoint    ] Safepoint "Cleanup", Time since last: 1000706000 ns, Reaching safepoint: 383100 ns, At safepoint: 140400 ns, Total: 523500 ns
[2020-05-02T07:33:33.122+0000][1][safepoint    ] Safepoint "Cleanup", Time since last: 1000602500 ns, Reaching safepoint: 204500 ns, At safepoint: 94400 ns, Total: 298900 ns
[2020-05-02T07:33:34.122+0000][1][safepoint    ] Safepoint "Cleanup", Time since last: 1000349400 ns, Reaching safepoint: 221800 ns, At safepoint: 97000 ns, Total: 318800 ns
[2020-05-02T07:33:35.123+0000][1][safepoint    ] Safepoint "Cleanup", Time since last: 1000298300 ns, Reaching safepoint: 151200 ns, At safepoint: 65700 ns, Total: 216900 ns
[2020-05-02T07:33:36.124+0000][1][safepoint    ] Safepoint "Cleanup", Time since last: 1000646300 ns, Reaching safepoint: 240900 ns, At safepoint: 158700 ns, Total: 399600 ns
[2020-05-02T07:33:37.124+0000][1][safepoint    ] Safepoint "Cleanup", Time since last: 1000223600 ns, Reaching safepoint: 121600 ns, At safepoint: 44200 ns, Total: 165800 ns
[2020-05-02T07:33:38.125+0000][1][safepoint    ] Safepoint "Cleanup", Time since last: 1000639300 ns, Reaching safepoint: 274800 ns, At safepoint: 124900 ns, Total: 399700 ns
[2020-05-02T07:33:39.126+0000][1][safepoint    ] Safepoint "Cleanup", Time since last: 1000497600 ns, Reaching safepoint: 347900 ns, At safepoint: 121800 ns, Total: 469700 ns
[2020-05-02T07:33:40.128+0000][1][safepoint    ] Safepoint "Cleanup", Time since last: 1000810600 ns, Reaching safepoint: 448700 ns, At safepoint: 215500 ns, Total: 664200 ns
[2020-05-02T07:33:41.129+0000][1][safepoint    ] Safepoint "Cleanup", Time since last: 1000848200 ns, Reaching safepoint: 258800 ns, At safepoint: 163500 ns, Total: 422300 ns
[2020-05-02T07:33:42.130+0000][1][safepoint    ] Safepoint "Cleanup", Time since last: 1000547000 ns, Reaching safepoint: 407200 ns, At safepoint: 199300 ns, Total: 606500 ns
[2020-05-02T07:33:43.132+0000][1][safepoint    ] Safepoint "Cleanup", Time since last: 1000862000 ns, Reaching safepoint: 441600 ns, At safepoint: 212700 ns, Total: 654300 ns
[2020-05-02T07:33:44.133+0000][1][safepoint    ] Safepoint "Cleanup", Time since last: 1000720900 ns, Reaching safepoint: 513600 ns, At safepoint: 178900 ns, Total: 692500 ns
[2020-05-02T07:33:45.135+0000][1][safepoint    ] Safepoint "Cleanup", Time since last: 1000901500 ns, Reaching safepoint: 404800 ns, At safepoint: 208200 ns, Total: 613000 ns
[2020-05-02T07:33:46.137+0000][1][safepoint    ] Safepoint "Cleanup", Time since last: 1000581000 ns, Reaching safepoint: 1063900 ns, At safepoint: 433600 ns, Total: 1497500 ns
[2020-05-02T07:33:47.138+0000][1][safepoint    ] Safepoint "Cleanup", Time since last: 1000816000 ns, Reaching safepoint: 404500 ns, At safepoint: 200400 ns, Total: 604900 ns
[2020-05-02T07:33:48.139+0000][1][safepoint    ] Safepoint "Cleanup", Time since last: 1000776600 ns, Reaching safepoint: 440600 ns, At safepoint: 205200 ns, Total: 645800 ns
[2020-05-02T07:33:49.141+0000][1][safepoint    ] Safepoint "Cleanup", Time since last: 1000815100 ns, Reaching safepoint: 424600 ns, At safepoint: 175000 ns, Total: 599600 ns
[2020-05-02T07:33:50.142+0000][1][safepoint    ] Safepoint "Cleanup", Time since last: 1000870100 ns, Reaching safepoint: 441200 ns, At safepoint: 211100 ns, Total: 652300 ns
[2020-05-02T07:33:51.143+0000][1][safepoint    ] Safepoint "Cleanup", Time since last: 1000781500 ns, Reaching safepoint: 140800 ns, At safepoint: 60200 ns, Total: 201000 ns
[2020-05-02T07:33:52.145+0000][1][safepoint    ] Safepoint "Cleanup", Time since last: 1000742300 ns, Reaching safepoint: 501500 ns, At safepoint: 205000 ns, Total: 706500 ns
[2020-05-02T07:33:53.146+0000][1][safepoint    ] Safepoint "Cleanup", Time since last: 1000684100 ns, Reaching safepoint: 243000 ns, At safepoint: 112300 ns, Total: 355300 ns
[2020-05-02T07:33:54.146+0000][1][safepoint    ] Safepoint "Cleanup", Time since last: 1000349600 ns, Reaching safepoint: 154400 ns, At safepoint: 71100 ns, Total: 225500 ns
[2020-05-02T07:33:55.147+0000][1][safepoint    ] Safepoint "Cleanup", Time since last: 1000645400 ns, Reaching safepoint: 181600 ns, At safepoint: 82400 ns, Total: 264000 ns
[2020-05-02T07:33:56.148+0000][1][safepoint    ] Safepoint "Cleanup", Time since last: 1000284600 ns, Reaching safepoint: 133800 ns, At safepoint: 93900 ns, Total: 227700 ns
[2020-05-02T07:33:57.149+0000][1][safepoint    ] Safepoint "Cleanup", Time since last: 1000354100 ns, Reaching safepoint: 304900 ns, At safepoint: 149400 ns, Total: 454300 ns
[2020-05-02T07:33:58.150+0000][1][safepoint    ] Safepoint "Cleanup", Time since last: 1000753400 ns, Reaching safepoint: 246100 ns, At safepoint: 99400 ns, Total: 345500 ns
[2020-05-02T07:33:59.151+0000][1][safepoint    ] Safepoint "Cleanup", Time since last: 1000380000 ns, Reaching safepoint: 246500 ns, At safepoint: 134400 ns, Total: 380900 ns
[2020-05-02T07:34:00.151+0000][1][safepoint    ] Safepoint "Cleanup", Time since last: 1000293000 ns, Reaching safepoint: 136800 ns, At safepoint: 100700 ns, Total: 237500 ns
[2020-05-02T07:34:01.152+0000][1][safepoint    ] Safepoint "Cleanup", Time since last: 1000325300 ns, Reaching safepoint: 249100 ns, At safepoint: 99600 ns, Total: 348700 ns
[2020-05-02T07:34:02.153+0000][1][safepoint    ] Safepoint "Cleanup", Time since last: 1000494700 ns, Reaching safepoint: 690900 ns, At safepoint: 317800 ns, Total: 1008700 ns
[2020-05-02T07:34:03.155+0000][1][safepoint    ] Safepoint "Cleanup", Time since last: 1001066200 ns, Reaching safepoint: 653200 ns, At safepoint: 362800 ns, Total: 1016000 ns
[2020-05-02T07:34:04.158+0000][1][safepoint    ] Safepoint "Cleanup", Time since last: 1000950500 ns, Reaching safepoint: 852600 ns, At safepoint: 409900 ns, Total: 1262500 ns
[2020-05-02T07:34:05.159+0000][1][safepoint    ] Safepoint "Cleanup", Time since last: 1000738100 ns, Reaching safepoint: 833500 ns, At safepoint: 318500 ns, Total: 1152000 ns
[2020-05-02T07:34:06.160+0000][1][safepoint    ] Safepoint "Cleanup", Time since last: 1000750900 ns, Reaching safepoint: 137100 ns, At safepoint: 86600 ns, Total: 223700 ns
[2020-05-02T07:34:07.162+0000][1][safepoint    ] Safepoint "Cleanup", Time since last: 1000815300 ns, Reaching safepoint: 674400 ns, At safepoint: 414300 ns, Total: 1088700 ns
[2020-05-02T07:34:08.164+0000][1][safepoint    ] Safepoint "Cleanup", Time since last: 1000608400 ns, Reaching safepoint: 498100 ns, At safepoint: 325500 ns, Total: 823600 ns
[2020-05-02T07:34:09.166+0000][1][safepoint    ] Safepoint "Cleanup", Time since last: 1000824900 ns, Reaching safepoint: 762100 ns, At safepoint: 804200 ns, Total: 1566300 ns
[2020-05-02T07:34:10.167+0000][1][safepoint    ] Safepoint "Cleanup", Time since last: 1000401000 ns, Reaching safepoint: 243200 ns, At safepoint: 160000 ns, Total: 403200 ns
[2020-05-02T07:34:11.168+0000][1][safepoint    ] Safepoint "Cleanup", Time since last: 1000288700 ns, Reaching safepoint: 307500 ns, At safepoint: 149100 ns, Total: 456600 ns
[2020-05-02T07:34:12.169+0000][1][safepoint    ] Safepoint "Cleanup", Time since last: 1000557200 ns, Reaching safepoint: 295900 ns, At safepoint: 113900 ns, Total: 409800 ns
[2020-05-02T07:34:13.170+0000][1][safepoint    ] Safepoint "Cleanup", Time since last: 1000442000 ns, Reaching safepoint: 496100 ns, At safepoint: 326900 ns, Total: 823000 ns
[2020-05-02T07:34:14.171+0000][1][safepoint    ] Safepoint "Cleanup", Time since last: 1000661400 ns, Reaching safepoint: 489300 ns, At safepoint: 293700 ns, Total: 783000 ns
[2020-05-02T07:34:15.264+0000][1][safepoint    ] Safepoint "Cleanup", Time since last: 1092083000 ns, Reaching safepoint: 446500 ns, At safepoint: 289600 ns, Total: 736100 ns
[2020-05-02T07:34:16.265+0000][1][safepoint    ] Safepoint "Cleanup", Time since last: 1000569600 ns, Reaching safepoint: 136700 ns, At safepoint: 52800 ns, Total: 189500 ns
[2020-05-02T07:34:17.266+0000][1][safepoint    ] Safepoint "Cleanup", Time since last: 1000716100 ns, Reaching safepoint: 264400 ns, At safepoint: 182200 ns, Total: 446600 ns
[2020-05-02T07:34:18.268+0000][1][safepoint    ] Safepoint "Cleanup", Time since last: 1000998400 ns, Reaching safepoint: 405600 ns, At safepoint: 205300 ns, Total: 610900 ns
[2020-05-02T07:34:19.269+0000][1][safepoint    ] Safepoint "Cleanup", Time since last: 1000663800 ns, Reaching safepoint: 502600 ns, At safepoint: 314900 ns, Total: 817500 ns
[2020-05-02T07:34:20.271+0000][1][safepoint    ] Safepoint "Cleanup", Time since last: 1000597300 ns, Reaching safepoint: 682700 ns, At safepoint: 201700 ns, Total: 884400 ns
[2020-05-02T07:34:21.272+0000][1][safepoint    ] Safepoint "Cleanup", Time since last: 1000956200 ns, Reaching safepoint: 444200 ns, At safepoint: 208500 ns, Total: 652700 ns
[2020-05-02T07:34:22.274+0000][1][safepoint    ] Safepoint "Cleanup", Time since last: 1000679900 ns, Reaching safepoint: 515200 ns, At safepoint: 198200 ns, Total: 713400 ns
[2020-05-02T07:34:23.275+0000][1][safepoint    ] Safepoint "Cleanup", Time since last: 1000991800 ns, Reaching safepoint: 406900 ns, At safepoint: 205800 ns, Total: 612700 ns
[2020-05-02T07:34:24.277+0000][1][safepoint    ] Safepoint "Cleanup", Time since last: 1001211500 ns, Reaching safepoint: 403900 ns, At safepoint: 199600 ns, Total: 603500 ns
[2020-05-02T07:34:25.278+0000][1][safepoint    ] Safepoint "Cleanup", Time since last: 1000554800 ns, Reaching safepoint: 128600 ns, At safepoint: 49100 ns, Total: 177700 ns
[2020-05-02T07:34:26.278+0000][1][safepoint    ] Safepoint "Cleanup", Time since last: 1000200700 ns, Reaching safepoint: 133200 ns, At safepoint: 54200 ns, Total: 187400 ns
[2020-05-02T07:34:27.280+0000][1][safepoint    ] Safepoint "Cleanup", Time since last: 1000811800 ns, Reaching safepoint: 500600 ns, At safepoint: 208300 ns, Total: 708900 ns
[2020-05-02T07:34:28.281+0000][1][safepoint    ] Safepoint "Cleanup", Time since last: 1000631800 ns, Reaching safepoint: 455700 ns, At safepoint: 230000 ns, Total: 685700 ns
[2020-05-02T07:34:29.282+0000][1][safepoint    ] Safepoint "Cleanup", Time since last: 1000436800 ns, Reaching safepoint: 176100 ns, At safepoint: 42600 ns, Total: 218700 ns
[2020-05-02T07:34:30.283+0000][1][safepoint    ] Safepoint "Cleanup", Time since last: 1000488100 ns, Reaching safepoint: 500900 ns, At safepoint: 202600 ns, Total: 703500 ns
[2020-05-02T07:34:31.285+0000][1][safepoint    ] Safepoint "Cleanup", Time since last: 1001076500 ns, Reaching safepoint: 439600 ns, At safepoint: 249400 ns, Total: 689000 ns
[2020-05-02T07:34:32.286+0000][1][safepoint    ] Safepoint "Cleanup", Time since last: 1000560800 ns, Reaching safepoint: 258800 ns, At safepoint: 113000 ns, Total: 371800 ns
[2020-05-02T07:34:33.287+0000][1][safepoint    ] Safepoint "Cleanup", Time since last: 1000964500 ns, Reaching safepoint: 443200 ns, At safepoint: 209600 ns, Total: 652800 ns
[2020-05-02T07:34:34.289+0000][1][safepoint    ] Safepoint "Cleanup", Time since last: 1000724300 ns, Reaching safepoint: 376000 ns, At safepoint: 187000 ns, Total: 563000 ns
[2020-05-02T07:34:35.290+0000][1][safepoint    ] Safepoint "Cleanup", Time since last: 1000882000 ns, Reaching safepoint: 444200 ns, At safepoint: 216300 ns, Total: 660500 ns
[2020-05-02T07:34:36.291+0000][1][safepoint    ] Safepoint "Cleanup", Time since last: 1000533500 ns, Reaching safepoint: 505700 ns, At safepoint: 201700 ns, Total: 707400 ns
[2020-05-02T07:34:37.293+0000][1][safepoint    ] Safepoint "Cleanup", Time since last: 1000680300 ns, Reaching safepoint: 455700 ns, At safepoint: 201900 ns, Total: 657600 ns
[2020-05-02T07:34:38.294+0000][1][safepoint    ] Safepoint "Cleanup", Time since last: 1000795000 ns, Reaching safepoint: 407500 ns, At safepoint: 205800 ns, Total: 613300 ns
[2020-05-02T07:34:39.295+0000][1][safepoint    ] Safepoint "Cleanup", Time since last: 1000535900 ns, Reaching safepoint: 154400 ns, At safepoint: 67900 ns, Total: 222300 ns
[2020-05-02T07:34:40.296+0000][1][safepoint    ] Safepoint "Cleanup", Time since last: 1000832800 ns, Reaching safepoint: 441700 ns, At safepoint: 285300 ns, Total: 727000 ns
[2020-05-02T07:34:41.298+0000][1][safepoint    ] Safepoint "Cleanup", Time since last: 1000792300 ns, Reaching safepoint: 445300 ns, At safepoint: 207300 ns, Total: 652600 ns
[2020-05-02T07:34:42.299+0000][1][safepoint    ] Safepoint "Cleanup", Time since last: 1000981400 ns, Reaching safepoint: 441200 ns, At safepoint: 205500 ns, Total: 646700 ns
[2020-05-02T07:34:43.301+0000][1][safepoint    ] Safepoint "Cleanup", Time since last: 1001123100 ns, Reaching safepoint: 442300 ns, At safepoint: 210300 ns, Total: 652600 ns
[2020-05-02T07:34:44.302+0000][1][safepoint    ] Safepoint "Cleanup", Time since last: 1000420200 ns, Reaching safepoint: 148300 ns, At safepoint: 55000 ns, Total: 203300 ns
[2020-05-02T07:34:45.303+0000][1][safepoint    ] Safepoint "Cleanup", Time since last: 1000511200 ns, Reaching safepoint: 515100 ns, At safepoint: 202700 ns, Total: 717800 ns
[2020-05-02T07:34:46.304+0000][1][safepoint    ] Safepoint "Cleanup", Time since last: 1000578900 ns, Reaching safepoint: 385500 ns, At safepoint: 100800 ns, Total: 486300 ns
[2020-05-02T07:34:47.309+0000][1][safepoint    ] Safepoint "Cleanup", Time since last: 1004311500 ns, Reaching safepoint: 303500 ns, At safepoint: 153700 ns, Total: 457200 ns
[2020-05-02T07:34:48.311+0000][1][safepoint    ] Safepoint "Cleanup", Time since last: 1001017500 ns, Reaching safepoint: 406600 ns, At safepoint: 211500 ns, Total: 618100 ns
[2020-05-02T07:34:49.311+0000][1][safepoint    ] Safepoint "Cleanup", Time since last: 1000459500 ns, Reaching safepoint: 124500 ns, At safepoint: 36700 ns, Total: 161200 ns
[2020-05-02T07:34:50.312+0000][1][safepoint    ] Safepoint "Cleanup", Time since last: 1000566800 ns, Reaching safepoint: 531500 ns, At safepoint: 232000 ns, Total: 763500 ns
[2020-05-02T07:34:51.314+0000][1][safepoint    ] Safepoint "Cleanup", Time since last: 1000697000 ns, Reaching safepoint: 559300 ns, At safepoint: 216500 ns, Total: 775800 ns
[2020-05-02T07:34:52.315+0000][1][safepoint    ] Safepoint "Cleanup", Time since last: 1000490500 ns, Reaching safepoint: 141800 ns, At safepoint: 55900 ns, Total: 197700 ns
[2020-05-02T07:34:53.315+0000][1][safepoint    ] Safepoint "Cleanup", Time since last: 1000201900 ns, Reaching safepoint: 132100 ns, At safepoint: 64900 ns, Total: 197000 ns
[2020-05-02T07:34:54.316+0000][1][safepoint    ] Safepoint "Cleanup", Time since last: 1000265400 ns, Reaching safepoint: 165700 ns, At safepoint: 48800 ns, Total: 214500 ns
[2020-05-02T07:34:55.316+0000][1][safepoint    ] Safepoint "Cleanup", Time since last: 1000292800 ns, Reaching safepoint: 234800 ns, At safepoint: 94900 ns, Total: 329700 ns
[2020-05-02T07:34:56.317+0000][1][safepoint    ] Safepoint "Cleanup", Time since last: 1000385800 ns, Reaching safepoint: 328100 ns, At safepoint: 155200 ns, Total: 483300 ns
[2020-05-02T07:34:57.318+0000][1][safepoint    ] Safepoint "Cleanup", Time since last: 1000373700 ns, Reaching safepoint: 268600 ns, At safepoint: 148600 ns, Total: 417200 ns
[2020-05-02T07:34:58.319+0000][1][safepoint    ] Safepoint "Cleanup", Time since last: 1000862700 ns, Reaching safepoint: 405500 ns, At safepoint: 206000 ns, Total: 611500 ns
[2020-05-02T07:34:59.320+0000][1][safepoint    ] Safepoint "Cleanup", Time since last: 1000598000 ns, Reaching safepoint: 436500 ns, At safepoint: 129200 ns, Total: 565700 ns
[2020-05-02T07:35:00.321+0000][1][safepoint    ] Safepoint "Cleanup", Time since last: 1000280500 ns, Reaching safepoint: 132500 ns, At safepoint: 52000 ns, Total: 184500 ns
[2020-05-02T07:35:01.322+0000][1][safepoint    ] Safepoint "Cleanup", Time since last: 1000717400 ns, Reaching safepoint: 439700 ns, At safepoint: 208700 ns, Total: 648400 ns
[2020-05-02T07:35:02.324+0000][1][safepoint    ] Safepoint "Cleanup", Time since last: 1000690700 ns, Reaching safepoint: 404400 ns, At safepoint: 200500 ns, Total: 604900 ns
[2020-05-02T07:35:03.325+0000][1][safepoint    ] Safepoint "Cleanup", Time since last: 1000816800 ns, Reaching safepoint: 269600 ns, At safepoint: 125500 ns, Total: 395100 ns
[2020-05-02T07:35:04.326+0000][1][safepoint    ] Safepoint "Cleanup", Time since last: 1000489400 ns, Reaching safepoint: 456500 ns, At safepoint: 213600 ns, Total: 670100 ns
[2020-05-02T07:35:05.327+0000][1][safepoint    ] Safepoint "Cleanup", Time since last: 1000625500 ns, Reaching safepoint: 538100 ns, At safepoint: 243400 ns, Total: 781500 ns
[2020-05-02T07:35:06.329+0000][1][safepoint    ] Safepoint "Cleanup", Time since last: 1000627700 ns, Reaching safepoint: 411400 ns, At safepoint: 205900 ns, Total: 617300 ns
[2020-05-02T07:35:07.330+0000][1][safepoint    ] Safepoint "Cleanup", Time since last: 1000655800 ns, Reaching safepoint: 497300 ns, At safepoint: 199500 ns, Total: 696800 ns
[2020-05-02T07:35:08.331+0000][1][safepoint    ] Safepoint "Cleanup", Time since last: 1000761800 ns, Reaching safepoint: 500500 ns, At safepoint: 196800 ns, Total: 697300 ns
[2020-05-02T07:35:09.333+0000][1][safepoint    ] Safepoint "Cleanup", Time since last: 1001026800 ns, Reaching safepoint: 238400 ns, At safepoint: 118300 ns, Total: 356700 ns
[2020-05-02T07:35:10.334+0000][1][safepoint    ] Safepoint "Cleanup", Time since last: 1000835800 ns, Reaching safepoint: 407200 ns, At safepoint: 208500 ns, Total: 615700 ns
[2020-05-02T07:35:11.335+0000][1][safepoint    ] Safepoint "Cleanup", Time since last: 1000532100 ns, Reaching safepoint: 207600 ns, At safepoint: 91100 ns, Total: 298700 ns
[2020-05-02T07:35:13.147+0000][1][safepoint    ] Safepoint "Cleanup", Time since last: 1811974100 ns, Reaching safepoint: 144000 ns, At safepoint: 61600 ns, Total: 205600 ns
[2020-05-02T07:35:14.148+0000][1][safepoint    ] Safepoint "Cleanup", Time since last: 1000296300 ns, Reaching safepoint: 329300 ns, At safepoint: 157300 ns, Total: 486600 ns
[2020-05-02T07:35:15.149+0000][1][safepoint    ] Safepoint "Cleanup", Time since last: 1000394300 ns, Reaching safepoint: 233900 ns, At safepoint: 89900 ns, Total: 323800 ns
[2020-05-02T07:35:16.150+0000][1][safepoint    ] Safepoint "Cleanup", Time since last: 1000675200 ns, Reaching safepoint: 453100 ns, At safepoint: 335300 ns, Total: 788400 ns
[2020-05-02T07:35:17.151+0000][1][safepoint    ] Safepoint "Cleanup", Time since last: 1000578400 ns, Reaching safepoint: 170600 ns, At safepoint: 70500 ns, Total: 241100 ns
[2020-05-02T07:35:18.152+0000][1][safepoint    ] Safepoint "Cleanup", Time since last: 1000496800 ns, Reaching safepoint: 479300 ns, At safepoint: 250800 ns, Total: 730100 ns
[2020-05-02T07:35:19.153+0000][1][safepoint    ] Safepoint "Cleanup", Time since last: 1000745200 ns, Reaching safepoint: 123800 ns, At safepoint: 54300 ns, Total: 178100 ns
[2020-05-02T07:35:20.154+0000][1][safepoint    ] Safepoint "Cleanup", Time since last: 1000281000 ns, Reaching safepoint: 128600 ns, At safepoint: 55100 ns, Total: 183700 ns
[2020-05-02T07:35:21.154+0000][1][safepoint    ] Safepoint "Cleanup", Time since last: 1000543200 ns, Reaching safepoint: 147900 ns, At safepoint: 68000 ns, Total: 215900 ns
[2020-05-02T07:35:22.155+0000][1][safepoint    ] Safepoint "Cleanup", Time since last: 1000620500 ns, Reaching safepoint: 201300 ns, At safepoint: 93900 ns, Total: 295200 ns
[2020-05-02T07:35:23.157+0000][1][safepoint    ] Safepoint "Cleanup", Time since last: 1000567400 ns, Reaching safepoint: 447500 ns, At safepoint: 234400 ns, Total: 681900 ns
[2020-05-02T07:35:24.158+0000][1][safepoint    ] Safepoint "Cleanup", Time since last: 1000542900 ns, Reaching safepoint: 419600 ns, At safepoint: 197800 ns, Total: 617400 ns
[2020-05-02T07:35:25.158+0000][1][safepoint    ] Safepoint "Cleanup", Time since last: 1000401900 ns, Reaching safepoint: 123100 ns, At safepoint: 43900 ns, Total: 167000 ns
[2020-05-02T07:35:25.635+0000][1][gc,start     ] GC(75) Pause Young (Allocation Failure)
[2020-05-02T07:35:25.636+0000][1][gc,task      ] GC(75) Using 10 workers of 10 for evacuation
[2020-05-02T07:35:25.639+0000][1][gc,age       ] GC(75) Desired survivor size 8945664 bytes, new threshold 6 (max threshold 6)
[2020-05-02T07:35:25.639+0000][1][gc,age       ] GC(75) Age table with threshold 6 (max threshold 6)
[2020-05-02T07:35:25.639+0000][1][gc,age       ] GC(75) - age   1:      55784 bytes,      55784 total
[2020-05-02T07:35:25.639+0000][1][gc,age       ] GC(75) - age   2:       4384 bytes,      60168 total
[2020-05-02T07:35:25.639+0000][1][gc,age       ] GC(75) - age   3:        920 bytes,      61088 total
[2020-05-02T07:35:25.639+0000][1][gc,age       ] GC(75) - age   4:        976 bytes,      62064 total
[2020-05-02T07:35:25.639+0000][1][gc,age       ] GC(75) - age   5:        520 bytes,      62584 total
[2020-05-02T07:35:25.639+0000][1][gc,age       ] GC(75) - age   6:      51208 bytes,     113792 total
[2020-05-02T07:35:25.639+0000][1][gc,heap      ] GC(75) ParNew: 139911K->173K(157248K)
[2020-05-02T07:35:25.639+0000][1][gc,heap      ] GC(75) CMS: 83013K->83015K(349568K)
[2020-05-02T07:35:25.639+0000][1][gc,metaspace ] GC(75) Metaspace: 98037K->98037K(1140736K)
[2020-05-02T07:35:25.639+0000][1][gc           ] GC(75) Pause Young (Allocation Failure) 217M->81M(494M) 3.818ms
[2020-05-02T07:35:25.639+0000][1][gc,cpu       ] GC(75) User=0.00s Sys=0.00s Real=0.00s
[2020-05-02T07:35:25.639+0000][1][safepoint    ] Safepoint "GenCollectForAllocation", Time since last: 476703300 ns, Reaching safepoint: 396900 ns, At safepoint: 4028900 ns, Total: 4425800 ns
[2020-05-02T07:35:27.401+0000][1][safepoint    ] Safepoint "Cleanup", Time since last: 1761432500 ns, Reaching safepoint: 364100 ns, At safepoint: 155300 ns, Total: 519400 ns
[2020-05-02T07:35:28.403+0000][1][safepoint    ] Safepoint "Cleanup", Time since last: 1000823500 ns, Reaching safepoint: 408700 ns, At safepoint: 206200 ns, Total: 614900 ns
[2020-05-02T07:35:29.404+0000][1][safepoint    ] Safepoint "Cleanup", Time since last: 1000590000 ns, Reaching safepoint: 407400 ns, At safepoint: 240500 ns, Total: 647900 ns
[2020-05-02T07:35:30.405+0000][1][safepoint    ] Safepoint "Cleanup", Time since last: 1000555700 ns, Reaching safepoint: 474100 ns, At safepoint: 187200 ns, Total: 661300 ns
[2020-05-02T07:35:31.406+0000][1][safepoint    ] Safepoint "Cleanup", Time since last: 1000547900 ns, Reaching safepoint: 229600 ns, At safepoint: 215600 ns, Total: 445200 ns
[2020-05-02T07:35:32.408+0000][1][safepoint    ] Safepoint "Cleanup", Time since last: 1000629600 ns, Reaching safepoint: 736900 ns, At safepoint: 256200 ns, Total: 993100 ns
[2020-05-02T07:35:33.409+0000][1][safepoint    ] Safepoint "Cleanup", Time since last: 1000485200 ns, Reaching safepoint: 140000 ns, At safepoint: 65000 ns, Total: 205000 ns
[2020-05-02T07:35:34.409+0000][1][safepoint    ] Safepoint "Cleanup", Time since last: 1000305400 ns, Reaching safepoint: 149600 ns, At safepoint: 59700 ns, Total: 209300 ns
[2020-05-02T07:35:35.411+0000][1][safepoint    ] Safepoint "Cleanup", Time since last: 1000756400 ns, Reaching safepoint: 446000 ns, At safepoint: 211600 ns, Total: 657600 ns
[2020-05-02T07:35:36.411+0000][1][safepoint    ] Safepoint "Cleanup", Time since last: 1000617900 ns, Reaching safepoint: 139100 ns, At safepoint: 60600 ns, Total: 199700 ns
[2020-05-02T07:35:37.412+0000][1][safepoint    ] Safepoint "Cleanup", Time since last: 1000501100 ns, Reaching safepoint: 369000 ns, At safepoint: 149100 ns, Total: 518100 ns
[2020-05-02T07:35:38.414+0000][1][safepoint    ] Safepoint "Cleanup", Time since last: 1001033900 ns, Reaching safepoint: 446000 ns, At safepoint: 211300 ns, Total: 657300 ns
[2020-05-02T07:35:39.415+0000][1][safepoint    ] Safepoint "Cleanup", Time since last: 1000774700 ns, Reaching safepoint: 275500 ns, At safepoint: 115300 ns, Total: 390800 ns
[2020-05-02T07:35:40.416+0000][1][safepoint    ] Safepoint "Cleanup", Time since last: 1000724700 ns, Reaching safepoint: 173600 ns, At safepoint: 101800 ns, Total: 275400 ns
[2020-05-02T07:35:41.417+0000][1][safepoint    ] Safepoint "Cleanup", Time since last: 1000495900 ns, Reaching safepoint: 507800 ns, At safepoint: 206400 ns, Total: 714200 ns
[2020-05-02T07:35:42.418+0000][1][safepoint    ] Safepoint "Cleanup", Time since last: 1000653200 ns, Reaching safepoint: 233600 ns, At safepoint: 105500 ns, Total: 339100 ns
[2020-05-02T07:35:43.420+0000][1][safepoint    ] Safepoint "Cleanup", Time since last: 1000967600 ns, Reaching safepoint: 448600 ns, At safepoint: 212300 ns, Total: 660900 ns
[2020-05-02T07:35:45.050+0000][1][safepoint    ] Safepoint "Cleanup", Time since last: 1629119400 ns, Reaching safepoint: 447100 ns, At safepoint: 204700 ns, Total: 651800 ns
[2020-05-02T07:35:46.051+0000][1][safepoint    ] Safepoint "Cleanup", Time since last: 1000831900 ns, Reaching safepoint: 444000 ns, At safepoint: 204100 ns, Total: 648100 ns
[2020-05-02T07:35:47.052+0000][1][safepoint    ] Safepoint "Cleanup", Time since last: 1000425900 ns, Reaching safepoint: 162600 ns, At safepoint: 69000 ns, Total: 231600 ns
[2020-05-02T07:35:48.052+0000][1][safepoint    ] Safepoint "Cleanup", Time since last: 1000201300 ns, Reaching safepoint: 133200 ns, At safepoint: 53700 ns, Total: 186900 ns
[2020-05-02T07:35:49.054+0000][1][safepoint    ] Safepoint "Cleanup", Time since last: 1000822800 ns, Reaching safepoint: 414900 ns, At safepoint: 205400 ns, Total: 620300 ns
[2020-05-02T07:35:50.056+0000][1][safepoint    ] Safepoint "Cleanup", Time since last: 1001068400 ns, Reaching safepoint: 447100 ns, At safepoint: 349000 ns, Total: 796100 ns
[2020-05-02T07:35:51.057+0000][1][safepoint    ] Safepoint "Cleanup", Time since last: 1000701700 ns, Reaching safepoint: 328000 ns, At safepoint: 193800 ns, Total: 521800 ns
[2020-05-02T07:35:52.058+0000][1][safepoint    ] Safepoint "Cleanup", Time since last: 1000768100 ns, Reaching safepoint: 443400 ns, At safepoint: 369200 ns, Total: 812600 ns
[2020-05-02T07:35:53.060+0000][1][safepoint    ] Safepoint "Cleanup", Time since last: 1001262900 ns, Reaching safepoint: 445100 ns, At safepoint: 64400 ns, Total: 509500 ns
[2020-05-02T07:35:54.062+0000][1][safepoint    ] Safepoint "Cleanup", Time since last: 1000647600 ns, Reaching safepoint: 443700 ns, At safepoint: 295700 ns, Total: 739400 ns
[2020-05-02T07:35:55.063+0000][1][safepoint    ] Safepoint "Cleanup", Time since last: 1000582900 ns, Reaching safepoint: 520000 ns, At safepoint: 175900 ns, Total: 695900 ns
[2020-05-02T07:35:56.064+0000][1][safepoint    ] Safepoint "Cleanup", Time since last: 1000739100 ns, Reaching safepoint: 130300 ns, At safepoint: 54200 ns, Total: 184500 ns
[2020-05-02T07:35:57.064+0000][1][safepoint    ] Safepoint "Cleanup", Time since last: 1000205800 ns, Reaching safepoint: 135400 ns, At safepoint: 45900 ns, Total: 181300 ns
[2020-05-02T07:35:58.066+0000][1][safepoint    ] Safepoint "Cleanup", Time since last: 1000644500 ns, Reaching safepoint: 442800 ns, At safepoint: 263600 ns, Total: 706400 ns
[2020-05-02T07:35:59.066+0000][1][safepoint    ] Safepoint "Cleanup", Time since last: 1000444200 ns, Reaching safepoint: 186900 ns, At safepoint: 61400 ns, Total: 248300 ns
[2020-05-02T07:36:00.067+0000][1][safepoint    ] Safepoint "Cleanup", Time since last: 1000284200 ns, Reaching safepoint: 135100 ns, At safepoint: 54300 ns, Total: 189400 ns
[2020-05-02T07:36:01.068+0000][1][safepoint    ] Safepoint "Cleanup", Time since last: 1000629000 ns, Reaching safepoint: 132100 ns, At safepoint: 55700 ns, Total: 187800 ns
[2020-05-02T07:36:02.069+0000][1][safepoint    ] Safepoint "Cleanup", Time since last: 1000797300 ns, Reaching safepoint: 452800 ns, At safepoint: 212800 ns, Total: 665600 ns
[2020-05-02T07:36:03.070+0000][1][safepoint    ] Safepoint "Cleanup", Time since last: 1000610000 ns, Reaching safepoint: 130800 ns, At safepoint: 51600 ns, Total: 182400 ns
[2020-05-02T07:36:04.070+0000][1][safepoint    ] Safepoint "Cleanup", Time since last: 1000443600 ns, Reaching safepoint: 131800 ns, At safepoint: 55700 ns, Total: 187500 ns
[2020-05-02T07:36:05.071+0000][1][safepoint    ] Safepoint "Cleanup", Time since last: 1000516000 ns, Reaching safepoint: 142800 ns, At safepoint: 61900 ns, Total: 204700 ns
[2020-05-02T07:36:06.072+0000][1][safepoint    ] Safepoint "Cleanup", Time since last: 1000409500 ns, Reaching safepoint: 129500 ns, At safepoint: 37600 ns, Total: 167100 ns
[2020-05-02T07:36:07.073+0000][1][safepoint    ] Safepoint "Cleanup", Time since last: 1000640700 ns, Reaching safepoint: 130900 ns, At safepoint: 54700 ns, Total: 185600 ns
[2020-05-02T07:36:08.073+0000][1][safepoint    ] Safepoint "Cleanup", Time since last: 1000566400 ns, Reaching safepoint: 133300 ns, At safepoint: 72300 ns, Total: 205600 ns
[2020-05-02T07:36:09.074+0000][1][safepoint    ] Safepoint "Cleanup", Time since last: 1000426700 ns, Reaching safepoint: 475500 ns, At safepoint: 197600 ns, Total: 673100 ns
[2020-05-02T07:36:10.076+0000][1][safepoint    ] Safepoint "Cleanup", Time since last: 1000690000 ns, Reaching safepoint: 561100 ns, At safepoint: 176900 ns, Total: 738000 ns
[2020-05-02T07:36:11.077+0000][1][safepoint    ] Safepoint "Cleanup", Time since last: 1000794500 ns, Reaching safepoint: 522800 ns, At safepoint: 256300 ns, Total: 779100 ns
[2020-05-02T07:36:12.079+0000][1][safepoint    ] Safepoint "Cleanup", Time since last: 1001129800 ns, Reaching safepoint: 442700 ns, At safepoint: 205900 ns, Total: 648600 ns
[2020-05-02T07:36:13.081+0000][1][safepoint    ] Safepoint "Cleanup", Time since last: 1000730700 ns, Reaching safepoint: 507500 ns, At safepoint: 203800 ns, Total: 711300 ns
[2020-05-02T07:36:14.082+0000][1][safepoint    ] Safepoint "Cleanup", Time since last: 1000623900 ns, Reaching safepoint: 410300 ns, At safepoint: 207300 ns, Total: 617600 ns
[2020-05-02T07:36:15.083+0000][1][safepoint    ] Safepoint "Cleanup", Time since last: 1000665200 ns, Reaching safepoint: 246100 ns, At safepoint: 108700 ns, Total: 354800 ns
[2020-05-02T07:36:16.083+0000][1][safepoint    ] Safepoint "Cleanup", Time since last: 1000306200 ns, Reaching safepoint: 173700 ns, At safepoint: 79100 ns, Total: 252800 ns
[2020-05-02T07:36:17.085+0000][1][safepoint    ] Safepoint "Cleanup", Time since last: 1000949600 ns, Reaching safepoint: 530400 ns, At safepoint: 205200 ns, Total: 735600 ns
[2020-05-02T07:36:18.086+0000][1][safepoint    ] Safepoint "Cleanup", Time since last: 1000844800 ns, Reaching safepoint: 160100 ns, At safepoint: 66100 ns, Total: 226200 ns
[2020-05-02T07:36:19.182+0000][1][safepoint    ] Safepoint "Cleanup", Time since last: 1094834200 ns, Reaching safepoint: 443100 ns, At safepoint: 214900 ns, Total: 658000 ns
[2020-05-02T07:36:20.183+0000][1][safepoint    ] Safepoint "Cleanup", Time since last: 1000672600 ns, Reaching safepoint: 175400 ns, At safepoint: 77500 ns, Total: 252900 ns
[2020-05-02T07:36:21.184+0000][1][safepoint    ] Safepoint "Cleanup", Time since last: 1000517800 ns, Reaching safepoint: 606900 ns, At safepoint: 301400 ns, Total: 908300 ns
[2020-05-02T07:36:22.185+0000][1][safepoint    ] Safepoint "Cleanup", Time since last: 1000534000 ns, Reaching safepoint: 173500 ns, At safepoint: 78300 ns, Total: 251800 ns
[2020-05-02T07:36:23.186+0000][1][safepoint    ] Safepoint "Cleanup", Time since last: 1000630100 ns, Reaching safepoint: 209000 ns, At safepoint: 100600 ns, Total: 309600 ns
[2020-05-02T07:36:24.187+0000][1][safepoint    ] Safepoint "Cleanup", Time since last: 1000355000 ns, Reaching safepoint: 312000 ns, At safepoint: 110000 ns, Total: 422000 ns
[2020-05-02T07:36:25.188+0000][1][safepoint    ] Safepoint "Cleanup", Time since last: 1000554200 ns, Reaching safepoint: 413900 ns, At safepoint: 238600 ns, Total: 652500 ns
[2020-05-02T07:36:26.188+0000][1][safepoint    ] Safepoint "Cleanup", Time since last: 1000343800 ns, Reaching safepoint: 134900 ns, At safepoint: 42600 ns, Total: 177500 ns
[2020-05-02T07:36:27.189+0000][1][safepoint    ] Safepoint "Cleanup", Time since last: 1000188800 ns, Reaching safepoint: 126600 ns, At safepoint: 36600 ns, Total: 163200 ns
[2020-05-02T07:36:28.189+0000][1][safepoint    ] Safepoint "Cleanup", Time since last: 1000354000 ns, Reaching safepoint: 217900 ns, At safepoint: 96100 ns, Total: 314000 ns
[2020-05-02T07:36:29.191+0000][1][safepoint    ] Safepoint "Cleanup", Time since last: 1000609900 ns, Reaching safepoint: 441700 ns, At safepoint: 202100 ns, Total: 643800 ns
[2020-05-02T07:36:30.192+0000][1][safepoint    ] Safepoint "Cleanup", Time since last: 1000872400 ns, Reaching safepoint: 132500 ns, At safepoint: 60700 ns, Total: 193200 ns
[2020-05-02T07:36:31.193+0000][1][safepoint    ] Safepoint "Cleanup", Time since last: 1000470200 ns, Reaching safepoint: 505300 ns, At safepoint: 205600 ns, Total: 710900 ns
[2020-05-02T07:36:32.194+0000][1][safepoint    ] Safepoint "Cleanup", Time since last: 1000548200 ns, Reaching safepoint: 439100 ns, At safepoint: 195800 ns, Total: 634900 ns
[2020-05-02T07:36:33.196+0000][1][safepoint    ] Safepoint "Cleanup", Time since last: 1001044000 ns, Reaching safepoint: 493900 ns, At safepoint: 208100 ns, Total: 702000 ns
[2020-05-02T07:36:34.197+0000][1][safepoint    ] Safepoint "Cleanup", Time since last: 1000829900 ns, Reaching safepoint: 504400 ns, At safepoint: 201500 ns, Total: 705900 ns
[2020-05-02T07:36:35.198+0000][1][safepoint    ] Safepoint "Cleanup", Time since last: 1000551700 ns, Reaching safepoint: 415300 ns, At safepoint: 194000 ns, Total: 609300 ns
[2020-05-02T07:36:36.200+0000][1][safepoint    ] Safepoint "Cleanup", Time since last: 1000572000 ns, Reaching safepoint: 505500 ns, At safepoint: 203500 ns, Total: 709000 ns
[2020-05-02T07:36:37.201+0000][1][safepoint    ] Safepoint "Cleanup", Time since last: 1000708900 ns, Reaching safepoint: 439200 ns, At safepoint: 198500 ns, Total: 637700 ns
[2020-05-02T07:36:38.202+0000][1][safepoint    ] Safepoint "Cleanup", Time since last: 1000659800 ns, Reaching safepoint: 564000 ns, At safepoint: 207200 ns, Total: 771200 ns
[2020-05-02T07:36:39.204+0000][1][safepoint    ] Safepoint "Cleanup", Time since last: 1000558400 ns, Reaching safepoint: 371400 ns, At safepoint: 207400 ns, Total: 578800 ns
[2020-05-02T07:36:40.205+0000][1][safepoint    ] Safepoint "Cleanup", Time since last: 1000765600 ns, Reaching safepoint: 245200 ns, At safepoint: 102500 ns, Total: 347700 ns
[2020-05-02T07:36:41.206+0000][1][safepoint    ] Safepoint "Cleanup", Time since last: 1000946300 ns, Reaching safepoint: 494800 ns, At safepoint: 219100 ns, Total: 713900 ns
[2020-05-02T07:36:42.208+0000][1][safepoint    ] Safepoint "Cleanup", Time since last: 1000885400 ns, Reaching safepoint: 408000 ns, At safepoint: 206000 ns, Total: 614000 ns
[2020-05-02T07:36:43.208+0000][1][safepoint    ] Safepoint "Cleanup", Time since last: 1000351600 ns, Reaching safepoint: 124200 ns, At safepoint: 38300 ns, Total: 162500 ns
[2020-05-02T07:36:44.210+0000][1][safepoint    ] Safepoint "Cleanup", Time since last: 1000454300 ns, Reaching safepoint: 496900 ns, At safepoint: 212100 ns, Total: 709000 ns
[2020-05-02T07:36:45.211+0000][1][safepoint    ] Safepoint "Cleanup", Time since last: 1000771400 ns, Reaching safepoint: 122400 ns, At safepoint: 53900 ns, Total: 176300 ns
[2020-05-02T07:36:46.212+0000][1][safepoint    ] Safepoint "Cleanup", Time since last: 1000997300 ns, Reaching safepoint: 421800 ns, At safepoint: 321100 ns, Total: 742900 ns
[2020-05-02T07:36:47.213+0000][1][safepoint    ] Safepoint "Cleanup", Time since last: 1000842200 ns, Reaching safepoint: 156000 ns, At safepoint: 54600 ns, Total: 210600 ns
[2020-05-02T07:36:48.214+0000][1][safepoint    ] Safepoint "Cleanup", Time since last: 1000229400 ns, Reaching safepoint: 134300 ns, At safepoint: 74600 ns, Total: 208900 ns
[2020-05-02T07:36:49.215+0000][1][safepoint    ] Safepoint "Cleanup", Time since last: 1000502000 ns, Reaching safepoint: 414300 ns, At safepoint: 192500 ns, Total: 606800 ns
[2020-05-02T07:36:50.216+0000][1][safepoint    ] Safepoint "Cleanup", Time since last: 1000647900 ns, Reaching safepoint: 513300 ns, At safepoint: 208000 ns, Total: 721300 ns
[2020-05-02T07:36:51.218+0000][1][safepoint    ] Safepoint "Cleanup", Time since last: 1000971700 ns, Reaching safepoint: 447600 ns, At safepoint: 210000 ns, Total: 657600 ns
[2020-05-02T07:36:52.219+0000][1][safepoint    ] Safepoint "Cleanup", Time since last: 1000699600 ns, Reaching safepoint: 530900 ns, At safepoint: 208200 ns, Total: 739100 ns
[2020-05-02T07:36:53.221+0000][1][safepoint    ] Safepoint "Cleanup", Time since last: 1001092200 ns, Reaching safepoint: 444200 ns, At safepoint: 207600 ns, Total: 651800 ns
[2020-05-02T07:36:54.223+0000][1][safepoint    ] Safepoint "Cleanup", Time since last: 1000889900 ns, Reaching safepoint: 509100 ns, At safepoint: 225200 ns, Total: 734300 ns
[2020-05-02T07:36:55.224+0000][1][safepoint    ] Safepoint "Cleanup", Time since last: 1000549000 ns, Reaching safepoint: 521400 ns, At safepoint: 199000 ns, Total: 720400 ns
[2020-05-02T07:36:56.225+0000][1][safepoint    ] Safepoint "Cleanup", Time since last: 1000764400 ns, Reaching safepoint: 131100 ns, At safepoint: 56300 ns, Total: 187400 ns
[2020-05-02T07:36:57.226+0000][1][safepoint    ] Safepoint "Cleanup", Time since last: 1000623600 ns, Reaching safepoint: 503600 ns, At safepoint: 196500 ns, Total: 700100 ns
[2020-05-02T07:36:58.228+0000][1][safepoint    ] Safepoint "Cleanup", Time since last: 1000660600 ns, Reaching safepoint: 504500 ns, At safepoint: 203700 ns, Total: 708200 ns
[2020-05-02T07:36:59.228+0000][1][safepoint    ] Safepoint "Cleanup", Time since last: 1000561100 ns, Reaching safepoint: 215900 ns, At safepoint: 104400 ns, Total: 320300 ns
[2020-05-02T07:37:00.229+0000][1][safepoint    ] Safepoint "Cleanup", Time since last: 1000244800 ns, Reaching safepoint: 131900 ns, At safepoint: 44400 ns, Total: 176300 ns
[2020-05-02T07:37:01.230+0000][1][safepoint    ] Safepoint "Cleanup", Time since last: 1000664900 ns, Reaching safepoint: 450500 ns, At safepoint: 183400 ns, Total: 633900 ns
[2020-05-02T07:37:02.231+0000][1][safepoint    ] Safepoint "Cleanup", Time since last: 1000719900 ns, Reaching safepoint: 152400 ns, At safepoint: 84900 ns, Total: 237300 ns
[2020-05-02T07:37:03.232+0000][1][safepoint    ] Safepoint "Cleanup", Time since last: 1000614500 ns, Reaching safepoint: 441800 ns, At safepoint: 222500 ns, Total: 664300 ns
[2020-05-02T07:37:04.233+0000][1][safepoint    ] Safepoint "Cleanup", Time since last: 1000447800 ns, Reaching safepoint: 328300 ns, At safepoint: 65900 ns, Total: 394200 ns
[2020-05-02T07:37:05.235+0000][1][safepoint    ] Safepoint "Cleanup", Time since last: 1000522000 ns, Reaching safepoint: 1022900 ns, At safepoint: 103100 ns, Total: 1126000 ns
[2020-05-02T07:37:06.236+0000][1][safepoint    ] Safepoint "Cleanup", Time since last: 1000765500 ns, Reaching safepoint: 327800 ns, At safepoint: 169500 ns, Total: 497300 ns
[2020-05-02T07:37:07.238+0000][1][safepoint    ] Safepoint "Cleanup", Time since last: 1000968900 ns, Reaching safepoint: 518000 ns, At safepoint: 439100 ns, Total: 957100 ns
[2020-05-02T07:37:08.239+0000][1][safepoint    ] Safepoint "Cleanup", Time since last: 1000636200 ns, Reaching safepoint: 506300 ns, At safepoint: 176200 ns, Total: 682500 ns
[2020-05-02T07:37:09.241+0000][1][safepoint    ] Safepoint "Cleanup", Time since last: 1000637700 ns, Reaching safepoint: 446600 ns, At safepoint: 292400 ns, Total: 739000 ns
[2020-05-02T07:37:10.242+0000][1][safepoint    ] Safepoint "Cleanup", Time since last: 1000972400 ns, Reaching safepoint: 444000 ns, At safepoint: 207900 ns, Total: 651900 ns
[2020-05-02T07:37:11.244+0000][1][safepoint    ] Safepoint "Cleanup", Time since last: 1000718200 ns, Reaching safepoint: 443200 ns, At safepoint: 183300 ns, Total: 626500 ns
[2020-05-02T07:37:12.245+0000][1][safepoint    ] Safepoint "Cleanup", Time since last: 1000775200 ns, Reaching safepoint: 198300 ns, At safepoint: 79300 ns, Total: 277600 ns
[2020-05-02T07:37:13.246+0000][1][safepoint    ] Safepoint "Cleanup", Time since last: 1000753200 ns, Reaching safepoint: 196800 ns, At safepoint: 68400 ns, Total: 265200 ns
[2020-05-02T07:37:14.247+0000][1][safepoint    ] Safepoint "Cleanup", Time since last: 1000494000 ns, Reaching safepoint: 240500 ns, At safepoint: 118000 ns, Total: 358500 ns
[2020-05-02T07:37:15.248+0000][1][safepoint    ] Safepoint "Cleanup", Time since last: 1000538600 ns, Reaching safepoint: 407800 ns, At safepoint: 199500 ns, Total: 607300 ns
[2020-05-02T07:37:16.249+0000][1][safepoint    ] Safepoint "Cleanup", Time since last: 1000708000 ns, Reaching safepoint: 411900 ns, At safepoint: 242100 ns, Total: 654000 ns
[2020-05-02T07:37:17.251+0000][1][safepoint    ] Safepoint "Cleanup", Time since last: 1001053400 ns, Reaching safepoint: 445400 ns, At safepoint: 213000 ns, Total: 658400 ns
[2020-05-02T07:37:18.252+0000][1][safepoint    ] Safepoint "Cleanup", Time since last: 1000402800 ns, Reaching safepoint: 141200 ns, At safepoint: 53400 ns, Total: 194600 ns
[2020-05-02T07:37:19.253+0000][1][safepoint    ] Safepoint "Cleanup", Time since last: 1000476500 ns, Reaching safepoint: 568200 ns, At safepoint: 197700 ns, Total: 765900 ns
[2020-05-02T07:37:20.255+0000][1][safepoint    ] Safepoint "Cleanup", Time since last: 1001123600 ns, Reaching safepoint: 499900 ns, At safepoint: 201200 ns, Total: 701100 ns
[2020-05-02T07:37:21.256+0000][1][safepoint    ] Safepoint "Cleanup", Time since last: 1000771100 ns, Reaching safepoint: 149400 ns, At safepoint: 62200 ns, Total: 211600 ns
[2020-05-02T07:37:22.257+0000][1][safepoint    ] Safepoint "Cleanup", Time since last: 1000509200 ns, Reaching safepoint: 446700 ns, At safepoint: 204800 ns, Total: 651500 ns
[2020-05-02T07:37:23.257+0000][1][safepoint    ] Safepoint "Cleanup", Time since last: 1000466200 ns, Reaching safepoint: 167500 ns, At safepoint: 102200 ns, Total: 269700 ns
[2020-05-02T07:37:24.259+0000][1][safepoint    ] Safepoint "Cleanup", Time since last: 1000729300 ns, Reaching safepoint: 466900 ns, At safepoint: 216100 ns, Total: 683000 ns
[2020-05-02T07:37:25.260+0000][1][safepoint    ] Safepoint "Cleanup", Time since last: 1000604400 ns, Reaching safepoint: 445400 ns, At safepoint: 217800 ns, Total: 663200 ns
[2020-05-02T07:37:26.262+0000][1][safepoint    ] Safepoint "Cleanup", Time since last: 1000947800 ns, Reaching safepoint: 510500 ns, At safepoint: 203200 ns, Total: 713700 ns
[2020-05-02T07:37:27.263+0000][1][safepoint    ] Safepoint "Cleanup", Time since last: 1000629700 ns, Reaching safepoint: 512500 ns, At safepoint: 202600 ns, Total: 715100 ns
[2020-05-02T07:37:28.264+0000][1][safepoint    ] Safepoint "Cleanup", Time since last: 1000630900 ns, Reaching safepoint: 515600 ns, At safepoint: 201600 ns, Total: 717200 ns
[2020-05-02T07:37:29.266+0000][1][safepoint    ] Safepoint "Cleanup", Time since last: 1000759600 ns, Reaching safepoint: 363700 ns, At safepoint: 167900 ns, Total: 531600 ns
[2020-05-02T07:37:31.008+0000][1][safepoint    ] Safepoint "Cleanup", Time since last: 1741677900 ns, Reaching safepoint: 405700 ns, At safepoint: 212000 ns, Total: 617700 ns
[2020-05-02T07:37:32.009+0000][1][safepoint    ] Safepoint "Cleanup", Time since last: 1000530100 ns, Reaching safepoint: 201400 ns, At safepoint: 99100 ns, Total: 300500 ns
[2020-05-02T07:37:33.010+0000][1][safepoint    ] Safepoint "Cleanup", Time since last: 1000788700 ns, Reaching safepoint: 442000 ns, At safepoint: 204000 ns, Total: 646000 ns
[2020-05-02T07:37:34.012+0000][1][safepoint    ] Safepoint "Cleanup", Time since last: 1000780200 ns, Reaching safepoint: 506500 ns, At safepoint: 199300 ns, Total: 705800 ns
[2020-05-02T07:37:35.014+0000][1][safepoint    ] Safepoint "Cleanup", Time since last: 1000882600 ns, Reaching safepoint: 770100 ns, At safepoint: 218000 ns, Total: 988100 ns
[2020-05-02T07:37:36.014+0000][1][safepoint    ] Safepoint "Cleanup", Time since last: 1000377700 ns, Reaching safepoint: 122300 ns, At safepoint: 48600 ns, Total: 170900 ns
[2020-05-02T07:37:37.016+0000][1][safepoint    ] Safepoint "Cleanup", Time since last: 1000820600 ns, Reaching safepoint: 676500 ns, At safepoint: 209400 ns, Total: 885900 ns
[2020-05-02T07:37:38.017+0000][1][safepoint    ] Safepoint "Cleanup", Time since last: 1000593500 ns, Reaching safepoint: 488900 ns, At safepoint: 178800 ns, Total: 667700 ns
[2020-05-02T07:37:39.019+0000][1][safepoint    ] Safepoint "Cleanup", Time since last: 1000879400 ns, Reaching safepoint: 441800 ns, At safepoint: 255000 ns, Total: 696800 ns
[2020-05-02T07:37:40.019+0000][1][safepoint    ] Safepoint "Cleanup", Time since last: 1000366000 ns, Reaching safepoint: 130000 ns, At safepoint: 49000 ns, Total: 179000 ns
[2020-05-02T07:37:41.020+0000][1][safepoint    ] Safepoint "Cleanup", Time since last: 1000394100 ns, Reaching safepoint: 124200 ns, At safepoint: 52000 ns, Total: 176200 ns
[2020-05-02T07:37:42.021+0000][1][safepoint    ] Safepoint "Cleanup", Time since last: 1000461500 ns, Reaching safepoint: 504100 ns, At safepoint: 198000 ns, Total: 702100 ns
[2020-05-02T07:37:43.023+0000][1][safepoint    ] Safepoint "Cleanup", Time since last: 1001169900 ns, Reaching safepoint: 442600 ns, At safepoint: 286100 ns, Total: 728700 ns
[2020-05-02T07:37:44.024+0000][1][safepoint    ] Safepoint "Cleanup", Time since last: 1000914300 ns, Reaching safepoint: 406000 ns, At safepoint: 204000 ns, Total: 610000 ns
[2020-05-02T07:37:45.026+0000][1][safepoint    ] Safepoint "Cleanup", Time since last: 1001025200 ns, Reaching safepoint: 445000 ns, At safepoint: 210400 ns, Total: 655400 ns
[2020-05-02T07:37:46.028+0000][1][safepoint    ] Safepoint "Cleanup", Time since last: 1000884400 ns, Reaching safepoint: 407100 ns, At safepoint: 208600 ns, Total: 615700 ns
[2020-05-02T07:37:47.028+0000][1][safepoint    ] Safepoint "Cleanup", Time since last: 1000362300 ns, Reaching safepoint: 159000 ns, At safepoint: 53100 ns, Total: 212100 ns
[2020-05-02T07:37:48.029+0000][1][safepoint    ] Safepoint "Cleanup", Time since last: 1000488700 ns, Reaching safepoint: 334400 ns, At safepoint: 76700 ns, Total: 411100 ns
[2020-05-02T07:37:49.034+0000][1][safepoint    ] Safepoint "Cleanup", Time since last: 1003818500 ns, Reaching safepoint: 406000 ns, At safepoint: 201100 ns, Total: 607100 ns
[2020-05-02T07:37:50.034+0000][1][safepoint    ] Safepoint "Cleanup", Time since last: 1000516500 ns, Reaching safepoint: 217700 ns, At safepoint: 108900 ns, Total: 326600 ns
[2020-05-02T07:37:51.035+0000][1][safepoint    ] Safepoint "Cleanup", Time since last: 1000283900 ns, Reaching safepoint: 123100 ns, At safepoint: 66500 ns, Total: 189600 ns
[2020-05-02T07:37:52.229+0000][1][safepoint    ] Safepoint "Cleanup", Time since last: 1193227300 ns, Reaching safepoint: 412300 ns, At safepoint: 192600 ns, Total: 604900 ns
[2020-05-02T07:37:53.230+0000][1][safepoint    ] Safepoint "Cleanup", Time since last: 1000920300 ns, Reaching safepoint: 489500 ns, At safepoint: 198700 ns, Total: 688200 ns
[2020-05-02T07:37:54.231+0000][1][safepoint    ] Safepoint "Cleanup", Time since last: 1000600700 ns, Reaching safepoint: 213900 ns, At safepoint: 126900 ns, Total: 340800 ns
[2020-05-02T07:37:55.232+0000][1][safepoint    ] Safepoint "Cleanup", Time since last: 1000478500 ns, Reaching safepoint: 444400 ns, At safepoint: 207200 ns, Total: 651600 ns
[2020-05-02T07:37:56.234+0000][1][safepoint    ] Safepoint "Cleanup", Time since last: 1001027200 ns, Reaching safepoint: 541000 ns, At safepoint: 224900 ns, Total: 765900 ns
[2020-05-02T07:37:57.236+0000][1][safepoint    ] Safepoint "Cleanup", Time since last: 1001065600 ns, Reaching safepoint: 540000 ns, At safepoint: 202600 ns, Total: 742600 ns
[2020-05-02T07:37:58.238+0000][1][safepoint    ] Safepoint "Cleanup", Time since last: 1000856200 ns, Reaching safepoint: 440200 ns, At safepoint: 212000 ns, Total: 652200 ns
[2020-05-02T07:37:59.238+0000][1][safepoint    ] Safepoint "Cleanup", Time since last: 1000486700 ns, Reaching safepoint: 285100 ns, At safepoint: 114400 ns, Total: 399500 ns
[2020-05-02T07:38:00.239+0000][1][safepoint    ] Safepoint "Cleanup", Time since last: 1000282400 ns, Reaching safepoint: 185100 ns, At safepoint: 41000 ns, Total: 226100 ns
[2020-05-02T07:38:01.240+0000][1][safepoint    ] Safepoint "Cleanup", Time since last: 1000495400 ns, Reaching safepoint: 410700 ns, At safepoint: 164500 ns, Total: 575200 ns
[2020-05-02T07:38:02.241+0000][1][safepoint    ] Safepoint "Cleanup", Time since last: 1000784500 ns, Reaching safepoint: 142800 ns, At safepoint: 61400 ns, Total: 204200 ns
[2020-05-02T07:38:03.242+0000][1][safepoint    ] Safepoint "Cleanup", Time since last: 1000768400 ns, Reaching safepoint: 330500 ns, At safepoint: 228600 ns, Total: 559100 ns
[2020-05-02T07:38:04.243+0000][1][safepoint    ] Safepoint "Cleanup", Time since last: 1000482900 ns, Reaching safepoint: 171300 ns, At safepoint: 95900 ns, Total: 267200 ns
[2020-05-02T07:38:05.243+0000][1][safepoint    ] Safepoint "Cleanup", Time since last: 1000257900 ns, Reaching safepoint: 143500 ns, At safepoint: 58600 ns, Total: 202100 ns
[2020-05-02T07:38:06.245+0000][1][safepoint    ] Safepoint "Cleanup", Time since last: 1000483200 ns, Reaching safepoint: 562300 ns, At safepoint: 198700 ns, Total: 761000 ns
[2020-05-02T07:38:07.246+0000][1][safepoint    ] Safepoint "Cleanup", Time since last: 1000653700 ns, Reaching safepoint: 541300 ns, At safepoint: 200600 ns, Total: 741900 ns
[2020-05-02T07:38:08.248+0000][1][safepoint    ] Safepoint "Cleanup", Time since last: 1001118300 ns, Reaching safepoint: 442800 ns, At safepoint: 205700 ns, Total: 648500 ns
[2020-05-02T07:38:09.249+0000][1][safepoint    ] Safepoint "Cleanup", Time since last: 1000711200 ns, Reaching safepoint: 495100 ns, At safepoint: 201500 ns, Total: 696600 ns
[2020-05-02T07:38:10.251+0000][1][safepoint    ] Safepoint "Cleanup", Time since last: 1001045600 ns, Reaching safepoint: 467600 ns, At safepoint: 204100 ns, Total: 671700 ns
[2020-05-02T07:38:11.252+0000][1][safepoint    ] Safepoint "Cleanup", Time since last: 1000848800 ns, Reaching safepoint: 151300 ns, At safepoint: 70400 ns, Total: 221700 ns
[2020-05-02T07:38:12.253+0000][1][safepoint    ] Safepoint "Cleanup", Time since last: 1000425700 ns, Reaching safepoint: 482700 ns, At safepoint: 213200 ns, Total: 695900 ns
[2020-05-02T07:38:13.254+0000][1][safepoint    ] Safepoint "Cleanup", Time since last: 1000600800 ns, Reaching safepoint: 442500 ns, At safepoint: 208200 ns, Total: 650700 ns
[2020-05-02T07:38:14.255+0000][1][safepoint    ] Safepoint "Cleanup", Time since last: 1000616900 ns, Reaching safepoint: 234700 ns, At safepoint: 116700 ns, Total: 351400 ns
[2020-05-02T07:38:15.257+0000][1][safepoint    ] Safepoint "Cleanup", Time since last: 1000557200 ns, Reaching safepoint: 432600 ns, At safepoint: 215400 ns, Total: 648000 ns
[2020-05-02T07:38:16.257+0000][1][safepoint    ] Safepoint "Cleanup", Time since last: 1000402300 ns, Reaching safepoint: 123600 ns, At safepoint: 38500 ns, Total: 162100 ns
[2020-05-02T07:38:17.258+0000][1][safepoint    ] Safepoint "Cleanup", Time since last: 1000515300 ns, Reaching safepoint: 138100 ns, At safepoint: 76700 ns, Total: 214800 ns
[2020-05-02T07:38:18.258+0000][1][safepoint    ] Safepoint "Cleanup", Time since last: 1000267900 ns, Reaching safepoint: 136400 ns, At safepoint: 52500 ns, Total: 188900 ns
[2020-05-02T07:38:19.260+0000][1][safepoint    ] Safepoint "Cleanup", Time since last: 1000476800 ns, Reaching safepoint: 484400 ns, At safepoint: 199300 ns, Total: 683700 ns
[2020-05-02T07:38:20.261+0000][1][safepoint    ] Safepoint "Cleanup", Time since last: 1000656700 ns, Reaching safepoint: 405400 ns, At safepoint: 202900 ns, Total: 608300 ns
[2020-05-02T07:38:21.262+0000][1][safepoint    ] Safepoint "Cleanup", Time since last: 1000768600 ns, Reaching safepoint: 132700 ns, At safepoint: 56200 ns, Total: 188900 ns
[2020-05-02T07:38:21.436+0000][1][gc,start     ] GC(76) Pause Young (Allocation Failure)
[2020-05-02T07:38:21.436+0000][1][gc,task      ] GC(76) Using 10 workers of 10 for evacuation
[2020-05-02T07:38:21.439+0000][1][gc,age       ] GC(76) Desired survivor size 8945664 bytes, new threshold 6 (max threshold 6)
[2020-05-02T07:38:21.439+0000][1][gc,age       ] GC(76) Age table with threshold 6 (max threshold 6)
[2020-05-02T07:38:21.439+0000][1][gc,age       ] GC(76) - age   1:      57696 bytes,      57696 total
[2020-05-02T07:38:21.439+0000][1][gc,age       ] GC(76) - age   2:        384 bytes,      58080 total
[2020-05-02T07:38:21.439+0000][1][gc,age       ] GC(76) - age   3:       4328 bytes,      62408 total
[2020-05-02T07:38:21.439+0000][1][gc,age       ] GC(76) - age   4:        920 bytes,      63328 total
[2020-05-02T07:38:21.439+0000][1][gc,age       ] GC(76) - age   5:        976 bytes,      64304 total
[2020-05-02T07:38:21.439+0000][1][gc,age       ] GC(76) - age   6:        520 bytes,      64824 total
[2020-05-02T07:38:21.439+0000][1][gc,heap      ] GC(76) ParNew: 139949K->88K(157248K)
[2020-05-02T07:38:21.439+0000][1][gc,heap      ] GC(76) CMS: 83015K->83066K(349568K)
[2020-05-02T07:38:21.439+0000][1][gc,metaspace ] GC(76) Metaspace: 98037K->98037K(1140736K)
[2020-05-02T07:38:21.439+0000][1][gc           ] GC(76) Pause Young (Allocation Failure) 217M->81M(494M) 3.036ms
[2020-05-02T07:38:21.439+0000][1][gc,cpu       ] GC(76) User=0.00s Sys=0.00s Real=0.00s
[2020-05-02T07:38:21.439+0000][1][safepoint    ] Safepoint "GenCollectForAllocation", Time since last: 173617800 ns, Reaching safepoint: 188900 ns, At safepoint: 3114100 ns, Total: 3303000 ns
[2020-05-02T07:38:22.440+0000][1][safepoint    ] Safepoint "Cleanup", Time since last: 1000482200 ns, Reaching safepoint: 454100 ns, At safepoint: 201200 ns, Total: 655300 ns
[2020-05-02T07:38:23.441+0000][1][safepoint    ] Safepoint "Cleanup", Time since last: 1000598600 ns, Reaching safepoint: 558200 ns, At safepoint: 331200 ns, Total: 889400 ns
[2020-05-02T07:38:24.443+0000][1][safepoint    ] Safepoint "Cleanup", Time since last: 1000964200 ns, Reaching safepoint: 133100 ns, At safepoint: 84100 ns, Total: 217200 ns
[2020-05-02T07:38:25.444+0000][1][safepoint    ] Safepoint "Cleanup", Time since last: 1000682100 ns, Reaching safepoint: 418600 ns, At safepoint: 324900 ns, Total: 743500 ns
[2020-05-02T07:38:26.445+0000][1][safepoint    ] Safepoint "Cleanup", Time since last: 1000447800 ns, Reaching safepoint: 117000 ns, At safepoint: 98000 ns, Total: 215000 ns
[2020-05-02T07:38:27.446+0000][1][safepoint    ] Safepoint "Cleanup", Time since last: 1000906300 ns, Reaching safepoint: 407800 ns, At safepoint: 324800 ns, Total: 732600 ns
[2020-05-02T07:38:28.449+0000][1][safepoint    ] Safepoint "Cleanup", Time since last: 1000985800 ns, Reaching safepoint: 940400 ns, At safepoint: 371300 ns, Total: 1311700 ns
[2020-05-02T07:38:29.450+0000][1][safepoint    ] Safepoint "Cleanup", Time since last: 1000784200 ns, Reaching safepoint: 331800 ns, At safepoint: 405700 ns, Total: 737500 ns
[2020-05-02T07:38:30.452+0000][1][safepoint    ] Safepoint "Cleanup", Time since last: 1000952300 ns, Reaching safepoint: 595600 ns, At safepoint: 353700 ns, Total: 949300 ns
[2020-05-02T07:38:31.453+0000][1][safepoint    ] Safepoint "Cleanup", Time since last: 1000838600 ns, Reaching safepoint: 323600 ns, At safepoint: 141700 ns, Total: 465300 ns
[2020-05-02T07:38:32.455+0000][1][safepoint    ] Safepoint "Cleanup", Time since last: 1000763700 ns, Reaching safepoint: 844100 ns, At safepoint: 317400 ns, Total: 1161500 ns
[2020-05-02T07:38:33.457+0000][1][safepoint    ] Safepoint "Cleanup", Time since last: 1000980600 ns, Reaching safepoint: 646300 ns, At safepoint: 318800 ns, Total: 965100 ns
[2020-05-02T07:38:34.459+0000][1][safepoint    ] Safepoint "Cleanup", Time since last: 1000735000 ns, Reaching safepoint: 582100 ns, At safepoint: 238100 ns, Total: 820200 ns
[2020-05-02T07:38:35.461+0000][1][safepoint    ] Safepoint "Cleanup", Time since last: 1001103500 ns, Reaching safepoint: 627700 ns, At safepoint: 321200 ns, Total: 948900 ns
[2020-05-02T07:38:36.462+0000][1][safepoint    ] Safepoint "Cleanup", Time since last: 1000887300 ns, Reaching safepoint: 335100 ns, At safepoint: 85400 ns, Total: 420500 ns
[2020-05-02T07:38:37.463+0000][1][safepoint    ] Safepoint "Cleanup", Time since last: 1000558900 ns, Reaching safepoint: 315800 ns, At safepoint: 93400 ns, Total: 409200 ns
[2020-05-02T07:38:38.464+0000][1][safepoint    ] Safepoint "Cleanup", Time since last: 1000629900 ns, Reaching safepoint: 406400 ns, At safepoint: 163700 ns, Total: 570100 ns
[2020-05-02T07:38:39.466+0000][1][safepoint    ] Safepoint "Cleanup", Time since last: 1000777300 ns, Reaching safepoint: 833300 ns, At safepoint: 341700 ns, Total: 1175000 ns
[2020-05-02T07:38:40.468+0000][1][safepoint    ] Safepoint "Cleanup", Time since last: 1000723300 ns, Reaching safepoint: 407400 ns, At safepoint: 313900 ns, Total: 721300 ns
[2020-05-02T07:38:41.468+0000][1][safepoint    ] Safepoint "Cleanup", Time since last: 1000554500 ns, Reaching safepoint: 227700 ns, At safepoint: 80700 ns, Total: 308400 ns
[2020-05-02T07:38:42.470+0000][1][safepoint    ] Safepoint "Cleanup", Time since last: 1000882600 ns, Reaching safepoint: 625700 ns, At safepoint: 342300 ns, Total: 968000 ns
[2020-05-02T07:38:43.472+0000][1][safepoint    ] Safepoint "Cleanup", Time since last: 1000920000 ns, Reaching safepoint: 340400 ns, At safepoint: 313500 ns, Total: 653900 ns
[2020-05-02T07:38:44.473+0000][1][safepoint    ] Safepoint "Cleanup", Time since last: 1000798500 ns, Reaching safepoint: 434700 ns, At safepoint: 140600 ns, Total: 575300 ns
[2020-05-02T07:38:45.475+0000][1][safepoint    ] Safepoint "Cleanup", Time since last: 1000800300 ns, Reaching safepoint: 407100 ns, At safepoint: 417100 ns, Total: 824200 ns
[2020-05-02T07:38:46.476+0000][1][safepoint    ] Safepoint "Cleanup", Time since last: 1000731700 ns, Reaching safepoint: 131200 ns, At safepoint: 64600 ns, Total: 195800 ns
[2020-05-02T07:38:47.477+0000][1][safepoint    ] Safepoint "Cleanup", Time since last: 1000464200 ns, Reaching safepoint: 446800 ns, At safepoint: 440300 ns, Total: 887100 ns
[2020-05-02T07:38:48.478+0000][1][safepoint    ] Safepoint "Cleanup", Time since last: 1000794000 ns, Reaching safepoint: 137000 ns, At safepoint: 82200 ns, Total: 219200 ns
[2020-05-02T07:38:49.480+0000][1][safepoint    ] Safepoint "Cleanup", Time since last: 1000863000 ns, Reaching safepoint: 951900 ns, At safepoint: 315600 ns, Total: 1267500 ns
[2020-05-02T07:38:50.483+0000][1][safepoint    ] Safepoint "Cleanup", Time since last: 1001168300 ns, Reaching safepoint: 768900 ns, At safepoint: 333700 ns, Total: 1102600 ns
[2020-05-02T07:38:51.485+0000][1][safepoint    ] Safepoint "Cleanup", Time since last: 1000970000 ns, Reaching safepoint: 752300 ns, At safepoint: 316100 ns, Total: 1068400 ns
[2020-05-02T07:38:52.486+0000][1][safepoint    ] Safepoint "Cleanup", Time since last: 1000613200 ns, Reaching safepoint: 944300 ns, At safepoint: 275500 ns, Total: 1219800 ns
[2020-05-02T07:38:53.488+0000][1][safepoint    ] Safepoint "Cleanup", Time since last: 1000989100 ns, Reaching safepoint: 594100 ns, At safepoint: 312300 ns, Total: 906400 ns
[2020-05-02T07:38:54.490+0000][1][safepoint    ] Safepoint "Cleanup", Time since last: 1000750100 ns, Reaching safepoint: 450700 ns, At safepoint: 346900 ns, Total: 797600 ns
[2020-05-02T07:38:55.492+0000][1][safepoint    ] Safepoint "Cleanup", Time since last: 1000938200 ns, Reaching safepoint: 445400 ns, At safepoint: 319100 ns, Total: 764500 ns
[2020-05-02T07:38:57.408+0000][1][safepoint    ] Safepoint "Cleanup", Time since last: 1915420100 ns, Reaching safepoint: 438300 ns, At safepoint: 208600 ns, Total: 646900 ns
[2020-05-02T07:38:58.409+0000][1][safepoint    ] Safepoint "Cleanup", Time since last: 1000868000 ns, Reaching safepoint: 173800 ns, At safepoint: 111800 ns, Total: 285600 ns
[2020-05-02T07:38:59.409+0000][1][safepoint    ] Safepoint "Cleanup", Time since last: 1000422500 ns, Reaching safepoint: 130200 ns, At safepoint: 53400 ns, Total: 183600 ns
[2020-05-02T07:39:00.410+0000][1][safepoint    ] Safepoint "Cleanup", Time since last: 1000220300 ns, Reaching safepoint: 241500 ns, At safepoint: 73700 ns, Total: 315200 ns
[2020-05-02T07:39:01.410+0000][1][safepoint    ] Safepoint "Cleanup", Time since last: 1000217800 ns, Reaching safepoint: 126500 ns, At safepoint: 72100 ns, Total: 198600 ns
[2020-05-02T07:39:02.412+0000][1][safepoint    ] Safepoint "Cleanup", Time since last: 1000684800 ns, Reaching safepoint: 440600 ns, At safepoint: 204800 ns, Total: 645400 ns
[2020-05-02T07:39:03.413+0000][1][safepoint    ] Safepoint "Cleanup", Time since last: 1000658900 ns, Reaching safepoint: 441400 ns, At safepoint: 277500 ns, Total: 718900 ns
[2020-05-02T07:39:04.414+0000][1][safepoint    ] Safepoint "Cleanup", Time since last: 1000439900 ns, Reaching safepoint: 178300 ns, At safepoint: 51200 ns, Total: 229500 ns
[2020-05-02T07:39:05.414+0000][1][safepoint    ] Safepoint "Cleanup", Time since last: 1000307600 ns, Reaching safepoint: 147700 ns, At safepoint: 65000 ns, Total: 212700 ns
[2020-05-02T07:39:06.416+0000][1][safepoint    ] Safepoint "Cleanup", Time since last: 1000794000 ns, Reaching safepoint: 1058300 ns, At safepoint: 164000 ns, Total: 1222300 ns
[2020-05-02T07:39:07.418+0000][1][safepoint    ] Safepoint "Cleanup", Time since last: 1000723800 ns, Reaching safepoint: 433300 ns, At safepoint: 180000 ns, Total: 613300 ns
[2020-05-02T07:39:08.419+0000][1][safepoint    ] Safepoint "Cleanup", Time since last: 1000885500 ns, Reaching safepoint: 446000 ns, At safepoint: 210800 ns, Total: 656800 ns
[2020-05-02T07:39:09.420+0000][1][safepoint    ] Safepoint "Cleanup", Time since last: 1000530400 ns, Reaching safepoint: 206100 ns, At safepoint: 88400 ns, Total: 294500 ns
[2020-05-02T07:39:10.421+0000][1][safepoint    ] Safepoint "Cleanup", Time since last: 1000319700 ns, Reaching safepoint: 246200 ns, At safepoint: 119200 ns, Total: 365400 ns
[2020-05-02T07:39:11.421+0000][1][safepoint    ] Safepoint "Cleanup", Time since last: 1000401900 ns, Reaching safepoint: 234300 ns, At safepoint: 122500 ns, Total: 356800 ns
[2020-05-02T07:39:12.423+0000][1][safepoint    ] Safepoint "Cleanup", Time since last: 1000814600 ns, Reaching safepoint: 324900 ns, At safepoint: 262300 ns, Total: 587200 ns
[2020-05-02T07:39:13.424+0000][1][safepoint    ] Safepoint "Cleanup", Time since last: 1000555400 ns, Reaching safepoint: 140800 ns, At safepoint: 64100 ns, Total: 204900 ns
[2020-05-02T07:39:14.425+0000][1][safepoint    ] Safepoint "Cleanup", Time since last: 1000712700 ns, Reaching safepoint: 200900 ns, At safepoint: 98600 ns, Total: 299500 ns
[2020-05-02T07:39:15.425+0000][1][safepoint    ] Safepoint "Cleanup", Time since last: 1000685300 ns, Reaching safepoint: 151300 ns, At safepoint: 25500 ns, Total: 176800 ns
[2020-05-02T07:39:16.427+0000][1][safepoint    ] Safepoint "Cleanup", Time since last: 1000432000 ns, Reaching safepoint: 502100 ns, At safepoint: 197600 ns, Total: 699700 ns
[2020-05-02T07:39:17.428+0000][1][safepoint    ] Safepoint "Cleanup", Time since last: 1001010600 ns, Reaching safepoint: 443300 ns, At safepoint: 214100 ns, Total: 657400 ns
[2020-05-02T07:39:18.430+0000][1][safepoint    ] Safepoint "Cleanup", Time since last: 1001130600 ns, Reaching safepoint: 442300 ns, At safepoint: 209300 ns, Total: 651600 ns
[2020-05-02T07:39:19.431+0000][1][safepoint    ] Safepoint "Cleanup", Time since last: 1000741000 ns, Reaching safepoint: 443900 ns, At safepoint: 205100 ns, Total: 649000 ns
[2020-05-02T07:39:20.433+0000][1][safepoint    ] Safepoint "Cleanup", Time since last: 1001085000 ns, Reaching safepoint: 440900 ns, At safepoint: 208000 ns, Total: 648900 ns
[2020-05-02T07:39:21.435+0000][1][safepoint    ] Safepoint "Cleanup", Time since last: 1000822800 ns, Reaching safepoint: 444600 ns, At safepoint: 223900 ns, Total: 668500 ns
[2020-05-02T07:39:22.436+0000][1][safepoint    ] Safepoint "Cleanup", Time since last: 1000659300 ns, Reaching safepoint: 717400 ns, At safepoint: 177200 ns, Total: 894600 ns
[2020-05-02T07:39:23.438+0000][1][safepoint    ] Safepoint "Cleanup", Time since last: 1000678300 ns, Reaching safepoint: 611800 ns, At safepoint: 106600 ns, Total: 718400 ns
[2020-05-02T07:39:25.266+0000][1][safepoint    ] Safepoint "Cleanup", Time since last: 1827858300 ns, Reaching safepoint: 198700 ns, At safepoint: 85900 ns, Total: 284600 ns
[2020-05-02T07:39:26.267+0000][1][safepoint    ] Safepoint "Cleanup", Time since last: 1000692800 ns, Reaching safepoint: 592300 ns, At safepoint: 370000 ns, Total: 962300 ns
[2020-05-02T07:39:27.269+0000][1][safepoint    ] Safepoint "Cleanup", Time since last: 1000669700 ns, Reaching safepoint: 395700 ns, At safepoint: 179300 ns, Total: 575000 ns
[2020-05-02T07:39:28.270+0000][1][safepoint    ] Safepoint "Cleanup", Time since last: 1000915300 ns, Reaching safepoint: 440500 ns, At safepoint: 207700 ns, Total: 648200 ns
[2020-05-02T07:39:29.272+0000][1][safepoint    ] Safepoint "Cleanup", Time since last: 1000582900 ns, Reaching safepoint: 504500 ns, At safepoint: 214200 ns, Total: 718700 ns
[2020-05-02T07:39:30.273+0000][1][safepoint    ] Safepoint "Cleanup", Time since last: 1000945800 ns, Reaching safepoint: 222100 ns, At safepoint: 102600 ns, Total: 324700 ns
[2020-05-02T07:39:31.274+0000][1][safepoint    ] Safepoint "Cleanup", Time since last: 1000473500 ns, Reaching safepoint: 438200 ns, At safepoint: 201000 ns, Total: 639200 ns
[2020-05-02T07:39:32.276+0000][1][safepoint    ] Safepoint "Cleanup", Time since last: 1000902100 ns, Reaching safepoint: 443000 ns, At safepoint: 441800 ns, Total: 884800 ns
[2020-05-02T07:39:33.276+0000][1][safepoint    ] Safepoint "Cleanup", Time since last: 1000354200 ns, Reaching safepoint: 121800 ns, At safepoint: 50100 ns, Total: 171900 ns
[2020-05-02T07:39:34.277+0000][1][safepoint    ] Safepoint "Cleanup", Time since last: 1000569900 ns, Reaching safepoint: 266700 ns, At safepoint: 120000 ns, Total: 386700 ns
[2020-05-02T07:39:35.279+0000][1][safepoint    ] Safepoint "Cleanup", Time since last: 1000844800 ns, Reaching safepoint: 405300 ns, At safepoint: 327300 ns, Total: 732600 ns
[2020-05-02T07:39:36.280+0000][1][safepoint    ] Safepoint "Cleanup", Time since last: 1000746900 ns, Reaching safepoint: 135500 ns, At safepoint: 54700 ns, Total: 190200 ns
[2020-05-02T07:39:37.281+0000][1][safepoint    ] Safepoint "Cleanup", Time since last: 1000477800 ns, Reaching safepoint: 492400 ns, At safepoint: 194100 ns, Total: 686500 ns
[2020-05-02T07:39:38.282+0000][1][safepoint    ] Safepoint "Cleanup", Time since last: 1000734600 ns, Reaching safepoint: 411300 ns, At safepoint: 211200 ns, Total: 622500 ns
[2020-05-02T07:39:39.283+0000][1][safepoint    ] Safepoint "Cleanup", Time since last: 1000897000 ns, Reaching safepoint: 123600 ns, At safepoint: 55100 ns, Total: 178700 ns
[2020-05-02T07:39:40.285+0000][1][safepoint    ] Safepoint "Cleanup", Time since last: 1000941200 ns, Reaching safepoint: 470600 ns, At safepoint: 204200 ns, Total: 674800 ns
[2020-05-02T07:39:41.286+0000][1][safepoint    ] Safepoint "Cleanup", Time since last: 1000797700 ns, Reaching safepoint: 443500 ns, At safepoint: 218400 ns, Total: 661900 ns
[2020-05-02T07:39:42.288+0000][1][safepoint    ] Safepoint "Cleanup", Time since last: 1000611700 ns, Reaching safepoint: 545000 ns, At safepoint: 225800 ns, Total: 770800 ns
[2020-05-02T07:39:43.289+0000][1][safepoint    ] Safepoint "Cleanup", Time since last: 1000967300 ns, Reaching safepoint: 442900 ns, At safepoint: 208300 ns, Total: 651200 ns
[2020-05-02T07:39:44.291+0000][1][safepoint    ] Safepoint "Cleanup", Time since last: 1001141400 ns, Reaching safepoint: 205900 ns, At safepoint: 98500 ns, Total: 304400 ns
[2020-05-02T07:39:45.292+0000][1][safepoint    ] Safepoint "Cleanup", Time since last: 1000582300 ns, Reaching safepoint: 416400 ns, At safepoint: 343300 ns, Total: 759700 ns
[2020-05-02T07:39:46.294+0000][1][safepoint    ] Safepoint "Cleanup", Time since last: 1000832300 ns, Reaching safepoint: 462700 ns, At safepoint: 229400 ns, Total: 692100 ns
[2020-05-02T07:39:47.295+0000][1][safepoint    ] Safepoint "Cleanup", Time since last: 1000726400 ns, Reaching safepoint: 230600 ns, At safepoint: 113000 ns, Total: 343600 ns
[2020-05-02T07:39:48.296+0000][1][safepoint    ] Safepoint "Cleanup", Time since last: 1000764300 ns, Reaching safepoint: 128700 ns, At safepoint: 57400 ns, Total: 186100 ns
[2020-05-02T07:39:49.297+0000][1][safepoint    ] Safepoint "Cleanup", Time since last: 1000422500 ns, Reaching safepoint: 516000 ns, At safepoint: 199500 ns, Total: 715500 ns
[2020-05-02T07:39:50.298+0000][1][safepoint    ] Safepoint "Cleanup", Time since last: 1000575300 ns, Reaching safepoint: 327900 ns, At safepoint: 150900 ns, Total: 478800 ns
[2020-05-02T07:39:51.298+0000][1][safepoint    ] Safepoint "Cleanup", Time since last: 1000329800 ns, Reaching safepoint: 171800 ns, At safepoint: 63000 ns, Total: 234800 ns
[2020-05-02T07:39:52.300+0000][1][safepoint    ] Safepoint "Cleanup", Time since last: 1000345600 ns, Reaching safepoint: 547300 ns, At safepoint: 196000 ns, Total: 743300 ns
[2020-05-02T07:39:53.301+0000][1][safepoint    ] Safepoint "Cleanup", Time since last: 1000868300 ns, Reaching safepoint: 503000 ns, At safepoint: 203100 ns, Total: 706100 ns
[2020-05-02T07:39:54.303+0000][1][safepoint    ] Safepoint "Cleanup", Time since last: 1000705000 ns, Reaching safepoint: 537100 ns, At safepoint: 286100 ns, Total: 823200 ns
[2020-05-02T07:39:55.304+0000][1][safepoint    ] Safepoint "Cleanup", Time since last: 1000541000 ns, Reaching safepoint: 218000 ns, At safepoint: 94100 ns, Total: 312100 ns
[2020-05-02T07:39:56.304+0000][1][safepoint    ] Safepoint "Cleanup", Time since last: 1000336400 ns, Reaching safepoint: 187900 ns, At safepoint: 81800 ns, Total: 269700 ns
[2020-05-02T07:39:57.305+0000][1][safepoint    ] Safepoint "Cleanup", Time since last: 1000414200 ns, Reaching safepoint: 271800 ns, At safepoint: 99900 ns, Total: 371700 ns
[2020-05-02T07:39:58.306+0000][1][safepoint    ] Safepoint "Cleanup", Time since last: 1000434600 ns, Reaching safepoint: 162500 ns, At safepoint: 63100 ns, Total: 225600 ns
[2020-05-02T07:39:59.306+0000][1][safepoint    ] Safepoint "Cleanup", Time since last: 1000316700 ns, Reaching safepoint: 264400 ns, At safepoint: 108100 ns, Total: 372500 ns
[2020-05-02T07:40:00.307+0000][1][safepoint    ] Safepoint "Cleanup", Time since last: 1000278800 ns, Reaching safepoint: 126300 ns, At safepoint: 36800 ns, Total: 163100 ns
[2020-05-02T07:40:01.308+0000][1][safepoint    ] Safepoint "Cleanup", Time since last: 1000468200 ns, Reaching safepoint: 440500 ns, At safepoint: 305600 ns, Total: 746100 ns
[2020-05-02T07:40:02.309+0000][1][safepoint    ] Safepoint "Cleanup", Time since last: 1000713200 ns, Reaching safepoint: 447600 ns, At safepoint: 267200 ns, Total: 714800 ns
[2020-05-02T07:40:03.311+0000][1][safepoint    ] Safepoint "Cleanup", Time since last: 1000636600 ns, Reaching safepoint: 443100 ns, At safepoint: 239200 ns, Total: 682300 ns
[2020-05-02T07:40:04.312+0000][1][safepoint    ] Safepoint "Cleanup", Time since last: 1000832600 ns, Reaching safepoint: 443000 ns, At safepoint: 207500 ns, Total: 650500 ns
[2020-05-02T07:40:05.314+0000][1][safepoint    ] Safepoint "Cleanup", Time since last: 1000757000 ns, Reaching safepoint: 449300 ns, At safepoint: 210300 ns, Total: 659600 ns
[2020-05-02T07:40:06.315+0000][1][safepoint    ] Safepoint "Cleanup", Time since last: 1000958100 ns, Reaching safepoint: 442300 ns, At safepoint: 204900 ns, Total: 647200 ns
[2020-05-02T07:40:07.571+0000][1][safepoint    ] Safepoint "Cleanup", Time since last: 1255121500 ns, Reaching safepoint: 470400 ns, At safepoint: 183100 ns, Total: 653500 ns
[2020-05-02T07:40:08.572+0000][1][safepoint    ] Safepoint "Cleanup", Time since last: 1000597600 ns, Reaching safepoint: 603300 ns, At safepoint: 198700 ns, Total: 802000 ns
[2020-05-02T07:40:09.573+0000][1][safepoint    ] Safepoint "Cleanup", Time since last: 1000580600 ns, Reaching safepoint: 324900 ns, At safepoint: 155900 ns, Total: 480800 ns
[2020-05-02T07:40:10.575+0000][1][safepoint    ] Safepoint "Cleanup", Time since last: 1000664900 ns, Reaching safepoint: 305700 ns, At safepoint: 199700 ns, Total: 505400 ns
[2020-05-02T07:40:11.576+0000][1][safepoint    ] Safepoint "Cleanup", Time since last: 1000591300 ns, Reaching safepoint: 523500 ns, At safepoint: 61600 ns, Total: 585100 ns
[2020-05-02T07:40:12.577+0000][1][safepoint    ] Safepoint "Cleanup", Time since last: 1000763000 ns, Reaching safepoint: 328300 ns, At safepoint: 163200 ns, Total: 491500 ns
[2020-05-02T07:40:13.578+0000][1][safepoint    ] Safepoint "Cleanup", Time since last: 1000461600 ns, Reaching safepoint: 301900 ns, At safepoint: 114800 ns, Total: 416700 ns
[2020-05-02T07:40:14.579+0000][1][safepoint    ] Safepoint "Cleanup", Time since last: 1000688000 ns, Reaching safepoint: 178600 ns, At safepoint: 72300 ns, Total: 250900 ns
[2020-05-02T07:40:15.580+0000][1][safepoint    ] Safepoint "Cleanup", Time since last: 1000523600 ns, Reaching safepoint: 452200 ns, At safepoint: 199900 ns, Total: 652100 ns
[2020-05-02T07:40:16.581+0000][1][safepoint    ] Safepoint "Cleanup", Time since last: 1000373400 ns, Reaching safepoint: 138100 ns, At safepoint: 59700 ns, Total: 197800 ns
[2020-05-02T07:40:17.581+0000][1][safepoint    ] Safepoint "Cleanup", Time since last: 1000682500 ns, Reaching safepoint: 128900 ns, At safepoint: 58800 ns, Total: 187700 ns
[2020-05-02T07:40:18.582+0000][1][safepoint    ] Safepoint "Cleanup", Time since last: 1000700200 ns, Reaching safepoint: 238700 ns, At safepoint: 118000 ns, Total: 356700 ns
[2020-05-02T07:40:19.583+0000][1][safepoint    ] Safepoint "Cleanup", Time since last: 1000268000 ns, Reaching safepoint: 151800 ns, At safepoint: 48400 ns, Total: 200200 ns
[2020-05-02T07:40:20.584+0000][1][safepoint    ] Safepoint "Cleanup", Time since last: 1000466000 ns, Reaching safepoint: 445500 ns, At safepoint: 230600 ns, Total: 676100 ns
[2020-05-02T07:40:21.585+0000][1][safepoint    ] Safepoint "Cleanup", Time since last: 1001058900 ns, Reaching safepoint: 142000 ns, At safepoint: 61000 ns, Total: 203000 ns
[2020-05-02T07:40:22.587+0000][1][safepoint    ] Safepoint "Cleanup", Time since last: 1000803500 ns, Reaching safepoint: 476200 ns, At safepoint: 216600 ns, Total: 692800 ns
[2020-05-02T07:40:23.588+0000][1][safepoint    ] Safepoint "Cleanup", Time since last: 1000641100 ns, Reaching safepoint: 456800 ns, At safepoint: 209800 ns, Total: 666600 ns
[2020-05-02T07:40:24.589+0000][1][safepoint    ] Safepoint "Cleanup", Time since last: 1000588400 ns, Reaching safepoint: 242900 ns, At safepoint: 127600 ns, Total: 370500 ns
[2020-05-02T07:40:25.590+0000][1][safepoint    ] Safepoint "Cleanup", Time since last: 1000523600 ns, Reaching safepoint: 329400 ns, At safepoint: 150000 ns, Total: 479400 ns
[2020-05-02T07:40:26.591+0000][1][safepoint    ] Safepoint "Cleanup", Time since last: 1000748600 ns, Reaching safepoint: 167900 ns, At safepoint: 62300 ns, Total: 230200 ns
[2020-05-02T07:40:27.592+0000][1][safepoint    ] Safepoint "Cleanup", Time since last: 1000653700 ns, Reaching safepoint: 130900 ns, At safepoint: 55500 ns, Total: 186400 ns
[2020-05-02T07:40:28.593+0000][1][safepoint    ] Safepoint "Cleanup", Time since last: 1000609500 ns, Reaching safepoint: 406200 ns, At safepoint: 199100 ns, Total: 605300 ns
[2020-05-02T07:40:29.594+0000][1][safepoint    ] Safepoint "Cleanup", Time since last: 1000679200 ns, Reaching safepoint: 213900 ns, At safepoint: 71300 ns, Total: 285200 ns
[2020-05-02T07:40:30.595+0000][1][safepoint    ] Safepoint "Cleanup", Time since last: 1000454700 ns, Reaching safepoint: 444100 ns, At safepoint: 206300 ns, Total: 650400 ns
[2020-05-02T07:40:31.754+0000][1][safepoint    ] Safepoint "Cleanup", Time since last: 1157836100 ns, Reaching safepoint: 522900 ns, At safepoint: 208800 ns, Total: 731700 ns
[2020-05-02T07:40:32.755+0000][1][safepoint    ] Safepoint "Cleanup", Time since last: 1000808000 ns, Reaching safepoint: 447000 ns, At safepoint: 215400 ns, Total: 662400 ns
[2020-05-02T07:40:33.757+0000][1][safepoint    ] Safepoint "Cleanup", Time since last: 1001040400 ns, Reaching safepoint: 442700 ns, At safepoint: 211500 ns, Total: 654200 ns
[2020-05-02T07:40:34.758+0000][1][safepoint    ] Safepoint "Cleanup", Time since last: 1000642900 ns, Reaching safepoint: 441000 ns, At safepoint: 191100 ns, Total: 632100 ns
[2020-05-02T07:40:35.759+0000][1][safepoint    ] Safepoint "Cleanup", Time since last: 1000419200 ns, Reaching safepoint: 136600 ns, At safepoint: 85900 ns, Total: 222500 ns
[2020-05-02T07:40:36.760+0000][1][safepoint    ] Safepoint "Cleanup", Time since last: 1000544900 ns, Reaching safepoint: 442200 ns, At safepoint: 276300 ns, Total: 718500 ns
[2020-05-02T07:40:37.762+0000][1][safepoint    ] Safepoint "Cleanup", Time since last: 1001154700 ns, Reaching safepoint: 424400 ns, At safepoint: 263700 ns, Total: 688100 ns
[2020-05-02T07:40:38.764+0000][1][safepoint    ] Safepoint "Cleanup", Time since last: 1001188200 ns, Reaching safepoint: 249900 ns, At safepoint: 126100 ns, Total: 376000 ns
[2020-05-02T07:40:39.765+0000][1][safepoint    ] Safepoint "Cleanup", Time since last: 1000778100 ns, Reaching safepoint: 406400 ns, At safepoint: 200400 ns, Total: 606800 ns
[2020-05-02T07:40:40.767+0000][1][safepoint    ] Safepoint "Cleanup", Time since last: 1001056600 ns, Reaching safepoint: 704300 ns, At safepoint: 182000 ns, Total: 886300 ns
[2020-05-02T07:40:41.768+0000][1][safepoint    ] Safepoint "Cleanup", Time since last: 1000919800 ns, Reaching safepoint: 450400 ns, At safepoint: 215200 ns, Total: 665600 ns
[2020-05-02T07:40:42.769+0000][1][safepoint    ] Safepoint "Cleanup", Time since last: 1000393600 ns, Reaching safepoint: 119900 ns, At safepoint: 50900 ns, Total: 170800 ns
[2020-05-02T07:40:43.770+0000][1][safepoint    ] Safepoint "Cleanup", Time since last: 1000715700 ns, Reaching safepoint: 408600 ns, At safepoint: 206900 ns, Total: 615500 ns
[2020-05-02T07:40:44.772+0000][1][safepoint    ] Safepoint "Cleanup", Time since last: 1001198300 ns, Reaching safepoint: 404600 ns, At safepoint: 209500 ns, Total: 614100 ns
[2020-05-02T07:40:45.774+0000][1][safepoint    ] Safepoint "Cleanup", Time since last: 1001337500 ns, Reaching safepoint: 485500 ns, At safepoint: 201300 ns, Total: 686800 ns
[2020-05-02T07:40:46.776+0000][1][safepoint    ] Safepoint "Cleanup", Time since last: 1001086100 ns, Reaching safepoint: 452700 ns, At safepoint: 208000 ns, Total: 660700 ns
[2020-05-02T07:40:47.778+0000][1][safepoint    ] Safepoint "Cleanup", Time since last: 1001516900 ns, Reaching safepoint: 497700 ns, At safepoint: 204500 ns, Total: 702200 ns
[2020-05-02T07:40:48.780+0000][1][safepoint    ] Safepoint "Cleanup", Time since last: 1001070500 ns, Reaching safepoint: 469700 ns, At safepoint: 285600 ns, Total: 755300 ns
[2020-05-02T07:40:49.782+0000][1][safepoint    ] Safepoint "Cleanup", Time since last: 1001202300 ns, Reaching safepoint: 654900 ns, At safepoint: 230100 ns, Total: 885000 ns
[2020-05-02T07:40:50.787+0000][1][safepoint    ] Safepoint "Cleanup", Time since last: 1004191700 ns, Reaching safepoint: 443400 ns, At safepoint: 207100 ns, Total: 650500 ns
[2020-05-02T07:40:51.788+0000][1][safepoint    ] Safepoint "Cleanup", Time since last: 1000743900 ns, Reaching safepoint: 405500 ns, At safepoint: 295600 ns, Total: 701100 ns
[2020-05-02T07:40:52.790+0000][1][safepoint    ] Safepoint "Cleanup", Time since last: 1001010300 ns, Reaching safepoint: 404200 ns, At safepoint: 208000 ns, Total: 612200 ns
[2020-05-02T07:40:53.791+0000][1][safepoint    ] Safepoint "Cleanup", Time since last: 1000638200 ns, Reaching safepoint: 495700 ns, At safepoint: 201000 ns, Total: 696700 ns
[2020-05-02T07:40:54.792+0000][1][safepoint    ] Safepoint "Cleanup", Time since last: 1000644700 ns, Reaching safepoint: 206400 ns, At safepoint: 93300 ns, Total: 299700 ns
[2020-05-02T07:40:55.794+0000][1][safepoint    ] Safepoint "Cleanup", Time since last: 1000540200 ns, Reaching safepoint: 521500 ns, At safepoint: 202400 ns, Total: 723900 ns
[2020-05-02T07:40:56.795+0000][1][safepoint    ] Safepoint "Cleanup", Time since last: 1000687800 ns, Reaching safepoint: 444100 ns, At safepoint: 222900 ns, Total: 667000 ns
[2020-05-02T07:40:57.796+0000][1][safepoint    ] Safepoint "Cleanup", Time since last: 1000903700 ns, Reaching safepoint: 330900 ns, At safepoint: 139900 ns, Total: 470800 ns
[2020-05-02T07:40:58.798+0000][1][safepoint    ] Safepoint "Cleanup", Time since last: 1000796200 ns, Reaching safepoint: 442300 ns, At safepoint: 213400 ns, Total: 655700 ns
[2020-05-02T07:40:59.798+0000][1][safepoint    ] Safepoint "Cleanup", Time since last: 1000436900 ns, Reaching safepoint: 132100 ns, At safepoint: 62300 ns, Total: 194400 ns
[2020-05-02T07:41:00.799+0000][1][safepoint    ] Safepoint "Cleanup", Time since last: 1000400500 ns, Reaching safepoint: 390800 ns, At safepoint: 156300 ns, Total: 547100 ns
[2020-05-02T07:41:01.801+0000][1][safepoint    ] Safepoint "Cleanup", Time since last: 1000649000 ns, Reaching safepoint: 411000 ns, At safepoint: 247700 ns, Total: 658700 ns
[2020-05-02T07:41:02.802+0000][1][safepoint    ] Safepoint "Cleanup", Time since last: 1000840000 ns, Reaching safepoint: 406100 ns, At safepoint: 259500 ns, Total: 665600 ns
[2020-05-02T07:41:03.803+0000][1][safepoint    ] Safepoint "Cleanup", Time since last: 1000639600 ns, Reaching safepoint: 473200 ns, At safepoint: 203800 ns, Total: 677000 ns
[2020-05-02T07:41:04.805+0000][1][safepoint    ] Safepoint "Cleanup", Time since last: 1001047900 ns, Reaching safepoint: 439300 ns, At safepoint: 209700 ns, Total: 649000 ns
[2020-05-02T07:41:05.806+0000][1][safepoint    ] Safepoint "Cleanup", Time since last: 1000832700 ns, Reaching safepoint: 143500 ns, At safepoint: 79000 ns, Total: 222500 ns
[2020-05-02T07:41:06.807+0000][1][safepoint    ] Safepoint "Cleanup", Time since last: 1000417500 ns, Reaching safepoint: 405200 ns, At safepoint: 285900 ns, Total: 691100 ns
[2020-05-02T07:41:07.809+0000][1][safepoint    ] Safepoint "Cleanup", Time since last: 1000937400 ns, Reaching safepoint: 627200 ns, At safepoint: 216900 ns, Total: 844100 ns
[2020-05-02T07:41:08.810+0000][1][safepoint    ] Safepoint "Cleanup", Time since last: 1000580400 ns, Reaching safepoint: 406200 ns, At safepoint: 276000 ns, Total: 682200 ns
[2020-05-02T07:41:09.812+0000][1][safepoint    ] Safepoint "Cleanup", Time since last: 1000588500 ns, Reaching safepoint: 656200 ns, At safepoint: 252200 ns, Total: 908400 ns
[2020-05-02T07:41:10.812+0000][1][safepoint    ] Safepoint "Cleanup", Time since last: 1000402400 ns, Reaching safepoint: 159000 ns, At safepoint: 48100 ns, Total: 207100 ns
[2020-05-02T07:41:11.814+0000][1][safepoint    ] Safepoint "Cleanup", Time since last: 1000884700 ns, Reaching safepoint: 405800 ns, At safepoint: 208100 ns, Total: 613900 ns
[2020-05-02T07:41:12.815+0000][1][safepoint    ] Safepoint "Cleanup", Time since last: 1001261900 ns, Reaching safepoint: 192700 ns, At safepoint: 77700 ns, Total: 270400 ns
[2020-05-02T07:41:13.817+0000][1][safepoint    ] Safepoint "Cleanup", Time since last: 1000440300 ns, Reaching safepoint: 449500 ns, At safepoint: 210000 ns, Total: 659500 ns
[2020-05-02T07:41:14.817+0000][1][safepoint    ] Safepoint "Cleanup", Time since last: 1000505500 ns, Reaching safepoint: 216600 ns, At safepoint: 120900 ns, Total: 337500 ns
[2020-05-02T07:41:15.819+0000][1][safepoint    ] Safepoint "Cleanup", Time since last: 1000479800 ns, Reaching safepoint: 439500 ns, At safepoint: 199000 ns, Total: 638500 ns
[2020-05-02T07:41:16.821+0000][1][safepoint    ] Safepoint "Cleanup", Time since last: 1001272700 ns, Reaching safepoint: 509500 ns, At safepoint: 247500 ns, Total: 757000 ns
[2020-05-02T07:41:17.073+0000][1][gc,start     ] GC(77) Pause Young (Allocation Failure)
[2020-05-02T07:41:17.073+0000][1][gc,task      ] GC(77) Using 10 workers of 10 for evacuation
[2020-05-02T07:41:17.080+0000][1][gc,age       ] GC(77) Desired survivor size 8945664 bytes, new threshold 6 (max threshold 6)
[2020-05-02T07:41:17.080+0000][1][gc,age       ] GC(77) Age table with threshold 6 (max threshold 6)
[2020-05-02T07:41:17.080+0000][1][gc,age       ] GC(77) - age   1:      56944 bytes,      56944 total
[2020-05-02T07:41:17.080+0000][1][gc,age       ] GC(77) - age   2:       1264 bytes,      58208 total
[2020-05-02T07:41:17.080+0000][1][gc,age       ] GC(77) - age   3:        384 bytes,      58592 total
[2020-05-02T07:41:17.080+0000][1][gc,age       ] GC(77) - age   4:       3800 bytes,      62392 total
[2020-05-02T07:41:17.080+0000][1][gc,age       ] GC(77) - age   5:        920 bytes,      63312 total
[2020-05-02T07:41:17.080+0000][1][gc,age       ] GC(77) - age   6:        824 bytes,      64136 total
[2020-05-02T07:41:17.080+0000][1][gc,heap      ] GC(77) ParNew: 139805K->78K(157248K)
[2020-05-02T07:41:17.080+0000][1][gc,heap      ] GC(77) CMS: 83066K->83067K(349568K)
[2020-05-02T07:41:17.080+0000][1][gc,metaspace ] GC(77) Metaspace: 98052K->98052K(1140736K)
[2020-05-02T07:41:17.080+0000][1][gc           ] GC(77) Pause Young (Allocation Failure) 217M->81M(494M) 7.742ms
[2020-05-02T07:41:17.080+0000][1][gc,cpu       ] GC(77) User=0.02s Sys=0.01s Real=0.01s
