[2020-04-26T18:54:23.809+0000][1][gc] Using Concurrent Mark Sweep
[2020-04-26T18:54:23.809+0000][1][gc,heap,coops] Heap address: 0x00000000e0000000, size: 512 MB, Compressed Oops mode: 32-bit
[2020-04-26T18:54:23.847+0000][1][safepoint    ] Safepoint "EnableBiasedLocking", Time since last: 28863000 ns, Reaching safepoint: 122100 ns, At safepoint: 67100 ns, Total: 189200 ns
[2020-04-26T18:54:23.849+0000][1][safepoint    ] Safepoint "RevokeBias", Time since last: 2570600 ns, Reaching safepoint: 101700 ns, At safepoint: 64400 ns, Total: 166100 ns
[2020-04-26T18:54:23.858+0000][1][safepoint    ] Safepoint "Deoptimize", Time since last: 8212600 ns, Reaching safepoint: 7100 ns, At safepoint: 34800 ns, Total: 41900 ns
[2020-04-26T18:54:23.946+0000][1][safepoint    ] Safepoint "RevokeBias", Time since last: 88128500 ns, Reaching safepoint: 27900 ns, At safepoint: 67600 ns, Total: 95500 ns
[2020-04-26T18:54:23.948+0000][1][safepoint    ] Safepoint "Deoptimize", Time since last: 1856500 ns, Reaching safepoint: 15800 ns, At safepoint: 72100 ns, Total: 87900 ns
[2020-04-26T18:54:23.949+0000][1][safepoint    ] Safepoint "Deoptimize", Time since last: 1045900 ns, Reaching safepoint: 17200 ns, At safepoint: 60800 ns, Total: 78000 ns
[2020-04-26T18:54:23.969+0000][1][safepoint    ] Safepoint "Deoptimize", Time since last: 19890500 ns, Reaching safepoint: 15100 ns, At safepoint: 55600 ns, Total: 70700 ns
[2020-04-26T18:54:24.191+0000][1][safepoint    ] Safepoint "Deoptimize", Time since last: 221520100 ns, Reaching safepoint: 46100 ns, At safepoint: 77100 ns, Total: 123200 ns
[2020-04-26T18:54:24.217+0000][1][safepoint    ] Safepoint "Deoptimize", Time since last: 26826300 ns, Reaching safepoint: 23500 ns, At safepoint: 86200 ns, Total: 109700 ns
[2020-04-26T18:54:24.290+0000][1][safepoint    ] Safepoint "Deoptimize", Time since last: 72237300 ns, Reaching safepoint: 43200 ns, At safepoint: 142200 ns, Total: 185400 ns
[2020-04-26T18:54:24.441+0000][1][safepoint    ] Safepoint "Deoptimize", Time since last: 150832900 ns, Reaching safepoint: 75400 ns, At safepoint: 139700 ns, Total: 215100 ns
[2020-04-26T18:54:24.694+0000][1][safepoint    ] Safepoint "Deoptimize", Time since last: 252576400 ns, Reaching safepoint: 34700 ns, At safepoint: 107500 ns, Total: 142200 ns
[2020-04-26T18:54:24.754+0000][1][safepoint    ] Safepoint "RevokeBias", Time since last: 60399600 ns, Reaching safepoint: 23100 ns, At safepoint: 90500 ns, Total: 113600 ns
[2020-04-26T18:54:24.833+0000][1][safepoint    ] Safepoint "Deoptimize", Time since last: 78459600 ns, Reaching safepoint: 39300 ns, At safepoint: 127500 ns, Total: 166800 ns
[2020-04-26T18:54:24.903+0000][1][safepoint    ] Safepoint "Deoptimize", Time since last: 70055200 ns, Reaching safepoint: 31300 ns, At safepoint: 130200 ns, Total: 161500 ns
[2020-04-26T18:54:24.903+0000][1][safepoint    ] Safepoint "Deoptimize", Time since last: 144900 ns, Reaching safepoint: 7100 ns, At safepoint: 103100 ns, Total: 110200 ns
[2020-04-26T18:54:24.924+0000][1][safepoint    ] Safepoint "Deoptimize", Time since last: 20567600 ns, Reaching safepoint: 32700 ns, At safepoint: 148200 ns, Total: 180900 ns
[2020-04-26T18:54:24.926+0000][1][safepoint    ] Safepoint "Deoptimize", Time since last: 1708900 ns, Reaching safepoint: 12000 ns, At safepoint: 134200 ns, Total: 146200 ns
[2020-04-26T18:54:24.930+0000][1][safepoint    ] Safepoint "RevokeBias", Time since last: 4464200 ns, Reaching safepoint: 96600 ns, At safepoint: 50500 ns, Total: 147100 ns
[2020-04-26T18:54:24.931+0000][1][safepoint    ] Safepoint "RevokeBias", Time since last: 139800 ns, Reaching safepoint: 93700 ns, At safepoint: 47700 ns, Total: 141400 ns
[2020-04-26T18:54:24.931+0000][1][safepoint    ] Safepoint "RevokeBias", Time since last: 139100 ns, Reaching safepoint: 92800 ns, At safepoint: 44800 ns, Total: 137600 ns
[2020-04-26T18:54:24.931+0000][1][safepoint    ] Safepoint "RevokeBias", Time since last: 167400 ns, Reaching safepoint: 93300 ns, At safepoint: 57500 ns, Total: 150800 ns
[2020-04-26T18:54:24.932+0000][1][safepoint    ] Safepoint "RevokeBias", Time since last: 307200 ns, Reaching safepoint: 92700 ns, At safepoint: 55900 ns, Total: 148600 ns
[2020-04-26T18:54:24.936+0000][1][safepoint    ] Safepoint "Deoptimize", Time since last: 4035900 ns, Reaching safepoint: 11000 ns, At safepoint: 120700 ns, Total: 131700 ns
[2020-04-26T18:54:25.206+0000][1][safepoint    ] Safepoint "Deoptimize", Time since last: 269320800 ns, Reaching safepoint: 80600 ns, At safepoint: 215800 ns, Total: 296400 ns
[2020-04-26T18:54:25.331+0000][1][safepoint    ] Safepoint "RevokeBias", Time since last: 124879700 ns, Reaching safepoint: 39300 ns, At safepoint: 33000 ns, Total: 72300 ns
[2020-04-26T18:54:25.331+0000][1][safepoint    ] Safepoint "RevokeBias", Time since last: 166200 ns, Reaching safepoint: 11800 ns, At safepoint: 31100 ns, Total: 42900 ns
[2020-04-26T18:54:25.478+0000][1][gc,start     ] GC(0) Pause Young (Allocation Failure)
[2020-04-26T18:54:25.481+0000][1][gc,task      ] GC(0) Using 10 workers of 10 for evacuation
[2020-04-26T18:54:25.489+0000][1][gc,age       ] GC(0) Desired survivor size 8945664 bytes, new threshold 1 (max threshold 6)
[2020-04-26T18:54:25.489+0000][1][gc,age       ] GC(0) Age table with threshold 1 (max threshold 6)
[2020-04-26T18:54:25.489+0000][1][gc,age       ] GC(0) - age   1:   10564136 bytes,   10564136 total
[2020-04-26T18:54:25.489+0000][1][gc,heap      ] GC(0) ParNew: 139776K->10456K(157248K)
[2020-04-26T18:54:25.489+0000][1][gc,heap      ] GC(0) CMS: 0K->0K(349568K)
[2020-04-26T18:54:25.489+0000][1][gc,metaspace ] GC(0) Metaspace: 17124K->17124K(1064960K)
[2020-04-26T18:54:25.489+0000][1][gc           ] GC(0) Pause Young (Allocation Failure) 136M->10M(494M) 10.872ms
[2020-04-26T18:54:25.489+0000][1][gc,cpu       ] GC(0) User=0.06s Sys=0.01s Real=0.01s
[2020-04-26T18:54:25.489+0000][1][safepoint    ] Safepoint "GenCollectForAllocation", Time since last: 147521200 ns, Reaching safepoint: 43900 ns, At safepoint: 10952700 ns, Total: 10996600 ns
[2020-04-26T18:54:25.490+0000][1][safepoint    ] Safepoint "RevokeBias", Time since last: 481900 ns, Reaching safepoint: 181100 ns, At safepoint: 104200 ns, Total: 285300 ns
[2020-04-26T18:54:25.490+0000][1][safepoint    ] Safepoint "RevokeBias", Time since last: 152300 ns, Reaching safepoint: 170300 ns, At safepoint: 131200 ns, Total: 301500 ns
[2020-04-26T18:54:25.491+0000][1][safepoint    ] Safepoint "RevokeBias", Time since last: 185200 ns, Reaching safepoint: 137800 ns, At safepoint: 174000 ns, Total: 311800 ns
[2020-04-26T18:54:25.491+0000][1][safepoint    ] Safepoint "RevokeBias", Time since last: 195300 ns, Reaching safepoint: 119400 ns, At safepoint: 151300 ns, Total: 270700 ns
[2020-04-26T18:54:25.492+0000][1][safepoint    ] Safepoint "RevokeBias", Time since last: 182400 ns, Reaching safepoint: 115300 ns, At safepoint: 106600 ns, Total: 221900 ns
[2020-04-26T18:54:25.492+0000][1][safepoint    ] Safepoint "RevokeBias", Time since last: 171800 ns, Reaching safepoint: 119400 ns, At safepoint: 99600 ns, Total: 219000 ns
[2020-04-26T18:54:25.493+0000][1][safepoint    ] Safepoint "RevokeBias", Time since last: 176700 ns, Reaching safepoint: 115100 ns, At safepoint: 82100 ns, Total: 197200 ns
[2020-04-26T18:54:25.493+0000][1][safepoint    ] Safepoint "RevokeBias", Time since last: 165300 ns, Reaching safepoint: 117300 ns, At safepoint: 83900 ns, Total: 201200 ns
[2020-04-26T18:54:25.493+0000][1][safepoint    ] Safepoint "RevokeBias", Time since last: 185500 ns, Reaching safepoint: 118300 ns, At safepoint: 81000 ns, Total: 199300 ns
[2020-04-26T18:54:25.494+0000][1][safepoint    ] Safepoint "RevokeBias", Time since last: 171900 ns, Reaching safepoint: 114800 ns, At safepoint: 77800 ns, Total: 192600 ns
[2020-04-26T18:54:25.494+0000][1][safepoint    ] Safepoint "RevokeBias", Time since last: 141000 ns, Reaching safepoint: 16000 ns, At safepoint: 92100 ns, Total: 108100 ns
[2020-04-26T18:54:25.494+0000][1][safepoint    ] Safepoint "RevokeBias", Time since last: 110100 ns, Reaching safepoint: 107200 ns, At safepoint: 68000 ns, Total: 175200 ns
[2020-04-26T18:54:25.495+0000][1][safepoint    ] Safepoint "RevokeBias", Time since last: 256400 ns, Reaching safepoint: 110700 ns, At safepoint: 113800 ns, Total: 224500 ns
[2020-04-26T18:54:25.495+0000][1][safepoint    ] Safepoint "RevokeBias", Time since last: 214300 ns, Reaching safepoint: 110000 ns, At safepoint: 116500 ns, Total: 226500 ns
[2020-04-26T18:54:25.496+0000][1][safepoint    ] Safepoint "RevokeBias", Time since last: 174900 ns, Reaching safepoint: 110900 ns, At safepoint: 90000 ns, Total: 200900 ns
[2020-04-26T18:54:25.496+0000][1][safepoint    ] Safepoint "RevokeBias", Time since last: 155800 ns, Reaching safepoint: 112400 ns, At safepoint: 99800 ns, Total: 212200 ns
[2020-04-26T18:54:25.496+0000][1][safepoint    ] Safepoint "RevokeBias", Time since last: 297500 ns, Reaching safepoint: 151500 ns, At safepoint: 118700 ns, Total: 270200 ns
[2020-04-26T18:54:25.497+0000][1][safepoint    ] Safepoint "RevokeBias", Time since last: 156900 ns, Reaching safepoint: 107200 ns, At safepoint: 96400 ns, Total: 203600 ns
[2020-04-26T18:54:25.497+0000][1][safepoint    ] Safepoint "RevokeBias", Time since last: 261800 ns, Reaching safepoint: 113300 ns, At safepoint: 104500 ns, Total: 217800 ns
[2020-04-26T18:54:25.498+0000][1][safepoint    ] Safepoint "RevokeBias", Time since last: 151900 ns, Reaching safepoint: 107900 ns, At safepoint: 85400 ns, Total: 193300 ns
[2020-04-26T18:54:25.498+0000][1][safepoint    ] Safepoint "RevokeBias", Time since last: 167200 ns, Reaching safepoint: 115500 ns, At safepoint: 65000 ns, Total: 180500 ns
[2020-04-26T18:54:25.498+0000][1][safepoint    ] Safepoint "RevokeBias", Time since last: 160900 ns, Reaching safepoint: 107800 ns, At safepoint: 68300 ns, Total: 176100 ns
[2020-04-26T18:54:25.499+0000][1][safepoint    ] Safepoint "RevokeBias", Time since last: 163300 ns, Reaching safepoint: 107000 ns, At safepoint: 65200 ns, Total: 172200 ns
[2020-04-26T18:54:25.499+0000][1][safepoint    ] Safepoint "RevokeBias", Time since last: 151400 ns, Reaching safepoint: 107000 ns, At safepoint: 65400 ns, Total: 172400 ns
[2020-04-26T18:54:25.499+0000][1][safepoint    ] Safepoint "RevokeBias", Time since last: 151400 ns, Reaching safepoint: 107100 ns, At safepoint: 71700 ns, Total: 178800 ns
[2020-04-26T18:54:25.500+0000][1][safepoint    ] Safepoint "RevokeBias", Time since last: 153800 ns, Reaching safepoint: 107500 ns, At safepoint: 68400 ns, Total: 175900 ns
[2020-04-26T18:54:25.500+0000][1][safepoint    ] Safepoint "RevokeBias", Time since last: 285200 ns, Reaching safepoint: 170800 ns, At safepoint: 87900 ns, Total: 258700 ns
[2020-04-26T18:54:25.501+0000][1][safepoint    ] Safepoint "RevokeBias", Time since last: 156500 ns, Reaching safepoint: 111100 ns, At safepoint: 100400 ns, Total: 211500 ns
[2020-04-26T18:54:25.501+0000][1][safepoint    ] Safepoint "RevokeBias", Time since last: 153800 ns, Reaching safepoint: 110600 ns, At safepoint: 100900 ns, Total: 211500 ns
[2020-04-26T18:54:25.501+0000][1][safepoint    ] Safepoint "RevokeBias", Time since last: 138900 ns, Reaching safepoint: 104600 ns, At safepoint: 84700 ns, Total: 189300 ns
[2020-04-26T18:54:25.502+0000][1][safepoint    ] Safepoint "RevokeBias", Time since last: 156200 ns, Reaching safepoint: 102800 ns, At safepoint: 57400 ns, Total: 160200 ns
[2020-04-26T18:54:25.502+0000][1][safepoint    ] Safepoint "RevokeBias", Time since last: 139100 ns, Reaching safepoint: 104300 ns, At safepoint: 103000 ns, Total: 207300 ns
[2020-04-26T18:54:25.502+0000][1][safepoint    ] Safepoint "RevokeBias", Time since last: 148500 ns, Reaching safepoint: 102100 ns, At safepoint: 72600 ns, Total: 174700 ns
[2020-04-26T18:54:25.503+0000][1][safepoint    ] Safepoint "RevokeBias", Time since last: 138300 ns, Reaching safepoint: 102300 ns, At safepoint: 55900 ns, Total: 158200 ns
[2020-04-26T18:54:25.503+0000][1][safepoint    ] Safepoint "RevokeBias", Time since last: 163100 ns, Reaching safepoint: 132200 ns, At safepoint: 83700 ns, Total: 215900 ns
[2020-04-26T18:54:25.503+0000][1][safepoint    ] Safepoint "RevokeBias", Time since last: 123400 ns, Reaching safepoint: 99700 ns, At safepoint: 86500 ns, Total: 186200 ns
[2020-04-26T18:54:25.504+0000][1][safepoint    ] Safepoint "RevokeBias", Time since last: 128800 ns, Reaching safepoint: 107200 ns, At safepoint: 84300 ns, Total: 191500 ns
[2020-04-26T18:54:25.504+0000][1][safepoint    ] Safepoint "RevokeBias", Time since last: 183600 ns, Reaching safepoint: 98900 ns, At safepoint: 74800 ns, Total: 173700 ns
[2020-04-26T18:54:25.504+0000][1][safepoint    ] Safepoint "BulkRevokeBias", Time since last: 172100 ns, Reaching safepoint: 105500 ns, At safepoint: 120200 ns, Total: 225700 ns
[2020-04-26T18:54:25.505+0000][1][safepoint    ] Safepoint "BulkRevokeBias", Time since last: 101200 ns, Reaching safepoint: 139800 ns, At safepoint: 106400 ns, Total: 246200 ns
[2020-04-26T18:54:25.507+0000][1][safepoint    ] Safepoint "RevokeBias", Time since last: 2344500 ns, Reaching safepoint: 158500 ns, At safepoint: 116600 ns, Total: 275100 ns
[2020-04-26T18:54:25.509+0000][1][safepoint    ] Safepoint "RevokeBias", Time since last: 1606000 ns, Reaching safepoint: 14100 ns, At safepoint: 39400 ns, Total: 53500 ns
[2020-04-26T18:54:25.709+0000][1][safepoint    ] Safepoint "ICBufferFull", Time since last: 199827600 ns, Reaching safepoint: 205300 ns, At safepoint: 63900 ns, Total: 269200 ns
[2020-04-26T18:54:25.739+0000][1][gc,start     ] GC(1) Pause Young (Allocation Failure)
[2020-04-26T18:54:25.739+0000][1][gc,task      ] GC(1) Using 10 workers of 10 for evacuation
[2020-04-26T18:54:25.757+0000][1][gc,age       ] GC(1) Desired survivor size 8945664 bytes, new threshold 6 (max threshold 6)
[2020-04-26T18:54:25.757+0000][1][gc,age       ] GC(1) Age table with threshold 6 (max threshold 6)
[2020-04-26T18:54:25.757+0000][1][gc,age       ] GC(1) - age   1:    2174984 bytes,    2174984 total
[2020-04-26T18:54:25.757+0000][1][gc,heap      ] GC(1) ParNew: 150232K->6769K(157248K)
[2020-04-26T18:54:25.757+0000][1][gc,heap      ] GC(1) CMS: 0K->9493K(349568K)
[2020-04-26T18:54:25.757+0000][1][gc,metaspace ] GC(1) Metaspace: 18500K->18500K(1067008K)
[2020-04-26T18:54:25.757+0000][1][gc           ] GC(1) Pause Young (Allocation Failure) 146M->15M(494M) 17.720ms
[2020-04-26T18:54:25.757+0000][1][gc,cpu       ] GC(1) User=0.13s Sys=0.06s Real=0.01s
[2020-04-26T18:54:25.757+0000][1][safepoint    ] Safepoint "GenCollectForAllocation", Time since last: 30197000 ns, Reaching safepoint: 24100 ns, At safepoint: 17812300 ns, Total: 17836400 ns
[2020-04-26T18:54:25.757+0000][1][safepoint    ] Safepoint "RevokeBias", Time since last: 274700 ns, Reaching safepoint: 19800 ns, At safepoint: 66300 ns, Total: 86100 ns
[2020-04-26T18:54:25.758+0000][1][safepoint    ] Safepoint "RevokeBias", Time since last: 182200 ns, Reaching safepoint: 108700 ns, At safepoint: 66400 ns, Total: 175100 ns
[2020-04-26T18:54:25.758+0000][1][safepoint    ] Safepoint "RevokeBias", Time since last: 189000 ns, Reaching safepoint: 107500 ns, At safepoint: 66300 ns, Total: 173800 ns
[2020-04-26T18:54:25.759+0000][1][safepoint    ] Safepoint "RevokeBias", Time since last: 187400 ns, Reaching safepoint: 105300 ns, At safepoint: 63800 ns, Total: 169100 ns
[2020-04-26T18:54:25.759+0000][1][safepoint    ] Safepoint "RevokeBias", Time since last: 161200 ns, Reaching safepoint: 102600 ns, At safepoint: 62800 ns, Total: 165400 ns
[2020-04-26T18:54:25.759+0000][1][safepoint    ] Safepoint "RevokeBias", Time since last: 146300 ns, Reaching safepoint: 108300 ns, At safepoint: 85900 ns, Total: 194200 ns
[2020-04-26T18:54:25.759+0000][1][safepoint    ] Safepoint "RevokeBias", Time since last: 191400 ns, Reaching safepoint: 13600 ns, At safepoint: 64800 ns, Total: 78400 ns
[2020-04-26T18:54:25.760+0000][1][safepoint    ] Safepoint "RevokeBias", Time since last: 198400 ns, Reaching safepoint: 106900 ns, At safepoint: 68800 ns, Total: 175700 ns
[2020-04-26T18:54:25.760+0000][1][safepoint    ] Safepoint "RevokeBias", Time since last: 193300 ns, Reaching safepoint: 107100 ns, At safepoint: 72100 ns, Total: 179200 ns
[2020-04-26T18:54:25.761+0000][1][safepoint    ] Safepoint "RevokeBias", Time since last: 188900 ns, Reaching safepoint: 110900 ns, At safepoint: 80200 ns, Total: 191100 ns
[2020-04-26T18:54:25.761+0000][1][safepoint    ] Safepoint "RevokeBias", Time since last: 212300 ns, Reaching safepoint: 113400 ns, At safepoint: 66800 ns, Total: 180200 ns
[2020-04-26T18:54:25.761+0000][1][safepoint    ] Safepoint "RevokeBias", Time since last: 154900 ns, Reaching safepoint: 98700 ns, At safepoint: 58100 ns, Total: 156800 ns
[2020-04-26T18:54:25.762+0000][1][safepoint    ] Safepoint "RevokeBias", Time since last: 177900 ns, Reaching safepoint: 121600 ns, At safepoint: 85600 ns, Total: 207200 ns
[2020-04-26T18:54:25.762+0000][1][safepoint    ] Safepoint "RevokeBias", Time since last: 186100 ns, Reaching safepoint: 13500 ns, At safepoint: 76200 ns, Total: 89700 ns
[2020-04-26T18:54:25.762+0000][1][safepoint    ] Safepoint "RevokeBias", Time since last: 129500 ns, Reaching safepoint: 101900 ns, At safepoint: 64000 ns, Total: 165900 ns
[2020-04-26T18:54:25.763+0000][1][safepoint    ] Safepoint "RevokeBias", Time since last: 171600 ns, Reaching safepoint: 103200 ns, At safepoint: 73000 ns, Total: 176200 ns
[2020-04-26T18:54:25.763+0000][1][safepoint    ] Safepoint "RevokeBias", Time since last: 178300 ns, Reaching safepoint: 102500 ns, At safepoint: 63500 ns, Total: 166000 ns
[2020-04-26T18:54:25.763+0000][1][safepoint    ] Safepoint "RevokeBias", Time since last: 166500 ns, Reaching safepoint: 101500 ns, At safepoint: 61300 ns, Total: 162800 ns
[2020-04-26T18:54:25.764+0000][1][safepoint    ] Safepoint "RevokeBias", Time since last: 176300 ns, Reaching safepoint: 11900 ns, At safepoint: 62300 ns, Total: 74200 ns
[2020-04-26T18:54:25.764+0000][1][safepoint    ] Safepoint "RevokeBias", Time since last: 167900 ns, Reaching safepoint: 104400 ns, At safepoint: 72700 ns, Total: 177100 ns
[2020-04-26T18:54:25.764+0000][1][safepoint    ] Safepoint "RevokeBias", Time since last: 266100 ns, Reaching safepoint: 112500 ns, At safepoint: 78300 ns, Total: 190800 ns
[2020-04-26T18:54:25.765+0000][1][safepoint    ] Safepoint "RevokeBias", Time since last: 139000 ns, Reaching safepoint: 100600 ns, At safepoint: 86800 ns, Total: 187400 ns
[2020-04-26T18:54:25.765+0000][1][safepoint    ] Safepoint "RevokeBias", Time since last: 149900 ns, Reaching safepoint: 102500 ns, At safepoint: 74100 ns, Total: 176600 ns
[2020-04-26T18:54:25.765+0000][1][safepoint    ] Safepoint "RevokeBias", Time since last: 146000 ns, Reaching safepoint: 104200 ns, At safepoint: 99000 ns, Total: 203200 ns
[2020-04-26T18:54:25.766+0000][1][safepoint    ] Safepoint "RevokeBias", Time since last: 139600 ns, Reaching safepoint: 101600 ns, At safepoint: 108800 ns, Total: 210400 ns
[2020-04-26T18:54:25.766+0000][1][safepoint    ] Safepoint "RevokeBias", Time since last: 169700 ns, Reaching safepoint: 110400 ns, At safepoint: 71100 ns, Total: 181500 ns
[2020-04-26T18:54:25.766+0000][1][safepoint    ] Safepoint "RevokeBias", Time since last: 138400 ns, Reaching safepoint: 102000 ns, At safepoint: 76200 ns, Total: 178200 ns
[2020-04-26T18:54:25.923+0000][1][safepoint    ] Safepoint "Deoptimize", Time since last: 156766300 ns, Reaching safepoint: 49100 ns, At safepoint: 227400 ns, Total: 276500 ns
[2020-04-26T18:54:25.928+0000][1][gc,start     ] GC(2) Pause Young (Allocation Failure)
[2020-04-26T18:54:25.928+0000][1][gc,task      ] GC(2) Using 10 workers of 10 for evacuation
[2020-04-26T18:54:25.930+0000][1][gc,age       ] GC(2) Desired survivor size 8945664 bytes, new threshold 6 (max threshold 6)
[2020-04-26T18:54:25.930+0000][1][gc,age       ] GC(2) Age table with threshold 6 (max threshold 6)
[2020-04-26T18:54:25.930+0000][1][gc,age       ] GC(2) - age   1:    1894600 bytes,    1894600 total
[2020-04-26T18:54:25.930+0000][1][gc,age       ] GC(2) - age   2:    1620024 bytes,    3514624 total
[2020-04-26T18:54:25.930+0000][1][gc,heap      ] GC(2) ParNew: 146545K->4784K(157248K)
[2020-04-26T18:54:25.930+0000][1][gc,heap      ] GC(2) CMS: 9493K->9493K(349568K)
[2020-04-26T18:54:25.930+0000][1][gc,metaspace ] GC(2) Metaspace: 19075K->19075K(1067008K)
[2020-04-26T18:54:25.930+0000][1][gc           ] GC(2) Pause Young (Allocation Failure) 152M->13M(494M) 2.119ms
[2020-04-26T18:54:25.930+0000][1][gc,cpu       ] GC(2) User=0.02s Sys=0.00s Real=0.01s
[2020-04-26T18:54:25.930+0000][1][safepoint    ] Safepoint "GenCollectForAllocation", Time since last: 4244500 ns, Reaching safepoint: 17600 ns, At safepoint: 2185600 ns, Total: 2203200 ns
[2020-04-26T18:54:25.930+0000][1][safepoint    ] Safepoint "BulkRevokeBias", Time since last: 288300 ns, Reaching safepoint: 171000 ns, At safepoint: 105800 ns, Total: 276800 ns
[2020-04-26T18:54:25.931+0000][1][safepoint    ] Safepoint "RevokeBias", Time since last: 222800 ns, Reaching safepoint: 143600 ns, At safepoint: 69600 ns, Total: 213200 ns
[2020-04-26T18:54:25.931+0000][1][safepoint    ] Safepoint "RevokeBias", Time since last: 150900 ns, Reaching safepoint: 93100 ns, At safepoint: 54100 ns, Total: 147200 ns
[2020-04-26T18:54:25.931+0000][1][safepoint    ] Safepoint "RevokeBias", Time since last: 129000 ns, Reaching safepoint: 113800 ns, At safepoint: 55100 ns, Total: 168900 ns
[2020-04-26T18:54:25.932+0000][1][safepoint    ] Safepoint "RevokeBias", Time since last: 227200 ns, Reaching safepoint: 110200 ns, At safepoint: 70300 ns, Total: 180500 ns
[2020-04-26T18:54:25.932+0000][1][safepoint    ] Safepoint "RevokeBias", Time since last: 142300 ns, Reaching safepoint: 95000 ns, At safepoint: 53900 ns, Total: 148900 ns
[2020-04-26T18:54:25.932+0000][1][safepoint    ] Safepoint "RevokeBias", Time since last: 172300 ns, Reaching safepoint: 92600 ns, At safepoint: 55600 ns, Total: 148200 ns
[2020-04-26T18:54:25.933+0000][1][safepoint    ] Safepoint "RevokeBias", Time since last: 169300 ns, Reaching safepoint: 92400 ns, At safepoint: 53600 ns, Total: 146000 ns
[2020-04-26T18:54:25.933+0000][1][safepoint    ] Safepoint "RevokeBias", Time since last: 173700 ns, Reaching safepoint: 94600 ns, At safepoint: 57800 ns, Total: 152400 ns
[2020-04-26T18:54:25.933+0000][1][safepoint    ] Safepoint "RevokeBias", Time since last: 172000 ns, Reaching safepoint: 92200 ns, At safepoint: 50700 ns, Total: 142900 ns
[2020-04-26T18:54:25.934+0000][1][safepoint    ] Safepoint "RevokeBias", Time since last: 173700 ns, Reaching safepoint: 142100 ns, At safepoint: 104200 ns, Total: 246300 ns
[2020-04-26T18:54:25.934+0000][1][safepoint    ] Safepoint "BulkRevokeBias", Time since last: 173400 ns, Reaching safepoint: 113100 ns, At safepoint: 144600 ns, Total: 257700 ns
[2020-04-26T18:54:25.956+0000][1][safepoint    ] Safepoint "Deoptimize", Time since last: 21644500 ns, Reaching safepoint: 108400 ns, At safepoint: 256500 ns, Total: 364900 ns
[2020-04-26T18:54:26.077+0000][1][gc,start     ] GC(3) Pause Young (Allocation Failure)
[2020-04-26T18:54:26.078+0000][1][gc,task      ] GC(3) Using 10 workers of 10 for evacuation
[2020-04-26T18:54:26.081+0000][1][gc,age       ] GC(3) Desired survivor size 8945664 bytes, new threshold 6 (max threshold 6)
[2020-04-26T18:54:26.081+0000][1][gc,age       ] GC(3) Age table with threshold 6 (max threshold 6)
[2020-04-26T18:54:26.081+0000][1][gc,age       ] GC(3) - age   1:    3734464 bytes,    3734464 total
[2020-04-26T18:54:26.081+0000][1][gc,age       ] GC(3) - age   2:    1837600 bytes,    5572064 total
[2020-04-26T18:54:26.081+0000][1][gc,age       ] GC(3) - age   3:    1615800 bytes,    7187864 total
[2020-04-26T18:54:26.081+0000][1][gc,heap      ] GC(3) ParNew: 144560K->8179K(157248K)
[2020-04-26T18:54:26.081+0000][1][gc,heap      ] GC(3) CMS: 9493K->9493K(349568K)
[2020-04-26T18:54:26.081+0000][1][gc,metaspace ] GC(3) Metaspace: 19458K->19458K(1067008K)
[2020-04-26T18:54:26.082+0000][1][gc           ] GC(3) Pause Young (Allocation Failure) 150M->17M(494M) 4.034ms
[2020-04-26T18:54:26.082+0000][1][gc,cpu       ] GC(3) User=0.05s Sys=0.00s Real=0.01s
[2020-04-26T18:54:26.082+0000][1][safepoint    ] Safepoint "GenCollectForAllocation", Time since last: 121167800 ns, Reaching safepoint: 48000 ns, At safepoint: 4096000 ns, Total: 4144000 ns
[2020-04-26T18:54:26.082+0000][1][safepoint    ] Safepoint "BulkRevokeBias", Time since last: 270500 ns, Reaching safepoint: 106400 ns, At safepoint: 80400 ns, Total: 186800 ns
[2020-04-26T18:54:26.214+0000][1][gc,start     ] GC(4) Pause Young (Allocation Failure)
[2020-04-26T18:54:26.214+0000][1][gc,task      ] GC(4) Using 10 workers of 10 for evacuation
[2020-04-26T18:54:26.217+0000][1][gc,age       ] GC(4) Desired survivor size 8945664 bytes, new threshold 6 (max threshold 6)
[2020-04-26T18:54:26.217+0000][1][gc,age       ] GC(4) Age table with threshold 6 (max threshold 6)
[2020-04-26T18:54:26.217+0000][1][gc,age       ] GC(4) - age   1:     732192 bytes,     732192 total
[2020-04-26T18:54:26.217+0000][1][gc,age       ] GC(4) - age   2:    2192048 bytes,    2924240 total
[2020-04-26T18:54:26.217+0000][1][gc,age       ] GC(4) - age   3:    1836920 bytes,    4761160 total
[2020-04-26T18:54:26.217+0000][1][gc,age       ] GC(4) - age   4:    1615632 bytes,    6376792 total
[2020-04-26T18:54:26.217+0000][1][gc,heap      ] GC(4) ParNew: 147955K->8880K(157248K)
[2020-04-26T18:54:26.217+0000][1][gc,heap      ] GC(4) CMS: 9493K->9493K(349568K)
[2020-04-26T18:54:26.217+0000][1][gc,metaspace ] GC(4) Metaspace: 19727K->19727K(1067008K)
[2020-04-26T18:54:26.217+0000][1][gc           ] GC(4) Pause Young (Allocation Failure) 153M->17M(494M) 3.425ms
[2020-04-26T18:54:26.217+0000][1][gc,cpu       ] GC(4) User=0.02s Sys=0.00s Real=0.00s
[2020-04-26T18:54:26.217+0000][1][safepoint    ] Safepoint "GenCollectForAllocation", Time since last: 131587000 ns, Reaching safepoint: 23300 ns, At safepoint: 3537400 ns, Total: 3560700 ns
[2020-04-26T18:54:26.257+0000][1][safepoint    ] Safepoint "CollectForMetadataAllocation", Time since last: 40029700 ns, Reaching safepoint: 22600 ns, At safepoint: 85300 ns, Total: 107900 ns
[2020-04-26T18:54:26.277+0000][1][safepoint    ] Safepoint "CollectForMetadataAllocation", Time since last: 19326900 ns, Reaching safepoint: 26700 ns, At safepoint: 131500 ns, Total: 158200 ns
[2020-04-26T18:54:26.389+0000][1][gc,start     ] GC(5) Pause Young (Allocation Failure)
[2020-04-26T18:54:26.389+0000][1][gc,task      ] GC(5) Using 10 workers of 10 for evacuation
[2020-04-26T18:54:26.393+0000][1][gc,age       ] GC(5) Desired survivor size 8945664 bytes, new threshold 6 (max threshold 6)
[2020-04-26T18:54:26.393+0000][1][gc,age       ] GC(5) Age table with threshold 6 (max threshold 6)
[2020-04-26T18:54:26.393+0000][1][gc,age       ] GC(5) - age   1:    1714376 bytes,    1714376 total
[2020-04-26T18:54:26.393+0000][1][gc,age       ] GC(5) - age   2:     559192 bytes,    2273568 total
[2020-04-26T18:54:26.393+0000][1][gc,age       ] GC(5) - age   3:    2191472 bytes,    4465040 total
[2020-04-26T18:54:26.393+0000][1][gc,age       ] GC(5) - age   4:    1836920 bytes,    6301960 total
[2020-04-26T18:54:26.393+0000][1][gc,age       ] GC(5) - age   5:    1615632 bytes,    7917592 total
[2020-04-26T18:54:26.393+0000][1][gc,heap      ] GC(5) ParNew: 148656K->9614K(157248K)
[2020-04-26T18:54:26.393+0000][1][gc,heap      ] GC(5) CMS: 9493K->9493K(349568K)
[2020-04-26T18:54:26.393+0000][1][gc,metaspace ] GC(5) Metaspace: 20664K->20664K(1069056K)
[2020-04-26T18:54:26.394+0000][1][gc           ] GC(5) Pause Young (Allocation Failure) 154M->18M(494M) 4.818ms
[2020-04-26T18:54:26.394+0000][1][gc,cpu       ] GC(5) User=0.03s Sys=0.00s Real=0.00s
[2020-04-26T18:54:26.394+0000][1][safepoint    ] Safepoint "GenCollectForAllocation", Time since last: 111838800 ns, Reaching safepoint: 33000 ns, At safepoint: 5032100 ns, Total: 5065100 ns
[2020-04-26T18:54:26.394+0000][1][gc,start     ] GC(6) Pause Initial Mark
[2020-04-26T18:54:26.397+0000][1][gc           ] GC(6) Pause Initial Mark 21M->21M(494M) 2.281ms
[2020-04-26T18:54:26.397+0000][1][gc,cpu       ] GC(6) User=0.01s Sys=0.00s Real=0.00s
[2020-04-26T18:54:26.397+0000][1][safepoint    ] Safepoint "CMS_Initial_Mark", Time since last: 570800 ns, Reaching safepoint: 191500 ns, At safepoint: 2567500 ns, Total: 2759000 ns
[2020-04-26T18:54:26.397+0000][1][gc           ] GC(6) Concurrent Mark
[2020-04-26T18:54:26.399+0000][1][gc,task      ] GC(6) Using 3 workers of 3 for marking
[2020-04-26T18:54:26.410+0000][1][gc           ] GC(6) Concurrent Mark 12.441ms
[2020-04-26T18:54:26.410+0000][1][gc,cpu       ] GC(6) User=0.10s Sys=0.00s Real=0.02s
[2020-04-26T18:54:26.410+0000][1][gc           ] GC(6) Concurrent Preclean
[2020-04-26T18:54:26.411+0000][1][gc           ] GC(6) Concurrent Preclean 0.911ms
[2020-04-26T18:54:26.411+0000][1][gc,cpu       ] GC(6) User=0.00s Sys=0.00s Real=0.00s
[2020-04-26T18:54:26.411+0000][1][gc           ] GC(6) Concurrent Abortable Preclean
[2020-04-26T18:54:26.454+0000][1][safepoint    ] Safepoint "CollectForMetadataAllocation", Time since last: 56897100 ns, Reaching safepoint: 23400 ns, At safepoint: 111800 ns, Total: 135200 ns
[2020-04-26T18:54:26.543+0000][1][gc,start     ] GC(7) Pause Young (Allocation Failure)
[2020-04-26T18:54:26.543+0000][1][gc,task      ] GC(7) Using 10 workers of 10 for evacuation
[2020-04-26T18:54:26.548+0000][1][gc,age       ] GC(7) Desired survivor size 8945664 bytes, new threshold 6 (max threshold 6)
[2020-04-26T18:54:26.548+0000][1][gc,age       ] GC(7) Age table with threshold 6 (max threshold 6)
[2020-04-26T18:54:26.548+0000][1][gc,age       ] GC(7) - age   1:    1184696 bytes,    1184696 total
[2020-04-26T18:54:26.548+0000][1][gc,age       ] GC(7) - age   2:     763312 bytes,    1948008 total
[2020-04-26T18:54:26.548+0000][1][gc,age       ] GC(7) - age   3:     559192 bytes,    2507200 total
[2020-04-26T18:54:26.548+0000][1][gc,age       ] GC(7) - age   4:    2191256 bytes,    4698456 total
[2020-04-26T18:54:26.548+0000][1][gc,age       ] GC(7) - age   5:    1836920 bytes,    6535376 total
[2020-04-26T18:54:26.548+0000][1][gc,age       ] GC(7) - age   6:    1615632 bytes,    8151008 total
[2020-04-26T18:54:26.548+0000][1][gc,heap      ] GC(7) ParNew: 149390K->11326K(157248K)
[2020-04-26T18:54:26.548+0000][1][gc,heap      ] GC(7) CMS: 9493K->9493K(349568K)
[2020-04-26T18:54:26.548+0000][1][gc,metaspace ] GC(7) Metaspace: 20852K->20852K(1069056K)
[2020-04-26T18:54:26.548+0000][1][gc           ] GC(7) Pause Young (Allocation Failure) 155M->20M(494M) 5.036ms
[2020-04-26T18:54:26.548+0000][1][gc,cpu       ] GC(7) User=0.05s Sys=0.00s Real=0.01s
[2020-04-26T18:54:26.548+0000][1][safepoint    ] Safepoint "GenCollectForAllocation", Time since last: 89193300 ns, Reaching safepoint: 27000 ns, At safepoint: 5138500 ns, Total: 5165500 ns
[2020-04-26T18:54:26.548+0000][1][gc           ] GC(6) Concurrent Abortable Preclean 137.716ms
[2020-04-26T18:54:26.548+0000][1][gc,cpu       ] GC(6) User=0.62s Sys=0.01s Real=0.14s
[2020-04-26T18:54:26.549+0000][1][gc,start     ] GC(6) Pause Remark
[2020-04-26T18:54:26.557+0000][1][gc           ] GC(6) Pause Remark 23M->23M(494M) 7.796ms
[2020-04-26T18:54:26.557+0000][1][gc,cpu       ] GC(6) User=0.03s Sys=0.00s Real=0.00s
[2020-04-26T18:54:26.557+0000][1][safepoint    ] Safepoint "CMS_Final_Remark", Time since last: 321800 ns, Reaching safepoint: 209300 ns, At safepoint: 7994000 ns, Total: 8203300 ns
[2020-04-26T18:54:26.557+0000][1][gc           ] GC(6) Concurrent Sweep
[2020-04-26T18:54:26.563+0000][1][gc           ] GC(6) Concurrent Sweep 6.042ms
[2020-04-26T18:54:26.563+0000][1][gc,cpu       ] GC(6) User=0.02s Sys=0.00s Real=0.01s
[2020-04-26T18:54:26.563+0000][1][gc           ] GC(6) Concurrent Reset
[2020-04-26T18:54:26.564+0000][1][gc           ] GC(6) Concurrent Reset 0.460ms
[2020-04-26T18:54:26.564+0000][1][gc,cpu       ] GC(6) User=0.00s Sys=0.00s Real=0.00s
[2020-04-26T18:54:26.564+0000][1][gc,heap      ] GC(6) Old: 9493K->9490K(349568K)
[2020-04-26T18:54:26.672+0000][1][gc,start     ] GC(8) Pause Young (Allocation Failure)
[2020-04-26T18:54:26.672+0000][1][gc,task      ] GC(8) Using 10 workers of 10 for evacuation
[2020-04-26T18:54:26.677+0000][1][gc,age       ] GC(8) Desired survivor size 8945664 bytes, new threshold 6 (max threshold 6)
[2020-04-26T18:54:26.677+0000][1][gc,age       ] GC(8) Age table with threshold 6 (max threshold 6)
[2020-04-26T18:54:26.677+0000][1][gc,age       ] GC(8) - age   1:     579888 bytes,     579888 total
[2020-04-26T18:54:26.677+0000][1][gc,age       ] GC(8) - age   2:     417352 bytes,     997240 total
[2020-04-26T18:54:26.677+0000][1][gc,age       ] GC(8) - age   3:     763064 bytes,    1760304 total
[2020-04-26T18:54:26.677+0000][1][gc,age       ] GC(8) - age   4:     559192 bytes,    2319496 total
[2020-04-26T18:54:26.677+0000][1][gc,age       ] GC(8) - age   5:    2190344 bytes,    4509840 total
[2020-04-26T18:54:26.677+0000][1][gc,age       ] GC(8) - age   6:    1836856 bytes,    6346696 total
[2020-04-26T18:54:26.677+0000][1][gc,heap      ] GC(8) ParNew: 151102K->10078K(157248K)
[2020-04-26T18:54:26.677+0000][1][gc,heap      ] GC(8) CMS: 9490K->11084K(349568K)
[2020-04-26T18:54:26.677+0000][1][gc,metaspace ] GC(8) Metaspace: 20958K->20958K(1069056K)
[2020-04-26T18:54:26.678+0000][1][gc           ] GC(8) Pause Young (Allocation Failure) 156M->20M(494M) 5.555ms
[2020-04-26T18:54:26.678+0000][1][gc,cpu       ] GC(8) User=0.04s Sys=0.00s Real=0.00s
[2020-04-26T18:54:26.678+0000][1][safepoint    ] Safepoint "GenCollectForAllocation", Time since last: 114612500 ns, Reaching safepoint: 368800 ns, At safepoint: 5701400 ns, Total: 6070200 ns
[2020-04-26T18:54:26.714+0000][1][safepoint    ] Safepoint "Deoptimize", Time since last: 36139300 ns, Reaching safepoint: 33100 ns, At safepoint: 226700 ns, Total: 259800 ns
[2020-04-26T18:54:26.978+0000][1][safepoint    ] Safepoint "Deoptimize", Time since last: 263600500 ns, Reaching safepoint: 169600 ns, At safepoint: 219600 ns, Total: 389200 ns
[2020-04-26T18:54:26.981+0000][1][safepoint    ] Safepoint "Deoptimize", Time since last: 2930600 ns, Reaching safepoint: 13200 ns, At safepoint: 193400 ns, Total: 206600 ns
[2020-04-26T18:54:27.509+0000][1][gc,start     ] GC(9) Pause Young (Allocation Failure)
[2020-04-26T18:54:27.509+0000][1][gc,task      ] GC(9) Using 10 workers of 10 for evacuation
[2020-04-26T18:54:27.519+0000][1][gc,age       ] GC(9) Desired survivor size 8945664 bytes, new threshold 1 (max threshold 6)
[2020-04-26T18:54:27.519+0000][1][gc,age       ] GC(9) Age table with threshold 1 (max threshold 6)
[2020-04-26T18:54:27.519+0000][1][gc,age       ] GC(9) - age   1:   12161008 bytes,   12161008 total
[2020-04-26T18:54:27.519+0000][1][gc,age       ] GC(9) - age   2:     265808 bytes,   12426816 total
[2020-04-26T18:54:27.519+0000][1][gc,age       ] GC(9) - age   3:     414432 bytes,   12841248 total
[2020-04-26T18:54:27.519+0000][1][gc,age       ] GC(9) - age   4:     761968 bytes,   13603216 total
[2020-04-26T18:54:27.519+0000][1][gc,age       ] GC(9) - age   5:     556808 bytes,   14160024 total
[2020-04-26T18:54:27.519+0000][1][gc,age       ] GC(9) - age   6:    2187248 bytes,   16347272 total
[2020-04-26T18:54:27.519+0000][1][gc,heap      ] GC(9) ParNew: 149854K->17472K(157248K)
[2020-04-26T18:54:27.519+0000][1][gc,heap      ] GC(9) CMS: 11084K->12915K(349568K)
[2020-04-26T18:54:27.519+0000][1][gc,metaspace ] GC(9) Metaspace: 27936K->27936K(1075200K)
[2020-04-26T18:54:27.519+0000][1][gc           ] GC(9) Pause Young (Allocation Failure) 157M->29M(494M) 10.015ms
[2020-04-26T18:54:27.519+0000][1][gc,cpu       ] GC(9) User=0.10s Sys=0.00s Real=0.01s
[2020-04-26T18:54:27.520+0000][1][safepoint    ] Safepoint "GenCollectForAllocation", Time since last: 528081300 ns, Reaching safepoint: 194600 ns, At safepoint: 10106100 ns, Total: 10300700 ns
[2020-04-26T18:54:27.957+0000][1][safepoint    ] Safepoint "RevokeBias", Time since last: 437036200 ns, Reaching safepoint: 42700 ns, At safepoint: 58600 ns, Total: 101300 ns
[2020-04-26T18:54:28.141+0000][1][safepoint    ] Safepoint "Deoptimize", Time since last: 184407500 ns, Reaching safepoint: 22500 ns, At safepoint: 291600 ns, Total: 314100 ns
[2020-04-26T18:54:28.291+0000][1][gc,start     ] GC(10) Pause Young (Allocation Failure)
[2020-04-26T18:54:28.291+0000][1][gc,task      ] GC(10) Using 10 workers of 10 for evacuation
[2020-04-26T18:54:28.323+0000][1][gc,age       ] GC(10) Desired survivor size 8945664 bytes, new threshold 1 (max threshold 6)
[2020-04-26T18:54:28.323+0000][1][gc,age       ] GC(10) Age table with threshold 1 (max threshold 6)
[2020-04-26T18:54:28.323+0000][1][gc,age       ] GC(10) - age   1:   15956432 bytes,   15956432 total
[2020-04-26T18:54:28.324+0000][1][gc,heap      ] GC(10) ParNew: 157248K->17472K(157248K)
[2020-04-26T18:54:28.324+0000][1][gc,heap      ] GC(10) CMS: 12915K->30897K(349568K)
[2020-04-26T18:54:28.324+0000][1][gc,metaspace ] GC(10) Metaspace: 30387K->30387K(1077248K)
[2020-04-26T18:54:28.324+0000][1][gc           ] GC(10) Pause Young (Allocation Failure) 166M->47M(494M) 32.485ms
[2020-04-26T18:54:28.324+0000][1][gc,cpu       ] GC(10) User=0.31s Sys=0.02s Real=0.03s
[2020-04-26T18:54:28.324+0000][1][safepoint    ] Safepoint "GenCollectForAllocation", Time since last: 149645000 ns, Reaching safepoint: 55500 ns, At safepoint: 32655700 ns, Total: 32711200 ns
[2020-04-26T18:54:28.377+0000][1][safepoint    ] Safepoint "RevokeBias", Time since last: 53389900 ns, Reaching safepoint: 33100 ns, At safepoint: 58300 ns, Total: 91400 ns
[2020-04-26T18:54:28.398+0000][1][safepoint    ] Safepoint "RevokeBias", Time since last: 20671400 ns, Reaching safepoint: 20900 ns, At safepoint: 88700 ns, Total: 109600 ns
[2020-04-26T18:54:28.402+0000][1][safepoint    ] Safepoint "RevokeBias", Time since last: 3916800 ns, Reaching safepoint: 15100 ns, At safepoint: 43100 ns, Total: 58200 ns
[2020-04-26T18:54:28.408+0000][1][safepoint    ] Safepoint "RevokeBias", Time since last: 5785300 ns, Reaching safepoint: 127000 ns, At safepoint: 67700 ns, Total: 194700 ns
[2020-04-26T18:54:28.412+0000][1][safepoint    ] Safepoint "RevokeBias", Time since last: 3777500 ns, Reaching safepoint: 106300 ns, At safepoint: 74900 ns, Total: 181200 ns
[2020-04-26T18:54:28.416+0000][1][safepoint    ] Safepoint "RevokeBias", Time since last: 4126600 ns, Reaching safepoint: 16500 ns, At safepoint: 63800 ns, Total: 80300 ns
[2020-04-26T18:54:28.419+0000][1][safepoint    ] Safepoint "RevokeBias", Time since last: 2990800 ns, Reaching safepoint: 23400 ns, At safepoint: 79500 ns, Total: 102900 ns
[2020-04-26T18:54:28.422+0000][1][safepoint    ] Safepoint "RevokeBias", Time since last: 2476200 ns, Reaching safepoint: 16600 ns, At safepoint: 46100 ns, Total: 62700 ns
[2020-04-26T18:54:28.785+0000][1][safepoint    ] Safepoint "CollectForMetadataAllocation", Time since last: 362828200 ns, Reaching safepoint: 163800 ns, At safepoint: 134200 ns, Total: 298000 ns
[2020-04-26T18:54:28.789+0000][1][gc,start     ] GC(11) Pause Young (Allocation Failure)
[2020-04-26T18:54:28.789+0000][1][gc,task      ] GC(11) Using 10 workers of 10 for evacuation
[2020-04-26T18:54:28.804+0000][1][gc,age       ] GC(11) Desired survivor size 8945664 bytes, new threshold 6 (max threshold 6)
[2020-04-26T18:54:28.804+0000][1][gc,age       ] GC(11) Age table with threshold 6 (max threshold 6)
[2020-04-26T18:54:28.804+0000][1][gc,age       ] GC(11) - age   1:    2806592 bytes,    2806592 total
[2020-04-26T18:54:28.804+0000][1][gc,heap      ] GC(11) ParNew: 157248K->14750K(157248K)
[2020-04-26T18:54:28.804+0000][1][gc,heap      ] GC(11) CMS: 30897K->47205K(349568K)
[2020-04-26T18:54:28.804+0000][1][gc,metaspace ] GC(11) Metaspace: 33945K->33945K(1081344K)
[2020-04-26T18:54:28.804+0000][1][gc           ] GC(11) Pause Young (Allocation Failure) 183M->60M(494M) 15.176ms
[2020-04-26T18:54:28.805+0000][1][gc,cpu       ] GC(11) User=0.15s Sys=0.00s Real=0.01s
[2020-04-26T18:54:28.805+0000][1][safepoint    ] Safepoint "GenCollectForAllocation", Time since last: 4268000 ns, Reaching safepoint: 118800 ns, At safepoint: 15432900 ns, Total: 15551700 ns
[2020-04-26T18:54:28.805+0000][1][gc,start     ] GC(12) Pause Initial Mark
[2020-04-26T18:54:28.807+0000][1][gc           ] GC(12) Pause Initial Mark 63M->63M(494M) 2.165ms
[2020-04-26T18:54:28.808+0000][1][gc,cpu       ] GC(12) User=0.01s Sys=0.00s Real=0.00s
[2020-04-26T18:54:28.808+0000][1][safepoint    ] Safepoint "CMS_Initial_Mark", Time since last: 417100 ns, Reaching safepoint: 174200 ns, At safepoint: 2329700 ns, Total: 2503900 ns
[2020-04-26T18:54:28.808+0000][1][gc           ] GC(12) Concurrent Mark
[2020-04-26T18:54:28.808+0000][1][gc,task      ] GC(12) Using 3 workers of 3 for marking
[2020-04-26T18:54:28.838+0000][1][safepoint    ] Safepoint "CollectForMetadataAllocation", Time since last: 30213900 ns, Reaching safepoint: 241400 ns, At safepoint: 109100 ns, Total: 350500 ns
[2020-04-26T18:54:28.839+0000][1][gc           ] GC(12) Concurrent Mark 31.733ms
[2020-04-26T18:54:28.839+0000][1][gc,cpu       ] GC(12) User=0.18s Sys=0.04s Real=0.04s
[2020-04-26T18:54:28.839+0000][1][gc           ] GC(12) Concurrent Preclean
[2020-04-26T18:54:28.841+0000][1][gc           ] GC(12) Concurrent Preclean 1.862ms
[2020-04-26T18:54:28.841+0000][1][gc,cpu       ] GC(12) User=0.00s Sys=0.00s Real=0.00s
[2020-04-26T18:54:28.841+0000][1][gc           ] GC(12) Concurrent Abortable Preclean
[2020-04-26T18:54:28.864+0000][1][safepoint    ] Safepoint "CollectForMetadataAllocation", Time since last: 25692600 ns, Reaching safepoint: 28000 ns, At safepoint: 129700 ns, Total: 157700 ns
[2020-04-26T18:54:28.900+0000][1][safepoint    ] Safepoint "CollectForMetadataAllocation", Time since last: 35985200 ns, Reaching safepoint: 142800 ns, At safepoint: 160700 ns, Total: 303500 ns
[2020-04-26T18:54:28.911+0000][1][safepoint    ] Safepoint "CollectForMetadataAllocation", Time since last: 10241200 ns, Reaching safepoint: 56900 ns, At safepoint: 139600 ns, Total: 196500 ns
[2020-04-26T18:54:28.921+0000][1][safepoint    ] Safepoint "CollectForMetadataAllocation", Time since last: 10330100 ns, Reaching safepoint: 29600 ns, At safepoint: 118900 ns, Total: 148500 ns
[2020-04-26T18:54:28.938+0000][1][safepoint    ] Safepoint "CollectForMetadataAllocation", Time since last: 16231300 ns, Reaching safepoint: 102000 ns, At safepoint: 237400 ns, Total: 339400 ns
[2020-04-26T18:54:28.953+0000][1][safepoint    ] Safepoint "CollectForMetadataAllocation", Time since last: 15014800 ns, Reaching safepoint: 31800 ns, At safepoint: 127100 ns, Total: 158900 ns
[2020-04-26T18:54:28.974+0000][1][safepoint    ] Safepoint "CollectForMetadataAllocation", Time since last: 20227600 ns, Reaching safepoint: 138200 ns, At safepoint: 175200 ns, Total: 313400 ns
[2020-04-26T18:54:29.005+0000][1][safepoint    ] Safepoint "CollectForMetadataAllocation", Time since last: 30810400 ns, Reaching safepoint: 22200 ns, At safepoint: 220200 ns, Total: 242400 ns
[2020-04-26T18:54:29.051+0000][1][safepoint    ] Safepoint "CollectForMetadataAllocation", Time since last: 45893900 ns, Reaching safepoint: 223600 ns, At safepoint: 187600 ns, Total: 411200 ns
[2020-04-26T18:54:29.072+0000][1][safepoint    ] Safepoint "Deoptimize", Time since last: 20532900 ns, Reaching safepoint: 26600 ns, At safepoint: 398600 ns, Total: 425200 ns
[2020-04-26T18:54:29.073+0000][1][safepoint    ] Safepoint "CollectForMetadataAllocation", Time since last: 1007600 ns, Reaching safepoint: 27800 ns, At safepoint: 112500 ns, Total: 140300 ns
[2020-04-26T18:54:29.075+0000][1][safepoint    ] Safepoint "Deoptimize", Time since last: 2102100 ns, Reaching safepoint: 26900 ns, At safepoint: 297600 ns, Total: 324500 ns
[2020-04-26T18:54:29.079+0000][1][safepoint    ] Safepoint "CollectForMetadataAllocation", Time since last: 3074300 ns, Reaching safepoint: 26400 ns, At safepoint: 121200 ns, Total: 147600 ns
[2020-04-26T18:54:29.091+0000][1][safepoint    ] Safepoint "RevokeBias", Time since last: 12534600 ns, Reaching safepoint: 34700 ns, At safepoint: 80500 ns, Total: 115200 ns
[2020-04-26T18:54:29.093+0000][1][safepoint    ] Safepoint "Deoptimize", Time since last: 964400 ns, Reaching safepoint: 29200 ns, At safepoint: 333600 ns, Total: 362800 ns
[2020-04-26T18:54:29.093+0000][1][safepoint    ] Safepoint "CollectForMetadataAllocation", Time since last: 122800 ns, Reaching safepoint: 26800 ns, At safepoint: 156700 ns, Total: 183500 ns
[2020-04-26T18:54:29.099+0000][1][safepoint    ] Safepoint "RevokeBias", Time since last: 6044700 ns, Reaching safepoint: 166800 ns, At safepoint: 89400 ns, Total: 256200 ns
[2020-04-26T18:54:29.109+0000][1][safepoint    ] Safepoint "RevokeBias", Time since last: 9602000 ns, Reaching safepoint: 44400 ns, At safepoint: 48800 ns, Total: 93200 ns
[2020-04-26T18:54:29.117+0000][1][safepoint    ] Safepoint "RevokeBias", Time since last: 7704000 ns, Reaching safepoint: 144500 ns, At safepoint: 78200 ns, Total: 222700 ns
[2020-04-26T18:54:29.119+0000][1][safepoint    ] Safepoint "CollectForMetadataAllocation", Time since last: 2016600 ns, Reaching safepoint: 48100 ns, At safepoint: 108700 ns, Total: 156800 ns
[2020-04-26T18:54:29.127+0000][1][safepoint    ] Safepoint "CollectForMetadataAllocation", Time since last: 8038400 ns, Reaching safepoint: 19100 ns, At safepoint: 110000 ns, Total: 129100 ns
[2020-04-26T18:54:29.138+0000][1][safepoint    ] Safepoint "CollectForMetadataAllocation", Time since last: 10451200 ns, Reaching safepoint: 32300 ns, At safepoint: 120800 ns, Total: 153100 ns
[2020-04-26T18:54:29.152+0000][1][safepoint    ] Safepoint "CollectForMetadataAllocation", Time since last: 13729200 ns, Reaching safepoint: 67800 ns, At safepoint: 122500 ns, Total: 190300 ns
[2020-04-26T18:54:29.167+0000][1][safepoint    ] Safepoint "CollectForMetadataAllocation", Time since last: 14698800 ns, Reaching safepoint: 34500 ns, At safepoint: 118300 ns, Total: 152800 ns
[2020-04-26T18:54:29.186+0000][1][safepoint    ] Safepoint "CollectForMetadataAllocation", Time since last: 18923000 ns, Reaching safepoint: 35600 ns, At safepoint: 83800 ns, Total: 119400 ns
[2020-04-26T18:54:29.205+0000][1][safepoint    ] Safepoint "CollectForMetadataAllocation", Time since last: 19287200 ns, Reaching safepoint: 39300 ns, At safepoint: 155500 ns, Total: 194800 ns
[2020-04-26T18:54:29.218+0000][1][safepoint    ] Safepoint "CollectForMetadataAllocation", Time since last: 12566700 ns, Reaching safepoint: 18100 ns, At safepoint: 128400 ns, Total: 146500 ns
[2020-04-26T18:54:29.232+0000][1][safepoint    ] Safepoint "CollectForMetadataAllocation", Time since last: 14004600 ns, Reaching safepoint: 30900 ns, At safepoint: 121400 ns, Total: 152300 ns
[2020-04-26T18:54:29.240+0000][1][safepoint    ] Safepoint "CollectForMetadataAllocation", Time since last: 8090700 ns, Reaching safepoint: 31700 ns, At safepoint: 123300 ns, Total: 155000 ns
[2020-04-26T18:54:29.256+0000][1][safepoint    ] Safepoint "CollectForMetadataAllocation", Time since last: 15746000 ns, Reaching safepoint: 55100 ns, At safepoint: 111300 ns, Total: 166400 ns
[2020-04-26T18:54:29.272+0000][1][safepoint    ] Safepoint "CollectForMetadataAllocation", Time since last: 15306500 ns, Reaching safepoint: 115100 ns, At safepoint: 126100 ns, Total: 241200 ns
[2020-04-26T18:54:29.286+0000][1][safepoint    ] Safepoint "CollectForMetadataAllocation", Time since last: 13762400 ns, Reaching safepoint: 19100 ns, At safepoint: 115900 ns, Total: 135000 ns
[2020-04-26T18:54:29.314+0000][1][safepoint    ] Safepoint "CollectForMetadataAllocation", Time since last: 27819900 ns, Reaching safepoint: 42000 ns, At safepoint: 79100 ns, Total: 121100 ns
[2020-04-26T18:54:29.327+0000][1][safepoint    ] Safepoint "CollectForMetadataAllocation", Time since last: 13233100 ns, Reaching safepoint: 23300 ns, At safepoint: 115500 ns, Total: 138800 ns
[2020-04-26T18:54:29.342+0000][1][safepoint    ] Safepoint "CollectForMetadataAllocation", Time since last: 15092500 ns, Reaching safepoint: 58700 ns, At safepoint: 130600 ns, Total: 189300 ns
[2020-04-26T18:54:29.359+0000][1][safepoint    ] Safepoint "CollectForMetadataAllocation", Time since last: 16619600 ns, Reaching safepoint: 30700 ns, At safepoint: 155500 ns, Total: 186200 ns
[2020-04-26T18:54:29.377+0000][1][safepoint    ] Safepoint "CollectForMetadataAllocation", Time since last: 18016500 ns, Reaching safepoint: 35200 ns, At safepoint: 110400 ns, Total: 145600 ns
[2020-04-26T18:54:29.387+0000][1][safepoint    ] Safepoint "CollectForMetadataAllocation", Time since last: 9366000 ns, Reaching safepoint: 35000 ns, At safepoint: 119800 ns, Total: 154800 ns
[2020-04-26T18:54:29.400+0000][1][safepoint    ] Safepoint "CollectForMetadataAllocation", Time since last: 13321300 ns, Reaching safepoint: 27900 ns, At safepoint: 91000 ns, Total: 118900 ns
[2020-04-26T18:54:29.410+0000][1][safepoint    ] Safepoint "CollectForMetadataAllocation", Time since last: 9640400 ns, Reaching safepoint: 25000 ns, At safepoint: 108600 ns, Total: 133600 ns
[2020-04-26T18:54:29.419+0000][1][safepoint    ] Safepoint "RevokeBias", Time since last: 8587700 ns, Reaching safepoint: 108400 ns, At safepoint: 50800 ns, Total: 159200 ns
[2020-04-26T18:54:29.419+0000][1][safepoint    ] Safepoint "RevokeBias", Time since last: 141600 ns, Reaching safepoint: 99700 ns, At safepoint: 50300 ns, Total: 150000 ns
[2020-04-26T18:54:29.419+0000][1][safepoint    ] Safepoint "RevokeBias", Time since last: 162200 ns, Reaching safepoint: 100000 ns, At safepoint: 82100 ns, Total: 182100 ns
[2020-04-26T18:54:29.432+0000][1][safepoint    ] Safepoint "CollectForMetadataAllocation", Time since last: 13002900 ns, Reaching safepoint: 38300 ns, At safepoint: 121100 ns, Total: 159400 ns
[2020-04-26T18:54:29.468+0000][1][safepoint    ] Safepoint "CollectForMetadataAllocation", Time since last: 35707100 ns, Reaching safepoint: 150100 ns, At safepoint: 124300 ns, Total: 274400 ns
[2020-04-26T18:54:29.483+0000][1][safepoint    ] Safepoint "CollectForMetadataAllocation", Time since last: 14705500 ns, Reaching safepoint: 21700 ns, At safepoint: 133900 ns, Total: 155600 ns
[2020-04-26T18:54:29.483+0000][1][gc           ] GC(12) Concurrent Abortable Preclean 641.918ms
[2020-04-26T18:54:29.483+0000][1][gc,cpu       ] GC(12) User=2.03s Sys=0.08s Real=0.64s
[2020-04-26T18:54:29.484+0000][1][gc,start     ] GC(12) Pause Remark
[2020-04-26T18:54:29.492+0000][1][gc           ] GC(12) Pause Remark 131M->131M(494M) 8.238ms
[2020-04-26T18:54:29.492+0000][1][gc,cpu       ] GC(12) User=0.04s Sys=0.00s Real=0.01s
[2020-04-26T18:54:29.492+0000][1][safepoint    ] Safepoint "CMS_Final_Remark", Time since last: 111700 ns, Reaching safepoint: 170100 ns, At safepoint: 8325300 ns, Total: 8495400 ns
[2020-04-26T18:54:29.492+0000][1][gc           ] GC(12) Concurrent Sweep
[2020-04-26T18:54:29.496+0000][1][safepoint    ] Safepoint "CollectForMetadataAllocation", Time since last: 3234900 ns, Reaching safepoint: 426200 ns, At safepoint: 40600 ns, Total: 466800 ns
[2020-04-26T18:54:29.496+0000][1][safepoint    ] Safepoint "CollectForMetadataAllocation", Time since last: 328800 ns, Reaching safepoint: 22100 ns, At safepoint: 103000 ns, Total: 125100 ns
[2020-04-26T18:54:29.505+0000][1][gc           ] GC(12) Concurrent Sweep 12.646ms
[2020-04-26T18:54:29.505+0000][1][gc,cpu       ] GC(12) User=0.03s Sys=0.01s Real=0.01s
[2020-04-26T18:54:29.505+0000][1][gc           ] GC(12) Concurrent Reset
[2020-04-26T18:54:29.505+0000][1][gc           ] GC(12) Concurrent Reset 0.410ms
[2020-04-26T18:54:29.505+0000][1][gc,cpu       ] GC(12) User=0.00s Sys=0.00s Real=0.00s
[2020-04-26T18:54:29.505+0000][1][gc,heap      ] GC(12) Old: 47205K->47031K(349568K)
[2020-04-26T18:54:29.508+0000][1][safepoint    ] Safepoint "Deoptimize", Time since last: 11178700 ns, Reaching safepoint: 22600 ns, At safepoint: 293400 ns, Total: 316000 ns
[2020-04-26T18:54:29.944+0000][1][safepoint    ] Safepoint "RevokeBias", Time since last: 436220500 ns, Reaching safepoint: 34400 ns, At safepoint: 47100 ns, Total: 81500 ns
[2020-04-26T18:54:29.982+0000][1][safepoint    ] Safepoint "Deoptimize", Time since last: 38051200 ns, Reaching safepoint: 31000 ns, At safepoint: 363900 ns, Total: 394900 ns
[2020-04-26T18:54:30.118+0000][1][safepoint    ] Safepoint "Deoptimize", Time since last: 135853000 ns, Reaching safepoint: 43200 ns, At safepoint: 314700 ns, Total: 357900 ns
[2020-04-26T18:54:30.126+0000][1][safepoint    ] Safepoint "RevokeBias", Time since last: 7126600 ns, Reaching safepoint: 24100 ns, At safepoint: 54700 ns, Total: 78800 ns
[2020-04-26T18:54:30.153+0000][1][safepoint    ] Safepoint "RevokeBias", Time since last: 27654200 ns, Reaching safepoint: 33600 ns, At safepoint: 65800 ns, Total: 99400 ns
[2020-04-26T18:54:30.187+0000][1][safepoint    ] Safepoint "RevokeBias", Time since last: 33135100 ns, Reaching safepoint: 19700 ns, At safepoint: 45500 ns, Total: 65200 ns
[2020-04-26T18:54:30.191+0000][1][safepoint    ] Safepoint "RevokeBias", Time since last: 4163800 ns, Reaching safepoint: 108900 ns, At safepoint: 62100 ns, Total: 171000 ns
[2020-04-26T18:54:30.311+0000][1][safepoint    ] Safepoint "GenCollectForAllocation", Time since last: 120029200 ns, Reaching safepoint: 289200 ns, At safepoint: 50600 ns, Total: 339800 ns
[2020-04-26T18:54:30.312+0000][1][gc,start     ] GC(13) Pause Young (Allocation Failure)
[2020-04-26T18:54:30.312+0000][1][gc,task      ] GC(13) Using 10 workers of 10 for evacuation
[2020-04-26T18:54:30.318+0000][1][gc,age       ] GC(13) Desired survivor size 8945664 bytes, new threshold 2 (max threshold 6)
[2020-04-26T18:54:30.318+0000][1][gc,age       ] GC(13) Age table with threshold 2 (max threshold 6)
[2020-04-26T18:54:30.318+0000][1][gc,age       ] GC(13) - age   1:    6968056 bytes,    6968056 total
[2020-04-26T18:54:30.318+0000][1][gc,age       ] GC(13) - age   2:    2766400 bytes,    9734456 total
[2020-04-26T18:54:30.318+0000][1][gc,heap      ] GC(13) ParNew: 154526K->11833K(157248K)
[2020-04-26T18:54:30.318+0000][1][gc,heap      ] GC(13) CMS: 47031K->47031K(349568K)
[2020-04-26T18:54:30.318+0000][1][gc,metaspace ] GC(13) Metaspace: 50045K->50045K(1095680K)
[2020-04-26T18:54:30.318+0000][1][gc           ] GC(13) Pause Young (Allocation Failure) 196M->57M(494M) 6.897ms
[2020-04-26T18:54:30.318+0000][1][gc,cpu       ] GC(13) User=0.07s Sys=0.01s Real=0.01s
[2020-04-26T18:54:30.318+0000][1][safepoint    ] Safepoint "GenCollectForAllocation", Time since last: 145700 ns, Reaching safepoint: 16600 ns, At safepoint: 6972800 ns, Total: 6989400 ns
[2020-04-26T18:54:30.319+0000][1][gc,start     ] GC(14) Pause Young (GCLocker Initiated GC)
[2020-04-26T18:54:30.319+0000][1][gc,task      ] GC(14) Using 10 workers of 10 for evacuation
[2020-04-26T18:54:30.328+0000][1][gc,age       ] GC(14) Desired survivor size 8945664 bytes, new threshold 6 (max threshold 6)
[2020-04-26T18:54:30.328+0000][1][gc,age       ] GC(14) Age table with threshold 6 (max threshold 6)
[2020-04-26T18:54:30.328+0000][1][gc,age       ] GC(14) - age   1:        248 bytes,        248 total
[2020-04-26T18:54:30.328+0000][1][gc,age       ] GC(14) - age   2:    6967664 bytes,    6967912 total
[2020-04-26T18:54:30.328+0000][1][gc,heap      ] GC(14) ParNew: 13231K->11377K(157248K)
[2020-04-26T18:54:30.328+0000][1][gc,heap      ] GC(14) CMS: 47031K->49800K(349568K)
[2020-04-26T18:54:30.328+0000][1][gc,metaspace ] GC(14) Metaspace: 50045K->50045K(1095680K)
[2020-04-26T18:54:30.328+0000][1][gc           ] GC(14) Pause Young (GCLocker Initiated GC) 58M->59M(494M) 8.970ms
[2020-04-26T18:54:30.328+0000][1][gc,cpu       ] GC(14) User=0.06s Sys=0.00s Real=0.00s
[2020-04-26T18:54:30.328+0000][1][safepoint    ] Safepoint "GenCollectFull", Time since last: 260500 ns, Reaching safepoint: 135000 ns, At safepoint: 9227300 ns, Total: 9362300 ns
[2020-04-26T18:54:30.329+0000][1][safepoint    ] Safepoint "RevokeBias", Time since last: 191100 ns, Reaching safepoint: 122500 ns, At safepoint: 178300 ns, Total: 300800 ns
[2020-04-26T18:54:30.329+0000][1][safepoint    ] Safepoint "RevokeBias", Time since last: 272200 ns, Reaching safepoint: 375600 ns, At safepoint: 201200 ns, Total: 576800 ns
[2020-04-26T18:54:30.330+0000][1][safepoint    ] Safepoint "RevokeBias", Time since last: 200700 ns, Reaching safepoint: 323900 ns, At safepoint: 129600 ns, Total: 453500 ns
[2020-04-26T18:54:30.332+0000][1][safepoint    ] Safepoint "RevokeBias", Time since last: 1903600 ns, Reaching safepoint: 215900 ns, At safepoint: 69300 ns, Total: 285200 ns
[2020-04-26T18:54:30.333+0000][1][safepoint    ] Safepoint "RevokeBias", Time since last: 147900 ns, Reaching safepoint: 145200 ns, At safepoint: 56000 ns, Total: 201200 ns
[2020-04-26T18:54:30.333+0000][1][safepoint    ] Safepoint "RevokeBias", Time since last: 141900 ns, Reaching safepoint: 19700 ns, At safepoint: 69100 ns, Total: 88800 ns
[2020-04-26T18:54:30.333+0000][1][safepoint    ] Safepoint "RevokeBias", Time since last: 140300 ns, Reaching safepoint: 20600 ns, At safepoint: 78400 ns, Total: 99000 ns
[2020-04-26T18:54:30.334+0000][1][safepoint    ] Safepoint "RevokeBias", Time since last: 129000 ns, Reaching safepoint: 268900 ns, At safepoint: 78100 ns, Total: 347000 ns
[2020-04-26T18:54:30.334+0000][1][safepoint    ] Safepoint "RevokeBias", Time since last: 132900 ns, Reaching safepoint: 166800 ns, At safepoint: 113900 ns, Total: 280700 ns
[2020-04-26T18:54:30.334+0000][1][safepoint    ] Safepoint "RevokeBias", Time since last: 129800 ns, Reaching safepoint: 108600 ns, At safepoint: 72800 ns, Total: 181400 ns
[2020-04-26T18:54:30.335+0000][1][safepoint    ] Safepoint "RevokeBias", Time since last: 161000 ns, Reaching safepoint: 108600 ns, At safepoint: 66500 ns, Total: 175100 ns
[2020-04-26T18:54:30.335+0000][1][safepoint    ] Safepoint "RevokeBias", Time since last: 124500 ns, Reaching safepoint: 163100 ns, At safepoint: 91700 ns, Total: 254800 ns
[2020-04-26T18:54:30.335+0000][1][safepoint    ] Safepoint "RevokeBias", Time since last: 117500 ns, Reaching safepoint: 156700 ns, At safepoint: 103300 ns, Total: 260000 ns
[2020-04-26T18:54:30.336+0000][1][safepoint    ] Safepoint "BulkRevokeBias", Time since last: 130000 ns, Reaching safepoint: 127200 ns, At safepoint: 154300 ns, Total: 281500 ns
[2020-04-26T18:54:30.359+0000][1][safepoint    ] Safepoint "RevokeBias", Time since last: 23338900 ns, Reaching safepoint: 135000 ns, At safepoint: 42900 ns, Total: 177900 ns
[2020-04-26T18:54:30.388+0000][1][safepoint    ] Safepoint "RevokeBias", Time since last: 28206300 ns, Reaching safepoint: 26200 ns, At safepoint: 77300 ns, Total: 103500 ns
[2020-04-26T18:54:30.388+0000][1][safepoint    ] Safepoint "RevokeBias", Time since last: 103400 ns, Reaching safepoint: 180600 ns, At safepoint: 74500 ns, Total: 255100 ns
[2020-04-26T18:54:30.388+0000][1][safepoint    ] Safepoint "RevokeBias", Time since last: 123400 ns, Reaching safepoint: 12300 ns, At safepoint: 34100 ns, Total: 46400 ns
[2020-04-26T18:54:30.388+0000][1][safepoint    ] Safepoint "RevokeBias", Time since last: 156100 ns, Reaching safepoint: 95200 ns, At safepoint: 50500 ns, Total: 145700 ns
[2020-04-26T18:54:30.389+0000][1][safepoint    ] Safepoint "RevokeBias", Time since last: 185300 ns, Reaching safepoint: 94900 ns, At safepoint: 50900 ns, Total: 145800 ns
[2020-04-26T18:54:30.390+0000][1][safepoint    ] Safepoint "RevokeBias", Time since last: 543700 ns, Reaching safepoint: 95800 ns, At safepoint: 95300 ns, Total: 191100 ns
[2020-04-26T18:54:30.390+0000][1][safepoint    ] Safepoint "RevokeBias", Time since last: 413900 ns, Reaching safepoint: 99100 ns, At safepoint: 54300 ns, Total: 153400 ns
[2020-04-26T18:54:30.390+0000][1][safepoint    ] Safepoint "RevokeBias", Time since last: 46300 ns, Reaching safepoint: 97600 ns, At safepoint: 66300 ns, Total: 163900 ns
[2020-04-26T18:54:30.391+0000][1][safepoint    ] Safepoint "RevokeBias", Time since last: 172600 ns, Reaching safepoint: 96500 ns, At safepoint: 93300 ns, Total: 189800 ns
[2020-04-26T18:54:30.391+0000][1][safepoint    ] Safepoint "RevokeBias", Time since last: 78300 ns, Reaching safepoint: 96300 ns, At safepoint: 73100 ns, Total: 169400 ns
[2020-04-26T18:54:30.391+0000][1][safepoint    ] Safepoint "RevokeBias", Time since last: 76100 ns, Reaching safepoint: 95600 ns, At safepoint: 63500 ns, Total: 159100 ns
[2020-04-26T18:54:30.391+0000][1][safepoint    ] Safepoint "RevokeBias", Time since last: 79200 ns, Reaching safepoint: 12600 ns, At safepoint: 61500 ns, Total: 74100 ns
[2020-04-26T18:54:30.392+0000][1][safepoint    ] Safepoint "RevokeBias", Time since last: 75700 ns, Reaching safepoint: 174700 ns, At safepoint: 62000 ns, Total: 236700 ns
[2020-04-26T18:54:30.392+0000][1][safepoint    ] Safepoint "RevokeBias", Time since last: 75600 ns, Reaching safepoint: 92300 ns, At safepoint: 60200 ns, Total: 152500 ns
[2020-04-26T18:54:30.392+0000][1][safepoint    ] Safepoint "RevokeBias", Time since last: 75400 ns, Reaching safepoint: 94000 ns, At safepoint: 65500 ns, Total: 159500 ns
[2020-04-26T18:54:30.392+0000][1][safepoint    ] Safepoint "RevokeBias", Time since last: 75800 ns, Reaching safepoint: 94000 ns, At safepoint: 62300 ns, Total: 156300 ns
[2020-04-26T18:54:30.393+0000][1][safepoint    ] Safepoint "RevokeBias", Time since last: 76300 ns, Reaching safepoint: 93900 ns, At safepoint: 65000 ns, Total: 158900 ns
[2020-04-26T18:54:30.393+0000][1][safepoint    ] Safepoint "RevokeBias", Time since last: 75900 ns, Reaching safepoint: 94100 ns, At safepoint: 62300 ns, Total: 156400 ns
[2020-04-26T18:54:30.393+0000][1][safepoint    ] Safepoint "RevokeBias", Time since last: 84300 ns, Reaching safepoint: 92500 ns, At safepoint: 56600 ns, Total: 149100 ns
[2020-04-26T18:54:30.393+0000][1][safepoint    ] Safepoint "RevokeBias", Time since last: 75400 ns, Reaching safepoint: 103900 ns, At safepoint: 57600 ns, Total: 161500 ns
[2020-04-26T18:54:30.393+0000][1][safepoint    ] Safepoint "RevokeBias", Time since last: 75600 ns, Reaching safepoint: 92600 ns, At safepoint: 58700 ns, Total: 151300 ns
[2020-04-26T18:54:30.394+0000][1][safepoint    ] Safepoint "RevokeBias", Time since last: 76600 ns, Reaching safepoint: 95700 ns, At safepoint: 65800 ns, Total: 161500 ns
[2020-04-26T18:54:30.394+0000][1][safepoint    ] Safepoint "RevokeBias", Time since last: 84300 ns, Reaching safepoint: 92700 ns, At safepoint: 56900 ns, Total: 149600 ns
[2020-04-26T18:54:30.394+0000][1][safepoint    ] Safepoint "RevokeBias", Time since last: 75200 ns, Reaching safepoint: 94100 ns, At safepoint: 82200 ns, Total: 176300 ns
[2020-04-26T18:54:30.394+0000][1][safepoint    ] Safepoint "RevokeBias", Time since last: 81800 ns, Reaching safepoint: 94400 ns, At safepoint: 63800 ns, Total: 158200 ns
[2020-04-26T18:54:30.395+0000][1][safepoint    ] Safepoint "RevokeBias", Time since last: 74900 ns, Reaching safepoint: 13000 ns, At safepoint: 49500 ns, Total: 62500 ns
[2020-04-26T18:54:30.395+0000][1][safepoint    ] Safepoint "RevokeBias", Time since last: 74600 ns, Reaching safepoint: 93900 ns, At safepoint: 47800 ns, Total: 141700 ns
[2020-04-26T18:54:30.395+0000][1][safepoint    ] Safepoint "BulkRevokeBias", Time since last: 74700 ns, Reaching safepoint: 92600 ns, At safepoint: 80800 ns, Total: 173400 ns
[2020-04-26T18:54:30.395+0000][1][safepoint    ] Safepoint "RevokeBias", Time since last: 85800 ns, Reaching safepoint: 109500 ns, At safepoint: 91000 ns, Total: 200500 ns
[2020-04-26T18:54:30.396+0000][1][safepoint    ] Safepoint "RevokeBias", Time since last: 133400 ns, Reaching safepoint: 103600 ns, At safepoint: 71300 ns, Total: 174900 ns
[2020-04-26T18:54:30.396+0000][1][safepoint    ] Safepoint "RevokeBias", Time since last: 155600 ns, Reaching safepoint: 13600 ns, At safepoint: 62400 ns, Total: 76000 ns
[2020-04-26T18:54:30.396+0000][1][safepoint    ] Safepoint "RevokeBias", Time since last: 166900 ns, Reaching safepoint: 101100 ns, At safepoint: 62000 ns, Total: 163100 ns
[2020-04-26T18:54:30.396+0000][1][safepoint    ] Safepoint "RevokeBias", Time since last: 84600 ns, Reaching safepoint: 95200 ns, At safepoint: 73600 ns, Total: 168800 ns
[2020-04-26T18:54:30.397+0000][1][safepoint    ] Safepoint "RevokeBias", Time since last: 87600 ns, Reaching safepoint: 94100 ns, At safepoint: 55500 ns, Total: 149600 ns
[2020-04-26T18:54:30.397+0000][1][safepoint    ] Safepoint "RevokeBias", Time since last: 115200 ns, Reaching safepoint: 11700 ns, At safepoint: 28800 ns, Total: 40500 ns
[2020-04-26T18:54:30.397+0000][1][safepoint    ] Safepoint "RevokeBias", Time since last: 287800 ns, Reaching safepoint: 96100 ns, At safepoint: 56300 ns, Total: 152400 ns
[2020-04-26T18:54:30.398+0000][1][safepoint    ] Safepoint "RevokeBias", Time since last: 171800 ns, Reaching safepoint: 13400 ns, At safepoint: 46200 ns, Total: 59600 ns
[2020-04-26T18:54:30.398+0000][1][safepoint    ] Safepoint "RevokeBias", Time since last: 104300 ns, Reaching safepoint: 96200 ns, At safepoint: 56100 ns, Total: 152300 ns
[2020-04-26T18:54:30.401+0000][1][safepoint    ] Safepoint "RevokeBias", Time since last: 2100600 ns, Reaching safepoint: 713800 ns, At safepoint: 48800 ns, Total: 762600 ns
[2020-04-26T18:54:30.401+0000][1][safepoint    ] Safepoint "RevokeBias", Time since last: 95100 ns, Reaching safepoint: 102400 ns, At safepoint: 69900 ns, Total: 172300 ns
[2020-04-26T18:54:30.401+0000][1][safepoint    ] Safepoint "RevokeBias", Time since last: 118500 ns, Reaching safepoint: 95800 ns, At safepoint: 50300 ns, Total: 146100 ns
[2020-04-26T18:54:30.401+0000][1][safepoint    ] Safepoint "RevokeBias", Time since last: 87100 ns, Reaching safepoint: 11800 ns, At safepoint: 33100 ns, Total: 44900 ns
[2020-04-26T18:54:30.401+0000][1][safepoint    ] Safepoint "RevokeBias", Time since last: 81800 ns, Reaching safepoint: 11700 ns, At safepoint: 32300 ns, Total: 44000 ns
[2020-04-26T18:54:30.402+0000][1][safepoint    ] Safepoint "RevokeBias", Time since last: 74500 ns, Reaching safepoint: 11700 ns, At safepoint: 32100 ns, Total: 43800 ns
[2020-04-26T18:54:30.402+0000][1][safepoint    ] Safepoint "RevokeBias", Time since last: 74400 ns, Reaching safepoint: 11500 ns, At safepoint: 31900 ns, Total: 43400 ns
[2020-04-26T18:54:30.402+0000][1][safepoint    ] Safepoint "RevokeBias", Time since last: 75300 ns, Reaching safepoint: 11600 ns, At safepoint: 31800 ns, Total: 43400 ns
[2020-04-26T18:54:30.402+0000][1][safepoint    ] Safepoint "RevokeBias", Time since last: 75200 ns, Reaching safepoint: 11600 ns, At safepoint: 34000 ns, Total: 45600 ns
[2020-04-26T18:54:30.402+0000][1][safepoint    ] Safepoint "RevokeBias", Time since last: 74900 ns, Reaching safepoint: 11500 ns, At safepoint: 34800 ns, Total: 46300 ns
[2020-04-26T18:54:30.402+0000][1][safepoint    ] Safepoint "RevokeBias", Time since last: 74100 ns, Reaching safepoint: 11500 ns, At safepoint: 36200 ns, Total: 47700 ns
[2020-04-26T18:54:30.402+0000][1][safepoint    ] Safepoint "RevokeBias", Time since last: 81200 ns, Reaching safepoint: 11500 ns, At safepoint: 37100 ns, Total: 48600 ns
[2020-04-26T18:54:30.402+0000][1][safepoint    ] Safepoint "RevokeBias", Time since last: 74200 ns, Reaching safepoint: 11600 ns, At safepoint: 35600 ns, Total: 47200 ns
[2020-04-26T18:54:30.403+0000][1][safepoint    ] Safepoint "RevokeBias", Time since last: 74300 ns, Reaching safepoint: 11600 ns, At safepoint: 33900 ns, Total: 45500 ns
[2020-04-26T18:54:30.403+0000][1][safepoint    ] Safepoint "RevokeBias", Time since last: 74000 ns, Reaching safepoint: 11600 ns, At safepoint: 32100 ns, Total: 43700 ns
[2020-04-26T18:54:30.403+0000][1][safepoint    ] Safepoint "BulkRevokeBias", Time since last: 73900 ns, Reaching safepoint: 11700 ns, At safepoint: 72600 ns, Total: 84300 ns
[2020-04-26T18:54:30.403+0000][1][safepoint    ] Safepoint "RevokeBias", Time since last: 123400 ns, Reaching safepoint: 12500 ns, At safepoint: 34500 ns, Total: 47000 ns
[2020-04-26T18:54:30.403+0000][1][safepoint    ] Safepoint "RevokeBias", Time since last: 123700 ns, Reaching safepoint: 11700 ns, At safepoint: 32700 ns, Total: 44400 ns
[2020-04-26T18:54:30.403+0000][1][safepoint    ] Safepoint "RevokeBias", Time since last: 120600 ns, Reaching safepoint: 95100 ns, At safepoint: 56000 ns, Total: 151100 ns
[2020-04-26T18:54:30.404+0000][1][safepoint    ] Safepoint "RevokeBias", Time since last: 86700 ns, Reaching safepoint: 97300 ns, At safepoint: 77700 ns, Total: 175000 ns
[2020-04-26T18:54:30.404+0000][1][safepoint    ] Safepoint "RevokeBias", Time since last: 102100 ns, Reaching safepoint: 95000 ns, At safepoint: 51200 ns, Total: 146200 ns
[2020-04-26T18:54:30.404+0000][1][safepoint    ] Safepoint "RevokeBias", Time since last: 206700 ns, Reaching safepoint: 95100 ns, At safepoint: 64200 ns, Total: 159300 ns
[2020-04-26T18:54:30.405+0000][1][safepoint    ] Safepoint "RevokeBias", Time since last: 211300 ns, Reaching safepoint: 176000 ns, At safepoint: 62100 ns, Total: 238100 ns
[2020-04-26T18:54:30.405+0000][1][safepoint    ] Safepoint "RevokeBias", Time since last: 92100 ns, Reaching safepoint: 93800 ns, At safepoint: 55800 ns, Total: 149600 ns
[2020-04-26T18:54:30.405+0000][1][safepoint    ] Safepoint "RevokeBias", Time since last: 158800 ns, Reaching safepoint: 96300 ns, At safepoint: 61000 ns, Total: 157300 ns
[2020-04-26T18:54:30.406+0000][1][safepoint    ] Safepoint "RevokeBias", Time since last: 83300 ns, Reaching safepoint: 93500 ns, At safepoint: 58700 ns, Total: 152200 ns
[2020-04-26T18:54:30.406+0000][1][safepoint    ] Safepoint "RevokeBias", Time since last: 117000 ns, Reaching safepoint: 95300 ns, At safepoint: 63700 ns, Total: 159000 ns
[2020-04-26T18:54:30.406+0000][1][safepoint    ] Safepoint "RevokeBias", Time since last: 74600 ns, Reaching safepoint: 94500 ns, At safepoint: 61800 ns, Total: 156300 ns
[2020-04-26T18:54:30.407+0000][1][safepoint    ] Safepoint "RevokeBias", Time since last: 375000 ns, Reaching safepoint: 95000 ns, At safepoint: 62700 ns, Total: 157700 ns
[2020-04-26T18:54:30.407+0000][1][safepoint    ] Safepoint "RevokeBias", Time since last: 288700 ns, Reaching safepoint: 94200 ns, At safepoint: 76800 ns, Total: 171000 ns
[2020-04-26T18:54:30.408+0000][1][safepoint    ] Safepoint "RevokeBias", Time since last: 506900 ns, Reaching safepoint: 95000 ns, At safepoint: 63700 ns, Total: 158700 ns
[2020-04-26T18:54:30.408+0000][1][safepoint    ] Safepoint "RevokeBias", Time since last: 104300 ns, Reaching safepoint: 93900 ns, At safepoint: 72500 ns, Total: 166400 ns
[2020-04-26T18:54:30.408+0000][1][safepoint    ] Safepoint "RevokeBias", Time since last: 250100 ns, Reaching safepoint: 96300 ns, At safepoint: 53100 ns, Total: 149400 ns
[2020-04-26T18:54:30.409+0000][1][safepoint    ] Safepoint "RevokeBias", Time since last: 91900 ns, Reaching safepoint: 94100 ns, At safepoint: 63500 ns, Total: 157600 ns
[2020-04-26T18:54:30.410+0000][1][safepoint    ] Safepoint "Deoptimize", Time since last: 1345000 ns, Reaching safepoint: 107100 ns, At safepoint: 347500 ns, Total: 454600 ns
[2020-04-26T18:54:30.411+0000][1][safepoint    ] Safepoint "RevokeBias", Time since last: 620000 ns, Reaching safepoint: 98400 ns, At safepoint: 40800 ns, Total: 139200 ns
[2020-04-26T18:54:30.411+0000][1][safepoint    ] Safepoint "RevokeBias", Time since last: 97300 ns, Reaching safepoint: 13000 ns, At safepoint: 50300 ns, Total: 63300 ns
[2020-04-26T18:54:30.412+0000][1][safepoint    ] Safepoint "RevokeBias", Time since last: 413600 ns, Reaching safepoint: 98000 ns, At safepoint: 49600 ns, Total: 147600 ns
[2020-04-26T18:54:30.412+0000][1][safepoint    ] Safepoint "RevokeBias", Time since last: 167400 ns, Reaching safepoint: 94100 ns, At safepoint: 41900 ns, Total: 136000 ns
[2020-04-26T18:54:30.413+0000][1][safepoint    ] Safepoint "RevokeBias", Time since last: 181100 ns, Reaching safepoint: 94100 ns, At safepoint: 40200 ns, Total: 134300 ns
[2020-04-26T18:54:30.414+0000][1][safepoint    ] Safepoint "RevokeBias", Time since last: 1505000 ns, Reaching safepoint: 108600 ns, At safepoint: 102600 ns, Total: 211200 ns
[2020-04-26T18:54:30.415+0000][1][safepoint    ] Safepoint "RevokeBias", Time since last: 91500 ns, Reaching safepoint: 98900 ns, At safepoint: 95000 ns, Total: 193900 ns
[2020-04-26T18:54:30.415+0000][1][safepoint    ] Safepoint "RevokeBias", Time since last: 272100 ns, Reaching safepoint: 95900 ns, At safepoint: 80500 ns, Total: 176400 ns
[2020-04-26T18:54:30.434+0000][1][safepoint    ] Safepoint "RevokeBias", Time since last: 19327700 ns, Reaching safepoint: 27300 ns, At safepoint: 47300 ns, Total: 74600 ns
[2020-04-26T18:54:30.454+0000][1][safepoint    ] Safepoint "RevokeBias", Time since last: 20041200 ns, Reaching safepoint: 27000 ns, At safepoint: 34600 ns, Total: 61600 ns
[2020-04-26T18:54:30.460+0000][1][safepoint    ] Safepoint "RevokeBias", Time since last: 5240400 ns, Reaching safepoint: 22100 ns, At safepoint: 48700 ns, Total: 70800 ns
[2020-04-26T18:54:30.498+0000][1][safepoint    ] Safepoint "RevokeBias", Time since last: 38543700 ns, Reaching safepoint: 26700 ns, At safepoint: 48400 ns, Total: 75100 ns
[2020-04-26T18:54:30.540+0000][1][safepoint    ] Safepoint "RevokeBias", Time since last: 41936000 ns, Reaching safepoint: 29300 ns, At safepoint: 35500 ns, Total: 64800 ns
[2020-04-26T18:54:30.597+0000][1][safepoint    ] Safepoint "RevokeBias", Time since last: 56339400 ns, Reaching safepoint: 319900 ns, At safepoint: 40000 ns, Total: 359900 ns
[2020-04-26T18:54:30.646+0000][1][safepoint    ] Safepoint "RevokeBias", Time since last: 49053100 ns, Reaching safepoint: 29700 ns, At safepoint: 49600 ns, Total: 79300 ns
[2020-04-26T18:54:30.652+0000][1][safepoint    ] Safepoint "RevokeBias", Time since last: 5203000 ns, Reaching safepoint: 36400 ns, At safepoint: 88200 ns, Total: 124600 ns
[2020-04-26T18:54:30.717+0000][1][safepoint    ] Safepoint "RevokeBias", Time since last: 65583000 ns, Reaching safepoint: 162800 ns, At safepoint: 49700 ns, Total: 212500 ns
[2020-04-26T18:54:30.878+0000][1][safepoint    ] Safepoint "BulkRevokeBias", Time since last: 160044200 ns, Reaching safepoint: 343000 ns, At safepoint: 77200 ns, Total: 420200 ns
[2020-04-26T18:54:31.077+0000][1][safepoint    ] Safepoint "RevokeBias", Time since last: 197987500 ns, Reaching safepoint: 782500 ns, At safepoint: 56300 ns, Total: 838800 ns
[2020-04-26T18:54:31.077+0000][1][safepoint    ] Safepoint "RevokeBias", Time since last: 150800 ns, Reaching safepoint: 97300 ns, At safepoint: 47900 ns, Total: 145200 ns
[2020-04-26T18:54:31.077+0000][1][safepoint    ] Safepoint "RevokeBias", Time since last: 151800 ns, Reaching safepoint: 96000 ns, At safepoint: 49100 ns, Total: 145100 ns
[2020-04-26T18:54:31.079+0000][1][safepoint    ] Safepoint "RevokeBias", Time since last: 1598300 ns, Reaching safepoint: 12400 ns, At safepoint: 38200 ns, Total: 50600 ns
[2020-04-26T18:54:31.108+0000][1][gc,start     ] GC(15) Pause Young (Allocation Failure)
[2020-04-26T18:54:31.108+0000][1][gc,task      ] GC(15) Using 10 workers of 10 for evacuation
[2020-04-26T18:54:31.116+0000][1][gc,age       ] GC(15) Desired survivor size 8945664 bytes, new threshold 3 (max threshold 6)
[2020-04-26T18:54:31.116+0000][1][gc,age       ] GC(15) Age table with threshold 3 (max threshold 6)
[2020-04-26T18:54:31.116+0000][1][gc,age       ] GC(15) - age   1:    3497344 bytes,    3497344 total
[2020-04-26T18:54:31.116+0000][1][gc,age       ] GC(15) - age   2:        104 bytes,    3497448 total
[2020-04-26T18:54:31.116+0000][1][gc,age       ] GC(15) - age   3:    6743880 bytes,   10241328 total
[2020-04-26T18:54:31.116+0000][1][gc,heap      ] GC(15) ParNew: 151153K->12375K(157248K)
[2020-04-26T18:54:31.116+0000][1][gc,heap      ] GC(15) CMS: 49800K->49800K(349568K)
[2020-04-26T18:54:31.116+0000][1][gc,metaspace ] GC(15) Metaspace: 62883K->62883K(1107968K)
[2020-04-26T18:54:31.116+0000][1][gc           ] GC(15) Pause Young (Allocation Failure) 196M->60M(494M) 7.619ms
[2020-04-26T18:54:31.116+0000][1][gc,cpu       ] GC(15) User=0.05s Sys=0.00s Real=0.00s
[2020-04-26T18:54:31.116+0000][1][safepoint    ] Safepoint "GenCollectForAllocation", Time since last: 29353200 ns, Reaching safepoint: 32800 ns, At safepoint: 7724700 ns, Total: 7757500 ns
[2020-04-26T18:54:31.253+0000][1][safepoint    ] Safepoint "Deoptimize", Time since last: 136910100 ns, Reaching safepoint: 72500 ns, At safepoint: 413500 ns, Total: 486000 ns
[2020-04-26T18:54:31.617+0000][1][safepoint    ] Safepoint "RevokeBias", Time since last: 363696700 ns, Reaching safepoint: 67300 ns, At safepoint: 36400 ns, Total: 103700 ns
[2020-04-26T18:54:31.644+0000][1][safepoint    ] Safepoint "Deoptimize", Time since last: 26891500 ns, Reaching safepoint: 23200 ns, At safepoint: 317200 ns, Total: 340400 ns
[2020-04-26T18:54:31.694+0000][1][safepoint    ] Safepoint "RevokeBias", Time since last: 49373500 ns, Reaching safepoint: 39400 ns, At safepoint: 73900 ns, Total: 113300 ns
[2020-04-26T18:54:31.695+0000][1][safepoint    ] Safepoint "RevokeBias", Time since last: 373700 ns, Reaching safepoint: 148600 ns, At safepoint: 70500 ns, Total: 219100 ns
[2020-04-26T18:54:31.695+0000][1][safepoint    ] Safepoint "RevokeBias", Time since last: 687100 ns, Reaching safepoint: 18900 ns, At safepoint: 47800 ns, Total: 66700 ns
[2020-04-26T18:54:31.696+0000][1][safepoint    ] Safepoint "RevokeBias", Time since last: 608000 ns, Reaching safepoint: 37000 ns, At safepoint: 46500 ns, Total: 83500 ns
[2020-04-26T18:54:31.696+0000][1][safepoint    ] Safepoint "RevokeBias", Time since last: 115900 ns, Reaching safepoint: 20000 ns, At safepoint: 55500 ns, Total: 75500 ns
[2020-04-26T18:54:31.696+0000][1][safepoint    ] Safepoint "RevokeBias", Time since last: 248000 ns, Reaching safepoint: 19000 ns, At safepoint: 41700 ns, Total: 60700 ns
[2020-04-26T18:54:31.697+0000][1][safepoint    ] Safepoint "RevokeBias", Time since last: 363700 ns, Reaching safepoint: 15700 ns, At safepoint: 56800 ns, Total: 72500 ns
[2020-04-26T18:54:31.697+0000][1][safepoint    ] Safepoint "RevokeBias", Time since last: 337700 ns, Reaching safepoint: 14700 ns, At safepoint: 50300 ns, Total: 65000 ns
[2020-04-26T18:54:31.698+0000][1][safepoint    ] Safepoint "RevokeBias", Time since last: 179000 ns, Reaching safepoint: 28500 ns, At safepoint: 35400 ns, Total: 63900 ns
[2020-04-26T18:54:31.698+0000][1][safepoint    ] Safepoint "RevokeBias", Time since last: 695500 ns, Reaching safepoint: 15400 ns, At safepoint: 69700 ns, Total: 85100 ns
[2020-04-26T18:54:31.699+0000][1][safepoint    ] Safepoint "RevokeBias", Time since last: 945000 ns, Reaching safepoint: 22400 ns, At safepoint: 43700 ns, Total: 66100 ns
[2020-04-26T18:54:31.700+0000][1][safepoint    ] Safepoint "RevokeBias", Time since last: 191400 ns, Reaching safepoint: 12000 ns, At safepoint: 63000 ns, Total: 75000 ns
[2020-04-26T18:54:31.702+0000][1][safepoint    ] Safepoint "Deoptimize", Time since last: 2260700 ns, Reaching safepoint: 22300 ns, At safepoint: 604400 ns, Total: 626700 ns
[2020-04-26T18:54:31.779+0000][1][safepoint    ] Safepoint "Deoptimize", Time since last: 76241000 ns, Reaching safepoint: 47800 ns, At safepoint: 348900 ns, Total: 396700 ns
[2020-04-26T18:54:31.855+0000][1][safepoint    ] Safepoint "Deoptimize", Time since last: 75523300 ns, Reaching safepoint: 44500 ns, At safepoint: 426100 ns, Total: 470600 ns
[2020-04-26T18:54:31.999+0000][1][safepoint    ] Safepoint "RevokeBias", Time since last: 143428600 ns, Reaching safepoint: 141100 ns, At safepoint: 55900 ns, Total: 197000 ns
[2020-04-26T18:54:32.000+0000][1][safepoint    ] Safepoint "RevokeBias", Time since last: 761900 ns, Reaching safepoint: 186300 ns, At safepoint: 86900 ns, Total: 273200 ns
[2020-04-26T18:54:32.002+0000][1][safepoint    ] Safepoint "RevokeBias", Time since last: 1617900 ns, Reaching safepoint: 140200 ns, At safepoint: 109000 ns, Total: 249200 ns
[2020-04-26T18:54:32.004+0000][1][safepoint    ] Safepoint "RevokeBias", Time since last: 2308800 ns, Reaching safepoint: 172700 ns, At safepoint: 136200 ns, Total: 308900 ns
[2020-04-26T18:54:32.007+0000][1][safepoint    ] Safepoint "RevokeBias", Time since last: 2160200 ns, Reaching safepoint: 134200 ns, At safepoint: 213400 ns, Total: 347600 ns
[2020-04-26T18:54:32.007+0000][1][safepoint    ] Safepoint "RevokeBias", Time since last: 79900 ns, Reaching safepoint: 125000 ns, At safepoint: 178400 ns, Total: 303400 ns
[2020-04-26T18:54:32.007+0000][1][safepoint    ] Safepoint "RevokeBias", Time since last: 64500 ns, Reaching safepoint: 112400 ns, At safepoint: 145100 ns, Total: 257500 ns
[2020-04-26T18:54:32.008+0000][1][safepoint    ] Safepoint "RevokeBias", Time since last: 114900 ns, Reaching safepoint: 198200 ns, At safepoint: 229300 ns, Total: 427500 ns
[2020-04-26T18:54:32.008+0000][1][safepoint    ] Safepoint "RevokeBias", Time since last: 129700 ns, Reaching safepoint: 115700 ns, At safepoint: 134000 ns, Total: 249700 ns
[2020-04-26T18:54:32.009+0000][1][safepoint    ] Safepoint "RevokeBias", Time since last: 91500 ns, Reaching safepoint: 23100 ns, At safepoint: 67800 ns, Total: 90900 ns
[2020-04-26T18:54:32.009+0000][1][safepoint    ] Safepoint "RevokeBias", Time since last: 413200 ns, Reaching safepoint: 103100 ns, At safepoint: 62200 ns, Total: 165300 ns
[2020-04-26T18:54:32.009+0000][1][safepoint    ] Safepoint "RevokeBias", Time since last: 83600 ns, Reaching safepoint: 103000 ns, At safepoint: 61100 ns, Total: 164100 ns
[2020-04-26T18:54:32.010+0000][1][safepoint    ] Safepoint "RevokeBias", Time since last: 895700 ns, Reaching safepoint: 104500 ns, At safepoint: 62700 ns, Total: 167200 ns
[2020-04-26T18:54:32.019+0000][1][safepoint    ] Safepoint "RevokeBias", Time since last: 4564400 ns, Reaching safepoint: 3794400 ns, At safepoint: 249900 ns, Total: 4044300 ns
[2020-04-26T18:54:32.020+0000][1][safepoint    ] Safepoint "RevokeBias", Time since last: 206100 ns, Reaching safepoint: 189500 ns, At safepoint: 205700 ns, Total: 395200 ns
[2020-04-26T18:54:32.020+0000][1][safepoint    ] Safepoint "RevokeBias", Time since last: 248600 ns, Reaching safepoint: 26100 ns, At safepoint: 36000 ns, Total: 62100 ns
[2020-04-26T18:54:32.020+0000][1][safepoint    ] Safepoint "RevokeBias", Time since last: 163700 ns, Reaching safepoint: 27100 ns, At safepoint: 32900 ns, Total: 60000 ns
[2020-04-26T18:54:32.021+0000][1][safepoint    ] Safepoint "RevokeBias", Time since last: 152700 ns, Reaching safepoint: 153200 ns, At safepoint: 62800 ns, Total: 216000 ns
[2020-04-26T18:54:32.024+0000][1][safepoint    ] Safepoint "RevokeBias", Time since last: 2888000 ns, Reaching safepoint: 172500 ns, At safepoint: 203100 ns, Total: 375600 ns
[2020-04-26T18:54:32.024+0000][1][safepoint    ] Safepoint "RevokeBias", Time since last: 174000 ns, Reaching safepoint: 156200 ns, At safepoint: 108200 ns, Total: 264400 ns
[2020-04-26T18:54:32.025+0000][1][safepoint    ] Safepoint "RevokeBias", Time since last: 129400 ns, Reaching safepoint: 119200 ns, At safepoint: 56100 ns, Total: 175300 ns
[2020-04-26T18:54:32.025+0000][1][safepoint    ] Safepoint "RevokeBias", Time since last: 141700 ns, Reaching safepoint: 67900 ns, At safepoint: 49400 ns, Total: 117300 ns
[2020-04-26T18:54:32.030+0000][1][safepoint    ] Safepoint "RevokeBias", Time since last: 4904400 ns, Reaching safepoint: 258500 ns, At safepoint: 202100 ns, Total: 460600 ns
[2020-04-26T18:54:32.032+0000][1][safepoint    ] Safepoint "RevokeBias", Time since last: 1284800 ns, Reaching safepoint: 177000 ns, At safepoint: 102200 ns, Total: 279200 ns
[2020-04-26T18:54:32.033+0000][1][safepoint    ] Safepoint "RevokeBias", Time since last: 445800 ns, Reaching safepoint: 179200 ns, At safepoint: 112500 ns, Total: 291700 ns
[2020-04-26T18:54:32.033+0000][1][safepoint    ] Safepoint "RevokeBias", Time since last: 76600 ns, Reaching safepoint: 136700 ns, At safepoint: 323700 ns, Total: 460400 ns
[2020-04-26T18:54:32.034+0000][1][safepoint    ] Safepoint "RevokeBias", Time since last: 120800 ns, Reaching safepoint: 222600 ns, At safepoint: 410900 ns, Total: 633500 ns
[2020-04-26T18:54:32.034+0000][1][safepoint    ] Safepoint "RevokeBias", Time since last: 118500 ns, Reaching safepoint: 85600 ns, At safepoint: 78200 ns, Total: 163800 ns
[2020-04-26T18:54:32.034+0000][1][safepoint    ] Safepoint "RevokeBias", Time since last: 40900 ns, Reaching safepoint: 134100 ns, At safepoint: 88000 ns, Total: 222100 ns
[2020-04-26T18:54:32.037+0000][1][safepoint    ] Safepoint "RevokeBias", Time since last: 2152000 ns, Reaching safepoint: 153800 ns, At safepoint: 89700 ns, Total: 243500 ns
[2020-04-26T18:54:32.037+0000][1][safepoint    ] Safepoint "RevokeBias", Time since last: 281500 ns, Reaching safepoint: 118300 ns, At safepoint: 76100 ns, Total: 194400 ns
[2020-04-26T18:54:32.038+0000][1][safepoint    ] Safepoint "RevokeBias", Time since last: 192000 ns, Reaching safepoint: 114700 ns, At safepoint: 84900 ns, Total: 199600 ns
[2020-04-26T18:54:32.038+0000][1][safepoint    ] Safepoint "RevokeBias", Time since last: 231400 ns, Reaching safepoint: 121000 ns, At safepoint: 93800 ns, Total: 214800 ns
[2020-04-26T18:54:32.038+0000][1][safepoint    ] Safepoint "RevokeBias", Time since last: 184600 ns, Reaching safepoint: 194500 ns, At safepoint: 58700 ns, Total: 253200 ns
[2020-04-26T18:54:32.039+0000][1][safepoint    ] Safepoint "RevokeBias", Time since last: 150600 ns, Reaching safepoint: 124800 ns, At safepoint: 155300 ns, Total: 280100 ns
[2020-04-26T18:54:32.040+0000][1][safepoint    ] Safepoint "RevokeBias", Time since last: 1082900 ns, Reaching safepoint: 172800 ns, At safepoint: 156000 ns, Total: 328800 ns
[2020-04-26T18:54:32.041+0000][1][safepoint    ] Safepoint "RevokeBias", Time since last: 212000 ns, Reaching safepoint: 165800 ns, At safepoint: 204300 ns, Total: 370100 ns
[2020-04-26T18:54:32.041+0000][1][safepoint    ] Safepoint "RevokeBias", Time since last: 108300 ns, Reaching safepoint: 103200 ns, At safepoint: 135600 ns, Total: 238800 ns
[2020-04-26T18:54:32.042+0000][1][safepoint    ] Safepoint "RevokeBias", Time since last: 39800 ns, Reaching safepoint: 108100 ns, At safepoint: 172700 ns, Total: 280800 ns
[2020-04-26T18:54:32.042+0000][1][safepoint    ] Safepoint "RevokeBias", Time since last: 30000 ns, Reaching safepoint: 186800 ns, At safepoint: 156400 ns, Total: 343200 ns
[2020-04-26T18:54:32.042+0000][1][safepoint    ] Safepoint "RevokeBias", Time since last: 92900 ns, Reaching safepoint: 108300 ns, At safepoint: 77400 ns, Total: 185700 ns
[2020-04-26T18:54:32.043+0000][1][safepoint    ] Safepoint "RevokeBias", Time since last: 293700 ns, Reaching safepoint: 200500 ns, At safepoint: 302400 ns, Total: 502900 ns
[2020-04-26T18:54:32.045+0000][1][safepoint    ] Safepoint "RevokeBias", Time since last: 621600 ns, Reaching safepoint: 632500 ns, At safepoint: 269600 ns, Total: 902100 ns
[2020-04-26T18:54:32.045+0000][1][safepoint    ] Safepoint "RevokeBias", Time since last: 93900 ns, Reaching safepoint: 209700 ns, At safepoint: 198400 ns, Total: 408100 ns
[2020-04-26T18:54:32.048+0000][1][safepoint    ] Safepoint "RevokeBias", Time since last: 1765000 ns, Reaching safepoint: 387000 ns, At safepoint: 723900 ns, Total: 1110900 ns
[2020-04-26T18:54:32.050+0000][1][safepoint    ] Safepoint "RevokeBias", Time since last: 2263000 ns, Reaching safepoint: 135600 ns, At safepoint: 93200 ns, Total: 228800 ns
[2020-04-26T18:54:32.053+0000][1][safepoint    ] Safepoint "RevokeBias", Time since last: 2190200 ns, Reaching safepoint: 142700 ns, At safepoint: 85500 ns, Total: 228200 ns
[2020-04-26T18:54:32.053+0000][1][safepoint    ] Safepoint "RevokeBias", Time since last: 142500 ns, Reaching safepoint: 104700 ns, At safepoint: 74000 ns, Total: 178700 ns
[2020-04-26T18:54:32.065+0000][1][safepoint    ] Safepoint "RevokeBias", Time since last: 11418300 ns, Reaching safepoint: 255800 ns, At safepoint: 118100 ns, Total: 373900 ns
[2020-04-26T18:54:32.068+0000][1][safepoint    ] Safepoint "ICBufferFull", Time since last: 3295100 ns, Reaching safepoint: 137900 ns, At safepoint: 54500 ns, Total: 192400 ns
[2020-04-26T18:54:32.074+0000][1][safepoint    ] Safepoint "RevokeBias", Time since last: 5666500 ns, Reaching safepoint: 184200 ns, At safepoint: 126800 ns, Total: 311000 ns
[2020-04-26T18:54:32.078+0000][1][safepoint    ] Safepoint "RevokeBias", Time since last: 3125000 ns, Reaching safepoint: 161800 ns, At safepoint: 170800 ns, Total: 332600 ns
[2020-04-26T18:54:32.078+0000][1][safepoint    ] Safepoint "RevokeBias", Time since last: 248600 ns, Reaching safepoint: 230000 ns, At safepoint: 134000 ns, Total: 364000 ns
[2020-04-26T18:54:32.079+0000][1][safepoint    ] Safepoint "RevokeBias", Time since last: 165300 ns, Reaching safepoint: 134100 ns, At safepoint: 130800 ns, Total: 264900 ns
[2020-04-26T18:54:32.079+0000][1][safepoint    ] Safepoint "RevokeBias", Time since last: 117400 ns, Reaching safepoint: 110900 ns, At safepoint: 74200 ns, Total: 185100 ns
[2020-04-26T18:54:32.079+0000][1][safepoint    ] Safepoint "RevokeBias", Time since last: 97400 ns, Reaching safepoint: 102900 ns, At safepoint: 71400 ns, Total: 174300 ns
[2020-04-26T18:54:32.080+0000][1][safepoint    ] Safepoint "RevokeBias", Time since last: 149300 ns, Reaching safepoint: 103100 ns, At safepoint: 74700 ns, Total: 177800 ns
[2020-04-26T18:54:32.080+0000][1][safepoint    ] Safepoint "RevokeBias", Time since last: 92900 ns, Reaching safepoint: 103300 ns, At safepoint: 80700 ns, Total: 184000 ns
[2020-04-26T18:54:32.081+0000][1][safepoint    ] Safepoint "RevokeBias", Time since last: 371000 ns, Reaching safepoint: 110300 ns, At safepoint: 83300 ns, Total: 193600 ns
[2020-04-26T18:54:32.084+0000][1][safepoint    ] Safepoint "RevokeBias", Time since last: 3590100 ns, Reaching safepoint: 130600 ns, At safepoint: 112400 ns, Total: 243000 ns
[2020-04-26T18:54:32.096+0000][1][safepoint    ] Safepoint "RevokeBias", Time since last: 11232900 ns, Reaching safepoint: 122500 ns, At safepoint: 58300 ns, Total: 180800 ns
[2020-04-26T18:54:32.100+0000][1][safepoint    ] Safepoint "RevokeBias", Time since last: 3632700 ns, Reaching safepoint: 35000 ns, At safepoint: 62900 ns, Total: 97900 ns
[2020-04-26T18:54:32.101+0000][1][safepoint    ] Safepoint "RevokeBias", Time since last: 1041800 ns, Reaching safepoint: 41000 ns, At safepoint: 38600 ns, Total: 79600 ns
[2020-04-26T18:54:32.107+0000][1][safepoint    ] Safepoint "RevokeBias", Time since last: 6206000 ns, Reaching safepoint: 40900 ns, At safepoint: 39000 ns, Total: 79900 ns
[2020-04-26T18:54:32.108+0000][1][safepoint    ] Safepoint "RevokeBias", Time since last: 999300 ns, Reaching safepoint: 32500 ns, At safepoint: 34700 ns, Total: 67200 ns
[2020-04-26T18:54:32.108+0000][1][safepoint    ] Safepoint "RevokeBias", Time since last: 247800 ns, Reaching safepoint: 26900 ns, At safepoint: 36600 ns, Total: 63500 ns
[2020-04-26T18:54:32.109+0000][1][safepoint    ] Safepoint "RevokeBias", Time since last: 120100 ns, Reaching safepoint: 23200 ns, At safepoint: 34200 ns, Total: 57400 ns
[2020-04-26T18:54:32.109+0000][1][safepoint    ] Safepoint "RevokeBias", Time since last: 154300 ns, Reaching safepoint: 22100 ns, At safepoint: 37800 ns, Total: 59900 ns
[2020-04-26T18:54:32.109+0000][1][safepoint    ] Safepoint "RevokeBias", Time since last: 380000 ns, Reaching safepoint: 23600 ns, At safepoint: 42300 ns, Total: 65900 ns
[2020-04-26T18:54:32.121+0000][1][safepoint    ] Safepoint "RevokeBias", Time since last: 12046200 ns, Reaching safepoint: 54500 ns, At safepoint: 51200 ns, Total: 105700 ns
[2020-04-26T18:54:32.127+0000][1][safepoint    ] Safepoint "RevokeBias", Time since last: 5239200 ns, Reaching safepoint: 62500 ns, At safepoint: 57200 ns, Total: 119700 ns
[2020-04-26T18:54:32.137+0000][1][safepoint    ] Safepoint "RevokeBias", Time since last: 9909400 ns, Reaching safepoint: 49500 ns, At safepoint: 69300 ns, Total: 118800 ns
[2020-04-26T18:54:32.151+0000][1][safepoint    ] Safepoint "RevokeBias", Time since last: 14216700 ns, Reaching safepoint: 106600 ns, At safepoint: 87100 ns, Total: 193700 ns
[2020-04-26T18:54:32.153+0000][1][safepoint    ] Safepoint "RevokeBias", Time since last: 1511100 ns, Reaching safepoint: 144000 ns, At safepoint: 91500 ns, Total: 235500 ns
[2020-04-26T18:54:32.204+0000][1][safepoint    ] Safepoint "RevokeBias", Time since last: 50753600 ns, Reaching safepoint: 47800 ns, At safepoint: 40400 ns, Total: 88200 ns
[2020-04-26T18:54:32.204+0000][1][safepoint    ] Safepoint "RevokeBias", Time since last: 151700 ns, Reaching safepoint: 23800 ns, At safepoint: 29100 ns, Total: 52900 ns
[2020-04-26T18:54:32.204+0000][1][safepoint    ] Safepoint "RevokeBias", Time since last: 123500 ns, Reaching safepoint: 20300 ns, At safepoint: 27200 ns, Total: 47500 ns
[2020-04-26T18:54:32.205+0000][1][safepoint    ] Safepoint "RevokeBias", Time since last: 576100 ns, Reaching safepoint: 24300 ns, At safepoint: 30100 ns, Total: 54400 ns
[2020-04-26T18:54:32.205+0000][1][safepoint    ] Safepoint "RevokeBias", Time since last: 183500 ns, Reaching safepoint: 22600 ns, At safepoint: 31800 ns, Total: 54400 ns
[2020-04-26T18:54:32.205+0000][1][safepoint    ] Safepoint "RevokeBias", Time since last: 120400 ns, Reaching safepoint: 20600 ns, At safepoint: 33100 ns, Total: 53700 ns
[2020-04-26T18:54:32.214+0000][1][gc,start     ] GC(16) Pause Young (Allocation Failure)
[2020-04-26T18:54:32.214+0000][1][gc,task      ] GC(16) Using 10 workers of 10 for evacuation
[2020-04-26T18:54:32.228+0000][1][gc,age       ] GC(16) Desired survivor size 8945664 bytes, new threshold 6 (max threshold 6)
[2020-04-26T18:54:32.228+0000][1][gc,age       ] GC(16) Age table with threshold 6 (max threshold 6)
[2020-04-26T18:54:32.228+0000][1][gc,age       ] GC(16) - age   1:    5605016 bytes,    5605016 total
[2020-04-26T18:54:32.228+0000][1][gc,age       ] GC(16) - age   2:    3062512 bytes,    8667528 total
[2020-04-26T18:54:32.228+0000][1][gc,age       ] GC(16) - age   3:        104 bytes,    8667632 total
[2020-04-26T18:54:32.228+0000][1][gc,heap      ] GC(16) ParNew: 152151K->13834K(157248K)
[2020-04-26T18:54:32.228+0000][1][gc,heap      ] GC(16) CMS: 49800K->56617K(349568K)
[2020-04-26T18:54:32.228+0000][1][gc,metaspace ] GC(16) Metaspace: 75619K->75619K(1118208K)
[2020-04-26T18:54:32.228+0000][1][gc           ] GC(16) Pause Young (Allocation Failure) 197M->68M(494M) 14.175ms
[2020-04-26T18:54:32.228+0000][1][gc,cpu       ] GC(16) User=0.13s Sys=0.00s Real=0.01s
[2020-04-26T18:54:32.228+0000][1][safepoint    ] Safepoint "GenCollectForAllocation", Time since last: 8055800 ns, Reaching safepoint: 340600 ns, At safepoint: 14378300 ns, Total: 14718900 ns
[2020-04-26T18:54:32.235+0000][1][safepoint    ] Safepoint "RevokeBias", Time since last: 732500 ns, Reaching safepoint: 5903800 ns, At safepoint: 255400 ns, Total: 6159200 ns
[2020-04-26T18:54:32.236+0000][1][safepoint    ] Safepoint "RevokeBias", Time since last: 605700 ns, Reaching safepoint: 53600 ns, At safepoint: 126000 ns, Total: 179600 ns
[2020-04-26T18:54:32.236+0000][1][safepoint    ] Safepoint "RevokeBias", Time since last: 129400 ns, Reaching safepoint: 146100 ns, At safepoint: 128400 ns, Total: 274500 ns
[2020-04-26T18:54:32.237+0000][1][safepoint    ] Safepoint "RevokeBias", Time since last: 118800 ns, Reaching safepoint: 164900 ns, At safepoint: 152600 ns, Total: 317500 ns
[2020-04-26T18:54:32.238+0000][1][safepoint    ] Safepoint "RevokeBias", Time since last: 277900 ns, Reaching safepoint: 571000 ns, At safepoint: 192900 ns, Total: 763900 ns
[2020-04-26T18:54:32.243+0000][1][safepoint    ] Safepoint "RevokeBias", Time since last: 4967200 ns, Reaching safepoint: 60300 ns, At safepoint: 38500 ns, Total: 98800 ns
[2020-04-26T18:54:32.249+0000][1][safepoint    ] Safepoint "RevokeBias", Time since last: 6441000 ns, Reaching safepoint: 160100 ns, At safepoint: 83700 ns, Total: 243800 ns
[2020-04-26T18:54:32.255+0000][1][safepoint    ] Safepoint "RevokeBias", Time since last: 5083800 ns, Reaching safepoint: 580800 ns, At safepoint: 119200 ns, Total: 700000 ns
[2020-04-26T18:54:32.256+0000][1][safepoint    ] Safepoint "RevokeBias", Time since last: 502800 ns, Reaching safepoint: 171900 ns, At safepoint: 95700 ns, Total: 267600 ns
[2020-04-26T18:54:32.256+0000][1][safepoint    ] Safepoint "RevokeBias", Time since last: 156400 ns, Reaching safepoint: 125500 ns, At safepoint: 53200 ns, Total: 178700 ns
[2020-04-26T18:54:32.256+0000][1][safepoint    ] Safepoint "RevokeBias", Time since last: 96700 ns, Reaching safepoint: 48700 ns, At safepoint: 75400 ns, Total: 124100 ns
[2020-04-26T18:54:32.259+0000][1][safepoint    ] Safepoint "RevokeBias", Time since last: 1980400 ns, Reaching safepoint: 234100 ns, At safepoint: 140000 ns, Total: 374100 ns
[2020-04-26T18:54:32.259+0000][1][safepoint    ] Safepoint "RevokeBias", Time since last: 203800 ns, Reaching safepoint: 68800 ns, At safepoint: 180800 ns, Total: 249600 ns
[2020-04-26T18:54:32.265+0000][1][safepoint    ] Safepoint "RevokeBias", Time since last: 5849100 ns, Reaching safepoint: 70300 ns, At safepoint: 58100 ns, Total: 128400 ns
[2020-04-26T18:54:32.272+0000][1][safepoint    ] Safepoint "RevokeBias", Time since last: 6784100 ns, Reaching safepoint: 163900 ns, At safepoint: 113600 ns, Total: 277500 ns
[2020-04-26T18:54:32.273+0000][1][safepoint    ] Safepoint "RevokeBias", Time since last: 254000 ns, Reaching safepoint: 193200 ns, At safepoint: 135400 ns, Total: 328600 ns
[2020-04-26T18:54:32.288+0000][1][safepoint    ] Safepoint "RevokeBias", Time since last: 14469800 ns, Reaching safepoint: 221700 ns, At safepoint: 139600 ns, Total: 361300 ns
[2020-04-26T18:54:32.289+0000][1][safepoint    ] Safepoint "RevokeBias", Time since last: 683200 ns, Reaching safepoint: 205100 ns, At safepoint: 215100 ns, Total: 420200 ns
[2020-04-26T18:54:32.295+0000][1][safepoint    ] Safepoint "RevokeBias", Time since last: 6014200 ns, Reaching safepoint: 67500 ns, At safepoint: 90100 ns, Total: 157600 ns
[2020-04-26T18:54:32.299+0000][1][safepoint    ] Safepoint "RevokeBias", Time since last: 3694600 ns, Reaching safepoint: 60800 ns, At safepoint: 27600 ns, Total: 88400 ns
[2020-04-26T18:54:32.317+0000][1][safepoint    ] Safepoint "RevokeBias", Time since last: 18447500 ns, Reaching safepoint: 72300 ns, At safepoint: 31500 ns, Total: 103800 ns
[2020-04-26T18:54:32.318+0000][1][safepoint    ] Safepoint "RevokeBias", Time since last: 343300 ns, Reaching safepoint: 79500 ns, At safepoint: 37900 ns, Total: 117400 ns
[2020-04-26T18:54:32.318+0000][1][safepoint    ] Safepoint "RevokeBias", Time since last: 171400 ns, Reaching safepoint: 146700 ns, At safepoint: 42000 ns, Total: 188700 ns
[2020-04-26T18:54:32.319+0000][1][safepoint    ] Safepoint "RevokeBias", Time since last: 313400 ns, Reaching safepoint: 54200 ns, At safepoint: 44800 ns, Total: 99000 ns
[2020-04-26T18:54:32.320+0000][1][safepoint    ] Safepoint "RevokeBias", Time since last: 1845800 ns, Reaching safepoint: 53100 ns, At safepoint: 35000 ns, Total: 88100 ns
[2020-04-26T18:54:32.321+0000][1][safepoint    ] Safepoint "RevokeBias", Time since last: 291300 ns, Reaching safepoint: 44400 ns, At safepoint: 31800 ns, Total: 76200 ns
[2020-04-26T18:54:32.327+0000][1][safepoint    ] Safepoint "RevokeBias", Time since last: 6209000 ns, Reaching safepoint: 180500 ns, At safepoint: 55200 ns, Total: 235700 ns
[2020-04-26T18:54:32.327+0000][1][safepoint    ] Safepoint "RevokeBias", Time since last: 115900 ns, Reaching safepoint: 43500 ns, At safepoint: 27300 ns, Total: 70800 ns
[2020-04-26T18:54:32.337+0000][1][safepoint    ] Safepoint "CollectForMetadataAllocation", Time since last: 9690500 ns, Reaching safepoint: 98300 ns, At safepoint: 135700 ns, Total: 234000 ns
[2020-04-26T18:54:32.352+0000][1][safepoint    ] Safepoint "CollectForMetadataAllocation", Time since last: 14089800 ns, Reaching safepoint: 45000 ns, At safepoint: 118600 ns, Total: 163600 ns
[2020-04-26T18:54:32.365+0000][1][safepoint    ] Safepoint "CollectForMetadataAllocation", Time since last: 12922000 ns, Reaching safepoint: 60600 ns, At safepoint: 157900 ns, Total: 218500 ns
[2020-04-26T18:54:32.372+0000][1][safepoint    ] Safepoint "Deoptimize", Time since last: 7195900 ns, Reaching safepoint: 54600 ns, At safepoint: 413600 ns, Total: 468200 ns
[2020-04-26T18:54:32.378+0000][1][safepoint    ] Safepoint "CollectForMetadataAllocation", Time since last: 5753100 ns, Reaching safepoint: 41100 ns, At safepoint: 114300 ns, Total: 155400 ns
[2020-04-26T18:54:32.406+0000][1][safepoint    ] Safepoint "CollectForMetadataAllocation", Time since last: 27322400 ns, Reaching safepoint: 64300 ns, At safepoint: 148500 ns, Total: 212800 ns
[2020-04-26T18:54:32.410+0000][1][safepoint    ] Safepoint "BulkRevokeBias", Time since last: 4024400 ns, Reaching safepoint: 43200 ns, At safepoint: 233500 ns, Total: 276700 ns
[2020-04-26T18:54:32.410+0000][1][safepoint    ] Safepoint "RevokeBias", Time since last: 124200 ns, Reaching safepoint: 36700 ns, At safepoint: 26000 ns, Total: 62700 ns
[2020-04-26T18:54:32.415+0000][1][safepoint    ] Safepoint "BulkRevokeBias", Time since last: 3938300 ns, Reaching safepoint: 139200 ns, At safepoint: 259000 ns, Total: 398200 ns
[2020-04-26T18:54:32.417+0000][1][safepoint    ] Safepoint "RevokeBias", Time since last: 2324700 ns, Reaching safepoint: 34800 ns, At safepoint: 42100 ns, Total: 76900 ns
[2020-04-26T18:54:32.417+0000][1][safepoint    ] Safepoint "RevokeBias", Time since last: 207700 ns, Reaching safepoint: 27200 ns, At safepoint: 38600 ns, Total: 65800 ns
[2020-04-26T18:54:32.421+0000][1][safepoint    ] Safepoint "CollectForMetadataAllocation", Time since last: 3328700 ns, Reaching safepoint: 35900 ns, At safepoint: 359900 ns, Total: 395800 ns
[2020-04-26T18:54:32.423+0000][1][safepoint    ] Safepoint "RevokeBias", Time since last: 1831400 ns, Reaching safepoint: 42000 ns, At safepoint: 32300 ns, Total: 74300 ns
[2020-04-26T18:54:32.425+0000][1][safepoint    ] Safepoint "RevokeBias", Time since last: 1883300 ns, Reaching safepoint: 44200 ns, At safepoint: 41200 ns, Total: 85400 ns
[2020-04-26T18:54:32.425+0000][1][safepoint    ] Safepoint "RevokeBias", Time since last: 162900 ns, Reaching safepoint: 27700 ns, At safepoint: 45000 ns, Total: 72700 ns
[2020-04-26T18:54:32.436+0000][1][safepoint    ] Safepoint "RevokeBias", Time since last: 10164400 ns, Reaching safepoint: 92300 ns, At safepoint: 157200 ns, Total: 249500 ns
[2020-04-26T18:54:32.437+0000][1][safepoint    ] Safepoint "RevokeBias", Time since last: 905200 ns, Reaching safepoint: 128300 ns, At safepoint: 132100 ns, Total: 260400 ns
[2020-04-26T18:54:32.441+0000][1][safepoint    ] Safepoint "RevokeBias", Time since last: 3886600 ns, Reaching safepoint: 136400 ns, At safepoint: 123100 ns, Total: 259500 ns
[2020-04-26T18:54:32.441+0000][1][safepoint    ] Safepoint "RevokeBias", Time since last: 173800 ns, Reaching safepoint: 67000 ns, At safepoint: 50200 ns, Total: 117200 ns
[2020-04-26T18:54:32.442+0000][1][safepoint    ] Safepoint "RevokeBias", Time since last: 147900 ns, Reaching safepoint: 63400 ns, At safepoint: 82600 ns, Total: 146000 ns
[2020-04-26T18:54:32.442+0000][1][safepoint    ] Safepoint "RevokeBias", Time since last: 145400 ns, Reaching safepoint: 91800 ns, At safepoint: 86200 ns, Total: 178000 ns
[2020-04-26T18:54:32.442+0000][1][safepoint    ] Safepoint "RevokeBias", Time since last: 170700 ns, Reaching safepoint: 40700 ns, At safepoint: 59300 ns, Total: 100000 ns
[2020-04-26T18:54:32.442+0000][1][safepoint    ] Safepoint "RevokeBias", Time since last: 130700 ns, Reaching safepoint: 33300 ns, At safepoint: 56300 ns, Total: 89600 ns
[2020-04-26T18:54:32.443+0000][1][safepoint    ] Safepoint "RevokeBias", Time since last: 118600 ns, Reaching safepoint: 34200 ns, At safepoint: 64500 ns, Total: 98700 ns
[2020-04-26T18:54:32.443+0000][1][safepoint    ] Safepoint "RevokeBias", Time since last: 138000 ns, Reaching safepoint: 55500 ns, At safepoint: 37900 ns, Total: 93400 ns
[2020-04-26T18:54:32.459+0000][1][safepoint    ] Safepoint "RevokeBias", Time since last: 16387000 ns, Reaching safepoint: 140400 ns, At safepoint: 30000 ns, Total: 170400 ns
[2020-04-26T18:54:32.460+0000][1][safepoint    ] Safepoint "RevokeBias", Time since last: 333500 ns, Reaching safepoint: 32100 ns, At safepoint: 27200 ns, Total: 59300 ns
[2020-04-26T18:54:32.468+0000][1][safepoint    ] Safepoint "RevokeBias", Time since last: 8601000 ns, Reaching safepoint: 53100 ns, At safepoint: 27400 ns, Total: 80500 ns
[2020-04-26T18:54:32.469+0000][1][safepoint    ] Safepoint "RevokeBias", Time since last: 599100 ns, Reaching safepoint: 33800 ns, At safepoint: 25200 ns, Total: 59000 ns
[2020-04-26T18:54:32.470+0000][1][safepoint    ] Safepoint "RevokeBias", Time since last: 1087800 ns, Reaching safepoint: 43100 ns, At safepoint: 45600 ns, Total: 88700 ns
[2020-04-26T18:54:32.473+0000][1][safepoint    ] Safepoint "RevokeBias", Time since last: 2236100 ns, Reaching safepoint: 48900 ns, At safepoint: 34600 ns, Total: 83500 ns
[2020-04-26T18:54:32.497+0000][1][safepoint    ] Safepoint "RevokeBias", Time since last: 24342500 ns, Reaching safepoint: 58800 ns, At safepoint: 33700 ns, Total: 92500 ns
[2020-04-26T18:54:32.531+0000][1][safepoint    ] Safepoint "RevokeBias", Time since last: 34260800 ns, Reaching safepoint: 60100 ns, At safepoint: 37000 ns, Total: 97100 ns
[2020-04-26T18:54:32.539+0000][1][safepoint    ] Safepoint "RevokeBias", Time since last: 7381800 ns, Reaching safepoint: 63100 ns, At safepoint: 104000 ns, Total: 167100 ns
[2020-04-26T18:54:32.544+0000][1][safepoint    ] Safepoint "CollectForMetadataAllocation", Time since last: 5071300 ns, Reaching safepoint: 56500 ns, At safepoint: 147800 ns, Total: 204300 ns
[2020-04-26T18:54:32.584+0000][1][safepoint    ] Safepoint "RevokeBias", Time since last: 39350100 ns, Reaching safepoint: 61300 ns, At safepoint: 44500 ns, Total: 105800 ns
[2020-04-26T18:54:32.584+0000][1][safepoint    ] Safepoint "RevokeBias", Time since last: 124900 ns, Reaching safepoint: 37300 ns, At safepoint: 34200 ns, Total: 71500 ns
[2020-04-26T18:54:32.601+0000][1][safepoint    ] Safepoint "RevokeBias", Time since last: 16755700 ns, Reaching safepoint: 85000 ns, At safepoint: 39700 ns, Total: 124700 ns
[2020-04-26T18:54:32.601+0000][1][safepoint    ] Safepoint "RevokeBias", Time since last: 311200 ns, Reaching safepoint: 51600 ns, At safepoint: 24000 ns, Total: 75600 ns
[2020-04-26T18:54:32.604+0000][1][safepoint    ] Safepoint "CollectForMetadataAllocation", Time since last: 1926300 ns, Reaching safepoint: 53400 ns, At safepoint: 482300 ns, Total: 535700 ns
[2020-04-26T18:54:32.610+0000][1][safepoint    ] Safepoint "RevokeBias", Time since last: 6333300 ns, Reaching safepoint: 144800 ns, At safepoint: 57000 ns, Total: 201800 ns
[2020-04-26T18:54:32.610+0000][1][safepoint    ] Safepoint "RevokeBias", Time since last: 161300 ns, Reaching safepoint: 32000 ns, At safepoint: 42900 ns, Total: 74900 ns
[2020-04-26T18:54:32.611+0000][1][safepoint    ] Safepoint "RevokeBias", Time since last: 142600 ns, Reaching safepoint: 115000 ns, At safepoint: 40300 ns, Total: 155300 ns
[2020-04-26T18:54:32.611+0000][1][safepoint    ] Safepoint "RevokeBias", Time since last: 162800 ns, Reaching safepoint: 138600 ns, At safepoint: 84000 ns, Total: 222600 ns
[2020-04-26T18:54:32.611+0000][1][safepoint    ] Safepoint "RevokeBias", Time since last: 185300 ns, Reaching safepoint: 152700 ns, At safepoint: 81800 ns, Total: 234500 ns
[2020-04-26T18:54:32.612+0000][1][safepoint    ] Safepoint "RevokeBias", Time since last: 149200 ns, Reaching safepoint: 161100 ns, At safepoint: 61900 ns, Total: 223000 ns
[2020-04-26T18:54:32.612+0000][1][safepoint    ] Safepoint "RevokeBias", Time since last: 190100 ns, Reaching safepoint: 126000 ns, At safepoint: 42500 ns, Total: 168500 ns
[2020-04-26T18:54:32.612+0000][1][safepoint    ] Safepoint "RevokeBias", Time since last: 105700 ns, Reaching safepoint: 132800 ns, At safepoint: 45400 ns, Total: 178200 ns
[2020-04-26T18:54:32.613+0000][1][safepoint    ] Safepoint "RevokeBias", Time since last: 141200 ns, Reaching safepoint: 124400 ns, At safepoint: 50600 ns, Total: 175000 ns
[2020-04-26T18:54:32.613+0000][1][safepoint    ] Safepoint "RevokeBias", Time since last: 120700 ns, Reaching safepoint: 34500 ns, At safepoint: 42500 ns, Total: 77000 ns
[2020-04-26T18:54:32.613+0000][1][safepoint    ] Safepoint "RevokeBias", Time since last: 147800 ns, Reaching safepoint: 133200 ns, At safepoint: 56700 ns, Total: 189900 ns
[2020-04-26T18:54:32.617+0000][1][safepoint    ] Safepoint "RevokeBias", Time since last: 3112100 ns, Reaching safepoint: 66900 ns, At safepoint: 75300 ns, Total: 142200 ns
[2020-04-26T18:54:32.629+0000][1][safepoint    ] Safepoint "CollectForMetadataAllocation", Time since last: 11732800 ns, Reaching safepoint: 263100 ns, At safepoint: 377800 ns, Total: 640900 ns
[2020-04-26T18:54:32.651+0000][1][safepoint    ] Safepoint "CollectForMetadataAllocation", Time since last: 22300700 ns, Reaching safepoint: 90800 ns, At safepoint: 120100 ns, Total: 210900 ns
[2020-04-26T18:54:32.672+0000][1][safepoint    ] Safepoint "RevokeBias", Time since last: 20385700 ns, Reaching safepoint: 175600 ns, At safepoint: 74300 ns, Total: 249900 ns
[2020-04-26T18:54:32.675+0000][1][safepoint    ] Safepoint "Deoptimize", Time since last: 1874100 ns, Reaching safepoint: 372200 ns, At safepoint: 382100 ns, Total: 754300 ns
[2020-04-26T18:54:32.684+0000][1][safepoint    ] Safepoint "Deoptimize", Time since last: 8376700 ns, Reaching safepoint: 251400 ns, At safepoint: 443900 ns, Total: 695300 ns
[2020-04-26T18:54:32.689+0000][1][safepoint    ] Safepoint "CollectForMetadataAllocation", Time since last: 4858500 ns, Reaching safepoint: 92300 ns, At safepoint: 215200 ns, Total: 307500 ns
[2020-04-26T18:54:32.710+0000][1][safepoint    ] Safepoint "CollectForMetadataAllocation", Time since last: 19594000 ns, Reaching safepoint: 189400 ns, At safepoint: 1472100 ns, Total: 1661500 ns
[2020-04-26T18:54:32.724+0000][1][safepoint    ] Safepoint "Deoptimize", Time since last: 12256800 ns, Reaching safepoint: 416000 ns, At safepoint: 1145900 ns, Total: 1561900 ns
[2020-04-26T18:54:32.735+0000][1][safepoint    ] Safepoint "RevokeBias", Time since last: 10871300 ns, Reaching safepoint: 94800 ns, At safepoint: 36600 ns, Total: 131400 ns
[2020-04-26T18:54:32.742+0000][1][safepoint    ] Safepoint "Deoptimize", Time since last: 5304900 ns, Reaching safepoint: 802200 ns, At safepoint: 731800 ns, Total: 1534000 ns
[2020-04-26T18:54:32.743+0000][1][safepoint    ] Safepoint "CollectForMetadataAllocation", Time since last: 1366600 ns, Reaching safepoint: 67800 ns, At safepoint: 147800 ns, Total: 215600 ns
[2020-04-26T18:54:32.749+0000][1][safepoint    ] Safepoint "RevokeBias", Time since last: 4660800 ns, Reaching safepoint: 336900 ns, At safepoint: 184800 ns, Total: 521700 ns
[2020-04-26T18:54:32.761+0000][1][safepoint    ] Safepoint "CollectForMetadataAllocation", Time since last: 12148200 ns, Reaching safepoint: 116300 ns, At safepoint: 319500 ns, Total: 435800 ns
[2020-04-26T18:54:32.771+0000][1][safepoint    ] Safepoint "RevokeBias", Time since last: 9403000 ns, Reaching safepoint: 77200 ns, At safepoint: 116600 ns, Total: 193800 ns
[2020-04-26T18:54:32.771+0000][1][safepoint    ] Safepoint "RevokeBias", Time since last: 109300 ns, Reaching safepoint: 48400 ns, At safepoint: 105800 ns, Total: 154200 ns
[2020-04-26T18:54:32.771+0000][1][safepoint    ] Safepoint "RevokeBias", Time since last: 51100 ns, Reaching safepoint: 129700 ns, At safepoint: 132900 ns, Total: 262600 ns
[2020-04-26T18:54:32.772+0000][1][safepoint    ] Safepoint "RevokeBias", Time since last: 695200 ns, Reaching safepoint: 136900 ns, At safepoint: 85800 ns, Total: 222700 ns
[2020-04-26T18:54:32.787+0000][1][safepoint    ] Safepoint "RevokeBias", Time since last: 14508200 ns, Reaching safepoint: 95800 ns, At safepoint: 71200 ns, Total: 167000 ns
[2020-04-26T18:54:32.800+0000][1][safepoint    ] Safepoint "RevokeBias", Time since last: 12307800 ns, Reaching safepoint: 357600 ns, At safepoint: 147100 ns, Total: 504700 ns
[2020-04-26T18:54:32.807+0000][1][safepoint    ] Safepoint "Deoptimize", Time since last: 5723600 ns, Reaching safepoint: 292500 ns, At safepoint: 1006100 ns, Total: 1298600 ns
[2020-04-26T18:54:32.810+0000][1][safepoint    ] Safepoint "CollectForMetadataAllocation", Time since last: 2587800 ns, Reaching safepoint: 104200 ns, At safepoint: 828000 ns, Total: 932200 ns
[2020-04-26T18:54:32.828+0000][1][safepoint    ] Safepoint "RevokeBias", Time since last: 17304500 ns, Reaching safepoint: 159200 ns, At safepoint: 164400 ns, Total: 323600 ns
[2020-04-26T18:54:32.828+0000][1][safepoint    ] Safepoint "RevokeBias", Time since last: 124900 ns, Reaching safepoint: 146400 ns, At safepoint: 191900 ns, Total: 338300 ns
[2020-04-26T18:54:32.835+0000][1][safepoint    ] Safepoint "RevokeBias", Time since last: 6032700 ns, Reaching safepoint: 92300 ns, At safepoint: 108800 ns, Total: 201100 ns
[2020-04-26T18:54:32.835+0000][1][safepoint    ] Safepoint "RevokeBias", Time since last: 347700 ns, Reaching safepoint: 196300 ns, At safepoint: 139300 ns, Total: 335600 ns
[2020-04-26T18:54:32.836+0000][1][safepoint    ] Safepoint "RevokeBias", Time since last: 74900 ns, Reaching safepoint: 251400 ns, At safepoint: 189700 ns, Total: 441100 ns
[2020-04-26T18:54:32.836+0000][1][safepoint    ] Safepoint "RevokeBias", Time since last: 90300 ns, Reaching safepoint: 145000 ns, At safepoint: 146200 ns, Total: 291200 ns
[2020-04-26T18:54:32.848+0000][1][safepoint    ] Safepoint "CollectForMetadataAllocation", Time since last: 11423400 ns, Reaching safepoint: 72800 ns, At safepoint: 192000 ns, Total: 264800 ns
[2020-04-26T18:54:32.851+0000][1][safepoint    ] Safepoint "RevokeBias", Time since last: 2751000 ns, Reaching safepoint: 164700 ns, At safepoint: 112300 ns, Total: 277000 ns
[2020-04-26T18:54:32.852+0000][1][safepoint    ] Safepoint "RevokeBias", Time since last: 458800 ns, Reaching safepoint: 235100 ns, At safepoint: 137400 ns, Total: 372500 ns
[2020-04-26T18:54:32.856+0000][1][safepoint    ] Safepoint "RevokeBias", Time since last: 3835900 ns, Reaching safepoint: 243700 ns, At safepoint: 102100 ns, Total: 345800 ns
[2020-04-26T18:54:32.856+0000][1][safepoint    ] Safepoint "RevokeBias", Time since last: 140300 ns, Reaching safepoint: 222500 ns, At safepoint: 86800 ns, Total: 309300 ns
[2020-04-26T18:54:32.860+0000][1][safepoint    ] Safepoint "CollectForMetadataAllocation", Time since last: 2716400 ns, Reaching safepoint: 322800 ns, At safepoint: 175200 ns, Total: 498000 ns
[2020-04-26T18:54:32.863+0000][1][safepoint    ] Safepoint "RevokeBias", Time since last: 2906800 ns, Reaching safepoint: 291100 ns, At safepoint: 177100 ns, Total: 468200 ns
[2020-04-26T18:54:32.864+0000][1][safepoint    ] Safepoint "RevokeBias", Time since last: 922300 ns, Reaching safepoint: 147000 ns, At safepoint: 199000 ns, Total: 346000 ns
[2020-04-26T18:54:32.868+0000][1][safepoint    ] Safepoint "RevokeBias", Time since last: 3798600 ns, Reaching safepoint: 208800 ns, At safepoint: 127000 ns, Total: 335800 ns
[2020-04-26T18:54:32.912+0000][1][safepoint    ] Safepoint "CollectForMetadataAllocation", Time since last: 42676200 ns, Reaching safepoint: 500300 ns, At safepoint: 189100 ns, Total: 689400 ns
[2020-04-26T18:54:33.077+0000][1][safepoint    ] Safepoint "RevokeBias", Time since last: 164699100 ns, Reaching safepoint: 72200 ns, At safepoint: 34700 ns, Total: 106900 ns
[2020-04-26T18:54:33.084+0000][1][safepoint    ] Safepoint "CollectForMetadataAllocation", Time since last: 7413500 ns, Reaching safepoint: 52000 ns, At safepoint: 109800 ns, Total: 161800 ns
[2020-04-26T18:54:33.095+0000][1][safepoint    ] Safepoint "RevokeBias", Time since last: 11189900 ns, Reaching safepoint: 57400 ns, At safepoint: 29200 ns, Total: 86600 ns
[2020-04-26T18:54:33.096+0000][1][safepoint    ] Safepoint "RevokeBias", Time since last: 193800 ns, Reaching safepoint: 38200 ns, At safepoint: 25400 ns, Total: 63600 ns
[2020-04-26T18:54:33.105+0000][1][safepoint    ] Safepoint "RevokeBias", Time since last: 8760900 ns, Reaching safepoint: 50700 ns, At safepoint: 25900 ns, Total: 76600 ns
[2020-04-26T18:54:33.141+0000][1][safepoint    ] Safepoint "CollectForMetadataAllocation", Time since last: 36321200 ns, Reaching safepoint: 66600 ns, At safepoint: 170500 ns, Total: 237100 ns
[2020-04-26T18:54:33.164+0000][1][safepoint    ] Safepoint "CollectForMetadataAllocation", Time since last: 22426800 ns, Reaching safepoint: 115800 ns, At safepoint: 149900 ns, Total: 265700 ns
[2020-04-26T18:54:33.176+0000][1][safepoint    ] Safepoint "RevokeBias", Time since last: 11893700 ns, Reaching safepoint: 84500 ns, At safepoint: 25600 ns, Total: 110100 ns
[2020-04-26T18:54:33.176+0000][1][safepoint    ] Safepoint "RevokeBias", Time since last: 326400 ns, Reaching safepoint: 112900 ns, At safepoint: 37500 ns, Total: 150400 ns
[2020-04-26T18:54:33.188+0000][1][safepoint    ] Safepoint "CollectForMetadataAllocation", Time since last: 11149200 ns, Reaching safepoint: 117100 ns, At safepoint: 230100 ns, Total: 347200 ns
[2020-04-26T18:54:33.203+0000][1][safepoint    ] Safepoint "RevokeBias", Time since last: 14954600 ns, Reaching safepoint: 50300 ns, At safepoint: 45300 ns, Total: 95600 ns
[2020-04-26T18:54:33.203+0000][1][safepoint    ] Safepoint "RevokeBias", Time since last: 173600 ns, Reaching safepoint: 29800 ns, At safepoint: 42500 ns, Total: 72300 ns
[2020-04-26T18:54:33.217+0000][1][safepoint    ] Safepoint "RevokeBias", Time since last: 13611900 ns, Reaching safepoint: 59500 ns, At safepoint: 111200 ns, Total: 170700 ns
[2020-04-26T18:54:33.226+0000][1][safepoint    ] Safepoint "CollectForMetadataAllocation", Time since last: 8718000 ns, Reaching safepoint: 194600 ns, At safepoint: 287300 ns, Total: 481900 ns
[2020-04-26T18:54:33.330+0000][1][safepoint    ] Safepoint "RevokeBias", Time since last: 103259600 ns, Reaching safepoint: 137600 ns, At safepoint: 85900 ns, Total: 223500 ns
[2020-04-26T18:54:33.339+0000][1][safepoint    ] Safepoint "CollectForMetadataAllocation", Time since last: 9587800 ns, Reaching safepoint: 50300 ns, At safepoint: 108400 ns, Total: 158700 ns
[2020-04-26T18:54:33.357+0000][1][safepoint    ] Safepoint "RevokeBias", Time since last: 17582800 ns, Reaching safepoint: 90600 ns, At safepoint: 51500 ns, Total: 142100 ns
[2020-04-26T18:54:33.358+0000][1][safepoint    ] Safepoint "RevokeBias", Time since last: 1040400 ns, Reaching safepoint: 93200 ns, At safepoint: 107400 ns, Total: 200600 ns
[2020-04-26T18:54:33.359+0000][1][safepoint    ] Safepoint "RevokeBias", Time since last: 163700 ns, Reaching safepoint: 163600 ns, At safepoint: 101100 ns, Total: 264700 ns
[2020-04-26T18:54:33.368+0000][1][safepoint    ] Safepoint "RevokeBias", Time since last: 9535900 ns, Reaching safepoint: 156400 ns, At safepoint: 74200 ns, Total: 230600 ns
[2020-04-26T18:54:33.376+0000][1][safepoint    ] Safepoint "RevokeBias", Time since last: 7274600 ns, Reaching safepoint: 51300 ns, At safepoint: 49100 ns, Total: 100400 ns
[2020-04-26T18:54:33.376+0000][1][safepoint    ] Safepoint "RevokeBias", Time since last: 178600 ns, Reaching safepoint: 133500 ns, At safepoint: 65500 ns, Total: 199000 ns
[2020-04-26T18:54:33.376+0000][1][safepoint    ] Safepoint "RevokeBias", Time since last: 229200 ns, Reaching safepoint: 31900 ns, At safepoint: 44200 ns, Total: 76100 ns
[2020-04-26T18:54:33.379+0000][1][safepoint    ] Safepoint "RevokeBias", Time since last: 2568800 ns, Reaching safepoint: 167300 ns, At safepoint: 65600 ns, Total: 232900 ns
[2020-04-26T18:54:33.383+0000][1][safepoint    ] Safepoint "RevokeBias", Time since last: 3184000 ns, Reaching safepoint: 230300 ns, At safepoint: 89200 ns, Total: 319500 ns
[2020-04-26T18:54:33.383+0000][1][safepoint    ] Safepoint "RevokeBias", Time since last: 219500 ns, Reaching safepoint: 327300 ns, At safepoint: 82200 ns, Total: 409500 ns
[2020-04-26T18:54:33.388+0000][1][safepoint    ] Safepoint "CollectForMetadataAllocation", Time since last: 4427200 ns, Reaching safepoint: 58600 ns, At safepoint: 184700 ns, Total: 243300 ns
[2020-04-26T18:54:33.392+0000][1][safepoint    ] Safepoint "RevokeBias", Time since last: 3681800 ns, Reaching safepoint: 184400 ns, At safepoint: 125400 ns, Total: 309800 ns
[2020-04-26T18:54:33.393+0000][1][safepoint    ] Safepoint "RevokeBias", Time since last: 157000 ns, Reaching safepoint: 203400 ns, At safepoint: 95000 ns, Total: 298400 ns
[2020-04-26T18:54:33.395+0000][1][safepoint    ] Safepoint "RevokeBias", Time since last: 1270700 ns, Reaching safepoint: 344400 ns, At safepoint: 602500 ns, Total: 946900 ns
[2020-04-26T18:54:33.399+0000][1][gc,start     ] GC(17) Pause Young (Allocation Failure)
[2020-04-26T18:54:33.399+0000][1][gc,task      ] GC(17) Using 10 workers of 10 for evacuation
[2020-04-26T18:54:33.417+0000][1][gc,age       ] GC(17) Desired survivor size 8945664 bytes, new threshold 1 (max threshold 6)
[2020-04-26T18:54:33.417+0000][1][gc,age       ] GC(17) Age table with threshold 1 (max threshold 6)
[2020-04-26T18:54:33.417+0000][1][gc,age       ] GC(17) - age   1:   11878488 bytes,   11878488 total
[2020-04-26T18:54:33.417+0000][1][gc,age       ] GC(17) - age   2:    3661728 bytes,   15540216 total
[2020-04-26T18:54:33.417+0000][1][gc,age       ] GC(17) - age   3:    2339112 bytes,   17879328 total
[2020-04-26T18:54:33.417+0000][1][gc,age       ] GC(17) - age   4:        104 bytes,   17879432 total
[2020-04-26T18:54:33.417+0000][1][gc,heap      ] GC(17) ParNew: 153610K->17472K(157248K)
[2020-04-26T18:54:33.417+0000][1][gc,heap      ] GC(17) CMS: 56617K->66570K(349568K)
[2020-04-26T18:54:33.417+0000][1][gc,metaspace ] GC(17) Metaspace: 84569K->84569K(1126400K)
[2020-04-26T18:54:33.417+0000][1][gc           ] GC(17) Pause Young (Allocation Failure) 205M->82M(494M) 18.592ms
[2020-04-26T18:54:33.417+0000][1][gc,cpu       ] GC(17) User=0.13s Sys=0.01s Real=0.01s
[2020-04-26T18:54:33.418+0000][1][safepoint    ] Safepoint "GenCollectForAllocation", Time since last: 3066800 ns, Reaching safepoint: 915600 ns, At safepoint: 19076300 ns, Total: 19991900 ns
[2020-04-26T18:54:33.418+0000][1][gc,start     ] GC(18) Pause Initial Mark
[2020-04-26T18:54:33.421+0000][1][gc           ] GC(18) Pause Initial Mark 83M->83M(494M) 2.666ms
[2020-04-26T18:54:33.421+0000][1][gc,cpu       ] GC(18) User=0.01s Sys=0.00s Real=0.00s
[2020-04-26T18:54:33.422+0000][1][safepoint    ] Safepoint "CMS_Initial_Mark", Time since last: 314800 ns, Reaching safepoint: 213700 ns, At safepoint: 3385300 ns, Total: 3599000 ns
[2020-04-26T18:54:33.422+0000][1][gc           ] GC(18) Concurrent Mark
[2020-04-26T18:54:33.422+0000][1][gc,task      ] GC(18) Using 3 workers of 3 for marking
[2020-04-26T18:54:33.464+0000][1][safepoint    ] Safepoint "CollectForMetadataAllocation", Time since last: 41480200 ns, Reaching safepoint: 323200 ns, At safepoint: 72800 ns, Total: 396000 ns
[2020-04-26T18:54:33.474+0000][1][gc           ] GC(18) Concurrent Mark 51.631ms
[2020-04-26T18:54:33.474+0000][1][gc,cpu       ] GC(18) User=0.40s Sys=0.02s Real=0.05s
[2020-04-26T18:54:33.474+0000][1][gc           ] GC(18) Concurrent Preclean
[2020-04-26T18:54:33.478+0000][1][gc           ] GC(18) Concurrent Preclean 4.006ms
[2020-04-26T18:54:33.478+0000][1][gc,cpu       ] GC(18) User=0.02s Sys=0.01s Real=0.00s
[2020-04-26T18:54:33.478+0000][1][gc           ] GC(18) Concurrent Abortable Preclean
[2020-04-26T18:54:33.484+0000][1][safepoint    ] Safepoint "RevokeBias", Time since last: 19627100 ns, Reaching safepoint: 160800 ns, At safepoint: 186100 ns, Total: 346900 ns
[2020-04-26T18:54:33.484+0000][1][safepoint    ] Safepoint "RevokeBias", Time since last: 311900 ns, Reaching safepoint: 242000 ns, At safepoint: 275200 ns, Total: 517200 ns
[2020-04-26T18:54:33.492+0000][1][safepoint    ] Safepoint "RevokeBias", Time since last: 6963900 ns, Reaching safepoint: 225300 ns, At safepoint: 252200 ns, Total: 477500 ns
[2020-04-26T18:54:33.493+0000][1][safepoint    ] Safepoint "CollectForMetadataAllocation", Time since last: 329000 ns, Reaching safepoint: 186600 ns, At safepoint: 556100 ns, Total: 742700 ns
[2020-04-26T18:54:33.494+0000][1][safepoint    ] Safepoint "RevokeBias", Time since last: 230900 ns, Reaching safepoint: 282500 ns, At safepoint: 213600 ns, Total: 496100 ns
[2020-04-26T18:54:33.497+0000][1][safepoint    ] Safepoint "RevokeBias", Time since last: 2783400 ns, Reaching safepoint: 93000 ns, At safepoint: 173400 ns, Total: 266400 ns
[2020-04-26T18:54:33.503+0000][1][safepoint    ] Safepoint "RevokeBias", Time since last: 5716900 ns, Reaching safepoint: 80800 ns, At safepoint: 78700 ns, Total: 159500 ns
[2020-04-26T18:54:33.505+0000][1][safepoint    ] Safepoint "CollectForMetadataAllocation", Time since last: 2029100 ns, Reaching safepoint: 185400 ns, At safepoint: 190100 ns, Total: 375500 ns
[2020-04-26T18:54:33.514+0000][1][safepoint    ] Safepoint "RevokeBias", Time since last: 8477600 ns, Reaching safepoint: 212500 ns, At safepoint: 109100 ns, Total: 321600 ns
[2020-04-26T18:54:33.515+0000][1][safepoint    ] Safepoint "RevokeBias", Time since last: 1144000 ns, Reaching safepoint: 187800 ns, At safepoint: 140600 ns, Total: 328400 ns
[2020-04-26T18:54:33.517+0000][1][safepoint    ] Safepoint "RevokeBias", Time since last: 1467700 ns, Reaching safepoint: 173700 ns, At safepoint: 132200 ns, Total: 305900 ns
[2020-04-26T18:54:33.524+0000][1][safepoint    ] Safepoint "RevokeBias", Time since last: 6932700 ns, Reaching safepoint: 339100 ns, At safepoint: 79400 ns, Total: 418500 ns
[2020-04-26T18:54:33.525+0000][1][safepoint    ] Safepoint "RevokeBias", Time since last: 174700 ns, Reaching safepoint: 221300 ns, At safepoint: 125900 ns, Total: 347200 ns
[2020-04-26T18:54:33.526+0000][1][safepoint    ] Safepoint "RevokeBias", Time since last: 43400 ns, Reaching safepoint: 450200 ns, At safepoint: 146200 ns, Total: 596400 ns
[2020-04-26T18:54:33.526+0000][1][safepoint    ] Safepoint "RevokeBias", Time since last: 240300 ns, Reaching safepoint: 208200 ns, At safepoint: 119800 ns, Total: 328000 ns
[2020-04-26T18:54:33.527+0000][1][safepoint    ] Safepoint "RevokeBias", Time since last: 115600 ns, Reaching safepoint: 142200 ns, At safepoint: 157000 ns, Total: 299200 ns
[2020-04-26T18:54:33.527+0000][1][safepoint    ] Safepoint "RevokeBias", Time since last: 45800 ns, Reaching safepoint: 145100 ns, At safepoint: 177900 ns, Total: 323000 ns
[2020-04-26T18:54:33.528+0000][1][safepoint    ] Safepoint "RevokeBias", Time since last: 726800 ns, Reaching safepoint: 147800 ns, At safepoint: 47600 ns, Total: 195400 ns
[2020-04-26T18:54:33.565+0000][1][safepoint    ] Safepoint "RevokeBias", Time since last: 36788500 ns, Reaching safepoint: 106200 ns, At safepoint: 54900 ns, Total: 161100 ns
[2020-04-26T18:54:33.565+0000][1][safepoint    ] Safepoint "RevokeBias", Time since last: 94400 ns, Reaching safepoint: 63300 ns, At safepoint: 27700 ns, Total: 91000 ns
[2020-04-26T18:54:33.568+0000][1][safepoint    ] Safepoint "RevokeBias", Time since last: 2450600 ns, Reaching safepoint: 141000 ns, At safepoint: 44600 ns, Total: 185600 ns
[2020-04-26T18:54:33.568+0000][1][safepoint    ] Safepoint "RevokeBias", Time since last: 93500 ns, Reaching safepoint: 39300 ns, At safepoint: 41700 ns, Total: 81000 ns
[2020-04-26T18:54:33.577+0000][1][safepoint    ] Safepoint "RevokeBias", Time since last: 8843100 ns, Reaching safepoint: 151400 ns, At safepoint: 29000 ns, Total: 180400 ns
[2020-04-26T18:54:33.577+0000][1][safepoint    ] Safepoint "RevokeBias", Time since last: 78300 ns, Reaching safepoint: 38800 ns, At safepoint: 26700 ns, Total: 65500 ns
[2020-04-26T18:54:33.580+0000][1][safepoint    ] Safepoint "RevokeBias", Time since last: 2428900 ns, Reaching safepoint: 175500 ns, At safepoint: 81600 ns, Total: 257100 ns
[2020-04-26T18:54:33.580+0000][1][safepoint    ] Safepoint "RevokeBias", Time since last: 115700 ns, Reaching safepoint: 54500 ns, At safepoint: 77700 ns, Total: 132200 ns
[2020-04-26T18:54:33.580+0000][1][safepoint    ] Safepoint "RevokeBias", Time since last: 108400 ns, Reaching safepoint: 45200 ns, At safepoint: 33100 ns, Total: 78300 ns
[2020-04-26T18:54:33.580+0000][1][safepoint    ] Safepoint "RevokeBias", Time since last: 86100 ns, Reaching safepoint: 42500 ns, At safepoint: 33500 ns, Total: 76000 ns
[2020-04-26T18:54:33.580+0000][1][safepoint    ] Safepoint "RevokeBias", Time since last: 87000 ns, Reaching safepoint: 41600 ns, At safepoint: 39700 ns, Total: 81300 ns
[2020-04-26T18:54:34.159+0000][1][safepoint    ] Safepoint "RevokeBias", Time since last: 578555000 ns, Reaching safepoint: 65700 ns, At safepoint: 38500 ns, Total: 104200 ns
[2020-04-26T18:54:34.160+0000][1][safepoint    ] Safepoint "RevokeBias", Time since last: 647600 ns, Reaching safepoint: 58300 ns, At safepoint: 31300 ns, Total: 89600 ns
[2020-04-26T18:54:34.160+0000][1][safepoint    ] Safepoint "RevokeBias", Time since last: 177200 ns, Reaching safepoint: 32800 ns, At safepoint: 29100 ns, Total: 61900 ns
[2020-04-26T18:54:34.160+0000][1][safepoint    ] Safepoint "RevokeBias", Time since last: 161200 ns, Reaching safepoint: 35300 ns, At safepoint: 30000 ns, Total: 65300 ns
[2020-04-26T18:54:34.160+0000][1][safepoint    ] Safepoint "RevokeBias", Time since last: 169900 ns, Reaching safepoint: 35300 ns, At safepoint: 28600 ns, Total: 63900 ns
[2020-04-26T18:54:34.161+0000][1][safepoint    ] Safepoint "RevokeBias", Time since last: 171400 ns, Reaching safepoint: 35500 ns, At safepoint: 28100 ns, Total: 63600 ns
[2020-04-26T18:54:34.161+0000][1][safepoint    ] Safepoint "RevokeBias", Time since last: 152400 ns, Reaching safepoint: 32900 ns, At safepoint: 28600 ns, Total: 61500 ns
[2020-04-26T18:54:34.161+0000][1][safepoint    ] Safepoint "RevokeBias", Time since last: 118100 ns, Reaching safepoint: 34300 ns, At safepoint: 95200 ns, Total: 129500 ns
[2020-04-26T18:54:34.162+0000][1][safepoint    ] Safepoint "RevokeBias", Time since last: 184400 ns, Reaching safepoint: 76100 ns, At safepoint: 67800 ns, Total: 143900 ns
[2020-04-26T18:54:34.162+0000][1][safepoint    ] Safepoint "RevokeBias", Time since last: 177400 ns, Reaching safepoint: 55200 ns, At safepoint: 63100 ns, Total: 118300 ns
[2020-04-26T18:54:34.162+0000][1][safepoint    ] Safepoint "RevokeBias", Time since last: 135700 ns, Reaching safepoint: 38800 ns, At safepoint: 29800 ns, Total: 68600 ns
[2020-04-26T18:54:34.162+0000][1][safepoint    ] Safepoint "RevokeBias", Time since last: 190500 ns, Reaching safepoint: 35300 ns, At safepoint: 28900 ns, Total: 64200 ns
[2020-04-26T18:54:34.247+0000][1][safepoint    ] Safepoint "RevokeBias", Time since last: 83984000 ns, Reaching safepoint: 131200 ns, At safepoint: 214300 ns, Total: 345500 ns
[2020-04-26T18:54:34.248+0000][1][safepoint    ] Safepoint "RevokeBias", Time since last: 501400 ns, Reaching safepoint: 282700 ns, At safepoint: 212200 ns, Total: 494900 ns
[2020-04-26T18:54:34.248+0000][1][safepoint    ] Safepoint "RevokeBias", Time since last: 417900 ns, Reaching safepoint: 123100 ns, At safepoint: 148200 ns, Total: 271300 ns
[2020-04-26T18:54:34.310+0000][1][safepoint    ] Safepoint "RevokeBias", Time since last: 61712900 ns, Reaching safepoint: 98700 ns, At safepoint: 32400 ns, Total: 131100 ns
[2020-04-26T18:54:34.310+0000][1][safepoint    ] Safepoint "RevokeBias", Time since last: 208600 ns, Reaching safepoint: 64400 ns, At safepoint: 30400 ns, Total: 94800 ns
[2020-04-26T18:54:34.311+0000][1][safepoint    ] Safepoint "RevokeBias", Time since last: 224400 ns, Reaching safepoint: 35600 ns, At safepoint: 29900 ns, Total: 65500 ns
[2020-04-26T18:54:34.325+0000][1][safepoint    ] Safepoint "RevokeBias", Time since last: 13902800 ns, Reaching safepoint: 52900 ns, At safepoint: 37000 ns, Total: 89900 ns
[2020-04-26T18:54:34.325+0000][1][safepoint    ] Safepoint "RevokeBias", Time since last: 162500 ns, Reaching safepoint: 39500 ns, At safepoint: 28700 ns, Total: 68200 ns
[2020-04-26T18:54:34.325+0000][1][safepoint    ] Safepoint "RevokeBias", Time since last: 132700 ns, Reaching safepoint: 35300 ns, At safepoint: 26900 ns, Total: 62200 ns
[2020-04-26T18:54:34.325+0000][1][safepoint    ] Safepoint "RevokeBias", Time since last: 105400 ns, Reaching safepoint: 32500 ns, At safepoint: 27100 ns, Total: 59600 ns
[2020-04-26T18:54:34.419+0000][1][safepoint    ] Safepoint "RevokeBias", Time since last: 93130300 ns, Reaching safepoint: 71100 ns, At safepoint: 36000 ns, Total: 107100 ns
[2020-04-26T18:54:34.419+0000][1][safepoint    ] Safepoint "RevokeBias", Time since last: 191600 ns, Reaching safepoint: 36900 ns, At safepoint: 30500 ns, Total: 67400 ns
[2020-04-26T18:54:34.419+0000][1][safepoint    ] Safepoint "RevokeBias", Time since last: 162500 ns, Reaching safepoint: 36200 ns, At safepoint: 29400 ns, Total: 65600 ns
[2020-04-26T18:54:34.419+0000][1][safepoint    ] Safepoint "RevokeBias", Time since last: 161500 ns, Reaching safepoint: 36100 ns, At safepoint: 29500 ns, Total: 65600 ns
[2020-04-26T18:54:35.174+0000][1][safepoint    ] Safepoint "RevokeBias", Time since last: 754498700 ns, Reaching safepoint: 65600 ns, At safepoint: 53700 ns, Total: 119300 ns
[2020-04-26T18:54:35.374+0000][1][safepoint    ] Safepoint "RevokeBias", Time since last: 199734600 ns, Reaching safepoint: 154700 ns, At safepoint: 86200 ns, Total: 240900 ns
[2020-04-26T18:54:35.378+0000][1][safepoint    ] Safepoint "RevokeBias", Time since last: 4217000 ns, Reaching safepoint: 67400 ns, At safepoint: 35300 ns, Total: 102700 ns
[2020-04-26T18:54:35.379+0000][1][safepoint    ] Safepoint "RevokeBias", Time since last: 195300 ns, Reaching safepoint: 147800 ns, At safepoint: 48200 ns, Total: 196000 ns
[2020-04-26T18:54:35.379+0000][1][safepoint    ] Safepoint "RevokeBias", Time since last: 110400 ns, Reaching safepoint: 142300 ns, At safepoint: 59300 ns, Total: 201600 ns
[2020-04-26T18:54:35.380+0000][1][safepoint    ] Safepoint "RevokeBias", Time since last: 165800 ns, Reaching safepoint: 531700 ns, At safepoint: 85800 ns, Total: 617500 ns
[2020-04-26T18:54:35.380+0000][1][safepoint    ] Safepoint "RevokeBias", Time since last: 170600 ns, Reaching safepoint: 175700 ns, At safepoint: 62500 ns, Total: 238200 ns
[2020-04-26T18:54:35.380+0000][1][safepoint    ] Safepoint "RevokeBias", Time since last: 140500 ns, Reaching safepoint: 147800 ns, At safepoint: 60700 ns, Total: 208500 ns
[2020-04-26T18:54:35.381+0000][1][safepoint    ] Safepoint "BulkRevokeBias", Time since last: 140900 ns, Reaching safepoint: 141900 ns, At safepoint: 668200 ns, Total: 810100 ns
[2020-04-26T18:54:35.385+0000][1][safepoint    ] Safepoint "CollectForMetadataAllocation", Time since last: 3327800 ns, Reaching safepoint: 175200 ns, At safepoint: 146500 ns, Total: 321700 ns
[2020-04-26T18:54:35.394+0000][1][safepoint    ] Safepoint "RevokeBias", Time since last: 8596000 ns, Reaching safepoint: 80100 ns, At safepoint: 53000 ns, Total: 133100 ns
[2020-04-26T18:54:35.413+0000][1][safepoint    ] Safepoint "RevokeBias", Time since last: 19188100 ns, Reaching safepoint: 276800 ns, At safepoint: 122300 ns, Total: 399100 ns
[2020-04-26T18:54:35.415+0000][1][safepoint    ] Safepoint "CollectForMetadataAllocation", Time since last: 914000 ns, Reaching safepoint: 188300 ns, At safepoint: 506900 ns, Total: 695200 ns
[2020-04-26T18:54:35.427+0000][1][safepoint    ] Safepoint "CollectForMetadataAllocation", Time since last: 11773900 ns, Reaching safepoint: 275300 ns, At safepoint: 217300 ns, Total: 492600 ns
[2020-04-26T18:54:35.434+0000][1][safepoint    ] Safepoint "RevokeBias", Time since last: 6373100 ns, Reaching safepoint: 451100 ns, At safepoint: 260500 ns, Total: 711600 ns
[2020-04-26T18:54:35.435+0000][1][safepoint    ] Safepoint "RevokeBias", Time since last: 770900 ns, Reaching safepoint: 265900 ns, At safepoint: 96600 ns, Total: 362500 ns
[2020-04-26T18:54:35.436+0000][1][safepoint    ] Safepoint "RevokeBias", Time since last: 120500 ns, Reaching safepoint: 207700 ns, At safepoint: 74000 ns, Total: 281700 ns
[2020-04-26T18:54:35.436+0000][1][safepoint    ] Safepoint "RevokeBias", Time since last: 103100 ns, Reaching safepoint: 131900 ns, At safepoint: 92000 ns, Total: 223900 ns
[2020-04-26T18:54:35.440+0000][1][safepoint    ] Safepoint "RevokeBias", Time since last: 3426200 ns, Reaching safepoint: 155600 ns, At safepoint: 89400 ns, Total: 245000 ns
[2020-04-26T18:54:35.440+0000][1][safepoint    ] Safepoint "RevokeBias", Time since last: 314600 ns, Reaching safepoint: 128800 ns, At safepoint: 73700 ns, Total: 202500 ns
[2020-04-26T18:54:35.441+0000][1][safepoint    ] Safepoint "RevokeBias", Time since last: 134700 ns, Reaching safepoint: 46800 ns, At safepoint: 76400 ns, Total: 123200 ns
[2020-04-26T18:54:35.441+0000][1][safepoint    ] Safepoint "RevokeBias", Time since last: 133100 ns, Reaching safepoint: 128100 ns, At safepoint: 71400 ns, Total: 199500 ns
[2020-04-26T18:54:35.442+0000][1][safepoint    ] Safepoint "RevokeBias", Time since last: 1026200 ns, Reaching safepoint: 130900 ns, At safepoint: 33600 ns, Total: 164500 ns
[2020-04-26T18:54:36.442+0000][1][safepoint    ] Safepoint "Cleanup", Time since last: 1000153000 ns, Reaching safepoint: 72800 ns, At safepoint: 29100 ns, Total: 101900 ns
[2020-04-26T18:54:37.443+0000][1][safepoint    ] Safepoint "Cleanup", Time since last: 1000101900 ns, Reaching safepoint: 77000 ns, At safepoint: 27100 ns, Total: 104100 ns
[2020-04-26T18:54:37.675+0000][1][safepoint    ] Safepoint "RevokeBias", Time since last: 231919200 ns, Reaching safepoint: 81900 ns, At safepoint: 88600 ns, Total: 170500 ns
[2020-04-26T18:54:38.491+0000][1][safepoint    ] Safepoint "RevokeBias", Time since last: 816438000 ns, Reaching safepoint: 64100 ns, At safepoint: 37300 ns, Total: 101400 ns
[2020-04-26T18:54:38.491+0000][1][safepoint    ] Safepoint "RevokeBias", Time since last: 175600 ns, Reaching safepoint: 48400 ns, At safepoint: 32800 ns, Total: 81200 ns
[2020-04-26T18:54:38.492+0000][1][safepoint    ] Safepoint "RevokeBias", Time since last: 161900 ns, Reaching safepoint: 37900 ns, At safepoint: 32600 ns, Total: 70500 ns
[2020-04-26T18:54:38.493+0000][1][safepoint    ] Safepoint "CollectForMetadataAllocation", Time since last: 774600 ns, Reaching safepoint: 226500 ns, At safepoint: 213300 ns, Total: 439800 ns
[2020-04-26T18:54:38.493+0000][1][safepoint    ] Safepoint "RevokeBias", Time since last: 55700 ns, Reaching safepoint: 199100 ns, At safepoint: 134000 ns, Total: 333100 ns
[2020-04-26T18:54:38.495+0000][1][safepoint    ] Safepoint "BulkRevokeBias", Time since last: 639300 ns, Reaching safepoint: 190100 ns, At safepoint: 583600 ns, Total: 773700 ns
[2020-04-26T18:54:38.495+0000][1][safepoint    ] Safepoint "RevokeBias", Time since last: 214700 ns, Reaching safepoint: 290400 ns, At safepoint: 124300 ns, Total: 414700 ns
[2020-04-26T18:54:38.497+0000][1][safepoint    ] Safepoint "RevokeBias", Time since last: 738000 ns, Reaching safepoint: 522700 ns, At safepoint: 171100 ns, Total: 693800 ns
[2020-04-26T18:54:38.498+0000][1][safepoint    ] Safepoint "RevokeBias", Time since last: 279200 ns, Reaching safepoint: 662500 ns, At safepoint: 135600 ns, Total: 798100 ns
[2020-04-26T18:54:38.499+0000][1][safepoint    ] Safepoint "RevokeBias", Time since last: 736000 ns, Reaching safepoint: 185100 ns, At safepoint: 146200 ns, Total: 331300 ns
[2020-04-26T18:54:38.501+0000][1][safepoint    ] Safepoint "RevokeBias", Time since last: 999800 ns, Reaching safepoint: 848600 ns, At safepoint: 230300 ns, Total: 1078900 ns
[2020-04-26T18:54:38.504+0000][1][safepoint    ] Safepoint "RevokeBias", Time since last: 2860400 ns, Reaching safepoint: 257500 ns, At safepoint: 216200 ns, Total: 473700 ns
[2020-04-26T18:54:38.505+0000][1][safepoint    ] Safepoint "RevokeBias", Time since last: 450600 ns, Reaching safepoint: 165400 ns, At safepoint: 71500 ns, Total: 236900 ns
[2020-04-26T18:54:38.506+0000][1][safepoint    ] Safepoint "RevokeBias", Time since last: 499200 ns, Reaching safepoint: 155300 ns, At safepoint: 98300 ns, Total: 253600 ns
[2020-04-26T18:54:38.507+0000][1][safepoint    ] Safepoint "RevokeBias", Time since last: 1204100 ns, Reaching safepoint: 243000 ns, At safepoint: 98200 ns, Total: 341200 ns
[2020-04-26T18:54:38.509+0000][1][safepoint    ] Safepoint "RevokeBias", Time since last: 1560300 ns, Reaching safepoint: 271400 ns, At safepoint: 216600 ns, Total: 488000 ns
[2020-04-26T18:54:38.510+0000][1][safepoint    ] Safepoint "RevokeBias", Time since last: 274900 ns, Reaching safepoint: 153800 ns, At safepoint: 204600 ns, Total: 358400 ns
[2020-04-26T18:54:38.515+0000][1][safepoint    ] Safepoint "RevokeBias", Time since last: 4126400 ns, Reaching safepoint: 301100 ns, At safepoint: 109600 ns, Total: 410700 ns
[2020-04-26T18:54:38.515+0000][1][safepoint    ] Safepoint "RevokeBias", Time since last: 207100 ns, Reaching safepoint: 260500 ns, At safepoint: 129900 ns, Total: 390400 ns
[2020-04-26T18:54:38.518+0000][1][safepoint    ] Safepoint "RevokeBias", Time since last: 2546000 ns, Reaching safepoint: 322600 ns, At safepoint: 135500 ns, Total: 458100 ns
[2020-04-26T18:54:38.519+0000][1][safepoint    ] Safepoint "RevokeBias", Time since last: 404800 ns, Reaching safepoint: 611600 ns, At safepoint: 85000 ns, Total: 696600 ns
[2020-04-26T18:54:38.520+0000][1][safepoint    ] Safepoint "RevokeBias", Time since last: 264600 ns, Reaching safepoint: 101300 ns, At safepoint: 105300 ns, Total: 206600 ns
[2020-04-26T18:54:38.520+0000][1][safepoint    ] Safepoint "RevokeBias", Time since last: 245500 ns, Reaching safepoint: 335000 ns, At safepoint: 118700 ns, Total: 453700 ns
[2020-04-26T18:54:38.521+0000][1][safepoint    ] Safepoint "RevokeBias", Time since last: 348500 ns, Reaching safepoint: 257500 ns, At safepoint: 108900 ns, Total: 366400 ns
[2020-04-26T18:54:38.522+0000][1][safepoint    ] Safepoint "RevokeBias", Time since last: 163800 ns, Reaching safepoint: 264100 ns, At safepoint: 103100 ns, Total: 367200 ns
[2020-04-26T18:54:38.522+0000][1][safepoint    ] Safepoint "RevokeBias", Time since last: 153000 ns, Reaching safepoint: 403000 ns, At safepoint: 130400 ns, Total: 533400 ns
[2020-04-26T18:54:38.523+0000][1][safepoint    ] Safepoint "RevokeBias", Time since last: 142200 ns, Reaching safepoint: 513800 ns, At safepoint: 153700 ns, Total: 667500 ns
[2020-04-26T18:54:38.524+0000][1][safepoint    ] Safepoint "RevokeBias", Time since last: 704100 ns, Reaching safepoint: 287200 ns, At safepoint: 95200 ns, Total: 382400 ns
[2020-04-26T18:54:38.525+0000][1][safepoint    ] Safepoint "RevokeBias", Time since last: 135800 ns, Reaching safepoint: 198100 ns, At safepoint: 106400 ns, Total: 304500 ns
[2020-04-26T18:54:38.525+0000][1][safepoint    ] Safepoint "RevokeBias", Time since last: 136300 ns, Reaching safepoint: 218300 ns, At safepoint: 101200 ns, Total: 319500 ns
[2020-04-26T18:54:38.526+0000][1][safepoint    ] Safepoint "RevokeBias", Time since last: 132000 ns, Reaching safepoint: 207300 ns, At safepoint: 94700 ns, Total: 302000 ns
[2020-04-26T18:54:38.526+0000][1][safepoint    ] Safepoint "RevokeBias", Time since last: 132300 ns, Reaching safepoint: 183900 ns, At safepoint: 108300 ns, Total: 292200 ns
[2020-04-26T18:54:38.527+0000][1][safepoint    ] Safepoint "CollectForMetadataAllocation", Time since last: 281500 ns, Reaching safepoint: 189900 ns, At safepoint: 194700 ns, Total: 384600 ns
[2020-04-26T18:54:38.527+0000][1][safepoint    ] Safepoint "RevokeBias", Time since last: 186300 ns, Reaching safepoint: 186500 ns, At safepoint: 83500 ns, Total: 270000 ns
[2020-04-26T18:54:38.528+0000][1][safepoint    ] Safepoint "RevokeBias", Time since last: 144900 ns, Reaching safepoint: 345700 ns, At safepoint: 100000 ns, Total: 445700 ns
[2020-04-26T18:54:38.528+0000][1][safepoint    ] Safepoint "RevokeBias", Time since last: 304000 ns, Reaching safepoint: 178300 ns, At safepoint: 85100 ns, Total: 263400 ns
[2020-04-26T18:54:38.529+0000][1][safepoint    ] Safepoint "RevokeBias", Time since last: 446900 ns, Reaching safepoint: 163700 ns, At safepoint: 102500 ns, Total: 266200 ns
[2020-04-26T18:54:38.529+0000][1][safepoint    ] Safepoint "RevokeBias", Time since last: 121700 ns, Reaching safepoint: 208200 ns, At safepoint: 96900 ns, Total: 305100 ns
[2020-04-26T18:54:38.530+0000][1][safepoint    ] Safepoint "RevokeBias", Time since last: 124800 ns, Reaching safepoint: 187200 ns, At safepoint: 83900 ns, Total: 271100 ns
[2020-04-26T18:54:38.530+0000][1][safepoint    ] Safepoint "RevokeBias", Time since last: 174300 ns, Reaching safepoint: 181500 ns, At safepoint: 72100 ns, Total: 253600 ns
[2020-04-26T18:54:38.531+0000][1][safepoint    ] Safepoint "RevokeBias", Time since last: 159100 ns, Reaching safepoint: 157200 ns, At safepoint: 67200 ns, Total: 224400 ns
[2020-04-26T18:54:38.531+0000][1][safepoint    ] Safepoint "RevokeBias", Time since last: 334400 ns, Reaching safepoint: 162500 ns, At safepoint: 98100 ns, Total: 260600 ns
[2020-04-26T18:54:38.532+0000][1][safepoint    ] Safepoint "RevokeBias", Time since last: 256200 ns, Reaching safepoint: 394000 ns, At safepoint: 105000 ns, Total: 499000 ns
[2020-04-26T18:54:38.533+0000][1][safepoint    ] Safepoint "RevokeBias", Time since last: 258700 ns, Reaching safepoint: 227400 ns, At safepoint: 91800 ns, Total: 319200 ns
[2020-04-26T18:54:38.533+0000][1][safepoint    ] Safepoint "RevokeBias", Time since last: 151400 ns, Reaching safepoint: 252400 ns, At safepoint: 97500 ns, Total: 349900 ns
[2020-04-26T18:54:38.534+0000][1][safepoint    ] Safepoint "RevokeBias", Time since last: 148800 ns, Reaching safepoint: 221500 ns, At safepoint: 100700 ns, Total: 322200 ns
[2020-04-26T18:54:38.534+0000][1][safepoint    ] Safepoint "RevokeBias", Time since last: 167300 ns, Reaching safepoint: 380700 ns, At safepoint: 166800 ns, Total: 547500 ns
[2020-04-26T18:54:38.535+0000][1][safepoint    ] Safepoint "RevokeBias", Time since last: 190000 ns, Reaching safepoint: 179500 ns, At safepoint: 73800 ns, Total: 253300 ns
[2020-04-26T18:54:38.535+0000][1][safepoint    ] Safepoint "RevokeBias", Time since last: 151600 ns, Reaching safepoint: 164800 ns, At safepoint: 69700 ns, Total: 234500 ns
[2020-04-26T18:54:38.535+0000][1][safepoint    ] Safepoint "RevokeBias", Time since last: 142600 ns, Reaching safepoint: 166400 ns, At safepoint: 74400 ns, Total: 240800 ns
[2020-04-26T18:54:38.536+0000][1][safepoint    ] Safepoint "RevokeBias", Time since last: 463600 ns, Reaching safepoint: 252000 ns, At safepoint: 82100 ns, Total: 334100 ns
[2020-04-26T18:54:38.537+0000][1][safepoint    ] Safepoint "RevokeBias", Time since last: 169500 ns, Reaching safepoint: 228700 ns, At safepoint: 73300 ns, Total: 302000 ns
[2020-04-26T18:54:38.537+0000][1][safepoint    ] Safepoint "RevokeBias", Time since last: 330400 ns, Reaching safepoint: 360000 ns, At safepoint: 74300 ns, Total: 434300 ns
[2020-04-26T18:54:38.538+0000][1][safepoint    ] Safepoint "RevokeBias", Time since last: 125300 ns, Reaching safepoint: 194100 ns, At safepoint: 70100 ns, Total: 264200 ns
[2020-04-26T18:54:38.538+0000][1][safepoint    ] Safepoint "RevokeBias", Time since last: 159900 ns, Reaching safepoint: 214200 ns, At safepoint: 79900 ns, Total: 294100 ns
[2020-04-26T18:54:38.539+0000][1][safepoint    ] Safepoint "BulkRevokeBias", Time since last: 179800 ns, Reaching safepoint: 207900 ns, At safepoint: 711100 ns, Total: 919000 ns
[2020-04-26T18:54:38.540+0000][1][safepoint    ] Safepoint "RevokeBias", Time since last: 555400 ns, Reaching safepoint: 296400 ns, At safepoint: 126900 ns, Total: 423300 ns
[2020-04-26T18:54:38.541+0000][1][safepoint    ] Safepoint "RevokeBias", Time since last: 264000 ns, Reaching safepoint: 222800 ns, At safepoint: 70900 ns, Total: 293700 ns
[2020-04-26T18:54:38.543+0000][1][safepoint    ] Safepoint "RevokeBias", Time since last: 1343400 ns, Reaching safepoint: 283900 ns, At safepoint: 105500 ns, Total: 389400 ns
[2020-04-26T18:54:38.543+0000][1][safepoint    ] Safepoint "RevokeBias", Time since last: 122700 ns, Reaching safepoint: 150800 ns, At safepoint: 85600 ns, Total: 236400 ns
[2020-04-26T18:54:38.544+0000][1][safepoint    ] Safepoint "RevokeBias", Time since last: 198100 ns, Reaching safepoint: 189600 ns, At safepoint: 102100 ns, Total: 291700 ns
[2020-04-26T18:54:38.544+0000][1][safepoint    ] Safepoint "RevokeBias", Time since last: 193900 ns, Reaching safepoint: 171900 ns, At safepoint: 63000 ns, Total: 234900 ns
[2020-04-26T18:54:38.544+0000][1][safepoint    ] Safepoint "RevokeBias", Time since last: 150600 ns, Reaching safepoint: 168100 ns, At safepoint: 81400 ns, Total: 249500 ns
[2020-04-26T18:54:38.545+0000][1][safepoint    ] Safepoint "RevokeBias", Time since last: 175100 ns, Reaching safepoint: 178200 ns, At safepoint: 79200 ns, Total: 257400 ns
[2020-04-26T18:54:38.545+0000][1][safepoint    ] Safepoint "RevokeBias", Time since last: 163400 ns, Reaching safepoint: 217900 ns, At safepoint: 70700 ns, Total: 288600 ns
[2020-04-26T18:54:38.546+0000][1][safepoint    ] Safepoint "RevokeBias", Time since last: 180900 ns, Reaching safepoint: 167200 ns, At safepoint: 70300 ns, Total: 237500 ns
[2020-04-26T18:54:38.546+0000][1][safepoint    ] Safepoint "RevokeBias", Time since last: 204100 ns, Reaching safepoint: 158100 ns, At safepoint: 78400 ns, Total: 236500 ns
[2020-04-26T18:54:38.547+0000][1][safepoint    ] Safepoint "RevokeBias", Time since last: 190700 ns, Reaching safepoint: 217500 ns, At safepoint: 88900 ns, Total: 306400 ns
[2020-04-26T18:54:38.547+0000][1][safepoint    ] Safepoint "RevokeBias", Time since last: 247800 ns, Reaching safepoint: 214400 ns, At safepoint: 81200 ns, Total: 295600 ns
[2020-04-26T18:54:38.548+0000][1][safepoint    ] Safepoint "RevokeBias", Time since last: 271000 ns, Reaching safepoint: 209400 ns, At safepoint: 93300 ns, Total: 302700 ns
[2020-04-26T18:54:38.548+0000][1][safepoint    ] Safepoint "RevokeBias", Time since last: 274600 ns, Reaching safepoint: 197900 ns, At safepoint: 95400 ns, Total: 293300 ns
[2020-04-26T18:54:38.549+0000][1][safepoint    ] Safepoint "RevokeBias", Time since last: 354800 ns, Reaching safepoint: 229800 ns, At safepoint: 77200 ns, Total: 307000 ns
[2020-04-26T18:54:38.549+0000][1][safepoint    ] Safepoint "RevokeBias", Time since last: 213400 ns, Reaching safepoint: 154400 ns, At safepoint: 113000 ns, Total: 267400 ns
[2020-04-26T18:54:38.550+0000][1][safepoint    ] Safepoint "RevokeBias", Time since last: 170900 ns, Reaching safepoint: 296100 ns, At safepoint: 110100 ns, Total: 406200 ns
[2020-04-26T18:54:38.551+0000][1][safepoint    ] Safepoint "BulkRevokeBias", Time since last: 260400 ns, Reaching safepoint: 206500 ns, At safepoint: 590700 ns, Total: 797200 ns
[2020-04-26T18:54:38.553+0000][1][safepoint    ] Safepoint "RevokeBias", Time since last: 1913700 ns, Reaching safepoint: 196100 ns, At safepoint: 103600 ns, Total: 299700 ns
[2020-04-26T18:54:38.555+0000][1][safepoint    ] Safepoint "RevokeBias", Time since last: 846700 ns, Reaching safepoint: 261300 ns, At safepoint: 131800 ns, Total: 393100 ns
[2020-04-26T18:54:38.556+0000][1][safepoint    ] Safepoint "RevokeBias", Time since last: 1209900 ns, Reaching safepoint: 172200 ns, At safepoint: 75300 ns, Total: 247500 ns
[2020-04-26T18:54:38.565+0000][1][safepoint    ] Safepoint "RevokeBias", Time since last: 8279200 ns, Reaching safepoint: 284400 ns, At safepoint: 227400 ns, Total: 511800 ns
[2020-04-26T18:54:38.572+0000][1][safepoint    ] Safepoint "RevokeBias", Time since last: 6405700 ns, Reaching safepoint: 286000 ns, At safepoint: 107400 ns, Total: 393400 ns
[2020-04-26T18:54:38.599+0000][1][safepoint    ] Safepoint "RevokeBias", Time since last: 27132300 ns, Reaching safepoint: 153500 ns, At safepoint: 63700 ns, Total: 217200 ns
[2020-04-26T18:54:38.607+0000][1][gc           ] GC(18) Concurrent Abortable Preclean 5128.789ms
[2020-04-26T18:54:38.607+0000][1][gc,cpu       ] GC(18) User=3.25s Sys=0.17s Real=5.13s
[2020-04-26T18:54:38.607+0000][1][gc,start     ] GC(18) Pause Remark
[2020-04-26T18:54:38.626+0000][1][gc           ] GC(18) Pause Remark 148M->148M(494M) 18.701ms
[2020-04-26T18:54:38.626+0000][1][gc,cpu       ] GC(18) User=0.10s Sys=0.00s Real=0.02s
[2020-04-26T18:54:38.626+0000][1][safepoint    ] Safepoint "CMS_Final_Remark", Time since last: 7879600 ns, Reaching safepoint: 94500 ns, At safepoint: 18815000 ns, Total: 18909500 ns
[2020-04-26T18:54:38.626+0000][1][gc           ] GC(18) Concurrent Sweep
[2020-04-26T18:54:38.636+0000][1][safepoint    ] Safepoint "RevokeBias", Time since last: 9356300 ns, Reaching safepoint: 673500 ns, At safepoint: 45300 ns, Total: 718800 ns
[2020-04-26T18:54:38.637+0000][1][safepoint    ] Safepoint "RevokeBias", Time since last: 1018400 ns, Reaching safepoint: 91000 ns, At safepoint: 33900 ns, Total: 124900 ns
[2020-04-26T18:54:38.646+0000][1][gc           ] GC(18) Concurrent Sweep 20.138ms
[2020-04-26T18:54:38.646+0000][1][gc,cpu       ] GC(18) User=0.03s Sys=0.00s Real=0.02s
[2020-04-26T18:54:38.646+0000][1][gc           ] GC(18) Concurrent Reset
[2020-04-26T18:54:38.647+0000][1][gc           ] GC(18) Concurrent Reset 0.943ms
[2020-04-26T18:54:38.647+0000][1][gc,cpu       ] GC(18) User=0.00s Sys=0.00s Real=0.00s
[2020-04-26T18:54:38.647+0000][1][gc,heap      ] GC(18) Old: 66570K->66021K(349568K)
[2020-04-26T18:54:40.174+0000][1][safepoint    ] Safepoint "RevokeBias", Time since last: 1536414300 ns, Reaching safepoint: 285900 ns, At safepoint: 83500 ns, Total: 369400 ns
[2020-04-26T18:54:40.801+0000][1][safepoint    ] Safepoint "RevokeBias", Time since last: 627058800 ns, Reaching safepoint: 245700 ns, At safepoint: 156600 ns, Total: 402300 ns
[2020-04-26T18:54:40.813+0000][1][safepoint    ] Safepoint "RevokeBias", Time since last: 11656800 ns, Reaching safepoint: 200300 ns, At safepoint: 107700 ns, Total: 308000 ns
[2020-04-26T18:54:40.820+0000][1][safepoint    ] Safepoint "RevokeBias", Time since last: 6343900 ns, Reaching safepoint: 260200 ns, At safepoint: 116900 ns, Total: 377100 ns
[2020-04-26T18:54:40.828+0000][1][safepoint    ] Safepoint "RevokeBias", Time since last: 8152500 ns, Reaching safepoint: 101300 ns, At safepoint: 106000 ns, Total: 207300 ns
[2020-04-26T18:54:40.829+0000][1][safepoint    ] Safepoint "RevokeBias", Time since last: 240400 ns, Reaching safepoint: 163300 ns, At safepoint: 83500 ns, Total: 246800 ns
[2020-04-26T18:54:40.831+0000][1][safepoint    ] Safepoint "RevokeBias", Time since last: 1610500 ns, Reaching safepoint: 217300 ns, At safepoint: 97000 ns, Total: 314300 ns
[2020-04-26T18:54:40.837+0000][1][safepoint    ] Safepoint "RevokeBias", Time since last: 6183900 ns, Reaching safepoint: 86100 ns, At safepoint: 60500 ns, Total: 146600 ns
[2020-04-26T18:54:40.839+0000][1][safepoint    ] Safepoint "RevokeBias", Time since last: 1329200 ns, Reaching safepoint: 384700 ns, At safepoint: 55100 ns, Total: 439800 ns
[2020-04-26T18:54:40.842+0000][1][safepoint    ] Safepoint "RevokeBias", Time since last: 2790200 ns, Reaching safepoint: 62700 ns, At safepoint: 83800 ns, Total: 146500 ns
[2020-04-26T18:54:40.846+0000][1][safepoint    ] Safepoint "RevokeBias", Time since last: 3879900 ns, Reaching safepoint: 109300 ns, At safepoint: 32400 ns, Total: 141700 ns
[2020-04-26T18:54:40.847+0000][1][safepoint    ] Safepoint "RevokeBias", Time since last: 945600 ns, Reaching safepoint: 54100 ns, At safepoint: 38400 ns, Total: 92500 ns
[2020-04-26T18:54:41.203+0000][1][safepoint    ] Safepoint "RevokeBias", Time since last: 355595000 ns, Reaching safepoint: 140800 ns, At safepoint: 85700 ns, Total: 226500 ns
[2020-04-26T18:54:41.204+0000][1][safepoint    ] Safepoint "RevokeBias", Time since last: 1043900 ns, Reaching safepoint: 117000 ns, At safepoint: 78200 ns, Total: 195200 ns
[2020-04-26T18:54:41.207+0000][1][safepoint    ] Safepoint "RevokeBias", Time since last: 3567000 ns, Reaching safepoint: 76000 ns, At safepoint: 34900 ns, Total: 110900 ns
[2020-04-26T18:54:41.208+0000][1][safepoint    ] Safepoint "RevokeBias", Time since last: 171400 ns, Reaching safepoint: 45500 ns, At safepoint: 32100 ns, Total: 77600 ns
[2020-04-26T18:54:41.209+0000][1][safepoint    ] Safepoint "RevokeBias", Time since last: 1130600 ns, Reaching safepoint: 111000 ns, At safepoint: 62500 ns, Total: 173500 ns
[2020-04-26T18:54:41.216+0000][1][safepoint    ] Safepoint "RevokeBias", Time since last: 6694400 ns, Reaching safepoint: 71800 ns, At safepoint: 45900 ns, Total: 117700 ns
[2020-04-26T18:54:41.217+0000][1][safepoint    ] Safepoint "RevokeBias", Time since last: 899500 ns, Reaching safepoint: 123800 ns, At safepoint: 48800 ns, Total: 172600 ns
[2020-04-26T18:54:41.237+0000][1][safepoint    ] Safepoint "RevokeBias", Time since last: 20118100 ns, Reaching safepoint: 78900 ns, At safepoint: 37500 ns, Total: 116400 ns
[2020-04-26T18:54:41.238+0000][1][safepoint    ] Safepoint "RevokeBias", Time since last: 1047100 ns, Reaching safepoint: 151900 ns, At safepoint: 60100 ns, Total: 212000 ns
[2020-04-26T18:54:41.243+0000][1][safepoint    ] Safepoint "RevokeBias", Time since last: 4743500 ns, Reaching safepoint: 76300 ns, At safepoint: 50900 ns, Total: 127200 ns
[2020-04-26T18:54:41.245+0000][1][safepoint    ] Safepoint "RevokeBias", Time since last: 1034900 ns, Reaching safepoint: 105900 ns, At safepoint: 110900 ns, Total: 216800 ns
[2020-04-26T18:54:41.247+0000][1][safepoint    ] Safepoint "RevokeBias", Time since last: 2616100 ns, Reaching safepoint: 91300 ns, At safepoint: 47100 ns, Total: 138400 ns
[2020-04-26T18:54:41.248+0000][1][safepoint    ] Safepoint "RevokeBias", Time since last: 377800 ns, Reaching safepoint: 72800 ns, At safepoint: 47500 ns, Total: 120300 ns
[2020-04-26T18:54:41.249+0000][1][safepoint    ] Safepoint "RevokeBias", Time since last: 783300 ns, Reaching safepoint: 74300 ns, At safepoint: 51800 ns, Total: 126100 ns
[2020-04-26T18:54:41.315+0000][1][safepoint    ] Safepoint "RevokeBias", Time since last: 66190000 ns, Reaching safepoint: 106700 ns, At safepoint: 66400 ns, Total: 173100 ns
[2020-04-26T18:54:41.317+0000][1][safepoint    ] Safepoint "RevokeBias", Time since last: 1328100 ns, Reaching safepoint: 195600 ns, At safepoint: 92200 ns, Total: 287800 ns
[2020-04-26T18:54:41.320+0000][1][safepoint    ] Safepoint "RevokeBias", Time since last: 3394000 ns, Reaching safepoint: 226900 ns, At safepoint: 101300 ns, Total: 328200 ns
[2020-04-26T18:54:41.322+0000][1][safepoint    ] Safepoint "RevokeBias", Time since last: 1210100 ns, Reaching safepoint: 192100 ns, At safepoint: 80500 ns, Total: 272600 ns
[2020-04-26T18:54:42.322+0000][1][safepoint    ] Safepoint "Cleanup", Time since last: 1000161200 ns, Reaching safepoint: 100000 ns, At safepoint: 26800 ns, Total: 126800 ns
[2020-04-26T18:54:42.676+0000][1][safepoint    ] Safepoint "BulkRevokeBias", Time since last: 352781100 ns, Reaching safepoint: 284300 ns, At safepoint: 1106900 ns, Total: 1391200 ns
[2020-04-26T18:54:43.677+0000][1][safepoint    ] Safepoint "Cleanup", Time since last: 1000271300 ns, Reaching safepoint: 152900 ns, At safepoint: 27400 ns, Total: 180300 ns
[2020-04-26T18:54:43.790+0000][1][safepoint    ] Safepoint "RevokeBias", Time since last: 113156300 ns, Reaching safepoint: 104300 ns, At safepoint: 33000 ns, Total: 137300 ns
[2020-04-26T18:54:43.790+0000][1][safepoint    ] Safepoint "RevokeBias", Time since last: 298000 ns, Reaching safepoint: 65800 ns, At safepoint: 40300 ns, Total: 106100 ns
[2020-04-26T18:54:43.798+0000][1][safepoint    ] Safepoint "RevokeBias", Time since last: 7089400 ns, Reaching safepoint: 99000 ns, At safepoint: 48200 ns, Total: 147200 ns
[2020-04-26T18:54:43.802+0000][1][safepoint    ] Safepoint "RevokeBias", Time since last: 4167500 ns, Reaching safepoint: 89500 ns, At safepoint: 49400 ns, Total: 138900 ns
[2020-04-26T18:54:43.802+0000][1][safepoint    ] Safepoint "RevokeBias", Time since last: 147900 ns, Reaching safepoint: 58700 ns, At safepoint: 31800 ns, Total: 90500 ns
[2020-04-26T18:54:43.802+0000][1][safepoint    ] Safepoint "RevokeBias", Time since last: 130000 ns, Reaching safepoint: 47900 ns, At safepoint: 38900 ns, Total: 86800 ns
[2020-04-26T18:54:43.803+0000][1][safepoint    ] Safepoint "RevokeBias", Time since last: 331900 ns, Reaching safepoint: 49100 ns, At safepoint: 44200 ns, Total: 93300 ns
[2020-04-26T18:54:43.803+0000][1][safepoint    ] Safepoint "RevokeBias", Time since last: 105300 ns, Reaching safepoint: 46900 ns, At safepoint: 43000 ns, Total: 89900 ns
[2020-04-26T18:54:43.803+0000][1][safepoint    ] Safepoint "RevokeBias", Time since last: 114000 ns, Reaching safepoint: 45300 ns, At safepoint: 41200 ns, Total: 86500 ns
[2020-04-26T18:54:43.804+0000][1][safepoint    ] Safepoint "RevokeBias", Time since last: 507100 ns, Reaching safepoint: 50800 ns, At safepoint: 42800 ns, Total: 93600 ns
[2020-04-26T18:54:43.805+0000][1][safepoint    ] Safepoint "RevokeBias", Time since last: 639100 ns, Reaching safepoint: 69600 ns, At safepoint: 60000 ns, Total: 129600 ns
[2020-04-26T18:54:43.805+0000][1][safepoint    ] Safepoint "RevokeBias", Time since last: 258600 ns, Reaching safepoint: 177600 ns, At safepoint: 100300 ns, Total: 277900 ns
[2020-04-26T18:54:43.807+0000][1][safepoint    ] Safepoint "RevokeBias", Time since last: 1190600 ns, Reaching safepoint: 201000 ns, At safepoint: 71200 ns, Total: 272200 ns
[2020-04-26T18:54:43.807+0000][1][safepoint    ] Safepoint "RevokeBias", Time since last: 167700 ns, Reaching safepoint: 135500 ns, At safepoint: 42700 ns, Total: 178200 ns
[2020-04-26T18:54:43.807+0000][1][safepoint    ] Safepoint "RevokeBias", Time since last: 125200 ns, Reaching safepoint: 46700 ns, At safepoint: 56300 ns, Total: 103000 ns
[2020-04-26T18:54:43.807+0000][1][safepoint    ] Safepoint "RevokeBias", Time since last: 125200 ns, Reaching safepoint: 46500 ns, At safepoint: 45800 ns, Total: 92300 ns
[2020-04-26T18:54:43.808+0000][1][safepoint    ] Safepoint "RevokeBias", Time since last: 127900 ns, Reaching safepoint: 134600 ns, At safepoint: 59100 ns, Total: 193700 ns
[2020-04-26T18:54:43.809+0000][1][safepoint    ] Safepoint "RevokeBias", Time since last: 890200 ns, Reaching safepoint: 153500 ns, At safepoint: 49100 ns, Total: 202600 ns
[2020-04-26T18:54:43.810+0000][1][safepoint    ] Safepoint "RevokeBias", Time since last: 748800 ns, Reaching safepoint: 193400 ns, At safepoint: 62900 ns, Total: 256300 ns
[2020-04-26T18:54:43.810+0000][1][safepoint    ] Safepoint "RevokeBias", Time since last: 97400 ns, Reaching safepoint: 49600 ns, At safepoint: 41900 ns, Total: 91500 ns
[2020-04-26T18:54:43.810+0000][1][safepoint    ] Safepoint "RevokeBias", Time since last: 155900 ns, Reaching safepoint: 182100 ns, At safepoint: 69600 ns, Total: 251700 ns
[2020-04-26T18:54:43.811+0000][1][safepoint    ] Safepoint "RevokeBias", Time since last: 99600 ns, Reaching safepoint: 154100 ns, At safepoint: 50000 ns, Total: 204100 ns
[2020-04-26T18:54:43.811+0000][1][safepoint    ] Safepoint "RevokeBias", Time since last: 150000 ns, Reaching safepoint: 157500 ns, At safepoint: 59500 ns, Total: 217000 ns
[2020-04-26T18:54:43.811+0000][1][safepoint    ] Safepoint "RevokeBias", Time since last: 109500 ns, Reaching safepoint: 160200 ns, At safepoint: 64300 ns, Total: 224500 ns
[2020-04-26T18:54:43.812+0000][1][safepoint    ] Safepoint "RevokeBias", Time since last: 660400 ns, Reaching safepoint: 60400 ns, At safepoint: 48900 ns, Total: 109300 ns
[2020-04-26T18:54:43.813+0000][1][safepoint    ] Safepoint "RevokeBias", Time since last: 185500 ns, Reaching safepoint: 60700 ns, At safepoint: 29200 ns, Total: 89900 ns
[2020-04-26T18:54:43.813+0000][1][safepoint    ] Safepoint "RevokeBias", Time since last: 104900 ns, Reaching safepoint: 47400 ns, At safepoint: 30200 ns, Total: 77600 ns
[2020-04-26T18:54:43.813+0000][1][safepoint    ] Safepoint "RevokeBias", Time since last: 130700 ns, Reaching safepoint: 46100 ns, At safepoint: 28000 ns, Total: 74100 ns
[2020-04-26T18:54:43.813+0000][1][safepoint    ] Safepoint "RevokeBias", Time since last: 216700 ns, Reaching safepoint: 47800 ns, At safepoint: 27600 ns, Total: 75400 ns
[2020-04-26T18:54:43.813+0000][1][safepoint    ] Safepoint "RevokeBias", Time since last: 109900 ns, Reaching safepoint: 60200 ns, At safepoint: 41800 ns, Total: 102000 ns
[2020-04-26T18:54:43.814+0000][1][safepoint    ] Safepoint "RevokeBias", Time since last: 191600 ns, Reaching safepoint: 172700 ns, At safepoint: 41800 ns, Total: 214500 ns
[2020-04-26T18:54:43.814+0000][1][safepoint    ] Safepoint "RevokeBias", Time since last: 316000 ns, Reaching safepoint: 45400 ns, At safepoint: 40900 ns, Total: 86300 ns
[2020-04-26T18:54:43.814+0000][1][safepoint    ] Safepoint "RevokeBias", Time since last: 108700 ns, Reaching safepoint: 64100 ns, At safepoint: 30100 ns, Total: 94200 ns
[2020-04-26T18:54:43.816+0000][1][safepoint    ] Safepoint "BulkRevokeBias", Time since last: 1054600 ns, Reaching safepoint: 52300 ns, At safepoint: 391700 ns, Total: 444000 ns
[2020-04-26T18:54:43.819+0000][1][safepoint    ] Safepoint "RevokeBias", Time since last: 3046500 ns, Reaching safepoint: 169100 ns, At safepoint: 87300 ns, Total: 256400 ns
[2020-04-26T18:54:43.839+0000][1][safepoint    ] Safepoint "RevokeBias", Time since last: 19550000 ns, Reaching safepoint: 111200 ns, At safepoint: 42000 ns, Total: 153200 ns
[2020-04-26T18:54:43.839+0000][1][safepoint    ] Safepoint "RevokeBias", Time since last: 141600 ns, Reaching safepoint: 77600 ns, At safepoint: 37000 ns, Total: 114600 ns
[2020-04-26T18:54:44.839+0000][1][safepoint    ] Safepoint "Cleanup", Time since last: 1000141300 ns, Reaching safepoint: 132300 ns, At safepoint: 30000 ns, Total: 162300 ns
[2020-04-26T18:54:45.381+0000][1][safepoint    ] Safepoint "RevokeBias", Time since last: 541328100 ns, Reaching safepoint: 96500 ns, At safepoint: 40000 ns, Total: 136500 ns
[2020-04-26T18:54:45.391+0000][1][safepoint    ] Safepoint "RevokeBias", Time since last: 10325400 ns, Reaching safepoint: 93500 ns, At safepoint: 53400 ns, Total: 146900 ns
[2020-04-26T18:54:45.455+0000][1][safepoint    ] Safepoint "RevokeBias", Time since last: 63229200 ns, Reaching safepoint: 97100 ns, At safepoint: 40300 ns, Total: 137400 ns
[2020-04-26T18:54:46.455+0000][1][safepoint    ] Safepoint "Cleanup", Time since last: 1000205300 ns, Reaching safepoint: 112100 ns, At safepoint: 29100 ns, Total: 141200 ns
[2020-04-26T18:54:47.455+0000][1][safepoint    ] Safepoint "Cleanup", Time since last: 1000173500 ns, Reaching safepoint: 116200 ns, At safepoint: 31600 ns, Total: 147800 ns
[2020-04-26T18:54:47.547+0000][1][safepoint    ] Safepoint "RevokeBias", Time since last: 90668400 ns, Reaching safepoint: 251700 ns, At safepoint: 145700 ns, Total: 397400 ns
[2020-04-26T18:54:47.548+0000][1][safepoint    ] Safepoint "RevokeBias", Time since last: 1261100 ns, Reaching safepoint: 405400 ns, At safepoint: 164900 ns, Total: 570300 ns
[2020-04-26T18:54:47.550+0000][1][safepoint    ] Safepoint "RevokeBias", Time since last: 1172000 ns, Reaching safepoint: 339700 ns, At safepoint: 80200 ns, Total: 419900 ns
[2020-04-26T18:54:47.562+0000][1][safepoint    ] Safepoint "RevokeBias", Time since last: 11352400 ns, Reaching safepoint: 334900 ns, At safepoint: 82400 ns, Total: 417300 ns
[2020-04-26T18:54:47.563+0000][1][safepoint    ] Safepoint "RevokeBias", Time since last: 974400 ns, Reaching safepoint: 266500 ns, At safepoint: 55600 ns, Total: 322100 ns
[2020-04-26T18:54:47.931+0000][1][safepoint    ] Safepoint "BulkRevokeBias", Time since last: 365675900 ns, Reaching safepoint: 406500 ns, At safepoint: 1834100 ns, Total: 2240600 ns
[2020-04-26T18:54:47.932+0000][1][safepoint    ] Safepoint "RevokeBias", Time since last: 1259100 ns, Reaching safepoint: 196100 ns, At safepoint: 105800 ns, Total: 301900 ns
[2020-04-26T18:54:47.966+0000][1][safepoint    ] Safepoint "RevokeBias", Time since last: 32361900 ns, Reaching safepoint: 473600 ns, At safepoint: 254000 ns, Total: 727600 ns
[2020-04-26T18:54:47.973+0000][1][safepoint    ] Safepoint "Deoptimize", Time since last: 6040000 ns, Reaching safepoint: 268400 ns, At safepoint: 1124700 ns, Total: 1393100 ns
[2020-04-26T18:54:48.589+0000][1][safepoint    ] Safepoint "BulkRevokeBias", Time since last: 615087400 ns, Reaching safepoint: 120700 ns, At safepoint: 490500 ns, Total: 611200 ns
[2020-04-26T18:54:48.589+0000][1][safepoint    ] Safepoint "RevokeBias", Time since last: 483600 ns, Reaching safepoint: 80500 ns, At safepoint: 33800 ns, Total: 114300 ns
[2020-04-26T18:54:48.613+0000][1][safepoint    ] Safepoint "Deoptimize", Time since last: 22901500 ns, Reaching safepoint: 120300 ns, At safepoint: 505700 ns, Total: 626000 ns
[2020-04-26T18:54:48.616+0000][1][safepoint    ] Safepoint "RevokeBias", Time since last: 3459600 ns, Reaching safepoint: 99700 ns, At safepoint: 36500 ns, Total: 136200 ns
[2020-04-26T18:54:48.626+0000][1][safepoint    ] Safepoint "RevokeBias", Time since last: 9699200 ns, Reaching safepoint: 184500 ns, At safepoint: 69800 ns, Total: 254300 ns
[2020-04-26T18:54:48.633+0000][1][safepoint    ] Safepoint "RevokeBias", Time since last: 6078800 ns, Reaching safepoint: 224400 ns, At safepoint: 90900 ns, Total: 315300 ns
[2020-04-26T18:54:48.651+0000][1][safepoint    ] Safepoint "RevokeBias", Time since last: 18237300 ns, Reaching safepoint: 124600 ns, At safepoint: 55800 ns, Total: 180400 ns
[2020-04-26T18:54:48.652+0000][1][safepoint    ] Safepoint "RevokeBias", Time since last: 715500 ns, Reaching safepoint: 120000 ns, At safepoint: 40500 ns, Total: 160500 ns
[2020-04-26T18:54:48.653+0000][1][safepoint    ] Safepoint "RevokeBias", Time since last: 702700 ns, Reaching safepoint: 69800 ns, At safepoint: 55000 ns, Total: 124800 ns
[2020-04-26T18:54:48.658+0000][1][safepoint    ] Safepoint "RevokeBias", Time since last: 4514000 ns, Reaching safepoint: 118100 ns, At safepoint: 46200 ns, Total: 164300 ns
[2020-04-26T18:54:48.659+0000][1][safepoint    ] Safepoint "RevokeBias", Time since last: 987100 ns, Reaching safepoint: 83500 ns, At safepoint: 55100 ns, Total: 138600 ns
[2020-04-26T18:54:48.660+0000][1][safepoint    ] Safepoint "RevokeBias", Time since last: 954100 ns, Reaching safepoint: 69200 ns, At safepoint: 54300 ns, Total: 123500 ns
[2020-04-26T18:54:48.661+0000][1][safepoint    ] Safepoint "RevokeBias", Time since last: 757200 ns, Reaching safepoint: 65700 ns, At safepoint: 55100 ns, Total: 120800 ns
[2020-04-26T18:54:49.170+0000][1][safepoint    ] Safepoint "RevokeBias", Time since last: 508718100 ns, Reaching safepoint: 352500 ns, At safepoint: 221000 ns, Total: 573500 ns
[2020-04-26T18:54:49.171+0000][1][safepoint    ] Safepoint "RevokeBias", Time since last: 697300 ns, Reaching safepoint: 339300 ns, At safepoint: 142500 ns, Total: 481800 ns
[2020-04-26T18:54:49.183+0000][1][safepoint    ] Safepoint "RevokeBias", Time since last: 10838800 ns, Reaching safepoint: 320600 ns, At safepoint: 221500 ns, Total: 542100 ns
[2020-04-26T18:54:49.184+0000][1][safepoint    ] Safepoint "RevokeBias", Time since last: 662800 ns, Reaching safepoint: 300400 ns, At safepoint: 218800 ns, Total: 519200 ns
[2020-04-26T18:54:49.206+0000][1][safepoint    ] Safepoint "RevokeBias", Time since last: 22049200 ns, Reaching safepoint: 202400 ns, At safepoint: 68100 ns, Total: 270500 ns
[2020-04-26T18:54:49.207+0000][1][safepoint    ] Safepoint "RevokeBias", Time since last: 808500 ns, Reaching safepoint: 267400 ns, At safepoint: 95800 ns, Total: 363200 ns
[2020-04-26T18:54:49.208+0000][1][safepoint    ] Safepoint "RevokeBias", Time since last: 525000 ns, Reaching safepoint: 229400 ns, At safepoint: 147200 ns, Total: 376600 ns
[2020-04-26T18:54:49.209+0000][1][safepoint    ] Safepoint "RevokeBias", Time since last: 251300 ns, Reaching safepoint: 103200 ns, At safepoint: 99000 ns, Total: 202200 ns
[2020-04-26T18:54:49.210+0000][1][safepoint    ] Safepoint "Deoptimize", Time since last: 729200 ns, Reaching safepoint: 105800 ns, At safepoint: 752000 ns, Total: 857800 ns
[2020-04-26T18:54:49.215+0000][1][safepoint    ] Safepoint "RevokeBias", Time since last: 4698500 ns, Reaching safepoint: 148300 ns, At safepoint: 76800 ns, Total: 225100 ns
[2020-04-26T18:54:49.216+0000][1][safepoint    ] Safepoint "RevokeBias", Time since last: 381900 ns, Reaching safepoint: 109000 ns, At safepoint: 56300 ns, Total: 165300 ns
[2020-04-26T18:54:49.223+0000][1][safepoint    ] Safepoint "RevokeBias", Time since last: 7129900 ns, Reaching safepoint: 110000 ns, At safepoint: 38100 ns, Total: 148100 ns
[2020-04-26T18:54:49.224+0000][1][safepoint    ] Safepoint "RevokeBias", Time since last: 664200 ns, Reaching safepoint: 87100 ns, At safepoint: 58600 ns, Total: 145700 ns
[2020-04-26T18:54:49.228+0000][1][safepoint    ] Safepoint "RevokeBias", Time since last: 3729000 ns, Reaching safepoint: 187000 ns, At safepoint: 47500 ns, Total: 234500 ns
[2020-04-26T18:54:49.229+0000][1][safepoint    ] Safepoint "RevokeBias", Time since last: 903400 ns, Reaching safepoint: 82000 ns, At safepoint: 39800 ns, Total: 121800 ns
[2020-04-26T18:54:49.231+0000][1][safepoint    ] Safepoint "RevokeBias", Time since last: 1900400 ns, Reaching safepoint: 84500 ns, At safepoint: 34300 ns, Total: 118800 ns
[2020-04-26T18:54:49.232+0000][1][safepoint    ] Safepoint "RevokeBias", Time since last: 826300 ns, Reaching safepoint: 79600 ns, At safepoint: 76200 ns, Total: 155800 ns
[2020-04-26T18:54:49.232+0000][1][safepoint    ] Safepoint "RevokeBias", Time since last: 374700 ns, Reaching safepoint: 91100 ns, At safepoint: 62400 ns, Total: 153500 ns
[2020-04-26T18:54:49.234+0000][1][safepoint    ] Safepoint "RevokeBias", Time since last: 1680500 ns, Reaching safepoint: 98200 ns, At safepoint: 52600 ns, Total: 150800 ns
[2020-04-26T18:54:49.234+0000][1][safepoint    ] Safepoint "RevokeBias", Time since last: 135300 ns, Reaching safepoint: 90400 ns, At safepoint: 38400 ns, Total: 128800 ns
[2020-04-26T18:54:49.235+0000][1][safepoint    ] Safepoint "RevokeBias", Time since last: 135800 ns, Reaching safepoint: 75100 ns, At safepoint: 37700 ns, Total: 112800 ns
[2020-04-26T18:54:49.235+0000][1][safepoint    ] Safepoint "RevokeBias", Time since last: 166900 ns, Reaching safepoint: 88000 ns, At safepoint: 37100 ns, Total: 125100 ns
[2020-04-26T18:54:49.235+0000][1][safepoint    ] Safepoint "RevokeBias", Time since last: 134400 ns, Reaching safepoint: 76500 ns, At safepoint: 85800 ns, Total: 162300 ns
[2020-04-26T18:54:49.235+0000][1][safepoint    ] Safepoint "RevokeBias", Time since last: 135500 ns, Reaching safepoint: 78200 ns, At safepoint: 52800 ns, Total: 131000 ns
[2020-04-26T18:54:49.236+0000][1][safepoint    ] Safepoint "RevokeBias", Time since last: 131700 ns, Reaching safepoint: 113000 ns, At safepoint: 46700 ns, Total: 159700 ns
[2020-04-26T18:54:49.236+0000][1][safepoint    ] Safepoint "RevokeBias", Time since last: 113200 ns, Reaching safepoint: 120100 ns, At safepoint: 31700 ns, Total: 151800 ns
[2020-04-26T18:54:49.236+0000][1][safepoint    ] Safepoint "RevokeBias", Time since last: 180700 ns, Reaching safepoint: 122500 ns, At safepoint: 30400 ns, Total: 152900 ns
[2020-04-26T18:54:49.250+0000][1][safepoint    ] Safepoint "RevokeBias", Time since last: 13458100 ns, Reaching safepoint: 124600 ns, At safepoint: 40400 ns, Total: 165000 ns
[2020-04-26T18:54:49.269+0000][1][safepoint    ] Safepoint "RevokeBias", Time since last: 19118800 ns, Reaching safepoint: 152300 ns, At safepoint: 63600 ns, Total: 215900 ns
[2020-04-26T18:54:49.271+0000][1][safepoint    ] Safepoint "RevokeBias", Time since last: 1277600 ns, Reaching safepoint: 319300 ns, At safepoint: 97700 ns, Total: 417000 ns
[2020-04-26T18:54:49.282+0000][1][safepoint    ] Safepoint "RevokeBias", Time since last: 10980400 ns, Reaching safepoint: 120600 ns, At safepoint: 44200 ns, Total: 164800 ns
[2020-04-26T18:54:49.318+0000][1][safepoint    ] Safepoint "RevokeBias", Time since last: 35620300 ns, Reaching safepoint: 132500 ns, At safepoint: 39800 ns, Total: 172300 ns
[2020-04-26T18:54:49.323+0000][1][safepoint    ] Safepoint "RevokeBias", Time since last: 5231000 ns, Reaching safepoint: 122900 ns, At safepoint: 35000 ns, Total: 157900 ns
[2020-04-26T18:54:49.323+0000][1][safepoint    ] Safepoint "RevokeBias", Time since last: 128100 ns, Reaching safepoint: 79900 ns, At safepoint: 31500 ns, Total: 111400 ns
[2020-04-26T18:54:50.325+0000][1][safepoint    ] Safepoint "Cleanup", Time since last: 1000783800 ns, Reaching safepoint: 515800 ns, At safepoint: 135800 ns, Total: 651600 ns
[2020-04-26T18:54:51.326+0000][1][safepoint    ] Safepoint "Cleanup", Time since last: 1000640000 ns, Reaching safepoint: 403300 ns, At safepoint: 137200 ns, Total: 540500 ns
[2020-04-26T18:54:52.327+0000][1][safepoint    ] Safepoint "Cleanup", Time since last: 1000566300 ns, Reaching safepoint: 386200 ns, At safepoint: 123400 ns, Total: 509600 ns
[2020-04-26T18:54:53.328+0000][1][safepoint    ] Safepoint "Cleanup", Time since last: 1000514100 ns, Reaching safepoint: 521300 ns, At safepoint: 138600 ns, Total: 659900 ns
[2020-04-26T18:54:54.329+0000][1][safepoint    ] Safepoint "Cleanup", Time since last: 1000430700 ns, Reaching safepoint: 415200 ns, At safepoint: 137700 ns, Total: 552900 ns
[2020-04-26T18:54:55.330+0000][1][safepoint    ] Safepoint "Cleanup", Time since last: 1000317200 ns, Reaching safepoint: 150500 ns, At safepoint: 34100 ns, Total: 184600 ns
[2020-04-26T18:54:56.331+0000][1][safepoint    ] Safepoint "Cleanup", Time since last: 1000347500 ns, Reaching safepoint: 301500 ns, At safepoint: 27100 ns, Total: 328600 ns
[2020-04-26T18:54:57.331+0000][1][safepoint    ] Safepoint "Cleanup", Time since last: 1000296100 ns, Reaching safepoint: 144100 ns, At safepoint: 28500 ns, Total: 172600 ns
[2020-04-26T18:54:58.332+0000][1][safepoint    ] Safepoint "Cleanup", Time since last: 1000485800 ns, Reaching safepoint: 406500 ns, At safepoint: 132800 ns, Total: 539300 ns
[2020-04-26T18:54:59.332+0000][1][safepoint    ] Safepoint "Cleanup", Time since last: 1000204400 ns, Reaching safepoint: 135200 ns, At safepoint: 27400 ns, Total: 162600 ns
[2020-04-26T18:55:00.333+0000][1][safepoint    ] Safepoint "Cleanup", Time since last: 1000158000 ns, Reaching safepoint: 218700 ns, At safepoint: 60700 ns, Total: 279400 ns
[2020-04-26T18:55:01.334+0000][1][safepoint    ] Safepoint "Cleanup", Time since last: 1000354500 ns, Reaching safepoint: 282100 ns, At safepoint: 96700 ns, Total: 378800 ns
[2020-04-26T18:55:02.334+0000][1][safepoint    ] Safepoint "Cleanup", Time since last: 1000237200 ns, Reaching safepoint: 256200 ns, At safepoint: 66200 ns, Total: 322400 ns
[2020-04-26T18:55:03.160+0000][1][safepoint    ] Safepoint "RevokeBias", Time since last: 825304000 ns, Reaching safepoint: 413600 ns, At safepoint: 184600 ns, Total: 598200 ns
[2020-04-26T18:55:03.246+0000][1][safepoint    ] Safepoint "RevokeBias", Time since last: 85977500 ns, Reaching safepoint: 140500 ns, At safepoint: 71800 ns, Total: 212300 ns
[2020-04-26T18:55:03.247+0000][1][safepoint    ] Safepoint "RevokeBias", Time since last: 274400 ns, Reaching safepoint: 125300 ns, At safepoint: 99900 ns, Total: 225200 ns
[2020-04-26T18:55:03.260+0000][1][gc,start     ] GC(19) Pause Young (Allocation Failure)
[2020-04-26T18:55:03.261+0000][1][gc,task      ] GC(19) Using 10 workers of 10 for evacuation
[2020-04-26T18:55:03.272+0000][1][gc,age       ] GC(19) Desired survivor size 8945664 bytes, new threshold 6 (max threshold 6)
[2020-04-26T18:55:03.272+0000][1][gc,age       ] GC(19) Age table with threshold 6 (max threshold 6)
[2020-04-26T18:55:03.272+0000][1][gc,age       ] GC(19) - age   1:    4269360 bytes,    4269360 total
[2020-04-26T18:55:03.272+0000][1][gc,heap      ] GC(19) ParNew: 157248K->10246K(157248K)
[2020-04-26T18:55:03.272+0000][1][gc,heap      ] GC(19) CMS: 66021K->83463K(349568K)
[2020-04-26T18:55:03.272+0000][1][gc,metaspace ] GC(19) Metaspace: 90763K->90763K(1132544K)
[2020-04-26T18:55:03.272+0000][1][gc           ] GC(19) Pause Young (Allocation Failure) 218M->91M(494M) 11.903ms
[2020-04-26T18:55:03.272+0000][1][gc,cpu       ] GC(19) User=0.07s Sys=0.03s Real=0.01s
[2020-04-26T18:55:03.272+0000][1][safepoint    ] Safepoint "GenCollectForAllocation", Time since last: 13631600 ns, Reaching safepoint: 104700 ns, At safepoint: 11996200 ns, Total: 12100900 ns
[2020-04-26T18:55:03.311+0000][1][safepoint    ] Safepoint "RevokeBias", Time since last: 37931600 ns, Reaching safepoint: 119800 ns, At safepoint: 44100 ns, Total: 163900 ns
[2020-04-26T18:55:03.311+0000][1][safepoint    ] Safepoint "RevokeBias", Time since last: 258000 ns, Reaching safepoint: 213800 ns, At safepoint: 74500 ns, Total: 288300 ns
[2020-04-26T18:55:03.311+0000][1][safepoint    ] Safepoint "RevokeBias", Time since last: 195000 ns, Reaching safepoint: 82400 ns, At safepoint: 47700 ns, Total: 130100 ns
[2020-04-26T18:55:03.325+0000][1][safepoint    ] Safepoint "RevokeBias", Time since last: 13216100 ns, Reaching safepoint: 259000 ns, At safepoint: 49200 ns, Total: 308200 ns
[2020-04-26T18:55:03.325+0000][1][safepoint    ] Safepoint "RevokeBias", Time since last: 90900 ns, Reaching safepoint: 92600 ns, At safepoint: 53400 ns, Total: 146000 ns
[2020-04-26T18:55:04.326+0000][1][safepoint    ] Safepoint "Cleanup", Time since last: 1000258800 ns, Reaching safepoint: 346700 ns, At safepoint: 92800 ns, Total: 439500 ns
[2020-04-26T18:55:05.327+0000][1][safepoint    ] Safepoint "Cleanup", Time since last: 1000576300 ns, Reaching safepoint: 252100 ns, At safepoint: 64100 ns, Total: 316200 ns
[2020-04-26T18:55:06.328+0000][1][safepoint    ] Safepoint "Cleanup", Time since last: 1000397500 ns, Reaching safepoint: 408300 ns, At safepoint: 139000 ns, Total: 547300 ns
[2020-04-26T18:55:07.328+0000][1][safepoint    ] Safepoint "Cleanup", Time since last: 1000307800 ns, Reaching safepoint: 299200 ns, At safepoint: 65400 ns, Total: 364600 ns
[2020-04-26T18:55:08.329+0000][1][safepoint    ] Safepoint "Cleanup", Time since last: 1000286800 ns, Reaching safepoint: 137300 ns, At safepoint: 31900 ns, Total: 169200 ns
[2020-04-26T18:55:09.330+0000][1][safepoint    ] Safepoint "Cleanup", Time since last: 1000482400 ns, Reaching safepoint: 430900 ns, At safepoint: 177600 ns, Total: 608500 ns
[2020-04-26T18:55:10.331+0000][1][safepoint    ] Safepoint "Cleanup", Time since last: 1000481600 ns, Reaching safepoint: 423800 ns, At safepoint: 150700 ns, Total: 574500 ns
[2020-04-26T18:55:11.331+0000][1][safepoint    ] Safepoint "Cleanup", Time since last: 1000208900 ns, Reaching safepoint: 179100 ns, At safepoint: 28900 ns, Total: 208000 ns
[2020-04-26T18:55:12.332+0000][1][safepoint    ] Safepoint "Cleanup", Time since last: 1000427500 ns, Reaching safepoint: 404300 ns, At safepoint: 128600 ns, Total: 532900 ns
[2020-04-26T18:55:13.333+0000][1][safepoint    ] Safepoint "Cleanup", Time since last: 1000447500 ns, Reaching safepoint: 497500 ns, At safepoint: 141700 ns, Total: 639200 ns
[2020-04-26T18:55:14.335+0000][1][safepoint    ] Safepoint "Cleanup", Time since last: 1000503800 ns, Reaching safepoint: 443800 ns, At safepoint: 144500 ns, Total: 588300 ns
[2020-04-26T18:55:15.336+0000][1][safepoint    ] Safepoint "Cleanup", Time since last: 1000649100 ns, Reaching safepoint: 425700 ns, At safepoint: 136300 ns, Total: 562000 ns
[2020-04-26T18:55:16.336+0000][1][safepoint    ] Safepoint "Cleanup", Time since last: 1000552800 ns, Reaching safepoint: 136700 ns, At safepoint: 29900 ns, Total: 166600 ns
[2020-04-26T18:55:17.337+0000][1][safepoint    ] Safepoint "Cleanup", Time since last: 1000166600 ns, Reaching safepoint: 151100 ns, At safepoint: 32900 ns, Total: 184000 ns
[2020-04-26T18:55:18.338+0000][1][safepoint    ] Safepoint "Cleanup", Time since last: 1000539500 ns, Reaching safepoint: 459000 ns, At safepoint: 456400 ns, Total: 915400 ns
[2020-04-26T18:55:19.339+0000][1][safepoint    ] Safepoint "Cleanup", Time since last: 1000288500 ns, Reaching safepoint: 327800 ns, At safepoint: 97400 ns, Total: 425200 ns
[2020-04-26T18:55:20.340+0000][1][safepoint    ] Safepoint "Cleanup", Time since last: 1000548000 ns, Reaching safepoint: 514800 ns, At safepoint: 131800 ns, Total: 646600 ns
[2020-04-26T18:55:21.341+0000][1][safepoint    ] Safepoint "Cleanup", Time since last: 1000388100 ns, Reaching safepoint: 484300 ns, At safepoint: 133400 ns, Total: 617700 ns
[2020-04-26T18:55:22.342+0000][1][safepoint    ] Safepoint "Cleanup", Time since last: 1000235900 ns, Reaching safepoint: 196800 ns, At safepoint: 27400 ns, Total: 224200 ns
[2020-04-26T18:55:23.342+0000][1][safepoint    ] Safepoint "Cleanup", Time since last: 1000269600 ns, Reaching safepoint: 469800 ns, At safepoint: 93200 ns, Total: 563000 ns
[2020-04-26T18:55:23.399+0000][1][safepoint    ] Safepoint "RevokeBias", Time since last: 56762800 ns, Reaching safepoint: 146800 ns, At safepoint: 42800 ns, Total: 189600 ns
[2020-04-26T18:55:23.400+0000][1][safepoint    ] Safepoint "RevokeBias", Time since last: 214400 ns, Reaching safepoint: 184500 ns, At safepoint: 38300 ns, Total: 222800 ns
[2020-04-26T18:55:23.401+0000][1][safepoint    ] Safepoint "RevokeBias", Time since last: 1103000 ns, Reaching safepoint: 276100 ns, At safepoint: 101300 ns, Total: 377400 ns
[2020-04-26T18:55:23.402+0000][1][safepoint    ] Safepoint "RevokeBias", Time since last: 147300 ns, Reaching safepoint: 109400 ns, At safepoint: 50400 ns, Total: 159800 ns
[2020-04-26T18:55:23.402+0000][1][safepoint    ] Safepoint "RevokeBias", Time since last: 222900 ns, Reaching safepoint: 201300 ns, At safepoint: 75700 ns, Total: 277000 ns
[2020-04-26T18:55:23.403+0000][1][safepoint    ] Safepoint "RevokeBias", Time since last: 399500 ns, Reaching safepoint: 282300 ns, At safepoint: 76900 ns, Total: 359200 ns
[2020-04-26T18:55:23.403+0000][1][safepoint    ] Safepoint "RevokeBias", Time since last: 137900 ns, Reaching safepoint: 70400 ns, At safepoint: 80200 ns, Total: 150600 ns
[2020-04-26T18:55:23.404+0000][1][safepoint    ] Safepoint "RevokeBias", Time since last: 359500 ns, Reaching safepoint: 95300 ns, At safepoint: 35000 ns, Total: 130300 ns
[2020-04-26T18:55:23.405+0000][1][safepoint    ] Safepoint "RevokeBias", Time since last: 881600 ns, Reaching safepoint: 286000 ns, At safepoint: 90100 ns, Total: 376100 ns
[2020-04-26T18:55:23.406+0000][1][safepoint    ] Safepoint "RevokeBias", Time since last: 64000 ns, Reaching safepoint: 430300 ns, At safepoint: 270900 ns, Total: 701200 ns
[2020-04-26T18:55:23.406+0000][1][safepoint    ] Safepoint "RevokeBias", Time since last: 104400 ns, Reaching safepoint: 209000 ns, At safepoint: 122500 ns, Total: 331500 ns
[2020-04-26T18:55:23.408+0000][1][safepoint    ] Safepoint "BulkRevokeBias", Time since last: 73700 ns, Reaching safepoint: 409100 ns, At safepoint: 865500 ns, Total: 1274600 ns
[2020-04-26T18:55:23.410+0000][1][safepoint    ] Safepoint "RevokeBias", Time since last: 575100 ns, Reaching safepoint: 1694100 ns, At safepoint: 141100 ns, Total: 1835200 ns
[2020-04-26T18:55:23.412+0000][1][safepoint    ] Safepoint "RevokeBias", Time since last: 1024000 ns, Reaching safepoint: 772300 ns, At safepoint: 198400 ns, Total: 970700 ns
[2020-04-26T18:55:23.413+0000][1][safepoint    ] Safepoint "RevokeBias", Time since last: 289200 ns, Reaching safepoint: 265800 ns, At safepoint: 142400 ns, Total: 408200 ns
[2020-04-26T18:55:23.413+0000][1][safepoint    ] Safepoint "RevokeBias", Time since last: 224200 ns, Reaching safepoint: 467500 ns, At safepoint: 158700 ns, Total: 626200 ns
[2020-04-26T18:55:23.414+0000][1][safepoint    ] Safepoint "RevokeBias", Time since last: 119100 ns, Reaching safepoint: 306500 ns, At safepoint: 223800 ns, Total: 530300 ns
[2020-04-26T18:55:23.415+0000][1][safepoint    ] Safepoint "RevokeBias", Time since last: 94000 ns, Reaching safepoint: 657500 ns, At safepoint: 189800 ns, Total: 847300 ns
[2020-04-26T18:55:23.416+0000][1][safepoint    ] Safepoint "RevokeBias", Time since last: 306400 ns, Reaching safepoint: 327000 ns, At safepoint: 92700 ns, Total: 419700 ns
[2020-04-26T18:55:23.416+0000][1][safepoint    ] Safepoint "RevokeBias", Time since last: 83600 ns, Reaching safepoint: 361600 ns, At safepoint: 139500 ns, Total: 501100 ns
[2020-04-26T18:55:23.417+0000][1][safepoint    ] Safepoint "RevokeBias", Time since last: 176300 ns, Reaching safepoint: 296100 ns, At safepoint: 42800 ns, Total: 338900 ns
[2020-04-26T18:55:23.417+0000][1][safepoint    ] Safepoint "RevokeBias", Time since last: 129800 ns, Reaching safepoint: 82600 ns, At safepoint: 43700 ns, Total: 126300 ns
[2020-04-26T18:55:23.417+0000][1][safepoint    ] Safepoint "RevokeBias", Time since last: 146100 ns, Reaching safepoint: 69300 ns, At safepoint: 44400 ns, Total: 113700 ns
[2020-04-26T18:55:23.418+0000][1][safepoint    ] Safepoint "RevokeBias", Time since last: 137000 ns, Reaching safepoint: 92700 ns, At safepoint: 41300 ns, Total: 134000 ns
[2020-04-26T18:55:23.418+0000][1][safepoint    ] Safepoint "RevokeBias", Time since last: 147300 ns, Reaching safepoint: 94800 ns, At safepoint: 95500 ns, Total: 190300 ns
[2020-04-26T18:55:23.418+0000][1][safepoint    ] Safepoint "RevokeBias", Time since last: 311800 ns, Reaching safepoint: 95700 ns, At safepoint: 61100 ns, Total: 156800 ns
[2020-04-26T18:55:23.419+0000][1][safepoint    ] Safepoint "RevokeBias", Time since last: 35000 ns, Reaching safepoint: 81900 ns, At safepoint: 65300 ns, Total: 147200 ns
[2020-04-26T18:55:23.419+0000][1][safepoint    ] Safepoint "RevokeBias", Time since last: 30300 ns, Reaching safepoint: 191600 ns, At safepoint: 90600 ns, Total: 282200 ns
[2020-04-26T18:55:23.419+0000][1][safepoint    ] Safepoint "RevokeBias", Time since last: 135100 ns, Reaching safepoint: 155500 ns, At safepoint: 43600 ns, Total: 199100 ns
[2020-04-26T18:55:23.420+0000][1][safepoint    ] Safepoint "RevokeBias", Time since last: 134200 ns, Reaching safepoint: 59500 ns, At safepoint: 46600 ns, Total: 106100 ns
[2020-04-26T18:55:23.420+0000][1][safepoint    ] Safepoint "RevokeBias", Time since last: 210500 ns, Reaching safepoint: 58300 ns, At safepoint: 28700 ns, Total: 87000 ns
[2020-04-26T18:55:23.420+0000][1][safepoint    ] Safepoint "RevokeBias", Time since last: 127300 ns, Reaching safepoint: 72400 ns, At safepoint: 28300 ns, Total: 100700 ns
[2020-04-26T18:55:23.420+0000][1][safepoint    ] Safepoint "RevokeBias", Time since last: 138700 ns, Reaching safepoint: 58100 ns, At safepoint: 45900 ns, Total: 104000 ns
[2020-04-26T18:55:23.421+0000][1][safepoint    ] Safepoint "RevokeBias", Time since last: 726300 ns, Reaching safepoint: 352900 ns, At safepoint: 48700 ns, Total: 401600 ns
[2020-04-26T18:55:23.423+0000][1][safepoint    ] Safepoint "RevokeBias", Time since last: 1014400 ns, Reaching safepoint: 96000 ns, At safepoint: 50900 ns, Total: 146900 ns
[2020-04-26T18:55:23.865+0000][1][safepoint    ] Safepoint "RevokeBias", Time since last: 441295100 ns, Reaching safepoint: 659600 ns, At safepoint: 218800 ns, Total: 878400 ns
[2020-04-26T18:55:23.866+0000][1][safepoint    ] Safepoint "RevokeBias", Time since last: 724100 ns, Reaching safepoint: 292300 ns, At safepoint: 137300 ns, Total: 429600 ns
[2020-04-26T18:55:23.868+0000][1][safepoint    ] Safepoint "RevokeBias", Time since last: 1092400 ns, Reaching safepoint: 346300 ns, At safepoint: 164000 ns, Total: 510300 ns
[2020-04-26T18:55:23.869+0000][1][safepoint    ] Safepoint "RevokeBias", Time since last: 670400 ns, Reaching safepoint: 317800 ns, At safepoint: 212000 ns, Total: 529800 ns
[2020-04-26T18:55:23.870+0000][1][safepoint    ] Safepoint "RevokeBias", Time since last: 551100 ns, Reaching safepoint: 295000 ns, At safepoint: 276400 ns, Total: 571400 ns
[2020-04-26T18:55:23.871+0000][1][safepoint    ] Safepoint "RevokeBias", Time since last: 279400 ns, Reaching safepoint: 593600 ns, At safepoint: 396500 ns, Total: 990100 ns
[2020-04-26T18:55:23.873+0000][1][safepoint    ] Safepoint "RevokeBias", Time since last: 327000 ns, Reaching safepoint: 834800 ns, At safepoint: 463400 ns, Total: 1298200 ns
[2020-04-26T18:55:23.874+0000][1][safepoint    ] Safepoint "RevokeBias", Time since last: 199000 ns, Reaching safepoint: 381000 ns, At safepoint: 328800 ns, Total: 709800 ns
[2020-04-26T18:55:23.875+0000][1][safepoint    ] Safepoint "RevokeBias", Time since last: 149400 ns, Reaching safepoint: 589400 ns, At safepoint: 361700 ns, Total: 951100 ns
[2020-04-26T18:55:23.876+0000][1][safepoint    ] Safepoint "RevokeBias", Time since last: 976500 ns, Reaching safepoint: 342600 ns, At safepoint: 367000 ns, Total: 709600 ns
[2020-04-26T18:55:23.878+0000][1][safepoint    ] Safepoint "RevokeBias", Time since last: 566700 ns, Reaching safepoint: 633000 ns, At safepoint: 204700 ns, Total: 837700 ns
[2020-04-26T18:55:23.881+0000][1][safepoint    ] Safepoint "RevokeBias", Time since last: 2338900 ns, Reaching safepoint: 303500 ns, At safepoint: 214100 ns, Total: 517600 ns
[2020-04-26T18:55:23.882+0000][1][safepoint    ] Safepoint "RevokeBias", Time since last: 626300 ns, Reaching safepoint: 274300 ns, At safepoint: 209400 ns, Total: 483700 ns
[2020-04-26T18:55:23.883+0000][1][safepoint    ] Safepoint "RevokeBias", Time since last: 618700 ns, Reaching safepoint: 269000 ns, At safepoint: 207600 ns, Total: 476600 ns
[2020-04-26T18:55:23.884+0000][1][safepoint    ] Safepoint "RevokeBias", Time since last: 599900 ns, Reaching safepoint: 267000 ns, At safepoint: 207800 ns, Total: 474800 ns
[2020-04-26T18:55:23.885+0000][1][safepoint    ] Safepoint "RevokeBias", Time since last: 650200 ns, Reaching safepoint: 267200 ns, At safepoint: 208000 ns, Total: 475200 ns
[2020-04-26T18:55:23.886+0000][1][safepoint    ] Safepoint "RevokeBias", Time since last: 770000 ns, Reaching safepoint: 283000 ns, At safepoint: 130800 ns, Total: 413800 ns
[2020-04-26T18:55:23.888+0000][1][safepoint    ] Safepoint "RevokeBias", Time since last: 1420800 ns, Reaching safepoint: 269900 ns, At safepoint: 171900 ns, Total: 441800 ns
[2020-04-26T18:55:23.891+0000][1][safepoint    ] Safepoint "BulkRevokeBias", Time since last: 1052600 ns, Reaching safepoint: 189700 ns, At safepoint: 1207500 ns, Total: 1397200 ns
[2020-04-26T18:55:23.893+0000][1][safepoint    ] Safepoint "RevokeBias", Time since last: 1892800 ns, Reaching safepoint: 180400 ns, At safepoint: 70300 ns, Total: 250700 ns
[2020-04-26T18:55:23.895+0000][1][safepoint    ] Safepoint "RevokeBias", Time since last: 2223400 ns, Reaching safepoint: 272000 ns, At safepoint: 217800 ns, Total: 489800 ns
[2020-04-26T18:55:23.896+0000][1][safepoint    ] Safepoint "RevokeBias", Time since last: 470300 ns, Reaching safepoint: 292000 ns, At safepoint: 174400 ns, Total: 466400 ns
[2020-04-26T18:55:23.899+0000][1][safepoint    ] Safepoint "RevokeBias", Time since last: 340600 ns, Reaching safepoint: 1647100 ns, At safepoint: 193300 ns, Total: 1840400 ns
[2020-04-26T18:55:23.899+0000][1][safepoint    ] Safepoint "RevokeBias", Time since last: 94300 ns, Reaching safepoint: 252400 ns, At safepoint: 231100 ns, Total: 483500 ns
[2020-04-26T18:55:23.900+0000][1][safepoint    ] Safepoint "RevokeBias", Time since last: 76800 ns, Reaching safepoint: 1076300 ns, At safepoint: 173100 ns, Total: 1249400 ns
[2020-04-26T18:55:23.903+0000][1][safepoint    ] Safepoint "RevokeBias", Time since last: 334800 ns, Reaching safepoint: 2019400 ns, At safepoint: 239300 ns, Total: 2258700 ns
[2020-04-26T18:55:23.904+0000][1][safepoint    ] Safepoint "BulkRevokeBias", Time since last: 162000 ns, Reaching safepoint: 533600 ns, At safepoint: 662500 ns, Total: 1196100 ns
[2020-04-26T18:55:23.905+0000][1][safepoint    ] Safepoint "RevokeBias", Time since last: 266000 ns, Reaching safepoint: 470700 ns, At safepoint: 174600 ns, Total: 645300 ns
[2020-04-26T18:55:23.907+0000][1][safepoint    ] Safepoint "BulkRevokeBias", Time since last: 214400 ns, Reaching safepoint: 472300 ns, At safepoint: 614800 ns, Total: 1087100 ns
[2020-04-26T18:55:23.907+0000][1][safepoint    ] Safepoint "RevokeBias", Time since last: 390800 ns, Reaching safepoint: 196900 ns, At safepoint: 161900 ns, Total: 358800 ns
[2020-04-26T18:55:23.908+0000][1][safepoint    ] Safepoint "RevokeBias", Time since last: 369000 ns, Reaching safepoint: 246900 ns, At safepoint: 129100 ns, Total: 376000 ns
[2020-04-26T18:55:23.909+0000][1][safepoint    ] Safepoint "RevokeBias", Time since last: 351700 ns, Reaching safepoint: 428800 ns, At safepoint: 74800 ns, Total: 503600 ns
[2020-04-26T18:55:23.910+0000][1][safepoint    ] Safepoint "RevokeBias", Time since last: 314800 ns, Reaching safepoint: 171300 ns, At safepoint: 105100 ns, Total: 276400 ns
[2020-04-26T18:55:23.913+0000][1][safepoint    ] Safepoint "RevokeBias", Time since last: 2994600 ns, Reaching safepoint: 323700 ns, At safepoint: 102900 ns, Total: 426600 ns
[2020-04-26T18:55:23.914+0000][1][safepoint    ] Safepoint "RevokeBias", Time since last: 176000 ns, Reaching safepoint: 275400 ns, At safepoint: 65200 ns, Total: 340600 ns
[2020-04-26T18:55:23.914+0000][1][safepoint    ] Safepoint "RevokeBias", Time since last: 220400 ns, Reaching safepoint: 67500 ns, At safepoint: 59100 ns, Total: 126600 ns
[2020-04-26T18:55:23.914+0000][1][safepoint    ] Safepoint "RevokeBias", Time since last: 228100 ns, Reaching safepoint: 63600 ns, At safepoint: 48600 ns, Total: 112200 ns
[2020-04-26T18:55:23.915+0000][1][safepoint    ] Safepoint "RevokeBias", Time since last: 348100 ns, Reaching safepoint: 169100 ns, At safepoint: 44100 ns, Total: 213200 ns
[2020-04-26T18:55:23.915+0000][1][safepoint    ] Safepoint "RevokeBias", Time since last: 518700 ns, Reaching safepoint: 144500 ns, At safepoint: 63400 ns, Total: 207900 ns
[2020-04-26T18:55:23.916+0000][1][safepoint    ] Safepoint "RevokeBias", Time since last: 195700 ns, Reaching safepoint: 153000 ns, At safepoint: 117700 ns, Total: 270700 ns
[2020-04-26T18:55:23.916+0000][1][safepoint    ] Safepoint "RevokeBias", Time since last: 63000 ns, Reaching safepoint: 236600 ns, At safepoint: 123500 ns, Total: 360100 ns
[2020-04-26T18:55:23.919+0000][1][safepoint    ] Safepoint "RevokeBias", Time since last: 2912800 ns, Reaching safepoint: 70800 ns, At safepoint: 78600 ns, Total: 149400 ns
[2020-04-26T18:55:23.920+0000][1][safepoint    ] Safepoint "RevokeBias", Time since last: 33800 ns, Reaching safepoint: 197300 ns, At safepoint: 73700 ns, Total: 271000 ns
[2020-04-26T18:55:23.920+0000][1][safepoint    ] Safepoint "RevokeBias", Time since last: 51800 ns, Reaching safepoint: 53200 ns, At safepoint: 48800 ns, Total: 102000 ns
[2020-04-26T18:55:23.920+0000][1][safepoint    ] Safepoint "RevokeBias", Time since last: 48100 ns, Reaching safepoint: 182200 ns, At safepoint: 60500 ns, Total: 242700 ns
[2020-04-26T18:55:23.921+0000][1][safepoint    ] Safepoint "RevokeBias", Time since last: 50000 ns, Reaching safepoint: 182900 ns, At safepoint: 409000 ns, Total: 591900 ns
[2020-04-26T18:55:23.921+0000][1][safepoint    ] Safepoint "RevokeBias", Time since last: 32800 ns, Reaching safepoint: 55100 ns, At safepoint: 46700 ns, Total: 101800 ns
[2020-04-26T18:55:23.921+0000][1][safepoint    ] Safepoint "RevokeBias", Time since last: 30100 ns, Reaching safepoint: 137300 ns, At safepoint: 69300 ns, Total: 206600 ns
[2020-04-26T18:55:23.922+0000][1][safepoint    ] Safepoint "RevokeBias", Time since last: 47300 ns, Reaching safepoint: 51400 ns, At safepoint: 356300 ns, Total: 407700 ns
[2020-04-26T18:55:23.922+0000][1][safepoint    ] Safepoint "RevokeBias", Time since last: 47300 ns, Reaching safepoint: 142000 ns, At safepoint: 57400 ns, Total: 199400 ns
[2020-04-26T18:55:23.922+0000][1][safepoint    ] Safepoint "RevokeBias", Time since last: 38300 ns, Reaching safepoint: 132800 ns, At safepoint: 86300 ns, Total: 219100 ns
[2020-04-26T18:55:23.922+0000][1][safepoint    ] Safepoint "RevokeBias", Time since last: 38700 ns, Reaching safepoint: 173800 ns, At safepoint: 91600 ns, Total: 265400 ns
[2020-04-26T18:55:23.923+0000][1][safepoint    ] Safepoint "RevokeBias", Time since last: 72300 ns, Reaching safepoint: 190100 ns, At safepoint: 62400 ns, Total: 252500 ns
[2020-04-26T18:55:23.923+0000][1][safepoint    ] Safepoint "RevokeBias", Time since last: 33800 ns, Reaching safepoint: 139100 ns, At safepoint: 70000 ns, Total: 209100 ns
[2020-04-26T18:55:23.923+0000][1][safepoint    ] Safepoint "RevokeBias", Time since last: 127100 ns, Reaching safepoint: 138200 ns, At safepoint: 48900 ns, Total: 187100 ns
[2020-04-26T18:55:23.924+0000][1][safepoint    ] Safepoint "RevokeBias", Time since last: 194800 ns, Reaching safepoint: 138000 ns, At safepoint: 62800 ns, Total: 200800 ns
[2020-04-26T18:55:23.924+0000][1][safepoint    ] Safepoint "RevokeBias", Time since last: 153400 ns, Reaching safepoint: 133400 ns, At safepoint: 72800 ns, Total: 206200 ns
[2020-04-26T18:55:23.924+0000][1][safepoint    ] Safepoint "RevokeBias", Time since last: 30900 ns, Reaching safepoint: 132500 ns, At safepoint: 88300 ns, Total: 220800 ns
[2020-04-26T18:55:23.925+0000][1][safepoint    ] Safepoint "RevokeBias", Time since last: 38600 ns, Reaching safepoint: 135300 ns, At safepoint: 82300 ns, Total: 217600 ns
[2020-04-26T18:55:23.925+0000][1][safepoint    ] Safepoint "RevokeBias", Time since last: 38000 ns, Reaching safepoint: 142300 ns, At safepoint: 84100 ns, Total: 226400 ns
[2020-04-26T18:55:23.925+0000][1][safepoint    ] Safepoint "RevokeBias", Time since last: 42400 ns, Reaching safepoint: 138600 ns, At safepoint: 95600 ns, Total: 234200 ns
[2020-04-26T18:55:23.925+0000][1][safepoint    ] Safepoint "RevokeBias", Time since last: 39600 ns, Reaching safepoint: 136300 ns, At safepoint: 86700 ns, Total: 223000 ns
[2020-04-26T18:55:23.926+0000][1][safepoint    ] Safepoint "RevokeBias", Time since last: 38100 ns, Reaching safepoint: 156000 ns, At safepoint: 104300 ns, Total: 260300 ns
[2020-04-26T18:55:23.926+0000][1][safepoint    ] Safepoint "RevokeBias", Time since last: 133200 ns, Reaching safepoint: 140900 ns, At safepoint: 81700 ns, Total: 222600 ns
[2020-04-26T18:55:23.927+0000][1][safepoint    ] Safepoint "RevokeBias", Time since last: 280300 ns, Reaching safepoint: 201600 ns, At safepoint: 85900 ns, Total: 287500 ns
[2020-04-26T18:55:23.927+0000][1][safepoint    ] Safepoint "RevokeBias", Time since last: 33700 ns, Reaching safepoint: 149300 ns, At safepoint: 78200 ns, Total: 227500 ns
[2020-04-26T18:55:23.927+0000][1][safepoint    ] Safepoint "RevokeBias", Time since last: 135700 ns, Reaching safepoint: 137200 ns, At safepoint: 40100 ns, Total: 177300 ns
[2020-04-26T18:55:23.931+0000][1][safepoint    ] Safepoint "RevokeBias", Time since last: 3236300 ns, Reaching safepoint: 196700 ns, At safepoint: 63000 ns, Total: 259700 ns
[2020-04-26T18:55:23.931+0000][1][safepoint    ] Safepoint "RevokeBias", Time since last: 94700 ns, Reaching safepoint: 186400 ns, At safepoint: 61500 ns, Total: 247900 ns
[2020-04-26T18:55:23.947+0000][1][safepoint    ] Safepoint "RevokeBias", Time since last: 15777300 ns, Reaching safepoint: 100000 ns, At safepoint: 50200 ns, Total: 150200 ns
[2020-04-26T18:55:23.948+0000][1][safepoint    ] Safepoint "RevokeBias", Time since last: 396800 ns, Reaching safepoint: 149900 ns, At safepoint: 45700 ns, Total: 195600 ns
[2020-04-26T18:55:23.950+0000][1][safepoint    ] Safepoint "RevokeBias", Time since last: 1925300 ns, Reaching safepoint: 152200 ns, At safepoint: 47400 ns, Total: 199600 ns
[2020-04-26T18:55:23.950+0000][1][safepoint    ] Safepoint "RevokeBias", Time since last: 170100 ns, Reaching safepoint: 66800 ns, At safepoint: 49800 ns, Total: 116600 ns
[2020-04-26T18:55:23.950+0000][1][safepoint    ] Safepoint "RevokeBias", Time since last: 166000 ns, Reaching safepoint: 53600 ns, At safepoint: 33700 ns, Total: 87300 ns
[2020-04-26T18:55:23.951+0000][1][safepoint    ] Safepoint "RevokeBias", Time since last: 129500 ns, Reaching safepoint: 186200 ns, At safepoint: 48800 ns, Total: 235000 ns
[2020-04-26T18:55:23.951+0000][1][safepoint    ] Safepoint "RevokeBias", Time since last: 170900 ns, Reaching safepoint: 66200 ns, At safepoint: 31700 ns, Total: 97900 ns
[2020-04-26T18:55:23.951+0000][1][safepoint    ] Safepoint "RevokeBias", Time since last: 144700 ns, Reaching safepoint: 51500 ns, At safepoint: 32000 ns, Total: 83500 ns
[2020-04-26T18:55:23.951+0000][1][safepoint    ] Safepoint "RevokeBias", Time since last: 169700 ns, Reaching safepoint: 51700 ns, At safepoint: 31600 ns, Total: 83300 ns
[2020-04-26T18:55:23.952+0000][1][safepoint    ] Safepoint "RevokeBias", Time since last: 156000 ns, Reaching safepoint: 51400 ns, At safepoint: 31700 ns, Total: 83100 ns
[2020-04-26T18:55:23.952+0000][1][safepoint    ] Safepoint "RevokeBias", Time since last: 145400 ns, Reaching safepoint: 63200 ns, At safepoint: 30900 ns, Total: 94100 ns
[2020-04-26T18:55:23.952+0000][1][safepoint    ] Safepoint "RevokeBias", Time since last: 219100 ns, Reaching safepoint: 50200 ns, At safepoint: 31300 ns, Total: 81500 ns
[2020-04-26T18:55:23.957+0000][1][safepoint    ] Safepoint "RevokeBias", Time since last: 4913100 ns, Reaching safepoint: 61300 ns, At safepoint: 34000 ns, Total: 95300 ns
[2020-04-26T18:55:23.958+0000][1][safepoint    ] Safepoint "RevokeBias", Time since last: 738500 ns, Reaching safepoint: 97500 ns, At safepoint: 44300 ns, Total: 141800 ns
[2020-04-26T18:55:23.958+0000][1][safepoint    ] Safepoint "RevokeBias", Time since last: 259000 ns, Reaching safepoint: 51800 ns, At safepoint: 33200 ns, Total: 85000 ns
[2020-04-26T18:55:23.959+0000][1][safepoint    ] Safepoint "RevokeBias", Time since last: 264300 ns, Reaching safepoint: 50500 ns, At safepoint: 32200 ns, Total: 82700 ns
[2020-04-26T18:55:23.959+0000][1][safepoint    ] Safepoint "RevokeBias", Time since last: 259900 ns, Reaching safepoint: 50400 ns, At safepoint: 31800 ns, Total: 82200 ns
[2020-04-26T18:55:23.959+0000][1][safepoint    ] Safepoint "RevokeBias", Time since last: 251000 ns, Reaching safepoint: 50400 ns, At safepoint: 31400 ns, Total: 81800 ns
[2020-04-26T18:55:23.960+0000][1][safepoint    ] Safepoint "RevokeBias", Time since last: 281700 ns, Reaching safepoint: 50400 ns, At safepoint: 46400 ns, Total: 96800 ns
[2020-04-26T18:55:23.960+0000][1][safepoint    ] Safepoint "RevokeBias", Time since last: 425500 ns, Reaching safepoint: 50800 ns, At safepoint: 48600 ns, Total: 99400 ns
[2020-04-26T18:55:23.961+0000][1][safepoint    ] Safepoint "RevokeBias", Time since last: 214300 ns, Reaching safepoint: 185500 ns, At safepoint: 46500 ns, Total: 232000 ns
[2020-04-26T18:55:23.961+0000][1][safepoint    ] Safepoint "RevokeBias", Time since last: 253200 ns, Reaching safepoint: 51700 ns, At safepoint: 31300 ns, Total: 83000 ns
[2020-04-26T18:55:23.961+0000][1][safepoint    ] Safepoint "RevokeBias", Time since last: 203700 ns, Reaching safepoint: 50800 ns, At safepoint: 31300 ns, Total: 82100 ns
[2020-04-26T18:55:23.962+0000][1][safepoint    ] Safepoint "RevokeBias", Time since last: 213300 ns, Reaching safepoint: 50900 ns, At safepoint: 31200 ns, Total: 82100 ns
[2020-04-26T18:55:23.962+0000][1][safepoint    ] Safepoint "RevokeBias", Time since last: 432300 ns, Reaching safepoint: 50200 ns, At safepoint: 26900 ns, Total: 77100 ns
[2020-04-26T18:55:23.963+0000][1][safepoint    ] Safepoint "RevokeBias", Time since last: 408300 ns, Reaching safepoint: 147300 ns, At safepoint: 90600 ns, Total: 237900 ns
[2020-04-26T18:55:23.966+0000][1][safepoint    ] Safepoint "RevokeBias", Time since last: 3383100 ns, Reaching safepoint: 70100 ns, At safepoint: 28000 ns, Total: 98100 ns
[2020-04-26T18:55:23.967+0000][1][safepoint    ] Safepoint "RevokeBias", Time since last: 178800 ns, Reaching safepoint: 53000 ns, At safepoint: 27000 ns, Total: 80000 ns
[2020-04-26T18:55:23.967+0000][1][safepoint    ] Safepoint "RevokeBias", Time since last: 448100 ns, Reaching safepoint: 51900 ns, At safepoint: 27300 ns, Total: 79200 ns
[2020-04-26T18:55:23.968+0000][1][safepoint    ] Safepoint "RevokeBias", Time since last: 410400 ns, Reaching safepoint: 51800 ns, At safepoint: 27400 ns, Total: 79200 ns
[2020-04-26T18:55:23.970+0000][1][safepoint    ] Safepoint "RevokeBias", Time since last: 2178100 ns, Reaching safepoint: 180300 ns, At safepoint: 43200 ns, Total: 223500 ns
[2020-04-26T18:55:23.976+0000][1][safepoint    ] Safepoint "RevokeBias", Time since last: 5207400 ns, Reaching safepoint: 329600 ns, At safepoint: 79400 ns, Total: 409000 ns
[2020-04-26T18:55:23.977+0000][1][safepoint    ] Safepoint "RevokeBias", Time since last: 1341200 ns, Reaching safepoint: 14600 ns, At safepoint: 35600 ns, Total: 50200 ns
[2020-04-26T18:55:23.980+0000][1][gc,heap,exit ] Heap
[2020-04-26T18:55:23.980+0000][1][gc,heap,exit ]  par new generation   total 157248K, used 56617K [0x00000000e0000000, 0x00000000eaaa0000, 0x00000000eaaa0000)
[2020-04-26T18:55:23.980+0000][1][gc,heap,exit ]   eden space 139776K,  33% used [0x00000000e0000000, 0x00000000e2d48b40, 0x00000000e8880000)
[2020-04-26T18:55:23.980+0000][1][gc,heap,exit ]   from space 17472K,  58% used [0x00000000e9990000, 0x00000000ea391910, 0x00000000eaaa0000)
[2020-04-26T18:55:23.980+0000][1][gc,heap,exit ]   to   space 17472K,   0% used [0x00000000e8880000, 0x00000000e8880000, 0x00000000e9990000)
[2020-04-26T18:55:23.980+0000][1][gc,heap,exit ]  concurrent mark-sweep generation total 349568K, used 83463K [0x00000000eaaa0000, 0x0000000100000000, 0x0000000100000000)
[2020-04-26T18:55:23.981+0000][1][gc,heap,exit ]  Metaspace       used 91134K, capacity 98270K, committed 98628K, reserved 1132544K
[2020-04-26T18:55:23.981+0000][1][gc,heap,exit ]   class space    used 12274K, capacity 15267K, committed 15376K, reserved 1048576K
