[2020-04-26T18:57:20.208+0000][1][gc] Using Concurrent Mark Sweep
[2020-04-26T18:57:20.208+0000][1][gc,heap,coops] Heap address: 0x00000000e0000000, size: 512 MB, Compressed Oops mode: 32-bit
[2020-04-26T18:57:20.253+0000][1][safepoint    ] Safepoint "EnableBiasedLocking", Time since last: 34967300 ns, Reaching safepoint: 24300 ns, At safepoint: 55500 ns, Total: 79800 ns
[2020-04-26T18:57:20.257+0000][1][safepoint    ] Safepoint "RevokeBias", Time since last: 4216600 ns, Reaching safepoint: 118600 ns, At safepoint: 83600 ns, Total: 202200 ns
[2020-04-26T18:57:20.269+0000][1][safepoint    ] Safepoint "Deoptimize", Time since last: 11283000 ns, Reaching safepoint: 12900 ns, At safepoint: 39200 ns, Total: 52100 ns
[2020-04-26T18:57:20.376+0000][1][safepoint    ] Safepoint "RevokeBias", Time since last: 107223200 ns, Reaching safepoint: 23700 ns, At safepoint: 40200 ns, Total: 63900 ns
[2020-04-26T18:57:20.377+0000][1][safepoint    ] Safepoint "Deoptimize", Time since last: 1176800 ns, Reaching safepoint: 6600 ns, At safepoint: 59000 ns, Total: 65600 ns
[2020-04-26T18:57:20.379+0000][1][safepoint    ] Safepoint "Deoptimize", Time since last: 1193200 ns, Reaching safepoint: 5900 ns, At safepoint: 111100 ns, Total: 117000 ns
[2020-04-26T18:57:20.410+0000][1][safepoint    ] Safepoint "Deoptimize", Time since last: 30917800 ns, Reaching safepoint: 14600 ns, At safepoint: 67800 ns, Total: 82400 ns
[2020-04-26T18:57:20.709+0000][1][safepoint    ] Safepoint "Deoptimize", Time since last: 298829000 ns, Reaching safepoint: 72000 ns, At safepoint: 131700 ns, Total: 203700 ns
[2020-04-26T18:57:20.764+0000][1][safepoint    ] Safepoint "Deoptimize", Time since last: 55601200 ns, Reaching safepoint: 52000 ns, At safepoint: 100800 ns, Total: 152800 ns
[2020-04-26T18:57:21.084+0000][1][safepoint    ] Safepoint "Deoptimize", Time since last: 320016200 ns, Reaching safepoint: 50100 ns, At safepoint: 113000 ns, Total: 163100 ns
[2020-04-26T18:57:21.376+0000][1][safepoint    ] Safepoint "Deoptimize", Time since last: 291781900 ns, Reaching safepoint: 51800 ns, At safepoint: 116600 ns, Total: 168400 ns
[2020-04-26T18:57:21.456+0000][1][safepoint    ] Safepoint "RevokeBias", Time since last: 79056400 ns, Reaching safepoint: 67200 ns, At safepoint: 102100 ns, Total: 169300 ns
[2020-04-26T18:57:21.568+0000][1][safepoint    ] Safepoint "Deoptimize", Time since last: 112282000 ns, Reaching safepoint: 42800 ns, At safepoint: 144800 ns, Total: 187600 ns
[2020-04-26T18:57:21.660+0000][1][safepoint    ] Safepoint "Deoptimize", Time since last: 91694500 ns, Reaching safepoint: 35300 ns, At safepoint: 175900 ns, Total: 211200 ns
[2020-04-26T18:57:21.660+0000][1][safepoint    ] Safepoint "Deoptimize", Time since last: 160600 ns, Reaching safepoint: 97300 ns, At safepoint: 124100 ns, Total: 221400 ns
[2020-04-26T18:57:21.708+0000][1][safepoint    ] Safepoint "Deoptimize", Time since last: 47360300 ns, Reaching safepoint: 21200 ns, At safepoint: 134000 ns, Total: 155200 ns
[2020-04-26T18:57:21.710+0000][1][safepoint    ] Safepoint "Deoptimize", Time since last: 1859800 ns, Reaching safepoint: 10700 ns, At safepoint: 125000 ns, Total: 135700 ns
[2020-04-26T18:57:21.719+0000][1][safepoint    ] Safepoint "RevokeBias", Time since last: 8560800 ns, Reaching safepoint: 111200 ns, At safepoint: 65300 ns, Total: 176500 ns
[2020-04-26T18:57:21.719+0000][1][safepoint    ] Safepoint "RevokeBias", Time since last: 202400 ns, Reaching safepoint: 89000 ns, At safepoint: 49100 ns, Total: 138100 ns
[2020-04-26T18:57:21.719+0000][1][safepoint    ] Safepoint "RevokeBias", Time since last: 106000 ns, Reaching safepoint: 94500 ns, At safepoint: 48400 ns, Total: 142900 ns
[2020-04-26T18:57:21.720+0000][1][safepoint    ] Safepoint "RevokeBias", Time since last: 97200 ns, Reaching safepoint: 108000 ns, At safepoint: 66700 ns, Total: 174700 ns
[2020-04-26T18:57:21.720+0000][1][safepoint    ] Safepoint "RevokeBias", Time since last: 225200 ns, Reaching safepoint: 115500 ns, At safepoint: 93100 ns, Total: 208600 ns
[2020-04-26T18:57:21.720+0000][1][safepoint    ] Safepoint "RevokeBias", Time since last: 267400 ns, Reaching safepoint: 96900 ns, At safepoint: 77400 ns, Total: 174300 ns
[2020-04-26T18:57:21.726+0000][1][safepoint    ] Safepoint "Deoptimize", Time since last: 5132400 ns, Reaching safepoint: 13400 ns, At safepoint: 136100 ns, Total: 149500 ns
[2020-04-26T18:57:22.111+0000][1][safepoint    ] Safepoint "Deoptimize", Time since last: 385267800 ns, Reaching safepoint: 125500 ns, At safepoint: 272000 ns, Total: 397500 ns
[2020-04-26T18:57:22.190+0000][1][safepoint    ] Safepoint "Deoptimize", Time since last: 77982000 ns, Reaching safepoint: 26600 ns, At safepoint: 206500 ns, Total: 233100 ns
[2020-04-26T18:57:22.317+0000][1][safepoint    ] Safepoint "RevokeBias", Time since last: 127203000 ns, Reaching safepoint: 28800 ns, At safepoint: 31900 ns, Total: 60700 ns
[2020-04-26T18:57:22.317+0000][1][safepoint    ] Safepoint "RevokeBias", Time since last: 230900 ns, Reaching safepoint: 19000 ns, At safepoint: 39300 ns, Total: 58300 ns
[2020-04-26T18:57:22.481+0000][1][gc,start     ] GC(0) Pause Young (Allocation Failure)
[2020-04-26T18:57:22.484+0000][1][gc,task      ] GC(0) Using 10 workers of 10 for evacuation
[2020-04-26T18:57:22.490+0000][1][gc,age       ] GC(0) Desired survivor size 8945664 bytes, new threshold 1 (max threshold 6)
[2020-04-26T18:57:22.491+0000][1][gc,age       ] GC(0) Age table with threshold 1 (max threshold 6)
[2020-04-26T18:57:22.491+0000][1][gc,age       ] GC(0) - age   1:   10340712 bytes,   10340712 total
[2020-04-26T18:57:22.491+0000][1][gc,heap      ] GC(0) ParNew: 139776K->10233K(157248K)
[2020-04-26T18:57:22.491+0000][1][gc,heap      ] GC(0) CMS: 0K->0K(349568K)
[2020-04-26T18:57:22.491+0000][1][gc,metaspace ] GC(0) Metaspace: 17209K->17209K(1064960K)
[2020-04-26T18:57:22.491+0000][1][gc           ] GC(0) Pause Young (Allocation Failure) 136M->9M(494M) 9.278ms
[2020-04-26T18:57:22.491+0000][1][gc,cpu       ] GC(0) User=0.06s Sys=0.00s Real=0.01s
[2020-04-26T18:57:22.491+0000][1][safepoint    ] Safepoint "GenCollectForAllocation", Time since last: 164187200 ns, Reaching safepoint: 45800 ns, At safepoint: 9493800 ns, Total: 9539600 ns
[2020-04-26T18:57:22.492+0000][1][safepoint    ] Safepoint "RevokeBias", Time since last: 887800 ns, Reaching safepoint: 195800 ns, At safepoint: 181900 ns, Total: 377700 ns
[2020-04-26T18:57:22.493+0000][1][safepoint    ] Safepoint "RevokeBias", Time since last: 333000 ns, Reaching safepoint: 150700 ns, At safepoint: 270400 ns, Total: 421100 ns
[2020-04-26T18:57:22.494+0000][1][safepoint    ] Safepoint "BulkRevokeBias", Time since last: 137900 ns, Reaching safepoint: 186600 ns, At safepoint: 352100 ns, Total: 538700 ns
[2020-04-26T18:57:22.494+0000][1][safepoint    ] Safepoint "RevokeBias", Time since last: 86500 ns, Reaching safepoint: 172900 ns, At safepoint: 305500 ns, Total: 478400 ns
[2020-04-26T18:57:22.495+0000][1][safepoint    ] Safepoint "RevokeBias", Time since last: 84800 ns, Reaching safepoint: 142700 ns, At safepoint: 306200 ns, Total: 448900 ns
[2020-04-26T18:57:22.495+0000][1][safepoint    ] Safepoint "RevokeBias", Time since last: 87500 ns, Reaching safepoint: 48400 ns, At safepoint: 123400 ns, Total: 171800 ns
[2020-04-26T18:57:22.495+0000][1][safepoint    ] Safepoint "RevokeBias", Time since last: 89500 ns, Reaching safepoint: 133100 ns, At safepoint: 200800 ns, Total: 333900 ns
[2020-04-26T18:57:22.496+0000][1][safepoint    ] Safepoint "RevokeBias", Time since last: 519900 ns, Reaching safepoint: 143400 ns, At safepoint: 149800 ns, Total: 293200 ns
[2020-04-26T18:57:22.497+0000][1][safepoint    ] Safepoint "RevokeBias", Time since last: 206800 ns, Reaching safepoint: 164400 ns, At safepoint: 158400 ns, Total: 322800 ns
[2020-04-26T18:57:22.497+0000][1][safepoint    ] Safepoint "RevokeBias", Time since last: 227700 ns, Reaching safepoint: 136800 ns, At safepoint: 124000 ns, Total: 260800 ns
[2020-04-26T18:57:22.498+0000][1][safepoint    ] Safepoint "RevokeBias", Time since last: 221900 ns, Reaching safepoint: 146800 ns, At safepoint: 120600 ns, Total: 267400 ns
[2020-04-26T18:57:22.498+0000][1][safepoint    ] Safepoint "RevokeBias", Time since last: 165700 ns, Reaching safepoint: 119100 ns, At safepoint: 131100 ns, Total: 250200 ns
[2020-04-26T18:57:22.499+0000][1][safepoint    ] Safepoint "RevokeBias", Time since last: 182600 ns, Reaching safepoint: 118600 ns, At safepoint: 163600 ns, Total: 282200 ns
[2020-04-26T18:57:22.499+0000][1][safepoint    ] Safepoint "RevokeBias", Time since last: 351400 ns, Reaching safepoint: 123500 ns, At safepoint: 150400 ns, Total: 273900 ns
[2020-04-26T18:57:22.500+0000][1][safepoint    ] Safepoint "RevokeBias", Time since last: 173500 ns, Reaching safepoint: 119500 ns, At safepoint: 106100 ns, Total: 225600 ns
[2020-04-26T18:57:22.500+0000][1][safepoint    ] Safepoint "RevokeBias", Time since last: 189300 ns, Reaching safepoint: 122600 ns, At safepoint: 104200 ns, Total: 226800 ns
[2020-04-26T18:57:22.500+0000][1][safepoint    ] Safepoint "RevokeBias", Time since last: 176100 ns, Reaching safepoint: 118600 ns, At safepoint: 104500 ns, Total: 223100 ns
[2020-04-26T18:57:22.501+0000][1][safepoint    ] Safepoint "RevokeBias", Time since last: 239500 ns, Reaching safepoint: 143000 ns, At safepoint: 224600 ns, Total: 367600 ns
[2020-04-26T18:57:22.501+0000][1][safepoint    ] Safepoint "RevokeBias", Time since last: 198500 ns, Reaching safepoint: 153900 ns, At safepoint: 134300 ns, Total: 288200 ns
[2020-04-26T18:57:22.502+0000][1][safepoint    ] Safepoint "RevokeBias", Time since last: 443800 ns, Reaching safepoint: 137800 ns, At safepoint: 145000 ns, Total: 282800 ns
[2020-04-26T18:57:22.502+0000][1][safepoint    ] Safepoint "RevokeBias", Time since last: 193900 ns, Reaching safepoint: 19300 ns, At safepoint: 103700 ns, Total: 123000 ns
[2020-04-26T18:57:22.503+0000][1][safepoint    ] Safepoint "RevokeBias", Time since last: 216800 ns, Reaching safepoint: 136500 ns, At safepoint: 109200 ns, Total: 245700 ns
[2020-04-26T18:57:22.503+0000][1][safepoint    ] Safepoint "RevokeBias", Time since last: 176900 ns, Reaching safepoint: 139700 ns, At safepoint: 102400 ns, Total: 242100 ns
[2020-04-26T18:57:22.504+0000][1][safepoint    ] Safepoint "RevokeBias", Time since last: 192100 ns, Reaching safepoint: 132100 ns, At safepoint: 187200 ns, Total: 319300 ns
[2020-04-26T18:57:22.504+0000][1][safepoint    ] Safepoint "RevokeBias", Time since last: 163200 ns, Reaching safepoint: 120200 ns, At safepoint: 100200 ns, Total: 220400 ns
[2020-04-26T18:57:22.505+0000][1][safepoint    ] Safepoint "RevokeBias", Time since last: 158400 ns, Reaching safepoint: 123800 ns, At safepoint: 87200 ns, Total: 211000 ns
[2020-04-26T18:57:22.505+0000][1][safepoint    ] Safepoint "RevokeBias", Time since last: 135700 ns, Reaching safepoint: 118500 ns, At safepoint: 79300 ns, Total: 197800 ns
[2020-04-26T18:57:22.505+0000][1][safepoint    ] Safepoint "RevokeBias", Time since last: 157100 ns, Reaching safepoint: 108400 ns, At safepoint: 77700 ns, Total: 186100 ns
[2020-04-26T18:57:22.506+0000][1][safepoint    ] Safepoint "RevokeBias", Time since last: 121500 ns, Reaching safepoint: 120300 ns, At safepoint: 80200 ns, Total: 200500 ns
[2020-04-26T18:57:22.506+0000][1][safepoint    ] Safepoint "RevokeBias", Time since last: 141000 ns, Reaching safepoint: 123400 ns, At safepoint: 82600 ns, Total: 206000 ns
[2020-04-26T18:57:22.506+0000][1][safepoint    ] Safepoint "RevokeBias", Time since last: 126700 ns, Reaching safepoint: 111900 ns, At safepoint: 98600 ns, Total: 210500 ns
[2020-04-26T18:57:22.507+0000][1][safepoint    ] Safepoint "RevokeBias", Time since last: 130200 ns, Reaching safepoint: 109600 ns, At safepoint: 82800 ns, Total: 192400 ns
[2020-04-26T18:57:22.507+0000][1][safepoint    ] Safepoint "RevokeBias", Time since last: 121300 ns, Reaching safepoint: 108200 ns, At safepoint: 78700 ns, Total: 186900 ns
[2020-04-26T18:57:22.507+0000][1][safepoint    ] Safepoint "RevokeBias", Time since last: 148700 ns, Reaching safepoint: 107300 ns, At safepoint: 79000 ns, Total: 186300 ns
[2020-04-26T18:57:22.508+0000][1][safepoint    ] Safepoint "RevokeBias", Time since last: 121200 ns, Reaching safepoint: 111200 ns, At safepoint: 93500 ns, Total: 204700 ns
[2020-04-26T18:57:22.508+0000][1][safepoint    ] Safepoint "RevokeBias", Time since last: 155200 ns, Reaching safepoint: 125700 ns, At safepoint: 92600 ns, Total: 218300 ns
[2020-04-26T18:57:22.508+0000][1][safepoint    ] Safepoint "RevokeBias", Time since last: 137600 ns, Reaching safepoint: 109200 ns, At safepoint: 88000 ns, Total: 197200 ns
[2020-04-26T18:57:22.509+0000][1][safepoint    ] Safepoint "RevokeBias", Time since last: 181200 ns, Reaching safepoint: 125100 ns, At safepoint: 92900 ns, Total: 218000 ns
[2020-04-26T18:57:22.509+0000][1][safepoint    ] Safepoint "RevokeBias", Time since last: 142200 ns, Reaching safepoint: 107000 ns, At safepoint: 84100 ns, Total: 191100 ns
[2020-04-26T18:57:22.510+0000][1][safepoint    ] Safepoint "BulkRevokeBias", Time since last: 417000 ns, Reaching safepoint: 108000 ns, At safepoint: 133100 ns, Total: 241100 ns
[2020-04-26T18:57:22.510+0000][1][safepoint    ] Safepoint "BulkRevokeBias", Time since last: 155600 ns, Reaching safepoint: 120300 ns, At safepoint: 137800 ns, Total: 258100 ns
[2020-04-26T18:57:22.520+0000][1][safepoint    ] Safepoint "RevokeBias", Time since last: 9224900 ns, Reaching safepoint: 149900 ns, At safepoint: 88800 ns, Total: 238700 ns
[2020-04-26T18:57:22.523+0000][1][safepoint    ] Safepoint "RevokeBias", Time since last: 3133300 ns, Reaching safepoint: 22700 ns, At safepoint: 57800 ns, Total: 80500 ns
[2020-04-26T18:57:22.845+0000][1][gc,start     ] GC(1) Pause Young (Allocation Failure)
[2020-04-26T18:57:22.845+0000][1][gc,task      ] GC(1) Using 10 workers of 10 for evacuation
[2020-04-26T18:57:22.862+0000][1][gc,age       ] GC(1) Desired survivor size 8945664 bytes, new threshold 6 (max threshold 6)
[2020-04-26T18:57:22.862+0000][1][gc,age       ] GC(1) Age table with threshold 6 (max threshold 6)
[2020-04-26T18:57:22.862+0000][1][gc,age       ] GC(1) - age   1:    1631328 bytes,    1631328 total
[2020-04-26T18:57:22.862+0000][1][gc,heap      ] GC(1) ParNew: 150009K->7311K(157248K)
[2020-04-26T18:57:22.862+0000][1][gc,heap      ] GC(1) CMS: 0K->9526K(349568K)
[2020-04-26T18:57:22.862+0000][1][gc,metaspace ] GC(1) Metaspace: 18560K->18560K(1067008K)
[2020-04-26T18:57:22.862+0000][1][gc           ] GC(1) Pause Young (Allocation Failure) 146M->16M(494M) 17.335ms
[2020-04-26T18:57:22.862+0000][1][gc,cpu       ] GC(1) User=0.12s Sys=0.06s Real=0.02s
[2020-04-26T18:57:22.862+0000][1][safepoint    ] Safepoint "GenCollectForAllocation", Time since last: 322084100 ns, Reaching safepoint: 85300 ns, At safepoint: 17445000 ns, Total: 17530300 ns
[2020-04-26T18:57:22.863+0000][1][safepoint    ] Safepoint "RevokeBias", Time since last: 298400 ns, Reaching safepoint: 120200 ns, At safepoint: 61200 ns, Total: 181400 ns
[2020-04-26T18:57:22.863+0000][1][safepoint    ] Safepoint "RevokeBias", Time since last: 105900 ns, Reaching safepoint: 107100 ns, At safepoint: 75900 ns, Total: 183000 ns
[2020-04-26T18:57:22.863+0000][1][safepoint    ] Safepoint "RevokeBias", Time since last: 129600 ns, Reaching safepoint: 102500 ns, At safepoint: 79100 ns, Total: 181600 ns
[2020-04-26T18:57:22.864+0000][1][safepoint    ] Safepoint "RevokeBias", Time since last: 105700 ns, Reaching safepoint: 102300 ns, At safepoint: 77800 ns, Total: 180100 ns
[2020-04-26T18:57:22.864+0000][1][safepoint    ] Safepoint "RevokeBias", Time since last: 112700 ns, Reaching safepoint: 116900 ns, At safepoint: 93400 ns, Total: 210300 ns
[2020-04-26T18:57:22.864+0000][1][safepoint    ] Safepoint "RevokeBias", Time since last: 103700 ns, Reaching safepoint: 110800 ns, At safepoint: 89800 ns, Total: 200600 ns
[2020-04-26T18:57:22.865+0000][1][safepoint    ] Safepoint "RevokeBias", Time since last: 293200 ns, Reaching safepoint: 117400 ns, At safepoint: 100700 ns, Total: 218100 ns
[2020-04-26T18:57:22.865+0000][1][safepoint    ] Safepoint "RevokeBias", Time since last: 136700 ns, Reaching safepoint: 109300 ns, At safepoint: 99100 ns, Total: 208400 ns
[2020-04-26T18:57:22.866+0000][1][safepoint    ] Safepoint "RevokeBias", Time since last: 120300 ns, Reaching safepoint: 138300 ns, At safepoint: 83300 ns, Total: 221600 ns
[2020-04-26T18:57:22.866+0000][1][safepoint    ] Safepoint "RevokeBias", Time since last: 127600 ns, Reaching safepoint: 153100 ns, At safepoint: 75200 ns, Total: 228300 ns
[2020-04-26T18:57:22.866+0000][1][safepoint    ] Safepoint "RevokeBias", Time since last: 95500 ns, Reaching safepoint: 130900 ns, At safepoint: 79900 ns, Total: 210800 ns
[2020-04-26T18:57:22.867+0000][1][safepoint    ] Safepoint "RevokeBias", Time since last: 135900 ns, Reaching safepoint: 112300 ns, At safepoint: 98400 ns, Total: 210700 ns
[2020-04-26T18:57:22.867+0000][1][safepoint    ] Safepoint "RevokeBias", Time since last: 106800 ns, Reaching safepoint: 149800 ns, At safepoint: 82800 ns, Total: 232600 ns
[2020-04-26T18:57:22.867+0000][1][safepoint    ] Safepoint "RevokeBias", Time since last: 110700 ns, Reaching safepoint: 47000 ns, At safepoint: 78900 ns, Total: 125900 ns
[2020-04-26T18:57:22.868+0000][1][safepoint    ] Safepoint "RevokeBias", Time since last: 153000 ns, Reaching safepoint: 135200 ns, At safepoint: 81100 ns, Total: 216300 ns
[2020-04-26T18:57:22.868+0000][1][safepoint    ] Safepoint "RevokeBias", Time since last: 122500 ns, Reaching safepoint: 110000 ns, At safepoint: 97500 ns, Total: 207500 ns
[2020-04-26T18:57:22.868+0000][1][safepoint    ] Safepoint "RevokeBias", Time since last: 121400 ns, Reaching safepoint: 140800 ns, At safepoint: 83900 ns, Total: 224700 ns
[2020-04-26T18:57:22.869+0000][1][safepoint    ] Safepoint "RevokeBias", Time since last: 116200 ns, Reaching safepoint: 130700 ns, At safepoint: 86300 ns, Total: 217000 ns
[2020-04-26T18:57:22.869+0000][1][safepoint    ] Safepoint "RevokeBias", Time since last: 97900 ns, Reaching safepoint: 108200 ns, At safepoint: 75800 ns, Total: 184000 ns
[2020-04-26T18:57:22.869+0000][1][safepoint    ] Safepoint "RevokeBias", Time since last: 107700 ns, Reaching safepoint: 95000 ns, At safepoint: 96500 ns, Total: 191500 ns
[2020-04-26T18:57:22.870+0000][1][safepoint    ] Safepoint "RevokeBias", Time since last: 90100 ns, Reaching safepoint: 94400 ns, At safepoint: 320000 ns, Total: 414400 ns
[2020-04-26T18:57:22.870+0000][1][safepoint    ] Safepoint "RevokeBias", Time since last: 124700 ns, Reaching safepoint: 132700 ns, At safepoint: 69700 ns, Total: 202400 ns
[2020-04-26T18:57:22.870+0000][1][safepoint    ] Safepoint "RevokeBias", Time since last: 105400 ns, Reaching safepoint: 125500 ns, At safepoint: 63600 ns, Total: 189100 ns
[2020-04-26T18:57:22.871+0000][1][safepoint    ] Safepoint "RevokeBias", Time since last: 102800 ns, Reaching safepoint: 98300 ns, At safepoint: 78300 ns, Total: 176600 ns
[2020-04-26T18:57:22.871+0000][1][safepoint    ] Safepoint "RevokeBias", Time since last: 89600 ns, Reaching safepoint: 94400 ns, At safepoint: 78600 ns, Total: 173000 ns
[2020-04-26T18:57:23.125+0000][1][gc,start     ] GC(2) Pause Young (Allocation Failure)
[2020-04-26T18:57:23.125+0000][1][gc,task      ] GC(2) Using 10 workers of 10 for evacuation
[2020-04-26T18:57:23.127+0000][1][gc,age       ] GC(2) Desired survivor size 8945664 bytes, new threshold 6 (max threshold 6)
[2020-04-26T18:57:23.127+0000][1][gc,age       ] GC(2) Age table with threshold 6 (max threshold 6)
[2020-04-26T18:57:23.127+0000][1][gc,age       ] GC(2) - age   1:    1737520 bytes,    1737520 total
[2020-04-26T18:57:23.127+0000][1][gc,age       ] GC(2) - age   2:    1593144 bytes,    3330664 total
[2020-04-26T18:57:23.127+0000][1][gc,heap      ] GC(2) ParNew: 147087K->4423K(157248K)
[2020-04-26T18:57:23.127+0000][1][gc,heap      ] GC(2) CMS: 9526K->9526K(349568K)
[2020-04-26T18:57:23.127+0000][1][gc,metaspace ] GC(2) Metaspace: 19070K->19070K(1067008K)
[2020-04-26T18:57:23.127+0000][1][gc           ] GC(2) Pause Young (Allocation Failure) 152M->13M(494M) 1.823ms
[2020-04-26T18:57:23.127+0000][1][gc,cpu       ] GC(2) User=0.01s Sys=0.00s Real=0.00s
[2020-04-26T18:57:23.127+0000][1][safepoint    ] Safepoint "GenCollectForAllocation", Time since last: 254034600 ns, Reaching safepoint: 54600 ns, At safepoint: 1882600 ns, Total: 1937200 ns
[2020-04-26T18:57:23.127+0000][1][safepoint    ] Safepoint "BulkRevokeBias", Time since last: 166600 ns, Reaching safepoint: 114900 ns, At safepoint: 122800 ns, Total: 237700 ns
[2020-04-26T18:57:23.127+0000][1][safepoint    ] Safepoint "RevokeBias", Time since last: 44000 ns, Reaching safepoint: 14600 ns, At safepoint: 79600 ns, Total: 94200 ns
[2020-04-26T18:57:23.128+0000][1][safepoint    ] Safepoint "RevokeBias", Time since last: 34800 ns, Reaching safepoint: 97400 ns, At safepoint: 105200 ns, Total: 202600 ns
[2020-04-26T18:57:23.128+0000][1][safepoint    ] Safepoint "RevokeBias", Time since last: 31700 ns, Reaching safepoint: 93700 ns, At safepoint: 78000 ns, Total: 171700 ns
[2020-04-26T18:57:23.128+0000][1][safepoint    ] Safepoint "RevokeBias", Time since last: 31100 ns, Reaching safepoint: 92900 ns, At safepoint: 94200 ns, Total: 187100 ns
[2020-04-26T18:57:23.128+0000][1][safepoint    ] Safepoint "RevokeBias", Time since last: 33200 ns, Reaching safepoint: 13900 ns, At safepoint: 81600 ns, Total: 95500 ns
[2020-04-26T18:57:23.128+0000][1][safepoint    ] Safepoint "RevokeBias", Time since last: 36300 ns, Reaching safepoint: 104000 ns, At safepoint: 124400 ns, Total: 228400 ns
[2020-04-26T18:57:23.129+0000][1][safepoint    ] Safepoint "RevokeBias", Time since last: 44400 ns, Reaching safepoint: 113500 ns, At safepoint: 97400 ns, Total: 210900 ns
[2020-04-26T18:57:23.129+0000][1][safepoint    ] Safepoint "RevokeBias", Time since last: 40600 ns, Reaching safepoint: 15100 ns, At safepoint: 92100 ns, Total: 107200 ns
[2020-04-26T18:57:23.129+0000][1][safepoint    ] Safepoint "RevokeBias", Time since last: 38500 ns, Reaching safepoint: 14100 ns, At safepoint: 80400 ns, Total: 94500 ns
[2020-04-26T18:57:23.129+0000][1][safepoint    ] Safepoint "RevokeBias", Time since last: 45100 ns, Reaching safepoint: 99200 ns, At safepoint: 65600 ns, Total: 164800 ns
[2020-04-26T18:57:23.138+0000][1][safepoint    ] Safepoint "Deoptimize", Time since last: 8161100 ns, Reaching safepoint: 26200 ns, At safepoint: 252100 ns, Total: 278300 ns
[2020-04-26T18:57:23.181+0000][1][safepoint    ] Safepoint "Deoptimize", Time since last: 43045800 ns, Reaching safepoint: 31900 ns, At safepoint: 233100 ns, Total: 265000 ns
[2020-04-26T18:57:23.354+0000][1][gc,start     ] GC(3) Pause Young (Allocation Failure)
[2020-04-26T18:57:23.354+0000][1][gc,task      ] GC(3) Using 10 workers of 10 for evacuation
[2020-04-26T18:57:23.358+0000][1][gc,age       ] GC(3) Desired survivor size 8945664 bytes, new threshold 6 (max threshold 6)
[2020-04-26T18:57:23.358+0000][1][gc,age       ] GC(3) Age table with threshold 6 (max threshold 6)
[2020-04-26T18:57:23.358+0000][1][gc,age       ] GC(3) - age   1:    3638208 bytes,    3638208 total
[2020-04-26T18:57:23.358+0000][1][gc,age       ] GC(3) - age   2:    1716376 bytes,    5354584 total
[2020-04-26T18:57:23.358+0000][1][gc,age       ] GC(3) - age   3:    1589152 bytes,    6943736 total
[2020-04-26T18:57:23.358+0000][1][gc,heap      ] GC(3) ParNew: 144199K->7820K(157248K)
[2020-04-26T18:57:23.358+0000][1][gc,heap      ] GC(3) CMS: 9526K->9526K(349568K)
[2020-04-26T18:57:23.358+0000][1][gc,metaspace ] GC(3) Metaspace: 19543K->19543K(1067008K)
[2020-04-26T18:57:23.358+0000][1][gc           ] GC(3) Pause Young (Allocation Failure) 150M->16M(494M) 3.893ms
[2020-04-26T18:57:23.358+0000][1][gc,cpu       ] GC(3) User=0.03s Sys=0.01s Real=0.00s
[2020-04-26T18:57:23.358+0000][1][safepoint    ] Safepoint "GenCollectForAllocation", Time since last: 172813000 ns, Reaching safepoint: 39700 ns, At safepoint: 3998400 ns, Total: 4038100 ns
[2020-04-26T18:57:23.358+0000][1][safepoint    ] Safepoint "RevokeBias", Time since last: 206000 ns, Reaching safepoint: 112500 ns, At safepoint: 91400 ns, Total: 203900 ns
[2020-04-26T18:57:23.358+0000][1][safepoint    ] Safepoint "RevokeBias", Time since last: 85100 ns, Reaching safepoint: 12300 ns, At safepoint: 54300 ns, Total: 66600 ns
[2020-04-26T18:57:23.359+0000][1][safepoint    ] Safepoint "RevokeBias", Time since last: 99700 ns, Reaching safepoint: 112800 ns, At safepoint: 105800 ns, Total: 218600 ns
[2020-04-26T18:57:23.359+0000][1][safepoint    ] Safepoint "BulkRevokeBias", Time since last: 91500 ns, Reaching safepoint: 135000 ns, At safepoint: 119800 ns, Total: 254800 ns
[2020-04-26T18:57:23.359+0000][1][safepoint    ] Safepoint "BulkRevokeBias", Time since last: 133700 ns, Reaching safepoint: 96700 ns, At safepoint: 81000 ns, Total: 177700 ns
[2020-04-26T18:57:23.534+0000][1][gc,start     ] GC(4) Pause Young (Allocation Failure)
[2020-04-26T18:57:23.534+0000][1][gc,task      ] GC(4) Using 10 workers of 10 for evacuation
[2020-04-26T18:57:23.539+0000][1][gc,age       ] GC(4) Desired survivor size 8945664 bytes, new threshold 6 (max threshold 6)
[2020-04-26T18:57:23.539+0000][1][gc,age       ] GC(4) Age table with threshold 6 (max threshold 6)
[2020-04-26T18:57:23.539+0000][1][gc,age       ] GC(4) - age   1:    2543304 bytes,    2543304 total
[2020-04-26T18:57:23.539+0000][1][gc,age       ] GC(4) - age   2:    2339400 bytes,    4882704 total
[2020-04-26T18:57:23.539+0000][1][gc,age       ] GC(4) - age   3:    1715680 bytes,    6598384 total
[2020-04-26T18:57:23.539+0000][1][gc,age       ] GC(4) - age   4:    1588768 bytes,    8187152 total
[2020-04-26T18:57:23.539+0000][1][gc,heap      ] GC(4) ParNew: 147596K->9595K(157248K)
[2020-04-26T18:57:23.539+0000][1][gc,heap      ] GC(4) CMS: 9526K->9526K(349568K)
[2020-04-26T18:57:23.539+0000][1][gc,metaspace ] GC(4) Metaspace: 19802K->19802K(1067008K)
[2020-04-26T18:57:23.539+0000][1][gc           ] GC(4) Pause Young (Allocation Failure) 153M->18M(494M) 4.444ms
[2020-04-26T18:57:23.539+0000][1][gc,cpu       ] GC(4) User=0.05s Sys=0.00s Real=0.01s
[2020-04-26T18:57:23.539+0000][1][safepoint    ] Safepoint "GenCollectForAllocation", Time since last: 174996400 ns, Reaching safepoint: 44700 ns, At safepoint: 4511200 ns, Total: 4555900 ns
[2020-04-26T18:57:23.599+0000][1][safepoint    ] Safepoint "CollectForMetadataAllocation", Time since last: 60440200 ns, Reaching safepoint: 22600 ns, At safepoint: 140600 ns, Total: 163200 ns
[2020-04-26T18:57:23.611+0000][1][safepoint    ] Safepoint "CollectForMetadataAllocation", Time since last: 11281800 ns, Reaching safepoint: 27200 ns, At safepoint: 123400 ns, Total: 150600 ns
[2020-04-26T18:57:23.631+0000][1][safepoint    ] Safepoint "CollectForMetadataAllocation", Time since last: 19437900 ns, Reaching safepoint: 28000 ns, At safepoint: 361800 ns, Total: 389800 ns
[2020-04-26T18:57:23.750+0000][1][gc,start     ] GC(5) Pause Young (Allocation Failure)
[2020-04-26T18:57:23.750+0000][1][gc,task      ] GC(5) Using 10 workers of 10 for evacuation
[2020-04-26T18:57:23.754+0000][1][gc,age       ] GC(5) Desired survivor size 8945664 bytes, new threshold 6 (max threshold 6)
[2020-04-26T18:57:23.754+0000][1][gc,age       ] GC(5) Age table with threshold 6 (max threshold 6)
[2020-04-26T18:57:23.754+0000][1][gc,age       ] GC(5) - age   1:    1573704 bytes,    1573704 total
[2020-04-26T18:57:23.754+0000][1][gc,age       ] GC(5) - age   2:     525736 bytes,    2099440 total
[2020-04-26T18:57:23.754+0000][1][gc,age       ] GC(5) - age   3:    2338824 bytes,    4438264 total
[2020-04-26T18:57:23.754+0000][1][gc,age       ] GC(5) - age   4:    1715680 bytes,    6153944 total
[2020-04-26T18:57:23.754+0000][1][gc,age       ] GC(5) - age   5:    1588768 bytes,    7742712 total
[2020-04-26T18:57:23.754+0000][1][gc,heap      ] GC(5) ParNew: 149371K->10686K(157248K)
[2020-04-26T18:57:23.754+0000][1][gc,heap      ] GC(5) CMS: 9526K->9526K(349568K)
[2020-04-26T18:57:23.754+0000][1][gc,metaspace ] GC(5) Metaspace: 20747K->20747K(1069056K)
[2020-04-26T18:57:23.754+0000][1][gc           ] GC(5) Pause Young (Allocation Failure) 155M->19M(494M) 3.645ms
[2020-04-26T18:57:23.754+0000][1][gc,cpu       ] GC(5) User=0.03s Sys=0.00s Real=0.00s
[2020-04-26T18:57:23.754+0000][1][safepoint    ] Safepoint "GenCollectForAllocation", Time since last: 119261000 ns, Reaching safepoint: 140900 ns, At safepoint: 3764500 ns, Total: 3905400 ns
[2020-04-26T18:57:23.754+0000][1][gc,start     ] GC(6) Pause Initial Mark
[2020-04-26T18:57:23.755+0000][1][gc           ] GC(6) Pause Initial Mark 22M->22M(494M) 1.220ms
[2020-04-26T18:57:23.755+0000][1][gc,cpu       ] GC(6) User=0.00s Sys=0.00s Real=0.00s
[2020-04-26T18:57:23.756+0000][1][safepoint    ] Safepoint "CMS_Initial_Mark", Time since last: 198600 ns, Reaching safepoint: 123900 ns, At safepoint: 1355400 ns, Total: 1479300 ns
[2020-04-26T18:57:23.756+0000][1][gc           ] GC(6) Concurrent Mark
[2020-04-26T18:57:23.756+0000][1][gc,task      ] GC(6) Using 3 workers of 3 for marking
[2020-04-26T18:57:23.762+0000][1][gc           ] GC(6) Concurrent Mark 6.811ms
[2020-04-26T18:57:23.762+0000][1][gc,cpu       ] GC(6) User=0.04s Sys=0.00s Real=0.01s
[2020-04-26T18:57:23.762+0000][1][gc           ] GC(6) Concurrent Preclean
[2020-04-26T18:57:23.763+0000][1][gc           ] GC(6) Concurrent Preclean 0.947ms
[2020-04-26T18:57:23.763+0000][1][gc,cpu       ] GC(6) User=0.01s Sys=0.00s Real=0.00s
[2020-04-26T18:57:23.763+0000][1][gc           ] GC(6) Concurrent Abortable Preclean
[2020-04-26T18:57:23.918+0000][1][gc,start     ] GC(7) Pause Young (Allocation Failure)
[2020-04-26T18:57:23.918+0000][1][gc,task      ] GC(7) Using 10 workers of 10 for evacuation
[2020-04-26T18:57:23.921+0000][1][gc,age       ] GC(7) Desired survivor size 8945664 bytes, new threshold 6 (max threshold 6)
[2020-04-26T18:57:23.921+0000][1][gc,age       ] GC(7) Age table with threshold 6 (max threshold 6)
[2020-04-26T18:57:23.921+0000][1][gc,age       ] GC(7) - age   1:     452024 bytes,     452024 total
[2020-04-26T18:57:23.921+0000][1][gc,age       ] GC(7) - age   2:     797232 bytes,    1249256 total
[2020-04-26T18:57:23.921+0000][1][gc,age       ] GC(7) - age   3:     525832 bytes,    1775088 total
[2020-04-26T18:57:23.921+0000][1][gc,age       ] GC(7) - age   4:    2338656 bytes,    4113744 total
[2020-04-26T18:57:23.921+0000][1][gc,age       ] GC(7) - age   5:    1715720 bytes,    5829464 total
[2020-04-26T18:57:23.921+0000][1][gc,age       ] GC(7) - age   6:    1588768 bytes,    7418232 total
[2020-04-26T18:57:23.921+0000][1][gc,heap      ] GC(7) ParNew: 150462K->11271K(157248K)
[2020-04-26T18:57:23.921+0000][1][gc,heap      ] GC(7) CMS: 9526K->9526K(349568K)
[2020-04-26T18:57:23.921+0000][1][gc,metaspace ] GC(7) Metaspace: 20934K->20934K(1069056K)
[2020-04-26T18:57:23.921+0000][1][gc           ] GC(7) Pause Young (Allocation Failure) 156M->20M(494M) 3.399ms
[2020-04-26T18:57:23.921+0000][1][gc,cpu       ] GC(7) User=0.03s Sys=0.00s Real=0.01s
[2020-04-26T18:57:23.921+0000][1][safepoint    ] Safepoint "GenCollectForAllocation", Time since last: 162017500 ns, Reaching safepoint: 139800 ns, At safepoint: 3496200 ns, Total: 3636000 ns
[2020-04-26T18:57:23.923+0000][1][gc           ] GC(6) Concurrent Abortable Preclean 159.169ms
[2020-04-26T18:57:23.923+0000][1][gc,cpu       ] GC(6) User=0.63s Sys=0.02s Real=0.16s
[2020-04-26T18:57:23.923+0000][1][gc,start     ] GC(6) Pause Remark
[2020-04-26T18:57:23.932+0000][1][gc           ] GC(6) Pause Remark 23M->23M(494M) 9.236ms
[2020-04-26T18:57:23.932+0000][1][gc,cpu       ] GC(6) User=0.02s Sys=0.00s Real=0.01s
[2020-04-26T18:57:23.932+0000][1][safepoint    ] Safepoint "CMS_Final_Remark", Time since last: 1557600 ns, Reaching safepoint: 100800 ns, At safepoint: 9457000 ns, Total: 9557800 ns
[2020-04-26T18:57:23.932+0000][1][gc           ] GC(6) Concurrent Sweep
[2020-04-26T18:57:23.937+0000][1][gc           ] GC(6) Concurrent Sweep 4.975ms
[2020-04-26T18:57:23.937+0000][1][gc,cpu       ] GC(6) User=0.01s Sys=0.00s Real=0.00s
[2020-04-26T18:57:23.937+0000][1][gc           ] GC(6) Concurrent Reset
[2020-04-26T18:57:23.938+0000][1][gc           ] GC(6) Concurrent Reset 0.592ms
[2020-04-26T18:57:23.938+0000][1][gc,cpu       ] GC(6) User=0.00s Sys=0.00s Real=0.00s
[2020-04-26T18:57:23.938+0000][1][gc,heap      ] GC(6) Old: 9526K->9523K(349568K)
[2020-04-26T18:57:24.092+0000][1][gc,start     ] GC(8) Pause Young (Allocation Failure)
[2020-04-26T18:57:24.092+0000][1][gc,task      ] GC(8) Using 10 workers of 10 for evacuation
[2020-04-26T18:57:24.096+0000][1][gc,age       ] GC(8) Desired survivor size 8945664 bytes, new threshold 6 (max threshold 6)
[2020-04-26T18:57:24.096+0000][1][gc,age       ] GC(8) Age table with threshold 6 (max threshold 6)
[2020-04-26T18:57:24.096+0000][1][gc,age       ] GC(8) - age   1:    1145840 bytes,    1145840 total
[2020-04-26T18:57:24.096+0000][1][gc,age       ] GC(8) - age   2:     416480 bytes,    1562320 total
[2020-04-26T18:57:24.096+0000][1][gc,age       ] GC(8) - age   3:     796960 bytes,    2359280 total
[2020-04-26T18:57:24.096+0000][1][gc,age       ] GC(8) - age   4:     525736 bytes,    2885016 total
[2020-04-26T18:57:24.096+0000][1][gc,age       ] GC(8) - age   5:    2337664 bytes,    5222680 total
[2020-04-26T18:57:24.096+0000][1][gc,age       ] GC(8) - age   6:    1715648 bytes,    6938328 total
[2020-04-26T18:57:24.096+0000][1][gc,heap      ] GC(8) ParNew: 151047K->8781K(157248K)
[2020-04-26T18:57:24.096+0000][1][gc,heap      ] GC(8) CMS: 9523K->11090K(349568K)
[2020-04-26T18:57:24.096+0000][1][gc,metaspace ] GC(8) Metaspace: 21041K->21041K(1069056K)
[2020-04-26T18:57:24.096+0000][1][gc           ] GC(8) Pause Young (Allocation Failure) 156M->19M(494M) 4.066ms
[2020-04-26T18:57:24.096+0000][1][gc,cpu       ] GC(8) User=0.03s Sys=0.00s Real=0.00s
[2020-04-26T18:57:24.096+0000][1][safepoint    ] Safepoint "GenCollectForAllocation", Time since last: 159456800 ns, Reaching safepoint: 401300 ns, At safepoint: 4155100 ns, Total: 4556400 ns
[2020-04-26T18:57:24.154+0000][1][safepoint    ] Safepoint "Deoptimize", Time since last: 57431600 ns, Reaching safepoint: 27700 ns, At safepoint: 188400 ns, Total: 216100 ns
[2020-04-26T18:57:24.540+0000][1][safepoint    ] Safepoint "Deoptimize", Time since last: 385611600 ns, Reaching safepoint: 208500 ns, At safepoint: 239000 ns, Total: 447500 ns
[2020-04-26T18:57:24.544+0000][1][safepoint    ] Safepoint "Deoptimize", Time since last: 3550700 ns, Reaching safepoint: 38500 ns, At safepoint: 612100 ns, Total: 650600 ns
[2020-04-26T18:57:25.313+0000][1][gc,start     ] GC(9) Pause Young (Allocation Failure)
[2020-04-26T18:57:25.313+0000][1][gc,task      ] GC(9) Using 10 workers of 10 for evacuation
[2020-04-26T18:57:25.322+0000][1][gc,age       ] GC(9) Desired survivor size 8945664 bytes, new threshold 1 (max threshold 6)
[2020-04-26T18:57:25.322+0000][1][gc,age       ] GC(9) Age table with threshold 1 (max threshold 6)
[2020-04-26T18:57:25.322+0000][1][gc,age       ] GC(9) - age   1:   11840816 bytes,   11840816 total
[2020-04-26T18:57:25.322+0000][1][gc,age       ] GC(9) - age   2:     266384 bytes,   12107200 total
[2020-04-26T18:57:25.322+0000][1][gc,age       ] GC(9) - age   3:     413920 bytes,   12521120 total
[2020-04-26T18:57:25.322+0000][1][gc,age       ] GC(9) - age   4:     795840 bytes,   13316960 total
[2020-04-26T18:57:25.322+0000][1][gc,age       ] GC(9) - age   5:     523248 bytes,   13840208 total
[2020-04-26T18:57:25.322+0000][1][gc,age       ] GC(9) - age   6:    2333104 bytes,   16173312 total
[2020-04-26T18:57:25.322+0000][1][gc,heap      ] GC(9) ParNew: 148557K->17472K(157248K)
[2020-04-26T18:57:25.322+0000][1][gc,heap      ] GC(9) CMS: 11090K->12975K(349568K)
[2020-04-26T18:57:25.322+0000][1][gc,metaspace ] GC(9) Metaspace: 28013K->28013K(1075200K)
[2020-04-26T18:57:25.322+0000][1][gc           ] GC(9) Pause Young (Allocation Failure) 155M->29M(494M) 9.597ms
[2020-04-26T18:57:25.322+0000][1][gc,cpu       ] GC(9) User=0.09s Sys=0.00s Real=0.01s
[2020-04-26T18:57:25.322+0000][1][safepoint    ] Safepoint "GenCollectForAllocation", Time since last: 768261600 ns, Reaching safepoint: 191200 ns, At safepoint: 9703900 ns, Total: 9895100 ns
[2020-04-26T18:57:25.832+0000][1][safepoint    ] Safepoint "RevokeBias", Time since last: 509663200 ns, Reaching safepoint: 39600 ns, At safepoint: 54600 ns, Total: 94200 ns
[2020-04-26T18:57:26.004+0000][1][safepoint    ] Safepoint "Deoptimize", Time since last: 171666000 ns, Reaching safepoint: 33700 ns, At safepoint: 324700 ns, Total: 358400 ns
[2020-04-26T18:57:26.130+0000][1][safepoint    ] Safepoint "RevokeBias", Time since last: 126203100 ns, Reaching safepoint: 61400 ns, At safepoint: 66400 ns, Total: 127800 ns
[2020-04-26T18:57:26.244+0000][1][gc,start     ] GC(10) Pause Young (Allocation Failure)
[2020-04-26T18:57:26.244+0000][1][gc,task      ] GC(10) Using 10 workers of 10 for evacuation
[2020-04-26T18:57:26.267+0000][1][gc,age       ] GC(10) Desired survivor size 8945664 bytes, new threshold 1 (max threshold 6)
[2020-04-26T18:57:26.267+0000][1][gc,age       ] GC(10) Age table with threshold 1 (max threshold 6)
[2020-04-26T18:57:26.267+0000][1][gc,age       ] GC(10) - age   1:   15529736 bytes,   15529736 total
[2020-04-26T18:57:26.267+0000][1][gc,heap      ] GC(10) ParNew: 157248K->17472K(157248K)
[2020-04-26T18:57:26.267+0000][1][gc,heap      ] GC(10) CMS: 12975K->31297K(349568K)
[2020-04-26T18:57:26.267+0000][1][gc,metaspace ] GC(10) Metaspace: 30116K->30116K(1077248K)
[2020-04-26T18:57:26.267+0000][1][gc           ] GC(10) Pause Young (Allocation Failure) 166M->47M(494M) 23.683ms
[2020-04-26T18:57:26.267+0000][1][gc,cpu       ] GC(10) User=0.20s Sys=0.02s Real=0.02s
[2020-04-26T18:57:26.267+0000][1][safepoint    ] Safepoint "GenCollectForAllocation", Time since last: 112984400 ns, Reaching safepoint: 57100 ns, At safepoint: 23770700 ns, Total: 23827800 ns
[2020-04-26T18:57:26.358+0000][1][safepoint    ] Safepoint "RevokeBias", Time since last: 90426300 ns, Reaching safepoint: 32100 ns, At safepoint: 47700 ns, Total: 79800 ns
[2020-04-26T18:57:26.383+0000][1][safepoint    ] Safepoint "RevokeBias", Time since last: 25386900 ns, Reaching safepoint: 129300 ns, At safepoint: 75400 ns, Total: 204700 ns
[2020-04-26T18:57:26.387+0000][1][safepoint    ] Safepoint "RevokeBias", Time since last: 3512000 ns, Reaching safepoint: 21000 ns, At safepoint: 76400 ns, Total: 97400 ns
[2020-04-26T18:57:26.392+0000][1][safepoint    ] Safepoint "RevokeBias", Time since last: 5371100 ns, Reaching safepoint: 21000 ns, At safepoint: 51700 ns, Total: 72700 ns
[2020-04-26T18:57:26.401+0000][1][safepoint    ] Safepoint "RevokeBias", Time since last: 8936700 ns, Reaching safepoint: 19200 ns, At safepoint: 68700 ns, Total: 87900 ns
[2020-04-26T18:57:26.406+0000][1][safepoint    ] Safepoint "RevokeBias", Time since last: 4753000 ns, Reaching safepoint: 20300 ns, At safepoint: 55100 ns, Total: 75400 ns
[2020-04-26T18:57:26.412+0000][1][safepoint    ] Safepoint "RevokeBias", Time since last: 5783900 ns, Reaching safepoint: 19100 ns, At safepoint: 47100 ns, Total: 66200 ns
[2020-04-26T18:57:26.416+0000][1][safepoint    ] Safepoint "RevokeBias", Time since last: 4018300 ns, Reaching safepoint: 25600 ns, At safepoint: 55100 ns, Total: 80700 ns
[2020-04-26T18:57:26.823+0000][1][gc,start     ] GC(11) Pause Young (Allocation Failure)
[2020-04-26T18:57:26.823+0000][1][gc,task      ] GC(11) Using 10 workers of 10 for evacuation
[2020-04-26T18:57:26.836+0000][1][gc,age       ] GC(11) Desired survivor size 8945664 bytes, new threshold 6 (max threshold 6)
[2020-04-26T18:57:26.836+0000][1][gc,age       ] GC(11) Age table with threshold 6 (max threshold 6)
[2020-04-26T18:57:26.836+0000][1][gc,age       ] GC(11) - age   1:    2391856 bytes,    2391856 total
[2020-04-26T18:57:26.836+0000][1][gc,heap      ] GC(11) ParNew: 157248K->14652K(157248K)
[2020-04-26T18:57:26.836+0000][1][gc,heap      ] GC(11) CMS: 31297K->47177K(349568K)
[2020-04-26T18:57:26.836+0000][1][gc,metaspace ] GC(11) Metaspace: 33918K->33918K(1081344K)
[2020-04-26T18:57:26.836+0000][1][gc           ] GC(11) Pause Young (Allocation Failure) 184M->60M(494M) 13.262ms
[2020-04-26T18:57:26.836+0000][1][gc,cpu       ] GC(11) User=0.12s Sys=0.00s Real=0.01s
[2020-04-26T18:57:26.837+0000][1][safepoint    ] Safepoint "GenCollectForAllocation", Time since last: 406664400 ns, Reaching safepoint: 186800 ns, At safepoint: 13482700 ns, Total: 13669500 ns
[2020-04-26T18:57:26.881+0000][1][safepoint    ] Safepoint "CollectForMetadataAllocation", Time since last: 44592500 ns, Reaching safepoint: 36100 ns, At safepoint: 131900 ns, Total: 168000 ns
[2020-04-26T18:57:26.906+0000][1][safepoint    ] Safepoint "CollectForMetadataAllocation", Time since last: 23992900 ns, Reaching safepoint: 80400 ns, At safepoint: 296800 ns, Total: 377200 ns
[2020-04-26T18:57:26.932+0000][1][safepoint    ] Safepoint "CollectForMetadataAllocation", Time since last: 25795200 ns, Reaching safepoint: 26500 ns, At safepoint: 114000 ns, Total: 140500 ns
[2020-04-26T18:57:26.964+0000][1][safepoint    ] Safepoint "CollectForMetadataAllocation", Time since last: 32405600 ns, Reaching safepoint: 35800 ns, At safepoint: 135800 ns, Total: 171600 ns
[2020-04-26T18:57:26.979+0000][1][safepoint    ] Safepoint "CollectForMetadataAllocation", Time since last: 13863700 ns, Reaching safepoint: 23800 ns, At safepoint: 517000 ns, Total: 540800 ns
[2020-04-26T18:57:26.994+0000][1][safepoint    ] Safepoint "CollectForMetadataAllocation", Time since last: 15346600 ns, Reaching safepoint: 24900 ns, At safepoint: 177600 ns, Total: 202500 ns
[2020-04-26T18:57:27.012+0000][1][safepoint    ] Safepoint "CollectForMetadataAllocation", Time since last: 17746200 ns, Reaching safepoint: 18000 ns, At safepoint: 142500 ns, Total: 160500 ns
[2020-04-26T18:57:27.024+0000][1][safepoint    ] Safepoint "CollectForMetadataAllocation", Time since last: 12072500 ns, Reaching safepoint: 20000 ns, At safepoint: 113400 ns, Total: 133400 ns
[2020-04-26T18:57:27.041+0000][1][safepoint    ] Safepoint "CollectForMetadataAllocation", Time since last: 16530500 ns, Reaching safepoint: 23000 ns, At safepoint: 156200 ns, Total: 179200 ns
[2020-04-26T18:57:27.061+0000][1][safepoint    ] Safepoint "CollectForMetadataAllocation", Time since last: 19422700 ns, Reaching safepoint: 28200 ns, At safepoint: 126200 ns, Total: 154400 ns
[2020-04-26T18:57:27.081+0000][1][safepoint    ] Safepoint "CollectForMetadataAllocation", Time since last: 20634300 ns, Reaching safepoint: 28800 ns, At safepoint: 175500 ns, Total: 204300 ns
[2020-04-26T18:57:27.083+0000][1][safepoint    ] Safepoint "Deoptimize", Time since last: 721200 ns, Reaching safepoint: 19100 ns, At safepoint: 378900 ns, Total: 398000 ns
[2020-04-26T18:57:27.087+0000][1][safepoint    ] Safepoint "Deoptimize", Time since last: 3778300 ns, Reaching safepoint: 23400 ns, At safepoint: 333800 ns, Total: 357200 ns
[2020-04-26T18:57:27.089+0000][1][safepoint    ] Safepoint "CollectForMetadataAllocation", Time since last: 1932100 ns, Reaching safepoint: 16400 ns, At safepoint: 79700 ns, Total: 96100 ns
[2020-04-26T18:57:27.101+0000][1][safepoint    ] Safepoint "CollectForMetadataAllocation", Time since last: 11932800 ns, Reaching safepoint: 115600 ns, At safepoint: 175000 ns, Total: 290600 ns
[2020-04-26T18:57:27.109+0000][1][safepoint    ] Safepoint "RevokeBias", Time since last: 7740200 ns, Reaching safepoint: 162500 ns, At safepoint: 147800 ns, Total: 310300 ns
[2020-04-26T18:57:27.111+0000][1][safepoint    ] Safepoint "Deoptimize", Time since last: 1316000 ns, Reaching safepoint: 25100 ns, At safepoint: 432600 ns, Total: 457700 ns
[2020-04-26T18:57:27.117+0000][1][safepoint    ] Safepoint "RevokeBias", Time since last: 6359400 ns, Reaching safepoint: 38000 ns, At safepoint: 96000 ns, Total: 134000 ns
[2020-04-26T18:57:27.120+0000][1][safepoint    ] Safepoint "CollectForMetadataAllocation", Time since last: 2357200 ns, Reaching safepoint: 27200 ns, At safepoint: 412000 ns, Total: 439200 ns
[2020-04-26T18:57:27.129+0000][1][safepoint    ] Safepoint "RevokeBias", Time since last: 8713400 ns, Reaching safepoint: 30200 ns, At safepoint: 77400 ns, Total: 107600 ns
[2020-04-26T18:57:27.146+0000][1][safepoint    ] Safepoint "CollectForMetadataAllocation", Time since last: 17146200 ns, Reaching safepoint: 27800 ns, At safepoint: 116000 ns, Total: 143800 ns
[2020-04-26T18:57:27.157+0000][1][safepoint    ] Safepoint "CollectForMetadataAllocation", Time since last: 10413100 ns, Reaching safepoint: 19600 ns, At safepoint: 78100 ns, Total: 97700 ns
[2020-04-26T18:57:27.177+0000][1][safepoint    ] Safepoint "CollectForMetadataAllocation", Time since last: 20451500 ns, Reaching safepoint: 20900 ns, At safepoint: 145400 ns, Total: 166300 ns
[2020-04-26T18:57:27.193+0000][1][safepoint    ] Safepoint "CollectForMetadataAllocation", Time since last: 15766900 ns, Reaching safepoint: 19600 ns, At safepoint: 179600 ns, Total: 199200 ns
[2020-04-26T18:57:27.208+0000][1][safepoint    ] Safepoint "CollectForMetadataAllocation", Time since last: 14396600 ns, Reaching safepoint: 155100 ns, At safepoint: 167300 ns, Total: 322400 ns
[2020-04-26T18:57:27.220+0000][1][safepoint    ] Safepoint "CollectForMetadataAllocation", Time since last: 11981200 ns, Reaching safepoint: 31700 ns, At safepoint: 223300 ns, Total: 255000 ns
[2020-04-26T18:57:27.245+0000][1][safepoint    ] Safepoint "CollectForMetadataAllocation", Time since last: 24182500 ns, Reaching safepoint: 20500 ns, At safepoint: 121800 ns, Total: 142300 ns
[2020-04-26T18:57:27.259+0000][1][safepoint    ] Safepoint "CollectForMetadataAllocation", Time since last: 13813100 ns, Reaching safepoint: 18500 ns, At safepoint: 171400 ns, Total: 189900 ns
[2020-04-26T18:57:27.281+0000][1][safepoint    ] Safepoint "CollectForMetadataAllocation", Time since last: 22577100 ns, Reaching safepoint: 21000 ns, At safepoint: 137500 ns, Total: 158500 ns
[2020-04-26T18:57:27.294+0000][1][safepoint    ] Safepoint "CollectForMetadataAllocation", Time since last: 12412600 ns, Reaching safepoint: 33100 ns, At safepoint: 214900 ns, Total: 248000 ns
[2020-04-26T18:57:27.319+0000][1][safepoint    ] Safepoint "CollectForMetadataAllocation", Time since last: 24714300 ns, Reaching safepoint: 20800 ns, At safepoint: 131500 ns, Total: 152300 ns
[2020-04-26T18:57:27.334+0000][1][safepoint    ] Safepoint "CollectForMetadataAllocation", Time since last: 15086200 ns, Reaching safepoint: 28100 ns, At safepoint: 155000 ns, Total: 183100 ns
[2020-04-26T18:57:27.358+0000][1][safepoint    ] Safepoint "CollectForMetadataAllocation", Time since last: 23374400 ns, Reaching safepoint: 134400 ns, At safepoint: 144000 ns, Total: 278400 ns
[2020-04-26T18:57:27.375+0000][1][safepoint    ] Safepoint "CollectForMetadataAllocation", Time since last: 17491900 ns, Reaching safepoint: 25800 ns, At safepoint: 121500 ns, Total: 147300 ns
[2020-04-26T18:57:27.409+0000][1][safepoint    ] Safepoint "CollectForMetadataAllocation", Time since last: 33425500 ns, Reaching safepoint: 39700 ns, At safepoint: 137300 ns, Total: 177000 ns
[2020-04-26T18:57:27.430+0000][1][safepoint    ] Safepoint "CollectForMetadataAllocation", Time since last: 20545700 ns, Reaching safepoint: 22100 ns, At safepoint: 119800 ns, Total: 141900 ns
[2020-04-26T18:57:27.443+0000][1][safepoint    ] Safepoint "CollectForMetadataAllocation", Time since last: 12682700 ns, Reaching safepoint: 48300 ns, At safepoint: 273500 ns, Total: 321800 ns
[2020-04-26T18:57:27.473+0000][1][safepoint    ] Safepoint "CollectForMetadataAllocation", Time since last: 30323800 ns, Reaching safepoint: 52900 ns, At safepoint: 155400 ns, Total: 208300 ns
[2020-04-26T18:57:27.504+0000][1][safepoint    ] Safepoint "CollectForMetadataAllocation", Time since last: 30460400 ns, Reaching safepoint: 27000 ns, At safepoint: 112100 ns, Total: 139100 ns
[2020-04-26T18:57:27.529+0000][1][safepoint    ] Safepoint "CollectForMetadataAllocation", Time since last: 25144900 ns, Reaching safepoint: 26500 ns, At safepoint: 390100 ns, Total: 416600 ns
[2020-04-26T18:57:27.542+0000][1][safepoint    ] Safepoint "CollectForMetadataAllocation", Time since last: 12476700 ns, Reaching safepoint: 18200 ns, At safepoint: 122600 ns, Total: 140800 ns
[2020-04-26T18:57:27.543+0000][1][safepoint    ] Safepoint "RevokeBias", Time since last: 645600 ns, Reaching safepoint: 105600 ns, At safepoint: 65000 ns, Total: 170600 ns
[2020-04-26T18:57:27.543+0000][1][safepoint    ] Safepoint "RevokeBias", Time since last: 164800 ns, Reaching safepoint: 94200 ns, At safepoint: 51700 ns, Total: 145900 ns
[2020-04-26T18:57:27.556+0000][1][safepoint    ] Safepoint "CollectForMetadataAllocation", Time since last: 12723000 ns, Reaching safepoint: 29700 ns, At safepoint: 130300 ns, Total: 160000 ns
[2020-04-26T18:57:27.634+0000][1][safepoint    ] Safepoint "CollectForMetadataAllocation", Time since last: 77702300 ns, Reaching safepoint: 32300 ns, At safepoint: 164600 ns, Total: 196900 ns
[2020-04-26T18:57:27.640+0000][1][safepoint    ] Safepoint "CollectForMetadataAllocation", Time since last: 5701500 ns, Reaching safepoint: 170600 ns, At safepoint: 158700 ns, Total: 329300 ns
[2020-04-26T18:57:27.644+0000][1][safepoint    ] Safepoint "CollectForMetadataAllocation", Time since last: 4355500 ns, Reaching safepoint: 63700 ns, At safepoint: 118600 ns, Total: 182300 ns
[2020-04-26T18:57:27.652+0000][1][safepoint    ] Safepoint "Deoptimize", Time since last: 7449200 ns, Reaching safepoint: 140300 ns, At safepoint: 356600 ns, Total: 496900 ns
[2020-04-26T18:57:27.654+0000][1][safepoint    ] Safepoint "CollectForMetadataAllocation", Time since last: 1194700 ns, Reaching safepoint: 103700 ns, At safepoint: 126200 ns, Total: 229900 ns
[2020-04-26T18:57:27.670+0000][1][safepoint    ] Safepoint "CollectForMetadataAllocation", Time since last: 15790300 ns, Reaching safepoint: 29500 ns, At safepoint: 153900 ns, Total: 183400 ns
[2020-04-26T18:57:27.873+0000][1][safepoint    ] Safepoint "CollectForMetadataAllocation", Time since last: 202857100 ns, Reaching safepoint: 39700 ns, At safepoint: 388500 ns, Total: 428200 ns
[2020-04-26T18:57:28.140+0000][1][safepoint    ] Safepoint "CollectForMetadataAllocation", Time since last: 266335400 ns, Reaching safepoint: 44100 ns, At safepoint: 186400 ns, Total: 230500 ns
[2020-04-26T18:57:28.157+0000][1][safepoint    ] Safepoint "CollectForMetadataAllocation", Time since last: 17311300 ns, Reaching safepoint: 25500 ns, At safepoint: 340800 ns, Total: 366300 ns
[2020-04-26T18:57:28.188+0000][1][safepoint    ] Safepoint "Deoptimize", Time since last: 30276300 ns, Reaching safepoint: 34400 ns, At safepoint: 337100 ns, Total: 371500 ns
[2020-04-26T18:57:28.299+0000][1][safepoint    ] Safepoint "CollectForMetadataAllocation", Time since last: 111358500 ns, Reaching safepoint: 37800 ns, At safepoint: 101100 ns, Total: 138900 ns
[2020-04-26T18:57:28.372+0000][1][safepoint    ] Safepoint "CollectForMetadataAllocation", Time since last: 72782100 ns, Reaching safepoint: 42000 ns, At safepoint: 165900 ns, Total: 207900 ns
[2020-04-26T18:57:28.397+0000][1][safepoint    ] Safepoint "CollectForMetadataAllocation", Time since last: 24689400 ns, Reaching safepoint: 33700 ns, At safepoint: 182100 ns, Total: 215800 ns
[2020-04-26T18:57:28.406+0000][1][safepoint    ] Safepoint "RevokeBias", Time since last: 8768900 ns, Reaching safepoint: 135500 ns, At safepoint: 82500 ns, Total: 218000 ns
[2020-04-26T18:57:28.419+0000][1][safepoint    ] Safepoint "RevokeBias", Time since last: 12682600 ns, Reaching safepoint: 106400 ns, At safepoint: 168300 ns, Total: 274700 ns
[2020-04-26T18:57:28.440+0000][1][safepoint    ] Safepoint "CollectForMetadataAllocation", Time since last: 20260100 ns, Reaching safepoint: 86600 ns, At safepoint: 217100 ns, Total: 303700 ns
[2020-04-26T18:57:28.471+0000][1][safepoint    ] Safepoint "CollectForMetadataAllocation", Time since last: 30612900 ns, Reaching safepoint: 37000 ns, At safepoint: 93400 ns, Total: 130400 ns
[2020-04-26T18:57:28.483+0000][1][safepoint    ] Safepoint "RevokeBias", Time since last: 12406700 ns, Reaching safepoint: 160000 ns, At safepoint: 110400 ns, Total: 270400 ns
[2020-04-26T18:57:28.511+0000][1][safepoint    ] Safepoint "RevokeBias", Time since last: 27738900 ns, Reaching safepoint: 30900 ns, At safepoint: 66100 ns, Total: 97000 ns
[2020-04-26T18:57:28.519+0000][1][safepoint    ] Safepoint "RevokeBias", Time since last: 7203200 ns, Reaching safepoint: 191900 ns, At safepoint: 101700 ns, Total: 293600 ns
[2020-04-26T18:57:28.562+0000][1][safepoint    ] Safepoint "CollectForMetadataAllocation", Time since last: 43195600 ns, Reaching safepoint: 58800 ns, At safepoint: 242600 ns, Total: 301400 ns
[2020-04-26T18:57:28.611+0000][1][safepoint    ] Safepoint "CollectForMetadataAllocation", Time since last: 48152000 ns, Reaching safepoint: 291500 ns, At safepoint: 347400 ns, Total: 638900 ns
[2020-04-26T18:57:28.637+0000][1][safepoint    ] Safepoint "CollectForMetadataAllocation", Time since last: 25882500 ns, Reaching safepoint: 34100 ns, At safepoint: 156200 ns, Total: 190300 ns
[2020-04-26T18:57:28.674+0000][1][safepoint    ] Safepoint "CollectForMetadataAllocation", Time since last: 37226600 ns, Reaching safepoint: 36600 ns, At safepoint: 149900 ns, Total: 186500 ns
[2020-04-26T18:57:28.700+0000][1][gc,start     ] GC(12) Pause Young (Allocation Failure)
[2020-04-26T18:57:28.700+0000][1][gc,task      ] GC(12) Using 10 workers of 10 for evacuation
[2020-04-26T18:57:28.708+0000][1][gc,age       ] GC(12) Desired survivor size 8945664 bytes, new threshold 2 (max threshold 6)
[2020-04-26T18:57:28.708+0000][1][gc,age       ] GC(12) Age table with threshold 2 (max threshold 6)
[2020-04-26T18:57:28.708+0000][1][gc,age       ] GC(12) - age   1:    7724200 bytes,    7724200 total
[2020-04-26T18:57:28.708+0000][1][gc,age       ] GC(12) - age   2:    2046272 bytes,    9770472 total
[2020-04-26T18:57:28.708+0000][1][gc,heap      ] GC(12) ParNew: 154428K->10669K(157248K)
[2020-04-26T18:57:28.708+0000][1][gc,heap      ] GC(12) CMS: 47177K->47177K(349568K)
[2020-04-26T18:57:28.708+0000][1][gc,metaspace ] GC(12) Metaspace: 50214K->50214K(1095680K)
[2020-04-26T18:57:28.708+0000][1][gc           ] GC(12) Pause Young (Allocation Failure) 196M->56M(494M) 8.030ms
[2020-04-26T18:57:28.708+0000][1][gc,cpu       ] GC(12) User=0.05s Sys=0.00s Real=0.00s
[2020-04-26T18:57:28.708+0000][1][safepoint    ] Safepoint "GenCollectForAllocation", Time since last: 25408900 ns, Reaching safepoint: 400700 ns, At safepoint: 8148900 ns, Total: 8549600 ns
[2020-04-26T18:57:28.709+0000][1][gc,start     ] GC(13) Pause Initial Mark
[2020-04-26T18:57:28.711+0000][1][gc           ] GC(13) Pause Initial Mark 56M->56M(494M) 2.326ms
[2020-04-26T18:57:28.711+0000][1][gc,cpu       ] GC(13) User=0.01s Sys=0.00s Real=0.00s
[2020-04-26T18:57:28.711+0000][1][safepoint    ] Safepoint "CMS_Initial_Mark", Time since last: 279100 ns, Reaching safepoint: 152000 ns, At safepoint: 2462000 ns, Total: 2614000 ns
[2020-04-26T18:57:28.711+0000][1][gc           ] GC(13) Concurrent Mark
[2020-04-26T18:57:28.711+0000][1][gc,task      ] GC(13) Using 3 workers of 3 for marking
[2020-04-26T18:57:28.714+0000][1][safepoint    ] Safepoint "RevokeBias", Time since last: 2756200 ns, Reaching safepoint: 301900 ns, At safepoint: 65700 ns, Total: 367600 ns
[2020-04-26T18:57:28.715+0000][1][safepoint    ] Safepoint "RevokeBias", Time since last: 134300 ns, Reaching safepoint: 116000 ns, At safepoint: 37000 ns, Total: 153000 ns
[2020-04-26T18:57:28.715+0000][1][safepoint    ] Safepoint "RevokeBias", Time since last: 98400 ns, Reaching safepoint: 98700 ns, At safepoint: 41000 ns, Total: 139700 ns
[2020-04-26T18:57:28.715+0000][1][safepoint    ] Safepoint "RevokeBias", Time since last: 92400 ns, Reaching safepoint: 97700 ns, At safepoint: 39500 ns, Total: 137200 ns
[2020-04-26T18:57:28.715+0000][1][safepoint    ] Safepoint "RevokeBias", Time since last: 90200 ns, Reaching safepoint: 97900 ns, At safepoint: 63800 ns, Total: 161700 ns
[2020-04-26T18:57:28.716+0000][1][safepoint    ] Safepoint "RevokeBias", Time since last: 128500 ns, Reaching safepoint: 269500 ns, At safepoint: 58100 ns, Total: 327600 ns
[2020-04-26T18:57:28.716+0000][1][safepoint    ] Safepoint "RevokeBias", Time since last: 109900 ns, Reaching safepoint: 103800 ns, At safepoint: 45800 ns, Total: 149600 ns
[2020-04-26T18:57:28.716+0000][1][safepoint    ] Safepoint "RevokeBias", Time since last: 248600 ns, Reaching safepoint: 29200 ns, At safepoint: 66300 ns, Total: 95500 ns
[2020-04-26T18:57:28.717+0000][1][safepoint    ] Safepoint "RevokeBias", Time since last: 125500 ns, Reaching safepoint: 112100 ns, At safepoint: 41000 ns, Total: 153100 ns
[2020-04-26T18:57:28.717+0000][1][safepoint    ] Safepoint "RevokeBias", Time since last: 94700 ns, Reaching safepoint: 146900 ns, At safepoint: 31800 ns, Total: 178700 ns
[2020-04-26T18:57:28.717+0000][1][safepoint    ] Safepoint "RevokeBias", Time since last: 110000 ns, Reaching safepoint: 109200 ns, At safepoint: 42800 ns, Total: 152000 ns
[2020-04-26T18:57:28.717+0000][1][safepoint    ] Safepoint "RevokeBias", Time since last: 89500 ns, Reaching safepoint: 95300 ns, At safepoint: 31900 ns, Total: 127200 ns
[2020-04-26T18:57:28.718+0000][1][safepoint    ] Safepoint "BulkRevokeBias", Time since last: 83100 ns, Reaching safepoint: 94100 ns, At safepoint: 71900 ns, Total: 166000 ns
[2020-04-26T18:57:28.719+0000][1][safepoint    ] Safepoint "CollectForMetadataAllocation", Time since last: 577100 ns, Reaching safepoint: 225500 ns, At safepoint: 524600 ns, Total: 750100 ns
[2020-04-26T18:57:28.721+0000][1][safepoint    ] Safepoint "RevokeBias", Time since last: 2007100 ns, Reaching safepoint: 358200 ns, At safepoint: 63600 ns, Total: 421800 ns
[2020-04-26T18:57:28.722+0000][1][safepoint    ] Safepoint "RevokeBias", Time since last: 119300 ns, Reaching safepoint: 99200 ns, At safepoint: 36500 ns, Total: 135700 ns
[2020-04-26T18:57:28.722+0000][1][safepoint    ] Safepoint "RevokeBias", Time since last: 243400 ns, Reaching safepoint: 18200 ns, At safepoint: 50000 ns, Total: 68200 ns
[2020-04-26T18:57:28.751+0000][1][gc           ] GC(13) Concurrent Mark 39.243ms
[2020-04-26T18:57:28.751+0000][1][gc,cpu       ] GC(13) User=0.28s Sys=0.00s Real=0.04s
[2020-04-26T18:57:28.751+0000][1][gc           ] GC(13) Concurrent Preclean
[2020-04-26T18:57:28.753+0000][1][gc           ] GC(13) Concurrent Preclean 2.070ms
[2020-04-26T18:57:28.753+0000][1][gc,cpu       ] GC(13) User=0.00s Sys=0.00s Real=0.00s
[2020-04-26T18:57:28.753+0000][1][gc           ] GC(13) Concurrent Abortable Preclean
[2020-04-26T18:57:28.760+0000][1][safepoint    ] Safepoint "CollectForMetadataAllocation", Time since last: 37541100 ns, Reaching safepoint: 354600 ns, At safepoint: 251000 ns, Total: 605600 ns
[2020-04-26T18:57:28.803+0000][1][safepoint    ] Safepoint "RevokeBias", Time since last: 42771500 ns, Reaching safepoint: 73200 ns, At safepoint: 103200 ns, Total: 176400 ns
[2020-04-26T18:57:28.804+0000][1][safepoint    ] Safepoint "RevokeBias", Time since last: 168700 ns, Reaching safepoint: 307900 ns, At safepoint: 105600 ns, Total: 413500 ns
[2020-04-26T18:57:28.804+0000][1][safepoint    ] Safepoint "RevokeBias", Time since last: 221800 ns, Reaching safepoint: 42100 ns, At safepoint: 62300 ns, Total: 104400 ns
[2020-04-26T18:57:28.805+0000][1][safepoint    ] Safepoint "RevokeBias", Time since last: 208800 ns, Reaching safepoint: 146700 ns, At safepoint: 134000 ns, Total: 280700 ns
[2020-04-26T18:57:28.806+0000][1][safepoint    ] Safepoint "RevokeBias", Time since last: 523000 ns, Reaching safepoint: 272800 ns, At safepoint: 230600 ns, Total: 503400 ns
[2020-04-26T18:57:28.807+0000][1][safepoint    ] Safepoint "RevokeBias", Time since last: 1115000 ns, Reaching safepoint: 165800 ns, At safepoint: 114800 ns, Total: 280600 ns
[2020-04-26T18:57:28.809+0000][1][safepoint    ] Safepoint "RevokeBias", Time since last: 1319400 ns, Reaching safepoint: 164800 ns, At safepoint: 149200 ns, Total: 314000 ns
[2020-04-26T18:57:28.810+0000][1][safepoint    ] Safepoint "RevokeBias", Time since last: 686500 ns, Reaching safepoint: 142100 ns, At safepoint: 111800 ns, Total: 253900 ns
[2020-04-26T18:57:28.810+0000][1][safepoint    ] Safepoint "RevokeBias", Time since last: 100300 ns, Reaching safepoint: 123000 ns, At safepoint: 154000 ns, Total: 277000 ns
[2020-04-26T18:57:28.810+0000][1][safepoint    ] Safepoint "RevokeBias", Time since last: 98600 ns, Reaching safepoint: 115000 ns, At safepoint: 110200 ns, Total: 225200 ns
[2020-04-26T18:57:28.810+0000][1][safepoint    ] Safepoint "RevokeBias", Time since last: 102400 ns, Reaching safepoint: 32000 ns, At safepoint: 74900 ns, Total: 106900 ns
[2020-04-26T18:57:28.811+0000][1][safepoint    ] Safepoint "RevokeBias", Time since last: 110700 ns, Reaching safepoint: 24800 ns, At safepoint: 72600 ns, Total: 97400 ns
[2020-04-26T18:57:28.811+0000][1][safepoint    ] Safepoint "RevokeBias", Time since last: 99600 ns, Reaching safepoint: 123700 ns, At safepoint: 74800 ns, Total: 198500 ns
[2020-04-26T18:57:28.811+0000][1][safepoint    ] Safepoint "RevokeBias", Time since last: 111000 ns, Reaching safepoint: 124100 ns, At safepoint: 88800 ns, Total: 212900 ns
[2020-04-26T18:57:28.812+0000][1][safepoint    ] Safepoint "RevokeBias", Time since last: 95800 ns, Reaching safepoint: 273200 ns, At safepoint: 85400 ns, Total: 358600 ns
[2020-04-26T18:57:28.812+0000][1][safepoint    ] Safepoint "RevokeBias", Time since last: 116700 ns, Reaching safepoint: 107100 ns, At safepoint: 68800 ns, Total: 175900 ns
[2020-04-26T18:57:28.812+0000][1][safepoint    ] Safepoint "RevokeBias", Time since last: 88900 ns, Reaching safepoint: 108800 ns, At safepoint: 84300 ns, Total: 193100 ns
[2020-04-26T18:57:28.812+0000][1][safepoint    ] Safepoint "RevokeBias", Time since last: 89100 ns, Reaching safepoint: 42400 ns, At safepoint: 78100 ns, Total: 120500 ns
[2020-04-26T18:57:28.813+0000][1][safepoint    ] Safepoint "RevokeBias", Time since last: 87400 ns, Reaching safepoint: 107900 ns, At safepoint: 69500 ns, Total: 177400 ns
[2020-04-26T18:57:28.813+0000][1][safepoint    ] Safepoint "RevokeBias", Time since last: 104900 ns, Reaching safepoint: 109800 ns, At safepoint: 75900 ns, Total: 185700 ns
[2020-04-26T18:57:28.813+0000][1][safepoint    ] Safepoint "RevokeBias", Time since last: 95400 ns, Reaching safepoint: 111800 ns, At safepoint: 80500 ns, Total: 192300 ns
[2020-04-26T18:57:28.814+0000][1][safepoint    ] Safepoint "RevokeBias", Time since last: 109500 ns, Reaching safepoint: 115100 ns, At safepoint: 95300 ns, Total: 210400 ns
[2020-04-26T18:57:28.814+0000][1][safepoint    ] Safepoint "RevokeBias", Time since last: 96800 ns, Reaching safepoint: 124300 ns, At safepoint: 98500 ns, Total: 222800 ns
[2020-04-26T18:57:28.814+0000][1][safepoint    ] Safepoint "RevokeBias", Time since last: 121900 ns, Reaching safepoint: 133200 ns, At safepoint: 96800 ns, Total: 230000 ns
[2020-04-26T18:57:28.815+0000][1][safepoint    ] Safepoint "RevokeBias", Time since last: 110700 ns, Reaching safepoint: 58000 ns, At safepoint: 66900 ns, Total: 124900 ns
[2020-04-26T18:57:28.815+0000][1][safepoint    ] Safepoint "RevokeBias", Time since last: 117100 ns, Reaching safepoint: 38000 ns, At safepoint: 126900 ns, Total: 164900 ns
[2020-04-26T18:57:28.815+0000][1][safepoint    ] Safepoint "BulkRevokeBias", Time since last: 111700 ns, Reaching safepoint: 134700 ns, At safepoint: 244200 ns, Total: 378900 ns
[2020-04-26T18:57:28.816+0000][1][safepoint    ] Safepoint "RevokeBias", Time since last: 157000 ns, Reaching safepoint: 348300 ns, At safepoint: 120200 ns, Total: 468500 ns
[2020-04-26T18:57:28.816+0000][1][safepoint    ] Safepoint "RevokeBias", Time since last: 110000 ns, Reaching safepoint: 128800 ns, At safepoint: 238100 ns, Total: 366900 ns
[2020-04-26T18:57:28.817+0000][1][safepoint    ] Safepoint "RevokeBias", Time since last: 222200 ns, Reaching safepoint: 153900 ns, At safepoint: 131600 ns, Total: 285500 ns
[2020-04-26T18:57:28.818+0000][1][safepoint    ] Safepoint "RevokeBias", Time since last: 570500 ns, Reaching safepoint: 128500 ns, At safepoint: 82000 ns, Total: 210500 ns
[2020-04-26T18:57:28.818+0000][1][safepoint    ] Safepoint "RevokeBias", Time since last: 130900 ns, Reaching safepoint: 36900 ns, At safepoint: 73800 ns, Total: 110700 ns
[2020-04-26T18:57:28.818+0000][1][safepoint    ] Safepoint "RevokeBias", Time since last: 103000 ns, Reaching safepoint: 32200 ns, At safepoint: 67500 ns, Total: 99700 ns
[2020-04-26T18:57:28.818+0000][1][safepoint    ] Safepoint "RevokeBias", Time since last: 98600 ns, Reaching safepoint: 123300 ns, At safepoint: 72900 ns, Total: 196200 ns
[2020-04-26T18:57:28.819+0000][1][safepoint    ] Safepoint "RevokeBias", Time since last: 128900 ns, Reaching safepoint: 118800 ns, At safepoint: 50900 ns, Total: 169700 ns
[2020-04-26T18:57:28.819+0000][1][safepoint    ] Safepoint "RevokeBias", Time since last: 398300 ns, Reaching safepoint: 119400 ns, At safepoint: 82200 ns, Total: 201600 ns
[2020-04-26T18:57:28.820+0000][1][safepoint    ] Safepoint "RevokeBias", Time since last: 278000 ns, Reaching safepoint: 50400 ns, At safepoint: 93600 ns, Total: 144000 ns
[2020-04-26T18:57:28.820+0000][1][safepoint    ] Safepoint "RevokeBias", Time since last: 197000 ns, Reaching safepoint: 48100 ns, At safepoint: 84200 ns, Total: 132300 ns
[2020-04-26T18:57:28.825+0000][1][safepoint    ] Safepoint "RevokeBias", Time since last: 4519000 ns, Reaching safepoint: 44500 ns, At safepoint: 52500 ns, Total: 97000 ns
[2020-04-26T18:57:28.825+0000][1][safepoint    ] Safepoint "RevokeBias", Time since last: 136700 ns, Reaching safepoint: 34100 ns, At safepoint: 57300 ns, Total: 91400 ns
[2020-04-26T18:57:28.825+0000][1][safepoint    ] Safepoint "RevokeBias", Time since last: 104000 ns, Reaching safepoint: 32900 ns, At safepoint: 57700 ns, Total: 90600 ns
[2020-04-26T18:57:28.825+0000][1][safepoint    ] Safepoint "RevokeBias", Time since last: 99800 ns, Reaching safepoint: 33200 ns, At safepoint: 60100 ns, Total: 93300 ns
[2020-04-26T18:57:28.826+0000][1][safepoint    ] Safepoint "RevokeBias", Time since last: 143400 ns, Reaching safepoint: 29900 ns, At safepoint: 44100 ns, Total: 74000 ns
[2020-04-26T18:57:28.826+0000][1][safepoint    ] Safepoint "RevokeBias", Time since last: 93300 ns, Reaching safepoint: 26800 ns, At safepoint: 39400 ns, Total: 66200 ns
[2020-04-26T18:57:28.826+0000][1][safepoint    ] Safepoint "RevokeBias", Time since last: 95300 ns, Reaching safepoint: 26100 ns, At safepoint: 38700 ns, Total: 64800 ns
[2020-04-26T18:57:28.826+0000][1][safepoint    ] Safepoint "RevokeBias", Time since last: 90200 ns, Reaching safepoint: 24700 ns, At safepoint: 38900 ns, Total: 63600 ns
[2020-04-26T18:57:28.826+0000][1][safepoint    ] Safepoint "RevokeBias", Time since last: 88500 ns, Reaching safepoint: 25900 ns, At safepoint: 40100 ns, Total: 66000 ns
[2020-04-26T18:57:28.826+0000][1][safepoint    ] Safepoint "RevokeBias", Time since last: 87100 ns, Reaching safepoint: 60000 ns, At safepoint: 39900 ns, Total: 99900 ns
[2020-04-26T18:57:28.827+0000][1][safepoint    ] Safepoint "RevokeBias", Time since last: 89000 ns, Reaching safepoint: 25700 ns, At safepoint: 38500 ns, Total: 64200 ns
[2020-04-26T18:57:28.827+0000][1][safepoint    ] Safepoint "RevokeBias", Time since last: 87900 ns, Reaching safepoint: 27800 ns, At safepoint: 40000 ns, Total: 67800 ns
[2020-04-26T18:57:28.827+0000][1][safepoint    ] Safepoint "RevokeBias", Time since last: 96700 ns, Reaching safepoint: 52300 ns, At safepoint: 56200 ns, Total: 108500 ns
[2020-04-26T18:57:28.827+0000][1][safepoint    ] Safepoint "RevokeBias", Time since last: 93100 ns, Reaching safepoint: 27000 ns, At safepoint: 52300 ns, Total: 79300 ns
[2020-04-26T18:57:28.827+0000][1][safepoint    ] Safepoint "BulkRevokeBias", Time since last: 89500 ns, Reaching safepoint: 33100 ns, At safepoint: 111700 ns, Total: 144800 ns
[2020-04-26T18:57:28.828+0000][1][safepoint    ] Safepoint "RevokeBias", Time since last: 170900 ns, Reaching safepoint: 27200 ns, At safepoint: 55600 ns, Total: 82800 ns
[2020-04-26T18:57:28.828+0000][1][safepoint    ] Safepoint "RevokeBias", Time since last: 163800 ns, Reaching safepoint: 30800 ns, At safepoint: 58500 ns, Total: 89300 ns
[2020-04-26T18:57:28.828+0000][1][safepoint    ] Safepoint "RevokeBias", Time since last: 157700 ns, Reaching safepoint: 122000 ns, At safepoint: 62900 ns, Total: 184900 ns
[2020-04-26T18:57:28.828+0000][1][safepoint    ] Safepoint "RevokeBias", Time since last: 124100 ns, Reaching safepoint: 127500 ns, At safepoint: 90400 ns, Total: 217900 ns
[2020-04-26T18:57:28.829+0000][1][safepoint    ] Safepoint "RevokeBias", Time since last: 110800 ns, Reaching safepoint: 123500 ns, At safepoint: 83300 ns, Total: 206800 ns
[2020-04-26T18:57:28.829+0000][1][safepoint    ] Safepoint "RevokeBias", Time since last: 197200 ns, Reaching safepoint: 114800 ns, At safepoint: 78300 ns, Total: 193100 ns
[2020-04-26T18:57:28.830+0000][1][safepoint    ] Safepoint "RevokeBias", Time since last: 290400 ns, Reaching safepoint: 271500 ns, At safepoint: 74500 ns, Total: 346000 ns
[2020-04-26T18:57:28.830+0000][1][safepoint    ] Safepoint "RevokeBias", Time since last: 102900 ns, Reaching safepoint: 107600 ns, At safepoint: 68800 ns, Total: 176400 ns
[2020-04-26T18:57:28.831+0000][1][safepoint    ] Safepoint "RevokeBias", Time since last: 238300 ns, Reaching safepoint: 122000 ns, At safepoint: 81700 ns, Total: 203700 ns
[2020-04-26T18:57:28.831+0000][1][safepoint    ] Safepoint "RevokeBias", Time since last: 103700 ns, Reaching safepoint: 110900 ns, At safepoint: 76000 ns, Total: 186900 ns
[2020-04-26T18:57:28.831+0000][1][safepoint    ] Safepoint "RevokeBias", Time since last: 97300 ns, Reaching safepoint: 110700 ns, At safepoint: 86000 ns, Total: 196700 ns
[2020-04-26T18:57:28.831+0000][1][safepoint    ] Safepoint "RevokeBias", Time since last: 85700 ns, Reaching safepoint: 107400 ns, At safepoint: 77700 ns, Total: 185100 ns
[2020-04-26T18:57:28.832+0000][1][safepoint    ] Safepoint "RevokeBias", Time since last: 367900 ns, Reaching safepoint: 131500 ns, At safepoint: 69300 ns, Total: 200800 ns
[2020-04-26T18:57:28.833+0000][1][safepoint    ] Safepoint "RevokeBias", Time since last: 555100 ns, Reaching safepoint: 44500 ns, At safepoint: 96100 ns, Total: 140600 ns
[2020-04-26T18:57:28.834+0000][1][safepoint    ] Safepoint "RevokeBias", Time since last: 646400 ns, Reaching safepoint: 498700 ns, At safepoint: 106400 ns, Total: 605100 ns
[2020-04-26T18:57:28.834+0000][1][safepoint    ] Safepoint "RevokeBias", Time since last: 190200 ns, Reaching safepoint: 224800 ns, At safepoint: 132100 ns, Total: 356900 ns
[2020-04-26T18:57:28.836+0000][1][safepoint    ] Safepoint "RevokeBias", Time since last: 1101700 ns, Reaching safepoint: 130700 ns, At safepoint: 184900 ns, Total: 315600 ns
[2020-04-26T18:57:28.840+0000][1][safepoint    ] Safepoint "Deoptimize", Time since last: 2768400 ns, Reaching safepoint: 113700 ns, At safepoint: 897000 ns, Total: 1010700 ns
[2020-04-26T18:57:28.841+0000][1][safepoint    ] Safepoint "CollectForMetadataAllocation", Time since last: 1190000 ns, Reaching safepoint: 185500 ns, At safepoint: 232600 ns, Total: 418100 ns
[2020-04-26T18:57:28.842+0000][1][safepoint    ] Safepoint "RevokeBias", Time since last: 290500 ns, Reaching safepoint: 134000 ns, At safepoint: 101100 ns, Total: 235100 ns
[2020-04-26T18:57:28.842+0000][1][safepoint    ] Safepoint "RevokeBias", Time since last: 269200 ns, Reaching safepoint: 114800 ns, At safepoint: 149400 ns, Total: 264200 ns
[2020-04-26T18:57:28.843+0000][1][safepoint    ] Safepoint "RevokeBias", Time since last: 410400 ns, Reaching safepoint: 114300 ns, At safepoint: 127000 ns, Total: 241300 ns
[2020-04-26T18:57:28.843+0000][1][safepoint    ] Safepoint "RevokeBias", Time since last: 43300 ns, Reaching safepoint: 110400 ns, At safepoint: 136500 ns, Total: 246900 ns
[2020-04-26T18:57:28.844+0000][1][safepoint    ] Safepoint "RevokeBias", Time since last: 47300 ns, Reaching safepoint: 127400 ns, At safepoint: 85700 ns, Total: 213100 ns
[2020-04-26T18:57:28.844+0000][1][safepoint    ] Safepoint "RevokeBias", Time since last: 377300 ns, Reaching safepoint: 113900 ns, At safepoint: 85800 ns, Total: 199700 ns
[2020-04-26T18:57:28.844+0000][1][safepoint    ] Safepoint "RevokeBias", Time since last: 103200 ns, Reaching safepoint: 112500 ns, At safepoint: 135100 ns, Total: 247600 ns
[2020-04-26T18:57:28.845+0000][1][safepoint    ] Safepoint "RevokeBias", Time since last: 213900 ns, Reaching safepoint: 119500 ns, At safepoint: 98800 ns, Total: 218300 ns
[2020-04-26T18:57:28.846+0000][1][safepoint    ] Safepoint "RevokeBias", Time since last: 471800 ns, Reaching safepoint: 123200 ns, At safepoint: 98000 ns, Total: 221200 ns
[2020-04-26T18:57:28.846+0000][1][safepoint    ] Safepoint "RevokeBias", Time since last: 112100 ns, Reaching safepoint: 121000 ns, At safepoint: 97900 ns, Total: 218900 ns
[2020-04-26T18:57:28.850+0000][1][safepoint    ] Safepoint "RevokeBias", Time since last: 4135700 ns, Reaching safepoint: 187200 ns, At safepoint: 187200 ns, Total: 374400 ns
[2020-04-26T18:57:28.851+0000][1][safepoint    ] Safepoint "RevokeBias", Time since last: 161300 ns, Reaching safepoint: 153600 ns, At safepoint: 108000 ns, Total: 261600 ns
[2020-04-26T18:57:28.852+0000][1][safepoint    ] Safepoint "RevokeBias", Time since last: 556400 ns, Reaching safepoint: 346300 ns, At safepoint: 154900 ns, Total: 501200 ns
[2020-04-26T18:57:28.880+0000][1][safepoint    ] Safepoint "RevokeBias", Time since last: 27893300 ns, Reaching safepoint: 86500 ns, At safepoint: 49400 ns, Total: 135900 ns
[2020-04-26T18:57:28.892+0000][1][safepoint    ] Safepoint "CollectForMetadataAllocation", Time since last: 11331700 ns, Reaching safepoint: 58200 ns, At safepoint: 168500 ns, Total: 226700 ns
[2020-04-26T18:57:28.905+0000][1][safepoint    ] Safepoint "RevokeBias", Time since last: 13524300 ns, Reaching safepoint: 49300 ns, At safepoint: 45100 ns, Total: 94400 ns
[2020-04-26T18:57:28.918+0000][1][safepoint    ] Safepoint "CollectForMetadataAllocation", Time since last: 12578900 ns, Reaching safepoint: 134900 ns, At safepoint: 179600 ns, Total: 314500 ns
[2020-04-26T18:57:28.920+0000][1][safepoint    ] Safepoint "RevokeBias", Time since last: 2184200 ns, Reaching safepoint: 146000 ns, At safepoint: 56500 ns, Total: 202500 ns
[2020-04-26T18:57:28.927+0000][1][safepoint    ] Safepoint "RevokeBias", Time since last: 6435000 ns, Reaching safepoint: 59000 ns, At safepoint: 50300 ns, Total: 109300 ns
[2020-04-26T18:57:28.929+0000][1][safepoint    ] Safepoint "RevokeBias", Time since last: 1631500 ns, Reaching safepoint: 32600 ns, At safepoint: 32900 ns, Total: 65500 ns
[2020-04-26T18:57:28.934+0000][1][safepoint    ] Safepoint "RevokeBias", Time since last: 5520900 ns, Reaching safepoint: 124900 ns, At safepoint: 49000 ns, Total: 173900 ns
[2020-04-26T18:57:28.958+0000][1][safepoint    ] Safepoint "RevokeBias", Time since last: 23108000 ns, Reaching safepoint: 84300 ns, At safepoint: 34100 ns, Total: 118400 ns
[2020-04-26T18:57:28.965+0000][1][safepoint    ] Safepoint "RevokeBias", Time since last: 6931800 ns, Reaching safepoint: 42200 ns, At safepoint: 35400 ns, Total: 77600 ns
[2020-04-26T18:57:28.973+0000][1][safepoint    ] Safepoint "CollectForMetadataAllocation", Time since last: 8264200 ns, Reaching safepoint: 38900 ns, At safepoint: 129500 ns, Total: 168400 ns
[2020-04-26T18:57:28.982+0000][1][safepoint    ] Safepoint "BulkRevokeBias", Time since last: 8706200 ns, Reaching safepoint: 44400 ns, At safepoint: 107600 ns, Total: 152000 ns
[2020-04-26T18:57:28.995+0000][1][safepoint    ] Safepoint "CollectForMetadataAllocation", Time since last: 13415100 ns, Reaching safepoint: 38900 ns, At safepoint: 92800 ns, Total: 131700 ns
[2020-04-26T18:57:29.023+0000][1][safepoint    ] Safepoint "CollectForMetadataAllocation", Time since last: 26955400 ns, Reaching safepoint: 47500 ns, At safepoint: 136500 ns, Total: 184000 ns
[2020-04-26T18:57:29.051+0000][1][safepoint    ] Safepoint "CollectForMetadataAllocation", Time since last: 27664300 ns, Reaching safepoint: 132000 ns, At safepoint: 176000 ns, Total: 308000 ns
[2020-04-26T18:57:29.073+0000][1][safepoint    ] Safepoint "CollectForMetadataAllocation", Time since last: 22347100 ns, Reaching safepoint: 338300 ns, At safepoint: 185900 ns, Total: 524200 ns
[2020-04-26T18:57:29.099+0000][1][safepoint    ] Safepoint "CollectForMetadataAllocation", Time since last: 25504800 ns, Reaching safepoint: 70400 ns, At safepoint: 169800 ns, Total: 240200 ns
[2020-04-26T18:57:29.125+0000][1][safepoint    ] Safepoint "CollectForMetadataAllocation", Time since last: 25508600 ns, Reaching safepoint: 52900 ns, At safepoint: 132900 ns, Total: 185800 ns
[2020-04-26T18:57:29.151+0000][1][safepoint    ] Safepoint "CollectForMetadataAllocation", Time since last: 25553800 ns, Reaching safepoint: 53700 ns, At safepoint: 157300 ns, Total: 211000 ns
[2020-04-26T18:57:29.172+0000][1][safepoint    ] Safepoint "CollectForMetadataAllocation", Time since last: 21166400 ns, Reaching safepoint: 39900 ns, At safepoint: 118300 ns, Total: 158200 ns
[2020-04-26T18:57:29.190+0000][1][safepoint    ] Safepoint "CollectForMetadataAllocation", Time since last: 18384400 ns, Reaching safepoint: 35000 ns, At safepoint: 147200 ns, Total: 182200 ns
[2020-04-26T18:57:29.212+0000][1][safepoint    ] Safepoint "CollectForMetadataAllocation", Time since last: 20965500 ns, Reaching safepoint: 149500 ns, At safepoint: 219600 ns, Total: 369100 ns
[2020-04-26T18:57:29.241+0000][1][safepoint    ] Safepoint "CollectForMetadataAllocation", Time since last: 29338700 ns, Reaching safepoint: 40100 ns, At safepoint: 123100 ns, Total: 163200 ns
[2020-04-26T18:57:29.241+0000][1][gc           ] GC(13) Concurrent Abortable Preclean 488.586ms
[2020-04-26T18:57:29.241+0000][1][gc,cpu       ] GC(13) User=2.20s Sys=0.06s Real=0.49s
[2020-04-26T18:57:29.242+0000][1][gc,start     ] GC(13) Pause Remark
[2020-04-26T18:57:29.254+0000][1][gc           ] GC(13) Pause Remark 128M->128M(494M) 12.048ms
[2020-04-26T18:57:29.254+0000][1][gc,cpu       ] GC(13) User=0.07s Sys=0.00s Real=0.01s
[2020-04-26T18:57:29.254+0000][1][safepoint    ] Safepoint "CMS_Final_Remark", Time since last: 179100 ns, Reaching safepoint: 210200 ns, At safepoint: 12166700 ns, Total: 12376900 ns
[2020-04-26T18:57:29.254+0000][1][gc           ] GC(13) Concurrent Sweep
[2020-04-26T18:57:29.269+0000][1][safepoint    ] Safepoint "RevokeBias", Time since last: 14494300 ns, Reaching safepoint: 847900 ns, At safepoint: 67400 ns, Total: 915300 ns
[2020-04-26T18:57:29.276+0000][1][gc           ] GC(13) Concurrent Sweep 21.570ms
[2020-04-26T18:57:29.276+0000][1][gc,cpu       ] GC(13) User=0.07s Sys=0.02s Real=0.02s
[2020-04-26T18:57:29.276+0000][1][gc           ] GC(13) Concurrent Reset
[2020-04-26T18:57:29.276+0000][1][gc           ] GC(13) Concurrent Reset 0.454ms
[2020-04-26T18:57:29.276+0000][1][gc,cpu       ] GC(13) User=0.01s Sys=0.00s Real=0.00s
[2020-04-26T18:57:29.276+0000][1][gc,heap      ] GC(13) Old: 47177K->46901K(349568K)
[2020-04-26T18:57:29.783+0000][1][safepoint    ] Safepoint "RevokeBias", Time since last: 512600800 ns, Reaching safepoint: 1235100 ns, At safepoint: 125200 ns, Total: 1360300 ns
[2020-04-26T18:57:29.784+0000][1][safepoint    ] Safepoint "RevokeBias", Time since last: 199600 ns, Reaching safepoint: 128800 ns, At safepoint: 104400 ns, Total: 233200 ns
[2020-04-26T18:57:29.784+0000][1][safepoint    ] Safepoint "RevokeBias", Time since last: 218400 ns, Reaching safepoint: 18000 ns, At safepoint: 54800 ns, Total: 72800 ns
[2020-04-26T18:57:29.787+0000][1][safepoint    ] Safepoint "RevokeBias", Time since last: 2461700 ns, Reaching safepoint: 22300 ns, At safepoint: 61900 ns, Total: 84200 ns
[2020-04-26T18:57:29.827+0000][1][gc,start     ] GC(14) Pause Young (Allocation Failure)
[2020-04-26T18:57:29.827+0000][1][gc,task      ] GC(14) Using 10 workers of 10 for evacuation
[2020-04-26T18:57:29.836+0000][1][gc,age       ] GC(14) Desired survivor size 8945664 bytes, new threshold 2 (max threshold 6)
[2020-04-26T18:57:29.836+0000][1][gc,age       ] GC(14) Age table with threshold 2 (max threshold 6)
[2020-04-26T18:57:29.836+0000][1][gc,age       ] GC(14) - age   1:    3482392 bytes,    3482392 total
[2020-04-26T18:57:29.836+0000][1][gc,age       ] GC(14) - age   2:    7492616 bytes,   10975008 total
[2020-04-26T18:57:29.836+0000][1][gc,heap      ] GC(14) ParNew: 150445K->14716K(157248K)
[2020-04-26T18:57:29.836+0000][1][gc,heap      ] GC(14) CMS: 46901K->48925K(349568K)
[2020-04-26T18:57:29.836+0000][1][gc,metaspace ] GC(14) Metaspace: 62811K->62811K(1107968K)
[2020-04-26T18:57:29.836+0000][1][gc           ] GC(14) Pause Young (Allocation Failure) 192M->62M(494M) 8.562ms
[2020-04-26T18:57:29.836+0000][1][gc,cpu       ] GC(14) User=0.08s Sys=0.00s Real=0.01s
[2020-04-26T18:57:29.836+0000][1][safepoint    ] Safepoint "GenCollectForAllocation", Time since last: 40527100 ns, Reaching safepoint: 42300 ns, At safepoint: 8631800 ns, Total: 8674100 ns
[2020-04-26T18:57:30.005+0000][1][safepoint    ] Safepoint "Deoptimize", Time since last: 168594300 ns, Reaching safepoint: 37300 ns, At safepoint: 359400 ns, Total: 396700 ns
[2020-04-26T18:57:30.526+0000][1][safepoint    ] Safepoint "RevokeBias", Time since last: 521286900 ns, Reaching safepoint: 67300 ns, At safepoint: 47900 ns, Total: 115200 ns
[2020-04-26T18:57:30.578+0000][1][safepoint    ] Safepoint "Deoptimize", Time since last: 51125000 ns, Reaching safepoint: 89200 ns, At safepoint: 728600 ns, Total: 817800 ns
[2020-04-26T18:57:30.634+0000][1][safepoint    ] Safepoint "BulkRevokeBias", Time since last: 55586600 ns, Reaching safepoint: 117300 ns, At safepoint: 104000 ns, Total: 221300 ns
[2020-04-26T18:57:30.635+0000][1][safepoint    ] Safepoint "RevokeBias", Time since last: 1057300 ns, Reaching safepoint: 134700 ns, At safepoint: 162000 ns, Total: 296700 ns
[2020-04-26T18:57:30.636+0000][1][safepoint    ] Safepoint "RevokeBias", Time since last: 614700 ns, Reaching safepoint: 20300 ns, At safepoint: 44300 ns, Total: 64600 ns
[2020-04-26T18:57:30.636+0000][1][safepoint    ] Safepoint "RevokeBias", Time since last: 130900 ns, Reaching safepoint: 19900 ns, At safepoint: 46900 ns, Total: 66800 ns
[2020-04-26T18:57:30.636+0000][1][safepoint    ] Safepoint "RevokeBias", Time since last: 230800 ns, Reaching safepoint: 17400 ns, At safepoint: 43600 ns, Total: 61000 ns
[2020-04-26T18:57:30.637+0000][1][safepoint    ] Safepoint "RevokeBias", Time since last: 235000 ns, Reaching safepoint: 10900 ns, At safepoint: 32800 ns, Total: 43700 ns
[2020-04-26T18:57:30.637+0000][1][safepoint    ] Safepoint "RevokeBias", Time since last: 185600 ns, Reaching safepoint: 11600 ns, At safepoint: 50300 ns, Total: 61900 ns
[2020-04-26T18:57:30.637+0000][1][safepoint    ] Safepoint "RevokeBias", Time since last: 89900 ns, Reaching safepoint: 10900 ns, At safepoint: 29600 ns, Total: 40500 ns
[2020-04-26T18:57:30.638+0000][1][safepoint    ] Safepoint "RevokeBias", Time since last: 1017500 ns, Reaching safepoint: 14600 ns, At safepoint: 30900 ns, Total: 45500 ns
[2020-04-26T18:57:30.638+0000][1][safepoint    ] Safepoint "RevokeBias", Time since last: 145000 ns, Reaching safepoint: 10700 ns, At safepoint: 50200 ns, Total: 60900 ns
[2020-04-26T18:57:30.641+0000][1][safepoint    ] Safepoint "Deoptimize", Time since last: 1785800 ns, Reaching safepoint: 12500 ns, At safepoint: 527400 ns, Total: 539900 ns
[2020-04-26T18:57:30.641+0000][1][safepoint    ] Safepoint "RevokeBias", Time since last: 630900 ns, Reaching safepoint: 10700 ns, At safepoint: 60900 ns, Total: 71600 ns
[2020-04-26T18:57:30.733+0000][1][safepoint    ] Safepoint "Deoptimize", Time since last: 91518800 ns, Reaching safepoint: 64700 ns, At safepoint: 375300 ns, Total: 440000 ns
[2020-04-26T18:57:30.828+0000][1][safepoint    ] Safepoint "Deoptimize", Time since last: 93895400 ns, Reaching safepoint: 65800 ns, At safepoint: 436700 ns, Total: 502500 ns
[2020-04-26T18:57:30.997+0000][1][safepoint    ] Safepoint "RevokeBias", Time since last: 169399000 ns, Reaching safepoint: 153200 ns, At safepoint: 65200 ns, Total: 218400 ns
[2020-04-26T18:57:30.999+0000][1][safepoint    ] Safepoint "RevokeBias", Time since last: 953800 ns, Reaching safepoint: 224200 ns, At safepoint: 117200 ns, Total: 341400 ns
[2020-04-26T18:57:31.001+0000][1][safepoint    ] Safepoint "RevokeBias", Time since last: 1824800 ns, Reaching safepoint: 157200 ns, At safepoint: 96900 ns, Total: 254100 ns
[2020-04-26T18:57:31.005+0000][1][safepoint    ] Safepoint "RevokeBias", Time since last: 3397600 ns, Reaching safepoint: 421100 ns, At safepoint: 192300 ns, Total: 613400 ns
[2020-04-26T18:57:31.007+0000][1][safepoint    ] Safepoint "RevokeBias", Time since last: 2012400 ns, Reaching safepoint: 169800 ns, At safepoint: 263000 ns, Total: 432800 ns
[2020-04-26T18:57:31.009+0000][1][safepoint    ] Safepoint "RevokeBias", Time since last: 889200 ns, Reaching safepoint: 166200 ns, At safepoint: 307000 ns, Total: 473200 ns
[2020-04-26T18:57:31.009+0000][1][safepoint    ] Safepoint "RevokeBias", Time since last: 248900 ns, Reaching safepoint: 105000 ns, At safepoint: 112100 ns, Total: 217100 ns
[2020-04-26T18:57:31.009+0000][1][safepoint    ] Safepoint "RevokeBias", Time since last: 52600 ns, Reaching safepoint: 183500 ns, At safepoint: 195600 ns, Total: 379100 ns
[2020-04-26T18:57:31.010+0000][1][safepoint    ] Safepoint "RevokeBias", Time since last: 44000 ns, Reaching safepoint: 116600 ns, At safepoint: 113200 ns, Total: 229800 ns
[2020-04-26T18:57:31.010+0000][1][safepoint    ] Safepoint "RevokeBias", Time since last: 257000 ns, Reaching safepoint: 119500 ns, At safepoint: 93000 ns, Total: 212500 ns
[2020-04-26T18:57:31.010+0000][1][safepoint    ] Safepoint "RevokeBias", Time since last: 108200 ns, Reaching safepoint: 115500 ns, At safepoint: 117900 ns, Total: 233400 ns
[2020-04-26T18:57:31.012+0000][1][safepoint    ] Safepoint "RevokeBias", Time since last: 1625500 ns, Reaching safepoint: 148100 ns, At safepoint: 85800 ns, Total: 233900 ns
[2020-04-26T18:57:31.013+0000][1][safepoint    ] Safepoint "RevokeBias", Time since last: 195000 ns, Reaching safepoint: 105500 ns, At safepoint: 73400 ns, Total: 178900 ns
[2020-04-26T18:57:31.016+0000][1][safepoint    ] Safepoint "RevokeBias", Time since last: 2308900 ns, Reaching safepoint: 334000 ns, At safepoint: 395400 ns, Total: 729400 ns
[2020-04-26T18:57:31.022+0000][1][safepoint    ] Safepoint "RevokeBias", Time since last: 5348200 ns, Reaching safepoint: 250300 ns, At safepoint: 169600 ns, Total: 419900 ns
[2020-04-26T18:57:31.022+0000][1][safepoint    ] Safepoint "RevokeBias", Time since last: 202400 ns, Reaching safepoint: 149000 ns, At safepoint: 197300 ns, Total: 346300 ns
[2020-04-26T18:57:31.030+0000][1][safepoint    ] Safepoint "RevokeBias", Time since last: 277000 ns, Reaching safepoint: 7445600 ns, At safepoint: 216000 ns, Total: 7661600 ns
[2020-04-26T18:57:31.031+0000][1][safepoint    ] Safepoint "RevokeBias", Time since last: 188600 ns, Reaching safepoint: 166900 ns, At safepoint: 276200 ns, Total: 443100 ns
[2020-04-26T18:57:31.031+0000][1][safepoint    ] Safepoint "RevokeBias", Time since last: 36700 ns, Reaching safepoint: 140700 ns, At safepoint: 311400 ns, Total: 452100 ns
[2020-04-26T18:57:31.032+0000][1][safepoint    ] Safepoint "RevokeBias", Time since last: 146900 ns, Reaching safepoint: 410700 ns, At safepoint: 257100 ns, Total: 667800 ns
[2020-04-26T18:57:31.033+0000][1][safepoint    ] Safepoint "RevokeBias", Time since last: 182500 ns, Reaching safepoint: 225600 ns, At safepoint: 202800 ns, Total: 428400 ns
[2020-04-26T18:57:31.033+0000][1][safepoint    ] Safepoint "RevokeBias", Time since last: 51100 ns, Reaching safepoint: 327200 ns, At safepoint: 118900 ns, Total: 446100 ns
[2020-04-26T18:57:31.033+0000][1][safepoint    ] Safepoint "RevokeBias", Time since last: 63100 ns, Reaching safepoint: 128900 ns, At safepoint: 115800 ns, Total: 244700 ns
[2020-04-26T18:57:31.040+0000][1][safepoint    ] Safepoint "RevokeBias", Time since last: 6349700 ns, Reaching safepoint: 155300 ns, At safepoint: 173700 ns, Total: 329000 ns
[2020-04-26T18:57:31.041+0000][1][safepoint    ] Safepoint "RevokeBias", Time since last: 496200 ns, Reaching safepoint: 39600 ns, At safepoint: 42000 ns, Total: 81600 ns
[2020-04-26T18:57:31.041+0000][1][safepoint    ] Safepoint "RevokeBias", Time since last: 190200 ns, Reaching safepoint: 127400 ns, At safepoint: 59600 ns, Total: 187000 ns
[2020-04-26T18:57:31.046+0000][1][safepoint    ] Safepoint "RevokeBias", Time since last: 4587700 ns, Reaching safepoint: 146100 ns, At safepoint: 118200 ns, Total: 264300 ns
[2020-04-26T18:57:31.047+0000][1][safepoint    ] Safepoint "RevokeBias", Time since last: 958800 ns, Reaching safepoint: 151700 ns, At safepoint: 104200 ns, Total: 255900 ns
[2020-04-26T18:57:31.048+0000][1][safepoint    ] Safepoint "RevokeBias", Time since last: 121300 ns, Reaching safepoint: 183900 ns, At safepoint: 171100 ns, Total: 355000 ns
[2020-04-26T18:57:31.048+0000][1][safepoint    ] Safepoint "RevokeBias", Time since last: 90100 ns, Reaching safepoint: 143400 ns, At safepoint: 196700 ns, Total: 340100 ns
[2020-04-26T18:57:31.048+0000][1][safepoint    ] Safepoint "RevokeBias", Time since last: 75900 ns, Reaching safepoint: 151900 ns, At safepoint: 166800 ns, Total: 318700 ns
[2020-04-26T18:57:31.049+0000][1][safepoint    ] Safepoint "RevokeBias", Time since last: 94900 ns, Reaching safepoint: 36000 ns, At safepoint: 36400 ns, Total: 72400 ns
[2020-04-26T18:57:31.049+0000][1][safepoint    ] Safepoint "RevokeBias", Time since last: 142400 ns, Reaching safepoint: 27100 ns, At safepoint: 38800 ns, Total: 65900 ns
[2020-04-26T18:57:31.052+0000][1][safepoint    ] Safepoint "RevokeBias", Time since last: 2992700 ns, Reaching safepoint: 50200 ns, At safepoint: 55200 ns, Total: 105400 ns
[2020-04-26T18:57:31.052+0000][1][safepoint    ] Safepoint "RevokeBias", Time since last: 261900 ns, Reaching safepoint: 178200 ns, At safepoint: 68000 ns, Total: 246200 ns
[2020-04-26T18:57:31.053+0000][1][safepoint    ] Safepoint "RevokeBias", Time since last: 211900 ns, Reaching safepoint: 123300 ns, At safepoint: 62800 ns, Total: 186100 ns
[2020-04-26T18:57:31.053+0000][1][safepoint    ] Safepoint "RevokeBias", Time since last: 139200 ns, Reaching safepoint: 129400 ns, At safepoint: 80300 ns, Total: 209700 ns
[2020-04-26T18:57:31.054+0000][1][safepoint    ] Safepoint "RevokeBias", Time since last: 155200 ns, Reaching safepoint: 113700 ns, At safepoint: 139200 ns, Total: 252900 ns
[2020-04-26T18:57:31.054+0000][1][safepoint    ] Safepoint "RevokeBias", Time since last: 186000 ns, Reaching safepoint: 130600 ns, At safepoint: 105900 ns, Total: 236500 ns
[2020-04-26T18:57:31.056+0000][1][safepoint    ] Safepoint "RevokeBias", Time since last: 1899600 ns, Reaching safepoint: 150500 ns, At safepoint: 97600 ns, Total: 248100 ns
[2020-04-26T18:57:31.056+0000][1][safepoint    ] Safepoint "RevokeBias", Time since last: 71100 ns, Reaching safepoint: 129500 ns, At safepoint: 172800 ns, Total: 302300 ns
[2020-04-26T18:57:31.057+0000][1][safepoint    ] Safepoint "RevokeBias", Time since last: 64900 ns, Reaching safepoint: 109200 ns, At safepoint: 160700 ns, Total: 269900 ns
[2020-04-26T18:57:31.058+0000][1][safepoint    ] Safepoint "RevokeBias", Time since last: 1296900 ns, Reaching safepoint: 172900 ns, At safepoint: 117800 ns, Total: 290700 ns
[2020-04-26T18:57:31.067+0000][1][safepoint    ] Safepoint "RevokeBias", Time since last: 7345600 ns, Reaching safepoint: 971000 ns, At safepoint: 193000 ns, Total: 1164000 ns
[2020-04-26T18:57:31.067+0000][1][safepoint    ] Safepoint "RevokeBias", Time since last: 258100 ns, Reaching safepoint: 167700 ns, At safepoint: 125200 ns, Total: 292900 ns
[2020-04-26T18:57:31.068+0000][1][safepoint    ] Safepoint "RevokeBias", Time since last: 71700 ns, Reaching safepoint: 122500 ns, At safepoint: 96700 ns, Total: 219200 ns
[2020-04-26T18:57:31.069+0000][1][safepoint    ] Safepoint "RevokeBias", Time since last: 1168800 ns, Reaching safepoint: 42800 ns, At safepoint: 82200 ns, Total: 125000 ns
[2020-04-26T18:57:31.069+0000][1][safepoint    ] Safepoint "RevokeBias", Time since last: 126200 ns, Reaching safepoint: 209500 ns, At safepoint: 128000 ns, Total: 337500 ns
[2020-04-26T18:57:31.070+0000][1][safepoint    ] Safepoint "RevokeBias", Time since last: 435200 ns, Reaching safepoint: 278900 ns, At safepoint: 291800 ns, Total: 570700 ns
[2020-04-26T18:57:31.072+0000][1][safepoint    ] Safepoint "RevokeBias", Time since last: 815700 ns, Reaching safepoint: 365200 ns, At safepoint: 88400 ns, Total: 453600 ns
[2020-04-26T18:57:31.072+0000][1][safepoint    ] Safepoint "RevokeBias", Time since last: 534400 ns, Reaching safepoint: 126400 ns, At safepoint: 67800 ns, Total: 194200 ns
[2020-04-26T18:57:31.073+0000][1][safepoint    ] Safepoint "RevokeBias", Time since last: 187700 ns, Reaching safepoint: 123300 ns, At safepoint: 81900 ns, Total: 205200 ns
[2020-04-26T18:57:31.085+0000][1][safepoint    ] Safepoint "RevokeBias", Time since last: 11338500 ns, Reaching safepoint: 221900 ns, At safepoint: 89500 ns, Total: 311400 ns
[2020-04-26T18:57:31.096+0000][1][safepoint    ] Safepoint "RevokeBias", Time since last: 11239200 ns, Reaching safepoint: 151200 ns, At safepoint: 79900 ns, Total: 231100 ns
[2020-04-26T18:57:31.111+0000][1][safepoint    ] Safepoint "ICBufferFull", Time since last: 14522400 ns, Reaching safepoint: 148600 ns, At safepoint: 34600 ns, Total: 183200 ns
[2020-04-26T18:57:31.114+0000][1][safepoint    ] Safepoint "RevokeBias", Time since last: 2625000 ns, Reaching safepoint: 210500 ns, At safepoint: 128500 ns, Total: 339000 ns
[2020-04-26T18:57:31.114+0000][1][safepoint    ] Safepoint "RevokeBias", Time since last: 545600 ns, Reaching safepoint: 136900 ns, At safepoint: 73400 ns, Total: 210300 ns
[2020-04-26T18:57:31.115+0000][1][safepoint    ] Safepoint "RevokeBias", Time since last: 132400 ns, Reaching safepoint: 40200 ns, At safepoint: 80300 ns, Total: 120500 ns
[2020-04-26T18:57:31.115+0000][1][safepoint    ] Safepoint "RevokeBias", Time since last: 108400 ns, Reaching safepoint: 119300 ns, At safepoint: 67200 ns, Total: 186500 ns
[2020-04-26T18:57:31.119+0000][1][safepoint    ] Safepoint "RevokeBias", Time since last: 4012100 ns, Reaching safepoint: 146300 ns, At safepoint: 95800 ns, Total: 242100 ns
[2020-04-26T18:57:31.122+0000][1][safepoint    ] Safepoint "RevokeBias", Time since last: 2230600 ns, Reaching safepoint: 84600 ns, At safepoint: 123900 ns, Total: 208500 ns
[2020-04-26T18:57:31.122+0000][1][safepoint    ] Safepoint "RevokeBias", Time since last: 177200 ns, Reaching safepoint: 125100 ns, At safepoint: 99900 ns, Total: 225000 ns
[2020-04-26T18:57:31.122+0000][1][safepoint    ] Safepoint "RevokeBias", Time since last: 134200 ns, Reaching safepoint: 206700 ns, At safepoint: 65300 ns, Total: 272000 ns
[2020-04-26T18:57:31.123+0000][1][safepoint    ] Safepoint "RevokeBias", Time since last: 137300 ns, Reaching safepoint: 120800 ns, At safepoint: 63800 ns, Total: 184600 ns
[2020-04-26T18:57:31.123+0000][1][safepoint    ] Safepoint "RevokeBias", Time since last: 124900 ns, Reaching safepoint: 133200 ns, At safepoint: 74100 ns, Total: 207300 ns
[2020-04-26T18:57:31.124+0000][1][safepoint    ] Safepoint "RevokeBias", Time since last: 292200 ns, Reaching safepoint: 132700 ns, At safepoint: 106100 ns, Total: 238800 ns
[2020-04-26T18:57:31.124+0000][1][safepoint    ] Safepoint "RevokeBias", Time since last: 128100 ns, Reaching safepoint: 123100 ns, At safepoint: 105900 ns, Total: 229000 ns
[2020-04-26T18:57:31.126+0000][1][safepoint    ] Safepoint "RevokeBias", Time since last: 1478500 ns, Reaching safepoint: 152300 ns, At safepoint: 91000 ns, Total: 243300 ns
[2020-04-26T18:57:31.141+0000][1][safepoint    ] Safepoint "RevokeBias", Time since last: 14651500 ns, Reaching safepoint: 145700 ns, At safepoint: 74100 ns, Total: 219800 ns
[2020-04-26T18:57:31.144+0000][1][safepoint    ] Safepoint "RevokeBias", Time since last: 3591600 ns, Reaching safepoint: 38700 ns, At safepoint: 41600 ns, Total: 80300 ns
[2020-04-26T18:57:31.146+0000][1][safepoint    ] Safepoint "RevokeBias", Time since last: 1423900 ns, Reaching safepoint: 125200 ns, At safepoint: 60600 ns, Total: 185800 ns
[2020-04-26T18:57:31.155+0000][1][safepoint    ] Safepoint "RevokeBias", Time since last: 8806600 ns, Reaching safepoint: 78400 ns, At safepoint: 68700 ns, Total: 147100 ns
[2020-04-26T18:57:31.157+0000][1][safepoint    ] Safepoint "RevokeBias", Time since last: 1779300 ns, Reaching safepoint: 56700 ns, At safepoint: 56700 ns, Total: 113400 ns
[2020-04-26T18:57:31.157+0000][1][safepoint    ] Safepoint "RevokeBias", Time since last: 358900 ns, Reaching safepoint: 46300 ns, At safepoint: 52000 ns, Total: 98300 ns
[2020-04-26T18:57:31.157+0000][1][safepoint    ] Safepoint "RevokeBias", Time since last: 167800 ns, Reaching safepoint: 39500 ns, At safepoint: 49500 ns, Total: 89000 ns
[2020-04-26T18:57:31.158+0000][1][safepoint    ] Safepoint "RevokeBias", Time since last: 135800 ns, Reaching safepoint: 39100 ns, At safepoint: 50700 ns, Total: 89800 ns
[2020-04-26T18:57:31.158+0000][1][safepoint    ] Safepoint "RevokeBias", Time since last: 479400 ns, Reaching safepoint: 42500 ns, At safepoint: 86300 ns, Total: 128800 ns
[2020-04-26T18:57:31.175+0000][1][safepoint    ] Safepoint "RevokeBias", Time since last: 16683300 ns, Reaching safepoint: 169800 ns, At safepoint: 71500 ns, Total: 241300 ns
[2020-04-26T18:57:31.182+0000][1][safepoint    ] Safepoint "RevokeBias", Time since last: 6918800 ns, Reaching safepoint: 55700 ns, At safepoint: 74200 ns, Total: 129900 ns
[2020-04-26T18:57:31.193+0000][1][safepoint    ] Safepoint "RevokeBias", Time since last: 10840800 ns, Reaching safepoint: 43500 ns, At safepoint: 56000 ns, Total: 99500 ns
[2020-04-26T18:57:31.206+0000][1][safepoint    ] Safepoint "RevokeBias", Time since last: 12363600 ns, Reaching safepoint: 71700 ns, At safepoint: 58000 ns, Total: 129700 ns
[2020-04-26T18:57:31.207+0000][1][safepoint    ] Safepoint "RevokeBias", Time since last: 942400 ns, Reaching safepoint: 28200 ns, At safepoint: 35700 ns, Total: 63900 ns
[2020-04-26T18:57:31.245+0000][1][safepoint    ] Safepoint "RevokeBias", Time since last: 38367300 ns, Reaching safepoint: 104700 ns, At safepoint: 116100 ns, Total: 220800 ns
[2020-04-26T18:57:31.246+0000][1][safepoint    ] Safepoint "RevokeBias", Time since last: 154200 ns, Reaching safepoint: 123400 ns, At safepoint: 74000 ns, Total: 197400 ns
[2020-04-26T18:57:31.246+0000][1][safepoint    ] Safepoint "RevokeBias", Time since last: 107200 ns, Reaching safepoint: 22400 ns, At safepoint: 65300 ns, Total: 87700 ns
[2020-04-26T18:57:31.247+0000][1][safepoint    ] Safepoint "RevokeBias", Time since last: 709400 ns, Reaching safepoint: 129800 ns, At safepoint: 62900 ns, Total: 192700 ns
[2020-04-26T18:57:31.247+0000][1][safepoint    ] Safepoint "RevokeBias", Time since last: 144500 ns, Reaching safepoint: 108800 ns, At safepoint: 48900 ns, Total: 157700 ns
[2020-04-26T18:57:31.247+0000][1][safepoint    ] Safepoint "RevokeBias", Time since last: 95500 ns, Reaching safepoint: 19800 ns, At safepoint: 47000 ns, Total: 66800 ns
[2020-04-26T18:57:31.258+0000][1][gc,start     ] GC(15) Pause Young (Allocation Failure)
[2020-04-26T18:57:31.259+0000][1][gc,task      ] GC(15) Using 10 workers of 10 for evacuation
[2020-04-26T18:57:31.276+0000][1][gc,age       ] GC(15) Desired survivor size 8945664 bytes, new threshold 6 (max threshold 6)
[2020-04-26T18:57:31.276+0000][1][gc,age       ] GC(15) Age table with threshold 6 (max threshold 6)
[2020-04-26T18:57:31.276+0000][1][gc,age       ] GC(15) - age   1:    5596408 bytes,    5596408 total
[2020-04-26T18:57:31.276+0000][1][gc,age       ] GC(15) - age   2:    3080704 bytes,    8677112 total
[2020-04-26T18:57:31.276+0000][1][gc,heap      ] GC(15) ParNew: 154492K->14114K(157248K)
[2020-04-26T18:57:31.276+0000][1][gc,heap      ] GC(15) CMS: 48925K->56362K(349568K)
[2020-04-26T18:57:31.276+0000][1][gc,metaspace ] GC(15) Metaspace: 75641K->75641K(1118208K)
[2020-04-26T18:57:31.276+0000][1][gc           ] GC(15) Pause Young (Allocation Failure) 198M->68M(494M) 17.529ms
[2020-04-26T18:57:31.276+0000][1][gc,cpu       ] GC(15) User=0.14s Sys=0.00s Real=0.01s
[2020-04-26T18:57:31.276+0000][1][safepoint    ] Safepoint "GenCollectForAllocation", Time since last: 11000400 ns, Reaching safepoint: 240700 ns, At safepoint: 17753300 ns, Total: 17994000 ns
[2020-04-26T18:57:31.280+0000][1][safepoint    ] Safepoint "RevokeBias", Time since last: 698200 ns, Reaching safepoint: 3297800 ns, At safepoint: 202600 ns, Total: 3500400 ns
[2020-04-26T18:57:31.282+0000][1][safepoint    ] Safepoint "RevokeBias", Time since last: 766400 ns, Reaching safepoint: 174200 ns, At safepoint: 209800 ns, Total: 384000 ns
[2020-04-26T18:57:31.282+0000][1][safepoint    ] Safepoint "RevokeBias", Time since last: 190600 ns, Reaching safepoint: 148200 ns, At safepoint: 190200 ns, Total: 338400 ns
[2020-04-26T18:57:31.283+0000][1][safepoint    ] Safepoint "RevokeBias", Time since last: 352200 ns, Reaching safepoint: 179800 ns, At safepoint: 185600 ns, Total: 365400 ns
[2020-04-26T18:57:31.283+0000][1][safepoint    ] Safepoint "RevokeBias", Time since last: 282700 ns, Reaching safepoint: 160000 ns, At safepoint: 181800 ns, Total: 341800 ns
[2020-04-26T18:57:31.289+0000][1][safepoint    ] Safepoint "RevokeBias", Time since last: 5739100 ns, Reaching safepoint: 197700 ns, At safepoint: 65300 ns, Total: 263000 ns
[2020-04-26T18:57:31.290+0000][1][safepoint    ] Safepoint "RevokeBias", Time since last: 189600 ns, Reaching safepoint: 130700 ns, At safepoint: 69400 ns, Total: 200100 ns
[2020-04-26T18:57:31.294+0000][1][safepoint    ] Safepoint "RevokeBias", Time since last: 3946000 ns, Reaching safepoint: 140800 ns, At safepoint: 66900 ns, Total: 207700 ns
[2020-04-26T18:57:31.294+0000][1][safepoint    ] Safepoint "RevokeBias", Time since last: 314200 ns, Reaching safepoint: 145000 ns, At safepoint: 64900 ns, Total: 209900 ns
[2020-04-26T18:57:31.300+0000][1][safepoint    ] Safepoint "RevokeBias", Time since last: 5212400 ns, Reaching safepoint: 68400 ns, At safepoint: 35300 ns, Total: 103700 ns
[2020-04-26T18:57:31.300+0000][1][safepoint    ] Safepoint "RevokeBias", Time since last: 119800 ns, Reaching safepoint: 62800 ns, At safepoint: 28000 ns, Total: 90800 ns
[2020-04-26T18:57:31.302+0000][1][safepoint    ] Safepoint "RevokeBias", Time since last: 1823100 ns, Reaching safepoint: 172400 ns, At safepoint: 66200 ns, Total: 238600 ns
[2020-04-26T18:57:31.302+0000][1][safepoint    ] Safepoint "RevokeBias", Time since last: 168600 ns, Reaching safepoint: 62300 ns, At safepoint: 78100 ns, Total: 140400 ns
[2020-04-26T18:57:31.307+0000][1][safepoint    ] Safepoint "RevokeBias", Time since last: 4611900 ns, Reaching safepoint: 62900 ns, At safepoint: 63000 ns, Total: 125900 ns
[2020-04-26T18:57:31.315+0000][1][safepoint    ] Safepoint "RevokeBias", Time since last: 7586500 ns, Reaching safepoint: 191600 ns, At safepoint: 86800 ns, Total: 278400 ns
[2020-04-26T18:57:31.316+0000][1][safepoint    ] Safepoint "RevokeBias", Time since last: 457100 ns, Reaching safepoint: 339900 ns, At safepoint: 136600 ns, Total: 476500 ns
[2020-04-26T18:57:31.329+0000][1][safepoint    ] Safepoint "RevokeBias", Time since last: 12735200 ns, Reaching safepoint: 157200 ns, At safepoint: 86900 ns, Total: 244100 ns
[2020-04-26T18:57:31.330+0000][1][safepoint    ] Safepoint "RevokeBias", Time since last: 1023600 ns, Reaching safepoint: 165900 ns, At safepoint: 172600 ns, Total: 338500 ns
[2020-04-26T18:57:31.337+0000][1][safepoint    ] Safepoint "RevokeBias", Time since last: 6842500 ns, Reaching safepoint: 159000 ns, At safepoint: 60900 ns, Total: 219900 ns
[2020-04-26T18:57:31.340+0000][1][safepoint    ] Safepoint "RevokeBias", Time since last: 2119100 ns, Reaching safepoint: 64700 ns, At safepoint: 35800 ns, Total: 100500 ns
[2020-04-26T18:57:31.357+0000][1][safepoint    ] Safepoint "RevokeBias", Time since last: 17463300 ns, Reaching safepoint: 58000 ns, At safepoint: 32100 ns, Total: 90100 ns
[2020-04-26T18:57:31.357+0000][1][safepoint    ] Safepoint "RevokeBias", Time since last: 249400 ns, Reaching safepoint: 43500 ns, At safepoint: 71900 ns, Total: 115400 ns
[2020-04-26T18:57:31.358+0000][1][safepoint    ] Safepoint "RevokeBias", Time since last: 155800 ns, Reaching safepoint: 50000 ns, At safepoint: 48600 ns, Total: 98600 ns
[2020-04-26T18:57:31.358+0000][1][safepoint    ] Safepoint "RevokeBias", Time since last: 294000 ns, Reaching safepoint: 49200 ns, At safepoint: 49400 ns, Total: 98600 ns
[2020-04-26T18:57:31.360+0000][1][safepoint    ] Safepoint "RevokeBias", Time since last: 1155200 ns, Reaching safepoint: 273900 ns, At safepoint: 55900 ns, Total: 329800 ns
[2020-04-26T18:57:31.360+0000][1][safepoint    ] Safepoint "RevokeBias", Time since last: 333100 ns, Reaching safepoint: 135600 ns, At safepoint: 49700 ns, Total: 185300 ns
[2020-04-26T18:57:31.364+0000][1][safepoint    ] Safepoint "RevokeBias", Time since last: 3830100 ns, Reaching safepoint: 55100 ns, At safepoint: 47100 ns, Total: 102200 ns
[2020-04-26T18:57:31.364+0000][1][safepoint    ] Safepoint "RevokeBias", Time since last: 108000 ns, Reaching safepoint: 59100 ns, At safepoint: 30300 ns, Total: 89400 ns
[2020-04-26T18:57:31.421+0000][1][safepoint    ] Safepoint "Deoptimize", Time since last: 56126700 ns, Reaching safepoint: 58000 ns, At safepoint: 428300 ns, Total: 486300 ns
[2020-04-26T18:57:31.475+0000][1][safepoint    ] Safepoint "BulkRevokeBias", Time since last: 53227400 ns, Reaching safepoint: 86900 ns, At safepoint: 326900 ns, Total: 413800 ns
[2020-04-26T18:57:31.475+0000][1][safepoint    ] Safepoint "RevokeBias", Time since last: 143500 ns, Reaching safepoint: 47000 ns, At safepoint: 36500 ns, Total: 83500 ns
[2020-04-26T18:57:31.479+0000][1][safepoint    ] Safepoint "BulkRevokeBias", Time since last: 3672000 ns, Reaching safepoint: 129400 ns, At safepoint: 292900 ns, Total: 422300 ns
[2020-04-26T18:57:31.482+0000][1][safepoint    ] Safepoint "RevokeBias", Time since last: 2986500 ns, Reaching safepoint: 50200 ns, At safepoint: 44100 ns, Total: 94300 ns
[2020-04-26T18:57:31.482+0000][1][safepoint    ] Safepoint "RevokeBias", Time since last: 269700 ns, Reaching safepoint: 40100 ns, At safepoint: 31400 ns, Total: 71500 ns
[2020-04-26T18:57:31.489+0000][1][safepoint    ] Safepoint "RevokeBias", Time since last: 6135700 ns, Reaching safepoint: 122600 ns, At safepoint: 82300 ns, Total: 204900 ns
[2020-04-26T18:57:31.491+0000][1][safepoint    ] Safepoint "RevokeBias", Time since last: 2563800 ns, Reaching safepoint: 61600 ns, At safepoint: 51700 ns, Total: 113300 ns
[2020-04-26T18:57:31.492+0000][1][safepoint    ] Safepoint "RevokeBias", Time since last: 259300 ns, Reaching safepoint: 79800 ns, At safepoint: 65700 ns, Total: 145500 ns
[2020-04-26T18:57:31.498+0000][1][safepoint    ] Safepoint "RevokeBias", Time since last: 6292400 ns, Reaching safepoint: 79000 ns, At safepoint: 81500 ns, Total: 160500 ns
[2020-04-26T18:57:31.503+0000][1][safepoint    ] Safepoint "RevokeBias", Time since last: 4629500 ns, Reaching safepoint: 132900 ns, At safepoint: 114700 ns, Total: 247600 ns
[2020-04-26T18:57:31.503+0000][1][safepoint    ] Safepoint "RevokeBias", Time since last: 254900 ns, Reaching safepoint: 120700 ns, At safepoint: 110400 ns, Total: 231100 ns
[2020-04-26T18:57:31.504+0000][1][safepoint    ] Safepoint "RevokeBias", Time since last: 162800 ns, Reaching safepoint: 65700 ns, At safepoint: 78700 ns, Total: 144400 ns
[2020-04-26T18:57:31.504+0000][1][safepoint    ] Safepoint "RevokeBias", Time since last: 164300 ns, Reaching safepoint: 174700 ns, At safepoint: 76300 ns, Total: 251000 ns
[2020-04-26T18:57:31.505+0000][1][safepoint    ] Safepoint "RevokeBias", Time since last: 186100 ns, Reaching safepoint: 61600 ns, At safepoint: 83700 ns, Total: 145300 ns
[2020-04-26T18:57:31.505+0000][1][safepoint    ] Safepoint "RevokeBias", Time since last: 88400 ns, Reaching safepoint: 121400 ns, At safepoint: 44200 ns, Total: 165600 ns
[2020-04-26T18:57:31.505+0000][1][safepoint    ] Safepoint "RevokeBias", Time since last: 97900 ns, Reaching safepoint: 41300 ns, At safepoint: 48300 ns, Total: 89600 ns
[2020-04-26T18:57:31.505+0000][1][safepoint    ] Safepoint "RevokeBias", Time since last: 88000 ns, Reaching safepoint: 37300 ns, At safepoint: 51000 ns, Total: 88300 ns
[2020-04-26T18:57:31.508+0000][1][safepoint    ] Safepoint "RevokeBias", Time since last: 2718000 ns, Reaching safepoint: 165000 ns, At safepoint: 82800 ns, Total: 247800 ns
[2020-04-26T18:57:31.509+0000][1][safepoint    ] Safepoint "RevokeBias", Time since last: 178400 ns, Reaching safepoint: 204900 ns, At safepoint: 85100 ns, Total: 290000 ns
[2020-04-26T18:57:31.509+0000][1][safepoint    ] Safepoint "RevokeBias", Time since last: 110600 ns, Reaching safepoint: 161400 ns, At safepoint: 58000 ns, Total: 219400 ns
[2020-04-26T18:57:31.509+0000][1][safepoint    ] Safepoint "RevokeBias", Time since last: 150500 ns, Reaching safepoint: 123800 ns, At safepoint: 56800 ns, Total: 180600 ns
[2020-04-26T18:57:31.510+0000][1][safepoint    ] Safepoint "RevokeBias", Time since last: 117600 ns, Reaching safepoint: 111700 ns, At safepoint: 52600 ns, Total: 164300 ns
[2020-04-26T18:57:31.510+0000][1][safepoint    ] Safepoint "RevokeBias", Time since last: 228300 ns, Reaching safepoint: 114600 ns, At safepoint: 55000 ns, Total: 169600 ns
[2020-04-26T18:57:31.510+0000][1][safepoint    ] Safepoint "RevokeBias", Time since last: 141900 ns, Reaching safepoint: 114600 ns, At safepoint: 54700 ns, Total: 169300 ns
[2020-04-26T18:57:31.511+0000][1][safepoint    ] Safepoint "RevokeBias", Time since last: 146700 ns, Reaching safepoint: 147800 ns, At safepoint: 96100 ns, Total: 243900 ns
[2020-04-26T18:57:31.525+0000][1][safepoint    ] Safepoint "RevokeBias", Time since last: 14131000 ns, Reaching safepoint: 122100 ns, At safepoint: 107000 ns, Total: 229100 ns
[2020-04-26T18:57:31.526+0000][1][safepoint    ] Safepoint "RevokeBias", Time since last: 456900 ns, Reaching safepoint: 262300 ns, At safepoint: 121800 ns, Total: 384100 ns
[2020-04-26T18:57:31.540+0000][1][safepoint    ] Safepoint "RevokeBias", Time since last: 14278200 ns, Reaching safepoint: 188500 ns, At safepoint: 64200 ns, Total: 252700 ns
[2020-04-26T18:57:31.542+0000][1][safepoint    ] Safepoint "RevokeBias", Time since last: 1238600 ns, Reaching safepoint: 124900 ns, At safepoint: 72800 ns, Total: 197700 ns
[2020-04-26T18:57:31.545+0000][1][safepoint    ] Safepoint "RevokeBias", Time since last: 3243800 ns, Reaching safepoint: 179400 ns, At safepoint: 80300 ns, Total: 259700 ns
[2020-04-26T18:57:31.551+0000][1][safepoint    ] Safepoint "RevokeBias", Time since last: 5399300 ns, Reaching safepoint: 123200 ns, At safepoint: 101600 ns, Total: 224800 ns
[2020-04-26T18:57:31.580+0000][1][safepoint    ] Safepoint "RevokeBias", Time since last: 29063800 ns, Reaching safepoint: 80200 ns, At safepoint: 73300 ns, Total: 153500 ns
[2020-04-26T18:57:31.622+0000][1][safepoint    ] Safepoint "RevokeBias", Time since last: 41290500 ns, Reaching safepoint: 114200 ns, At safepoint: 50100 ns, Total: 164300 ns
[2020-04-26T18:57:31.685+0000][1][safepoint    ] Safepoint "RevokeBias", Time since last: 63277700 ns, Reaching safepoint: 66400 ns, At safepoint: 35000 ns, Total: 101400 ns
[2020-04-26T18:57:31.685+0000][1][safepoint    ] Safepoint "RevokeBias", Time since last: 130000 ns, Reaching safepoint: 34400 ns, At safepoint: 27200 ns, Total: 61600 ns
[2020-04-26T18:57:31.709+0000][1][safepoint    ] Safepoint "RevokeBias", Time since last: 23914800 ns, Reaching safepoint: 62000 ns, At safepoint: 29200 ns, Total: 91200 ns
[2020-04-26T18:57:31.709+0000][1][safepoint    ] Safepoint "RevokeBias", Time since last: 211800 ns, Reaching safepoint: 39700 ns, At safepoint: 25000 ns, Total: 64700 ns
[2020-04-26T18:57:31.719+0000][1][safepoint    ] Safepoint "RevokeBias", Time since last: 9500700 ns, Reaching safepoint: 81400 ns, At safepoint: 38900 ns, Total: 120300 ns
[2020-04-26T18:57:31.719+0000][1][safepoint    ] Safepoint "RevokeBias", Time since last: 137100 ns, Reaching safepoint: 44500 ns, At safepoint: 35800 ns, Total: 80300 ns
[2020-04-26T18:57:31.719+0000][1][safepoint    ] Safepoint "RevokeBias", Time since last: 105100 ns, Reaching safepoint: 37000 ns, At safepoint: 34500 ns, Total: 71500 ns
[2020-04-26T18:57:31.779+0000][1][safepoint    ] Safepoint "Deoptimize", Time since last: 59479400 ns, Reaching safepoint: 90000 ns, At safepoint: 455500 ns, Total: 545500 ns
[2020-04-26T18:57:31.789+0000][1][safepoint    ] Safepoint "Deoptimize", Time since last: 8976500 ns, Reaching safepoint: 54900 ns, At safepoint: 467700 ns, Total: 522600 ns
[2020-04-26T18:57:31.831+0000][1][safepoint    ] Safepoint "Deoptimize", Time since last: 41306100 ns, Reaching safepoint: 61000 ns, At safepoint: 436200 ns, Total: 497200 ns
[2020-04-26T18:57:31.852+0000][1][safepoint    ] Safepoint "RevokeBias", Time since last: 20437900 ns, Reaching safepoint: 113600 ns, At safepoint: 157900 ns, Total: 271500 ns
[2020-04-26T18:57:31.852+0000][1][safepoint    ] Safepoint "RevokeBias", Time since last: 182300 ns, Reaching safepoint: 138400 ns, At safepoint: 73100 ns, Total: 211500 ns
[2020-04-26T18:57:32.192+0000][1][safepoint    ] Safepoint "RevokeBias", Time since last: 339445200 ns, Reaching safepoint: 697500 ns, At safepoint: 92800 ns, Total: 790300 ns
[2020-04-26T18:57:32.219+0000][1][safepoint    ] Safepoint "RevokeBias", Time since last: 26173000 ns, Reaching safepoint: 225700 ns, At safepoint: 33300 ns, Total: 259000 ns
[2020-04-26T18:57:32.219+0000][1][safepoint    ] Safepoint "RevokeBias", Time since last: 233300 ns, Reaching safepoint: 83600 ns, At safepoint: 38400 ns, Total: 122000 ns
[2020-04-26T18:57:32.231+0000][1][safepoint    ] Safepoint "RevokeBias", Time since last: 12203900 ns, Reaching safepoint: 61300 ns, At safepoint: 32200 ns, Total: 93500 ns
[2020-04-26T18:57:32.342+0000][1][safepoint    ] Safepoint "RevokeBias", Time since last: 110727500 ns, Reaching safepoint: 101600 ns, At safepoint: 76300 ns, Total: 177900 ns
[2020-04-26T18:57:32.343+0000][1][safepoint    ] Safepoint "RevokeBias", Time since last: 546900 ns, Reaching safepoint: 182000 ns, At safepoint: 75300 ns, Total: 257300 ns
[2020-04-26T18:57:32.413+0000][1][safepoint    ] Safepoint "RevokeBias", Time since last: 69746600 ns, Reaching safepoint: 96800 ns, At safepoint: 51200 ns, Total: 148000 ns
[2020-04-26T18:57:32.413+0000][1][safepoint    ] Safepoint "RevokeBias", Time since last: 491100 ns, Reaching safepoint: 97600 ns, At safepoint: 42400 ns, Total: 140000 ns
[2020-04-26T18:57:32.576+0000][1][safepoint    ] Safepoint "RevokeBias", Time since last: 162684300 ns, Reaching safepoint: 133000 ns, At safepoint: 93200 ns, Total: 226200 ns
[2020-04-26T18:57:32.605+0000][1][safepoint    ] Safepoint "RevokeBias", Time since last: 28397400 ns, Reaching safepoint: 180100 ns, At safepoint: 67500 ns, Total: 247600 ns
[2020-04-26T18:57:32.606+0000][1][safepoint    ] Safepoint "RevokeBias", Time since last: 1115700 ns, Reaching safepoint: 172200 ns, At safepoint: 80000 ns, Total: 252200 ns
[2020-04-26T18:57:32.607+0000][1][safepoint    ] Safepoint "RevokeBias", Time since last: 131800 ns, Reaching safepoint: 134300 ns, At safepoint: 73600 ns, Total: 207900 ns
[2020-04-26T18:57:32.615+0000][1][safepoint    ] Safepoint "RevokeBias", Time since last: 7715600 ns, Reaching safepoint: 165400 ns, At safepoint: 90500 ns, Total: 255900 ns
[2020-04-26T18:57:32.621+0000][1][safepoint    ] Safepoint "RevokeBias", Time since last: 6280400 ns, Reaching safepoint: 67500 ns, At safepoint: 95900 ns, Total: 163400 ns
[2020-04-26T18:57:32.621+0000][1][safepoint    ] Safepoint "RevokeBias", Time since last: 72300 ns, Reaching safepoint: 127500 ns, At safepoint: 80200 ns, Total: 207700 ns
[2020-04-26T18:57:32.622+0000][1][safepoint    ] Safepoint "RevokeBias", Time since last: 468400 ns, Reaching safepoint: 150800 ns, At safepoint: 134000 ns, Total: 284800 ns
[2020-04-26T18:57:32.626+0000][1][safepoint    ] Safepoint "RevokeBias", Time since last: 3705200 ns, Reaching safepoint: 176700 ns, At safepoint: 98600 ns, Total: 275300 ns
[2020-04-26T18:57:32.629+0000][1][safepoint    ] Safepoint "RevokeBias", Time since last: 2736900 ns, Reaching safepoint: 156900 ns, At safepoint: 92800 ns, Total: 249700 ns
[2020-04-26T18:57:32.630+0000][1][safepoint    ] Safepoint "RevokeBias", Time since last: 146600 ns, Reaching safepoint: 146400 ns, At safepoint: 107200 ns, Total: 253600 ns
[2020-04-26T18:57:32.638+0000][1][safepoint    ] Safepoint "RevokeBias", Time since last: 7859300 ns, Reaching safepoint: 222000 ns, At safepoint: 161000 ns, Total: 383000 ns
[2020-04-26T18:57:32.638+0000][1][safepoint    ] Safepoint "RevokeBias", Time since last: 190600 ns, Reaching safepoint: 176800 ns, At safepoint: 193900 ns, Total: 370700 ns
[2020-04-26T18:57:32.658+0000][1][gc,start     ] GC(16) Pause Young (Allocation Failure)
[2020-04-26T18:57:32.658+0000][1][gc,task      ] GC(16) Using 10 workers of 10 for evacuation
[2020-04-26T18:57:32.677+0000][1][gc,age       ] GC(16) Desired survivor size 8945664 bytes, new threshold 1 (max threshold 6)
[2020-04-26T18:57:32.677+0000][1][gc,age       ] GC(16) Age table with threshold 1 (max threshold 6)
[2020-04-26T18:57:32.677+0000][1][gc,age       ] GC(16) - age   1:   12310888 bytes,   12310888 total
[2020-04-26T18:57:32.677+0000][1][gc,age       ] GC(16) - age   2:    3001760 bytes,   15312648 total
[2020-04-26T18:57:32.677+0000][1][gc,age       ] GC(16) - age   3:    2242424 bytes,   17555072 total
[2020-04-26T18:57:32.677+0000][1][gc,heap      ] GC(16) ParNew: 153890K->17472K(157248K)
[2020-04-26T18:57:32.677+0000][1][gc,heap      ] GC(16) CMS: 56362K->66163K(349568K)
[2020-04-26T18:57:32.677+0000][1][gc,metaspace ] GC(16) Metaspace: 83324K->83324K(1126400K)
[2020-04-26T18:57:32.677+0000][1][gc           ] GC(16) Pause Young (Allocation Failure) 205M->81M(494M) 19.852ms
[2020-04-26T18:57:32.677+0000][1][gc,cpu       ] GC(16) User=0.21s Sys=0.00s Real=0.02s
[2020-04-26T18:57:32.678+0000][1][safepoint    ] Safepoint "GenCollectForAllocation", Time since last: 19057200 ns, Reaching safepoint: 145600 ns, At safepoint: 20171700 ns, Total: 20317300 ns
[2020-04-26T18:57:32.711+0000][1][safepoint    ] Safepoint "RevokeBias", Time since last: 33382100 ns, Reaching safepoint: 180000 ns, At safepoint: 131200 ns, Total: 311200 ns
[2020-04-26T18:57:32.718+0000][1][safepoint    ] Safepoint "RevokeBias", Time since last: 5643800 ns, Reaching safepoint: 424100 ns, At safepoint: 171100 ns, Total: 595200 ns
[2020-04-26T18:57:32.718+0000][1][safepoint    ] Safepoint "RevokeBias", Time since last: 137500 ns, Reaching safepoint: 196000 ns, At safepoint: 192000 ns, Total: 388000 ns
[2020-04-26T18:57:32.719+0000][1][safepoint    ] Safepoint "RevokeBias", Time since last: 124400 ns, Reaching safepoint: 320400 ns, At safepoint: 134200 ns, Total: 454600 ns
[2020-04-26T18:57:32.721+0000][1][safepoint    ] Safepoint "RevokeBias", Time since last: 1689600 ns, Reaching safepoint: 158400 ns, At safepoint: 107500 ns, Total: 265900 ns
[2020-04-26T18:57:32.722+0000][1][safepoint    ] Safepoint "BulkRevokeBias", Time since last: 494900 ns, Reaching safepoint: 61000 ns, At safepoint: 412300 ns, Total: 473300 ns
[2020-04-26T18:57:32.722+0000][1][safepoint    ] Safepoint "RevokeBias", Time since last: 221400 ns, Reaching safepoint: 139500 ns, At safepoint: 135900 ns, Total: 275400 ns
[2020-04-26T18:57:32.729+0000][1][safepoint    ] Safepoint "RevokeBias", Time since last: 5989600 ns, Reaching safepoint: 188200 ns, At safepoint: 166000 ns, Total: 354200 ns
[2020-04-26T18:57:32.730+0000][1][safepoint    ] Safepoint "RevokeBias", Time since last: 1122500 ns, Reaching safepoint: 153300 ns, At safepoint: 127100 ns, Total: 280400 ns
[2020-04-26T18:57:32.738+0000][1][safepoint    ] Safepoint "RevokeBias", Time since last: 8233200 ns, Reaching safepoint: 171400 ns, At safepoint: 89800 ns, Total: 261200 ns
[2020-04-26T18:57:32.743+0000][1][safepoint    ] Safepoint "RevokeBias", Time since last: 4439500 ns, Reaching safepoint: 173500 ns, At safepoint: 113800 ns, Total: 287300 ns
[2020-04-26T18:57:32.745+0000][1][safepoint    ] Safepoint "RevokeBias", Time since last: 1859600 ns, Reaching safepoint: 152900 ns, At safepoint: 112800 ns, Total: 265700 ns
[2020-04-26T18:57:32.746+0000][1][safepoint    ] Safepoint "RevokeBias", Time since last: 822400 ns, Reaching safepoint: 150100 ns, At safepoint: 73300 ns, Total: 223400 ns
[2020-04-26T18:57:32.751+0000][1][safepoint    ] Safepoint "RevokeBias", Time since last: 4484000 ns, Reaching safepoint: 372300 ns, At safepoint: 125300 ns, Total: 497600 ns
[2020-04-26T18:57:32.752+0000][1][safepoint    ] Safepoint "RevokeBias", Time since last: 204400 ns, Reaching safepoint: 214300 ns, At safepoint: 174300 ns, Total: 388600 ns
[2020-04-26T18:57:32.753+0000][1][safepoint    ] Safepoint "RevokeBias", Time since last: 194800 ns, Reaching safepoint: 294300 ns, At safepoint: 153200 ns, Total: 447500 ns
[2020-04-26T18:57:32.753+0000][1][safepoint    ] Safepoint "RevokeBias", Time since last: 126000 ns, Reaching safepoint: 127300 ns, At safepoint: 178300 ns, Total: 305600 ns
[2020-04-26T18:57:32.753+0000][1][safepoint    ] Safepoint "RevokeBias", Time since last: 117900 ns, Reaching safepoint: 253200 ns, At safepoint: 157300 ns, Total: 410500 ns
[2020-04-26T18:57:32.754+0000][1][safepoint    ] Safepoint "RevokeBias", Time since last: 141200 ns, Reaching safepoint: 135600 ns, At safepoint: 151700 ns, Total: 287300 ns
[2020-04-26T18:57:32.755+0000][1][safepoint    ] Safepoint "RevokeBias", Time since last: 937100 ns, Reaching safepoint: 46500 ns, At safepoint: 45100 ns, Total: 91600 ns
[2020-04-26T18:57:32.813+0000][1][safepoint    ] Safepoint "RevokeBias", Time since last: 58253300 ns, Reaching safepoint: 102000 ns, At safepoint: 57400 ns, Total: 159400 ns
[2020-04-26T18:57:33.315+0000][1][safepoint    ] Safepoint "RevokeBias", Time since last: 501523100 ns, Reaching safepoint: 62700 ns, At safepoint: 36000 ns, Total: 98700 ns
[2020-04-26T18:57:33.316+0000][1][safepoint    ] Safepoint "RevokeBias", Time since last: 624000 ns, Reaching safepoint: 54700 ns, At safepoint: 32100 ns, Total: 86800 ns
[2020-04-26T18:57:33.316+0000][1][safepoint    ] Safepoint "RevokeBias", Time since last: 233500 ns, Reaching safepoint: 61600 ns, At safepoint: 68400 ns, Total: 130000 ns
[2020-04-26T18:57:33.316+0000][1][safepoint    ] Safepoint "RevokeBias", Time since last: 145900 ns, Reaching safepoint: 40900 ns, At safepoint: 76500 ns, Total: 117400 ns
[2020-04-26T18:57:33.317+0000][1][safepoint    ] Safepoint "RevokeBias", Time since last: 176000 ns, Reaching safepoint: 50800 ns, At safepoint: 47400 ns, Total: 98200 ns
[2020-04-26T18:57:33.317+0000][1][safepoint    ] Safepoint "RevokeBias", Time since last: 162500 ns, Reaching safepoint: 23900 ns, At safepoint: 29600 ns, Total: 53500 ns
[2020-04-26T18:57:33.317+0000][1][safepoint    ] Safepoint "RevokeBias", Time since last: 164000 ns, Reaching safepoint: 24400 ns, At safepoint: 31400 ns, Total: 55800 ns
[2020-04-26T18:57:33.317+0000][1][safepoint    ] Safepoint "RevokeBias", Time since last: 164700 ns, Reaching safepoint: 24400 ns, At safepoint: 31600 ns, Total: 56000 ns
[2020-04-26T18:57:33.317+0000][1][safepoint    ] Safepoint "RevokeBias", Time since last: 145900 ns, Reaching safepoint: 24100 ns, At safepoint: 43500 ns, Total: 67600 ns
[2020-04-26T18:57:33.318+0000][1][safepoint    ] Safepoint "RevokeBias", Time since last: 146400 ns, Reaching safepoint: 24400 ns, At safepoint: 30200 ns, Total: 54600 ns
[2020-04-26T18:57:33.318+0000][1][safepoint    ] Safepoint "RevokeBias", Time since last: 152900 ns, Reaching safepoint: 24600 ns, At safepoint: 29800 ns, Total: 54400 ns
[2020-04-26T18:57:33.318+0000][1][safepoint    ] Safepoint "RevokeBias", Time since last: 144500 ns, Reaching safepoint: 24500 ns, At safepoint: 29900 ns, Total: 54400 ns
[2020-04-26T18:57:33.482+0000][1][safepoint    ] Safepoint "RevokeBias", Time since last: 164265300 ns, Reaching safepoint: 94900 ns, At safepoint: 51800 ns, Total: 146700 ns
[2020-04-26T18:57:33.483+0000][1][safepoint    ] Safepoint "RevokeBias", Time since last: 224100 ns, Reaching safepoint: 182700 ns, At safepoint: 48300 ns, Total: 231000 ns
[2020-04-26T18:57:33.483+0000][1][safepoint    ] Safepoint "RevokeBias", Time since last: 173200 ns, Reaching safepoint: 27900 ns, At safepoint: 45800 ns, Total: 73700 ns
[2020-04-26T18:57:33.559+0000][1][safepoint    ] Safepoint "RevokeBias", Time since last: 76118700 ns, Reaching safepoint: 75000 ns, At safepoint: 34600 ns, Total: 109600 ns
[2020-04-26T18:57:33.560+0000][1][safepoint    ] Safepoint "RevokeBias", Time since last: 139300 ns, Reaching safepoint: 36800 ns, At safepoint: 29300 ns, Total: 66100 ns
[2020-04-26T18:57:33.560+0000][1][safepoint    ] Safepoint "RevokeBias", Time since last: 97300 ns, Reaching safepoint: 23400 ns, At safepoint: 27500 ns, Total: 50900 ns
[2020-04-26T18:57:33.570+0000][1][safepoint    ] Safepoint "RevokeBias", Time since last: 10571100 ns, Reaching safepoint: 59000 ns, At safepoint: 37100 ns, Total: 96100 ns
[2020-04-26T18:57:33.571+0000][1][safepoint    ] Safepoint "RevokeBias", Time since last: 204500 ns, Reaching safepoint: 24400 ns, At safepoint: 31100 ns, Total: 55500 ns
[2020-04-26T18:57:33.571+0000][1][safepoint    ] Safepoint "RevokeBias", Time since last: 174000 ns, Reaching safepoint: 24600 ns, At safepoint: 30500 ns, Total: 55100 ns
[2020-04-26T18:57:33.571+0000][1][safepoint    ] Safepoint "RevokeBias", Time since last: 158900 ns, Reaching safepoint: 24500 ns, At safepoint: 30100 ns, Total: 54600 ns
[2020-04-26T18:57:34.571+0000][1][safepoint    ] Safepoint "Cleanup", Time since last: 1000132600 ns, Reaching safepoint: 123600 ns, At safepoint: 37600 ns, Total: 161200 ns
[2020-04-26T18:57:35.572+0000][1][safepoint    ] Safepoint "Cleanup", Time since last: 1000218700 ns, Reaching safepoint: 70600 ns, At safepoint: 28700 ns, Total: 99300 ns
[2020-04-26T18:57:37.543+0000][1][safepoint    ] Safepoint "RevokeBias", Time since last: 1971285300 ns, Reaching safepoint: 65400 ns, At safepoint: 37600 ns, Total: 103000 ns
[2020-04-26T18:57:37.543+0000][1][safepoint    ] Safepoint "RevokeBias", Time since last: 145300 ns, Reaching safepoint: 33300 ns, At safepoint: 34500 ns, Total: 67800 ns
[2020-04-26T18:57:37.543+0000][1][safepoint    ] Safepoint "RevokeBias", Time since last: 91800 ns, Reaching safepoint: 25400 ns, At safepoint: 36600 ns, Total: 62000 ns
[2020-04-26T18:57:37.544+0000][1][safepoint    ] Safepoint "RevokeBias", Time since last: 84900 ns, Reaching safepoint: 24400 ns, At safepoint: 27400 ns, Total: 51800 ns
[2020-04-26T18:57:38.544+0000][1][safepoint    ] Safepoint "Cleanup", Time since last: 1000181200 ns, Reaching safepoint: 65600 ns, At safepoint: 27500 ns, Total: 93100 ns
[2020-04-26T18:57:41.544+0000][1][safepoint    ] Safepoint "Cleanup", Time since last: 3000365200 ns, Reaching safepoint: 66800 ns, At safepoint: 28100 ns, Total: 94900 ns
[2020-04-26T18:57:42.545+0000][1][safepoint    ] Safepoint "Cleanup", Time since last: 1000145500 ns, Reaching safepoint: 60300 ns, At safepoint: 25600 ns, Total: 85900 ns
[2020-04-26T18:57:44.545+0000][1][safepoint    ] Safepoint "Cleanup", Time since last: 2000233800 ns, Reaching safepoint: 77900 ns, At safepoint: 39000 ns, Total: 116900 ns
[2020-04-26T18:57:45.545+0000][1][safepoint    ] Safepoint "Cleanup", Time since last: 1000151700 ns, Reaching safepoint: 117600 ns, At safepoint: 35500 ns, Total: 153100 ns
[2020-04-26T18:57:46.545+0000][1][safepoint    ] Safepoint "Cleanup", Time since last: 1000135900 ns, Reaching safepoint: 67200 ns, At safepoint: 27700 ns, Total: 94900 ns
[2020-04-26T18:57:51.158+0000][1][safepoint    ] Safepoint "RevokeBias", Time since last: 4612015900 ns, Reaching safepoint: 188800 ns, At safepoint: 55900 ns, Total: 244700 ns
[2020-04-26T18:57:51.159+0000][1][safepoint    ] Safepoint "RevokeBias", Time since last: 528000 ns, Reaching safepoint: 142600 ns, At safepoint: 108500 ns, Total: 251100 ns
[2020-04-26T18:57:51.159+0000][1][safepoint    ] Safepoint "RevokeBias", Time since last: 566400 ns, Reaching safepoint: 183800 ns, At safepoint: 44600 ns, Total: 228400 ns
[2020-04-26T18:57:51.162+0000][1][safepoint    ] Safepoint "RevokeBias", Time since last: 2264400 ns, Reaching safepoint: 169400 ns, At safepoint: 62600 ns, Total: 232000 ns
[2020-04-26T18:57:51.162+0000][1][safepoint    ] Safepoint "RevokeBias", Time since last: 350900 ns, Reaching safepoint: 52900 ns, At safepoint: 28500 ns, Total: 81400 ns
[2020-04-26T18:57:51.166+0000][1][safepoint    ] Safepoint "RevokeBias", Time since last: 3549600 ns, Reaching safepoint: 76800 ns, At safepoint: 125500 ns, Total: 202300 ns
[2020-04-26T18:57:51.166+0000][1][safepoint    ] Safepoint "RevokeBias", Time since last: 124000 ns, Reaching safepoint: 54200 ns, At safepoint: 49600 ns, Total: 103800 ns
[2020-04-26T18:57:51.172+0000][1][safepoint    ] Safepoint "RevokeBias", Time since last: 5361500 ns, Reaching safepoint: 158200 ns, At safepoint: 81100 ns, Total: 239300 ns
[2020-04-26T18:57:51.176+0000][1][safepoint    ] Safepoint "RevokeBias", Time since last: 3420900 ns, Reaching safepoint: 215800 ns, At safepoint: 100300 ns, Total: 316100 ns
[2020-04-26T18:57:51.191+0000][1][safepoint    ] Safepoint "Deoptimize", Time since last: 14558900 ns, Reaching safepoint: 61300 ns, At safepoint: 444600 ns, Total: 505900 ns
[2020-04-26T18:57:51.194+0000][1][safepoint    ] Safepoint "RevokeBias", Time since last: 2797200 ns, Reaching safepoint: 269700 ns, At safepoint: 220900 ns, Total: 490600 ns
[2020-04-26T18:57:51.203+0000][1][safepoint    ] Safepoint "BulkRevokeBias", Time since last: 7300700 ns, Reaching safepoint: 299600 ns, At safepoint: 1485200 ns, Total: 1784800 ns
[2020-04-26T18:57:51.204+0000][1][safepoint    ] Safepoint "RevokeBias", Time since last: 701700 ns, Reaching safepoint: 224600 ns, At safepoint: 93900 ns, Total: 318500 ns
[2020-04-26T18:57:51.226+0000][1][safepoint    ] Safepoint "Deoptimize", Time since last: 21595800 ns, Reaching safepoint: 262300 ns, At safepoint: 612900 ns, Total: 875200 ns
[2020-04-26T18:57:51.236+0000][1][safepoint    ] Safepoint "RevokeBias", Time since last: 8820600 ns, Reaching safepoint: 192900 ns, At safepoint: 100800 ns, Total: 293700 ns
[2020-04-26T18:57:51.242+0000][1][safepoint    ] Safepoint "RevokeBias", Time since last: 6355900 ns, Reaching safepoint: 198100 ns, At safepoint: 153200 ns, Total: 351300 ns
[2020-04-26T18:57:51.244+0000][1][safepoint    ] Safepoint "RevokeBias", Time since last: 1591300 ns, Reaching safepoint: 296900 ns, At safepoint: 142100 ns, Total: 439000 ns
[2020-04-26T18:57:51.250+0000][1][safepoint    ] Safepoint "RevokeBias", Time since last: 5120000 ns, Reaching safepoint: 328500 ns, At safepoint: 211500 ns, Total: 540000 ns
[2020-04-26T18:57:51.251+0000][1][safepoint    ] Safepoint "RevokeBias", Time since last: 385100 ns, Reaching safepoint: 227000 ns, At safepoint: 184500 ns, Total: 411500 ns
[2020-04-26T18:57:51.252+0000][1][safepoint    ] Safepoint "RevokeBias", Time since last: 561000 ns, Reaching safepoint: 438100 ns, At safepoint: 200700 ns, Total: 638800 ns
[2020-04-26T18:57:51.254+0000][1][safepoint    ] Safepoint "RevokeBias", Time since last: 438300 ns, Reaching safepoint: 1347900 ns, At safepoint: 280200 ns, Total: 1628100 ns
[2020-04-26T18:57:51.255+0000][1][safepoint    ] Safepoint "RevokeBias", Time since last: 237000 ns, Reaching safepoint: 202700 ns, At safepoint: 239100 ns, Total: 441800 ns
[2020-04-26T18:57:51.256+0000][1][safepoint    ] Safepoint "RevokeBias", Time since last: 511300 ns, Reaching safepoint: 299800 ns, At safepoint: 260800 ns, Total: 560600 ns
[2020-04-26T18:57:51.257+0000][1][safepoint    ] Safepoint "RevokeBias", Time since last: 230300 ns, Reaching safepoint: 258000 ns, At safepoint: 240500 ns, Total: 498500 ns
[2020-04-26T18:57:51.257+0000][1][safepoint    ] Safepoint "RevokeBias", Time since last: 203800 ns, Reaching safepoint: 265900 ns, At safepoint: 241800 ns, Total: 507700 ns
[2020-04-26T18:57:51.258+0000][1][safepoint    ] Safepoint "RevokeBias", Time since last: 212600 ns, Reaching safepoint: 176600 ns, At safepoint: 238700 ns, Total: 415300 ns
[2020-04-26T18:57:51.259+0000][1][safepoint    ] Safepoint "RevokeBias", Time since last: 344100 ns, Reaching safepoint: 311800 ns, At safepoint: 216700 ns, Total: 528500 ns
[2020-04-26T18:57:51.259+0000][1][safepoint    ] Safepoint "RevokeBias", Time since last: 224700 ns, Reaching safepoint: 179800 ns, At safepoint: 212900 ns, Total: 392700 ns
[2020-04-26T18:57:51.260+0000][1][safepoint    ] Safepoint "RevokeBias", Time since last: 100200 ns, Reaching safepoint: 184800 ns, At safepoint: 262100 ns, Total: 446900 ns
[2020-04-26T18:57:51.260+0000][1][safepoint    ] Safepoint "RevokeBias", Time since last: 197400 ns, Reaching safepoint: 76000 ns, At safepoint: 137700 ns, Total: 213700 ns
[2020-04-26T18:57:51.261+0000][1][safepoint    ] Safepoint "RevokeBias", Time since last: 210100 ns, Reaching safepoint: 172500 ns, At safepoint: 542300 ns, Total: 714800 ns
[2020-04-26T18:57:51.262+0000][1][safepoint    ] Safepoint "RevokeBias", Time since last: 370500 ns, Reaching safepoint: 330300 ns, At safepoint: 297900 ns, Total: 628200 ns
[2020-04-26T18:57:51.263+0000][1][safepoint    ] Safepoint "RevokeBias", Time since last: 192300 ns, Reaching safepoint: 222200 ns, At safepoint: 163500 ns, Total: 385700 ns
[2020-04-26T18:57:51.264+0000][1][safepoint    ] Safepoint "RevokeBias", Time since last: 201400 ns, Reaching safepoint: 336200 ns, At safepoint: 345000 ns, Total: 681200 ns
[2020-04-26T18:57:51.265+0000][1][safepoint    ] Safepoint "RevokeBias", Time since last: 951000 ns, Reaching safepoint: 214700 ns, At safepoint: 137700 ns, Total: 352400 ns
[2020-04-26T18:57:51.266+0000][1][safepoint    ] Safepoint "RevokeBias", Time since last: 522300 ns, Reaching safepoint: 212300 ns, At safepoint: 119700 ns, Total: 332000 ns
[2020-04-26T18:57:51.266+0000][1][safepoint    ] Safepoint "RevokeBias", Time since last: 163600 ns, Reaching safepoint: 219000 ns, At safepoint: 152200 ns, Total: 371200 ns
[2020-04-26T18:57:51.267+0000][1][safepoint    ] Safepoint "RevokeBias", Time since last: 166800 ns, Reaching safepoint: 161700 ns, At safepoint: 116400 ns, Total: 278100 ns
[2020-04-26T18:57:51.267+0000][1][safepoint    ] Safepoint "RevokeBias", Time since last: 148100 ns, Reaching safepoint: 83300 ns, At safepoint: 113000 ns, Total: 196300 ns
[2020-04-26T18:57:51.268+0000][1][safepoint    ] Safepoint "RevokeBias", Time since last: 153200 ns, Reaching safepoint: 81700 ns, At safepoint: 135300 ns, Total: 217000 ns
[2020-04-26T18:57:51.268+0000][1][safepoint    ] Safepoint "RevokeBias", Time since last: 371200 ns, Reaching safepoint: 182700 ns, At safepoint: 84400 ns, Total: 267100 ns
[2020-04-26T18:57:51.269+0000][1][safepoint    ] Safepoint "RevokeBias", Time since last: 337300 ns, Reaching safepoint: 247200 ns, At safepoint: 113400 ns, Total: 360600 ns
[2020-04-26T18:57:51.270+0000][1][safepoint    ] Safepoint "RevokeBias", Time since last: 325300 ns, Reaching safepoint: 188500 ns, At safepoint: 136200 ns, Total: 324700 ns
[2020-04-26T18:57:51.270+0000][1][safepoint    ] Safepoint "RevokeBias", Time since last: 155800 ns, Reaching safepoint: 181000 ns, At safepoint: 98600 ns, Total: 279600 ns
[2020-04-26T18:57:51.270+0000][1][safepoint    ] Safepoint "RevokeBias", Time since last: 174600 ns, Reaching safepoint: 149900 ns, At safepoint: 123700 ns, Total: 273600 ns
[2020-04-26T18:57:51.271+0000][1][safepoint    ] Safepoint "RevokeBias", Time since last: 189700 ns, Reaching safepoint: 50600 ns, At safepoint: 65100 ns, Total: 115700 ns
[2020-04-26T18:57:51.271+0000][1][safepoint    ] Safepoint "RevokeBias", Time since last: 134800 ns, Reaching safepoint: 224200 ns, At safepoint: 68200 ns, Total: 292400 ns
[2020-04-26T18:57:51.272+0000][1][safepoint    ] Safepoint "RevokeBias", Time since last: 170700 ns, Reaching safepoint: 214800 ns, At safepoint: 60500 ns, Total: 275300 ns
[2020-04-26T18:57:51.272+0000][1][safepoint    ] Safepoint "RevokeBias", Time since last: 130800 ns, Reaching safepoint: 171800 ns, At safepoint: 115300 ns, Total: 287100 ns
[2020-04-26T18:57:51.273+0000][1][safepoint    ] Safepoint "RevokeBias", Time since last: 368300 ns, Reaching safepoint: 73600 ns, At safepoint: 118000 ns, Total: 191600 ns
[2020-04-26T18:57:51.273+0000][1][safepoint    ] Safepoint "RevokeBias", Time since last: 139000 ns, Reaching safepoint: 175900 ns, At safepoint: 64100 ns, Total: 240000 ns
[2020-04-26T18:57:51.274+0000][1][safepoint    ] Safepoint "RevokeBias", Time since last: 281600 ns, Reaching safepoint: 179100 ns, At safepoint: 101200 ns, Total: 280300 ns
[2020-04-26T18:57:51.274+0000][1][safepoint    ] Safepoint "RevokeBias", Time since last: 125400 ns, Reaching safepoint: 169200 ns, At safepoint: 100200 ns, Total: 269400 ns
[2020-04-26T18:57:51.274+0000][1][safepoint    ] Safepoint "RevokeBias", Time since last: 128700 ns, Reaching safepoint: 195800 ns, At safepoint: 141700 ns, Total: 337500 ns
[2020-04-26T18:57:51.276+0000][1][safepoint    ] Safepoint "BulkRevokeBias", Time since last: 127900 ns, Reaching safepoint: 200500 ns, At safepoint: 1220300 ns, Total: 1420800 ns
[2020-04-26T18:57:51.277+0000][1][safepoint    ] Safepoint "RevokeBias", Time since last: 805700 ns, Reaching safepoint: 229200 ns, At safepoint: 204200 ns, Total: 433400 ns
[2020-04-26T18:57:51.278+0000][1][safepoint    ] Safepoint "RevokeBias", Time since last: 584400 ns, Reaching safepoint: 200900 ns, At safepoint: 172900 ns, Total: 373800 ns
[2020-04-26T18:57:51.282+0000][1][safepoint    ] Safepoint "RevokeBias", Time since last: 2904800 ns, Reaching safepoint: 576800 ns, At safepoint: 327600 ns, Total: 904400 ns
[2020-04-26T18:57:51.282+0000][1][safepoint    ] Safepoint "RevokeBias", Time since last: 140700 ns, Reaching safepoint: 215400 ns, At safepoint: 95900 ns, Total: 311300 ns
[2020-04-26T18:57:51.283+0000][1][safepoint    ] Safepoint "RevokeBias", Time since last: 260800 ns, Reaching safepoint: 173800 ns, At safepoint: 81500 ns, Total: 255300 ns
[2020-04-26T18:57:51.283+0000][1][safepoint    ] Safepoint "RevokeBias", Time since last: 233400 ns, Reaching safepoint: 62700 ns, At safepoint: 84800 ns, Total: 147500 ns
[2020-04-26T18:57:51.284+0000][1][safepoint    ] Safepoint "RevokeBias", Time since last: 315600 ns, Reaching safepoint: 108700 ns, At safepoint: 146800 ns, Total: 255500 ns
[2020-04-26T18:57:51.285+0000][1][safepoint    ] Safepoint "RevokeBias", Time since last: 326100 ns, Reaching safepoint: 240000 ns, At safepoint: 114900 ns, Total: 354900 ns
[2020-04-26T18:57:51.285+0000][1][safepoint    ] Safepoint "RevokeBias", Time since last: 207300 ns, Reaching safepoint: 66600 ns, At safepoint: 110100 ns, Total: 176700 ns
[2020-04-26T18:57:51.285+0000][1][safepoint    ] Safepoint "RevokeBias", Time since last: 203200 ns, Reaching safepoint: 205200 ns, At safepoint: 138700 ns, Total: 343900 ns
[2020-04-26T18:57:51.286+0000][1][safepoint    ] Safepoint "RevokeBias", Time since last: 218500 ns, Reaching safepoint: 140300 ns, At safepoint: 101000 ns, Total: 241300 ns
[2020-04-26T18:57:51.286+0000][1][safepoint    ] Safepoint "RevokeBias", Time since last: 184400 ns, Reaching safepoint: 185400 ns, At safepoint: 117700 ns, Total: 303100 ns
[2020-04-26T18:57:51.287+0000][1][safepoint    ] Safepoint "RevokeBias", Time since last: 210400 ns, Reaching safepoint: 53800 ns, At safepoint: 102200 ns, Total: 156000 ns
[2020-04-26T18:57:51.287+0000][1][safepoint    ] Safepoint "RevokeBias", Time since last: 177600 ns, Reaching safepoint: 135800 ns, At safepoint: 73200 ns, Total: 209000 ns
[2020-04-26T18:57:51.288+0000][1][safepoint    ] Safepoint "RevokeBias", Time since last: 222000 ns, Reaching safepoint: 721500 ns, At safepoint: 107900 ns, Total: 829400 ns
[2020-04-26T18:57:51.289+0000][1][safepoint    ] Safepoint "RevokeBias", Time since last: 239100 ns, Reaching safepoint: 165000 ns, At safepoint: 130100 ns, Total: 295100 ns
[2020-04-26T18:57:51.289+0000][1][safepoint    ] Safepoint "RevokeBias", Time since last: 233200 ns, Reaching safepoint: 153000 ns, At safepoint: 115100 ns, Total: 268100 ns
[2020-04-26T18:57:51.290+0000][1][safepoint    ] Safepoint "RevokeBias", Time since last: 189300 ns, Reaching safepoint: 138100 ns, At safepoint: 120000 ns, Total: 258100 ns
[2020-04-26T18:57:51.290+0000][1][safepoint    ] Safepoint "RevokeBias", Time since last: 343200 ns, Reaching safepoint: 146700 ns, At safepoint: 126300 ns, Total: 273000 ns
[2020-04-26T18:57:51.291+0000][1][safepoint    ] Safepoint "BulkRevokeBias", Time since last: 195900 ns, Reaching safepoint: 173500 ns, At safepoint: 656800 ns, Total: 830300 ns
[2020-04-26T18:57:51.293+0000][1][safepoint    ] Safepoint "RevokeBias", Time since last: 1100500 ns, Reaching safepoint: 179100 ns, At safepoint: 142400 ns, Total: 321500 ns
[2020-04-26T18:57:51.294+0000][1][safepoint    ] Safepoint "RevokeBias", Time since last: 592500 ns, Reaching safepoint: 156300 ns, At safepoint: 119500 ns, Total: 275800 ns
[2020-04-26T18:57:51.294+0000][1][safepoint    ] Safepoint "RevokeBias", Time since last: 162900 ns, Reaching safepoint: 151100 ns, At safepoint: 182800 ns, Total: 333900 ns
[2020-04-26T18:57:51.295+0000][1][safepoint    ] Safepoint "RevokeBias", Time since last: 122000 ns, Reaching safepoint: 217200 ns, At safepoint: 201300 ns, Total: 418500 ns
[2020-04-26T18:57:51.306+0000][1][safepoint    ] Safepoint "RevokeBias", Time since last: 10906200 ns, Reaching safepoint: 192900 ns, At safepoint: 122000 ns, Total: 314900 ns
[2020-04-26T18:57:51.310+0000][1][safepoint    ] Safepoint "RevokeBias", Time since last: 3320300 ns, Reaching safepoint: 213500 ns, At safepoint: 131300 ns, Total: 344800 ns
[2020-04-26T18:57:51.312+0000][1][safepoint    ] Safepoint "RevokeBias", Time since last: 2286300 ns, Reaching safepoint: 251500 ns, At safepoint: 182100 ns, Total: 433600 ns
[2020-04-26T18:57:51.316+0000][1][safepoint    ] Safepoint "RevokeBias", Time since last: 3156400 ns, Reaching safepoint: 366500 ns, At safepoint: 301700 ns, Total: 668200 ns
[2020-04-26T18:57:51.322+0000][1][safepoint    ] Safepoint "RevokeBias", Time since last: 5736600 ns, Reaching safepoint: 173300 ns, At safepoint: 47100 ns, Total: 220400 ns
[2020-04-26T18:57:51.322+0000][1][safepoint    ] Safepoint "RevokeBias", Time since last: 161100 ns, Reaching safepoint: 175700 ns, At safepoint: 67300 ns, Total: 243000 ns
[2020-04-26T18:57:51.323+0000][1][safepoint    ] Safepoint "RevokeBias", Time since last: 106500 ns, Reaching safepoint: 149000 ns, At safepoint: 52700 ns, Total: 201700 ns
[2020-04-26T18:57:51.324+0000][1][safepoint    ] Safepoint "RevokeBias", Time since last: 100700 ns, Reaching safepoint: 684600 ns, At safepoint: 106600 ns, Total: 791200 ns
[2020-04-26T18:57:51.324+0000][1][safepoint    ] Safepoint "RevokeBias", Time since last: 120100 ns, Reaching safepoint: 185600 ns, At safepoint: 94200 ns, Total: 279800 ns
[2020-04-26T18:57:51.324+0000][1][safepoint    ] Safepoint "RevokeBias", Time since last: 135000 ns, Reaching safepoint: 155000 ns, At safepoint: 52300 ns, Total: 207300 ns
[2020-04-26T18:57:51.327+0000][1][safepoint    ] Safepoint "BulkRevokeBias", Time since last: 105200 ns, Reaching safepoint: 175700 ns, At safepoint: 1850300 ns, Total: 2026000 ns
[2020-04-26T18:57:51.341+0000][1][safepoint    ] Safepoint "RevokeBias", Time since last: 14109900 ns, Reaching safepoint: 103100 ns, At safepoint: 79400 ns, Total: 182500 ns
[2020-04-26T18:57:51.357+0000][1][safepoint    ] Safepoint "RevokeBias", Time since last: 16183000 ns, Reaching safepoint: 130900 ns, At safepoint: 113500 ns, Total: 244400 ns
[2020-04-26T18:57:51.386+0000][1][safepoint    ] Safepoint "RevokeBias", Time since last: 28289900 ns, Reaching safepoint: 200700 ns, At safepoint: 91900 ns, Total: 292600 ns
[2020-04-26T18:57:51.387+0000][1][safepoint    ] Safepoint "RevokeBias", Time since last: 499100 ns, Reaching safepoint: 144000 ns, At safepoint: 71300 ns, Total: 215300 ns
[2020-04-26T18:57:51.387+0000][1][safepoint    ] Safepoint "RevokeBias", Time since last: 121900 ns, Reaching safepoint: 133200 ns, At safepoint: 57800 ns, Total: 191000 ns
[2020-04-26T18:57:51.387+0000][1][safepoint    ] Safepoint "RevokeBias", Time since last: 115300 ns, Reaching safepoint: 132500 ns, At safepoint: 100800 ns, Total: 233300 ns
[2020-04-26T18:57:51.389+0000][1][safepoint    ] Safepoint "RevokeBias", Time since last: 1221700 ns, Reaching safepoint: 165300 ns, At safepoint: 145700 ns, Total: 311000 ns
[2020-04-26T18:57:51.389+0000][1][safepoint    ] Safepoint "RevokeBias", Time since last: 63000 ns, Reaching safepoint: 143000 ns, At safepoint: 96400 ns, Total: 239400 ns
[2020-04-26T18:57:53.390+0000][1][safepoint    ] Safepoint "Cleanup", Time since last: 2000331200 ns, Reaching safepoint: 78800 ns, At safepoint: 28800 ns, Total: 107600 ns
[2020-04-26T18:57:54.390+0000][1][safepoint    ] Safepoint "Cleanup", Time since last: 1000122000 ns, Reaching safepoint: 78200 ns, At safepoint: 27500 ns, Total: 105700 ns
[2020-04-26T18:57:54.417+0000][1][safepoint    ] Safepoint "RevokeBias", Time since last: 27315300 ns, Reaching safepoint: 215700 ns, At safepoint: 51500 ns, Total: 267200 ns
[2020-04-26T18:57:54.418+0000][1][safepoint    ] Safepoint "RevokeBias", Time since last: 127400 ns, Reaching safepoint: 175700 ns, At safepoint: 51300 ns, Total: 227000 ns
[2020-04-26T18:57:54.418+0000][1][safepoint    ] Safepoint "RevokeBias", Time since last: 129500 ns, Reaching safepoint: 139900 ns, At safepoint: 54400 ns, Total: 194300 ns
[2020-04-26T18:57:54.420+0000][1][safepoint    ] Safepoint "RevokeBias", Time since last: 1675300 ns, Reaching safepoint: 167400 ns, At safepoint: 92200 ns, Total: 259600 ns
[2020-04-26T18:57:54.421+0000][1][safepoint    ] Safepoint "RevokeBias", Time since last: 591100 ns, Reaching safepoint: 206300 ns, At safepoint: 111900 ns, Total: 318200 ns
[2020-04-26T18:57:54.421+0000][1][safepoint    ] Safepoint "RevokeBias", Time since last: 108600 ns, Reaching safepoint: 194700 ns, At safepoint: 107700 ns, Total: 302400 ns
[2020-04-26T18:57:54.422+0000][1][safepoint    ] Safepoint "RevokeBias", Time since last: 216600 ns, Reaching safepoint: 269000 ns, At safepoint: 192000 ns, Total: 461000 ns
[2020-04-26T18:57:54.424+0000][1][safepoint    ] Safepoint "RevokeBias", Time since last: 1166500 ns, Reaching safepoint: 666700 ns, At safepoint: 170800 ns, Total: 837500 ns
[2020-04-26T18:57:54.425+0000][1][safepoint    ] Safepoint "RevokeBias", Time since last: 129900 ns, Reaching safepoint: 569900 ns, At safepoint: 152400 ns, Total: 722300 ns
[2020-04-26T18:57:54.428+0000][1][safepoint    ] Safepoint "BulkRevokeBias", Time since last: 804200 ns, Reaching safepoint: 1489100 ns, At safepoint: 793700 ns, Total: 2282800 ns
[2020-04-26T18:57:54.435+0000][1][safepoint    ] Safepoint "RevokeBias", Time since last: 6734500 ns, Reaching safepoint: 584900 ns, At safepoint: 242700 ns, Total: 827600 ns
[2020-04-26T18:57:54.436+0000][1][safepoint    ] Safepoint "RevokeBias", Time since last: 556400 ns, Reaching safepoint: 239600 ns, At safepoint: 183000 ns, Total: 422600 ns
[2020-04-26T18:57:54.440+0000][1][safepoint    ] Safepoint "RevokeBias", Time since last: 2858300 ns, Reaching safepoint: 412600 ns, At safepoint: 219300 ns, Total: 631900 ns
[2020-04-26T18:57:54.441+0000][1][safepoint    ] Safepoint "RevokeBias", Time since last: 389000 ns, Reaching safepoint: 223500 ns, At safepoint: 184500 ns, Total: 408000 ns
[2020-04-26T18:57:54.458+0000][1][safepoint    ] Safepoint "RevokeBias", Time since last: 17091400 ns, Reaching safepoint: 270400 ns, At safepoint: 118100 ns, Total: 388500 ns
[2020-04-26T18:57:54.460+0000][1][safepoint    ] Safepoint "RevokeBias", Time since last: 1037000 ns, Reaching safepoint: 214400 ns, At safepoint: 149500 ns, Total: 363900 ns
[2020-04-26T18:57:54.461+0000][1][safepoint    ] Safepoint "RevokeBias", Time since last: 860200 ns, Reaching safepoint: 167800 ns, At safepoint: 103600 ns, Total: 271400 ns
[2020-04-26T18:57:54.493+0000][1][safepoint    ] Safepoint "RevokeBias", Time since last: 32104800 ns, Reaching safepoint: 119900 ns, At safepoint: 88800 ns, Total: 208700 ns
[2020-04-26T18:57:55.493+0000][1][safepoint    ] Safepoint "Cleanup", Time since last: 1000177400 ns, Reaching safepoint: 84600 ns, At safepoint: 27800 ns, Total: 112400 ns
[2020-04-26T18:57:56.760+0000][1][safepoint    ] Safepoint "RevokeBias", Time since last: 1266219000 ns, Reaching safepoint: 243500 ns, At safepoint: 125200 ns, Total: 368700 ns
[2020-04-26T18:57:56.771+0000][1][safepoint    ] Safepoint "RevokeBias", Time since last: 10373400 ns, Reaching safepoint: 266300 ns, At safepoint: 160200 ns, Total: 426500 ns
[2020-04-26T18:57:56.778+0000][1][safepoint    ] Safepoint "RevokeBias", Time since last: 6477200 ns, Reaching safepoint: 340300 ns, At safepoint: 483700 ns, Total: 824000 ns
[2020-04-26T18:57:56.793+0000][1][safepoint    ] Safepoint "RevokeBias", Time since last: 13901600 ns, Reaching safepoint: 820200 ns, At safepoint: 290600 ns, Total: 1110800 ns
[2020-04-26T18:57:56.794+0000][1][safepoint    ] Safepoint "RevokeBias", Time since last: 643600 ns, Reaching safepoint: 289300 ns, At safepoint: 201300 ns, Total: 490600 ns
[2020-04-26T18:57:56.795+0000][1][safepoint    ] Safepoint "RevokeBias", Time since last: 162200 ns, Reaching safepoint: 394900 ns, At safepoint: 309500 ns, Total: 704400 ns
[2020-04-26T18:57:56.796+0000][1][safepoint    ] Safepoint "RevokeBias", Time since last: 188000 ns, Reaching safepoint: 443700 ns, At safepoint: 246800 ns, Total: 690500 ns
[2020-04-26T18:57:56.799+0000][1][safepoint    ] Safepoint "RevokeBias", Time since last: 2969500 ns, Reaching safepoint: 259100 ns, At safepoint: 151200 ns, Total: 410300 ns
[2020-04-26T18:57:56.807+0000][1][safepoint    ] Safepoint "RevokeBias", Time since last: 6905300 ns, Reaching safepoint: 160200 ns, At safepoint: 179700 ns, Total: 339900 ns
[2020-04-26T18:57:56.809+0000][1][safepoint    ] Safepoint "RevokeBias", Time since last: 2218900 ns, Reaching safepoint: 233300 ns, At safepoint: 100800 ns, Total: 334100 ns
[2020-04-26T18:57:56.819+0000][1][safepoint    ] Safepoint "RevokeBias", Time since last: 9401100 ns, Reaching safepoint: 196800 ns, At safepoint: 99500 ns, Total: 296300 ns
[2020-04-26T18:57:56.820+0000][1][safepoint    ] Safepoint "RevokeBias", Time since last: 798400 ns, Reaching safepoint: 76300 ns, At safepoint: 58000 ns, Total: 134300 ns
[2020-04-26T18:57:56.821+0000][1][safepoint    ] Safepoint "RevokeBias", Time since last: 1035700 ns, Reaching safepoint: 159200 ns, At safepoint: 84900 ns, Total: 244100 ns
[2020-04-26T18:57:56.923+0000][1][safepoint    ] Safepoint "RevokeBias", Time since last: 102209300 ns, Reaching safepoint: 91000 ns, At safepoint: 72000 ns, Total: 163000 ns
[2020-04-26T18:57:57.023+0000][1][safepoint    ] Safepoint "RevokeBias", Time since last: 99250700 ns, Reaching safepoint: 126900 ns, At safepoint: 69500 ns, Total: 196400 ns
[2020-04-26T18:57:57.024+0000][1][safepoint    ] Safepoint "RevokeBias", Time since last: 760600 ns, Reaching safepoint: 93600 ns, At safepoint: 62100 ns, Total: 155700 ns
[2020-04-26T18:57:57.027+0000][1][safepoint    ] Safepoint "RevokeBias", Time since last: 2945700 ns, Reaching safepoint: 100000 ns, At safepoint: 90100 ns, Total: 190100 ns
[2020-04-26T18:57:57.027+0000][1][safepoint    ] Safepoint "RevokeBias", Time since last: 252400 ns, Reaching safepoint: 203900 ns, At safepoint: 85700 ns, Total: 289600 ns
[2020-04-26T18:57:57.028+0000][1][safepoint    ] Safepoint "RevokeBias", Time since last: 405000 ns, Reaching safepoint: 81800 ns, At safepoint: 60400 ns, Total: 142200 ns
[2020-04-26T18:57:57.029+0000][1][safepoint    ] Safepoint "RevokeBias", Time since last: 1307800 ns, Reaching safepoint: 97500 ns, At safepoint: 61600 ns, Total: 159100 ns
[2020-04-26T18:57:57.040+0000][1][safepoint    ] Safepoint "RevokeBias", Time since last: 10447800 ns, Reaching safepoint: 101300 ns, At safepoint: 57700 ns, Total: 159000 ns
[2020-04-26T18:57:57.042+0000][1][safepoint    ] Safepoint "RevokeBias", Time since last: 1376400 ns, Reaching safepoint: 246600 ns, At safepoint: 98700 ns, Total: 345300 ns
[2020-04-26T18:57:57.061+0000][1][safepoint    ] Safepoint "RevokeBias", Time since last: 19225400 ns, Reaching safepoint: 85100 ns, At safepoint: 40100 ns, Total: 125200 ns
[2020-04-26T18:57:57.062+0000][1][safepoint    ] Safepoint "RevokeBias", Time since last: 862200 ns, Reaching safepoint: 151500 ns, At safepoint: 60800 ns, Total: 212300 ns
[2020-04-26T18:57:57.067+0000][1][safepoint    ] Safepoint "RevokeBias", Time since last: 4598500 ns, Reaching safepoint: 85000 ns, At safepoint: 54100 ns, Total: 139100 ns
[2020-04-26T18:57:57.068+0000][1][safepoint    ] Safepoint "RevokeBias", Time since last: 873400 ns, Reaching safepoint: 177700 ns, At safepoint: 61200 ns, Total: 238900 ns
[2020-04-26T18:57:57.070+0000][1][safepoint    ] Safepoint "RevokeBias", Time since last: 2252300 ns, Reaching safepoint: 66000 ns, At safepoint: 50900 ns, Total: 116900 ns
[2020-04-26T18:57:57.071+0000][1][safepoint    ] Safepoint "RevokeBias", Time since last: 243900 ns, Reaching safepoint: 47500 ns, At safepoint: 48600 ns, Total: 96100 ns
[2020-04-26T18:57:57.072+0000][1][safepoint    ] Safepoint "RevokeBias", Time since last: 679400 ns, Reaching safepoint: 55300 ns, At safepoint: 62100 ns, Total: 117400 ns
[2020-04-26T18:57:57.130+0000][1][safepoint    ] Safepoint "RevokeBias", Time since last: 58775700 ns, Reaching safepoint: 129100 ns, At safepoint: 65500 ns, Total: 194600 ns
[2020-04-26T18:57:57.132+0000][1][safepoint    ] Safepoint "RevokeBias", Time since last: 1027900 ns, Reaching safepoint: 88100 ns, At safepoint: 38700 ns, Total: 126800 ns
[2020-04-26T18:57:57.135+0000][1][safepoint    ] Safepoint "RevokeBias", Time since last: 2832100 ns, Reaching safepoint: 89100 ns, At safepoint: 52300 ns, Total: 141400 ns
[2020-04-26T18:57:57.136+0000][1][safepoint    ] Safepoint "RevokeBias", Time since last: 900900 ns, Reaching safepoint: 200100 ns, At safepoint: 52100 ns, Total: 252200 ns
[2020-04-26T18:57:58.136+0000][1][safepoint    ] Safepoint "Cleanup", Time since last: 1000144900 ns, Reaching safepoint: 97300 ns, At safepoint: 27400 ns, Total: 124700 ns
[2020-04-26T18:57:59.136+0000][1][safepoint    ] Safepoint "Cleanup", Time since last: 1000158000 ns, Reaching safepoint: 112100 ns, At safepoint: 25900 ns, Total: 138000 ns
[2020-04-26T18:57:59.424+0000][1][safepoint    ] Safepoint "RevokeBias", Time since last: 287474500 ns, Reaching safepoint: 131200 ns, At safepoint: 85900 ns, Total: 217100 ns
[2020-04-26T18:57:59.753+0000][1][safepoint    ] Safepoint "RevokeBias", Time since last: 328773000 ns, Reaching safepoint: 172300 ns, At safepoint: 36300 ns, Total: 208600 ns
[2020-04-26T18:57:59.754+0000][1][safepoint    ] Safepoint "RevokeBias", Time since last: 410000 ns, Reaching safepoint: 151000 ns, At safepoint: 62900 ns, Total: 213900 ns
[2020-04-26T18:57:59.764+0000][1][safepoint    ] Safepoint "RevokeBias", Time since last: 9406800 ns, Reaching safepoint: 394800 ns, At safepoint: 117100 ns, Total: 511900 ns
[2020-04-26T18:57:59.771+0000][1][safepoint    ] Safepoint "RevokeBias", Time since last: 7192400 ns, Reaching safepoint: 148500 ns, At safepoint: 76200 ns, Total: 224700 ns
[2020-04-26T18:57:59.771+0000][1][safepoint    ] Safepoint "RevokeBias", Time since last: 211200 ns, Reaching safepoint: 141900 ns, At safepoint: 46100 ns, Total: 188000 ns
[2020-04-26T18:57:59.772+0000][1][safepoint    ] Safepoint "RevokeBias", Time since last: 126900 ns, Reaching safepoint: 61300 ns, At safepoint: 31000 ns, Total: 92300 ns
[2020-04-26T18:57:59.772+0000][1][safepoint    ] Safepoint "RevokeBias", Time since last: 333100 ns, Reaching safepoint: 58500 ns, At safepoint: 49000 ns, Total: 107500 ns
[2020-04-26T18:57:59.772+0000][1][safepoint    ] Safepoint "RevokeBias", Time since last: 99400 ns, Reaching safepoint: 54700 ns, At safepoint: 47600 ns, Total: 102300 ns
[2020-04-26T18:57:59.773+0000][1][safepoint    ] Safepoint "RevokeBias", Time since last: 176100 ns, Reaching safepoint: 82500 ns, At safepoint: 58300 ns, Total: 140800 ns
[2020-04-26T18:57:59.773+0000][1][safepoint    ] Safepoint "RevokeBias", Time since last: 515700 ns, Reaching safepoint: 56300 ns, At safepoint: 31900 ns, Total: 88200 ns
[2020-04-26T18:57:59.774+0000][1][safepoint    ] Safepoint "RevokeBias", Time since last: 594200 ns, Reaching safepoint: 181700 ns, At safepoint: 66600 ns, Total: 248300 ns
[2020-04-26T18:57:59.774+0000][1][safepoint    ] Safepoint "RevokeBias", Time since last: 186800 ns, Reaching safepoint: 74900 ns, At safepoint: 50000 ns, Total: 124900 ns
[2020-04-26T18:57:59.776+0000][1][safepoint    ] Safepoint "RevokeBias", Time since last: 1727400 ns, Reaching safepoint: 248300 ns, At safepoint: 74300 ns, Total: 322600 ns
[2020-04-26T18:57:59.777+0000][1][safepoint    ] Safepoint "RevokeBias", Time since last: 281200 ns, Reaching safepoint: 267200 ns, At safepoint: 108300 ns, Total: 375500 ns
[2020-04-26T18:57:59.777+0000][1][safepoint    ] Safepoint "RevokeBias", Time since last: 132400 ns, Reaching safepoint: 69400 ns, At safepoint: 77000 ns, Total: 146400 ns
[2020-04-26T18:57:59.778+0000][1][safepoint    ] Safepoint "RevokeBias", Time since last: 112400 ns, Reaching safepoint: 64200 ns, At safepoint: 72400 ns, Total: 136600 ns
[2020-04-26T18:57:59.778+0000][1][safepoint    ] Safepoint "RevokeBias", Time since last: 165800 ns, Reaching safepoint: 155500 ns, At safepoint: 88400 ns, Total: 243900 ns
[2020-04-26T18:57:59.779+0000][1][safepoint    ] Safepoint "RevokeBias", Time since last: 1012700 ns, Reaching safepoint: 125000 ns, At safepoint: 82900 ns, Total: 207900 ns
[2020-04-26T18:57:59.780+0000][1][safepoint    ] Safepoint "RevokeBias", Time since last: 1023400 ns, Reaching safepoint: 163800 ns, At safepoint: 103500 ns, Total: 267300 ns
[2020-04-26T18:57:59.781+0000][1][safepoint    ] Safepoint "RevokeBias", Time since last: 113800 ns, Reaching safepoint: 151200 ns, At safepoint: 95800 ns, Total: 247000 ns
[2020-04-26T18:57:59.781+0000][1][safepoint    ] Safepoint "RevokeBias", Time since last: 242800 ns, Reaching safepoint: 89000 ns, At safepoint: 70800 ns, Total: 159800 ns
[2020-04-26T18:57:59.782+0000][1][safepoint    ] Safepoint "RevokeBias", Time since last: 162400 ns, Reaching safepoint: 112700 ns, At safepoint: 80100 ns, Total: 192800 ns
[2020-04-26T18:57:59.782+0000][1][safepoint    ] Safepoint "RevokeBias", Time since last: 158000 ns, Reaching safepoint: 211400 ns, At safepoint: 109200 ns, Total: 320600 ns
[2020-04-26T18:57:59.782+0000][1][safepoint    ] Safepoint "RevokeBias", Time since last: 136400 ns, Reaching safepoint: 125200 ns, At safepoint: 110300 ns, Total: 235500 ns
[2020-04-26T18:57:59.783+0000][1][safepoint    ] Safepoint "RevokeBias", Time since last: 658500 ns, Reaching safepoint: 213300 ns, At safepoint: 72700 ns, Total: 286000 ns
[2020-04-26T18:57:59.784+0000][1][safepoint    ] Safepoint "RevokeBias", Time since last: 211300 ns, Reaching safepoint: 62800 ns, At safepoint: 50400 ns, Total: 113200 ns
[2020-04-26T18:57:59.784+0000][1][safepoint    ] Safepoint "RevokeBias", Time since last: 136400 ns, Reaching safepoint: 64300 ns, At safepoint: 68500 ns, Total: 132800 ns
[2020-04-26T18:57:59.784+0000][1][safepoint    ] Safepoint "RevokeBias", Time since last: 148700 ns, Reaching safepoint: 93400 ns, At safepoint: 79500 ns, Total: 172900 ns
[2020-04-26T18:57:59.785+0000][1][safepoint    ] Safepoint "RevokeBias", Time since last: 284300 ns, Reaching safepoint: 92300 ns, At safepoint: 47400 ns, Total: 139700 ns
[2020-04-26T18:57:59.785+0000][1][safepoint    ] Safepoint "RevokeBias", Time since last: 104900 ns, Reaching safepoint: 58300 ns, At safepoint: 53500 ns, Total: 111800 ns
[2020-04-26T18:57:59.785+0000][1][safepoint    ] Safepoint "RevokeBias", Time since last: 170000 ns, Reaching safepoint: 165200 ns, At safepoint: 81600 ns, Total: 246800 ns
[2020-04-26T18:57:59.786+0000][1][safepoint    ] Safepoint "RevokeBias", Time since last: 493400 ns, Reaching safepoint: 67500 ns, At safepoint: 40300 ns, Total: 107800 ns
[2020-04-26T18:57:59.786+0000][1][safepoint    ] Safepoint "RevokeBias", Time since last: 149200 ns, Reaching safepoint: 184700 ns, At safepoint: 100300 ns, Total: 285000 ns
[2020-04-26T18:57:59.789+0000][1][safepoint    ] Safepoint "BulkRevokeBias", Time since last: 1277700 ns, Reaching safepoint: 226000 ns, At safepoint: 673100 ns, Total: 899100 ns
[2020-04-26T18:57:59.793+0000][1][safepoint    ] Safepoint "RevokeBias", Time since last: 4291800 ns, Reaching safepoint: 212800 ns, At safepoint: 75000 ns, Total: 287800 ns
[2020-04-26T18:57:59.821+0000][1][safepoint    ] Safepoint "RevokeBias", Time since last: 27555600 ns, Reaching safepoint: 127800 ns, At safepoint: 38500 ns, Total: 166300 ns
[2020-04-26T18:57:59.821+0000][1][safepoint    ] Safepoint "RevokeBias", Time since last: 97000 ns, Reaching safepoint: 74500 ns, At safepoint: 32300 ns, Total: 106800 ns
[2020-04-26T18:57:59.833+0000][1][safepoint    ] Safepoint "RevokeBias", Time since last: 11304000 ns, Reaching safepoint: 123700 ns, At safepoint: 79400 ns, Total: 203100 ns
[2020-04-26T18:58:00.833+0000][1][safepoint    ] Safepoint "Cleanup", Time since last: 1000211800 ns, Reaching safepoint: 143900 ns, At safepoint: 67500 ns, Total: 211400 ns
[2020-04-26T18:58:01.166+0000][1][safepoint    ] Safepoint "RevokeBias", Time since last: 332905400 ns, Reaching safepoint: 229400 ns, At safepoint: 56900 ns, Total: 286300 ns
[2020-04-26T18:58:01.167+0000][1][safepoint    ] Safepoint "RevokeBias", Time since last: 975100 ns, Reaching safepoint: 76100 ns, At safepoint: 51400 ns, Total: 127500 ns
[2020-04-26T18:58:01.177+0000][1][safepoint    ] Safepoint "BulkRevokeBias", Time since last: 8777000 ns, Reaching safepoint: 90500 ns, At safepoint: 388200 ns, Total: 478700 ns
[2020-04-26T18:58:01.178+0000][1][safepoint    ] Safepoint "BulkRevokeBias", Time since last: 875600 ns, Reaching safepoint: 159100 ns, At safepoint: 399900 ns, Total: 559000 ns
[2020-04-26T18:58:01.242+0000][1][safepoint    ] Safepoint "RevokeBias", Time since last: 63758400 ns, Reaching safepoint: 200500 ns, At safepoint: 68900 ns, Total: 269400 ns
[2020-04-26T18:58:01.256+0000][1][safepoint    ] Safepoint "RevokeBias", Time since last: 13505700 ns, Reaching safepoint: 99900 ns, At safepoint: 55900 ns, Total: 155800 ns
[2020-04-26T18:58:02.256+0000][1][safepoint    ] Safepoint "Cleanup", Time since last: 1000177100 ns, Reaching safepoint: 117100 ns, At safepoint: 29000 ns, Total: 146100 ns
[2020-04-26T18:58:02.315+0000][1][safepoint    ] Safepoint "RevokeBias", Time since last: 59088900 ns, Reaching safepoint: 138200 ns, At safepoint: 109600 ns, Total: 247800 ns
[2020-04-26T18:58:02.316+0000][1][safepoint    ] Safepoint "RevokeBias", Time since last: 208100 ns, Reaching safepoint: 168000 ns, At safepoint: 46800 ns, Total: 214800 ns
[2020-04-26T18:58:02.317+0000][1][safepoint    ] Safepoint "RevokeBias", Time since last: 961500 ns, Reaching safepoint: 70700 ns, At safepoint: 47800 ns, Total: 118500 ns
[2020-04-26T18:58:02.483+0000][1][safepoint    ] Safepoint "RevokeBias", Time since last: 165672700 ns, Reaching safepoint: 153700 ns, At safepoint: 97700 ns, Total: 251400 ns
[2020-04-26T18:58:02.484+0000][1][safepoint    ] Safepoint "RevokeBias", Time since last: 338600 ns, Reaching safepoint: 309500 ns, At safepoint: 106300 ns, Total: 415800 ns
[2020-04-26T18:58:02.560+0000][1][safepoint    ] Safepoint "RevokeBias", Time since last: 75942500 ns, Reaching safepoint: 105900 ns, At safepoint: 64900 ns, Total: 170800 ns
[2020-04-26T18:58:02.560+0000][1][safepoint    ] Safepoint "RevokeBias", Time since last: 50600 ns, Reaching safepoint: 58300 ns, At safepoint: 72900 ns, Total: 131200 ns
[2020-04-26T18:58:02.560+0000][1][safepoint    ] Safepoint "RevokeBias", Time since last: 105300 ns, Reaching safepoint: 56500 ns, At safepoint: 59200 ns, Total: 115700 ns
[2020-04-26T18:58:02.571+0000][1][safepoint    ] Safepoint "RevokeBias", Time since last: 10314100 ns, Reaching safepoint: 170500 ns, At safepoint: 96800 ns, Total: 267300 ns
[2020-04-26T18:58:03.358+0000][1][safepoint    ] Safepoint "RevokeBias", Time since last: 787059500 ns, Reaching safepoint: 156200 ns, At safepoint: 86800 ns, Total: 243000 ns
[2020-04-26T18:58:03.359+0000][1][safepoint    ] Safepoint "RevokeBias", Time since last: 815100 ns, Reaching safepoint: 145200 ns, At safepoint: 50300 ns, Total: 195500 ns
[2020-04-26T18:58:03.362+0000][1][safepoint    ] Safepoint "RevokeBias", Time since last: 2744200 ns, Reaching safepoint: 200200 ns, At safepoint: 53800 ns, Total: 254000 ns
[2020-04-26T18:58:03.377+0000][1][safepoint    ] Safepoint "RevokeBias", Time since last: 14657200 ns, Reaching safepoint: 282700 ns, At safepoint: 102700 ns, Total: 385400 ns
[2020-04-26T18:58:03.378+0000][1][safepoint    ] Safepoint "RevokeBias", Time since last: 1059500 ns, Reaching safepoint: 145100 ns, At safepoint: 105400 ns, Total: 250500 ns
[2020-04-26T18:58:03.771+0000][1][safepoint    ] Safepoint "BulkRevokeBias", Time since last: 390638700 ns, Reaching safepoint: 442500 ns, At safepoint: 1885400 ns, Total: 2327900 ns
[2020-04-26T18:58:03.772+0000][1][safepoint    ] Safepoint "RevokeBias", Time since last: 964600 ns, Reaching safepoint: 124800 ns, At safepoint: 63700 ns, Total: 188500 ns
[2020-04-26T18:58:03.801+0000][1][safepoint    ] Safepoint "Deoptimize", Time since last: 26498000 ns, Reaching safepoint: 504300 ns, At safepoint: 2092300 ns, Total: 2596600 ns
[2020-04-26T18:58:03.828+0000][1][safepoint    ] Safepoint "RevokeBias", Time since last: 26176500 ns, Reaching safepoint: 268800 ns, At safepoint: 68300 ns, Total: 337100 ns
[2020-04-26T18:58:03.945+0000][1][safepoint    ] Safepoint "RevokeBias", Time since last: 117048900 ns, Reaching safepoint: 125200 ns, At safepoint: 98900 ns, Total: 224100 ns
[2020-04-26T18:58:03.951+0000][1][safepoint    ] Safepoint "RevokeBias", Time since last: 5224400 ns, Reaching safepoint: 240800 ns, At safepoint: 90900 ns, Total: 331700 ns
[2020-04-26T18:58:03.956+0000][1][safepoint    ] Safepoint "RevokeBias", Time since last: 5356700 ns, Reaching safepoint: 136200 ns, At safepoint: 62500 ns, Total: 198700 ns
[2020-04-26T18:58:03.989+0000][1][safepoint    ] Safepoint "Deoptimize", Time since last: 31800600 ns, Reaching safepoint: 134400 ns, At safepoint: 612100 ns, Total: 746500 ns
[2020-04-26T18:58:03.993+0000][1][safepoint    ] Safepoint "RevokeBias", Time since last: 4152800 ns, Reaching safepoint: 123300 ns, At safepoint: 47900 ns, Total: 171200 ns
[2020-04-26T18:58:04.005+0000][1][safepoint    ] Safepoint "RevokeBias", Time since last: 11994900 ns, Reaching safepoint: 155200 ns, At safepoint: 69200 ns, Total: 224400 ns
[2020-04-26T18:58:04.012+0000][1][safepoint    ] Safepoint "RevokeBias", Time since last: 5980300 ns, Reaching safepoint: 122100 ns, At safepoint: 54900 ns, Total: 177000 ns
[2020-04-26T18:58:04.037+0000][1][safepoint    ] Safepoint "RevokeBias", Time since last: 25645400 ns, Reaching safepoint: 132600 ns, At safepoint: 64000 ns, Total: 196600 ns
[2020-04-26T18:58:04.038+0000][1][safepoint    ] Safepoint "RevokeBias", Time since last: 717500 ns, Reaching safepoint: 110400 ns, At safepoint: 37600 ns, Total: 148000 ns
[2020-04-26T18:58:04.039+0000][1][safepoint    ] Safepoint "RevokeBias", Time since last: 799000 ns, Reaching safepoint: 84400 ns, At safepoint: 40700 ns, Total: 125100 ns
[2020-04-26T18:58:04.040+0000][1][safepoint    ] Safepoint "RevokeBias", Time since last: 409600 ns, Reaching safepoint: 79200 ns, At safepoint: 40100 ns, Total: 119300 ns
[2020-04-26T18:58:04.045+0000][1][safepoint    ] Safepoint "RevokeBias", Time since last: 4902100 ns, Reaching safepoint: 98300 ns, At safepoint: 37600 ns, Total: 135900 ns
[2020-04-26T18:58:04.046+0000][1][safepoint    ] Safepoint "RevokeBias", Time since last: 1089700 ns, Reaching safepoint: 131200 ns, At safepoint: 45300 ns, Total: 176500 ns
[2020-04-26T18:58:04.048+0000][1][safepoint    ] Safepoint "RevokeBias", Time since last: 1571100 ns, Reaching safepoint: 138500 ns, At safepoint: 49100 ns, Total: 187600 ns
[2020-04-26T18:58:04.049+0000][1][safepoint    ] Safepoint "RevokeBias", Time since last: 1013900 ns, Reaching safepoint: 154100 ns, At safepoint: 41200 ns, Total: 195300 ns
[2020-04-26T18:58:04.333+0000][1][safepoint    ] Safepoint "RevokeBias", Time since last: 283182500 ns, Reaching safepoint: 273600 ns, At safepoint: 97600 ns, Total: 371200 ns
[2020-04-26T18:58:04.333+0000][1][safepoint    ] Safepoint "RevokeBias", Time since last: 279500 ns, Reaching safepoint: 86200 ns, At safepoint: 58600 ns, Total: 144800 ns
[2020-04-26T18:58:04.336+0000][1][safepoint    ] Safepoint "RevokeBias", Time since last: 2727100 ns, Reaching safepoint: 102100 ns, At safepoint: 39100 ns, Total: 141200 ns
[2020-04-26T18:58:04.344+0000][1][safepoint    ] Safepoint "RevokeBias", Time since last: 7798200 ns, Reaching safepoint: 145800 ns, At safepoint: 46800 ns, Total: 192600 ns
[2020-04-26T18:58:04.345+0000][1][safepoint    ] Safepoint "RevokeBias", Time since last: 522300 ns, Reaching safepoint: 189600 ns, At safepoint: 69200 ns, Total: 258800 ns
[2020-04-26T18:58:04.345+0000][1][safepoint    ] Safepoint "RevokeBias", Time since last: 252400 ns, Reaching safepoint: 79300 ns, At safepoint: 69600 ns, Total: 148900 ns
[2020-04-26T18:58:04.346+0000][1][safepoint    ] Safepoint "RevokeBias", Time since last: 189800 ns, Reaching safepoint: 165500 ns, At safepoint: 89700 ns, Total: 255200 ns
[2020-04-26T18:58:04.347+0000][1][safepoint    ] Safepoint "Deoptimize", Time since last: 542000 ns, Reaching safepoint: 115800 ns, At safepoint: 581100 ns, Total: 696900 ns
[2020-04-26T18:58:04.351+0000][1][safepoint    ] Safepoint "RevokeBias", Time since last: 3751500 ns, Reaching safepoint: 117800 ns, At safepoint: 44700 ns, Total: 162500 ns
[2020-04-26T18:58:04.351+0000][1][safepoint    ] Safepoint "RevokeBias", Time since last: 305300 ns, Reaching safepoint: 100000 ns, At safepoint: 41700 ns, Total: 141700 ns
[2020-04-26T18:58:04.358+0000][1][safepoint    ] Safepoint "RevokeBias", Time since last: 6466800 ns, Reaching safepoint: 126000 ns, At safepoint: 63300 ns, Total: 189300 ns
[2020-04-26T18:58:04.359+0000][1][safepoint    ] Safepoint "RevokeBias", Time since last: 803500 ns, Reaching safepoint: 205000 ns, At safepoint: 68300 ns, Total: 273300 ns
[2020-04-26T18:58:04.363+0000][1][safepoint    ] Safepoint "RevokeBias", Time since last: 4166000 ns, Reaching safepoint: 143500 ns, At safepoint: 78500 ns, Total: 222000 ns
[2020-04-26T18:58:04.364+0000][1][safepoint    ] Safepoint "RevokeBias", Time since last: 996300 ns, Reaching safepoint: 106800 ns, At safepoint: 59800 ns, Total: 166600 ns
[2020-04-26T18:58:04.367+0000][1][safepoint    ] Safepoint "RevokeBias", Time since last: 2480400 ns, Reaching safepoint: 187300 ns, At safepoint: 61900 ns, Total: 249200 ns
[2020-04-26T18:58:04.368+0000][1][safepoint    ] Safepoint "RevokeBias", Time since last: 612100 ns, Reaching safepoint: 232000 ns, At safepoint: 61600 ns, Total: 293600 ns
[2020-04-26T18:58:04.371+0000][1][safepoint    ] Safepoint "RevokeBias", Time since last: 2475700 ns, Reaching safepoint: 187400 ns, At safepoint: 63700 ns, Total: 251100 ns
[2020-04-26T18:58:04.371+0000][1][safepoint    ] Safepoint "RevokeBias", Time since last: 189500 ns, Reaching safepoint: 98500 ns, At safepoint: 59300 ns, Total: 157800 ns
[2020-04-26T18:58:04.371+0000][1][safepoint    ] Safepoint "RevokeBias", Time since last: 168500 ns, Reaching safepoint: 88600 ns, At safepoint: 50000 ns, Total: 138600 ns
[2020-04-26T18:58:04.372+0000][1][safepoint    ] Safepoint "RevokeBias", Time since last: 169400 ns, Reaching safepoint: 70200 ns, At safepoint: 58800 ns, Total: 129000 ns
[2020-04-26T18:58:04.372+0000][1][safepoint    ] Safepoint "RevokeBias", Time since last: 130500 ns, Reaching safepoint: 70000 ns, At safepoint: 51600 ns, Total: 121600 ns
[2020-04-26T18:58:04.372+0000][1][safepoint    ] Safepoint "RevokeBias", Time since last: 176600 ns, Reaching safepoint: 70100 ns, At safepoint: 34900 ns, Total: 105000 ns
[2020-04-26T18:58:04.372+0000][1][safepoint    ] Safepoint "RevokeBias", Time since last: 131200 ns, Reaching safepoint: 65100 ns, At safepoint: 29500 ns, Total: 94600 ns
[2020-04-26T18:58:04.373+0000][1][safepoint    ] Safepoint "RevokeBias", Time since last: 167400 ns, Reaching safepoint: 210200 ns, At safepoint: 47600 ns, Total: 257800 ns
[2020-04-26T18:58:04.373+0000][1][safepoint    ] Safepoint "RevokeBias", Time since last: 200500 ns, Reaching safepoint: 66300 ns, At safepoint: 48100 ns, Total: 114400 ns
[2020-04-26T18:58:04.387+0000][1][safepoint    ] Safepoint "RevokeBias", Time since last: 13904500 ns, Reaching safepoint: 118000 ns, At safepoint: 52000 ns, Total: 170000 ns
[2020-04-26T18:58:04.405+0000][1][safepoint    ] Safepoint "RevokeBias", Time since last: 17823700 ns, Reaching safepoint: 130800 ns, At safepoint: 40100 ns, Total: 170900 ns
[2020-04-26T18:58:04.407+0000][1][safepoint    ] Safepoint "RevokeBias", Time since last: 1237100 ns, Reaching safepoint: 106700 ns, At safepoint: 49900 ns, Total: 156600 ns
[2020-04-26T18:58:04.407+0000][1][safepoint    ] Safepoint "RevokeBias", Time since last: 148100 ns, Reaching safepoint: 67500 ns, At safepoint: 37100 ns, Total: 104600 ns
[2020-04-26T18:58:04.415+0000][1][safepoint    ] Safepoint "RevokeBias", Time since last: 7600000 ns, Reaching safepoint: 131000 ns, At safepoint: 40300 ns, Total: 171300 ns
[2020-04-26T18:58:04.418+0000][1][safepoint    ] Safepoint "RevokeBias", Time since last: 3216700 ns, Reaching safepoint: 135800 ns, At safepoint: 68200 ns, Total: 204000 ns
[2020-04-26T18:58:04.425+0000][1][safepoint    ] Safepoint "RevokeBias", Time since last: 6165800 ns, Reaching safepoint: 181300 ns, At safepoint: 79100 ns, Total: 260400 ns
[2020-04-26T18:58:04.456+0000][1][safepoint    ] Safepoint "RevokeBias", Time since last: 30772900 ns, Reaching safepoint: 146700 ns, At safepoint: 38800 ns, Total: 185500 ns
[2020-04-26T18:58:04.461+0000][1][safepoint    ] Safepoint "RevokeBias", Time since last: 5187900 ns, Reaching safepoint: 130500 ns, At safepoint: 39700 ns, Total: 170200 ns
[2020-04-26T18:58:04.461+0000][1][safepoint    ] Safepoint "RevokeBias", Time since last: 139400 ns, Reaching safepoint: 97900 ns, At safepoint: 35300 ns, Total: 133200 ns
[2020-04-26T18:58:05.462+0000][1][safepoint    ] Safepoint "Cleanup", Time since last: 1000610700 ns, Reaching safepoint: 542500 ns, At safepoint: 126900 ns, Total: 669400 ns
[2020-04-26T18:58:06.463+0000][1][safepoint    ] Safepoint "Cleanup", Time since last: 1000451400 ns, Reaching safepoint: 456300 ns, At safepoint: 133500 ns, Total: 589800 ns
[2020-04-26T18:58:06.927+0000][1][gc,start     ] GC(17) Pause Young (Allocation Failure)
[2020-04-26T18:58:06.928+0000][1][gc,task      ] GC(17) Using 10 workers of 10 for evacuation
[2020-04-26T18:58:06.940+0000][1][gc,age       ] GC(17) Desired survivor size 8945664 bytes, new threshold 6 (max threshold 6)
[2020-04-26T18:58:06.940+0000][1][gc,age       ] GC(17) Age table with threshold 6 (max threshold 6)
[2020-04-26T18:58:06.940+0000][1][gc,age       ] GC(17) - age   1:    4720472 bytes,    4720472 total
[2020-04-26T18:58:06.940+0000][1][gc,heap      ] GC(17) ParNew: 157247K->10555K(157248K)
[2020-04-26T18:58:06.940+0000][1][gc,heap      ] GC(17) CMS: 66163K->83278K(349568K)
[2020-04-26T18:58:06.940+0000][1][gc,metaspace ] GC(17) Metaspace: 90798K->90798K(1132544K)
[2020-04-26T18:58:06.940+0000][1][gc           ] GC(17) Pause Young (Allocation Failure) 218M->91M(494M) 12.940ms
[2020-04-26T18:58:06.940+0000][1][gc,cpu       ] GC(17) User=0.08s Sys=0.02s Real=0.02s
[2020-04-26T18:58:06.940+0000][1][safepoint    ] Safepoint "GenCollectForAllocation", Time since last: 463351100 ns, Reaching safepoint: 472900 ns, At safepoint: 13059900 ns, Total: 13532800 ns
[2020-04-26T18:58:07.941+0000][1][safepoint    ] Safepoint "Cleanup", Time since last: 1000219000 ns, Reaching safepoint: 172300 ns, At safepoint: 53200 ns, Total: 225500 ns
[2020-04-26T18:58:08.941+0000][1][safepoint    ] Safepoint "Cleanup", Time since last: 1000119900 ns, Reaching safepoint: 131200 ns, At safepoint: 26300 ns, Total: 157500 ns
[2020-04-26T18:58:09.942+0000][1][safepoint    ] Safepoint "Cleanup", Time since last: 1000610800 ns, Reaching safepoint: 500900 ns, At safepoint: 136700 ns, Total: 637600 ns
[2020-04-26T18:58:10.944+0000][1][safepoint    ] Safepoint "Cleanup", Time since last: 1000631600 ns, Reaching safepoint: 429900 ns, At safepoint: 136900 ns, Total: 566800 ns
[2020-04-26T18:58:11.944+0000][1][safepoint    ] Safepoint "Cleanup", Time since last: 1000264000 ns, Reaching safepoint: 145300 ns, At safepoint: 31200 ns, Total: 176500 ns
[2020-04-26T18:58:12.945+0000][1][safepoint    ] Safepoint "Cleanup", Time since last: 1000496300 ns, Reaching safepoint: 485700 ns, At safepoint: 139700 ns, Total: 625400 ns
[2020-04-26T18:58:13.946+0000][1][safepoint    ] Safepoint "Cleanup", Time since last: 1000397600 ns, Reaching safepoint: 475300 ns, At safepoint: 136600 ns, Total: 611900 ns
[2020-04-26T18:58:14.947+0000][1][safepoint    ] Safepoint "Cleanup", Time since last: 1000305800 ns, Reaching safepoint: 419200 ns, At safepoint: 107000 ns, Total: 526200 ns
[2020-04-26T18:58:15.947+0000][1][safepoint    ] Safepoint "Cleanup", Time since last: 1000167300 ns, Reaching safepoint: 143300 ns, At safepoint: 35900 ns, Total: 179200 ns
[2020-04-26T18:58:16.948+0000][1][safepoint    ] Safepoint "Cleanup", Time since last: 1000143400 ns, Reaching safepoint: 120900 ns, At safepoint: 24600 ns, Total: 145500 ns
[2020-04-26T18:58:17.948+0000][1][safepoint    ] Safepoint "Cleanup", Time since last: 1000195500 ns, Reaching safepoint: 152600 ns, At safepoint: 26700 ns, Total: 179300 ns
[2020-04-26T18:58:18.948+0000][1][safepoint    ] Safepoint "Cleanup", Time since last: 1000115100 ns, Reaching safepoint: 133600 ns, At safepoint: 32000 ns, Total: 165600 ns
[2020-04-26T18:58:19.949+0000][1][safepoint    ] Safepoint "Cleanup", Time since last: 1000143100 ns, Reaching safepoint: 171800 ns, At safepoint: 27200 ns, Total: 199000 ns
[2020-04-26T18:58:20.949+0000][1][safepoint    ] Safepoint "Cleanup", Time since last: 1000170700 ns, Reaching safepoint: 135300 ns, At safepoint: 25600 ns, Total: 160900 ns
[2020-04-26T18:58:21.949+0000][1][safepoint    ] Safepoint "Cleanup", Time since last: 1000180200 ns, Reaching safepoint: 133100 ns, At safepoint: 29900 ns, Total: 163000 ns
[2020-04-26T18:58:22.950+0000][1][safepoint    ] Safepoint "Cleanup", Time since last: 1000130400 ns, Reaching safepoint: 130100 ns, At safepoint: 31300 ns, Total: 161400 ns
[2020-04-26T18:58:23.950+0000][1][safepoint    ] Safepoint "Cleanup", Time since last: 1000113100 ns, Reaching safepoint: 333400 ns, At safepoint: 73100 ns, Total: 406500 ns
[2020-04-26T18:58:24.950+0000][1][safepoint    ] Safepoint "Cleanup", Time since last: 1000177900 ns, Reaching safepoint: 199400 ns, At safepoint: 32300 ns, Total: 231700 ns
[2020-04-26T18:58:25.951+0000][1][safepoint    ] Safepoint "Cleanup", Time since last: 1000122900 ns, Reaching safepoint: 141700 ns, At safepoint: 30300 ns, Total: 172000 ns
[2020-04-26T18:58:26.951+0000][1][safepoint    ] Safepoint "Cleanup", Time since last: 1000157100 ns, Reaching safepoint: 132700 ns, At safepoint: 27900 ns, Total: 160600 ns
[2020-04-26T18:58:27.951+0000][1][safepoint    ] Safepoint "Cleanup", Time since last: 1000167400 ns, Reaching safepoint: 135700 ns, At safepoint: 31200 ns, Total: 166900 ns
[2020-04-26T18:58:28.952+0000][1][safepoint    ] Safepoint "Cleanup", Time since last: 1000139900 ns, Reaching safepoint: 204100 ns, At safepoint: 38800 ns, Total: 242900 ns
[2020-04-26T18:58:29.953+0000][1][safepoint    ] Safepoint "Cleanup", Time since last: 1000463700 ns, Reaching safepoint: 378600 ns, At safepoint: 114000 ns, Total: 492600 ns
[2020-04-26T18:58:30.953+0000][1][safepoint    ] Safepoint "Cleanup", Time since last: 1000363500 ns, Reaching safepoint: 242500 ns, At safepoint: 67600 ns, Total: 310100 ns
[2020-04-26T18:58:31.954+0000][1][safepoint    ] Safepoint "Cleanup", Time since last: 1000174000 ns, Reaching safepoint: 122300 ns, At safepoint: 29600 ns, Total: 151900 ns
[2020-04-26T18:58:32.954+0000][1][safepoint    ] Safepoint "Cleanup", Time since last: 1000178100 ns, Reaching safepoint: 147200 ns, At safepoint: 32500 ns, Total: 179700 ns
[2020-04-26T18:58:33.955+0000][1][safepoint    ] Safepoint "Cleanup", Time since last: 1000330100 ns, Reaching safepoint: 448400 ns, At safepoint: 83600 ns, Total: 532000 ns
[2020-04-26T18:58:34.956+0000][1][safepoint    ] Safepoint "Cleanup", Time since last: 1000434700 ns, Reaching safepoint: 508000 ns, At safepoint: 102000 ns, Total: 610000 ns
[2020-04-26T18:58:35.957+0000][1][safepoint    ] Safepoint "Cleanup", Time since last: 1000416600 ns, Reaching safepoint: 423100 ns, At safepoint: 132300 ns, Total: 555400 ns
[2020-04-26T18:58:36.958+0000][1][safepoint    ] Safepoint "Cleanup", Time since last: 1000404800 ns, Reaching safepoint: 130500 ns, At safepoint: 31800 ns, Total: 162300 ns
[2020-04-26T18:58:37.958+0000][1][safepoint    ] Safepoint "Cleanup", Time since last: 1000336000 ns, Reaching safepoint: 129900 ns, At safepoint: 31200 ns, Total: 161100 ns
[2020-04-26T18:58:38.958+0000][1][safepoint    ] Safepoint "Cleanup", Time since last: 1000210000 ns, Reaching safepoint: 154000 ns, At safepoint: 49000 ns, Total: 203000 ns
[2020-04-26T18:58:39.959+0000][1][safepoint    ] Safepoint "Cleanup", Time since last: 1000240600 ns, Reaching safepoint: 468400 ns, At safepoint: 123700 ns, Total: 592100 ns
[2020-04-26T18:58:40.960+0000][1][safepoint    ] Safepoint "Cleanup", Time since last: 1000383000 ns, Reaching safepoint: 367200 ns, At safepoint: 122700 ns, Total: 489900 ns
[2020-04-26T18:58:41.961+0000][1][safepoint    ] Safepoint "Cleanup", Time since last: 1000545500 ns, Reaching safepoint: 133400 ns, At safepoint: 29700 ns, Total: 163100 ns
[2020-04-26T18:58:42.962+0000][1][safepoint    ] Safepoint "Cleanup", Time since last: 1000276200 ns, Reaching safepoint: 304900 ns, At safepoint: 89900 ns, Total: 394800 ns
[2020-04-26T18:58:43.962+0000][1][safepoint    ] Safepoint "Cleanup", Time since last: 1000332700 ns, Reaching safepoint: 282800 ns, At safepoint: 84300 ns, Total: 367100 ns
[2020-04-26T18:58:44.963+0000][1][safepoint    ] Safepoint "Cleanup", Time since last: 1000288100 ns, Reaching safepoint: 466100 ns, At safepoint: 131200 ns, Total: 597300 ns
[2020-04-26T18:58:45.964+0000][1][safepoint    ] Safepoint "Cleanup", Time since last: 1000262700 ns, Reaching safepoint: 132700 ns, At safepoint: 27600 ns, Total: 160300 ns
[2020-04-26T18:58:46.964+0000][1][safepoint    ] Safepoint "Cleanup", Time since last: 1000425900 ns, Reaching safepoint: 186600 ns, At safepoint: 47100 ns, Total: 233700 ns
[2020-04-26T18:58:47.965+0000][1][safepoint    ] Safepoint "Cleanup", Time since last: 1000366200 ns, Reaching safepoint: 416600 ns, At safepoint: 131700 ns, Total: 548300 ns
[2020-04-26T18:58:48.966+0000][1][safepoint    ] Safepoint "Cleanup", Time since last: 1000357400 ns, Reaching safepoint: 130300 ns, At safepoint: 27800 ns, Total: 158100 ns
[2020-04-26T18:58:49.966+0000][1][safepoint    ] Safepoint "Cleanup", Time since last: 1000158000 ns, Reaching safepoint: 183700 ns, At safepoint: 32300 ns, Total: 216000 ns
[2020-04-26T18:58:50.966+0000][1][safepoint    ] Safepoint "Cleanup", Time since last: 1000123000 ns, Reaching safepoint: 155300 ns, At safepoint: 29700 ns, Total: 185000 ns
[2020-04-26T18:58:51.967+0000][1][safepoint    ] Safepoint "Cleanup", Time since last: 1000441100 ns, Reaching safepoint: 157500 ns, At safepoint: 40200 ns, Total: 197700 ns
[2020-04-26T18:58:52.968+0000][1][safepoint    ] Safepoint "Cleanup", Time since last: 1000296300 ns, Reaching safepoint: 442000 ns, At safepoint: 107700 ns, Total: 549700 ns
[2020-04-26T18:58:53.968+0000][1][safepoint    ] Safepoint "Cleanup", Time since last: 1000237300 ns, Reaching safepoint: 318100 ns, At safepoint: 55800 ns, Total: 373900 ns
[2020-04-26T18:58:54.969+0000][1][safepoint    ] Safepoint "Cleanup", Time since last: 1000388200 ns, Reaching safepoint: 300500 ns, At safepoint: 94100 ns, Total: 394600 ns
[2020-04-26T18:58:55.970+0000][1][safepoint    ] Safepoint "Cleanup", Time since last: 1000357600 ns, Reaching safepoint: 410000 ns, At safepoint: 140100 ns, Total: 550100 ns
[2020-04-26T18:58:56.971+0000][1][safepoint    ] Safepoint "Cleanup", Time since last: 1000242600 ns, Reaching safepoint: 129300 ns, At safepoint: 26400 ns, Total: 155700 ns
[2020-04-26T18:58:57.971+0000][1][safepoint    ] Safepoint "Cleanup", Time since last: 1000204400 ns, Reaching safepoint: 126000 ns, At safepoint: 29100 ns, Total: 155100 ns
[2020-04-26T18:58:58.971+0000][1][safepoint    ] Safepoint "Cleanup", Time since last: 1000119600 ns, Reaching safepoint: 128400 ns, At safepoint: 27800 ns, Total: 156200 ns
[2020-04-26T18:58:59.972+0000][1][safepoint    ] Safepoint "Cleanup", Time since last: 1000179600 ns, Reaching safepoint: 249900 ns, At safepoint: 45200 ns, Total: 295100 ns
[2020-04-26T18:59:00.973+0000][1][safepoint    ] Safepoint "Cleanup", Time since last: 1000514400 ns, Reaching safepoint: 407600 ns, At safepoint: 131000 ns, Total: 538600 ns
[2020-04-26T18:59:01.300+0000][1][safepoint    ] Safepoint "RevokeBias", Time since last: 327213900 ns, Reaching safepoint: 189600 ns, At safepoint: 120200 ns, Total: 309800 ns
[2020-04-26T18:59:01.301+0000][1][safepoint    ] Safepoint "RevokeBias", Time since last: 224600 ns, Reaching safepoint: 155100 ns, At safepoint: 64200 ns, Total: 219300 ns
[2020-04-26T18:59:01.301+0000][1][safepoint    ] Safepoint "RevokeBias", Time since last: 282500 ns, Reaching safepoint: 68400 ns, At safepoint: 32800 ns, Total: 101200 ns
[2020-04-26T18:59:02.302+0000][1][safepoint    ] Safepoint "Cleanup", Time since last: 1000628300 ns, Reaching safepoint: 487700 ns, At safepoint: 133300 ns, Total: 621000 ns
[2020-04-26T18:59:03.172+0000][1][safepoint    ] Safepoint "RevokeBias", Time since last: 869769700 ns, Reaching safepoint: 140000 ns, At safepoint: 39800 ns, Total: 179800 ns
[2020-04-26T18:59:03.186+0000][1][safepoint    ] Safepoint "RevokeBias", Time since last: 13410200 ns, Reaching safepoint: 129300 ns, At safepoint: 52600 ns, Total: 181900 ns
[2020-04-26T18:59:03.186+0000][1][safepoint    ] Safepoint "RevokeBias", Time since last: 196300 ns, Reaching safepoint: 73500 ns, At safepoint: 34000 ns, Total: 107500 ns
[2020-04-26T18:59:03.186+0000][1][safepoint    ] Safepoint "RevokeBias", Time since last: 196000 ns, Reaching safepoint: 66900 ns, At safepoint: 33500 ns, Total: 100400 ns
[2020-04-26T18:59:03.187+0000][1][safepoint    ] Safepoint "RevokeBias", Time since last: 183000 ns, Reaching safepoint: 66900 ns, At safepoint: 33800 ns, Total: 100700 ns
[2020-04-26T18:59:03.187+0000][1][safepoint    ] Safepoint "RevokeBias", Time since last: 179600 ns, Reaching safepoint: 67000 ns, At safepoint: 33400 ns, Total: 100400 ns
[2020-04-26T18:59:03.187+0000][1][safepoint    ] Safepoint "RevokeBias", Time since last: 212100 ns, Reaching safepoint: 67000 ns, At safepoint: 47900 ns, Total: 114900 ns
[2020-04-26T18:59:03.202+0000][1][safepoint    ] Safepoint "RevokeBias", Time since last: 14391400 ns, Reaching safepoint: 404500 ns, At safepoint: 69900 ns, Total: 474400 ns
[2020-04-26T18:59:03.203+0000][1][safepoint    ] Safepoint "RevokeBias", Time since last: 101300 ns, Reaching safepoint: 175100 ns, At safepoint: 118800 ns, Total: 293900 ns
[2020-04-26T18:59:03.203+0000][1][safepoint    ] Safepoint "RevokeBias", Time since last: 90400 ns, Reaching safepoint: 303800 ns, At safepoint: 161800 ns, Total: 465600 ns
[2020-04-26T18:59:03.204+0000][1][safepoint    ] Safepoint "RevokeBias", Time since last: 449300 ns, Reaching safepoint: 182000 ns, At safepoint: 75100 ns, Total: 257100 ns
[2020-04-26T18:59:03.204+0000][1][safepoint    ] Safepoint "RevokeBias", Time since last: 114400 ns, Reaching safepoint: 160300 ns, At safepoint: 87800 ns, Total: 248100 ns
[2020-04-26T18:59:03.209+0000][1][safepoint    ] Safepoint "RevokeBias", Time since last: 3787800 ns, Reaching safepoint: 584800 ns, At safepoint: 155600 ns, Total: 740400 ns
[2020-04-26T18:59:03.213+0000][1][safepoint    ] Safepoint "RevokeBias", Time since last: 4225400 ns, Reaching safepoint: 129900 ns, At safepoint: 54100 ns, Total: 184000 ns
[2020-04-26T18:59:03.214+0000][1][safepoint    ] Safepoint "RevokeBias", Time since last: 428300 ns, Reaching safepoint: 181300 ns, At safepoint: 61700 ns, Total: 243000 ns
[2020-04-26T18:59:03.236+0000][1][safepoint    ] Safepoint "RevokeBias", Time since last: 22048700 ns, Reaching safepoint: 132200 ns, At safepoint: 42600 ns, Total: 174800 ns
[2020-04-26T18:59:03.250+0000][1][safepoint    ] Safepoint "RevokeBias", Time since last: 14068300 ns, Reaching safepoint: 127200 ns, At safepoint: 38400 ns, Total: 165600 ns
[2020-04-26T18:59:03.251+0000][1][safepoint    ] Safepoint "RevokeBias", Time since last: 251100 ns, Reaching safepoint: 84200 ns, At safepoint: 42000 ns, Total: 126200 ns
[2020-04-26T18:59:03.252+0000][1][safepoint    ] Safepoint "RevokeBias", Time since last: 1390500 ns, Reaching safepoint: 97100 ns, At safepoint: 33800 ns, Total: 130900 ns
[2020-04-26T18:59:03.403+0000][1][safepoint    ] Safepoint "RevokeBias", Time since last: 149682700 ns, Reaching safepoint: 501600 ns, At safepoint: 178600 ns, Total: 680200 ns
[2020-04-26T18:59:03.412+0000][1][safepoint    ] Safepoint "RevokeBias", Time since last: 8238000 ns, Reaching safepoint: 507500 ns, At safepoint: 247900 ns, Total: 755400 ns
[2020-04-26T18:59:03.413+0000][1][safepoint    ] Safepoint "RevokeBias", Time since last: 824100 ns, Reaching safepoint: 372100 ns, At safepoint: 271200 ns, Total: 643300 ns
[2020-04-26T18:59:03.414+0000][1][safepoint    ] Safepoint "RevokeBias", Time since last: 778600 ns, Reaching safepoint: 446000 ns, At safepoint: 240100 ns, Total: 686100 ns
[2020-04-26T18:59:03.416+0000][1][safepoint    ] Safepoint "RevokeBias", Time since last: 678500 ns, Reaching safepoint: 356500 ns, At safepoint: 239900 ns, Total: 596400 ns
[2020-04-26T18:59:03.428+0000][1][safepoint    ] Safepoint "RevokeBias", Time since last: 12328000 ns, Reaching safepoint: 246500 ns, At safepoint: 187900 ns, Total: 434400 ns
[2020-04-26T18:59:03.439+0000][1][safepoint    ] Safepoint "RevokeBias", Time since last: 10479000 ns, Reaching safepoint: 314600 ns, At safepoint: 75800 ns, Total: 390400 ns
[2020-04-26T18:59:03.445+0000][1][safepoint    ] Safepoint "RevokeBias", Time since last: 5863800 ns, Reaching safepoint: 168900 ns, At safepoint: 74300 ns, Total: 243200 ns
[2020-04-26T18:59:03.446+0000][1][safepoint    ] Safepoint "RevokeBias", Time since last: 165800 ns, Reaching safepoint: 132000 ns, At safepoint: 94200 ns, Total: 226200 ns
[2020-04-26T18:59:03.446+0000][1][safepoint    ] Safepoint "RevokeBias", Time since last: 144900 ns, Reaching safepoint: 95800 ns, At safepoint: 60300 ns, Total: 156100 ns
[2020-04-26T18:59:03.446+0000][1][safepoint    ] Safepoint "RevokeBias", Time since last: 129500 ns, Reaching safepoint: 89300 ns, At safepoint: 57700 ns, Total: 147000 ns
[2020-04-26T18:59:03.447+0000][1][safepoint    ] Safepoint "RevokeBias", Time since last: 133300 ns, Reaching safepoint: 161900 ns, At safepoint: 72600 ns, Total: 234500 ns
[2020-04-26T18:59:03.447+0000][1][safepoint    ] Safepoint "RevokeBias", Time since last: 123100 ns, Reaching safepoint: 82600 ns, At safepoint: 36000 ns, Total: 118600 ns
[2020-04-26T18:59:03.447+0000][1][safepoint    ] Safepoint "RevokeBias", Time since last: 85400 ns, Reaching safepoint: 75600 ns, At safepoint: 63200 ns, Total: 138800 ns
[2020-04-26T18:59:03.447+0000][1][safepoint    ] Safepoint "RevokeBias", Time since last: 93600 ns, Reaching safepoint: 74900 ns, At safepoint: 32800 ns, Total: 107700 ns
[2020-04-26T18:59:03.448+0000][1][safepoint    ] Safepoint "RevokeBias", Time since last: 79700 ns, Reaching safepoint: 81800 ns, At safepoint: 28600 ns, Total: 110400 ns
[2020-04-26T18:59:03.448+0000][1][safepoint    ] Safepoint "RevokeBias", Time since last: 166600 ns, Reaching safepoint: 83900 ns, At safepoint: 29200 ns, Total: 113100 ns
[2020-04-26T18:59:03.459+0000][1][safepoint    ] Safepoint "RevokeBias", Time since last: 10976400 ns, Reaching safepoint: 126800 ns, At safepoint: 52100 ns, Total: 178900 ns
[2020-04-26T18:59:03.487+0000][1][safepoint    ] Safepoint "RevokeBias", Time since last: 27438300 ns, Reaching safepoint: 147500 ns, At safepoint: 54300 ns, Total: 201800 ns
[2020-04-26T18:59:03.529+0000][1][safepoint    ] Safepoint "RevokeBias", Time since last: 42245900 ns, Reaching safepoint: 215000 ns, At safepoint: 69000 ns, Total: 284000 ns
[2020-04-26T18:59:03.530+0000][1][safepoint    ] Safepoint "RevokeBias", Time since last: 164600 ns, Reaching safepoint: 166500 ns, At safepoint: 55800 ns, Total: 222300 ns
[2020-04-26T18:59:03.563+0000][1][safepoint    ] Safepoint "RevokeBias", Time since last: 32861600 ns, Reaching safepoint: 178300 ns, At safepoint: 61600 ns, Total: 239900 ns
[2020-04-26T18:59:03.563+0000][1][safepoint    ] Safepoint "RevokeBias", Time since last: 351500 ns, Reaching safepoint: 123300 ns, At safepoint: 67300 ns, Total: 190600 ns
[2020-04-26T18:59:04.100+0000][1][safepoint    ] Safepoint "RevokeBias", Time since last: 536710700 ns, Reaching safepoint: 217000 ns, At safepoint: 139300 ns, Total: 356300 ns
[2020-04-26T18:59:04.101+0000][1][safepoint    ] Safepoint "RevokeBias", Time since last: 661900 ns, Reaching safepoint: 352200 ns, At safepoint: 110700 ns, Total: 462900 ns
[2020-04-26T18:59:04.103+0000][1][safepoint    ] Safepoint "RevokeBias", Time since last: 1118200 ns, Reaching safepoint: 507900 ns, At safepoint: 83100 ns, Total: 591000 ns
[2020-04-26T18:59:04.111+0000][1][safepoint    ] Safepoint "RevokeBias", Time since last: 7542700 ns, Reaching safepoint: 283400 ns, At safepoint: 64500 ns, Total: 347900 ns
[2020-04-26T18:59:05.112+0000][1][safepoint    ] Safepoint "Cleanup", Time since last: 1000454000 ns, Reaching safepoint: 243600 ns, At safepoint: 87500 ns, Total: 331100 ns
[2020-04-26T18:59:06.112+0000][1][safepoint    ] Safepoint "Cleanup", Time since last: 1000138600 ns, Reaching safepoint: 180000 ns, At safepoint: 34200 ns, Total: 214200 ns
[2020-04-26T18:59:07.113+0000][1][safepoint    ] Safepoint "Cleanup", Time since last: 1000337800 ns, Reaching safepoint: 595000 ns, At safepoint: 196000 ns, Total: 791000 ns
[2020-04-26T18:59:08.115+0000][1][safepoint    ] Safepoint "Cleanup", Time since last: 1000632200 ns, Reaching safepoint: 464200 ns, At safepoint: 136000 ns, Total: 600200 ns
[2020-04-26T18:59:09.116+0000][1][safepoint    ] Safepoint "Cleanup", Time since last: 1000355800 ns, Reaching safepoint: 502700 ns, At safepoint: 131200 ns, Total: 633900 ns
[2020-04-26T18:59:10.117+0000][1][safepoint    ] Safepoint "Cleanup", Time since last: 1000459100 ns, Reaching safepoint: 532300 ns, At safepoint: 130700 ns, Total: 663000 ns
[2020-04-26T18:59:11.117+0000][1][safepoint    ] Safepoint "Cleanup", Time since last: 1000227100 ns, Reaching safepoint: 151400 ns, At safepoint: 40300 ns, Total: 191700 ns
[2020-04-26T18:59:12.118+0000][1][safepoint    ] Safepoint "Cleanup", Time since last: 1000516500 ns, Reaching safepoint: 492200 ns, At safepoint: 136700 ns, Total: 628900 ns
[2020-04-26T18:59:13.119+0000][1][safepoint    ] Safepoint "Cleanup", Time since last: 1000213300 ns, Reaching safepoint: 197700 ns, At safepoint: 30100 ns, Total: 227800 ns
[2020-04-26T18:59:14.120+0000][1][safepoint    ] Safepoint "Cleanup", Time since last: 1000380500 ns, Reaching safepoint: 473700 ns, At safepoint: 136500 ns, Total: 610200 ns
[2020-04-26T18:59:15.121+0000][1][safepoint    ] Safepoint "Cleanup", Time since last: 1000690200 ns, Reaching safepoint: 543300 ns, At safepoint: 146000 ns, Total: 689300 ns
[2020-04-26T18:59:16.122+0000][1][safepoint    ] Safepoint "Cleanup", Time since last: 1000228300 ns, Reaching safepoint: 169600 ns, At safepoint: 31900 ns, Total: 201500 ns
[2020-04-26T18:59:17.122+0000][1][safepoint    ] Safepoint "Cleanup", Time since last: 1000135800 ns, Reaching safepoint: 158600 ns, At safepoint: 39400 ns, Total: 198000 ns
[2020-04-26T18:59:18.122+0000][1][safepoint    ] Safepoint "Cleanup", Time since last: 1000171600 ns, Reaching safepoint: 137100 ns, At safepoint: 25500 ns, Total: 162600 ns
[2020-04-26T18:59:19.123+0000][1][safepoint    ] Safepoint "Cleanup", Time since last: 1000169500 ns, Reaching safepoint: 162200 ns, At safepoint: 31800 ns, Total: 194000 ns
[2020-04-26T18:59:20.123+0000][1][safepoint    ] Safepoint "Cleanup", Time since last: 1000220500 ns, Reaching safepoint: 293400 ns, At safepoint: 78800 ns, Total: 372200 ns
[2020-04-26T18:59:21.124+0000][1][safepoint    ] Safepoint "Cleanup", Time since last: 1000392600 ns, Reaching safepoint: 155000 ns, At safepoint: 28900 ns, Total: 183900 ns
[2020-04-26T18:59:22.125+0000][1][safepoint    ] Safepoint "Cleanup", Time since last: 1000625800 ns, Reaching safepoint: 470900 ns, At safepoint: 143300 ns, Total: 614200 ns
[2020-04-26T18:59:23.126+0000][1][safepoint    ] Safepoint "Cleanup", Time since last: 1000322600 ns, Reaching safepoint: 281600 ns, At safepoint: 89200 ns, Total: 370800 ns
[2020-04-26T18:59:24.127+0000][1][safepoint    ] Safepoint "Cleanup", Time since last: 1000361200 ns, Reaching safepoint: 464300 ns, At safepoint: 137400 ns, Total: 601700 ns
[2020-04-26T18:59:25.127+0000][1][safepoint    ] Safepoint "Cleanup", Time since last: 1000421300 ns, Reaching safepoint: 342400 ns, At safepoint: 95200 ns, Total: 437600 ns
[2020-04-26T18:59:26.128+0000][1][safepoint    ] Safepoint "Cleanup", Time since last: 1000640900 ns, Reaching safepoint: 165300 ns, At safepoint: 39800 ns, Total: 205100 ns
[2020-04-26T18:59:27.129+0000][1][safepoint    ] Safepoint "Cleanup", Time since last: 1000189300 ns, Reaching safepoint: 273300 ns, At safepoint: 77700 ns, Total: 351000 ns
[2020-04-26T18:59:28.129+0000][1][safepoint    ] Safepoint "Cleanup", Time since last: 1000222600 ns, Reaching safepoint: 295900 ns, At safepoint: 64700 ns, Total: 360600 ns
[2020-04-26T18:59:29.130+0000][1][safepoint    ] Safepoint "Cleanup", Time since last: 1000257500 ns, Reaching safepoint: 165700 ns, At safepoint: 38700 ns, Total: 204400 ns
[2020-04-26T18:59:30.131+0000][1][safepoint    ] Safepoint "Cleanup", Time since last: 1000443700 ns, Reaching safepoint: 273700 ns, At safepoint: 75800 ns, Total: 349500 ns
[2020-04-26T18:59:31.132+0000][1][safepoint    ] Safepoint "Cleanup", Time since last: 1000528400 ns, Reaching safepoint: 311700 ns, At safepoint: 102600 ns, Total: 414300 ns
[2020-04-26T18:59:31.282+0000][1][safepoint    ] Safepoint "RevokeBias", Time since last: 150067500 ns, Reaching safepoint: 281500 ns, At safepoint: 89700 ns, Total: 371200 ns
[2020-04-26T18:59:31.285+0000][1][safepoint    ] Safepoint "RevokeBias", Time since last: 2779700 ns, Reaching safepoint: 138100 ns, At safepoint: 101800 ns, Total: 239900 ns
[2020-04-26T18:59:31.291+0000][1][safepoint    ] Safepoint "RevokeBias", Time since last: 5690900 ns, Reaching safepoint: 147100 ns, At safepoint: 62300 ns, Total: 209400 ns
[2020-04-26T18:59:31.291+0000][1][safepoint    ] Safepoint "RevokeBias", Time since last: 166000 ns, Reaching safepoint: 107800 ns, At safepoint: 38600 ns, Total: 146400 ns
[2020-04-26T18:59:31.296+0000][1][safepoint    ] Safepoint "RevokeBias", Time since last: 3907900 ns, Reaching safepoint: 257800 ns, At safepoint: 96200 ns, Total: 354000 ns
[2020-04-26T18:59:31.296+0000][1][safepoint    ] Safepoint "RevokeBias", Time since last: 269600 ns, Reaching safepoint: 143200 ns, At safepoint: 87400 ns, Total: 230600 ns
[2020-04-26T18:59:31.307+0000][1][safepoint    ] Safepoint "RevokeBias", Time since last: 10517900 ns, Reaching safepoint: 199700 ns, At safepoint: 85600 ns, Total: 285300 ns
[2020-04-26T18:59:31.308+0000][1][safepoint    ] Safepoint "RevokeBias", Time since last: 469600 ns, Reaching safepoint: 214200 ns, At safepoint: 82000 ns, Total: 296200 ns
[2020-04-26T18:59:31.308+0000][1][safepoint    ] Safepoint "RevokeBias", Time since last: 497100 ns, Reaching safepoint: 110700 ns, At safepoint: 70800 ns, Total: 181500 ns
[2020-04-26T18:59:31.309+0000][1][safepoint    ] Safepoint "RevokeBias", Time since last: 1000100 ns, Reaching safepoint: 92300 ns, At safepoint: 81600 ns, Total: 173900 ns
[2020-04-26T18:59:31.312+0000][1][safepoint    ] Safepoint "RevokeBias", Time since last: 1756000 ns, Reaching safepoint: 202400 ns, At safepoint: 84500 ns, Total: 286900 ns
[2020-04-26T18:59:31.321+0000][1][safepoint    ] Safepoint "RevokeBias", Time since last: 9345700 ns, Reaching safepoint: 250000 ns, At safepoint: 87600 ns, Total: 337600 ns
[2020-04-26T18:59:31.326+0000][1][safepoint    ] Safepoint "RevokeBias", Time since last: 4317000 ns, Reaching safepoint: 150700 ns, At safepoint: 88500 ns, Total: 239200 ns
[2020-04-26T18:59:31.326+0000][1][safepoint    ] Safepoint "RevokeBias", Time since last: 353300 ns, Reaching safepoint: 137500 ns, At safepoint: 69200 ns, Total: 206700 ns
[2020-04-26T18:59:31.461+0000][1][safepoint    ] Safepoint "RevokeBias", Time since last: 134773200 ns, Reaching safepoint: 194200 ns, At safepoint: 42700 ns, Total: 236900 ns
[2020-04-26T18:59:31.463+0000][1][safepoint    ] Safepoint "RevokeBias", Time since last: 1679100 ns, Reaching safepoint: 117200 ns, At safepoint: 38900 ns, Total: 156100 ns
[2020-04-26T18:59:31.463+0000][1][safepoint    ] Safepoint "RevokeBias", Time since last: 216500 ns, Reaching safepoint: 81900 ns, At safepoint: 36700 ns, Total: 118600 ns
[2020-04-26T18:59:31.464+0000][1][safepoint    ] Safepoint "RevokeBias", Time since last: 234200 ns, Reaching safepoint: 174300 ns, At safepoint: 62500 ns, Total: 236800 ns
[2020-04-26T18:59:31.464+0000][1][safepoint    ] Safepoint "RevokeBias", Time since last: 143100 ns, Reaching safepoint: 88800 ns, At safepoint: 51600 ns, Total: 140400 ns
[2020-04-26T18:59:31.472+0000][1][safepoint    ] Safepoint "RevokeBias", Time since last: 7082600 ns, Reaching safepoint: 281100 ns, At safepoint: 77100 ns, Total: 358200 ns
[2020-04-26T18:59:31.473+0000][1][safepoint    ] Safepoint "RevokeBias", Time since last: 953200 ns, Reaching safepoint: 124900 ns, At safepoint: 50600 ns, Total: 175500 ns
[2020-04-26T18:59:31.476+0000][1][safepoint    ] Safepoint "RevokeBias", Time since last: 2693700 ns, Reaching safepoint: 230000 ns, At safepoint: 61300 ns, Total: 291300 ns
[2020-04-26T18:59:32.477+0000][1][safepoint    ] Safepoint "Cleanup", Time since last: 1000512400 ns, Reaching safepoint: 500500 ns, At safepoint: 137800 ns, Total: 638300 ns
[2020-04-26T18:59:33.478+0000][1][safepoint    ] Safepoint "Cleanup", Time since last: 1000368200 ns, Reaching safepoint: 393900 ns, At safepoint: 80400 ns, Total: 474300 ns
[2020-04-26T18:59:33.955+0000][1][safepoint    ] Safepoint "RevokeBias", Time since last: 476417300 ns, Reaching safepoint: 473700 ns, At safepoint: 227000 ns, Total: 700700 ns
[2020-04-26T18:59:33.956+0000][1][safepoint    ] Safepoint "RevokeBias", Time since last: 562700 ns, Reaching safepoint: 468200 ns, At safepoint: 160700 ns, Total: 628900 ns
[2020-04-26T18:59:33.957+0000][1][safepoint    ] Safepoint "RevokeBias", Time since last: 547900 ns, Reaching safepoint: 460600 ns, At safepoint: 160700 ns, Total: 621300 ns
[2020-04-26T18:59:33.958+0000][1][safepoint    ] Safepoint "RevokeBias", Time since last: 545600 ns, Reaching safepoint: 374200 ns, At safepoint: 162300 ns, Total: 536500 ns
[2020-04-26T18:59:33.959+0000][1][safepoint    ] Safepoint "RevokeBias", Time since last: 642500 ns, Reaching safepoint: 294000 ns, At safepoint: 34100 ns, Total: 328100 ns
[2020-04-26T18:59:33.960+0000][1][safepoint    ] Safepoint "BulkRevokeBias", Time since last: 160400 ns, Reaching safepoint: 77300 ns, At safepoint: 551900 ns, Total: 629200 ns
[2020-04-26T18:59:34.961+0000][1][safepoint    ] Safepoint "Cleanup", Time since last: 1000488300 ns, Reaching safepoint: 194500 ns, At safepoint: 45300 ns, Total: 239800 ns
[2020-04-26T18:59:35.962+0000][1][safepoint    ] Safepoint "Cleanup", Time since last: 1000264500 ns, Reaching safepoint: 393100 ns, At safepoint: 109400 ns, Total: 502500 ns
[2020-04-26T18:59:36.962+0000][1][safepoint    ] Safepoint "Cleanup", Time since last: 1000557900 ns, Reaching safepoint: 210100 ns, At safepoint: 49900 ns, Total: 260000 ns
[2020-04-26T18:59:37.963+0000][1][safepoint    ] Safepoint "Cleanup", Time since last: 1000517400 ns, Reaching safepoint: 172600 ns, At safepoint: 43700 ns, Total: 216300 ns
[2020-04-26T18:59:38.964+0000][1][safepoint    ] Safepoint "Cleanup", Time since last: 1000289800 ns, Reaching safepoint: 567600 ns, At safepoint: 128100 ns, Total: 695700 ns
[2020-04-26T18:59:39.965+0000][1][safepoint    ] Safepoint "Cleanup", Time since last: 1000235600 ns, Reaching safepoint: 184100 ns, At safepoint: 42500 ns, Total: 226600 ns
[2020-04-26T18:59:40.966+0000][1][safepoint    ] Safepoint "Cleanup", Time since last: 1000602200 ns, Reaching safepoint: 462800 ns, At safepoint: 210700 ns, Total: 673500 ns
[2020-04-26T18:59:41.967+0000][1][safepoint    ] Safepoint "Cleanup", Time since last: 1000577300 ns, Reaching safepoint: 159900 ns, At safepoint: 35400 ns, Total: 195300 ns
[2020-04-26T18:59:42.968+0000][1][safepoint    ] Safepoint "Cleanup", Time since last: 1000633400 ns, Reaching safepoint: 587500 ns, At safepoint: 133900 ns, Total: 721400 ns
[2020-04-26T18:59:43.954+0000][1][safepoint    ] Safepoint "RevokeBias", Time since last: 985504700 ns, Reaching safepoint: 219300 ns, At safepoint: 100600 ns, Total: 319900 ns
[2020-04-26T18:59:43.954+0000][1][safepoint    ] Safepoint "RevokeBias", Time since last: 286700 ns, Reaching safepoint: 172800 ns, At safepoint: 101900 ns, Total: 274700 ns
[2020-04-26T18:59:43.955+0000][1][safepoint    ] Safepoint "RevokeBias", Time since last: 262400 ns, Reaching safepoint: 356100 ns, At safepoint: 96800 ns, Total: 452900 ns
[2020-04-26T18:59:43.956+0000][1][safepoint    ] Safepoint "RevokeBias", Time since last: 271100 ns, Reaching safepoint: 153100 ns, At safepoint: 100300 ns, Total: 253400 ns
[2020-04-26T18:59:43.956+0000][1][safepoint    ] Safepoint "RevokeBias", Time since last: 362300 ns, Reaching safepoint: 151100 ns, At safepoint: 100600 ns, Total: 251700 ns
[2020-04-26T18:59:44.958+0000][1][safepoint    ] Safepoint "Cleanup", Time since last: 1000672700 ns, Reaching safepoint: 632600 ns, At safepoint: 134000 ns, Total: 766600 ns
[2020-04-26T18:59:45.959+0000][1][safepoint    ] Safepoint "Cleanup", Time since last: 1000579100 ns, Reaching safepoint: 541300 ns, At safepoint: 134200 ns, Total: 675500 ns
[2020-04-26T18:59:46.960+0000][1][safepoint    ] Safepoint "Cleanup", Time since last: 1000501600 ns, Reaching safepoint: 151600 ns, At safepoint: 35100 ns, Total: 186700 ns
[2020-04-26T18:59:47.960+0000][1][safepoint    ] Safepoint "Cleanup", Time since last: 1000313000 ns, Reaching safepoint: 178200 ns, At safepoint: 41800 ns, Total: 220000 ns
[2020-04-26T18:59:48.961+0000][1][safepoint    ] Safepoint "Cleanup", Time since last: 1000224900 ns, Reaching safepoint: 305300 ns, At safepoint: 70900 ns, Total: 376200 ns
[2020-04-26T18:59:49.962+0000][1][safepoint    ] Safepoint "Cleanup", Time since last: 1000531300 ns, Reaching safepoint: 451000 ns, At safepoint: 126300 ns, Total: 577300 ns
[2020-04-26T18:59:50.963+0000][1][safepoint    ] Safepoint "Cleanup", Time since last: 1000798400 ns, Reaching safepoint: 455800 ns, At safepoint: 151200 ns, Total: 607000 ns
[2020-04-26T18:59:51.964+0000][1][safepoint    ] Safepoint "Cleanup", Time since last: 1000492800 ns, Reaching safepoint: 152500 ns, At safepoint: 37700 ns, Total: 190200 ns
[2020-04-26T18:59:52.965+0000][1][safepoint    ] Safepoint "Cleanup", Time since last: 1000417600 ns, Reaching safepoint: 594300 ns, At safepoint: 159700 ns, Total: 754000 ns
[2020-04-26T18:59:53.966+0000][1][safepoint    ] Safepoint "Cleanup", Time since last: 1000228100 ns, Reaching safepoint: 149500 ns, At safepoint: 30000 ns, Total: 179500 ns
[2020-04-26T18:59:54.966+0000][1][safepoint    ] Safepoint "Cleanup", Time since last: 1000308900 ns, Reaching safepoint: 181000 ns, At safepoint: 40900 ns, Total: 221900 ns
[2020-04-26T18:59:55.609+0000][1][gc,start     ] GC(18) Pause Young (Allocation Failure)
[2020-04-26T18:59:55.609+0000][1][gc,task      ] GC(18) Using 10 workers of 10 for evacuation
[2020-04-26T18:59:55.615+0000][1][gc,age       ] GC(18) Desired survivor size 8945664 bytes, new threshold 6 (max threshold 6)
[2020-04-26T18:59:55.615+0000][1][gc,age       ] GC(18) Age table with threshold 6 (max threshold 6)
[2020-04-26T18:59:55.615+0000][1][gc,age       ] GC(18) - age   1:    1587608 bytes,    1587608 total
[2020-04-26T18:59:55.615+0000][1][gc,age       ] GC(18) - age   2:    4192240 bytes,    5779848 total
[2020-04-26T18:59:55.615+0000][1][gc,heap      ] GC(18) ParNew: 150331K->7922K(157248K)
[2020-04-26T18:59:55.615+0000][1][gc,heap      ] GC(18) CMS: 83278K->83278K(349568K)
[2020-04-26T18:59:55.615+0000][1][gc,metaspace ] GC(18) Metaspace: 93092K->93092K(1134592K)
[2020-04-26T18:59:55.615+0000][1][gc           ] GC(18) Pause Young (Allocation Failure) 228M->89M(494M) 5.658ms
[2020-04-26T18:59:55.615+0000][1][gc,cpu       ] GC(18) User=0.03s Sys=0.01s Real=0.00s
[2020-04-26T18:59:55.615+0000][1][safepoint    ] Safepoint "GenCollectForAllocation", Time since last: 642753200 ns, Reaching safepoint: 363400 ns, At safepoint: 5848400 ns, Total: 6211800 ns
[2020-04-26T18:59:56.616+0000][1][safepoint    ] Safepoint "Cleanup", Time since last: 1000217400 ns, Reaching safepoint: 254900 ns, At safepoint: 41800 ns, Total: 296700 ns
[2020-04-26T18:59:56.792+0000][1][safepoint    ] Safepoint "RevokeBias", Time since last: 176180800 ns, Reaching safepoint: 249500 ns, At safepoint: 82700 ns, Total: 332200 ns
[2020-04-26T18:59:57.793+0000][1][safepoint    ] Safepoint "Cleanup", Time since last: 1000214000 ns, Reaching safepoint: 357600 ns, At safepoint: 159800 ns, Total: 517400 ns
[2020-04-26T18:59:58.793+0000][1][safepoint    ] Safepoint "Cleanup", Time since last: 1000226900 ns, Reaching safepoint: 313200 ns, At safepoint: 54700 ns, Total: 367900 ns
[2020-04-26T18:59:59.794+0000][1][safepoint    ] Safepoint "Cleanup", Time since last: 1000206200 ns, Reaching safepoint: 496300 ns, At safepoint: 180200 ns, Total: 676500 ns
[2020-04-26T19:00:04.083+0000][1][safepoint    ] Safepoint "Cleanup", Time since last: 4288546600 ns, Reaching safepoint: 240600 ns, At safepoint: 284700 ns, Total: 525300 ns
[2020-04-26T19:00:05.084+0000][1][safepoint    ] Safepoint "Cleanup", Time since last: 1000270000 ns, Reaching safepoint: 278100 ns, At safepoint: 308300 ns, Total: 586400 ns
[2020-04-26T19:00:06.085+0000][1][safepoint    ] Safepoint "Cleanup", Time since last: 1000143300 ns, Reaching safepoint: 269300 ns, At safepoint: 159800 ns, Total: 429100 ns
[2020-04-26T19:00:07.085+0000][1][safepoint    ] Safepoint "Cleanup", Time since last: 1000165700 ns, Reaching safepoint: 241400 ns, At safepoint: 198200 ns, Total: 439600 ns
[2020-04-26T19:00:08.086+0000][1][safepoint    ] Safepoint "Cleanup", Time since last: 1000176000 ns, Reaching safepoint: 328400 ns, At safepoint: 121300 ns, Total: 449700 ns
[2020-04-26T19:00:09.087+0000][1][safepoint    ] Safepoint "Cleanup", Time since last: 1000153800 ns, Reaching safepoint: 295700 ns, At safepoint: 102100 ns, Total: 397800 ns
[2020-04-26T19:00:10.087+0000][1][safepoint    ] Safepoint "Cleanup", Time since last: 1000173700 ns, Reaching safepoint: 351700 ns, At safepoint: 133600 ns, Total: 485300 ns
[2020-04-26T19:00:11.088+0000][1][safepoint    ] Safepoint "Cleanup", Time since last: 1000153200 ns, Reaching safepoint: 433100 ns, At safepoint: 122300 ns, Total: 555400 ns
[2020-04-26T19:00:12.089+0000][1][safepoint    ] Safepoint "Cleanup", Time since last: 1000153800 ns, Reaching safepoint: 276800 ns, At safepoint: 178000 ns, Total: 454800 ns
[2020-04-26T19:00:13.089+0000][1][safepoint    ] Safepoint "Cleanup", Time since last: 1000163600 ns, Reaching safepoint: 294800 ns, At safepoint: 132600 ns, Total: 427400 ns
[2020-04-26T19:00:14.090+0000][1][safepoint    ] Safepoint "Cleanup", Time since last: 1000157300 ns, Reaching safepoint: 231600 ns, At safepoint: 117400 ns, Total: 349000 ns
[2020-04-26T19:00:15.090+0000][1][safepoint    ] Safepoint "Cleanup", Time since last: 1000158400 ns, Reaching safepoint: 265800 ns, At safepoint: 101700 ns, Total: 367500 ns
[2020-04-26T19:00:16.091+0000][1][safepoint    ] Safepoint "Cleanup", Time since last: 1000436700 ns, Reaching safepoint: 176700 ns, At safepoint: 90900 ns, Total: 267600 ns
[2020-04-26T19:00:17.091+0000][1][safepoint    ] Safepoint "Cleanup", Time since last: 1000139000 ns, Reaching safepoint: 243700 ns, At safepoint: 59600 ns, Total: 303300 ns
[2020-04-26T19:00:18.092+0000][1][safepoint    ] Safepoint "Cleanup", Time since last: 1000158000 ns, Reaching safepoint: 289000 ns, At safepoint: 68700 ns, Total: 357700 ns
[2020-04-26T19:00:19.092+0000][1][safepoint    ] Safepoint "Cleanup", Time since last: 1000155700 ns, Reaching safepoint: 248500 ns, At safepoint: 125500 ns, Total: 374000 ns
[2020-04-26T19:00:20.093+0000][1][safepoint    ] Safepoint "Cleanup", Time since last: 1000136700 ns, Reaching safepoint: 420200 ns, At safepoint: 71400 ns, Total: 491600 ns
[2020-04-26T19:00:21.093+0000][1][safepoint    ] Safepoint "Cleanup", Time since last: 1000189900 ns, Reaching safepoint: 162600 ns, At safepoint: 38900 ns, Total: 201500 ns
[2020-04-26T19:00:22.094+0000][1][safepoint    ] Safepoint "Cleanup", Time since last: 1000156700 ns, Reaching safepoint: 283600 ns, At safepoint: 101200 ns, Total: 384800 ns
[2020-04-26T19:00:23.094+0000][1][safepoint    ] Safepoint "Cleanup", Time since last: 1000145200 ns, Reaching safepoint: 182600 ns, At safepoint: 38300 ns, Total: 220900 ns
[2020-04-26T19:00:24.095+0000][1][safepoint    ] Safepoint "Cleanup", Time since last: 1000141200 ns, Reaching safepoint: 237300 ns, At safepoint: 151800 ns, Total: 389100 ns
[2020-04-26T19:00:30.810+0000][1][safepoint    ] Safepoint "Cleanup", Time since last: 6713873900 ns, Reaching safepoint: 600500 ns, At safepoint: 281300 ns, Total: 881800 ns
[2020-04-27T13:34:30.065+0000][1][safepoint    ] Safepoint "Cleanup", Time since last: 1034871000 ns, Reaching safepoint: 367600 ns, At safepoint: 79900 ns, Total: 447500 ns
[2020-04-27T13:34:31.066+0000][1][safepoint    ] Safepoint "Cleanup", Time since last: 1000210500 ns, Reaching safepoint: 282300 ns, At safepoint: 44400 ns, Total: 326700 ns
[2020-04-27T13:34:32.037+0000][1][safepoint    ] Safepoint "RevokeBias", Time since last: 971731900 ns, Reaching safepoint: 183400 ns, At safepoint: 66100 ns, Total: 249500 ns
[2020-04-27T13:34:32.039+0000][1][safepoint    ] Safepoint "RevokeBias", Time since last: 1406700 ns, Reaching safepoint: 385400 ns, At safepoint: 146300 ns, Total: 531700 ns
[2020-04-27T13:34:32.040+0000][1][safepoint    ] Safepoint "RevokeBias", Time since last: 630700 ns, Reaching safepoint: 198200 ns, At safepoint: 68300 ns, Total: 266500 ns
[2020-04-27T13:34:32.041+0000][1][safepoint    ] Safepoint "RevokeBias", Time since last: 212000 ns, Reaching safepoint: 198500 ns, At safepoint: 54700 ns, Total: 253200 ns
[2020-04-27T13:34:32.041+0000][1][safepoint    ] Safepoint "RevokeBias", Time since last: 196300 ns, Reaching safepoint: 207400 ns, At safepoint: 65400 ns, Total: 272800 ns
[2020-04-27T13:34:32.049+0000][1][safepoint    ] Safepoint "RevokeBias", Time since last: 7591300 ns, Reaching safepoint: 197400 ns, At safepoint: 50000 ns, Total: 247400 ns
[2020-04-27T13:34:32.050+0000][1][safepoint    ] Safepoint "RevokeBias", Time since last: 440800 ns, Reaching safepoint: 303800 ns, At safepoint: 198500 ns, Total: 502300 ns
[2020-04-27T13:34:32.052+0000][1][safepoint    ] Safepoint "RevokeBias", Time since last: 1299300 ns, Reaching safepoint: 443700 ns, At safepoint: 91300 ns, Total: 535000 ns
[2020-04-27T13:34:32.053+0000][1][safepoint    ] Safepoint "RevokeBias", Time since last: 907000 ns, Reaching safepoint: 196000 ns, At safepoint: 67600 ns, Total: 263600 ns
[2020-04-27T13:34:32.058+0000][1][safepoint    ] Safepoint "RevokeBias", Time since last: 4215200 ns, Reaching safepoint: 231700 ns, At safepoint: 38700 ns, Total: 270400 ns
[2020-04-27T13:34:32.072+0000][1][safepoint    ] Safepoint "RevokeBias", Time since last: 14449400 ns, Reaching safepoint: 229600 ns, At safepoint: 52600 ns, Total: 282200 ns
[2020-04-27T13:34:32.073+0000][1][safepoint    ] Safepoint "RevokeBias", Time since last: 336800 ns, Reaching safepoint: 184500 ns, At safepoint: 44900 ns, Total: 229400 ns
[2020-04-27T13:34:32.074+0000][1][safepoint    ] Safepoint "RevokeBias", Time since last: 748600 ns, Reaching safepoint: 551000 ns, At safepoint: 282400 ns, Total: 833400 ns
[2020-04-27T13:34:32.107+0000][1][safepoint    ] Safepoint "RevokeBias", Time since last: 31873900 ns, Reaching safepoint: 806400 ns, At safepoint: 117000 ns, Total: 923400 ns
[2020-04-27T13:34:32.108+0000][1][safepoint    ] Safepoint "RevokeBias", Time since last: 476200 ns, Reaching safepoint: 223600 ns, At safepoint: 42200 ns, Total: 265800 ns
[2020-04-27T13:34:32.109+0000][1][safepoint    ] Safepoint "RevokeBias", Time since last: 364500 ns, Reaching safepoint: 177300 ns, At safepoint: 53900 ns, Total: 231200 ns
[2020-04-27T13:34:32.113+0000][1][safepoint    ] Safepoint "RevokeBias", Time since last: 3956300 ns, Reaching safepoint: 273000 ns, At safepoint: 99400 ns, Total: 372400 ns
[2020-04-27T13:34:32.113+0000][1][safepoint    ] Safepoint "RevokeBias", Time since last: 261000 ns, Reaching safepoint: 183500 ns, At safepoint: 63100 ns, Total: 246600 ns
[2020-04-27T13:34:32.115+0000][1][safepoint    ] Safepoint "RevokeBias", Time since last: 768800 ns, Reaching safepoint: 745000 ns, At safepoint: 181100 ns, Total: 926100 ns
[2020-04-27T13:34:32.135+0000][1][safepoint    ] Safepoint "RevokeBias", Time since last: 19704800 ns, Reaching safepoint: 393200 ns, At safepoint: 98500 ns, Total: 491700 ns
[2020-04-27T13:34:32.136+0000][1][safepoint    ] Safepoint "RevokeBias", Time since last: 749900 ns, Reaching safepoint: 212200 ns, At safepoint: 115500 ns, Total: 327700 ns
[2020-04-27T13:34:32.157+0000][1][safepoint    ] Safepoint "RevokeBias", Time since last: 20193900 ns, Reaching safepoint: 296000 ns, At safepoint: 63100 ns, Total: 359100 ns
[2020-04-27T13:34:32.161+0000][1][safepoint    ] Safepoint "RevokeBias", Time since last: 3725900 ns, Reaching safepoint: 224200 ns, At safepoint: 88200 ns, Total: 312400 ns
[2020-04-27T13:34:32.161+0000][1][safepoint    ] Safepoint "RevokeBias", Time since last: 176000 ns, Reaching safepoint: 172200 ns, At safepoint: 93300 ns, Total: 265500 ns
[2020-04-27T13:34:32.165+0000][1][safepoint    ] Safepoint "RevokeBias", Time since last: 2820200 ns, Reaching safepoint: 228900 ns, At safepoint: 77200 ns, Total: 306100 ns
[2020-04-27T13:34:32.172+0000][1][safepoint    ] Safepoint "RevokeBias", Time since last: 6413000 ns, Reaching safepoint: 558400 ns, At safepoint: 142100 ns, Total: 700500 ns
[2020-04-27T13:34:32.173+0000][1][safepoint    ] Safepoint "RevokeBias", Time since last: 612900 ns, Reaching safepoint: 257300 ns, At safepoint: 55000 ns, Total: 312300 ns
[2020-04-27T13:34:32.173+0000][1][safepoint    ] Safepoint "RevokeBias", Time since last: 243500 ns, Reaching safepoint: 174000 ns, At safepoint: 48500 ns, Total: 222500 ns
[2020-04-27T13:34:32.173+0000][1][safepoint    ] Safepoint "RevokeBias", Time since last: 143800 ns, Reaching safepoint: 178300 ns, At safepoint: 44900 ns, Total: 223200 ns
[2020-04-27T13:34:32.218+0000][1][safepoint    ] Safepoint "RevokeBias", Time since last: 43833100 ns, Reaching safepoint: 232700 ns, At safepoint: 57100 ns, Total: 289800 ns
[2020-04-27T13:34:32.219+0000][1][safepoint    ] Safepoint "RevokeBias", Time since last: 259000 ns, Reaching safepoint: 739100 ns, At safepoint: 320500 ns, Total: 1059600 ns
[2020-04-27T13:34:32.236+0000][1][safepoint    ] Safepoint "RevokeBias", Time since last: 17163800 ns, Reaching safepoint: 227700 ns, At safepoint: 51500 ns, Total: 279200 ns
[2020-04-27T13:34:32.252+0000][1][safepoint    ] Safepoint "RevokeBias", Time since last: 15403200 ns, Reaching safepoint: 428300 ns, At safepoint: 70700 ns, Total: 499000 ns
[2020-04-27T13:34:32.254+0000][1][safepoint    ] Safepoint "CollectForMetadataAllocation", Time since last: 1251000 ns, Reaching safepoint: 381100 ns, At safepoint: 433600 ns, Total: 814700 ns
[2020-04-27T13:34:32.266+0000][1][safepoint    ] Safepoint "RevokeBias", Time since last: 11016400 ns, Reaching safepoint: 210300 ns, At safepoint: 67600 ns, Total: 277900 ns
[2020-04-27T13:34:32.269+0000][1][safepoint    ] Safepoint "RevokeBias", Time since last: 2668900 ns, Reaching safepoint: 303500 ns, At safepoint: 160300 ns, Total: 463800 ns
[2020-04-27T13:34:32.269+0000][1][safepoint    ] Safepoint "RevokeBias", Time since last: 173400 ns, Reaching safepoint: 270600 ns, At safepoint: 119600 ns, Total: 390200 ns
[2020-04-27T13:34:32.270+0000][1][safepoint    ] Safepoint "RevokeBias", Time since last: 112900 ns, Reaching safepoint: 275400 ns, At safepoint: 368200 ns, Total: 643600 ns
[2020-04-27T13:34:32.271+0000][1][safepoint    ] Safepoint "RevokeBias", Time since last: 604000 ns, Reaching safepoint: 408600 ns, At safepoint: 162800 ns, Total: 571400 ns
[2020-04-27T13:34:32.273+0000][1][safepoint    ] Safepoint "RevokeBias", Time since last: 1619000 ns, Reaching safepoint: 218700 ns, At safepoint: 224300 ns, Total: 443000 ns
[2020-04-27T13:34:32.283+0000][1][safepoint    ] Safepoint "RevokeBias", Time since last: 112400 ns, Reaching safepoint: 9406900 ns, At safepoint: 438300 ns, Total: 9845200 ns
[2020-04-27T13:34:32.301+0000][1][safepoint    ] Safepoint "RevokeBias", Time since last: 10658400 ns, Reaching safepoint: 7046600 ns, At safepoint: 100000 ns, Total: 7146600 ns
[2020-04-27T13:34:32.301+0000][1][safepoint    ] Safepoint "RevokeBias", Time since last: 142700 ns, Reaching safepoint: 179500 ns, At safepoint: 77400 ns, Total: 256900 ns
[2020-04-27T13:34:32.317+0000][1][safepoint    ] Safepoint "RevokeBias", Time since last: 14718400 ns, Reaching safepoint: 324800 ns, At safepoint: 112500 ns, Total: 437300 ns
[2020-04-27T13:34:32.320+0000][1][safepoint    ] Safepoint "RevokeBias", Time since last: 3502100 ns, Reaching safepoint: 299500 ns, At safepoint: 105100 ns, Total: 404600 ns
[2020-04-27T13:34:32.332+0000][1][safepoint    ] Safepoint "RevokeBias", Time since last: 115900 ns, Reaching safepoint: 10939800 ns, At safepoint: 362300 ns, Total: 11302100 ns
[2020-04-27T13:34:32.337+0000][1][safepoint    ] Safepoint "RevokeBias", Time since last: 4674500 ns, Reaching safepoint: 410200 ns, At safepoint: 120300 ns, Total: 530500 ns
[2020-04-27T13:34:32.387+0000][1][safepoint    ] Safepoint "RevokeBias", Time since last: 48314100 ns, Reaching safepoint: 1098500 ns, At safepoint: 427000 ns, Total: 1525500 ns
[2020-04-27T13:34:32.401+0000][1][safepoint    ] Safepoint "CollectForMetadataAllocation", Time since last: 12817500 ns, Reaching safepoint: 797200 ns, At safepoint: 192200 ns, Total: 989400 ns
[2020-04-27T13:34:32.417+0000][1][safepoint    ] Safepoint "RevokeBias", Time since last: 15362400 ns, Reaching safepoint: 354100 ns, At safepoint: 113000 ns, Total: 467100 ns
[2020-04-27T13:34:32.419+0000][1][safepoint    ] Safepoint "RevokeBias", Time since last: 1046500 ns, Reaching safepoint: 700100 ns, At safepoint: 357400 ns, Total: 1057500 ns
[2020-04-27T13:34:32.421+0000][1][safepoint    ] Safepoint "RevokeBias", Time since last: 1583800 ns, Reaching safepoint: 352800 ns, At safepoint: 121100 ns, Total: 473900 ns
[2020-04-27T13:34:32.424+0000][1][safepoint    ] Safepoint "RevokeBias", Time since last: 3152500 ns, Reaching safepoint: 245200 ns, At safepoint: 95700 ns, Total: 340900 ns
[2020-04-27T13:34:32.425+0000][1][safepoint    ] Safepoint "RevokeBias", Time since last: 504300 ns, Reaching safepoint: 202300 ns, At safepoint: 67100 ns, Total: 269400 ns
[2020-04-27T13:34:32.444+0000][1][safepoint    ] Safepoint "RevokeBias", Time since last: 19126500 ns, Reaching safepoint: 233500 ns, At safepoint: 56600 ns, Total: 290100 ns
[2020-04-27T13:34:32.512+0000][1][safepoint    ] Safepoint "RevokeBias", Time since last: 66662100 ns, Reaching safepoint: 332000 ns, At safepoint: 125700 ns, Total: 457700 ns
[2020-04-27T13:34:32.516+0000][1][safepoint    ] Safepoint "RevokeBias", Time since last: 4670300 ns, Reaching safepoint: 231500 ns, At safepoint: 78400 ns, Total: 309900 ns
[2020-04-27T13:34:32.522+0000][1][safepoint    ] Safepoint "RevokeBias", Time since last: 5046300 ns, Reaching safepoint: 632800 ns, At safepoint: 221400 ns, Total: 854200 ns
[2020-04-27T13:34:32.569+0000][1][safepoint    ] Safepoint "RevokeBias", Time since last: 45606600 ns, Reaching safepoint: 621800 ns, At safepoint: 79500 ns, Total: 701300 ns
[2020-04-27T13:34:32.570+0000][1][safepoint    ] Safepoint "RevokeBias", Time since last: 680800 ns, Reaching safepoint: 429800 ns, At safepoint: 192600 ns, Total: 622400 ns
[2020-04-27T13:34:32.573+0000][1][safepoint    ] Safepoint "RevokeBias", Time since last: 2703700 ns, Reaching safepoint: 346100 ns, At safepoint: 123000 ns, Total: 469100 ns
[2020-04-27T13:34:32.639+0000][1][safepoint    ] Safepoint "RevokeBias", Time since last: 65728100 ns, Reaching safepoint: 423700 ns, At safepoint: 117600 ns, Total: 541300 ns
[2020-04-27T13:34:32.645+0000][1][safepoint    ] Safepoint "RevokeBias", Time since last: 5560600 ns, Reaching safepoint: 295800 ns, At safepoint: 96500 ns, Total: 392300 ns
[2020-04-27T13:34:32.648+0000][1][safepoint    ] Safepoint "RevokeBias", Time since last: 193600 ns, Reaching safepoint: 2476100 ns, At safepoint: 140400 ns, Total: 2616500 ns
[2020-04-27T13:34:32.649+0000][1][safepoint    ] Safepoint "RevokeBias", Time since last: 393600 ns, Reaching safepoint: 236200 ns, At safepoint: 75800 ns, Total: 312000 ns
[2020-04-27T13:34:32.649+0000][1][safepoint    ] Safepoint "RevokeBias", Time since last: 143900 ns, Reaching safepoint: 203900 ns, At safepoint: 71000 ns, Total: 274900 ns
[2020-04-27T13:34:32.817+0000][1][safepoint    ] Safepoint "RevokeBias", Time since last: 167173500 ns, Reaching safepoint: 243600 ns, At safepoint: 63400 ns, Total: 307000 ns
[2020-04-27T13:34:32.832+0000][1][safepoint    ] Safepoint "RevokeBias", Time since last: 14372200 ns, Reaching safepoint: 427100 ns, At safepoint: 80400 ns, Total: 507500 ns
[2020-04-27T13:34:32.835+0000][1][safepoint    ] Safepoint "RevokeBias", Time since last: 3285100 ns, Reaching safepoint: 370500 ns, At safepoint: 74000 ns, Total: 444500 ns
[2020-04-27T13:34:32.866+0000][1][safepoint    ] Safepoint "RevokeBias", Time since last: 30199100 ns, Reaching safepoint: 451700 ns, At safepoint: 183000 ns, Total: 634700 ns
[2020-04-27T13:34:32.867+0000][1][safepoint    ] Safepoint "RevokeBias", Time since last: 506800 ns, Reaching safepoint: 292900 ns, At safepoint: 145200 ns, Total: 438100 ns
[2020-04-27T13:34:32.871+0000][1][safepoint    ] Safepoint "RevokeBias", Time since last: 3074100 ns, Reaching safepoint: 514700 ns, At safepoint: 179200 ns, Total: 693900 ns
[2020-04-27T13:34:32.872+0000][1][safepoint    ] Safepoint "RevokeBias", Time since last: 305400 ns, Reaching safepoint: 299200 ns, At safepoint: 144400 ns, Total: 443600 ns
[2020-04-27T13:34:33.022+0000][1][gc,start     ] GC(19) Pause Initial Mark
[2020-04-27T13:34:33.057+0000][1][gc           ] GC(19) Pause Initial Mark 183M->183M(494M) 34.916ms
[2020-04-27T13:34:33.057+0000][1][gc,cpu       ] GC(19) User=0.28s Sys=0.04s Real=0.03s
[2020-04-27T13:34:33.058+0000][1][safepoint    ] Safepoint "CMS_Initial_Mark", Time since last: 150336600 ns, Reaching safepoint: 382400 ns, At safepoint: 35783700 ns, Total: 36166100 ns
[2020-04-27T13:34:33.058+0000][1][gc           ] GC(19) Concurrent Mark
[2020-04-27T13:34:33.058+0000][1][gc,task      ] GC(19) Using 3 workers of 3 for marking
[2020-04-27T13:34:33.059+0000][1][safepoint    ] Safepoint "RevokeBias", Time since last: 234600 ns, Reaching safepoint: 486700 ns, At safepoint: 34600 ns, Total: 521300 ns
[2020-04-27T13:34:33.064+0000][1][safepoint    ] Safepoint "RevokeBias", Time since last: 4052000 ns, Reaching safepoint: 512300 ns, At safepoint: 53300 ns, Total: 565600 ns
[2020-04-27T13:34:33.066+0000][1][safepoint    ] Safepoint "RevokeBias", Time since last: 916500 ns, Reaching safepoint: 1247700 ns, At safepoint: 75300 ns, Total: 1323000 ns
[2020-04-27T13:34:33.066+0000][1][safepoint    ] Safepoint "RevokeBias", Time since last: 247000 ns, Reaching safepoint: 240400 ns, At safepoint: 65300 ns, Total: 305700 ns
[2020-04-27T13:34:33.067+0000][1][safepoint    ] Safepoint "RevokeBias", Time since last: 150100 ns, Reaching safepoint: 436900 ns, At safepoint: 39900 ns, Total: 476800 ns
[2020-04-27T13:34:33.117+0000][1][safepoint    ] Safepoint "RevokeBias", Time since last: 48551300 ns, Reaching safepoint: 1287000 ns, At safepoint: 92800 ns, Total: 1379800 ns
[2020-04-27T13:34:33.121+0000][1][safepoint    ] Safepoint "RevokeBias", Time since last: 3716400 ns, Reaching safepoint: 521600 ns, At safepoint: 31300 ns, Total: 552900 ns
[2020-04-27T13:34:33.130+0000][1][safepoint    ] Safepoint "RevokeBias", Time since last: 7879900 ns, Reaching safepoint: 749000 ns, At safepoint: 52100 ns, Total: 801100 ns
[2020-04-27T13:34:33.147+0000][1][safepoint    ] Safepoint "RevokeBias", Time since last: 16538200 ns, Reaching safepoint: 457200 ns, At safepoint: 60800 ns, Total: 518000 ns
[2020-04-27T13:34:33.147+0000][1][safepoint    ] Safepoint "RevokeBias", Time since last: 274000 ns, Reaching safepoint: 206300 ns, At safepoint: 42500 ns, Total: 248800 ns
[2020-04-27T13:34:33.148+0000][1][safepoint    ] Safepoint "RevokeBias", Time since last: 119700 ns, Reaching safepoint: 364500 ns, At safepoint: 145100 ns, Total: 509600 ns
[2020-04-27T13:34:33.188+0000][1][safepoint    ] Safepoint "RevokeBias", Time since last: 577200 ns, Reaching safepoint: 38697100 ns, At safepoint: 115800 ns, Total: 38812900 ns
[2020-04-27T13:34:33.190+0000][1][safepoint    ] Safepoint "RevokeBias", Time since last: 2084300 ns, Reaching safepoint: 569700 ns, At safepoint: 52400 ns, Total: 622100 ns
[2020-04-27T13:34:33.191+0000][1][safepoint    ] Safepoint "RevokeBias", Time since last: 525400 ns, Reaching safepoint: 348900 ns, At safepoint: 122700 ns, Total: 471600 ns
[2020-04-27T13:34:33.192+0000][1][safepoint    ] Safepoint "RevokeBias", Time since last: 52700 ns, Reaching safepoint: 630000 ns, At safepoint: 407100 ns, Total: 1037100 ns
[2020-04-27T13:34:33.193+0000][1][safepoint    ] Safepoint "RevokeBias", Time since last: 574900 ns, Reaching safepoint: 535100 ns, At safepoint: 64700 ns, Total: 599800 ns
[2020-04-27T13:34:33.194+0000][1][safepoint    ] Safepoint "RevokeBias", Time since last: 599400 ns, Reaching safepoint: 203300 ns, At safepoint: 46400 ns, Total: 249700 ns
[2020-04-27T13:34:33.195+0000][1][safepoint    ] Safepoint "RevokeBias", Time since last: 310600 ns, Reaching safepoint: 416400 ns, At safepoint: 48700 ns, Total: 465100 ns
[2020-04-27T13:34:33.196+0000][1][safepoint    ] Safepoint "RevokeBias", Time since last: 170500 ns, Reaching safepoint: 286900 ns, At safepoint: 30700 ns, Total: 317600 ns
[2020-04-27T13:34:33.289+0000][1][gc           ] GC(19) Concurrent Mark 230.599ms
[2020-04-27T13:34:33.289+0000][1][gc,cpu       ] GC(19) User=1.15s Sys=0.18s Real=0.24s
[2020-04-27T13:34:33.289+0000][1][gc           ] GC(19) Concurrent Preclean
[2020-04-27T13:34:33.295+0000][1][gc           ] GC(19) Concurrent Preclean 5.821ms
[2020-04-27T13:34:33.295+0000][1][gc,cpu       ] GC(19) User=0.01s Sys=0.00s Real=0.00s
[2020-04-27T13:34:33.295+0000][1][gc           ] GC(19) Concurrent Abortable Preclean
[2020-04-27T13:34:34.196+0000][1][safepoint    ] Safepoint "Cleanup", Time since last: 1000227600 ns, Reaching safepoint: 337900 ns, At safepoint: 59200 ns, Total: 397100 ns
[2020-04-27T13:34:35.033+0000][1][safepoint    ] Safepoint "RevokeBias", Time since last: 836439200 ns, Reaching safepoint: 388600 ns, At safepoint: 80500 ns, Total: 469100 ns
[2020-04-27T13:34:35.034+0000][1][safepoint    ] Safepoint "RevokeBias", Time since last: 172400 ns, Reaching safepoint: 273200 ns, At safepoint: 59700 ns, Total: 332900 ns
[2020-04-27T13:34:35.034+0000][1][safepoint    ] Safepoint "RevokeBias", Time since last: 208800 ns, Reaching safepoint: 161700 ns, At safepoint: 40800 ns, Total: 202500 ns
[2020-04-27T13:34:36.035+0000][1][safepoint    ] Safepoint "Cleanup", Time since last: 1000203500 ns, Reaching safepoint: 431800 ns, At safepoint: 65200 ns, Total: 497000 ns
[2020-04-27T13:34:37.035+0000][1][safepoint    ] Safepoint "Cleanup", Time since last: 1000213500 ns, Reaching safepoint: 219600 ns, At safepoint: 45200 ns, Total: 264800 ns
[2020-04-27T13:34:38.036+0000][1][safepoint    ] Safepoint "Cleanup", Time since last: 1000202700 ns, Reaching safepoint: 596500 ns, At safepoint: 117300 ns, Total: 713800 ns
[2020-04-27T13:34:38.482+0000][1][gc           ] GC(19) Concurrent Abortable Preclean 5186.871ms
[2020-04-27T13:34:38.482+0000][1][gc,cpu       ] GC(19) User=7.05s Sys=0.61s Real=5.19s
[2020-04-27T13:34:38.483+0000][1][gc,start     ] GC(19) Pause Remark
[2020-04-27T13:34:38.568+0000][1][gc           ] GC(19) Pause Remark 198M->198M(494M) 84.542ms
[2020-04-27T13:34:38.568+0000][1][gc,cpu       ] GC(19) User=0.22s Sys=0.00s Real=0.08s
[2020-04-27T13:34:38.568+0000][1][safepoint    ] Safepoint "CMS_Final_Remark", Time since last: 446237500 ns, Reaching safepoint: 622100 ns, At safepoint: 84878300 ns, Total: 85500400 ns
[2020-04-27T13:34:38.568+0000][1][gc           ] GC(19) Concurrent Sweep
[2020-04-27T13:34:38.643+0000][1][gc           ] GC(19) Concurrent Sweep 75.450ms
[2020-04-27T13:34:38.644+0000][1][gc,cpu       ] GC(19) User=0.11s Sys=0.00s Real=0.08s
[2020-04-27T13:34:38.644+0000][1][gc           ] GC(19) Concurrent Reset
[2020-04-27T13:34:38.645+0000][1][gc           ] GC(19) Concurrent Reset 0.652ms
[2020-04-27T13:34:38.645+0000][1][gc,cpu       ] GC(19) User=0.00s Sys=0.00s Real=0.00s
[2020-04-27T13:34:38.645+0000][1][gc,heap      ] GC(19) Old: 83278K->82762K(349568K)
[2020-04-27T13:34:39.569+0000][1][safepoint    ] Safepoint "Cleanup", Time since last: 1000181600 ns, Reaching safepoint: 1177900 ns, At safepoint: 102500 ns, Total: 1280400 ns
[2020-04-27T13:34:40.571+0000][1][safepoint    ] Safepoint "Cleanup", Time since last: 1000145000 ns, Reaching safepoint: 734200 ns, At safepoint: 305800 ns, Total: 1040000 ns
[2020-04-27T13:34:41.572+0000][1][safepoint    ] Safepoint "Cleanup", Time since last: 1000257700 ns, Reaching safepoint: 777100 ns, At safepoint: 121900 ns, Total: 899000 ns
[2020-04-27T13:34:42.572+0000][1][safepoint    ] Safepoint "Cleanup", Time since last: 1000210700 ns, Reaching safepoint: 326700 ns, At safepoint: 70400 ns, Total: 397100 ns
[2020-04-27T13:34:43.573+0000][1][safepoint    ] Safepoint "Cleanup", Time since last: 1000167100 ns, Reaching safepoint: 306600 ns, At safepoint: 78900 ns, Total: 385500 ns
[2020-04-27T13:34:44.573+0000][1][safepoint    ] Safepoint "Cleanup", Time since last: 1000212100 ns, Reaching safepoint: 275900 ns, At safepoint: 66800 ns, Total: 342700 ns
[2020-04-27T13:34:45.574+0000][1][safepoint    ] Safepoint "Cleanup", Time since last: 1000156300 ns, Reaching safepoint: 204300 ns, At safepoint: 53700 ns, Total: 258000 ns
[2020-04-27T13:34:46.574+0000][1][safepoint    ] Safepoint "Cleanup", Time since last: 1000166100 ns, Reaching safepoint: 201700 ns, At safepoint: 51300 ns, Total: 253000 ns
[2020-04-27T13:34:47.575+0000][1][safepoint    ] Safepoint "Cleanup", Time since last: 1000299100 ns, Reaching safepoint: 154800 ns, At safepoint: 44600 ns, Total: 199400 ns
[2020-04-27T13:34:48.575+0000][1][safepoint    ] Safepoint "Cleanup", Time since last: 1000168500 ns, Reaching safepoint: 155600 ns, At safepoint: 42700 ns, Total: 198300 ns
[2020-04-27T13:34:49.576+0000][1][safepoint    ] Safepoint "Cleanup", Time since last: 1000215200 ns, Reaching safepoint: 177000 ns, At safepoint: 52500 ns, Total: 229500 ns
[2020-04-27T13:34:50.576+0000][1][safepoint    ] Safepoint "Cleanup", Time since last: 1000190700 ns, Reaching safepoint: 164900 ns, At safepoint: 46400 ns, Total: 211300 ns
[2020-04-27T13:34:51.576+0000][1][safepoint    ] Safepoint "Cleanup", Time since last: 1000157700 ns, Reaching safepoint: 161000 ns, At safepoint: 49900 ns, Total: 210900 ns
[2020-04-27T13:34:52.577+0000][1][safepoint    ] Safepoint "Cleanup", Time since last: 1000511600 ns, Reaching safepoint: 245100 ns, At safepoint: 47200 ns, Total: 292300 ns
[2020-04-27T13:34:53.578+0000][1][safepoint    ] Safepoint "Cleanup", Time since last: 1000204300 ns, Reaching safepoint: 169800 ns, At safepoint: 48000 ns, Total: 217800 ns
[2020-04-27T13:34:54.578+0000][1][safepoint    ] Safepoint "Cleanup", Time since last: 1000199000 ns, Reaching safepoint: 164200 ns, At safepoint: 38700 ns, Total: 202900 ns
[2020-04-27T13:34:55.578+0000][1][safepoint    ] Safepoint "Cleanup", Time since last: 1000136800 ns, Reaching safepoint: 142400 ns, At safepoint: 28000 ns, Total: 170400 ns
[2020-04-27T13:34:56.579+0000][1][safepoint    ] Safepoint "Cleanup", Time since last: 1000359300 ns, Reaching safepoint: 149700 ns, At safepoint: 28800 ns, Total: 178500 ns
[2020-04-27T13:34:57.579+0000][1][safepoint    ] Safepoint "Cleanup", Time since last: 1000187400 ns, Reaching safepoint: 148900 ns, At safepoint: 29300 ns, Total: 178200 ns
[2020-04-27T13:34:58.580+0000][1][safepoint    ] Safepoint "Cleanup", Time since last: 1000382900 ns, Reaching safepoint: 148400 ns, At safepoint: 30000 ns, Total: 178400 ns
[2020-04-27T13:34:59.580+0000][1][safepoint    ] Safepoint "Cleanup", Time since last: 1000172400 ns, Reaching safepoint: 157500 ns, At safepoint: 46900 ns, Total: 204400 ns
[2020-04-27T13:35:00.580+0000][1][safepoint    ] Safepoint "Cleanup", Time since last: 1000169800 ns, Reaching safepoint: 152800 ns, At safepoint: 44000 ns, Total: 196800 ns
[2020-04-27T13:35:01.581+0000][1][safepoint    ] Safepoint "Cleanup", Time since last: 1000132900 ns, Reaching safepoint: 198000 ns, At safepoint: 31200 ns, Total: 229200 ns
[2020-04-27T13:35:02.045+0000][1][safepoint    ] Safepoint "RevokeBias", Time since last: 464283500 ns, Reaching safepoint: 156200 ns, At safepoint: 47200 ns, Total: 203400 ns
[2020-04-27T13:35:03.046+0000][1][safepoint    ] Safepoint "Cleanup", Time since last: 1000195500 ns, Reaching safepoint: 211000 ns, At safepoint: 30600 ns, Total: 241600 ns
[2020-04-27T13:35:04.046+0000][1][safepoint    ] Safepoint "Cleanup", Time since last: 1000145500 ns, Reaching safepoint: 215400 ns, At safepoint: 76100 ns, Total: 291500 ns
[2020-04-27T13:35:05.047+0000][1][safepoint    ] Safepoint "Cleanup", Time since last: 1000206500 ns, Reaching safepoint: 167200 ns, At safepoint: 41200 ns, Total: 208400 ns
[2020-04-27T13:35:06.047+0000][1][safepoint    ] Safepoint "Cleanup", Time since last: 1000150800 ns, Reaching safepoint: 156000 ns, At safepoint: 29500 ns, Total: 185500 ns
[2020-04-27T13:35:07.047+0000][1][safepoint    ] Safepoint "Cleanup", Time since last: 1000155700 ns, Reaching safepoint: 201300 ns, At safepoint: 28800 ns, Total: 230100 ns
[2020-04-27T13:35:08.048+0000][1][safepoint    ] Safepoint "Cleanup", Time since last: 1000155000 ns, Reaching safepoint: 162900 ns, At safepoint: 97500 ns, Total: 260400 ns
[2020-04-27T13:35:09.048+0000][1][gc,start     ] GC(20) Pause Young (Allocation Failure)
[2020-04-27T13:35:09.048+0000][1][gc,task      ] GC(20) Using 10 workers of 10 for evacuation
[2020-04-27T13:35:09.053+0000][1][gc,age       ] GC(20) Desired survivor size 8945664 bytes, new threshold 6 (max threshold 6)
[2020-04-27T13:35:09.053+0000][1][gc,age       ] GC(20) Age table with threshold 6 (max threshold 6)
[2020-04-27T13:35:09.053+0000][1][gc,age       ] GC(20) - age   1:    1338904 bytes,    1338904 total
[2020-04-27T13:35:09.053+0000][1][gc,age       ] GC(20) - age   2:    1407288 bytes,    2746192 total
[2020-04-27T13:35:09.053+0000][1][gc,age       ] GC(20) - age   3:    4022184 bytes,    6768376 total
[2020-04-27T13:35:09.053+0000][1][gc,heap      ] GC(20) ParNew: 147698K->8848K(157248K)
[2020-04-27T13:35:09.053+0000][1][gc,heap      ] GC(20) CMS: 82762K->82762K(349568K)
[2020-04-27T13:35:09.053+0000][1][gc,metaspace ] GC(20) Metaspace: 94058K->94058K(1136640K)
[2020-04-27T13:35:09.053+0000][1][gc           ] GC(20) Pause Young (Allocation Failure) 225M->89M(494M) 5.442ms
[2020-04-27T13:35:09.053+0000][1][gc,cpu       ] GC(20) User=0.03s Sys=0.00s Real=0.01s
[2020-04-27T13:35:09.053+0000][1][safepoint    ] Safepoint "GenCollectForAllocation", Time since last: 999975200 ns, Reaching safepoint: 160800 ns, At safepoint: 5579800 ns, Total: 5740600 ns
[2020-04-27T13:35:10.054+0000][1][safepoint    ] Safepoint "Cleanup", Time since last: 1000195300 ns, Reaching safepoint: 185700 ns, At safepoint: 56300 ns, Total: 242000 ns
[2020-04-27T13:35:11.054+0000][1][safepoint    ] Safepoint "Cleanup", Time since last: 1000133100 ns, Reaching safepoint: 190000 ns, At safepoint: 56300 ns, Total: 246300 ns
[2020-04-27T13:35:12.055+0000][1][safepoint    ] Safepoint "Cleanup", Time since last: 1000619200 ns, Reaching safepoint: 180300 ns, At safepoint: 56500 ns, Total: 236800 ns
[2020-04-27T13:35:12.318+0000][1][safepoint    ] Safepoint "RevokeBias", Time since last: 262616500 ns, Reaching safepoint: 242900 ns, At safepoint: 50500 ns, Total: 293400 ns
[2020-04-27T13:35:12.318+0000][1][safepoint    ] Safepoint "RevokeBias", Time since last: 169300 ns, Reaching safepoint: 90800 ns, At safepoint: 33000 ns, Total: 123800 ns
[2020-04-27T13:35:12.319+0000][1][safepoint    ] Safepoint "RevokeBias", Time since last: 161900 ns, Reaching safepoint: 85600 ns, At safepoint: 32900 ns, Total: 118500 ns
[2020-04-27T13:35:12.319+0000][1][safepoint    ] Safepoint "RevokeBias", Time since last: 156200 ns, Reaching safepoint: 77000 ns, At safepoint: 32400 ns, Total: 109400 ns
[2020-04-27T13:35:12.319+0000][1][safepoint    ] Safepoint "RevokeBias", Time since last: 169700 ns, Reaching safepoint: 77100 ns, At safepoint: 32700 ns, Total: 109800 ns
[2020-04-27T13:35:12.320+0000][1][safepoint    ] Safepoint "RevokeBias", Time since last: 195900 ns, Reaching safepoint: 127200 ns, At safepoint: 78400 ns, Total: 205600 ns
[2020-04-27T13:35:12.320+0000][1][safepoint    ] Safepoint "RevokeBias", Time since last: 265200 ns, Reaching safepoint: 110900 ns, At safepoint: 85700 ns, Total: 196600 ns
[2020-04-27T13:35:12.320+0000][1][safepoint    ] Safepoint "RevokeBias", Time since last: 307300 ns, Reaching safepoint: 111700 ns, At safepoint: 32900 ns, Total: 144600 ns
[2020-04-27T13:35:12.321+0000][1][safepoint    ] Safepoint "RevokeBias", Time since last: 258600 ns, Reaching safepoint: 76900 ns, At safepoint: 32800 ns, Total: 109700 ns
[2020-04-27T13:35:13.322+0000][1][safepoint    ] Safepoint "Cleanup", Time since last: 1000513500 ns, Reaching safepoint: 153100 ns, At safepoint: 31400 ns, Total: 184500 ns
[2020-04-27T13:35:14.322+0000][1][safepoint    ] Safepoint "Cleanup", Time since last: 1000216400 ns, Reaching safepoint: 156200 ns, At safepoint: 31100 ns, Total: 187300 ns
[2020-04-27T13:35:15.323+0000][1][safepoint    ] Safepoint "Cleanup", Time since last: 1000520700 ns, Reaching safepoint: 146500 ns, At safepoint: 29900 ns, Total: 176400 ns
[2020-04-27T13:35:16.323+0000][1][safepoint    ] Safepoint "Cleanup", Time since last: 1000504100 ns, Reaching safepoint: 146000 ns, At safepoint: 31700 ns, Total: 177700 ns
[2020-04-27T13:35:17.324+0000][1][safepoint    ] Safepoint "Cleanup", Time since last: 1000120800 ns, Reaching safepoint: 172300 ns, At safepoint: 29100 ns, Total: 201400 ns
[2020-04-27T13:35:18.324+0000][1][safepoint    ] Safepoint "Cleanup", Time since last: 1000384000 ns, Reaching safepoint: 163700 ns, At safepoint: 28800 ns, Total: 192500 ns
[2020-04-27T13:35:19.325+0000][1][safepoint    ] Safepoint "Cleanup", Time since last: 1000163900 ns, Reaching safepoint: 153300 ns, At safepoint: 29100 ns, Total: 182400 ns
[2020-04-27T13:35:20.325+0000][1][safepoint    ] Safepoint "Cleanup", Time since last: 1000113900 ns, Reaching safepoint: 273800 ns, At safepoint: 32100 ns, Total: 305900 ns
[2020-04-27T13:35:21.326+0000][1][safepoint    ] Safepoint "Cleanup", Time since last: 1000399100 ns, Reaching safepoint: 152400 ns, At safepoint: 32000 ns, Total: 184400 ns
[2020-04-27T13:35:22.326+0000][1][safepoint    ] Safepoint "Cleanup", Time since last: 1000341400 ns, Reaching safepoint: 150400 ns, At safepoint: 30900 ns, Total: 181300 ns
[2020-04-27T13:35:23.327+0000][1][safepoint    ] Safepoint "Cleanup", Time since last: 1000267400 ns, Reaching safepoint: 181600 ns, At safepoint: 29600 ns, Total: 211200 ns
[2020-04-27T13:35:24.327+0000][1][safepoint    ] Safepoint "Cleanup", Time since last: 1000477100 ns, Reaching safepoint: 148600 ns, At safepoint: 29600 ns, Total: 178200 ns
[2020-04-27T13:35:25.328+0000][1][safepoint    ] Safepoint "Cleanup", Time since last: 1000569000 ns, Reaching safepoint: 161900 ns, At safepoint: 29800 ns, Total: 191700 ns
[2020-04-27T13:35:26.329+0000][1][safepoint    ] Safepoint "Cleanup", Time since last: 1000527900 ns, Reaching safepoint: 174400 ns, At safepoint: 36300 ns, Total: 210700 ns
[2020-04-27T13:35:27.329+0000][1][safepoint    ] Safepoint "Cleanup", Time since last: 1000219400 ns, Reaching safepoint: 140600 ns, At safepoint: 28000 ns, Total: 168600 ns
[2020-04-27T13:35:28.330+0000][1][safepoint    ] Safepoint "Cleanup", Time since last: 1000305500 ns, Reaching safepoint: 140400 ns, At safepoint: 30200 ns, Total: 170600 ns
[2020-04-27T13:35:29.330+0000][1][safepoint    ] Safepoint "Cleanup", Time since last: 1000179500 ns, Reaching safepoint: 170600 ns, At safepoint: 27700 ns, Total: 198300 ns
[2020-04-27T13:35:30.331+0000][1][safepoint    ] Safepoint "Cleanup", Time since last: 1000582700 ns, Reaching safepoint: 140600 ns, At safepoint: 29900 ns, Total: 170500 ns
[2020-04-27T13:35:31.331+0000][1][safepoint    ] Safepoint "Cleanup", Time since last: 1000166700 ns, Reaching safepoint: 150400 ns, At safepoint: 31000 ns, Total: 181400 ns
[2020-04-27T13:35:32.331+0000][1][safepoint    ] Safepoint "Cleanup", Time since last: 1000138600 ns, Reaching safepoint: 211000 ns, At safepoint: 30500 ns, Total: 241500 ns
[2020-04-27T13:35:33.332+0000][1][safepoint    ] Safepoint "Cleanup", Time since last: 1000152000 ns, Reaching safepoint: 139400 ns, At safepoint: 26900 ns, Total: 166300 ns
[2020-04-27T13:35:34.332+0000][1][safepoint    ] Safepoint "Cleanup", Time since last: 1000193700 ns, Reaching safepoint: 163100 ns, At safepoint: 28300 ns, Total: 191400 ns
[2020-04-27T13:35:35.333+0000][1][safepoint    ] Safepoint "Cleanup", Time since last: 1000202500 ns, Reaching safepoint: 167600 ns, At safepoint: 44300 ns, Total: 211900 ns
[2020-04-27T13:35:36.333+0000][1][safepoint    ] Safepoint "Cleanup", Time since last: 1000113400 ns, Reaching safepoint: 139000 ns, At safepoint: 28500 ns, Total: 167500 ns
[2020-04-27T13:35:37.333+0000][1][safepoint    ] Safepoint "Cleanup", Time since last: 1000457500 ns, Reaching safepoint: 140800 ns, At safepoint: 30500 ns, Total: 171300 ns
[2020-04-27T13:35:38.334+0000][1][safepoint    ] Safepoint "Cleanup", Time since last: 1000485500 ns, Reaching safepoint: 146800 ns, At safepoint: 41000 ns, Total: 187800 ns
[2020-04-27T13:35:39.334+0000][1][safepoint    ] Safepoint "Cleanup", Time since last: 1000158700 ns, Reaching safepoint: 140400 ns, At safepoint: 32000 ns, Total: 172400 ns
[2020-04-27T13:35:40.335+0000][1][safepoint    ] Safepoint "Cleanup", Time since last: 1000268700 ns, Reaching safepoint: 139900 ns, At safepoint: 30200 ns, Total: 170100 ns
[2020-04-27T13:35:41.335+0000][1][safepoint    ] Safepoint "Cleanup", Time since last: 1000176100 ns, Reaching safepoint: 193100 ns, At safepoint: 28100 ns, Total: 221200 ns
[2020-04-27T13:35:42.336+0000][1][safepoint    ] Safepoint "Cleanup", Time since last: 1000162200 ns, Reaching safepoint: 132000 ns, At safepoint: 28300 ns, Total: 160300 ns
[2020-04-27T13:35:43.336+0000][1][safepoint    ] Safepoint "Cleanup", Time since last: 1000233500 ns, Reaching safepoint: 139900 ns, At safepoint: 29600 ns, Total: 169500 ns
[2020-04-27T13:35:44.337+0000][1][safepoint    ] Safepoint "Cleanup", Time since last: 1000260000 ns, Reaching safepoint: 188600 ns, At safepoint: 34000 ns, Total: 222600 ns
[2020-04-27T13:35:45.337+0000][1][safepoint    ] Safepoint "Cleanup", Time since last: 1000562600 ns, Reaching safepoint: 140000 ns, At safepoint: 30600 ns, Total: 170600 ns
[2020-04-27T13:35:46.338+0000][1][safepoint    ] Safepoint "Cleanup", Time since last: 1000318500 ns, Reaching safepoint: 146000 ns, At safepoint: 31200 ns, Total: 177200 ns
[2020-04-27T13:35:47.338+0000][1][safepoint    ] Safepoint "Cleanup", Time since last: 1000280200 ns, Reaching safepoint: 335400 ns, At safepoint: 84200 ns, Total: 419600 ns
[2020-04-27T13:35:48.339+0000][1][safepoint    ] Safepoint "Cleanup", Time since last: 1000149600 ns, Reaching safepoint: 139300 ns, At safepoint: 29100 ns, Total: 168400 ns
[2020-04-27T13:35:49.339+0000][1][safepoint    ] Safepoint "Cleanup", Time since last: 1000196300 ns, Reaching safepoint: 141400 ns, At safepoint: 28400 ns, Total: 169800 ns
[2020-04-27T13:35:50.340+0000][1][safepoint    ] Safepoint "Cleanup", Time since last: 1000259400 ns, Reaching safepoint: 160200 ns, At safepoint: 33400 ns, Total: 193600 ns
[2020-04-27T13:35:51.340+0000][1][safepoint    ] Safepoint "Cleanup", Time since last: 1000577500 ns, Reaching safepoint: 143700 ns, At safepoint: 45900 ns, Total: 189600 ns
[2020-04-27T13:35:52.341+0000][1][safepoint    ] Safepoint "Cleanup", Time since last: 1000474700 ns, Reaching safepoint: 150900 ns, At safepoint: 31900 ns, Total: 182800 ns
[2020-04-27T13:35:53.341+0000][1][safepoint    ] Safepoint "Cleanup", Time since last: 1000168200 ns, Reaching safepoint: 166200 ns, At safepoint: 33100 ns, Total: 199300 ns
[2020-04-27T13:35:54.342+0000][1][safepoint    ] Safepoint "Cleanup", Time since last: 1000474000 ns, Reaching safepoint: 153900 ns, At safepoint: 55500 ns, Total: 209400 ns
[2020-04-27T13:35:55.343+0000][1][safepoint    ] Safepoint "Cleanup", Time since last: 1000506400 ns, Reaching safepoint: 140400 ns, At safepoint: 30100 ns, Total: 170500 ns
[2020-04-27T13:35:56.344+0000][1][safepoint    ] Safepoint "Cleanup", Time since last: 1000666100 ns, Reaching safepoint: 147200 ns, At safepoint: 32700 ns, Total: 179900 ns
[2020-04-27T13:35:57.344+0000][1][safepoint    ] Safepoint "Cleanup", Time since last: 1000146200 ns, Reaching safepoint: 142900 ns, At safepoint: 26000 ns, Total: 168900 ns
[2020-04-27T13:35:58.345+0000][1][safepoint    ] Safepoint "Cleanup", Time since last: 1000474700 ns, Reaching safepoint: 148200 ns, At safepoint: 30200 ns, Total: 178400 ns
[2020-04-27T13:35:59.345+0000][1][safepoint    ] Safepoint "Cleanup", Time since last: 1000137800 ns, Reaching safepoint: 139700 ns, At safepoint: 28700 ns, Total: 168400 ns
[2020-04-27T13:36:00.345+0000][1][safepoint    ] Safepoint "Cleanup", Time since last: 1000145700 ns, Reaching safepoint: 185800 ns, At safepoint: 33600 ns, Total: 219400 ns
[2020-04-27T13:36:01.346+0000][1][safepoint    ] Safepoint "Cleanup", Time since last: 1000317400 ns, Reaching safepoint: 561400 ns, At safepoint: 132600 ns, Total: 694000 ns
[2020-04-27T13:36:02.347+0000][1][safepoint    ] Safepoint "Cleanup", Time since last: 1000309100 ns, Reaching safepoint: 255000 ns, At safepoint: 65400 ns, Total: 320400 ns
[2020-04-27T13:36:03.348+0000][1][safepoint    ] Safepoint "Cleanup", Time since last: 1000342000 ns, Reaching safepoint: 548700 ns, At safepoint: 151000 ns, Total: 699700 ns
[2020-04-27T13:36:04.348+0000][1][safepoint    ] Safepoint "Cleanup", Time since last: 1000307800 ns, Reaching safepoint: 194700 ns, At safepoint: 63900 ns, Total: 258600 ns
[2020-04-27T13:36:05.349+0000][1][safepoint    ] Safepoint "Cleanup", Time since last: 1000197300 ns, Reaching safepoint: 162600 ns, At safepoint: 31100 ns, Total: 193700 ns
[2020-04-27T13:36:06.350+0000][1][safepoint    ] Safepoint "Cleanup", Time since last: 1000451300 ns, Reaching safepoint: 483800 ns, At safepoint: 202600 ns, Total: 686400 ns
[2020-04-27T13:36:07.351+0000][1][safepoint    ] Safepoint "Cleanup", Time since last: 1000658400 ns, Reaching safepoint: 180600 ns, At safepoint: 59500 ns, Total: 240100 ns
[2020-04-27T13:36:08.352+0000][1][safepoint    ] Safepoint "Cleanup", Time since last: 1000619700 ns, Reaching safepoint: 529600 ns, At safepoint: 140900 ns, Total: 670500 ns
[2020-04-27T13:36:09.353+0000][1][safepoint    ] Safepoint "Cleanup", Time since last: 1000505500 ns, Reaching safepoint: 201700 ns, At safepoint: 48200 ns, Total: 249900 ns
[2020-04-27T13:36:10.354+0000][1][safepoint    ] Safepoint "Cleanup", Time since last: 1000462200 ns, Reaching safepoint: 514000 ns, At safepoint: 174600 ns, Total: 688600 ns
[2020-04-27T13:36:11.355+0000][1][safepoint    ] Safepoint "Cleanup", Time since last: 1000331400 ns, Reaching safepoint: 475200 ns, At safepoint: 176000 ns, Total: 651200 ns
[2020-04-27T13:36:12.356+0000][1][safepoint    ] Safepoint "Cleanup", Time since last: 1000678900 ns, Reaching safepoint: 148700 ns, At safepoint: 32900 ns, Total: 181600 ns
[2020-04-27T13:36:13.357+0000][1][safepoint    ] Safepoint "Cleanup", Time since last: 1000669300 ns, Reaching safepoint: 496600 ns, At safepoint: 140500 ns, Total: 637100 ns
[2020-04-27T13:36:14.359+0000][1][safepoint    ] Safepoint "Cleanup", Time since last: 1000800300 ns, Reaching safepoint: 578600 ns, At safepoint: 138100 ns, Total: 716700 ns
[2020-04-27T13:36:15.359+0000][1][safepoint    ] Safepoint "Cleanup", Time since last: 1000222100 ns, Reaching safepoint: 148900 ns, At safepoint: 28200 ns, Total: 177100 ns
[2020-04-27T13:36:16.360+0000][1][safepoint    ] Safepoint "Cleanup", Time since last: 1000524600 ns, Reaching safepoint: 497300 ns, At safepoint: 169600 ns, Total: 666900 ns
[2020-04-27T13:36:17.361+0000][1][safepoint    ] Safepoint "Cleanup", Time since last: 1000674800 ns, Reaching safepoint: 259400 ns, At safepoint: 45800 ns, Total: 305200 ns
[2020-04-27T13:36:18.362+0000][1][safepoint    ] Safepoint "Cleanup", Time since last: 1000231000 ns, Reaching safepoint: 157900 ns, At safepoint: 42000 ns, Total: 199900 ns
[2020-04-27T13:36:19.363+0000][1][safepoint    ] Safepoint "Cleanup", Time since last: 1000616600 ns, Reaching safepoint: 149300 ns, At safepoint: 33200 ns, Total: 182500 ns
[2020-04-27T13:36:20.210+0000][1][safepoint    ] Safepoint "RevokeBias", Time since last: 847395100 ns, Reaching safepoint: 213100 ns, At safepoint: 49500 ns, Total: 262600 ns
[2020-04-27T13:36:20.215+0000][1][safepoint    ] Safepoint "RevokeBias", Time since last: 5000900 ns, Reaching safepoint: 172000 ns, At safepoint: 46100 ns, Total: 218100 ns
[2020-04-27T13:36:20.221+0000][1][safepoint    ] Safepoint "RevokeBias", Time since last: 5338400 ns, Reaching safepoint: 154500 ns, At safepoint: 69700 ns, Total: 224200 ns
[2020-04-27T13:36:20.221+0000][1][safepoint    ] Safepoint "RevokeBias", Time since last: 101000 ns, Reaching safepoint: 213600 ns, At safepoint: 68100 ns, Total: 281700 ns
[2020-04-27T13:36:20.222+0000][1][safepoint    ] Safepoint "RevokeBias", Time since last: 134100 ns, Reaching safepoint: 190200 ns, At safepoint: 43400 ns, Total: 233600 ns
[2020-04-27T13:36:20.222+0000][1][safepoint    ] Safepoint "RevokeBias", Time since last: 153500 ns, Reaching safepoint: 87900 ns, At safepoint: 74200 ns, Total: 162100 ns
[2020-04-27T13:36:20.222+0000][1][safepoint    ] Safepoint "RevokeBias", Time since last: 215800 ns, Reaching safepoint: 173900 ns, At safepoint: 49400 ns, Total: 223300 ns
[2020-04-27T13:36:20.223+0000][1][safepoint    ] Safepoint "RevokeBias", Time since last: 294600 ns, Reaching safepoint: 85700 ns, At safepoint: 61100 ns, Total: 146800 ns
[2020-04-27T13:36:20.307+0000][1][safepoint    ] Safepoint "RevokeBias", Time since last: 83268100 ns, Reaching safepoint: 405200 ns, At safepoint: 72300 ns, Total: 477500 ns
[2020-04-27T13:36:20.308+0000][1][safepoint    ] Safepoint "RevokeBias", Time since last: 863400 ns, Reaching safepoint: 277700 ns, At safepoint: 83800 ns, Total: 361500 ns
[2020-04-27T13:36:20.312+0000][1][safepoint    ] Safepoint "RevokeBias", Time since last: 3523100 ns, Reaching safepoint: 182900 ns, At safepoint: 45600 ns, Total: 228500 ns
[2020-04-27T13:36:20.313+0000][1][safepoint    ] Safepoint "RevokeBias", Time since last: 463100 ns, Reaching safepoint: 308900 ns, At safepoint: 79000 ns, Total: 387900 ns
[2020-04-27T13:36:21.313+0000][1][safepoint    ] Safepoint "Cleanup", Time since last: 1000547000 ns, Reaching safepoint: 201200 ns, At safepoint: 58900 ns, Total: 260100 ns
[2020-04-27T13:36:22.314+0000][1][safepoint    ] Safepoint "Cleanup", Time since last: 1000233300 ns, Reaching safepoint: 301400 ns, At safepoint: 69700 ns, Total: 371100 ns
[2020-04-27T13:36:23.314+0000][1][safepoint    ] Safepoint "Cleanup", Time since last: 1000185900 ns, Reaching safepoint: 221800 ns, At safepoint: 53200 ns, Total: 275000 ns
[2020-04-27T13:36:24.315+0000][1][safepoint    ] Safepoint "Cleanup", Time since last: 1000515000 ns, Reaching safepoint: 156800 ns, At safepoint: 33800 ns, Total: 190600 ns
[2020-04-27T13:36:25.316+0000][1][safepoint    ] Safepoint "Cleanup", Time since last: 1000574300 ns, Reaching safepoint: 187500 ns, At safepoint: 42400 ns, Total: 229900 ns
[2020-04-27T13:36:26.317+0000][1][safepoint    ] Safepoint "Cleanup", Time since last: 1000219700 ns, Reaching safepoint: 360600 ns, At safepoint: 88500 ns, Total: 449100 ns
[2020-04-27T13:36:27.317+0000][1][safepoint    ] Safepoint "Cleanup", Time since last: 1000153500 ns, Reaching safepoint: 147700 ns, At safepoint: 27400 ns, Total: 175100 ns
[2020-04-27T13:36:28.317+0000][1][safepoint    ] Safepoint "Cleanup", Time since last: 1000184400 ns, Reaching safepoint: 237400 ns, At safepoint: 70400 ns, Total: 307800 ns
[2020-04-27T13:36:29.318+0000][1][safepoint    ] Safepoint "Cleanup", Time since last: 1000170800 ns, Reaching safepoint: 174800 ns, At safepoint: 29000 ns, Total: 203800 ns
[2020-04-27T13:36:32.319+0000][1][safepoint    ] Safepoint "Cleanup", Time since last: 3001057900 ns, Reaching safepoint: 153900 ns, At safepoint: 32100 ns, Total: 186000 ns
[2020-04-27T13:36:33.319+0000][1][safepoint    ] Safepoint "Cleanup", Time since last: 1000125200 ns, Reaching safepoint: 143600 ns, At safepoint: 27700 ns, Total: 171300 ns
[2020-04-27T13:36:34.092+0000][1][safepoint    ] Safepoint "RevokeBias", Time since last: 771990300 ns, Reaching safepoint: 334400 ns, At safepoint: 72300 ns, Total: 406700 ns
[2020-04-27T13:36:34.092+0000][1][safepoint    ] Safepoint "RevokeBias", Time since last: 283400 ns, Reaching safepoint: 147600 ns, At safepoint: 67000 ns, Total: 214600 ns
[2020-04-27T13:36:35.093+0000][1][safepoint    ] Safepoint "Cleanup", Time since last: 1000560300 ns, Reaching safepoint: 168500 ns, At safepoint: 86600 ns, Total: 255100 ns
[2020-04-27T13:36:38.095+0000][1][safepoint    ] Safepoint "Cleanup", Time since last: 3001394000 ns, Reaching safepoint: 611500 ns, At safepoint: 337000 ns, Total: 948500 ns
[2020-04-27T13:36:41.097+0000][1][safepoint    ] Safepoint "Cleanup", Time since last: 3000748900 ns, Reaching safepoint: 766700 ns, At safepoint: 535800 ns, Total: 1302500 ns
[2020-04-27T13:36:42.098+0000][1][safepoint    ] Safepoint "Cleanup", Time since last: 1000417400 ns, Reaching safepoint: 278300 ns, At safepoint: 81900 ns, Total: 360200 ns
[2020-04-27T13:36:44.099+0000][1][safepoint    ] Safepoint "Cleanup", Time since last: 2000328400 ns, Reaching safepoint: 247400 ns, At safepoint: 27000 ns, Total: 274400 ns
[2020-04-27T13:36:45.099+0000][1][safepoint    ] Safepoint "Cleanup", Time since last: 1000106200 ns, Reaching safepoint: 157700 ns, At safepoint: 28800 ns, Total: 186500 ns
[2020-04-27T13:36:47.100+0000][1][safepoint    ] Safepoint "Cleanup", Time since last: 2000244600 ns, Reaching safepoint: 218900 ns, At safepoint: 38900 ns, Total: 257800 ns
[2020-04-27T13:36:49.100+0000][1][safepoint    ] Safepoint "Cleanup", Time since last: 2000215300 ns, Reaching safepoint: 172300 ns, At safepoint: 35700 ns, Total: 208000 ns
[2020-04-27T13:36:50.100+0000][1][safepoint    ] Safepoint "Cleanup", Time since last: 1000148700 ns, Reaching safepoint: 148300 ns, At safepoint: 39900 ns, Total: 188200 ns
[2020-04-27T13:36:51.101+0000][1][safepoint    ] Safepoint "Cleanup", Time since last: 1000124600 ns, Reaching safepoint: 160700 ns, At safepoint: 31300 ns, Total: 192000 ns
[2020-04-27T13:36:52.101+0000][1][safepoint    ] Safepoint "Cleanup", Time since last: 1000157700 ns, Reaching safepoint: 151100 ns, At safepoint: 33100 ns, Total: 184200 ns
[2020-04-27T13:36:53.101+0000][1][safepoint    ] Safepoint "Cleanup", Time since last: 1000122500 ns, Reaching safepoint: 150200 ns, At safepoint: 30600 ns, Total: 180800 ns
[2020-04-27T13:36:57.102+0000][1][safepoint    ] Safepoint "Cleanup", Time since last: 4000595700 ns, Reaching safepoint: 166000 ns, At safepoint: 25800 ns, Total: 191800 ns
[2020-04-27T13:36:59.103+0000][1][safepoint    ] Safepoint "Cleanup", Time since last: 2000318400 ns, Reaching safepoint: 162700 ns, At safepoint: 30800 ns, Total: 193500 ns
[2020-04-27T13:37:00.103+0000][1][safepoint    ] Safepoint "Cleanup", Time since last: 1000182100 ns, Reaching safepoint: 170600 ns, At safepoint: 35100 ns, Total: 205700 ns
[2020-04-27T13:37:02.104+0000][1][safepoint    ] Safepoint "Cleanup", Time since last: 2000338200 ns, Reaching safepoint: 168300 ns, At safepoint: 33100 ns, Total: 201400 ns
[2020-04-27T13:37:03.104+0000][1][safepoint    ] Safepoint "Cleanup", Time since last: 1000212600 ns, Reaching safepoint: 389000 ns, At safepoint: 67200 ns, Total: 456200 ns
[2020-04-27T13:37:05.105+0000][1][safepoint    ] Safepoint "Cleanup", Time since last: 2000611300 ns, Reaching safepoint: 285300 ns, At safepoint: 94900 ns, Total: 380200 ns
[2020-04-27T13:37:07.106+0000][1][safepoint    ] Safepoint "Cleanup", Time since last: 2000278300 ns, Reaching safepoint: 228200 ns, At safepoint: 36500 ns, Total: 264700 ns
[2020-04-27T13:37:08.106+0000][1][safepoint    ] Safepoint "Cleanup", Time since last: 1000127500 ns, Reaching safepoint: 155700 ns, At safepoint: 32500 ns, Total: 188200 ns
[2020-04-27T13:37:11.107+0000][1][safepoint    ] Safepoint "Cleanup", Time since last: 3000436300 ns, Reaching safepoint: 152300 ns, At safepoint: 32700 ns, Total: 185000 ns
[2020-04-27T13:37:14.108+0000][1][safepoint    ] Safepoint "Cleanup", Time since last: 3000682500 ns, Reaching safepoint: 137800 ns, At safepoint: 27000 ns, Total: 164800 ns
[2020-04-27T13:37:15.108+0000][1][safepoint    ] Safepoint "Cleanup", Time since last: 1000125800 ns, Reaching safepoint: 150000 ns, At safepoint: 33000 ns, Total: 183000 ns
[2020-04-27T13:37:18.108+0000][1][safepoint    ] Safepoint "Cleanup", Time since last: 3000367500 ns, Reaching safepoint: 158100 ns, At safepoint: 31300 ns, Total: 189400 ns
[2020-04-27T13:37:20.109+0000][1][safepoint    ] Safepoint "Cleanup", Time since last: 2000194200 ns, Reaching safepoint: 178100 ns, At safepoint: 51700 ns, Total: 229800 ns
[2020-04-27T13:37:20.862+0000][1][safepoint    ] Safepoint "RevokeBias", Time since last: 752905900 ns, Reaching safepoint: 228500 ns, At safepoint: 110600 ns, Total: 339100 ns
[2020-04-27T13:37:20.863+0000][1][safepoint    ] Safepoint "RevokeBias", Time since last: 276100 ns, Reaching safepoint: 215500 ns, At safepoint: 108800 ns, Total: 324300 ns
[2020-04-27T13:37:20.863+0000][1][safepoint    ] Safepoint "RevokeBias", Time since last: 152900 ns, Reaching safepoint: 106500 ns, At safepoint: 122900 ns, Total: 229400 ns
[2020-04-27T13:37:20.871+0000][1][safepoint    ] Safepoint "RevokeBias", Time since last: 7820300 ns, Reaching safepoint: 261100 ns, At safepoint: 72400 ns, Total: 333500 ns
[2020-04-27T13:37:20.872+0000][1][safepoint    ] Safepoint "RevokeBias", Time since last: 254500 ns, Reaching safepoint: 232900 ns, At safepoint: 70500 ns, Total: 303400 ns
[2020-04-27T13:37:20.872+0000][1][safepoint    ] Safepoint "RevokeBias", Time since last: 177100 ns, Reaching safepoint: 188000 ns, At safepoint: 62700 ns, Total: 250700 ns
[2020-04-27T13:37:21.873+0000][1][safepoint    ] Safepoint "Cleanup", Time since last: 1000175200 ns, Reaching safepoint: 174900 ns, At safepoint: 32800 ns, Total: 207700 ns
[2020-04-27T13:37:22.873+0000][1][safepoint    ] Safepoint "Cleanup", Time since last: 1000113800 ns, Reaching safepoint: 151100 ns, At safepoint: 28800 ns, Total: 179900 ns
[2020-04-27T13:37:23.873+0000][1][safepoint    ] Safepoint "Cleanup", Time since last: 1000136800 ns, Reaching safepoint: 155100 ns, At safepoint: 33000 ns, Total: 188100 ns
[2020-04-27T13:37:26.874+0000][1][safepoint    ] Safepoint "Cleanup", Time since last: 3000374700 ns, Reaching safepoint: 152600 ns, At safepoint: 29000 ns, Total: 181600 ns
[2020-04-27T13:37:29.874+0000][1][safepoint    ] Safepoint "Cleanup", Time since last: 3000443400 ns, Reaching safepoint: 158800 ns, At safepoint: 30500 ns, Total: 189300 ns
[2020-04-27T13:37:30.130+0000][1][safepoint    ] Safepoint "RevokeBias", Time since last: 255641900 ns, Reaching safepoint: 148000 ns, At safepoint: 56800 ns, Total: 204800 ns
[2020-04-27T13:37:30.131+0000][1][safepoint    ] Safepoint "RevokeBias", Time since last: 1049300 ns, Reaching safepoint: 131100 ns, At safepoint: 70200 ns, Total: 201300 ns
[2020-04-27T13:37:30.132+0000][1][safepoint    ] Safepoint "RevokeBias", Time since last: 206100 ns, Reaching safepoint: 92400 ns, At safepoint: 75600 ns, Total: 168000 ns
[2020-04-27T13:37:30.132+0000][1][safepoint    ] Safepoint "RevokeBias", Time since last: 230600 ns, Reaching safepoint: 109800 ns, At safepoint: 41500 ns, Total: 151300 ns
[2020-04-27T13:37:30.133+0000][1][safepoint    ] Safepoint "RevokeBias", Time since last: 132200 ns, Reaching safepoint: 156700 ns, At safepoint: 44600 ns, Total: 201300 ns
[2020-04-27T13:37:30.136+0000][1][safepoint    ] Safepoint "RevokeBias", Time since last: 3459600 ns, Reaching safepoint: 179200 ns, At safepoint: 41700 ns, Total: 220900 ns
[2020-04-27T13:37:30.137+0000][1][safepoint    ] Safepoint "RevokeBias", Time since last: 210700 ns, Reaching safepoint: 109800 ns, At safepoint: 34800 ns, Total: 144600 ns
[2020-04-27T13:37:30.138+0000][1][safepoint    ] Safepoint "RevokeBias", Time since last: 1429800 ns, Reaching safepoint: 130900 ns, At safepoint: 52400 ns, Total: 183300 ns
[2020-04-27T13:37:30.139+0000][1][safepoint    ] Safepoint "RevokeBias", Time since last: 812600 ns, Reaching safepoint: 144300 ns, At safepoint: 37800 ns, Total: 182100 ns
[2020-04-27T13:37:30.139+0000][1][safepoint    ] Safepoint "RevokeBias", Time since last: 94500 ns, Reaching safepoint: 96300 ns, At safepoint: 44300 ns, Total: 140600 ns
[2020-04-27T13:37:30.140+0000][1][safepoint    ] Safepoint "RevokeBias", Time since last: 113500 ns, Reaching safepoint: 82300 ns, At safepoint: 32300 ns, Total: 114600 ns
[2020-04-27T13:37:30.140+0000][1][safepoint    ] Safepoint "RevokeBias", Time since last: 98400 ns, Reaching safepoint: 82700 ns, At safepoint: 31200 ns, Total: 113900 ns
[2020-04-27T13:37:30.140+0000][1][safepoint    ] Safepoint "RevokeBias", Time since last: 95700 ns, Reaching safepoint: 82800 ns, At safepoint: 30600 ns, Total: 113400 ns
[2020-04-27T13:37:30.141+0000][1][safepoint    ] Safepoint "BulkRevokeBias", Time since last: 121700 ns, Reaching safepoint: 75200 ns, At safepoint: 718400 ns, Total: 793600 ns
[2020-04-27T13:37:30.142+0000][1][safepoint    ] Safepoint "RevokeBias", Time since last: 678900 ns, Reaching safepoint: 100500 ns, At safepoint: 50400 ns, Total: 150900 ns
[2020-04-27T13:37:30.142+0000][1][safepoint    ] Safepoint "RevokeBias", Time since last: 203800 ns, Reaching safepoint: 168500 ns, At safepoint: 60100 ns, Total: 228600 ns
[2020-04-27T13:37:30.144+0000][1][safepoint    ] Safepoint "BulkRevokeBias", Time since last: 764200 ns, Reaching safepoint: 108700 ns, At safepoint: 768400 ns, Total: 877100 ns
[2020-04-27T13:37:30.144+0000][1][safepoint    ] Safepoint "RevokeBias", Time since last: 361100 ns, Reaching safepoint: 108000 ns, At safepoint: 38300 ns, Total: 146300 ns
[2020-04-27T13:37:31.145+0000][1][safepoint    ] Safepoint "Cleanup", Time since last: 1000219700 ns, Reaching safepoint: 293800 ns, At safepoint: 65200 ns, Total: 359000 ns
[2020-04-27T13:37:32.146+0000][1][safepoint    ] Safepoint "Cleanup", Time since last: 1000269500 ns, Reaching safepoint: 201400 ns, At safepoint: 59300 ns, Total: 260700 ns
[2020-04-27T13:37:35.146+0000][1][safepoint    ] Safepoint "Cleanup", Time since last: 3000495700 ns, Reaching safepoint: 360400 ns, At safepoint: 72000 ns, Total: 432400 ns
[2020-04-27T13:37:37.147+0000][1][safepoint    ] Safepoint "Cleanup", Time since last: 2000441800 ns, Reaching safepoint: 441000 ns, At safepoint: 60000 ns, Total: 501000 ns
[2020-04-27T13:37:39.113+0000][1][gc,start     ] GC(21) Pause Young (Allocation Failure)
[2020-04-27T13:37:39.113+0000][1][gc,task      ] GC(21) Using 10 workers of 10 for evacuation
[2020-04-27T13:37:39.118+0000][1][gc,age       ] GC(21) Desired survivor size 8945664 bytes, new threshold 6 (max threshold 6)
[2020-04-27T13:37:39.118+0000][1][gc,age       ] GC(21) Age table with threshold 6 (max threshold 6)
[2020-04-27T13:37:39.118+0000][1][gc,age       ] GC(21) - age   1:     755304 bytes,     755304 total
[2020-04-27T13:37:39.118+0000][1][gc,age       ] GC(21) - age   2:    1174464 bytes,    1929768 total
[2020-04-27T13:37:39.118+0000][1][gc,age       ] GC(21) - age   3:    1340416 bytes,    3270184 total
[2020-04-27T13:37:39.118+0000][1][gc,age       ] GC(21) - age   4:    4019224 bytes,    7289408 total
[2020-04-27T13:37:39.118+0000][1][gc,heap      ] GC(21) ParNew: 148624K->10639K(157248K)
[2020-04-27T13:37:39.118+0000][1][gc,heap      ] GC(21) CMS: 82762K->82762K(349568K)
[2020-04-27T13:37:39.118+0000][1][gc,metaspace ] GC(21) Metaspace: 94795K->94795K(1136640K)
[2020-04-27T13:37:39.118+0000][1][gc           ] GC(21) Pause Young (Allocation Failure) 225M->91M(494M) 4.461ms
[2020-04-27T13:37:39.118+0000][1][gc,cpu       ] GC(21) User=0.03s Sys=0.00s Real=0.00s
[2020-04-27T13:37:39.118+0000][1][safepoint    ] Safepoint "GenCollectForAllocation", Time since last: 1965662400 ns, Reaching safepoint: 214100 ns, At safepoint: 4565300 ns, Total: 4779400 ns
[2020-04-27T13:37:41.118+0000][1][safepoint    ] Safepoint "Cleanup", Time since last: 2000368900 ns, Reaching safepoint: 147300 ns, At safepoint: 30200 ns, Total: 177500 ns
[2020-04-27T13:37:42.119+0000][1][safepoint    ] Safepoint "Cleanup", Time since last: 1000207100 ns, Reaching safepoint: 266300 ns, At safepoint: 75400 ns, Total: 341700 ns
[2020-04-27T13:37:42.329+0000][1][safepoint    ] Safepoint "RevokeBias", Time since last: 209520900 ns, Reaching safepoint: 190100 ns, At safepoint: 66600 ns, Total: 256700 ns
[2020-04-27T13:37:42.329+0000][1][safepoint    ] Safepoint "RevokeBias", Time since last: 163100 ns, Reaching safepoint: 104200 ns, At safepoint: 58800 ns, Total: 163000 ns
[2020-04-27T13:37:42.329+0000][1][safepoint    ] Safepoint "RevokeBias", Time since last: 215700 ns, Reaching safepoint: 91300 ns, At safepoint: 46500 ns, Total: 137800 ns
[2020-04-27T13:37:42.330+0000][1][safepoint    ] Safepoint "RevokeBias", Time since last: 165500 ns, Reaching safepoint: 193200 ns, At safepoint: 93700 ns, Total: 286900 ns
[2020-04-27T13:37:42.330+0000][1][safepoint    ] Safepoint "RevokeBias", Time since last: 126900 ns, Reaching safepoint: 90700 ns, At safepoint: 44900 ns, Total: 135600 ns
[2020-04-27T13:37:42.330+0000][1][safepoint    ] Safepoint "RevokeBias", Time since last: 158900 ns, Reaching safepoint: 128300 ns, At safepoint: 39900 ns, Total: 168200 ns
[2020-04-27T13:37:42.331+0000][1][safepoint    ] Safepoint "RevokeBias", Time since last: 147700 ns, Reaching safepoint: 73600 ns, At safepoint: 29500 ns, Total: 103100 ns
[2020-04-27T13:37:42.331+0000][1][safepoint    ] Safepoint "RevokeBias", Time since last: 104400 ns, Reaching safepoint: 87600 ns, At safepoint: 28600 ns, Total: 116200 ns
[2020-04-27T13:37:42.331+0000][1][safepoint    ] Safepoint "RevokeBias", Time since last: 101700 ns, Reaching safepoint: 87000 ns, At safepoint: 28600 ns, Total: 115600 ns
[2020-04-27T13:37:42.331+0000][1][safepoint    ] Safepoint "RevokeBias", Time since last: 112300 ns, Reaching safepoint: 98100 ns, At safepoint: 33400 ns, Total: 131500 ns
[2020-04-27T13:37:42.332+0000][1][safepoint    ] Safepoint "RevokeBias", Time since last: 173200 ns, Reaching safepoint: 75000 ns, At safepoint: 33200 ns, Total: 108200 ns
[2020-04-27T13:37:43.332+0000][1][safepoint    ] Safepoint "Cleanup", Time since last: 1000118200 ns, Reaching safepoint: 188400 ns, At safepoint: 33600 ns, Total: 222000 ns
[2020-04-27T13:37:44.332+0000][1][safepoint    ] Safepoint "Cleanup", Time since last: 1000140600 ns, Reaching safepoint: 227500 ns, At safepoint: 40200 ns, Total: 267700 ns
[2020-04-27T13:37:47.334+0000][1][safepoint    ] Safepoint "Cleanup", Time since last: 3000486000 ns, Reaching safepoint: 637300 ns, At safepoint: 138300 ns, Total: 775600 ns
[2020-04-27T13:37:50.334+0000][1][safepoint    ] Safepoint "Cleanup", Time since last: 3000383100 ns, Reaching safepoint: 173700 ns, At safepoint: 33400 ns, Total: 207100 ns
[2020-04-27T13:37:53.335+0000][1][safepoint    ] Safepoint "Cleanup", Time since last: 3000367400 ns, Reaching safepoint: 171600 ns, At safepoint: 39100 ns, Total: 210700 ns
[2020-04-27T13:37:54.335+0000][1][safepoint    ] Safepoint "Cleanup", Time since last: 1000128500 ns, Reaching safepoint: 167500 ns, At safepoint: 37900 ns, Total: 205400 ns
[2020-04-27T13:37:56.336+0000][1][safepoint    ] Safepoint "Cleanup", Time since last: 2000337600 ns, Reaching safepoint: 165800 ns, At safepoint: 31000 ns, Total: 196800 ns
[2020-04-27T13:37:59.336+0000][1][safepoint    ] Safepoint "Cleanup", Time since last: 3000396200 ns, Reaching safepoint: 150500 ns, At safepoint: 29400 ns, Total: 179900 ns
[2020-04-27T13:38:08.338+0000][1][safepoint    ] Safepoint "Cleanup", Time since last: 9001293700 ns, Reaching safepoint: 288000 ns, At safepoint: 56800 ns, Total: 344800 ns
[2020-04-27T13:38:09.338+0000][1][safepoint    ] Safepoint "Cleanup", Time since last: 1000166000 ns, Reaching safepoint: 201100 ns, At safepoint: 42400 ns, Total: 243500 ns
[2020-04-27T13:38:11.340+0000][1][safepoint    ] Safepoint "Cleanup", Time since last: 2000684000 ns, Reaching safepoint: 934500 ns, At safepoint: 222400 ns, Total: 1156900 ns
[2020-04-27T13:38:12.341+0000][1][safepoint    ] Safepoint "Cleanup", Time since last: 1000289100 ns, Reaching safepoint: 256100 ns, At safepoint: 36400 ns, Total: 292500 ns
[2020-04-27T13:38:14.341+0000][1][safepoint    ] Safepoint "Cleanup", Time since last: 2000279000 ns, Reaching safepoint: 169200 ns, At safepoint: 31000 ns, Total: 200200 ns
[2020-04-27T13:38:17.342+0000][1][safepoint    ] Safepoint "Cleanup", Time since last: 3000397900 ns, Reaching safepoint: 163400 ns, At safepoint: 32300 ns, Total: 195700 ns
[2020-04-27T13:38:19.342+0000][1][safepoint    ] Safepoint "Cleanup", Time since last: 2000282100 ns, Reaching safepoint: 183400 ns, At safepoint: 33500 ns, Total: 216900 ns
[2020-04-27T13:38:20.343+0000][1][safepoint    ] Safepoint "Cleanup", Time since last: 1000189900 ns, Reaching safepoint: 152100 ns, At safepoint: 32400 ns, Total: 184500 ns
[2020-04-27T13:38:22.343+0000][1][safepoint    ] Safepoint "Cleanup", Time since last: 2000234500 ns, Reaching safepoint: 141500 ns, At safepoint: 82200 ns, Total: 223700 ns
[2020-04-27T13:38:22.903+0000][1][safepoint    ] Safepoint "BulkRevokeBias", Time since last: 558587600 ns, Reaching safepoint: 150300 ns, At safepoint: 650500 ns, Total: 800800 ns
[2020-04-27T13:38:22.903+0000][1][safepoint    ] Safepoint "RevokeBias", Time since last: 436900 ns, Reaching safepoint: 234000 ns, At safepoint: 95400 ns, Total: 329400 ns
[2020-04-27T13:38:22.913+0000][1][safepoint    ] Safepoint "RevokeBias", Time since last: 9383600 ns, Reaching safepoint: 201800 ns, At safepoint: 97400 ns, Total: 299200 ns
[2020-04-27T13:38:22.914+0000][1][safepoint    ] Safepoint "RevokeBias", Time since last: 429500 ns, Reaching safepoint: 331900 ns, At safepoint: 114800 ns, Total: 446700 ns
[2020-04-27T13:38:23.914+0000][1][safepoint    ] Safepoint "Cleanup", Time since last: 1000197100 ns, Reaching safepoint: 163800 ns, At safepoint: 43700 ns, Total: 207500 ns
[2020-04-27T13:38:24.915+0000][1][safepoint    ] Safepoint "Cleanup", Time since last: 1000163300 ns, Reaching safepoint: 146800 ns, At safepoint: 28700 ns, Total: 175500 ns
[2020-04-27T13:38:25.915+0000][1][safepoint    ] Safepoint "Cleanup", Time since last: 1000223000 ns, Reaching safepoint: 172800 ns, At safepoint: 35900 ns, Total: 208700 ns
[2020-04-27T13:38:26.915+0000][1][safepoint    ] Safepoint "Cleanup", Time since last: 1000208500 ns, Reaching safepoint: 166400 ns, At safepoint: 33400 ns, Total: 199800 ns
[2020-04-27T13:38:27.916+0000][1][safepoint    ] Safepoint "Cleanup", Time since last: 1000175600 ns, Reaching safepoint: 146100 ns, At safepoint: 31600 ns, Total: 177700 ns
[2020-04-27T13:38:28.916+0000][1][safepoint    ] Safepoint "Cleanup", Time since last: 1000136400 ns, Reaching safepoint: 223100 ns, At safepoint: 52000 ns, Total: 275100 ns
[2020-04-27T13:38:29.917+0000][1][safepoint    ] Safepoint "Cleanup", Time since last: 1000226600 ns, Reaching safepoint: 388800 ns, At safepoint: 99700 ns, Total: 488500 ns
[2020-04-27T13:38:30.917+0000][1][safepoint    ] Safepoint "Cleanup", Time since last: 1000182400 ns, Reaching safepoint: 165000 ns, At safepoint: 31900 ns, Total: 196900 ns
[2020-04-27T13:38:31.918+0000][1][safepoint    ] Safepoint "Cleanup", Time since last: 1000152000 ns, Reaching safepoint: 146400 ns, At safepoint: 35100 ns, Total: 181500 ns
[2020-04-27T13:38:32.918+0000][1][safepoint    ] Safepoint "Cleanup", Time since last: 1000125900 ns, Reaching safepoint: 153700 ns, At safepoint: 32900 ns, Total: 186600 ns
[2020-04-27T13:38:33.918+0000][1][safepoint    ] Safepoint "Cleanup", Time since last: 1000147600 ns, Reaching safepoint: 166500 ns, At safepoint: 32700 ns, Total: 199200 ns
[2020-04-27T13:38:34.919+0000][1][safepoint    ] Safepoint "Cleanup", Time since last: 1000160200 ns, Reaching safepoint: 216000 ns, At safepoint: 37700 ns, Total: 253700 ns
[2020-04-27T13:38:35.919+0000][1][safepoint    ] Safepoint "Cleanup", Time since last: 1000214300 ns, Reaching safepoint: 144900 ns, At safepoint: 31400 ns, Total: 176300 ns
[2020-04-27T13:38:36.921+0000][1][safepoint    ] Safepoint "Cleanup", Time since last: 1000606100 ns, Reaching safepoint: 695700 ns, At safepoint: 250700 ns, Total: 946400 ns
[2020-04-27T13:38:37.921+0000][1][safepoint    ] Safepoint "Cleanup", Time since last: 1000482800 ns, Reaching safepoint: 229000 ns, At safepoint: 79100 ns, Total: 308100 ns
[2020-04-27T13:38:38.922+0000][1][safepoint    ] Safepoint "Cleanup", Time since last: 1000189100 ns, Reaching safepoint: 144800 ns, At safepoint: 29600 ns, Total: 174400 ns
[2020-04-27T13:38:39.922+0000][1][safepoint    ] Safepoint "Cleanup", Time since last: 1000151900 ns, Reaching safepoint: 150200 ns, At safepoint: 34000 ns, Total: 184200 ns
[2020-04-27T13:38:40.922+0000][1][safepoint    ] Safepoint "Cleanup", Time since last: 1000154300 ns, Reaching safepoint: 186600 ns, At safepoint: 38700 ns, Total: 225300 ns
[2020-04-27T13:38:41.923+0000][1][safepoint    ] Safepoint "Cleanup", Time since last: 1000598500 ns, Reaching safepoint: 152900 ns, At safepoint: 36000 ns, Total: 188900 ns
[2020-04-27T13:38:42.924+0000][1][safepoint    ] Safepoint "Cleanup", Time since last: 1000277200 ns, Reaching safepoint: 471100 ns, At safepoint: 96000 ns, Total: 567100 ns
[2020-04-27T13:38:43.925+0000][1][safepoint    ] Safepoint "Cleanup", Time since last: 1000291100 ns, Reaching safepoint: 146800 ns, At safepoint: 31300 ns, Total: 178100 ns
[2020-04-27T13:38:44.925+0000][1][safepoint    ] Safepoint "Cleanup", Time since last: 1000166900 ns, Reaching safepoint: 143900 ns, At safepoint: 28200 ns, Total: 172100 ns
[2020-04-27T13:38:45.926+0000][1][safepoint    ] Safepoint "Cleanup", Time since last: 1000531100 ns, Reaching safepoint: 144500 ns, At safepoint: 31700 ns, Total: 176200 ns
[2020-04-27T13:38:46.927+0000][1][safepoint    ] Safepoint "Cleanup", Time since last: 1000341200 ns, Reaching safepoint: 603400 ns, At safepoint: 192100 ns, Total: 795500 ns
[2020-04-27T13:38:47.928+0000][1][safepoint    ] Safepoint "Cleanup", Time since last: 1000501000 ns, Reaching safepoint: 497700 ns, At safepoint: 134800 ns, Total: 632500 ns
[2020-04-27T13:38:48.929+0000][1][safepoint    ] Safepoint "Cleanup", Time since last: 1000505100 ns, Reaching safepoint: 646900 ns, At safepoint: 149800 ns, Total: 796700 ns
[2020-04-27T13:38:49.930+0000][1][safepoint    ] Safepoint "Cleanup", Time since last: 1000625600 ns, Reaching safepoint: 488100 ns, At safepoint: 141500 ns, Total: 629600 ns
[2020-04-27T13:38:50.932+0000][1][safepoint    ] Safepoint "Cleanup", Time since last: 1000387200 ns, Reaching safepoint: 572000 ns, At safepoint: 132600 ns, Total: 704600 ns
[2020-04-27T13:38:51.932+0000][1][safepoint    ] Safepoint "Cleanup", Time since last: 1000209300 ns, Reaching safepoint: 140000 ns, At safepoint: 31100 ns, Total: 171100 ns
[2020-04-27T13:38:52.932+0000][1][safepoint    ] Safepoint "Cleanup", Time since last: 1000143200 ns, Reaching safepoint: 341800 ns, At safepoint: 48800 ns, Total: 390600 ns
[2020-04-27T13:38:53.933+0000][1][safepoint    ] Safepoint "Cleanup", Time since last: 1000410500 ns, Reaching safepoint: 426800 ns, At safepoint: 132400 ns, Total: 559200 ns
[2020-04-27T13:38:54.935+0000][1][safepoint    ] Safepoint "Cleanup", Time since last: 1000427000 ns, Reaching safepoint: 493100 ns, At safepoint: 137900 ns, Total: 631000 ns
[2020-04-27T13:38:55.936+0000][1][safepoint    ] Safepoint "Cleanup", Time since last: 1000844100 ns, Reaching safepoint: 284300 ns, At safepoint: 79800 ns, Total: 364100 ns
[2020-04-27T13:38:56.937+0000][1][safepoint    ] Safepoint "Cleanup", Time since last: 1000692800 ns, Reaching safepoint: 502000 ns, At safepoint: 142100 ns, Total: 644100 ns
[2020-04-27T13:38:57.937+0000][1][safepoint    ] Safepoint "Cleanup", Time since last: 1000227500 ns, Reaching safepoint: 140500 ns, At safepoint: 30800 ns, Total: 171300 ns
[2020-04-27T13:38:58.938+0000][1][safepoint    ] Safepoint "Cleanup", Time since last: 1000323200 ns, Reaching safepoint: 492200 ns, At safepoint: 140000 ns, Total: 632200 ns
[2020-04-27T13:38:59.939+0000][1][safepoint    ] Safepoint "Cleanup", Time since last: 1000398500 ns, Reaching safepoint: 148500 ns, At safepoint: 33200 ns, Total: 181700 ns
[2020-04-27T13:39:00.940+0000][1][safepoint    ] Safepoint "Cleanup", Time since last: 1000335300 ns, Reaching safepoint: 635200 ns, At safepoint: 197900 ns, Total: 833100 ns
[2020-04-27T13:39:01.941+0000][1][safepoint    ] Safepoint "Cleanup", Time since last: 1000318500 ns, Reaching safepoint: 139300 ns, At safepoint: 28900 ns, Total: 168200 ns
[2020-04-27T13:39:02.941+0000][1][safepoint    ] Safepoint "Cleanup", Time since last: 1000137500 ns, Reaching safepoint: 189600 ns, At safepoint: 33500 ns, Total: 223100 ns
[2020-04-27T13:39:03.941+0000][1][safepoint    ] Safepoint "Cleanup", Time since last: 1000197500 ns, Reaching safepoint: 147400 ns, At safepoint: 32200 ns, Total: 179600 ns
[2020-04-27T13:39:04.942+0000][1][safepoint    ] Safepoint "Cleanup", Time since last: 1000140800 ns, Reaching safepoint: 140200 ns, At safepoint: 28700 ns, Total: 168900 ns
[2020-04-27T13:39:05.942+0000][1][safepoint    ] Safepoint "Cleanup", Time since last: 1000151100 ns, Reaching safepoint: 147100 ns, At safepoint: 31200 ns, Total: 178300 ns
[2020-04-27T13:39:06.942+0000][1][safepoint    ] Safepoint "Cleanup", Time since last: 1000116700 ns, Reaching safepoint: 140800 ns, At safepoint: 28900 ns, Total: 169700 ns
[2020-04-27T13:39:07.943+0000][1][safepoint    ] Safepoint "Cleanup", Time since last: 1000231600 ns, Reaching safepoint: 142300 ns, At safepoint: 31300 ns, Total: 173600 ns
[2020-04-27T13:39:08.943+0000][1][safepoint    ] Safepoint "Cleanup", Time since last: 1000120100 ns, Reaching safepoint: 143400 ns, At safepoint: 83100 ns, Total: 226500 ns
[2020-04-27T13:39:09.944+0000][1][safepoint    ] Safepoint "Cleanup", Time since last: 1000194300 ns, Reaching safepoint: 251600 ns, At safepoint: 33200 ns, Total: 284800 ns
[2020-04-27T13:39:10.944+0000][1][safepoint    ] Safepoint "Cleanup", Time since last: 1000252700 ns, Reaching safepoint: 195600 ns, At safepoint: 47400 ns, Total: 243000 ns
[2020-04-27T13:39:11.945+0000][1][safepoint    ] Safepoint "Cleanup", Time since last: 1000596300 ns, Reaching safepoint: 504300 ns, At safepoint: 148700 ns, Total: 653000 ns
[2020-04-27T13:39:12.946+0000][1][safepoint    ] Safepoint "Cleanup", Time since last: 1000216700 ns, Reaching safepoint: 140700 ns, At safepoint: 30500 ns, Total: 171200 ns
[2020-04-27T13:39:13.947+0000][1][safepoint    ] Safepoint "Cleanup", Time since last: 1000607200 ns, Reaching safepoint: 325800 ns, At safepoint: 88800 ns, Total: 414600 ns
[2020-04-27T13:39:14.948+0000][1][safepoint    ] Safepoint "Cleanup", Time since last: 1000371100 ns, Reaching safepoint: 600200 ns, At safepoint: 167100 ns, Total: 767300 ns
[2020-04-27T13:39:15.949+0000][1][safepoint    ] Safepoint "Cleanup", Time since last: 1000436500 ns, Reaching safepoint: 595300 ns, At safepoint: 131800 ns, Total: 727100 ns
[2020-04-27T13:39:16.949+0000][1][safepoint    ] Safepoint "Cleanup", Time since last: 1000193100 ns, Reaching safepoint: 144700 ns, At safepoint: 45600 ns, Total: 190300 ns
[2020-04-27T13:39:17.950+0000][1][safepoint    ] Safepoint "Cleanup", Time since last: 1000569300 ns, Reaching safepoint: 162500 ns, At safepoint: 37400 ns, Total: 199900 ns
[2020-04-27T13:39:18.951+0000][1][safepoint    ] Safepoint "Cleanup", Time since last: 1000207000 ns, Reaching safepoint: 186400 ns, At safepoint: 50900 ns, Total: 237300 ns
[2020-04-27T13:39:19.952+0000][1][safepoint    ] Safepoint "Cleanup", Time since last: 1000678800 ns, Reaching safepoint: 488200 ns, At safepoint: 142300 ns, Total: 630500 ns
[2020-04-27T13:39:20.952+0000][1][safepoint    ] Safepoint "Cleanup", Time since last: 1000269500 ns, Reaching safepoint: 205200 ns, At safepoint: 39300 ns, Total: 244500 ns
[2020-04-27T13:39:21.954+0000][1][safepoint    ] Safepoint "Cleanup", Time since last: 1000550900 ns, Reaching safepoint: 694600 ns, At safepoint: 296900 ns, Total: 991500 ns
[2020-04-27T13:39:22.955+0000][1][safepoint    ] Safepoint "Cleanup", Time since last: 1000339400 ns, Reaching safepoint: 576300 ns, At safepoint: 141500 ns, Total: 717800 ns
[2020-04-27T13:39:23.956+0000][1][safepoint    ] Safepoint "Cleanup", Time since last: 1000524900 ns, Reaching safepoint: 264300 ns, At safepoint: 68400 ns, Total: 332700 ns
[2020-04-27T13:39:24.868+0000][1][safepoint    ] Safepoint "RevokeBias", Time since last: 911975500 ns, Reaching safepoint: 156100 ns, At safepoint: 83500 ns, Total: 239600 ns
[2020-04-27T13:39:24.868+0000][1][safepoint    ] Safepoint "RevokeBias", Time since last: 160700 ns, Reaching safepoint: 111300 ns, At safepoint: 83300 ns, Total: 194600 ns
[2020-04-27T13:39:24.869+0000][1][safepoint    ] Safepoint "RevokeBias", Time since last: 121300 ns, Reaching safepoint: 179500 ns, At safepoint: 94600 ns, Total: 274100 ns
[2020-04-27T13:39:24.874+0000][1][safepoint    ] Safepoint "RevokeBias", Time since last: 5335100 ns, Reaching safepoint: 144800 ns, At safepoint: 82700 ns, Total: 227500 ns
[2020-04-27T13:39:24.875+0000][1][safepoint    ] Safepoint "RevokeBias", Time since last: 151900 ns, Reaching safepoint: 99700 ns, At safepoint: 87900 ns, Total: 187600 ns
[2020-04-27T13:39:24.875+0000][1][safepoint    ] Safepoint "RevokeBias", Time since last: 261100 ns, Reaching safepoint: 188700 ns, At safepoint: 89700 ns, Total: 278400 ns
[2020-04-27T13:39:25.876+0000][1][safepoint    ] Safepoint "Cleanup", Time since last: 1000192300 ns, Reaching safepoint: 148000 ns, At safepoint: 40900 ns, Total: 188900 ns
[2020-04-27T13:39:26.877+0000][1][safepoint    ] Safepoint "Cleanup", Time since last: 1000596600 ns, Reaching safepoint: 493100 ns, At safepoint: 143500 ns, Total: 636600 ns
[2020-04-27T13:39:27.878+0000][1][safepoint    ] Safepoint "Cleanup", Time since last: 1000687600 ns, Reaching safepoint: 482500 ns, At safepoint: 140300 ns, Total: 622800 ns
[2020-04-27T13:39:28.880+0000][1][safepoint    ] Safepoint "Cleanup", Time since last: 1000799200 ns, Reaching safepoint: 445800 ns, At safepoint: 128000 ns, Total: 573800 ns
[2020-04-27T13:39:29.881+0000][1][safepoint    ] Safepoint "Cleanup", Time since last: 1000616900 ns, Reaching safepoint: 495100 ns, At safepoint: 142700 ns, Total: 637800 ns
[2020-04-27T13:39:30.882+0000][1][safepoint    ] Safepoint "Cleanup", Time since last: 1000610800 ns, Reaching safepoint: 479800 ns, At safepoint: 281500 ns, Total: 761300 ns
[2020-04-27T13:39:31.883+0000][1][safepoint    ] Safepoint "Cleanup", Time since last: 1000536400 ns, Reaching safepoint: 612800 ns, At safepoint: 137400 ns, Total: 750200 ns
[2020-04-27T13:39:32.884+0000][1][safepoint    ] Safepoint "Cleanup", Time since last: 1000684000 ns, Reaching safepoint: 161900 ns, At safepoint: 35100 ns, Total: 197000 ns
[2020-04-27T13:39:33.886+0000][1][safepoint    ] Safepoint "Cleanup", Time since last: 1000706700 ns, Reaching safepoint: 477900 ns, At safepoint: 158300 ns, Total: 636200 ns
[2020-04-27T13:39:34.186+0000][1][safepoint    ] Safepoint "RevokeBias", Time since last: 299915600 ns, Reaching safepoint: 145500 ns, At safepoint: 36100 ns, Total: 181600 ns
[2020-04-27T13:39:34.205+0000][1][safepoint    ] Safepoint "RevokeBias", Time since last: 19058400 ns, Reaching safepoint: 122400 ns, At safepoint: 33200 ns, Total: 155600 ns
[2020-04-27T13:39:34.206+0000][1][safepoint    ] Safepoint "RevokeBias", Time since last: 471400 ns, Reaching safepoint: 106200 ns, At safepoint: 44000 ns, Total: 150200 ns
[2020-04-27T13:39:34.208+0000][1][safepoint    ] Safepoint "RevokeBias", Time since last: 1848000 ns, Reaching safepoint: 117100 ns, At safepoint: 29100 ns, Total: 146200 ns
[2020-04-27T13:39:34.208+0000][1][safepoint    ] Safepoint "RevokeBias", Time since last: 148500 ns, Reaching safepoint: 76300 ns, At safepoint: 28500 ns, Total: 104800 ns
[2020-04-27T13:39:34.210+0000][1][safepoint    ] Safepoint "RevokeBias", Time since last: 2397600 ns, Reaching safepoint: 114700 ns, At safepoint: 52600 ns, Total: 167300 ns
[2020-04-27T13:39:34.211+0000][1][safepoint    ] Safepoint "RevokeBias", Time since last: 242800 ns, Reaching safepoint: 92700 ns, At safepoint: 47800 ns, Total: 140500 ns
[2020-04-27T13:39:34.213+0000][1][safepoint    ] Safepoint "RevokeBias", Time since last: 1981900 ns, Reaching safepoint: 76100 ns, At safepoint: 29700 ns, Total: 105800 ns
[2020-04-27T13:39:34.214+0000][1][safepoint    ] Safepoint "BulkRevokeBias", Time since last: 164600 ns, Reaching safepoint: 73000 ns, At safepoint: 493300 ns, Total: 566300 ns
[2020-04-27T13:39:34.216+0000][1][safepoint    ] Safepoint "RevokeBias", Time since last: 2030600 ns, Reaching safepoint: 77900 ns, At safepoint: 31800 ns, Total: 109700 ns
[2020-04-27T13:39:34.218+0000][1][safepoint    ] Safepoint "RevokeBias", Time since last: 2000900 ns, Reaching safepoint: 77100 ns, At safepoint: 31500 ns, Total: 108600 ns
[2020-04-27T13:39:34.220+0000][1][safepoint    ] Safepoint "RevokeBias", Time since last: 1964100 ns, Reaching safepoint: 75700 ns, At safepoint: 31600 ns, Total: 107300 ns
[2020-04-27T13:39:34.226+0000][1][safepoint    ] Safepoint "RevokeBias", Time since last: 5340000 ns, Reaching safepoint: 153300 ns, At safepoint: 88000 ns, Total: 241300 ns
[2020-04-27T13:39:34.226+0000][1][safepoint    ] Safepoint "RevokeBias", Time since last: 320900 ns, Reaching safepoint: 113700 ns, At safepoint: 54900 ns, Total: 168600 ns
[2020-04-27T13:39:35.156+0000][1][safepoint    ] Safepoint "RevokeBias", Time since last: 929811800 ns, Reaching safepoint: 337100 ns, At safepoint: 117200 ns, Total: 454300 ns
[2020-04-27T13:39:35.157+0000][1][safepoint    ] Safepoint "RevokeBias", Time since last: 414500 ns, Reaching safepoint: 248000 ns, At safepoint: 108200 ns, Total: 356200 ns
[2020-04-27T13:39:36.158+0000][1][safepoint    ] Safepoint "Cleanup", Time since last: 1000254900 ns, Reaching safepoint: 156300 ns, At safepoint: 29400 ns, Total: 185700 ns
[2020-04-27T13:39:37.158+0000][1][safepoint    ] Safepoint "Cleanup", Time since last: 1000631200 ns, Reaching safepoint: 138500 ns, At safepoint: 69300 ns, Total: 207800 ns
[2020-04-27T13:39:38.159+0000][1][safepoint    ] Safepoint "Cleanup", Time since last: 1000121500 ns, Reaching safepoint: 236800 ns, At safepoint: 54100 ns, Total: 290900 ns
[2020-04-27T13:39:39.159+0000][1][safepoint    ] Safepoint "Cleanup", Time since last: 1000162800 ns, Reaching safepoint: 151400 ns, At safepoint: 44400 ns, Total: 195800 ns
[2020-04-27T13:39:40.159+0000][1][safepoint    ] Safepoint "Cleanup", Time since last: 1000129800 ns, Reaching safepoint: 146800 ns, At safepoint: 30800 ns, Total: 177600 ns
[2020-04-27T13:39:41.160+0000][1][safepoint    ] Safepoint "Cleanup", Time since last: 1000176900 ns, Reaching safepoint: 149900 ns, At safepoint: 31200 ns, Total: 181100 ns
[2020-04-27T13:39:42.160+0000][1][safepoint    ] Safepoint "Cleanup", Time since last: 1000149000 ns, Reaching safepoint: 187700 ns, At safepoint: 31100 ns, Total: 218800 ns
[2020-04-27T13:39:43.161+0000][1][safepoint    ] Safepoint "Cleanup", Time since last: 1000210800 ns, Reaching safepoint: 151800 ns, At safepoint: 31900 ns, Total: 183700 ns
[2020-04-27T13:39:44.161+0000][1][safepoint    ] Safepoint "Cleanup", Time since last: 1000150100 ns, Reaching safepoint: 139400 ns, At safepoint: 56900 ns, Total: 196300 ns
[2020-04-27T13:39:45.161+0000][1][safepoint    ] Safepoint "Cleanup", Time since last: 1000131600 ns, Reaching safepoint: 146600 ns, At safepoint: 31200 ns, Total: 177800 ns
[2020-04-27T13:39:46.162+0000][1][safepoint    ] Safepoint "Cleanup", Time since last: 1000204500 ns, Reaching safepoint: 332300 ns, At safepoint: 94400 ns, Total: 426700 ns
[2020-04-27T13:39:47.162+0000][1][safepoint    ] Safepoint "Cleanup", Time since last: 1000234100 ns, Reaching safepoint: 318800 ns, At safepoint: 39200 ns, Total: 358000 ns
[2020-04-27T13:39:48.164+0000][1][safepoint    ] Safepoint "Cleanup", Time since last: 1000424800 ns, Reaching safepoint: 464400 ns, At safepoint: 185100 ns, Total: 649500 ns
[2020-04-27T13:39:49.164+0000][1][safepoint    ] Safepoint "Cleanup", Time since last: 1000221500 ns, Reaching safepoint: 179000 ns, At safepoint: 46000 ns, Total: 225000 ns
[2020-04-27T13:39:50.164+0000][1][safepoint    ] Safepoint "Cleanup", Time since last: 1000172500 ns, Reaching safepoint: 144100 ns, At safepoint: 28300 ns, Total: 172400 ns
[2020-04-27T13:39:51.165+0000][1][safepoint    ] Safepoint "Cleanup", Time since last: 1000153300 ns, Reaching safepoint: 144400 ns, At safepoint: 28600 ns, Total: 173000 ns
[2020-04-27T13:39:52.165+0000][1][safepoint    ] Safepoint "Cleanup", Time since last: 1000179700 ns, Reaching safepoint: 146300 ns, At safepoint: 29800 ns, Total: 176100 ns
[2020-04-27T13:39:53.165+0000][1][safepoint    ] Safepoint "Cleanup", Time since last: 1000188300 ns, Reaching safepoint: 174500 ns, At safepoint: 37400 ns, Total: 211900 ns
[2020-04-27T13:39:54.166+0000][1][safepoint    ] Safepoint "Cleanup", Time since last: 1000321000 ns, Reaching safepoint: 265900 ns, At safepoint: 78500 ns, Total: 344400 ns
[2020-04-27T13:39:55.167+0000][1][safepoint    ] Safepoint "Cleanup", Time since last: 1000280300 ns, Reaching safepoint: 303000 ns, At safepoint: 42800 ns, Total: 345800 ns
[2020-04-27T13:39:56.168+0000][1][safepoint    ] Safepoint "Cleanup", Time since last: 1000398900 ns, Reaching safepoint: 469600 ns, At safepoint: 110400 ns, Total: 580000 ns
[2020-04-27T13:39:57.169+0000][1][safepoint    ] Safepoint "Cleanup", Time since last: 1000543500 ns, Reaching safepoint: 441900 ns, At safepoint: 109000 ns, Total: 550900 ns
[2020-04-27T13:39:58.169+0000][1][safepoint    ] Safepoint "Cleanup", Time since last: 1000227100 ns, Reaching safepoint: 141600 ns, At safepoint: 48200 ns, Total: 189800 ns
[2020-04-27T13:39:59.170+0000][1][safepoint    ] Safepoint "Cleanup", Time since last: 1000276000 ns, Reaching safepoint: 153000 ns, At safepoint: 25600 ns, Total: 178600 ns
[2020-04-27T13:40:00.144+0000][1][safepoint    ] Safepoint "RevokeBias", Time since last: 973887400 ns, Reaching safepoint: 129700 ns, At safepoint: 34900 ns, Total: 164600 ns
[2020-04-27T13:40:00.147+0000][1][safepoint    ] Safepoint "RevokeBias", Time since last: 2929200 ns, Reaching safepoint: 129600 ns, At safepoint: 41500 ns, Total: 171100 ns
[2020-04-27T13:40:00.630+0000][1][safepoint    ] Safepoint "RevokeBias", Time since last: 482650900 ns, Reaching safepoint: 208200 ns, At safepoint: 68500 ns, Total: 276700 ns
[2020-04-27T13:40:00.634+0000][1][safepoint    ] Safepoint "RevokeBias", Time since last: 4157200 ns, Reaching safepoint: 139700 ns, At safepoint: 35500 ns, Total: 175200 ns
[2020-04-27T13:40:00.634+0000][1][safepoint    ] Safepoint "RevokeBias", Time since last: 163800 ns, Reaching safepoint: 79000 ns, At safepoint: 33500 ns, Total: 112500 ns
[2020-04-27T13:40:00.635+0000][1][safepoint    ] Safepoint "RevokeBias", Time since last: 519500 ns, Reaching safepoint: 78000 ns, At safepoint: 41500 ns, Total: 119500 ns
[2020-04-27T13:40:00.635+0000][1][safepoint    ] Safepoint "RevokeBias", Time since last: 157700 ns, Reaching safepoint: 74600 ns, At safepoint: 51300 ns, Total: 125900 ns
[2020-04-27T13:40:00.917+0000][1][safepoint    ] Safepoint "RevokeBias", Time since last: 281372700 ns, Reaching safepoint: 146900 ns, At safepoint: 37400 ns, Total: 184300 ns
[2020-04-27T13:40:00.973+0000][1][safepoint    ] Safepoint "RevokeBias", Time since last: 56388300 ns, Reaching safepoint: 211400 ns, At safepoint: 50700 ns, Total: 262100 ns
[2020-04-27T13:40:00.974+0000][1][safepoint    ] Safepoint "RevokeBias", Time since last: 299200 ns, Reaching safepoint: 102800 ns, At safepoint: 31800 ns, Total: 134600 ns
[2020-04-27T13:40:00.974+0000][1][safepoint    ] Safepoint "RevokeBias", Time since last: 148200 ns, Reaching safepoint: 78200 ns, At safepoint: 29900 ns, Total: 108100 ns
[2020-04-27T13:40:00.974+0000][1][safepoint    ] Safepoint "RevokeBias", Time since last: 112500 ns, Reaching safepoint: 77000 ns, At safepoint: 29500 ns, Total: 106500 ns
[2020-04-27T13:40:00.975+0000][1][safepoint    ] Safepoint "RevokeBias", Time since last: 92600 ns, Reaching safepoint: 96800 ns, At safepoint: 48000 ns, Total: 144800 ns
[2020-04-27T13:40:00.975+0000][1][safepoint    ] Safepoint "RevokeBias", Time since last: 157300 ns, Reaching safepoint: 92500 ns, At safepoint: 44500 ns, Total: 137000 ns
[2020-04-27T13:40:00.975+0000][1][safepoint    ] Safepoint "RevokeBias", Time since last: 237200 ns, Reaching safepoint: 94500 ns, At safepoint: 29100 ns, Total: 123600 ns
[2020-04-27T13:40:00.976+0000][1][safepoint    ] Safepoint "RevokeBias", Time since last: 158100 ns, Reaching safepoint: 111600 ns, At safepoint: 57300 ns, Total: 168900 ns
[2020-04-27T13:40:00.976+0000][1][safepoint    ] Safepoint "RevokeBias", Time since last: 189600 ns, Reaching safepoint: 91400 ns, At safepoint: 29700 ns, Total: 121100 ns
[2020-04-27T13:40:00.976+0000][1][safepoint    ] Safepoint "RevokeBias", Time since last: 353900 ns, Reaching safepoint: 89700 ns, At safepoint: 33300 ns, Total: 123000 ns
[2020-04-27T13:40:00.977+0000][1][safepoint    ] Safepoint "RevokeBias", Time since last: 230600 ns, Reaching safepoint: 97300 ns, At safepoint: 34900 ns, Total: 132200 ns
[2020-04-27T13:40:00.977+0000][1][safepoint    ] Safepoint "RevokeBias", Time since last: 319600 ns, Reaching safepoint: 101000 ns, At safepoint: 35500 ns, Total: 136500 ns
[2020-04-27T13:40:00.978+0000][1][safepoint    ] Safepoint "RevokeBias", Time since last: 295700 ns, Reaching safepoint: 101100 ns, At safepoint: 30200 ns, Total: 131300 ns
[2020-04-27T13:40:00.978+0000][1][safepoint    ] Safepoint "RevokeBias", Time since last: 427400 ns, Reaching safepoint: 87800 ns, At safepoint: 44200 ns, Total: 132000 ns
[2020-04-27T13:40:00.980+0000][1][safepoint    ] Safepoint "RevokeBias", Time since last: 1100400 ns, Reaching safepoint: 185900 ns, At safepoint: 58300 ns, Total: 244200 ns
[2020-04-27T13:40:00.980+0000][1][safepoint    ] Safepoint "RevokeBias", Time since last: 190000 ns, Reaching safepoint: 87200 ns, At safepoint: 28700 ns, Total: 115900 ns
[2020-04-27T13:40:00.982+0000][1][safepoint    ] Safepoint "RevokeBias", Time since last: 1970100 ns, Reaching safepoint: 77600 ns, At safepoint: 39200 ns, Total: 116800 ns
[2020-04-27T13:40:01.206+0000][1][safepoint    ] Safepoint "BulkRevokeBias", Time since last: 223022800 ns, Reaching safepoint: 187300 ns, At safepoint: 605100 ns, Total: 792400 ns
[2020-04-27T13:40:02.207+0000][1][safepoint    ] Safepoint "Cleanup", Time since last: 1000455200 ns, Reaching safepoint: 367900 ns, At safepoint: 105100 ns, Total: 473000 ns
[2020-04-27T13:40:02.207+0000][1][safepoint    ] Safepoint "RevokeBias", Time since last: 347200 ns, Reaching safepoint: 267400 ns, At safepoint: 87700 ns, Total: 355100 ns
[2020-04-27T13:40:02.336+0000][1][gc,start     ] GC(22) Pause Young (Allocation Failure)
[2020-04-27T13:40:02.337+0000][1][gc,task      ] GC(22) Using 10 workers of 10 for evacuation
[2020-04-27T13:40:02.344+0000][1][gc,age       ] GC(22) Desired survivor size 8945664 bytes, new threshold 6 (max threshold 6)
[2020-04-27T13:40:02.344+0000][1][gc,age       ] GC(22) Age table with threshold 6 (max threshold 6)
[2020-04-27T13:40:02.344+0000][1][gc,age       ] GC(22) - age   1:     811952 bytes,     811952 total
[2020-04-27T13:40:02.344+0000][1][gc,age       ] GC(22) - age   2:     690816 bytes,    1502768 total
[2020-04-27T13:40:02.344+0000][1][gc,age       ] GC(22) - age   3:     902040 bytes,    2404808 total
[2020-04-27T13:40:02.344+0000][1][gc,age       ] GC(22) - age   4:    1215800 bytes,    3620608 total
[2020-04-27T13:40:02.344+0000][1][gc,age       ] GC(22) - age   5:    3664176 bytes,    7284784 total
[2020-04-27T13:40:02.344+0000][1][gc,heap      ] GC(22) ParNew: 150415K->11815K(157248K)
[2020-04-27T13:40:02.344+0000][1][gc,heap      ] GC(22) CMS: 82762K->82762K(349568K)
[2020-04-27T13:40:02.344+0000][1][gc,metaspace ] GC(22) Metaspace: 95259K->95259K(1136640K)
[2020-04-27T13:40:02.344+0000][1][gc           ] GC(22) Pause Young (Allocation Failure) 227M->92M(494M) 7.711ms
[2020-04-27T13:40:02.344+0000][1][gc,cpu       ] GC(22) User=0.05s Sys=0.00s Real=0.01s
[2020-04-27T13:40:02.344+0000][1][safepoint    ] Safepoint "GenCollectForAllocation", Time since last: 128610700 ns, Reaching safepoint: 462000 ns, At safepoint: 7949300 ns, Total: 8411300 ns
[2020-04-27T13:40:02.346+0000][1][safepoint    ] Safepoint "RevokeBias", Time since last: 766000 ns, Reaching safepoint: 304700 ns, At safepoint: 68100 ns, Total: 372800 ns
[2020-04-27T13:40:02.346+0000][1][safepoint    ] Safepoint "RevokeBias", Time since last: 206200 ns, Reaching safepoint: 184400 ns, At safepoint: 56400 ns, Total: 240800 ns
[2020-04-27T13:40:02.346+0000][1][safepoint    ] Safepoint "RevokeBias", Time since last: 175200 ns, Reaching safepoint: 134000 ns, At safepoint: 68800 ns, Total: 202800 ns
[2020-04-27T13:40:02.347+0000][1][safepoint    ] Safepoint "RevokeBias", Time since last: 178200 ns, Reaching safepoint: 202800 ns, At safepoint: 95100 ns, Total: 297900 ns
[2020-04-27T13:40:02.347+0000][1][safepoint    ] Safepoint "RevokeBias", Time since last: 172300 ns, Reaching safepoint: 247700 ns, At safepoint: 63800 ns, Total: 311500 ns
[2020-04-27T13:40:02.348+0000][1][safepoint    ] Safepoint "RevokeBias", Time since last: 158100 ns, Reaching safepoint: 194600 ns, At safepoint: 97000 ns, Total: 291600 ns
[2020-04-27T13:40:02.348+0000][1][safepoint    ] Safepoint "RevokeBias", Time since last: 157900 ns, Reaching safepoint: 177400 ns, At safepoint: 58300 ns, Total: 235700 ns
[2020-04-27T13:40:02.348+0000][1][safepoint    ] Safepoint "RevokeBias", Time since last: 121700 ns, Reaching safepoint: 147000 ns, At safepoint: 49800 ns, Total: 196800 ns
[2020-04-27T13:40:02.349+0000][1][safepoint    ] Safepoint "RevokeBias", Time since last: 131300 ns, Reaching safepoint: 220700 ns, At safepoint: 61800 ns, Total: 282500 ns
[2020-04-27T13:40:02.349+0000][1][safepoint    ] Safepoint "RevokeBias", Time since last: 124600 ns, Reaching safepoint: 110800 ns, At safepoint: 43500 ns, Total: 154300 ns
[2020-04-27T13:40:03.350+0000][1][safepoint    ] Safepoint "Cleanup", Time since last: 1000191600 ns, Reaching safepoint: 156900 ns, At safepoint: 47100 ns, Total: 204000 ns
[2020-04-27T13:40:04.350+0000][1][safepoint    ] Safepoint "Cleanup", Time since last: 1000181000 ns, Reaching safepoint: 150700 ns, At safepoint: 32300 ns, Total: 183000 ns
[2020-04-27T13:40:05.351+0000][1][safepoint    ] Safepoint "Cleanup", Time since last: 1000650500 ns, Reaching safepoint: 570800 ns, At safepoint: 136100 ns, Total: 706900 ns
[2020-04-27T13:40:06.352+0000][1][safepoint    ] Safepoint "Cleanup", Time since last: 1000414100 ns, Reaching safepoint: 559300 ns, At safepoint: 132800 ns, Total: 692100 ns
[2020-04-27T13:40:07.353+0000][1][safepoint    ] Safepoint "Cleanup", Time since last: 1000751800 ns, Reaching safepoint: 148000 ns, At safepoint: 32500 ns, Total: 180500 ns
[2020-04-27T13:40:08.354+0000][1][safepoint    ] Safepoint "Cleanup", Time since last: 1000149300 ns, Reaching safepoint: 134700 ns, At safepoint: 26000 ns, Total: 160700 ns
[2020-04-27T13:40:09.354+0000][1][safepoint    ] Safepoint "Cleanup", Time since last: 1000161900 ns, Reaching safepoint: 191600 ns, At safepoint: 28500 ns, Total: 220100 ns
[2020-04-27T13:40:10.355+0000][1][safepoint    ] Safepoint "Cleanup", Time since last: 1000676200 ns, Reaching safepoint: 453200 ns, At safepoint: 128100 ns, Total: 581300 ns
[2020-04-27T13:40:11.357+0000][1][safepoint    ] Safepoint "Cleanup", Time since last: 1000862900 ns, Reaching safepoint: 572600 ns, At safepoint: 145900 ns, Total: 718500 ns
[2020-04-27T13:40:12.357+0000][1][safepoint    ] Safepoint "Cleanup", Time since last: 1000214100 ns, Reaching safepoint: 308000 ns, At safepoint: 43300 ns, Total: 351300 ns
[2020-04-27T13:40:13.361+0000][1][safepoint    ] Safepoint "Cleanup", Time since last: 1002948300 ns, Reaching safepoint: 153900 ns, At safepoint: 31300 ns, Total: 185200 ns
[2020-04-27T13:40:13.830+0000][1][safepoint    ] Safepoint "RevokeBias", Time since last: 469500300 ns, Reaching safepoint: 138200 ns, At safepoint: 49800 ns, Total: 188000 ns
[2020-04-27T13:40:13.832+0000][1][safepoint    ] Safepoint "RevokeBias", Time since last: 1252500 ns, Reaching safepoint: 92900 ns, At safepoint: 50500 ns, Total: 143400 ns
[2020-04-27T13:40:13.832+0000][1][safepoint    ] Safepoint "RevokeBias", Time since last: 222700 ns, Reaching safepoint: 76200 ns, At safepoint: 34100 ns, Total: 110300 ns
[2020-04-27T13:40:13.837+0000][1][safepoint    ] Safepoint "RevokeBias", Time since last: 4330500 ns, Reaching safepoint: 211300 ns, At safepoint: 42700 ns, Total: 254000 ns
[2020-04-27T13:40:13.837+0000][1][safepoint    ] Safepoint "RevokeBias", Time since last: 278400 ns, Reaching safepoint: 84500 ns, At safepoint: 28300 ns, Total: 112800 ns
[2020-04-27T13:40:13.877+0000][1][safepoint    ] Safepoint "RevokeBias", Time since last: 39914300 ns, Reaching safepoint: 148600 ns, At safepoint: 51600 ns, Total: 200200 ns
[2020-04-27T13:40:13.880+0000][1][safepoint    ] Safepoint "RevokeBias", Time since last: 2536300 ns, Reaching safepoint: 152200 ns, At safepoint: 54300 ns, Total: 206500 ns
[2020-04-27T13:40:13.880+0000][1][safepoint    ] Safepoint "RevokeBias", Time since last: 164800 ns, Reaching safepoint: 101300 ns, At safepoint: 49000 ns, Total: 150300 ns
[2020-04-27T13:40:13.881+0000][1][safepoint    ] Safepoint "RevokeBias", Time since last: 374200 ns, Reaching safepoint: 93300 ns, At safepoint: 48200 ns, Total: 141500 ns
[2020-04-27T13:40:13.881+0000][1][safepoint    ] Safepoint "RevokeBias", Time since last: 113800 ns, Reaching safepoint: 72200 ns, At safepoint: 56200 ns, Total: 128400 ns
[2020-04-27T13:40:13.881+0000][1][safepoint    ] Safepoint "RevokeBias", Time since last: 111100 ns, Reaching safepoint: 71900 ns, At safepoint: 32600 ns, Total: 104500 ns
[2020-04-27T13:40:13.881+0000][1][safepoint    ] Safepoint "RevokeBias", Time since last: 157700 ns, Reaching safepoint: 72000 ns, At safepoint: 32500 ns, Total: 104500 ns
[2020-04-27T13:40:13.882+0000][1][safepoint    ] Safepoint "RevokeBias", Time since last: 136000 ns, Reaching safepoint: 87400 ns, At safepoint: 32000 ns, Total: 119400 ns
[2020-04-27T13:40:13.882+0000][1][safepoint    ] Safepoint "RevokeBias", Time since last: 203900 ns, Reaching safepoint: 158300 ns, At safepoint: 57400 ns, Total: 215700 ns
[2020-04-27T13:40:13.882+0000][1][safepoint    ] Safepoint "RevokeBias", Time since last: 156900 ns, Reaching safepoint: 154300 ns, At safepoint: 44300 ns, Total: 198600 ns
[2020-04-27T13:40:13.883+0000][1][safepoint    ] Safepoint "RevokeBias", Time since last: 142900 ns, Reaching safepoint: 87600 ns, At safepoint: 44000 ns, Total: 131600 ns
[2020-04-27T13:40:13.883+0000][1][safepoint    ] Safepoint "RevokeBias", Time since last: 159200 ns, Reaching safepoint: 87800 ns, At safepoint: 44400 ns, Total: 132200 ns
[2020-04-27T13:40:13.883+0000][1][safepoint    ] Safepoint "RevokeBias", Time since last: 131300 ns, Reaching safepoint: 176100 ns, At safepoint: 44200 ns, Total: 220300 ns
[2020-04-27T13:40:13.884+0000][1][safepoint    ] Safepoint "RevokeBias", Time since last: 130800 ns, Reaching safepoint: 90700 ns, At safepoint: 46300 ns, Total: 137000 ns
[2020-04-27T13:40:13.884+0000][1][safepoint    ] Safepoint "RevokeBias", Time since last: 201600 ns, Reaching safepoint: 87800 ns, At safepoint: 44300 ns, Total: 132100 ns
[2020-04-27T13:40:13.884+0000][1][safepoint    ] Safepoint "RevokeBias", Time since last: 153900 ns, Reaching safepoint: 167500 ns, At safepoint: 45700 ns, Total: 213200 ns
[2020-04-27T13:40:13.885+0000][1][safepoint    ] Safepoint "RevokeBias", Time since last: 208100 ns, Reaching safepoint: 88900 ns, At safepoint: 44700 ns, Total: 133600 ns
[2020-04-27T13:40:13.885+0000][1][safepoint    ] Safepoint "RevokeBias", Time since last: 153900 ns, Reaching safepoint: 87700 ns, At safepoint: 45000 ns, Total: 132700 ns
[2020-04-27T13:40:13.885+0000][1][safepoint    ] Safepoint "RevokeBias", Time since last: 133900 ns, Reaching safepoint: 157100 ns, At safepoint: 44400 ns, Total: 201500 ns
[2020-04-27T13:40:13.885+0000][1][safepoint    ] Safepoint "RevokeBias", Time since last: 82600 ns, Reaching safepoint: 71800 ns, At safepoint: 56600 ns, Total: 128400 ns
[2020-04-27T13:40:13.886+0000][1][safepoint    ] Safepoint "BulkRevokeBias", Time since last: 110700 ns, Reaching safepoint: 86800 ns, At safepoint: 499600 ns, Total: 586400 ns
[2020-04-27T13:40:13.888+0000][1][safepoint    ] Safepoint "RevokeBias", Time since last: 1719500 ns, Reaching safepoint: 118400 ns, At safepoint: 99500 ns, Total: 217900 ns
[2020-04-27T13:40:13.935+0000][1][safepoint    ] Safepoint "RevokeBias", Time since last: 46367200 ns, Reaching safepoint: 143900 ns, At safepoint: 43600 ns, Total: 187500 ns
[2020-04-27T13:40:13.942+0000][1][safepoint    ] Safepoint "RevokeBias", Time since last: 7688400 ns, Reaching safepoint: 117400 ns, At safepoint: 48400 ns, Total: 165800 ns
[2020-04-27T13:40:13.959+0000][1][safepoint    ] Safepoint "RevokeBias", Time since last: 16251000 ns, Reaching safepoint: 146100 ns, At safepoint: 37000 ns, Total: 183100 ns
[2020-04-27T13:40:13.965+0000][1][safepoint    ] Safepoint "RevokeBias", Time since last: 5797800 ns, Reaching safepoint: 137600 ns, At safepoint: 49500 ns, Total: 187100 ns
[2020-04-27T13:40:13.966+0000][1][safepoint    ] Safepoint "RevokeBias", Time since last: 623300 ns, Reaching safepoint: 101500 ns, At safepoint: 43800 ns, Total: 145300 ns
[2020-04-27T13:40:13.966+0000][1][safepoint    ] Safepoint "BulkRevokeBias", Time since last: 136900 ns, Reaching safepoint: 76200 ns, At safepoint: 558300 ns, Total: 634500 ns
[2020-04-27T13:40:14.185+0000][1][safepoint    ] Safepoint "RevokeBias", Time since last: 218023200 ns, Reaching safepoint: 224000 ns, At safepoint: 58600 ns, Total: 282600 ns
[2020-04-27T13:40:14.488+0000][1][safepoint    ] Safepoint "RevokeBias", Time since last: 303163900 ns, Reaching safepoint: 137900 ns, At safepoint: 39900 ns, Total: 177800 ns
[2020-04-27T13:40:14.489+0000][1][safepoint    ] Safepoint "RevokeBias", Time since last: 948700 ns, Reaching safepoint: 78400 ns, At safepoint: 34200 ns, Total: 112600 ns
[2020-04-27T13:40:14.489+0000][1][safepoint    ] Safepoint "RevokeBias", Time since last: 166000 ns, Reaching safepoint: 80200 ns, At safepoint: 35200 ns, Total: 115400 ns
[2020-04-27T13:40:14.770+0000][1][safepoint    ] Safepoint "RevokeBias", Time since last: 280600800 ns, Reaching safepoint: 140500 ns, At safepoint: 39200 ns, Total: 179700 ns
[2020-04-27T13:40:14.771+0000][1][safepoint    ] Safepoint "RevokeBias", Time since last: 681200 ns, Reaching safepoint: 75000 ns, At safepoint: 34700 ns, Total: 109700 ns
[2020-04-27T13:40:14.781+0000][1][safepoint    ] Safepoint "RevokeBias", Time since last: 9368400 ns, Reaching safepoint: 140500 ns, At safepoint: 37500 ns, Total: 178000 ns
[2020-04-27T13:40:14.813+0000][1][safepoint    ] Safepoint "RevokeBias", Time since last: 32084900 ns, Reaching safepoint: 133300 ns, At safepoint: 50700 ns, Total: 184000 ns
[2020-04-27T13:40:14.813+0000][1][safepoint    ] Safepoint "RevokeBias", Time since last: 265200 ns, Reaching safepoint: 231800 ns, At safepoint: 33000 ns, Total: 264800 ns
[2020-04-27T13:40:14.814+0000][1][safepoint    ] Safepoint "RevokeBias", Time since last: 186900 ns, Reaching safepoint: 75500 ns, At safepoint: 32600 ns, Total: 108100 ns
[2020-04-27T13:40:14.814+0000][1][safepoint    ] Safepoint "RevokeBias", Time since last: 160700 ns, Reaching safepoint: 77600 ns, At safepoint: 32100 ns, Total: 109700 ns
[2020-04-27T13:40:14.814+0000][1][safepoint    ] Safepoint "RevokeBias", Time since last: 156200 ns, Reaching safepoint: 76700 ns, At safepoint: 32100 ns, Total: 108800 ns
[2020-04-27T13:40:14.814+0000][1][safepoint    ] Safepoint "RevokeBias", Time since last: 168900 ns, Reaching safepoint: 74900 ns, At safepoint: 31900 ns, Total: 106800 ns
[2020-04-27T13:40:14.815+0000][1][safepoint    ] Safepoint "RevokeBias", Time since last: 164600 ns, Reaching safepoint: 74800 ns, At safepoint: 32000 ns, Total: 106800 ns
[2020-04-27T13:40:14.815+0000][1][safepoint    ] Safepoint "RevokeBias", Time since last: 164100 ns, Reaching safepoint: 74900 ns, At safepoint: 32100 ns, Total: 107000 ns
[2020-04-27T13:40:14.815+0000][1][safepoint    ] Safepoint "RevokeBias", Time since last: 268800 ns, Reaching safepoint: 75200 ns, At safepoint: 31700 ns, Total: 106900 ns
[2020-04-27T13:40:14.816+0000][1][safepoint    ] Safepoint "RevokeBias", Time since last: 170000 ns, Reaching safepoint: 76000 ns, At safepoint: 31900 ns, Total: 107900 ns
[2020-04-27T13:40:14.816+0000][1][safepoint    ] Safepoint "RevokeBias", Time since last: 160700 ns, Reaching safepoint: 76500 ns, At safepoint: 31900 ns, Total: 108400 ns
[2020-04-27T13:40:14.816+0000][1][safepoint    ] Safepoint "RevokeBias", Time since last: 182100 ns, Reaching safepoint: 112800 ns, At safepoint: 68200 ns, Total: 181000 ns
[2020-04-27T13:40:14.817+0000][1][safepoint    ] Safepoint "RevokeBias", Time since last: 162900 ns, Reaching safepoint: 76500 ns, At safepoint: 28900 ns, Total: 105400 ns
[2020-04-27T13:40:14.817+0000][1][safepoint    ] Safepoint "RevokeBias", Time since last: 173800 ns, Reaching safepoint: 74200 ns, At safepoint: 28500 ns, Total: 102700 ns
[2020-04-27T13:40:15.818+0000][1][safepoint    ] Safepoint "Cleanup", Time since last: 1000360900 ns, Reaching safepoint: 554600 ns, At safepoint: 136900 ns, Total: 691500 ns
[2020-04-27T13:40:16.818+0000][1][safepoint    ] Safepoint "Cleanup", Time since last: 1000239600 ns, Reaching safepoint: 170300 ns, At safepoint: 33600 ns, Total: 203900 ns
[2020-04-27T13:40:17.819+0000][1][safepoint    ] Safepoint "Cleanup", Time since last: 1000483900 ns, Reaching safepoint: 151500 ns, At safepoint: 34000 ns, Total: 185500 ns
[2020-04-27T13:40:18.820+0000][1][safepoint    ] Safepoint "Cleanup", Time since last: 1000358700 ns, Reaching safepoint: 150600 ns, At safepoint: 29700 ns, Total: 180300 ns
[2020-04-27T13:40:19.820+0000][1][safepoint    ] Safepoint "Cleanup", Time since last: 1000362500 ns, Reaching safepoint: 462400 ns, At safepoint: 132400 ns, Total: 594800 ns
[2020-04-27T13:40:20.822+0000][1][safepoint    ] Safepoint "Cleanup", Time since last: 1000864400 ns, Reaching safepoint: 461700 ns, At safepoint: 134100 ns, Total: 595800 ns
[2020-04-27T13:40:21.822+0000][1][safepoint    ] Safepoint "Cleanup", Time since last: 1000254600 ns, Reaching safepoint: 218300 ns, At safepoint: 32900 ns, Total: 251200 ns
[2020-04-27T13:40:22.824+0000][1][safepoint    ] Safepoint "Cleanup", Time since last: 1000383500 ns, Reaching safepoint: 560200 ns, At safepoint: 138800 ns, Total: 699000 ns
[2020-04-27T13:40:23.824+0000][1][safepoint    ] Safepoint "Cleanup", Time since last: 1000243700 ns, Reaching safepoint: 272900 ns, At safepoint: 74000 ns, Total: 346900 ns
[2020-04-27T13:40:24.187+0000][1][safepoint    ] Safepoint "RevokeBias", Time since last: 362991500 ns, Reaching safepoint: 266300 ns, At safepoint: 93100 ns, Total: 359400 ns
[2020-04-27T13:40:25.188+0000][1][safepoint    ] Safepoint "Cleanup", Time since last: 1000226400 ns, Reaching safepoint: 171100 ns, At safepoint: 40300 ns, Total: 211400 ns
[2020-04-27T13:40:26.189+0000][1][safepoint    ] Safepoint "Cleanup", Time since last: 1000278900 ns, Reaching safepoint: 684700 ns, At safepoint: 123300 ns, Total: 808000 ns
[2020-04-27T13:40:26.945+0000][1][safepoint    ] Safepoint "RevokeBias", Time since last: 755421500 ns, Reaching safepoint: 135000 ns, At safepoint: 67300 ns, Total: 202300 ns
[2020-04-27T13:40:26.945+0000][1][safepoint    ] Safepoint "RevokeBias", Time since last: 146300 ns, Reaching safepoint: 187400 ns, At safepoint: 65300 ns, Total: 252700 ns
[2020-04-27T13:40:26.945+0000][1][safepoint    ] Safepoint "RevokeBias", Time since last: 202500 ns, Reaching safepoint: 174100 ns, At safepoint: 59200 ns, Total: 233300 ns
[2020-04-27T13:40:26.952+0000][1][safepoint    ] Safepoint "RevokeBias", Time since last: 5877400 ns, Reaching safepoint: 138500 ns, At safepoint: 63900 ns, Total: 202400 ns
[2020-04-27T13:40:26.952+0000][1][safepoint    ] Safepoint "RevokeBias", Time since last: 153500 ns, Reaching safepoint: 185600 ns, At safepoint: 63500 ns, Total: 249100 ns
[2020-04-27T13:40:26.952+0000][1][safepoint    ] Safepoint "RevokeBias", Time since last: 279200 ns, Reaching safepoint: 189700 ns, At safepoint: 71900 ns, Total: 261600 ns
[2020-04-27T13:40:27.953+0000][1][safepoint    ] Safepoint "Cleanup", Time since last: 1000265000 ns, Reaching safepoint: 239500 ns, At safepoint: 65600 ns, Total: 305100 ns
[2020-04-27T13:40:28.953+0000][1][safepoint    ] Safepoint "Cleanup", Time since last: 1000242100 ns, Reaching safepoint: 137800 ns, At safepoint: 28600 ns, Total: 166400 ns
[2020-04-27T13:40:29.954+0000][1][safepoint    ] Safepoint "Cleanup", Time since last: 1000149200 ns, Reaching safepoint: 162000 ns, At safepoint: 29500 ns, Total: 191500 ns
[2020-04-27T13:40:30.955+0000][1][safepoint    ] Safepoint "Cleanup", Time since last: 1000312700 ns, Reaching safepoint: 429600 ns, At safepoint: 126200 ns, Total: 555800 ns
[2020-04-27T13:40:31.955+0000][1][safepoint    ] Safepoint "Cleanup", Time since last: 1000362000 ns, Reaching safepoint: 340900 ns, At safepoint: 76300 ns, Total: 417200 ns
[2020-04-27T13:40:32.956+0000][1][safepoint    ] Safepoint "Cleanup", Time since last: 1000405100 ns, Reaching safepoint: 149000 ns, At safepoint: 30800 ns, Total: 179800 ns
[2020-04-27T13:40:33.956+0000][1][safepoint    ] Safepoint "Cleanup", Time since last: 1000196500 ns, Reaching safepoint: 176400 ns, At safepoint: 49500 ns, Total: 225900 ns
[2020-04-27T13:40:34.957+0000][1][safepoint    ] Safepoint "Cleanup", Time since last: 1000215000 ns, Reaching safepoint: 356500 ns, At safepoint: 55900 ns, Total: 412400 ns
[2020-04-27T13:40:35.958+0000][1][safepoint    ] Safepoint "Cleanup", Time since last: 1000487400 ns, Reaching safepoint: 478100 ns, At safepoint: 165000 ns, Total: 643100 ns
[2020-04-27T13:40:36.959+0000][1][safepoint    ] Safepoint "Cleanup", Time since last: 1000392000 ns, Reaching safepoint: 447200 ns, At safepoint: 114900 ns, Total: 562100 ns
[2020-04-27T13:40:37.961+0000][1][safepoint    ] Safepoint "Cleanup", Time since last: 1000726200 ns, Reaching safepoint: 492700 ns, At safepoint: 139700 ns, Total: 632400 ns
[2020-04-27T13:40:38.961+0000][1][safepoint    ] Safepoint "Cleanup", Time since last: 1000250100 ns, Reaching safepoint: 189700 ns, At safepoint: 43900 ns, Total: 233600 ns
[2020-04-27T13:40:39.961+0000][1][safepoint    ] Safepoint "Cleanup", Time since last: 1000175800 ns, Reaching safepoint: 148300 ns, At safepoint: 31200 ns, Total: 179500 ns
[2020-04-27T13:40:40.962+0000][1][safepoint    ] Safepoint "Cleanup", Time since last: 1000181300 ns, Reaching safepoint: 151300 ns, At safepoint: 33000 ns, Total: 184300 ns
[2020-04-27T13:40:41.962+0000][1][safepoint    ] Safepoint "Cleanup", Time since last: 1000180900 ns, Reaching safepoint: 151600 ns, At safepoint: 38300 ns, Total: 189900 ns
[2020-04-27T13:40:42.963+0000][1][safepoint    ] Safepoint "Cleanup", Time since last: 1000180200 ns, Reaching safepoint: 745000 ns, At safepoint: 165900 ns, Total: 910900 ns
[2020-04-27T13:40:43.967+0000][1][safepoint    ] Safepoint "Cleanup", Time since last: 1002959100 ns, Reaching safepoint: 487600 ns, At safepoint: 140400 ns, Total: 628000 ns
[2020-04-27T13:40:44.968+0000][1][safepoint    ] Safepoint "Cleanup", Time since last: 1000581600 ns, Reaching safepoint: 168500 ns, At safepoint: 32600 ns, Total: 201100 ns
[2020-04-27T13:40:45.968+0000][1][safepoint    ] Safepoint "Cleanup", Time since last: 1000255900 ns, Reaching safepoint: 226400 ns, At safepoint: 59900 ns, Total: 286300 ns
[2020-04-27T13:40:46.968+0000][1][safepoint    ] Safepoint "Cleanup", Time since last: 1000177500 ns, Reaching safepoint: 143800 ns, At safepoint: 28200 ns, Total: 172000 ns
[2020-04-27T13:40:47.970+0000][1][safepoint    ] Safepoint "Cleanup", Time since last: 1000679100 ns, Reaching safepoint: 857500 ns, At safepoint: 189800 ns, Total: 1047300 ns
[2020-04-27T13:40:48.971+0000][1][safepoint    ] Safepoint "Cleanup", Time since last: 1000464100 ns, Reaching safepoint: 293600 ns, At safepoint: 41500 ns, Total: 335100 ns
[2020-04-27T13:40:49.971+0000][1][safepoint    ] Safepoint "Cleanup", Time since last: 1000233900 ns, Reaching safepoint: 152800 ns, At safepoint: 34200 ns, Total: 187000 ns
[2020-04-27T13:40:50.972+0000][1][safepoint    ] Safepoint "Cleanup", Time since last: 1000213800 ns, Reaching safepoint: 302400 ns, At safepoint: 38800 ns, Total: 341200 ns
[2020-04-27T13:40:51.972+0000][1][safepoint    ] Safepoint "Cleanup", Time since last: 1000257400 ns, Reaching safepoint: 236900 ns, At safepoint: 33900 ns, Total: 270800 ns
[2020-04-27T13:40:52.973+0000][1][safepoint    ] Safepoint "Cleanup", Time since last: 1000228400 ns, Reaching safepoint: 151700 ns, At safepoint: 32300 ns, Total: 184000 ns
[2020-04-27T13:40:53.974+0000][1][safepoint    ] Safepoint "Cleanup", Time since last: 1000323600 ns, Reaching safepoint: 566000 ns, At safepoint: 155100 ns, Total: 721100 ns
[2020-04-27T13:40:54.975+0000][1][safepoint    ] Safepoint "Cleanup", Time since last: 1000428800 ns, Reaching safepoint: 413600 ns, At safepoint: 121300 ns, Total: 534900 ns
[2020-04-27T13:40:55.976+0000][1][safepoint    ] Safepoint "Cleanup", Time since last: 1000304700 ns, Reaching safepoint: 538900 ns, At safepoint: 128600 ns, Total: 667500 ns
[2020-04-27T13:40:56.977+0000][1][safepoint    ] Safepoint "Cleanup", Time since last: 1000665400 ns, Reaching safepoint: 359800 ns, At safepoint: 103900 ns, Total: 463700 ns
[2020-04-27T13:40:57.978+0000][1][safepoint    ] Safepoint "Cleanup", Time since last: 1000694400 ns, Reaching safepoint: 298800 ns, At safepoint: 88400 ns, Total: 387200 ns
[2020-04-27T13:40:58.979+0000][1][safepoint    ] Safepoint "Cleanup", Time since last: 1000213900 ns, Reaching safepoint: 299000 ns, At safepoint: 40200 ns, Total: 339200 ns
[2020-04-27T13:40:59.979+0000][1][safepoint    ] Safepoint "Cleanup", Time since last: 1000224500 ns, Reaching safepoint: 147700 ns, At safepoint: 31900 ns, Total: 179600 ns
[2020-04-27T13:41:00.980+0000][1][safepoint    ] Safepoint "Cleanup", Time since last: 1000297400 ns, Reaching safepoint: 380200 ns, At safepoint: 98700 ns, Total: 478900 ns
[2020-04-27T13:41:01.980+0000][1][safepoint    ] Safepoint "Cleanup", Time since last: 1000204900 ns, Reaching safepoint: 233400 ns, At safepoint: 47100 ns, Total: 280500 ns
[2020-04-27T13:41:02.981+0000][1][safepoint    ] Safepoint "Cleanup", Time since last: 1000184200 ns, Reaching safepoint: 184300 ns, At safepoint: 53500 ns, Total: 237800 ns
[2020-04-27T13:41:03.981+0000][1][safepoint    ] Safepoint "Cleanup", Time since last: 1000245500 ns, Reaching safepoint: 259300 ns, At safepoint: 56500 ns, Total: 315800 ns
[2020-04-27T13:41:04.982+0000][1][safepoint    ] Safepoint "Cleanup", Time since last: 1000451000 ns, Reaching safepoint: 236900 ns, At safepoint: 61000 ns, Total: 297900 ns
[2020-04-27T13:41:05.982+0000][1][safepoint    ] Safepoint "Cleanup", Time since last: 1000245200 ns, Reaching safepoint: 163100 ns, At safepoint: 31200 ns, Total: 194300 ns
[2020-04-27T13:41:06.983+0000][1][safepoint    ] Safepoint "Cleanup", Time since last: 1000186400 ns, Reaching safepoint: 149700 ns, At safepoint: 30200 ns, Total: 179900 ns
[2020-04-27T13:41:07.984+0000][1][safepoint    ] Safepoint "Cleanup", Time since last: 1000443300 ns, Reaching safepoint: 535600 ns, At safepoint: 212400 ns, Total: 748000 ns
[2020-04-27T13:41:08.985+0000][1][safepoint    ] Safepoint "Cleanup", Time since last: 1000250900 ns, Reaching safepoint: 228100 ns, At safepoint: 44300 ns, Total: 272400 ns
[2020-04-27T13:41:09.986+0000][1][safepoint    ] Safepoint "Cleanup", Time since last: 1000314500 ns, Reaching safepoint: 546900 ns, At safepoint: 131700 ns, Total: 678600 ns
[2020-04-27T13:41:10.986+0000][1][safepoint    ] Safepoint "Cleanup", Time since last: 1000417600 ns, Reaching safepoint: 159600 ns, At safepoint: 40300 ns, Total: 199900 ns
[2020-04-27T13:41:11.987+0000][1][safepoint    ] Safepoint "Cleanup", Time since last: 1000600800 ns, Reaching safepoint: 502900 ns, At safepoint: 140700 ns, Total: 643600 ns
[2020-04-27T13:41:12.989+0000][1][safepoint    ] Safepoint "Cleanup", Time since last: 1000867700 ns, Reaching safepoint: 557200 ns, At safepoint: 143500 ns, Total: 700700 ns
[2020-04-27T13:41:13.990+0000][1][safepoint    ] Safepoint "Cleanup", Time since last: 1000551300 ns, Reaching safepoint: 513700 ns, At safepoint: 134800 ns, Total: 648500 ns
[2020-04-27T13:41:14.991+0000][1][safepoint    ] Safepoint "Cleanup", Time since last: 1000772300 ns, Reaching safepoint: 144800 ns, At safepoint: 31800 ns, Total: 176600 ns
[2020-04-27T13:41:15.991+0000][1][safepoint    ] Safepoint "Cleanup", Time since last: 1000142100 ns, Reaching safepoint: 145400 ns, At safepoint: 31200 ns, Total: 176600 ns
[2020-04-27T13:41:16.993+0000][1][safepoint    ] Safepoint "Cleanup", Time since last: 1000617300 ns, Reaching safepoint: 363000 ns, At safepoint: 102400 ns, Total: 465400 ns
[2020-04-27T13:41:17.993+0000][1][safepoint    ] Safepoint "Cleanup", Time since last: 1000191000 ns, Reaching safepoint: 148500 ns, At safepoint: 30400 ns, Total: 178900 ns
[2020-04-27T13:41:18.993+0000][1][safepoint    ] Safepoint "Cleanup", Time since last: 1000148000 ns, Reaching safepoint: 152900 ns, At safepoint: 26900 ns, Total: 179800 ns
[2020-04-27T13:41:19.994+0000][1][safepoint    ] Safepoint "Cleanup", Time since last: 1000146700 ns, Reaching safepoint: 165200 ns, At safepoint: 29700 ns, Total: 194900 ns
[2020-04-27T13:41:20.994+0000][1][safepoint    ] Safepoint "Cleanup", Time since last: 1000153600 ns, Reaching safepoint: 229000 ns, At safepoint: 43400 ns, Total: 272400 ns
[2020-04-27T13:41:21.994+0000][1][safepoint    ] Safepoint "Cleanup", Time since last: 1000172300 ns, Reaching safepoint: 137900 ns, At safepoint: 26700 ns, Total: 164600 ns
[2020-04-27T13:41:22.995+0000][1][safepoint    ] Safepoint "Cleanup", Time since last: 1000129300 ns, Reaching safepoint: 147300 ns, At safepoint: 30300 ns, Total: 177600 ns
[2020-04-27T13:41:23.995+0000][1][safepoint    ] Safepoint "Cleanup", Time since last: 1000245700 ns, Reaching safepoint: 146500 ns, At safepoint: 31200 ns, Total: 177700 ns
[2020-04-27T13:41:24.996+0000][1][safepoint    ] Safepoint "Cleanup", Time since last: 1000554200 ns, Reaching safepoint: 195200 ns, At safepoint: 49400 ns, Total: 244600 ns
[2020-04-27T13:41:25.996+0000][1][safepoint    ] Safepoint "Cleanup", Time since last: 1000160100 ns, Reaching safepoint: 146900 ns, At safepoint: 28600 ns, Total: 175500 ns
[2020-04-27T13:41:26.997+0000][1][safepoint    ] Safepoint "Cleanup", Time since last: 1000583900 ns, Reaching safepoint: 498700 ns, At safepoint: 141100 ns, Total: 639800 ns
[2020-04-27T13:41:27.998+0000][1][safepoint    ] Safepoint "Cleanup", Time since last: 1000485800 ns, Reaching safepoint: 230600 ns, At safepoint: 48500 ns, Total: 279100 ns
[2020-04-27T13:41:28.892+0000][1][safepoint    ] Safepoint "RevokeBias", Time since last: 894008900 ns, Reaching safepoint: 171900 ns, At safepoint: 100200 ns, Total: 272100 ns
[2020-04-27T13:41:28.893+0000][1][safepoint    ] Safepoint "RevokeBias", Time since last: 181000 ns, Reaching safepoint: 327400 ns, At safepoint: 160600 ns, Total: 488000 ns
[2020-04-27T13:41:28.895+0000][1][safepoint    ] Safepoint "BulkRevokeBias", Time since last: 334300 ns, Reaching safepoint: 278600 ns, At safepoint: 1069300 ns, Total: 1347900 ns
[2020-04-27T13:41:28.900+0000][1][safepoint    ] Safepoint "RevokeBias", Time since last: 5094800 ns, Reaching safepoint: 150200 ns, At safepoint: 91200 ns, Total: 241400 ns
[2020-04-27T13:41:28.901+0000][1][safepoint    ] Safepoint "RevokeBias", Time since last: 209400 ns, Reaching safepoint: 130100 ns, At safepoint: 89200 ns, Total: 219300 ns
[2020-04-27T13:41:28.901+0000][1][safepoint    ] Safepoint "RevokeBias", Time since last: 231400 ns, Reaching safepoint: 217200 ns, At safepoint: 99700 ns, Total: 316900 ns
[2020-04-27T13:41:29.901+0000][1][safepoint    ] Safepoint "Cleanup", Time since last: 1000159600 ns, Reaching safepoint: 139600 ns, At safepoint: 46600 ns, Total: 186200 ns
[2020-04-27T13:41:30.536+0000][1][safepoint    ] Safepoint "RevokeBias", Time since last: 633912000 ns, Reaching safepoint: 170600 ns, At safepoint: 53600 ns, Total: 224200 ns
[2020-04-27T13:41:30.536+0000][1][safepoint    ] Safepoint "RevokeBias", Time since last: 253500 ns, Reaching safepoint: 120900 ns, At safepoint: 48200 ns, Total: 169100 ns
[2020-04-27T13:41:30.704+0000][1][safepoint    ] Safepoint "RevokeBias", Time since last: 167323400 ns, Reaching safepoint: 553400 ns, At safepoint: 175400 ns, Total: 728800 ns
[2020-04-27T13:41:30.705+0000][1][safepoint    ] Safepoint "RevokeBias", Time since last: 675900 ns, Reaching safepoint: 414300 ns, At safepoint: 164600 ns, Total: 578900 ns
[2020-04-27T13:41:30.791+0000][1][safepoint    ] Safepoint "RevokeBias", Time since last: 85482500 ns, Reaching safepoint: 148700 ns, At safepoint: 47600 ns, Total: 196300 ns
[2020-04-27T13:41:31.792+0000][1][safepoint    ] Safepoint "Cleanup", Time since last: 1000556200 ns, Reaching safepoint: 150700 ns, At safepoint: 35100 ns, Total: 185800 ns
[2020-04-27T13:41:32.792+0000][1][safepoint    ] Safepoint "Cleanup", Time since last: 1000314200 ns, Reaching safepoint: 286500 ns, At safepoint: 76700 ns, Total: 363200 ns
[2020-04-27T13:41:33.793+0000][1][safepoint    ] Safepoint "Cleanup", Time since last: 1000201600 ns, Reaching safepoint: 154700 ns, At safepoint: 50100 ns, Total: 204800 ns
[2020-04-27T13:41:34.793+0000][1][safepoint    ] Safepoint "Cleanup", Time since last: 1000198300 ns, Reaching safepoint: 185200 ns, At safepoint: 34200 ns, Total: 219400 ns
[2020-04-27T13:41:35.794+0000][1][safepoint    ] Safepoint "Cleanup", Time since last: 1000170800 ns, Reaching safepoint: 158500 ns, At safepoint: 29900 ns, Total: 188400 ns
[2020-04-27T13:41:36.794+0000][1][safepoint    ] Safepoint "Cleanup", Time since last: 1000259900 ns, Reaching safepoint: 149900 ns, At safepoint: 32800 ns, Total: 182700 ns
[2020-04-27T13:41:37.795+0000][1][safepoint    ] Safepoint "Cleanup", Time since last: 1000409700 ns, Reaching safepoint: 446100 ns, At safepoint: 126600 ns, Total: 572700 ns
[2020-04-27T13:41:38.795+0000][1][safepoint    ] Safepoint "Cleanup", Time since last: 1000223100 ns, Reaching safepoint: 146200 ns, At safepoint: 29900 ns, Total: 176100 ns
[2020-04-27T13:41:39.796+0000][1][safepoint    ] Safepoint "Cleanup", Time since last: 1000327700 ns, Reaching safepoint: 503000 ns, At safepoint: 151700 ns, Total: 654700 ns
[2020-04-27T13:41:40.798+0000][1][safepoint    ] Safepoint "Cleanup", Time since last: 1000744700 ns, Reaching safepoint: 487700 ns, At safepoint: 139000 ns, Total: 626700 ns
[2020-04-27T13:41:41.798+0000][1][safepoint    ] Safepoint "Cleanup", Time since last: 1000451300 ns, Reaching safepoint: 143600 ns, At safepoint: 31200 ns, Total: 174800 ns
[2020-04-27T13:41:42.799+0000][1][safepoint    ] Safepoint "Cleanup", Time since last: 1000204300 ns, Reaching safepoint: 154800 ns, At safepoint: 31200 ns, Total: 186000 ns
[2020-04-27T13:41:43.800+0000][1][safepoint    ] Safepoint "Cleanup", Time since last: 1000548100 ns, Reaching safepoint: 483300 ns, At safepoint: 138900 ns, Total: 622200 ns
[2020-04-27T13:41:44.800+0000][1][safepoint    ] Safepoint "Cleanup", Time since last: 1000324000 ns, Reaching safepoint: 154300 ns, At safepoint: 31800 ns, Total: 186100 ns
[2020-04-27T13:41:45.801+0000][1][safepoint    ] Safepoint "Cleanup", Time since last: 1000181600 ns, Reaching safepoint: 232500 ns, At safepoint: 35400 ns, Total: 267900 ns
[2020-04-27T13:41:46.801+0000][1][safepoint    ] Safepoint "Cleanup", Time since last: 1000194200 ns, Reaching safepoint: 136400 ns, At safepoint: 28400 ns, Total: 164800 ns
[2020-04-27T13:41:47.802+0000][1][safepoint    ] Safepoint "Cleanup", Time since last: 1000178600 ns, Reaching safepoint: 152000 ns, At safepoint: 31700 ns, Total: 183700 ns
[2020-04-27T13:41:48.802+0000][1][safepoint    ] Safepoint "Cleanup", Time since last: 1000294900 ns, Reaching safepoint: 152400 ns, At safepoint: 30800 ns, Total: 183200 ns
[2020-04-27T13:41:49.802+0000][1][safepoint    ] Safepoint "Cleanup", Time since last: 1000167900 ns, Reaching safepoint: 147900 ns, At safepoint: 31200 ns, Total: 179100 ns
[2020-04-27T13:41:50.803+0000][1][safepoint    ] Safepoint "Cleanup", Time since last: 1000169100 ns, Reaching safepoint: 254400 ns, At safepoint: 53500 ns, Total: 307900 ns
[2020-04-27T13:41:51.803+0000][1][safepoint    ] Safepoint "Cleanup", Time since last: 1000169900 ns, Reaching safepoint: 177300 ns, At safepoint: 33200 ns, Total: 210500 ns
[2020-04-27T13:41:52.804+0000][1][safepoint    ] Safepoint "Cleanup", Time since last: 1000162900 ns, Reaching safepoint: 244600 ns, At safepoint: 40800 ns, Total: 285400 ns
[2020-04-27T13:41:53.804+0000][1][safepoint    ] Safepoint "Cleanup", Time since last: 1000184700 ns, Reaching safepoint: 162900 ns, At safepoint: 48100 ns, Total: 211000 ns
[2020-04-27T13:41:54.805+0000][1][safepoint    ] Safepoint "Cleanup", Time since last: 1000190100 ns, Reaching safepoint: 181000 ns, At safepoint: 65500 ns, Total: 246500 ns
[2020-04-27T13:41:55.805+0000][1][safepoint    ] Safepoint "Cleanup", Time since last: 1000193300 ns, Reaching safepoint: 302800 ns, At safepoint: 56500 ns, Total: 359300 ns
[2020-04-27T13:41:56.806+0000][1][safepoint    ] Safepoint "Cleanup", Time since last: 1000167500 ns, Reaching safepoint: 236100 ns, At safepoint: 42100 ns, Total: 278200 ns
[2020-04-27T13:41:57.806+0000][1][safepoint    ] Safepoint "Cleanup", Time since last: 1000502600 ns, Reaching safepoint: 143800 ns, At safepoint: 31300 ns, Total: 175100 ns
[2020-04-27T13:41:58.807+0000][1][safepoint    ] Safepoint "Cleanup", Time since last: 1000313300 ns, Reaching safepoint: 440800 ns, At safepoint: 138200 ns, Total: 579000 ns
[2020-04-27T13:41:59.808+0000][1][safepoint    ] Safepoint "Cleanup", Time since last: 1000343100 ns, Reaching safepoint: 175000 ns, At safepoint: 35400 ns, Total: 210400 ns
[2020-04-27T13:42:00.808+0000][1][safepoint    ] Safepoint "Cleanup", Time since last: 1000420600 ns, Reaching safepoint: 209500 ns, At safepoint: 48700 ns, Total: 258200 ns
[2020-04-27T13:42:01.809+0000][1][safepoint    ] Safepoint "Cleanup", Time since last: 1000349400 ns, Reaching safepoint: 159000 ns, At safepoint: 34300 ns, Total: 193300 ns
[2020-04-27T13:42:02.810+0000][1][safepoint    ] Safepoint "Cleanup", Time since last: 1000504000 ns, Reaching safepoint: 453200 ns, At safepoint: 137500 ns, Total: 590700 ns
[2020-04-27T13:42:03.810+0000][1][safepoint    ] Safepoint "Cleanup", Time since last: 1000233400 ns, Reaching safepoint: 140200 ns, At safepoint: 30300 ns, Total: 170500 ns
[2020-04-27T13:42:04.811+0000][1][safepoint    ] Safepoint "Cleanup", Time since last: 1000164400 ns, Reaching safepoint: 147200 ns, At safepoint: 31000 ns, Total: 178200 ns
[2020-04-27T13:42:05.812+0000][1][safepoint    ] Safepoint "Cleanup", Time since last: 1000286600 ns, Reaching safepoint: 508400 ns, At safepoint: 121200 ns, Total: 629600 ns
[2020-04-27T13:42:06.813+0000][1][safepoint    ] Safepoint "Cleanup", Time since last: 1000738300 ns, Reaching safepoint: 481900 ns, At safepoint: 140100 ns, Total: 622000 ns
[2020-04-27T13:42:07.814+0000][1][safepoint    ] Safepoint "Cleanup", Time since last: 1000318300 ns, Reaching safepoint: 544500 ns, At safepoint: 129400 ns, Total: 673900 ns
[2020-04-27T13:42:08.208+0000][1][gc,start     ] GC(23) Pause Young (Allocation Failure)
[2020-04-27T13:42:08.209+0000][1][gc,task      ] GC(23) Using 10 workers of 10 for evacuation
[2020-04-27T13:42:08.218+0000][1][gc,age       ] GC(23) Desired survivor size 8945664 bytes, new threshold 6 (max threshold 6)
[2020-04-27T13:42:08.218+0000][1][gc,age       ] GC(23) Age table with threshold 6 (max threshold 6)
[2020-04-27T13:42:08.218+0000][1][gc,age       ] GC(23) - age   1:     405984 bytes,     405984 total
[2020-04-27T13:42:08.218+0000][1][gc,age       ] GC(23) - age   2:     727080 bytes,    1133064 total
[2020-04-27T13:42:08.218+0000][1][gc,age       ] GC(23) - age   3:     690376 bytes,    1823440 total
[2020-04-27T13:42:08.218+0000][1][gc,age       ] GC(23) - age   4:     759064 bytes,    2582504 total
[2020-04-27T13:42:08.218+0000][1][gc,age       ] GC(23) - age   5:    1212720 bytes,    3795224 total
[2020-04-27T13:42:08.218+0000][1][gc,age       ] GC(23) - age   6:    3587264 bytes,    7382488 total
[2020-04-27T13:42:08.218+0000][1][gc,heap      ] GC(23) ParNew: 151591K->11902K(157248K)
[2020-04-27T13:42:08.218+0000][1][gc,heap      ] GC(23) CMS: 82762K->82762K(349568K)
[2020-04-27T13:42:08.218+0000][1][gc,metaspace ] GC(23) Metaspace: 95701K->95701K(1136640K)
[2020-04-27T13:42:08.218+0000][1][gc           ] GC(23) Pause Young (Allocation Failure) 228M->92M(494M) 9.366ms
[2020-04-27T13:42:08.218+0000][1][gc,cpu       ] GC(23) User=0.06s Sys=0.00s Real=0.01s
[2020-04-27T13:42:08.218+0000][1][safepoint    ] Safepoint "GenCollectForAllocation", Time since last: 393673600 ns, Reaching safepoint: 552800 ns, At safepoint: 9478300 ns, Total: 10031100 ns
[2020-04-27T13:42:09.218+0000][1][safepoint    ] Safepoint "Cleanup", Time since last: 1000417100 ns, Reaching safepoint: 227100 ns, At safepoint: 59400 ns, Total: 286500 ns
[2020-04-27T13:42:10.219+0000][1][safepoint    ] Safepoint "Cleanup", Time since last: 1000207000 ns, Reaching safepoint: 134300 ns, At safepoint: 31800 ns, Total: 166100 ns
[2020-04-27T13:42:11.209+0000][1][safepoint    ] Safepoint "RevokeBias", Time since last: 989195600 ns, Reaching safepoint: 525000 ns, At safepoint: 174300 ns, Total: 699300 ns
[2020-04-27T13:42:11.210+0000][1][safepoint    ] Safepoint "RevokeBias", Time since last: 647600 ns, Reaching safepoint: 386000 ns, At safepoint: 235100 ns, Total: 621100 ns
[2020-04-27T13:42:12.211+0000][1][safepoint    ] Safepoint "Cleanup", Time since last: 1000454000 ns, Reaching safepoint: 136200 ns, At safepoint: 28500 ns, Total: 164700 ns
[2020-04-27T13:42:13.212+0000][1][safepoint    ] Safepoint "Cleanup", Time since last: 1000576400 ns, Reaching safepoint: 486200 ns, At safepoint: 140700 ns, Total: 626900 ns
[2020-04-27T13:42:14.212+0000][1][safepoint    ] Safepoint "Cleanup", Time since last: 1000197400 ns, Reaching safepoint: 172900 ns, At safepoint: 59600 ns, Total: 232500 ns
[2020-04-27T13:42:15.213+0000][1][safepoint    ] Safepoint "Cleanup", Time since last: 1000249400 ns, Reaching safepoint: 350800 ns, At safepoint: 99100 ns, Total: 449900 ns
[2020-04-27T13:42:16.214+0000][1][safepoint    ] Safepoint "Cleanup", Time since last: 1000278700 ns, Reaching safepoint: 277200 ns, At safepoint: 75700 ns, Total: 352900 ns
[2020-04-27T13:42:17.214+0000][1][safepoint    ] Safepoint "Cleanup", Time since last: 1000281000 ns, Reaching safepoint: 254800 ns, At safepoint: 66000 ns, Total: 320800 ns
[2020-04-27T13:42:18.215+0000][1][safepoint    ] Safepoint "Cleanup", Time since last: 1000335800 ns, Reaching safepoint: 540200 ns, At safepoint: 129300 ns, Total: 669500 ns
[2020-04-27T13:42:19.216+0000][1][safepoint    ] Safepoint "Cleanup", Time since last: 1000270500 ns, Reaching safepoint: 252300 ns, At safepoint: 148900 ns, Total: 401200 ns
[2020-04-27T13:42:20.217+0000][1][safepoint    ] Safepoint "Cleanup", Time since last: 1000284600 ns, Reaching safepoint: 308800 ns, At safepoint: 114100 ns, Total: 422900 ns
[2020-04-27T13:42:21.217+0000][1][safepoint    ] Safepoint "Cleanup", Time since last: 1000379100 ns, Reaching safepoint: 244200 ns, At safepoint: 40400 ns, Total: 284600 ns
[2020-04-27T13:42:22.218+0000][1][safepoint    ] Safepoint "Cleanup", Time since last: 1000371400 ns, Reaching safepoint: 483700 ns, At safepoint: 139800 ns, Total: 623500 ns
[2020-04-27T13:42:23.219+0000][1][safepoint    ] Safepoint "Cleanup", Time since last: 1000578500 ns, Reaching safepoint: 208400 ns, At safepoint: 54400 ns, Total: 262800 ns
[2020-04-27T13:42:24.219+0000][1][safepoint    ] Safepoint "Cleanup", Time since last: 1000148100 ns, Reaching safepoint: 128000 ns, At safepoint: 27300 ns, Total: 155300 ns
[2020-04-27T13:42:25.220+0000][1][safepoint    ] Safepoint "Cleanup", Time since last: 1000412300 ns, Reaching safepoint: 271500 ns, At safepoint: 76100 ns, Total: 347600 ns
[2020-04-27T13:42:26.221+0000][1][safepoint    ] Safepoint "Cleanup", Time since last: 1000530300 ns, Reaching safepoint: 139300 ns, At safepoint: 31400 ns, Total: 170700 ns
[2020-04-27T13:42:27.222+0000][1][safepoint    ] Safepoint "Cleanup", Time since last: 1000457300 ns, Reaching safepoint: 263000 ns, At safepoint: 74500 ns, Total: 337500 ns
[2020-04-27T13:42:28.222+0000][1][safepoint    ] Safepoint "Cleanup", Time since last: 1000250100 ns, Reaching safepoint: 193800 ns, At safepoint: 46700 ns, Total: 240500 ns
[2020-04-27T13:42:29.222+0000][1][safepoint    ] Safepoint "Cleanup", Time since last: 1000173000 ns, Reaching safepoint: 132400 ns, At safepoint: 28900 ns, Total: 161300 ns
[2020-04-27T13:42:29.883+0000][1][safepoint    ] Safepoint "RevokeBias", Time since last: 660138500 ns, Reaching safepoint: 139100 ns, At safepoint: 72900 ns, Total: 212000 ns
[2020-04-27T13:42:29.883+0000][1][safepoint    ] Safepoint "RevokeBias", Time since last: 90600 ns, Reaching safepoint: 182400 ns, At safepoint: 64800 ns, Total: 247200 ns
[2020-04-27T13:42:29.884+0000][1][safepoint    ] Safepoint "RevokeBias", Time since last: 221400 ns, Reaching safepoint: 174300 ns, At safepoint: 58700 ns, Total: 233000 ns
[2020-04-27T13:42:29.888+0000][1][safepoint    ] Safepoint "RevokeBias", Time since last: 3757900 ns, Reaching safepoint: 118300 ns, At safepoint: 77000 ns, Total: 195300 ns
[2020-04-27T13:42:29.888+0000][1][safepoint    ] Safepoint "RevokeBias", Time since last: 166500 ns, Reaching safepoint: 178100 ns, At safepoint: 79100 ns, Total: 257200 ns
[2020-04-27T13:42:29.888+0000][1][safepoint    ] Safepoint "RevokeBias", Time since last: 149000 ns, Reaching safepoint: 179800 ns, At safepoint: 57800 ns, Total: 237600 ns
[2020-04-27T13:42:30.889+0000][1][safepoint    ] Safepoint "Cleanup", Time since last: 1000363600 ns, Reaching safepoint: 166000 ns, At safepoint: 29500 ns, Total: 195500 ns
[2020-04-27T13:42:31.890+0000][1][safepoint    ] Safepoint "Cleanup", Time since last: 1000483200 ns, Reaching safepoint: 554600 ns, At safepoint: 171600 ns, Total: 726200 ns
[2020-04-27T13:42:32.891+0000][1][safepoint    ] Safepoint "Cleanup", Time since last: 1000556300 ns, Reaching safepoint: 223100 ns, At safepoint: 56700 ns, Total: 279800 ns
[2020-04-27T13:42:33.892+0000][1][safepoint    ] Safepoint "Cleanup", Time since last: 1000207000 ns, Reaching safepoint: 385800 ns, At safepoint: 47200 ns, Total: 433000 ns
[2020-04-27T13:42:34.315+0000][1][safepoint    ] Safepoint "RevokeBias", Time since last: 422590400 ns, Reaching safepoint: 330000 ns, At safepoint: 55300 ns, Total: 385300 ns
[2020-04-27T13:42:34.318+0000][1][safepoint    ] Safepoint "RevokeBias", Time since last: 3217900 ns, Reaching safepoint: 225000 ns, At safepoint: 66700 ns, Total: 291700 ns
[2020-04-27T13:42:34.318+0000][1][safepoint    ] Safepoint "RevokeBias", Time since last: 162000 ns, Reaching safepoint: 91400 ns, At safepoint: 34300 ns, Total: 125700 ns
[2020-04-27T13:42:34.325+0000][1][safepoint    ] Safepoint "RevokeBias", Time since last: 5902200 ns, Reaching safepoint: 230600 ns, At safepoint: 55300 ns, Total: 285900 ns
[2020-04-27T13:42:34.325+0000][1][safepoint    ] Safepoint "RevokeBias", Time since last: 260500 ns, Reaching safepoint: 148900 ns, At safepoint: 37400 ns, Total: 186300 ns
[2020-04-27T13:42:35.325+0000][1][safepoint    ] Safepoint "Cleanup", Time since last: 1000197000 ns, Reaching safepoint: 190500 ns, At safepoint: 38200 ns, Total: 228700 ns
[2020-04-27T13:42:36.326+0000][1][safepoint    ] Safepoint "Cleanup", Time since last: 1000447500 ns, Reaching safepoint: 234500 ns, At safepoint: 59600 ns, Total: 294100 ns
[2020-04-27T13:42:37.327+0000][1][safepoint    ] Safepoint "Cleanup", Time since last: 1000174000 ns, Reaching safepoint: 149600 ns, At safepoint: 30000 ns, Total: 179600 ns
[2020-04-27T13:42:38.327+0000][1][safepoint    ] Safepoint "Cleanup", Time since last: 1000157000 ns, Reaching safepoint: 160500 ns, At safepoint: 27700 ns, Total: 188200 ns
[2020-04-27T13:42:39.327+0000][1][safepoint    ] Safepoint "Cleanup", Time since last: 1000164800 ns, Reaching safepoint: 139400 ns, At safepoint: 27200 ns, Total: 166600 ns
[2020-04-27T13:42:40.328+0000][1][safepoint    ] Safepoint "Cleanup", Time since last: 1000173600 ns, Reaching safepoint: 146700 ns, At safepoint: 28900 ns, Total: 175600 ns
[2020-04-27T13:42:41.328+0000][1][safepoint    ] Safepoint "Cleanup", Time since last: 1000150800 ns, Reaching safepoint: 147400 ns, At safepoint: 29100 ns, Total: 176500 ns
[2020-04-27T13:42:42.328+0000][1][safepoint    ] Safepoint "Cleanup", Time since last: 1000158600 ns, Reaching safepoint: 153500 ns, At safepoint: 29500 ns, Total: 183000 ns
[2020-04-27T13:42:42.347+0000][1][safepoint    ] Safepoint "RevokeBias", Time since last: 18311000 ns, Reaching safepoint: 165600 ns, At safepoint: 64000 ns, Total: 229600 ns
[2020-04-27T13:42:42.347+0000][1][safepoint    ] Safepoint "RevokeBias", Time since last: 157700 ns, Reaching safepoint: 133100 ns, At safepoint: 51700 ns, Total: 184800 ns
[2020-04-27T13:42:42.347+0000][1][safepoint    ] Safepoint "RevokeBias", Time since last: 135500 ns, Reaching safepoint: 86600 ns, At safepoint: 37900 ns, Total: 124500 ns
[2020-04-27T13:42:42.348+0000][1][safepoint    ] Safepoint "RevokeBias", Time since last: 141800 ns, Reaching safepoint: 83000 ns, At safepoint: 37800 ns, Total: 120800 ns
[2020-04-27T13:42:42.348+0000][1][safepoint    ] Safepoint "RevokeBias", Time since last: 140700 ns, Reaching safepoint: 84300 ns, At safepoint: 36400 ns, Total: 120700 ns
[2020-04-27T13:42:42.348+0000][1][safepoint    ] Safepoint "RevokeBias", Time since last: 132200 ns, Reaching safepoint: 84000 ns, At safepoint: 35800 ns, Total: 119800 ns
[2020-04-27T13:42:42.348+0000][1][safepoint    ] Safepoint "RevokeBias", Time since last: 129000 ns, Reaching safepoint: 84300 ns, At safepoint: 35300 ns, Total: 119600 ns
[2020-04-27T13:42:42.349+0000][1][safepoint    ] Safepoint "RevokeBias", Time since last: 132100 ns, Reaching safepoint: 83600 ns, At safepoint: 36200 ns, Total: 119800 ns
[2020-04-27T13:42:42.349+0000][1][safepoint    ] Safepoint "RevokeBias", Time since last: 128400 ns, Reaching safepoint: 85000 ns, At safepoint: 35900 ns, Total: 120900 ns
[2020-04-27T13:42:43.349+0000][1][safepoint    ] Safepoint "Cleanup", Time since last: 1000159800 ns, Reaching safepoint: 163300 ns, At safepoint: 30400 ns, Total: 193700 ns
[2020-04-27T13:42:44.350+0000][1][safepoint    ] Safepoint "Cleanup", Time since last: 1000195400 ns, Reaching safepoint: 156500 ns, At safepoint: 32200 ns, Total: 188700 ns
[2020-04-27T13:42:45.350+0000][1][safepoint    ] Safepoint "Cleanup", Time since last: 1000159700 ns, Reaching safepoint: 158700 ns, At safepoint: 34800 ns, Total: 193500 ns
[2020-04-27T13:42:46.350+0000][1][safepoint    ] Safepoint "Cleanup", Time since last: 1000185700 ns, Reaching safepoint: 147500 ns, At safepoint: 33400 ns, Total: 180900 ns
[2020-04-27T13:42:47.351+0000][1][safepoint    ] Safepoint "Cleanup", Time since last: 1000152800 ns, Reaching safepoint: 157700 ns, At safepoint: 30000 ns, Total: 187700 ns
[2020-04-27T13:42:48.351+0000][1][safepoint    ] Safepoint "Cleanup", Time since last: 1000180200 ns, Reaching safepoint: 140100 ns, At safepoint: 26000 ns, Total: 166100 ns
[2020-04-27T13:42:49.351+0000][1][safepoint    ] Safepoint "Cleanup", Time since last: 1000149500 ns, Reaching safepoint: 155200 ns, At safepoint: 25400 ns, Total: 180600 ns
[2020-04-27T13:42:50.352+0000][1][safepoint    ] Safepoint "Cleanup", Time since last: 1000154600 ns, Reaching safepoint: 138500 ns, At safepoint: 49400 ns, Total: 187900 ns
[2020-04-27T13:42:51.352+0000][1][safepoint    ] Safepoint "Cleanup", Time since last: 1000178200 ns, Reaching safepoint: 194000 ns, At safepoint: 45800 ns, Total: 239800 ns
[2020-04-27T13:42:52.347+0000][1][safepoint    ] Safepoint "RevokeBias", Time since last: 995017000 ns, Reaching safepoint: 141200 ns, At safepoint: 42000 ns, Total: 183200 ns
[2020-04-27T13:42:53.348+0000][1][safepoint    ] Safepoint "Cleanup", Time since last: 1000163500 ns, Reaching safepoint: 184800 ns, At safepoint: 79700 ns, Total: 264500 ns
[2020-04-27T13:42:54.348+0000][1][safepoint    ] Safepoint "Cleanup", Time since last: 1000194100 ns, Reaching safepoint: 156600 ns, At safepoint: 29000 ns, Total: 185600 ns
[2020-04-27T13:42:55.349+0000][1][safepoint    ] Safepoint "Cleanup", Time since last: 1000176900 ns, Reaching safepoint: 159800 ns, At safepoint: 48700 ns, Total: 208500 ns
[2020-04-27T13:42:56.350+0000][1][safepoint    ] Safepoint "Cleanup", Time since last: 1000668100 ns, Reaching safepoint: 473800 ns, At safepoint: 135800 ns, Total: 609600 ns
[2020-04-27T13:42:57.351+0000][1][safepoint    ] Safepoint "Cleanup", Time since last: 1000760500 ns, Reaching safepoint: 469400 ns, At safepoint: 134300 ns, Total: 603700 ns
[2020-04-27T13:42:58.352+0000][1][safepoint    ] Safepoint "Cleanup", Time since last: 1000464200 ns, Reaching safepoint: 469300 ns, At safepoint: 145000 ns, Total: 614300 ns
[2020-04-27T13:42:59.353+0000][1][safepoint    ] Safepoint "Cleanup", Time since last: 1000236600 ns, Reaching safepoint: 150500 ns, At safepoint: 33900 ns, Total: 184400 ns
[2020-04-27T13:43:00.353+0000][1][safepoint    ] Safepoint "Cleanup", Time since last: 1000161000 ns, Reaching safepoint: 155000 ns, At safepoint: 30900 ns, Total: 185900 ns
[2020-04-27T13:43:01.354+0000][1][safepoint    ] Safepoint "Cleanup", Time since last: 1000199500 ns, Reaching safepoint: 273000 ns, At safepoint: 57600 ns, Total: 330600 ns
[2020-04-27T13:43:02.354+0000][1][safepoint    ] Safepoint "Cleanup", Time since last: 1000292300 ns, Reaching safepoint: 479500 ns, At safepoint: 97700 ns, Total: 577200 ns
[2020-04-27T13:43:03.356+0000][1][safepoint    ] Safepoint "Cleanup", Time since last: 1000348700 ns, Reaching safepoint: 588700 ns, At safepoint: 132900 ns, Total: 721600 ns
[2020-04-27T13:43:04.357+0000][1][safepoint    ] Safepoint "Cleanup", Time since last: 1000500900 ns, Reaching safepoint: 437600 ns, At safepoint: 128700 ns, Total: 566300 ns
[2020-04-27T13:43:05.358+0000][1][safepoint    ] Safepoint "Cleanup", Time since last: 1000406300 ns, Reaching safepoint: 429000 ns, At safepoint: 144300 ns, Total: 573300 ns
[2020-04-27T13:43:06.358+0000][1][safepoint    ] Safepoint "Cleanup", Time since last: 1000338100 ns, Reaching safepoint: 294800 ns, At safepoint: 79500 ns, Total: 374300 ns
[2020-04-27T13:43:07.360+0000][1][safepoint    ] Safepoint "Cleanup", Time since last: 1000610400 ns, Reaching safepoint: 487400 ns, At safepoint: 211900 ns, Total: 699300 ns
[2020-04-27T13:43:08.360+0000][1][safepoint    ] Safepoint "Cleanup", Time since last: 1000417700 ns, Reaching safepoint: 223500 ns, At safepoint: 61700 ns, Total: 285200 ns
[2020-04-27T13:43:09.362+0000][1][safepoint    ] Safepoint "Cleanup", Time since last: 1000643900 ns, Reaching safepoint: 522400 ns, At safepoint: 145000 ns, Total: 667400 ns
[2020-04-27T13:43:10.363+0000][1][safepoint    ] Safepoint "Cleanup", Time since last: 1000437800 ns, Reaching safepoint: 495500 ns, At safepoint: 135300 ns, Total: 630800 ns
[2020-04-27T13:43:11.364+0000][1][safepoint    ] Safepoint "Cleanup", Time since last: 1000577500 ns, Reaching safepoint: 574800 ns, At safepoint: 134500 ns, Total: 709300 ns
[2020-04-27T13:43:12.365+0000][1][safepoint    ] Safepoint "Cleanup", Time since last: 1000508400 ns, Reaching safepoint: 177300 ns, At safepoint: 35000 ns, Total: 212300 ns
[2020-04-27T13:43:13.366+0000][1][safepoint    ] Safepoint "Cleanup", Time since last: 1000344400 ns, Reaching safepoint: 593100 ns, At safepoint: 139400 ns, Total: 732500 ns
[2020-04-27T13:43:14.367+0000][1][safepoint    ] Safepoint "Cleanup", Time since last: 1000467500 ns, Reaching safepoint: 508100 ns, At safepoint: 142200 ns, Total: 650300 ns
[2020-04-27T13:43:15.368+0000][1][safepoint    ] Safepoint "Cleanup", Time since last: 1000589500 ns, Reaching safepoint: 198600 ns, At safepoint: 46100 ns, Total: 244700 ns
[2020-04-27T13:43:16.369+0000][1][safepoint    ] Safepoint "Cleanup", Time since last: 1000656800 ns, Reaching safepoint: 578300 ns, At safepoint: 199300 ns, Total: 777600 ns
[2020-04-27T13:43:17.370+0000][1][safepoint    ] Safepoint "Cleanup", Time since last: 1000541300 ns, Reaching safepoint: 576600 ns, At safepoint: 137500 ns, Total: 714100 ns
[2020-04-27T13:43:18.371+0000][1][safepoint    ] Safepoint "Cleanup", Time since last: 1000301600 ns, Reaching safepoint: 154500 ns, At safepoint: 31900 ns, Total: 186400 ns
[2020-04-27T13:43:19.371+0000][1][safepoint    ] Safepoint "Cleanup", Time since last: 1000153100 ns, Reaching safepoint: 189500 ns, At safepoint: 43700 ns, Total: 233200 ns
[2020-04-27T13:43:20.372+0000][1][safepoint    ] Safepoint "Cleanup", Time since last: 1000180700 ns, Reaching safepoint: 329800 ns, At safepoint: 42600 ns, Total: 372400 ns
[2020-04-27T13:43:21.372+0000][1][safepoint    ] Safepoint "Cleanup", Time since last: 1000221600 ns, Reaching safepoint: 176300 ns, At safepoint: 39800 ns, Total: 216100 ns
[2020-04-27T13:43:22.373+0000][1][safepoint    ] Safepoint "Cleanup", Time since last: 1000462200 ns, Reaching safepoint: 178300 ns, At safepoint: 38600 ns, Total: 216900 ns
[2020-04-27T13:43:23.374+0000][1][safepoint    ] Safepoint "Cleanup", Time since last: 1000238700 ns, Reaching safepoint: 289100 ns, At safepoint: 72000 ns, Total: 361100 ns
[2020-04-27T13:43:24.375+0000][1][safepoint    ] Safepoint "Cleanup", Time since last: 1000327000 ns, Reaching safepoint: 530500 ns, At safepoint: 150600 ns, Total: 681100 ns
[2020-04-27T13:43:25.376+0000][1][safepoint    ] Safepoint "Cleanup", Time since last: 1000332700 ns, Reaching safepoint: 553100 ns, At safepoint: 202800 ns, Total: 755900 ns
[2020-04-27T13:43:26.377+0000][1][safepoint    ] Safepoint "Cleanup", Time since last: 1000324100 ns, Reaching safepoint: 508100 ns, At safepoint: 137400 ns, Total: 645500 ns
[2020-04-27T13:43:27.377+0000][1][safepoint    ] Safepoint "Cleanup", Time since last: 1000651100 ns, Reaching safepoint: 192300 ns, At safepoint: 40100 ns, Total: 232400 ns
[2020-04-27T13:43:28.379+0000][1][safepoint    ] Safepoint "Cleanup", Time since last: 1000367500 ns, Reaching safepoint: 510800 ns, At safepoint: 138700 ns, Total: 649500 ns
[2020-04-27T13:43:29.379+0000][1][safepoint    ] Safepoint "Cleanup", Time since last: 1000579400 ns, Reaching safepoint: 312400 ns, At safepoint: 77400 ns, Total: 389800 ns
[2020-04-27T13:43:30.380+0000][1][safepoint    ] Safepoint "Cleanup", Time since last: 1000286400 ns, Reaching safepoint: 192900 ns, At safepoint: 45000 ns, Total: 237900 ns
[2020-04-27T13:43:31.380+0000][1][safepoint    ] Safepoint "Cleanup", Time since last: 1000308500 ns, Reaching safepoint: 156300 ns, At safepoint: 28800 ns, Total: 185100 ns
[2020-04-27T13:43:31.872+0000][1][safepoint    ] Safepoint "RevokeBias", Time since last: 490996500 ns, Reaching safepoint: 250800 ns, At safepoint: 88800 ns, Total: 339600 ns
[2020-04-27T13:43:31.872+0000][1][safepoint    ] Safepoint "RevokeBias", Time since last: 214800 ns, Reaching safepoint: 269100 ns, At safepoint: 85800 ns, Total: 354900 ns
[2020-04-27T13:43:31.882+0000][1][safepoint    ] Safepoint "RevokeBias", Time since last: 8844600 ns, Reaching safepoint: 211400 ns, At safepoint: 73900 ns, Total: 285300 ns
[2020-04-27T13:43:31.882+0000][1][safepoint    ] Safepoint "RevokeBias", Time since last: 288100 ns, Reaching safepoint: 117400 ns, At safepoint: 70300 ns, Total: 187700 ns
[2020-04-27T13:43:31.883+0000][1][safepoint    ] Safepoint "RevokeBias", Time since last: 266700 ns, Reaching safepoint: 247700 ns, At safepoint: 110100 ns, Total: 357800 ns
[2020-04-27T13:43:32.883+0000][1][safepoint    ] Safepoint "Cleanup", Time since last: 1000315700 ns, Reaching safepoint: 155700 ns, At safepoint: 33400 ns, Total: 189100 ns
[2020-04-27T13:43:33.883+0000][1][safepoint    ] Safepoint "Cleanup", Time since last: 1000180100 ns, Reaching safepoint: 156000 ns, At safepoint: 30300 ns, Total: 186300 ns
[2020-04-27T13:43:34.884+0000][1][safepoint    ] Safepoint "Cleanup", Time since last: 1000169900 ns, Reaching safepoint: 145900 ns, At safepoint: 30300 ns, Total: 176200 ns
[2020-04-27T13:43:35.885+0000][1][safepoint    ] Safepoint "Cleanup", Time since last: 1000344200 ns, Reaching safepoint: 507300 ns, At safepoint: 140000 ns, Total: 647300 ns
[2020-04-27T13:43:36.886+0000][1][safepoint    ] Safepoint "Cleanup", Time since last: 1000417600 ns, Reaching safepoint: 413900 ns, At safepoint: 108800 ns, Total: 522700 ns
[2020-04-27T13:43:37.887+0000][1][safepoint    ] Safepoint "Cleanup", Time since last: 1000589900 ns, Reaching safepoint: 152800 ns, At safepoint: 32900 ns, Total: 185700 ns
[2020-04-27T13:43:38.888+0000][1][safepoint    ] Safepoint "Cleanup", Time since last: 1000721000 ns, Reaching safepoint: 505500 ns, At safepoint: 145300 ns, Total: 650800 ns
[2020-04-27T13:43:39.889+0000][1][safepoint    ] Safepoint "Cleanup", Time since last: 1000684500 ns, Reaching safepoint: 573700 ns, At safepoint: 135600 ns, Total: 709300 ns
[2020-04-27T13:43:40.890+0000][1][safepoint    ] Safepoint "Cleanup", Time since last: 1000270600 ns, Reaching safepoint: 255500 ns, At safepoint: 64500 ns, Total: 320000 ns
[2020-04-27T13:43:41.891+0000][1][safepoint    ] Safepoint "Cleanup", Time since last: 1000649900 ns, Reaching safepoint: 584000 ns, At safepoint: 133700 ns, Total: 717700 ns
[2020-04-27T13:43:42.892+0000][1][safepoint    ] Safepoint "Cleanup", Time since last: 1000290600 ns, Reaching safepoint: 499100 ns, At safepoint: 176900 ns, Total: 676000 ns
[2020-04-27T13:43:43.893+0000][1][safepoint    ] Safepoint "Cleanup", Time since last: 1000230700 ns, Reaching safepoint: 443000 ns, At safepoint: 47800 ns, Total: 490800 ns
[2020-04-27T13:43:44.896+0000][1][safepoint    ] Safepoint "Cleanup", Time since last: 1002887900 ns, Reaching safepoint: 220600 ns, At safepoint: 39000 ns, Total: 259600 ns
[2020-04-27T13:43:45.657+0000][1][safepoint    ] Safepoint "RevokeBias", Time since last: 760506600 ns, Reaching safepoint: 255700 ns, At safepoint: 85400 ns, Total: 341100 ns
[2020-04-27T13:43:45.659+0000][1][safepoint    ] Safepoint "RevokeBias", Time since last: 1634300 ns, Reaching safepoint: 176800 ns, At safepoint: 30100 ns, Total: 206900 ns
[2020-04-27T13:43:46.660+0000][1][safepoint    ] Safepoint "Cleanup", Time since last: 1000303600 ns, Reaching safepoint: 675900 ns, At safepoint: 120600 ns, Total: 796500 ns
[2020-04-27T13:43:47.660+0000][1][safepoint    ] Safepoint "Cleanup", Time since last: 1000260200 ns, Reaching safepoint: 146200 ns, At safepoint: 32700 ns, Total: 178900 ns
[2020-04-27T13:43:48.662+0000][1][safepoint    ] Safepoint "Cleanup", Time since last: 1000395400 ns, Reaching safepoint: 766400 ns, At safepoint: 259300 ns, Total: 1025700 ns
[2020-04-27T13:43:49.663+0000][1][safepoint    ] Safepoint "Cleanup", Time since last: 1000747100 ns, Reaching safepoint: 547300 ns, At safepoint: 140600 ns, Total: 687900 ns
[2020-04-27T13:43:50.664+0000][1][safepoint    ] Safepoint "Cleanup", Time since last: 1000576600 ns, Reaching safepoint: 154100 ns, At safepoint: 32700 ns, Total: 186800 ns
[2020-04-27T13:43:51.665+0000][1][safepoint    ] Safepoint "Cleanup", Time since last: 1000671200 ns, Reaching safepoint: 555200 ns, At safepoint: 136900 ns, Total: 692100 ns
[2020-04-27T13:43:52.667+0000][1][safepoint    ] Safepoint "Cleanup", Time since last: 1000498300 ns, Reaching safepoint: 825800 ns, At safepoint: 214600 ns, Total: 1040400 ns
[2020-04-27T13:43:53.668+0000][1][safepoint    ] Safepoint "Cleanup", Time since last: 1000747200 ns, Reaching safepoint: 508100 ns, At safepoint: 141300 ns, Total: 649400 ns
[2020-04-27T13:43:54.669+0000][1][safepoint    ] Safepoint "Cleanup", Time since last: 1000265300 ns, Reaching safepoint: 214000 ns, At safepoint: 28600 ns, Total: 242600 ns
[2020-04-27T13:43:55.670+0000][1][safepoint    ] Safepoint "Cleanup", Time since last: 1000293600 ns, Reaching safepoint: 377500 ns, At safepoint: 100500 ns, Total: 478000 ns
[2020-04-27T13:43:56.671+0000][1][safepoint    ] Safepoint "Cleanup", Time since last: 1000451600 ns, Reaching safepoint: 519600 ns, At safepoint: 147700 ns, Total: 667300 ns
[2020-04-27T13:43:57.672+0000][1][safepoint    ] Safepoint "Cleanup", Time since last: 1000412000 ns, Reaching safepoint: 469300 ns, At safepoint: 124800 ns, Total: 594100 ns
[2020-04-27T13:43:58.673+0000][1][safepoint    ] Safepoint "Cleanup", Time since last: 1000701900 ns, Reaching safepoint: 471700 ns, At safepoint: 135400 ns, Total: 607100 ns
[2020-04-27T13:43:59.674+0000][1][safepoint    ] Safepoint "Cleanup", Time since last: 1000630000 ns, Reaching safepoint: 582600 ns, At safepoint: 135000 ns, Total: 717600 ns
[2020-04-27T13:44:00.675+0000][1][safepoint    ] Safepoint "Cleanup", Time since last: 1000216800 ns, Reaching safepoint: 223200 ns, At safepoint: 43100 ns, Total: 266300 ns
[2020-04-27T13:44:01.675+0000][1][safepoint    ] Safepoint "Cleanup", Time since last: 1000335200 ns, Reaching safepoint: 151400 ns, At safepoint: 29800 ns, Total: 181200 ns
[2020-04-27T13:44:02.676+0000][1][safepoint    ] Safepoint "Cleanup", Time since last: 1000563200 ns, Reaching safepoint: 180700 ns, At safepoint: 39900 ns, Total: 220600 ns
[2020-04-27T13:44:03.677+0000][1][safepoint    ] Safepoint "Cleanup", Time since last: 1000591600 ns, Reaching safepoint: 219800 ns, At safepoint: 53900 ns, Total: 273700 ns
[2020-04-27T13:44:04.678+0000][1][safepoint    ] Safepoint "Cleanup", Time since last: 1000323600 ns, Reaching safepoint: 413400 ns, At safepoint: 97000 ns, Total: 510400 ns
[2020-04-27T13:44:05.678+0000][1][safepoint    ] Safepoint "Cleanup", Time since last: 1000214000 ns, Reaching safepoint: 160000 ns, At safepoint: 35400 ns, Total: 195400 ns
[2020-04-27T13:44:06.679+0000][1][safepoint    ] Safepoint "Cleanup", Time since last: 1000652200 ns, Reaching safepoint: 438400 ns, At safepoint: 123200 ns, Total: 561600 ns
[2020-04-27T13:44:07.681+0000][1][safepoint    ] Safepoint "Cleanup", Time since last: 1000468300 ns, Reaching safepoint: 575800 ns, At safepoint: 139700 ns, Total: 715500 ns
[2020-04-27T13:44:08.681+0000][1][safepoint    ] Safepoint "Cleanup", Time since last: 1000283400 ns, Reaching safepoint: 312400 ns, At safepoint: 81200 ns, Total: 393600 ns
[2020-04-27T13:44:09.682+0000][1][safepoint    ] Safepoint "Cleanup", Time since last: 1000589600 ns, Reaching safepoint: 150900 ns, At safepoint: 32600 ns, Total: 183500 ns
[2020-04-27T13:44:10.683+0000][1][safepoint    ] Safepoint "Cleanup", Time since last: 1000214800 ns, Reaching safepoint: 193900 ns, At safepoint: 41100 ns, Total: 235000 ns
[2020-04-27T13:44:11.683+0000][1][safepoint    ] Safepoint "Cleanup", Time since last: 1000257000 ns, Reaching safepoint: 383800 ns, At safepoint: 101100 ns, Total: 484900 ns
[2020-04-27T13:44:12.684+0000][1][safepoint    ] Safepoint "Cleanup", Time since last: 1000250300 ns, Reaching safepoint: 194500 ns, At safepoint: 32000 ns, Total: 226500 ns
[2020-04-27T13:44:13.684+0000][1][safepoint    ] Safepoint "Cleanup", Time since last: 1000198000 ns, Reaching safepoint: 150000 ns, At safepoint: 30300 ns, Total: 180300 ns
[2020-04-27T13:44:14.684+0000][1][safepoint    ] Safepoint "Cleanup", Time since last: 1000174000 ns, Reaching safepoint: 162600 ns, At safepoint: 45100 ns, Total: 207700 ns
[2020-04-27T13:44:15.685+0000][1][safepoint    ] Safepoint "Cleanup", Time since last: 1000455400 ns, Reaching safepoint: 148400 ns, At safepoint: 29000 ns, Total: 177400 ns
[2020-04-27T13:44:16.686+0000][1][safepoint    ] Safepoint "Cleanup", Time since last: 1000513700 ns, Reaching safepoint: 166200 ns, At safepoint: 30300 ns, Total: 196500 ns
[2020-04-27T13:44:17.686+0000][1][safepoint    ] Safepoint "Cleanup", Time since last: 1000214600 ns, Reaching safepoint: 151500 ns, At safepoint: 29800 ns, Total: 181300 ns
[2020-04-27T13:44:18.688+0000][1][safepoint    ] Safepoint "Cleanup", Time since last: 1000630100 ns, Reaching safepoint: 504200 ns, At safepoint: 140100 ns, Total: 644300 ns
[2020-04-27T13:44:19.689+0000][1][safepoint    ] Safepoint "Cleanup", Time since last: 1000824000 ns, Reaching safepoint: 660800 ns, At safepoint: 126600 ns, Total: 787400 ns
[2020-04-27T13:44:20.690+0000][1][safepoint    ] Safepoint "Cleanup", Time since last: 1000577500 ns, Reaching safepoint: 579000 ns, At safepoint: 149200 ns, Total: 728200 ns
[2020-04-27T13:44:21.691+0000][1][safepoint    ] Safepoint "Cleanup", Time since last: 1000397200 ns, Reaching safepoint: 504800 ns, At safepoint: 137800 ns, Total: 642600 ns
[2020-04-27T13:44:22.693+0000][1][safepoint    ] Safepoint "Cleanup", Time since last: 1000759300 ns, Reaching safepoint: 505400 ns, At safepoint: 255100 ns, Total: 760500 ns
[2020-04-27T13:44:23.694+0000][1][safepoint    ] Safepoint "Cleanup", Time since last: 1000402500 ns, Reaching safepoint: 363800 ns, At safepoint: 47300 ns, Total: 411100 ns
[2020-04-27T13:44:24.695+0000][1][safepoint    ] Safepoint "Cleanup", Time since last: 1000318500 ns, Reaching safepoint: 315100 ns, At safepoint: 105000 ns, Total: 420100 ns
[2020-04-27T13:44:25.695+0000][1][safepoint    ] Safepoint "Cleanup", Time since last: 1000339300 ns, Reaching safepoint: 248100 ns, At safepoint: 59500 ns, Total: 307600 ns
[2020-04-27T13:44:26.696+0000][1][safepoint    ] Safepoint "Cleanup", Time since last: 1000563800 ns, Reaching safepoint: 526200 ns, At safepoint: 140900 ns, Total: 667100 ns
[2020-04-27T13:44:27.697+0000][1][safepoint    ] Safepoint "Cleanup", Time since last: 1000353400 ns, Reaching safepoint: 154100 ns, At safepoint: 30700 ns, Total: 184800 ns
[2020-04-27T13:44:28.697+0000][1][safepoint    ] Safepoint "Cleanup", Time since last: 1000240900 ns, Reaching safepoint: 219400 ns, At safepoint: 53600 ns, Total: 273000 ns
[2020-04-27T13:44:29.698+0000][1][safepoint    ] Safepoint "Cleanup", Time since last: 1000185400 ns, Reaching safepoint: 157900 ns, At safepoint: 30700 ns, Total: 188600 ns
[2020-04-27T13:44:30.698+0000][1][safepoint    ] Safepoint "Cleanup", Time since last: 1000269900 ns, Reaching safepoint: 245000 ns, At safepoint: 61500 ns, Total: 306500 ns
[2020-04-27T13:44:31.699+0000][1][safepoint    ] Safepoint "Cleanup", Time since last: 1000369000 ns, Reaching safepoint: 504200 ns, At safepoint: 181200 ns, Total: 685400 ns
[2020-04-27T13:44:32.701+0000][1][safepoint    ] Safepoint "Cleanup", Time since last: 1000517900 ns, Reaching safepoint: 508100 ns, At safepoint: 144300 ns, Total: 652400 ns
[2020-04-27T13:44:33.701+0000][1][safepoint    ] Safepoint "Cleanup", Time since last: 1000282500 ns, Reaching safepoint: 139500 ns, At safepoint: 31500 ns, Total: 171000 ns
[2020-04-27T13:44:33.860+0000][1][safepoint    ] Safepoint "RevokeBias", Time since last: 158880400 ns, Reaching safepoint: 265500 ns, At safepoint: 134200 ns, Total: 399700 ns
[2020-04-27T13:44:33.861+0000][1][safepoint    ] Safepoint "RevokeBias", Time since last: 304300 ns, Reaching safepoint: 329100 ns, At safepoint: 145500 ns, Total: 474600 ns
[2020-04-27T13:44:33.862+0000][1][safepoint    ] Safepoint "RevokeBias", Time since last: 319100 ns, Reaching safepoint: 208000 ns, At safepoint: 149700 ns, Total: 357700 ns
[2020-04-27T13:44:33.868+0000][1][safepoint    ] Safepoint "RevokeBias", Time since last: 6033500 ns, Reaching safepoint: 140700 ns, At safepoint: 71200 ns, Total: 211900 ns
[2020-04-27T13:44:33.869+0000][1][safepoint    ] Safepoint "RevokeBias", Time since last: 193900 ns, Reaching safepoint: 203000 ns, At safepoint: 68000 ns, Total: 271000 ns
[2020-04-27T13:44:33.869+0000][1][safepoint    ] Safepoint "RevokeBias", Time since last: 175700 ns, Reaching safepoint: 160800 ns, At safepoint: 113500 ns, Total: 274300 ns
[2020-04-27T13:44:34.870+0000][1][safepoint    ] Safepoint "Cleanup", Time since last: 1000464700 ns, Reaching safepoint: 604700 ns, At safepoint: 197300 ns, Total: 802000 ns
[2020-04-27T13:44:35.579+0000][1][safepoint    ] Safepoint "RevokeBias", Time since last: 708402600 ns, Reaching safepoint: 462400 ns, At safepoint: 177600 ns, Total: 640000 ns
[2020-04-27T13:44:35.584+0000][1][safepoint    ] Safepoint "RevokeBias", Time since last: 3657300 ns, Reaching safepoint: 438800 ns, At safepoint: 178200 ns, Total: 617000 ns
[2020-04-27T13:44:35.585+0000][1][safepoint    ] Safepoint "RevokeBias", Time since last: 810500 ns, Reaching safepoint: 482600 ns, At safepoint: 168000 ns, Total: 650600 ns
[2020-04-27T13:44:35.605+0000][1][safepoint    ] Safepoint "RevokeBias", Time since last: 20010100 ns, Reaching safepoint: 270800 ns, At safepoint: 168900 ns, Total: 439700 ns
[2020-04-27T13:44:35.606+0000][1][safepoint    ] Safepoint "RevokeBias", Time since last: 353800 ns, Reaching safepoint: 225200 ns, At safepoint: 130700 ns, Total: 355900 ns
[2020-04-27T13:44:35.607+0000][1][safepoint    ] Safepoint "RevokeBias", Time since last: 312500 ns, Reaching safepoint: 369400 ns, At safepoint: 189600 ns, Total: 559000 ns
[2020-04-27T13:44:35.608+0000][1][safepoint    ] Safepoint "RevokeBias", Time since last: 334100 ns, Reaching safepoint: 244600 ns, At safepoint: 124600 ns, Total: 369200 ns
[2020-04-27T13:44:35.608+0000][1][safepoint    ] Safepoint "RevokeBias", Time since last: 349300 ns, Reaching safepoint: 248600 ns, At safepoint: 125900 ns, Total: 374500 ns
[2020-04-27T13:44:35.609+0000][1][safepoint    ] Safepoint "RevokeBias", Time since last: 358100 ns, Reaching safepoint: 163600 ns, At safepoint: 115000 ns, Total: 278600 ns
[2020-04-27T13:44:35.610+0000][1][safepoint    ] Safepoint "RevokeBias", Time since last: 285600 ns, Reaching safepoint: 393300 ns, At safepoint: 132200 ns, Total: 525500 ns
[2020-04-27T13:44:35.611+0000][1][safepoint    ] Safepoint "RevokeBias", Time since last: 271800 ns, Reaching safepoint: 194700 ns, At safepoint: 134700 ns, Total: 329400 ns
[2020-04-27T13:44:35.611+0000][1][safepoint    ] Safepoint "RevokeBias", Time since last: 295600 ns, Reaching safepoint: 160200 ns, At safepoint: 100800 ns, Total: 261000 ns
[2020-04-27T13:44:35.612+0000][1][safepoint    ] Safepoint "RevokeBias", Time since last: 276900 ns, Reaching safepoint: 187300 ns, At safepoint: 69700 ns, Total: 257000 ns
[2020-04-27T13:44:35.612+0000][1][safepoint    ] Safepoint "RevokeBias", Time since last: 282100 ns, Reaching safepoint: 160700 ns, At safepoint: 101600 ns, Total: 262300 ns
[2020-04-27T13:44:35.623+0000][1][gc,start     ] GC(24) Pause Young (Allocation Failure)
[2020-04-27T13:44:35.623+0000][1][gc,task      ] GC(24) Using 10 workers of 10 for evacuation
[2020-04-27T13:44:35.629+0000][1][gc,age       ] GC(24) Desired survivor size 8945664 bytes, new threshold 6 (max threshold 6)
[2020-04-27T13:44:35.629+0000][1][gc,age       ] GC(24) Age table with threshold 6 (max threshold 6)
[2020-04-27T13:44:35.629+0000][1][gc,age       ] GC(24) - age   1:     821088 bytes,     821088 total
[2020-04-27T13:44:35.629+0000][1][gc,age       ] GC(24) - age   2:     199720 bytes,    1020808 total
[2020-04-27T13:44:35.629+0000][1][gc,age       ] GC(24) - age   3:     443128 bytes,    1463936 total
[2020-04-27T13:44:35.629+0000][1][gc,age       ] GC(24) - age   4:     627600 bytes,    2091536 total
[2020-04-27T13:44:35.629+0000][1][gc,age       ] GC(24) - age   5:     742384 bytes,    2833920 total
[2020-04-27T13:44:35.629+0000][1][gc,age       ] GC(24) - age   6:    1184000 bytes,    4017920 total
[2020-04-27T13:44:35.629+0000][1][gc,heap      ] GC(24) ParNew: 151678K->8588K(157248K)
[2020-04-27T13:44:35.629+0000][1][gc,heap      ] GC(24) CMS: 82762K->86177K(349568K)
[2020-04-27T13:44:35.629+0000][1][gc,metaspace ] GC(24) Metaspace: 95939K->95939K(1136640K)
[2020-04-27T13:44:35.629+0000][1][gc           ] GC(24) Pause Young (Allocation Failure) 228M->92M(494M) 6.088ms
[2020-04-27T13:44:35.629+0000][1][gc,cpu       ] GC(24) User=0.04s Sys=0.00s Real=0.01s
[2020-04-27T13:44:35.629+0000][1][safepoint    ] Safepoint "GenCollectForAllocation", Time since last: 10505700 ns, Reaching safepoint: 193000 ns, At safepoint: 6198200 ns, Total: 6391200 ns
[2020-04-27T13:44:35.656+0000][1][safepoint    ] Safepoint "RevokeBias", Time since last: 27020700 ns, Reaching safepoint: 135300 ns, At safepoint: 53900 ns, Total: 189200 ns
[2020-04-27T13:44:35.661+0000][1][safepoint    ] Safepoint "RevokeBias", Time since last: 4236800 ns, Reaching safepoint: 139000 ns, At safepoint: 62300 ns, Total: 201300 ns
[2020-04-27T13:44:35.705+0000][1][safepoint    ] Safepoint "RevokeBias", Time since last: 43709800 ns, Reaching safepoint: 137000 ns, At safepoint: 34200 ns, Total: 171200 ns
[2020-04-27T13:44:35.712+0000][1][safepoint    ] Safepoint "BulkRevokeBias", Time since last: 6998200 ns, Reaching safepoint: 123100 ns, At safepoint: 541300 ns, Total: 664400 ns
[2020-04-27T13:44:35.728+0000][1][safepoint    ] Safepoint "RevokeBias", Time since last: 15972400 ns, Reaching safepoint: 134600 ns, At safepoint: 54100 ns, Total: 188700 ns
[2020-04-27T13:44:35.735+0000][1][safepoint    ] Safepoint "RevokeBias", Time since last: 6239800 ns, Reaching safepoint: 226600 ns, At safepoint: 59800 ns, Total: 286400 ns
[2020-04-27T13:44:36.250+0000][1][safepoint    ] Safepoint "BulkRevokeBias", Time since last: 513996300 ns, Reaching safepoint: 152300 ns, At safepoint: 528600 ns, Total: 680900 ns
[2020-04-27T13:44:36.527+0000][1][safepoint    ] Safepoint "RevokeBias", Time since last: 276763500 ns, Reaching safepoint: 191700 ns, At safepoint: 50300 ns, Total: 242000 ns
[2020-04-27T13:44:36.528+0000][1][safepoint    ] Safepoint "RevokeBias", Time since last: 899100 ns, Reaching safepoint: 113000 ns, At safepoint: 50800 ns, Total: 163800 ns
[2020-04-27T13:44:36.539+0000][1][safepoint    ] Safepoint "RevokeBias", Time since last: 10788900 ns, Reaching safepoint: 220700 ns, At safepoint: 84300 ns, Total: 305000 ns
[2020-04-27T13:44:36.539+0000][1][safepoint    ] Safepoint "RevokeBias", Time since last: 183400 ns, Reaching safepoint: 208300 ns, At safepoint: 61600 ns, Total: 269900 ns
[2020-04-27T13:44:36.540+0000][1][safepoint    ] Safepoint "RevokeBias", Time since last: 363100 ns, Reaching safepoint: 103800 ns, At safepoint: 62200 ns, Total: 166000 ns
[2020-04-27T13:44:36.569+0000][1][safepoint    ] Safepoint "RevokeBias", Time since last: 29429900 ns, Reaching safepoint: 128600 ns, At safepoint: 36200 ns, Total: 164800 ns
[2020-04-27T13:44:36.570+0000][1][safepoint    ] Safepoint "RevokeBias", Time since last: 235600 ns, Reaching safepoint: 89600 ns, At safepoint: 33000 ns, Total: 122600 ns
[2020-04-27T13:44:36.570+0000][1][safepoint    ] Safepoint "RevokeBias", Time since last: 195000 ns, Reaching safepoint: 74500 ns, At safepoint: 32500 ns, Total: 107000 ns
[2020-04-27T13:44:36.570+0000][1][safepoint    ] Safepoint "RevokeBias", Time since last: 180700 ns, Reaching safepoint: 76400 ns, At safepoint: 32100 ns, Total: 108500 ns
[2020-04-27T13:44:36.571+0000][1][safepoint    ] Safepoint "RevokeBias", Time since last: 171900 ns, Reaching safepoint: 93700 ns, At safepoint: 32200 ns, Total: 125900 ns
[2020-04-27T13:44:36.571+0000][1][safepoint    ] Safepoint "RevokeBias", Time since last: 172600 ns, Reaching safepoint: 75600 ns, At safepoint: 32200 ns, Total: 107800 ns
[2020-04-27T13:44:36.571+0000][1][safepoint    ] Safepoint "RevokeBias", Time since last: 155200 ns, Reaching safepoint: 75700 ns, At safepoint: 32500 ns, Total: 108200 ns
[2020-04-27T13:44:36.571+0000][1][safepoint    ] Safepoint "RevokeBias", Time since last: 182900 ns, Reaching safepoint: 74200 ns, At safepoint: 32300 ns, Total: 106500 ns
[2020-04-27T13:44:36.572+0000][1][safepoint    ] Safepoint "RevokeBias", Time since last: 186600 ns, Reaching safepoint: 94000 ns, At safepoint: 54800 ns, Total: 148800 ns
[2020-04-27T13:44:36.572+0000][1][safepoint    ] Safepoint "RevokeBias", Time since last: 241100 ns, Reaching safepoint: 73700 ns, At safepoint: 32000 ns, Total: 105700 ns
[2020-04-27T13:44:36.572+0000][1][safepoint    ] Safepoint "RevokeBias", Time since last: 176700 ns, Reaching safepoint: 73900 ns, At safepoint: 31900 ns, Total: 105800 ns
[2020-04-27T13:44:36.573+0000][1][safepoint    ] Safepoint "RevokeBias", Time since last: 282800 ns, Reaching safepoint: 73900 ns, At safepoint: 32100 ns, Total: 106000 ns
[2020-04-27T13:44:36.573+0000][1][safepoint    ] Safepoint "RevokeBias", Time since last: 177200 ns, Reaching safepoint: 75300 ns, At safepoint: 31600 ns, Total: 106900 ns
[2020-04-27T13:44:36.573+0000][1][safepoint    ] Safepoint "RevokeBias", Time since last: 176300 ns, Reaching safepoint: 74200 ns, At safepoint: 31700 ns, Total: 105900 ns
[2020-04-27T13:44:36.574+0000][1][safepoint    ] Safepoint "RevokeBias", Time since last: 182000 ns, Reaching safepoint: 75400 ns, At safepoint: 31300 ns, Total: 106700 ns
[2020-04-27T13:44:36.574+0000][1][safepoint    ] Safepoint "RevokeBias", Time since last: 182300 ns, Reaching safepoint: 73600 ns, At safepoint: 32200 ns, Total: 105800 ns
[2020-04-27T13:44:36.574+0000][1][safepoint    ] Safepoint "RevokeBias", Time since last: 185300 ns, Reaching safepoint: 73600 ns, At safepoint: 31700 ns, Total: 105300 ns
[2020-04-27T13:44:36.575+0000][1][safepoint    ] Safepoint "RevokeBias", Time since last: 189200 ns, Reaching safepoint: 74200 ns, At safepoint: 31800 ns, Total: 106000 ns
[2020-04-27T13:44:36.576+0000][1][safepoint    ] Safepoint "RevokeBias", Time since last: 1784400 ns, Reaching safepoint: 79400 ns, At safepoint: 46500 ns, Total: 125900 ns
[2020-04-27T13:44:36.578+0000][1][safepoint    ] Safepoint "RevokeBias", Time since last: 1474900 ns, Reaching safepoint: 130400 ns, At safepoint: 89000 ns, Total: 219400 ns
[2020-04-27T13:44:37.580+0000][1][safepoint    ] Safepoint "Cleanup", Time since last: 1000719500 ns, Reaching safepoint: 653000 ns, At safepoint: 145100 ns, Total: 798100 ns
[2020-04-27T13:44:38.581+0000][1][safepoint    ] Safepoint "Cleanup", Time since last: 1000536200 ns, Reaching safepoint: 509000 ns, At safepoint: 146300 ns, Total: 655300 ns
[2020-04-27T13:44:39.582+0000][1][safepoint    ] Safepoint "Cleanup", Time since last: 1000612100 ns, Reaching safepoint: 500600 ns, At safepoint: 131100 ns, Total: 631700 ns
[2020-04-27T13:44:40.583+0000][1][safepoint    ] Safepoint "Cleanup", Time since last: 1000612500 ns, Reaching safepoint: 172700 ns, At safepoint: 39200 ns, Total: 211900 ns
[2020-04-27T13:44:41.584+0000][1][safepoint    ] Safepoint "Cleanup", Time since last: 1000633000 ns, Reaching safepoint: 501000 ns, At safepoint: 143200 ns, Total: 644200 ns
[2020-04-27T13:44:41.658+0000][1][safepoint    ] Safepoint "RevokeBias", Time since last: 73428500 ns, Reaching safepoint: 331600 ns, At safepoint: 131000 ns, Total: 462600 ns
[2020-04-27T13:44:41.660+0000][1][safepoint    ] Safepoint "RevokeBias", Time since last: 2070500 ns, Reaching safepoint: 198500 ns, At safepoint: 89400 ns, Total: 287900 ns
[2020-04-27T13:44:41.661+0000][1][safepoint    ] Safepoint "RevokeBias", Time since last: 469100 ns, Reaching safepoint: 197300 ns, At safepoint: 126100 ns, Total: 323400 ns
[2020-04-27T13:44:41.706+0000][1][safepoint    ] Safepoint "RevokeBias", Time since last: 44221600 ns, Reaching safepoint: 151800 ns, At safepoint: 55400 ns, Total: 207200 ns
[2020-04-27T13:44:41.709+0000][1][safepoint    ] Safepoint "RevokeBias", Time since last: 3405700 ns, Reaching safepoint: 153100 ns, At safepoint: 112500 ns, Total: 265600 ns
[2020-04-27T13:44:41.752+0000][1][safepoint    ] Safepoint "RevokeBias", Time since last: 42555600 ns, Reaching safepoint: 142900 ns, At safepoint: 33900 ns, Total: 176800 ns
[2020-04-27T13:44:41.759+0000][1][safepoint    ] Safepoint "RevokeBias", Time since last: 7285800 ns, Reaching safepoint: 105800 ns, At safepoint: 46800 ns, Total: 152600 ns
[2020-04-27T13:44:41.775+0000][1][safepoint    ] Safepoint "RevokeBias", Time since last: 15369400 ns, Reaching safepoint: 136600 ns, At safepoint: 35100 ns, Total: 171700 ns
[2020-04-27T13:44:41.781+0000][1][safepoint    ] Safepoint "RevokeBias", Time since last: 5903500 ns, Reaching safepoint: 167100 ns, At safepoint: 44900 ns, Total: 212000 ns
[2020-04-27T13:44:42.306+0000][1][safepoint    ] Safepoint "RevokeBias", Time since last: 524383100 ns, Reaching safepoint: 240700 ns, At safepoint: 77500 ns, Total: 318200 ns
[2020-04-27T13:44:42.307+0000][1][safepoint    ] Safepoint "RevokeBias", Time since last: 1107400 ns, Reaching safepoint: 160700 ns, At safepoint: 85700 ns, Total: 246400 ns
[2020-04-27T13:44:42.588+0000][1][safepoint    ] Safepoint "RevokeBias", Time since last: 280861800 ns, Reaching safepoint: 145200 ns, At safepoint: 42700 ns, Total: 187900 ns
[2020-04-27T13:44:42.589+0000][1][safepoint    ] Safepoint "RevokeBias", Time since last: 669900 ns, Reaching safepoint: 110000 ns, At safepoint: 36300 ns, Total: 146300 ns
[2020-04-27T13:44:42.600+0000][1][safepoint    ] Safepoint "RevokeBias", Time since last: 10648500 ns, Reaching safepoint: 198700 ns, At safepoint: 55800 ns, Total: 254500 ns
[2020-04-27T13:44:42.600+0000][1][safepoint    ] Safepoint "RevokeBias", Time since last: 136300 ns, Reaching safepoint: 155400 ns, At safepoint: 38700 ns, Total: 194100 ns
[2020-04-27T13:44:42.601+0000][1][safepoint    ] Safepoint "RevokeBias", Time since last: 279200 ns, Reaching safepoint: 95000 ns, At safepoint: 34800 ns, Total: 129800 ns
[2020-04-27T13:44:42.626+0000][1][safepoint    ] Safepoint "RevokeBias", Time since last: 24714000 ns, Reaching safepoint: 204900 ns, At safepoint: 64400 ns, Total: 269300 ns
[2020-04-27T13:44:42.626+0000][1][safepoint    ] Safepoint "RevokeBias", Time since last: 273600 ns, Reaching safepoint: 277800 ns, At safepoint: 67600 ns, Total: 345400 ns
[2020-04-27T13:44:42.627+0000][1][safepoint    ] Safepoint "RevokeBias", Time since last: 201200 ns, Reaching safepoint: 356200 ns, At safepoint: 72700 ns, Total: 428900 ns
[2020-04-27T13:44:42.627+0000][1][safepoint    ] Safepoint "RevokeBias", Time since last: 233100 ns, Reaching safepoint: 201800 ns, At safepoint: 66400 ns, Total: 268200 ns
[2020-04-27T13:44:42.628+0000][1][safepoint    ] Safepoint "RevokeBias", Time since last: 188900 ns, Reaching safepoint: 160600 ns, At safepoint: 44400 ns, Total: 205000 ns
[2020-04-27T13:44:42.628+0000][1][safepoint    ] Safepoint "RevokeBias", Time since last: 146500 ns, Reaching safepoint: 107700 ns, At safepoint: 42600 ns, Total: 150300 ns
[2020-04-27T13:44:42.628+0000][1][safepoint    ] Safepoint "RevokeBias", Time since last: 187000 ns, Reaching safepoint: 107500 ns, At safepoint: 42200 ns, Total: 149700 ns
[2020-04-27T13:44:42.629+0000][1][safepoint    ] Safepoint "RevokeBias", Time since last: 216600 ns, Reaching safepoint: 106900 ns, At safepoint: 52400 ns, Total: 159300 ns
[2020-04-27T13:44:42.629+0000][1][safepoint    ] Safepoint "RevokeBias", Time since last: 109700 ns, Reaching safepoint: 76100 ns, At safepoint: 30400 ns, Total: 106500 ns
[2020-04-27T13:44:42.629+0000][1][safepoint    ] Safepoint "RevokeBias", Time since last: 156500 ns, Reaching safepoint: 75700 ns, At safepoint: 30600 ns, Total: 106300 ns
[2020-04-27T13:44:42.630+0000][1][safepoint    ] Safepoint "RevokeBias", Time since last: 149500 ns, Reaching safepoint: 75600 ns, At safepoint: 30600 ns, Total: 106200 ns
[2020-04-27T13:44:42.630+0000][1][safepoint    ] Safepoint "RevokeBias", Time since last: 239300 ns, Reaching safepoint: 76000 ns, At safepoint: 30100 ns, Total: 106100 ns
[2020-04-27T13:44:42.630+0000][1][safepoint    ] Safepoint "RevokeBias", Time since last: 116900 ns, Reaching safepoint: 77400 ns, At safepoint: 30000 ns, Total: 107400 ns
[2020-04-27T13:44:42.630+0000][1][safepoint    ] Safepoint "RevokeBias", Time since last: 122800 ns, Reaching safepoint: 76500 ns, At safepoint: 29700 ns, Total: 106200 ns
[2020-04-27T13:44:42.631+0000][1][safepoint    ] Safepoint "RevokeBias", Time since last: 109900 ns, Reaching safepoint: 77800 ns, At safepoint: 30100 ns, Total: 107900 ns
[2020-04-27T13:44:42.631+0000][1][safepoint    ] Safepoint "RevokeBias", Time since last: 127200 ns, Reaching safepoint: 75700 ns, At safepoint: 30100 ns, Total: 105800 ns
[2020-04-27T13:44:42.631+0000][1][safepoint    ] Safepoint "RevokeBias", Time since last: 171100 ns, Reaching safepoint: 75800 ns, At safepoint: 30100 ns, Total: 105900 ns
[2020-04-27T13:44:42.631+0000][1][safepoint    ] Safepoint "RevokeBias", Time since last: 117500 ns, Reaching safepoint: 76400 ns, At safepoint: 29500 ns, Total: 105900 ns
[2020-04-27T13:44:43.635+0000][1][safepoint    ] Safepoint "Cleanup", Time since last: 1003553700 ns, Reaching safepoint: 184500 ns, At safepoint: 33900 ns, Total: 218400 ns
[2020-04-27T13:44:45.267+0000][1][safepoint    ] Safepoint "Cleanup", Time since last: 1632119900 ns, Reaching safepoint: 186700 ns, At safepoint: 39700 ns, Total: 226400 ns
[2020-04-27T13:44:46.268+0000][1][safepoint    ] Safepoint "Cleanup", Time since last: 1000167100 ns, Reaching safepoint: 153700 ns, At safepoint: 30200 ns, Total: 183900 ns
[2020-04-27T13:44:47.269+0000][1][safepoint    ] Safepoint "Cleanup", Time since last: 1000373300 ns, Reaching safepoint: 872500 ns, At safepoint: 262400 ns, Total: 1134900 ns
[2020-04-27T13:44:48.270+0000][1][safepoint    ] Safepoint "Cleanup", Time since last: 1000218000 ns, Reaching safepoint: 146300 ns, At safepoint: 35100 ns, Total: 181400 ns
[2020-04-27T13:44:49.270+0000][1][safepoint    ] Safepoint "Cleanup", Time since last: 1000322000 ns, Reaching safepoint: 159800 ns, At safepoint: 33400 ns, Total: 193200 ns
[2020-04-27T13:44:50.271+0000][1][safepoint    ] Safepoint "Cleanup", Time since last: 1000148500 ns, Reaching safepoint: 142900 ns, At safepoint: 28700 ns, Total: 171600 ns
[2020-04-27T13:44:51.271+0000][1][safepoint    ] Safepoint "Cleanup", Time since last: 1000325500 ns, Reaching safepoint: 147500 ns, At safepoint: 31300 ns, Total: 178800 ns
[2020-04-27T13:44:52.271+0000][1][safepoint    ] Safepoint "Cleanup", Time since last: 1000150300 ns, Reaching safepoint: 144400 ns, At safepoint: 30100 ns, Total: 174500 ns
[2020-04-27T13:44:53.272+0000][1][safepoint    ] Safepoint "Cleanup", Time since last: 1000479300 ns, Reaching safepoint: 143700 ns, At safepoint: 31500 ns, Total: 175200 ns
[2020-04-27T13:44:54.272+0000][1][safepoint    ] Safepoint "Cleanup", Time since last: 1000282700 ns, Reaching safepoint: 151600 ns, At safepoint: 24800 ns, Total: 176400 ns
[2020-04-27T13:44:55.274+0000][1][safepoint    ] Safepoint "Cleanup", Time since last: 1000590200 ns, Reaching safepoint: 474900 ns, At safepoint: 132100 ns, Total: 607000 ns
[2020-04-27T13:44:56.274+0000][1][safepoint    ] Safepoint "Cleanup", Time since last: 1000209000 ns, Reaching safepoint: 210800 ns, At safepoint: 47700 ns, Total: 258500 ns
[2020-04-27T13:44:57.275+0000][1][safepoint    ] Safepoint "Cleanup", Time since last: 1000314600 ns, Reaching safepoint: 517900 ns, At safepoint: 150700 ns, Total: 668600 ns
[2020-04-27T13:44:58.276+0000][1][safepoint    ] Safepoint "Cleanup", Time since last: 1000410800 ns, Reaching safepoint: 454500 ns, At safepoint: 91100 ns, Total: 545600 ns
[2020-04-27T13:44:59.277+0000][1][safepoint    ] Safepoint "Cleanup", Time since last: 1000323700 ns, Reaching safepoint: 338500 ns, At safepoint: 60100 ns, Total: 398600 ns
[2020-04-27T13:45:00.277+0000][1][safepoint    ] Safepoint "Cleanup", Time since last: 1000265200 ns, Reaching safepoint: 225700 ns, At safepoint: 39400 ns, Total: 265100 ns
[2020-04-27T13:45:01.278+0000][1][safepoint    ] Safepoint "Cleanup", Time since last: 1000252000 ns, Reaching safepoint: 270900 ns, At safepoint: 55500 ns, Total: 326400 ns
[2020-04-27T13:45:02.279+0000][1][safepoint    ] Safepoint "Cleanup", Time since last: 1000299800 ns, Reaching safepoint: 704800 ns, At safepoint: 203200 ns, Total: 908000 ns
[2020-04-27T13:45:03.280+0000][1][safepoint    ] Safepoint "Cleanup", Time since last: 1000399800 ns, Reaching safepoint: 460200 ns, At safepoint: 124100 ns, Total: 584300 ns
[2020-04-27T13:45:04.281+0000][1][safepoint    ] Safepoint "Cleanup", Time since last: 1000536000 ns, Reaching safepoint: 309700 ns, At safepoint: 81500 ns, Total: 391200 ns
[2020-04-27T13:45:05.282+0000][1][safepoint    ] Safepoint "Cleanup", Time since last: 1000598800 ns, Reaching safepoint: 429700 ns, At safepoint: 120600 ns, Total: 550300 ns
[2020-04-27T13:45:06.283+0000][1][safepoint    ] Safepoint "Cleanup", Time since last: 1000542100 ns, Reaching safepoint: 506900 ns, At safepoint: 161700 ns, Total: 668600 ns
[2020-04-27T13:45:07.284+0000][1][safepoint    ] Safepoint "Cleanup", Time since last: 1000674600 ns, Reaching safepoint: 166600 ns, At safepoint: 38400 ns, Total: 205000 ns
[2020-04-27T13:45:08.285+0000][1][safepoint    ] Safepoint "Cleanup", Time since last: 1000303300 ns, Reaching safepoint: 468800 ns, At safepoint: 129500 ns, Total: 598300 ns
[2020-04-27T13:45:09.286+0000][1][safepoint    ] Safepoint "Cleanup", Time since last: 1000643900 ns, Reaching safepoint: 176200 ns, At safepoint: 51400 ns, Total: 227600 ns
[2020-04-27T13:45:10.287+0000][1][safepoint    ] Safepoint "Cleanup", Time since last: 1000519100 ns, Reaching safepoint: 229000 ns, At safepoint: 60700 ns, Total: 289700 ns
[2020-04-27T13:45:11.287+0000][1][safepoint    ] Safepoint "Cleanup", Time since last: 1000216800 ns, Reaching safepoint: 211000 ns, At safepoint: 57700 ns, Total: 268700 ns
[2020-04-27T13:45:12.288+0000][1][safepoint    ] Safepoint "Cleanup", Time since last: 1000208300 ns, Reaching safepoint: 186000 ns, At safepoint: 73800 ns, Total: 259800 ns
[2020-04-27T13:45:13.289+0000][1][safepoint    ] Safepoint "Cleanup", Time since last: 1000479600 ns, Reaching safepoint: 175000 ns, At safepoint: 40100 ns, Total: 215100 ns
[2020-04-27T13:45:14.289+0000][1][safepoint    ] Safepoint "Cleanup", Time since last: 1000183600 ns, Reaching safepoint: 141000 ns, At safepoint: 27400 ns, Total: 168400 ns
[2020-04-27T13:45:15.289+0000][1][safepoint    ] Safepoint "Cleanup", Time since last: 1000189300 ns, Reaching safepoint: 176500 ns, At safepoint: 40600 ns, Total: 217100 ns
[2020-04-27T13:45:16.290+0000][1][safepoint    ] Safepoint "Cleanup", Time since last: 1000230700 ns, Reaching safepoint: 200000 ns, At safepoint: 51100 ns, Total: 251100 ns
[2020-04-27T13:45:17.291+0000][1][safepoint    ] Safepoint "Cleanup", Time since last: 1000362000 ns, Reaching safepoint: 522900 ns, At safepoint: 120800 ns, Total: 643700 ns
[2020-04-27T13:45:18.291+0000][1][safepoint    ] Safepoint "Cleanup", Time since last: 1000266000 ns, Reaching safepoint: 153400 ns, At safepoint: 30000 ns, Total: 183400 ns
[2020-04-27T13:45:19.292+0000][1][safepoint    ] Safepoint "Cleanup", Time since last: 1000484900 ns, Reaching safepoint: 203500 ns, At safepoint: 59800 ns, Total: 263300 ns
[2020-04-27T13:45:20.292+0000][1][safepoint    ] Safepoint "Cleanup", Time since last: 1000156400 ns, Reaching safepoint: 156400 ns, At safepoint: 32300 ns, Total: 188700 ns
[2020-04-27T13:45:21.294+0000][1][safepoint    ] Safepoint "Cleanup", Time since last: 1000575400 ns, Reaching safepoint: 501100 ns, At safepoint: 138500 ns, Total: 639600 ns
[2020-04-27T13:45:22.294+0000][1][safepoint    ] Safepoint "Cleanup", Time since last: 1000244700 ns, Reaching safepoint: 160100 ns, At safepoint: 33000 ns, Total: 193100 ns
[2020-04-27T13:45:23.295+0000][1][safepoint    ] Safepoint "Cleanup", Time since last: 1000404300 ns, Reaching safepoint: 536500 ns, At safepoint: 159900 ns, Total: 696400 ns
[2020-04-27T13:45:24.296+0000][1][safepoint    ] Safepoint "Cleanup", Time since last: 1000576700 ns, Reaching safepoint: 499700 ns, At safepoint: 133400 ns, Total: 633100 ns
[2020-04-27T13:45:25.298+0000][1][safepoint    ] Safepoint "Cleanup", Time since last: 1000683600 ns, Reaching safepoint: 499700 ns, At safepoint: 136400 ns, Total: 636100 ns
[2020-04-27T13:45:26.298+0000][1][safepoint    ] Safepoint "Cleanup", Time since last: 1000293700 ns, Reaching safepoint: 263000 ns, At safepoint: 86000 ns, Total: 349000 ns
[2020-04-27T13:45:27.299+0000][1][safepoint    ] Safepoint "Cleanup", Time since last: 1000564000 ns, Reaching safepoint: 514800 ns, At safepoint: 137400 ns, Total: 652200 ns
[2020-04-27T13:45:28.300+0000][1][safepoint    ] Safepoint "Cleanup", Time since last: 1000397500 ns, Reaching safepoint: 508500 ns, At safepoint: 135800 ns, Total: 644300 ns
[2020-04-27T13:45:29.301+0000][1][safepoint    ] Safepoint "Cleanup", Time since last: 1000278400 ns, Reaching safepoint: 161400 ns, At safepoint: 28800 ns, Total: 190200 ns
[2020-04-27T13:45:30.301+0000][1][safepoint    ] Safepoint "Cleanup", Time since last: 1000302700 ns, Reaching safepoint: 148600 ns, At safepoint: 30900 ns, Total: 179500 ns
[2020-04-27T13:45:31.302+0000][1][safepoint    ] Safepoint "Cleanup", Time since last: 1000563100 ns, Reaching safepoint: 150700 ns, At safepoint: 32800 ns, Total: 183500 ns
[2020-04-27T13:45:32.303+0000][1][safepoint    ] Safepoint "Cleanup", Time since last: 1000179200 ns, Reaching safepoint: 141400 ns, At safepoint: 27500 ns, Total: 168900 ns
[2020-04-27T13:45:33.304+0000][1][safepoint    ] Safepoint "Cleanup", Time since last: 1000678200 ns, Reaching safepoint: 465700 ns, At safepoint: 133300 ns, Total: 599000 ns
[2020-04-27T13:45:34.304+0000][1][safepoint    ] Safepoint "Cleanup", Time since last: 1000330100 ns, Reaching safepoint: 156300 ns, At safepoint: 34400 ns, Total: 190700 ns
[2020-04-27T13:45:35.305+0000][1][safepoint    ] Safepoint "Cleanup", Time since last: 1000142200 ns, Reaching safepoint: 228000 ns, At safepoint: 29200 ns, Total: 257200 ns
[2020-04-27T13:45:35.858+0000][1][safepoint    ] Safepoint "RevokeBias", Time since last: 553098700 ns, Reaching safepoint: 143500 ns, At safepoint: 70900 ns, Total: 214400 ns
[2020-04-27T13:45:35.858+0000][1][safepoint    ] Safepoint "RevokeBias", Time since last: 137100 ns, Reaching safepoint: 96300 ns, At safepoint: 80400 ns, Total: 176700 ns
[2020-04-27T13:45:35.859+0000][1][safepoint    ] Safepoint "RevokeBias", Time since last: 130500 ns, Reaching safepoint: 136200 ns, At safepoint: 57800 ns, Total: 194000 ns
[2020-04-27T13:45:35.864+0000][1][safepoint    ] Safepoint "RevokeBias", Time since last: 4828600 ns, Reaching safepoint: 261400 ns, At safepoint: 90300 ns, Total: 351700 ns
[2020-04-27T13:45:35.864+0000][1][safepoint    ] Safepoint "RevokeBias", Time since last: 127500 ns, Reaching safepoint: 179000 ns, At safepoint: 75000 ns, Total: 254000 ns
[2020-04-27T13:45:35.865+0000][1][safepoint    ] Safepoint "RevokeBias", Time since last: 309100 ns, Reaching safepoint: 180800 ns, At safepoint: 74400 ns, Total: 255200 ns
[2020-04-27T13:45:36.865+0000][1][safepoint    ] Safepoint "Cleanup", Time since last: 1000387500 ns, Reaching safepoint: 156800 ns, At safepoint: 34400 ns, Total: 191200 ns
[2020-04-27T13:45:37.866+0000][1][safepoint    ] Safepoint "Cleanup", Time since last: 1000232900 ns, Reaching safepoint: 154600 ns, At safepoint: 34000 ns, Total: 188600 ns
[2020-04-27T13:45:38.867+0000][1][safepoint    ] Safepoint "Cleanup", Time since last: 1000623000 ns, Reaching safepoint: 506600 ns, At safepoint: 162200 ns, Total: 668800 ns
[2020-04-27T13:45:39.868+0000][1][safepoint    ] Safepoint "Cleanup", Time since last: 1000730200 ns, Reaching safepoint: 514600 ns, At safepoint: 146400 ns, Total: 661000 ns
[2020-04-27T13:45:40.870+0000][1][safepoint    ] Safepoint "Cleanup", Time since last: 1000498600 ns, Reaching safepoint: 580500 ns, At safepoint: 138500 ns, Total: 719000 ns
[2020-04-27T13:45:41.871+0000][1][safepoint    ] Safepoint "Cleanup", Time since last: 1000461400 ns, Reaching safepoint: 502400 ns, At safepoint: 139400 ns, Total: 641800 ns
[2020-04-27T13:45:42.872+0000][1][safepoint    ] Safepoint "Cleanup", Time since last: 1000537000 ns, Reaching safepoint: 350500 ns, At safepoint: 95500 ns, Total: 446000 ns
[2020-04-27T13:45:43.872+0000][1][safepoint    ] Safepoint "Cleanup", Time since last: 1000357900 ns, Reaching safepoint: 264500 ns, At safepoint: 55900 ns, Total: 320400 ns
[2020-04-27T13:45:44.873+0000][1][safepoint    ] Safepoint "Cleanup", Time since last: 1000328100 ns, Reaching safepoint: 211800 ns, At safepoint: 37200 ns, Total: 249000 ns
[2020-04-27T13:45:45.874+0000][1][safepoint    ] Safepoint "Cleanup", Time since last: 1000304300 ns, Reaching safepoint: 574500 ns, At safepoint: 134400 ns, Total: 708900 ns
[2020-04-27T13:45:46.874+0000][1][safepoint    ] Safepoint "Cleanup", Time since last: 1000184200 ns, Reaching safepoint: 165500 ns, At safepoint: 29300 ns, Total: 194800 ns
[2020-04-27T13:45:47.875+0000][1][safepoint    ] Safepoint "Cleanup", Time since last: 1000159500 ns, Reaching safepoint: 156000 ns, At safepoint: 30300 ns, Total: 186300 ns
[2020-04-27T13:45:48.875+0000][1][safepoint    ] Safepoint "Cleanup", Time since last: 1000184000 ns, Reaching safepoint: 181800 ns, At safepoint: 62700 ns, Total: 244500 ns
[2020-04-27T13:45:49.876+0000][1][safepoint    ] Safepoint "Cleanup", Time since last: 1000206200 ns, Reaching safepoint: 146300 ns, At safepoint: 30900 ns, Total: 177200 ns
[2020-04-27T13:45:50.877+0000][1][safepoint    ] Safepoint "Cleanup", Time since last: 1000471600 ns, Reaching safepoint: 392100 ns, At safepoint: 103600 ns, Total: 495700 ns
[2020-04-27T13:45:51.878+0000][1][safepoint    ] Safepoint "Cleanup", Time since last: 1000576100 ns, Reaching safepoint: 323600 ns, At safepoint: 92300 ns, Total: 415900 ns
[2020-04-27T13:45:52.878+0000][1][safepoint    ] Safepoint "Cleanup", Time since last: 1000200900 ns, Reaching safepoint: 149700 ns, At safepoint: 28800 ns, Total: 178500 ns
[2020-04-27T13:45:53.879+0000][1][safepoint    ] Safepoint "Cleanup", Time since last: 1000437800 ns, Reaching safepoint: 219800 ns, At safepoint: 74900 ns, Total: 294700 ns
[2020-04-27T13:45:54.880+0000][1][safepoint    ] Safepoint "Cleanup", Time since last: 1000526500 ns, Reaching safepoint: 542700 ns, At safepoint: 531000 ns, Total: 1073700 ns
[2020-04-27T13:45:55.881+0000][1][safepoint    ] Safepoint "Cleanup", Time since last: 1000343900 ns, Reaching safepoint: 407400 ns, At safepoint: 90100 ns, Total: 497500 ns
[2020-04-27T13:45:56.882+0000][1][safepoint    ] Safepoint "Cleanup", Time since last: 1000746200 ns, Reaching safepoint: 178800 ns, At safepoint: 57000 ns, Total: 235800 ns
[2020-04-27T13:45:57.883+0000][1][safepoint    ] Safepoint "Cleanup", Time since last: 1000264100 ns, Reaching safepoint: 219100 ns, At safepoint: 100100 ns, Total: 319200 ns
[2020-04-27T13:45:58.883+0000][1][safepoint    ] Safepoint "Cleanup", Time since last: 1000283100 ns, Reaching safepoint: 221700 ns, At safepoint: 77000 ns, Total: 298700 ns
[2020-04-27T13:45:59.884+0000][1][safepoint    ] Safepoint "Cleanup", Time since last: 1000443000 ns, Reaching safepoint: 592300 ns, At safepoint: 141100 ns, Total: 733400 ns
[2020-04-27T13:46:00.885+0000][1][safepoint    ] Safepoint "Cleanup", Time since last: 1000248000 ns, Reaching safepoint: 155400 ns, At safepoint: 32900 ns, Total: 188300 ns
[2020-04-27T13:46:01.885+0000][1][safepoint    ] Safepoint "Cleanup", Time since last: 1000154500 ns, Reaching safepoint: 215500 ns, At safepoint: 45700 ns, Total: 261200 ns
[2020-04-27T13:46:02.887+0000][1][safepoint    ] Safepoint "Cleanup", Time since last: 1000486500 ns, Reaching safepoint: 670100 ns, At safepoint: 163000 ns, Total: 833100 ns
[2020-04-27T13:46:03.887+0000][1][safepoint    ] Safepoint "Cleanup", Time since last: 1000463700 ns, Reaching safepoint: 218700 ns, At safepoint: 37400 ns, Total: 256100 ns
[2020-04-27T13:46:04.888+0000][1][safepoint    ] Safepoint "Cleanup", Time since last: 1000238500 ns, Reaching safepoint: 195900 ns, At safepoint: 33100 ns, Total: 229000 ns
[2020-04-27T13:46:05.889+0000][1][safepoint    ] Safepoint "Cleanup", Time since last: 1000509300 ns, Reaching safepoint: 514500 ns, At safepoint: 107600 ns, Total: 622100 ns
[2020-04-27T13:46:06.889+0000][1][safepoint    ] Safepoint "Cleanup", Time since last: 1000241200 ns, Reaching safepoint: 150600 ns, At safepoint: 30500 ns, Total: 181100 ns
[2020-04-27T13:46:07.890+0000][1][safepoint    ] Safepoint "Cleanup", Time since last: 1000139400 ns, Reaching safepoint: 163200 ns, At safepoint: 34300 ns, Total: 197500 ns
[2020-04-27T13:46:08.890+0000][1][safepoint    ] Safepoint "Cleanup", Time since last: 1000454200 ns, Reaching safepoint: 229400 ns, At safepoint: 57200 ns, Total: 286600 ns
[2020-04-27T13:46:09.892+0000][1][safepoint    ] Safepoint "Cleanup", Time since last: 1000296400 ns, Reaching safepoint: 764100 ns, At safepoint: 138400 ns, Total: 902500 ns
[2020-04-27T13:46:10.893+0000][1][safepoint    ] Safepoint "Cleanup", Time since last: 1000774200 ns, Reaching safepoint: 516800 ns, At safepoint: 146800 ns, Total: 663600 ns
[2020-04-27T13:46:11.894+0000][1][safepoint    ] Safepoint "Cleanup", Time since last: 1000642800 ns, Reaching safepoint: 480400 ns, At safepoint: 130400 ns, Total: 610800 ns
[2020-04-27T13:46:12.895+0000][1][safepoint    ] Safepoint "Cleanup", Time since last: 1000585900 ns, Reaching safepoint: 442300 ns, At safepoint: 120200 ns, Total: 562500 ns
[2020-04-27T13:46:13.896+0000][1][safepoint    ] Safepoint "Cleanup", Time since last: 1000584800 ns, Reaching safepoint: 152900 ns, At safepoint: 33800 ns, Total: 186700 ns
[2020-04-27T13:46:14.530+0000][1][gc,start     ] GC(25) Pause Young (Allocation Failure)
[2020-04-27T13:46:14.530+0000][1][gc,task      ] GC(25) Using 10 workers of 10 for evacuation
[2020-04-27T13:46:14.537+0000][1][gc,age       ] GC(25) Desired survivor size 8945664 bytes, new threshold 6 (max threshold 6)
[2020-04-27T13:46:14.537+0000][1][gc,age       ] GC(25) Age table with threshold 6 (max threshold 6)
[2020-04-27T13:46:14.537+0000][1][gc,age       ] GC(25) - age   1:     249520 bytes,     249520 total
[2020-04-27T13:46:14.537+0000][1][gc,age       ] GC(25) - age   2:     650192 bytes,     899712 total
[2020-04-27T13:46:14.537+0000][1][gc,age       ] GC(25) - age   3:     176752 bytes,    1076464 total
[2020-04-27T13:46:14.537+0000][1][gc,age       ] GC(25) - age   4:     435416 bytes,    1511880 total
[2020-04-27T13:46:14.537+0000][1][gc,age       ] GC(25) - age   5:     619496 bytes,    2131376 total
[2020-04-27T13:46:14.537+0000][1][gc,age       ] GC(25) - age   6:     742344 bytes,    2873720 total
[2020-04-27T13:46:14.537+0000][1][gc,heap      ] GC(25) ParNew: 148364K->4238K(157248K)
[2020-04-27T13:46:14.537+0000][1][gc,heap      ] GC(25) CMS: 86177K->87352K(349568K)
[2020-04-27T13:46:14.537+0000][1][gc,metaspace ] GC(25) Metaspace: 96096K->96096K(1138688K)
[2020-04-27T13:46:14.537+0000][1][gc           ] GC(25) Pause Young (Allocation Failure) 229M->89M(494M) 7.328ms
[2020-04-27T13:46:14.537+0000][1][gc,cpu       ] GC(25) User=0.04s Sys=0.00s Real=0.00s
[2020-04-27T13:46:14.537+0000][1][safepoint    ] Safepoint "GenCollectForAllocation", Time since last: 633261000 ns, Reaching safepoint: 283800 ns, At safepoint: 7471800 ns, Total: 7755600 ns
[2020-04-27T13:46:15.538+0000][1][safepoint    ] Safepoint "Cleanup", Time since last: 1000348500 ns, Reaching safepoint: 369300 ns, At safepoint: 157300 ns, Total: 526600 ns
[2020-04-27T13:46:16.539+0000][1][safepoint    ] Safepoint "Cleanup", Time since last: 1000271100 ns, Reaching safepoint: 331700 ns, At safepoint: 83600 ns, Total: 415300 ns
[2020-04-27T13:46:17.540+0000][1][safepoint    ] Safepoint "Cleanup", Time since last: 1000307700 ns, Reaching safepoint: 522800 ns, At safepoint: 182700 ns, Total: 705500 ns
[2020-04-27T13:46:18.540+0000][1][safepoint    ] Safepoint "Cleanup", Time since last: 1000220700 ns, Reaching safepoint: 168600 ns, At safepoint: 45500 ns, Total: 214100 ns
[2020-04-27T13:46:19.541+0000][1][safepoint    ] Safepoint "Cleanup", Time since last: 1000295300 ns, Reaching safepoint: 161600 ns, At safepoint: 67400 ns, Total: 229000 ns
[2020-04-27T13:46:20.541+0000][1][safepoint    ] Safepoint "Cleanup", Time since last: 1000504400 ns, Reaching safepoint: 151700 ns, At safepoint: 47800 ns, Total: 199500 ns
[2020-04-27T13:46:21.542+0000][1][safepoint    ] Safepoint "Cleanup", Time since last: 1000522200 ns, Reaching safepoint: 153500 ns, At safepoint: 47700 ns, Total: 201200 ns
[2020-04-27T13:46:22.367+0000][1][safepoint    ] Safepoint "RevokeBias", Time since last: 824408500 ns, Reaching safepoint: 555200 ns, At safepoint: 176800 ns, Total: 732000 ns
[2020-04-27T13:46:22.369+0000][1][safepoint    ] Safepoint "RevokeBias", Time since last: 583200 ns, Reaching safepoint: 493200 ns, At safepoint: 222300 ns, Total: 715500 ns
[2020-04-27T13:46:22.370+0000][1][safepoint    ] Safepoint "RevokeBias", Time since last: 559300 ns, Reaching safepoint: 394800 ns, At safepoint: 169300 ns, Total: 564100 ns
[2020-04-27T13:46:22.371+0000][1][safepoint    ] Safepoint "RevokeBias", Time since last: 607600 ns, Reaching safepoint: 393500 ns, At safepoint: 167100 ns, Total: 560600 ns
[2020-04-27T13:46:22.372+0000][1][safepoint    ] Safepoint "RevokeBias", Time since last: 545400 ns, Reaching safepoint: 394600 ns, At safepoint: 168000 ns, Total: 562600 ns
[2020-04-27T13:46:22.376+0000][1][safepoint    ] Safepoint "BulkRevokeBias", Time since last: 606600 ns, Reaching safepoint: 392600 ns, At safepoint: 2525400 ns, Total: 2918000 ns
[2020-04-27T13:46:23.377+0000][1][safepoint    ] Safepoint "Cleanup", Time since last: 1000848800 ns, Reaching safepoint: 511400 ns, At safepoint: 263700 ns, Total: 775100 ns
[2020-04-27T13:46:24.378+0000][1][safepoint    ] Safepoint "Cleanup", Time since last: 1000373500 ns, Reaching safepoint: 373900 ns, At safepoint: 96800 ns, Total: 470700 ns
[2020-04-27T13:46:25.379+0000][1][safepoint    ] Safepoint "Cleanup", Time since last: 1000379600 ns, Reaching safepoint: 624900 ns, At safepoint: 134600 ns, Total: 759500 ns
[2020-04-27T13:46:26.380+0000][1][safepoint    ] Safepoint "Cleanup", Time since last: 1000438100 ns, Reaching safepoint: 547600 ns, At safepoint: 134000 ns, Total: 681600 ns
[2020-04-27T13:46:27.381+0000][1][safepoint    ] Safepoint "Cleanup", Time since last: 1000451500 ns, Reaching safepoint: 479700 ns, At safepoint: 149500 ns, Total: 629200 ns
[2020-04-27T13:46:28.382+0000][1][safepoint    ] Safepoint "Cleanup", Time since last: 1000361500 ns, Reaching safepoint: 504500 ns, At safepoint: 150700 ns, Total: 655200 ns
[2020-04-27T13:46:29.383+0000][1][safepoint    ] Safepoint "Cleanup", Time since last: 1000666500 ns, Reaching safepoint: 146600 ns, At safepoint: 31600 ns, Total: 178200 ns
[2020-04-27T13:46:29.503+0000][1][safepoint    ] Safepoint "RevokeBias", Time since last: 119153500 ns, Reaching safepoint: 156500 ns, At safepoint: 34900 ns, Total: 191400 ns
[2020-04-27T13:46:29.503+0000][1][safepoint    ] Safepoint "RevokeBias", Time since last: 487800 ns, Reaching safepoint: 109600 ns, At safepoint: 29900 ns, Total: 139500 ns
[2020-04-27T13:46:30.505+0000][1][safepoint    ] Safepoint "Cleanup", Time since last: 1000718300 ns, Reaching safepoint: 474400 ns, At safepoint: 143100 ns, Total: 617500 ns
[2020-04-27T13:46:31.505+0000][1][safepoint    ] Safepoint "Cleanup", Time since last: 1000241500 ns, Reaching safepoint: 152400 ns, At safepoint: 33800 ns, Total: 186200 ns
[2020-04-27T13:46:32.506+0000][1][safepoint    ] Safepoint "Cleanup", Time since last: 1000263300 ns, Reaching safepoint: 384200 ns, At safepoint: 107100 ns, Total: 491300 ns
[2020-04-27T13:46:33.507+0000][1][safepoint    ] Safepoint "Cleanup", Time since last: 1000497100 ns, Reaching safepoint: 476100 ns, At safepoint: 140300 ns, Total: 616400 ns
[2020-04-27T13:46:34.508+0000][1][safepoint    ] Safepoint "Cleanup", Time since last: 1000454100 ns, Reaching safepoint: 469800 ns, At safepoint: 132200 ns, Total: 602000 ns
[2020-04-27T13:46:35.509+0000][1][safepoint    ] Safepoint "Cleanup", Time since last: 1000487200 ns, Reaching safepoint: 553200 ns, At safepoint: 133100 ns, Total: 686300 ns
[2020-04-27T13:46:36.510+0000][1][safepoint    ] Safepoint "Cleanup", Time since last: 1000396500 ns, Reaching safepoint: 148200 ns, At safepoint: 35300 ns, Total: 183500 ns
[2020-04-27T13:46:37.510+0000][1][safepoint    ] Safepoint "Cleanup", Time since last: 1000181700 ns, Reaching safepoint: 139000 ns, At safepoint: 29700 ns, Total: 168700 ns
[2020-04-27T13:46:37.875+0000][1][safepoint    ] Safepoint "RevokeBias", Time since last: 364819100 ns, Reaching safepoint: 140700 ns, At safepoint: 68000 ns, Total: 208700 ns
[2020-04-27T13:46:37.876+0000][1][safepoint    ] Safepoint "RevokeBias", Time since last: 349200 ns, Reaching safepoint: 281600 ns, At safepoint: 95500 ns, Total: 377100 ns
[2020-04-27T13:46:37.883+0000][1][safepoint    ] Safepoint "RevokeBias", Time since last: 6619300 ns, Reaching safepoint: 193700 ns, At safepoint: 71100 ns, Total: 264800 ns
[2020-04-27T13:46:37.883+0000][1][safepoint    ] Safepoint "RevokeBias", Time since last: 86500 ns, Reaching safepoint: 193300 ns, At safepoint: 79600 ns, Total: 272900 ns
[2020-04-27T13:46:37.883+0000][1][safepoint    ] Safepoint "RevokeBias", Time since last: 191100 ns, Reaching safepoint: 215100 ns, At safepoint: 79900 ns, Total: 295000 ns
[2020-04-27T13:46:38.884+0000][1][safepoint    ] Safepoint "Cleanup", Time since last: 1000185600 ns, Reaching safepoint: 208000 ns, At safepoint: 52400 ns, Total: 260400 ns
[2020-04-27T13:46:39.885+0000][1][safepoint    ] Safepoint "Cleanup", Time since last: 1000512800 ns, Reaching safepoint: 507100 ns, At safepoint: 214200 ns, Total: 721300 ns
[2020-04-27T13:46:40.886+0000][1][safepoint    ] Safepoint "Cleanup", Time since last: 1000644900 ns, Reaching safepoint: 172500 ns, At safepoint: 40600 ns, Total: 213100 ns
[2020-04-27T13:46:41.887+0000][1][safepoint    ] Safepoint "Cleanup", Time since last: 1000757800 ns, Reaching safepoint: 465200 ns, At safepoint: 140500 ns, Total: 605700 ns
[2020-04-27T13:46:42.888+0000][1][safepoint    ] Safepoint "Cleanup", Time since last: 1000632500 ns, Reaching safepoint: 346600 ns, At safepoint: 97000 ns, Total: 443600 ns
[2020-04-27T13:46:43.889+0000][1][safepoint    ] Safepoint "Cleanup", Time since last: 1000521900 ns, Reaching safepoint: 242100 ns, At safepoint: 60800 ns, Total: 302900 ns
[2020-04-27T13:46:44.890+0000][1][safepoint    ] Safepoint "Cleanup", Time since last: 1000358300 ns, Reaching safepoint: 153600 ns, At safepoint: 30900 ns, Total: 184500 ns
[2020-04-27T13:46:45.890+0000][1][safepoint    ] Safepoint "Cleanup", Time since last: 1000188600 ns, Reaching safepoint: 183600 ns, At safepoint: 36300 ns, Total: 219900 ns
[2020-04-27T13:46:46.891+0000][1][safepoint    ] Safepoint "Cleanup", Time since last: 1000428800 ns, Reaching safepoint: 563300 ns, At safepoint: 162800 ns, Total: 726100 ns
[2020-04-27T13:46:47.892+0000][1][safepoint    ] Safepoint "Cleanup", Time since last: 1000251200 ns, Reaching safepoint: 284800 ns, At safepoint: 75700 ns, Total: 360500 ns
[2020-04-27T13:46:48.893+0000][1][safepoint    ] Safepoint "Cleanup", Time since last: 1000530100 ns, Reaching safepoint: 346100 ns, At safepoint: 96800 ns, Total: 442900 ns
[2020-04-27T13:46:49.894+0000][1][safepoint    ] Safepoint "Cleanup", Time since last: 1000350300 ns, Reaching safepoint: 470600 ns, At safepoint: 126800 ns, Total: 597400 ns
[2020-04-27T13:46:50.895+0000][1][safepoint    ] Safepoint "Cleanup", Time since last: 1000355100 ns, Reaching safepoint: 461000 ns, At safepoint: 133400 ns, Total: 594400 ns
[2020-04-27T13:46:51.896+0000][1][safepoint    ] Safepoint "Cleanup", Time since last: 1000346300 ns, Reaching safepoint: 555400 ns, At safepoint: 133100 ns, Total: 688500 ns
[2020-04-27T13:46:52.897+0000][1][safepoint    ] Safepoint "Cleanup", Time since last: 1000328100 ns, Reaching safepoint: 299400 ns, At safepoint: 85100 ns, Total: 384500 ns
[2020-04-27T13:46:53.897+0000][1][safepoint    ] Safepoint "Cleanup", Time since last: 1000338500 ns, Reaching safepoint: 186200 ns, At safepoint: 47300 ns, Total: 233500 ns
[2020-04-27T13:46:54.898+0000][1][safepoint    ] Safepoint "Cleanup", Time since last: 1000256700 ns, Reaching safepoint: 183400 ns, At safepoint: 47300 ns, Total: 230700 ns
[2020-04-27T13:46:55.899+0000][1][safepoint    ] Safepoint "Cleanup", Time since last: 1000199600 ns, Reaching safepoint: 499600 ns, At safepoint: 222400 ns, Total: 722000 ns
[2020-04-27T13:46:56.900+0000][1][safepoint    ] Safepoint "Cleanup", Time since last: 1000680500 ns, Reaching safepoint: 468100 ns, At safepoint: 133500 ns, Total: 601600 ns
[2020-04-27T13:46:57.901+0000][1][safepoint    ] Safepoint "Cleanup", Time since last: 1000832900 ns, Reaching safepoint: 527600 ns, At safepoint: 157000 ns, Total: 684600 ns
[2020-04-27T13:46:58.902+0000][1][safepoint    ] Safepoint "Cleanup", Time since last: 1000382800 ns, Reaching safepoint: 255000 ns, At safepoint: 65300 ns, Total: 320300 ns
[2020-04-27T13:46:59.903+0000][1][safepoint    ] Safepoint "Cleanup", Time since last: 1000189100 ns, Reaching safepoint: 224000 ns, At safepoint: 61700 ns, Total: 285700 ns
[2020-04-27T13:47:00.904+0000][1][safepoint    ] Safepoint "Cleanup", Time since last: 1000478600 ns, Reaching safepoint: 347200 ns, At safepoint: 102000 ns, Total: 449200 ns
[2020-04-27T13:47:01.905+0000][1][safepoint    ] Safepoint "Cleanup", Time since last: 1000736400 ns, Reaching safepoint: 464700 ns, At safepoint: 139000 ns, Total: 603700 ns
[2020-04-27T13:47:02.906+0000][1][safepoint    ] Safepoint "Cleanup", Time since last: 1000755000 ns, Reaching safepoint: 502200 ns, At safepoint: 142500 ns, Total: 644700 ns
[2020-04-27T13:47:03.907+0000][1][safepoint    ] Safepoint "Cleanup", Time since last: 1000225200 ns, Reaching safepoint: 146300 ns, At safepoint: 27600 ns, Total: 173900 ns
[2020-04-27T13:47:04.908+0000][1][safepoint    ] Safepoint "Cleanup", Time since last: 1000434400 ns, Reaching safepoint: 502000 ns, At safepoint: 137400 ns, Total: 639400 ns
[2020-04-27T13:47:05.908+0000][1][safepoint    ] Safepoint "Cleanup", Time since last: 1000336900 ns, Reaching safepoint: 165200 ns, At safepoint: 37600 ns, Total: 202800 ns
[2020-04-27T13:47:06.909+0000][1][safepoint    ] Safepoint "Cleanup", Time since last: 1000136900 ns, Reaching safepoint: 164700 ns, At safepoint: 34500 ns, Total: 199200 ns
[2020-04-27T13:47:07.910+0000][1][safepoint    ] Safepoint "Cleanup", Time since last: 1000404100 ns, Reaching safepoint: 521800 ns, At safepoint: 96600 ns, Total: 618400 ns
[2020-04-27T13:47:08.910+0000][1][safepoint    ] Safepoint "Cleanup", Time since last: 1000240300 ns, Reaching safepoint: 223100 ns, At safepoint: 45400 ns, Total: 268500 ns
[2020-04-27T13:47:09.911+0000][1][safepoint    ] Safepoint "Cleanup", Time since last: 1000512600 ns, Reaching safepoint: 566700 ns, At safepoint: 135200 ns, Total: 701900 ns
[2020-04-27T13:47:10.913+0000][1][safepoint    ] Safepoint "Cleanup", Time since last: 1000650300 ns, Reaching safepoint: 408300 ns, At safepoint: 96300 ns, Total: 504600 ns
[2020-04-27T13:47:11.913+0000][1][safepoint    ] Safepoint "Cleanup", Time since last: 1000185700 ns, Reaching safepoint: 192300 ns, At safepoint: 38100 ns, Total: 230400 ns
[2020-04-27T13:47:12.914+0000][1][safepoint    ] Safepoint "Cleanup", Time since last: 1000277100 ns, Reaching safepoint: 570000 ns, At safepoint: 112400 ns, Total: 682400 ns
[2020-04-27T13:47:13.915+0000][1][safepoint    ] Safepoint "Cleanup", Time since last: 1000516800 ns, Reaching safepoint: 212800 ns, At safepoint: 53400 ns, Total: 266200 ns
[2020-04-27T13:47:14.916+0000][1][safepoint    ] Safepoint "Cleanup", Time since last: 1000675500 ns, Reaching safepoint: 501700 ns, At safepoint: 142400 ns, Total: 644100 ns
[2020-04-27T13:47:15.917+0000][1][safepoint    ] Safepoint "Cleanup", Time since last: 1000576600 ns, Reaching safepoint: 501200 ns, At safepoint: 139700 ns, Total: 640900 ns
[2020-04-27T13:47:16.918+0000][1][safepoint    ] Safepoint "Cleanup", Time since last: 1000622300 ns, Reaching safepoint: 500300 ns, At safepoint: 137200 ns, Total: 637500 ns
[2020-04-27T13:47:17.919+0000][1][safepoint    ] Safepoint "Cleanup", Time since last: 1000587100 ns, Reaching safepoint: 252500 ns, At safepoint: 64900 ns, Total: 317400 ns
[2020-04-27T13:47:18.920+0000][1][safepoint    ] Safepoint "Cleanup", Time since last: 1000242700 ns, Reaching safepoint: 368200 ns, At safepoint: 112000 ns, Total: 480200 ns
[2020-04-27T13:47:19.920+0000][1][safepoint    ] Safepoint "Cleanup", Time since last: 1000208500 ns, Reaching safepoint: 145900 ns, At safepoint: 38000 ns, Total: 183900 ns
[2020-04-27T13:47:20.922+0000][1][safepoint    ] Safepoint "Cleanup", Time since last: 1000387900 ns, Reaching safepoint: 596300 ns, At safepoint: 159000 ns, Total: 755300 ns
[2020-04-27T13:47:21.922+0000][1][safepoint    ] Safepoint "Cleanup", Time since last: 1000462300 ns, Reaching safepoint: 315200 ns, At safepoint: 48400 ns, Total: 363600 ns
[2020-04-27T13:47:22.924+0000][1][safepoint    ] Safepoint "Cleanup", Time since last: 1000436800 ns, Reaching safepoint: 554900 ns, At safepoint: 200800 ns, Total: 755700 ns
[2020-04-27T13:47:23.925+0000][1][safepoint    ] Safepoint "Cleanup", Time since last: 1000371400 ns, Reaching safepoint: 462500 ns, At safepoint: 132500 ns, Total: 595000 ns
[2020-04-27T13:47:24.925+0000][1][safepoint    ] Safepoint "Cleanup", Time since last: 1000293400 ns, Reaching safepoint: 164600 ns, At safepoint: 41300 ns, Total: 205900 ns
[2020-04-27T13:47:25.926+0000][1][safepoint    ] Safepoint "Cleanup", Time since last: 1000188600 ns, Reaching safepoint: 460400 ns, At safepoint: 60900 ns, Total: 521300 ns
[2020-04-27T13:47:26.926+0000][1][safepoint    ] Safepoint "Cleanup", Time since last: 1000203300 ns, Reaching safepoint: 299000 ns, At safepoint: 61000 ns, Total: 360000 ns
[2020-04-27T13:47:27.927+0000][1][safepoint    ] Safepoint "Cleanup", Time since last: 1000390400 ns, Reaching safepoint: 500800 ns, At safepoint: 139300 ns, Total: 640100 ns
[2020-04-27T13:47:28.928+0000][1][safepoint    ] Safepoint "Cleanup", Time since last: 1000418500 ns, Reaching safepoint: 425400 ns, At safepoint: 116400 ns, Total: 541800 ns
[2020-04-27T13:47:29.929+0000][1][safepoint    ] Safepoint "Cleanup", Time since last: 1000230700 ns, Reaching safepoint: 241500 ns, At safepoint: 65200 ns, Total: 306700 ns
[2020-04-27T13:47:30.931+0000][1][safepoint    ] Safepoint "Cleanup", Time since last: 1000782300 ns, Reaching safepoint: 670000 ns, At safepoint: 144200 ns, Total: 814200 ns
[2020-04-27T13:47:31.932+0000][1][safepoint    ] Safepoint "Cleanup", Time since last: 1000490800 ns, Reaching safepoint: 587500 ns, At safepoint: 130500 ns, Total: 718000 ns
[2020-04-27T13:47:32.933+0000][1][safepoint    ] Safepoint "Cleanup", Time since last: 1000632400 ns, Reaching safepoint: 243900 ns, At safepoint: 58400 ns, Total: 302300 ns
[2020-04-27T13:47:33.934+0000][1][safepoint    ] Safepoint "Cleanup", Time since last: 1000385900 ns, Reaching safepoint: 506700 ns, At safepoint: 141400 ns, Total: 648100 ns
[2020-04-27T13:47:34.326+0000][1][safepoint    ] Safepoint "RevokeBias", Time since last: 392193800 ns, Reaching safepoint: 126800 ns, At safepoint: 51000 ns, Total: 177800 ns
[2020-04-27T13:47:35.287+0000][1][safepoint    ] Safepoint "RevokeBias", Time since last: 960910800 ns, Reaching safepoint: 139500 ns, At safepoint: 40700 ns, Total: 180200 ns
[2020-04-27T13:47:36.288+0000][1][safepoint    ] Safepoint "Cleanup", Time since last: 1000184400 ns, Reaching safepoint: 157500 ns, At safepoint: 30700 ns, Total: 188200 ns
[2020-04-27T13:47:37.288+0000][1][safepoint    ] Safepoint "Cleanup", Time since last: 1000248700 ns, Reaching safepoint: 248000 ns, At safepoint: 36800 ns, Total: 284800 ns
[2020-04-27T13:47:38.289+0000][1][safepoint    ] Safepoint "Cleanup", Time since last: 1000232500 ns, Reaching safepoint: 316300 ns, At safepoint: 55400 ns, Total: 371700 ns
[2020-04-27T13:47:39.289+0000][1][safepoint    ] Safepoint "Cleanup", Time since last: 1000222100 ns, Reaching safepoint: 208800 ns, At safepoint: 31700 ns, Total: 240500 ns
[2020-04-27T13:47:39.872+0000][1][safepoint    ] Safepoint "RevokeBias", Time since last: 583012400 ns, Reaching safepoint: 175500 ns, At safepoint: 75400 ns, Total: 250900 ns
[2020-04-27T13:47:39.873+0000][1][safepoint    ] Safepoint "RevokeBias", Time since last: 62600 ns, Reaching safepoint: 93400 ns, At safepoint: 62500 ns, Total: 155900 ns
[2020-04-27T13:47:39.873+0000][1][safepoint    ] Safepoint "RevokeBias", Time since last: 258000 ns, Reaching safepoint: 184900 ns, At safepoint: 62500 ns, Total: 247400 ns
[2020-04-27T13:47:39.880+0000][1][safepoint    ] Safepoint "RevokeBias", Time since last: 6640200 ns, Reaching safepoint: 139600 ns, At safepoint: 74000 ns, Total: 213600 ns
[2020-04-27T13:47:39.881+0000][1][safepoint    ] Safepoint "RevokeBias", Time since last: 250500 ns, Reaching safepoint: 356600 ns, At safepoint: 63700 ns, Total: 420300 ns
[2020-04-27T13:47:39.881+0000][1][safepoint    ] Safepoint "RevokeBias", Time since last: 72200 ns, Reaching safepoint: 205300 ns, At safepoint: 66800 ns, Total: 272100 ns
[2020-04-27T13:47:40.881+0000][1][safepoint    ] Safepoint "Cleanup", Time since last: 1000163600 ns, Reaching safepoint: 149800 ns, At safepoint: 63900 ns, Total: 213700 ns
[2020-04-27T13:47:41.882+0000][1][safepoint    ] Safepoint "Cleanup", Time since last: 1000208600 ns, Reaching safepoint: 152400 ns, At safepoint: 29000 ns, Total: 181400 ns
[2020-04-27T13:47:42.882+0000][1][safepoint    ] Safepoint "Cleanup", Time since last: 1000151100 ns, Reaching safepoint: 151600 ns, At safepoint: 50500 ns, Total: 202100 ns
[2020-04-27T13:47:43.882+0000][1][safepoint    ] Safepoint "Cleanup", Time since last: 1000145900 ns, Reaching safepoint: 166700 ns, At safepoint: 32500 ns, Total: 199200 ns
[2020-04-27T13:47:44.883+0000][1][safepoint    ] Safepoint "Cleanup", Time since last: 1000375200 ns, Reaching safepoint: 149200 ns, At safepoint: 29900 ns, Total: 179100 ns
[2020-04-27T13:47:45.884+0000][1][safepoint    ] Safepoint "Cleanup", Time since last: 1000310200 ns, Reaching safepoint: 306400 ns, At safepoint: 86000 ns, Total: 392400 ns
[2020-04-27T13:47:46.884+0000][1][safepoint    ] Safepoint "Cleanup", Time since last: 1000236500 ns, Reaching safepoint: 283200 ns, At safepoint: 100200 ns, Total: 383400 ns
[2020-04-27T13:47:47.885+0000][1][safepoint    ] Safepoint "Cleanup", Time since last: 1000361700 ns, Reaching safepoint: 150100 ns, At safepoint: 29300 ns, Total: 179400 ns
[2020-04-27T13:47:48.885+0000][1][safepoint    ] Safepoint "Cleanup", Time since last: 1000172900 ns, Reaching safepoint: 160400 ns, At safepoint: 33200 ns, Total: 193600 ns
[2020-04-27T13:47:49.886+0000][1][safepoint    ] Safepoint "Cleanup", Time since last: 1000174700 ns, Reaching safepoint: 151300 ns, At safepoint: 29500 ns, Total: 180800 ns
[2020-04-27T13:47:50.887+0000][1][safepoint    ] Safepoint "Cleanup", Time since last: 1000699200 ns, Reaching safepoint: 499200 ns, At safepoint: 211700 ns, Total: 710900 ns
[2020-04-27T13:47:51.888+0000][1][safepoint    ] Safepoint "Cleanup", Time since last: 1000423000 ns, Reaching safepoint: 217400 ns, At safepoint: 52500 ns, Total: 269900 ns
[2020-04-27T13:47:52.889+0000][1][safepoint    ] Safepoint "Cleanup", Time since last: 1000360300 ns, Reaching safepoint: 602400 ns, At safepoint: 129900 ns, Total: 732300 ns
[2020-04-27T13:47:53.889+0000][1][safepoint    ] Safepoint "Cleanup", Time since last: 1000307200 ns, Reaching safepoint: 315800 ns, At safepoint: 84400 ns, Total: 400200 ns
[2020-04-27T13:47:54.891+0000][1][safepoint    ] Safepoint "Cleanup", Time since last: 1000481200 ns, Reaching safepoint: 573700 ns, At safepoint: 137600 ns, Total: 711300 ns
[2020-04-27T13:47:55.892+0000][1][safepoint    ] Safepoint "Cleanup", Time since last: 1000481400 ns, Reaching safepoint: 503600 ns, At safepoint: 138300 ns, Total: 641900 ns
[2020-04-27T13:47:56.893+0000][1][safepoint    ] Safepoint "Cleanup", Time since last: 1000549700 ns, Reaching safepoint: 281400 ns, At safepoint: 72000 ns, Total: 353400 ns
[2020-04-27T13:47:57.894+0000][1][safepoint    ] Safepoint "Cleanup", Time since last: 1000661500 ns, Reaching safepoint: 275500 ns, At safepoint: 71500 ns, Total: 347000 ns
[2020-04-27T13:47:58.894+0000][1][safepoint    ] Safepoint "Cleanup", Time since last: 1000274500 ns, Reaching safepoint: 163100 ns, At safepoint: 30300 ns, Total: 193400 ns
[2020-04-27T13:47:59.895+0000][1][safepoint    ] Safepoint "Cleanup", Time since last: 1000595200 ns, Reaching safepoint: 173200 ns, At safepoint: 39600 ns, Total: 212800 ns
[2020-04-27T13:48:00.896+0000][1][safepoint    ] Safepoint "Cleanup", Time since last: 1000274000 ns, Reaching safepoint: 277100 ns, At safepoint: 72500 ns, Total: 349600 ns
[2020-04-27T13:48:01.897+0000][1][safepoint    ] Safepoint "Cleanup", Time since last: 1000584300 ns, Reaching safepoint: 242300 ns, At safepoint: 63300 ns, Total: 305600 ns
[2020-04-27T13:48:02.897+0000][1][safepoint    ] Safepoint "Cleanup", Time since last: 1000341700 ns, Reaching safepoint: 151200 ns, At safepoint: 30300 ns, Total: 181500 ns
[2020-04-27T13:48:03.898+0000][1][safepoint    ] Safepoint "Cleanup", Time since last: 1000336500 ns, Reaching safepoint: 145900 ns, At safepoint: 26400 ns, Total: 172300 ns
[2020-04-27T13:48:04.898+0000][1][safepoint    ] Safepoint "Cleanup", Time since last: 1000153300 ns, Reaching safepoint: 159500 ns, At safepoint: 40300 ns, Total: 199800 ns
[2020-04-27T13:48:05.899+0000][1][safepoint    ] Safepoint "Cleanup", Time since last: 1000320200 ns, Reaching safepoint: 473700 ns, At safepoint: 94800 ns, Total: 568500 ns
[2020-04-27T13:48:06.900+0000][1][safepoint    ] Safepoint "Cleanup", Time since last: 1000548100 ns, Reaching safepoint: 243700 ns, At safepoint: 61600 ns, Total: 305300 ns
[2020-04-27T13:48:07.900+0000][1][safepoint    ] Safepoint "Cleanup", Time since last: 1000329400 ns, Reaching safepoint: 152000 ns, At safepoint: 30400 ns, Total: 182400 ns
[2020-04-27T13:48:08.901+0000][1][safepoint    ] Safepoint "Cleanup", Time since last: 1000313700 ns, Reaching safepoint: 232900 ns, At safepoint: 54700 ns, Total: 287600 ns
[2020-04-27T13:48:09.129+0000][1][safepoint    ] Safepoint "RevokeBias", Time since last: 227834000 ns, Reaching safepoint: 166500 ns, At safepoint: 34400 ns, Total: 200900 ns
[2020-04-27T13:48:10.129+0000][1][safepoint    ] Safepoint "Cleanup", Time since last: 1000160300 ns, Reaching safepoint: 163200 ns, At safepoint: 35600 ns, Total: 198800 ns
[2020-04-27T13:48:11.130+0000][1][safepoint    ] Safepoint "Cleanup", Time since last: 1000195200 ns, Reaching safepoint: 164100 ns, At safepoint: 30100 ns, Total: 194200 ns
[2020-04-27T13:48:12.130+0000][1][safepoint    ] Safepoint "Cleanup", Time since last: 1000618500 ns, Reaching safepoint: 160700 ns, At safepoint: 35000 ns, Total: 195700 ns
[2020-04-27T13:48:13.131+0000][1][safepoint    ] Safepoint "Cleanup", Time since last: 1000569900 ns, Reaching safepoint: 159400 ns, At safepoint: 35100 ns, Total: 194500 ns
[2020-04-27T13:48:14.132+0000][1][safepoint    ] Safepoint "Cleanup", Time since last: 1000382500 ns, Reaching safepoint: 162800 ns, At safepoint: 29200 ns, Total: 192000 ns
[2020-04-27T13:48:15.132+0000][1][safepoint    ] Safepoint "Cleanup", Time since last: 1000447400 ns, Reaching safepoint: 209500 ns, At safepoint: 41000 ns, Total: 250500 ns
[2020-04-27T13:48:16.133+0000][1][safepoint    ] Safepoint "Cleanup", Time since last: 1000300500 ns, Reaching safepoint: 147400 ns, At safepoint: 31800 ns, Total: 179200 ns
[2020-04-27T13:48:17.134+0000][1][safepoint    ] Safepoint "Cleanup", Time since last: 1000625100 ns, Reaching safepoint: 289100 ns, At safepoint: 76100 ns, Total: 365200 ns
[2020-04-27T13:48:18.135+0000][1][safepoint    ] Safepoint "Cleanup", Time since last: 1000650100 ns, Reaching safepoint: 514300 ns, At safepoint: 142900 ns, Total: 657200 ns
[2020-04-27T13:48:19.136+0000][1][safepoint    ] Safepoint "Cleanup", Time since last: 1000302700 ns, Reaching safepoint: 245900 ns, At safepoint: 63800 ns, Total: 309700 ns
[2020-04-27T13:48:20.137+0000][1][safepoint    ] Safepoint "Cleanup", Time since last: 1000761600 ns, Reaching safepoint: 505600 ns, At safepoint: 142700 ns, Total: 648300 ns
[2020-04-27T13:48:21.138+0000][1][safepoint    ] Safepoint "Cleanup", Time since last: 1000322400 ns, Reaching safepoint: 183900 ns, At safepoint: 41500 ns, Total: 225400 ns
[2020-04-27T13:48:22.139+0000][1][safepoint    ] Safepoint "Cleanup", Time since last: 1000682800 ns, Reaching safepoint: 551600 ns, At safepoint: 135600 ns, Total: 687200 ns
[2020-04-27T13:48:23.140+0000][1][safepoint    ] Safepoint "Cleanup", Time since last: 1000369700 ns, Reaching safepoint: 628000 ns, At safepoint: 132000 ns, Total: 760000 ns
[2020-04-27T13:48:24.142+0000][1][safepoint    ] Safepoint "Cleanup", Time since last: 1000715100 ns, Reaching safepoint: 502600 ns, At safepoint: 136400 ns, Total: 639000 ns
[2020-04-27T13:48:25.143+0000][1][safepoint    ] Safepoint "Cleanup", Time since last: 1000618600 ns, Reaching safepoint: 515700 ns, At safepoint: 129900 ns, Total: 645600 ns
[2020-04-27T13:48:26.144+0000][1][safepoint    ] Safepoint "Cleanup", Time since last: 1000630200 ns, Reaching safepoint: 541600 ns, At safepoint: 131500 ns, Total: 673100 ns
[2020-04-27T13:48:27.145+0000][1][safepoint    ] Safepoint "Cleanup", Time since last: 1000819600 ns, Reaching safepoint: 235000 ns, At safepoint: 57500 ns, Total: 292500 ns
[2020-04-27T13:48:28.147+0000][1][safepoint    ] Safepoint "Cleanup", Time since last: 1000623200 ns, Reaching safepoint: 549500 ns, At safepoint: 133500 ns, Total: 683000 ns
[2020-04-27T13:48:29.148+0000][1][safepoint    ] Safepoint "Cleanup", Time since last: 1000495200 ns, Reaching safepoint: 471500 ns, At safepoint: 142500 ns, Total: 614000 ns
[2020-04-27T13:48:30.149+0000][1][safepoint    ] Safepoint "Cleanup", Time since last: 1000439900 ns, Reaching safepoint: 490600 ns, At safepoint: 116600 ns, Total: 607200 ns
[2020-04-27T13:48:31.150+0000][1][safepoint    ] Safepoint "Cleanup", Time since last: 1000359800 ns, Reaching safepoint: 411600 ns, At safepoint: 99200 ns, Total: 510800 ns
[2020-04-27T13:48:32.151+0000][1][safepoint    ] Safepoint "Cleanup", Time since last: 1000525400 ns, Reaching safepoint: 477000 ns, At safepoint: 112500 ns, Total: 589500 ns
[2020-04-27T13:48:33.151+0000][1][safepoint    ] Safepoint "Cleanup", Time since last: 1000261100 ns, Reaching safepoint: 147200 ns, At safepoint: 29500 ns, Total: 176700 ns
[2020-04-27T13:48:34.152+0000][1][safepoint    ] Safepoint "Cleanup", Time since last: 1000187600 ns, Reaching safepoint: 144800 ns, At safepoint: 30000 ns, Total: 174800 ns
[2020-04-27T13:48:35.153+0000][1][safepoint    ] Safepoint "Cleanup", Time since last: 1000619200 ns, Reaching safepoint: 505000 ns, At safepoint: 138900 ns, Total: 643900 ns
[2020-04-27T13:48:36.154+0000][1][safepoint    ] Safepoint "Cleanup", Time since last: 1000747900 ns, Reaching safepoint: 510000 ns, At safepoint: 135300 ns, Total: 645300 ns
[2020-04-27T13:48:37.155+0000][1][safepoint    ] Safepoint "Cleanup", Time since last: 1000390000 ns, Reaching safepoint: 354700 ns, At safepoint: 99000 ns, Total: 453700 ns
[2020-04-27T13:48:38.156+0000][1][safepoint    ] Safepoint "Cleanup", Time since last: 1000344100 ns, Reaching safepoint: 205700 ns, At safepoint: 40500 ns, Total: 246200 ns
[2020-04-27T13:48:39.156+0000][1][safepoint    ] Safepoint "Cleanup", Time since last: 1000257300 ns, Reaching safepoint: 282700 ns, At safepoint: 69400 ns, Total: 352100 ns
[2020-04-27T13:48:40.157+0000][1][safepoint    ] Safepoint "Cleanup", Time since last: 1000223900 ns, Reaching safepoint: 365200 ns, At safepoint: 82500 ns, Total: 447700 ns
[2020-04-27T13:48:41.157+0000][1][safepoint    ] Safepoint "Cleanup", Time since last: 1000172100 ns, Reaching safepoint: 141700 ns, At safepoint: 28800 ns, Total: 170500 ns
[2020-04-27T13:48:41.864+0000][1][safepoint    ] Safepoint "RevokeBias", Time since last: 706888200 ns, Reaching safepoint: 163400 ns, At safepoint: 70700 ns, Total: 234100 ns
[2020-04-27T13:48:41.865+0000][1][safepoint    ] Safepoint "BulkRevokeBias", Time since last: 93800 ns, Reaching safepoint: 132200 ns, At safepoint: 795800 ns, Total: 928000 ns
[2020-04-27T13:48:41.866+0000][1][safepoint    ] Safepoint "RevokeBias", Time since last: 337100 ns, Reaching safepoint: 215600 ns, At safepoint: 63300 ns, Total: 278900 ns
[2020-04-27T13:48:41.871+0000][1][safepoint    ] Safepoint "RevokeBias", Time since last: 5189200 ns, Reaching safepoint: 146200 ns, At safepoint: 94800 ns, Total: 241000 ns
[2020-04-27T13:48:41.872+0000][1][safepoint    ] Safepoint "RevokeBias", Time since last: 130000 ns, Reaching safepoint: 94100 ns, At safepoint: 60600 ns, Total: 154700 ns
[2020-04-27T13:48:41.872+0000][1][safepoint    ] Safepoint "RevokeBias", Time since last: 138200 ns, Reaching safepoint: 172100 ns, At safepoint: 83600 ns, Total: 255700 ns
[2020-04-27T13:48:42.873+0000][1][safepoint    ] Safepoint "Cleanup", Time since last: 1000515900 ns, Reaching safepoint: 201300 ns, At safepoint: 65700 ns, Total: 267000 ns
[2020-04-27T13:48:43.874+0000][1][safepoint    ] Safepoint "Cleanup", Time since last: 1000371600 ns, Reaching safepoint: 572800 ns, At safepoint: 132000 ns, Total: 704800 ns
[2020-04-27T13:48:44.875+0000][1][safepoint    ] Safepoint "Cleanup", Time since last: 1000604800 ns, Reaching safepoint: 312000 ns, At safepoint: 69500 ns, Total: 381500 ns
[2020-04-27T13:48:45.875+0000][1][safepoint    ] Safepoint "Cleanup", Time since last: 1000183800 ns, Reaching safepoint: 264000 ns, At safepoint: 61700 ns, Total: 325700 ns
[2020-04-27T13:48:46.876+0000][1][safepoint    ] Safepoint "Cleanup", Time since last: 1000199900 ns, Reaching safepoint: 144900 ns, At safepoint: 27700 ns, Total: 172600 ns
[2020-04-27T13:48:47.877+0000][1][safepoint    ] Safepoint "Cleanup", Time since last: 1000519700 ns, Reaching safepoint: 495000 ns, At safepoint: 137300 ns, Total: 632300 ns
[2020-04-27T13:48:48.877+0000][1][safepoint    ] Safepoint "Cleanup", Time since last: 1000188700 ns, Reaching safepoint: 197700 ns, At safepoint: 73700 ns, Total: 271400 ns
[2020-04-27T13:48:49.879+0000][1][safepoint    ] Safepoint "Cleanup", Time since last: 1000555000 ns, Reaching safepoint: 490200 ns, At safepoint: 227700 ns, Total: 717900 ns
[2020-04-27T13:48:50.879+0000][1][safepoint    ] Safepoint "Cleanup", Time since last: 1000409800 ns, Reaching safepoint: 158000 ns, At safepoint: 43600 ns, Total: 201600 ns
[2020-04-27T13:48:51.880+0000][1][safepoint    ] Safepoint "Cleanup", Time since last: 1000160000 ns, Reaching safepoint: 256800 ns, At safepoint: 53000 ns, Total: 309800 ns
[2020-04-27T13:48:52.880+0000][1][safepoint    ] Safepoint "Cleanup", Time since last: 1000137100 ns, Reaching safepoint: 142000 ns, At safepoint: 26600 ns, Total: 168600 ns
[2020-04-27T13:48:53.881+0000][1][safepoint    ] Safepoint "Cleanup", Time since last: 1000377500 ns, Reaching safepoint: 503400 ns, At safepoint: 116000 ns, Total: 619400 ns
[2020-04-27T13:48:54.882+0000][1][safepoint    ] Safepoint "Cleanup", Time since last: 1000416400 ns, Reaching safepoint: 186000 ns, At safepoint: 44000 ns, Total: 230000 ns
[2020-04-27T13:48:55.883+0000][1][safepoint    ] Safepoint "Cleanup", Time since last: 1000512500 ns, Reaching safepoint: 212200 ns, At safepoint: 52500 ns, Total: 264700 ns
[2020-04-27T13:48:56.883+0000][1][safepoint    ] Safepoint "Cleanup", Time since last: 1000354000 ns, Reaching safepoint: 155300 ns, At safepoint: 31000 ns, Total: 186300 ns
[2020-04-27T13:48:57.884+0000][1][safepoint    ] Safepoint "Cleanup", Time since last: 1000586800 ns, Reaching safepoint: 497300 ns, At safepoint: 138100 ns, Total: 635400 ns
[2020-04-27T13:48:58.885+0000][1][safepoint    ] Safepoint "Cleanup", Time since last: 1000353500 ns, Reaching safepoint: 546700 ns, At safepoint: 132100 ns, Total: 678800 ns
[2020-04-27T13:48:59.886+0000][1][safepoint    ] Safepoint "Cleanup", Time since last: 1000279700 ns, Reaching safepoint: 144700 ns, At safepoint: 29600 ns, Total: 174300 ns
[2020-04-27T13:49:00.886+0000][1][safepoint    ] Safepoint "Cleanup", Time since last: 1000170300 ns, Reaching safepoint: 151400 ns, At safepoint: 30700 ns, Total: 182100 ns
[2020-04-27T13:49:01.887+0000][1][safepoint    ] Safepoint "Cleanup", Time since last: 1000209400 ns, Reaching safepoint: 162900 ns, At safepoint: 31000 ns, Total: 193900 ns
[2020-04-27T13:49:02.887+0000][1][safepoint    ] Safepoint "Cleanup", Time since last: 1000249100 ns, Reaching safepoint: 167700 ns, At safepoint: 39700 ns, Total: 207400 ns
[2020-04-27T13:49:03.887+0000][1][safepoint    ] Safepoint "Cleanup", Time since last: 1000261000 ns, Reaching safepoint: 153300 ns, At safepoint: 27700 ns, Total: 181000 ns
[2020-04-27T13:49:04.616+0000][1][gc,start     ] GC(26) Pause Young (Allocation Failure)
[2020-04-27T13:49:04.617+0000][1][gc,task      ] GC(26) Using 10 workers of 10 for evacuation
[2020-04-27T13:49:04.626+0000][1][gc,age       ] GC(26) Desired survivor size 8945664 bytes, new threshold 6 (max threshold 6)
[2020-04-27T13:49:04.626+0000][1][gc,age       ] GC(26) Age table with threshold 6 (max threshold 6)
[2020-04-27T13:49:04.626+0000][1][gc,age       ] GC(26) - age   1:     202848 bytes,     202848 total
[2020-04-27T13:49:04.626+0000][1][gc,age       ] GC(26) - age   2:     189920 bytes,     392768 total
[2020-04-27T13:49:04.626+0000][1][gc,age       ] GC(26) - age   3:     646736 bytes,    1039504 total
[2020-04-27T13:49:04.626+0000][1][gc,age       ] GC(26) - age   4:     117280 bytes,    1156784 total
[2020-04-27T13:49:04.626+0000][1][gc,age       ] GC(26) - age   5:     430136 bytes,    1586920 total
[2020-04-27T13:49:04.626+0000][1][gc,age       ] GC(26) - age   6:     617608 bytes,    2204528 total
[2020-04-27T13:49:04.626+0000][1][gc,heap      ] GC(26) ParNew: 144014K->3795K(157248K)
[2020-04-27T13:49:04.626+0000][1][gc,heap      ] GC(26) CMS: 87352K->88093K(349568K)
[2020-04-27T13:49:04.626+0000][1][gc,metaspace ] GC(26) Metaspace: 96251K->96251K(1138688K)
[2020-04-27T13:49:04.626+0000][1][gc           ] GC(26) Pause Young (Allocation Failure) 225M->89M(494M) 9.800ms
[2020-04-27T13:49:04.626+0000][1][gc,cpu       ] GC(26) User=0.05s Sys=0.00s Real=0.01s
[2020-04-27T13:49:04.626+0000][1][safepoint    ] Safepoint "GenCollectForAllocation", Time since last: 728467700 ns, Reaching safepoint: 449500 ns, At safepoint: 10035600 ns, Total: 10485100 ns
[2020-04-27T13:49:05.627+0000][1][safepoint    ] Safepoint "Cleanup", Time since last: 1000407900 ns, Reaching safepoint: 564800 ns, At safepoint: 135000 ns, Total: 699800 ns
[2020-04-27T13:49:06.628+0000][1][safepoint    ] Safepoint "Cleanup", Time since last: 1000226300 ns, Reaching safepoint: 169800 ns, At safepoint: 52100 ns, Total: 221900 ns
[2020-04-27T13:49:07.629+0000][1][safepoint    ] Safepoint "Cleanup", Time since last: 1000502600 ns, Reaching safepoint: 165300 ns, At safepoint: 30800 ns, Total: 196100 ns
[2020-04-27T13:49:08.629+0000][1][safepoint    ] Safepoint "Cleanup", Time since last: 1000153700 ns, Reaching safepoint: 165400 ns, At safepoint: 28400 ns, Total: 193800 ns
[2020-04-27T13:49:09.630+0000][1][safepoint    ] Safepoint "Cleanup", Time since last: 1000276900 ns, Reaching safepoint: 553900 ns, At safepoint: 131300 ns, Total: 685200 ns
[2020-04-27T13:49:10.631+0000][1][safepoint    ] Safepoint "Cleanup", Time since last: 1000788200 ns, Reaching safepoint: 481400 ns, At safepoint: 144600 ns, Total: 626000 ns
[2020-04-27T13:49:11.633+0000][1][safepoint    ] Safepoint "Cleanup", Time since last: 1000542800 ns, Reaching safepoint: 437000 ns, At safepoint: 178500 ns, Total: 615500 ns
[2020-04-27T13:49:12.381+0000][1][safepoint    ] Safepoint "RevokeBias", Time since last: 748241000 ns, Reaching safepoint: 158400 ns, At safepoint: 91900 ns, Total: 250300 ns
[2020-04-27T13:49:12.381+0000][1][safepoint    ] Safepoint "RevokeBias", Time since last: 199300 ns, Reaching safepoint: 103200 ns, At safepoint: 42000 ns, Total: 145200 ns
[2020-04-27T13:49:12.382+0000][1][safepoint    ] Safepoint "RevokeBias", Time since last: 183400 ns, Reaching safepoint: 92700 ns, At safepoint: 41400 ns, Total: 134100 ns
[2020-04-27T13:49:12.382+0000][1][safepoint    ] Safepoint "RevokeBias", Time since last: 179700 ns, Reaching safepoint: 92800 ns, At safepoint: 41200 ns, Total: 134000 ns
[2020-04-27T13:49:13.383+0000][1][safepoint    ] Safepoint "Cleanup", Time since last: 1000420500 ns, Reaching safepoint: 455100 ns, At safepoint: 137600 ns, Total: 592700 ns
[2020-04-27T13:49:14.384+0000][1][safepoint    ] Safepoint "Cleanup", Time since last: 1000347000 ns, Reaching safepoint: 451900 ns, At safepoint: 140900 ns, Total: 592800 ns
[2020-04-27T13:49:15.385+0000][1][safepoint    ] Safepoint "Cleanup", Time since last: 1000516700 ns, Reaching safepoint: 458400 ns, At safepoint: 207400 ns, Total: 665800 ns
[2020-04-27T13:49:16.386+0000][1][safepoint    ] Safepoint "Cleanup", Time since last: 1000232000 ns, Reaching safepoint: 167400 ns, At safepoint: 31700 ns, Total: 199100 ns
[2020-04-27T13:49:17.386+0000][1][safepoint    ] Safepoint "Cleanup", Time since last: 1000306900 ns, Reaching safepoint: 492300 ns, At safepoint: 133300 ns, Total: 625600 ns
[2020-04-27T13:49:18.388+0000][1][safepoint    ] Safepoint "Cleanup", Time since last: 1000520600 ns, Reaching safepoint: 400400 ns, At safepoint: 115800 ns, Total: 516200 ns
[2020-04-27T13:49:19.389+0000][1][safepoint    ] Safepoint "Cleanup", Time since last: 1000339000 ns, Reaching safepoint: 523000 ns, At safepoint: 133000 ns, Total: 656000 ns
[2020-04-27T13:49:20.390+0000][1][safepoint    ] Safepoint "Cleanup", Time since last: 1000435400 ns, Reaching safepoint: 462300 ns, At safepoint: 133000 ns, Total: 595300 ns
[2020-04-27T13:49:21.390+0000][1][safepoint    ] Safepoint "Cleanup", Time since last: 1000577500 ns, Reaching safepoint: 184800 ns, At safepoint: 43000 ns, Total: 227800 ns
[2020-04-27T13:49:22.391+0000][1][safepoint    ] Safepoint "Cleanup", Time since last: 1000136400 ns, Reaching safepoint: 138300 ns, At safepoint: 29400 ns, Total: 167700 ns
[2020-04-27T13:49:23.391+0000][1][safepoint    ] Safepoint "Cleanup", Time since last: 1000541300 ns, Reaching safepoint: 139300 ns, At safepoint: 32700 ns, Total: 172000 ns
[2020-04-27T13:49:24.392+0000][1][safepoint    ] Safepoint "Cleanup", Time since last: 1000338500 ns, Reaching safepoint: 455700 ns, At safepoint: 128400 ns, Total: 584100 ns
[2020-04-27T13:49:25.393+0000][1][safepoint    ] Safepoint "Cleanup", Time since last: 1000661400 ns, Reaching safepoint: 309000 ns, At safepoint: 87300 ns, Total: 396300 ns
[2020-04-27T13:49:26.394+0000][1][safepoint    ] Safepoint "Cleanup", Time since last: 1000517500 ns, Reaching safepoint: 139200 ns, At safepoint: 30700 ns, Total: 169900 ns
[2020-04-27T13:49:27.394+0000][1][safepoint    ] Safepoint "Cleanup", Time since last: 1000194900 ns, Reaching safepoint: 212600 ns, At safepoint: 35700 ns, Total: 248300 ns
[2020-04-27T13:49:28.395+0000][1][safepoint    ] Safepoint "Cleanup", Time since last: 1000140100 ns, Reaching safepoint: 135200 ns, At safepoint: 46700 ns, Total: 181900 ns
[2020-04-27T13:49:29.396+0000][1][safepoint    ] Safepoint "Cleanup", Time since last: 1000371400 ns, Reaching safepoint: 620500 ns, At safepoint: 157300 ns, Total: 777800 ns
[2020-04-27T13:49:30.397+0000][1][safepoint    ] Safepoint "Cleanup", Time since last: 1000390000 ns, Reaching safepoint: 280900 ns, At safepoint: 72000 ns, Total: 352900 ns
[2020-04-27T13:49:31.398+0000][1][safepoint    ] Safepoint "Cleanup", Time since last: 1000267700 ns, Reaching safepoint: 472100 ns, At safepoint: 175700 ns, Total: 647800 ns
[2020-04-27T13:49:32.398+0000][1][safepoint    ] Safepoint "Cleanup", Time since last: 1000624100 ns, Reaching safepoint: 166100 ns, At safepoint: 40000 ns, Total: 206100 ns
[2020-04-27T13:49:33.400+0000][1][safepoint    ] Safepoint "Cleanup", Time since last: 1000334300 ns, Reaching safepoint: 655800 ns, At safepoint: 138100 ns, Total: 793900 ns
[2020-04-27T13:49:34.400+0000][1][safepoint    ] Safepoint "Cleanup", Time since last: 1000256100 ns, Reaching safepoint: 233100 ns, At safepoint: 35100 ns, Total: 268200 ns
[2020-04-27T13:49:35.401+0000][1][safepoint    ] Safepoint "Cleanup", Time since last: 1000533000 ns, Reaching safepoint: 525800 ns, At safepoint: 132700 ns, Total: 658500 ns
[2020-04-27T13:49:36.403+0000][1][safepoint    ] Safepoint "Cleanup", Time since last: 1000579400 ns, Reaching safepoint: 626100 ns, At safepoint: 127600 ns, Total: 753700 ns
[2020-04-27T13:49:37.404+0000][1][safepoint    ] Safepoint "Cleanup", Time since last: 1000320700 ns, Reaching safepoint: 448300 ns, At safepoint: 131000 ns, Total: 579300 ns
[2020-04-27T13:49:38.404+0000][1][safepoint    ] Safepoint "Cleanup", Time since last: 1000651100 ns, Reaching safepoint: 145700 ns, At safepoint: 33900 ns, Total: 179600 ns
[2020-04-27T13:49:39.405+0000][1][safepoint    ] Safepoint "Cleanup", Time since last: 1000341800 ns, Reaching safepoint: 524600 ns, At safepoint: 130000 ns, Total: 654600 ns
[2020-04-27T13:49:40.406+0000][1][safepoint    ] Safepoint "Cleanup", Time since last: 1000258500 ns, Reaching safepoint: 353100 ns, At safepoint: 85000 ns, Total: 438100 ns
[2020-04-27T13:49:41.407+0000][1][safepoint    ] Safepoint "Cleanup", Time since last: 1000602800 ns, Reaching safepoint: 183200 ns, At safepoint: 43900 ns, Total: 227100 ns
[2020-04-27T13:49:42.408+0000][1][safepoint    ] Safepoint "Cleanup", Time since last: 1000619600 ns, Reaching safepoint: 143000 ns, At safepoint: 31300 ns, Total: 174300 ns
[2020-04-27T13:49:43.408+0000][1][safepoint    ] Safepoint "Cleanup", Time since last: 1000182500 ns, Reaching safepoint: 178900 ns, At safepoint: 31500 ns, Total: 210400 ns
[2020-04-27T13:49:43.866+0000][1][safepoint    ] Safepoint "RevokeBias", Time since last: 457276900 ns, Reaching safepoint: 146800 ns, At safepoint: 90500 ns, Total: 237300 ns
[2020-04-27T13:49:43.866+0000][1][safepoint    ] Safepoint "RevokeBias", Time since last: 107800 ns, Reaching safepoint: 283400 ns, At safepoint: 101200 ns, Total: 384600 ns
[2020-04-27T13:49:43.867+0000][1][safepoint    ] Safepoint "RevokeBias", Time since last: 196600 ns, Reaching safepoint: 278800 ns, At safepoint: 98200 ns, Total: 377000 ns
[2020-04-27T13:49:43.871+0000][1][safepoint    ] Safepoint "RevokeBias", Time since last: 4125000 ns, Reaching safepoint: 139100 ns, At safepoint: 86700 ns, Total: 225800 ns
[2020-04-27T13:49:43.871+0000][1][safepoint    ] Safepoint "RevokeBias", Time since last: 134900 ns, Reaching safepoint: 188600 ns, At safepoint: 87700 ns, Total: 276300 ns
[2020-04-27T13:49:43.872+0000][1][safepoint    ] Safepoint "RevokeBias", Time since last: 192500 ns, Reaching safepoint: 232300 ns, At safepoint: 76200 ns, Total: 308500 ns
[2020-04-27T13:49:44.873+0000][1][safepoint    ] Safepoint "Cleanup", Time since last: 1000268000 ns, Reaching safepoint: 554800 ns, At safepoint: 132300 ns, Total: 687100 ns
[2020-04-27T13:49:45.874+0000][1][safepoint    ] Safepoint "Cleanup", Time since last: 1000388400 ns, Reaching safepoint: 483300 ns, At safepoint: 193000 ns, Total: 676300 ns
[2020-04-27T13:49:46.874+0000][1][safepoint    ] Safepoint "Cleanup", Time since last: 1000250400 ns, Reaching safepoint: 195600 ns, At safepoint: 72100 ns, Total: 267700 ns
[2020-04-27T13:49:47.875+0000][1][safepoint    ] Safepoint "Cleanup", Time since last: 1000308100 ns, Reaching safepoint: 150100 ns, At safepoint: 27700 ns, Total: 177800 ns
[2020-04-27T13:49:48.876+0000][1][safepoint    ] Safepoint "Cleanup", Time since last: 1000495500 ns, Reaching safepoint: 140100 ns, At safepoint: 30900 ns, Total: 171000 ns
[2020-04-27T13:49:49.876+0000][1][safepoint    ] Safepoint "Cleanup", Time since last: 1000529100 ns, Reaching safepoint: 147400 ns, At safepoint: 34200 ns, Total: 181600 ns
[2020-04-27T13:49:50.877+0000][1][safepoint    ] Safepoint "Cleanup", Time since last: 1000141800 ns, Reaching safepoint: 332700 ns, At safepoint: 56200 ns, Total: 388900 ns
[2020-04-27T13:49:51.877+0000][1][safepoint    ] Safepoint "Cleanup", Time since last: 1000178400 ns, Reaching safepoint: 174700 ns, At safepoint: 84400 ns, Total: 259100 ns
[2020-04-27T13:49:52.878+0000][1][safepoint    ] Safepoint "Cleanup", Time since last: 1000608000 ns, Reaching safepoint: 164800 ns, At safepoint: 40700 ns, Total: 205500 ns
[2020-04-27T13:49:53.878+0000][1][safepoint    ] Safepoint "Cleanup", Time since last: 1000176200 ns, Reaching safepoint: 141200 ns, At safepoint: 26000 ns, Total: 167200 ns
[2020-04-27T13:49:54.879+0000][1][safepoint    ] Safepoint "Cleanup", Time since last: 1000185200 ns, Reaching safepoint: 142600 ns, At safepoint: 29200 ns, Total: 171800 ns
[2020-04-27T13:49:55.879+0000][1][safepoint    ] Safepoint "Cleanup", Time since last: 1000153900 ns, Reaching safepoint: 144500 ns, At safepoint: 28500 ns, Total: 173000 ns
[2020-04-27T13:49:56.880+0000][1][safepoint    ] Safepoint "Cleanup", Time since last: 1000238500 ns, Reaching safepoint: 260400 ns, At safepoint: 59400 ns, Total: 319800 ns
[2020-04-27T13:49:57.880+0000][1][safepoint    ] Safepoint "Cleanup", Time since last: 1000183600 ns, Reaching safepoint: 143800 ns, At safepoint: 31300 ns, Total: 175100 ns
[2020-04-27T13:49:58.881+0000][1][safepoint    ] Safepoint "Cleanup", Time since last: 1000539200 ns, Reaching safepoint: 162300 ns, At safepoint: 34800 ns, Total: 197100 ns
[2020-04-27T13:49:59.882+0000][1][safepoint    ] Safepoint "Cleanup", Time since last: 1000464000 ns, Reaching safepoint: 328600 ns, At safepoint: 83700 ns, Total: 412300 ns
[2020-04-27T13:50:00.882+0000][1][safepoint    ] Safepoint "Cleanup", Time since last: 1000414500 ns, Reaching safepoint: 381700 ns, At safepoint: 63400 ns, Total: 445100 ns
[2020-04-27T13:50:01.883+0000][1][safepoint    ] Safepoint "Cleanup", Time since last: 1000324200 ns, Reaching safepoint: 274400 ns, At safepoint: 74300 ns, Total: 348700 ns
[2020-04-27T13:50:02.884+0000][1][safepoint    ] Safepoint "Cleanup", Time since last: 1000701700 ns, Reaching safepoint: 459200 ns, At safepoint: 132700 ns, Total: 591900 ns
[2020-04-27T13:50:03.886+0000][1][safepoint    ] Safepoint "Cleanup", Time since last: 1000541400 ns, Reaching safepoint: 475200 ns, At safepoint: 180900 ns, Total: 656100 ns
[2020-04-27T13:50:04.887+0000][1][safepoint    ] Safepoint "Cleanup", Time since last: 1000940300 ns, Reaching safepoint: 480900 ns, At safepoint: 141900 ns, Total: 622800 ns
[2020-04-27T13:50:05.888+0000][1][safepoint    ] Safepoint "Cleanup", Time since last: 1000326600 ns, Reaching safepoint: 245000 ns, At safepoint: 76800 ns, Total: 321800 ns
[2020-04-27T13:50:06.889+0000][1][safepoint    ] Safepoint "Cleanup", Time since last: 1000240200 ns, Reaching safepoint: 383700 ns, At safepoint: 131600 ns, Total: 515300 ns
[2020-04-27T13:50:07.889+0000][1][safepoint    ] Safepoint "Cleanup", Time since last: 1000213400 ns, Reaching safepoint: 232600 ns, At safepoint: 38700 ns, Total: 271300 ns
[2020-04-27T13:50:08.890+0000][1][safepoint    ] Safepoint "Cleanup", Time since last: 1000628500 ns, Reaching safepoint: 475800 ns, At safepoint: 158900 ns, Total: 634700 ns
[2020-04-27T13:50:09.891+0000][1][safepoint    ] Safepoint "Cleanup", Time since last: 1000588000 ns, Reaching safepoint: 143300 ns, At safepoint: 33600 ns, Total: 176900 ns
[2020-04-27T13:50:10.892+0000][1][safepoint    ] Safepoint "Cleanup", Time since last: 1000580700 ns, Reaching safepoint: 476900 ns, At safepoint: 138300 ns, Total: 615200 ns
[2020-04-27T13:50:11.893+0000][1][safepoint    ] Safepoint "Cleanup", Time since last: 1000523700 ns, Reaching safepoint: 346300 ns, At safepoint: 97900 ns, Total: 444200 ns
[2020-04-27T13:50:12.895+0000][1][safepoint    ] Safepoint "Cleanup", Time since last: 1000841100 ns, Reaching safepoint: 475800 ns, At safepoint: 142200 ns, Total: 618000 ns
[2020-04-27T13:50:13.896+0000][1][safepoint    ] Safepoint "Cleanup", Time since last: 1000762800 ns, Reaching safepoint: 475300 ns, At safepoint: 143100 ns, Total: 618400 ns
[2020-04-27T13:50:14.897+0000][1][safepoint    ] Safepoint "Cleanup", Time since last: 1000577300 ns, Reaching safepoint: 532800 ns, At safepoint: 142000 ns, Total: 674800 ns
[2020-04-27T13:50:15.898+0000][1][safepoint    ] Safepoint "Cleanup", Time since last: 1000320500 ns, Reaching safepoint: 190400 ns, At safepoint: 47400 ns, Total: 237800 ns
[2020-04-27T13:50:16.899+0000][1][safepoint    ] Safepoint "Cleanup", Time since last: 1000717100 ns, Reaching safepoint: 448100 ns, At safepoint: 131700 ns, Total: 579800 ns
[2020-04-27T13:50:17.900+0000][1][safepoint    ] Safepoint "Cleanup", Time since last: 1000521200 ns, Reaching safepoint: 198500 ns, At safepoint: 40000 ns, Total: 238500 ns
[2020-04-27T13:50:18.901+0000][1][safepoint    ] Safepoint "Cleanup", Time since last: 1000692600 ns, Reaching safepoint: 182300 ns, At safepoint: 51500 ns, Total: 233800 ns
[2020-04-27T13:50:19.901+0000][1][safepoint    ] Safepoint "Cleanup", Time since last: 1000171800 ns, Reaching safepoint: 141700 ns, At safepoint: 32900 ns, Total: 174600 ns
[2020-04-27T13:50:20.902+0000][1][safepoint    ] Safepoint "Cleanup", Time since last: 1000190700 ns, Reaching safepoint: 168300 ns, At safepoint: 34300 ns, Total: 202600 ns
[2020-04-27T13:50:21.902+0000][1][safepoint    ] Safepoint "Cleanup", Time since last: 1000370000 ns, Reaching safepoint: 223400 ns, At safepoint: 44700 ns, Total: 268100 ns
[2020-04-27T13:50:22.903+0000][1][safepoint    ] Safepoint "Cleanup", Time since last: 1000252000 ns, Reaching safepoint: 250600 ns, At safepoint: 66900 ns, Total: 317500 ns
[2020-04-27T13:50:23.903+0000][1][safepoint    ] Safepoint "Cleanup", Time since last: 1000191300 ns, Reaching safepoint: 177500 ns, At safepoint: 33200 ns, Total: 210700 ns
[2020-04-27T13:50:24.905+0000][1][safepoint    ] Safepoint "Cleanup", Time since last: 1000555800 ns, Reaching safepoint: 543300 ns, At safepoint: 132300 ns, Total: 675600 ns
[2020-04-27T13:50:25.905+0000][1][safepoint    ] Safepoint "Cleanup", Time since last: 1000253400 ns, Reaching safepoint: 158700 ns, At safepoint: 35300 ns, Total: 194000 ns
[2020-04-27T13:50:26.906+0000][1][safepoint    ] Safepoint "Cleanup", Time since last: 1000560600 ns, Reaching safepoint: 283300 ns, At safepoint: 75100 ns, Total: 358400 ns
[2020-04-27T13:50:27.907+0000][1][safepoint    ] Safepoint "Cleanup", Time since last: 1000383300 ns, Reaching safepoint: 351400 ns, At safepoint: 98700 ns, Total: 450100 ns
[2020-04-27T13:50:28.908+0000][1][safepoint    ] Safepoint "Cleanup", Time since last: 1000673700 ns, Reaching safepoint: 475000 ns, At safepoint: 137300 ns, Total: 612300 ns
[2020-04-27T13:50:29.909+0000][1][safepoint    ] Safepoint "Cleanup", Time since last: 1000326600 ns, Reaching safepoint: 344500 ns, At safepoint: 88900 ns, Total: 433400 ns
[2020-04-27T13:50:30.909+0000][1][safepoint    ] Safepoint "Cleanup", Time since last: 1000251000 ns, Reaching safepoint: 279500 ns, At safepoint: 39900 ns, Total: 319400 ns
[2020-04-27T13:50:31.911+0000][1][safepoint    ] Safepoint "Cleanup", Time since last: 1000429200 ns, Reaching safepoint: 640100 ns, At safepoint: 201200 ns, Total: 841300 ns
[2020-04-27T13:50:32.912+0000][1][safepoint    ] Safepoint "Cleanup", Time since last: 1000869900 ns, Reaching safepoint: 525600 ns, At safepoint: 148400 ns, Total: 674000 ns
[2020-04-27T13:50:33.913+0000][1][safepoint    ] Safepoint "Cleanup", Time since last: 1000410800 ns, Reaching safepoint: 478700 ns, At safepoint: 132400 ns, Total: 611100 ns
[2020-04-27T13:50:34.914+0000][1][safepoint    ] Safepoint "Cleanup", Time since last: 1000580600 ns, Reaching safepoint: 483400 ns, At safepoint: 133200 ns, Total: 616600 ns
[2020-04-27T13:50:35.915+0000][1][safepoint    ] Safepoint "Cleanup", Time since last: 1000387600 ns, Reaching safepoint: 540900 ns, At safepoint: 129300 ns, Total: 670200 ns
[2020-04-27T13:50:36.916+0000][1][safepoint    ] Safepoint "Cleanup", Time since last: 1000545200 ns, Reaching safepoint: 318000 ns, At safepoint: 71500 ns, Total: 389500 ns
[2020-04-27T13:50:37.917+0000][1][safepoint    ] Safepoint "Cleanup", Time since last: 1000387300 ns, Reaching safepoint: 475000 ns, At safepoint: 134300 ns, Total: 609300 ns
[2020-04-27T13:50:38.918+0000][1][safepoint    ] Safepoint "Cleanup", Time since last: 1000572600 ns, Reaching safepoint: 380500 ns, At safepoint: 108900 ns, Total: 489400 ns
[2020-04-27T13:50:39.919+0000][1][safepoint    ] Safepoint "Cleanup", Time since last: 1000358800 ns, Reaching safepoint: 152900 ns, At safepoint: 30100 ns, Total: 183000 ns
[2020-04-27T13:50:40.920+0000][1][safepoint    ] Safepoint "Cleanup", Time since last: 1000361200 ns, Reaching safepoint: 560800 ns, At safepoint: 103600 ns, Total: 664400 ns
[2020-04-27T13:50:41.921+0000][1][safepoint    ] Safepoint "Cleanup", Time since last: 1000261900 ns, Reaching safepoint: 292600 ns, At safepoint: 63000 ns, Total: 355600 ns
[2020-04-27T13:50:42.922+0000][1][safepoint    ] Safepoint "Cleanup", Time since last: 1000412400 ns, Reaching safepoint: 474900 ns, At safepoint: 131300 ns, Total: 606200 ns
[2020-04-27T13:50:43.922+0000][1][safepoint    ] Safepoint "Cleanup", Time since last: 1000673400 ns, Reaching safepoint: 136500 ns, At safepoint: 32200 ns, Total: 168700 ns
[2020-04-27T13:50:44.923+0000][1][safepoint    ] Safepoint "Cleanup", Time since last: 1000475400 ns, Reaching safepoint: 204800 ns, At safepoint: 50900 ns, Total: 255700 ns
[2020-04-27T13:50:45.894+0000][1][safepoint    ] Safepoint "RevokeBias", Time since last: 970493800 ns, Reaching safepoint: 137600 ns, At safepoint: 99400 ns, Total: 237000 ns
[2020-04-27T13:50:45.894+0000][1][safepoint    ] Safepoint "RevokeBias", Time since last: 199800 ns, Reaching safepoint: 216200 ns, At safepoint: 134100 ns, Total: 350300 ns
[2020-04-27T13:50:45.895+0000][1][safepoint    ] Safepoint "RevokeBias", Time since last: 53800 ns, Reaching safepoint: 177600 ns, At safepoint: 121800 ns, Total: 299400 ns
[2020-04-27T13:50:45.900+0000][1][safepoint    ] Safepoint "RevokeBias", Time since last: 5221800 ns, Reaching safepoint: 144600 ns, At safepoint: 77400 ns, Total: 222000 ns
[2020-04-27T13:50:45.901+0000][1][safepoint    ] Safepoint "RevokeBias", Time since last: 256700 ns, Reaching safepoint: 125500 ns, At safepoint: 67200 ns, Total: 192700 ns
[2020-04-27T13:50:45.901+0000][1][safepoint    ] Safepoint "RevokeBias", Time since last: 134900 ns, Reaching safepoint: 171200 ns, At safepoint: 61800 ns, Total: 233000 ns
[2020-04-27T13:50:46.902+0000][1][safepoint    ] Safepoint "Cleanup", Time since last: 1000525600 ns, Reaching safepoint: 230500 ns, At safepoint: 46600 ns, Total: 277100 ns
[2020-04-27T13:50:47.902+0000][1][safepoint    ] Safepoint "Cleanup", Time since last: 1000160300 ns, Reaching safepoint: 138500 ns, At safepoint: 26300 ns, Total: 164800 ns
[2020-04-27T13:50:48.903+0000][1][safepoint    ] Safepoint "Cleanup", Time since last: 1000483700 ns, Reaching safepoint: 223300 ns, At safepoint: 58400 ns, Total: 281700 ns
[2020-04-27T13:50:49.904+0000][1][safepoint    ] Safepoint "Cleanup", Time since last: 1000377500 ns, Reaching safepoint: 479600 ns, At safepoint: 140800 ns, Total: 620400 ns
[2020-04-27T13:50:50.905+0000][1][safepoint    ] Safepoint "Cleanup", Time since last: 1000685800 ns, Reaching safepoint: 486100 ns, At safepoint: 137800 ns, Total: 623900 ns
[2020-04-27T13:50:51.906+0000][1][safepoint    ] Safepoint "Cleanup", Time since last: 1000621600 ns, Reaching safepoint: 407300 ns, At safepoint: 99100 ns, Total: 506400 ns
[2020-04-27T13:50:52.907+0000][1][safepoint    ] Safepoint "Cleanup", Time since last: 1000202100 ns, Reaching safepoint: 138800 ns, At safepoint: 28200 ns, Total: 167000 ns
[2020-04-27T13:50:53.907+0000][1][safepoint    ] Safepoint "Cleanup", Time since last: 1000383800 ns, Reaching safepoint: 141900 ns, At safepoint: 32900 ns, Total: 174800 ns
[2020-04-27T13:50:54.908+0000][1][safepoint    ] Safepoint "Cleanup", Time since last: 1000161100 ns, Reaching safepoint: 138100 ns, At safepoint: 31000 ns, Total: 169100 ns
[2020-04-27T13:50:55.909+0000][1][safepoint    ] Safepoint "Cleanup", Time since last: 1000347800 ns, Reaching safepoint: 501300 ns, At safepoint: 481700 ns, Total: 983000 ns
[2020-04-27T13:50:56.910+0000][1][safepoint    ] Safepoint "Cleanup", Time since last: 1000456900 ns, Reaching safepoint: 469400 ns, At safepoint: 136000 ns, Total: 605400 ns
[2020-04-27T13:50:57.911+0000][1][safepoint    ] Safepoint "Cleanup", Time since last: 1000749300 ns, Reaching safepoint: 474200 ns, At safepoint: 141900 ns, Total: 616100 ns
[2020-04-27T13:50:58.913+0000][1][safepoint    ] Safepoint "Cleanup", Time since last: 1000539200 ns, Reaching safepoint: 495600 ns, At safepoint: 142300 ns, Total: 637900 ns
[2020-04-27T13:50:59.913+0000][1][safepoint    ] Safepoint "Cleanup", Time since last: 1000236200 ns, Reaching safepoint: 140500 ns, At safepoint: 30200 ns, Total: 170700 ns
[2020-04-27T13:51:00.914+0000][1][safepoint    ] Safepoint "Cleanup", Time since last: 1000338300 ns, Reaching safepoint: 343300 ns, At safepoint: 83900 ns, Total: 427200 ns
[2020-04-27T13:51:01.914+0000][1][safepoint    ] Safepoint "Cleanup", Time since last: 1000199100 ns, Reaching safepoint: 338000 ns, At safepoint: 79400 ns, Total: 417400 ns
[2020-04-27T13:51:02.916+0000][1][safepoint    ] Safepoint "Cleanup", Time since last: 1000599000 ns, Reaching safepoint: 485200 ns, At safepoint: 138500 ns, Total: 623700 ns
[2020-04-27T13:51:03.916+0000][1][safepoint    ] Safepoint "Cleanup", Time since last: 1000539300 ns, Reaching safepoint: 186500 ns, At safepoint: 48700 ns, Total: 235200 ns
[2020-04-27T13:51:04.917+0000][1][safepoint    ] Safepoint "Cleanup", Time since last: 1000271600 ns, Reaching safepoint: 290000 ns, At safepoint: 41300 ns, Total: 331300 ns
[2020-04-27T13:51:05.918+0000][1][safepoint    ] Safepoint "Cleanup", Time since last: 1000412600 ns, Reaching safepoint: 719700 ns, At safepoint: 167000 ns, Total: 886700 ns
[2020-04-27T13:51:06.919+0000][1][safepoint    ] Safepoint "Cleanup", Time since last: 1000374700 ns, Reaching safepoint: 589200 ns, At safepoint: 133900 ns, Total: 723100 ns
[2020-04-27T13:51:07.920+0000][1][safepoint    ] Safepoint "Cleanup", Time since last: 1000211700 ns, Reaching safepoint: 151700 ns, At safepoint: 32000 ns, Total: 183700 ns
[2020-04-27T13:51:08.921+0000][1][safepoint    ] Safepoint "Cleanup", Time since last: 1000694200 ns, Reaching safepoint: 470600 ns, At safepoint: 143400 ns, Total: 614000 ns
[2020-04-27T13:51:09.922+0000][1][safepoint    ] Safepoint "Cleanup", Time since last: 1000230000 ns, Reaching safepoint: 260500 ns, At safepoint: 47000 ns, Total: 307500 ns
[2020-04-27T13:51:10.923+0000][1][safepoint    ] Safepoint "Cleanup", Time since last: 1000482900 ns, Reaching safepoint: 542500 ns, At safepoint: 138400 ns, Total: 680900 ns
[2020-04-27T13:51:11.924+0000][1][safepoint    ] Safepoint "Cleanup", Time since last: 1000705400 ns, Reaching safepoint: 142300 ns, At safepoint: 32600 ns, Total: 174900 ns
[2020-04-27T13:51:12.925+0000][1][safepoint    ] Safepoint "Cleanup", Time since last: 1000524000 ns, Reaching safepoint: 473700 ns, At safepoint: 138000 ns, Total: 611700 ns
[2020-04-27T13:51:13.926+0000][1][safepoint    ] Safepoint "Cleanup", Time since last: 1000612600 ns, Reaching safepoint: 473300 ns, At safepoint: 138500 ns, Total: 611800 ns
[2020-04-27T13:51:14.927+0000][1][safepoint    ] Safepoint "Cleanup", Time since last: 1000367200 ns, Reaching safepoint: 165000 ns, At safepoint: 30100 ns, Total: 195100 ns
[2020-04-27T13:51:15.928+0000][1][safepoint    ] Safepoint "Cleanup", Time since last: 1000395100 ns, Reaching safepoint: 532500 ns, At safepoint: 130100 ns, Total: 662600 ns
[2020-04-27T13:51:16.929+0000][1][safepoint    ] Safepoint "Cleanup", Time since last: 1000709600 ns, Reaching safepoint: 295700 ns, At safepoint: 71000 ns, Total: 366700 ns
[2020-04-27T13:51:17.930+0000][1][safepoint    ] Safepoint "Cleanup", Time since last: 1000660700 ns, Reaching safepoint: 473500 ns, At safepoint: 140300 ns, Total: 613800 ns
[2020-04-27T13:51:18.931+0000][1][safepoint    ] Safepoint "Cleanup", Time since last: 1000483800 ns, Reaching safepoint: 660600 ns, At safepoint: 135700 ns, Total: 796300 ns
[2020-04-27T13:51:19.932+0000][1][safepoint    ] Safepoint "Cleanup", Time since last: 1000288000 ns, Reaching safepoint: 285700 ns, At safepoint: 87900 ns, Total: 373600 ns
[2020-04-27T13:51:20.932+0000][1][safepoint    ] Safepoint "Cleanup", Time since last: 1000211500 ns, Reaching safepoint: 138800 ns, At safepoint: 29200 ns, Total: 168000 ns
[2020-04-27T13:51:21.933+0000][1][safepoint    ] Safepoint "Cleanup", Time since last: 1000188400 ns, Reaching safepoint: 135000 ns, At safepoint: 53900 ns, Total: 188900 ns
[2020-04-27T13:51:22.934+0000][1][safepoint    ] Safepoint "Cleanup", Time since last: 1000642600 ns, Reaching safepoint: 491500 ns, At safepoint: 135200 ns, Total: 626700 ns
[2020-04-27T13:51:23.935+0000][1][safepoint    ] Safepoint "Cleanup", Time since last: 1000798600 ns, Reaching safepoint: 334900 ns, At safepoint: 96200 ns, Total: 431100 ns
[2020-04-27T13:51:24.937+0000][1][safepoint    ] Safepoint "Cleanup", Time since last: 1000713100 ns, Reaching safepoint: 472200 ns, At safepoint: 140300 ns, Total: 612500 ns
[2020-04-27T13:51:25.937+0000][1][safepoint    ] Safepoint "Cleanup", Time since last: 1000267600 ns, Reaching safepoint: 163400 ns, At safepoint: 27700 ns, Total: 191100 ns
[2020-04-27T13:51:26.938+0000][1][safepoint    ] Safepoint "Cleanup", Time since last: 1000399000 ns, Reaching safepoint: 477100 ns, At safepoint: 142200 ns, Total: 619300 ns
[2020-04-27T13:51:27.939+0000][1][safepoint    ] Safepoint "Cleanup", Time since last: 1000575000 ns, Reaching safepoint: 183300 ns, At safepoint: 37800 ns, Total: 221100 ns
[2020-04-27T13:51:28.940+0000][1][safepoint    ] Safepoint "Cleanup", Time since last: 1000277300 ns, Reaching safepoint: 345100 ns, At safepoint: 96400 ns, Total: 441500 ns
[2020-04-27T13:51:29.940+0000][1][safepoint    ] Safepoint "Cleanup", Time since last: 1000194800 ns, Reaching safepoint: 154100 ns, At safepoint: 42200 ns, Total: 196300 ns
[2020-04-27T13:51:30.940+0000][1][safepoint    ] Safepoint "Cleanup", Time since last: 1000162300 ns, Reaching safepoint: 147800 ns, At safepoint: 33100 ns, Total: 180900 ns
[2020-04-27T13:51:31.941+0000][1][safepoint    ] Safepoint "Cleanup", Time since last: 1000577700 ns, Reaching safepoint: 473900 ns, At safepoint: 139500 ns, Total: 613400 ns
[2020-04-27T13:51:32.942+0000][1][safepoint    ] Safepoint "Cleanup", Time since last: 1000540100 ns, Reaching safepoint: 161200 ns, At safepoint: 39300 ns, Total: 200500 ns
[2020-04-27T13:51:33.210+0000][1][safepoint    ] Safepoint "RevokeBias", Time since last: 267689100 ns, Reaching safepoint: 196500 ns, At safepoint: 37800 ns, Total: 234300 ns
[2020-04-27T13:51:33.707+0000][1][safepoint    ] Safepoint "RevokeBias", Time since last: 496623900 ns, Reaching safepoint: 135400 ns, At safepoint: 43300 ns, Total: 178700 ns
[2020-04-27T13:51:33.998+0000][1][safepoint    ] Safepoint "RevokeBias", Time since last: 290672000 ns, Reaching safepoint: 227800 ns, At safepoint: 75700 ns, Total: 303500 ns
[2020-04-27T13:51:34.999+0000][1][safepoint    ] Safepoint "Cleanup", Time since last: 1000429300 ns, Reaching safepoint: 159500 ns, At safepoint: 63700 ns, Total: 223200 ns
[2020-04-27T13:51:36.000+0000][1][safepoint    ] Safepoint "Cleanup", Time since last: 1000679000 ns, Reaching safepoint: 459800 ns, At safepoint: 139200 ns, Total: 599000 ns
[2020-04-27T13:51:37.001+0000][1][safepoint    ] Safepoint "Cleanup", Time since last: 1000619600 ns, Reaching safepoint: 483100 ns, At safepoint: 137100 ns, Total: 620200 ns
[2020-04-27T13:51:38.002+0000][1][safepoint    ] Safepoint "Cleanup", Time since last: 1000345300 ns, Reaching safepoint: 180800 ns, At safepoint: 42300 ns, Total: 223100 ns
[2020-04-27T13:51:39.002+0000][1][safepoint    ] Safepoint "Cleanup", Time since last: 1000158100 ns, Reaching safepoint: 154500 ns, At safepoint: 32200 ns, Total: 186700 ns
[2020-04-27T13:51:40.002+0000][1][safepoint    ] Safepoint "Cleanup", Time since last: 1000315800 ns, Reaching safepoint: 139200 ns, At safepoint: 30800 ns, Total: 170000 ns
[2020-04-27T13:51:41.003+0000][1][safepoint    ] Safepoint "Cleanup", Time since last: 1000326300 ns, Reaching safepoint: 480300 ns, At safepoint: 133100 ns, Total: 613400 ns
[2020-04-27T13:51:42.004+0000][1][safepoint    ] Safepoint "Cleanup", Time since last: 1000303400 ns, Reaching safepoint: 332200 ns, At safepoint: 96100 ns, Total: 428300 ns
[2020-04-27T13:51:43.005+0000][1][safepoint    ] Safepoint "Cleanup", Time since last: 1000646300 ns, Reaching safepoint: 255400 ns, At safepoint: 68000 ns, Total: 323400 ns
[2020-04-27T13:51:44.006+0000][1][safepoint    ] Safepoint "Cleanup", Time since last: 1000284800 ns, Reaching safepoint: 444600 ns, At safepoint: 131300 ns, Total: 575900 ns
[2020-04-27T13:51:45.007+0000][1][safepoint    ] Safepoint "Cleanup", Time since last: 1000650000 ns, Reaching safepoint: 448600 ns, At safepoint: 133300 ns, Total: 581900 ns
[2020-04-27T13:51:46.008+0000][1][safepoint    ] Safepoint "Cleanup", Time since last: 1000329700 ns, Reaching safepoint: 300000 ns, At safepoint: 69600 ns, Total: 369600 ns
[2020-04-27T13:51:46.802+0000][1][safepoint    ] Safepoint "RevokeBias", Time since last: 793430500 ns, Reaching safepoint: 212500 ns, At safepoint: 59800 ns, Total: 272300 ns
[2020-04-27T13:51:46.803+0000][1][safepoint    ] Safepoint "RevokeBias", Time since last: 1239800 ns, Reaching safepoint: 191600 ns, At safepoint: 87500 ns, Total: 279100 ns
[2020-04-27T13:51:46.804+0000][1][safepoint    ] Safepoint "RevokeBias", Time since last: 310100 ns, Reaching safepoint: 136600 ns, At safepoint: 108700 ns, Total: 245300 ns
[2020-04-27T13:51:46.815+0000][1][gc,start     ] GC(27) Pause Young (Allocation Failure)
[2020-04-27T13:51:46.815+0000][1][gc,task      ] GC(27) Using 10 workers of 10 for evacuation
[2020-04-27T13:51:46.818+0000][1][gc,age       ] GC(27) Desired survivor size 8945664 bytes, new threshold 6 (max threshold 6)
[2020-04-27T13:51:46.818+0000][1][gc,age       ] GC(27) Age table with threshold 6 (max threshold 6)
[2020-04-27T13:51:46.818+0000][1][gc,age       ] GC(27) - age   1:     470128 bytes,     470128 total
[2020-04-27T13:51:46.818+0000][1][gc,age       ] GC(27) - age   2:     134664 bytes,     604792 total
[2020-04-27T13:51:46.818+0000][1][gc,age       ] GC(27) - age   3:     133128 bytes,     737920 total
[2020-04-27T13:51:46.818+0000][1][gc,age       ] GC(27) - age   4:     482984 bytes,    1220904 total
[2020-04-27T13:51:46.818+0000][1][gc,age       ] GC(27) - age   5:      84184 bytes,    1305088 total
[2020-04-27T13:51:46.818+0000][1][gc,age       ] GC(27) - age   6:     430008 bytes,    1735096 total
[2020-04-27T13:51:46.818+0000][1][gc,heap      ] GC(27) ParNew: 143571K->2405K(157248K)
[2020-04-27T13:51:46.818+0000][1][gc,heap      ] GC(27) CMS: 88093K->88703K(349568K)
[2020-04-27T13:51:46.818+0000][1][gc,metaspace ] GC(27) Metaspace: 96368K->96368K(1138688K)
[2020-04-27T13:51:46.818+0000][1][gc           ] GC(27) Pause Young (Allocation Failure) 226M->88M(494M) 3.207ms
[2020-04-27T13:51:46.818+0000][1][gc,cpu       ] GC(27) User=0.01s Sys=0.00s Real=0.00s
[2020-04-27T13:51:46.818+0000][1][safepoint    ] Safepoint "GenCollectForAllocation", Time since last: 11155300 ns, Reaching safepoint: 137200 ns, At safepoint: 3278400 ns, Total: 3415600 ns
[2020-04-27T13:51:46.842+0000][1][safepoint    ] Safepoint "RevokeBias", Time since last: 23638800 ns, Reaching safepoint: 124900 ns, At safepoint: 37900 ns, Total: 162800 ns
[2020-04-27T13:51:46.845+0000][1][safepoint    ] Safepoint "RevokeBias", Time since last: 2624900 ns, Reaching safepoint: 133600 ns, At safepoint: 94600 ns, Total: 228200 ns
[2020-04-27T13:51:46.887+0000][1][safepoint    ] Safepoint "RevokeBias", Time since last: 42034600 ns, Reaching safepoint: 133300 ns, At safepoint: 36200 ns, Total: 169500 ns
[2020-04-27T13:51:46.894+0000][1][safepoint    ] Safepoint "RevokeBias", Time since last: 7083300 ns, Reaching safepoint: 154000 ns, At safepoint: 87300 ns, Total: 241300 ns
[2020-04-27T13:51:46.910+0000][1][safepoint    ] Safepoint "RevokeBias", Time since last: 15562600 ns, Reaching safepoint: 129800 ns, At safepoint: 73400 ns, Total: 203200 ns
[2020-04-27T13:51:46.916+0000][1][safepoint    ] Safepoint "RevokeBias", Time since last: 5488400 ns, Reaching safepoint: 161600 ns, At safepoint: 54100 ns, Total: 215700 ns
[2020-04-27T13:51:47.423+0000][1][safepoint    ] Safepoint "RevokeBias", Time since last: 506747400 ns, Reaching safepoint: 155900 ns, At safepoint: 41900 ns, Total: 197800 ns
[2020-04-27T13:51:47.424+0000][1][safepoint    ] Safepoint "RevokeBias", Time since last: 610600 ns, Reaching safepoint: 115800 ns, At safepoint: 35000 ns, Total: 150800 ns
[2020-04-27T13:51:47.695+0000][1][safepoint    ] Safepoint "RevokeBias", Time since last: 270510800 ns, Reaching safepoint: 431300 ns, At safepoint: 147800 ns, Total: 579100 ns
[2020-04-27T13:51:47.697+0000][1][safepoint    ] Safepoint "RevokeBias", Time since last: 1777600 ns, Reaching safepoint: 279300 ns, At safepoint: 130300 ns, Total: 409600 ns
[2020-04-27T13:51:47.716+0000][1][safepoint    ] Safepoint "RevokeBias", Time since last: 19297300 ns, Reaching safepoint: 245600 ns, At safepoint: 76000 ns, Total: 321600 ns
[2020-04-27T13:51:47.717+0000][1][safepoint    ] Safepoint "RevokeBias", Time since last: 192900 ns, Reaching safepoint: 180500 ns, At safepoint: 45900 ns, Total: 226400 ns
[2020-04-27T13:51:47.718+0000][1][safepoint    ] Safepoint "RevokeBias", Time since last: 368900 ns, Reaching safepoint: 230700 ns, At safepoint: 40900 ns, Total: 271600 ns
[2020-04-27T13:51:47.748+0000][1][safepoint    ] Safepoint "RevokeBias", Time since last: 30132100 ns, Reaching safepoint: 143500 ns, At safepoint: 46000 ns, Total: 189500 ns
[2020-04-27T13:51:47.748+0000][1][safepoint    ] Safepoint "RevokeBias", Time since last: 192600 ns, Reaching safepoint: 101100 ns, At safepoint: 31400 ns, Total: 132500 ns
[2020-04-27T13:51:47.748+0000][1][safepoint    ] Safepoint "RevokeBias", Time since last: 136900 ns, Reaching safepoint: 72300 ns, At safepoint: 30000 ns, Total: 102300 ns
[2020-04-27T13:51:47.749+0000][1][safepoint    ] Safepoint "RevokeBias", Time since last: 119000 ns, Reaching safepoint: 73500 ns, At safepoint: 30100 ns, Total: 103600 ns
[2020-04-27T13:51:47.749+0000][1][safepoint    ] Safepoint "RevokeBias", Time since last: 108600 ns, Reaching safepoint: 119200 ns, At safepoint: 34200 ns, Total: 153400 ns
[2020-04-27T13:51:47.749+0000][1][safepoint    ] Safepoint "RevokeBias", Time since last: 165100 ns, Reaching safepoint: 82100 ns, At safepoint: 33100 ns, Total: 115200 ns
[2020-04-27T13:51:47.749+0000][1][safepoint    ] Safepoint "RevokeBias", Time since last: 125000 ns, Reaching safepoint: 81000 ns, At safepoint: 33000 ns, Total: 114000 ns
[2020-04-27T13:51:47.750+0000][1][safepoint    ] Safepoint "RevokeBias", Time since last: 146500 ns, Reaching safepoint: 81600 ns, At safepoint: 37200 ns, Total: 118800 ns
[2020-04-27T13:51:47.750+0000][1][safepoint    ] Safepoint "RevokeBias", Time since last: 170200 ns, Reaching safepoint: 91300 ns, At safepoint: 37300 ns, Total: 128600 ns
[2020-04-27T13:51:47.750+0000][1][safepoint    ] Safepoint "RevokeBias", Time since last: 145700 ns, Reaching safepoint: 86600 ns, At safepoint: 35300 ns, Total: 121900 ns
[2020-04-27T13:51:47.751+0000][1][safepoint    ] Safepoint "RevokeBias", Time since last: 124800 ns, Reaching safepoint: 82900 ns, At safepoint: 34800 ns, Total: 117700 ns
[2020-04-27T13:51:47.751+0000][1][safepoint    ] Safepoint "RevokeBias", Time since last: 259600 ns, Reaching safepoint: 111900 ns, At safepoint: 32100 ns, Total: 144000 ns
[2020-04-27T13:51:47.751+0000][1][safepoint    ] Safepoint "RevokeBias", Time since last: 113100 ns, Reaching safepoint: 78700 ns, At safepoint: 36400 ns, Total: 115100 ns
[2020-04-27T13:51:47.751+0000][1][safepoint    ] Safepoint "RevokeBias", Time since last: 127200 ns, Reaching safepoint: 75800 ns, At safepoint: 30000 ns, Total: 105800 ns
[2020-04-27T13:51:47.752+0000][1][safepoint    ] Safepoint "RevokeBias", Time since last: 85400 ns, Reaching safepoint: 78500 ns, At safepoint: 29900 ns, Total: 108400 ns
[2020-04-27T13:51:47.752+0000][1][safepoint    ] Safepoint "RevokeBias", Time since last: 141000 ns, Reaching safepoint: 74800 ns, At safepoint: 31700 ns, Total: 106500 ns
[2020-04-27T13:51:47.752+0000][1][safepoint    ] Safepoint "RevokeBias", Time since last: 150700 ns, Reaching safepoint: 75100 ns, At safepoint: 30600 ns, Total: 105700 ns
[2020-04-27T13:51:47.752+0000][1][safepoint    ] Safepoint "RevokeBias", Time since last: 94600 ns, Reaching safepoint: 74100 ns, At safepoint: 30900 ns, Total: 105000 ns
[2020-04-27T13:51:47.872+0000][1][safepoint    ] Safepoint "RevokeBias", Time since last: 119314100 ns, Reaching safepoint: 152000 ns, At safepoint: 74400 ns, Total: 226400 ns
[2020-04-27T13:51:47.873+0000][1][safepoint    ] Safepoint "BulkRevokeBias", Time since last: 143200 ns, Reaching safepoint: 114800 ns, At safepoint: 607400 ns, Total: 722200 ns
[2020-04-27T13:51:47.878+0000][1][safepoint    ] Safepoint "RevokeBias", Time since last: 4688800 ns, Reaching safepoint: 374500 ns, At safepoint: 103000 ns, Total: 477500 ns
[2020-04-27T13:51:47.879+0000][1][safepoint    ] Safepoint "RevokeBias", Time since last: 316000 ns, Reaching safepoint: 315000 ns, At safepoint: 141200 ns, Total: 456200 ns
[2020-04-27T13:51:47.879+0000][1][safepoint    ] Safepoint "RevokeBias", Time since last: 70200 ns, Reaching safepoint: 291500 ns, At safepoint: 112100 ns, Total: 403600 ns
[2020-04-27T13:51:48.880+0000][1][safepoint    ] Safepoint "Cleanup", Time since last: 1000248000 ns, Reaching safepoint: 460600 ns, At safepoint: 135000 ns, Total: 595600 ns
[2020-04-27T13:51:49.880+0000][1][safepoint    ] Safepoint "Cleanup", Time since last: 1000268500 ns, Reaching safepoint: 150400 ns, At safepoint: 65700 ns, Total: 216100 ns
[2020-04-27T13:51:50.881+0000][1][safepoint    ] Safepoint "Cleanup", Time since last: 1000258500 ns, Reaching safepoint: 518900 ns, At safepoint: 134400 ns, Total: 653300 ns
[2020-04-27T13:51:51.882+0000][1][safepoint    ] Safepoint "Cleanup", Time since last: 1000277800 ns, Reaching safepoint: 143000 ns, At safepoint: 34100 ns, Total: 177100 ns
[2020-04-27T13:51:52.883+0000][1][safepoint    ] Safepoint "Cleanup", Time since last: 1000411900 ns, Reaching safepoint: 518000 ns, At safepoint: 134200 ns, Total: 652200 ns
[2020-04-27T13:51:53.883+0000][1][safepoint    ] Safepoint "Cleanup", Time since last: 1000341200 ns, Reaching safepoint: 141300 ns, At safepoint: 30000 ns, Total: 171300 ns
[2020-04-27T13:51:54.884+0000][1][safepoint    ] Safepoint "Cleanup", Time since last: 1000469900 ns, Reaching safepoint: 163800 ns, At safepoint: 32100 ns, Total: 195900 ns
[2020-04-27T13:51:55.885+0000][1][safepoint    ] Safepoint "Cleanup", Time since last: 1000378300 ns, Reaching safepoint: 530000 ns, At safepoint: 132900 ns, Total: 662900 ns
[2020-04-27T13:51:56.886+0000][1][safepoint    ] Safepoint "Cleanup", Time since last: 1000671300 ns, Reaching safepoint: 540300 ns, At safepoint: 137900 ns, Total: 678200 ns
[2020-04-27T13:51:57.887+0000][1][safepoint    ] Safepoint "Cleanup", Time since last: 1000581400 ns, Reaching safepoint: 209100 ns, At safepoint: 58100 ns, Total: 267200 ns
[2020-04-27T13:51:58.888+0000][1][safepoint    ] Safepoint "Cleanup", Time since last: 1000318700 ns, Reaching safepoint: 341000 ns, At safepoint: 97400 ns, Total: 438400 ns
[2020-04-27T13:51:59.889+0000][1][safepoint    ] Safepoint "Cleanup", Time since last: 1000588800 ns, Reaching safepoint: 286000 ns, At safepoint: 114900 ns, Total: 400900 ns
[2020-04-27T13:52:00.890+0000][1][safepoint    ] Safepoint "Cleanup", Time since last: 1000328600 ns, Reaching safepoint: 150500 ns, At safepoint: 34800 ns, Total: 185300 ns
[2020-04-27T13:52:01.891+0000][1][safepoint    ] Safepoint "Cleanup", Time since last: 1000333100 ns, Reaching safepoint: 543800 ns, At safepoint: 142500 ns, Total: 686300 ns
[2020-04-27T13:52:02.892+0000][1][safepoint    ] Safepoint "Cleanup", Time since last: 1000594600 ns, Reaching safepoint: 371000 ns, At safepoint: 110600 ns, Total: 481600 ns
[2020-04-27T13:52:03.023+0000][1][safepoint    ] Safepoint "RevokeBias", Time since last: 130796900 ns, Reaching safepoint: 131800 ns, At safepoint: 43800 ns, Total: 175600 ns
[2020-04-27T13:52:03.024+0000][1][safepoint    ] Safepoint "RevokeBias", Time since last: 837300 ns, Reaching safepoint: 84800 ns, At safepoint: 48400 ns, Total: 133200 ns
[2020-04-27T13:52:03.024+0000][1][safepoint    ] Safepoint "RevokeBias", Time since last: 225100 ns, Reaching safepoint: 79500 ns, At safepoint: 35000 ns, Total: 114500 ns
[2020-04-27T13:52:03.076+0000][1][safepoint    ] Safepoint "RevokeBias", Time since last: 51771100 ns, Reaching safepoint: 149700 ns, At safepoint: 86800 ns, Total: 236500 ns
[2020-04-27T13:52:03.079+0000][1][safepoint    ] Safepoint "RevokeBias", Time since last: 3068100 ns, Reaching safepoint: 264200 ns, At safepoint: 122700 ns, Total: 386900 ns
[2020-04-27T13:52:03.127+0000][1][safepoint    ] Safepoint "RevokeBias", Time since last: 46992600 ns, Reaching safepoint: 129700 ns, At safepoint: 34500 ns, Total: 164200 ns
[2020-04-27T13:52:03.134+0000][1][safepoint    ] Safepoint "RevokeBias", Time since last: 7757800 ns, Reaching safepoint: 117700 ns, At safepoint: 34900 ns, Total: 152600 ns
[2020-04-27T13:52:03.150+0000][1][safepoint    ] Safepoint "BulkRevokeBias", Time since last: 14900100 ns, Reaching safepoint: 132300 ns, At safepoint: 482300 ns, Total: 614600 ns
[2020-04-27T13:52:03.151+0000][1][safepoint    ] Safepoint "RevokeBias", Time since last: 658700 ns, Reaching safepoint: 91700 ns, At safepoint: 58600 ns, Total: 150300 ns
[2020-04-27T13:52:03.156+0000][1][safepoint    ] Safepoint "RevokeBias", Time since last: 4896200 ns, Reaching safepoint: 116000 ns, At safepoint: 32900 ns, Total: 148900 ns
[2020-04-27T13:52:03.678+0000][1][safepoint    ] Safepoint "RevokeBias", Time since last: 522358800 ns, Reaching safepoint: 211000 ns, At safepoint: 51800 ns, Total: 262800 ns
[2020-04-27T13:52:03.680+0000][1][safepoint    ] Safepoint "BulkRevokeBias", Time since last: 734900 ns, Reaching safepoint: 107700 ns, At safepoint: 514300 ns, Total: 622000 ns
[2020-04-27T13:52:03.955+0000][1][safepoint    ] Safepoint "RevokeBias", Time since last: 274533800 ns, Reaching safepoint: 140100 ns, At safepoint: 61900 ns, Total: 202000 ns
[2020-04-27T13:52:03.955+0000][1][safepoint    ] Safepoint "RevokeBias", Time since last: 626600 ns, Reaching safepoint: 94600 ns, At safepoint: 34900 ns, Total: 129500 ns
[2020-04-27T13:52:03.964+0000][1][safepoint    ] Safepoint "RevokeBias", Time since last: 8149300 ns, Reaching safepoint: 155100 ns, At safepoint: 52400 ns, Total: 207500 ns
[2020-04-27T13:52:03.964+0000][1][safepoint    ] Safepoint "RevokeBias", Time since last: 173600 ns, Reaching safepoint: 134100 ns, At safepoint: 57900 ns, Total: 192000 ns
[2020-04-27T13:52:03.964+0000][1][safepoint    ] Safepoint "RevokeBias", Time since last: 311000 ns, Reaching safepoint: 104400 ns, At safepoint: 33500 ns, Total: 137900 ns
[2020-04-27T13:52:03.990+0000][1][safepoint    ] Safepoint "RevokeBias", Time since last: 25610900 ns, Reaching safepoint: 136100 ns, At safepoint: 39200 ns, Total: 175300 ns
[2020-04-27T13:52:03.991+0000][1][safepoint    ] Safepoint "BulkRevokeBias", Time since last: 223300 ns, Reaching safepoint: 119200 ns, At safepoint: 765800 ns, Total: 885000 ns
[2020-04-27T13:52:03.992+0000][1][safepoint    ] Safepoint "RevokeBias", Time since last: 157700 ns, Reaching safepoint: 112600 ns, At safepoint: 32900 ns, Total: 145500 ns
[2020-04-27T13:52:03.992+0000][1][safepoint    ] Safepoint "RevokeBias", Time since last: 137300 ns, Reaching safepoint: 99400 ns, At safepoint: 33300 ns, Total: 132700 ns
[2020-04-27T13:52:03.992+0000][1][safepoint    ] Safepoint "RevokeBias", Time since last: 183300 ns, Reaching safepoint: 84100 ns, At safepoint: 35900 ns, Total: 120000 ns
[2020-04-27T13:52:03.993+0000][1][safepoint    ] Safepoint "RevokeBias", Time since last: 127100 ns, Reaching safepoint: 129900 ns, At safepoint: 35300 ns, Total: 165200 ns
[2020-04-27T13:52:03.993+0000][1][safepoint    ] Safepoint "RevokeBias", Time since last: 140000 ns, Reaching safepoint: 117200 ns, At safepoint: 66900 ns, Total: 184100 ns
[2020-04-27T13:52:03.993+0000][1][safepoint    ] Safepoint "RevokeBias", Time since last: 180000 ns, Reaching safepoint: 88100 ns, At safepoint: 54000 ns, Total: 142100 ns
[2020-04-27T13:52:03.994+0000][1][safepoint    ] Safepoint "RevokeBias", Time since last: 216900 ns, Reaching safepoint: 175000 ns, At safepoint: 49000 ns, Total: 224000 ns
[2020-04-27T13:52:03.994+0000][1][safepoint    ] Safepoint "RevokeBias", Time since last: 149500 ns, Reaching safepoint: 78200 ns, At safepoint: 35700 ns, Total: 113900 ns
[2020-04-27T13:52:03.994+0000][1][safepoint    ] Safepoint "RevokeBias", Time since last: 97300 ns, Reaching safepoint: 83400 ns, At safepoint: 34300 ns, Total: 117700 ns
[2020-04-27T13:52:03.994+0000][1][safepoint    ] Safepoint "RevokeBias", Time since last: 217600 ns, Reaching safepoint: 96900 ns, At safepoint: 33300 ns, Total: 130200 ns
[2020-04-27T13:52:03.995+0000][1][safepoint    ] Safepoint "RevokeBias", Time since last: 116600 ns, Reaching safepoint: 89000 ns, At safepoint: 38000 ns, Total: 127000 ns
[2020-04-27T13:52:03.995+0000][1][safepoint    ] Safepoint "RevokeBias", Time since last: 146100 ns, Reaching safepoint: 88900 ns, At safepoint: 39000 ns, Total: 127900 ns
[2020-04-27T13:52:03.995+0000][1][safepoint    ] Safepoint "RevokeBias", Time since last: 168500 ns, Reaching safepoint: 88900 ns, At safepoint: 38700 ns, Total: 127600 ns
[2020-04-27T13:52:03.996+0000][1][safepoint    ] Safepoint "RevokeBias", Time since last: 165600 ns, Reaching safepoint: 86100 ns, At safepoint: 37300 ns, Total: 123400 ns
[2020-04-27T13:52:03.996+0000][1][safepoint    ] Safepoint "RevokeBias", Time since last: 117700 ns, Reaching safepoint: 85000 ns, At safepoint: 33900 ns, Total: 118900 ns
[2020-04-27T13:52:03.996+0000][1][safepoint    ] Safepoint "RevokeBias", Time since last: 113800 ns, Reaching safepoint: 85600 ns, At safepoint: 33500 ns, Total: 119100 ns
[2020-04-27T13:52:05.002+0000][1][safepoint    ] Safepoint "Cleanup", Time since last: 1006027100 ns, Reaching safepoint: 148800 ns, At safepoint: 31300 ns, Total: 180100 ns
[2020-04-27T13:52:06.003+0000][1][safepoint    ] Safepoint "Cleanup", Time since last: 1000196700 ns, Reaching safepoint: 138100 ns, At safepoint: 29400 ns, Total: 167500 ns
[2020-04-27T13:52:07.004+0000][1][safepoint    ] Safepoint "Cleanup", Time since last: 1000680300 ns, Reaching safepoint: 465000 ns, At safepoint: 137300 ns, Total: 602300 ns
[2020-04-27T13:52:08.005+0000][1][safepoint    ] Safepoint "Cleanup", Time since last: 1000567000 ns, Reaching safepoint: 161500 ns, At safepoint: 36700 ns, Total: 198200 ns
[2020-04-27T13:52:08.685+0000][1][safepoint    ] Safepoint "RevokeBias", Time since last: 680658400 ns, Reaching safepoint: 131800 ns, At safepoint: 37600 ns, Total: 169400 ns
[2020-04-27T13:52:08.686+0000][1][safepoint    ] Safepoint "RevokeBias", Time since last: 754900 ns, Reaching safepoint: 90900 ns, At safepoint: 32400 ns, Total: 123300 ns
[2020-04-27T13:52:08.687+0000][1][safepoint    ] Safepoint "RevokeBias", Time since last: 207400 ns, Reaching safepoint: 73900 ns, At safepoint: 34700 ns, Total: 108600 ns
[2020-04-27T13:52:08.724+0000][1][safepoint    ] Safepoint "RevokeBias", Time since last: 37131400 ns, Reaching safepoint: 128400 ns, At safepoint: 40100 ns, Total: 168500 ns
[2020-04-27T13:52:08.727+0000][1][safepoint    ] Safepoint "RevokeBias", Time since last: 2795100 ns, Reaching safepoint: 187600 ns, At safepoint: 116300 ns, Total: 303900 ns
[2020-04-27T13:52:08.771+0000][1][safepoint    ] Safepoint "RevokeBias", Time since last: 43999500 ns, Reaching safepoint: 132100 ns, At safepoint: 34000 ns, Total: 166100 ns
[2020-04-27T13:52:08.779+0000][1][safepoint    ] Safepoint "RevokeBias", Time since last: 7233200 ns, Reaching safepoint: 176000 ns, At safepoint: 62400 ns, Total: 238400 ns
[2020-04-27T13:52:08.796+0000][1][safepoint    ] Safepoint "RevokeBias", Time since last: 17235700 ns, Reaching safepoint: 214600 ns, At safepoint: 31100 ns, Total: 245700 ns
[2020-04-27T13:52:09.310+0000][1][safepoint    ] Safepoint "RevokeBias", Time since last: 513219900 ns, Reaching safepoint: 133800 ns, At safepoint: 36800 ns, Total: 170600 ns
[2020-04-27T13:52:09.310+0000][1][safepoint    ] Safepoint "RevokeBias", Time since last: 718800 ns, Reaching safepoint: 186200 ns, At safepoint: 45200 ns, Total: 231400 ns
[2020-04-27T13:52:09.601+0000][1][safepoint    ] Safepoint "RevokeBias", Time since last: 290566500 ns, Reaching safepoint: 239400 ns, At safepoint: 75400 ns, Total: 314800 ns
[2020-04-27T13:52:09.644+0000][1][safepoint    ] Safepoint "RevokeBias", Time since last: 42420800 ns, Reaching safepoint: 363200 ns, At safepoint: 90100 ns, Total: 453300 ns
[2020-04-27T13:52:09.645+0000][1][safepoint    ] Safepoint "RevokeBias", Time since last: 237300 ns, Reaching safepoint: 225900 ns, At safepoint: 107400 ns, Total: 333300 ns
[2020-04-27T13:52:09.645+0000][1][safepoint    ] Safepoint "RevokeBias", Time since last: 235200 ns, Reaching safepoint: 97900 ns, At safepoint: 75300 ns, Total: 173200 ns
[2020-04-27T13:52:09.646+0000][1][safepoint    ] Safepoint "RevokeBias", Time since last: 116800 ns, Reaching safepoint: 208500 ns, At safepoint: 50100 ns, Total: 258600 ns
[2020-04-27T13:52:09.646+0000][1][safepoint    ] Safepoint "BulkRevokeBias", Time since last: 198600 ns, Reaching safepoint: 72000 ns, At safepoint: 489600 ns, Total: 561600 ns
[2020-04-27T13:52:09.647+0000][1][safepoint    ] Safepoint "RevokeBias", Time since last: 181400 ns, Reaching safepoint: 72200 ns, At safepoint: 31000 ns, Total: 103200 ns
[2020-04-27T13:52:09.647+0000][1][safepoint    ] Safepoint "RevokeBias", Time since last: 179600 ns, Reaching safepoint: 69700 ns, At safepoint: 31100 ns, Total: 100800 ns
[2020-04-27T13:52:09.647+0000][1][safepoint    ] Safepoint "RevokeBias", Time since last: 163400 ns, Reaching safepoint: 69400 ns, At safepoint: 30400 ns, Total: 99800 ns
[2020-04-27T13:52:09.647+0000][1][safepoint    ] Safepoint "RevokeBias", Time since last: 166500 ns, Reaching safepoint: 102900 ns, At safepoint: 30200 ns, Total: 133100 ns
[2020-04-27T13:52:09.648+0000][1][safepoint    ] Safepoint "RevokeBias", Time since last: 176000 ns, Reaching safepoint: 69700 ns, At safepoint: 30400 ns, Total: 100100 ns
[2020-04-27T13:52:09.648+0000][1][safepoint    ] Safepoint "RevokeBias", Time since last: 275700 ns, Reaching safepoint: 69800 ns, At safepoint: 30500 ns, Total: 100300 ns
[2020-04-27T13:52:09.648+0000][1][safepoint    ] Safepoint "RevokeBias", Time since last: 163000 ns, Reaching safepoint: 87600 ns, At safepoint: 32500 ns, Total: 120100 ns
[2020-04-27T13:52:09.649+0000][1][safepoint    ] Safepoint "RevokeBias", Time since last: 212500 ns, Reaching safepoint: 84100 ns, At safepoint: 30300 ns, Total: 114400 ns
[2020-04-27T13:52:09.649+0000][1][safepoint    ] Safepoint "RevokeBias", Time since last: 186200 ns, Reaching safepoint: 69500 ns, At safepoint: 30500 ns, Total: 100000 ns
[2020-04-27T13:52:09.649+0000][1][safepoint    ] Safepoint "RevokeBias", Time since last: 185900 ns, Reaching safepoint: 69600 ns, At safepoint: 30400 ns, Total: 100000 ns
[2020-04-27T13:52:09.650+0000][1][safepoint    ] Safepoint "RevokeBias", Time since last: 175700 ns, Reaching safepoint: 69000 ns, At safepoint: 27500 ns, Total: 96500 ns
[2020-04-27T13:52:10.650+0000][1][safepoint    ] Safepoint "Cleanup", Time since last: 1000545800 ns, Reaching safepoint: 155500 ns, At safepoint: 30000 ns, Total: 185500 ns
[2020-04-27T13:52:11.652+0000][1][safepoint    ] Safepoint "Cleanup", Time since last: 1000696700 ns, Reaching safepoint: 463900 ns, At safepoint: 138500 ns, Total: 602400 ns
[2020-04-27T13:52:12.653+0000][1][safepoint    ] Safepoint "Cleanup", Time since last: 1000739700 ns, Reaching safepoint: 428900 ns, At safepoint: 126700 ns, Total: 555600 ns
[2020-04-27T13:52:13.654+0000][1][safepoint    ] Safepoint "Cleanup", Time since last: 1000760900 ns, Reaching safepoint: 465500 ns, At safepoint: 139400 ns, Total: 604900 ns
[2020-04-27T13:52:14.655+0000][1][safepoint    ] Safepoint "Cleanup", Time since last: 1000249600 ns, Reaching safepoint: 155600 ns, At safepoint: 39700 ns, Total: 195300 ns
[2020-04-27T13:52:15.656+0000][1][safepoint    ] Safepoint "Cleanup", Time since last: 1000363100 ns, Reaching safepoint: 469600 ns, At safepoint: 149900 ns, Total: 619500 ns
[2020-04-27T13:52:16.657+0000][1][safepoint    ] Safepoint "Cleanup", Time since last: 1000592200 ns, Reaching safepoint: 463100 ns, At safepoint: 138600 ns, Total: 601700 ns
[2020-04-27T13:52:17.658+0000][1][safepoint    ] Safepoint "Cleanup", Time since last: 1000314400 ns, Reaching safepoint: 249200 ns, At safepoint: 38500 ns, Total: 287700 ns
[2020-04-27T13:52:18.659+0000][1][safepoint    ] Safepoint "Cleanup", Time since last: 1000643900 ns, Reaching safepoint: 514100 ns, At safepoint: 136300 ns, Total: 650400 ns
[2020-04-27T13:52:19.659+0000][1][safepoint    ] Safepoint "Cleanup", Time since last: 1000238300 ns, Reaching safepoint: 150900 ns, At safepoint: 31400 ns, Total: 182300 ns
[2020-04-27T13:52:20.660+0000][1][safepoint    ] Safepoint "Cleanup", Time since last: 1000398000 ns, Reaching safepoint: 618700 ns, At safepoint: 147200 ns, Total: 765900 ns
[2020-04-27T13:52:21.661+0000][1][safepoint    ] Safepoint "Cleanup", Time since last: 1000412600 ns, Reaching safepoint: 158700 ns, At safepoint: 40000 ns, Total: 198700 ns
[2020-04-27T13:52:22.661+0000][1][safepoint    ] Safepoint "Cleanup", Time since last: 1000167900 ns, Reaching safepoint: 221800 ns, At safepoint: 44000 ns, Total: 265800 ns
[2020-04-27T13:52:23.663+0000][1][safepoint    ] Safepoint "Cleanup", Time since last: 1000477000 ns, Reaching safepoint: 534900 ns, At safepoint: 151400 ns, Total: 686300 ns
[2020-04-27T13:52:24.663+0000][1][safepoint    ] Safepoint "Cleanup", Time since last: 1000372700 ns, Reaching safepoint: 136300 ns, At safepoint: 30800 ns, Total: 167100 ns
[2020-04-27T13:52:25.664+0000][1][safepoint    ] Safepoint "Cleanup", Time since last: 1000237900 ns, Reaching safepoint: 467600 ns, At safepoint: 184100 ns, Total: 651700 ns
[2020-04-27T13:52:26.665+0000][1][safepoint    ] Safepoint "Cleanup", Time since last: 1000693100 ns, Reaching safepoint: 143300 ns, At safepoint: 32100 ns, Total: 175400 ns
[2020-04-27T13:52:27.665+0000][1][safepoint    ] Safepoint "Cleanup", Time since last: 1000184000 ns, Reaching safepoint: 161500 ns, At safepoint: 31300 ns, Total: 192800 ns
[2020-04-27T13:52:28.666+0000][1][safepoint    ] Safepoint "Cleanup", Time since last: 1000564600 ns, Reaching safepoint: 160000 ns, At safepoint: 32200 ns, Total: 192200 ns
[2020-04-27T13:52:29.667+0000][1][safepoint    ] Safepoint "Cleanup", Time since last: 1000452300 ns, Reaching safepoint: 536700 ns, At safepoint: 133600 ns, Total: 670300 ns
[2020-04-27T13:52:30.669+0000][1][safepoint    ] Safepoint "Cleanup", Time since last: 1000801300 ns, Reaching safepoint: 466900 ns, At safepoint: 207700 ns, Total: 674600 ns
[2020-04-27T13:52:31.669+0000][1][safepoint    ] Safepoint "Cleanup", Time since last: 1000342200 ns, Reaching safepoint: 362500 ns, At safepoint: 88800 ns, Total: 451300 ns
[2020-04-27T13:52:32.670+0000][1][safepoint    ] Safepoint "Cleanup", Time since last: 1000309400 ns, Reaching safepoint: 310900 ns, At safepoint: 77500 ns, Total: 388400 ns
[2020-04-27T13:52:33.671+0000][1][safepoint    ] Safepoint "Cleanup", Time since last: 1000242100 ns, Reaching safepoint: 219400 ns, At safepoint: 62300 ns, Total: 281700 ns
[2020-04-27T13:52:34.672+0000][1][safepoint    ] Safepoint "Cleanup", Time since last: 1000359900 ns, Reaching safepoint: 528900 ns, At safepoint: 134100 ns, Total: 663000 ns
[2020-04-27T13:52:35.672+0000][1][safepoint    ] Safepoint "Cleanup", Time since last: 1000261300 ns, Reaching safepoint: 293300 ns, At safepoint: 74900 ns, Total: 368200 ns
[2020-04-27T13:52:36.673+0000][1][safepoint    ] Safepoint "Cleanup", Time since last: 1000191100 ns, Reaching safepoint: 275900 ns, At safepoint: 56300 ns, Total: 332200 ns
[2020-04-27T13:52:37.674+0000][1][safepoint    ] Safepoint "Cleanup", Time since last: 1000561100 ns, Reaching safepoint: 463300 ns, At safepoint: 137400 ns, Total: 600700 ns
[2020-04-27T13:52:38.675+0000][1][safepoint    ] Safepoint "Cleanup", Time since last: 1000495500 ns, Reaching safepoint: 395000 ns, At safepoint: 116500 ns, Total: 511500 ns
[2020-04-27T13:52:39.675+0000][1][safepoint    ] Safepoint "Cleanup", Time since last: 1000254600 ns, Reaching safepoint: 138500 ns, At safepoint: 29800 ns, Total: 168300 ns
[2020-04-27T13:52:40.676+0000][1][safepoint    ] Safepoint "Cleanup", Time since last: 1000182600 ns, Reaching safepoint: 144800 ns, At safepoint: 31600 ns, Total: 176400 ns
[2020-04-27T13:52:41.676+0000][1][safepoint    ] Safepoint "Cleanup", Time since last: 1000314500 ns, Reaching safepoint: 149300 ns, At safepoint: 32400 ns, Total: 181700 ns
[2020-04-27T13:52:42.677+0000][1][safepoint    ] Safepoint "Cleanup", Time since last: 1000474500 ns, Reaching safepoint: 466700 ns, At safepoint: 137400 ns, Total: 604100 ns
[2020-04-27T13:52:43.678+0000][1][safepoint    ] Safepoint "Cleanup", Time since last: 1000239200 ns, Reaching safepoint: 142700 ns, At safepoint: 31400 ns, Total: 174100 ns
[2020-04-27T13:52:44.679+0000][1][safepoint    ] Safepoint "Cleanup", Time since last: 1000272200 ns, Reaching safepoint: 393700 ns, At safepoint: 127000 ns, Total: 520700 ns
[2020-04-27T13:52:44.805+0000][1][gc,start     ] GC(28) Pause Young (Allocation Failure)
[2020-04-27T13:52:44.805+0000][1][gc,task      ] GC(28) Using 10 workers of 10 for evacuation
[2020-04-27T13:52:44.808+0000][1][gc,age       ] GC(28) Desired survivor size 8945664 bytes, new threshold 6 (max threshold 6)
[2020-04-27T13:52:44.808+0000][1][gc,age       ] GC(28) Age table with threshold 6 (max threshold 6)
[2020-04-27T13:52:44.808+0000][1][gc,age       ] GC(28) - age   1:     211536 bytes,     211536 total
[2020-04-27T13:52:44.808+0000][1][gc,age       ] GC(28) - age   2:     308280 bytes,     519816 total
[2020-04-27T13:52:44.808+0000][1][gc,age       ] GC(28) - age   3:     117984 bytes,     637800 total
[2020-04-27T13:52:44.808+0000][1][gc,age       ] GC(28) - age   4:      53136 bytes,     690936 total
[2020-04-27T13:52:44.808+0000][1][gc,age       ] GC(28) - age   5:     482840 bytes,    1173776 total
[2020-04-27T13:52:44.808+0000][1][gc,age       ] GC(28) - age   6:      83224 bytes,    1257000 total
[2020-04-27T13:52:44.808+0000][1][gc,heap      ] GC(28) ParNew: 142181K->1925K(157248K)
[2020-04-27T13:52:44.808+0000][1][gc,heap      ] GC(28) CMS: 88703K->89124K(349568K)
[2020-04-27T13:52:44.808+0000][1][gc,metaspace ] GC(28) Metaspace: 96497K->96497K(1138688K)
[2020-04-27T13:52:44.808+0000][1][gc           ] GC(28) Pause Young (Allocation Failure) 225M->88M(494M) 2.799ms
[2020-04-27T13:52:44.808+0000][1][gc,cpu       ] GC(28) User=0.01s Sys=0.00s Real=0.00s
[2020-04-27T13:52:44.808+0000][1][safepoint    ] Safepoint "GenCollectForAllocation", Time since last: 126312500 ns, Reaching safepoint: 142300 ns, At safepoint: 2871700 ns, Total: 3014000 ns
[2020-04-27T13:52:45.809+0000][1][safepoint    ] Safepoint "Cleanup", Time since last: 1000250700 ns, Reaching safepoint: 325100 ns, At safepoint: 302300 ns, Total: 627400 ns
[2020-04-27T13:52:46.810+0000][1][safepoint    ] Safepoint "Cleanup", Time since last: 1000307100 ns, Reaching safepoint: 363700 ns, At safepoint: 75800 ns, Total: 439500 ns
[2020-04-27T13:52:47.810+0000][1][safepoint    ] Safepoint "Cleanup", Time since last: 1000281900 ns, Reaching safepoint: 303600 ns, At safepoint: 139500 ns, Total: 443100 ns
[2020-04-27T13:52:48.811+0000][1][safepoint    ] Safepoint "Cleanup", Time since last: 1000456600 ns, Reaching safepoint: 190400 ns, At safepoint: 91200 ns, Total: 281600 ns
[2020-04-27T13:52:49.812+0000][1][safepoint    ] Safepoint "Cleanup", Time since last: 1000398400 ns, Reaching safepoint: 744900 ns, At safepoint: 273200 ns, Total: 1018100 ns
[2020-04-27T13:52:49.869+0000][1][safepoint    ] Safepoint "RevokeBias", Time since last: 55883300 ns, Reaching safepoint: 339400 ns, At safepoint: 142300 ns, Total: 481700 ns
[2020-04-27T13:52:49.869+0000][1][safepoint    ] Safepoint "RevokeBias", Time since last: 85200 ns, Reaching safepoint: 210400 ns, At safepoint: 95700 ns, Total: 306100 ns
[2020-04-27T13:52:49.870+0000][1][safepoint    ] Safepoint "RevokeBias", Time since last: 443600 ns, Reaching safepoint: 208400 ns, At safepoint: 118200 ns, Total: 326600 ns
[2020-04-27T13:52:49.874+0000][1][safepoint    ] Safepoint "RevokeBias", Time since last: 3972800 ns, Reaching safepoint: 132500 ns, At safepoint: 130100 ns, Total: 262600 ns
[2020-04-27T13:52:49.875+0000][1][safepoint    ] Safepoint "RevokeBias", Time since last: 85400 ns, Reaching safepoint: 294300 ns, At safepoint: 121200 ns, Total: 415500 ns
[2020-04-27T13:52:49.875+0000][1][safepoint    ] Safepoint "RevokeBias", Time since last: 220900 ns, Reaching safepoint: 233400 ns, At safepoint: 76600 ns, Total: 310000 ns
[2020-04-27T13:52:50.876+0000][1][safepoint    ] Safepoint "Cleanup", Time since last: 1000198500 ns, Reaching safepoint: 145300 ns, At safepoint: 28100 ns, Total: 173400 ns
[2020-04-27T13:52:51.877+0000][1][safepoint    ] Safepoint "Cleanup", Time since last: 1000343200 ns, Reaching safepoint: 489100 ns, At safepoint: 150700 ns, Total: 639800 ns
[2020-04-27T13:52:52.877+0000][1][safepoint    ] Safepoint "Cleanup", Time since last: 1000198500 ns, Reaching safepoint: 139700 ns, At safepoint: 29300 ns, Total: 169000 ns
[2020-04-27T13:52:53.878+0000][1][safepoint    ] Safepoint "Cleanup", Time since last: 1000447300 ns, Reaching safepoint: 279900 ns, At safepoint: 75000 ns, Total: 354900 ns
[2020-04-27T13:52:54.878+0000][1][safepoint    ] Safepoint "Cleanup", Time since last: 1000256900 ns, Reaching safepoint: 325000 ns, At safepoint: 94200 ns, Total: 419200 ns
[2020-04-27T13:52:55.879+0000][1][safepoint    ] Safepoint "Cleanup", Time since last: 1000248900 ns, Reaching safepoint: 145400 ns, At safepoint: 29300 ns, Total: 174700 ns
[2020-04-27T13:52:56.880+0000][1][safepoint    ] Safepoint "Cleanup", Time since last: 1000269700 ns, Reaching safepoint: 330200 ns, At safepoint: 137600 ns, Total: 467800 ns
[2020-04-27T13:52:57.880+0000][1][safepoint    ] Safepoint "Cleanup", Time since last: 1000534800 ns, Reaching safepoint: 216400 ns, At safepoint: 88200 ns, Total: 304600 ns
[2020-04-27T13:52:58.881+0000][1][safepoint    ] Safepoint "Cleanup", Time since last: 1000366300 ns, Reaching safepoint: 137300 ns, At safepoint: 31700 ns, Total: 169000 ns
[2020-04-27T13:52:59.881+0000][1][safepoint    ] Safepoint "Cleanup", Time since last: 1000262700 ns, Reaching safepoint: 141200 ns, At safepoint: 27100 ns, Total: 168300 ns
[2020-04-27T13:53:00.882+0000][1][safepoint    ] Safepoint "Cleanup", Time since last: 1000197600 ns, Reaching safepoint: 196400 ns, At safepoint: 31400 ns, Total: 227800 ns
[2020-04-27T13:53:01.883+0000][1][safepoint    ] Safepoint "Cleanup", Time since last: 1000290100 ns, Reaching safepoint: 446800 ns, At safepoint: 117000 ns, Total: 563800 ns
[2020-04-27T13:53:02.884+0000][1][safepoint    ] Safepoint "Cleanup", Time since last: 1000467800 ns, Reaching safepoint: 512200 ns, At safepoint: 136000 ns, Total: 648200 ns
[2020-04-27T13:53:03.884+0000][1][safepoint    ] Safepoint "Cleanup", Time since last: 1000284700 ns, Reaching safepoint: 149100 ns, At safepoint: 29900 ns, Total: 179000 ns
[2020-04-27T13:53:04.885+0000][1][safepoint    ] Safepoint "Cleanup", Time since last: 1000588000 ns, Reaching safepoint: 213600 ns, At safepoint: 55900 ns, Total: 269500 ns
[2020-04-27T13:53:05.886+0000][1][safepoint    ] Safepoint "Cleanup", Time since last: 1000566800 ns, Reaching safepoint: 142000 ns, At safepoint: 32000 ns, Total: 174000 ns
[2020-04-27T13:53:06.886+0000][1][safepoint    ] Safepoint "Cleanup", Time since last: 1000207200 ns, Reaching safepoint: 292300 ns, At safepoint: 40700 ns, Total: 333000 ns
[2020-04-27T13:53:07.888+0000][1][safepoint    ] Safepoint "Cleanup", Time since last: 1000490800 ns, Reaching safepoint: 631500 ns, At safepoint: 143600 ns, Total: 775100 ns
[2020-04-27T13:53:08.889+0000][1][safepoint    ] Safepoint "Cleanup", Time since last: 1000423700 ns, Reaching safepoint: 554000 ns, At safepoint: 131500 ns, Total: 685500 ns
[2020-04-27T13:53:09.889+0000][1][safepoint    ] Safepoint "Cleanup", Time since last: 1000234700 ns, Reaching safepoint: 203500 ns, At safepoint: 47200 ns, Total: 250700 ns
[2020-04-27T13:53:10.890+0000][1][safepoint    ] Safepoint "Cleanup", Time since last: 1000291900 ns, Reaching safepoint: 435400 ns, At safepoint: 135200 ns, Total: 570600 ns
[2020-04-27T13:53:11.891+0000][1][safepoint    ] Safepoint "Cleanup", Time since last: 1000586100 ns, Reaching safepoint: 465200 ns, At safepoint: 259100 ns, Total: 724300 ns
[2020-04-27T13:53:12.892+0000][1][safepoint    ] Safepoint "Cleanup", Time since last: 1000496100 ns, Reaching safepoint: 403200 ns, At safepoint: 118900 ns, Total: 522100 ns
[2020-04-27T13:53:13.894+0000][1][safepoint    ] Safepoint "Cleanup", Time since last: 1000520100 ns, Reaching safepoint: 464700 ns, At safepoint: 138100 ns, Total: 602800 ns
[2020-04-27T13:53:14.894+0000][1][safepoint    ] Safepoint "Cleanup", Time since last: 1000395600 ns, Reaching safepoint: 339200 ns, At safepoint: 80100 ns, Total: 419300 ns
[2020-04-27T13:53:15.896+0000][1][safepoint    ] Safepoint "Cleanup", Time since last: 1000726000 ns, Reaching safepoint: 464400 ns, At safepoint: 138300 ns, Total: 602700 ns
[2020-04-27T13:53:16.896+0000][1][safepoint    ] Safepoint "Cleanup", Time since last: 1000407000 ns, Reaching safepoint: 239000 ns, At safepoint: 46100 ns, Total: 285100 ns
[2020-04-27T13:53:17.898+0000][1][safepoint    ] Safepoint "Cleanup", Time since last: 1000615900 ns, Reaching safepoint: 517400 ns, At safepoint: 168000 ns, Total: 685400 ns
[2020-04-27T13:53:18.899+0000][1][safepoint    ] Safepoint "Cleanup", Time since last: 1000366200 ns, Reaching safepoint: 859600 ns, At safepoint: 128700 ns, Total: 988300 ns
[2020-04-27T13:53:19.900+0000][1][safepoint    ] Safepoint "Cleanup", Time since last: 1000490700 ns, Reaching safepoint: 514200 ns, At safepoint: 135800 ns, Total: 650000 ns
[2020-04-27T13:53:20.902+0000][1][safepoint    ] Safepoint "Cleanup", Time since last: 1000770200 ns, Reaching safepoint: 466300 ns, At safepoint: 139300 ns, Total: 605600 ns
[2020-04-27T13:53:21.902+0000][1][safepoint    ] Safepoint "Cleanup", Time since last: 1000349300 ns, Reaching safepoint: 365800 ns, At safepoint: 106400 ns, Total: 472200 ns
[2020-04-27T13:53:22.903+0000][1][safepoint    ] Safepoint "Cleanup", Time since last: 1000653400 ns, Reaching safepoint: 140100 ns, At safepoint: 32800 ns, Total: 172900 ns
[2020-04-27T13:53:23.904+0000][1][safepoint    ] Safepoint "Cleanup", Time since last: 1000605400 ns, Reaching safepoint: 472700 ns, At safepoint: 136300 ns, Total: 609000 ns
[2020-04-27T13:53:24.905+0000][1][safepoint    ] Safepoint "Cleanup", Time since last: 1000370300 ns, Reaching safepoint: 439900 ns, At safepoint: 133500 ns, Total: 573400 ns
[2020-04-27T13:53:25.907+0000][1][safepoint    ] Safepoint "Cleanup", Time since last: 1000497200 ns, Reaching safepoint: 541800 ns, At safepoint: 128100 ns, Total: 669900 ns
[2020-04-27T13:53:26.907+0000][1][safepoint    ] Safepoint "Cleanup", Time since last: 1000236700 ns, Reaching safepoint: 140500 ns, At safepoint: 31200 ns, Total: 171700 ns
[2020-04-27T13:53:27.908+0000][1][safepoint    ] Safepoint "Cleanup", Time since last: 1000284300 ns, Reaching safepoint: 343000 ns, At safepoint: 98800 ns, Total: 441800 ns
[2020-04-27T13:53:28.909+0000][1][safepoint    ] Safepoint "Cleanup", Time since last: 1000661900 ns, Reaching safepoint: 332100 ns, At safepoint: 85500 ns, Total: 417600 ns
[2020-04-27T13:53:29.910+0000][1][safepoint    ] Safepoint "Cleanup", Time since last: 1000736100 ns, Reaching safepoint: 509600 ns, At safepoint: 139700 ns, Total: 649300 ns
[2020-04-27T13:53:30.911+0000][1][safepoint    ] Safepoint "Cleanup", Time since last: 1000317700 ns, Reaching safepoint: 263100 ns, At safepoint: 82300 ns, Total: 345400 ns
[2020-04-27T13:53:31.912+0000][1][safepoint    ] Safepoint "Cleanup", Time since last: 1000401900 ns, Reaching safepoint: 438300 ns, At safepoint: 131500 ns, Total: 569800 ns
[2020-04-27T13:53:32.912+0000][1][safepoint    ] Safepoint "Cleanup", Time since last: 1000356300 ns, Reaching safepoint: 221700 ns, At safepoint: 59200 ns, Total: 280900 ns
[2020-04-27T13:53:33.913+0000][1][safepoint    ] Safepoint "Cleanup", Time since last: 1000131000 ns, Reaching safepoint: 141200 ns, At safepoint: 30000 ns, Total: 171200 ns
[2020-04-27T13:53:34.914+0000][1][safepoint    ] Safepoint "Cleanup", Time since last: 1000347100 ns, Reaching safepoint: 441000 ns, At safepoint: 181100 ns, Total: 622100 ns
[2020-04-27T13:53:35.915+0000][1][safepoint    ] Safepoint "Cleanup", Time since last: 1000741000 ns, Reaching safepoint: 474300 ns, At safepoint: 140900 ns, Total: 615200 ns
[2020-04-27T13:53:36.916+0000][1][safepoint    ] Safepoint "Cleanup", Time since last: 1000433800 ns, Reaching safepoint: 685400 ns, At safepoint: 146500 ns, Total: 831900 ns
[2020-04-27T13:53:37.917+0000][1][safepoint    ] Safepoint "Cleanup", Time since last: 1000423700 ns, Reaching safepoint: 168600 ns, At safepoint: 33000 ns, Total: 201600 ns
[2020-04-27T13:53:38.918+0000][1][safepoint    ] Safepoint "Cleanup", Time since last: 1000291000 ns, Reaching safepoint: 518500 ns, At safepoint: 130000 ns, Total: 648500 ns
[2020-04-27T13:53:39.919+0000][1][safepoint    ] Safepoint "Cleanup", Time since last: 1000539400 ns, Reaching safepoint: 238400 ns, At safepoint: 59000 ns, Total: 297400 ns
[2020-04-27T13:53:40.919+0000][1][safepoint    ] Safepoint "Cleanup", Time since last: 1000142900 ns, Reaching safepoint: 146000 ns, At safepoint: 32900 ns, Total: 178900 ns
[2020-04-27T13:53:41.920+0000][1][safepoint    ] Safepoint "Cleanup", Time since last: 1000329700 ns, Reaching safepoint: 512800 ns, At safepoint: 149300 ns, Total: 662100 ns
[2020-04-27T13:53:42.921+0000][1][safepoint    ] Safepoint "Cleanup", Time since last: 1000503900 ns, Reaching safepoint: 282700 ns, At safepoint: 65100 ns, Total: 347800 ns
[2020-04-27T13:53:43.922+0000][1][safepoint    ] Safepoint "Cleanup", Time since last: 1000752500 ns, Reaching safepoint: 463900 ns, At safepoint: 137500 ns, Total: 601400 ns
[2020-04-27T13:53:44.923+0000][1][safepoint    ] Safepoint "Cleanup", Time since last: 1000475500 ns, Reaching safepoint: 147300 ns, At safepoint: 34900 ns, Total: 182200 ns
[2020-04-27T13:53:45.924+0000][1][safepoint    ] Safepoint "Cleanup", Time since last: 1000553500 ns, Reaching safepoint: 158900 ns, At safepoint: 84900 ns, Total: 243800 ns
[2020-04-27T13:53:46.925+0000][1][safepoint    ] Safepoint "Cleanup", Time since last: 1000316100 ns, Reaching safepoint: 545800 ns, At safepoint: 132100 ns, Total: 677900 ns
[2020-04-27T13:53:47.926+0000][1][safepoint    ] Safepoint "Cleanup", Time since last: 1000885900 ns, Reaching safepoint: 476200 ns, At safepoint: 141100 ns, Total: 617300 ns
[2020-04-27T13:53:48.928+0000][1][safepoint    ] Safepoint "Cleanup", Time since last: 1000754400 ns, Reaching safepoint: 478800 ns, At safepoint: 156700 ns, Total: 635500 ns
[2020-04-27T13:53:49.928+0000][1][safepoint    ] Safepoint "Cleanup", Time since last: 1000445000 ns, Reaching safepoint: 309400 ns, At safepoint: 70200 ns, Total: 379600 ns
[2020-04-27T13:53:50.929+0000][1][safepoint    ] Safepoint "Cleanup", Time since last: 1000210000 ns, Reaching safepoint: 156300 ns, At safepoint: 35600 ns, Total: 191900 ns
[2020-04-27T13:53:51.864+0000][1][safepoint    ] Safepoint "RevokeBias", Time since last: 934791800 ns, Reaching safepoint: 169100 ns, At safepoint: 78100 ns, Total: 247200 ns
[2020-04-27T13:53:51.864+0000][1][safepoint    ] Safepoint "RevokeBias", Time since last: 194400 ns, Reaching safepoint: 211700 ns, At safepoint: 77300 ns, Total: 289000 ns
[2020-04-27T13:53:51.865+0000][1][safepoint    ] Safepoint "RevokeBias", Time since last: 198700 ns, Reaching safepoint: 177000 ns, At safepoint: 82800 ns, Total: 259800 ns
[2020-04-27T13:53:51.871+0000][1][safepoint    ] Safepoint "RevokeBias", Time since last: 5739600 ns, Reaching safepoint: 175800 ns, At safepoint: 149200 ns, Total: 325000 ns
[2020-04-27T13:53:51.871+0000][1][safepoint    ] Safepoint "RevokeBias", Time since last: 63800 ns, Reaching safepoint: 220600 ns, At safepoint: 137500 ns, Total: 358100 ns
[2020-04-27T13:53:51.872+0000][1][safepoint    ] Safepoint "RevokeBias", Time since last: 276300 ns, Reaching safepoint: 140300 ns, At safepoint: 59000 ns, Total: 199300 ns
[2020-04-27T13:53:52.872+0000][1][safepoint    ] Safepoint "Cleanup", Time since last: 1000318600 ns, Reaching safepoint: 128700 ns, At safepoint: 25300 ns, Total: 154000 ns
[2020-04-27T13:53:53.873+0000][1][safepoint    ] Safepoint "Cleanup", Time since last: 1000548400 ns, Reaching safepoint: 497900 ns, At safepoint: 140200 ns, Total: 638100 ns
[2020-04-27T13:53:54.875+0000][1][safepoint    ] Safepoint "Cleanup", Time since last: 1000814700 ns, Reaching safepoint: 472600 ns, At safepoint: 145700 ns, Total: 618300 ns
[2020-04-27T13:53:55.875+0000][1][safepoint    ] Safepoint "Cleanup", Time since last: 1000273700 ns, Reaching safepoint: 163900 ns, At safepoint: 53800 ns, Total: 217700 ns
[2020-04-27T13:53:56.876+0000][1][safepoint    ] Safepoint "Cleanup", Time since last: 1000554200 ns, Reaching safepoint: 167100 ns, At safepoint: 42000 ns, Total: 209100 ns
[2020-04-27T13:53:57.877+0000][1][safepoint    ] Safepoint "Cleanup", Time since last: 1000615200 ns, Reaching safepoint: 462400 ns, At safepoint: 153600 ns, Total: 616000 ns
[2020-04-27T13:53:58.879+0000][1][safepoint    ] Safepoint "Cleanup", Time since last: 1000788400 ns, Reaching safepoint: 547800 ns, At safepoint: 138300 ns, Total: 686100 ns
[2020-04-27T13:53:59.879+0000][1][safepoint    ] Safepoint "Cleanup", Time since last: 1000261000 ns, Reaching safepoint: 226900 ns, At safepoint: 57600 ns, Total: 284500 ns
[2020-04-27T13:54:00.880+0000][1][safepoint    ] Safepoint "Cleanup", Time since last: 1000148600 ns, Reaching safepoint: 141100 ns, At safepoint: 31300 ns, Total: 172400 ns
[2020-04-27T13:54:01.880+0000][1][safepoint    ] Safepoint "Cleanup", Time since last: 1000265700 ns, Reaching safepoint: 383100 ns, At safepoint: 140400 ns, Total: 523500 ns
[2020-04-27T13:54:02.881+0000][1][safepoint    ] Safepoint "Cleanup", Time since last: 1000499900 ns, Reaching safepoint: 261700 ns, At safepoint: 72900 ns, Total: 334600 ns
[2020-04-27T13:54:03.882+0000][1][safepoint    ] Safepoint "Cleanup", Time since last: 1000301600 ns, Reaching safepoint: 255800 ns, At safepoint: 73400 ns, Total: 329200 ns
[2020-04-27T13:54:04.882+0000][1][safepoint    ] Safepoint "Cleanup", Time since last: 1000214800 ns, Reaching safepoint: 170500 ns, At safepoint: 41800 ns, Total: 212300 ns
[2020-04-27T13:54:05.884+0000][1][safepoint    ] Safepoint "Cleanup", Time since last: 1000691400 ns, Reaching safepoint: 468500 ns, At safepoint: 142300 ns, Total: 610800 ns
[2020-04-27T13:54:06.884+0000][1][safepoint    ] Safepoint "Cleanup", Time since last: 1000256200 ns, Reaching safepoint: 156600 ns, At safepoint: 35500 ns, Total: 192100 ns
[2020-04-27T13:54:07.885+0000][1][safepoint    ] Safepoint "Cleanup", Time since last: 1000621600 ns, Reaching safepoint: 344300 ns, At safepoint: 101900 ns, Total: 446200 ns
[2020-04-27T13:54:08.886+0000][1][safepoint    ] Safepoint "Cleanup", Time since last: 1000402700 ns, Reaching safepoint: 160300 ns, At safepoint: 37100 ns, Total: 197400 ns
[2020-04-27T13:54:09.887+0000][1][safepoint    ] Safepoint "Cleanup", Time since last: 1000314800 ns, Reaching safepoint: 577000 ns, At safepoint: 130300 ns, Total: 707300 ns
[2020-04-27T13:54:10.888+0000][1][safepoint    ] Safepoint "Cleanup", Time since last: 1000657300 ns, Reaching safepoint: 466700 ns, At safepoint: 138700 ns, Total: 605400 ns
[2020-04-27T13:54:11.889+0000][1][safepoint    ] Safepoint "Cleanup", Time since last: 1000364100 ns, Reaching safepoint: 141500 ns, At safepoint: 46500 ns, Total: 188000 ns
[2020-04-27T13:54:12.889+0000][1][safepoint    ] Safepoint "Cleanup", Time since last: 1000367000 ns, Reaching safepoint: 371300 ns, At safepoint: 112200 ns, Total: 483500 ns
[2020-04-27T13:54:13.891+0000][1][safepoint    ] Safepoint "Cleanup", Time since last: 1000656000 ns, Reaching safepoint: 465500 ns, At safepoint: 139600 ns, Total: 605100 ns
[2020-04-27T13:54:14.891+0000][1][safepoint    ] Safepoint "Cleanup", Time since last: 1000459600 ns, Reaching safepoint: 146100 ns, At safepoint: 30000 ns, Total: 176100 ns
[2020-04-27T13:54:15.892+0000][1][safepoint    ] Safepoint "Cleanup", Time since last: 1000501400 ns, Reaching safepoint: 372500 ns, At safepoint: 109400 ns, Total: 481900 ns
[2020-04-27T13:54:16.893+0000][1][safepoint    ] Safepoint "Cleanup", Time since last: 1000236800 ns, Reaching safepoint: 150000 ns, At safepoint: 35400 ns, Total: 185400 ns
[2020-04-27T13:54:17.893+0000][1][safepoint    ] Safepoint "Cleanup", Time since last: 1000568300 ns, Reaching safepoint: 133900 ns, At safepoint: 32800 ns, Total: 166700 ns
[2020-04-27T13:54:18.894+0000][1][safepoint    ] Safepoint "Cleanup", Time since last: 1000167600 ns, Reaching safepoint: 232100 ns, At safepoint: 39000 ns, Total: 271100 ns
[2020-04-27T13:54:19.894+0000][1][safepoint    ] Safepoint "Cleanup", Time since last: 1000308500 ns, Reaching safepoint: 144300 ns, At safepoint: 26700 ns, Total: 171000 ns
[2020-04-27T13:54:20.895+0000][1][safepoint    ] Safepoint "Cleanup", Time since last: 1000342600 ns, Reaching safepoint: 525800 ns, At safepoint: 115900 ns, Total: 641700 ns
[2020-04-27T13:54:21.896+0000][1][safepoint    ] Safepoint "Cleanup", Time since last: 1000420900 ns, Reaching safepoint: 476600 ns, At safepoint: 195200 ns, Total: 671800 ns
[2020-04-27T13:54:22.897+0000][1][safepoint    ] Safepoint "Cleanup", Time since last: 1000530500 ns, Reaching safepoint: 374900 ns, At safepoint: 105100 ns, Total: 480000 ns
[2020-04-27T13:54:23.898+0000][1][safepoint    ] Safepoint "Cleanup", Time since last: 1000395900 ns, Reaching safepoint: 522500 ns, At safepoint: 119500 ns, Total: 642000 ns
[2020-04-27T13:54:24.900+0000][1][safepoint    ] Safepoint "Cleanup", Time since last: 1000471200 ns, Reaching safepoint: 447900 ns, At safepoint: 320200 ns, Total: 768100 ns
[2020-04-27T13:54:25.900+0000][1][safepoint    ] Safepoint "Cleanup", Time since last: 1000463900 ns, Reaching safepoint: 141500 ns, At safepoint: 32100 ns, Total: 173600 ns
[2020-04-27T13:54:26.901+0000][1][safepoint    ] Safepoint "Cleanup", Time since last: 1000532100 ns, Reaching safepoint: 139900 ns, At safepoint: 33900 ns, Total: 173800 ns
[2020-04-27T13:54:27.902+0000][1][safepoint    ] Safepoint "Cleanup", Time since last: 1000282600 ns, Reaching safepoint: 162600 ns, At safepoint: 31300 ns, Total: 193900 ns
[2020-04-27T13:54:28.902+0000][1][safepoint    ] Safepoint "Cleanup", Time since last: 1000152000 ns, Reaching safepoint: 131500 ns, At safepoint: 27800 ns, Total: 159300 ns
[2020-04-27T13:54:29.902+0000][1][safepoint    ] Safepoint "Cleanup", Time since last: 1000201200 ns, Reaching safepoint: 139900 ns, At safepoint: 26800 ns, Total: 166700 ns
[2020-04-27T13:54:30.903+0000][1][safepoint    ] Safepoint "Cleanup", Time since last: 1000186000 ns, Reaching safepoint: 160800 ns, At safepoint: 28700 ns, Total: 189500 ns
[2020-04-27T13:54:31.904+0000][1][safepoint    ] Safepoint "Cleanup", Time since last: 1000551800 ns, Reaching safepoint: 465800 ns, At safepoint: 137100 ns, Total: 602900 ns
[2020-04-27T13:54:32.904+0000][1][safepoint    ] Safepoint "Cleanup", Time since last: 1000171900 ns, Reaching safepoint: 131700 ns, At safepoint: 26500 ns, Total: 158200 ns
[2020-04-27T13:54:33.904+0000][1][safepoint    ] Safepoint "Cleanup", Time since last: 1000182100 ns, Reaching safepoint: 139000 ns, At safepoint: 50500 ns, Total: 189500 ns
[2020-04-27T13:54:34.905+0000][1][safepoint    ] Safepoint "Cleanup", Time since last: 1000150400 ns, Reaching safepoint: 138900 ns, At safepoint: 33000 ns, Total: 171900 ns
[2020-04-27T13:54:35.906+0000][1][safepoint    ] Safepoint "Cleanup", Time since last: 1000579500 ns, Reaching safepoint: 490500 ns, At safepoint: 140100 ns, Total: 630600 ns
[2020-04-27T13:54:36.907+0000][1][safepoint    ] Safepoint "Cleanup", Time since last: 1000413800 ns, Reaching safepoint: 526000 ns, At safepoint: 130400 ns, Total: 656400 ns
[2020-04-27T13:54:37.908+0000][1][safepoint    ] Safepoint "Cleanup", Time since last: 1000380900 ns, Reaching safepoint: 558100 ns, At safepoint: 253900 ns, Total: 812000 ns
[2020-04-27T13:54:38.909+0000][1][safepoint    ] Safepoint "Cleanup", Time since last: 1000318000 ns, Reaching safepoint: 190000 ns, At safepoint: 36300 ns, Total: 226300 ns
[2020-04-27T13:54:39.909+0000][1][safepoint    ] Safepoint "Cleanup", Time since last: 1000157900 ns, Reaching safepoint: 137800 ns, At safepoint: 26100 ns, Total: 163900 ns
[2020-04-27T13:54:40.910+0000][1][safepoint    ] Safepoint "Cleanup", Time since last: 1000352900 ns, Reaching safepoint: 340700 ns, At safepoint: 102400 ns, Total: 443100 ns
[2020-04-27T13:54:41.911+0000][1][safepoint    ] Safepoint "Cleanup", Time since last: 1000834700 ns, Reaching safepoint: 464200 ns, At safepoint: 137800 ns, Total: 602000 ns
[2020-04-27T13:54:42.913+0000][1][safepoint    ] Safepoint "Cleanup", Time since last: 1000714900 ns, Reaching safepoint: 468500 ns, At safepoint: 143000 ns, Total: 611500 ns
[2020-04-27T13:54:43.913+0000][1][safepoint    ] Safepoint "Cleanup", Time since last: 1000429500 ns, Reaching safepoint: 142000 ns, At safepoint: 32300 ns, Total: 174300 ns
[2020-04-27T13:54:44.914+0000][1][safepoint    ] Safepoint "Cleanup", Time since last: 1000203300 ns, Reaching safepoint: 249400 ns, At safepoint: 76900 ns, Total: 326300 ns
[2020-04-27T13:54:45.914+0000][1][safepoint    ] Safepoint "Cleanup", Time since last: 1000171400 ns, Reaching safepoint: 139400 ns, At safepoint: 26400 ns, Total: 165800 ns
[2020-04-27T13:54:46.915+0000][1][safepoint    ] Safepoint "Cleanup", Time since last: 1000318800 ns, Reaching safepoint: 465000 ns, At safepoint: 183100 ns, Total: 648100 ns
[2020-04-27T13:54:47.916+0000][1][safepoint    ] Safepoint "Cleanup", Time since last: 1000496400 ns, Reaching safepoint: 464400 ns, At safepoint: 137700 ns, Total: 602100 ns
[2020-04-27T13:54:48.917+0000][1][safepoint    ] Safepoint "Cleanup", Time since last: 1000742600 ns, Reaching safepoint: 234500 ns, At safepoint: 60300 ns, Total: 294800 ns
[2020-04-27T13:54:49.184+0000][1][safepoint    ] Safepoint "RevokeBias", Time since last: 265983800 ns, Reaching safepoint: 218000 ns, At safepoint: 79200 ns, Total: 297200 ns
[2020-04-27T13:54:50.184+0000][1][safepoint    ] Safepoint "Cleanup", Time since last: 1000412600 ns, Reaching safepoint: 342400 ns, At safepoint: 96200 ns, Total: 438600 ns
[2020-04-27T13:54:51.185+0000][1][safepoint    ] Safepoint "Cleanup", Time since last: 1000411400 ns, Reaching safepoint: 363400 ns, At safepoint: 104900 ns, Total: 468300 ns
[2020-04-27T13:54:52.186+0000][1][safepoint    ] Safepoint "Cleanup", Time since last: 1000275400 ns, Reaching safepoint: 163200 ns, At safepoint: 32800 ns, Total: 196000 ns
[2020-04-27T13:54:53.186+0000][1][safepoint    ] Safepoint "Cleanup", Time since last: 1000237800 ns, Reaching safepoint: 143000 ns, At safepoint: 35900 ns, Total: 178900 ns
[2020-04-27T13:54:53.866+0000][1][safepoint    ] Safepoint "RevokeBias", Time since last: 679156900 ns, Reaching safepoint: 148800 ns, At safepoint: 67800 ns, Total: 216600 ns
[2020-04-27T13:54:53.866+0000][1][safepoint    ] Safepoint "RevokeBias", Time since last: 158400 ns, Reaching safepoint: 185500 ns, At safepoint: 72700 ns, Total: 258200 ns
[2020-04-27T13:54:53.866+0000][1][safepoint    ] Safepoint "RevokeBias", Time since last: 157900 ns, Reaching safepoint: 166200 ns, At safepoint: 97600 ns, Total: 263800 ns
[2020-04-27T13:54:53.872+0000][1][safepoint    ] Safepoint "RevokeBias", Time since last: 4985500 ns, Reaching safepoint: 209100 ns, At safepoint: 88400 ns, Total: 297500 ns
[2020-04-27T13:54:53.872+0000][1][safepoint    ] Safepoint "RevokeBias", Time since last: 247700 ns, Reaching safepoint: 218400 ns, At safepoint: 83200 ns, Total: 301600 ns
[2020-04-27T13:54:53.873+0000][1][safepoint    ] Safepoint "RevokeBias", Time since last: 132300 ns, Reaching safepoint: 184800 ns, At safepoint: 69100 ns, Total: 253900 ns
[2020-04-27T13:54:54.873+0000][1][safepoint    ] Safepoint "Cleanup", Time since last: 1000197600 ns, Reaching safepoint: 186000 ns, At safepoint: 48700 ns, Total: 234700 ns
[2020-04-27T13:54:55.873+0000][1][safepoint    ] Safepoint "Cleanup", Time since last: 1000205500 ns, Reaching safepoint: 236700 ns, At safepoint: 33600 ns, Total: 270300 ns
[2020-04-27T13:54:56.874+0000][1][safepoint    ] Safepoint "Cleanup", Time since last: 1000466100 ns, Reaching safepoint: 177100 ns, At safepoint: 36000 ns, Total: 213100 ns
[2020-04-27T13:54:57.875+0000][1][safepoint    ] Safepoint "Cleanup", Time since last: 1000235800 ns, Reaching safepoint: 150500 ns, At safepoint: 36500 ns, Total: 187000 ns
[2020-04-27T13:54:58.875+0000][1][safepoint    ] Safepoint "Cleanup", Time since last: 1000122600 ns, Reaching safepoint: 136300 ns, At safepoint: 30200 ns, Total: 166500 ns
[2020-04-27T13:54:59.876+0000][1][safepoint    ] Safepoint "Cleanup", Time since last: 1000532400 ns, Reaching safepoint: 535300 ns, At safepoint: 133400 ns, Total: 668700 ns
[2020-04-27T13:55:00.877+0000][1][safepoint    ] Safepoint "Cleanup", Time since last: 1000259300 ns, Reaching safepoint: 202800 ns, At safepoint: 28000 ns, Total: 230800 ns
[2020-04-27T13:55:01.878+0000][1][safepoint    ] Safepoint "Cleanup", Time since last: 1000375000 ns, Reaching safepoint: 522900 ns, At safepoint: 270400 ns, Total: 793300 ns
[2020-04-27T13:55:02.879+0000][1][safepoint    ] Safepoint "Cleanup", Time since last: 1000551300 ns, Reaching safepoint: 652200 ns, At safepoint: 151200 ns, Total: 803400 ns
[2020-04-27T13:55:03.880+0000][1][safepoint    ] Safepoint "Cleanup", Time since last: 1000598700 ns, Reaching safepoint: 173300 ns, At safepoint: 55100 ns, Total: 228400 ns
[2020-04-27T13:55:04.880+0000][1][safepoint    ] Safepoint "Cleanup", Time since last: 1000167400 ns, Reaching safepoint: 141600 ns, At safepoint: 28300 ns, Total: 169900 ns
[2020-04-27T13:55:05.881+0000][1][safepoint    ] Safepoint "Cleanup", Time since last: 1000328400 ns, Reaching safepoint: 510400 ns, At safepoint: 136700 ns, Total: 647100 ns
[2020-04-27T13:55:06.882+0000][1][safepoint    ] Safepoint "Cleanup", Time since last: 1000518300 ns, Reaching safepoint: 168800 ns, At safepoint: 42700 ns, Total: 211500 ns
[2020-04-27T13:55:07.883+0000][1][safepoint    ] Safepoint "Cleanup", Time since last: 1000301800 ns, Reaching safepoint: 269300 ns, At safepoint: 102000 ns, Total: 371300 ns
[2020-04-27T13:55:08.250+0000][1][safepoint    ] Safepoint "BulkRevokeBias", Time since last: 366535700 ns, Reaching safepoint: 127900 ns, At safepoint: 488400 ns, Total: 616300 ns
[2020-04-27T13:55:09.250+0000][1][safepoint    ] Safepoint "Cleanup", Time since last: 1000325100 ns, Reaching safepoint: 143800 ns, At safepoint: 84300 ns, Total: 228100 ns
[2020-04-27T13:55:10.251+0000][1][safepoint    ] Safepoint "Cleanup", Time since last: 1000238600 ns, Reaching safepoint: 514100 ns, At safepoint: 123300 ns, Total: 637400 ns
[2020-04-27T13:55:11.252+0000][1][safepoint    ] Safepoint "Cleanup", Time since last: 1000436100 ns, Reaching safepoint: 465900 ns, At safepoint: 136900 ns, Total: 602800 ns
[2020-04-27T13:55:12.254+0000][1][safepoint    ] Safepoint "Cleanup", Time since last: 1000699400 ns, Reaching safepoint: 525200 ns, At safepoint: 135200 ns, Total: 660400 ns
[2020-04-27T13:55:13.255+0000][1][safepoint    ] Safepoint "Cleanup", Time since last: 1000364900 ns, Reaching safepoint: 500900 ns, At safepoint: 160700 ns, Total: 661600 ns
[2020-04-27T13:55:14.256+0000][1][safepoint    ] Safepoint "Cleanup", Time since last: 1000738600 ns, Reaching safepoint: 462800 ns, At safepoint: 143700 ns, Total: 606500 ns
[2020-04-27T13:55:15.257+0000][1][safepoint    ] Safepoint "Cleanup", Time since last: 1000282500 ns, Reaching safepoint: 214500 ns, At safepoint: 70900 ns, Total: 285400 ns
[2020-04-27T13:55:16.258+0000][1][safepoint    ] Safepoint "Cleanup", Time since last: 1000545800 ns, Reaching safepoint: 519800 ns, At safepoint: 133100 ns, Total: 652900 ns
[2020-04-27T13:55:17.259+0000][1][safepoint    ] Safepoint "Cleanup", Time since last: 1000590300 ns, Reaching safepoint: 138300 ns, At safepoint: 32500 ns, Total: 170800 ns
[2020-04-27T13:55:18.259+0000][1][safepoint    ] Safepoint "Cleanup", Time since last: 1000173800 ns, Reaching safepoint: 159600 ns, At safepoint: 47100 ns, Total: 206700 ns
[2020-04-27T13:55:19.260+0000][1][safepoint    ] Safepoint "Cleanup", Time since last: 1000514500 ns, Reaching safepoint: 447800 ns, At safepoint: 138700 ns, Total: 586500 ns
[2020-04-27T13:55:20.261+0000][1][safepoint    ] Safepoint "Cleanup", Time since last: 1000806100 ns, Reaching safepoint: 460900 ns, At safepoint: 211300 ns, Total: 672200 ns
[2020-04-27T13:55:21.263+0000][1][safepoint    ] Safepoint "Cleanup", Time since last: 1000707400 ns, Reaching safepoint: 371500 ns, At safepoint: 111400 ns, Total: 482900 ns
[2020-04-27T13:55:22.264+0000][1][safepoint    ] Safepoint "Cleanup", Time since last: 1000743500 ns, Reaching safepoint: 463800 ns, At safepoint: 140000 ns, Total: 603800 ns
[2020-04-27T13:55:22.802+0000][1][safepoint    ] Safepoint "RevokeBias", Time since last: 537781200 ns, Reaching safepoint: 146600 ns, At safepoint: 72800 ns, Total: 219400 ns
[2020-04-27T13:55:23.803+0000][1][safepoint    ] Safepoint "Cleanup", Time since last: 1000670200 ns, Reaching safepoint: 462900 ns, At safepoint: 213400 ns, Total: 676300 ns
[2020-04-27T13:55:24.805+0000][1][safepoint    ] Safepoint "Cleanup", Time since last: 1000690200 ns, Reaching safepoint: 562600 ns, At safepoint: 137100 ns, Total: 699700 ns
[2020-04-27T13:55:25.805+0000][1][safepoint    ] Safepoint "Cleanup", Time since last: 1000363900 ns, Reaching safepoint: 180900 ns, At safepoint: 45300 ns, Total: 226200 ns
[2020-04-27T13:55:26.806+0000][1][safepoint    ] Safepoint "Cleanup", Time since last: 1000382600 ns, Reaching safepoint: 158800 ns, At safepoint: 37100 ns, Total: 195900 ns
[2020-04-27T13:55:27.807+0000][1][safepoint    ] Safepoint "Cleanup", Time since last: 1000641000 ns, Reaching safepoint: 167800 ns, At safepoint: 43600 ns, Total: 211400 ns
[2020-04-27T13:55:28.808+0000][1][safepoint    ] Safepoint "Cleanup", Time since last: 1000689800 ns, Reaching safepoint: 464800 ns, At safepoint: 138600 ns, Total: 603400 ns
[2020-04-27T13:55:29.809+0000][1][safepoint    ] Safepoint "Cleanup", Time since last: 1000863400 ns, Reaching safepoint: 427000 ns, At safepoint: 130700 ns, Total: 557700 ns
[2020-04-27T13:55:29.912+0000][1][gc,start     ] GC(29) Pause Young (Allocation Failure)
[2020-04-27T13:55:29.912+0000][1][gc,task      ] GC(29) Using 10 workers of 10 for evacuation
[2020-04-27T13:55:29.915+0000][1][gc,age       ] GC(29) Desired survivor size 8945664 bytes, new threshold 6 (max threshold 6)
[2020-04-27T13:55:29.915+0000][1][gc,age       ] GC(29) Age table with threshold 6 (max threshold 6)
[2020-04-27T13:55:29.915+0000][1][gc,age       ] GC(29) - age   1:     233904 bytes,     233904 total
[2020-04-27T13:55:29.915+0000][1][gc,age       ] GC(29) - age   2:     154600 bytes,     388504 total
[2020-04-27T13:55:29.915+0000][1][gc,age       ] GC(29) - age   3:     307632 bytes,     696136 total
[2020-04-27T13:55:29.915+0000][1][gc,age       ] GC(29) - age   4:     117952 bytes,     814088 total
[2020-04-27T13:55:29.915+0000][1][gc,age       ] GC(29) - age   5:      52976 bytes,     867064 total
[2020-04-27T13:55:29.915+0000][1][gc,age       ] GC(29) - age   6:     482632 bytes,    1349696 total
[2020-04-27T13:55:29.915+0000][1][gc,heap      ] GC(29) ParNew: 141701K->1645K(157248K)
[2020-04-27T13:55:29.915+0000][1][gc,heap      ] GC(29) CMS: 89124K->89207K(349568K)
[2020-04-27T13:55:29.915+0000][1][gc,metaspace ] GC(29) Metaspace: 96809K->96809K(1138688K)
[2020-04-27T13:55:29.915+0000][1][gc           ] GC(29) Pause Young (Allocation Failure) 225M->88M(494M) 2.925ms
[2020-04-27T13:55:29.915+0000][1][gc,cpu       ] GC(29) User=0.01s Sys=0.00s Real=0.00s
[2020-04-27T13:55:29.915+0000][1][safepoint    ] Safepoint "GenCollectForAllocation", Time since last: 102746000 ns, Reaching safepoint: 153200 ns, At safepoint: 3072400 ns, Total: 3225600 ns
[2020-04-27T13:55:30.917+0000][1][safepoint    ] Safepoint "Cleanup", Time since last: 1000503800 ns, Reaching safepoint: 474300 ns, At safepoint: 207900 ns, Total: 682200 ns
[2020-04-27T13:55:31.918+0000][1][safepoint    ] Safepoint "Cleanup", Time since last: 1000897100 ns, Reaching safepoint: 470600 ns, At safepoint: 148400 ns, Total: 619000 ns
[2020-04-27T13:55:32.919+0000][1][safepoint    ] Safepoint "Cleanup", Time since last: 1000310400 ns, Reaching safepoint: 153600 ns, At safepoint: 31500 ns, Total: 185100 ns
[2020-04-27T13:55:33.920+0000][1][safepoint    ] Safepoint "Cleanup", Time since last: 1000547000 ns, Reaching safepoint: 442600 ns, At safepoint: 210300 ns, Total: 652900 ns
[2020-04-27T13:55:34.920+0000][1][safepoint    ] Safepoint "Cleanup", Time since last: 1000233300 ns, Reaching safepoint: 147600 ns, At safepoint: 27700 ns, Total: 175300 ns
[2020-04-27T13:55:35.922+0000][1][safepoint    ] Safepoint "Cleanup", Time since last: 1000640500 ns, Reaching safepoint: 444300 ns, At safepoint: 203700 ns, Total: 648000 ns
[2020-04-27T13:55:36.923+0000][1][safepoint    ] Safepoint "Cleanup", Time since last: 1000700100 ns, Reaching safepoint: 442500 ns, At safepoint: 206300 ns, Total: 648800 ns
[2020-04-27T13:55:37.924+0000][1][safepoint    ] Safepoint "Cleanup", Time since last: 1000703700 ns, Reaching safepoint: 671700 ns, At safepoint: 203300 ns, Total: 875000 ns
[2020-04-27T13:55:38.925+0000][1][safepoint    ] Safepoint "Cleanup", Time since last: 1000725200 ns, Reaching safepoint: 137700 ns, At safepoint: 44200 ns, Total: 181900 ns
[2020-04-27T13:55:39.927+0000][1][safepoint    ] Safepoint "Cleanup", Time since last: 1000557200 ns, Reaching safepoint: 547500 ns, At safepoint: 161100 ns, Total: 708600 ns
[2020-04-27T13:55:40.928+0000][1][safepoint    ] Safepoint "Cleanup", Time since last: 1000814700 ns, Reaching safepoint: 687700 ns, At safepoint: 217800 ns, Total: 905500 ns
[2020-04-27T13:55:41.929+0000][1][safepoint    ] Safepoint "Cleanup", Time since last: 1000440600 ns, Reaching safepoint: 149800 ns, At safepoint: 78500 ns, Total: 228300 ns
[2020-04-27T13:55:42.517+0000][1][safepoint    ] Safepoint "RevokeBias", Time since last: 587582400 ns, Reaching safepoint: 133700 ns, At safepoint: 36900 ns, Total: 170600 ns
[2020-04-27T13:55:43.518+0000][1][safepoint    ] Safepoint "Cleanup", Time since last: 1000392200 ns, Reaching safepoint: 443700 ns, At safepoint: 135900 ns, Total: 579600 ns
[2020-04-27T13:55:44.518+0000][1][safepoint    ] Safepoint "Cleanup", Time since last: 1000376100 ns, Reaching safepoint: 160300 ns, At safepoint: 46600 ns, Total: 206900 ns
[2020-04-27T13:55:45.519+0000][1][safepoint    ] Safepoint "Cleanup", Time since last: 1000219600 ns, Reaching safepoint: 135100 ns, At safepoint: 28200 ns, Total: 163300 ns
[2020-04-27T13:55:46.520+0000][1][safepoint    ] Safepoint "Cleanup", Time since last: 1000406900 ns, Reaching safepoint: 468300 ns, At safepoint: 139000 ns, Total: 607300 ns
[2020-04-27T13:55:47.520+0000][1][safepoint    ] Safepoint "Cleanup", Time since last: 1000430800 ns, Reaching safepoint: 148700 ns, At safepoint: 30900 ns, Total: 179600 ns
[2020-04-27T13:55:48.521+0000][1][safepoint    ] Safepoint "Cleanup", Time since last: 1000142900 ns, Reaching safepoint: 139400 ns, At safepoint: 32600 ns, Total: 172000 ns
[2020-04-27T13:55:49.521+0000][1][safepoint    ] Safepoint "Cleanup", Time since last: 1000173200 ns, Reaching safepoint: 154300 ns, At safepoint: 53000 ns, Total: 207300 ns
[2020-04-27T13:55:50.522+0000][1][safepoint    ] Safepoint "Cleanup", Time since last: 1000429000 ns, Reaching safepoint: 500000 ns, At safepoint: 134400 ns, Total: 634400 ns
[2020-04-27T13:55:51.523+0000][1][safepoint    ] Safepoint "Cleanup", Time since last: 1000712600 ns, Reaching safepoint: 179600 ns, At safepoint: 47500 ns, Total: 227100 ns
[2020-04-27T13:55:52.524+0000][1][safepoint    ] Safepoint "Cleanup", Time since last: 1000546700 ns, Reaching safepoint: 464200 ns, At safepoint: 136000 ns, Total: 600200 ns
[2020-04-27T13:55:53.526+0000][1][safepoint    ] Safepoint "Cleanup", Time since last: 1000795100 ns, Reaching safepoint: 438600 ns, At safepoint: 133100 ns, Total: 571700 ns
[2020-04-27T13:55:54.527+0000][1][safepoint    ] Safepoint "Cleanup", Time since last: 1000410400 ns, Reaching safepoint: 485500 ns, At safepoint: 185600 ns, Total: 671100 ns
[2020-04-27T13:55:55.527+0000][1][safepoint    ] Safepoint "Cleanup", Time since last: 1000189900 ns, Reaching safepoint: 139900 ns, At safepoint: 30300 ns, Total: 170200 ns
[2020-04-27T13:55:55.868+0000][1][safepoint    ] Safepoint "RevokeBias", Time since last: 340706700 ns, Reaching safepoint: 384600 ns, At safepoint: 124200 ns, Total: 508800 ns
[2020-04-27T13:55:55.870+0000][1][safepoint    ] Safepoint "RevokeBias", Time since last: 890500 ns, Reaching safepoint: 240200 ns, At safepoint: 182600 ns, Total: 422800 ns
[2020-04-27T13:55:55.875+0000][1][safepoint    ] Safepoint "RevokeBias", Time since last: 5724100 ns, Reaching safepoint: 139600 ns, At safepoint: 83500 ns, Total: 223100 ns
[2020-04-27T13:55:55.876+0000][1][safepoint    ] Safepoint "RevokeBias", Time since last: 180000 ns, Reaching safepoint: 187900 ns, At safepoint: 75800 ns, Total: 263700 ns
[2020-04-27T13:55:55.877+0000][1][safepoint    ] Safepoint "RevokeBias", Time since last: 281700 ns, Reaching safepoint: 225600 ns, At safepoint: 74300 ns, Total: 299900 ns
[2020-04-27T13:55:56.877+0000][1][safepoint    ] Safepoint "Cleanup", Time since last: 1000510600 ns, Reaching safepoint: 177600 ns, At safepoint: 68600 ns, Total: 246200 ns
[2020-04-27T13:55:57.878+0000][1][safepoint    ] Safepoint "Cleanup", Time since last: 1000281200 ns, Reaching safepoint: 527700 ns, At safepoint: 133100 ns, Total: 660800 ns
[2020-04-27T13:55:58.879+0000][1][safepoint    ] Safepoint "Cleanup", Time since last: 1000622500 ns, Reaching safepoint: 159200 ns, At safepoint: 36900 ns, Total: 196100 ns
[2020-04-27T13:55:59.879+0000][1][safepoint    ] Safepoint "Cleanup", Time since last: 1000202800 ns, Reaching safepoint: 153700 ns, At safepoint: 44500 ns, Total: 198200 ns
[2020-04-27T13:56:00.880+0000][1][safepoint    ] Safepoint "Cleanup", Time since last: 1000296700 ns, Reaching safepoint: 326000 ns, At safepoint: 146300 ns, Total: 472300 ns
[2020-04-27T13:56:01.881+0000][1][safepoint    ] Safepoint "Cleanup", Time since last: 1000250700 ns, Reaching safepoint: 260800 ns, At safepoint: 63400 ns, Total: 324200 ns
[2020-04-27T13:56:02.882+0000][1][safepoint    ] Safepoint "Cleanup", Time since last: 1000263700 ns, Reaching safepoint: 531600 ns, At safepoint: 130300 ns, Total: 661900 ns
[2020-04-27T13:56:03.883+0000][1][safepoint    ] Safepoint "Cleanup", Time since last: 1000363300 ns, Reaching safepoint: 584400 ns, At safepoint: 132500 ns, Total: 716900 ns
[2020-04-27T13:56:04.884+0000][1][safepoint    ] Safepoint "Cleanup", Time since last: 1000445000 ns, Reaching safepoint: 458700 ns, At safepoint: 136100 ns, Total: 594800 ns
[2020-04-27T13:56:05.885+0000][1][safepoint    ] Safepoint "Cleanup", Time since last: 1000735700 ns, Reaching safepoint: 448500 ns, At safepoint: 139100 ns, Total: 587600 ns
[2020-04-27T13:56:06.887+0000][1][safepoint    ] Safepoint "Cleanup", Time since last: 1000700900 ns, Reaching safepoint: 666800 ns, At safepoint: 382000 ns, Total: 1048800 ns
[2020-04-27T13:56:07.887+0000][1][safepoint    ] Safepoint "Cleanup", Time since last: 1000190500 ns, Reaching safepoint: 146300 ns, At safepoint: 32400 ns, Total: 178700 ns
[2020-04-27T13:56:08.888+0000][1][safepoint    ] Safepoint "Cleanup", Time since last: 1000366500 ns, Reaching safepoint: 497200 ns, At safepoint: 147000 ns, Total: 644200 ns
[2020-04-27T13:56:09.889+0000][1][safepoint    ] Safepoint "Cleanup", Time since last: 1000383100 ns, Reaching safepoint: 462300 ns, At safepoint: 136800 ns, Total: 599100 ns
[2020-04-27T13:56:10.890+0000][1][safepoint    ] Safepoint "Cleanup", Time since last: 1000453600 ns, Reaching safepoint: 465600 ns, At safepoint: 137400 ns, Total: 603000 ns
[2020-04-27T13:56:11.891+0000][1][safepoint    ] Safepoint "Cleanup", Time since last: 1000358700 ns, Reaching safepoint: 255000 ns, At safepoint: 68500 ns, Total: 323500 ns
[2020-04-27T13:56:12.892+0000][1][safepoint    ] Safepoint "Cleanup", Time since last: 1000399100 ns, Reaching safepoint: 518700 ns, At safepoint: 129400 ns, Total: 648100 ns
[2020-04-27T13:56:13.893+0000][1][safepoint    ] Safepoint "Cleanup", Time since last: 1000673100 ns, Reaching safepoint: 225400 ns, At safepoint: 61000 ns, Total: 286400 ns
[2020-04-27T13:56:14.894+0000][1][safepoint    ] Safepoint "Cleanup", Time since last: 1000649300 ns, Reaching safepoint: 213000 ns, At safepoint: 58500 ns, Total: 271500 ns
[2020-04-27T13:56:15.894+0000][1][safepoint    ] Safepoint "Cleanup", Time since last: 1000232700 ns, Reaching safepoint: 212500 ns, At safepoint: 73400 ns, Total: 285900 ns
[2020-04-27T13:56:16.896+0000][1][safepoint    ] Safepoint "Cleanup", Time since last: 1000402100 ns, Reaching safepoint: 540000 ns, At safepoint: 136400 ns, Total: 676400 ns
[2020-04-27T13:56:17.896+0000][1][safepoint    ] Safepoint "Cleanup", Time since last: 1000471700 ns, Reaching safepoint: 208200 ns, At safepoint: 44400 ns, Total: 252600 ns
[2020-04-27T13:56:18.897+0000][1][safepoint    ] Safepoint "Cleanup", Time since last: 1000520100 ns, Reaching safepoint: 209700 ns, At safepoint: 46200 ns, Total: 255900 ns
[2020-04-27T13:56:19.897+0000][1][safepoint    ] Safepoint "Cleanup", Time since last: 1000141400 ns, Reaching safepoint: 148800 ns, At safepoint: 28900 ns, Total: 177700 ns
[2020-04-27T13:56:20.898+0000][1][safepoint    ] Safepoint "Cleanup", Time since last: 1000241100 ns, Reaching safepoint: 251300 ns, At safepoint: 30300 ns, Total: 281600 ns
[2020-04-27T13:56:21.898+0000][1][safepoint    ] Safepoint "Cleanup", Time since last: 1000240100 ns, Reaching safepoint: 228400 ns, At safepoint: 59800 ns, Total: 288200 ns
[2020-04-27T13:56:22.899+0000][1][safepoint    ] Safepoint "Cleanup", Time since last: 1000289300 ns, Reaching safepoint: 151500 ns, At safepoint: 31600 ns, Total: 183100 ns
[2020-04-27T13:56:23.900+0000][1][safepoint    ] Safepoint "Cleanup", Time since last: 1000622500 ns, Reaching safepoint: 465800 ns, At safepoint: 138400 ns, Total: 604200 ns
[2020-04-27T13:56:24.901+0000][1][safepoint    ] Safepoint "Cleanup", Time since last: 1000738100 ns, Reaching safepoint: 475800 ns, At safepoint: 140900 ns, Total: 616700 ns
[2020-04-27T13:56:25.903+0000][1][safepoint    ] Safepoint "Cleanup", Time since last: 1000726800 ns, Reaching safepoint: 464900 ns, At safepoint: 138700 ns, Total: 603600 ns
[2020-04-27T13:56:26.903+0000][1][safepoint    ] Safepoint "Cleanup", Time since last: 1000427400 ns, Reaching safepoint: 140400 ns, At safepoint: 32400 ns, Total: 172800 ns
[2020-04-27T13:56:27.904+0000][1][safepoint    ] Safepoint "Cleanup", Time since last: 1000395400 ns, Reaching safepoint: 516900 ns, At safepoint: 138400 ns, Total: 655300 ns
[2020-04-27T13:56:28.905+0000][1][safepoint    ] Safepoint "Cleanup", Time since last: 1000584600 ns, Reaching safepoint: 138700 ns, At safepoint: 30900 ns, Total: 169600 ns
[2020-04-27T13:56:29.906+0000][1][safepoint    ] Safepoint "Cleanup", Time since last: 1000166700 ns, Reaching safepoint: 196400 ns, At safepoint: 67600 ns, Total: 264000 ns
[2020-04-27T13:56:30.906+0000][1][safepoint    ] Safepoint "Cleanup", Time since last: 1000330700 ns, Reaching safepoint: 149300 ns, At safepoint: 30700 ns, Total: 180000 ns
[2020-04-27T13:56:31.907+0000][1][safepoint    ] Safepoint "Cleanup", Time since last: 1000507900 ns, Reaching safepoint: 264800 ns, At safepoint: 76200 ns, Total: 341000 ns
[2020-04-27T13:56:32.907+0000][1][safepoint    ] Safepoint "Cleanup", Time since last: 1000239100 ns, Reaching safepoint: 178300 ns, At safepoint: 30100 ns, Total: 208400 ns
[2020-04-27T13:56:33.909+0000][1][safepoint    ] Safepoint "Cleanup", Time since last: 1000620900 ns, Reaching safepoint: 635900 ns, At safepoint: 148000 ns, Total: 783900 ns
[2020-04-27T13:56:34.909+0000][1][safepoint    ] Safepoint "Cleanup", Time since last: 1000278100 ns, Reaching safepoint: 313100 ns, At safepoint: 73800 ns, Total: 386900 ns
[2020-04-27T13:56:35.911+0000][1][safepoint    ] Safepoint "Cleanup", Time since last: 1000561500 ns, Reaching safepoint: 464700 ns, At safepoint: 135400 ns, Total: 600100 ns
[2020-04-27T13:56:36.912+0000][1][safepoint    ] Safepoint "Cleanup", Time since last: 1001049700 ns, Reaching safepoint: 468100 ns, At safepoint: 169700 ns, Total: 637800 ns
[2020-04-27T13:56:37.913+0000][1][safepoint    ] Safepoint "Cleanup", Time since last: 1000521500 ns, Reaching safepoint: 224400 ns, At safepoint: 60000 ns, Total: 284400 ns
[2020-04-27T13:56:38.914+0000][1][safepoint    ] Safepoint "Cleanup", Time since last: 1000392000 ns, Reaching safepoint: 464000 ns, At safepoint: 139400 ns, Total: 603400 ns
[2020-04-27T13:56:39.915+0000][1][safepoint    ] Safepoint "Cleanup", Time since last: 1000285800 ns, Reaching safepoint: 157200 ns, At safepoint: 33600 ns, Total: 190800 ns
[2020-04-27T13:56:40.916+0000][1][safepoint    ] Safepoint "Cleanup", Time since last: 1000710300 ns, Reaching safepoint: 464700 ns, At safepoint: 147300 ns, Total: 612000 ns
[2020-04-27T13:56:41.917+0000][1][safepoint    ] Safepoint "Cleanup", Time since last: 1000612800 ns, Reaching safepoint: 138800 ns, At safepoint: 33700 ns, Total: 172500 ns
[2020-04-27T13:56:42.917+0000][1][safepoint    ] Safepoint "Cleanup", Time since last: 1000274400 ns, Reaching safepoint: 274400 ns, At safepoint: 104500 ns, Total: 378900 ns
[2020-04-27T13:56:43.918+0000][1][safepoint    ] Safepoint "Cleanup", Time since last: 1000262800 ns, Reaching safepoint: 222000 ns, At safepoint: 57900 ns, Total: 279900 ns
[2020-04-27T13:56:44.919+0000][1][safepoint    ] Safepoint "Cleanup", Time since last: 1000454800 ns, Reaching safepoint: 419500 ns, At safepoint: 100500 ns, Total: 520000 ns
[2020-04-27T13:56:45.919+0000][1][safepoint    ] Safepoint "Cleanup", Time since last: 1000201600 ns, Reaching safepoint: 209400 ns, At safepoint: 36900 ns, Total: 246300 ns
[2020-04-27T13:56:46.920+0000][1][safepoint    ] Safepoint "Cleanup", Time since last: 1000264900 ns, Reaching safepoint: 255200 ns, At safepoint: 71700 ns, Total: 326900 ns
[2020-04-27T13:56:47.920+0000][1][safepoint    ] Safepoint "Cleanup", Time since last: 1000389800 ns, Reaching safepoint: 145500 ns, At safepoint: 31700 ns, Total: 177200 ns
[2020-04-27T13:56:48.921+0000][1][safepoint    ] Safepoint "Cleanup", Time since last: 1000334800 ns, Reaching safepoint: 462800 ns, At safepoint: 135200 ns, Total: 598000 ns
[2020-04-27T13:56:49.922+0000][1][safepoint    ] Safepoint "Cleanup", Time since last: 1000681300 ns, Reaching safepoint: 256900 ns, At safepoint: 71500 ns, Total: 328400 ns
[2020-04-27T13:56:50.924+0000][1][safepoint    ] Safepoint "Cleanup", Time since last: 1000691700 ns, Reaching safepoint: 475100 ns, At safepoint: 211000 ns, Total: 686100 ns
[2020-04-27T13:56:51.925+0000][1][safepoint    ] Safepoint "Cleanup", Time since last: 1000444600 ns, Reaching safepoint: 535700 ns, At safepoint: 135500 ns, Total: 671200 ns
[2020-04-27T13:56:52.925+0000][1][safepoint    ] Safepoint "Cleanup", Time since last: 1000209700 ns, Reaching safepoint: 188800 ns, At safepoint: 34800 ns, Total: 223600 ns
[2020-04-27T13:56:53.926+0000][1][safepoint    ] Safepoint "Cleanup", Time since last: 1000285500 ns, Reaching safepoint: 397200 ns, At safepoint: 98900 ns, Total: 496100 ns
[2020-04-27T13:56:54.927+0000][1][safepoint    ] Safepoint "Cleanup", Time since last: 1000710400 ns, Reaching safepoint: 166300 ns, At safepoint: 38200 ns, Total: 204500 ns
[2020-04-27T13:56:55.928+0000][1][safepoint    ] Safepoint "Cleanup", Time since last: 1000244000 ns, Reaching safepoint: 287100 ns, At safepoint: 69500 ns, Total: 356600 ns
[2020-04-27T13:56:56.928+0000][1][safepoint    ] Safepoint "Cleanup", Time since last: 1000188400 ns, Reaching safepoint: 139000 ns, At safepoint: 32000 ns, Total: 171000 ns
[2020-04-27T13:56:57.867+0000][1][safepoint    ] Safepoint "RevokeBias", Time since last: 938563700 ns, Reaching safepoint: 131300 ns, At safepoint: 69300 ns, Total: 200600 ns
[2020-04-27T13:56:57.867+0000][1][safepoint    ] Safepoint "RevokeBias", Time since last: 261300 ns, Reaching safepoint: 287600 ns, At safepoint: 149100 ns, Total: 436700 ns
[2020-04-27T13:56:57.868+0000][1][safepoint    ] Safepoint "RevokeBias", Time since last: 47600 ns, Reaching safepoint: 156400 ns, At safepoint: 68100 ns, Total: 224500 ns
[2020-04-27T13:56:57.872+0000][1][safepoint    ] Safepoint "RevokeBias", Time since last: 4160700 ns, Reaching safepoint: 276900 ns, At safepoint: 123000 ns, Total: 399900 ns
[2020-04-27T13:56:57.873+0000][1][safepoint    ] Safepoint "RevokeBias", Time since last: 196400 ns, Reaching safepoint: 386600 ns, At safepoint: 114900 ns, Total: 501500 ns
[2020-04-27T13:56:57.874+0000][1][safepoint    ] Safepoint "RevokeBias", Time since last: 268000 ns, Reaching safepoint: 264600 ns, At safepoint: 73900 ns, Total: 338500 ns
[2020-04-27T13:56:58.874+0000][1][safepoint    ] Safepoint "Cleanup", Time since last: 1000228000 ns, Reaching safepoint: 161000 ns, At safepoint: 30500 ns, Total: 191500 ns
[2020-04-27T13:56:59.875+0000][1][safepoint    ] Safepoint "Cleanup", Time since last: 1000581200 ns, Reaching safepoint: 469000 ns, At safepoint: 137100 ns, Total: 606100 ns
[2020-04-27T13:57:00.876+0000][1][safepoint    ] Safepoint "Cleanup", Time since last: 1000395100 ns, Reaching safepoint: 205600 ns, At safepoint: 36800 ns, Total: 242400 ns
[2020-04-27T13:57:01.877+0000][1][safepoint    ] Safepoint "Cleanup", Time since last: 1000451000 ns, Reaching safepoint: 165000 ns, At safepoint: 41100 ns, Total: 206100 ns
[2020-04-27T13:57:02.877+0000][1][safepoint    ] Safepoint "Cleanup", Time since last: 1000549800 ns, Reaching safepoint: 144800 ns, At safepoint: 36800 ns, Total: 181600 ns
[2020-04-27T13:57:03.878+0000][1][safepoint    ] Safepoint "Cleanup", Time since last: 1000192900 ns, Reaching safepoint: 162200 ns, At safepoint: 40900 ns, Total: 203100 ns
[2020-04-27T13:57:04.879+0000][1][safepoint    ] Safepoint "Cleanup", Time since last: 1000397500 ns, Reaching safepoint: 559300 ns, At safepoint: 141900 ns, Total: 701200 ns
[2020-04-27T13:57:05.880+0000][1][safepoint    ] Safepoint "Cleanup", Time since last: 1000675500 ns, Reaching safepoint: 479800 ns, At safepoint: 136600 ns, Total: 616400 ns
[2020-04-27T13:57:06.881+0000][1][safepoint    ] Safepoint "Cleanup", Time since last: 1000382300 ns, Reaching safepoint: 469100 ns, At safepoint: 206400 ns, Total: 675500 ns
[2020-04-27T13:57:07.882+0000][1][safepoint    ] Safepoint "Cleanup", Time since last: 1000694400 ns, Reaching safepoint: 393000 ns, At safepoint: 104700 ns, Total: 497700 ns
[2020-04-27T13:57:08.884+0000][1][safepoint    ] Safepoint "Cleanup", Time since last: 1000789700 ns, Reaching safepoint: 511700 ns, At safepoint: 137300 ns, Total: 649000 ns
[2020-04-27T13:57:09.885+0000][1][safepoint    ] Safepoint "Cleanup", Time since last: 1000452700 ns, Reaching safepoint: 558000 ns, At safepoint: 134200 ns, Total: 692200 ns
[2020-04-27T13:57:10.886+0000][1][safepoint    ] Safepoint "Cleanup", Time since last: 1000532100 ns, Reaching safepoint: 468100 ns, At safepoint: 143100 ns, Total: 611200 ns
[2020-04-27T13:57:11.886+0000][1][safepoint    ] Safepoint "Cleanup", Time since last: 1000230500 ns, Reaching safepoint: 139200 ns, At safepoint: 26300 ns, Total: 165500 ns
[2020-04-27T13:57:12.887+0000][1][safepoint    ] Safepoint "Cleanup", Time since last: 1000359300 ns, Reaching safepoint: 344400 ns, At safepoint: 96100 ns, Total: 440500 ns
[2020-04-27T13:57:13.888+0000][1][safepoint    ] Safepoint "Cleanup", Time since last: 1000230900 ns, Reaching safepoint: 190000 ns, At safepoint: 49100 ns, Total: 239100 ns
[2020-04-27T13:57:14.889+0000][1][safepoint    ] Safepoint "Cleanup", Time since last: 1000421900 ns, Reaching safepoint: 493300 ns, At safepoint: 138100 ns, Total: 631400 ns
[2020-04-27T13:57:15.890+0000][1][safepoint    ] Safepoint "Cleanup", Time since last: 1000673400 ns, Reaching safepoint: 148000 ns, At safepoint: 35500 ns, Total: 183500 ns
[2020-04-27T13:57:16.890+0000][1][safepoint    ] Safepoint "Cleanup", Time since last: 1000163400 ns, Reaching safepoint: 167200 ns, At safepoint: 67200 ns, Total: 234400 ns
[2020-04-27T13:57:17.890+0000][1][safepoint    ] Safepoint "Cleanup", Time since last: 1000186900 ns, Reaching safepoint: 182700 ns, At safepoint: 32800 ns, Total: 215500 ns
[2020-04-27T13:57:18.891+0000][1][safepoint    ] Safepoint "Cleanup", Time since last: 1000402900 ns, Reaching safepoint: 442100 ns, At safepoint: 131400 ns, Total: 573500 ns
[2020-04-27T13:57:19.893+0000][1][safepoint    ] Safepoint "Cleanup", Time since last: 1000666000 ns, Reaching safepoint: 477000 ns, At safepoint: 156400 ns, Total: 633400 ns
[2020-04-27T13:57:20.894+0000][1][safepoint    ] Safepoint "Cleanup", Time since last: 1000692300 ns, Reaching safepoint: 152100 ns, At safepoint: 37500 ns, Total: 189600 ns
[2020-04-27T13:57:21.895+0000][1][safepoint    ] Safepoint "Cleanup", Time since last: 1000613400 ns, Reaching safepoint: 464800 ns, At safepoint: 136900 ns, Total: 601700 ns
[2020-04-27T13:57:22.896+0000][1][safepoint    ] Safepoint "Cleanup", Time since last: 1000620200 ns, Reaching safepoint: 467500 ns, At safepoint: 136900 ns, Total: 604400 ns
[2020-04-27T13:57:23.897+0000][1][safepoint    ] Safepoint "Cleanup", Time since last: 1000744300 ns, Reaching safepoint: 591100 ns, At safepoint: 147200 ns, Total: 738300 ns
[2020-04-27T13:57:24.899+0000][1][safepoint    ] Safepoint "Cleanup", Time since last: 1000669900 ns, Reaching safepoint: 528600 ns, At safepoint: 137300 ns, Total: 665900 ns
[2020-04-27T13:57:25.900+0000][1][safepoint    ] Safepoint "Cleanup", Time since last: 1000624100 ns, Reaching safepoint: 360000 ns, At safepoint: 99700 ns, Total: 459700 ns
[2020-04-27T13:57:26.901+0000][1][safepoint    ] Safepoint "Cleanup", Time since last: 1000352900 ns, Reaching safepoint: 298400 ns, At safepoint: 73900 ns, Total: 372300 ns
[2020-04-27T13:57:27.901+0000][1][safepoint    ] Safepoint "Cleanup", Time since last: 1000502500 ns, Reaching safepoint: 256800 ns, At safepoint: 70700 ns, Total: 327500 ns
[2020-04-27T13:57:28.903+0000][1][safepoint    ] Safepoint "Cleanup", Time since last: 1000554600 ns, Reaching safepoint: 465800 ns, At safepoint: 136500 ns, Total: 602300 ns
[2020-04-27T13:57:29.904+0000][1][safepoint    ] Safepoint "Cleanup", Time since last: 1000436800 ns, Reaching safepoint: 467700 ns, At safepoint: 136900 ns, Total: 604600 ns
[2020-04-27T13:57:30.904+0000][1][safepoint    ] Safepoint "Cleanup", Time since last: 1000495000 ns, Reaching safepoint: 196400 ns, At safepoint: 50600 ns, Total: 247000 ns
[2020-04-27T13:57:31.905+0000][1][safepoint    ] Safepoint "Cleanup", Time since last: 1000370400 ns, Reaching safepoint: 406800 ns, At safepoint: 121400 ns, Total: 528200 ns
[2020-04-27T13:57:32.906+0000][1][safepoint    ] Safepoint "Cleanup", Time since last: 1000668000 ns, Reaching safepoint: 218400 ns, At safepoint: 53800 ns, Total: 272200 ns
[2020-04-27T13:57:33.907+0000][1][safepoint    ] Safepoint "Cleanup", Time since last: 1000474800 ns, Reaching safepoint: 220700 ns, At safepoint: 56400 ns, Total: 277100 ns
[2020-04-27T13:57:34.907+0000][1][safepoint    ] Safepoint "Cleanup", Time since last: 1000126700 ns, Reaching safepoint: 130600 ns, At safepoint: 27700 ns, Total: 158300 ns
[2020-04-27T13:57:35.908+0000][1][safepoint    ] Safepoint "Cleanup", Time since last: 1000156600 ns, Reaching safepoint: 159900 ns, At safepoint: 30900 ns, Total: 190800 ns
[2020-04-27T13:57:36.908+0000][1][safepoint    ] Safepoint "Cleanup", Time since last: 1000127800 ns, Reaching safepoint: 135000 ns, At safepoint: 28000 ns, Total: 163000 ns
[2020-04-27T13:57:37.908+0000][1][safepoint    ] Safepoint "Cleanup", Time since last: 1000158200 ns, Reaching safepoint: 142200 ns, At safepoint: 30100 ns, Total: 172300 ns
[2020-04-27T13:57:38.909+0000][1][safepoint    ] Safepoint "Cleanup", Time since last: 1000169000 ns, Reaching safepoint: 237300 ns, At safepoint: 44500 ns, Total: 281800 ns
[2020-04-27T13:57:39.909+0000][1][safepoint    ] Safepoint "Cleanup", Time since last: 1000109000 ns, Reaching safepoint: 139300 ns, At safepoint: 27000 ns, Total: 166300 ns
[2020-04-27T13:57:40.909+0000][1][safepoint    ] Safepoint "Cleanup", Time since last: 1000150000 ns, Reaching safepoint: 162800 ns, At safepoint: 38500 ns, Total: 201300 ns
[2020-04-27T13:57:41.910+0000][1][safepoint    ] Safepoint "Cleanup", Time since last: 1000129000 ns, Reaching safepoint: 141700 ns, At safepoint: 30100 ns, Total: 171800 ns
[2020-04-27T13:57:42.910+0000][1][safepoint    ] Safepoint "Cleanup", Time since last: 1000219100 ns, Reaching safepoint: 137000 ns, At safepoint: 25900 ns, Total: 162900 ns
[2020-04-27T13:57:43.910+0000][1][safepoint    ] Safepoint "Cleanup", Time since last: 1000147900 ns, Reaching safepoint: 158200 ns, At safepoint: 26900 ns, Total: 185100 ns
[2020-04-27T13:57:44.911+0000][1][safepoint    ] Safepoint "Cleanup", Time since last: 1000144300 ns, Reaching safepoint: 141700 ns, At safepoint: 28200 ns, Total: 169900 ns
[2020-04-27T13:57:45.911+0000][1][safepoint    ] Safepoint "Cleanup", Time since last: 1000142600 ns, Reaching safepoint: 138200 ns, At safepoint: 27600 ns, Total: 165800 ns
[2020-04-27T13:57:46.911+0000][1][safepoint    ] Safepoint "Cleanup", Time since last: 1000112800 ns, Reaching safepoint: 138300 ns, At safepoint: 29600 ns, Total: 167900 ns
[2020-04-27T13:57:47.912+0000][1][safepoint    ] Safepoint "Cleanup", Time since last: 1000148400 ns, Reaching safepoint: 137300 ns, At safepoint: 28300 ns, Total: 165600 ns
[2020-04-27T13:57:48.912+0000][1][safepoint    ] Safepoint "Cleanup", Time since last: 1000164400 ns, Reaching safepoint: 139800 ns, At safepoint: 28500 ns, Total: 168300 ns
[2020-04-27T13:57:49.912+0000][1][safepoint    ] Safepoint "Cleanup", Time since last: 1000155000 ns, Reaching safepoint: 135500 ns, At safepoint: 28000 ns, Total: 163500 ns
[2020-04-27T13:57:50.913+0000][1][safepoint    ] Safepoint "Cleanup", Time since last: 1000170300 ns, Reaching safepoint: 143000 ns, At safepoint: 29700 ns, Total: 172700 ns
[2020-04-27T13:57:51.913+0000][1][safepoint    ] Safepoint "Cleanup", Time since last: 1000198700 ns, Reaching safepoint: 131500 ns, At safepoint: 27500 ns, Total: 159000 ns
[2020-04-27T13:57:52.914+0000][1][safepoint    ] Safepoint "Cleanup", Time since last: 1000793800 ns, Reaching safepoint: 410600 ns, At safepoint: 155900 ns, Total: 566500 ns
[2020-04-27T13:57:53.915+0000][1][safepoint    ] Safepoint "Cleanup", Time since last: 1000562400 ns, Reaching safepoint: 164900 ns, At safepoint: 41200 ns, Total: 206100 ns
[2020-04-27T13:57:54.916+0000][1][safepoint    ] Safepoint "Cleanup", Time since last: 1000709500 ns, Reaching safepoint: 502000 ns, At safepoint: 146300 ns, Total: 648300 ns
[2020-04-27T13:57:55.917+0000][1][safepoint    ] Safepoint "Cleanup", Time since last: 1000284400 ns, Reaching safepoint: 360900 ns, At safepoint: 43900 ns, Total: 404800 ns
[2020-04-27T13:57:56.917+0000][1][safepoint    ] Safepoint "Cleanup", Time since last: 1000209000 ns, Reaching safepoint: 148100 ns, At safepoint: 33500 ns, Total: 181600 ns
[2020-04-27T13:57:57.918+0000][1][safepoint    ] Safepoint "Cleanup", Time since last: 1000397400 ns, Reaching safepoint: 200700 ns, At safepoint: 39600 ns, Total: 240300 ns
[2020-04-27T13:57:58.919+0000][1][safepoint    ] Safepoint "Cleanup", Time since last: 1000230600 ns, Reaching safepoint: 443500 ns, At safepoint: 95100 ns, Total: 538600 ns
[2020-04-27T13:57:59.868+0000][1][safepoint    ] Safepoint "RevokeBias", Time since last: 948979700 ns, Reaching safepoint: 149700 ns, At safepoint: 88300 ns, Total: 238000 ns
[2020-04-27T13:57:59.868+0000][1][safepoint    ] Safepoint "RevokeBias", Time since last: 105400 ns, Reaching safepoint: 228800 ns, At safepoint: 62000 ns, Total: 290800 ns
[2020-04-27T13:57:59.869+0000][1][safepoint    ] Safepoint "RevokeBias", Time since last: 98400 ns, Reaching safepoint: 198000 ns, At safepoint: 60200 ns, Total: 258200 ns
[2020-04-27T13:57:59.876+0000][1][safepoint    ] Safepoint "RevokeBias", Time since last: 7162500 ns, Reaching safepoint: 232300 ns, At safepoint: 88200 ns, Total: 320500 ns
[2020-04-27T13:57:59.877+0000][1][safepoint    ] Safepoint "RevokeBias", Time since last: 182600 ns, Reaching safepoint: 104400 ns, At safepoint: 82900 ns, Total: 187300 ns
[2020-04-27T13:57:59.877+0000][1][safepoint    ] Safepoint "RevokeBias", Time since last: 312800 ns, Reaching safepoint: 270500 ns, At safepoint: 96600 ns, Total: 367100 ns
[2020-04-27T13:58:00.879+0000][1][safepoint    ] Safepoint "Cleanup", Time since last: 1000578700 ns, Reaching safepoint: 470000 ns, At safepoint: 246100 ns, Total: 716100 ns
[2020-04-27T13:58:01.880+0000][1][safepoint    ] Safepoint "Cleanup", Time since last: 1000577100 ns, Reaching safepoint: 375600 ns, At safepoint: 104400 ns, Total: 480000 ns
[2020-04-27T13:58:02.880+0000][1][safepoint    ] Safepoint "Cleanup", Time since last: 1000388800 ns, Reaching safepoint: 144700 ns, At safepoint: 32100 ns, Total: 176800 ns
[2020-04-27T13:58:03.881+0000][1][safepoint    ] Safepoint "Cleanup", Time since last: 1000509800 ns, Reaching safepoint: 170900 ns, At safepoint: 39600 ns, Total: 210500 ns
[2020-04-27T13:58:04.882+0000][1][safepoint    ] Safepoint "Cleanup", Time since last: 1000186100 ns, Reaching safepoint: 264000 ns, At safepoint: 83000 ns, Total: 347000 ns
[2020-04-27T13:58:05.883+0000][1][safepoint    ] Safepoint "Cleanup", Time since last: 1000605200 ns, Reaching safepoint: 344300 ns, At safepoint: 185400 ns, Total: 529700 ns
[2020-04-27T13:58:06.883+0000][1][safepoint    ] Safepoint "Cleanup", Time since last: 1000484900 ns, Reaching safepoint: 198100 ns, At safepoint: 36700 ns, Total: 234800 ns
[2020-04-27T13:58:07.884+0000][1][safepoint    ] Safepoint "Cleanup", Time since last: 1000527300 ns, Reaching safepoint: 379800 ns, At safepoint: 110900 ns, Total: 490700 ns
[2020-04-27T13:58:08.885+0000][1][safepoint    ] Safepoint "Cleanup", Time since last: 1000243500 ns, Reaching safepoint: 136100 ns, At safepoint: 29800 ns, Total: 165900 ns
[2020-04-27T13:58:09.886+0000][1][safepoint    ] Safepoint "Cleanup", Time since last: 1000567700 ns, Reaching safepoint: 440600 ns, At safepoint: 131700 ns, Total: 572300 ns
[2020-04-27T13:58:10.887+0000][1][safepoint    ] Safepoint "Cleanup", Time since last: 1000368500 ns, Reaching safepoint: 442200 ns, At safepoint: 130300 ns, Total: 572500 ns
[2020-04-27T13:58:11.888+0000][1][safepoint    ] Safepoint "Cleanup", Time since last: 1000532900 ns, Reaching safepoint: 141900 ns, At safepoint: 29800 ns, Total: 171700 ns
[2020-04-27T13:58:12.888+0000][1][safepoint    ] Safepoint "Cleanup", Time since last: 1000456400 ns, Reaching safepoint: 287600 ns, At safepoint: 81200 ns, Total: 368800 ns
[2020-04-27T13:58:13.889+0000][1][safepoint    ] Safepoint "Cleanup", Time since last: 1000439000 ns, Reaching safepoint: 153600 ns, At safepoint: 37100 ns, Total: 190700 ns
[2020-04-27T13:58:14.890+0000][1][safepoint    ] Safepoint "Cleanup", Time since last: 1000316500 ns, Reaching safepoint: 171400 ns, At safepoint: 32900 ns, Total: 204300 ns
[2020-04-27T13:58:15.890+0000][1][safepoint    ] Safepoint "Cleanup", Time since last: 1000258500 ns, Reaching safepoint: 144700 ns, At safepoint: 34600 ns, Total: 179300 ns
[2020-04-27T13:58:16.891+0000][1][safepoint    ] Safepoint "Cleanup", Time since last: 1000663200 ns, Reaching safepoint: 383700 ns, At safepoint: 112700 ns, Total: 496400 ns
[2020-04-27T13:58:17.893+0000][1][safepoint    ] Safepoint "Cleanup", Time since last: 1000729000 ns, Reaching safepoint: 470300 ns, At safepoint: 138300 ns, Total: 608600 ns
[2020-04-27T13:58:18.893+0000][1][safepoint    ] Safepoint "Cleanup", Time since last: 1000330500 ns, Reaching safepoint: 157200 ns, At safepoint: 43900 ns, Total: 201100 ns
[2020-04-27T13:58:19.402+0000][1][gc,start     ] GC(30) Pause Young (Allocation Failure)
[2020-04-27T13:58:19.402+0000][1][gc,task      ] GC(30) Using 10 workers of 10 for evacuation
[2020-04-27T13:58:19.405+0000][1][gc,age       ] GC(30) Desired survivor size 8945664 bytes, new threshold 6 (max threshold 6)
[2020-04-27T13:58:19.405+0000][1][gc,age       ] GC(30) Age table with threshold 6 (max threshold 6)
[2020-04-27T13:58:19.405+0000][1][gc,age       ] GC(30) - age   1:     100056 bytes,     100056 total
[2020-04-27T13:58:19.405+0000][1][gc,age       ] GC(30) - age   2:     165424 bytes,     265480 total
[2020-04-27T13:58:19.405+0000][1][gc,age       ] GC(30) - age   3:     154448 bytes,     419928 total
[2020-04-27T13:58:19.405+0000][1][gc,age       ] GC(30) - age   4:     242056 bytes,     661984 total
[2020-04-27T13:58:19.405+0000][1][gc,age       ] GC(30) - age   5:     117600 bytes,     779584 total
[2020-04-27T13:58:19.405+0000][1][gc,age       ] GC(30) - age   6:      52976 bytes,     832560 total
[2020-04-27T13:58:19.405+0000][1][gc,heap      ] GC(30) ParNew: 141421K->1121K(157248K)
[2020-04-27T13:58:19.405+0000][1][gc,heap      ] GC(30) CMS: 89207K->89681K(349568K)
[2020-04-27T13:58:19.405+0000][1][gc,metaspace ] GC(30) Metaspace: 97005K->97005K(1138688K)
[2020-04-27T13:58:19.405+0000][1][gc           ] GC(30) Pause Young (Allocation Failure) 225M->88M(494M) 2.682ms
[2020-04-27T13:58:19.405+0000][1][gc,cpu       ] GC(30) User=0.01s Sys=0.00s Real=0.00s
[2020-04-27T13:58:19.405+0000][1][safepoint    ] Safepoint "GenCollectForAllocation", Time since last: 508903600 ns, Reaching safepoint: 147500 ns, At safepoint: 2749600 ns, Total: 2897100 ns
[2020-04-27T13:58:20.406+0000][1][safepoint    ] Safepoint "Cleanup", Time since last: 1000313000 ns, Reaching safepoint: 467700 ns, At safepoint: 136100 ns, Total: 603800 ns
[2020-04-27T13:58:21.406+0000][1][safepoint    ] Safepoint "Cleanup", Time since last: 1000271200 ns, Reaching safepoint: 154800 ns, At safepoint: 31700 ns, Total: 186500 ns
[2020-04-27T13:58:22.408+0000][1][safepoint    ] Safepoint "Cleanup", Time since last: 1000735200 ns, Reaching safepoint: 471600 ns, At safepoint: 136200 ns, Total: 607800 ns
[2020-04-27T13:58:23.408+0000][1][safepoint    ] Safepoint "Cleanup", Time since last: 1000249600 ns, Reaching safepoint: 171600 ns, At safepoint: 34700 ns, Total: 206300 ns
[2020-04-27T13:58:24.409+0000][1][safepoint    ] Safepoint "Cleanup", Time since last: 1000689600 ns, Reaching safepoint: 469700 ns, At safepoint: 138700 ns, Total: 608400 ns
[2020-04-27T13:58:25.411+0000][1][safepoint    ] Safepoint "Cleanup", Time since last: 1000806000 ns, Reaching safepoint: 471300 ns, At safepoint: 136600 ns, Total: 607900 ns
[2020-04-27T13:58:26.411+0000][1][safepoint    ] Safepoint "Cleanup", Time since last: 1000211300 ns, Reaching safepoint: 145200 ns, At safepoint: 30400 ns, Total: 175600 ns
[2020-04-27T13:58:27.412+0000][1][safepoint    ] Safepoint "Cleanup", Time since last: 1000438100 ns, Reaching safepoint: 475500 ns, At safepoint: 141700 ns, Total: 617200 ns
[2020-04-27T13:58:28.413+0000][1][safepoint    ] Safepoint "Cleanup", Time since last: 1000444800 ns, Reaching safepoint: 474600 ns, At safepoint: 133300 ns, Total: 607900 ns
[2020-04-27T13:58:29.414+0000][1][safepoint    ] Safepoint "Cleanup", Time since last: 1000525900 ns, Reaching safepoint: 472200 ns, At safepoint: 139900 ns, Total: 612100 ns
[2020-04-27T13:58:30.416+0000][1][safepoint    ] Safepoint "Cleanup", Time since last: 1000648400 ns, Reaching safepoint: 471000 ns, At safepoint: 136600 ns, Total: 607600 ns
[2020-04-27T13:58:31.416+0000][1][safepoint    ] Safepoint "Cleanup", Time since last: 1000400300 ns, Reaching safepoint: 250300 ns, At safepoint: 74100 ns, Total: 324400 ns
[2020-04-27T13:58:32.417+0000][1][safepoint    ] Safepoint "Cleanup", Time since last: 1000278000 ns, Reaching safepoint: 375700 ns, At safepoint: 91600 ns, Total: 467300 ns
[2020-04-27T13:58:33.418+0000][1][safepoint    ] Safepoint "Cleanup", Time since last: 1000259400 ns, Reaching safepoint: 462900 ns, At safepoint: 127600 ns, Total: 590500 ns
[2020-04-27T13:58:34.419+0000][1][safepoint    ] Safepoint "Cleanup", Time since last: 1000654100 ns, Reaching safepoint: 549300 ns, At safepoint: 148900 ns, Total: 698200 ns
[2020-04-27T13:58:35.421+0000][1][safepoint    ] Safepoint "Cleanup", Time since last: 1000753100 ns, Reaching safepoint: 486400 ns, At safepoint: 139400 ns, Total: 625800 ns
[2020-04-27T13:58:36.422+0000][1][safepoint    ] Safepoint "Cleanup", Time since last: 1000717900 ns, Reaching safepoint: 137600 ns, At safepoint: 30400 ns, Total: 168000 ns
[2020-04-27T13:58:37.422+0000][1][safepoint    ] Safepoint "Cleanup", Time since last: 1000586800 ns, Reaching safepoint: 260700 ns, At safepoint: 71000 ns, Total: 331700 ns
[2020-04-27T13:58:38.424+0000][1][safepoint    ] Safepoint "Cleanup", Time since last: 1000718300 ns, Reaching safepoint: 469400 ns, At safepoint: 132900 ns, Total: 602300 ns
[2020-04-27T13:58:39.424+0000][1][safepoint    ] Safepoint "Cleanup", Time since last: 1000327100 ns, Reaching safepoint: 153900 ns, At safepoint: 33900 ns, Total: 187800 ns
[2020-04-27T13:58:40.425+0000][1][safepoint    ] Safepoint "Cleanup", Time since last: 1000532000 ns, Reaching safepoint: 220800 ns, At safepoint: 57300 ns, Total: 278100 ns
[2020-04-27T13:58:41.426+0000][1][safepoint    ] Safepoint "Cleanup", Time since last: 1000563400 ns, Reaching safepoint: 242600 ns, At safepoint: 66700 ns, Total: 309300 ns
[2020-04-27T13:58:42.427+0000][1][safepoint    ] Safepoint "Cleanup", Time since last: 1000284800 ns, Reaching safepoint: 201400 ns, At safepoint: 47700 ns, Total: 249100 ns
[2020-04-27T13:58:43.427+0000][1][safepoint    ] Safepoint "Cleanup", Time since last: 1000235800 ns, Reaching safepoint: 149400 ns, At safepoint: 39500 ns, Total: 188900 ns
[2020-04-27T13:58:44.427+0000][1][safepoint    ] Safepoint "Cleanup", Time since last: 1000164500 ns, Reaching safepoint: 139300 ns, At safepoint: 29500 ns, Total: 168800 ns
[2020-04-27T13:58:45.428+0000][1][safepoint    ] Safepoint "Cleanup", Time since last: 1000296600 ns, Reaching safepoint: 527400 ns, At safepoint: 137300 ns, Total: 664700 ns
[2020-04-27T13:58:46.430+0000][1][safepoint    ] Safepoint "Cleanup", Time since last: 1000647200 ns, Reaching safepoint: 473800 ns, At safepoint: 137500 ns, Total: 611300 ns
[2020-04-27T13:58:47.431+0000][1][safepoint    ] Safepoint "Cleanup", Time since last: 1000596600 ns, Reaching safepoint: 472500 ns, At safepoint: 136600 ns, Total: 609100 ns
[2020-04-27T13:58:48.431+0000][1][safepoint    ] Safepoint "Cleanup", Time since last: 1000226500 ns, Reaching safepoint: 141700 ns, At safepoint: 29900 ns, Total: 171600 ns
[2020-04-27T13:58:50.401+0000][1][safepoint    ] Safepoint "Cleanup", Time since last: 1968801100 ns, Reaching safepoint: 492500 ns, At safepoint: 135700 ns, Total: 628200 ns
[2020-04-27T13:58:51.402+0000][1][safepoint    ] Safepoint "Cleanup", Time since last: 1000730300 ns, Reaching safepoint: 349300 ns, At safepoint: 104300 ns, Total: 453600 ns
[2020-04-27T13:58:52.403+0000][1][safepoint    ] Safepoint "Cleanup", Time since last: 1000649800 ns, Reaching safepoint: 474200 ns, At safepoint: 145800 ns, Total: 620000 ns
[2020-04-27T13:58:53.404+0000][1][safepoint    ] Safepoint "Cleanup", Time since last: 1000390800 ns, Reaching safepoint: 469800 ns, At safepoint: 181100 ns, Total: 650900 ns
[2020-04-27T13:58:54.405+0000][1][safepoint    ] Safepoint "Cleanup", Time since last: 1000479300 ns, Reaching safepoint: 437300 ns, At safepoint: 132900 ns, Total: 570200 ns
[2020-04-27T13:58:55.406+0000][1][safepoint    ] Safepoint "Cleanup", Time since last: 1000409100 ns, Reaching safepoint: 469200 ns, At safepoint: 134700 ns, Total: 603900 ns
[2020-04-27T13:58:56.407+0000][1][safepoint    ] Safepoint "Cleanup", Time since last: 1000302600 ns, Reaching safepoint: 316800 ns, At safepoint: 46900 ns, Total: 363700 ns
[2020-04-27T13:58:57.407+0000][1][safepoint    ] Safepoint "Cleanup", Time since last: 1000364900 ns, Reaching safepoint: 141400 ns, At safepoint: 32200 ns, Total: 173600 ns
[2020-04-27T13:58:58.408+0000][1][safepoint    ] Safepoint "Cleanup", Time since last: 1000351600 ns, Reaching safepoint: 477900 ns, At safepoint: 134600 ns, Total: 612500 ns
[2020-04-27T13:58:59.409+0000][1][safepoint    ] Safepoint "Cleanup", Time since last: 1000506600 ns, Reaching safepoint: 162900 ns, At safepoint: 39000 ns, Total: 201900 ns
[2020-04-27T13:59:00.409+0000][1][safepoint    ] Safepoint "Cleanup", Time since last: 1000136100 ns, Reaching safepoint: 222500 ns, At safepoint: 42900 ns, Total: 265400 ns
[2020-04-27T13:59:01.410+0000][1][safepoint    ] Safepoint "Cleanup", Time since last: 1000201500 ns, Reaching safepoint: 297600 ns, At safepoint: 31400 ns, Total: 329000 ns
[2020-04-27T13:59:01.871+0000][1][safepoint    ] Safepoint "RevokeBias", Time since last: 460541900 ns, Reaching safepoint: 210400 ns, At safepoint: 110200 ns, Total: 320600 ns
[2020-04-27T13:59:01.872+0000][1][safepoint    ] Safepoint "BulkRevokeBias", Time since last: 213400 ns, Reaching safepoint: 307800 ns, At safepoint: 903700 ns, Total: 1211500 ns
[2020-04-27T13:59:01.873+0000][1][safepoint    ] Safepoint "RevokeBias", Time since last: 148900 ns, Reaching safepoint: 260800 ns, At safepoint: 97500 ns, Total: 358300 ns
[2020-04-27T13:59:01.880+0000][1][safepoint    ] Safepoint "RevokeBias", Time since last: 6772400 ns, Reaching safepoint: 134500 ns, At safepoint: 61600 ns, Total: 196100 ns
[2020-04-27T13:59:01.880+0000][1][safepoint    ] Safepoint "RevokeBias", Time since last: 238300 ns, Reaching safepoint: 259500 ns, At safepoint: 61000 ns, Total: 320500 ns
[2020-04-27T13:59:02.881+0000][1][safepoint    ] Safepoint "Cleanup", Time since last: 1000142700 ns, Reaching safepoint: 151800 ns, At safepoint: 56400 ns, Total: 208200 ns
[2020-04-27T13:59:03.881+0000][1][safepoint    ] Safepoint "Cleanup", Time since last: 1000268300 ns, Reaching safepoint: 352600 ns, At safepoint: 95900 ns, Total: 448500 ns
[2020-04-27T13:59:04.882+0000][1][safepoint    ] Safepoint "Cleanup", Time since last: 1000281100 ns, Reaching safepoint: 348000 ns, At safepoint: 126400 ns, Total: 474400 ns
[2020-04-27T13:59:05.883+0000][1][safepoint    ] Safepoint "Cleanup", Time since last: 1000505200 ns, Reaching safepoint: 447500 ns, At safepoint: 144400 ns, Total: 591900 ns
[2020-04-27T13:59:06.884+0000][1][safepoint    ] Safepoint "Cleanup", Time since last: 1000841000 ns, Reaching safepoint: 157300 ns, At safepoint: 39100 ns, Total: 196400 ns
[2020-04-27T13:59:07.885+0000][1][safepoint    ] Safepoint "Cleanup", Time since last: 1000523600 ns, Reaching safepoint: 249200 ns, At safepoint: 67400 ns, Total: 316600 ns
[2020-04-27T13:59:08.885+0000][1][safepoint    ] Safepoint "Cleanup", Time since last: 1000248000 ns, Reaching safepoint: 141400 ns, At safepoint: 28500 ns, Total: 169900 ns
[2020-04-27T13:59:09.887+0000][1][safepoint    ] Safepoint "Cleanup", Time since last: 1000572400 ns, Reaching safepoint: 468500 ns, At safepoint: 136400 ns, Total: 604900 ns
[2020-04-27T13:59:10.888+0000][1][safepoint    ] Safepoint "Cleanup", Time since last: 1000738100 ns, Reaching safepoint: 471500 ns, At safepoint: 141600 ns, Total: 613100 ns
[2020-04-27T13:59:11.888+0000][1][safepoint    ] Safepoint "Cleanup", Time since last: 1000293800 ns, Reaching safepoint: 158700 ns, At safepoint: 37700 ns, Total: 196400 ns
[2020-04-27T13:59:12.889+0000][1][safepoint    ] Safepoint "Cleanup", Time since last: 1000555500 ns, Reaching safepoint: 287000 ns, At safepoint: 78200 ns, Total: 365200 ns
[2020-04-27T13:59:13.890+0000][1][safepoint    ] Safepoint "Cleanup", Time since last: 1000290100 ns, Reaching safepoint: 463300 ns, At safepoint: 133300 ns, Total: 596600 ns
[2020-04-27T13:59:14.891+0000][1][safepoint    ] Safepoint "Cleanup", Time since last: 1000312700 ns, Reaching safepoint: 180200 ns, At safepoint: 116300 ns, Total: 296500 ns
[2020-04-27T13:59:15.891+0000][1][safepoint    ] Safepoint "Cleanup", Time since last: 1000214100 ns, Reaching safepoint: 242100 ns, At safepoint: 38200 ns, Total: 280300 ns
[2020-04-27T13:59:16.892+0000][1][safepoint    ] Safepoint "Cleanup", Time since last: 1000573900 ns, Reaching safepoint: 148400 ns, At safepoint: 33400 ns, Total: 181800 ns
[2020-04-27T13:59:17.893+0000][1][safepoint    ] Safepoint "Cleanup", Time since last: 1000163200 ns, Reaching safepoint: 191800 ns, At safepoint: 36500 ns, Total: 228300 ns
[2020-04-27T13:59:18.894+0000][1][safepoint    ] Safepoint "Cleanup", Time since last: 1000816500 ns, Reaching safepoint: 531100 ns, At safepoint: 135200 ns, Total: 666300 ns
[2020-04-27T13:59:20.414+0000][1][safepoint    ] Safepoint "Cleanup", Time since last: 1518993000 ns, Reaching safepoint: 503500 ns, At safepoint: 138700 ns, Total: 642200 ns
[2020-04-27T13:59:21.414+0000][1][safepoint    ] Safepoint "Cleanup", Time since last: 1000485800 ns, Reaching safepoint: 229400 ns, At safepoint: 63400 ns, Total: 292800 ns
[2020-04-27T13:59:22.416+0000][1][safepoint    ] Safepoint "Cleanup", Time since last: 1000574800 ns, Reaching safepoint: 471300 ns, At safepoint: 137000 ns, Total: 608300 ns
[2020-04-27T13:59:23.417+0000][1][safepoint    ] Safepoint "Cleanup", Time since last: 1000837400 ns, Reaching safepoint: 479900 ns, At safepoint: 137000 ns, Total: 616900 ns
[2020-04-27T13:59:24.418+0000][1][safepoint    ] Safepoint "Cleanup", Time since last: 1000629900 ns, Reaching safepoint: 469700 ns, At safepoint: 137100 ns, Total: 606800 ns
[2020-04-27T13:59:25.420+0000][1][safepoint    ] Safepoint "Cleanup", Time since last: 1000713100 ns, Reaching safepoint: 481400 ns, At safepoint: 138000 ns, Total: 619400 ns
[2020-04-27T13:59:26.421+0000][1][safepoint    ] Safepoint "Cleanup", Time since last: 1000636600 ns, Reaching safepoint: 595500 ns, At safepoint: 128100 ns, Total: 723600 ns
[2020-04-27T13:59:27.426+0000][1][safepoint    ] Safepoint "Cleanup", Time since last: 1004215800 ns, Reaching safepoint: 459700 ns, At safepoint: 139200 ns, Total: 598900 ns
[2020-04-27T13:59:28.427+0000][1][safepoint    ] Safepoint "Cleanup", Time since last: 1000637900 ns, Reaching safepoint: 147600 ns, At safepoint: 32600 ns, Total: 180200 ns
[2020-04-27T13:59:29.428+0000][1][safepoint    ] Safepoint "Cleanup", Time since last: 1000567800 ns, Reaching safepoint: 477000 ns, At safepoint: 129900 ns, Total: 606900 ns
[2020-04-27T13:59:30.429+0000][1][safepoint    ] Safepoint "Cleanup", Time since last: 1000650000 ns, Reaching safepoint: 186800 ns, At safepoint: 40700 ns, Total: 227500 ns
[2020-04-27T13:59:31.429+0000][1][safepoint    ] Safepoint "Cleanup", Time since last: 1000380100 ns, Reaching safepoint: 271700 ns, At safepoint: 74600 ns, Total: 346300 ns
[2020-04-27T13:59:32.430+0000][1][safepoint    ] Safepoint "Cleanup", Time since last: 1000275900 ns, Reaching safepoint: 133300 ns, At safepoint: 27900 ns, Total: 161200 ns
[2020-04-27T13:59:33.431+0000][1][safepoint    ] Safepoint "Cleanup", Time since last: 1000463300 ns, Reaching safepoint: 226800 ns, At safepoint: 57900 ns, Total: 284700 ns
[2020-04-27T13:59:34.431+0000][1][safepoint    ] Safepoint "Cleanup", Time since last: 1000447600 ns, Reaching safepoint: 247500 ns, At safepoint: 55600 ns, Total: 303100 ns
[2020-04-27T13:59:35.433+0000][1][safepoint    ] Safepoint "Cleanup", Time since last: 1000615200 ns, Reaching safepoint: 470800 ns, At safepoint: 136000 ns, Total: 606800 ns
[2020-04-27T13:59:36.434+0000][1][safepoint    ] Safepoint "Cleanup", Time since last: 1000658900 ns, Reaching safepoint: 473000 ns, At safepoint: 137100 ns, Total: 610100 ns
[2020-04-27T13:59:37.435+0000][1][safepoint    ] Safepoint "Cleanup", Time since last: 1000877300 ns, Reaching safepoint: 482400 ns, At safepoint: 142700 ns, Total: 625100 ns
[2020-04-27T13:59:38.436+0000][1][safepoint    ] Safepoint "Cleanup", Time since last: 1000333000 ns, Reaching safepoint: 171400 ns, At safepoint: 43900 ns, Total: 215300 ns
[2020-04-27T13:59:39.437+0000][1][safepoint    ] Safepoint "Cleanup", Time since last: 1000555200 ns, Reaching safepoint: 648900 ns, At safepoint: 151200 ns, Total: 800100 ns
[2020-04-27T13:59:40.438+0000][1][safepoint    ] Safepoint "Cleanup", Time since last: 1000428100 ns, Reaching safepoint: 528300 ns, At safepoint: 131100 ns, Total: 659400 ns
[2020-04-27T13:59:41.439+0000][1][safepoint    ] Safepoint "Cleanup", Time since last: 1000377200 ns, Reaching safepoint: 468000 ns, At safepoint: 136900 ns, Total: 604900 ns
[2020-04-27T13:59:42.440+0000][1][safepoint    ] Safepoint "Cleanup", Time since last: 1000676800 ns, Reaching safepoint: 153500 ns, At safepoint: 30000 ns, Total: 183500 ns
[2020-04-27T13:59:43.440+0000][1][safepoint    ] Safepoint "Cleanup", Time since last: 1000115000 ns, Reaching safepoint: 145500 ns, At safepoint: 25500 ns, Total: 171000 ns
[2020-04-27T13:59:44.441+0000][1][safepoint    ] Safepoint "Cleanup", Time since last: 1000557100 ns, Reaching safepoint: 273400 ns, At safepoint: 77600 ns, Total: 351000 ns
[2020-04-27T13:59:45.443+0000][1][safepoint    ] Safepoint "Cleanup", Time since last: 1000472900 ns, Reaching safepoint: 720600 ns, At safepoint: 206500 ns, Total: 927100 ns
[2020-04-27T13:59:46.444+0000][1][safepoint    ] Safepoint "Cleanup", Time since last: 1000688000 ns, Reaching safepoint: 477100 ns, At safepoint: 143600 ns, Total: 620700 ns
[2020-04-27T13:59:47.445+0000][1][safepoint    ] Safepoint "Cleanup", Time since last: 1000640700 ns, Reaching safepoint: 448300 ns, At safepoint: 134700 ns, Total: 583000 ns
[2020-04-27T13:59:48.446+0000][1][safepoint    ] Safepoint "Cleanup", Time since last: 1000512000 ns, Reaching safepoint: 163100 ns, At safepoint: 39700 ns, Total: 202800 ns
[2020-04-27T13:59:49.446+0000][1][safepoint    ] Safepoint "Cleanup", Time since last: 1000175400 ns, Reaching safepoint: 158300 ns, At safepoint: 36900 ns, Total: 195200 ns
[2020-04-27T13:59:50.448+0000][1][safepoint    ] Safepoint "Cleanup", Time since last: 1000699600 ns, Reaching safepoint: 450500 ns, At safepoint: 135000 ns, Total: 585500 ns
[2020-04-27T13:59:51.449+0000][1][safepoint    ] Safepoint "Cleanup", Time since last: 1000741900 ns, Reaching safepoint: 526500 ns, At safepoint: 137400 ns, Total: 663900 ns
[2020-04-27T13:59:52.450+0000][1][safepoint    ] Safepoint "Cleanup", Time since last: 1000287300 ns, Reaching safepoint: 147700 ns, At safepoint: 34300 ns, Total: 182000 ns
[2020-04-27T13:59:53.450+0000][1][safepoint    ] Safepoint "Cleanup", Time since last: 1000436000 ns, Reaching safepoint: 186000 ns, At safepoint: 44300 ns, Total: 230300 ns
[2020-04-27T13:59:54.451+0000][1][safepoint    ] Safepoint "Cleanup", Time since last: 1000486900 ns, Reaching safepoint: 134800 ns, At safepoint: 40600 ns, Total: 175400 ns
[2020-04-27T13:59:55.451+0000][1][safepoint    ] Safepoint "Cleanup", Time since last: 1000111000 ns, Reaching safepoint: 131100 ns, At safepoint: 29300 ns, Total: 160400 ns
[2020-04-27T13:59:56.452+0000][1][safepoint    ] Safepoint "Cleanup", Time since last: 1000330100 ns, Reaching safepoint: 567500 ns, At safepoint: 132800 ns, Total: 700300 ns
[2020-04-27T13:59:57.454+0000][1][safepoint    ] Safepoint "Cleanup", Time since last: 1000716600 ns, Reaching safepoint: 475500 ns, At safepoint: 133700 ns, Total: 609200 ns
[2020-04-27T13:59:58.455+0000][1][safepoint    ] Safepoint "Cleanup", Time since last: 1000346300 ns, Reaching safepoint: 527500 ns, At safepoint: 134700 ns, Total: 662200 ns
[2020-04-27T13:59:59.456+0000][1][safepoint    ] Safepoint "Cleanup", Time since last: 1000576400 ns, Reaching safepoint: 471300 ns, At safepoint: 141300 ns, Total: 612600 ns
[2020-04-27T14:00:00.456+0000][1][safepoint    ] Safepoint "Cleanup", Time since last: 1000189600 ns, Reaching safepoint: 135500 ns, At safepoint: 29400 ns, Total: 164900 ns
[2020-04-27T14:00:01.457+0000][1][safepoint    ] Safepoint "Cleanup", Time since last: 1000540000 ns, Reaching safepoint: 410900 ns, At safepoint: 96800 ns, Total: 507700 ns
[2020-04-27T14:00:02.458+0000][1][safepoint    ] Safepoint "Cleanup", Time since last: 1000654100 ns, Reaching safepoint: 148800 ns, At safepoint: 35000 ns, Total: 183800 ns
[2020-04-27T14:00:03.459+0000][1][safepoint    ] Safepoint "Cleanup", Time since last: 1000311800 ns, Reaching safepoint: 579500 ns, At safepoint: 132800 ns, Total: 712300 ns
[2020-04-27T14:00:03.865+0000][1][safepoint    ] Safepoint "RevokeBias", Time since last: 405431600 ns, Reaching safepoint: 138100 ns, At safepoint: 57200 ns, Total: 195300 ns
[2020-04-27T14:00:03.866+0000][1][safepoint    ] Safepoint "RevokeBias", Time since last: 482100 ns, Reaching safepoint: 302800 ns, At safepoint: 169600 ns, Total: 472400 ns
[2020-04-27T14:00:03.872+0000][1][safepoint    ] Safepoint "RevokeBias", Time since last: 5758100 ns, Reaching safepoint: 373200 ns, At safepoint: 160600 ns, Total: 533800 ns
[2020-04-27T14:00:03.872+0000][1][safepoint    ] Safepoint "RevokeBias", Time since last: 112800 ns, Reaching safepoint: 245400 ns, At safepoint: 141000 ns, Total: 386400 ns
[2020-04-27T14:00:03.873+0000][1][safepoint    ] Safepoint "RevokeBias", Time since last: 246600 ns, Reaching safepoint: 189600 ns, At safepoint: 91500 ns, Total: 281100 ns
[2020-04-27T14:00:04.874+0000][1][safepoint    ] Safepoint "Cleanup", Time since last: 1000637100 ns, Reaching safepoint: 461700 ns, At safepoint: 209300 ns, Total: 671000 ns
[2020-04-27T14:00:05.875+0000][1][safepoint    ] Safepoint "Cleanup", Time since last: 1000450800 ns, Reaching safepoint: 444300 ns, At safepoint: 134700 ns, Total: 579000 ns
[2020-04-27T14:00:06.876+0000][1][safepoint    ] Safepoint "Cleanup", Time since last: 1000670800 ns, Reaching safepoint: 446500 ns, At safepoint: 134100 ns, Total: 580600 ns
[2020-04-27T14:00:07.878+0000][1][safepoint    ] Safepoint "Cleanup", Time since last: 1000683200 ns, Reaching safepoint: 382200 ns, At safepoint: 110900 ns, Total: 493100 ns
[2020-04-27T14:00:08.879+0000][1][safepoint    ] Safepoint "Cleanup", Time since last: 1000689600 ns, Reaching safepoint: 507800 ns, At safepoint: 136000 ns, Total: 643800 ns
[2020-04-27T14:00:09.880+0000][1][safepoint    ] Safepoint "Cleanup", Time since last: 1000691400 ns, Reaching safepoint: 474900 ns, At safepoint: 139600 ns, Total: 614500 ns
[2020-04-27T14:00:10.881+0000][1][safepoint    ] Safepoint "Cleanup", Time since last: 1000588100 ns, Reaching safepoint: 448400 ns, At safepoint: 135200 ns, Total: 583600 ns
[2020-04-27T14:00:11.883+0000][1][safepoint    ] Safepoint "Cleanup", Time since last: 1000680100 ns, Reaching safepoint: 449500 ns, At safepoint: 137200 ns, Total: 586700 ns
[2020-04-27T14:00:12.884+0000][1][safepoint    ] Safepoint "Cleanup", Time since last: 1000711600 ns, Reaching safepoint: 432000 ns, At safepoint: 131300 ns, Total: 563300 ns
[2020-04-27T14:00:13.885+0000][1][safepoint    ] Safepoint "Cleanup", Time since last: 1000382700 ns, Reaching safepoint: 313800 ns, At safepoint: 75800 ns, Total: 389600 ns
[2020-04-27T14:00:14.886+0000][1][safepoint    ] Safepoint "Cleanup", Time since last: 1000681300 ns, Reaching safepoint: 436400 ns, At safepoint: 138600 ns, Total: 575000 ns
[2020-04-27T14:00:15.887+0000][1][safepoint    ] Safepoint "Cleanup", Time since last: 1000295600 ns, Reaching safepoint: 460600 ns, At safepoint: 134800 ns, Total: 595400 ns
[2020-04-27T14:00:16.888+0000][1][safepoint    ] Safepoint "Cleanup", Time since last: 1000592500 ns, Reaching safepoint: 425700 ns, At safepoint: 125600 ns, Total: 551300 ns
[2020-04-27T14:00:17.889+0000][1][safepoint    ] Safepoint "Cleanup", Time since last: 1000618700 ns, Reaching safepoint: 464200 ns, At safepoint: 137600 ns, Total: 601800 ns
[2020-04-27T14:00:18.890+0000][1][safepoint    ] Safepoint "Cleanup", Time since last: 1000460300 ns, Reaching safepoint: 525800 ns, At safepoint: 132200 ns, Total: 658000 ns
[2020-04-27T14:00:19.892+0000][1][safepoint    ] Safepoint "Cleanup", Time since last: 1000680600 ns, Reaching safepoint: 522400 ns, At safepoint: 186000 ns, Total: 708400 ns
[2020-04-27T14:00:20.893+0000][1][safepoint    ] Safepoint "Cleanup", Time since last: 1000578400 ns, Reaching safepoint: 343100 ns, At safepoint: 97100 ns, Total: 440200 ns
[2020-04-27T14:00:21.894+0000][1][safepoint    ] Safepoint "Cleanup", Time since last: 1000485600 ns, Reaching safepoint: 256700 ns, At safepoint: 72000 ns, Total: 328700 ns
[2020-04-27T14:00:22.894+0000][1][safepoint    ] Safepoint "Cleanup", Time since last: 1000266200 ns, Reaching safepoint: 219400 ns, At safepoint: 57100 ns, Total: 276500 ns
[2020-04-27T14:00:23.895+0000][1][safepoint    ] Safepoint "Cleanup", Time since last: 1000329700 ns, Reaching safepoint: 412200 ns, At safepoint: 122400 ns, Total: 534600 ns
[2020-04-27T14:00:24.896+0000][1][safepoint    ] Safepoint "Cleanup", Time since last: 1000701700 ns, Reaching safepoint: 174200 ns, At safepoint: 44500 ns, Total: 218700 ns
[2020-04-27T14:00:25.897+0000][1][safepoint    ] Safepoint "Cleanup", Time since last: 1000493200 ns, Reaching safepoint: 181500 ns, At safepoint: 46500 ns, Total: 228000 ns
[2020-04-27T14:00:26.898+0000][1][safepoint    ] Safepoint "Cleanup", Time since last: 1000614400 ns, Reaching safepoint: 238600 ns, At safepoint: 62300 ns, Total: 300900 ns
[2020-04-27T14:00:27.898+0000][1][safepoint    ] Safepoint "Cleanup", Time since last: 1000169700 ns, Reaching safepoint: 229800 ns, At safepoint: 57700 ns, Total: 287500 ns
[2020-04-27T14:00:28.899+0000][1][safepoint    ] Safepoint "Cleanup", Time since last: 1000675600 ns, Reaching safepoint: 169100 ns, At safepoint: 44500 ns, Total: 213600 ns
[2020-04-27T14:00:29.899+0000][1][safepoint    ] Safepoint "Cleanup", Time since last: 1000195900 ns, Reaching safepoint: 157300 ns, At safepoint: 37500 ns, Total: 194800 ns
[2020-04-27T14:00:30.900+0000][1][safepoint    ] Safepoint "Cleanup", Time since last: 1000162100 ns, Reaching safepoint: 135100 ns, At safepoint: 27200 ns, Total: 162300 ns
[2020-04-27T14:00:31.901+0000][1][safepoint    ] Safepoint "Cleanup", Time since last: 1000305800 ns, Reaching safepoint: 539800 ns, At safepoint: 127900 ns, Total: 667700 ns
[2020-04-27T14:00:32.902+0000][1][safepoint    ] Safepoint "Cleanup", Time since last: 1000693800 ns, Reaching safepoint: 479300 ns, At safepoint: 139900 ns, Total: 619200 ns
[2020-04-27T14:00:33.903+0000][1][safepoint    ] Safepoint "Cleanup", Time since last: 1000416500 ns, Reaching safepoint: 603300 ns, At safepoint: 191800 ns, Total: 795100 ns
[2020-04-27T14:00:34.904+0000][1][safepoint    ] Safepoint "Cleanup", Time since last: 1000594200 ns, Reaching safepoint: 174000 ns, At safepoint: 45400 ns, Total: 219400 ns
[2020-04-27T14:00:35.905+0000][1][safepoint    ] Safepoint "Cleanup", Time since last: 1000558800 ns, Reaching safepoint: 176700 ns, At safepoint: 44500 ns, Total: 221200 ns
[2020-04-27T14:00:36.905+0000][1][safepoint    ] Safepoint "Cleanup", Time since last: 1000490500 ns, Reaching safepoint: 151800 ns, At safepoint: 36500 ns, Total: 188300 ns
[2020-04-27T14:00:37.907+0000][1][safepoint    ] Safepoint "Cleanup", Time since last: 1000696500 ns, Reaching safepoint: 463900 ns, At safepoint: 138200 ns, Total: 602100 ns
[2020-04-27T14:00:38.908+0000][1][safepoint    ] Safepoint "Cleanup", Time since last: 1000410100 ns, Reaching safepoint: 456400 ns, At safepoint: 187500 ns, Total: 643900 ns
[2020-04-27T14:00:39.908+0000][1][safepoint    ] Safepoint "Cleanup", Time since last: 1000224600 ns, Reaching safepoint: 137100 ns, At safepoint: 29200 ns, Total: 166300 ns
[2020-04-27T14:00:40.909+0000][1][safepoint    ] Safepoint "Cleanup", Time since last: 1000213700 ns, Reaching safepoint: 139200 ns, At safepoint: 67400 ns, Total: 206600 ns
[2020-04-27T14:00:41.909+0000][1][safepoint    ] Safepoint "Cleanup", Time since last: 1000242300 ns, Reaching safepoint: 187200 ns, At safepoint: 47900 ns, Total: 235100 ns
[2020-04-27T14:00:42.910+0000][1][safepoint    ] Safepoint "Cleanup", Time since last: 1000656100 ns, Reaching safepoint: 343300 ns, At safepoint: 100000 ns, Total: 443300 ns
[2020-04-27T14:00:43.911+0000][1][safepoint    ] Safepoint "Cleanup", Time since last: 1000560500 ns, Reaching safepoint: 465300 ns, At safepoint: 143000 ns, Total: 608300 ns
[2020-04-27T14:00:44.912+0000][1][safepoint    ] Safepoint "Cleanup", Time since last: 1000364800 ns, Reaching safepoint: 353900 ns, At safepoint: 117500 ns, Total: 471400 ns
[2020-04-27T14:00:45.913+0000][1][safepoint    ] Safepoint "Cleanup", Time since last: 1000288600 ns, Reaching safepoint: 276500 ns, At safepoint: 69400 ns, Total: 345900 ns
[2020-04-27T14:00:46.913+0000][1][safepoint    ] Safepoint "Cleanup", Time since last: 1000227900 ns, Reaching safepoint: 269800 ns, At safepoint: 37200 ns, Total: 307000 ns
[2020-04-27T14:00:47.914+0000][1][safepoint    ] Safepoint "Cleanup", Time since last: 1000526200 ns, Reaching safepoint: 141500 ns, At safepoint: 47500 ns, Total: 189000 ns
[2020-04-27T14:00:48.915+0000][1][safepoint    ] Safepoint "Cleanup", Time since last: 1000523100 ns, Reaching safepoint: 163500 ns, At safepoint: 42500 ns, Total: 206000 ns
[2020-04-27T14:00:49.916+0000][1][safepoint    ] Safepoint "Cleanup", Time since last: 1000592200 ns, Reaching safepoint: 151200 ns, At safepoint: 36600 ns, Total: 187800 ns
[2020-04-27T14:00:50.916+0000][1][safepoint    ] Safepoint "Cleanup", Time since last: 1000355000 ns, Reaching safepoint: 156500 ns, At safepoint: 30800 ns, Total: 187300 ns
[2020-04-27T14:00:51.917+0000][1][safepoint    ] Safepoint "Cleanup", Time since last: 1000490900 ns, Reaching safepoint: 136800 ns, At safepoint: 31400 ns, Total: 168200 ns
[2020-04-27T14:00:52.918+0000][1][safepoint    ] Safepoint "Cleanup", Time since last: 1000442000 ns, Reaching safepoint: 471600 ns, At safepoint: 175500 ns, Total: 647100 ns
[2020-04-27T14:00:53.919+0000][1][safepoint    ] Safepoint "Cleanup", Time since last: 1000771400 ns, Reaching safepoint: 460900 ns, At safepoint: 138600 ns, Total: 599500 ns
[2020-04-27T14:00:54.920+0000][1][safepoint    ] Safepoint "Cleanup", Time since last: 1000697200 ns, Reaching safepoint: 434700 ns, At safepoint: 134500 ns, Total: 569200 ns
[2020-04-27T14:00:55.922+0000][1][safepoint    ] Safepoint "Cleanup", Time since last: 1000583600 ns, Reaching safepoint: 520400 ns, At safepoint: 134100 ns, Total: 654500 ns
[2020-04-27T14:00:56.922+0000][1][safepoint    ] Safepoint "Cleanup", Time since last: 1000319400 ns, Reaching safepoint: 148800 ns, At safepoint: 30900 ns, Total: 179700 ns
[2020-04-27T14:00:57.924+0000][1][safepoint    ] Safepoint "Cleanup", Time since last: 1000775700 ns, Reaching safepoint: 459500 ns, At safepoint: 145300 ns, Total: 604800 ns
[2020-04-27T14:00:58.925+0000][1][safepoint    ] Safepoint "Cleanup", Time since last: 1000833600 ns, Reaching safepoint: 430700 ns, At safepoint: 134200 ns, Total: 564900 ns
[2020-04-27T14:00:59.926+0000][1][safepoint    ] Safepoint "Cleanup", Time since last: 1000681800 ns, Reaching safepoint: 457300 ns, At safepoint: 137800 ns, Total: 595100 ns
[2020-04-27T14:01:00.927+0000][1][safepoint    ] Safepoint "Cleanup", Time since last: 1000693500 ns, Reaching safepoint: 143400 ns, At safepoint: 36500 ns, Total: 179900 ns
[2020-04-27T14:01:01.929+0000][1][safepoint    ] Safepoint "Cleanup", Time since last: 1000668300 ns, Reaching safepoint: 933100 ns, At safepoint: 150600 ns, Total: 1083700 ns
[2020-04-27T14:01:02.930+0000][1][safepoint    ] Safepoint "Cleanup", Time since last: 1000420000 ns, Reaching safepoint: 455600 ns, At safepoint: 190400 ns, Total: 646000 ns
[2020-04-27T14:01:03.931+0000][1][safepoint    ] Safepoint "Cleanup", Time since last: 1000592100 ns, Reaching safepoint: 431100 ns, At safepoint: 134400 ns, Total: 565500 ns
[2020-04-27T14:01:04.933+0000][1][safepoint    ] Safepoint "Cleanup", Time since last: 1000754800 ns, Reaching safepoint: 513400 ns, At safepoint: 131500 ns, Total: 644900 ns
[2020-04-27T14:01:05.867+0000][1][safepoint    ] Safepoint "RevokeBias", Time since last: 934162000 ns, Reaching safepoint: 166900 ns, At safepoint: 79100 ns, Total: 246000 ns
[2020-04-27T14:01:05.867+0000][1][safepoint    ] Safepoint "RevokeBias", Time since last: 236100 ns, Reaching safepoint: 185100 ns, At safepoint: 137700 ns, Total: 322800 ns
[2020-04-27T14:01:05.868+0000][1][safepoint    ] Safepoint "RevokeBias", Time since last: 100800 ns, Reaching safepoint: 140500 ns, At safepoint: 127600 ns, Total: 268100 ns
[2020-04-27T14:01:05.873+0000][1][safepoint    ] Safepoint "RevokeBias", Time since last: 5006000 ns, Reaching safepoint: 117400 ns, At safepoint: 78200 ns, Total: 195600 ns
[2020-04-27T14:01:05.874+0000][1][safepoint    ] Safepoint "RevokeBias", Time since last: 197500 ns, Reaching safepoint: 193900 ns, At safepoint: 76200 ns, Total: 270100 ns
[2020-04-27T14:01:05.874+0000][1][safepoint    ] Safepoint "RevokeBias", Time since last: 184000 ns, Reaching safepoint: 167400 ns, At safepoint: 57800 ns, Total: 225200 ns
[2020-04-27T14:01:05.877+0000][1][gc,start     ] GC(31) Pause Young (Allocation Failure)
[2020-04-27T14:01:05.877+0000][1][gc,task      ] GC(31) Using 10 workers of 10 for evacuation
[2020-04-27T14:01:05.880+0000][1][gc,age       ] GC(31) Desired survivor size 8945664 bytes, new threshold 6 (max threshold 6)
[2020-04-27T14:01:05.880+0000][1][gc,age       ] GC(31) Age table with threshold 6 (max threshold 6)
[2020-04-27T14:01:05.880+0000][1][gc,age       ] GC(31) - age   1:     116944 bytes,     116944 total
[2020-04-27T14:01:05.880+0000][1][gc,age       ] GC(31) - age   2:      27792 bytes,     144736 total
[2020-04-27T14:01:05.880+0000][1][gc,age       ] GC(31) - age   3:      35248 bytes,     179984 total
[2020-04-27T14:01:05.880+0000][1][gc,age       ] GC(31) - age   4:     121208 bytes,     301192 total
[2020-04-27T14:01:05.880+0000][1][gc,age       ] GC(31) - age   5:     217168 bytes,     518360 total
[2020-04-27T14:01:05.880+0000][1][gc,age       ] GC(31) - age   6:     117600 bytes,     635960 total
[2020-04-27T14:01:05.880+0000][1][gc,heap      ] GC(31) ParNew: 140897K->863K(157248K)
[2020-04-27T14:01:05.880+0000][1][gc,heap      ] GC(31) CMS: 89681K->89733K(349568K)
[2020-04-27T14:01:05.880+0000][1][gc,metaspace ] GC(31) Metaspace: 97065K->97065K(1138688K)
[2020-04-27T14:01:05.881+0000][1][gc           ] GC(31) Pause Young (Allocation Failure) 225M->88M(494M) 3.287ms
[2020-04-27T14:01:05.881+0000][1][gc,cpu       ] GC(31) User=0.00s Sys=0.01s Real=0.01s
[2020-04-27T14:01:05.881+0000][1][safepoint    ] Safepoint "GenCollectForAllocation", Time since last: 2981400 ns, Reaching safepoint: 297900 ns, At safepoint: 3373000 ns, Total: 3670900 ns
[2020-04-27T14:01:06.881+0000][1][safepoint    ] Safepoint "Cleanup", Time since last: 1000301300 ns, Reaching safepoint: 426400 ns, At safepoint: 134200 ns, Total: 560600 ns
[2020-04-27T14:01:07.882+0000][1][safepoint    ] Safepoint "Cleanup", Time since last: 1000225400 ns, Reaching safepoint: 172300 ns, At safepoint: 29600 ns, Total: 201900 ns
[2020-04-27T14:01:08.883+0000][1][safepoint    ] Safepoint "Cleanup", Time since last: 1000617600 ns, Reaching safepoint: 453600 ns, At safepoint: 143400 ns, Total: 597000 ns
[2020-04-27T14:01:09.884+0000][1][safepoint    ] Safepoint "Cleanup", Time since last: 1000479300 ns, Reaching safepoint: 453600 ns, At safepoint: 138700 ns, Total: 592300 ns
[2020-04-27T14:01:10.885+0000][1][safepoint    ] Safepoint "Cleanup", Time since last: 1000365700 ns, Reaching safepoint: 375800 ns, At safepoint: 94900 ns, Total: 470700 ns
[2020-04-27T14:01:11.886+0000][1][safepoint    ] Safepoint "Cleanup", Time since last: 1000338400 ns, Reaching safepoint: 511500 ns, At safepoint: 124700 ns, Total: 636200 ns
[2020-04-27T14:01:12.887+0000][1][safepoint    ] Safepoint "Cleanup", Time since last: 1000294500 ns, Reaching safepoint: 253800 ns, At safepoint: 62100 ns, Total: 315900 ns
[2020-04-27T14:01:13.887+0000][1][safepoint    ] Safepoint "Cleanup", Time since last: 1000525600 ns, Reaching safepoint: 137000 ns, At safepoint: 70400 ns, Total: 207400 ns
[2020-04-27T14:01:14.888+0000][1][safepoint    ] Safepoint "Cleanup", Time since last: 1000306500 ns, Reaching safepoint: 462600 ns, At safepoint: 138200 ns, Total: 600800 ns
[2020-04-27T14:01:15.889+0000][1][safepoint    ] Safepoint "Cleanup", Time since last: 1000324700 ns, Reaching safepoint: 121000 ns, At safepoint: 25800 ns, Total: 146800 ns
[2020-04-27T14:01:16.890+0000][1][safepoint    ] Safepoint "Cleanup", Time since last: 1000581600 ns, Reaching safepoint: 452300 ns, At safepoint: 281800 ns, Total: 734100 ns
[2020-04-27T14:01:17.891+0000][1][safepoint    ] Safepoint "Cleanup", Time since last: 1000641900 ns, Reaching safepoint: 455900 ns, At safepoint: 140400 ns, Total: 596300 ns
[2020-04-27T14:01:18.892+0000][1][safepoint    ] Safepoint "Cleanup", Time since last: 1000523100 ns, Reaching safepoint: 451700 ns, At safepoint: 153400 ns, Total: 605100 ns
[2020-04-27T14:01:19.893+0000][1][safepoint    ] Safepoint "Cleanup", Time since last: 1000313100 ns, Reaching safepoint: 208400 ns, At safepoint: 50100 ns, Total: 258500 ns
[2020-04-27T14:01:20.894+0000][1][safepoint    ] Safepoint "Cleanup", Time since last: 1000490700 ns, Reaching safepoint: 157300 ns, At safepoint: 39400 ns, Total: 196700 ns
[2020-04-27T14:01:21.894+0000][1][safepoint    ] Safepoint "Cleanup", Time since last: 1000206300 ns, Reaching safepoint: 191200 ns, At safepoint: 47800 ns, Total: 239000 ns
[2020-04-27T14:01:22.895+0000][1][safepoint    ] Safepoint "Cleanup", Time since last: 1000287100 ns, Reaching safepoint: 198500 ns, At safepoint: 36000 ns, Total: 234500 ns
[2020-04-27T14:01:23.896+0000][1][safepoint    ] Safepoint "Cleanup", Time since last: 1000551900 ns, Reaching safepoint: 455800 ns, At safepoint: 138700 ns, Total: 594500 ns
[2020-04-27T14:01:24.897+0000][1][safepoint    ] Safepoint "Cleanup", Time since last: 1000417600 ns, Reaching safepoint: 451000 ns, At safepoint: 138900 ns, Total: 589900 ns
[2020-04-27T14:01:25.898+0000][1][safepoint    ] Safepoint "Cleanup", Time since last: 1000498800 ns, Reaching safepoint: 452600 ns, At safepoint: 143800 ns, Total: 596400 ns
[2020-04-27T14:01:26.899+0000][1][safepoint    ] Safepoint "Cleanup", Time since last: 1000516800 ns, Reaching safepoint: 573100 ns, At safepoint: 157400 ns, Total: 730500 ns
[2020-04-27T14:01:27.900+0000][1][safepoint    ] Safepoint "Cleanup", Time since last: 1000622500 ns, Reaching safepoint: 589100 ns, At safepoint: 131500 ns, Total: 720600 ns
[2020-04-27T14:01:28.905+0000][1][safepoint    ] Safepoint "Cleanup", Time since last: 1003907500 ns, Reaching safepoint: 437400 ns, At safepoint: 277300 ns, Total: 714700 ns
[2020-04-27T14:01:29.906+0000][1][safepoint    ] Safepoint "Cleanup", Time since last: 1000397600 ns, Reaching safepoint: 453300 ns, At safepoint: 198100 ns, Total: 651400 ns
[2020-04-27T14:01:30.907+0000][1][safepoint    ] Safepoint "Cleanup", Time since last: 1000559600 ns, Reaching safepoint: 148300 ns, At safepoint: 31800 ns, Total: 180100 ns
[2020-04-27T14:01:31.907+0000][1][safepoint    ] Safepoint "Cleanup", Time since last: 1000193500 ns, Reaching safepoint: 165900 ns, At safepoint: 51100 ns, Total: 217000 ns
[2020-04-27T14:01:32.908+0000][1][safepoint    ] Safepoint "Cleanup", Time since last: 1000395600 ns, Reaching safepoint: 494300 ns, At safepoint: 219400 ns, Total: 713700 ns
[2020-04-27T14:01:33.909+0000][1][safepoint    ] Safepoint "Cleanup", Time since last: 1000489400 ns, Reaching safepoint: 280600 ns, At safepoint: 35500 ns, Total: 316100 ns
[2020-04-27T14:01:34.910+0000][1][safepoint    ] Safepoint "Cleanup", Time since last: 1000445900 ns, Reaching safepoint: 457400 ns, At safepoint: 221300 ns, Total: 678700 ns
[2020-04-27T14:01:35.911+0000][1][safepoint    ] Safepoint "Cleanup", Time since last: 1000617600 ns, Reaching safepoint: 249800 ns, At safepoint: 71100 ns, Total: 320900 ns
[2020-04-27T14:01:36.913+0000][1][safepoint    ] Safepoint "Cleanup", Time since last: 1000691500 ns, Reaching safepoint: 452800 ns, At safepoint: 138500 ns, Total: 591300 ns
[2020-04-27T14:01:37.913+0000][1][safepoint    ] Safepoint "Cleanup", Time since last: 1000414300 ns, Reaching safepoint: 149100 ns, At safepoint: 30300 ns, Total: 179400 ns
[2020-04-27T14:01:38.914+0000][1][safepoint    ] Safepoint "Cleanup", Time since last: 1000170800 ns, Reaching safepoint: 268900 ns, At safepoint: 74800 ns, Total: 343700 ns
[2020-04-27T14:01:39.915+0000][1][safepoint    ] Safepoint "Cleanup", Time since last: 1000615900 ns, Reaching safepoint: 527000 ns, At safepoint: 155300 ns, Total: 682300 ns
[2020-04-27T14:01:40.916+0000][1][safepoint    ] Safepoint "Cleanup", Time since last: 1000743200 ns, Reaching safepoint: 135200 ns, At safepoint: 32000 ns, Total: 167200 ns
[2020-04-27T14:01:41.917+0000][1][safepoint    ] Safepoint "Cleanup", Time since last: 1000602300 ns, Reaching safepoint: 349500 ns, At safepoint: 104700 ns, Total: 454200 ns
[2020-04-27T14:01:42.918+0000][1][safepoint    ] Safepoint "Cleanup", Time since last: 1000719300 ns, Reaching safepoint: 227200 ns, At safepoint: 62700 ns, Total: 289900 ns
[2020-04-27T14:01:43.918+0000][1][safepoint    ] Safepoint "Cleanup", Time since last: 1000196900 ns, Reaching safepoint: 160000 ns, At safepoint: 39800 ns, Total: 199800 ns
[2020-04-27T14:01:44.919+0000][1][safepoint    ] Safepoint "Cleanup", Time since last: 1000459100 ns, Reaching safepoint: 337700 ns, At safepoint: 80100 ns, Total: 417800 ns
[2020-04-27T14:01:45.920+0000][1][safepoint    ] Safepoint "Cleanup", Time since last: 1000266800 ns, Reaching safepoint: 135200 ns, At safepoint: 32000 ns, Total: 167200 ns
[2020-04-27T14:01:46.920+0000][1][safepoint    ] Safepoint "Cleanup", Time since last: 1000334700 ns, Reaching safepoint: 136800 ns, At safepoint: 32100 ns, Total: 168900 ns
[2020-04-27T14:01:47.920+0000][1][safepoint    ] Safepoint "Cleanup", Time since last: 1000189400 ns, Reaching safepoint: 135500 ns, At safepoint: 29200 ns, Total: 164700 ns
[2020-04-27T14:01:48.921+0000][1][safepoint    ] Safepoint "Cleanup", Time since last: 1000271200 ns, Reaching safepoint: 181700 ns, At safepoint: 50000 ns, Total: 231700 ns
[2020-04-27T14:01:49.922+0000][1][safepoint    ] Safepoint "Cleanup", Time since last: 1000376300 ns, Reaching safepoint: 511600 ns, At safepoint: 129500 ns, Total: 641100 ns
[2020-04-27T14:01:50.923+0000][1][safepoint    ] Safepoint "Cleanup", Time since last: 1000237600 ns, Reaching safepoint: 239100 ns, At safepoint: 36200 ns, Total: 275300 ns
[2020-04-27T14:01:51.923+0000][1][safepoint    ] Safepoint "Cleanup", Time since last: 1000378000 ns, Reaching safepoint: 284000 ns, At safepoint: 73700 ns, Total: 357700 ns
[2020-04-27T14:01:52.924+0000][1][safepoint    ] Safepoint "Cleanup", Time since last: 1000246700 ns, Reaching safepoint: 246900 ns, At safepoint: 41800 ns, Total: 288700 ns
[2020-04-27T14:01:53.925+0000][1][safepoint    ] Safepoint "Cleanup", Time since last: 1000836500 ns, Reaching safepoint: 507800 ns, At safepoint: 137000 ns, Total: 644800 ns
[2020-04-27T14:01:54.926+0000][1][safepoint    ] Safepoint "Cleanup", Time since last: 1000499400 ns, Reaching safepoint: 594900 ns, At safepoint: 148800 ns, Total: 743700 ns
[2020-04-27T14:01:55.928+0000][1][safepoint    ] Safepoint "Cleanup", Time since last: 1000587000 ns, Reaching safepoint: 334500 ns, At safepoint: 97900 ns, Total: 432400 ns
[2020-04-27T14:01:56.929+0000][1][safepoint    ] Safepoint "Cleanup", Time since last: 1000647100 ns, Reaching safepoint: 755200 ns, At safepoint: 133900 ns, Total: 889100 ns
[2020-04-27T14:01:57.930+0000][1][safepoint    ] Safepoint "Cleanup", Time since last: 1000381200 ns, Reaching safepoint: 458100 ns, At safepoint: 166000 ns, Total: 624100 ns
[2020-04-27T14:01:58.931+0000][1][safepoint    ] Safepoint "Cleanup", Time since last: 1000639500 ns, Reaching safepoint: 415900 ns, At safepoint: 125300 ns, Total: 541200 ns
[2020-04-27T14:01:59.932+0000][1][safepoint    ] Safepoint "Cleanup", Time since last: 1000348900 ns, Reaching safepoint: 289000 ns, At safepoint: 80800 ns, Total: 369800 ns
[2020-04-27T14:02:00.933+0000][1][safepoint    ] Safepoint "Cleanup", Time since last: 1000590300 ns, Reaching safepoint: 174600 ns, At safepoint: 38000 ns, Total: 212600 ns
[2020-04-27T14:02:01.933+0000][1][safepoint    ] Safepoint "Cleanup", Time since last: 1000139900 ns, Reaching safepoint: 135800 ns, At safepoint: 30700 ns, Total: 166500 ns
[2020-04-27T14:02:02.934+0000][1][safepoint    ] Safepoint "Cleanup", Time since last: 1000581100 ns, Reaching safepoint: 453200 ns, At safepoint: 137200 ns, Total: 590400 ns
[2020-04-27T14:02:03.936+0000][1][safepoint    ] Safepoint "Cleanup", Time since last: 1000694800 ns, Reaching safepoint: 659600 ns, At safepoint: 130600 ns, Total: 790200 ns
[2020-04-27T14:02:03.984+0000][1][safepoint    ] Safepoint "RevokeBias", Time since last: 47630000 ns, Reaching safepoint: 227300 ns, At safepoint: 75800 ns, Total: 303100 ns
[2020-04-27T14:02:03.985+0000][1][safepoint    ] Safepoint "RevokeBias", Time since last: 1278100 ns, Reaching safepoint: 174300 ns, At safepoint: 68600 ns, Total: 242900 ns
[2020-04-27T14:02:03.986+0000][1][safepoint    ] Safepoint "RevokeBias", Time since last: 352000 ns, Reaching safepoint: 144100 ns, At safepoint: 67400 ns, Total: 211500 ns
[2020-04-27T14:02:04.028+0000][1][safepoint    ] Safepoint "RevokeBias", Time since last: 42120800 ns, Reaching safepoint: 129900 ns, At safepoint: 42000 ns, Total: 171900 ns
[2020-04-27T14:02:04.031+0000][1][safepoint    ] Safepoint "RevokeBias", Time since last: 2900500 ns, Reaching safepoint: 126300 ns, At safepoint: 63100 ns, Total: 189400 ns
[2020-04-27T14:02:04.077+0000][1][safepoint    ] Safepoint "RevokeBias", Time since last: 45619200 ns, Reaching safepoint: 142700 ns, At safepoint: 36400 ns, Total: 179100 ns
[2020-04-27T14:02:04.084+0000][1][safepoint    ] Safepoint "RevokeBias", Time since last: 7082000 ns, Reaching safepoint: 128300 ns, At safepoint: 33700 ns, Total: 162000 ns
[2020-04-27T14:02:04.100+0000][1][safepoint    ] Safepoint "RevokeBias", Time since last: 15492300 ns, Reaching safepoint: 119000 ns, At safepoint: 60000 ns, Total: 179000 ns
[2020-04-27T14:02:04.106+0000][1][safepoint    ] Safepoint "RevokeBias", Time since last: 5738400 ns, Reaching safepoint: 148000 ns, At safepoint: 71600 ns, Total: 219600 ns
[2020-04-27T14:02:04.615+0000][1][safepoint    ] Safepoint "RevokeBias", Time since last: 508861700 ns, Reaching safepoint: 149200 ns, At safepoint: 54100 ns, Total: 203300 ns
[2020-04-27T14:02:04.616+0000][1][safepoint    ] Safepoint "RevokeBias", Time since last: 629000 ns, Reaching safepoint: 123800 ns, At safepoint: 48000 ns, Total: 171800 ns
[2020-04-27T14:02:04.894+0000][1][safepoint    ] Safepoint "RevokeBias", Time since last: 278033900 ns, Reaching safepoint: 137400 ns, At safepoint: 41600 ns, Total: 179000 ns
[2020-04-27T14:02:04.895+0000][1][safepoint    ] Safepoint "RevokeBias", Time since last: 844600 ns, Reaching safepoint: 124800 ns, At safepoint: 38300 ns, Total: 163100 ns
[2020-04-27T14:02:04.903+0000][1][safepoint    ] Safepoint "RevokeBias", Time since last: 7552100 ns, Reaching safepoint: 173400 ns, At safepoint: 105300 ns, Total: 278700 ns
[2020-04-27T14:02:04.904+0000][1][safepoint    ] Safepoint "BulkRevokeBias", Time since last: 117500 ns, Reaching safepoint: 287500 ns, At safepoint: 875700 ns, Total: 1163200 ns
[2020-04-27T14:02:04.905+0000][1][safepoint    ] Safepoint "RevokeBias", Time since last: 532700 ns, Reaching safepoint: 273700 ns, At safepoint: 40800 ns, Total: 314500 ns
[2020-04-27T14:02:04.932+0000][1][safepoint    ] Safepoint "RevokeBias", Time since last: 27127600 ns, Reaching safepoint: 131000 ns, At safepoint: 39100 ns, Total: 170100 ns
[2020-04-27T14:02:04.932+0000][1][safepoint    ] Safepoint "RevokeBias", Time since last: 194900 ns, Reaching safepoint: 119000 ns, At safepoint: 39500 ns, Total: 158500 ns
[2020-04-27T14:02:04.933+0000][1][safepoint    ] Safepoint "RevokeBias", Time since last: 123500 ns, Reaching safepoint: 82700 ns, At safepoint: 32400 ns, Total: 115100 ns
[2020-04-27T14:02:04.933+0000][1][safepoint    ] Safepoint "RevokeBias", Time since last: 125000 ns, Reaching safepoint: 76300 ns, At safepoint: 32900 ns, Total: 109200 ns
[2020-04-27T14:02:04.933+0000][1][safepoint    ] Safepoint "RevokeBias", Time since last: 127500 ns, Reaching safepoint: 72700 ns, At safepoint: 32500 ns, Total: 105200 ns
[2020-04-27T14:02:04.933+0000][1][safepoint    ] Safepoint "RevokeBias", Time since last: 128600 ns, Reaching safepoint: 87200 ns, At safepoint: 32100 ns, Total: 119300 ns
[2020-04-27T14:02:04.934+0000][1][safepoint    ] Safepoint "RevokeBias", Time since last: 127300 ns, Reaching safepoint: 71400 ns, At safepoint: 32400 ns, Total: 103800 ns
[2020-04-27T14:02:04.934+0000][1][safepoint    ] Safepoint "RevokeBias", Time since last: 127100 ns, Reaching safepoint: 72700 ns, At safepoint: 32700 ns, Total: 105400 ns
[2020-04-27T14:02:04.934+0000][1][safepoint    ] Safepoint "RevokeBias", Time since last: 129300 ns, Reaching safepoint: 71400 ns, At safepoint: 32500 ns, Total: 103900 ns
[2020-04-27T14:02:04.934+0000][1][safepoint    ] Safepoint "RevokeBias", Time since last: 214500 ns, Reaching safepoint: 88100 ns, At safepoint: 31900 ns, Total: 120000 ns
[2020-04-27T14:02:04.935+0000][1][safepoint    ] Safepoint "RevokeBias", Time since last: 130700 ns, Reaching safepoint: 72100 ns, At safepoint: 32400 ns, Total: 104500 ns
[2020-04-27T14:02:04.935+0000][1][safepoint    ] Safepoint "RevokeBias", Time since last: 127400 ns, Reaching safepoint: 72800 ns, At safepoint: 32600 ns, Total: 105400 ns
[2020-04-27T14:02:04.935+0000][1][safepoint    ] Safepoint "RevokeBias", Time since last: 136800 ns, Reaching safepoint: 71000 ns, At safepoint: 32200 ns, Total: 103200 ns
[2020-04-27T14:02:04.935+0000][1][safepoint    ] Safepoint "RevokeBias", Time since last: 137400 ns, Reaching safepoint: 87300 ns, At safepoint: 32400 ns, Total: 119700 ns
[2020-04-27T14:02:04.936+0000][1][safepoint    ] Safepoint "RevokeBias", Time since last: 135500 ns, Reaching safepoint: 71600 ns, At safepoint: 32400 ns, Total: 104000 ns
[2020-04-27T14:02:05.938+0000][1][safepoint    ] Safepoint "Cleanup", Time since last: 1001249700 ns, Reaching safepoint: 531900 ns, At safepoint: 130300 ns, Total: 662200 ns
[2020-04-27T14:02:06.939+0000][1][safepoint    ] Safepoint "Cleanup", Time since last: 1000600200 ns, Reaching safepoint: 503300 ns, At safepoint: 133200 ns, Total: 636500 ns
[2020-04-27T14:02:07.863+0000][1][safepoint    ] Safepoint "RevokeBias", Time since last: 923861200 ns, Reaching safepoint: 139000 ns, At safepoint: 73500 ns, Total: 212500 ns
[2020-04-27T14:02:07.863+0000][1][safepoint    ] Safepoint "RevokeBias", Time since last: 56100 ns, Reaching safepoint: 94300 ns, At safepoint: 63200 ns, Total: 157500 ns
[2020-04-27T14:02:07.864+0000][1][safepoint    ] Safepoint "RevokeBias", Time since last: 180100 ns, Reaching safepoint: 175900 ns, At safepoint: 62100 ns, Total: 238000 ns
[2020-04-27T14:02:07.868+0000][1][safepoint    ] Safepoint "RevokeBias", Time since last: 4202300 ns, Reaching safepoint: 148100 ns, At safepoint: 82400 ns, Total: 230500 ns
[2020-04-27T14:02:07.869+0000][1][safepoint    ] Safepoint "BulkRevokeBias", Time since last: 261700 ns, Reaching safepoint: 206600 ns, At safepoint: 749600 ns, Total: 956200 ns
[2020-04-27T14:02:08.870+0000][1][safepoint    ] Safepoint "Cleanup", Time since last: 1000272800 ns, Reaching safepoint: 308400 ns, At safepoint: 73900 ns, Total: 382300 ns
[2020-04-27T14:02:09.870+0000][1][safepoint    ] Safepoint "Cleanup", Time since last: 1000261800 ns, Reaching safepoint: 238700 ns, At safepoint: 95500 ns, Total: 334200 ns
[2020-04-27T14:02:10.872+0000][1][safepoint    ] Safepoint "Cleanup", Time since last: 1000595200 ns, Reaching safepoint: 433000 ns, At safepoint: 133800 ns, Total: 566800 ns
[2020-04-27T14:02:11.872+0000][1][safepoint    ] Safepoint "Cleanup", Time since last: 1000560200 ns, Reaching safepoint: 194700 ns, At safepoint: 51200 ns, Total: 245900 ns
[2020-04-27T14:02:12.873+0000][1][safepoint    ] Safepoint "Cleanup", Time since last: 1000160200 ns, Reaching safepoint: 174300 ns, At safepoint: 29300 ns, Total: 203600 ns
[2020-04-27T14:02:13.874+0000][1][safepoint    ] Safepoint "Cleanup", Time since last: 1000530600 ns, Reaching safepoint: 454400 ns, At safepoint: 139400 ns, Total: 593800 ns
[2020-04-27T14:02:14.875+0000][1][safepoint    ] Safepoint "Cleanup", Time since last: 1000362500 ns, Reaching safepoint: 495300 ns, At safepoint: 132800 ns, Total: 628100 ns
[2020-04-27T14:02:15.875+0000][1][safepoint    ] Safepoint "Cleanup", Time since last: 1000254600 ns, Reaching safepoint: 140600 ns, At safepoint: 34300 ns, Total: 174900 ns
[2020-04-27T14:02:16.876+0000][1][safepoint    ] Safepoint "Cleanup", Time since last: 1000401100 ns, Reaching safepoint: 219700 ns, At safepoint: 58600 ns, Total: 278300 ns
[2020-04-27T14:02:17.877+0000][1][safepoint    ] Safepoint "Cleanup", Time since last: 1000201400 ns, Reaching safepoint: 373200 ns, At safepoint: 91900 ns, Total: 465100 ns
[2020-04-27T14:02:18.878+0000][1][safepoint    ] Safepoint "Cleanup", Time since last: 1000728500 ns, Reaching safepoint: 432900 ns, At safepoint: 135300 ns, Total: 568200 ns
[2020-04-27T14:02:19.879+0000][1][safepoint    ] Safepoint "Cleanup", Time since last: 1000565100 ns, Reaching safepoint: 185500 ns, At safepoint: 60500 ns, Total: 246000 ns
[2020-04-27T14:02:20.879+0000][1][safepoint    ] Safepoint "Cleanup", Time since last: 1000454700 ns, Reaching safepoint: 221000 ns, At safepoint: 59300 ns, Total: 280300 ns
[2020-04-27T14:02:21.880+0000][1][safepoint    ] Safepoint "Cleanup", Time since last: 1000282300 ns, Reaching safepoint: 134600 ns, At safepoint: 33000 ns, Total: 167600 ns
[2020-04-27T14:02:22.881+0000][1][safepoint    ] Safepoint "Cleanup", Time since last: 1000672000 ns, Reaching safepoint: 435400 ns, At safepoint: 135100 ns, Total: 570500 ns
[2020-04-27T14:02:23.883+0000][1][safepoint    ] Safepoint "Cleanup", Time since last: 1000788200 ns, Reaching safepoint: 458500 ns, At safepoint: 139000 ns, Total: 597500 ns
[2020-04-27T14:02:24.883+0000][1][safepoint    ] Safepoint "Cleanup", Time since last: 1000602000 ns, Reaching safepoint: 198900 ns, At safepoint: 53900 ns, Total: 252800 ns
[2020-04-27T14:02:25.884+0000][1][safepoint    ] Safepoint "Cleanup", Time since last: 1000162900 ns, Reaching safepoint: 175300 ns, At safepoint: 48700 ns, Total: 224000 ns
[2020-04-27T14:02:26.884+0000][1][safepoint    ] Safepoint "Cleanup", Time since last: 1000245000 ns, Reaching safepoint: 235800 ns, At safepoint: 73800 ns, Total: 309600 ns
[2020-04-27T14:02:27.885+0000][1][safepoint    ] Safepoint "Cleanup", Time since last: 1000296200 ns, Reaching safepoint: 635200 ns, At safepoint: 141100 ns, Total: 776300 ns
[2020-04-27T14:02:28.887+0000][1][safepoint    ] Safepoint "Cleanup", Time since last: 1000675200 ns, Reaching safepoint: 522800 ns, At safepoint: 150300 ns, Total: 673100 ns
[2020-04-27T14:02:29.888+0000][1][safepoint    ] Safepoint "Cleanup", Time since last: 1000609900 ns, Reaching safepoint: 196500 ns, At safepoint: 53400 ns, Total: 249900 ns
[2020-04-27T14:02:30.888+0000][1][safepoint    ] Safepoint "Cleanup", Time since last: 1000510000 ns, Reaching safepoint: 134200 ns, At safepoint: 30800 ns, Total: 165000 ns
[2020-04-27T14:02:31.890+0000][1][safepoint    ] Safepoint "Cleanup", Time since last: 1000674700 ns, Reaching safepoint: 434600 ns, At safepoint: 133500 ns, Total: 568100 ns
[2020-04-27T14:02:32.891+0000][1][safepoint    ] Safepoint "Cleanup", Time since last: 1000738700 ns, Reaching safepoint: 446900 ns, At safepoint: 134600 ns, Total: 581500 ns
[2020-04-27T14:02:33.892+0000][1][safepoint    ] Safepoint "Cleanup", Time since last: 1000352800 ns, Reaching safepoint: 458200 ns, At safepoint: 138200 ns, Total: 596400 ns
[2020-04-27T14:02:34.893+0000][1][safepoint    ] Safepoint "Cleanup", Time since last: 1000689300 ns, Reaching safepoint: 433300 ns, At safepoint: 134300 ns, Total: 567600 ns
[2020-04-27T14:02:35.894+0000][1][safepoint    ] Safepoint "Cleanup", Time since last: 1000781700 ns, Reaching safepoint: 131900 ns, At safepoint: 32400 ns, Total: 164300 ns
[2020-04-27T14:02:36.895+0000][1][safepoint    ] Safepoint "Cleanup", Time since last: 1000728500 ns, Reaching safepoint: 463300 ns, At safepoint: 140700 ns, Total: 604000 ns
[2020-04-27T14:02:37.897+0000][1][safepoint    ] Safepoint "Cleanup", Time since last: 1000652700 ns, Reaching safepoint: 447000 ns, At safepoint: 138900 ns, Total: 585900 ns
[2020-04-27T14:02:38.897+0000][1][safepoint    ] Safepoint "Cleanup", Time since last: 1000591800 ns, Reaching safepoint: 140300 ns, At safepoint: 33400 ns, Total: 173700 ns
[2020-04-27T14:02:39.899+0000][1][safepoint    ] Safepoint "Cleanup", Time since last: 1000599200 ns, Reaching safepoint: 447100 ns, At safepoint: 244400 ns, Total: 691500 ns
[2020-04-27T14:02:40.900+0000][1][safepoint    ] Safepoint "Cleanup", Time since last: 1000419300 ns, Reaching safepoint: 512500 ns, At safepoint: 131200 ns, Total: 643700 ns
[2020-04-27T14:02:41.901+0000][1][safepoint    ] Safepoint "Cleanup", Time since last: 1000476300 ns, Reaching safepoint: 411500 ns, At safepoint: 116800 ns, Total: 528300 ns
[2020-04-27T14:02:42.902+0000][1][safepoint    ] Safepoint "Cleanup", Time since last: 1000577700 ns, Reaching safepoint: 446900 ns, At safepoint: 135700 ns, Total: 582600 ns
[2020-04-27T14:02:43.903+0000][1][safepoint    ] Safepoint "Cleanup", Time since last: 1000439800 ns, Reaching safepoint: 510400 ns, At safepoint: 134400 ns, Total: 644800 ns
[2020-04-27T14:02:44.904+0000][1][safepoint    ] Safepoint "Cleanup", Time since last: 1000745200 ns, Reaching safepoint: 446600 ns, At safepoint: 254700 ns, Total: 701300 ns
[2020-04-27T14:02:45.905+0000][1][safepoint    ] Safepoint "Cleanup", Time since last: 1000244400 ns, Reaching safepoint: 133100 ns, At safepoint: 30300 ns, Total: 163400 ns
[2020-04-27T14:02:46.906+0000][1][safepoint    ] Safepoint "Cleanup", Time since last: 1000550200 ns, Reaching safepoint: 446900 ns, At safepoint: 138500 ns, Total: 585400 ns
[2020-04-27T14:02:47.907+0000][1][safepoint    ] Safepoint "Cleanup", Time since last: 1000326200 ns, Reaching safepoint: 200900 ns, At safepoint: 67800 ns, Total: 268700 ns
[2020-04-27T14:02:48.908+0000][1][safepoint    ] Safepoint "Cleanup", Time since last: 1000550000 ns, Reaching safepoint: 423000 ns, At safepoint: 133600 ns, Total: 556600 ns
[2020-04-27T14:02:49.909+0000][1][safepoint    ] Safepoint "Cleanup", Time since last: 1000526700 ns, Reaching safepoint: 290200 ns, At safepoint: 120600 ns, Total: 410800 ns
[2020-04-27T14:02:50.909+0000][1][safepoint    ] Safepoint "Cleanup", Time since last: 1000216700 ns, Reaching safepoint: 134400 ns, At safepoint: 32600 ns, Total: 167000 ns
[2020-04-27T14:02:51.910+0000][1][safepoint    ] Safepoint "Cleanup", Time since last: 1000241800 ns, Reaching safepoint: 404800 ns, At safepoint: 69100 ns, Total: 473900 ns
[2020-04-27T14:02:52.910+0000][1][safepoint    ] Safepoint "Cleanup", Time since last: 1000234500 ns, Reaching safepoint: 142200 ns, At safepoint: 32700 ns, Total: 174900 ns
[2020-04-27T14:02:53.911+0000][1][safepoint    ] Safepoint "Cleanup", Time since last: 1000238600 ns, Reaching safepoint: 142000 ns, At safepoint: 33900 ns, Total: 175900 ns
[2020-04-27T14:02:54.912+0000][1][safepoint    ] Safepoint "Cleanup", Time since last: 1000302700 ns, Reaching safepoint: 702100 ns, At safepoint: 204100 ns, Total: 906200 ns
[2020-04-27T14:02:55.912+0000][1][safepoint    ] Safepoint "Cleanup", Time since last: 1000278800 ns, Reaching safepoint: 184900 ns, At safepoint: 31800 ns, Total: 216700 ns
[2020-04-27T14:02:56.913+0000][1][safepoint    ] Safepoint "Cleanup", Time since last: 1000203600 ns, Reaching safepoint: 182300 ns, At safepoint: 47600 ns, Total: 229900 ns
[2020-04-27T14:02:57.913+0000][1][safepoint    ] Safepoint "Cleanup", Time since last: 1000151900 ns, Reaching safepoint: 147700 ns, At safepoint: 32700 ns, Total: 180400 ns
[2020-04-27T14:02:58.914+0000][1][safepoint    ] Safepoint "Cleanup", Time since last: 1000463900 ns, Reaching safepoint: 254300 ns, At safepoint: 79600 ns, Total: 333900 ns
[2020-04-27T14:02:59.914+0000][1][safepoint    ] Safepoint "Cleanup", Time since last: 1000342500 ns, Reaching safepoint: 233200 ns, At safepoint: 71000 ns, Total: 304200 ns
[2020-04-27T14:03:00.915+0000][1][safepoint    ] Safepoint "Cleanup", Time since last: 1000195100 ns, Reaching safepoint: 146400 ns, At safepoint: 32600 ns, Total: 179000 ns
[2020-04-27T14:03:01.915+0000][1][safepoint    ] Safepoint "Cleanup", Time since last: 1000164300 ns, Reaching safepoint: 182600 ns, At safepoint: 60600 ns, Total: 243200 ns
[2020-04-27T14:03:02.916+0000][1][safepoint    ] Safepoint "Cleanup", Time since last: 1000296000 ns, Reaching safepoint: 562600 ns, At safepoint: 185900 ns, Total: 748500 ns
[2020-04-27T14:03:03.917+0000][1][safepoint    ] Safepoint "Cleanup", Time since last: 1000606900 ns, Reaching safepoint: 213700 ns, At safepoint: 57600 ns, Total: 271300 ns
[2020-04-27T14:03:04.918+0000][1][safepoint    ] Safepoint "Cleanup", Time since last: 1000172600 ns, Reaching safepoint: 187600 ns, At safepoint: 52300 ns, Total: 239900 ns
[2020-04-27T14:03:05.918+0000][1][safepoint    ] Safepoint "Cleanup", Time since last: 1000644000 ns, Reaching safepoint: 140000 ns, At safepoint: 32400 ns, Total: 172400 ns
[2020-04-27T14:03:06.919+0000][1][safepoint    ] Safepoint "Cleanup", Time since last: 1000177100 ns, Reaching safepoint: 139200 ns, At safepoint: 32400 ns, Total: 171600 ns
[2020-04-27T14:03:07.919+0000][1][safepoint    ] Safepoint "Cleanup", Time since last: 1000202100 ns, Reaching safepoint: 329300 ns, At safepoint: 66600 ns, Total: 395900 ns
[2020-04-27T14:03:08.920+0000][1][safepoint    ] Safepoint "Cleanup", Time since last: 1000271400 ns, Reaching safepoint: 133200 ns, At safepoint: 32100 ns, Total: 165300 ns
[2020-04-27T14:03:09.860+0000][1][safepoint    ] Safepoint "RevokeBias", Time since last: 939582800 ns, Reaching safepoint: 133500 ns, At safepoint: 72300 ns, Total: 205800 ns
[2020-04-27T14:03:09.860+0000][1][safepoint    ] Safepoint "RevokeBias", Time since last: 136300 ns, Reaching safepoint: 183400 ns, At safepoint: 62200 ns, Total: 245600 ns
[2020-04-27T14:03:09.860+0000][1][safepoint    ] Safepoint "RevokeBias", Time since last: 139000 ns, Reaching safepoint: 167700 ns, At safepoint: 61200 ns, Total: 228900 ns
[2020-04-27T14:03:09.866+0000][1][safepoint    ] Safepoint "RevokeBias", Time since last: 5502100 ns, Reaching safepoint: 262000 ns, At safepoint: 101700 ns, Total: 363700 ns
[2020-04-27T14:03:09.867+0000][1][safepoint    ] Safepoint "RevokeBias", Time since last: 457100 ns, Reaching safepoint: 272500 ns, At safepoint: 127500 ns, Total: 400000 ns
[2020-04-27T14:03:10.868+0000][1][safepoint    ] Safepoint "Cleanup", Time since last: 1000505200 ns, Reaching safepoint: 149700 ns, At safepoint: 34400 ns, Total: 184100 ns
[2020-04-27T14:03:11.868+0000][1][safepoint    ] Safepoint "Cleanup", Time since last: 1000123000 ns, Reaching safepoint: 131500 ns, At safepoint: 28500 ns, Total: 160000 ns
[2020-04-27T14:03:12.869+0000][1][safepoint    ] Safepoint "Cleanup", Time since last: 1000507600 ns, Reaching safepoint: 205300 ns, At safepoint: 51100 ns, Total: 256400 ns
[2020-04-27T14:03:13.869+0000][1][safepoint    ] Safepoint "Cleanup", Time since last: 1000284300 ns, Reaching safepoint: 185000 ns, At safepoint: 49000 ns, Total: 234000 ns
[2020-04-27T14:03:14.870+0000][1][safepoint    ] Safepoint "Cleanup", Time since last: 1000432000 ns, Reaching safepoint: 177500 ns, At safepoint: 44900 ns, Total: 222400 ns
[2020-04-27T14:03:15.871+0000][1][safepoint    ] Safepoint "Cleanup", Time since last: 1000459700 ns, Reaching safepoint: 489300 ns, At safepoint: 135200 ns, Total: 624500 ns
[2020-04-27T14:03:16.872+0000][1][safepoint    ] Safepoint "Cleanup", Time since last: 1000364000 ns, Reaching safepoint: 278800 ns, At safepoint: 81000 ns, Total: 359800 ns
[2020-04-27T14:03:17.709+0000][1][gc,start     ] GC(32) Pause Young (Allocation Failure)
[2020-04-27T14:03:17.709+0000][1][gc,task      ] GC(32) Using 10 workers of 10 for evacuation
[2020-04-27T14:03:17.717+0000][1][gc,age       ] GC(32) Desired survivor size 8945664 bytes, new threshold 6 (max threshold 6)
[2020-04-27T14:03:17.717+0000][1][gc,age       ] GC(32) Age table with threshold 6 (max threshold 6)
[2020-04-27T14:03:17.717+0000][1][gc,age       ] GC(32) - age   1:     476496 bytes,     476496 total
[2020-04-27T14:03:17.717+0000][1][gc,age       ] GC(32) - age   2:      36720 bytes,     513216 total
[2020-04-27T14:03:17.717+0000][1][gc,age       ] GC(32) - age   3:      11456 bytes,     524672 total
[2020-04-27T14:03:17.717+0000][1][gc,age       ] GC(32) - age   4:      35000 bytes,     559672 total
[2020-04-27T14:03:17.717+0000][1][gc,age       ] GC(32) - age   5:      41296 bytes,     600968 total
[2020-04-27T14:03:17.717+0000][1][gc,age       ] GC(32) - age   6:     117168 bytes,     718136 total
[2020-04-27T14:03:17.718+0000][1][gc,heap      ] GC(32) ParNew: 140639K->879K(157248K)
[2020-04-27T14:03:17.718+0000][1][gc,heap      ] GC(32) CMS: 89733K->89848K(349568K)
[2020-04-27T14:03:17.718+0000][1][gc,metaspace ] GC(32) Metaspace: 97110K->97110K(1138688K)
[2020-04-27T14:03:17.718+0000][1][gc           ] GC(32) Pause Young (Allocation Failure) 224M->88M(494M) 8.860ms
[2020-04-27T14:03:17.718+0000][1][gc,cpu       ] GC(32) User=0.03s Sys=0.00s Real=0.00s
[2020-04-27T14:03:17.718+0000][1][safepoint    ] Safepoint "GenCollectForAllocation", Time since last: 836585000 ns, Reaching safepoint: 405400 ns, At safepoint: 9205100 ns, Total: 9610500 ns
[2020-04-27T14:03:18.719+0000][1][safepoint    ] Safepoint "Cleanup", Time since last: 1000491200 ns, Reaching safepoint: 594200 ns, At safepoint: 125800 ns, Total: 720000 ns
[2020-04-27T14:03:19.720+0000][1][safepoint    ] Safepoint "Cleanup", Time since last: 1000465400 ns, Reaching safepoint: 448300 ns, At safepoint: 131700 ns, Total: 580000 ns
[2020-04-27T14:03:20.721+0000][1][safepoint    ] Safepoint "Cleanup", Time since last: 1000577700 ns, Reaching safepoint: 340400 ns, At safepoint: 106600 ns, Total: 447000 ns
[2020-04-27T14:03:21.722+0000][1][safepoint    ] Safepoint "Cleanup", Time since last: 1000557800 ns, Reaching safepoint: 256600 ns, At safepoint: 78600 ns, Total: 335200 ns
[2020-04-27T14:03:22.723+0000][1][safepoint    ] Safepoint "Cleanup", Time since last: 1000601000 ns, Reaching safepoint: 246800 ns, At safepoint: 73800 ns, Total: 320600 ns
[2020-04-27T14:03:23.724+0000][1][safepoint    ] Safepoint "Cleanup", Time since last: 1000510200 ns, Reaching safepoint: 201700 ns, At safepoint: 56800 ns, Total: 258500 ns
[2020-04-27T14:03:24.724+0000][1][safepoint    ] Safepoint "Cleanup", Time since last: 1000304300 ns, Reaching safepoint: 150700 ns, At safepoint: 38100 ns, Total: 188800 ns
[2020-04-27T14:03:25.725+0000][1][safepoint    ] Safepoint "Cleanup", Time since last: 1000155200 ns, Reaching safepoint: 132800 ns, At safepoint: 27700 ns, Total: 160500 ns
[2020-04-27T14:03:26.725+0000][1][safepoint    ] Safepoint "Cleanup", Time since last: 1000281200 ns, Reaching safepoint: 125000 ns, At safepoint: 30000 ns, Total: 155000 ns
[2020-04-27T14:03:27.727+0000][1][safepoint    ] Safepoint "Cleanup", Time since last: 1000905500 ns, Reaching safepoint: 655100 ns, At safepoint: 189900 ns, Total: 845000 ns
[2020-04-27T14:03:28.727+0000][1][safepoint    ] Safepoint "Cleanup", Time since last: 1000250400 ns, Reaching safepoint: 280900 ns, At safepoint: 46600 ns, Total: 327500 ns
[2020-04-27T14:03:29.731+0000][1][safepoint    ] Safepoint "Cleanup", Time since last: 1003119400 ns, Reaching safepoint: 135600 ns, At safepoint: 32900 ns, Total: 168500 ns
[2020-04-27T14:03:30.731+0000][1][safepoint    ] Safepoint "Cleanup", Time since last: 1000172400 ns, Reaching safepoint: 134500 ns, At safepoint: 30000 ns, Total: 164500 ns
[2020-04-27T14:03:31.732+0000][1][safepoint    ] Safepoint "Cleanup", Time since last: 1000295700 ns, Reaching safepoint: 342700 ns, At safepoint: 116000 ns, Total: 458700 ns
[2020-04-27T14:03:32.732+0000][1][safepoint    ] Safepoint "Cleanup", Time since last: 1000229100 ns, Reaching safepoint: 265600 ns, At safepoint: 54900 ns, Total: 320500 ns
[2020-04-27T14:03:33.733+0000][1][safepoint    ] Safepoint "Cleanup", Time since last: 1000596000 ns, Reaching safepoint: 450200 ns, At safepoint: 124900 ns, Total: 575100 ns
[2020-04-27T14:03:34.734+0000][1][safepoint    ] Safepoint "Cleanup", Time since last: 1000437200 ns, Reaching safepoint: 167700 ns, At safepoint: 44300 ns, Total: 212000 ns
[2020-04-27T14:03:35.735+0000][1][safepoint    ] Safepoint "Cleanup", Time since last: 1000325000 ns, Reaching safepoint: 448400 ns, At safepoint: 141300 ns, Total: 589700 ns
[2020-04-27T14:03:36.736+0000][1][safepoint    ] Safepoint "Cleanup", Time since last: 1000727400 ns, Reaching safepoint: 447400 ns, At safepoint: 137700 ns, Total: 585100 ns
[2020-04-27T14:03:37.738+0000][1][safepoint    ] Safepoint "Cleanup", Time since last: 1000722300 ns, Reaching safepoint: 448200 ns, At safepoint: 142700 ns, Total: 590900 ns
[2020-04-27T14:03:38.739+0000][1][safepoint    ] Safepoint "Cleanup", Time since last: 1000455000 ns, Reaching safepoint: 488400 ns, At safepoint: 195200 ns, Total: 683600 ns
[2020-04-27T14:03:39.740+0000][1][safepoint    ] Safepoint "Cleanup", Time since last: 1000790200 ns, Reaching safepoint: 360900 ns, At safepoint: 112600 ns, Total: 473500 ns
[2020-04-27T14:03:40.741+0000][1][safepoint    ] Safepoint "Cleanup", Time since last: 1000681600 ns, Reaching safepoint: 448400 ns, At safepoint: 138200 ns, Total: 586600 ns
[2020-04-27T14:03:41.742+0000][1][safepoint    ] Safepoint "Cleanup", Time since last: 1000222700 ns, Reaching safepoint: 128700 ns, At safepoint: 27900 ns, Total: 156600 ns
[2020-04-27T14:03:42.743+0000][1][safepoint    ] Safepoint "Cleanup", Time since last: 1000251800 ns, Reaching safepoint: 955000 ns, At safepoint: 158300 ns, Total: 1113300 ns
[2020-04-27T14:03:43.744+0000][1][safepoint    ] Safepoint "Cleanup", Time since last: 1000695300 ns, Reaching safepoint: 390000 ns, At safepoint: 119900 ns, Total: 509900 ns
[2020-04-27T14:03:44.745+0000][1][safepoint    ] Safepoint "Cleanup", Time since last: 1000683300 ns, Reaching safepoint: 256100 ns, At safepoint: 71900 ns, Total: 328000 ns
[2020-04-27T14:03:45.747+0000][1][safepoint    ] Safepoint "Cleanup", Time since last: 1000697300 ns, Reaching safepoint: 425100 ns, At safepoint: 131700 ns, Total: 556800 ns
[2020-04-27T14:03:46.748+0000][1][safepoint    ] Safepoint "Cleanup", Time since last: 1000704600 ns, Reaching safepoint: 423000 ns, At safepoint: 132000 ns, Total: 555000 ns
[2020-04-27T14:03:47.749+0000][1][safepoint    ] Safepoint "Cleanup", Time since last: 1000383400 ns, Reaching safepoint: 556300 ns, At safepoint: 128500 ns, Total: 684800 ns
[2020-04-27T14:03:48.750+0000][1][safepoint    ] Safepoint "Cleanup", Time since last: 1000635200 ns, Reaching safepoint: 425600 ns, At safepoint: 131800 ns, Total: 557400 ns
[2020-04-27T14:03:49.751+0000][1][safepoint    ] Safepoint "Cleanup", Time since last: 1000624000 ns, Reaching safepoint: 441300 ns, At safepoint: 139200 ns, Total: 580500 ns
[2020-04-27T14:03:50.752+0000][1][safepoint    ] Safepoint "Cleanup", Time since last: 1000590700 ns, Reaching safepoint: 202300 ns, At safepoint: 55900 ns, Total: 258200 ns
[2020-04-27T14:03:51.753+0000][1][safepoint    ] Safepoint "Cleanup", Time since last: 1000296800 ns, Reaching safepoint: 512200 ns, At safepoint: 130400 ns, Total: 642600 ns
[2020-04-27T14:03:52.755+0000][1][safepoint    ] Safepoint "Cleanup", Time since last: 1000811900 ns, Reaching safepoint: 503400 ns, At safepoint: 131500 ns, Total: 634900 ns
[2020-04-27T14:03:53.755+0000][1][safepoint    ] Safepoint "Cleanup", Time since last: 1000561800 ns, Reaching safepoint: 134500 ns, At safepoint: 29800 ns, Total: 164300 ns
[2020-04-27T14:03:54.756+0000][1][safepoint    ] Safepoint "Cleanup", Time since last: 1000503500 ns, Reaching safepoint: 391000 ns, At safepoint: 158300 ns, Total: 549300 ns
[2020-04-27T14:03:55.757+0000][1][safepoint    ] Safepoint "Cleanup", Time since last: 1000427800 ns, Reaching safepoint: 514000 ns, At safepoint: 134200 ns, Total: 648200 ns
[2020-04-27T14:03:56.758+0000][1][safepoint    ] Safepoint "Cleanup", Time since last: 1000696800 ns, Reaching safepoint: 132800 ns, At safepoint: 30300 ns, Total: 163100 ns
[2020-04-27T14:03:57.759+0000][1][safepoint    ] Safepoint "Cleanup", Time since last: 1000587700 ns, Reaching safepoint: 510100 ns, At safepoint: 150300 ns, Total: 660400 ns
[2020-04-27T14:03:58.760+0000][1][safepoint    ] Safepoint "Cleanup", Time since last: 1000577700 ns, Reaching safepoint: 228000 ns, At safepoint: 47900 ns, Total: 275900 ns
[2020-04-27T14:03:59.761+0000][1][safepoint    ] Safepoint "Cleanup", Time since last: 1000289600 ns, Reaching safepoint: 531600 ns, At safepoint: 134900 ns, Total: 666500 ns
[2020-04-27T14:04:00.762+0000][1][safepoint    ] Safepoint "Cleanup", Time since last: 1000232900 ns, Reaching safepoint: 192800 ns, At safepoint: 37600 ns, Total: 230400 ns
[2020-04-27T14:04:01.763+0000][1][safepoint    ] Safepoint "Cleanup", Time since last: 1000678500 ns, Reaching safepoint: 173700 ns, At safepoint: 47000 ns, Total: 220700 ns
[2020-04-27T14:04:02.764+0000][1][safepoint    ] Safepoint "Cleanup", Time since last: 1000589800 ns, Reaching safepoint: 224300 ns, At safepoint: 61300 ns, Total: 285600 ns
[2020-04-27T14:04:03.764+0000][1][safepoint    ] Safepoint "Cleanup", Time since last: 1000458500 ns, Reaching safepoint: 210600 ns, At safepoint: 47700 ns, Total: 258300 ns
[2020-04-27T14:04:04.766+0000][1][safepoint    ] Safepoint "Cleanup", Time since last: 1000681500 ns, Reaching safepoint: 452400 ns, At safepoint: 135900 ns, Total: 588300 ns
[2020-04-27T14:04:05.766+0000][1][safepoint    ] Safepoint "Cleanup", Time since last: 1000656300 ns, Reaching safepoint: 227500 ns, At safepoint: 64200 ns, Total: 291700 ns
[2020-04-27T14:04:06.768+0000][1][safepoint    ] Safepoint "Cleanup", Time since last: 1000704500 ns, Reaching safepoint: 449500 ns, At safepoint: 136100 ns, Total: 585600 ns
[2020-04-27T14:04:07.769+0000][1][safepoint    ] Safepoint "Cleanup", Time since last: 1000740300 ns, Reaching safepoint: 505300 ns, At safepoint: 135400 ns, Total: 640700 ns
[2020-04-27T14:04:08.770+0000][1][safepoint    ] Safepoint "Cleanup", Time since last: 1000637800 ns, Reaching safepoint: 319500 ns, At safepoint: 95400 ns, Total: 414900 ns
[2020-04-27T14:04:09.772+0000][1][safepoint    ] Safepoint "Cleanup", Time since last: 1000809800 ns, Reaching safepoint: 452400 ns, At safepoint: 136700 ns, Total: 589100 ns
[2020-04-27T14:04:10.773+0000][1][safepoint    ] Safepoint "Cleanup", Time since last: 1000739200 ns, Reaching safepoint: 425900 ns, At safepoint: 130000 ns, Total: 555900 ns
[2020-04-27T14:04:11.774+0000][1][safepoint    ] Safepoint "Cleanup", Time since last: 1000624300 ns, Reaching safepoint: 147200 ns, At safepoint: 37000 ns, Total: 184200 ns
[2020-04-27T14:04:11.874+0000][1][safepoint    ] Safepoint "RevokeBias", Time since last: 100447300 ns, Reaching safepoint: 139200 ns, At safepoint: 70400 ns, Total: 209600 ns
[2020-04-27T14:04:11.875+0000][1][safepoint    ] Safepoint "RevokeBias", Time since last: 229300 ns, Reaching safepoint: 224700 ns, At safepoint: 69700 ns, Total: 294400 ns
[2020-04-27T14:04:11.875+0000][1][safepoint    ] Safepoint "RevokeBias", Time since last: 58200 ns, Reaching safepoint: 153600 ns, At safepoint: 61100 ns, Total: 214700 ns
[2020-04-27T14:04:11.882+0000][1][safepoint    ] Safepoint "RevokeBias", Time since last: 7059400 ns, Reaching safepoint: 128900 ns, At safepoint: 77400 ns, Total: 206300 ns
[2020-04-27T14:04:11.883+0000][1][safepoint    ] Safepoint "RevokeBias", Time since last: 101100 ns, Reaching safepoint: 185400 ns, At safepoint: 121800 ns, Total: 307200 ns
[2020-04-27T14:04:11.883+0000][1][safepoint    ] Safepoint "RevokeBias", Time since last: 250100 ns, Reaching safepoint: 223200 ns, At safepoint: 59300 ns, Total: 282500 ns
[2020-04-27T14:04:12.885+0000][1][safepoint    ] Safepoint "Cleanup", Time since last: 1000676800 ns, Reaching safepoint: 433400 ns, At safepoint: 205500 ns, Total: 638900 ns
[2020-04-27T14:04:13.885+0000][1][safepoint    ] Safepoint "Cleanup", Time since last: 1000376800 ns, Reaching safepoint: 130100 ns, At safepoint: 27600 ns, Total: 157700 ns
[2020-04-27T14:04:14.886+0000][1][safepoint    ] Safepoint "Cleanup", Time since last: 1000208800 ns, Reaching safepoint: 155200 ns, At safepoint: 52700 ns, Total: 207900 ns
[2020-04-27T14:04:15.886+0000][1][safepoint    ] Safepoint "Cleanup", Time since last: 1000320800 ns, Reaching safepoint: 192800 ns, At safepoint: 51500 ns, Total: 244300 ns
[2020-04-27T14:04:16.886+0000][1][safepoint    ] Safepoint "Cleanup", Time since last: 1000138400 ns, Reaching safepoint: 126700 ns, At safepoint: 27600 ns, Total: 154300 ns
[2020-04-27T14:04:17.888+0000][1][safepoint    ] Safepoint "Cleanup", Time since last: 1000549700 ns, Reaching safepoint: 451400 ns, At safepoint: 132800 ns, Total: 584200 ns
[2020-04-27T14:04:18.888+0000][1][safepoint    ] Safepoint "Cleanup", Time since last: 1000514200 ns, Reaching safepoint: 186200 ns, At safepoint: 48400 ns, Total: 234600 ns
[2020-04-27T14:04:19.889+0000][1][safepoint    ] Safepoint "Cleanup", Time since last: 1000209600 ns, Reaching safepoint: 292500 ns, At safepoint: 70100 ns, Total: 362600 ns
[2020-04-27T14:04:20.890+0000][1][safepoint    ] Safepoint "Cleanup", Time since last: 1000387600 ns, Reaching safepoint: 452800 ns, At safepoint: 140100 ns, Total: 592900 ns
[2020-04-27T14:04:21.891+0000][1][safepoint    ] Safepoint "Cleanup", Time since last: 1000455600 ns, Reaching safepoint: 449500 ns, At safepoint: 134600 ns, Total: 584100 ns
[2020-04-27T14:04:22.892+0000][1][safepoint    ] Safepoint "Cleanup", Time since last: 1000384300 ns, Reaching safepoint: 449700 ns, At safepoint: 130700 ns, Total: 580400 ns
[2020-04-27T14:04:23.893+0000][1][safepoint    ] Safepoint "Cleanup", Time since last: 1000381000 ns, Reaching safepoint: 426300 ns, At safepoint: 112900 ns, Total: 539200 ns
[2020-04-27T14:04:24.894+0000][1][safepoint    ] Safepoint "Cleanup", Time since last: 1000384100 ns, Reaching safepoint: 502200 ns, At safepoint: 131800 ns, Total: 634000 ns
[2020-04-27T14:04:25.895+0000][1][safepoint    ] Safepoint "Cleanup", Time since last: 1000520100 ns, Reaching safepoint: 386000 ns, At safepoint: 97200 ns, Total: 483200 ns
[2020-04-27T14:04:26.896+0000][1][safepoint    ] Safepoint "Cleanup", Time since last: 1000561000 ns, Reaching safepoint: 212800 ns, At safepoint: 59100 ns, Total: 271900 ns
[2020-04-27T14:04:27.897+0000][1][safepoint    ] Safepoint "Cleanup", Time since last: 1000362500 ns, Reaching safepoint: 428700 ns, At safepoint: 177100 ns, Total: 605800 ns
[2020-04-27T14:04:28.897+0000][1][safepoint    ] Safepoint "Cleanup", Time since last: 1000226400 ns, Reaching safepoint: 158200 ns, At safepoint: 27300 ns, Total: 185500 ns
[2020-04-27T14:04:29.898+0000][1][safepoint    ] Safepoint "Cleanup", Time since last: 1000363500 ns, Reaching safepoint: 510600 ns, At safepoint: 131900 ns, Total: 642500 ns
[2020-04-27T14:04:30.899+0000][1][safepoint    ] Safepoint "Cleanup", Time since last: 1000688800 ns, Reaching safepoint: 212300 ns, At safepoint: 57800 ns, Total: 270100 ns
[2020-04-27T14:04:31.900+0000][1][safepoint    ] Safepoint "Cleanup", Time since last: 1000586400 ns, Reaching safepoint: 452700 ns, At safepoint: 136700 ns, Total: 589400 ns
[2020-04-27T14:04:32.901+0000][1][safepoint    ] Safepoint "Cleanup", Time since last: 1000567000 ns, Reaching safepoint: 153600 ns, At safepoint: 31200 ns, Total: 184800 ns
[2020-04-27T14:04:33.901+0000][1][safepoint    ] Safepoint "Cleanup", Time since last: 1000197100 ns, Reaching safepoint: 143900 ns, At safepoint: 37500 ns, Total: 181400 ns
[2020-04-27T14:04:34.902+0000][1][safepoint    ] Safepoint "Cleanup", Time since last: 1000118100 ns, Reaching safepoint: 129000 ns, At safepoint: 27900 ns, Total: 156900 ns
[2020-04-27T14:04:35.902+0000][1][safepoint    ] Safepoint "Cleanup", Time since last: 1000229000 ns, Reaching safepoint: 239300 ns, At safepoint: 47100 ns, Total: 286400 ns
[2020-04-27T14:04:36.903+0000][1][safepoint    ] Safepoint "Cleanup", Time since last: 1000591800 ns, Reaching safepoint: 590300 ns, At safepoint: 148000 ns, Total: 738300 ns
[2020-04-27T14:04:37.904+0000][1][safepoint    ] Safepoint "Cleanup", Time since last: 1000335300 ns, Reaching safepoint: 259400 ns, At safepoint: 74900 ns, Total: 334300 ns
[2020-04-27T14:04:38.905+0000][1][safepoint    ] Safepoint "Cleanup", Time since last: 1000238000 ns, Reaching safepoint: 249100 ns, At safepoint: 75300 ns, Total: 324400 ns
[2020-04-27T14:04:39.906+0000][1][safepoint    ] Safepoint "Cleanup", Time since last: 1000313400 ns, Reaching safepoint: 427700 ns, At safepoint: 94500 ns, Total: 522200 ns
[2020-04-27T14:04:40.906+0000][1][safepoint    ] Safepoint "Cleanup", Time since last: 1000352000 ns, Reaching safepoint: 247200 ns, At safepoint: 54900 ns, Total: 302100 ns
[2020-04-27T14:04:41.907+0000][1][safepoint    ] Safepoint "Cleanup", Time since last: 1000421000 ns, Reaching safepoint: 449400 ns, At safepoint: 139600 ns, Total: 589000 ns
[2020-04-27T14:04:42.908+0000][1][safepoint    ] Safepoint "Cleanup", Time since last: 1000402500 ns, Reaching safepoint: 452600 ns, At safepoint: 133900 ns, Total: 586500 ns
[2020-04-27T14:04:43.909+0000][1][safepoint    ] Safepoint "Cleanup", Time since last: 1000416700 ns, Reaching safepoint: 449600 ns, At safepoint: 137700 ns, Total: 587300 ns
[2020-04-27T14:04:44.910+0000][1][safepoint    ] Safepoint "Cleanup", Time since last: 1000613900 ns, Reaching safepoint: 429800 ns, At safepoint: 179000 ns, Total: 608800 ns
[2020-04-27T14:04:45.911+0000][1][safepoint    ] Safepoint "Cleanup", Time since last: 1000644400 ns, Reaching safepoint: 200400 ns, At safepoint: 78900 ns, Total: 279300 ns
[2020-04-27T14:04:47.055+0000][1][safepoint    ] Safepoint "Cleanup", Time since last: 1143116100 ns, Reaching safepoint: 508200 ns, At safepoint: 164400 ns, Total: 672600 ns
[2020-04-27T14:04:48.056+0000][1][safepoint    ] Safepoint "Cleanup", Time since last: 1000594400 ns, Reaching safepoint: 455400 ns, At safepoint: 136800 ns, Total: 592200 ns
[2020-04-27T14:04:49.057+0000][1][safepoint    ] Safepoint "Cleanup", Time since last: 1000387800 ns, Reaching safepoint: 141200 ns, At safepoint: 31400 ns, Total: 172600 ns
[2020-04-27T14:04:50.058+0000][1][safepoint    ] Safepoint "Cleanup", Time since last: 1000417000 ns, Reaching safepoint: 249200 ns, At safepoint: 57600 ns, Total: 306800 ns
[2020-04-27T14:04:51.058+0000][1][safepoint    ] Safepoint "Cleanup", Time since last: 1000292400 ns, Reaching safepoint: 322800 ns, At safepoint: 92900 ns, Total: 415700 ns
[2020-04-27T14:04:52.060+0000][1][safepoint    ] Safepoint "Cleanup", Time since last: 1000448200 ns, Reaching safepoint: 753500 ns, At safepoint: 207200 ns, Total: 960700 ns
[2020-04-27T14:04:53.061+0000][1][safepoint    ] Safepoint "Cleanup", Time since last: 1000739700 ns, Reaching safepoint: 433900 ns, At safepoint: 133600 ns, Total: 567500 ns
[2020-04-27T14:04:54.062+0000][1][safepoint    ] Safepoint "Cleanup", Time since last: 1000607900 ns, Reaching safepoint: 464500 ns, At safepoint: 140900 ns, Total: 605400 ns
[2020-04-27T14:04:55.063+0000][1][safepoint    ] Safepoint "Cleanup", Time since last: 1000399100 ns, Reaching safepoint: 432500 ns, At safepoint: 257000 ns, Total: 689500 ns
[2020-04-27T14:04:56.064+0000][1][safepoint    ] Safepoint "Cleanup", Time since last: 1000362700 ns, Reaching safepoint: 455100 ns, At safepoint: 149300 ns, Total: 604400 ns
[2020-04-27T14:04:57.065+0000][1][safepoint    ] Safepoint "Cleanup", Time since last: 1000250500 ns, Reaching safepoint: 242300 ns, At safepoint: 67200 ns, Total: 309500 ns
[2020-04-27T14:04:58.065+0000][1][safepoint    ] Safepoint "Cleanup", Time since last: 1000240400 ns, Reaching safepoint: 261700 ns, At safepoint: 71800 ns, Total: 333500 ns
[2020-04-27T14:04:59.066+0000][1][safepoint    ] Safepoint "Cleanup", Time since last: 1000214800 ns, Reaching safepoint: 160000 ns, At safepoint: 31000 ns, Total: 191000 ns
[2020-04-27T14:05:00.066+0000][1][safepoint    ] Safepoint "Cleanup", Time since last: 1000154700 ns, Reaching safepoint: 202600 ns, At safepoint: 54600 ns, Total: 257200 ns
[2020-04-27T14:05:01.067+0000][1][safepoint    ] Safepoint "Cleanup", Time since last: 1000256300 ns, Reaching safepoint: 235400 ns, At safepoint: 69900 ns, Total: 305300 ns
[2020-04-27T14:05:02.067+0000][1][safepoint    ] Safepoint "Cleanup", Time since last: 1000176300 ns, Reaching safepoint: 169500 ns, At safepoint: 42000 ns, Total: 211500 ns
[2020-04-27T14:05:03.068+0000][1][safepoint    ] Safepoint "Cleanup", Time since last: 1000287200 ns, Reaching safepoint: 261800 ns, At safepoint: 72200 ns, Total: 334000 ns
[2020-04-27T14:05:04.069+0000][1][safepoint    ] Safepoint "Cleanup", Time since last: 1000384900 ns, Reaching safepoint: 588300 ns, At safepoint: 127900 ns, Total: 716200 ns
[2020-04-27T14:05:05.070+0000][1][safepoint    ] Safepoint "Cleanup", Time since last: 1000856100 ns, Reaching safepoint: 458900 ns, At safepoint: 146700 ns, Total: 605600 ns
[2020-04-27T14:05:06.071+0000][1][safepoint    ] Safepoint "Cleanup", Time since last: 1000345300 ns, Reaching safepoint: 421400 ns, At safepoint: 105800 ns, Total: 527200 ns
[2020-04-27T14:05:07.073+0000][1][safepoint    ] Safepoint "Cleanup", Time since last: 1000838300 ns, Reaching safepoint: 459300 ns, At safepoint: 145400 ns, Total: 604700 ns
[2020-04-27T14:05:08.073+0000][1][safepoint    ] Safepoint "Cleanup", Time since last: 1000342100 ns, Reaching safepoint: 242500 ns, At safepoint: 67500 ns, Total: 310000 ns
[2020-04-27T14:05:09.074+0000][1][safepoint    ] Safepoint "Cleanup", Time since last: 1000487700 ns, Reaching safepoint: 450800 ns, At safepoint: 136400 ns, Total: 587200 ns
[2020-04-27T14:05:10.076+0000][1][safepoint    ] Safepoint "Cleanup", Time since last: 1000362000 ns, Reaching safepoint: 520400 ns, At safepoint: 247300 ns, Total: 767700 ns
[2020-04-27T14:05:11.076+0000][1][safepoint    ] Safepoint "Cleanup", Time since last: 1000477500 ns, Reaching safepoint: 318900 ns, At safepoint: 81500 ns, Total: 400400 ns
[2020-04-27T14:05:12.077+0000][1][safepoint    ] Safepoint "Cleanup", Time since last: 1000166100 ns, Reaching safepoint: 198600 ns, At safepoint: 43000 ns, Total: 241600 ns
[2020-04-27T14:05:13.077+0000][1][safepoint    ] Safepoint "Cleanup", Time since last: 1000128900 ns, Reaching safepoint: 145000 ns, At safepoint: 29400 ns, Total: 174400 ns
[2020-04-27T14:05:13.862+0000][1][safepoint    ] Safepoint "RevokeBias", Time since last: 785052300 ns, Reaching safepoint: 135100 ns, At safepoint: 54500 ns, Total: 189600 ns
[2020-04-27T14:05:13.863+0000][1][safepoint    ] Safepoint "RevokeBias", Time since last: 173500 ns, Reaching safepoint: 230800 ns, At safepoint: 95500 ns, Total: 326300 ns
[2020-04-27T14:05:13.863+0000][1][safepoint    ] Safepoint "RevokeBias", Time since last: 159700 ns, Reaching safepoint: 195100 ns, At safepoint: 89500 ns, Total: 284600 ns
[2020-04-27T14:05:13.870+0000][1][safepoint    ] Safepoint "RevokeBias", Time since last: 6303900 ns, Reaching safepoint: 181100 ns, At safepoint: 137700 ns, Total: 318800 ns
[2020-04-27T14:05:13.870+0000][1][safepoint    ] Safepoint "RevokeBias", Time since last: 82700 ns, Reaching safepoint: 226500 ns, At safepoint: 147000 ns, Total: 373500 ns
[2020-04-27T14:05:13.871+0000][1][safepoint    ] Safepoint "RevokeBias", Time since last: 480900 ns, Reaching safepoint: 361600 ns, At safepoint: 92900 ns, Total: 454500 ns
[2020-04-27T14:05:14.872+0000][1][safepoint    ] Safepoint "Cleanup", Time since last: 1000173700 ns, Reaching safepoint: 138800 ns, At safepoint: 28600 ns, Total: 167400 ns
[2020-04-27T14:05:15.872+0000][1][safepoint    ] Safepoint "Cleanup", Time since last: 1000116100 ns, Reaching safepoint: 151900 ns, At safepoint: 27600 ns, Total: 179500 ns
[2020-04-27T14:05:16.872+0000][1][safepoint    ] Safepoint "Cleanup", Time since last: 1000128300 ns, Reaching safepoint: 132600 ns, At safepoint: 28500 ns, Total: 161100 ns
[2020-04-27T14:05:17.873+0000][1][safepoint    ] Safepoint "Cleanup", Time since last: 1000129100 ns, Reaching safepoint: 133000 ns, At safepoint: 26400 ns, Total: 159400 ns
[2020-04-27T14:05:18.873+0000][1][safepoint    ] Safepoint "Cleanup", Time since last: 1000105800 ns, Reaching safepoint: 131600 ns, At safepoint: 28100 ns, Total: 159700 ns
[2020-04-27T14:05:19.874+0000][1][safepoint    ] Safepoint "Cleanup", Time since last: 1000229600 ns, Reaching safepoint: 412600 ns, At safepoint: 123200 ns, Total: 535800 ns
[2020-04-27T14:05:20.875+0000][1][safepoint    ] Safepoint "Cleanup", Time since last: 1000624800 ns, Reaching safepoint: 419400 ns, At safepoint: 128000 ns, Total: 547400 ns
[2020-04-27T14:05:21.875+0000][1][safepoint    ] Safepoint "Cleanup", Time since last: 1000214600 ns, Reaching safepoint: 138400 ns, At safepoint: 28800 ns, Total: 167200 ns
[2020-04-27T14:05:22.875+0000][1][safepoint    ] Safepoint "Cleanup", Time since last: 1000105100 ns, Reaching safepoint: 130600 ns, At safepoint: 27300 ns, Total: 157900 ns
[2020-04-27T14:05:23.876+0000][1][safepoint    ] Safepoint "Cleanup", Time since last: 1000365100 ns, Reaching safepoint: 453500 ns, At safepoint: 134400 ns, Total: 587900 ns
[2020-04-27T14:05:24.877+0000][1][safepoint    ] Safepoint "Cleanup", Time since last: 1000583500 ns, Reaching safepoint: 158800 ns, At safepoint: 39400 ns, Total: 198200 ns
[2020-04-27T14:05:25.878+0000][1][safepoint    ] Safepoint "Cleanup", Time since last: 1000339200 ns, Reaching safepoint: 137900 ns, At safepoint: 27800 ns, Total: 165700 ns
[2020-04-27T14:05:26.878+0000][1][safepoint    ] Safepoint "Cleanup", Time since last: 1000262100 ns, Reaching safepoint: 350600 ns, At safepoint: 99000 ns, Total: 449600 ns
[2020-04-27T14:05:27.879+0000][1][safepoint    ] Safepoint "Cleanup", Time since last: 1000167600 ns, Reaching safepoint: 207300 ns, At safepoint: 42900 ns, Total: 250200 ns
[2020-04-27T14:05:28.879+0000][1][safepoint    ] Safepoint "Cleanup", Time since last: 1000120300 ns, Reaching safepoint: 156700 ns, At safepoint: 45300 ns, Total: 202000 ns
[2020-04-27T14:05:29.879+0000][1][safepoint    ] Safepoint "Cleanup", Time since last: 1000139400 ns, Reaching safepoint: 138500 ns, At safepoint: 26800 ns, Total: 165300 ns
[2020-04-27T14:05:30.880+0000][1][safepoint    ] Safepoint "Cleanup", Time since last: 1000277300 ns, Reaching safepoint: 513700 ns, At safepoint: 169400 ns, Total: 683100 ns
[2020-04-27T14:05:31.882+0000][1][safepoint    ] Safepoint "Cleanup", Time since last: 1000744800 ns, Reaching safepoint: 460900 ns, At safepoint: 138800 ns, Total: 599700 ns
[2020-04-27T14:05:32.882+0000][1][safepoint    ] Safepoint "Cleanup", Time since last: 1000221700 ns, Reaching safepoint: 141400 ns, At safepoint: 29800 ns, Total: 171200 ns
[2020-04-27T14:05:33.883+0000][1][safepoint    ] Safepoint "Cleanup", Time since last: 1000251100 ns, Reaching safepoint: 269600 ns, At safepoint: 74200 ns, Total: 343800 ns
[2020-04-27T14:05:34.884+0000][1][safepoint    ] Safepoint "Cleanup", Time since last: 1000396800 ns, Reaching safepoint: 381500 ns, At safepoint: 108900 ns, Total: 490400 ns
[2020-04-27T14:05:35.884+0000][1][safepoint    ] Safepoint "Cleanup", Time since last: 1000319200 ns, Reaching safepoint: 401700 ns, At safepoint: 144900 ns, Total: 546600 ns
[2020-04-27T14:05:36.886+0000][1][safepoint    ] Safepoint "Cleanup", Time since last: 1000590100 ns, Reaching safepoint: 434200 ns, At safepoint: 134300 ns, Total: 568500 ns
[2020-04-27T14:05:37.887+0000][1][safepoint    ] Safepoint "Cleanup", Time since last: 1000479900 ns, Reaching safepoint: 520700 ns, At safepoint: 136900 ns, Total: 657600 ns
[2020-04-27T14:05:38.887+0000][1][safepoint    ] Safepoint "Cleanup", Time since last: 1000304300 ns, Reaching safepoint: 159600 ns, At safepoint: 36500 ns, Total: 196100 ns
[2020-04-27T14:05:39.888+0000][1][safepoint    ] Safepoint "Cleanup", Time since last: 1000503600 ns, Reaching safepoint: 526500 ns, At safepoint: 135700 ns, Total: 662200 ns
[2020-04-27T14:05:40.889+0000][1][safepoint    ] Safepoint "Cleanup", Time since last: 1000378900 ns, Reaching safepoint: 131400 ns, At safepoint: 26100 ns, Total: 157500 ns
[2020-04-27T14:05:41.890+0000][1][safepoint    ] Safepoint "Cleanup", Time since last: 1000501600 ns, Reaching safepoint: 571500 ns, At safepoint: 133000 ns, Total: 704500 ns
[2020-04-27T14:05:42.891+0000][1][safepoint    ] Safepoint "Cleanup", Time since last: 1000734100 ns, Reaching safepoint: 432500 ns, At safepoint: 177800 ns, Total: 610300 ns
[2020-04-27T14:05:43.892+0000][1][safepoint    ] Safepoint "Cleanup", Time since last: 1000504200 ns, Reaching safepoint: 197200 ns, At safepoint: 49900 ns, Total: 247100 ns
[2020-04-27T14:05:44.893+0000][1][safepoint    ] Safepoint "Cleanup", Time since last: 1000441800 ns, Reaching safepoint: 517000 ns, At safepoint: 137300 ns, Total: 654300 ns
[2020-04-27T14:05:45.894+0000][1][safepoint    ] Safepoint "Cleanup", Time since last: 1000223000 ns, Reaching safepoint: 190300 ns, At safepoint: 37300 ns, Total: 227600 ns
[2020-04-27T14:05:47.121+0000][1][safepoint    ] Safepoint "Cleanup", Time since last: 1227520900 ns, Reaching safepoint: 158100 ns, At safepoint: 39300 ns, Total: 197400 ns
[2020-04-27T14:05:48.123+0000][1][safepoint    ] Safepoint "Cleanup", Time since last: 1000612200 ns, Reaching safepoint: 442800 ns, At safepoint: 212900 ns, Total: 655700 ns
[2020-04-27T14:05:49.124+0000][1][safepoint    ] Safepoint "Cleanup", Time since last: 1000401100 ns, Reaching safepoint: 424400 ns, At safepoint: 140900 ns, Total: 565300 ns
[2020-04-27T14:05:50.124+0000][1][safepoint    ] Safepoint "Cleanup", Time since last: 1000587300 ns, Reaching safepoint: 140900 ns, At safepoint: 33600 ns, Total: 174500 ns
[2020-04-27T14:05:51.125+0000][1][safepoint    ] Safepoint "Cleanup", Time since last: 1000423200 ns, Reaching safepoint: 285000 ns, At safepoint: 69100 ns, Total: 354100 ns
[2020-04-27T14:05:52.126+0000][1][safepoint    ] Safepoint "Cleanup", Time since last: 1000181400 ns, Reaching safepoint: 223800 ns, At safepoint: 42600 ns, Total: 266400 ns
[2020-04-27T14:05:53.127+0000][1][safepoint    ] Safepoint "Cleanup", Time since last: 1000305200 ns, Reaching safepoint: 436600 ns, At safepoint: 133600 ns, Total: 570200 ns
[2020-04-27T14:05:54.127+0000][1][safepoint    ] Safepoint "Cleanup", Time since last: 1000235900 ns, Reaching safepoint: 143500 ns, At safepoint: 28100 ns, Total: 171600 ns
[2020-04-27T14:05:55.127+0000][1][safepoint    ] Safepoint "Cleanup", Time since last: 1000194300 ns, Reaching safepoint: 146400 ns, At safepoint: 33000 ns, Total: 179400 ns
[2020-04-27T14:05:56.128+0000][1][safepoint    ] Safepoint "Cleanup", Time since last: 1000354300 ns, Reaching safepoint: 454700 ns, At safepoint: 305300 ns, Total: 760000 ns
[2020-04-27T14:05:57.130+0000][1][safepoint    ] Safepoint "Cleanup", Time since last: 1000433800 ns, Reaching safepoint: 502000 ns, At safepoint: 138200 ns, Total: 640200 ns
[2020-04-27T14:05:58.130+0000][1][safepoint    ] Safepoint "Cleanup", Time since last: 1000361400 ns, Reaching safepoint: 256500 ns, At safepoint: 73300 ns, Total: 329800 ns
[2020-04-27T14:05:59.132+0000][1][safepoint    ] Safepoint "Cleanup", Time since last: 1000738700 ns, Reaching safepoint: 425500 ns, At safepoint: 133200 ns, Total: 558700 ns
[2020-04-27T14:06:00.132+0000][1][safepoint    ] Safepoint "Cleanup", Time since last: 1000218000 ns, Reaching safepoint: 138900 ns, At safepoint: 28300 ns, Total: 167200 ns
[2020-04-27T14:06:01.132+0000][1][safepoint    ] Safepoint "Cleanup", Time since last: 1000236000 ns, Reaching safepoint: 221700 ns, At safepoint: 66400 ns, Total: 288100 ns
[2020-04-27T14:06:02.133+0000][1][safepoint    ] Safepoint "Cleanup", Time since last: 1000223200 ns, Reaching safepoint: 437100 ns, At safepoint: 68700 ns, Total: 505800 ns
[2020-04-27T14:06:03.134+0000][1][safepoint    ] Safepoint "Cleanup", Time since last: 1000691100 ns, Reaching safepoint: 145600 ns, At safepoint: 30100 ns, Total: 175700 ns
[2020-04-27T14:06:04.135+0000][1][safepoint    ] Safepoint "Cleanup", Time since last: 1000380500 ns, Reaching safepoint: 268900 ns, At safepoint: 86300 ns, Total: 355200 ns
[2020-04-27T14:06:05.135+0000][1][safepoint    ] Safepoint "Cleanup", Time since last: 1000392300 ns, Reaching safepoint: 152200 ns, At safepoint: 31800 ns, Total: 184000 ns
[2020-04-27T14:06:06.136+0000][1][safepoint    ] Safepoint "Cleanup", Time since last: 1000589700 ns, Reaching safepoint: 187900 ns, At safepoint: 44700 ns, Total: 232600 ns
[2020-04-27T14:06:07.138+0000][1][safepoint    ] Safepoint "Cleanup", Time since last: 1000801000 ns, Reaching safepoint: 450400 ns, At safepoint: 142700 ns, Total: 593100 ns
[2020-04-27T14:06:08.139+0000][1][safepoint    ] Safepoint "Cleanup", Time since last: 1000743800 ns, Reaching safepoint: 496000 ns, At safepoint: 137600 ns, Total: 633600 ns
[2020-04-27T14:06:09.140+0000][1][safepoint    ] Safepoint "Cleanup", Time since last: 1000547500 ns, Reaching safepoint: 184100 ns, At safepoint: 41000 ns, Total: 225100 ns
[2020-04-27T14:06:09.618+0000][1][gc,start     ] GC(33) Pause Young (Allocation Failure)
[2020-04-27T14:06:09.618+0000][1][gc,task      ] GC(33) Using 10 workers of 10 for evacuation
[2020-04-27T14:06:09.620+0000][1][gc,age       ] GC(33) Desired survivor size 8945664 bytes, new threshold 6 (max threshold 6)
[2020-04-27T14:06:09.621+0000][1][gc,age       ] GC(33) Age table with threshold 6 (max threshold 6)
[2020-04-27T14:06:09.621+0000][1][gc,age       ] GC(33) - age   1:     192280 bytes,     192280 total
[2020-04-27T14:06:09.621+0000][1][gc,age       ] GC(33) - age   2:     333920 bytes,     526200 total
[2020-04-27T14:06:09.621+0000][1][gc,age       ] GC(33) - age   3:      36600 bytes,     562800 total
[2020-04-27T14:06:09.621+0000][1][gc,age       ] GC(33) - age   4:      11416 bytes,     574216 total
[2020-04-27T14:06:09.621+0000][1][gc,age       ] GC(33) - age   5:      34744 bytes,     608960 total
[2020-04-27T14:06:09.621+0000][1][gc,age       ] GC(33) - age   6:      41296 bytes,     650256 total
[2020-04-27T14:06:09.621+0000][1][gc,heap      ] GC(33) ParNew: 140611K->836K(157248K)
[2020-04-27T14:06:09.621+0000][1][gc,heap      ] GC(33) CMS: 89848K->89962K(349568K)
[2020-04-27T14:06:09.621+0000][1][gc,metaspace ] GC(33) Metaspace: 97150K->97150K(1138688K)
[2020-04-27T14:06:09.621+0000][1][gc           ] GC(33) Pause Young (Allocation Failure) 225M->88M(494M) 3.238ms
[2020-04-27T14:06:09.621+0000][1][gc,cpu       ] GC(33) User=0.01s Sys=0.00s Real=0.01s
[2020-04-27T14:06:09.621+0000][1][safepoint    ] Safepoint "GenCollectForAllocation", Time since last: 477642500 ns, Reaching safepoint: 137000 ns, At safepoint: 3325000 ns, Total: 3462000 ns
[2020-04-27T14:06:10.621+0000][1][safepoint    ] Safepoint "Cleanup", Time since last: 1000393000 ns, Reaching safepoint: 133000 ns, At safepoint: 32000 ns, Total: 165000 ns
[2020-04-27T14:06:11.622+0000][1][safepoint    ] Safepoint "Cleanup", Time since last: 1000537200 ns, Reaching safepoint: 128500 ns, At safepoint: 32200 ns, Total: 160700 ns
[2020-04-27T14:06:12.622+0000][1][safepoint    ] Safepoint "Cleanup", Time since last: 1000136800 ns, Reaching safepoint: 149400 ns, At safepoint: 37600 ns, Total: 187000 ns
[2020-04-27T14:06:13.623+0000][1][safepoint    ] Safepoint "Cleanup", Time since last: 1000133600 ns, Reaching safepoint: 131000 ns, At safepoint: 42200 ns, Total: 173200 ns
[2020-04-27T14:06:14.624+0000][1][safepoint    ] Safepoint "Cleanup", Time since last: 1000445300 ns, Reaching safepoint: 259500 ns, At safepoint: 91700 ns, Total: 351200 ns
[2020-04-27T14:06:15.624+0000][1][safepoint    ] Safepoint "Cleanup", Time since last: 1000229000 ns, Reaching safepoint: 145900 ns, At safepoint: 30200 ns, Total: 176100 ns
[2020-04-27T14:06:15.870+0000][1][safepoint    ] Safepoint "RevokeBias", Time since last: 245977700 ns, Reaching safepoint: 449000 ns, At safepoint: 121100 ns, Total: 570100 ns
[2020-04-27T14:06:15.871+0000][1][safepoint    ] Safepoint "RevokeBias", Time since last: 356700 ns, Reaching safepoint: 193300 ns, At safepoint: 90000 ns, Total: 283300 ns
[2020-04-27T14:06:15.872+0000][1][safepoint    ] Safepoint "BulkRevokeBias", Time since last: 54200 ns, Reaching safepoint: 193200 ns, At safepoint: 704700 ns, Total: 897900 ns
[2020-04-27T14:06:15.877+0000][1][safepoint    ] Safepoint "RevokeBias", Time since last: 5026500 ns, Reaching safepoint: 203000 ns, At safepoint: 106700 ns, Total: 309700 ns
[2020-04-27T14:06:15.878+0000][1][safepoint    ] Safepoint "RevokeBias", Time since last: 337300 ns, Reaching safepoint: 156700 ns, At safepoint: 148300 ns, Total: 305000 ns
[2020-04-27T14:06:15.879+0000][1][safepoint    ] Safepoint "RevokeBias", Time since last: 367900 ns, Reaching safepoint: 337300 ns, At safepoint: 142200 ns, Total: 479500 ns
[2020-04-27T14:06:16.880+0000][1][safepoint    ] Safepoint "Cleanup", Time since last: 1000675300 ns, Reaching safepoint: 429500 ns, At safepoint: 133500 ns, Total: 563000 ns
[2020-04-27T14:06:17.881+0000][1][safepoint    ] Safepoint "Cleanup", Time since last: 1000233800 ns, Reaching safepoint: 136900 ns, At safepoint: 32500 ns, Total: 169400 ns
[2020-04-27T14:06:18.881+0000][1][safepoint    ] Safepoint "Cleanup", Time since last: 1000127600 ns, Reaching safepoint: 193300 ns, At safepoint: 40900 ns, Total: 234200 ns
[2020-04-27T14:06:19.882+0000][1][safepoint    ] Safepoint "Cleanup", Time since last: 1000290200 ns, Reaching safepoint: 519800 ns, At safepoint: 68700 ns, Total: 588500 ns
[2020-04-27T14:06:20.882+0000][1][safepoint    ] Safepoint "Cleanup", Time since last: 1000180200 ns, Reaching safepoint: 131800 ns, At safepoint: 28600 ns, Total: 160400 ns
[2020-04-27T14:06:25.554+0000][1][safepoint    ] Safepoint "Cleanup", Time since last: 4671551800 ns, Reaching safepoint: 398400 ns, At safepoint: 182400 ns, Total: 580800 ns
[2020-04-27T14:06:25.580+0000][1][safepoint    ] Safepoint "RevokeBias", Time since last: 25048700 ns, Reaching safepoint: 217700 ns, At safepoint: 62300 ns, Total: 280000 ns
[2020-04-27T14:06:25.593+0000][1][safepoint    ] Safepoint "RevokeBias", Time since last: 13454400 ns, Reaching safepoint: 379300 ns, At safepoint: 78900 ns, Total: 458200 ns
[2020-04-27T14:06:26.594+0000][1][safepoint    ] Safepoint "Cleanup", Time since last: 1000273100 ns, Reaching safepoint: 408800 ns, At safepoint: 60800 ns, Total: 469600 ns
[2020-04-27T14:06:27.595+0000][1][safepoint    ] Safepoint "Cleanup", Time since last: 1000202700 ns, Reaching safepoint: 225400 ns, At safepoint: 44300 ns, Total: 269700 ns
[2020-04-27T14:06:28.595+0000][1][safepoint    ] Safepoint "Cleanup", Time since last: 1000180300 ns, Reaching safepoint: 448400 ns, At safepoint: 54100 ns, Total: 502500 ns
[2020-04-27T14:06:29.596+0000][1][safepoint    ] Safepoint "Cleanup", Time since last: 1000196900 ns, Reaching safepoint: 316300 ns, At safepoint: 59600 ns, Total: 375900 ns
[2020-04-27T14:06:30.596+0000][1][safepoint    ] Safepoint "Cleanup", Time since last: 1000175900 ns, Reaching safepoint: 248700 ns, At safepoint: 49600 ns, Total: 298300 ns
[2020-04-27T14:06:46.529+0000][1][safepoint    ] Safepoint "Cleanup", Time since last: 15931980700 ns, Reaching safepoint: 430500 ns, At safepoint: 132200 ns, Total: 562700 ns
[2020-04-29T15:42:44.003+0000][1][safepoint    ] Safepoint "Cleanup", Time since last: 1000256400 ns, Reaching safepoint: 261200 ns, At safepoint: 91700 ns, Total: 352900 ns
[2020-04-29T15:42:45.004+0000][1][safepoint    ] Safepoint "Cleanup", Time since last: 1000208200 ns, Reaching safepoint: 445000 ns, At safepoint: 328600 ns, Total: 773600 ns
[2020-04-29T15:42:46.006+0000][1][safepoint    ] Safepoint "Cleanup", Time since last: 1000520700 ns, Reaching safepoint: 546700 ns, At safepoint: 940600 ns, Total: 1487300 ns
[2020-04-29T15:42:46.016+0000][1][safepoint    ] Safepoint "RevokeBias", Time since last: 9427600 ns, Reaching safepoint: 221300 ns, At safepoint: 48400 ns, Total: 269700 ns
[2020-04-29T15:42:46.016+0000][1][safepoint    ] Safepoint "RevokeBias", Time since last: 400000 ns, Reaching safepoint: 349800 ns, At safepoint: 97900 ns, Total: 447700 ns
[2020-04-29T15:42:46.028+0000][1][safepoint    ] Safepoint "RevokeBias", Time since last: 10400500 ns, Reaching safepoint: 464200 ns, At safepoint: 240200 ns, Total: 704400 ns
[2020-04-29T15:42:46.029+0000][1][safepoint    ] Safepoint "RevokeBias", Time since last: 1377900 ns, Reaching safepoint: 423000 ns, At safepoint: 103700 ns, Total: 526700 ns
[2020-04-29T15:42:46.031+0000][1][safepoint    ] Safepoint "RevokeBias", Time since last: 1301200 ns, Reaching safepoint: 267800 ns, At safepoint: 84400 ns, Total: 352200 ns
[2020-04-29T15:42:46.038+0000][1][safepoint    ] Safepoint "RevokeBias", Time since last: 5836500 ns, Reaching safepoint: 398500 ns, At safepoint: 155300 ns, Total: 553800 ns
[2020-04-29T15:42:46.038+0000][1][safepoint    ] Safepoint "RevokeBias", Time since last: 317400 ns, Reaching safepoint: 144400 ns, At safepoint: 58100 ns, Total: 202500 ns
[2020-04-29T15:42:46.039+0000][1][safepoint    ] Safepoint "RevokeBias", Time since last: 226500 ns, Reaching safepoint: 241700 ns, At safepoint: 57400 ns, Total: 299100 ns
[2020-04-29T15:42:46.039+0000][1][safepoint    ] Safepoint "RevokeBias", Time since last: 147600 ns, Reaching safepoint: 216100 ns, At safepoint: 55200 ns, Total: 271300 ns
[2020-04-29T15:42:46.065+0000][1][safepoint    ] Safepoint "RevokeBias", Time since last: 25512100 ns, Reaching safepoint: 481700 ns, At safepoint: 183500 ns, Total: 665200 ns
[2020-04-29T15:42:46.099+0000][1][safepoint    ] Safepoint "RevokeBias", Time since last: 33241300 ns, Reaching safepoint: 392500 ns, At safepoint: 196000 ns, Total: 588500 ns
[2020-04-29T15:42:46.101+0000][1][safepoint    ] Safepoint "RevokeBias", Time since last: 538000 ns, Reaching safepoint: 1185100 ns, At safepoint: 519500 ns, Total: 1704600 ns
[2020-04-29T15:42:46.102+0000][1][safepoint    ] Safepoint "RevokeBias", Time since last: 575000 ns, Reaching safepoint: 356600 ns, At safepoint: 146900 ns, Total: 503500 ns
[2020-04-29T15:42:46.103+0000][1][safepoint    ] Safepoint "RevokeBias", Time since last: 368400 ns, Reaching safepoint: 288000 ns, At safepoint: 107000 ns, Total: 395000 ns
[2020-04-29T15:42:46.104+0000][1][safepoint    ] Safepoint "RevokeBias", Time since last: 378500 ns, Reaching safepoint: 564400 ns, At safepoint: 390000 ns, Total: 954400 ns
[2020-04-29T15:42:46.123+0000][1][safepoint    ] Safepoint "RevokeBias", Time since last: 17612700 ns, Reaching safepoint: 1243100 ns, At safepoint: 95300 ns, Total: 1338400 ns
[2020-04-29T15:42:46.125+0000][1][safepoint    ] Safepoint "RevokeBias", Time since last: 188100 ns, Reaching safepoint: 954400 ns, At safepoint: 376700 ns, Total: 1331100 ns
[2020-04-29T15:42:46.158+0000][1][safepoint    ] Safepoint "RevokeBias", Time since last: 32631500 ns, Reaching safepoint: 338000 ns, At safepoint: 102900 ns, Total: 440900 ns
[2020-04-29T15:42:46.163+0000][1][safepoint    ] Safepoint "RevokeBias", Time since last: 4300200 ns, Reaching safepoint: 255500 ns, At safepoint: 127300 ns, Total: 382800 ns
[2020-04-29T15:42:46.192+0000][1][safepoint    ] Safepoint "RevokeBias", Time since last: 24261700 ns, Reaching safepoint: 4904000 ns, At safepoint: 514700 ns, Total: 5418700 ns
[2020-04-29T15:42:46.210+0000][1][safepoint    ] Safepoint "RevokeBias", Time since last: 16469600 ns, Reaching safepoint: 608100 ns, At safepoint: 230700 ns, Total: 838800 ns
[2020-04-29T15:42:47.004+0000][1][safepoint    ] Safepoint "RevokeBias", Time since last: 794110900 ns, Reaching safepoint: 361800 ns, At safepoint: 175400 ns, Total: 537200 ns
[2020-04-29T15:42:47.011+0000][1][safepoint    ] Safepoint "RevokeBias", Time since last: 5901900 ns, Reaching safepoint: 268500 ns, At safepoint: 59300 ns, Total: 327800 ns
[2020-04-29T15:42:47.011+0000][1][safepoint    ] Safepoint "RevokeBias", Time since last: 218100 ns, Reaching safepoint: 189600 ns, At safepoint: 57800 ns, Total: 247400 ns
[2020-04-29T15:42:47.011+0000][1][safepoint    ] Safepoint "RevokeBias", Time since last: 262100 ns, Reaching safepoint: 126100 ns, At safepoint: 55100 ns, Total: 181200 ns
[2020-04-29T15:42:47.012+0000][1][safepoint    ] Safepoint "RevokeBias", Time since last: 164500 ns, Reaching safepoint: 418700 ns, At safepoint: 195900 ns, Total: 614600 ns
[2020-04-29T15:42:47.042+0000][1][safepoint    ] Safepoint "RevokeBias", Time since last: 28832700 ns, Reaching safepoint: 452500 ns, At safepoint: 139400 ns, Total: 591900 ns
[2020-04-29T15:42:47.047+0000][1][safepoint    ] Safepoint "RevokeBias", Time since last: 4686800 ns, Reaching safepoint: 237800 ns, At safepoint: 60600 ns, Total: 298400 ns
[2020-04-29T15:42:47.072+0000][1][safepoint    ] Safepoint "RevokeBias", Time since last: 24660500 ns, Reaching safepoint: 226500 ns, At safepoint: 100200 ns, Total: 326700 ns
[2020-04-29T15:42:47.074+0000][1][safepoint    ] Safepoint "BulkRevokeBias", Time since last: 1196700 ns, Reaching safepoint: 292200 ns, At safepoint: 1186000 ns, Total: 1478200 ns
[2020-04-29T15:42:47.075+0000][1][safepoint    ] Safepoint "RevokeBias", Time since last: 823100 ns, Reaching safepoint: 263200 ns, At safepoint: 102600 ns, Total: 365800 ns
[2020-04-29T15:42:47.077+0000][1][safepoint    ] Safepoint "RevokeBias", Time since last: 1381800 ns, Reaching safepoint: 391400 ns, At safepoint: 124600 ns, Total: 516000 ns
[2020-04-29T15:42:48.078+0000][1][safepoint    ] Safepoint "Cleanup", Time since last: 1000340500 ns, Reaching safepoint: 313900 ns, At safepoint: 110000 ns, Total: 423900 ns
[2020-04-29T15:42:49.010+0000][1][safepoint    ] Safepoint "RevokeBias", Time since last: 931761200 ns, Reaching safepoint: 357600 ns, At safepoint: 159100 ns, Total: 516700 ns
[2020-04-29T15:42:50.011+0000][1][safepoint    ] Safepoint "Cleanup", Time since last: 1000259000 ns, Reaching safepoint: 257200 ns, At safepoint: 60700 ns, Total: 317900 ns
[2020-04-29T15:42:51.012+0000][1][safepoint    ] Safepoint "Cleanup", Time since last: 1000202500 ns, Reaching safepoint: 343300 ns, At safepoint: 178400 ns, Total: 521700 ns
[2020-04-29T15:42:52.008+0000][1][safepoint    ] Safepoint "RevokeBias", Time since last: 995947100 ns, Reaching safepoint: 418200 ns, At safepoint: 141900 ns, Total: 560100 ns
[2020-04-29T15:42:52.009+0000][1][safepoint    ] Safepoint "RevokeBias", Time since last: 479200 ns, Reaching safepoint: 269000 ns, At safepoint: 70900 ns, Total: 339900 ns
[2020-04-29T15:42:53.010+0000][1][safepoint    ] Safepoint "Cleanup", Time since last: 1000406100 ns, Reaching safepoint: 230300 ns, At safepoint: 80800 ns, Total: 311100 ns
[2020-04-29T15:42:54.010+0000][1][safepoint    ] Safepoint "Cleanup", Time since last: 1000194000 ns, Reaching safepoint: 457000 ns, At safepoint: 90300 ns, Total: 547300 ns
[2020-04-29T15:42:55.011+0000][1][safepoint    ] Safepoint "Cleanup", Time since last: 1000229400 ns, Reaching safepoint: 393100 ns, At safepoint: 109100 ns, Total: 502200 ns
[2020-04-29T15:42:56.012+0000][1][safepoint    ] Safepoint "Cleanup", Time since last: 1000359900 ns, Reaching safepoint: 648000 ns, At safepoint: 150100 ns, Total: 798100 ns
[2020-04-29T15:42:57.013+0000][1][safepoint    ] Safepoint "Cleanup", Time since last: 1000345900 ns, Reaching safepoint: 331600 ns, At safepoint: 98600 ns, Total: 430200 ns
[2020-04-29T15:42:58.014+0000][1][safepoint    ] Safepoint "Cleanup", Time since last: 1000251900 ns, Reaching safepoint: 370000 ns, At safepoint: 123800 ns, Total: 493800 ns
[2020-04-29T15:42:59.014+0000][1][safepoint    ] Safepoint "Cleanup", Time since last: 1000171100 ns, Reaching safepoint: 327600 ns, At safepoint: 81400 ns, Total: 409000 ns
[2020-04-29T15:43:00.015+0000][1][safepoint    ] Safepoint "Cleanup", Time since last: 1000174400 ns, Reaching safepoint: 242200 ns, At safepoint: 84700 ns, Total: 326900 ns
[2020-04-29T15:43:00.529+0000][1][safepoint    ] Safepoint "RevokeBias", Time since last: 513634800 ns, Reaching safepoint: 332900 ns, At safepoint: 104800 ns, Total: 437700 ns
[2020-04-29T15:43:00.558+0000][1][safepoint    ] Safepoint "RevokeBias", Time since last: 28656200 ns, Reaching safepoint: 289000 ns, At safepoint: 168400 ns, Total: 457400 ns
[2020-04-29T15:43:00.559+0000][1][safepoint    ] Safepoint "RevokeBias", Time since last: 310700 ns, Reaching safepoint: 193200 ns, At safepoint: 110400 ns, Total: 303600 ns
[2020-04-29T15:43:00.567+0000][1][safepoint    ] Safepoint "RevokeBias", Time since last: 6558400 ns, Reaching safepoint: 349100 ns, At safepoint: 1272600 ns, Total: 1621700 ns
[2020-04-29T15:43:00.568+0000][1][safepoint    ] Safepoint "RevokeBias", Time since last: 380700 ns, Reaching safepoint: 378700 ns, At safepoint: 295900 ns, Total: 674600 ns
[2020-04-29T15:43:00.569+0000][1][safepoint    ] Safepoint "RevokeBias", Time since last: 396400 ns, Reaching safepoint: 391800 ns, At safepoint: 267500 ns, Total: 659300 ns
[2020-04-29T15:43:00.570+0000][1][safepoint    ] Safepoint "RevokeBias", Time since last: 780000 ns, Reaching safepoint: 389800 ns, At safepoint: 201600 ns, Total: 591400 ns
[2020-04-29T15:43:00.639+0000][1][safepoint    ] Safepoint "RevokeBias", Time since last: 68223600 ns, Reaching safepoint: 418000 ns, At safepoint: 160900 ns, Total: 578900 ns
[2020-04-29T15:43:00.641+0000][1][safepoint    ] Safepoint "RevokeBias", Time since last: 1479700 ns, Reaching safepoint: 222400 ns, At safepoint: 100200 ns, Total: 322600 ns
[2020-04-29T15:43:01.009+0000][1][safepoint    ] Safepoint "RevokeBias", Time since last: 367940900 ns, Reaching safepoint: 230400 ns, At safepoint: 131500 ns, Total: 361900 ns
[2020-04-29T15:43:01.013+0000][1][safepoint    ] Safepoint "RevokeBias", Time since last: 2886700 ns, Reaching safepoint: 242000 ns, At safepoint: 78800 ns, Total: 320800 ns
[2020-04-29T15:43:01.014+0000][1][safepoint    ] Safepoint "BulkRevokeBias", Time since last: 321000 ns, Reaching safepoint: 191700 ns, At safepoint: 1071300 ns, Total: 1263000 ns
[2020-04-29T15:43:01.015+0000][1][safepoint    ] Safepoint "RevokeBias", Time since last: 349000 ns, Reaching safepoint: 311400 ns, At safepoint: 128900 ns, Total: 440300 ns
[2020-04-29T15:43:01.016+0000][1][safepoint    ] Safepoint "RevokeBias", Time since last: 220000 ns, Reaching safepoint: 437900 ns, At safepoint: 214000 ns, Total: 651900 ns
[2020-04-29T15:43:01.022+0000][1][safepoint    ] Safepoint "RevokeBias", Time since last: 6316100 ns, Reaching safepoint: 243400 ns, At safepoint: 93800 ns, Total: 337200 ns
[2020-04-29T15:43:01.035+0000][1][safepoint    ] Safepoint "RevokeBias", Time since last: 12196300 ns, Reaching safepoint: 313400 ns, At safepoint: 128100 ns, Total: 441500 ns
[2020-04-29T15:43:01.041+0000][1][safepoint    ] Safepoint "RevokeBias", Time since last: 5274000 ns, Reaching safepoint: 278400 ns, At safepoint: 166800 ns, Total: 445200 ns
[2020-04-29T15:43:01.043+0000][1][safepoint    ] Safepoint "RevokeBias", Time since last: 2278700 ns, Reaching safepoint: 269800 ns, At safepoint: 121200 ns, Total: 391000 ns
[2020-04-29T15:43:01.046+0000][1][safepoint    ] Safepoint "RevokeBias", Time since last: 1720200 ns, Reaching safepoint: 431300 ns, At safepoint: 213500 ns, Total: 644800 ns
[2020-04-29T15:43:01.046+0000][1][safepoint    ] Safepoint "RevokeBias", Time since last: 213300 ns, Reaching safepoint: 255300 ns, At safepoint: 77100 ns, Total: 332400 ns
[2020-04-29T15:43:01.047+0000][1][safepoint    ] Safepoint "RevokeBias", Time since last: 194100 ns, Reaching safepoint: 196300 ns, At safepoint: 65500 ns, Total: 261800 ns
[2020-04-29T15:43:01.047+0000][1][safepoint    ] Safepoint "RevokeBias", Time since last: 176600 ns, Reaching safepoint: 242800 ns, At safepoint: 122400 ns, Total: 365200 ns
[2020-04-29T15:43:01.048+0000][1][safepoint    ] Safepoint "RevokeBias", Time since last: 165700 ns, Reaching safepoint: 322200 ns, At safepoint: 75500 ns, Total: 397700 ns
[2020-04-29T15:43:01.048+0000][1][safepoint    ] Safepoint "RevokeBias", Time since last: 192600 ns, Reaching safepoint: 184000 ns, At safepoint: 113500 ns, Total: 297500 ns
[2020-04-29T15:43:01.049+0000][1][safepoint    ] Safepoint "RevokeBias", Time since last: 170000 ns, Reaching safepoint: 279900 ns, At safepoint: 139100 ns, Total: 419000 ns
[2020-04-29T15:43:01.050+0000][1][safepoint    ] Safepoint "RevokeBias", Time since last: 181800 ns, Reaching safepoint: 203600 ns, At safepoint: 121400 ns, Total: 325000 ns
[2020-04-29T15:43:01.050+0000][1][safepoint    ] Safepoint "RevokeBias", Time since last: 170300 ns, Reaching safepoint: 176800 ns, At safepoint: 100100 ns, Total: 276900 ns
[2020-04-29T15:43:01.063+0000][1][safepoint    ] Safepoint "RevokeBias", Time since last: 10094700 ns, Reaching safepoint: 525300 ns, At safepoint: 2220100 ns, Total: 2745400 ns
[2020-04-29T15:43:01.093+0000][1][safepoint    ] Safepoint "RevokeBias", Time since last: 29740200 ns, Reaching safepoint: 303500 ns, At safepoint: 86100 ns, Total: 389600 ns
[2020-04-29T15:43:01.094+0000][1][safepoint    ] Safepoint "RevokeBias", Time since last: 641500 ns, Reaching safepoint: 287400 ns, At safepoint: 81400 ns, Total: 368800 ns
[2020-04-29T15:43:02.044+0000][1][safepoint    ] Safepoint "RevokeBias", Time since last: 949234800 ns, Reaching safepoint: 675300 ns, At safepoint: 133800 ns, Total: 809100 ns
[2020-04-29T15:43:03.045+0000][1][safepoint    ] Safepoint "Cleanup", Time since last: 1000298100 ns, Reaching safepoint: 235300 ns, At safepoint: 158100 ns, Total: 393400 ns
[2020-04-29T15:43:04.172+0000][1][safepoint    ] Safepoint "Cleanup", Time since last: 1126657900 ns, Reaching safepoint: 244200 ns, At safepoint: 100100 ns, Total: 344300 ns
[2020-04-29T15:43:05.172+0000][1][safepoint    ] Safepoint "Cleanup", Time since last: 1000260000 ns, Reaching safepoint: 169100 ns, At safepoint: 57200 ns, Total: 226300 ns
[2020-04-29T15:43:06.173+0000][1][safepoint    ] Safepoint "Cleanup", Time since last: 1000196700 ns, Reaching safepoint: 300400 ns, At safepoint: 78600 ns, Total: 379000 ns
[2020-04-29T15:43:07.173+0000][1][safepoint    ] Safepoint "Cleanup", Time since last: 1000235400 ns, Reaching safepoint: 323600 ns, At safepoint: 73600 ns, Total: 397200 ns
[2020-04-29T15:43:08.174+0000][1][safepoint    ] Safepoint "Cleanup", Time since last: 1000197300 ns, Reaching safepoint: 267600 ns, At safepoint: 93000 ns, Total: 360600 ns
[2020-04-29T15:43:09.175+0000][1][safepoint    ] Safepoint "Cleanup", Time since last: 1000249100 ns, Reaching safepoint: 330500 ns, At safepoint: 111300 ns, Total: 441800 ns
[2020-04-29T15:43:10.176+0000][1][safepoint    ] Safepoint "Cleanup", Time since last: 1000355100 ns, Reaching safepoint: 588500 ns, At safepoint: 158000 ns, Total: 746500 ns
[2020-04-29T15:43:11.176+0000][1][safepoint    ] Safepoint "Cleanup", Time since last: 1000252200 ns, Reaching safepoint: 155000 ns, At safepoint: 58500 ns, Total: 213500 ns
[2020-04-29T15:43:12.177+0000][1][safepoint    ] Safepoint "Cleanup", Time since last: 1000213200 ns, Reaching safepoint: 167500 ns, At safepoint: 76800 ns, Total: 244300 ns
[2020-04-29T15:43:14.004+0000][1][safepoint    ] Safepoint "Cleanup", Time since last: 1827085400 ns, Reaching safepoint: 147600 ns, At safepoint: 55300 ns, Total: 202900 ns
[2020-04-29T15:43:15.004+0000][1][safepoint    ] Safepoint "Cleanup", Time since last: 1000219300 ns, Reaching safepoint: 138800 ns, At safepoint: 40800 ns, Total: 179600 ns
[2020-04-29T15:43:16.005+0000][1][safepoint    ] Safepoint "Cleanup", Time since last: 1000184700 ns, Reaching safepoint: 140300 ns, At safepoint: 53700 ns, Total: 194000 ns
[2020-04-29T15:43:17.005+0000][1][safepoint    ] Safepoint "Cleanup", Time since last: 1000270000 ns, Reaching safepoint: 315800 ns, At safepoint: 94400 ns, Total: 410200 ns
[2020-04-29T15:43:18.006+0000][1][safepoint    ] Safepoint "Cleanup", Time since last: 1000219600 ns, Reaching safepoint: 135600 ns, At safepoint: 78400 ns, Total: 214000 ns
[2020-04-29T15:43:19.006+0000][1][safepoint    ] Safepoint "Cleanup", Time since last: 1000166000 ns, Reaching safepoint: 192900 ns, At safepoint: 64000 ns, Total: 256900 ns
[2020-04-29T15:43:20.007+0000][1][safepoint    ] Safepoint "Cleanup", Time since last: 1000218200 ns, Reaching safepoint: 137000 ns, At safepoint: 54400 ns, Total: 191400 ns
[2020-04-29T15:43:21.007+0000][1][safepoint    ] Safepoint "Cleanup", Time since last: 1000197200 ns, Reaching safepoint: 257300 ns, At safepoint: 69700 ns, Total: 327000 ns
[2020-04-29T15:43:22.008+0000][1][safepoint    ] Safepoint "Cleanup", Time since last: 1000228500 ns, Reaching safepoint: 155400 ns, At safepoint: 44300 ns, Total: 199700 ns
[2020-04-29T15:43:23.008+0000][1][safepoint    ] Safepoint "Cleanup", Time since last: 1000119800 ns, Reaching safepoint: 135400 ns, At safepoint: 38100 ns, Total: 173500 ns
[2020-04-29T15:43:24.008+0000][1][safepoint    ] Safepoint "Cleanup", Time since last: 1000236900 ns, Reaching safepoint: 229000 ns, At safepoint: 66800 ns, Total: 295800 ns
[2020-04-29T15:43:25.009+0000][1][safepoint    ] Safepoint "Cleanup", Time since last: 1000289000 ns, Reaching safepoint: 137000 ns, At safepoint: 50200 ns, Total: 187200 ns
[2020-04-29T15:43:26.009+0000][1][safepoint    ] Safepoint "Cleanup", Time since last: 1000143400 ns, Reaching safepoint: 145000 ns, At safepoint: 55200 ns, Total: 200200 ns
[2020-04-29T15:43:27.010+0000][1][safepoint    ] Safepoint "Cleanup", Time since last: 1000162400 ns, Reaching safepoint: 137200 ns, At safepoint: 37900 ns, Total: 175100 ns
[2020-04-29T15:43:28.010+0000][1][safepoint    ] Safepoint "Cleanup", Time since last: 1000178300 ns, Reaching safepoint: 137300 ns, At safepoint: 49100 ns, Total: 186400 ns
[2020-04-29T15:43:29.010+0000][1][safepoint    ] Safepoint "Cleanup", Time since last: 1000191400 ns, Reaching safepoint: 148600 ns, At safepoint: 50000 ns, Total: 198600 ns
[2020-04-29T15:43:30.011+0000][1][safepoint    ] Safepoint "Cleanup", Time since last: 1000173700 ns, Reaching safepoint: 138100 ns, At safepoint: 53400 ns, Total: 191500 ns
[2020-04-29T15:43:31.011+0000][1][safepoint    ] Safepoint "Cleanup", Time since last: 1000223600 ns, Reaching safepoint: 144400 ns, At safepoint: 78500 ns, Total: 222900 ns
[2020-04-29T15:43:32.012+0000][1][safepoint    ] Safepoint "Cleanup", Time since last: 1000181300 ns, Reaching safepoint: 202900 ns, At safepoint: 87400 ns, Total: 290300 ns
[2020-04-29T15:43:33.012+0000][1][safepoint    ] Safepoint "Cleanup", Time since last: 1000154000 ns, Reaching safepoint: 205700 ns, At safepoint: 65800 ns, Total: 271500 ns
[2020-04-29T15:43:33.047+0000][1][gc,start     ] GC(34) Pause Young (Allocation Failure)
[2020-04-29T15:43:33.047+0000][1][gc,task      ] GC(34) Using 10 workers of 10 for evacuation
[2020-04-29T15:43:33.051+0000][1][gc,age       ] GC(34) Desired survivor size 8945664 bytes, new threshold 6 (max threshold 6)
[2020-04-29T15:43:33.051+0000][1][gc,age       ] GC(34) Age table with threshold 6 (max threshold 6)
[2020-04-29T15:43:33.051+0000][1][gc,age       ] GC(34) - age   1:    1034992 bytes,    1034992 total
[2020-04-29T15:43:33.051+0000][1][gc,age       ] GC(34) - age   2:     125720 bytes,    1160712 total
[2020-04-29T15:43:33.051+0000][1][gc,age       ] GC(34) - age   3:     234680 bytes,    1395392 total
[2020-04-29T15:43:33.051+0000][1][gc,age       ] GC(34) - age   4:      36568 bytes,    1431960 total
[2020-04-29T15:43:33.051+0000][1][gc,age       ] GC(34) - age   5:      11320 bytes,    1443280 total
[2020-04-29T15:43:33.051+0000][1][gc,age       ] GC(34) - age   6:      34640 bytes,    1477920 total
[2020-04-29T15:43:33.051+0000][1][gc,heap      ] GC(34) ParNew: 140612K->1569K(157248K)
[2020-04-29T15:43:33.051+0000][1][gc,heap      ] GC(34) CMS: 89962K->90003K(349568K)
[2020-04-29T15:43:33.051+0000][1][gc,metaspace ] GC(34) Metaspace: 97284K->97284K(1138688K)
[2020-04-29T15:43:33.051+0000][1][gc           ] GC(34) Pause Young (Allocation Failure) 225M->89M(494M) 3.594ms
[2020-04-29T15:43:33.051+0000][1][gc,cpu       ] GC(34) User=0.01s Sys=0.00s Real=0.00s
[2020-04-29T15:43:33.051+0000][1][safepoint    ] Safepoint "GenCollectForAllocation", Time since last: 35082000 ns, Reaching safepoint: 133200 ns, At safepoint: 3718600 ns, Total: 3851800 ns
[2020-04-29T15:43:34.051+0000][1][safepoint    ] Safepoint "Cleanup", Time since last: 1000183300 ns, Reaching safepoint: 212500 ns, At safepoint: 79200 ns, Total: 291700 ns
[2020-04-29T15:43:35.052+0000][1][safepoint    ] Safepoint "Cleanup", Time since last: 1000169200 ns, Reaching safepoint: 150200 ns, At safepoint: 139100 ns, Total: 289300 ns
[2020-04-29T15:43:36.053+0000][1][safepoint    ] Safepoint "Cleanup", Time since last: 1000325500 ns, Reaching safepoint: 202400 ns, At safepoint: 85500 ns, Total: 287900 ns
[2020-04-29T15:43:37.053+0000][1][safepoint    ] Safepoint "Cleanup", Time since last: 1000179300 ns, Reaching safepoint: 187000 ns, At safepoint: 63800 ns, Total: 250800 ns
[2020-04-29T15:43:38.053+0000][1][safepoint    ] Safepoint "Cleanup", Time since last: 1000165300 ns, Reaching safepoint: 221000 ns, At safepoint: 51800 ns, Total: 272800 ns
[2020-04-29T15:43:39.054+0000][1][safepoint    ] Safepoint "Cleanup", Time since last: 1000171800 ns, Reaching safepoint: 398400 ns, At safepoint: 74500 ns, Total: 472900 ns
[2020-04-29T15:43:41.031+0000][1][safepoint    ] Safepoint "Cleanup", Time since last: 1976748800 ns, Reaching safepoint: 138800 ns, At safepoint: 43700 ns, Total: 182500 ns
[2020-04-29T15:43:42.031+0000][1][safepoint    ] Safepoint "Cleanup", Time since last: 1000185400 ns, Reaching safepoint: 135200 ns, At safepoint: 43200 ns, Total: 178400 ns
[2020-04-29T15:43:43.032+0000][1][safepoint    ] Safepoint "Cleanup", Time since last: 1000148900 ns, Reaching safepoint: 130900 ns, At safepoint: 96100 ns, Total: 227000 ns
[2020-04-29T15:43:44.032+0000][1][safepoint    ] Safepoint "Cleanup", Time since last: 1000226800 ns, Reaching safepoint: 151200 ns, At safepoint: 59200 ns, Total: 210400 ns
[2020-04-29T15:43:45.033+0000][1][safepoint    ] Safepoint "Cleanup", Time since last: 1000184100 ns, Reaching safepoint: 138200 ns, At safepoint: 53400 ns, Total: 191600 ns
[2020-04-29T15:43:46.033+0000][1][safepoint    ] Safepoint "Cleanup", Time since last: 1000137300 ns, Reaching safepoint: 136300 ns, At safepoint: 59000 ns, Total: 195300 ns
[2020-04-29T15:43:47.033+0000][1][safepoint    ] Safepoint "Cleanup", Time since last: 1000152100 ns, Reaching safepoint: 127100 ns, At safepoint: 36900 ns, Total: 164000 ns
[2020-04-29T15:43:48.034+0000][1][safepoint    ] Safepoint "Cleanup", Time since last: 1000200500 ns, Reaching safepoint: 135200 ns, At safepoint: 40700 ns, Total: 175900 ns
[2020-04-29T15:43:49.034+0000][1][safepoint    ] Safepoint "Cleanup", Time since last: 1000210600 ns, Reaching safepoint: 160400 ns, At safepoint: 65200 ns, Total: 225600 ns
[2020-04-29T15:43:50.034+0000][1][safepoint    ] Safepoint "Cleanup", Time since last: 1000160300 ns, Reaching safepoint: 129700 ns, At safepoint: 41700 ns, Total: 171400 ns
[2020-04-29T15:43:51.035+0000][1][safepoint    ] Safepoint "Cleanup", Time since last: 1000107000 ns, Reaching safepoint: 130000 ns, At safepoint: 39300 ns, Total: 169300 ns
[2020-04-29T15:43:52.035+0000][1][safepoint    ] Safepoint "Cleanup", Time since last: 1000182100 ns, Reaching safepoint: 189500 ns, At safepoint: 69600 ns, Total: 259100 ns
[2020-04-29T15:43:53.036+0000][1][safepoint    ] Safepoint "Cleanup", Time since last: 1000315800 ns, Reaching safepoint: 661700 ns, At safepoint: 135100 ns, Total: 796800 ns
[2020-04-29T15:43:54.037+0000][1][safepoint    ] Safepoint "Cleanup", Time since last: 1000427700 ns, Reaching safepoint: 183200 ns, At safepoint: 54200 ns, Total: 237400 ns
[2020-04-29T15:43:55.039+0000][1][safepoint    ] Safepoint "Cleanup", Time since last: 1000248700 ns, Reaching safepoint: 1529100 ns, At safepoint: 667200 ns, Total: 2196300 ns
[2020-04-29T15:43:56.040+0000][1][safepoint    ] Safepoint "Cleanup", Time since last: 1000311100 ns, Reaching safepoint: 234300 ns, At safepoint: 56000 ns, Total: 290300 ns
[2020-04-29T15:43:57.041+0000][1][safepoint    ] Safepoint "Cleanup", Time since last: 1000272500 ns, Reaching safepoint: 336800 ns, At safepoint: 88400 ns, Total: 425200 ns
[2020-04-29T15:43:58.041+0000][1][safepoint    ] Safepoint "Cleanup", Time since last: 1000215300 ns, Reaching safepoint: 304800 ns, At safepoint: 141100 ns, Total: 445900 ns
[2020-04-29T15:43:59.042+0000][1][safepoint    ] Safepoint "Cleanup", Time since last: 1000194400 ns, Reaching safepoint: 782900 ns, At safepoint: 85000 ns, Total: 867900 ns
[2020-04-29T15:44:00.043+0000][1][safepoint    ] Safepoint "Cleanup", Time since last: 1000204000 ns, Reaching safepoint: 207800 ns, At safepoint: 88800 ns, Total: 296600 ns
[2020-04-29T15:44:01.043+0000][1][safepoint    ] Safepoint "Cleanup", Time since last: 1000208700 ns, Reaching safepoint: 152900 ns, At safepoint: 62400 ns, Total: 215300 ns
[2020-04-29T15:44:02.044+0000][1][safepoint    ] Safepoint "Cleanup", Time since last: 1000291700 ns, Reaching safepoint: 294700 ns, At safepoint: 51600 ns, Total: 346300 ns
[2020-04-29T15:44:03.044+0000][1][safepoint    ] Safepoint "Cleanup", Time since last: 1000177900 ns, Reaching safepoint: 178300 ns, At safepoint: 49300 ns, Total: 227600 ns
[2020-04-29T15:44:04.045+0000][1][safepoint    ] Safepoint "Cleanup", Time since last: 1000287500 ns, Reaching safepoint: 599500 ns, At safepoint: 157600 ns, Total: 757100 ns
[2020-04-29T15:44:05.047+0000][1][safepoint    ] Safepoint "Cleanup", Time since last: 1000835900 ns, Reaching safepoint: 536700 ns, At safepoint: 115800 ns, Total: 652500 ns
[2020-04-29T15:44:06.047+0000][1][safepoint    ] Safepoint "Cleanup", Time since last: 1000222500 ns, Reaching safepoint: 342600 ns, At safepoint: 70300 ns, Total: 412900 ns
[2020-04-29T15:44:07.048+0000][1][safepoint    ] Safepoint "Cleanup", Time since last: 1000203200 ns, Reaching safepoint: 262000 ns, At safepoint: 83300 ns, Total: 345300 ns
[2020-04-29T15:44:08.049+0000][1][safepoint    ] Safepoint "Cleanup", Time since last: 1000251800 ns, Reaching safepoint: 563900 ns, At safepoint: 240200 ns, Total: 804100 ns
[2020-04-29T15:44:09.050+0000][1][safepoint    ] Safepoint "Cleanup", Time since last: 1000249400 ns, Reaching safepoint: 143800 ns, At safepoint: 68800 ns, Total: 212600 ns
[2020-04-29T15:44:10.050+0000][1][safepoint    ] Safepoint "Cleanup", Time since last: 1000239600 ns, Reaching safepoint: 325600 ns, At safepoint: 58100 ns, Total: 383700 ns
[2020-04-29T15:44:11.051+0000][1][safepoint    ] Safepoint "Cleanup", Time since last: 1000192900 ns, Reaching safepoint: 279300 ns, At safepoint: 187300 ns, Total: 466600 ns
[2020-04-29T15:44:12.051+0000][1][safepoint    ] Safepoint "Cleanup", Time since last: 1000252500 ns, Reaching safepoint: 136800 ns, At safepoint: 47600 ns, Total: 184400 ns
[2020-04-29T15:44:13.052+0000][1][safepoint    ] Safepoint "Cleanup", Time since last: 1000169000 ns, Reaching safepoint: 269000 ns, At safepoint: 107400 ns, Total: 376400 ns
[2020-04-29T15:44:14.052+0000][1][safepoint    ] Safepoint "Cleanup", Time since last: 1000180400 ns, Reaching safepoint: 308100 ns, At safepoint: 61700 ns, Total: 369800 ns
[2020-04-29T15:44:15.053+0000][1][safepoint    ] Safepoint "Cleanup", Time since last: 1000184900 ns, Reaching safepoint: 153400 ns, At safepoint: 46300 ns, Total: 199700 ns
[2020-04-29T15:44:16.053+0000][1][safepoint    ] Safepoint "Cleanup", Time since last: 1000191200 ns, Reaching safepoint: 153400 ns, At safepoint: 41000 ns, Total: 194400 ns
[2020-04-29T15:44:17.055+0000][1][safepoint    ] Safepoint "Cleanup", Time since last: 1000762200 ns, Reaching safepoint: 430400 ns, At safepoint: 198000 ns, Total: 628400 ns
[2020-04-29T15:44:18.055+0000][1][safepoint    ] Safepoint "Cleanup", Time since last: 1000187800 ns, Reaching safepoint: 140800 ns, At safepoint: 70400 ns, Total: 211200 ns
[2020-04-29T15:44:19.055+0000][1][safepoint    ] Safepoint "Cleanup", Time since last: 1000152800 ns, Reaching safepoint: 157200 ns, At safepoint: 49100 ns, Total: 206300 ns
[2020-04-29T15:44:20.056+0000][1][safepoint    ] Safepoint "Cleanup", Time since last: 1000176800 ns, Reaching safepoint: 139900 ns, At safepoint: 55300 ns, Total: 195200 ns
[2020-04-29T15:44:21.056+0000][1][safepoint    ] Safepoint "Cleanup", Time since last: 1000143200 ns, Reaching safepoint: 251300 ns, At safepoint: 77000 ns, Total: 328300 ns
[2020-04-29T15:44:22.057+0000][1][safepoint    ] Safepoint "Cleanup", Time since last: 1000175000 ns, Reaching safepoint: 207000 ns, At safepoint: 58000 ns, Total: 265000 ns
[2020-04-29T15:44:23.057+0000][1][safepoint    ] Safepoint "Cleanup", Time since last: 1000226600 ns, Reaching safepoint: 210300 ns, At safepoint: 90000 ns, Total: 300300 ns
[2020-04-29T15:44:24.057+0000][1][safepoint    ] Safepoint "Cleanup", Time since last: 1000139300 ns, Reaching safepoint: 137300 ns, At safepoint: 40900 ns, Total: 178200 ns
[2020-04-29T15:44:25.058+0000][1][safepoint    ] Safepoint "Cleanup", Time since last: 1000166400 ns, Reaching safepoint: 257100 ns, At safepoint: 70000 ns, Total: 327100 ns
[2020-04-29T15:44:26.058+0000][1][safepoint    ] Safepoint "Cleanup", Time since last: 1000185500 ns, Reaching safepoint: 132900 ns, At safepoint: 64200 ns, Total: 197100 ns
[2020-04-29T15:44:27.059+0000][1][safepoint    ] Safepoint "Cleanup", Time since last: 1000134400 ns, Reaching safepoint: 132500 ns, At safepoint: 45300 ns, Total: 177800 ns
[2020-04-29T15:44:28.059+0000][1][safepoint    ] Safepoint "Cleanup", Time since last: 1000122700 ns, Reaching safepoint: 147700 ns, At safepoint: 81800 ns, Total: 229500 ns
[2020-04-29T15:44:29.060+0000][1][safepoint    ] Safepoint "Cleanup", Time since last: 1000539200 ns, Reaching safepoint: 231800 ns, At safepoint: 97600 ns, Total: 329400 ns
[2020-04-29T15:44:30.061+0000][1][safepoint    ] Safepoint "Cleanup", Time since last: 1000328000 ns, Reaching safepoint: 258700 ns, At safepoint: 136900 ns, Total: 395600 ns
[2020-04-29T15:44:31.061+0000][1][safepoint    ] Safepoint "Cleanup", Time since last: 1000174700 ns, Reaching safepoint: 139800 ns, At safepoint: 53200 ns, Total: 193000 ns
[2020-04-29T15:44:32.062+0000][1][safepoint    ] Safepoint "Cleanup", Time since last: 1000272400 ns, Reaching safepoint: 248600 ns, At safepoint: 95300 ns, Total: 343900 ns
[2020-04-29T15:44:33.062+0000][1][safepoint    ] Safepoint "Cleanup", Time since last: 1000226500 ns, Reaching safepoint: 236100 ns, At safepoint: 39300 ns, Total: 275400 ns
[2020-04-29T15:44:34.062+0000][1][safepoint    ] Safepoint "Cleanup", Time since last: 1000117100 ns, Reaching safepoint: 134200 ns, At safepoint: 45700 ns, Total: 179900 ns
[2020-04-29T15:44:35.063+0000][1][safepoint    ] Safepoint "Cleanup", Time since last: 1000215000 ns, Reaching safepoint: 135900 ns, At safepoint: 42200 ns, Total: 178100 ns
[2020-04-29T15:44:36.063+0000][1][safepoint    ] Safepoint "Cleanup", Time since last: 1000184700 ns, Reaching safepoint: 140100 ns, At safepoint: 68800 ns, Total: 208900 ns
[2020-04-29T15:44:37.064+0000][1][safepoint    ] Safepoint "Cleanup", Time since last: 1000233900 ns, Reaching safepoint: 137300 ns, At safepoint: 49700 ns, Total: 187000 ns
[2020-04-29T15:44:38.064+0000][1][safepoint    ] Safepoint "Cleanup", Time since last: 1000133900 ns, Reaching safepoint: 159800 ns, At safepoint: 42500 ns, Total: 202300 ns
[2020-04-29T15:44:39.064+0000][1][safepoint    ] Safepoint "Cleanup", Time since last: 1000140400 ns, Reaching safepoint: 159100 ns, At safepoint: 45600 ns, Total: 204700 ns
[2020-04-29T15:44:40.065+0000][1][safepoint    ] Safepoint "Cleanup", Time since last: 1000177200 ns, Reaching safepoint: 137400 ns, At safepoint: 51000 ns, Total: 188400 ns
[2020-04-29T15:44:41.066+0000][1][safepoint    ] Safepoint "Cleanup", Time since last: 1000253900 ns, Reaching safepoint: 578900 ns, At safepoint: 109100 ns, Total: 688000 ns
[2020-04-29T15:44:42.066+0000][1][safepoint    ] Safepoint "Cleanup", Time since last: 1000191300 ns, Reaching safepoint: 138800 ns, At safepoint: 53300 ns, Total: 192100 ns
[2020-04-29T15:44:43.066+0000][1][safepoint    ] Safepoint "Cleanup", Time since last: 1000123100 ns, Reaching safepoint: 139200 ns, At safepoint: 47400 ns, Total: 186600 ns
[2020-04-29T15:44:44.067+0000][1][safepoint    ] Safepoint "Cleanup", Time since last: 1000149000 ns, Reaching safepoint: 141600 ns, At safepoint: 44000 ns, Total: 185600 ns
[2020-04-29T15:44:45.067+0000][1][safepoint    ] Safepoint "Cleanup", Time since last: 1000149200 ns, Reaching safepoint: 142300 ns, At safepoint: 71800 ns, Total: 214100 ns
[2020-04-29T15:44:46.067+0000][1][safepoint    ] Safepoint "Cleanup", Time since last: 1000141500 ns, Reaching safepoint: 142500 ns, At safepoint: 44800 ns, Total: 187300 ns
[2020-04-29T15:44:47.068+0000][1][safepoint    ] Safepoint "Cleanup", Time since last: 1000308200 ns, Reaching safepoint: 284900 ns, At safepoint: 111900 ns, Total: 396800 ns
[2020-04-29T15:44:48.068+0000][1][safepoint    ] Safepoint "Cleanup", Time since last: 1000152900 ns, Reaching safepoint: 134400 ns, At safepoint: 66800 ns, Total: 201200 ns
[2020-04-29T15:44:49.069+0000][1][safepoint    ] Safepoint "Cleanup", Time since last: 1000258400 ns, Reaching safepoint: 253600 ns, At safepoint: 100700 ns, Total: 354300 ns
[2020-04-29T15:44:50.070+0000][1][safepoint    ] Safepoint "Cleanup", Time since last: 1000369400 ns, Reaching safepoint: 399900 ns, At safepoint: 141000 ns, Total: 540900 ns
[2020-04-29T15:44:51.071+0000][1][safepoint    ] Safepoint "Cleanup", Time since last: 1000395500 ns, Reaching safepoint: 238300 ns, At safepoint: 83000 ns, Total: 321300 ns
[2020-04-29T15:44:52.071+0000][1][safepoint    ] Safepoint "Cleanup", Time since last: 1000285200 ns, Reaching safepoint: 137600 ns, At safepoint: 47500 ns, Total: 185100 ns
[2020-04-29T15:44:53.072+0000][1][safepoint    ] Safepoint "Cleanup", Time since last: 1000534300 ns, Reaching safepoint: 230600 ns, At safepoint: 88100 ns, Total: 318700 ns
[2020-04-29T15:44:54.072+0000][1][safepoint    ] Safepoint "Cleanup", Time since last: 1000152800 ns, Reaching safepoint: 165900 ns, At safepoint: 50700 ns, Total: 216600 ns
[2020-04-29T15:44:55.073+0000][1][safepoint    ] Safepoint "Cleanup", Time since last: 1000181500 ns, Reaching safepoint: 136000 ns, At safepoint: 74100 ns, Total: 210100 ns
[2020-04-29T15:44:56.073+0000][1][safepoint    ] Safepoint "Cleanup", Time since last: 1000309100 ns, Reaching safepoint: 349500 ns, At safepoint: 143600 ns, Total: 493100 ns
[2020-04-29T15:44:57.074+0000][1][safepoint    ] Safepoint "Cleanup", Time since last: 1000747600 ns, Reaching safepoint: 141500 ns, At safepoint: 59400 ns, Total: 200900 ns
[2020-04-29T15:44:58.075+0000][1][safepoint    ] Safepoint "Cleanup", Time since last: 1000566500 ns, Reaching safepoint: 269900 ns, At safepoint: 123500 ns, Total: 393400 ns
[2020-04-29T15:44:59.076+0000][1][safepoint    ] Safepoint "Cleanup", Time since last: 1000408600 ns, Reaching safepoint: 155000 ns, At safepoint: 51200 ns, Total: 206200 ns
[2020-04-29T15:45:00.076+0000][1][safepoint    ] Safepoint "Cleanup", Time since last: 1000191400 ns, Reaching safepoint: 145400 ns, At safepoint: 57900 ns, Total: 203300 ns
[2020-04-29T15:45:01.077+0000][1][safepoint    ] Safepoint "Cleanup", Time since last: 1000183500 ns, Reaching safepoint: 345600 ns, At safepoint: 159100 ns, Total: 504700 ns
[2020-04-29T15:45:02.078+0000][1][safepoint    ] Safepoint "Cleanup", Time since last: 1000288300 ns, Reaching safepoint: 316800 ns, At safepoint: 58300 ns, Total: 375100 ns
[2020-04-29T15:45:03.078+0000][1][safepoint    ] Safepoint "Cleanup", Time since last: 1000144400 ns, Reaching safepoint: 143700 ns, At safepoint: 55400 ns, Total: 199100 ns
[2020-04-29T15:45:04.078+0000][1][safepoint    ] Safepoint "Cleanup", Time since last: 1000166000 ns, Reaching safepoint: 158300 ns, At safepoint: 63300 ns, Total: 221600 ns
[2020-04-29T15:45:05.079+0000][1][safepoint    ] Safepoint "Cleanup", Time since last: 1000331700 ns, Reaching safepoint: 346400 ns, At safepoint: 154500 ns, Total: 500900 ns
[2020-04-29T15:45:06.080+0000][1][safepoint    ] Safepoint "Cleanup", Time since last: 1000227600 ns, Reaching safepoint: 140800 ns, At safepoint: 55300 ns, Total: 196100 ns
[2020-04-29T15:45:07.080+0000][1][safepoint    ] Safepoint "Cleanup", Time since last: 1000163200 ns, Reaching safepoint: 144000 ns, At safepoint: 85600 ns, Total: 229600 ns
[2020-04-29T15:45:08.080+0000][1][safepoint    ] Safepoint "Cleanup", Time since last: 1000174700 ns, Reaching safepoint: 132000 ns, At safepoint: 45700 ns, Total: 177700 ns
[2020-04-29T15:45:09.081+0000][1][safepoint    ] Safepoint "Cleanup", Time since last: 1000530100 ns, Reaching safepoint: 335600 ns, At safepoint: 156900 ns, Total: 492500 ns
[2020-04-29T15:45:10.082+0000][1][safepoint    ] Safepoint "Cleanup", Time since last: 1000647900 ns, Reaching safepoint: 202800 ns, At safepoint: 90100 ns, Total: 292900 ns
[2020-04-29T15:45:11.084+0000][1][safepoint    ] Safepoint "Cleanup", Time since last: 1000450900 ns, Reaching safepoint: 688600 ns, At safepoint: 214500 ns, Total: 903100 ns
[2020-04-29T15:45:12.085+0000][1][safepoint    ] Safepoint "Cleanup", Time since last: 1000956300 ns, Reaching safepoint: 480700 ns, At safepoint: 233900 ns, Total: 714600 ns
[2020-04-29T15:45:13.086+0000][1][safepoint    ] Safepoint "Cleanup", Time since last: 1000314000 ns, Reaching safepoint: 126800 ns, At safepoint: 41900 ns, Total: 168700 ns
[2020-04-29T15:45:14.087+0000][1][safepoint    ] Safepoint "Cleanup", Time since last: 1000203800 ns, Reaching safepoint: 327200 ns, At safepoint: 179700 ns, Total: 506900 ns
[2020-04-29T15:45:15.087+0000][1][safepoint    ] Safepoint "Cleanup", Time since last: 1000580900 ns, Reaching safepoint: 143100 ns, At safepoint: 94900 ns, Total: 238000 ns
[2020-04-29T15:45:16.090+0000][1][safepoint    ] Safepoint "Cleanup", Time since last: 1000845800 ns, Reaching safepoint: 864200 ns, At safepoint: 586000 ns, Total: 1450200 ns
[2020-04-29T15:45:17.090+0000][1][safepoint    ] Safepoint "Cleanup", Time since last: 1000453100 ns, Reaching safepoint: 127300 ns, At safepoint: 40600 ns, Total: 167900 ns
[2020-04-29T15:45:18.091+0000][1][safepoint    ] Safepoint "Cleanup", Time since last: 1000258400 ns, Reaching safepoint: 194000 ns, At safepoint: 114200 ns, Total: 308200 ns
[2020-04-29T15:45:19.091+0000][1][safepoint    ] Safepoint "Cleanup", Time since last: 1000193400 ns, Reaching safepoint: 144900 ns, At safepoint: 60600 ns, Total: 205500 ns
[2020-04-29T15:45:20.092+0000][1][safepoint    ] Safepoint "Cleanup", Time since last: 1000165000 ns, Reaching safepoint: 141500 ns, At safepoint: 76100 ns, Total: 217600 ns
[2020-04-29T15:45:21.092+0000][1][safepoint    ] Safepoint "Cleanup", Time since last: 1000279900 ns, Reaching safepoint: 299300 ns, At safepoint: 159900 ns, Total: 459200 ns
[2020-04-29T15:45:22.093+0000][1][safepoint    ] Safepoint "Cleanup", Time since last: 1000197100 ns, Reaching safepoint: 205800 ns, At safepoint: 73300 ns, Total: 279100 ns
[2020-04-29T15:45:23.093+0000][1][safepoint    ] Safepoint "Cleanup", Time since last: 1000231900 ns, Reaching safepoint: 129400 ns, At safepoint: 76400 ns, Total: 205800 ns
[2020-04-29T15:45:24.094+0000][1][safepoint    ] Safepoint "Cleanup", Time since last: 1000345400 ns, Reaching safepoint: 156100 ns, At safepoint: 79800 ns, Total: 235900 ns
[2020-04-29T15:45:25.095+0000][1][safepoint    ] Safepoint "Cleanup", Time since last: 1000544200 ns, Reaching safepoint: 326000 ns, At safepoint: 122200 ns, Total: 448200 ns
[2020-04-29T15:45:26.097+0000][1][safepoint    ] Safepoint "Cleanup", Time since last: 1000710600 ns, Reaching safepoint: 962400 ns, At safepoint: 316400 ns, Total: 1278800 ns
[2020-04-29T15:45:27.098+0000][1][safepoint    ] Safepoint "Cleanup", Time since last: 1000452500 ns, Reaching safepoint: 251400 ns, At safepoint: 172400 ns, Total: 423800 ns
[2020-04-29T15:45:28.098+0000][1][safepoint    ] Safepoint "Cleanup", Time since last: 1000156300 ns, Reaching safepoint: 140200 ns, At safepoint: 82600 ns, Total: 222800 ns
[2020-04-29T15:45:29.099+0000][1][safepoint    ] Safepoint "Cleanup", Time since last: 1000288800 ns, Reaching safepoint: 518700 ns, At safepoint: 205700 ns, Total: 724400 ns
[2020-04-29T15:45:30.100+0000][1][safepoint    ] Safepoint "Cleanup", Time since last: 1000290300 ns, Reaching safepoint: 194300 ns, At safepoint: 85900 ns, Total: 280200 ns
[2020-04-29T15:45:31.101+0000][1][safepoint    ] Safepoint "Cleanup", Time since last: 1000565100 ns, Reaching safepoint: 408600 ns, At safepoint: 207900 ns, Total: 616500 ns
[2020-04-29T15:45:32.101+0000][1][safepoint    ] Safepoint "Cleanup", Time since last: 1000192800 ns, Reaching safepoint: 266400 ns, At safepoint: 113400 ns, Total: 379800 ns
[2020-04-29T15:45:33.102+0000][1][safepoint    ] Safepoint "Cleanup", Time since last: 1000133200 ns, Reaching safepoint: 131800 ns, At safepoint: 67000 ns, Total: 198800 ns
[2020-04-29T15:45:34.102+0000][1][safepoint    ] Safepoint "Cleanup", Time since last: 1000172900 ns, Reaching safepoint: 138500 ns, At safepoint: 83200 ns, Total: 221700 ns
[2020-04-29T15:45:35.103+0000][1][safepoint    ] Safepoint "Cleanup", Time since last: 1000356700 ns, Reaching safepoint: 489000 ns, At safepoint: 275700 ns, Total: 764700 ns
[2020-04-29T15:45:36.105+0000][1][safepoint    ] Safepoint "Cleanup", Time since last: 1000524500 ns, Reaching safepoint: 520700 ns, At safepoint: 317500 ns, Total: 838200 ns
[2020-04-29T15:45:37.107+0000][1][safepoint    ] Safepoint "Cleanup", Time since last: 1000708700 ns, Reaching safepoint: 947700 ns, At safepoint: 328300 ns, Total: 1276000 ns
[2020-04-29T15:45:38.107+0000][1][safepoint    ] Safepoint "Cleanup", Time since last: 1000248000 ns, Reaching safepoint: 211000 ns, At safepoint: 68000 ns, Total: 279000 ns
[2020-04-29T15:45:39.108+0000][1][safepoint    ] Safepoint "Cleanup", Time since last: 1000171300 ns, Reaching safepoint: 283500 ns, At safepoint: 73500 ns, Total: 357000 ns
[2020-04-29T15:45:40.109+0000][1][safepoint    ] Safepoint "Cleanup", Time since last: 1000257700 ns, Reaching safepoint: 520400 ns, At safepoint: 251200 ns, Total: 771600 ns
[2020-04-29T15:45:41.110+0000][1][safepoint    ] Safepoint "Cleanup", Time since last: 1000544000 ns, Reaching safepoint: 351000 ns, At safepoint: 124600 ns, Total: 475600 ns
[2020-04-29T15:45:42.110+0000][1][safepoint    ] Safepoint "Cleanup", Time since last: 1000205500 ns, Reaching safepoint: 154400 ns, At safepoint: 54400 ns, Total: 208800 ns
[2020-04-29T15:45:44.009+0000][1][safepoint    ] Safepoint "Cleanup", Time since last: 1898426400 ns, Reaching safepoint: 552800 ns, At safepoint: 148000 ns, Total: 700800 ns
[2020-04-29T15:45:45.010+0000][1][safepoint    ] Safepoint "Cleanup", Time since last: 1000598500 ns, Reaching safepoint: 242400 ns, At safepoint: 139100 ns, Total: 381500 ns
[2020-04-29T15:45:46.011+0000][1][safepoint    ] Safepoint "Cleanup", Time since last: 1000170400 ns, Reaching safepoint: 196500 ns, At safepoint: 66800 ns, Total: 263300 ns
[2020-04-29T15:45:47.011+0000][1][safepoint    ] Safepoint "Cleanup", Time since last: 1000173300 ns, Reaching safepoint: 223100 ns, At safepoint: 105000 ns, Total: 328100 ns
[2020-04-29T15:45:48.012+0000][1][safepoint    ] Safepoint "Cleanup", Time since last: 1000262400 ns, Reaching safepoint: 140800 ns, At safepoint: 52700 ns, Total: 193500 ns
[2020-04-29T15:45:49.012+0000][1][safepoint    ] Safepoint "Cleanup", Time since last: 1000171200 ns, Reaching safepoint: 336600 ns, At safepoint: 55400 ns, Total: 392000 ns
[2020-04-29T15:45:50.013+0000][1][safepoint    ] Safepoint "Cleanup", Time since last: 1000203500 ns, Reaching safepoint: 234400 ns, At safepoint: 64500 ns, Total: 298900 ns
[2020-04-29T15:45:51.014+0000][1][safepoint    ] Safepoint "Cleanup", Time since last: 1000305700 ns, Reaching safepoint: 581100 ns, At safepoint: 135600 ns, Total: 716700 ns
[2020-04-29T15:45:52.014+0000][1][safepoint    ] Safepoint "Cleanup", Time since last: 1000278300 ns, Reaching safepoint: 139200 ns, At safepoint: 50300 ns, Total: 189500 ns
[2020-04-29T15:45:53.015+0000][1][safepoint    ] Safepoint "Cleanup", Time since last: 1000199400 ns, Reaching safepoint: 194600 ns, At safepoint: 81300 ns, Total: 275900 ns
[2020-04-29T15:45:54.015+0000][1][safepoint    ] Safepoint "Cleanup", Time since last: 1000180200 ns, Reaching safepoint: 185600 ns, At safepoint: 123800 ns, Total: 309400 ns
[2020-04-29T15:45:55.016+0000][1][safepoint    ] Safepoint "Cleanup", Time since last: 1000216600 ns, Reaching safepoint: 283300 ns, At safepoint: 107700 ns, Total: 391000 ns
[2020-04-29T15:45:56.016+0000][1][safepoint    ] Safepoint "Cleanup", Time since last: 1000309500 ns, Reaching safepoint: 159500 ns, At safepoint: 57900 ns, Total: 217400 ns
[2020-04-29T15:45:57.017+0000][1][safepoint    ] Safepoint "Cleanup", Time since last: 1000131200 ns, Reaching safepoint: 139700 ns, At safepoint: 39400 ns, Total: 179100 ns
[2020-04-29T15:45:58.017+0000][1][safepoint    ] Safepoint "Cleanup", Time since last: 1000160400 ns, Reaching safepoint: 132100 ns, At safepoint: 38400 ns, Total: 170500 ns
[2020-04-29T15:45:59.017+0000][1][safepoint    ] Safepoint "Cleanup", Time since last: 1000129500 ns, Reaching safepoint: 139900 ns, At safepoint: 38600 ns, Total: 178500 ns
[2020-04-29T15:46:00.018+0000][1][safepoint    ] Safepoint "Cleanup", Time since last: 1000266600 ns, Reaching safepoint: 446700 ns, At safepoint: 139900 ns, Total: 586600 ns
[2020-04-29T15:46:01.019+0000][1][safepoint    ] Safepoint "Cleanup", Time since last: 1000290100 ns, Reaching safepoint: 192000 ns, At safepoint: 79500 ns, Total: 271500 ns
[2020-04-29T15:46:02.020+0000][1][safepoint    ] Safepoint "Cleanup", Time since last: 1000349600 ns, Reaching safepoint: 452100 ns, At safepoint: 137600 ns, Total: 589700 ns
[2020-04-29T15:46:03.020+0000][1][safepoint    ] Safepoint "Cleanup", Time since last: 1000240900 ns, Reaching safepoint: 228800 ns, At safepoint: 149700 ns, Total: 378500 ns
[2020-04-29T15:46:04.022+0000][1][safepoint    ] Safepoint "Cleanup", Time since last: 1000334800 ns, Reaching safepoint: 761600 ns, At safepoint: 130000 ns, Total: 891600 ns
[2020-04-29T15:46:05.023+0000][1][safepoint    ] Safepoint "Cleanup", Time since last: 1000450400 ns, Reaching safepoint: 532400 ns, At safepoint: 173100 ns, Total: 705500 ns
[2020-04-29T15:46:06.023+0000][1][safepoint    ] Safepoint "Cleanup", Time since last: 1000217700 ns, Reaching safepoint: 145300 ns, At safepoint: 59200 ns, Total: 204500 ns
[2020-04-29T15:46:07.023+0000][1][safepoint    ] Safepoint "Cleanup", Time since last: 1000185900 ns, Reaching safepoint: 137100 ns, At safepoint: 53800 ns, Total: 190900 ns
[2020-04-29T15:46:08.024+0000][1][safepoint    ] Safepoint "Cleanup", Time since last: 1000247000 ns, Reaching safepoint: 141200 ns, At safepoint: 57500 ns, Total: 198700 ns
[2020-04-29T15:46:09.025+0000][1][safepoint    ] Safepoint "Cleanup", Time since last: 1000459600 ns, Reaching safepoint: 145900 ns, At safepoint: 62400 ns, Total: 208300 ns
[2020-04-29T15:46:10.025+0000][1][safepoint    ] Safepoint "Cleanup", Time since last: 1000206200 ns, Reaching safepoint: 136500 ns, At safepoint: 82100 ns, Total: 218600 ns
[2020-04-29T15:46:11.025+0000][1][safepoint    ] Safepoint "Cleanup", Time since last: 1000196300 ns, Reaching safepoint: 175100 ns, At safepoint: 61500 ns, Total: 236600 ns
[2020-04-29T15:46:12.026+0000][1][safepoint    ] Safepoint "Cleanup", Time since last: 1000244800 ns, Reaching safepoint: 335600 ns, At safepoint: 122500 ns, Total: 458100 ns
[2020-04-29T15:46:13.027+0000][1][safepoint    ] Safepoint "Cleanup", Time since last: 1000229500 ns, Reaching safepoint: 161600 ns, At safepoint: 42500 ns, Total: 204100 ns
[2020-04-29T15:46:14.027+0000][1][safepoint    ] Safepoint "Cleanup", Time since last: 1000152100 ns, Reaching safepoint: 144100 ns, At safepoint: 55600 ns, Total: 199700 ns
[2020-04-29T15:46:15.027+0000][1][safepoint    ] Safepoint "Cleanup", Time since last: 1000198700 ns, Reaching safepoint: 216200 ns, At safepoint: 60000 ns, Total: 276200 ns
[2020-04-29T15:46:16.028+0000][1][safepoint    ] Safepoint "Cleanup", Time since last: 1000356300 ns, Reaching safepoint: 443600 ns, At safepoint: 170900 ns, Total: 614500 ns
[2020-04-29T15:46:17.029+0000][1][safepoint    ] Safepoint "Cleanup", Time since last: 1000533500 ns, Reaching safepoint: 443300 ns, At safepoint: 128000 ns, Total: 571300 ns
[2020-04-29T15:46:18.030+0000][1][safepoint    ] Safepoint "Cleanup", Time since last: 1000192700 ns, Reaching safepoint: 153000 ns, At safepoint: 52300 ns, Total: 205300 ns
[2020-04-29T15:46:19.030+0000][1][safepoint    ] Safepoint "Cleanup", Time since last: 1000173000 ns, Reaching safepoint: 157100 ns, At safepoint: 54500 ns, Total: 211600 ns
[2020-04-29T15:46:20.031+0000][1][safepoint    ] Safepoint "Cleanup", Time since last: 1000248000 ns, Reaching safepoint: 140100 ns, At safepoint: 55200 ns, Total: 195300 ns
[2020-04-29T15:46:21.031+0000][1][safepoint    ] Safepoint "Cleanup", Time since last: 1000238400 ns, Reaching safepoint: 223400 ns, At safepoint: 117500 ns, Total: 340900 ns
[2020-04-29T15:46:22.032+0000][1][safepoint    ] Safepoint "Cleanup", Time since last: 1000249200 ns, Reaching safepoint: 143200 ns, At safepoint: 56500 ns, Total: 199700 ns
[2020-04-29T15:46:23.032+0000][1][safepoint    ] Safepoint "Cleanup", Time since last: 1000205100 ns, Reaching safepoint: 140200 ns, At safepoint: 52400 ns, Total: 192600 ns
[2020-04-29T15:46:24.033+0000][1][safepoint    ] Safepoint "Cleanup", Time since last: 1000299600 ns, Reaching safepoint: 432100 ns, At safepoint: 125600 ns, Total: 557700 ns
[2020-04-29T15:46:25.033+0000][1][safepoint    ] Safepoint "Cleanup", Time since last: 1000303200 ns, Reaching safepoint: 141700 ns, At safepoint: 65300 ns, Total: 207000 ns
[2020-04-29T15:46:26.034+0000][1][safepoint    ] Safepoint "Cleanup", Time since last: 1000222000 ns, Reaching safepoint: 142800 ns, At safepoint: 53200 ns, Total: 196000 ns
[2020-04-29T15:46:27.035+0000][1][safepoint    ] Safepoint "Cleanup", Time since last: 1000251700 ns, Reaching safepoint: 220800 ns, At safepoint: 167900 ns, Total: 388700 ns
[2020-04-29T15:46:28.035+0000][1][safepoint    ] Safepoint "Cleanup", Time since last: 1000198900 ns, Reaching safepoint: 317000 ns, At safepoint: 94800 ns, Total: 411800 ns
[2020-04-29T15:46:28.112+0000][1][gc,start     ] GC(35) Pause Young (Allocation Failure)
[2020-04-29T15:46:28.112+0000][1][gc,task      ] GC(35) Using 10 workers of 10 for evacuation
[2020-04-29T15:46:28.116+0000][1][gc,age       ] GC(35) Desired survivor size 8945664 bytes, new threshold 6 (max threshold 6)
[2020-04-29T15:46:28.116+0000][1][gc,age       ] GC(35) Age table with threshold 6 (max threshold 6)
[2020-04-29T15:46:28.116+0000][1][gc,age       ] GC(35) - age   1:     140088 bytes,     140088 total
[2020-04-29T15:46:28.116+0000][1][gc,age       ] GC(35) - age   2:     969768 bytes,    1109856 total
[2020-04-29T15:46:28.116+0000][1][gc,age       ] GC(35) - age   3:     125544 bytes,    1235400 total
[2020-04-29T15:46:28.116+0000][1][gc,age       ] GC(35) - age   4:     185512 bytes,    1420912 total
[2020-04-29T15:46:28.116+0000][1][gc,age       ] GC(35) - age   5:      36568 bytes,    1457480 total
[2020-04-29T15:46:28.116+0000][1][gc,age       ] GC(35) - age   6:      11320 bytes,    1468800 total
[2020-04-29T15:46:28.116+0000][1][gc,heap      ] GC(35) ParNew: 141345K->1961K(157248K)
[2020-04-29T15:46:28.116+0000][1][gc,heap      ] GC(35) CMS: 90003K->90037K(349568K)
[2020-04-29T15:46:28.116+0000][1][gc,metaspace ] GC(35) Metaspace: 97388K->97388K(1138688K)
[2020-04-29T15:46:28.116+0000][1][gc           ] GC(35) Pause Young (Allocation Failure) 225M->89M(494M) 3.646ms
[2020-04-29T15:46:28.116+0000][1][gc,cpu       ] GC(35) User=0.01s Sys=0.00s Real=0.00s
[2020-04-29T15:46:28.116+0000][1][safepoint    ] Safepoint "GenCollectForAllocation", Time since last: 76846700 ns, Reaching safepoint: 262400 ns, At safepoint: 3736400 ns, Total: 3998800 ns
[2020-04-29T15:46:29.116+0000][1][safepoint    ] Safepoint "Cleanup", Time since last: 1000193400 ns, Reaching safepoint: 154200 ns, At safepoint: 41600 ns, Total: 195800 ns
[2020-04-29T15:46:30.117+0000][1][safepoint    ] Safepoint "Cleanup", Time since last: 1000158600 ns, Reaching safepoint: 208200 ns, At safepoint: 37000 ns, Total: 245200 ns
[2020-04-29T15:46:31.087+0000][1][safepoint    ] Safepoint "RevokeBias", Time since last: 970394300 ns, Reaching safepoint: 197100 ns, At safepoint: 47200 ns, Total: 244300 ns
[2020-04-29T15:46:31.088+0000][1][safepoint    ] Safepoint "RevokeBias", Time since last: 244900 ns, Reaching safepoint: 93700 ns, At safepoint: 59600 ns, Total: 153300 ns
[2020-04-29T15:46:32.091+0000][1][safepoint    ] Safepoint "Cleanup", Time since last: 1002964100 ns, Reaching safepoint: 139000 ns, At safepoint: 39100 ns, Total: 178100 ns
[2020-04-29T15:46:33.047+0000][1][safepoint    ] Safepoint "RevokeBias", Time since last: 955652100 ns, Reaching safepoint: 136100 ns, At safepoint: 89800 ns, Total: 225900 ns
[2020-04-29T15:46:33.047+0000][1][safepoint    ] Safepoint "RevokeBias", Time since last: 201300 ns, Reaching safepoint: 199900 ns, At safepoint: 85600 ns, Total: 285500 ns
[2020-04-29T15:46:33.048+0000][1][safepoint    ] Safepoint "RevokeBias", Time since last: 185500 ns, Reaching safepoint: 73100 ns, At safepoint: 82400 ns, Total: 155500 ns
[2020-04-29T15:46:33.048+0000][1][safepoint    ] Safepoint "RevokeBias", Time since last: 222100 ns, Reaching safepoint: 216100 ns, At safepoint: 87900 ns, Total: 304000 ns
[2020-04-29T15:46:33.049+0000][1][safepoint    ] Safepoint "RevokeBias", Time since last: 229700 ns, Reaching safepoint: 72800 ns, At safepoint: 66200 ns, Total: 139000 ns
[2020-04-29T15:46:33.049+0000][1][safepoint    ] Safepoint "RevokeBias", Time since last: 195800 ns, Reaching safepoint: 94200 ns, At safepoint: 40900 ns, Total: 135100 ns
[2020-04-29T15:46:33.049+0000][1][safepoint    ] Safepoint "RevokeBias", Time since last: 184800 ns, Reaching safepoint: 72100 ns, At safepoint: 41600 ns, Total: 113700 ns
[2020-04-29T15:46:33.050+0000][1][safepoint    ] Safepoint "RevokeBias", Time since last: 208600 ns, Reaching safepoint: 72500 ns, At safepoint: 42500 ns, Total: 115000 ns
[2020-04-29T15:46:33.050+0000][1][safepoint    ] Safepoint "RevokeBias", Time since last: 185100 ns, Reaching safepoint: 71900 ns, At safepoint: 53600 ns, Total: 125500 ns
[2020-04-29T15:46:34.051+0000][1][safepoint    ] Safepoint "Cleanup", Time since last: 1000454400 ns, Reaching safepoint: 642400 ns, At safepoint: 68400 ns, Total: 710800 ns
[2020-04-29T15:46:35.052+0000][1][safepoint    ] Safepoint "Cleanup", Time since last: 1000317300 ns, Reaching safepoint: 183300 ns, At safepoint: 69500 ns, Total: 252800 ns
[2020-04-29T15:46:36.052+0000][1][safepoint    ] Safepoint "Cleanup", Time since last: 1000196000 ns, Reaching safepoint: 257200 ns, At safepoint: 55300 ns, Total: 312500 ns
[2020-04-29T15:46:37.053+0000][1][safepoint    ] Safepoint "Cleanup", Time since last: 1000253900 ns, Reaching safepoint: 523900 ns, At safepoint: 124700 ns, Total: 648600 ns
[2020-04-29T15:46:38.054+0000][1][safepoint    ] Safepoint "Cleanup", Time since last: 1000475300 ns, Reaching safepoint: 262200 ns, At safepoint: 89300 ns, Total: 351500 ns
[2020-04-29T15:46:39.055+0000][1][safepoint    ] Safepoint "Cleanup", Time since last: 1000266200 ns, Reaching safepoint: 387100 ns, At safepoint: 70100 ns, Total: 457200 ns
[2020-04-29T15:46:40.055+0000][1][safepoint    ] Safepoint "Cleanup", Time since last: 1000224500 ns, Reaching safepoint: 143100 ns, At safepoint: 63000 ns, Total: 206100 ns
[2020-04-29T15:46:41.055+0000][1][safepoint    ] Safepoint "Cleanup", Time since last: 1000184600 ns, Reaching safepoint: 141200 ns, At safepoint: 52600 ns, Total: 193800 ns
[2020-04-29T15:46:42.056+0000][1][safepoint    ] Safepoint "Cleanup", Time since last: 1000202500 ns, Reaching safepoint: 144100 ns, At safepoint: 56000 ns, Total: 200100 ns
[2020-04-29T15:46:43.056+0000][1][safepoint    ] Safepoint "Cleanup", Time since last: 1000127700 ns, Reaching safepoint: 130100 ns, At safepoint: 54800 ns, Total: 184900 ns
[2020-04-29T15:46:44.056+0000][1][safepoint    ] Safepoint "Cleanup", Time since last: 1000214000 ns, Reaching safepoint: 143900 ns, At safepoint: 48400 ns, Total: 192300 ns
[2020-04-29T15:46:45.057+0000][1][safepoint    ] Safepoint "Cleanup", Time since last: 1000191800 ns, Reaching safepoint: 148600 ns, At safepoint: 53200 ns, Total: 201800 ns
[2020-04-29T15:46:46.058+0000][1][safepoint    ] Safepoint "Cleanup", Time since last: 1000187700 ns, Reaching safepoint: 387700 ns, At safepoint: 79000 ns, Total: 466700 ns
[2020-04-29T15:46:47.058+0000][1][safepoint    ] Safepoint "Cleanup", Time since last: 1000253600 ns, Reaching safepoint: 170000 ns, At safepoint: 118400 ns, Total: 288400 ns
[2020-04-29T15:46:48.059+0000][1][safepoint    ] Safepoint "Cleanup", Time since last: 1000143300 ns, Reaching safepoint: 231900 ns, At safepoint: 76000 ns, Total: 307900 ns
[2020-04-29T15:46:49.059+0000][1][safepoint    ] Safepoint "Cleanup", Time since last: 1000183000 ns, Reaching safepoint: 139700 ns, At safepoint: 66800 ns, Total: 206500 ns
[2020-04-29T15:46:50.059+0000][1][safepoint    ] Safepoint "Cleanup", Time since last: 1000167800 ns, Reaching safepoint: 142900 ns, At safepoint: 79300 ns, Total: 222200 ns
[2020-04-29T15:46:51.060+0000][1][safepoint    ] Safepoint "Cleanup", Time since last: 1000237300 ns, Reaching safepoint: 142100 ns, At safepoint: 54800 ns, Total: 196900 ns
[2020-04-29T15:46:52.060+0000][1][safepoint    ] Safepoint "Cleanup", Time since last: 1000134800 ns, Reaching safepoint: 136900 ns, At safepoint: 39400 ns, Total: 176300 ns
[2020-04-29T15:46:53.060+0000][1][safepoint    ] Safepoint "Cleanup", Time since last: 1000159100 ns, Reaching safepoint: 204300 ns, At safepoint: 40000 ns, Total: 244300 ns
[2020-04-29T15:46:54.061+0000][1][safepoint    ] Safepoint "Cleanup", Time since last: 1000168200 ns, Reaching safepoint: 142300 ns, At safepoint: 46700 ns, Total: 189000 ns
[2020-04-29T15:46:55.061+0000][1][safepoint    ] Safepoint "Cleanup", Time since last: 1000166200 ns, Reaching safepoint: 246200 ns, At safepoint: 95700 ns, Total: 341900 ns
[2020-04-29T15:46:56.062+0000][1][safepoint    ] Safepoint "Cleanup", Time since last: 1000143400 ns, Reaching safepoint: 175200 ns, At safepoint: 39300 ns, Total: 214500 ns
[2020-04-29T15:46:57.062+0000][1][safepoint    ] Safepoint "Cleanup", Time since last: 1000279200 ns, Reaching safepoint: 302600 ns, At safepoint: 47300 ns, Total: 349900 ns
[2020-04-29T15:46:58.063+0000][1][safepoint    ] Safepoint "Cleanup", Time since last: 1000162200 ns, Reaching safepoint: 140200 ns, At safepoint: 33800 ns, Total: 174000 ns
[2020-04-29T15:46:59.063+0000][1][safepoint    ] Safepoint "Cleanup", Time since last: 1000159200 ns, Reaching safepoint: 157800 ns, At safepoint: 36900 ns, Total: 194700 ns
[2020-04-29T15:47:00.063+0000][1][safepoint    ] Safepoint "Cleanup", Time since last: 1000147400 ns, Reaching safepoint: 175800 ns, At safepoint: 64100 ns, Total: 239900 ns
[2020-04-29T15:47:01.064+0000][1][safepoint    ] Safepoint "Cleanup", Time since last: 1000351500 ns, Reaching safepoint: 369700 ns, At safepoint: 155600 ns, Total: 525300 ns
[2020-04-29T15:47:02.065+0000][1][safepoint    ] Safepoint "Cleanup", Time since last: 1000223600 ns, Reaching safepoint: 206000 ns, At safepoint: 83300 ns, Total: 289300 ns
[2020-04-29T15:47:03.066+0000][1][safepoint    ] Safepoint "Cleanup", Time since last: 1000294200 ns, Reaching safepoint: 388600 ns, At safepoint: 130100 ns, Total: 518700 ns
[2020-04-29T15:47:04.066+0000][1][safepoint    ] Safepoint "Cleanup", Time since last: 1000279800 ns, Reaching safepoint: 212100 ns, At safepoint: 57700 ns, Total: 269800 ns
[2020-04-29T15:47:05.067+0000][1][safepoint    ] Safepoint "Cleanup", Time since last: 1000188800 ns, Reaching safepoint: 189800 ns, At safepoint: 45700 ns, Total: 235500 ns
[2020-04-29T15:47:06.067+0000][1][safepoint    ] Safepoint "Cleanup", Time since last: 1000144200 ns, Reaching safepoint: 149900 ns, At safepoint: 66900 ns, Total: 216800 ns
[2020-04-29T15:47:07.068+0000][1][safepoint    ] Safepoint "Cleanup", Time since last: 1000296700 ns, Reaching safepoint: 243600 ns, At safepoint: 135600 ns, Total: 379200 ns
[2020-04-29T15:47:08.068+0000][1][safepoint    ] Safepoint "Cleanup", Time since last: 1000274300 ns, Reaching safepoint: 230500 ns, At safepoint: 100100 ns, Total: 330600 ns
[2020-04-29T15:47:09.069+0000][1][safepoint    ] Safepoint "Cleanup", Time since last: 1000190100 ns, Reaching safepoint: 136400 ns, At safepoint: 39800 ns, Total: 176200 ns
[2020-04-29T15:47:10.069+0000][1][safepoint    ] Safepoint "Cleanup", Time since last: 1000230900 ns, Reaching safepoint: 288300 ns, At safepoint: 117800 ns, Total: 406100 ns
[2020-04-29T15:47:11.070+0000][1][safepoint    ] Safepoint "Cleanup", Time since last: 1000284600 ns, Reaching safepoint: 139800 ns, At safepoint: 35900 ns, Total: 175700 ns
[2020-04-29T15:47:12.070+0000][1][safepoint    ] Safepoint "Cleanup", Time since last: 1000220500 ns, Reaching safepoint: 154300 ns, At safepoint: 54400 ns, Total: 208700 ns
[2020-04-29T15:47:13.070+0000][1][safepoint    ] Safepoint "Cleanup", Time since last: 1000153500 ns, Reaching safepoint: 140300 ns, At safepoint: 39600 ns, Total: 179900 ns
[2020-04-29T15:47:14.071+0000][1][safepoint    ] Safepoint "Cleanup", Time since last: 1000222100 ns, Reaching safepoint: 159600 ns, At safepoint: 41500 ns, Total: 201100 ns
[2020-04-29T15:47:15.071+0000][1][safepoint    ] Safepoint "Cleanup", Time since last: 1000170700 ns, Reaching safepoint: 153300 ns, At safepoint: 36500 ns, Total: 189800 ns
[2020-04-29T15:47:16.072+0000][1][safepoint    ] Safepoint "Cleanup", Time since last: 1000212200 ns, Reaching safepoint: 321200 ns, At safepoint: 48700 ns, Total: 369900 ns
[2020-04-29T15:47:17.073+0000][1][safepoint    ] Safepoint "Cleanup", Time since last: 1000634900 ns, Reaching safepoint: 139800 ns, At safepoint: 37400 ns, Total: 177200 ns
[2020-04-29T15:47:18.073+0000][1][safepoint    ] Safepoint "Cleanup", Time since last: 1000214100 ns, Reaching safepoint: 158200 ns, At safepoint: 43300 ns, Total: 201500 ns
[2020-04-29T15:47:19.073+0000][1][safepoint    ] Safepoint "Cleanup", Time since last: 1000194200 ns, Reaching safepoint: 174500 ns, At safepoint: 42300 ns, Total: 216800 ns
[2020-04-29T15:47:20.074+0000][1][safepoint    ] Safepoint "Cleanup", Time since last: 1000161700 ns, Reaching safepoint: 197300 ns, At safepoint: 85100 ns, Total: 282400 ns
[2020-04-29T15:47:21.074+0000][1][safepoint    ] Safepoint "Cleanup", Time since last: 1000202700 ns, Reaching safepoint: 187100 ns, At safepoint: 62500 ns, Total: 249600 ns
[2020-04-29T15:47:22.075+0000][1][safepoint    ] Safepoint "Cleanup", Time since last: 1000216500 ns, Reaching safepoint: 137000 ns, At safepoint: 53200 ns, Total: 190200 ns
[2020-04-29T15:47:23.075+0000][1][safepoint    ] Safepoint "Cleanup", Time since last: 1000139600 ns, Reaching safepoint: 165500 ns, At safepoint: 63400 ns, Total: 228900 ns
[2020-04-29T15:47:24.076+0000][1][safepoint    ] Safepoint "Cleanup", Time since last: 1000236800 ns, Reaching safepoint: 175400 ns, At safepoint: 60000 ns, Total: 235400 ns
[2020-04-29T15:47:25.076+0000][1][safepoint    ] Safepoint "Cleanup", Time since last: 1000176500 ns, Reaching safepoint: 153900 ns, At safepoint: 38200 ns, Total: 192100 ns
[2020-04-29T15:47:26.076+0000][1][safepoint    ] Safepoint "Cleanup", Time since last: 1000230600 ns, Reaching safepoint: 248800 ns, At safepoint: 64200 ns, Total: 313000 ns
[2020-04-29T15:47:27.077+0000][1][safepoint    ] Safepoint "Cleanup", Time since last: 1000167200 ns, Reaching safepoint: 173800 ns, At safepoint: 73700 ns, Total: 247500 ns
[2020-04-29T15:47:28.078+0000][1][safepoint    ] Safepoint "Cleanup", Time since last: 1000256800 ns, Reaching safepoint: 268400 ns, At safepoint: 111300 ns, Total: 379700 ns
[2020-04-29T15:47:29.078+0000][1][safepoint    ] Safepoint "Cleanup", Time since last: 1000178100 ns, Reaching safepoint: 150100 ns, At safepoint: 48200 ns, Total: 198300 ns
[2020-04-29T15:47:30.079+0000][1][safepoint    ] Safepoint "Cleanup", Time since last: 1000333000 ns, Reaching safepoint: 753000 ns, At safepoint: 129000 ns, Total: 882000 ns
[2020-04-29T15:47:31.080+0000][1][safepoint    ] Safepoint "Cleanup", Time since last: 1000338800 ns, Reaching safepoint: 137100 ns, At safepoint: 42700 ns, Total: 179800 ns
[2020-04-29T15:47:32.080+0000][1][safepoint    ] Safepoint "Cleanup", Time since last: 1000193600 ns, Reaching safepoint: 136200 ns, At safepoint: 57900 ns, Total: 194100 ns
[2020-04-29T15:47:33.080+0000][1][safepoint    ] Safepoint "Cleanup", Time since last: 1000170900 ns, Reaching safepoint: 140800 ns, At safepoint: 47800 ns, Total: 188600 ns
[2020-04-29T15:47:34.081+0000][1][safepoint    ] Safepoint "Cleanup", Time since last: 1000220000 ns, Reaching safepoint: 150700 ns, At safepoint: 49500 ns, Total: 200200 ns
[2020-04-29T15:47:35.081+0000][1][safepoint    ] Safepoint "Cleanup", Time since last: 1000165300 ns, Reaching safepoint: 189900 ns, At safepoint: 68100 ns, Total: 258000 ns
[2020-04-29T15:47:36.082+0000][1][safepoint    ] Safepoint "Cleanup", Time since last: 1000210400 ns, Reaching safepoint: 143000 ns, At safepoint: 49900 ns, Total: 192900 ns
[2020-04-29T15:47:37.082+0000][1][safepoint    ] Safepoint "Cleanup", Time since last: 1000310500 ns, Reaching safepoint: 245000 ns, At safepoint: 257100 ns, Total: 502100 ns
[2020-04-29T15:47:38.083+0000][1][safepoint    ] Safepoint "Cleanup", Time since last: 1000328400 ns, Reaching safepoint: 194600 ns, At safepoint: 55600 ns, Total: 250200 ns
[2020-04-29T15:47:39.083+0000][1][safepoint    ] Safepoint "Cleanup", Time since last: 1000172900 ns, Reaching safepoint: 159400 ns, At safepoint: 59600 ns, Total: 219000 ns
[2020-04-29T15:47:40.084+0000][1][safepoint    ] Safepoint "Cleanup", Time since last: 1000229700 ns, Reaching safepoint: 182600 ns, At safepoint: 58700 ns, Total: 241300 ns
[2020-04-29T15:47:41.084+0000][1][safepoint    ] Safepoint "Cleanup", Time since last: 1000145100 ns, Reaching safepoint: 136000 ns, At safepoint: 64600 ns, Total: 200600 ns
[2020-04-29T15:47:42.085+0000][1][safepoint    ] Safepoint "Cleanup", Time since last: 1000234200 ns, Reaching safepoint: 453900 ns, At safepoint: 141500 ns, Total: 595400 ns
[2020-04-29T15:47:43.086+0000][1][safepoint    ] Safepoint "Cleanup", Time since last: 1000370100 ns, Reaching safepoint: 488000 ns, At safepoint: 106200 ns, Total: 594200 ns
[2020-04-29T15:47:44.086+0000][1][safepoint    ] Safepoint "Cleanup", Time since last: 1000194900 ns, Reaching safepoint: 141000 ns, At safepoint: 45700 ns, Total: 186700 ns
[2020-04-29T15:47:45.087+0000][1][safepoint    ] Safepoint "Cleanup", Time since last: 1000188800 ns, Reaching safepoint: 212100 ns, At safepoint: 65700 ns, Total: 277800 ns
[2020-04-29T15:47:46.087+0000][1][safepoint    ] Safepoint "Cleanup", Time since last: 1000204600 ns, Reaching safepoint: 158100 ns, At safepoint: 75800 ns, Total: 233900 ns
[2020-04-29T15:47:47.088+0000][1][safepoint    ] Safepoint "Cleanup", Time since last: 1000143800 ns, Reaching safepoint: 142000 ns, At safepoint: 55200 ns, Total: 197200 ns
[2020-04-29T15:47:48.088+0000][1][safepoint    ] Safepoint "Cleanup", Time since last: 1000182000 ns, Reaching safepoint: 163100 ns, At safepoint: 68900 ns, Total: 232000 ns
[2020-04-29T15:47:48.180+0000][1][safepoint    ] Safepoint "RevokeBias", Time since last: 91269200 ns, Reaching safepoint: 250100 ns, At safepoint: 182800 ns, Total: 432900 ns
[2020-04-29T15:47:48.184+0000][1][safepoint    ] Safepoint "RevokeBias", Time since last: 3709800 ns, Reaching safepoint: 192200 ns, At safepoint: 101500 ns, Total: 293700 ns
[2020-04-29T15:47:48.184+0000][1][safepoint    ] Safepoint "RevokeBias", Time since last: 249800 ns, Reaching safepoint: 161700 ns, At safepoint: 90400 ns, Total: 252100 ns
[2020-04-29T15:47:49.117+0000][1][safepoint    ] Safepoint "RevokeBias", Time since last: 932558700 ns, Reaching safepoint: 188300 ns, At safepoint: 55800 ns, Total: 244100 ns
[2020-04-29T15:47:49.117+0000][1][safepoint    ] Safepoint "RevokeBias", Time since last: 224600 ns, Reaching safepoint: 102300 ns, At safepoint: 48600 ns, Total: 150900 ns
[2020-04-29T15:47:49.185+0000][1][safepoint    ] Safepoint "RevokeBias", Time since last: 67409900 ns, Reaching safepoint: 346400 ns, At safepoint: 118000 ns, Total: 464400 ns
[2020-04-29T15:47:49.186+0000][1][safepoint    ] Safepoint "RevokeBias", Time since last: 278000 ns, Reaching safepoint: 220100 ns, At safepoint: 87400 ns, Total: 307500 ns
[2020-04-29T15:47:50.187+0000][1][safepoint    ] Safepoint "Cleanup", Time since last: 1000350700 ns, Reaching safepoint: 637600 ns, At safepoint: 192700 ns, Total: 830300 ns
[2020-04-29T15:47:51.188+0000][1][safepoint    ] Safepoint "Cleanup", Time since last: 1000260000 ns, Reaching safepoint: 218500 ns, At safepoint: 97700 ns, Total: 316200 ns
[2020-04-29T15:47:52.118+0000][1][safepoint    ] Safepoint "BulkRevokeBias", Time since last: 929165600 ns, Reaching safepoint: 181200 ns, At safepoint: 789900 ns, Total: 971100 ns
[2020-04-29T15:47:53.118+0000][1][safepoint    ] Safepoint "Cleanup", Time since last: 1000298300 ns, Reaching safepoint: 208100 ns, At safepoint: 101400 ns, Total: 309500 ns
[2020-04-29T15:47:54.119+0000][1][safepoint    ] Safepoint "Cleanup", Time since last: 1000230100 ns, Reaching safepoint: 174100 ns, At safepoint: 68700 ns, Total: 242800 ns
[2020-04-29T15:47:55.118+0000][1][safepoint    ] Safepoint "RevokeBias", Time since last: 999273700 ns, Reaching safepoint: 163600 ns, At safepoint: 65000 ns, Total: 228600 ns
[2020-04-29T15:47:55.119+0000][1][safepoint    ] Safepoint "RevokeBias", Time since last: 144900 ns, Reaching safepoint: 120700 ns, At safepoint: 61200 ns, Total: 181900 ns
[2020-04-29T15:47:56.119+0000][1][safepoint    ] Safepoint "Cleanup", Time since last: 1000205600 ns, Reaching safepoint: 207200 ns, At safepoint: 78800 ns, Total: 286000 ns
[2020-04-29T15:47:57.120+0000][1][safepoint    ] Safepoint "Cleanup", Time since last: 1000291400 ns, Reaching safepoint: 545700 ns, At safepoint: 197500 ns, Total: 743200 ns
[2020-04-29T15:47:58.121+0000][1][safepoint    ] Safepoint "Cleanup", Time since last: 1000493000 ns, Reaching safepoint: 530900 ns, At safepoint: 215000 ns, Total: 745900 ns
[2020-04-29T15:47:59.123+0000][1][safepoint    ] Safepoint "Cleanup", Time since last: 1000348600 ns, Reaching safepoint: 796800 ns, At safepoint: 83400 ns, Total: 880200 ns
[2020-04-29T15:48:00.123+0000][1][safepoint    ] Safepoint "Cleanup", Time since last: 1000325200 ns, Reaching safepoint: 208400 ns, At safepoint: 98400 ns, Total: 306800 ns
[2020-04-29T15:48:01.124+0000][1][safepoint    ] Safepoint "Cleanup", Time since last: 1000239000 ns, Reaching safepoint: 179800 ns, At safepoint: 70500 ns, Total: 250300 ns
[2020-04-29T15:48:02.125+0000][1][safepoint    ] Safepoint "Cleanup", Time since last: 1000371700 ns, Reaching safepoint: 640000 ns, At safepoint: 159600 ns, Total: 799600 ns
[2020-04-29T15:48:03.126+0000][1][safepoint    ] Safepoint "Cleanup", Time since last: 1000318300 ns, Reaching safepoint: 202600 ns, At safepoint: 82100 ns, Total: 284700 ns
[2020-04-29T15:48:03.197+0000][1][safepoint    ] Safepoint "RevokeBias", Time since last: 71238500 ns, Reaching safepoint: 214700 ns, At safepoint: 115200 ns, Total: 329900 ns
[2020-04-29T15:48:03.198+0000][1][safepoint    ] Safepoint "RevokeBias", Time since last: 464800 ns, Reaching safepoint: 378500 ns, At safepoint: 92100 ns, Total: 470600 ns
[2020-04-29T15:48:04.159+0000][1][safepoint    ] Safepoint "RevokeBias", Time since last: 960284800 ns, Reaching safepoint: 339700 ns, At safepoint: 140900 ns, Total: 480600 ns
[2020-04-29T15:48:04.159+0000][1][safepoint    ] Safepoint "RevokeBias", Time since last: 292000 ns, Reaching safepoint: 202100 ns, At safepoint: 99200 ns, Total: 301300 ns
[2020-04-29T15:48:04.160+0000][1][safepoint    ] Safepoint "RevokeBias", Time since last: 192500 ns, Reaching safepoint: 167400 ns, At safepoint: 124600 ns, Total: 292000 ns
[2020-04-29T15:48:04.161+0000][1][safepoint    ] Safepoint "RevokeBias", Time since last: 183500 ns, Reaching safepoint: 298900 ns, At safepoint: 91300 ns, Total: 390200 ns
[2020-04-29T15:48:04.161+0000][1][safepoint    ] Safepoint "RevokeBias", Time since last: 238600 ns, Reaching safepoint: 231200 ns, At safepoint: 90300 ns, Total: 321500 ns
[2020-04-29T15:48:04.161+0000][1][safepoint    ] Safepoint "RevokeBias", Time since last: 225500 ns, Reaching safepoint: 109400 ns, At safepoint: 60600 ns, Total: 170000 ns
[2020-04-29T15:48:04.162+0000][1][safepoint    ] Safepoint "RevokeBias", Time since last: 212600 ns, Reaching safepoint: 109800 ns, At safepoint: 54500 ns, Total: 164300 ns
[2020-04-29T15:48:04.162+0000][1][safepoint    ] Safepoint "RevokeBias", Time since last: 260800 ns, Reaching safepoint: 118300 ns, At safepoint: 69900 ns, Total: 188200 ns
[2020-04-29T15:48:04.163+0000][1][safepoint    ] Safepoint "RevokeBias", Time since last: 180200 ns, Reaching safepoint: 89300 ns, At safepoint: 48200 ns, Total: 137500 ns
[2020-04-29T15:48:05.163+0000][1][safepoint    ] Safepoint "Cleanup", Time since last: 1000202900 ns, Reaching safepoint: 245700 ns, At safepoint: 87000 ns, Total: 332700 ns
[2020-04-29T15:48:06.164+0000][1][safepoint    ] Safepoint "Cleanup", Time since last: 1000186600 ns, Reaching safepoint: 190600 ns, At safepoint: 90600 ns, Total: 281200 ns
[2020-04-29T15:48:07.164+0000][1][safepoint    ] Safepoint "Cleanup", Time since last: 1000266500 ns, Reaching safepoint: 312200 ns, At safepoint: 121700 ns, Total: 433900 ns
[2020-04-29T15:48:08.165+0000][1][safepoint    ] Safepoint "Cleanup", Time since last: 1000232100 ns, Reaching safepoint: 182600 ns, At safepoint: 57900 ns, Total: 240500 ns
[2020-04-29T15:48:09.166+0000][1][safepoint    ] Safepoint "Cleanup", Time since last: 1000208200 ns, Reaching safepoint: 320300 ns, At safepoint: 196400 ns, Total: 516700 ns
[2020-04-29T15:48:10.166+0000][1][safepoint    ] Safepoint "Cleanup", Time since last: 1000261100 ns, Reaching safepoint: 205100 ns, At safepoint: 93600 ns, Total: 298700 ns
[2020-04-29T15:48:11.167+0000][1][safepoint    ] Safepoint "Cleanup", Time since last: 1000351200 ns, Reaching safepoint: 665400 ns, At safepoint: 179300 ns, Total: 844700 ns
[2020-04-29T15:48:12.168+0000][1][safepoint    ] Safepoint "Cleanup", Time since last: 1000290400 ns, Reaching safepoint: 161500 ns, At safepoint: 54200 ns, Total: 215700 ns
[2020-04-29T15:48:13.063+0000][1][safepoint    ] Safepoint "RevokeBias", Time since last: 894953900 ns, Reaching safepoint: 150400 ns, At safepoint: 75400 ns, Total: 225800 ns
[2020-04-29T15:48:13.063+0000][1][safepoint    ] Safepoint "RevokeBias", Time since last: 199500 ns, Reaching safepoint: 142600 ns, At safepoint: 65900 ns, Total: 208500 ns
[2020-04-29T15:48:13.064+0000][1][safepoint    ] Safepoint "RevokeBias", Time since last: 241700 ns, Reaching safepoint: 215000 ns, At safepoint: 76500 ns, Total: 291500 ns
[2020-04-29T15:48:13.064+0000][1][safepoint    ] Safepoint "RevokeBias", Time since last: 178800 ns, Reaching safepoint: 104200 ns, At safepoint: 50300 ns, Total: 154500 ns
[2020-04-29T15:48:13.064+0000][1][safepoint    ] Safepoint "RevokeBias", Time since last: 124000 ns, Reaching safepoint: 93300 ns, At safepoint: 50400 ns, Total: 143700 ns
[2020-04-29T15:48:13.065+0000][1][safepoint    ] Safepoint "RevokeBias", Time since last: 116500 ns, Reaching safepoint: 106900 ns, At safepoint: 49000 ns, Total: 155900 ns
[2020-04-29T15:48:13.065+0000][1][safepoint    ] Safepoint "RevokeBias", Time since last: 124600 ns, Reaching safepoint: 107200 ns, At safepoint: 43200 ns, Total: 150400 ns
[2020-04-29T15:48:13.065+0000][1][safepoint    ] Safepoint "RevokeBias", Time since last: 101800 ns, Reaching safepoint: 75400 ns, At safepoint: 39600 ns, Total: 115000 ns
[2020-04-29T15:48:13.066+0000][1][safepoint    ] Safepoint "BulkRevokeBias", Time since last: 95900 ns, Reaching safepoint: 74300 ns, At safepoint: 538800 ns, Total: 613100 ns
[2020-04-29T15:48:14.067+0000][1][safepoint    ] Safepoint "Cleanup", Time since last: 1000337900 ns, Reaching safepoint: 634000 ns, At safepoint: 150400 ns, Total: 784400 ns
[2020-04-29T15:48:15.068+0000][1][safepoint    ] Safepoint "Cleanup", Time since last: 1000432700 ns, Reaching safepoint: 352800 ns, At safepoint: 135400 ns, Total: 488200 ns
[2020-04-29T15:48:16.070+0000][1][safepoint    ] Safepoint "Cleanup", Time since last: 1000694700 ns, Reaching safepoint: 827700 ns, At safepoint: 246400 ns, Total: 1074100 ns
[2020-04-29T15:48:17.070+0000][1][safepoint    ] Safepoint "Cleanup", Time since last: 1000317800 ns, Reaching safepoint: 251000 ns, At safepoint: 83800 ns, Total: 334800 ns
[2020-04-29T15:48:18.071+0000][1][safepoint    ] Safepoint "Cleanup", Time since last: 1000222000 ns, Reaching safepoint: 195600 ns, At safepoint: 69300 ns, Total: 264900 ns
[2020-04-29T15:48:19.073+0000][1][safepoint    ] Safepoint "Cleanup", Time since last: 1000509100 ns, Reaching safepoint: 939200 ns, At safepoint: 202400 ns, Total: 1141600 ns
[2020-04-29T15:48:20.073+0000][1][safepoint    ] Safepoint "Cleanup", Time since last: 1000361300 ns, Reaching safepoint: 187400 ns, At safepoint: 67600 ns, Total: 255000 ns
[2020-04-29T15:48:21.074+0000][1][safepoint    ] Safepoint "Cleanup", Time since last: 1000216300 ns, Reaching safepoint: 264200 ns, At safepoint: 56500 ns, Total: 320700 ns
[2020-04-29T15:48:22.074+0000][1][safepoint    ] Safepoint "Cleanup", Time since last: 1000517200 ns, Reaching safepoint: 155600 ns, At safepoint: 83600 ns, Total: 239200 ns
[2020-04-29T15:48:23.064+0000][1][safepoint    ] Safepoint "RevokeBias", Time since last: 989456500 ns, Reaching safepoint: 161600 ns, At safepoint: 61700 ns, Total: 223300 ns
[2020-04-29T15:48:24.065+0000][1][safepoint    ] Safepoint "Cleanup", Time since last: 1000238700 ns, Reaching safepoint: 339200 ns, At safepoint: 91100 ns, Total: 430300 ns
[2020-04-29T15:48:25.065+0000][1][safepoint    ] Safepoint "Cleanup", Time since last: 1000173400 ns, Reaching safepoint: 162000 ns, At safepoint: 69400 ns, Total: 231400 ns
[2020-04-29T15:48:26.066+0000][1][safepoint    ] Safepoint "Cleanup", Time since last: 1000161400 ns, Reaching safepoint: 162800 ns, At safepoint: 63900 ns, Total: 226700 ns
[2020-04-29T15:48:27.066+0000][1][safepoint    ] Safepoint "Cleanup", Time since last: 1000175400 ns, Reaching safepoint: 153800 ns, At safepoint: 43900 ns, Total: 197700 ns
[2020-04-29T15:48:28.066+0000][1][safepoint    ] Safepoint "Cleanup", Time since last: 1000160700 ns, Reaching safepoint: 246300 ns, At safepoint: 72800 ns, Total: 319100 ns
[2020-04-29T15:48:29.067+0000][1][safepoint    ] Safepoint "Cleanup", Time since last: 1000225100 ns, Reaching safepoint: 147500 ns, At safepoint: 42200 ns, Total: 189700 ns
[2020-04-29T15:48:30.067+0000][1][safepoint    ] Safepoint "Cleanup", Time since last: 1000202800 ns, Reaching safepoint: 142700 ns, At safepoint: 55500 ns, Total: 198200 ns
[2020-04-29T15:48:31.068+0000][1][safepoint    ] Safepoint "Cleanup", Time since last: 1000159600 ns, Reaching safepoint: 201200 ns, At safepoint: 62600 ns, Total: 263800 ns
[2020-04-29T15:48:32.068+0000][1][safepoint    ] Safepoint "Cleanup", Time since last: 1000253000 ns, Reaching safepoint: 190400 ns, At safepoint: 76700 ns, Total: 267100 ns
[2020-04-29T15:48:33.069+0000][1][safepoint    ] Safepoint "Cleanup", Time since last: 1000212600 ns, Reaching safepoint: 219700 ns, At safepoint: 58200 ns, Total: 277900 ns
[2020-04-29T15:48:34.069+0000][1][safepoint    ] Safepoint "Cleanup", Time since last: 1000186100 ns, Reaching safepoint: 170000 ns, At safepoint: 50600 ns, Total: 220600 ns
[2020-04-29T15:48:35.070+0000][1][safepoint    ] Safepoint "Cleanup", Time since last: 1000187600 ns, Reaching safepoint: 265900 ns, At safepoint: 112300 ns, Total: 378200 ns
[2020-04-29T15:48:36.070+0000][1][safepoint    ] Safepoint "Cleanup", Time since last: 1000187900 ns, Reaching safepoint: 150500 ns, At safepoint: 60100 ns, Total: 210600 ns
[2020-04-29T15:48:37.071+0000][1][safepoint    ] Safepoint "Cleanup", Time since last: 1000164900 ns, Reaching safepoint: 168900 ns, At safepoint: 69800 ns, Total: 238700 ns
[2020-04-29T15:48:38.071+0000][1][safepoint    ] Safepoint "Cleanup", Time since last: 1000278100 ns, Reaching safepoint: 278400 ns, At safepoint: 108800 ns, Total: 387200 ns
[2020-04-29T15:48:39.072+0000][1][safepoint    ] Safepoint "Cleanup", Time since last: 1000296000 ns, Reaching safepoint: 253300 ns, At safepoint: 65200 ns, Total: 318500 ns
[2020-04-29T15:48:40.072+0000][1][safepoint    ] Safepoint "Cleanup", Time since last: 1000245900 ns, Reaching safepoint: 273400 ns, At safepoint: 91800 ns, Total: 365200 ns
[2020-04-29T15:48:41.073+0000][1][safepoint    ] Safepoint "Cleanup", Time since last: 1000187600 ns, Reaching safepoint: 196500 ns, At safepoint: 88700 ns, Total: 285200 ns
[2020-04-29T15:48:42.073+0000][1][safepoint    ] Safepoint "Cleanup", Time since last: 1000225300 ns, Reaching safepoint: 190600 ns, At safepoint: 69000 ns, Total: 259600 ns
[2020-04-29T15:48:43.074+0000][1][safepoint    ] Safepoint "Cleanup", Time since last: 1000187800 ns, Reaching safepoint: 277700 ns, At safepoint: 91900 ns, Total: 369600 ns
[2020-04-29T15:48:44.075+0000][1][safepoint    ] Safepoint "Cleanup", Time since last: 1000252400 ns, Reaching safepoint: 412300 ns, At safepoint: 87600 ns, Total: 499900 ns
[2020-04-29T15:48:45.076+0000][1][safepoint    ] Safepoint "Cleanup", Time since last: 1000393300 ns, Reaching safepoint: 455000 ns, At safepoint: 98000 ns, Total: 553000 ns
[2020-04-29T15:48:46.076+0000][1][safepoint    ] Safepoint "Cleanup", Time since last: 1000210800 ns, Reaching safepoint: 232000 ns, At safepoint: 90200 ns, Total: 322200 ns
[2020-04-29T15:48:47.077+0000][1][safepoint    ] Safepoint "Cleanup", Time since last: 1000245300 ns, Reaching safepoint: 343100 ns, At safepoint: 102200 ns, Total: 445300 ns
[2020-04-29T15:48:48.078+0000][1][safepoint    ] Safepoint "Cleanup", Time since last: 1000264000 ns, Reaching safepoint: 346900 ns, At safepoint: 149800 ns, Total: 496700 ns
[2020-04-29T15:48:49.078+0000][1][safepoint    ] Safepoint "Cleanup", Time since last: 1000196700 ns, Reaching safepoint: 199600 ns, At safepoint: 54800 ns, Total: 254400 ns
[2020-04-29T15:48:50.078+0000][1][safepoint    ] Safepoint "Cleanup", Time since last: 1000202700 ns, Reaching safepoint: 152600 ns, At safepoint: 62800 ns, Total: 215400 ns
[2020-04-29T15:48:51.079+0000][1][safepoint    ] Safepoint "Cleanup", Time since last: 1000217900 ns, Reaching safepoint: 187500 ns, At safepoint: 64700 ns, Total: 252200 ns
[2020-04-29T15:48:52.080+0000][1][safepoint    ] Safepoint "Cleanup", Time since last: 1000381800 ns, Reaching safepoint: 529300 ns, At safepoint: 183300 ns, Total: 712600 ns
[2020-04-29T15:48:53.081+0000][1][safepoint    ] Safepoint "Cleanup", Time since last: 1000233000 ns, Reaching safepoint: 356500 ns, At safepoint: 102200 ns, Total: 458700 ns
[2020-04-29T15:48:54.081+0000][1][safepoint    ] Safepoint "Cleanup", Time since last: 1000274100 ns, Reaching safepoint: 218100 ns, At safepoint: 45700 ns, Total: 263800 ns
[2020-04-29T15:48:55.082+0000][1][safepoint    ] Safepoint "Cleanup", Time since last: 1000276300 ns, Reaching safepoint: 267400 ns, At safepoint: 157800 ns, Total: 425200 ns
[2020-04-29T15:48:56.082+0000][1][safepoint    ] Safepoint "Cleanup", Time since last: 1000174900 ns, Reaching safepoint: 152900 ns, At safepoint: 43200 ns, Total: 196100 ns
[2020-04-29T15:48:57.083+0000][1][safepoint    ] Safepoint "Cleanup", Time since last: 1000422300 ns, Reaching safepoint: 313500 ns, At safepoint: 136000 ns, Total: 449500 ns
[2020-04-29T15:48:58.084+0000][1][safepoint    ] Safepoint "Cleanup", Time since last: 1000308700 ns, Reaching safepoint: 224700 ns, At safepoint: 64300 ns, Total: 289000 ns
[2020-04-29T15:48:58.166+0000][1][gc,start     ] GC(36) Pause Young (Allocation Failure)
[2020-04-29T15:48:58.166+0000][1][gc,task      ] GC(36) Using 10 workers of 10 for evacuation
[2020-04-29T15:48:58.170+0000][1][gc,age       ] GC(36) Desired survivor size 8945664 bytes, new threshold 6 (max threshold 6)
[2020-04-29T15:48:58.170+0000][1][gc,age       ] GC(36) Age table with threshold 6 (max threshold 6)
[2020-04-29T15:48:58.170+0000][1][gc,age       ] GC(36) - age   1:     261784 bytes,     261784 total
[2020-04-29T15:48:58.170+0000][1][gc,age       ] GC(36) - age   2:       2520 bytes,     264304 total
[2020-04-29T15:48:58.170+0000][1][gc,age       ] GC(36) - age   3:     813824 bytes,    1078128 total
[2020-04-29T15:48:58.170+0000][1][gc,age       ] GC(36) - age   4:      36600 bytes,    1114728 total
[2020-04-29T15:48:58.170+0000][1][gc,age       ] GC(36) - age   5:     176544 bytes,    1291272 total
[2020-04-29T15:48:58.170+0000][1][gc,age       ] GC(36) - age   6:      36568 bytes,    1327840 total
[2020-04-29T15:48:58.170+0000][1][gc,heap      ] GC(36) ParNew: 141737K->1831K(157248K)
[2020-04-29T15:48:58.170+0000][1][gc,heap      ] GC(36) CMS: 90037K->90048K(349568K)
[2020-04-29T15:48:58.170+0000][1][gc,metaspace ] GC(36) Metaspace: 97436K->97436K(1138688K)
[2020-04-29T15:48:58.170+0000][1][gc           ] GC(36) Pause Young (Allocation Failure) 226M->89M(494M) 4.397ms
[2020-04-29T15:48:58.170+0000][1][gc,cpu       ] GC(36) User=0.01s Sys=0.01s Real=0.00s
[2020-04-29T15:48:58.170+0000][1][safepoint    ] Safepoint "GenCollectForAllocation", Time since last: 81855000 ns, Reaching safepoint: 151900 ns, At safepoint: 4619500 ns, Total: 4771400 ns
[2020-04-29T15:48:59.171+0000][1][safepoint    ] Safepoint "Cleanup", Time since last: 1000207000 ns, Reaching safepoint: 240500 ns, At safepoint: 97400 ns, Total: 337900 ns
[2020-04-29T15:49:00.172+0000][1][safepoint    ] Safepoint "Cleanup", Time since last: 1000270300 ns, Reaching safepoint: 851600 ns, At safepoint: 256700 ns, Total: 1108300 ns
[2020-04-29T15:49:01.174+0000][1][safepoint    ] Safepoint "Cleanup", Time since last: 1000287500 ns, Reaching safepoint: 612900 ns, At safepoint: 258700 ns, Total: 871600 ns
[2020-04-29T15:49:02.174+0000][1][safepoint    ] Safepoint "Cleanup", Time since last: 1000346000 ns, Reaching safepoint: 138900 ns, At safepoint: 66200 ns, Total: 205100 ns
[2020-04-29T15:49:03.174+0000][1][safepoint    ] Safepoint "Cleanup", Time since last: 1000134400 ns, Reaching safepoint: 139000 ns, At safepoint: 60100 ns, Total: 199100 ns
[2020-04-29T15:49:04.175+0000][1][safepoint    ] Safepoint "Cleanup", Time since last: 1000130200 ns, Reaching safepoint: 137400 ns, At safepoint: 53200 ns, Total: 190600 ns
[2020-04-29T15:49:05.175+0000][1][safepoint    ] Safepoint "Cleanup", Time since last: 1000172000 ns, Reaching safepoint: 140600 ns, At safepoint: 55100 ns, Total: 195700 ns
[2020-04-29T15:49:06.175+0000][1][safepoint    ] Safepoint "Cleanup", Time since last: 1000113100 ns, Reaching safepoint: 138200 ns, At safepoint: 36900 ns, Total: 175100 ns
[2020-04-29T15:49:07.176+0000][1][safepoint    ] Safepoint "Cleanup", Time since last: 1000190200 ns, Reaching safepoint: 184900 ns, At safepoint: 81800 ns, Total: 266700 ns
[2020-04-29T15:49:08.176+0000][1][safepoint    ] Safepoint "Cleanup", Time since last: 1000179500 ns, Reaching safepoint: 135800 ns, At safepoint: 39500 ns, Total: 175300 ns
[2020-04-29T15:49:09.177+0000][1][safepoint    ] Safepoint "Cleanup", Time since last: 1000205500 ns, Reaching safepoint: 242400 ns, At safepoint: 77700 ns, Total: 320100 ns
[2020-04-29T15:49:10.177+0000][1][safepoint    ] Safepoint "Cleanup", Time since last: 1000231600 ns, Reaching safepoint: 262700 ns, At safepoint: 113800 ns, Total: 376500 ns
[2020-04-29T15:49:11.179+0000][1][safepoint    ] Safepoint "Cleanup", Time since last: 1000710700 ns, Reaching safepoint: 489500 ns, At safepoint: 189700 ns, Total: 679200 ns
[2020-04-29T15:49:12.179+0000][1][safepoint    ] Safepoint "Cleanup", Time since last: 1000212500 ns, Reaching safepoint: 148600 ns, At safepoint: 38100 ns, Total: 186700 ns
[2020-04-29T15:49:13.179+0000][1][safepoint    ] Safepoint "Cleanup", Time since last: 1000169700 ns, Reaching safepoint: 143600 ns, At safepoint: 51100 ns, Total: 194700 ns
[2020-04-29T15:49:14.180+0000][1][safepoint    ] Safepoint "Cleanup", Time since last: 1000130300 ns, Reaching safepoint: 144600 ns, At safepoint: 41700 ns, Total: 186300 ns
[2020-04-29T15:49:15.180+0000][1][safepoint    ] Safepoint "Cleanup", Time since last: 1000179700 ns, Reaching safepoint: 153100 ns, At safepoint: 57600 ns, Total: 210700 ns
[2020-04-29T15:49:16.181+0000][1][safepoint    ] Safepoint "Cleanup", Time since last: 1000207100 ns, Reaching safepoint: 157700 ns, At safepoint: 85600 ns, Total: 243300 ns
[2020-04-29T15:49:17.181+0000][1][safepoint    ] Safepoint "Cleanup", Time since last: 1000153400 ns, Reaching safepoint: 150500 ns, At safepoint: 49100 ns, Total: 199600 ns
[2020-04-29T15:49:18.181+0000][1][safepoint    ] Safepoint "Cleanup", Time since last: 1000162700 ns, Reaching safepoint: 177100 ns, At safepoint: 71700 ns, Total: 248800 ns
[2020-04-29T15:49:19.182+0000][1][safepoint    ] Safepoint "Cleanup", Time since last: 1000208600 ns, Reaching safepoint: 381400 ns, At safepoint: 84600 ns, Total: 466000 ns
[2020-04-29T15:49:20.183+0000][1][safepoint    ] Safepoint "Cleanup", Time since last: 1000252700 ns, Reaching safepoint: 270700 ns, At safepoint: 73500 ns, Total: 344200 ns
[2020-04-29T15:49:21.184+0000][1][safepoint    ] Safepoint "Cleanup", Time since last: 1000286200 ns, Reaching safepoint: 429900 ns, At safepoint: 125400 ns, Total: 555300 ns
[2020-04-29T15:49:22.184+0000][1][safepoint    ] Safepoint "Cleanup", Time since last: 1000369800 ns, Reaching safepoint: 309700 ns, At safepoint: 106000 ns, Total: 415700 ns
[2020-04-29T15:49:23.185+0000][1][safepoint    ] Safepoint "Cleanup", Time since last: 1000261900 ns, Reaching safepoint: 408400 ns, At safepoint: 126100 ns, Total: 534500 ns
[2020-04-29T15:49:24.186+0000][1][safepoint    ] Safepoint "Cleanup", Time since last: 1000310200 ns, Reaching safepoint: 362400 ns, At safepoint: 64300 ns, Total: 426700 ns
[2020-04-29T15:49:25.187+0000][1][safepoint    ] Safepoint "Cleanup", Time since last: 1000297100 ns, Reaching safepoint: 321700 ns, At safepoint: 62200 ns, Total: 383900 ns
[2020-04-29T15:49:26.187+0000][1][safepoint    ] Safepoint "Cleanup", Time since last: 1000128500 ns, Reaching safepoint: 197100 ns, At safepoint: 40500 ns, Total: 237600 ns
[2020-04-29T15:49:27.187+0000][1][safepoint    ] Safepoint "Cleanup", Time since last: 1000191300 ns, Reaching safepoint: 244600 ns, At safepoint: 45800 ns, Total: 290400 ns
[2020-04-29T15:49:28.190+0000][1][safepoint    ] Safepoint "Cleanup", Time since last: 1002934700 ns, Reaching safepoint: 136200 ns, At safepoint: 39900 ns, Total: 176100 ns
[2020-04-29T15:49:29.191+0000][1][safepoint    ] Safepoint "Cleanup", Time since last: 1000189900 ns, Reaching safepoint: 160200 ns, At safepoint: 66100 ns, Total: 226300 ns
[2020-04-29T15:49:30.191+0000][1][safepoint    ] Safepoint "Cleanup", Time since last: 1000178600 ns, Reaching safepoint: 143500 ns, At safepoint: 39500 ns, Total: 183000 ns
[2020-04-29T15:49:31.192+0000][1][safepoint    ] Safepoint "Cleanup", Time since last: 1000147400 ns, Reaching safepoint: 138100 ns, At safepoint: 52400 ns, Total: 190500 ns
[2020-04-29T15:49:32.192+0000][1][safepoint    ] Safepoint "Cleanup", Time since last: 1000140100 ns, Reaching safepoint: 140800 ns, At safepoint: 71300 ns, Total: 212100 ns
[2020-04-29T15:49:33.192+0000][1][safepoint    ] Safepoint "Cleanup", Time since last: 1000161400 ns, Reaching safepoint: 138800 ns, At safepoint: 48500 ns, Total: 187300 ns
[2020-04-29T15:49:34.193+0000][1][safepoint    ] Safepoint "Cleanup", Time since last: 1000161900 ns, Reaching safepoint: 140400 ns, At safepoint: 49500 ns, Total: 189900 ns
[2020-04-29T15:49:35.193+0000][1][safepoint    ] Safepoint "Cleanup", Time since last: 1000132200 ns, Reaching safepoint: 143600 ns, At safepoint: 44000 ns, Total: 187600 ns
[2020-04-29T15:49:36.193+0000][1][safepoint    ] Safepoint "Cleanup", Time since last: 1000122300 ns, Reaching safepoint: 176100 ns, At safepoint: 37900 ns, Total: 214000 ns
[2020-04-29T15:49:37.194+0000][1][safepoint    ] Safepoint "Cleanup", Time since last: 1000142600 ns, Reaching safepoint: 146600 ns, At safepoint: 77900 ns, Total: 224500 ns
[2020-04-29T15:49:38.194+0000][1][safepoint    ] Safepoint "Cleanup", Time since last: 1000157000 ns, Reaching safepoint: 133700 ns, At safepoint: 38600 ns, Total: 172300 ns
[2020-04-29T15:49:39.194+0000][1][safepoint    ] Safepoint "Cleanup", Time since last: 1000205100 ns, Reaching safepoint: 154800 ns, At safepoint: 73900 ns, Total: 228700 ns
[2020-04-29T15:49:40.195+0000][1][safepoint    ] Safepoint "Cleanup", Time since last: 1000231900 ns, Reaching safepoint: 226100 ns, At safepoint: 74800 ns, Total: 300900 ns
[2020-04-29T15:49:41.195+0000][1][safepoint    ] Safepoint "Cleanup", Time since last: 1000200000 ns, Reaching safepoint: 135100 ns, At safepoint: 52400 ns, Total: 187500 ns
[2020-04-29T15:49:42.196+0000][1][safepoint    ] Safepoint "Cleanup", Time since last: 1000152700 ns, Reaching safepoint: 139500 ns, At safepoint: 41900 ns, Total: 181400 ns
[2020-04-29T15:49:43.196+0000][1][safepoint    ] Safepoint "Cleanup", Time since last: 1000209000 ns, Reaching safepoint: 176300 ns, At safepoint: 58000 ns, Total: 234300 ns
[2020-04-29T15:49:44.197+0000][1][safepoint    ] Safepoint "Cleanup", Time since last: 1000154900 ns, Reaching safepoint: 289100 ns, At safepoint: 58300 ns, Total: 347400 ns
[2020-04-29T15:49:45.197+0000][1][safepoint    ] Safepoint "Cleanup", Time since last: 1000252000 ns, Reaching safepoint: 138900 ns, At safepoint: 53100 ns, Total: 192000 ns
[2020-04-29T15:49:46.197+0000][1][safepoint    ] Safepoint "Cleanup", Time since last: 1000171200 ns, Reaching safepoint: 153800 ns, At safepoint: 53200 ns, Total: 207000 ns
[2020-04-29T15:49:47.198+0000][1][safepoint    ] Safepoint "Cleanup", Time since last: 1000133200 ns, Reaching safepoint: 137500 ns, At safepoint: 53500 ns, Total: 191000 ns
[2020-04-29T15:49:48.198+0000][1][safepoint    ] Safepoint "Cleanup", Time since last: 1000205400 ns, Reaching safepoint: 136200 ns, At safepoint: 40000 ns, Total: 176200 ns
[2020-04-29T15:49:49.198+0000][1][safepoint    ] Safepoint "Cleanup", Time since last: 1000143900 ns, Reaching safepoint: 145100 ns, At safepoint: 42400 ns, Total: 187500 ns
[2020-04-29T15:49:50.199+0000][1][safepoint    ] Safepoint "Cleanup", Time since last: 1000191800 ns, Reaching safepoint: 145800 ns, At safepoint: 54700 ns, Total: 200500 ns
[2020-04-29T15:49:51.199+0000][1][safepoint    ] Safepoint "Cleanup", Time since last: 1000193700 ns, Reaching safepoint: 137600 ns, At safepoint: 52200 ns, Total: 189800 ns
[2020-04-29T15:49:52.200+0000][1][safepoint    ] Safepoint "Cleanup", Time since last: 1000182800 ns, Reaching safepoint: 140500 ns, At safepoint: 53000 ns, Total: 193500 ns
[2020-04-29T15:49:53.200+0000][1][safepoint    ] Safepoint "Cleanup", Time since last: 1000156200 ns, Reaching safepoint: 141900 ns, At safepoint: 44400 ns, Total: 186300 ns
[2020-04-29T15:49:54.200+0000][1][safepoint    ] Safepoint "Cleanup", Time since last: 1000170700 ns, Reaching safepoint: 156500 ns, At safepoint: 42000 ns, Total: 198500 ns
[2020-04-29T15:49:55.201+0000][1][safepoint    ] Safepoint "Cleanup", Time since last: 1000144900 ns, Reaching safepoint: 146100 ns, At safepoint: 59900 ns, Total: 206000 ns
[2020-04-29T15:49:56.202+0000][1][safepoint    ] Safepoint "Cleanup", Time since last: 1000704100 ns, Reaching safepoint: 312000 ns, At safepoint: 148300 ns, Total: 460300 ns
[2020-04-29T15:49:57.204+0000][1][safepoint    ] Safepoint "Cleanup", Time since last: 1001044500 ns, Reaching safepoint: 721700 ns, At safepoint: 375900 ns, Total: 1097600 ns
[2020-04-29T15:49:58.205+0000][1][safepoint    ] Safepoint "Cleanup", Time since last: 1000511500 ns, Reaching safepoint: 339000 ns, At safepoint: 132900 ns, Total: 471900 ns
[2020-04-29T15:49:59.205+0000][1][safepoint    ] Safepoint "Cleanup", Time since last: 1000196200 ns, Reaching safepoint: 145100 ns, At safepoint: 41700 ns, Total: 186800 ns
[2020-04-29T15:50:00.206+0000][1][safepoint    ] Safepoint "Cleanup", Time since last: 1000162600 ns, Reaching safepoint: 141100 ns, At safepoint: 64800 ns, Total: 205900 ns
[2020-04-29T15:50:01.206+0000][1][safepoint    ] Safepoint "Cleanup", Time since last: 1000219800 ns, Reaching safepoint: 270800 ns, At safepoint: 162100 ns, Total: 432900 ns
[2020-04-29T15:50:02.207+0000][1][safepoint    ] Safepoint "Cleanup", Time since last: 1000530000 ns, Reaching safepoint: 226600 ns, At safepoint: 125100 ns, Total: 351700 ns
[2020-04-29T15:50:03.208+0000][1][safepoint    ] Safepoint "Cleanup", Time since last: 1000310600 ns, Reaching safepoint: 144000 ns, At safepoint: 89100 ns, Total: 233100 ns
[2020-04-29T15:50:04.209+0000][1][safepoint    ] Safepoint "Cleanup", Time since last: 1000318800 ns, Reaching safepoint: 387700 ns, At safepoint: 134200 ns, Total: 521900 ns
[2020-04-29T15:50:05.209+0000][1][safepoint    ] Safepoint "Cleanup", Time since last: 1000303100 ns, Reaching safepoint: 315000 ns, At safepoint: 220100 ns, Total: 535100 ns
[2020-04-29T15:50:06.210+0000][1][safepoint    ] Safepoint "Cleanup", Time since last: 1000199600 ns, Reaching safepoint: 145900 ns, At safepoint: 92600 ns, Total: 238500 ns
[2020-04-29T15:50:07.210+0000][1][safepoint    ] Safepoint "Cleanup", Time since last: 1000224500 ns, Reaching safepoint: 178400 ns, At safepoint: 108600 ns, Total: 287000 ns
[2020-04-29T15:50:08.211+0000][1][safepoint    ] Safepoint "Cleanup", Time since last: 1000238300 ns, Reaching safepoint: 242600 ns, At safepoint: 181800 ns, Total: 424400 ns
[2020-04-29T15:50:09.212+0000][1][safepoint    ] Safepoint "Cleanup", Time since last: 1000227700 ns, Reaching safepoint: 186100 ns, At safepoint: 85200 ns, Total: 271300 ns
[2020-04-29T15:50:10.212+0000][1][safepoint    ] Safepoint "Cleanup", Time since last: 1000200900 ns, Reaching safepoint: 165400 ns, At safepoint: 80500 ns, Total: 245900 ns
[2020-04-29T15:50:11.213+0000][1][safepoint    ] Safepoint "Cleanup", Time since last: 1000196700 ns, Reaching safepoint: 224500 ns, At safepoint: 66400 ns, Total: 290900 ns
[2020-04-29T15:50:12.213+0000][1][safepoint    ] Safepoint "Cleanup", Time since last: 1000194800 ns, Reaching safepoint: 178600 ns, At safepoint: 75300 ns, Total: 253900 ns
[2020-04-29T15:50:13.213+0000][1][safepoint    ] Safepoint "Cleanup", Time since last: 1000208600 ns, Reaching safepoint: 176600 ns, At safepoint: 99900 ns, Total: 276500 ns
[2020-04-29T15:50:14.214+0000][1][safepoint    ] Safepoint "Cleanup", Time since last: 1000201200 ns, Reaching safepoint: 142800 ns, At safepoint: 64900 ns, Total: 207700 ns
[2020-04-29T15:50:15.214+0000][1][safepoint    ] Safepoint "Cleanup", Time since last: 1000176200 ns, Reaching safepoint: 238500 ns, At safepoint: 186100 ns, Total: 424600 ns
[2020-04-29T15:50:16.215+0000][1][safepoint    ] Safepoint "Cleanup", Time since last: 1000151200 ns, Reaching safepoint: 160100 ns, At safepoint: 80300 ns, Total: 240400 ns
[2020-04-29T15:50:17.215+0000][1][safepoint    ] Safepoint "Cleanup", Time since last: 1000146700 ns, Reaching safepoint: 154200 ns, At safepoint: 90600 ns, Total: 244800 ns
[2020-04-29T15:50:18.216+0000][1][safepoint    ] Safepoint "Cleanup", Time since last: 1000168100 ns, Reaching safepoint: 138600 ns, At safepoint: 72100 ns, Total: 210700 ns
[2020-04-29T15:50:19.216+0000][1][safepoint    ] Safepoint "Cleanup", Time since last: 1000157000 ns, Reaching safepoint: 140300 ns, At safepoint: 71300 ns, Total: 211600 ns
[2020-04-29T15:50:20.216+0000][1][safepoint    ] Safepoint "Cleanup", Time since last: 1000197500 ns, Reaching safepoint: 143900 ns, At safepoint: 100000 ns, Total: 243900 ns
[2020-04-29T15:50:21.217+0000][1][safepoint    ] Safepoint "Cleanup", Time since last: 1000233200 ns, Reaching safepoint: 182200 ns, At safepoint: 89900 ns, Total: 272100 ns
[2020-04-29T15:50:22.217+0000][1][safepoint    ] Safepoint "Cleanup", Time since last: 1000218100 ns, Reaching safepoint: 142900 ns, At safepoint: 77900 ns, Total: 220800 ns
[2020-04-29T15:50:23.218+0000][1][safepoint    ] Safepoint "Cleanup", Time since last: 1000172900 ns, Reaching safepoint: 141900 ns, At safepoint: 82300 ns, Total: 224200 ns
[2020-04-29T15:50:24.218+0000][1][safepoint    ] Safepoint "Cleanup", Time since last: 1000233600 ns, Reaching safepoint: 180700 ns, At safepoint: 87800 ns, Total: 268500 ns
[2020-04-29T15:50:25.219+0000][1][safepoint    ] Safepoint "Cleanup", Time since last: 1000158600 ns, Reaching safepoint: 167000 ns, At safepoint: 84500 ns, Total: 251500 ns
[2020-04-29T15:50:26.219+0000][1][safepoint    ] Safepoint "Cleanup", Time since last: 1000211800 ns, Reaching safepoint: 241400 ns, At safepoint: 81800 ns, Total: 323200 ns
[2020-04-29T15:50:27.220+0000][1][safepoint    ] Safepoint "Cleanup", Time since last: 1000184100 ns, Reaching safepoint: 183600 ns, At safepoint: 66600 ns, Total: 250200 ns
[2020-04-29T15:50:28.220+0000][1][safepoint    ] Safepoint "Cleanup", Time since last: 1000181900 ns, Reaching safepoint: 250600 ns, At safepoint: 93300 ns, Total: 343900 ns
[2020-04-29T15:50:29.221+0000][1][safepoint    ] Safepoint "Cleanup", Time since last: 1000149000 ns, Reaching safepoint: 146400 ns, At safepoint: 79900 ns, Total: 226300 ns
[2020-04-29T15:50:30.221+0000][1][safepoint    ] Safepoint "Cleanup", Time since last: 1000187400 ns, Reaching safepoint: 146800 ns, At safepoint: 97100 ns, Total: 243900 ns
[2020-04-29T15:50:31.222+0000][1][safepoint    ] Safepoint "Cleanup", Time since last: 1000188200 ns, Reaching safepoint: 243600 ns, At safepoint: 104000 ns, Total: 347600 ns
[2020-04-29T15:50:32.222+0000][1][safepoint    ] Safepoint "Cleanup", Time since last: 1000235800 ns, Reaching safepoint: 213700 ns, At safepoint: 123800 ns, Total: 337500 ns
[2020-04-29T15:50:33.223+0000][1][safepoint    ] Safepoint "Cleanup", Time since last: 1000229200 ns, Reaching safepoint: 179100 ns, At safepoint: 112700 ns, Total: 291800 ns
[2020-04-29T15:50:34.223+0000][1][safepoint    ] Safepoint "Cleanup", Time since last: 1000180600 ns, Reaching safepoint: 249000 ns, At safepoint: 206500 ns, Total: 455500 ns
[2020-04-29T15:50:35.224+0000][1][safepoint    ] Safepoint "Cleanup", Time since last: 1000226700 ns, Reaching safepoint: 175400 ns, At safepoint: 98200 ns, Total: 273600 ns
[2020-04-29T15:50:36.224+0000][1][safepoint    ] Safepoint "Cleanup", Time since last: 1000212900 ns, Reaching safepoint: 165300 ns, At safepoint: 84100 ns, Total: 249400 ns
[2020-04-29T15:50:37.225+0000][1][safepoint    ] Safepoint "Cleanup", Time since last: 1000288500 ns, Reaching safepoint: 276200 ns, At safepoint: 305700 ns, Total: 581900 ns
[2020-04-29T15:50:38.226+0000][1][safepoint    ] Safepoint "Cleanup", Time since last: 1000268500 ns, Reaching safepoint: 288100 ns, At safepoint: 112900 ns, Total: 401000 ns
[2020-04-29T15:50:39.227+0000][1][safepoint    ] Safepoint "Cleanup", Time since last: 1000257900 ns, Reaching safepoint: 366800 ns, At safepoint: 118400 ns, Total: 485200 ns
[2020-04-29T15:50:40.227+0000][1][safepoint    ] Safepoint "Cleanup", Time since last: 1000146300 ns, Reaching safepoint: 200200 ns, At safepoint: 104700 ns, Total: 304900 ns
[2020-04-29T15:50:41.228+0000][1][safepoint    ] Safepoint "Cleanup", Time since last: 1000281300 ns, Reaching safepoint: 264600 ns, At safepoint: 162700 ns, Total: 427300 ns
[2020-04-29T15:50:42.229+0000][1][safepoint    ] Safepoint "Cleanup", Time since last: 1000360300 ns, Reaching safepoint: 661100 ns, At safepoint: 161600 ns, Total: 822700 ns
[2020-04-29T15:50:43.229+0000][1][safepoint    ] Safepoint "Cleanup", Time since last: 1000211300 ns, Reaching safepoint: 230300 ns, At safepoint: 86600 ns, Total: 316900 ns
[2020-04-29T15:50:44.230+0000][1][safepoint    ] Safepoint "Cleanup", Time since last: 1000187300 ns, Reaching safepoint: 147200 ns, At safepoint: 69800 ns, Total: 217000 ns
[2020-04-29T15:50:45.230+0000][1][safepoint    ] Safepoint "Cleanup", Time since last: 1000195400 ns, Reaching safepoint: 189000 ns, At safepoint: 96800 ns, Total: 285800 ns
[2020-04-29T15:50:46.231+0000][1][safepoint    ] Safepoint "Cleanup", Time since last: 1000335300 ns, Reaching safepoint: 262500 ns, At safepoint: 85300 ns, Total: 347800 ns
[2020-04-29T15:50:47.232+0000][1][safepoint    ] Safepoint "Cleanup", Time since last: 1000260400 ns, Reaching safepoint: 197100 ns, At safepoint: 121500 ns, Total: 318600 ns
[2020-04-29T15:50:48.232+0000][1][safepoint    ] Safepoint "Cleanup", Time since last: 1000153700 ns, Reaching safepoint: 141800 ns, At safepoint: 134100 ns, Total: 275900 ns
[2020-04-29T15:50:49.232+0000][1][safepoint    ] Safepoint "Cleanup", Time since last: 1000192000 ns, Reaching safepoint: 219300 ns, At safepoint: 112600 ns, Total: 331900 ns
[2020-04-29T15:50:50.233+0000][1][safepoint    ] Safepoint "Cleanup", Time since last: 1000222400 ns, Reaching safepoint: 211400 ns, At safepoint: 119400 ns, Total: 330800 ns
[2020-04-29T15:50:51.234+0000][1][safepoint    ] Safepoint "Cleanup", Time since last: 1000288600 ns, Reaching safepoint: 473900 ns, At safepoint: 287000 ns, Total: 760900 ns
[2020-04-29T15:50:52.235+0000][1][safepoint    ] Safepoint "Cleanup", Time since last: 1000194900 ns, Reaching safepoint: 155700 ns, At safepoint: 93500 ns, Total: 249200 ns
[2020-04-29T15:50:53.235+0000][1][safepoint    ] Safepoint "Cleanup", Time since last: 1000150000 ns, Reaching safepoint: 164900 ns, At safepoint: 120100 ns, Total: 285000 ns
[2020-04-29T15:50:54.235+0000][1][safepoint    ] Safepoint "Cleanup", Time since last: 1000165100 ns, Reaching safepoint: 195100 ns, At safepoint: 79200 ns, Total: 274300 ns
[2020-04-29T15:50:55.236+0000][1][safepoint    ] Safepoint "Cleanup", Time since last: 1000204800 ns, Reaching safepoint: 162000 ns, At safepoint: 96500 ns, Total: 258500 ns
[2020-04-29T15:50:56.237+0000][1][safepoint    ] Safepoint "Cleanup", Time since last: 1000234700 ns, Reaching safepoint: 247100 ns, At safepoint: 149400 ns, Total: 396500 ns
[2020-04-29T15:50:57.237+0000][1][safepoint    ] Safepoint "Cleanup", Time since last: 1000205600 ns, Reaching safepoint: 434000 ns, At safepoint: 153800 ns, Total: 587800 ns
[2020-04-29T15:50:58.238+0000][1][safepoint    ] Safepoint "Cleanup", Time since last: 1000167600 ns, Reaching safepoint: 295200 ns, At safepoint: 121900 ns, Total: 417100 ns
[2020-04-29T15:50:59.238+0000][1][safepoint    ] Safepoint "Cleanup", Time since last: 1000206900 ns, Reaching safepoint: 199100 ns, At safepoint: 82600 ns, Total: 281700 ns
[2020-04-29T15:51:00.239+0000][1][safepoint    ] Safepoint "Cleanup", Time since last: 1000213100 ns, Reaching safepoint: 266700 ns, At safepoint: 149100 ns, Total: 415800 ns
[2020-04-29T15:51:01.240+0000][1][safepoint    ] Safepoint "Cleanup", Time since last: 1000284200 ns, Reaching safepoint: 513200 ns, At safepoint: 182900 ns, Total: 696100 ns
[2020-04-29T15:51:02.241+0000][1][safepoint    ] Safepoint "Cleanup", Time since last: 1000324200 ns, Reaching safepoint: 493700 ns, At safepoint: 226300 ns, Total: 720000 ns
[2020-04-29T15:51:03.242+0000][1][safepoint    ] Safepoint "Cleanup", Time since last: 1000288600 ns, Reaching safepoint: 274300 ns, At safepoint: 123700 ns, Total: 398000 ns
[2020-04-29T15:51:04.243+0000][1][safepoint    ] Safepoint "Cleanup", Time since last: 1000423700 ns, Reaching safepoint: 492600 ns, At safepoint: 294500 ns, Total: 787100 ns
[2020-04-29T15:51:05.244+0000][1][safepoint    ] Safepoint "Cleanup", Time since last: 1000220600 ns, Reaching safepoint: 229500 ns, At safepoint: 132200 ns, Total: 361700 ns
[2020-04-29T15:51:06.244+0000][1][safepoint    ] Safepoint "Cleanup", Time since last: 1000227400 ns, Reaching safepoint: 313600 ns, At safepoint: 150300 ns, Total: 463900 ns
[2020-04-29T15:51:07.245+0000][1][safepoint    ] Safepoint "Cleanup", Time since last: 1000226700 ns, Reaching safepoint: 359800 ns, At safepoint: 222500 ns, Total: 582300 ns
[2020-04-29T15:51:08.246+0000][1][safepoint    ] Safepoint "Cleanup", Time since last: 1000464800 ns, Reaching safepoint: 304200 ns, At safepoint: 234600 ns, Total: 538800 ns
[2020-04-29T15:51:09.247+0000][1][safepoint    ] Safepoint "Cleanup", Time since last: 1000430800 ns, Reaching safepoint: 626700 ns, At safepoint: 233000 ns, Total: 859700 ns
[2020-04-29T15:51:10.248+0000][1][safepoint    ] Safepoint "Cleanup", Time since last: 1000350900 ns, Reaching safepoint: 255500 ns, At safepoint: 110300 ns, Total: 365800 ns
[2020-04-29T15:51:11.249+0000][1][safepoint    ] Safepoint "Cleanup", Time since last: 1000360000 ns, Reaching safepoint: 420800 ns, At safepoint: 158300 ns, Total: 579100 ns
[2020-04-29T15:51:12.250+0000][1][safepoint    ] Safepoint "Cleanup", Time since last: 1000358900 ns, Reaching safepoint: 498900 ns, At safepoint: 169000 ns, Total: 667900 ns
[2020-04-29T15:51:13.250+0000][1][safepoint    ] Safepoint "Cleanup", Time since last: 1000176100 ns, Reaching safepoint: 169000 ns, At safepoint: 100600 ns, Total: 269600 ns
[2020-04-29T15:51:14.251+0000][1][safepoint    ] Safepoint "Cleanup", Time since last: 1000340400 ns, Reaching safepoint: 397900 ns, At safepoint: 158200 ns, Total: 556100 ns
[2020-04-29T15:51:15.252+0000][1][safepoint    ] Safepoint "Cleanup", Time since last: 1000306500 ns, Reaching safepoint: 491300 ns, At safepoint: 209400 ns, Total: 700700 ns
[2020-04-29T15:51:16.253+0000][1][safepoint    ] Safepoint "Cleanup", Time since last: 1000218500 ns, Reaching safepoint: 211600 ns, At safepoint: 117000 ns, Total: 328600 ns
[2020-04-29T15:51:17.253+0000][1][safepoint    ] Safepoint "Cleanup", Time since last: 1000259900 ns, Reaching safepoint: 165800 ns, At safepoint: 94000 ns, Total: 259800 ns
[2020-04-29T15:51:18.254+0000][1][safepoint    ] Safepoint "Cleanup", Time since last: 1000206100 ns, Reaching safepoint: 153700 ns, At safepoint: 58700 ns, Total: 212400 ns
[2020-04-29T15:51:19.255+0000][1][safepoint    ] Safepoint "Cleanup", Time since last: 1000336000 ns, Reaching safepoint: 577800 ns, At safepoint: 269400 ns, Total: 847200 ns
[2020-04-29T15:51:20.257+0000][1][safepoint    ] Safepoint "Cleanup", Time since last: 1000459100 ns, Reaching safepoint: 1042100 ns, At safepoint: 184700 ns, Total: 1226800 ns
[2020-04-29T15:51:21.257+0000][1][safepoint    ] Safepoint "Cleanup", Time since last: 1000179600 ns, Reaching safepoint: 170300 ns, At safepoint: 80800 ns, Total: 251100 ns
[2020-04-29T15:51:22.258+0000][1][safepoint    ] Safepoint "Cleanup", Time since last: 1000149500 ns, Reaching safepoint: 204300 ns, At safepoint: 65400 ns, Total: 269700 ns
[2020-04-29T15:51:23.258+0000][1][safepoint    ] Safepoint "Cleanup", Time since last: 1000172300 ns, Reaching safepoint: 222500 ns, At safepoint: 115000 ns, Total: 337500 ns
[2020-04-29T15:51:24.259+0000][1][safepoint    ] Safepoint "Cleanup", Time since last: 1000168000 ns, Reaching safepoint: 219300 ns, At safepoint: 89300 ns, Total: 308600 ns
[2020-04-29T15:51:25.260+0000][1][safepoint    ] Safepoint "Cleanup", Time since last: 1000363700 ns, Reaching safepoint: 810800 ns, At safepoint: 301300 ns, Total: 1112100 ns
[2020-04-29T15:51:26.261+0000][1][safepoint    ] Safepoint "Cleanup", Time since last: 1000298000 ns, Reaching safepoint: 306000 ns, At safepoint: 99100 ns, Total: 405100 ns
[2020-04-29T15:51:27.261+0000][1][safepoint    ] Safepoint "Cleanup", Time since last: 1000226900 ns, Reaching safepoint: 278900 ns, At safepoint: 148000 ns, Total: 426900 ns
[2020-04-29T15:51:28.262+0000][1][safepoint    ] Safepoint "Cleanup", Time since last: 1000190400 ns, Reaching safepoint: 560700 ns, At safepoint: 240800 ns, Total: 801500 ns
[2020-04-29T15:51:29.263+0000][1][safepoint    ] Safepoint "Cleanup", Time since last: 1000203700 ns, Reaching safepoint: 553300 ns, At safepoint: 140700 ns, Total: 694000 ns
[2020-04-29T15:51:30.264+0000][1][safepoint    ] Safepoint "Cleanup", Time since last: 1000277700 ns, Reaching safepoint: 192600 ns, At safepoint: 89700 ns, Total: 282300 ns
[2020-04-29T15:51:31.265+0000][1][safepoint    ] Safepoint "Cleanup", Time since last: 1000255100 ns, Reaching safepoint: 447100 ns, At safepoint: 199700 ns, Total: 646800 ns
[2020-04-29T15:51:32.265+0000][1][safepoint    ] Safepoint "Cleanup", Time since last: 1000251900 ns, Reaching safepoint: 226500 ns, At safepoint: 85300 ns, Total: 311800 ns
[2020-04-29T15:51:33.266+0000][1][safepoint    ] Safepoint "Cleanup", Time since last: 1000259400 ns, Reaching safepoint: 459000 ns, At safepoint: 65400 ns, Total: 524400 ns
[2020-04-29T15:51:34.267+0000][1][safepoint    ] Safepoint "Cleanup", Time since last: 1000202400 ns, Reaching safepoint: 294800 ns, At safepoint: 59500 ns, Total: 354300 ns
[2020-04-29T15:51:35.268+0000][1][safepoint    ] Safepoint "Cleanup", Time since last: 1000312100 ns, Reaching safepoint: 856200 ns, At safepoint: 428600 ns, Total: 1284800 ns
[2020-04-29T15:51:36.269+0000][1][safepoint    ] Safepoint "Cleanup", Time since last: 1000447600 ns, Reaching safepoint: 676500 ns, At safepoint: 157300 ns, Total: 833800 ns
[2020-04-29T15:51:37.271+0000][1][safepoint    ] Safepoint "Cleanup", Time since last: 1000450300 ns, Reaching safepoint: 896700 ns, At safepoint: 311100 ns, Total: 1207800 ns
[2020-04-29T15:51:38.272+0000][1][safepoint    ] Safepoint "Cleanup", Time since last: 1000479100 ns, Reaching safepoint: 493300 ns, At safepoint: 179300 ns, Total: 672600 ns
[2020-04-29T15:51:39.273+0000][1][safepoint    ] Safepoint "Cleanup", Time since last: 1000177700 ns, Reaching safepoint: 235900 ns, At safepoint: 137500 ns, Total: 373400 ns
[2020-04-29T15:51:40.274+0000][1][safepoint    ] Safepoint "Cleanup", Time since last: 1000188300 ns, Reaching safepoint: 549600 ns, At safepoint: 177100 ns, Total: 726700 ns
[2020-04-29T15:51:41.274+0000][1][safepoint    ] Safepoint "Cleanup", Time since last: 1000207600 ns, Reaching safepoint: 309300 ns, At safepoint: 151500 ns, Total: 460800 ns
[2020-04-29T15:51:42.276+0000][1][safepoint    ] Safepoint "Cleanup", Time since last: 1000258700 ns, Reaching safepoint: 678600 ns, At safepoint: 169800 ns, Total: 848400 ns
[2020-04-29T15:51:43.276+0000][1][safepoint    ] Safepoint "Cleanup", Time since last: 1000295600 ns, Reaching safepoint: 261300 ns, At safepoint: 110100 ns, Total: 371400 ns
[2020-04-29T15:51:44.278+0000][1][safepoint    ] Safepoint "Cleanup", Time since last: 1000323500 ns, Reaching safepoint: 763200 ns, At safepoint: 239000 ns, Total: 1002200 ns
[2020-04-29T15:51:45.279+0000][1][safepoint    ] Safepoint "Cleanup", Time since last: 1000335000 ns, Reaching safepoint: 747800 ns, At safepoint: 138600 ns, Total: 886400 ns
[2020-04-29T15:51:46.279+0000][1][safepoint    ] Safepoint "Cleanup", Time since last: 1000359700 ns, Reaching safepoint: 265800 ns, At safepoint: 108100 ns, Total: 373900 ns
[2020-04-29T15:51:47.280+0000][1][safepoint    ] Safepoint "Cleanup", Time since last: 1000213300 ns, Reaching safepoint: 251100 ns, At safepoint: 141800 ns, Total: 392900 ns
[2020-04-29T15:51:48.281+0000][1][safepoint    ] Safepoint "Cleanup", Time since last: 1000170300 ns, Reaching safepoint: 270600 ns, At safepoint: 109100 ns, Total: 379700 ns
[2020-04-29T15:51:49.281+0000][1][safepoint    ] Safepoint "Cleanup", Time since last: 1000205800 ns, Reaching safepoint: 161300 ns, At safepoint: 79500 ns, Total: 240800 ns
[2020-04-29T15:51:50.282+0000][1][safepoint    ] Safepoint "Cleanup", Time since last: 1000255300 ns, Reaching safepoint: 301000 ns, At safepoint: 194700 ns, Total: 495700 ns
[2020-04-29T15:51:51.283+0000][1][safepoint    ] Safepoint "Cleanup", Time since last: 1000370000 ns, Reaching safepoint: 345700 ns, At safepoint: 146800 ns, Total: 492500 ns
[2020-04-29T15:51:52.284+0000][1][safepoint    ] Safepoint "Cleanup", Time since last: 1000261500 ns, Reaching safepoint: 407200 ns, At safepoint: 271400 ns, Total: 678600 ns
[2020-04-29T15:51:53.241+0000][1][gc,start     ] GC(37) Pause Young (Allocation Failure)
[2020-04-29T15:51:53.241+0000][1][gc,task      ] GC(37) Using 10 workers of 10 for evacuation
[2020-04-29T15:51:53.245+0000][1][gc,age       ] GC(37) Desired survivor size 8945664 bytes, new threshold 6 (max threshold 6)
[2020-04-29T15:51:53.245+0000][1][gc,age       ] GC(37) Age table with threshold 6 (max threshold 6)
[2020-04-29T15:51:53.245+0000][1][gc,age       ] GC(37) - age   1:     176752 bytes,     176752 total
[2020-04-29T15:51:53.245+0000][1][gc,age       ] GC(37) - age   2:     194992 bytes,     371744 total
[2020-04-29T15:51:53.245+0000][1][gc,age       ] GC(37) - age   3:       2328 bytes,     374072 total
[2020-04-29T15:51:53.245+0000][1][gc,age       ] GC(37) - age   4:     662752 bytes,    1036824 total
[2020-04-29T15:51:53.245+0000][1][gc,age       ] GC(37) - age   5:      20480 bytes,    1057304 total
[2020-04-29T15:51:53.245+0000][1][gc,age       ] GC(37) - age   6:     103632 bytes,    1160936 total
[2020-04-29T15:51:53.245+0000][1][gc,heap      ] GC(37) ParNew: 141607K->1592K(157248K)
[2020-04-29T15:51:53.245+0000][1][gc,heap      ] GC(37) CMS: 90048K->90084K(349568K)
[2020-04-29T15:51:53.245+0000][1][gc,metaspace ] GC(37) Metaspace: 97485K->97485K(1138688K)
[2020-04-29T15:51:53.245+0000][1][gc           ] GC(37) Pause Young (Allocation Failure) 226M->89M(494M) 4.200ms
[2020-04-29T15:51:53.245+0000][1][gc,cpu       ] GC(37) User=0.02s Sys=0.00s Real=0.01s
[2020-04-29T15:51:53.245+0000][1][safepoint    ] Safepoint "GenCollectForAllocation", Time since last: 957280100 ns, Reaching safepoint: 187100 ns, At safepoint: 4366700 ns, Total: 4553800 ns
[2020-04-29T15:51:54.246+0000][1][safepoint    ] Safepoint "Cleanup", Time since last: 1000253400 ns, Reaching safepoint: 517500 ns, At safepoint: 192800 ns, Total: 710300 ns
[2020-04-29T15:51:55.203+0000][1][safepoint    ] Safepoint "RevokeBias", Time since last: 956127500 ns, Reaching safepoint: 165800 ns, At safepoint: 62600 ns, Total: 228400 ns
[2020-04-29T15:51:55.203+0000][1][safepoint    ] Safepoint "RevokeBias", Time since last: 263200 ns, Reaching safepoint: 167100 ns, At safepoint: 78100 ns, Total: 245200 ns
[2020-04-29T15:51:56.204+0000][1][safepoint    ] Safepoint "Cleanup", Time since last: 1000408800 ns, Reaching safepoint: 576000 ns, At safepoint: 185300 ns, Total: 761300 ns
[2020-04-29T15:51:57.205+0000][1][safepoint    ] Safepoint "Cleanup", Time since last: 1000309900 ns, Reaching safepoint: 181300 ns, At safepoint: 64900 ns, Total: 246200 ns
[2020-04-29T15:51:58.205+0000][1][safepoint    ] Safepoint "Cleanup", Time since last: 1000181600 ns, Reaching safepoint: 199900 ns, At safepoint: 60600 ns, Total: 260500 ns
[2020-04-29T15:51:59.206+0000][1][safepoint    ] Safepoint "Cleanup", Time since last: 1000182900 ns, Reaching safepoint: 165700 ns, At safepoint: 51400 ns, Total: 217100 ns
[2020-04-29T15:52:00.207+0000][1][safepoint    ] Safepoint "Cleanup", Time since last: 1000359600 ns, Reaching safepoint: 683800 ns, At safepoint: 178000 ns, Total: 861800 ns
[2020-04-29T15:52:01.209+0000][1][safepoint    ] Safepoint "Cleanup", Time since last: 1000542600 ns, Reaching safepoint: 547900 ns, At safepoint: 386200 ns, Total: 934100 ns
[2020-04-29T15:52:02.209+0000][1][safepoint    ] Safepoint "Cleanup", Time since last: 1000300800 ns, Reaching safepoint: 170000 ns, At safepoint: 63800 ns, Total: 233800 ns
[2020-04-29T15:52:03.100+0000][1][safepoint    ] Safepoint "RevokeBias", Time since last: 890869200 ns, Reaching safepoint: 216600 ns, At safepoint: 76700 ns, Total: 293300 ns
[2020-04-29T15:52:03.101+0000][1][safepoint    ] Safepoint "RevokeBias", Time since last: 202100 ns, Reaching safepoint: 196300 ns, At safepoint: 72400 ns, Total: 268700 ns
[2020-04-29T15:52:03.102+0000][1][safepoint    ] Safepoint "BulkRevokeBias", Time since last: 193800 ns, Reaching safepoint: 134900 ns, At safepoint: 667700 ns, Total: 802600 ns
[2020-04-29T15:52:04.103+0000][1][safepoint    ] Safepoint "Cleanup", Time since last: 1000293800 ns, Reaching safepoint: 446700 ns, At safepoint: 154700 ns, Total: 601400 ns
[2020-04-29T15:52:05.103+0000][1][safepoint    ] Safepoint "Cleanup", Time since last: 1000309300 ns, Reaching safepoint: 156500 ns, At safepoint: 61700 ns, Total: 218200 ns
[2020-04-29T15:52:06.104+0000][1][safepoint    ] Safepoint "Cleanup", Time since last: 1000248000 ns, Reaching safepoint: 213100 ns, At safepoint: 69800 ns, Total: 282900 ns
[2020-04-29T15:52:07.105+0000][1][safepoint    ] Safepoint "Cleanup", Time since last: 1000526600 ns, Reaching safepoint: 845300 ns, At safepoint: 207500 ns, Total: 1052800 ns
[2020-04-29T15:52:08.106+0000][1][safepoint    ] Safepoint "Cleanup", Time since last: 1000450600 ns, Reaching safepoint: 487000 ns, At safepoint: 158000 ns, Total: 645000 ns
[2020-04-29T15:52:09.107+0000][1][safepoint    ] Safepoint "Cleanup", Time since last: 1000266600 ns, Reaching safepoint: 330800 ns, At safepoint: 134500 ns, Total: 465300 ns
[2020-04-29T15:52:10.108+0000][1][safepoint    ] Safepoint "Cleanup", Time since last: 1000379000 ns, Reaching safepoint: 485100 ns, At safepoint: 133500 ns, Total: 618600 ns
[2020-04-29T15:52:11.919+0000][1][safepoint    ] Safepoint "Cleanup", Time since last: 1810834400 ns, Reaching safepoint: 353500 ns, At safepoint: 101200 ns, Total: 454700 ns
[2020-04-29T15:52:12.920+0000][1][safepoint    ] Safepoint "Cleanup", Time since last: 1000300400 ns, Reaching safepoint: 403800 ns, At safepoint: 56400 ns, Total: 460200 ns
[2020-04-29T15:52:13.921+0000][1][safepoint    ] Safepoint "Cleanup", Time since last: 1000375800 ns, Reaching safepoint: 158600 ns, At safepoint: 59300 ns, Total: 217900 ns
[2020-04-29T15:52:14.921+0000][1][safepoint    ] Safepoint "Cleanup", Time since last: 1000167000 ns, Reaching safepoint: 265600 ns, At safepoint: 47500 ns, Total: 313100 ns
[2020-04-29T15:52:15.922+0000][1][safepoint    ] Safepoint "Cleanup", Time since last: 1000345200 ns, Reaching safepoint: 159000 ns, At safepoint: 52100 ns, Total: 211100 ns
[2020-04-29T15:52:16.922+0000][1][safepoint    ] Safepoint "Cleanup", Time since last: 1000264300 ns, Reaching safepoint: 181500 ns, At safepoint: 74100 ns, Total: 255600 ns
[2020-04-29T15:52:17.923+0000][1][safepoint    ] Safepoint "Cleanup", Time since last: 1000180900 ns, Reaching safepoint: 215500 ns, At safepoint: 52100 ns, Total: 267600 ns
[2020-04-29T15:52:18.923+0000][1][safepoint    ] Safepoint "Cleanup", Time since last: 1000302100 ns, Reaching safepoint: 183500 ns, At safepoint: 86400 ns, Total: 269900 ns
[2020-04-29T15:52:19.924+0000][1][safepoint    ] Safepoint "Cleanup", Time since last: 1000344700 ns, Reaching safepoint: 331800 ns, At safepoint: 133200 ns, Total: 465000 ns
[2020-04-29T15:52:20.925+0000][1][safepoint    ] Safepoint "Cleanup", Time since last: 1000438900 ns, Reaching safepoint: 452700 ns, At safepoint: 78800 ns, Total: 531500 ns
[2020-04-29T15:52:21.926+0000][1][safepoint    ] Safepoint "Cleanup", Time since last: 1000526300 ns, Reaching safepoint: 595600 ns, At safepoint: 158500 ns, Total: 754100 ns
[2020-04-29T15:52:22.927+0000][1][safepoint    ] Safepoint "Cleanup", Time since last: 1000367200 ns, Reaching safepoint: 360400 ns, At safepoint: 103900 ns, Total: 464300 ns
[2020-04-29T15:52:23.928+0000][1][safepoint    ] Safepoint "Cleanup", Time since last: 1000407800 ns, Reaching safepoint: 516500 ns, At safepoint: 136000 ns, Total: 652500 ns
[2020-04-29T15:52:24.929+0000][1][safepoint    ] Safepoint "Cleanup", Time since last: 1000368700 ns, Reaching safepoint: 210200 ns, At safepoint: 77200 ns, Total: 287400 ns
[2020-04-29T15:52:25.930+0000][1][safepoint    ] Safepoint "Cleanup", Time since last: 1000389000 ns, Reaching safepoint: 447700 ns, At safepoint: 164600 ns, Total: 612300 ns
[2020-04-29T15:52:26.931+0000][1][safepoint    ] Safepoint "Cleanup", Time since last: 1000437800 ns, Reaching safepoint: 308000 ns, At safepoint: 129700 ns, Total: 437700 ns
[2020-04-29T15:52:27.932+0000][1][safepoint    ] Safepoint "Cleanup", Time since last: 1000301300 ns, Reaching safepoint: 732400 ns, At safepoint: 315300 ns, Total: 1047700 ns
[2020-04-29T15:52:28.933+0000][1][safepoint    ] Safepoint "Cleanup", Time since last: 1000484400 ns, Reaching safepoint: 202500 ns, At safepoint: 75800 ns, Total: 278300 ns
[2020-04-29T15:52:29.933+0000][1][safepoint    ] Safepoint "Cleanup", Time since last: 1000274000 ns, Reaching safepoint: 174600 ns, At safepoint: 77400 ns, Total: 252000 ns
[2020-04-29T15:52:30.934+0000][1][safepoint    ] Safepoint "Cleanup", Time since last: 1000366200 ns, Reaching safepoint: 270100 ns, At safepoint: 96000 ns, Total: 366100 ns
[2020-04-29T15:52:31.935+0000][1][safepoint    ] Safepoint "Cleanup", Time since last: 1000386700 ns, Reaching safepoint: 438500 ns, At safepoint: 109600 ns, Total: 548100 ns
[2020-04-29T15:52:32.937+0000][1][safepoint    ] Safepoint "Cleanup", Time since last: 1000280200 ns, Reaching safepoint: 1108200 ns, At safepoint: 171200 ns, Total: 1279400 ns
[2020-04-29T15:52:33.937+0000][1][safepoint    ] Safepoint "Cleanup", Time since last: 1000299500 ns, Reaching safepoint: 204900 ns, At safepoint: 95200 ns, Total: 300100 ns
[2020-04-29T15:52:34.939+0000][1][safepoint    ] Safepoint "Cleanup", Time since last: 1000556300 ns, Reaching safepoint: 645300 ns, At safepoint: 147000 ns, Total: 792300 ns
[2020-04-29T15:52:35.939+0000][1][safepoint    ] Safepoint "Cleanup", Time since last: 1000323200 ns, Reaching safepoint: 312600 ns, At safepoint: 99200 ns, Total: 411800 ns
[2020-04-29T15:52:36.940+0000][1][safepoint    ] Safepoint "Cleanup", Time since last: 1000368000 ns, Reaching safepoint: 360400 ns, At safepoint: 103800 ns, Total: 464200 ns
[2020-04-29T15:52:37.942+0000][1][safepoint    ] Safepoint "Cleanup", Time since last: 1000399400 ns, Reaching safepoint: 852900 ns, At safepoint: 380700 ns, Total: 1233600 ns
[2020-04-29T15:52:38.942+0000][1][safepoint    ] Safepoint "Cleanup", Time since last: 1000421600 ns, Reaching safepoint: 181300 ns, At safepoint: 70300 ns, Total: 251600 ns
[2020-04-29T15:52:39.943+0000][1][safepoint    ] Safepoint "Cleanup", Time since last: 1000185100 ns, Reaching safepoint: 492700 ns, At safepoint: 198000 ns, Total: 690700 ns
[2020-04-29T15:52:40.944+0000][1][safepoint    ] Safepoint "Cleanup", Time since last: 1000364200 ns, Reaching safepoint: 155600 ns, At safepoint: 58800 ns, Total: 214400 ns
[2020-04-29T15:52:41.945+0000][1][safepoint    ] Safepoint "Cleanup", Time since last: 1000208900 ns, Reaching safepoint: 338400 ns, At safepoint: 177300 ns, Total: 515700 ns
[2020-04-29T15:52:42.945+0000][1][safepoint    ] Safepoint "Cleanup", Time since last: 1000532000 ns, Reaching safepoint: 216800 ns, At safepoint: 75900 ns, Total: 292700 ns
[2020-04-29T15:52:43.947+0000][1][safepoint    ] Safepoint "Cleanup", Time since last: 1000494500 ns, Reaching safepoint: 1207700 ns, At safepoint: 257700 ns, Total: 1465400 ns
[2020-04-29T15:52:44.948+0000][1][safepoint    ] Safepoint "Cleanup", Time since last: 1000234400 ns, Reaching safepoint: 263800 ns, At safepoint: 76600 ns, Total: 340400 ns
[2020-04-29T15:52:45.949+0000][1][safepoint    ] Safepoint "Cleanup", Time since last: 1000360700 ns, Reaching safepoint: 365300 ns, At safepoint: 159700 ns, Total: 525000 ns
[2020-04-29T15:52:46.949+0000][1][safepoint    ] Safepoint "Cleanup", Time since last: 1000236500 ns, Reaching safepoint: 168400 ns, At safepoint: 69600 ns, Total: 238000 ns
[2020-04-29T15:52:47.950+0000][1][safepoint    ] Safepoint "Cleanup", Time since last: 1000204300 ns, Reaching safepoint: 209600 ns, At safepoint: 70000 ns, Total: 279600 ns
[2020-04-29T15:52:48.951+0000][1][safepoint    ] Safepoint "Cleanup", Time since last: 1000343900 ns, Reaching safepoint: 300000 ns, At safepoint: 129200 ns, Total: 429200 ns
[2020-04-29T15:52:49.952+0000][1][safepoint    ] Safepoint "Cleanup", Time since last: 1000530600 ns, Reaching safepoint: 539500 ns, At safepoint: 106500 ns, Total: 646000 ns
[2020-04-29T15:52:50.953+0000][1][safepoint    ] Safepoint "Cleanup", Time since last: 1000232100 ns, Reaching safepoint: 363900 ns, At safepoint: 106900 ns, Total: 470800 ns
[2020-04-29T15:52:51.954+0000][1][safepoint    ] Safepoint "Cleanup", Time since last: 1000415400 ns, Reaching safepoint: 686700 ns, At safepoint: 190900 ns, Total: 877600 ns
[2020-04-29T15:52:52.955+0000][1][safepoint    ] Safepoint "Cleanup", Time since last: 1000332800 ns, Reaching safepoint: 342000 ns, At safepoint: 106500 ns, Total: 448500 ns
[2020-04-29T15:52:53.955+0000][1][safepoint    ] Safepoint "Cleanup", Time since last: 1000339300 ns, Reaching safepoint: 389900 ns, At safepoint: 103000 ns, Total: 492900 ns
[2020-04-29T15:52:54.957+0000][1][safepoint    ] Safepoint "Cleanup", Time since last: 1000439100 ns, Reaching safepoint: 1065800 ns, At safepoint: 312300 ns, Total: 1378100 ns
[2020-04-29T15:52:55.959+0000][1][safepoint    ] Safepoint "Cleanup", Time since last: 1000558300 ns, Reaching safepoint: 841000 ns, At safepoint: 206500 ns, Total: 1047500 ns
[2020-04-29T15:52:56.960+0000][1][safepoint    ] Safepoint "Cleanup", Time since last: 1000343700 ns, Reaching safepoint: 476200 ns, At safepoint: 138300 ns, Total: 614500 ns
[2020-04-29T15:52:57.960+0000][1][safepoint    ] Safepoint "Cleanup", Time since last: 1000266800 ns, Reaching safepoint: 271900 ns, At safepoint: 117000 ns, Total: 388900 ns
[2020-04-29T15:52:58.962+0000][1][safepoint    ] Safepoint "Cleanup", Time since last: 1000386100 ns, Reaching safepoint: 647600 ns, At safepoint: 144000 ns, Total: 791600 ns
[2020-04-29T15:52:59.962+0000][1][safepoint    ] Safepoint "Cleanup", Time since last: 1000322400 ns, Reaching safepoint: 203900 ns, At safepoint: 51400 ns, Total: 255300 ns
[2020-04-29T15:53:00.963+0000][1][safepoint    ] Safepoint "Cleanup", Time since last: 1000279400 ns, Reaching safepoint: 248700 ns, At safepoint: 84700 ns, Total: 333400 ns
[2020-04-29T15:53:01.963+0000][1][safepoint    ] Safepoint "Cleanup", Time since last: 1000242700 ns, Reaching safepoint: 254400 ns, At safepoint: 101500 ns, Total: 355900 ns
[2020-04-29T15:53:02.964+0000][1][safepoint    ] Safepoint "Cleanup", Time since last: 1000222900 ns, Reaching safepoint: 176300 ns, At safepoint: 37700 ns, Total: 214000 ns
[2020-04-29T15:53:03.965+0000][1][safepoint    ] Safepoint "Cleanup", Time since last: 1000299500 ns, Reaching safepoint: 508700 ns, At safepoint: 115400 ns, Total: 624100 ns
[2020-04-29T15:53:04.166+0000][1][safepoint    ] Safepoint "RevokeBias", Time since last: 200303400 ns, Reaching safepoint: 656500 ns, At safepoint: 387700 ns, Total: 1044200 ns
[2020-04-29T15:53:05.167+0000][1][safepoint    ] Safepoint "Cleanup", Time since last: 1000473200 ns, Reaching safepoint: 536600 ns, At safepoint: 189200 ns, Total: 725800 ns
[2020-04-29T15:53:06.168+0000][1][safepoint    ] Safepoint "Cleanup", Time since last: 1000407700 ns, Reaching safepoint: 174500 ns, At safepoint: 71000 ns, Total: 245500 ns
[2020-04-29T15:53:07.169+0000][1][safepoint    ] Safepoint "Cleanup", Time since last: 1000267100 ns, Reaching safepoint: 263600 ns, At safepoint: 102600 ns, Total: 366200 ns
[2020-04-29T15:53:08.169+0000][1][safepoint    ] Safepoint "Cleanup", Time since last: 1000269100 ns, Reaching safepoint: 172900 ns, At safepoint: 64100 ns, Total: 237000 ns
[2020-04-29T15:53:09.170+0000][1][safepoint    ] Safepoint "Cleanup", Time since last: 1000443200 ns, Reaching safepoint: 411400 ns, At safepoint: 166900 ns, Total: 578300 ns
[2020-04-29T15:53:10.171+0000][1][safepoint    ] Safepoint "Cleanup", Time since last: 1000309700 ns, Reaching safepoint: 506800 ns, At safepoint: 230300 ns, Total: 737100 ns
[2020-04-29T15:53:11.172+0000][1][safepoint    ] Safepoint "Cleanup", Time since last: 1000328900 ns, Reaching safepoint: 327900 ns, At safepoint: 121700 ns, Total: 449600 ns
[2020-04-29T15:53:12.173+0000][1][safepoint    ] Safepoint "Cleanup", Time since last: 1000263800 ns, Reaching safepoint: 218000 ns, At safepoint: 80900 ns, Total: 298900 ns
[2020-04-29T15:53:13.173+0000][1][safepoint    ] Safepoint "Cleanup", Time since last: 1000251400 ns, Reaching safepoint: 366900 ns, At safepoint: 212800 ns, Total: 579700 ns
[2020-04-29T15:53:14.174+0000][1][safepoint    ] Safepoint "Cleanup", Time since last: 1000490300 ns, Reaching safepoint: 425700 ns, At safepoint: 150000 ns, Total: 575700 ns
[2020-04-29T15:53:15.175+0000][1][safepoint    ] Safepoint "Cleanup", Time since last: 1000466100 ns, Reaching safepoint: 240800 ns, At safepoint: 94300 ns, Total: 335100 ns
[2020-04-29T15:53:16.176+0000][1][safepoint    ] Safepoint "Cleanup", Time since last: 1000283000 ns, Reaching safepoint: 452700 ns, At safepoint: 150200 ns, Total: 602900 ns
[2020-04-29T15:53:17.177+0000][1][safepoint    ] Safepoint "Cleanup", Time since last: 1000278600 ns, Reaching safepoint: 153800 ns, At safepoint: 58600 ns, Total: 212400 ns
[2020-04-29T15:53:18.177+0000][1][safepoint    ] Safepoint "Cleanup", Time since last: 1000235700 ns, Reaching safepoint: 204500 ns, At safepoint: 56500 ns, Total: 261000 ns
[2020-04-29T15:53:19.178+0000][1][safepoint    ] Safepoint "Cleanup", Time since last: 1000211500 ns, Reaching safepoint: 183800 ns, At safepoint: 62600 ns, Total: 246400 ns
[2020-04-29T15:53:20.179+0000][1][safepoint    ] Safepoint "Cleanup", Time since last: 1000344300 ns, Reaching safepoint: 460500 ns, At safepoint: 135200 ns, Total: 595700 ns
[2020-04-29T15:53:21.242+0000][1][safepoint    ] Safepoint "Cleanup", Time since last: 1063700000 ns, Reaching safepoint: 172800 ns, At safepoint: 67700 ns, Total: 240500 ns
[2020-04-29T15:53:22.243+0000][1][safepoint    ] Safepoint "Cleanup", Time since last: 1000271600 ns, Reaching safepoint: 457200 ns, At safepoint: 129900 ns, Total: 587100 ns
[2020-04-29T15:53:23.244+0000][1][safepoint    ] Safepoint "Cleanup", Time since last: 1000174900 ns, Reaching safepoint: 159900 ns, At safepoint: 42800 ns, Total: 202700 ns
[2020-04-29T15:53:24.244+0000][1][safepoint    ] Safepoint "Cleanup", Time since last: 1000136300 ns, Reaching safepoint: 249600 ns, At safepoint: 47300 ns, Total: 296900 ns
[2020-04-29T15:53:25.245+0000][1][safepoint    ] Safepoint "Cleanup", Time since last: 1000257200 ns, Reaching safepoint: 144200 ns, At safepoint: 41300 ns, Total: 185500 ns
[2020-04-29T15:53:26.245+0000][1][safepoint    ] Safepoint "Cleanup", Time since last: 1000120400 ns, Reaching safepoint: 175000 ns, At safepoint: 36200 ns, Total: 211200 ns
[2020-04-29T15:53:27.246+0000][1][safepoint    ] Safepoint "Cleanup", Time since last: 1000317000 ns, Reaching safepoint: 397800 ns, At safepoint: 89000 ns, Total: 486800 ns
[2020-04-29T15:53:28.246+0000][1][safepoint    ] Safepoint "Cleanup", Time since last: 1000249000 ns, Reaching safepoint: 251600 ns, At safepoint: 60400 ns, Total: 312000 ns
[2020-04-29T15:53:29.247+0000][1][safepoint    ] Safepoint "Cleanup", Time since last: 1000197000 ns, Reaching safepoint: 143800 ns, At safepoint: 35300 ns, Total: 179100 ns
[2020-04-29T15:53:30.247+0000][1][safepoint    ] Safepoint "Cleanup", Time since last: 1000115300 ns, Reaching safepoint: 161400 ns, At safepoint: 38000 ns, Total: 199400 ns
[2020-04-29T15:53:31.247+0000][1][safepoint    ] Safepoint "Cleanup", Time since last: 1000143900 ns, Reaching safepoint: 135600 ns, At safepoint: 37600 ns, Total: 173200 ns
[2020-04-29T15:53:32.248+0000][1][safepoint    ] Safepoint "Cleanup", Time since last: 1000116800 ns, Reaching safepoint: 135800 ns, At safepoint: 37500 ns, Total: 173300 ns
[2020-04-29T15:53:33.248+0000][1][safepoint    ] Safepoint "Cleanup", Time since last: 1000110700 ns, Reaching safepoint: 134600 ns, At safepoint: 36100 ns, Total: 170700 ns
[2020-04-29T15:53:34.248+0000][1][safepoint    ] Safepoint "Cleanup", Time since last: 1000117500 ns, Reaching safepoint: 129200 ns, At safepoint: 36400 ns, Total: 165600 ns
[2020-04-29T15:53:35.248+0000][1][safepoint    ] Safepoint "Cleanup", Time since last: 1000119000 ns, Reaching safepoint: 178200 ns, At safepoint: 50800 ns, Total: 229000 ns
[2020-04-29T15:53:36.249+0000][1][safepoint    ] Safepoint "Cleanup", Time since last: 1000169700 ns, Reaching safepoint: 148000 ns, At safepoint: 53300 ns, Total: 201300 ns
[2020-04-29T15:53:37.250+0000][1][safepoint    ] Safepoint "Cleanup", Time since last: 1000333500 ns, Reaching safepoint: 475600 ns, At safepoint: 240000 ns, Total: 715600 ns
[2020-04-29T15:53:38.251+0000][1][safepoint    ] Safepoint "Cleanup", Time since last: 1000577700 ns, Reaching safepoint: 307300 ns, At safepoint: 129300 ns, Total: 436600 ns
[2020-04-29T15:53:39.252+0000][1][safepoint    ] Safepoint "Cleanup", Time since last: 1000261300 ns, Reaching safepoint: 346500 ns, At safepoint: 113900 ns, Total: 460400 ns
[2020-04-29T15:53:40.252+0000][1][safepoint    ] Safepoint "Cleanup", Time since last: 1000305300 ns, Reaching safepoint: 328400 ns, At safepoint: 123000 ns, Total: 451400 ns
[2020-04-29T15:53:41.253+0000][1][safepoint    ] Safepoint "Cleanup", Time since last: 1000207200 ns, Reaching safepoint: 153600 ns, At safepoint: 47700 ns, Total: 201300 ns
[2020-04-29T15:53:42.253+0000][1][safepoint    ] Safepoint "Cleanup", Time since last: 1000347900 ns, Reaching safepoint: 133500 ns, At safepoint: 56500 ns, Total: 190000 ns
[2020-04-29T15:53:43.254+0000][1][safepoint    ] Safepoint "Cleanup", Time since last: 1000188900 ns, Reaching safepoint: 198700 ns, At safepoint: 53400 ns, Total: 252100 ns
[2020-04-29T15:53:44.255+0000][1][safepoint    ] Safepoint "Cleanup", Time since last: 1000501800 ns, Reaching safepoint: 767500 ns, At safepoint: 260200 ns, Total: 1027700 ns
[2020-04-29T15:53:45.256+0000][1][safepoint    ] Safepoint "Cleanup", Time since last: 1000424300 ns, Reaching safepoint: 176100 ns, At safepoint: 69900 ns, Total: 246000 ns
[2020-04-29T15:53:46.257+0000][1][safepoint    ] Safepoint "Cleanup", Time since last: 1000223500 ns, Reaching safepoint: 275600 ns, At safepoint: 88600 ns, Total: 364200 ns
[2020-04-29T15:53:47.257+0000][1][safepoint    ] Safepoint "Cleanup", Time since last: 1000341300 ns, Reaching safepoint: 167200 ns, At safepoint: 53300 ns, Total: 220500 ns
[2020-04-29T15:53:48.258+0000][1][safepoint    ] Safepoint "Cleanup", Time since last: 1000272700 ns, Reaching safepoint: 141600 ns, At safepoint: 40600 ns, Total: 182200 ns
[2020-04-29T15:53:49.259+0000][1][safepoint    ] Safepoint "Cleanup", Time since last: 1000459700 ns, Reaching safepoint: 432200 ns, At safepoint: 101600 ns, Total: 533800 ns
[2020-04-29T15:53:50.259+0000][1][safepoint    ] Safepoint "Cleanup", Time since last: 1000384600 ns, Reaching safepoint: 221000 ns, At safepoint: 90300 ns, Total: 311300 ns
[2020-04-29T15:53:51.260+0000][1][safepoint    ] Safepoint "Cleanup", Time since last: 1000314700 ns, Reaching safepoint: 564900 ns, At safepoint: 145300 ns, Total: 710200 ns
