[2020-04-26T18:44:32.140+0000][1][gc] Using Concurrent Mark Sweep
[2020-04-26T18:44:32.140+0000][1][gc,heap,coops] Heap address: 0x00000000e0000000, size: 512 MB, Compressed Oops mode: 32-bit
[2020-04-26T18:44:32.184+0000][1][safepoint    ] Safepoint "EnableBiasedLocking", Time since last: 35122200 ns, Reaching safepoint: 28900 ns, At safepoint: 73400 ns, Total: 102300 ns
[2020-04-26T18:44:32.187+0000][1][safepoint    ] Safepoint "RevokeBias", Time since last: 2591400 ns, Reaching safepoint: 166800 ns, At safepoint: 75000 ns, Total: 241800 ns
[2020-04-26T18:44:32.198+0000][1][safepoint    ] Safepoint "Deoptimize", Time since last: 11226300 ns, Reaching safepoint: 35600 ns, At safepoint: 79100 ns, Total: 114700 ns
[2020-04-26T18:44:32.294+0000][1][safepoint    ] Safepoint "RevokeBias", Time since last: 95510100 ns, Reaching safepoint: 129900 ns, At safepoint: 69400 ns, Total: 199300 ns
[2020-04-26T18:44:32.296+0000][1][safepoint    ] Safepoint "Deoptimize", Time since last: 1577600 ns, Reaching safepoint: 15800 ns, At safepoint: 62200 ns, Total: 78000 ns
[2020-04-26T18:44:32.296+0000][1][safepoint    ] Safepoint "Deoptimize", Time since last: 754600 ns, Reaching safepoint: 7600 ns, At safepoint: 58100 ns, Total: 65700 ns
[2020-04-26T18:44:32.317+0000][1][safepoint    ] Safepoint "Deoptimize", Time since last: 20282700 ns, Reaching safepoint: 16100 ns, At safepoint: 52800 ns, Total: 68900 ns
[2020-04-26T18:44:32.549+0000][1][safepoint    ] Safepoint "Deoptimize", Time since last: 232079700 ns, Reaching safepoint: 46400 ns, At safepoint: 95300 ns, Total: 141700 ns
[2020-04-26T18:44:32.590+0000][1][safepoint    ] Safepoint "Deoptimize", Time since last: 41192500 ns, Reaching safepoint: 28300 ns, At safepoint: 80900 ns, Total: 109200 ns
[2020-04-26T18:44:32.772+0000][1][safepoint    ] Safepoint "Deoptimize", Time since last: 180949200 ns, Reaching safepoint: 107400 ns, At safepoint: 192100 ns, Total: 299500 ns
[2020-04-26T18:44:33.023+0000][1][safepoint    ] Safepoint "Deoptimize", Time since last: 250806600 ns, Reaching safepoint: 31900 ns, At safepoint: 154700 ns, Total: 186600 ns
[2020-04-26T18:44:33.081+0000][1][safepoint    ] Safepoint "RevokeBias", Time since last: 58409400 ns, Reaching safepoint: 33500 ns, At safepoint: 79400 ns, Total: 112900 ns
[2020-04-26T18:44:33.163+0000][1][safepoint    ] Safepoint "Deoptimize", Time since last: 81291100 ns, Reaching safepoint: 39300 ns, At safepoint: 218900 ns, Total: 258200 ns
[2020-04-26T18:44:33.264+0000][1][safepoint    ] Safepoint "Deoptimize", Time since last: 101184300 ns, Reaching safepoint: 42700 ns, At safepoint: 212900 ns, Total: 255600 ns
[2020-04-26T18:44:33.264+0000][1][safepoint    ] Safepoint "Deoptimize", Time since last: 227800 ns, Reaching safepoint: 10500 ns, At safepoint: 175800 ns, Total: 186300 ns
[2020-04-26T18:44:33.298+0000][1][safepoint    ] Safepoint "Deoptimize", Time since last: 33411800 ns, Reaching safepoint: 45800 ns, At safepoint: 159000 ns, Total: 204800 ns
[2020-04-26T18:44:33.300+0000][1][safepoint    ] Safepoint "Deoptimize", Time since last: 1800100 ns, Reaching safepoint: 10900 ns, At safepoint: 150000 ns, Total: 160900 ns
[2020-04-26T18:44:33.305+0000][1][safepoint    ] Safepoint "RevokeBias", Time since last: 4905100 ns, Reaching safepoint: 130400 ns, At safepoint: 58100 ns, Total: 188500 ns
[2020-04-26T18:44:33.305+0000][1][safepoint    ] Safepoint "RevokeBias", Time since last: 110900 ns, Reaching safepoint: 120500 ns, At safepoint: 51000 ns, Total: 171500 ns
[2020-04-26T18:44:33.306+0000][1][safepoint    ] Safepoint "RevokeBias", Time since last: 120000 ns, Reaching safepoint: 92100 ns, At safepoint: 51100 ns, Total: 143200 ns
[2020-04-26T18:44:33.306+0000][1][safepoint    ] Safepoint "RevokeBias", Time since last: 178200 ns, Reaching safepoint: 90800 ns, At safepoint: 48600 ns, Total: 139400 ns
[2020-04-26T18:44:33.307+0000][1][safepoint    ] Safepoint "RevokeBias", Time since last: 383500 ns, Reaching safepoint: 111000 ns, At safepoint: 40500 ns, Total: 151500 ns
[2020-04-26T18:44:33.311+0000][1][safepoint    ] Safepoint "Deoptimize", Time since last: 4598500 ns, Reaching safepoint: 16600 ns, At safepoint: 137700 ns, Total: 154300 ns
[2020-04-26T18:44:33.560+0000][1][safepoint    ] Safepoint "RevokeBias", Time since last: 249136600 ns, Reaching safepoint: 47400 ns, At safepoint: 40100 ns, Total: 87500 ns
[2020-04-26T18:44:33.574+0000][1][safepoint    ] Safepoint "Deoptimize", Time since last: 13384800 ns, Reaching safepoint: 21300 ns, At safepoint: 274300 ns, Total: 295600 ns
[2020-04-26T18:44:33.638+0000][1][safepoint    ] Safepoint "Deoptimize", Time since last: 63839800 ns, Reaching safepoint: 27800 ns, At safepoint: 220500 ns, Total: 248300 ns
[2020-04-26T18:44:33.711+0000][1][safepoint    ] Safepoint "RevokeBias", Time since last: 73058700 ns, Reaching safepoint: 39300 ns, At safepoint: 40900 ns, Total: 80200 ns
[2020-04-26T18:44:33.864+0000][1][gc,start     ] GC(0) Pause Young (Allocation Failure)
[2020-04-26T18:44:33.865+0000][1][gc,task      ] GC(0) Using 10 workers of 10 for evacuation
[2020-04-26T18:44:33.871+0000][1][gc,age       ] GC(0) Desired survivor size 8945664 bytes, new threshold 1 (max threshold 6)
[2020-04-26T18:44:33.871+0000][1][gc,age       ] GC(0) Age table with threshold 1 (max threshold 6)
[2020-04-26T18:44:33.871+0000][1][gc,age       ] GC(0) - age   1:   10311800 bytes,   10311800 total
[2020-04-26T18:44:33.871+0000][1][gc,heap      ] GC(0) ParNew: 139776K->10202K(157248K)
[2020-04-26T18:44:33.871+0000][1][gc,heap      ] GC(0) CMS: 0K->0K(349568K)
[2020-04-26T18:44:33.871+0000][1][gc,metaspace ] GC(0) Metaspace: 17305K->17305K(1064960K)
[2020-04-26T18:44:33.871+0000][1][gc           ] GC(0) Pause Young (Allocation Failure) 136M->9M(494M) 7.629ms
[2020-04-26T18:44:33.871+0000][1][gc,cpu       ] GC(0) User=0.05s Sys=0.00s Real=0.00s
[2020-04-26T18:44:33.871+0000][1][safepoint    ] Safepoint "GenCollectForAllocation", Time since last: 152132100 ns, Reaching safepoint: 38800 ns, At safepoint: 7721800 ns, Total: 7760600 ns
[2020-04-26T18:44:33.872+0000][1][safepoint    ] Safepoint "RevokeBias", Time since last: 291500 ns, Reaching safepoint: 148800 ns, At safepoint: 73700 ns, Total: 222500 ns
[2020-04-26T18:44:33.872+0000][1][safepoint    ] Safepoint "RevokeBias", Time since last: 99200 ns, Reaching safepoint: 99100 ns, At safepoint: 81800 ns, Total: 180900 ns
[2020-04-26T18:44:33.873+0000][1][safepoint    ] Safepoint "RevokeBias", Time since last: 157300 ns, Reaching safepoint: 145100 ns, At safepoint: 155800 ns, Total: 300900 ns
[2020-04-26T18:44:33.873+0000][1][safepoint    ] Safepoint "BulkRevokeBias", Time since last: 80800 ns, Reaching safepoint: 142400 ns, At safepoint: 134400 ns, Total: 276800 ns
[2020-04-26T18:44:33.873+0000][1][safepoint    ] Safepoint "RevokeBias", Time since last: 166800 ns, Reaching safepoint: 95700 ns, At safepoint: 78800 ns, Total: 174500 ns
[2020-04-26T18:44:33.874+0000][1][safepoint    ] Safepoint "RevokeBias", Time since last: 139500 ns, Reaching safepoint: 141900 ns, At safepoint: 57800 ns, Total: 199700 ns
[2020-04-26T18:44:33.874+0000][1][safepoint    ] Safepoint "RevokeBias", Time since last: 140000 ns, Reaching safepoint: 11700 ns, At safepoint: 56600 ns, Total: 68300 ns
[2020-04-26T18:44:33.874+0000][1][safepoint    ] Safepoint "RevokeBias", Time since last: 134100 ns, Reaching safepoint: 103800 ns, At safepoint: 70200 ns, Total: 174000 ns
[2020-04-26T18:44:33.874+0000][1][safepoint    ] Safepoint "RevokeBias", Time since last: 114400 ns, Reaching safepoint: 99500 ns, At safepoint: 81800 ns, Total: 181300 ns
[2020-04-26T18:44:33.875+0000][1][safepoint    ] Safepoint "RevokeBias", Time since last: 95400 ns, Reaching safepoint: 95000 ns, At safepoint: 83500 ns, Total: 178500 ns
[2020-04-26T18:44:33.875+0000][1][safepoint    ] Safepoint "RevokeBias", Time since last: 102300 ns, Reaching safepoint: 145600 ns, At safepoint: 78800 ns, Total: 224400 ns
[2020-04-26T18:44:33.875+0000][1][safepoint    ] Safepoint "RevokeBias", Time since last: 87700 ns, Reaching safepoint: 108700 ns, At safepoint: 70700 ns, Total: 179400 ns
[2020-04-26T18:44:33.876+0000][1][safepoint    ] Safepoint "RevokeBias", Time since last: 101000 ns, Reaching safepoint: 99000 ns, At safepoint: 65300 ns, Total: 164300 ns
[2020-04-26T18:44:33.876+0000][1][safepoint    ] Safepoint "RevokeBias", Time since last: 101800 ns, Reaching safepoint: 96600 ns, At safepoint: 55200 ns, Total: 151800 ns
[2020-04-26T18:44:33.876+0000][1][safepoint    ] Safepoint "RevokeBias", Time since last: 98500 ns, Reaching safepoint: 102700 ns, At safepoint: 53300 ns, Total: 156000 ns
[2020-04-26T18:44:33.876+0000][1][safepoint    ] Safepoint "RevokeBias", Time since last: 93000 ns, Reaching safepoint: 95200 ns, At safepoint: 54000 ns, Total: 149200 ns
[2020-04-26T18:44:33.877+0000][1][safepoint    ] Safepoint "RevokeBias", Time since last: 383200 ns, Reaching safepoint: 92100 ns, At safepoint: 46800 ns, Total: 138900 ns
[2020-04-26T18:44:33.877+0000][1][safepoint    ] Safepoint "RevokeBias", Time since last: 87400 ns, Reaching safepoint: 92800 ns, At safepoint: 45000 ns, Total: 137800 ns
[2020-04-26T18:44:33.877+0000][1][safepoint    ] Safepoint "RevokeBias", Time since last: 131100 ns, Reaching safepoint: 92600 ns, At safepoint: 48900 ns, Total: 141500 ns
[2020-04-26T18:44:33.878+0000][1][safepoint    ] Safepoint "RevokeBias", Time since last: 84900 ns, Reaching safepoint: 91700 ns, At safepoint: 44500 ns, Total: 136200 ns
[2020-04-26T18:44:33.878+0000][1][safepoint    ] Safepoint "RevokeBias", Time since last: 92900 ns, Reaching safepoint: 95600 ns, At safepoint: 52900 ns, Total: 148500 ns
[2020-04-26T18:44:33.878+0000][1][safepoint    ] Safepoint "RevokeBias", Time since last: 85300 ns, Reaching safepoint: 92200 ns, At safepoint: 51500 ns, Total: 143700 ns
[2020-04-26T18:44:33.879+0000][1][safepoint    ] Safepoint "RevokeBias", Time since last: 368100 ns, Reaching safepoint: 106800 ns, At safepoint: 76000 ns, Total: 182800 ns
[2020-04-26T18:44:33.879+0000][1][safepoint    ] Safepoint "RevokeBias", Time since last: 95000 ns, Reaching safepoint: 95600 ns, At safepoint: 74400 ns, Total: 170000 ns
[2020-04-26T18:44:33.879+0000][1][safepoint    ] Safepoint "RevokeBias", Time since last: 123600 ns, Reaching safepoint: 98900 ns, At safepoint: 89900 ns, Total: 188800 ns
[2020-04-26T18:44:33.879+0000][1][safepoint    ] Safepoint "RevokeBias", Time since last: 94600 ns, Reaching safepoint: 95200 ns, At safepoint: 52200 ns, Total: 147400 ns
[2020-04-26T18:44:33.880+0000][1][safepoint    ] Safepoint "RevokeBias", Time since last: 103700 ns, Reaching safepoint: 95500 ns, At safepoint: 51100 ns, Total: 146600 ns
[2020-04-26T18:44:33.880+0000][1][safepoint    ] Safepoint "RevokeBias", Time since last: 93400 ns, Reaching safepoint: 94800 ns, At safepoint: 51100 ns, Total: 145900 ns
[2020-04-26T18:44:33.880+0000][1][safepoint    ] Safepoint "RevokeBias", Time since last: 162900 ns, Reaching safepoint: 120500 ns, At safepoint: 66000 ns, Total: 186500 ns
[2020-04-26T18:44:33.881+0000][1][safepoint    ] Safepoint "RevokeBias", Time since last: 96100 ns, Reaching safepoint: 108000 ns, At safepoint: 98200 ns, Total: 206200 ns
[2020-04-26T18:44:33.881+0000][1][safepoint    ] Safepoint "RevokeBias", Time since last: 92300 ns, Reaching safepoint: 95200 ns, At safepoint: 65700 ns, Total: 160900 ns
[2020-04-26T18:44:33.881+0000][1][safepoint    ] Safepoint "RevokeBias", Time since last: 87400 ns, Reaching safepoint: 95100 ns, At safepoint: 67900 ns, Total: 163000 ns
[2020-04-26T18:44:33.881+0000][1][safepoint    ] Safepoint "RevokeBias", Time since last: 92300 ns, Reaching safepoint: 93500 ns, At safepoint: 63300 ns, Total: 156800 ns
[2020-04-26T18:44:33.882+0000][1][safepoint    ] Safepoint "RevokeBias", Time since last: 89100 ns, Reaching safepoint: 110500 ns, At safepoint: 74800 ns, Total: 185300 ns
[2020-04-26T18:44:33.882+0000][1][safepoint    ] Safepoint "RevokeBias", Time since last: 118400 ns, Reaching safepoint: 95200 ns, At safepoint: 56700 ns, Total: 151900 ns
[2020-04-26T18:44:33.882+0000][1][safepoint    ] Safepoint "RevokeBias", Time since last: 93000 ns, Reaching safepoint: 96700 ns, At safepoint: 50100 ns, Total: 146800 ns
[2020-04-26T18:44:33.882+0000][1][safepoint    ] Safepoint "RevokeBias", Time since last: 108800 ns, Reaching safepoint: 94900 ns, At safepoint: 50300 ns, Total: 145200 ns
[2020-04-26T18:44:33.883+0000][1][safepoint    ] Safepoint "RevokeBias", Time since last: 99900 ns, Reaching safepoint: 98500 ns, At safepoint: 55300 ns, Total: 153800 ns
[2020-04-26T18:44:33.883+0000][1][safepoint    ] Safepoint "BulkRevokeBias", Time since last: 101100 ns, Reaching safepoint: 96200 ns, At safepoint: 72100 ns, Total: 168300 ns
[2020-04-26T18:44:33.883+0000][1][safepoint    ] Safepoint "BulkRevokeBias", Time since last: 94500 ns, Reaching safepoint: 96800 ns, At safepoint: 70100 ns, Total: 166900 ns
[2020-04-26T18:44:33.892+0000][1][safepoint    ] Safepoint "RevokeBias", Time since last: 8457000 ns, Reaching safepoint: 48600 ns, At safepoint: 55100 ns, Total: 103700 ns
[2020-04-26T18:44:33.894+0000][1][safepoint    ] Safepoint "RevokeBias", Time since last: 2196200 ns, Reaching safepoint: 107900 ns, At safepoint: 70900 ns, Total: 178800 ns
[2020-04-26T18:44:34.119+0000][1][gc,start     ] GC(1) Pause Young (Allocation Failure)
[2020-04-26T18:44:34.119+0000][1][gc,task      ] GC(1) Using 10 workers of 10 for evacuation
[2020-04-26T18:44:34.134+0000][1][gc,age       ] GC(1) Desired survivor size 8945664 bytes, new threshold 6 (max threshold 6)
[2020-04-26T18:44:34.134+0000][1][gc,age       ] GC(1) Age table with threshold 6 (max threshold 6)
[2020-04-26T18:44:34.134+0000][1][gc,age       ] GC(1) - age   1:    1623944 bytes,    1623944 total
[2020-04-26T18:44:34.134+0000][1][gc,heap      ] GC(1) ParNew: 149978K->7273K(157248K)
[2020-04-26T18:44:34.134+0000][1][gc,heap      ] GC(1) CMS: 0K->9544K(349568K)
[2020-04-26T18:44:34.134+0000][1][gc,metaspace ] GC(1) Metaspace: 18658K->18658K(1067008K)
[2020-04-26T18:44:34.134+0000][1][gc           ] GC(1) Pause Young (Allocation Failure) 146M->16M(494M) 15.578ms
[2020-04-26T18:44:34.134+0000][1][gc,cpu       ] GC(1) User=0.12s Sys=0.04s Real=0.02s
[2020-04-26T18:44:34.134+0000][1][safepoint    ] Safepoint "GenCollectForAllocation", Time since last: 224592400 ns, Reaching safepoint: 80900 ns, At safepoint: 15665000 ns, Total: 15745900 ns
[2020-04-26T18:44:34.135+0000][1][safepoint    ] Safepoint "RevokeBias", Time since last: 296600 ns, Reaching safepoint: 140100 ns, At safepoint: 89700 ns, Total: 229800 ns
[2020-04-26T18:44:34.135+0000][1][safepoint    ] Safepoint "RevokeBias", Time since last: 99600 ns, Reaching safepoint: 27500 ns, At safepoint: 61700 ns, Total: 89200 ns
[2020-04-26T18:44:34.135+0000][1][safepoint    ] Safepoint "RevokeBias", Time since last: 100700 ns, Reaching safepoint: 95200 ns, At safepoint: 58300 ns, Total: 153500 ns
[2020-04-26T18:44:34.136+0000][1][safepoint    ] Safepoint "RevokeBias", Time since last: 109900 ns, Reaching safepoint: 89400 ns, At safepoint: 62500 ns, Total: 151900 ns
[2020-04-26T18:44:34.136+0000][1][safepoint    ] Safepoint "RevokeBias", Time since last: 89600 ns, Reaching safepoint: 88500 ns, At safepoint: 49100 ns, Total: 137600 ns
[2020-04-26T18:44:34.136+0000][1][safepoint    ] Safepoint "RevokeBias", Time since last: 82500 ns, Reaching safepoint: 105800 ns, At safepoint: 70200 ns, Total: 176000 ns
[2020-04-26T18:44:34.137+0000][1][safepoint    ] Safepoint "RevokeBias", Time since last: 263100 ns, Reaching safepoint: 127300 ns, At safepoint: 110500 ns, Total: 237800 ns
[2020-04-26T18:44:34.137+0000][1][safepoint    ] Safepoint "RevokeBias", Time since last: 109900 ns, Reaching safepoint: 106900 ns, At safepoint: 105600 ns, Total: 212500 ns
[2020-04-26T18:44:34.137+0000][1][safepoint    ] Safepoint "RevokeBias", Time since last: 109900 ns, Reaching safepoint: 110000 ns, At safepoint: 86900 ns, Total: 196900 ns
[2020-04-26T18:44:34.138+0000][1][safepoint    ] Safepoint "RevokeBias", Time since last: 111200 ns, Reaching safepoint: 127600 ns, At safepoint: 87100 ns, Total: 214700 ns
[2020-04-26T18:44:34.138+0000][1][safepoint    ] Safepoint "RevokeBias", Time since last: 122600 ns, Reaching safepoint: 19400 ns, At safepoint: 87500 ns, Total: 106900 ns
[2020-04-26T18:44:34.138+0000][1][safepoint    ] Safepoint "RevokeBias", Time since last: 144700 ns, Reaching safepoint: 123600 ns, At safepoint: 127400 ns, Total: 251000 ns
[2020-04-26T18:44:34.139+0000][1][safepoint    ] Safepoint "RevokeBias", Time since last: 147800 ns, Reaching safepoint: 127600 ns, At safepoint: 122200 ns, Total: 249800 ns
[2020-04-26T18:44:34.139+0000][1][safepoint    ] Safepoint "RevokeBias", Time since last: 94600 ns, Reaching safepoint: 108100 ns, At safepoint: 82300 ns, Total: 190400 ns
[2020-04-26T18:44:34.139+0000][1][safepoint    ] Safepoint "RevokeBias", Time since last: 104200 ns, Reaching safepoint: 118200 ns, At safepoint: 80300 ns, Total: 198500 ns
[2020-04-26T18:44:34.139+0000][1][safepoint    ] Safepoint "RevokeBias", Time since last: 111100 ns, Reaching safepoint: 108600 ns, At safepoint: 57200 ns, Total: 165800 ns
[2020-04-26T18:44:34.140+0000][1][safepoint    ] Safepoint "RevokeBias", Time since last: 103000 ns, Reaching safepoint: 103300 ns, At safepoint: 67500 ns, Total: 170800 ns
[2020-04-26T18:44:34.140+0000][1][safepoint    ] Safepoint "RevokeBias", Time since last: 92700 ns, Reaching safepoint: 97000 ns, At safepoint: 59200 ns, Total: 156200 ns
[2020-04-26T18:44:34.140+0000][1][safepoint    ] Safepoint "RevokeBias", Time since last: 79500 ns, Reaching safepoint: 93600 ns, At safepoint: 46300 ns, Total: 139900 ns
[2020-04-26T18:44:34.140+0000][1][safepoint    ] Safepoint "RevokeBias", Time since last: 81200 ns, Reaching safepoint: 92800 ns, At safepoint: 47800 ns, Total: 140600 ns
[2020-04-26T18:44:34.141+0000][1][safepoint    ] Safepoint "RevokeBias", Time since last: 89600 ns, Reaching safepoint: 94200 ns, At safepoint: 46900 ns, Total: 141100 ns
[2020-04-26T18:44:34.141+0000][1][safepoint    ] Safepoint "RevokeBias", Time since last: 79100 ns, Reaching safepoint: 99100 ns, At safepoint: 59500 ns, Total: 158600 ns
[2020-04-26T18:44:34.141+0000][1][safepoint    ] Safepoint "RevokeBias", Time since last: 78000 ns, Reaching safepoint: 94500 ns, At safepoint: 66900 ns, Total: 161400 ns
[2020-04-26T18:44:34.141+0000][1][safepoint    ] Safepoint "RevokeBias", Time since last: 79800 ns, Reaching safepoint: 93500 ns, At safepoint: 48100 ns, Total: 141600 ns
[2020-04-26T18:44:34.142+0000][1][safepoint    ] Safepoint "RevokeBias", Time since last: 75900 ns, Reaching safepoint: 94700 ns, At safepoint: 50100 ns, Total: 144800 ns
[2020-04-26T18:44:34.215+0000][1][safepoint    ] Safepoint "RevokeBias", Time since last: 73399000 ns, Reaching safepoint: 34800 ns, At safepoint: 57500 ns, Total: 92300 ns
[2020-04-26T18:44:34.218+0000][1][safepoint    ] Safepoint "RevokeBias", Time since last: 2868800 ns, Reaching safepoint: 34100 ns, At safepoint: 39400 ns, Total: 73500 ns
[2020-04-26T18:44:34.309+0000][1][gc,start     ] GC(2) Pause Young (Allocation Failure)
[2020-04-26T18:44:34.309+0000][1][gc,task      ] GC(2) Using 10 workers of 10 for evacuation
[2020-04-26T18:44:34.313+0000][1][gc,age       ] GC(2) Desired survivor size 8945664 bytes, new threshold 6 (max threshold 6)
[2020-04-26T18:44:34.313+0000][1][gc,age       ] GC(2) Age table with threshold 6 (max threshold 6)
[2020-04-26T18:44:34.313+0000][1][gc,age       ] GC(2) - age   1:    3772000 bytes,    3772000 total
[2020-04-26T18:44:34.313+0000][1][gc,age       ] GC(2) - age   2:    1585736 bytes,    5357736 total
[2020-04-26T18:44:34.313+0000][1][gc,heap      ] GC(2) ParNew: 147049K->5982K(157248K)
[2020-04-26T18:44:34.313+0000][1][gc,heap      ] GC(2) CMS: 9544K->9544K(349568K)
[2020-04-26T18:44:34.313+0000][1][gc,metaspace ] GC(2) Metaspace: 19171K->19171K(1067008K)
[2020-04-26T18:44:34.313+0000][1][gc           ] GC(2) Pause Young (Allocation Failure) 152M->15M(494M) 3.163ms
[2020-04-26T18:44:34.313+0000][1][gc,cpu       ] GC(2) User=0.03s Sys=0.00s Real=0.01s
[2020-04-26T18:44:34.313+0000][1][safepoint    ] Safepoint "GenCollectForAllocation", Time since last: 91428700 ns, Reaching safepoint: 46100 ns, At safepoint: 3238100 ns, Total: 3284200 ns
[2020-04-26T18:44:34.313+0000][1][safepoint    ] Safepoint "BulkRevokeBias", Time since last: 178500 ns, Reaching safepoint: 99800 ns, At safepoint: 120300 ns, Total: 220100 ns
[2020-04-26T18:44:34.313+0000][1][safepoint    ] Safepoint "RevokeBias", Time since last: 120100 ns, Reaching safepoint: 97900 ns, At safepoint: 61600 ns, Total: 159500 ns
[2020-04-26T18:44:34.314+0000][1][safepoint    ] Safepoint "RevokeBias", Time since last: 102500 ns, Reaching safepoint: 91400 ns, At safepoint: 99500 ns, Total: 190900 ns
[2020-04-26T18:44:34.314+0000][1][safepoint    ] Safepoint "RevokeBias", Time since last: 86600 ns, Reaching safepoint: 98300 ns, At safepoint: 105200 ns, Total: 203500 ns
[2020-04-26T18:44:34.314+0000][1][safepoint    ] Safepoint "RevokeBias", Time since last: 88400 ns, Reaching safepoint: 97400 ns, At safepoint: 64200 ns, Total: 161600 ns
[2020-04-26T18:44:34.315+0000][1][safepoint    ] Safepoint "RevokeBias", Time since last: 87500 ns, Reaching safepoint: 98100 ns, At safepoint: 148200 ns, Total: 246300 ns
[2020-04-26T18:44:34.315+0000][1][safepoint    ] Safepoint "RevokeBias", Time since last: 90200 ns, Reaching safepoint: 103000 ns, At safepoint: 114400 ns, Total: 217400 ns
[2020-04-26T18:44:34.315+0000][1][safepoint    ] Safepoint "RevokeBias", Time since last: 72900 ns, Reaching safepoint: 112800 ns, At safepoint: 96500 ns, Total: 209300 ns
[2020-04-26T18:44:34.315+0000][1][safepoint    ] Safepoint "RevokeBias", Time since last: 99300 ns, Reaching safepoint: 94900 ns, At safepoint: 153100 ns, Total: 248000 ns
[2020-04-26T18:44:34.316+0000][1][safepoint    ] Safepoint "RevokeBias", Time since last: 95000 ns, Reaching safepoint: 14300 ns, At safepoint: 106900 ns, Total: 121200 ns
[2020-04-26T18:44:34.326+0000][1][safepoint    ] Safepoint "Deoptimize", Time since last: 9747100 ns, Reaching safepoint: 22400 ns, At safepoint: 254500 ns, Total: 276900 ns
[2020-04-26T18:44:34.364+0000][1][safepoint    ] Safepoint "Deoptimize", Time since last: 37988300 ns, Reaching safepoint: 40500 ns, At safepoint: 267700 ns, Total: 308200 ns
[2020-04-26T18:44:34.535+0000][1][gc,start     ] GC(3) Pause Young (Allocation Failure)
[2020-04-26T18:44:34.535+0000][1][gc,task      ] GC(3) Using 10 workers of 10 for evacuation
[2020-04-26T18:44:34.538+0000][1][gc,age       ] GC(3) Desired survivor size 8945664 bytes, new threshold 6 (max threshold 6)
[2020-04-26T18:44:34.538+0000][1][gc,age       ] GC(3) Age table with threshold 6 (max threshold 6)
[2020-04-26T18:44:34.538+0000][1][gc,age       ] GC(3) - age   1:    3217152 bytes,    3217152 total
[2020-04-26T18:44:34.538+0000][1][gc,age       ] GC(3) - age   2:    1676232 bytes,    4893384 total
[2020-04-26T18:44:34.538+0000][1][gc,age       ] GC(3) - age   3:    1581768 bytes,    6475152 total
[2020-04-26T18:44:34.538+0000][1][gc,heap      ] GC(3) ParNew: 145758K->9031K(157248K)
[2020-04-26T18:44:34.538+0000][1][gc,heap      ] GC(3) CMS: 9544K->9544K(349568K)
[2020-04-26T18:44:34.538+0000][1][gc,metaspace ] GC(3) Metaspace: 19641K->19641K(1067008K)
[2020-04-26T18:44:34.538+0000][1][gc           ] GC(3) Pause Young (Allocation Failure) 151M->18M(494M) 3.382ms
[2020-04-26T18:44:34.538+0000][1][gc,cpu       ] GC(3) User=0.02s Sys=0.01s Real=0.00s
[2020-04-26T18:44:34.538+0000][1][safepoint    ] Safepoint "GenCollectForAllocation", Time since last: 170696000 ns, Reaching safepoint: 37100 ns, At safepoint: 3453900 ns, Total: 3491000 ns
[2020-04-26T18:44:34.539+0000][1][safepoint    ] Safepoint "RevokeBias", Time since last: 182900 ns, Reaching safepoint: 99500 ns, At safepoint: 54500 ns, Total: 154000 ns
[2020-04-26T18:44:34.539+0000][1][safepoint    ] Safepoint "BulkRevokeBias", Time since last: 88700 ns, Reaching safepoint: 98900 ns, At safepoint: 82200 ns, Total: 181100 ns
[2020-04-26T18:44:34.539+0000][1][safepoint    ] Safepoint "BulkRevokeBias", Time since last: 91500 ns, Reaching safepoint: 90900 ns, At safepoint: 73600 ns, Total: 164500 ns
[2020-04-26T18:44:34.671+0000][1][gc,start     ] GC(4) Pause Young (Allocation Failure)
[2020-04-26T18:44:34.671+0000][1][gc,task      ] GC(4) Using 10 workers of 10 for evacuation
[2020-04-26T18:44:34.675+0000][1][gc,age       ] GC(4) Desired survivor size 8945664 bytes, new threshold 6 (max threshold 6)
[2020-04-26T18:44:34.675+0000][1][gc,age       ] GC(4) Age table with threshold 6 (max threshold 6)
[2020-04-26T18:44:34.675+0000][1][gc,age       ] GC(4) - age   1:    2241640 bytes,    2241640 total
[2020-04-26T18:44:34.675+0000][1][gc,age       ] GC(4) - age   2:    2387744 bytes,    4629384 total
[2020-04-26T18:44:34.675+0000][1][gc,age       ] GC(4) - age   3:    1675576 bytes,    6304960 total
[2020-04-26T18:44:34.675+0000][1][gc,age       ] GC(4) - age   4:    1581408 bytes,    7886368 total
[2020-04-26T18:44:34.675+0000][1][gc,heap      ] GC(4) ParNew: 148807K->10328K(157248K)
[2020-04-26T18:44:34.675+0000][1][gc,heap      ] GC(4) CMS: 9544K->9544K(349568K)
[2020-04-26T18:44:34.675+0000][1][gc,metaspace ] GC(4) Metaspace: 19903K->19903K(1067008K)
[2020-04-26T18:44:34.675+0000][1][gc           ] GC(4) Pause Young (Allocation Failure) 154M->19M(494M) 3.968ms
[2020-04-26T18:44:34.675+0000][1][gc,cpu       ] GC(4) User=0.06s Sys=0.00s Real=0.01s
[2020-04-26T18:44:34.675+0000][1][safepoint    ] Safepoint "GenCollectForAllocation", Time since last: 131895800 ns, Reaching safepoint: 40900 ns, At safepoint: 4061900 ns, Total: 4102800 ns
[2020-04-26T18:44:34.717+0000][1][safepoint    ] Safepoint "CollectForMetadataAllocation", Time since last: 41548900 ns, Reaching safepoint: 24400 ns, At safepoint: 123800 ns, Total: 148200 ns
[2020-04-26T18:44:34.724+0000][1][safepoint    ] Safepoint "CollectForMetadataAllocation", Time since last: 7116700 ns, Reaching safepoint: 16900 ns, At safepoint: 115300 ns, Total: 132200 ns
[2020-04-26T18:44:34.751+0000][1][safepoint    ] Safepoint "CollectForMetadataAllocation", Time since last: 26647100 ns, Reaching safepoint: 24400 ns, At safepoint: 335100 ns, Total: 359500 ns
[2020-04-26T18:44:34.857+0000][1][gc,start     ] GC(5) Pause Young (Allocation Failure)
[2020-04-26T18:44:34.857+0000][1][gc,task      ] GC(5) Using 10 workers of 10 for evacuation
[2020-04-26T18:44:34.861+0000][1][gc,age       ] GC(5) Desired survivor size 8945664 bytes, new threshold 6 (max threshold 6)
[2020-04-26T18:44:34.861+0000][1][gc,age       ] GC(5) Age table with threshold 6 (max threshold 6)
[2020-04-26T18:44:34.861+0000][1][gc,age       ] GC(5) - age   1:    1325384 bytes,    1325384 total
[2020-04-26T18:44:34.861+0000][1][gc,age       ] GC(5) - age   2:     526736 bytes,    1852120 total
[2020-04-26T18:44:34.861+0000][1][gc,age       ] GC(5) - age   3:    2387168 bytes,    4239288 total
[2020-04-26T18:44:34.861+0000][1][gc,age       ] GC(5) - age   4:    1675576 bytes,    5914864 total
[2020-04-26T18:44:34.861+0000][1][gc,age       ] GC(5) - age   5:    1581408 bytes,    7496272 total
[2020-04-26T18:44:34.861+0000][1][gc,heap      ] GC(5) ParNew: 150104K->11657K(157248K)
[2020-04-26T18:44:34.861+0000][1][gc,heap      ] GC(5) CMS: 9544K->9544K(349568K)
[2020-04-26T18:44:34.861+0000][1][gc,metaspace ] GC(5) Metaspace: 20853K->20853K(1069056K)
[2020-04-26T18:44:34.861+0000][1][gc           ] GC(5) Pause Young (Allocation Failure) 155M->20M(494M) 4.646ms
[2020-04-26T18:44:34.861+0000][1][gc,cpu       ] GC(5) User=0.03s Sys=0.00s Real=0.00s
[2020-04-26T18:44:34.861+0000][1][safepoint    ] Safepoint "GenCollectForAllocation", Time since last: 105579800 ns, Reaching safepoint: 40100 ns, At safepoint: 4744100 ns, Total: 4784200 ns
[2020-04-26T18:44:34.862+0000][1][gc,start     ] GC(6) Pause Initial Mark
[2020-04-26T18:44:34.864+0000][1][gc           ] GC(6) Pause Initial Mark 23M->23M(494M) 1.836ms
[2020-04-26T18:44:34.864+0000][1][gc,cpu       ] GC(6) User=0.02s Sys=0.00s Real=0.01s
[2020-04-26T18:44:34.864+0000][1][safepoint    ] Safepoint "CMS_Initial_Mark", Time since last: 251500 ns, Reaching safepoint: 152700 ns, At safepoint: 1973700 ns, Total: 2126400 ns
[2020-04-26T18:44:34.864+0000][1][gc           ] GC(6) Concurrent Mark
[2020-04-26T18:44:34.864+0000][1][gc,task      ] GC(6) Using 3 workers of 3 for marking
[2020-04-26T18:44:34.870+0000][1][gc           ] GC(6) Concurrent Mark 6.568ms
[2020-04-26T18:44:34.870+0000][1][gc,cpu       ] GC(6) User=0.03s Sys=0.00s Real=0.00s
[2020-04-26T18:44:34.870+0000][1][gc           ] GC(6) Concurrent Preclean
[2020-04-26T18:44:34.871+0000][1][gc           ] GC(6) Concurrent Preclean 0.566ms
[2020-04-26T18:44:34.871+0000][1][gc,cpu       ] GC(6) User=0.00s Sys=0.00s Real=0.00s
[2020-04-26T18:44:34.871+0000][1][gc           ] GC(6) Concurrent Abortable Preclean
[2020-04-26T18:44:34.986+0000][1][safepoint    ] Safepoint "CollectForMetadataAllocation", Time since last: 122078500 ns, Reaching safepoint: 34200 ns, At safepoint: 131700 ns, Total: 165900 ns
[2020-04-26T18:44:34.996+0000][1][gc,start     ] GC(7) Pause Young (Allocation Failure)
[2020-04-26T18:44:34.996+0000][1][gc,task      ] GC(7) Using 10 workers of 10 for evacuation
[2020-04-26T18:44:34.999+0000][1][gc,age       ] GC(7) Desired survivor size 8945664 bytes, new threshold 6 (max threshold 6)
[2020-04-26T18:44:34.999+0000][1][gc,age       ] GC(7) Age table with threshold 6 (max threshold 6)
[2020-04-26T18:44:34.999+0000][1][gc,age       ] GC(7) - age   1:     403248 bytes,     403248 total
[2020-04-26T18:44:34.999+0000][1][gc,age       ] GC(7) - age   2:     797880 bytes,    1201128 total
[2020-04-26T18:44:34.999+0000][1][gc,age       ] GC(7) - age   3:     526736 bytes,    1727864 total
[2020-04-26T18:44:34.999+0000][1][gc,age       ] GC(7) - age   4:    2386952 bytes,    4114816 total
[2020-04-26T18:44:34.999+0000][1][gc,age       ] GC(7) - age   5:    1675576 bytes,    5790392 total
[2020-04-26T18:44:34.999+0000][1][gc,age       ] GC(7) - age   6:    1581408 bytes,    7371800 total
[2020-04-26T18:44:34.999+0000][1][gc,heap      ] GC(7) ParNew: 151433K->9175K(157248K)
[2020-04-26T18:44:34.999+0000][1][gc,heap      ] GC(7) CMS: 9544K->9544K(349568K)
[2020-04-26T18:44:34.999+0000][1][gc,metaspace ] GC(7) Metaspace: 21032K->21032K(1069056K)
[2020-04-26T18:44:34.999+0000][1][gc           ] GC(7) Pause Young (Allocation Failure) 157M->18M(494M) 2.745ms
[2020-04-26T18:44:34.999+0000][1][gc,cpu       ] GC(7) User=0.02s Sys=0.00s Real=0.00s
[2020-04-26T18:44:34.999+0000][1][safepoint    ] Safepoint "GenCollectForAllocation", Time since last: 10122100 ns, Reaching safepoint: 31600 ns, At safepoint: 2829000 ns, Total: 2860600 ns
[2020-04-26T18:44:35.000+0000][1][gc           ] GC(6) Concurrent Abortable Preclean 128.852ms
[2020-04-26T18:44:35.000+0000][1][gc,cpu       ] GC(6) User=0.55s Sys=0.00s Real=0.13s
[2020-04-26T18:44:35.000+0000][1][gc,start     ] GC(6) Pause Remark
[2020-04-26T18:44:35.005+0000][1][gc           ] GC(6) Pause Remark 20M->20M(494M) 4.807ms
[2020-04-26T18:44:35.005+0000][1][gc,cpu       ] GC(6) User=0.01s Sys=0.00s Real=0.01s
[2020-04-26T18:44:35.005+0000][1][safepoint    ] Safepoint "CMS_Final_Remark", Time since last: 1007300 ns, Reaching safepoint: 100200 ns, At safepoint: 4870500 ns, Total: 4970700 ns
[2020-04-26T18:44:35.005+0000][1][gc           ] GC(6) Concurrent Sweep
[2020-04-26T18:44:35.009+0000][1][gc           ] GC(6) Concurrent Sweep 3.835ms
[2020-04-26T18:44:35.009+0000][1][gc,cpu       ] GC(6) User=0.01s Sys=0.00s Real=0.00s
[2020-04-26T18:44:35.009+0000][1][gc           ] GC(6) Concurrent Reset
[2020-04-26T18:44:35.009+0000][1][gc           ] GC(6) Concurrent Reset 0.518ms
[2020-04-26T18:44:35.009+0000][1][gc,cpu       ] GC(6) User=0.00s Sys=0.00s Real=0.00s
[2020-04-26T18:44:35.009+0000][1][gc,heap      ] GC(6) Old: 9544K->9541K(349568K)
[2020-04-26T18:44:35.110+0000][1][gc,start     ] GC(8) Pause Young (Allocation Failure)
[2020-04-26T18:44:35.110+0000][1][gc,task      ] GC(8) Using 10 workers of 10 for evacuation
[2020-04-26T18:44:35.114+0000][1][gc,age       ] GC(8) Desired survivor size 8945664 bytes, new threshold 6 (max threshold 6)
[2020-04-26T18:44:35.114+0000][1][gc,age       ] GC(8) Age table with threshold 6 (max threshold 6)
[2020-04-26T18:44:35.114+0000][1][gc,age       ] GC(8) - age   1:    1078208 bytes,    1078208 total
[2020-04-26T18:44:35.114+0000][1][gc,age       ] GC(8) - age   2:     381856 bytes,    1460064 total
[2020-04-26T18:44:35.114+0000][1][gc,age       ] GC(8) - age   3:     797560 bytes,    2257624 total
[2020-04-26T18:44:35.114+0000][1][gc,age       ] GC(8) - age   4:     526736 bytes,    2784360 total
[2020-04-26T18:44:35.114+0000][1][gc,age       ] GC(8) - age   5:    2386064 bytes,    5170424 total
[2020-04-26T18:44:35.114+0000][1][gc,age       ] GC(8) - age   6:    1675544 bytes,    6845968 total
[2020-04-26T18:44:35.114+0000][1][gc,heap      ] GC(8) ParNew: 148951K->9708K(157248K)
[2020-04-26T18:44:35.114+0000][1][gc,heap      ] GC(8) CMS: 9541K->11100K(349568K)
[2020-04-26T18:44:35.114+0000][1][gc,metaspace ] GC(8) Metaspace: 21145K->21145K(1069056K)
[2020-04-26T18:44:35.114+0000][1][gc           ] GC(8) Pause Young (Allocation Failure) 154M->20M(494M) 3.912ms
[2020-04-26T18:44:35.114+0000][1][gc,cpu       ] GC(8) User=0.03s Sys=0.01s Real=0.01s
[2020-04-26T18:44:35.114+0000][1][safepoint    ] Safepoint "GenCollectForAllocation", Time since last: 104924600 ns, Reaching safepoint: 326200 ns, At safepoint: 3965700 ns, Total: 4291900 ns
[2020-04-26T18:44:35.149+0000][1][safepoint    ] Safepoint "Deoptimize", Time since last: 34766900 ns, Reaching safepoint: 20800 ns, At safepoint: 262000 ns, Total: 282800 ns
[2020-04-26T18:44:35.423+0000][1][safepoint    ] Safepoint "Deoptimize", Time since last: 273162800 ns, Reaching safepoint: 202600 ns, At safepoint: 266700 ns, Total: 469300 ns
[2020-04-26T18:44:35.426+0000][1][safepoint    ] Safepoint "Deoptimize", Time since last: 2960700 ns, Reaching safepoint: 18100 ns, At safepoint: 244600 ns, Total: 262700 ns
[2020-04-26T18:44:35.948+0000][1][gc,start     ] GC(9) Pause Young (Allocation Failure)
[2020-04-26T18:44:35.948+0000][1][gc,task      ] GC(9) Using 10 workers of 10 for evacuation
[2020-04-26T18:44:35.957+0000][1][gc,age       ] GC(9) Desired survivor size 8945664 bytes, new threshold 1 (max threshold 6)
[2020-04-26T18:44:35.957+0000][1][gc,age       ] GC(9) Age table with threshold 1 (max threshold 6)
[2020-04-26T18:44:35.957+0000][1][gc,age       ] GC(9) - age   1:   12194992 bytes,   12194992 total
[2020-04-26T18:44:35.957+0000][1][gc,age       ] GC(9) - age   2:     301336 bytes,   12496328 total
[2020-04-26T18:44:35.957+0000][1][gc,age       ] GC(9) - age   3:     379328 bytes,   12875656 total
[2020-04-26T18:44:35.957+0000][1][gc,age       ] GC(9) - age   4:     796552 bytes,   13672208 total
[2020-04-26T18:44:35.957+0000][1][gc,age       ] GC(9) - age   5:     524448 bytes,   14196656 total
[2020-04-26T18:44:35.957+0000][1][gc,age       ] GC(9) - age   6:    2381464 bytes,   16578120 total
[2020-04-26T18:44:35.957+0000][1][gc,heap      ] GC(9) ParNew: 149484K->17472K(157248K)
[2020-04-26T18:44:35.957+0000][1][gc,heap      ] GC(9) CMS: 11100K->12963K(349568K)
[2020-04-26T18:44:35.957+0000][1][gc,metaspace ] GC(9) Metaspace: 28069K->28069K(1075200K)
[2020-04-26T18:44:35.957+0000][1][gc           ] GC(9) Pause Young (Allocation Failure) 156M->29M(494M) 9.532ms
[2020-04-26T18:44:35.957+0000][1][gc,cpu       ] GC(9) User=0.09s Sys=0.00s Real=0.01s
[2020-04-26T18:44:35.957+0000][1][safepoint    ] Safepoint "GenCollectForAllocation", Time since last: 521572500 ns, Reaching safepoint: 196700 ns, At safepoint: 9648000 ns, Total: 9844700 ns
[2020-04-26T18:44:36.338+0000][1][safepoint    ] Safepoint "Deoptimize", Time since last: 379928200 ns, Reaching safepoint: 55200 ns, At safepoint: 271800 ns, Total: 327000 ns
[2020-04-26T18:44:36.497+0000][1][safepoint    ] Safepoint "RevokeBias", Time since last: 159390200 ns, Reaching safepoint: 38600 ns, At safepoint: 63300 ns, Total: 101900 ns
[2020-04-26T18:44:36.663+0000][1][safepoint    ] Safepoint "RevokeBias", Time since last: 165368300 ns, Reaching safepoint: 38100 ns, At safepoint: 49100 ns, Total: 87200 ns
[2020-04-26T18:44:36.744+0000][1][gc,start     ] GC(10) Pause Young (Allocation Failure)
[2020-04-26T18:44:36.744+0000][1][gc,task      ] GC(10) Using 10 workers of 10 for evacuation
[2020-04-26T18:44:36.761+0000][1][gc,age       ] GC(10) Desired survivor size 8945664 bytes, new threshold 1 (max threshold 6)
[2020-04-26T18:44:36.761+0000][1][gc,age       ] GC(10) Age table with threshold 1 (max threshold 6)
[2020-04-26T18:44:36.761+0000][1][gc,age       ] GC(10) - age   1:   16388312 bytes,   16388312 total
[2020-04-26T18:44:36.761+0000][1][gc,heap      ] GC(10) ParNew: 157248K->17472K(157248K)
[2020-04-26T18:44:36.761+0000][1][gc,heap      ] GC(10) CMS: 12963K->30304K(349568K)
[2020-04-26T18:44:36.761+0000][1][gc,metaspace ] GC(10) Metaspace: 30149K->30149K(1077248K)
[2020-04-26T18:44:36.761+0000][1][gc           ] GC(10) Pause Young (Allocation Failure) 166M->46M(494M) 16.894ms
[2020-04-26T18:44:36.761+0000][1][gc,cpu       ] GC(10) User=0.16s Sys=0.00s Real=0.01s
[2020-04-26T18:44:36.761+0000][1][safepoint    ] Safepoint "GenCollectForAllocation", Time since last: 81393100 ns, Reaching safepoint: 61400 ns, At safepoint: 16983800 ns, Total: 17045200 ns
[2020-04-26T18:44:37.134+0000][1][gc,start     ] GC(11) Pause Young (Allocation Failure)
[2020-04-26T18:44:37.134+0000][1][gc,task      ] GC(11) Using 10 workers of 10 for evacuation
[2020-04-26T18:44:37.149+0000][1][gc,age       ] GC(11) Desired survivor size 8945664 bytes, new threshold 6 (max threshold 6)
[2020-04-26T18:44:37.149+0000][1][gc,age       ] GC(11) Age table with threshold 6 (max threshold 6)
[2020-04-26T18:44:37.149+0000][1][gc,age       ] GC(11) - age   1:    2355160 bytes,    2355160 total
[2020-04-26T18:44:37.149+0000][1][gc,heap      ] GC(11) ParNew: 157248K->15434K(157248K)
[2020-04-26T18:44:37.149+0000][1][gc,heap      ] GC(11) CMS: 30304K->47278K(349568K)
[2020-04-26T18:44:37.149+0000][1][gc,metaspace ] GC(11) Metaspace: 33991K->33991K(1081344K)
[2020-04-26T18:44:37.149+0000][1][gc           ] GC(11) Pause Young (Allocation Failure) 183M->61M(494M) 15.278ms
[2020-04-26T18:44:37.149+0000][1][gc,cpu       ] GC(11) User=0.12s Sys=0.01s Real=0.01s
[2020-04-26T18:44:37.149+0000][1][safepoint    ] Safepoint "GenCollectForAllocation", Time since last: 372536500 ns, Reaching safepoint: 78600 ns, At safepoint: 15379500 ns, Total: 15458100 ns
[2020-04-26T18:44:37.209+0000][1][safepoint    ] Safepoint "CollectForMetadataAllocation", Time since last: 59544100 ns, Reaching safepoint: 36100 ns, At safepoint: 385300 ns, Total: 421400 ns
[2020-04-26T18:44:37.230+0000][1][safepoint    ] Safepoint "CollectForMetadataAllocation", Time since last: 20570300 ns, Reaching safepoint: 19400 ns, At safepoint: 94500 ns, Total: 113900 ns
[2020-04-26T18:44:37.255+0000][1][safepoint    ] Safepoint "CollectForMetadataAllocation", Time since last: 24613900 ns, Reaching safepoint: 27200 ns, At safepoint: 154600 ns, Total: 181800 ns
[2020-04-26T18:44:37.262+0000][1][safepoint    ] Safepoint "CollectForMetadataAllocation", Time since last: 6865400 ns, Reaching safepoint: 17300 ns, At safepoint: 109000 ns, Total: 126300 ns
[2020-04-26T18:44:37.276+0000][1][safepoint    ] Safepoint "CollectForMetadataAllocation", Time since last: 14401500 ns, Reaching safepoint: 64400 ns, At safepoint: 155600 ns, Total: 220000 ns
[2020-04-26T18:44:37.284+0000][1][safepoint    ] Safepoint "CollectForMetadataAllocation", Time since last: 7951800 ns, Reaching safepoint: 17100 ns, At safepoint: 132100 ns, Total: 149200 ns
[2020-04-26T18:44:37.297+0000][1][safepoint    ] Safepoint "CollectForMetadataAllocation", Time since last: 12996700 ns, Reaching safepoint: 18100 ns, At safepoint: 173900 ns, Total: 192000 ns
[2020-04-26T18:44:37.308+0000][1][safepoint    ] Safepoint "CollectForMetadataAllocation", Time since last: 10024400 ns, Reaching safepoint: 16800 ns, At safepoint: 130100 ns, Total: 146900 ns
[2020-04-26T18:44:37.321+0000][1][safepoint    ] Safepoint "CollectForMetadataAllocation", Time since last: 13423300 ns, Reaching safepoint: 99600 ns, At safepoint: 126800 ns, Total: 226400 ns
[2020-04-26T18:44:37.333+0000][1][safepoint    ] Safepoint "CollectForMetadataAllocation", Time since last: 11908700 ns, Reaching safepoint: 165300 ns, At safepoint: 133100 ns, Total: 298400 ns
[2020-04-26T18:44:37.338+0000][1][safepoint    ] Safepoint "Deoptimize", Time since last: 3811500 ns, Reaching safepoint: 31800 ns, At safepoint: 336000 ns, Total: 367800 ns
[2020-04-26T18:44:37.342+0000][1][safepoint    ] Safepoint "Deoptimize", Time since last: 3513900 ns, Reaching safepoint: 32600 ns, At safepoint: 505500 ns, Total: 538100 ns
[2020-04-26T18:44:37.345+0000][1][safepoint    ] Safepoint "CollectForMetadataAllocation", Time since last: 2849800 ns, Reaching safepoint: 26400 ns, At safepoint: 529900 ns, Total: 556300 ns
[2020-04-26T18:44:37.353+0000][1][safepoint    ] Safepoint "CollectForMetadataAllocation", Time since last: 7221500 ns, Reaching safepoint: 23900 ns, At safepoint: 171000 ns, Total: 194900 ns
[2020-04-26T18:44:37.359+0000][1][safepoint    ] Safepoint "RevokeBias", Time since last: 6442500 ns, Reaching safepoint: 29800 ns, At safepoint: 69600 ns, Total: 99400 ns
[2020-04-26T18:44:37.360+0000][1][safepoint    ] Safepoint "Deoptimize", Time since last: 840100 ns, Reaching safepoint: 13600 ns, At safepoint: 288100 ns, Total: 301700 ns
[2020-04-26T18:44:37.367+0000][1][safepoint    ] Safepoint "CollectForMetadataAllocation", Time since last: 6071500 ns, Reaching safepoint: 161800 ns, At safepoint: 154200 ns, Total: 316000 ns
[2020-04-26T18:44:37.388+0000][1][safepoint    ] Safepoint "CollectForMetadataAllocation", Time since last: 20731300 ns, Reaching safepoint: 39400 ns, At safepoint: 114000 ns, Total: 153400 ns
[2020-04-26T18:44:37.400+0000][1][safepoint    ] Safepoint "CollectForMetadataAllocation", Time since last: 11904200 ns, Reaching safepoint: 16900 ns, At safepoint: 110100 ns, Total: 127000 ns
[2020-04-26T18:44:37.417+0000][1][safepoint    ] Safepoint "CollectForMetadataAllocation", Time since last: 16832100 ns, Reaching safepoint: 140400 ns, At safepoint: 128700 ns, Total: 269100 ns
[2020-04-26T18:44:37.434+0000][1][safepoint    ] Safepoint "CollectForMetadataAllocation", Time since last: 17004300 ns, Reaching safepoint: 18900 ns, At safepoint: 83700 ns, Total: 102600 ns
[2020-04-26T18:44:37.443+0000][1][safepoint    ] Safepoint "CollectForMetadataAllocation", Time since last: 9159200 ns, Reaching safepoint: 21500 ns, At safepoint: 121600 ns, Total: 143100 ns
[2020-04-26T18:44:37.472+0000][1][safepoint    ] Safepoint "CollectForMetadataAllocation", Time since last: 28621600 ns, Reaching safepoint: 15100 ns, At safepoint: 129000 ns, Total: 144100 ns
[2020-04-26T18:44:37.484+0000][1][safepoint    ] Safepoint "CollectForMetadataAllocation", Time since last: 11463300 ns, Reaching safepoint: 142900 ns, At safepoint: 150500 ns, Total: 293400 ns
[2020-04-26T18:44:37.497+0000][1][safepoint    ] Safepoint "CollectForMetadataAllocation", Time since last: 13412400 ns, Reaching safepoint: 44900 ns, At safepoint: 170000 ns, Total: 214900 ns
[2020-04-26T18:44:37.509+0000][1][safepoint    ] Safepoint "CollectForMetadataAllocation", Time since last: 11414800 ns, Reaching safepoint: 18900 ns, At safepoint: 118800 ns, Total: 137700 ns
[2020-04-26T18:44:37.522+0000][1][safepoint    ] Safepoint "CollectForMetadataAllocation", Time since last: 13536200 ns, Reaching safepoint: 21300 ns, At safepoint: 130400 ns, Total: 151700 ns
[2020-04-26T18:44:37.541+0000][1][safepoint    ] Safepoint "CollectForMetadataAllocation", Time since last: 18099100 ns, Reaching safepoint: 16500 ns, At safepoint: 131200 ns, Total: 147700 ns
[2020-04-26T18:44:37.553+0000][1][safepoint    ] Safepoint "CollectForMetadataAllocation", Time since last: 12571600 ns, Reaching safepoint: 16100 ns, At safepoint: 122400 ns, Total: 138500 ns
[2020-04-26T18:44:37.572+0000][1][safepoint    ] Safepoint "CollectForMetadataAllocation", Time since last: 18783900 ns, Reaching safepoint: 29000 ns, At safepoint: 156600 ns, Total: 185600 ns
[2020-04-26T18:44:37.594+0000][1][safepoint    ] Safepoint "CollectForMetadataAllocation", Time since last: 21283700 ns, Reaching safepoint: 34900 ns, At safepoint: 177200 ns, Total: 212100 ns
[2020-04-26T18:44:37.609+0000][1][safepoint    ] Safepoint "CollectForMetadataAllocation", Time since last: 14341300 ns, Reaching safepoint: 141900 ns, At safepoint: 170500 ns, Total: 312400 ns
[2020-04-26T18:44:37.642+0000][1][safepoint    ] Safepoint "CollectForMetadataAllocation", Time since last: 33826400 ns, Reaching safepoint: 30400 ns, At safepoint: 84800 ns, Total: 115200 ns
[2020-04-26T18:44:37.655+0000][1][safepoint    ] Safepoint "CollectForMetadataAllocation", Time since last: 12582300 ns, Reaching safepoint: 107300 ns, At safepoint: 147000 ns, Total: 254300 ns
[2020-04-26T18:44:37.674+0000][1][safepoint    ] Safepoint "CollectForMetadataAllocation", Time since last: 18661800 ns, Reaching safepoint: 19800 ns, At safepoint: 141900 ns, Total: 161700 ns
[2020-04-26T18:44:37.689+0000][1][safepoint    ] Safepoint "CollectForMetadataAllocation", Time since last: 14697000 ns, Reaching safepoint: 20700 ns, At safepoint: 78400 ns, Total: 99100 ns
[2020-04-26T18:44:37.698+0000][1][safepoint    ] Safepoint "CollectForMetadataAllocation", Time since last: 8969600 ns, Reaching safepoint: 158800 ns, At safepoint: 90500 ns, Total: 249300 ns
[2020-04-26T18:44:37.715+0000][1][safepoint    ] Safepoint "RevokeBias", Time since last: 16367500 ns, Reaching safepoint: 24000 ns, At safepoint: 56900 ns, Total: 80900 ns
[2020-04-26T18:44:37.722+0000][1][safepoint    ] Safepoint "CollectForMetadataAllocation", Time since last: 7119300 ns, Reaching safepoint: 22400 ns, At safepoint: 109300 ns, Total: 131700 ns
[2020-04-26T18:44:37.736+0000][1][safepoint    ] Safepoint "CollectForMetadataAllocation", Time since last: 13557900 ns, Reaching safepoint: 112700 ns, At safepoint: 130700 ns, Total: 243400 ns
[2020-04-26T18:44:37.785+0000][1][safepoint    ] Safepoint "CollectForMetadataAllocation", Time since last: 49518800 ns, Reaching safepoint: 23900 ns, At safepoint: 123900 ns, Total: 147800 ns
[2020-04-26T18:44:37.789+0000][1][safepoint    ] Safepoint "CollectForMetadataAllocation", Time since last: 3615700 ns, Reaching safepoint: 17400 ns, At safepoint: 109100 ns, Total: 126500 ns
[2020-04-26T18:44:37.794+0000][1][safepoint    ] Safepoint "CollectForMetadataAllocation", Time since last: 5138000 ns, Reaching safepoint: 14500 ns, At safepoint: 106400 ns, Total: 120900 ns
[2020-04-26T18:44:37.799+0000][1][safepoint    ] Safepoint "Deoptimize", Time since last: 4052700 ns, Reaching safepoint: 20600 ns, At safepoint: 290100 ns, Total: 310700 ns
[2020-04-26T18:44:37.800+0000][1][safepoint    ] Safepoint "Deoptimize", Time since last: 1225300 ns, Reaching safepoint: 16200 ns, At safepoint: 273900 ns, Total: 290100 ns
[2020-04-26T18:44:37.808+0000][1][safepoint    ] Safepoint "CollectForMetadataAllocation", Time since last: 7478400 ns, Reaching safepoint: 109800 ns, At safepoint: 92100 ns, Total: 201900 ns
[2020-04-26T18:44:37.816+0000][1][safepoint    ] Safepoint "CollectForMetadataAllocation", Time since last: 7711100 ns, Reaching safepoint: 27800 ns, At safepoint: 118200 ns, Total: 146000 ns
[2020-04-26T18:44:38.100+0000][1][safepoint    ] Safepoint "CollectForMetadataAllocation", Time since last: 283483900 ns, Reaching safepoint: 131200 ns, At safepoint: 178900 ns, Total: 310100 ns
[2020-04-26T18:44:38.252+0000][1][safepoint    ] Safepoint "CollectForMetadataAllocation", Time since last: 152005600 ns, Reaching safepoint: 29100 ns, At safepoint: 120000 ns, Total: 149100 ns
[2020-04-26T18:44:38.286+0000][1][safepoint    ] Safepoint "Deoptimize", Time since last: 33585200 ns, Reaching safepoint: 30300 ns, At safepoint: 325300 ns, Total: 355600 ns
[2020-04-26T18:44:38.358+0000][1][safepoint    ] Safepoint "CollectForMetadataAllocation", Time since last: 72351300 ns, Reaching safepoint: 136800 ns, At safepoint: 142000 ns, Total: 278800 ns
[2020-04-26T18:44:38.384+0000][1][safepoint    ] Safepoint "CollectForMetadataAllocation", Time since last: 25275400 ns, Reaching safepoint: 25200 ns, At safepoint: 120600 ns, Total: 145800 ns
[2020-04-26T18:44:38.430+0000][1][safepoint    ] Safepoint "CollectForMetadataAllocation", Time since last: 45887100 ns, Reaching safepoint: 32600 ns, At safepoint: 121500 ns, Total: 154100 ns
[2020-04-26T18:44:38.445+0000][1][safepoint    ] Safepoint "CollectForMetadataAllocation", Time since last: 14608800 ns, Reaching safepoint: 133100 ns, At safepoint: 184000 ns, Total: 317100 ns
[2020-04-26T18:44:38.456+0000][1][safepoint    ] Safepoint "RevokeBias", Time since last: 11681700 ns, Reaching safepoint: 24700 ns, At safepoint: 46700 ns, Total: 71400 ns
[2020-04-26T18:44:38.458+0000][1][safepoint    ] Safepoint "RevokeBias", Time since last: 1687400 ns, Reaching safepoint: 16200 ns, At safepoint: 47500 ns, Total: 63700 ns
[2020-04-26T18:44:38.467+0000][1][safepoint    ] Safepoint "CollectForMetadataAllocation", Time since last: 8995100 ns, Reaching safepoint: 24100 ns, At safepoint: 117200 ns, Total: 141300 ns
[2020-04-26T18:44:38.509+0000][1][safepoint    ] Safepoint "RevokeBias", Time since last: 41971000 ns, Reaching safepoint: 128200 ns, At safepoint: 59200 ns, Total: 187400 ns
[2020-04-26T18:44:38.523+0000][1][safepoint    ] Safepoint "RevokeBias", Time since last: 13354300 ns, Reaching safepoint: 21900 ns, At safepoint: 66500 ns, Total: 88400 ns
[2020-04-26T18:44:38.527+0000][1][safepoint    ] Safepoint "CollectForMetadataAllocation", Time since last: 3499300 ns, Reaching safepoint: 38900 ns, At safepoint: 110000 ns, Total: 148900 ns
[2020-04-26T18:44:38.527+0000][1][safepoint    ] Safepoint "RevokeBias", Time since last: 786600 ns, Reaching safepoint: 18800 ns, At safepoint: 80300 ns, Total: 99100 ns
[2020-04-26T18:44:38.564+0000][1][safepoint    ] Safepoint "CollectForMetadataAllocation", Time since last: 36009700 ns, Reaching safepoint: 26700 ns, At safepoint: 152500 ns, Total: 179200 ns
[2020-04-26T18:44:38.585+0000][1][safepoint    ] Safepoint "CollectForMetadataAllocation", Time since last: 20982100 ns, Reaching safepoint: 113200 ns, At safepoint: 129300 ns, Total: 242500 ns
[2020-04-26T18:44:38.602+0000][1][safepoint    ] Safepoint "CollectForMetadataAllocation", Time since last: 17231500 ns, Reaching safepoint: 23900 ns, At safepoint: 152300 ns, Total: 176200 ns
[2020-04-26T18:44:38.631+0000][1][safepoint    ] Safepoint "CollectForMetadataAllocation", Time since last: 28594600 ns, Reaching safepoint: 255600 ns, At safepoint: 122100 ns, Total: 377700 ns
[2020-04-26T18:44:38.640+0000][1][gc,start     ] GC(12) Pause Young (Allocation Failure)
[2020-04-26T18:44:38.640+0000][1][gc,task      ] GC(12) Using 10 workers of 10 for evacuation
[2020-04-26T18:44:38.646+0000][1][gc,age       ] GC(12) Desired survivor size 8945664 bytes, new threshold 2 (max threshold 6)
[2020-04-26T18:44:38.646+0000][1][gc,age       ] GC(12) Age table with threshold 2 (max threshold 6)
[2020-04-26T18:44:38.646+0000][1][gc,age       ] GC(12) - age   1:    7708448 bytes,    7708448 total
[2020-04-26T18:44:38.646+0000][1][gc,age       ] GC(12) - age   2:    2045008 bytes,    9753456 total
[2020-04-26T18:44:38.646+0000][1][gc,heap      ] GC(12) ParNew: 155210K->12017K(157248K)
[2020-04-26T18:44:38.646+0000][1][gc,heap      ] GC(12) CMS: 47278K->47278K(349568K)
[2020-04-26T18:44:38.646+0000][1][gc,metaspace ] GC(12) Metaspace: 50249K->50249K(1095680K)
[2020-04-26T18:44:38.646+0000][1][gc           ] GC(12) Pause Young (Allocation Failure) 197M->57M(494M) 6.295ms
[2020-04-26T18:44:38.646+0000][1][gc,cpu       ] GC(12) User=0.07s Sys=0.00s Real=0.01s
[2020-04-26T18:44:38.646+0000][1][safepoint    ] Safepoint "GenCollectForAllocation", Time since last: 8708200 ns, Reaching safepoint: 40500 ns, At safepoint: 6399400 ns, Total: 6439900 ns
[2020-04-26T18:44:38.647+0000][1][gc,start     ] GC(13) Pause Initial Mark
[2020-04-26T18:44:38.649+0000][1][gc           ] GC(13) Pause Initial Mark 60M->60M(494M) 2.083ms
[2020-04-26T18:44:38.649+0000][1][gc,cpu       ] GC(13) User=0.02s Sys=0.00s Real=0.00s
[2020-04-26T18:44:38.649+0000][1][safepoint    ] Safepoint "CMS_Initial_Mark", Time since last: 259100 ns, Reaching safepoint: 164400 ns, At safepoint: 2195900 ns, Total: 2360300 ns
[2020-04-26T18:44:38.649+0000][1][gc           ] GC(13) Concurrent Mark
[2020-04-26T18:44:38.649+0000][1][gc,task      ] GC(13) Using 3 workers of 3 for marking
[2020-04-26T18:44:38.651+0000][1][safepoint    ] Safepoint "RevokeBias", Time since last: 2065300 ns, Reaching safepoint: 327600 ns, At safepoint: 36600 ns, Total: 364200 ns
[2020-04-26T18:44:38.652+0000][1][safepoint    ] Safepoint "RevokeBias", Time since last: 165700 ns, Reaching safepoint: 112900 ns, At safepoint: 85400 ns, Total: 198300 ns
[2020-04-26T18:44:38.652+0000][1][safepoint    ] Safepoint "RevokeBias", Time since last: 128000 ns, Reaching safepoint: 108800 ns, At safepoint: 58400 ns, Total: 167200 ns
[2020-04-26T18:44:38.652+0000][1][safepoint    ] Safepoint "RevokeBias", Time since last: 110600 ns, Reaching safepoint: 105800 ns, At safepoint: 45200 ns, Total: 151000 ns
[2020-04-26T18:44:38.653+0000][1][safepoint    ] Safepoint "RevokeBias", Time since last: 139800 ns, Reaching safepoint: 301900 ns, At safepoint: 41800 ns, Total: 343700 ns
[2020-04-26T18:44:38.653+0000][1][safepoint    ] Safepoint "RevokeBias", Time since last: 88800 ns, Reaching safepoint: 97200 ns, At safepoint: 37800 ns, Total: 135000 ns
[2020-04-26T18:44:38.653+0000][1][safepoint    ] Safepoint "RevokeBias", Time since last: 84600 ns, Reaching safepoint: 98900 ns, At safepoint: 52100 ns, Total: 151000 ns
[2020-04-26T18:44:38.654+0000][1][safepoint    ] Safepoint "RevokeBias", Time since last: 85000 ns, Reaching safepoint: 124000 ns, At safepoint: 57200 ns, Total: 181200 ns
[2020-04-26T18:44:38.654+0000][1][safepoint    ] Safepoint "RevokeBias", Time since last: 91000 ns, Reaching safepoint: 110200 ns, At safepoint: 64400 ns, Total: 174600 ns
[2020-04-26T18:44:38.654+0000][1][safepoint    ] Safepoint "RevokeBias", Time since last: 99100 ns, Reaching safepoint: 304100 ns, At safepoint: 47900 ns, Total: 352000 ns
[2020-04-26T18:44:38.654+0000][1][safepoint    ] Safepoint "RevokeBias", Time since last: 91100 ns, Reaching safepoint: 114600 ns, At safepoint: 37100 ns, Total: 151700 ns
[2020-04-26T18:44:38.655+0000][1][safepoint    ] Safepoint "RevokeBias", Time since last: 89200 ns, Reaching safepoint: 109600 ns, At safepoint: 70800 ns, Total: 180400 ns
[2020-04-26T18:44:38.655+0000][1][safepoint    ] Safepoint "RevokeBias", Time since last: 83800 ns, Reaching safepoint: 96400 ns, At safepoint: 55500 ns, Total: 151900 ns
[2020-04-26T18:44:38.655+0000][1][safepoint    ] Safepoint "RevokeBias", Time since last: 82400 ns, Reaching safepoint: 16000 ns, At safepoint: 88400 ns, Total: 104400 ns
[2020-04-26T18:44:38.656+0000][1][safepoint    ] Safepoint "BulkRevokeBias", Time since last: 89800 ns, Reaching safepoint: 287600 ns, At safepoint: 80300 ns, Total: 367900 ns
[2020-04-26T18:44:38.658+0000][1][safepoint    ] Safepoint "RevokeBias", Time since last: 1870100 ns, Reaching safepoint: 660300 ns, At safepoint: 88200 ns, Total: 748500 ns
[2020-04-26T18:44:38.659+0000][1][safepoint    ] Safepoint "RevokeBias", Time since last: 180300 ns, Reaching safepoint: 199600 ns, At safepoint: 58100 ns, Total: 257700 ns
[2020-04-26T18:44:38.660+0000][1][safepoint    ] Safepoint "RevokeBias", Time since last: 439500 ns, Reaching safepoint: 342700 ns, At safepoint: 53700 ns, Total: 396400 ns
[2020-04-26T18:44:38.664+0000][1][safepoint    ] Safepoint "CollectForMetadataAllocation", Time since last: 4173300 ns, Reaching safepoint: 220400 ns, At safepoint: 108400 ns, Total: 328800 ns
[2020-04-26T18:44:38.686+0000][1][gc           ] GC(13) Concurrent Mark 36.822ms
[2020-04-26T18:44:38.686+0000][1][gc,cpu       ] GC(13) User=0.23s Sys=0.01s Real=0.04s
[2020-04-26T18:44:38.686+0000][1][gc           ] GC(13) Concurrent Preclean
[2020-04-26T18:44:38.687+0000][1][gc           ] GC(13) Concurrent Preclean 1.361ms
[2020-04-26T18:44:38.687+0000][1][gc,cpu       ] GC(13) User=0.00s Sys=0.00s Real=0.00s
[2020-04-26T18:44:38.687+0000][1][gc           ] GC(13) Concurrent Abortable Preclean
[2020-04-26T18:44:38.688+0000][1][safepoint    ] Safepoint "CollectForMetadataAllocation", Time since last: 23957700 ns, Reaching safepoint: 65800 ns, At safepoint: 140300 ns, Total: 206100 ns
[2020-04-26T18:44:38.721+0000][1][safepoint    ] Safepoint "RevokeBias", Time since last: 32550400 ns, Reaching safepoint: 180800 ns, At safepoint: 81500 ns, Total: 262300 ns
[2020-04-26T18:44:38.721+0000][1][safepoint    ] Safepoint "RevokeBias", Time since last: 138100 ns, Reaching safepoint: 157300 ns, At safepoint: 61600 ns, Total: 218900 ns
[2020-04-26T18:44:38.722+0000][1][safepoint    ] Safepoint "RevokeBias", Time since last: 203000 ns, Reaching safepoint: 34100 ns, At safepoint: 56000 ns, Total: 90100 ns
[2020-04-26T18:44:38.722+0000][1][safepoint    ] Safepoint "RevokeBias", Time since last: 172500 ns, Reaching safepoint: 157500 ns, At safepoint: 67200 ns, Total: 224700 ns
[2020-04-26T18:44:38.723+0000][1][safepoint    ] Safepoint "RevokeBias", Time since last: 228400 ns, Reaching safepoint: 141600 ns, At safepoint: 91900 ns, Total: 233500 ns
[2020-04-26T18:44:38.724+0000][1][safepoint    ] Safepoint "RevokeBias", Time since last: 976500 ns, Reaching safepoint: 118700 ns, At safepoint: 60100 ns, Total: 178800 ns
[2020-04-26T18:44:38.724+0000][1][safepoint    ] Safepoint "RevokeBias", Time since last: 570100 ns, Reaching safepoint: 117400 ns, At safepoint: 61400 ns, Total: 178800 ns
[2020-04-26T18:44:38.725+0000][1][safepoint    ] Safepoint "RevokeBias", Time since last: 296400 ns, Reaching safepoint: 108800 ns, At safepoint: 54500 ns, Total: 163300 ns
[2020-04-26T18:44:38.725+0000][1][safepoint    ] Safepoint "RevokeBias", Time since last: 92200 ns, Reaching safepoint: 109200 ns, At safepoint: 59200 ns, Total: 168400 ns
[2020-04-26T18:44:38.725+0000][1][safepoint    ] Safepoint "RevokeBias", Time since last: 87700 ns, Reaching safepoint: 108500 ns, At safepoint: 104100 ns, Total: 212600 ns
[2020-04-26T18:44:38.726+0000][1][safepoint    ] Safepoint "RevokeBias", Time since last: 126400 ns, Reaching safepoint: 128000 ns, At safepoint: 79900 ns, Total: 207900 ns
[2020-04-26T18:44:38.726+0000][1][safepoint    ] Safepoint "RevokeBias", Time since last: 155900 ns, Reaching safepoint: 155400 ns, At safepoint: 134500 ns, Total: 289900 ns
[2020-04-26T18:44:38.727+0000][1][safepoint    ] Safepoint "RevokeBias", Time since last: 142200 ns, Reaching safepoint: 142400 ns, At safepoint: 49300 ns, Total: 191700 ns
[2020-04-26T18:44:38.727+0000][1][safepoint    ] Safepoint "RevokeBias", Time since last: 90300 ns, Reaching safepoint: 106700 ns, At safepoint: 86200 ns, Total: 192900 ns
[2020-04-26T18:44:38.727+0000][1][safepoint    ] Safepoint "RevokeBias", Time since last: 116800 ns, Reaching safepoint: 162000 ns, At safepoint: 101600 ns, Total: 263600 ns
[2020-04-26T18:44:38.728+0000][1][safepoint    ] Safepoint "RevokeBias", Time since last: 104300 ns, Reaching safepoint: 158200 ns, At safepoint: 100000 ns, Total: 258200 ns
[2020-04-26T18:44:38.728+0000][1][safepoint    ] Safepoint "RevokeBias", Time since last: 103300 ns, Reaching safepoint: 156400 ns, At safepoint: 75300 ns, Total: 231700 ns
[2020-04-26T18:44:38.728+0000][1][safepoint    ] Safepoint "RevokeBias", Time since last: 101500 ns, Reaching safepoint: 152300 ns, At safepoint: 80400 ns, Total: 232700 ns
[2020-04-26T18:44:38.729+0000][1][safepoint    ] Safepoint "RevokeBias", Time since last: 107000 ns, Reaching safepoint: 212200 ns, At safepoint: 112600 ns, Total: 324800 ns
[2020-04-26T18:44:38.729+0000][1][safepoint    ] Safepoint "RevokeBias", Time since last: 143100 ns, Reaching safepoint: 184100 ns, At safepoint: 108300 ns, Total: 292400 ns
[2020-04-26T18:44:38.730+0000][1][safepoint    ] Safepoint "RevokeBias", Time since last: 149400 ns, Reaching safepoint: 197200 ns, At safepoint: 88300 ns, Total: 285500 ns
[2020-04-26T18:44:38.731+0000][1][safepoint    ] Safepoint "RevokeBias", Time since last: 115200 ns, Reaching safepoint: 1005300 ns, At safepoint: 97100 ns, Total: 1102400 ns
[2020-04-26T18:44:38.731+0000][1][safepoint    ] Safepoint "RevokeBias", Time since last: 110500 ns, Reaching safepoint: 157700 ns, At safepoint: 78100 ns, Total: 235800 ns
[2020-04-26T18:44:38.731+0000][1][safepoint    ] Safepoint "RevokeBias", Time since last: 100300 ns, Reaching safepoint: 155200 ns, At safepoint: 121500 ns, Total: 276700 ns
[2020-04-26T18:44:38.732+0000][1][safepoint    ] Safepoint "RevokeBias", Time since last: 104200 ns, Reaching safepoint: 155800 ns, At safepoint: 80300 ns, Total: 236100 ns
[2020-04-26T18:44:38.732+0000][1][safepoint    ] Safepoint "RevokeBias", Time since last: 101800 ns, Reaching safepoint: 286400 ns, At safepoint: 82900 ns, Total: 369300 ns
[2020-04-26T18:44:38.733+0000][1][safepoint    ] Safepoint "BulkRevokeBias", Time since last: 137900 ns, Reaching safepoint: 256000 ns, At safepoint: 198700 ns, Total: 454700 ns
[2020-04-26T18:44:38.733+0000][1][safepoint    ] Safepoint "RevokeBias", Time since last: 247300 ns, Reaching safepoint: 156400 ns, At safepoint: 166200 ns, Total: 322600 ns
[2020-04-26T18:44:38.734+0000][1][safepoint    ] Safepoint "RevokeBias", Time since last: 168700 ns, Reaching safepoint: 118800 ns, At safepoint: 93800 ns, Total: 212600 ns
[2020-04-26T18:44:38.734+0000][1][safepoint    ] Safepoint "RevokeBias", Time since last: 184800 ns, Reaching safepoint: 116700 ns, At safepoint: 92600 ns, Total: 209300 ns
[2020-04-26T18:44:38.735+0000][1][safepoint    ] Safepoint "RevokeBias", Time since last: 152900 ns, Reaching safepoint: 115800 ns, At safepoint: 62400 ns, Total: 178200 ns
[2020-04-26T18:44:38.735+0000][1][safepoint    ] Safepoint "RevokeBias", Time since last: 123100 ns, Reaching safepoint: 111400 ns, At safepoint: 74400 ns, Total: 185800 ns
[2020-04-26T18:44:38.735+0000][1][safepoint    ] Safepoint "RevokeBias", Time since last: 121400 ns, Reaching safepoint: 110700 ns, At safepoint: 68600 ns, Total: 179300 ns
[2020-04-26T18:44:38.736+0000][1][safepoint    ] Safepoint "RevokeBias", Time since last: 281600 ns, Reaching safepoint: 249800 ns, At safepoint: 80600 ns, Total: 330400 ns
[2020-04-26T18:44:38.736+0000][1][safepoint    ] Safepoint "RevokeBias", Time since last: 240900 ns, Reaching safepoint: 116800 ns, At safepoint: 106600 ns, Total: 223400 ns
[2020-04-26T18:44:38.737+0000][1][safepoint    ] Safepoint "RevokeBias", Time since last: 131400 ns, Reaching safepoint: 190600 ns, At safepoint: 201100 ns, Total: 391700 ns
[2020-04-26T18:44:38.738+0000][1][safepoint    ] Safepoint "RevokeBias", Time since last: 1452100 ns, Reaching safepoint: 119300 ns, At safepoint: 71400 ns, Total: 190700 ns
[2020-04-26T18:44:38.741+0000][1][safepoint    ] Safepoint "RevokeBias", Time since last: 2532600 ns, Reaching safepoint: 166700 ns, At safepoint: 103800 ns, Total: 270500 ns
[2020-04-26T18:44:38.742+0000][1][safepoint    ] Safepoint "RevokeBias", Time since last: 220800 ns, Reaching safepoint: 192100 ns, At safepoint: 62400 ns, Total: 254500 ns
[2020-04-26T18:44:38.742+0000][1][safepoint    ] Safepoint "RevokeBias", Time since last: 107900 ns, Reaching safepoint: 138100 ns, At safepoint: 61400 ns, Total: 199500 ns
[2020-04-26T18:44:38.742+0000][1][safepoint    ] Safepoint "RevokeBias", Time since last: 111100 ns, Reaching safepoint: 166400 ns, At safepoint: 83100 ns, Total: 249500 ns
[2020-04-26T18:44:38.743+0000][1][safepoint    ] Safepoint "RevokeBias", Time since last: 131200 ns, Reaching safepoint: 105800 ns, At safepoint: 50000 ns, Total: 155800 ns
[2020-04-26T18:44:38.743+0000][1][safepoint    ] Safepoint "RevokeBias", Time since last: 128500 ns, Reaching safepoint: 109000 ns, At safepoint: 68100 ns, Total: 177100 ns
[2020-04-26T18:44:38.743+0000][1][safepoint    ] Safepoint "RevokeBias", Time since last: 122200 ns, Reaching safepoint: 21200 ns, At safepoint: 39600 ns, Total: 60800 ns
[2020-04-26T18:44:38.743+0000][1][safepoint    ] Safepoint "RevokeBias", Time since last: 123700 ns, Reaching safepoint: 23900 ns, At safepoint: 37200 ns, Total: 61100 ns
[2020-04-26T18:44:38.744+0000][1][safepoint    ] Safepoint "RevokeBias", Time since last: 156500 ns, Reaching safepoint: 23300 ns, At safepoint: 35700 ns, Total: 59000 ns
[2020-04-26T18:44:38.744+0000][1][safepoint    ] Safepoint "RevokeBias", Time since last: 157500 ns, Reaching safepoint: 23400 ns, At safepoint: 36600 ns, Total: 60000 ns
[2020-04-26T18:44:38.744+0000][1][safepoint    ] Safepoint "RevokeBias", Time since last: 156200 ns, Reaching safepoint: 23400 ns, At safepoint: 35000 ns, Total: 58400 ns
[2020-04-26T18:44:38.744+0000][1][safepoint    ] Safepoint "RevokeBias", Time since last: 152700 ns, Reaching safepoint: 23400 ns, At safepoint: 35300 ns, Total: 58700 ns
[2020-04-26T18:44:38.744+0000][1][safepoint    ] Safepoint "RevokeBias", Time since last: 143600 ns, Reaching safepoint: 22000 ns, At safepoint: 32700 ns, Total: 54700 ns
[2020-04-26T18:44:38.745+0000][1][safepoint    ] Safepoint "RevokeBias", Time since last: 144400 ns, Reaching safepoint: 21700 ns, At safepoint: 36400 ns, Total: 58100 ns
[2020-04-26T18:44:38.745+0000][1][safepoint    ] Safepoint "BulkRevokeBias", Time since last: 139200 ns, Reaching safepoint: 21500 ns, At safepoint: 64800 ns, Total: 86300 ns
[2020-04-26T18:44:38.745+0000][1][safepoint    ] Safepoint "RevokeBias", Time since last: 242000 ns, Reaching safepoint: 22800 ns, At safepoint: 32500 ns, Total: 55300 ns
[2020-04-26T18:44:38.745+0000][1][safepoint    ] Safepoint "RevokeBias", Time since last: 220100 ns, Reaching safepoint: 21400 ns, At safepoint: 30700 ns, Total: 52100 ns
[2020-04-26T18:44:38.746+0000][1][safepoint    ] Safepoint "RevokeBias", Time since last: 163600 ns, Reaching safepoint: 149800 ns, At safepoint: 48100 ns, Total: 197900 ns
[2020-04-26T18:44:38.746+0000][1][safepoint    ] Safepoint "RevokeBias", Time since last: 140300 ns, Reaching safepoint: 115900 ns, At safepoint: 86600 ns, Total: 202500 ns
[2020-04-26T18:44:38.746+0000][1][safepoint    ] Safepoint "RevokeBias", Time since last: 97600 ns, Reaching safepoint: 41400 ns, At safepoint: 55600 ns, Total: 97000 ns
[2020-04-26T18:44:38.747+0000][1][safepoint    ] Safepoint "RevokeBias", Time since last: 207500 ns, Reaching safepoint: 113800 ns, At safepoint: 66700 ns, Total: 180500 ns
[2020-04-26T18:44:38.747+0000][1][safepoint    ] Safepoint "RevokeBias", Time since last: 255800 ns, Reaching safepoint: 24100 ns, At safepoint: 345200 ns, Total: 369300 ns
[2020-04-26T18:44:38.748+0000][1][safepoint    ] Safepoint "RevokeBias", Time since last: 161300 ns, Reaching safepoint: 116400 ns, At safepoint: 58800 ns, Total: 175200 ns
[2020-04-26T18:44:38.748+0000][1][safepoint    ] Safepoint "RevokeBias", Time since last: 174500 ns, Reaching safepoint: 109800 ns, At safepoint: 61200 ns, Total: 171000 ns
[2020-04-26T18:44:38.748+0000][1][safepoint    ] Safepoint "RevokeBias", Time since last: 115900 ns, Reaching safepoint: 112600 ns, At safepoint: 86500 ns, Total: 199100 ns
[2020-04-26T18:44:38.749+0000][1][safepoint    ] Safepoint "RevokeBias", Time since last: 115200 ns, Reaching safepoint: 150100 ns, At safepoint: 156300 ns, Total: 306400 ns
[2020-04-26T18:44:38.749+0000][1][safepoint    ] Safepoint "RevokeBias", Time since last: 143500 ns, Reaching safepoint: 172300 ns, At safepoint: 78100 ns, Total: 250400 ns
[2020-04-26T18:44:38.750+0000][1][safepoint    ] Safepoint "RevokeBias", Time since last: 434800 ns, Reaching safepoint: 30300 ns, At safepoint: 50400 ns, Total: 80700 ns
[2020-04-26T18:44:38.751+0000][1][safepoint    ] Safepoint "RevokeBias", Time since last: 659900 ns, Reaching safepoint: 174200 ns, At safepoint: 101000 ns, Total: 275200 ns
[2020-04-26T18:44:38.751+0000][1][safepoint    ] Safepoint "RevokeBias", Time since last: 416300 ns, Reaching safepoint: 429900 ns, At safepoint: 71000 ns, Total: 500900 ns
[2020-04-26T18:44:38.752+0000][1][safepoint    ] Safepoint "RevokeBias", Time since last: 131300 ns, Reaching safepoint: 263400 ns, At safepoint: 62900 ns, Total: 326300 ns
[2020-04-26T18:44:38.753+0000][1][safepoint    ] Safepoint "RevokeBias", Time since last: 286200 ns, Reaching safepoint: 184200 ns, At safepoint: 145200 ns, Total: 329400 ns
[2020-04-26T18:44:38.755+0000][1][safepoint    ] Safepoint "RevokeBias", Time since last: 2047200 ns, Reaching safepoint: 163400 ns, At safepoint: 101100 ns, Total: 264500 ns
[2020-04-26T18:44:38.755+0000][1][safepoint    ] Safepoint "RevokeBias", Time since last: 215000 ns, Reaching safepoint: 141300 ns, At safepoint: 171400 ns, Total: 312700 ns
[2020-04-26T18:44:38.756+0000][1][safepoint    ] Safepoint "RevokeBias", Time since last: 160500 ns, Reaching safepoint: 138800 ns, At safepoint: 116700 ns, Total: 255500 ns
[2020-04-26T18:44:38.756+0000][1][safepoint    ] Safepoint "RevokeBias", Time since last: 145800 ns, Reaching safepoint: 139300 ns, At safepoint: 109500 ns, Total: 248800 ns
[2020-04-26T18:44:38.758+0000][1][safepoint    ] Safepoint "Deoptimize", Time since last: 931200 ns, Reaching safepoint: 138100 ns, At safepoint: 424800 ns, Total: 562900 ns
[2020-04-26T18:44:38.759+0000][1][safepoint    ] Safepoint "RevokeBias", Time since last: 571300 ns, Reaching safepoint: 161600 ns, At safepoint: 123000 ns, Total: 284600 ns
[2020-04-26T18:44:38.760+0000][1][safepoint    ] Safepoint "RevokeBias", Time since last: 941600 ns, Reaching safepoint: 145000 ns, At safepoint: 112200 ns, Total: 257200 ns
[2020-04-26T18:44:38.760+0000][1][safepoint    ] Safepoint "RevokeBias", Time since last: 154600 ns, Reaching safepoint: 140000 ns, At safepoint: 107600 ns, Total: 247600 ns
[2020-04-26T18:44:38.764+0000][1][safepoint    ] Safepoint "RevokeBias", Time since last: 3120100 ns, Reaching safepoint: 156000 ns, At safepoint: 103500 ns, Total: 259500 ns
[2020-04-26T18:44:38.764+0000][1][safepoint    ] Safepoint "RevokeBias", Time since last: 166000 ns, Reaching safepoint: 218000 ns, At safepoint: 136900 ns, Total: 354900 ns
[2020-04-26T18:44:38.765+0000][1][safepoint    ] Safepoint "RevokeBias", Time since last: 311600 ns, Reaching safepoint: 577700 ns, At safepoint: 114600 ns, Total: 692300 ns
[2020-04-26T18:44:38.772+0000][1][safepoint    ] Safepoint "CollectForMetadataAllocation", Time since last: 6285100 ns, Reaching safepoint: 42200 ns, At safepoint: 161700 ns, Total: 203900 ns
[2020-04-26T18:44:38.776+0000][1][safepoint    ] Safepoint "RevokeBias", Time since last: 4200500 ns, Reaching safepoint: 132700 ns, At safepoint: 65700 ns, Total: 198400 ns
[2020-04-26T18:44:38.786+0000][1][safepoint    ] Safepoint "RevokeBias", Time since last: 10118200 ns, Reaching safepoint: 129800 ns, At safepoint: 49400 ns, Total: 179200 ns
[2020-04-26T18:44:38.797+0000][1][safepoint    ] Safepoint "CollectForMetadataAllocation", Time since last: 10174500 ns, Reaching safepoint: 47200 ns, At safepoint: 179800 ns, Total: 227000 ns
[2020-04-26T18:44:38.814+0000][1][safepoint    ] Safepoint "RevokeBias", Time since last: 17551000 ns, Reaching safepoint: 47600 ns, At safepoint: 56700 ns, Total: 104300 ns
[2020-04-26T18:44:38.817+0000][1][safepoint    ] Safepoint "CollectForMetadataAllocation", Time since last: 2763100 ns, Reaching safepoint: 42500 ns, At safepoint: 165200 ns, Total: 207700 ns
[2020-04-26T18:44:38.842+0000][1][safepoint    ] Safepoint "RevokeBias", Time since last: 24541000 ns, Reaching safepoint: 65000 ns, At safepoint: 32400 ns, Total: 97400 ns
[2020-04-26T18:44:38.857+0000][1][safepoint    ] Safepoint "CollectForMetadataAllocation", Time since last: 14384700 ns, Reaching safepoint: 56500 ns, At safepoint: 200700 ns, Total: 257200 ns
[2020-04-26T18:44:38.858+0000][1][safepoint    ] Safepoint "RevokeBias", Time since last: 1574600 ns, Reaching safepoint: 49300 ns, At safepoint: 48900 ns, Total: 98200 ns
[2020-04-26T18:44:38.887+0000][1][safepoint    ] Safepoint "CollectForMetadataAllocation", Time since last: 28356300 ns, Reaching safepoint: 70100 ns, At safepoint: 117200 ns, Total: 187300 ns
[2020-04-26T18:44:38.913+0000][1][safepoint    ] Safepoint "CollectForMetadataAllocation", Time since last: 26293100 ns, Reaching safepoint: 43400 ns, At safepoint: 164800 ns, Total: 208200 ns
[2020-04-26T18:44:38.929+0000][1][safepoint    ] Safepoint "CollectForMetadataAllocation", Time since last: 15222500 ns, Reaching safepoint: 52500 ns, At safepoint: 169400 ns, Total: 221900 ns
[2020-04-26T18:44:38.932+0000][1][safepoint    ] Safepoint "RevokeBias", Time since last: 3471100 ns, Reaching safepoint: 53500 ns, At safepoint: 49800 ns, Total: 103300 ns
[2020-04-26T18:44:38.935+0000][1][safepoint    ] Safepoint "RevokeBias", Time since last: 2359700 ns, Reaching safepoint: 53700 ns, At safepoint: 50600 ns, Total: 104300 ns
[2020-04-26T18:44:38.952+0000][1][safepoint    ] Safepoint "RevokeBias", Time since last: 17383200 ns, Reaching safepoint: 262000 ns, At safepoint: 33500 ns, Total: 295500 ns
[2020-04-26T18:44:38.957+0000][1][safepoint    ] Safepoint "CollectForMetadataAllocation", Time since last: 3842000 ns, Reaching safepoint: 30900 ns, At safepoint: 350500 ns, Total: 381400 ns
[2020-04-26T18:44:38.971+0000][1][safepoint    ] Safepoint "RevokeBias", Time since last: 13988100 ns, Reaching safepoint: 40300 ns, At safepoint: 30600 ns, Total: 70900 ns
[2020-04-26T18:44:38.972+0000][1][safepoint    ] Safepoint "CollectForMetadataAllocation", Time since last: 1385100 ns, Reaching safepoint: 27500 ns, At safepoint: 106600 ns, Total: 134100 ns
[2020-04-26T18:44:38.982+0000][1][safepoint    ] Safepoint "RevokeBias", Time since last: 9356100 ns, Reaching safepoint: 32000 ns, At safepoint: 29000 ns, Total: 61000 ns
[2020-04-26T18:44:38.986+0000][1][safepoint    ] Safepoint "CollectForMetadataAllocation", Time since last: 4076200 ns, Reaching safepoint: 32600 ns, At safepoint: 148100 ns, Total: 180700 ns
[2020-04-26T18:44:39.004+0000][1][safepoint    ] Safepoint "CollectForMetadataAllocation", Time since last: 18346800 ns, Reaching safepoint: 44800 ns, At safepoint: 81100 ns, Total: 125900 ns
[2020-04-26T18:44:39.028+0000][1][safepoint    ] Safepoint "CollectForMetadataAllocation", Time since last: 23183300 ns, Reaching safepoint: 39500 ns, At safepoint: 140800 ns, Total: 180300 ns
[2020-04-26T18:44:39.034+0000][1][safepoint    ] Safepoint "RevokeBias", Time since last: 6499300 ns, Reaching safepoint: 35600 ns, At safepoint: 34900 ns, Total: 70500 ns
[2020-04-26T18:44:39.040+0000][1][safepoint    ] Safepoint "CollectForMetadataAllocation", Time since last: 5667400 ns, Reaching safepoint: 34100 ns, At safepoint: 136300 ns, Total: 170400 ns
[2020-04-26T18:44:39.050+0000][1][safepoint    ] Safepoint "CollectForMetadataAllocation", Time since last: 10095700 ns, Reaching safepoint: 79800 ns, At safepoint: 140200 ns, Total: 220000 ns
[2020-04-26T18:44:39.052+0000][1][safepoint    ] Safepoint "BulkRevokeBias", Time since last: 1318900 ns, Reaching safepoint: 17100 ns, At safepoint: 75900 ns, Total: 93000 ns
[2020-04-26T18:44:39.052+0000][1][gc           ] GC(13) Concurrent Abortable Preclean 364.585ms
[2020-04-26T18:44:39.052+0000][1][gc,cpu       ] GC(13) User=1.52s Sys=0.08s Real=0.36s
[2020-04-26T18:44:39.052+0000][1][gc,start     ] GC(13) Pause Remark
[2020-04-26T18:44:39.065+0000][1][gc           ] GC(13) Pause Remark 128M->128M(494M) 12.952ms
[2020-04-26T18:44:39.065+0000][1][gc,cpu       ] GC(13) User=0.05s Sys=0.00s Real=0.02s
[2020-04-26T18:44:39.065+0000][1][safepoint    ] Safepoint "CMS_Final_Remark", Time since last: 74400 ns, Reaching safepoint: 95600 ns, At safepoint: 13080000 ns, Total: 13175600 ns
[2020-04-26T18:44:39.065+0000][1][gc           ] GC(13) Concurrent Sweep
[2020-04-26T18:44:39.079+0000][1][gc           ] GC(13) Concurrent Sweep 14.010ms
[2020-04-26T18:44:39.079+0000][1][gc,cpu       ] GC(13) User=0.04s Sys=0.00s Real=0.01s
[2020-04-26T18:44:39.079+0000][1][gc           ] GC(13) Concurrent Reset
[2020-04-26T18:44:39.080+0000][1][gc           ] GC(13) Concurrent Reset 0.433ms
[2020-04-26T18:44:39.080+0000][1][gc,cpu       ] GC(13) User=0.00s Sys=0.00s Real=0.00s
[2020-04-26T18:44:39.080+0000][1][gc,heap      ] GC(13) Old: 47278K->47002K(349568K)
[2020-04-26T18:44:39.460+0000][1][safepoint    ] Safepoint "RevokeBias", Time since last: 393198600 ns, Reaching safepoint: 1360400 ns, At safepoint: 62600 ns, Total: 1423000 ns
[2020-04-26T18:44:39.460+0000][1][safepoint    ] Safepoint "RevokeBias", Time since last: 119000 ns, Reaching safepoint: 95200 ns, At safepoint: 50100 ns, Total: 145300 ns
[2020-04-26T18:44:39.460+0000][1][safepoint    ] Safepoint "RevokeBias", Time since last: 116200 ns, Reaching safepoint: 10100 ns, At safepoint: 48000 ns, Total: 58100 ns
[2020-04-26T18:44:39.462+0000][1][safepoint    ] Safepoint "RevokeBias", Time since last: 1998700 ns, Reaching safepoint: 15600 ns, At safepoint: 39000 ns, Total: 54600 ns
[2020-04-26T18:44:39.489+0000][1][gc,start     ] GC(14) Pause Young (Allocation Failure)
[2020-04-26T18:44:39.489+0000][1][gc,task      ] GC(14) Using 10 workers of 10 for evacuation
[2020-04-26T18:44:39.497+0000][1][gc,age       ] GC(14) Desired survivor size 8945664 bytes, new threshold 2 (max threshold 6)
[2020-04-26T18:44:39.497+0000][1][gc,age       ] GC(14) Age table with threshold 2 (max threshold 6)
[2020-04-26T18:44:39.497+0000][1][gc,age       ] GC(14) - age   1:    3482960 bytes,    3482960 total
[2020-04-26T18:44:39.497+0000][1][gc,age       ] GC(14) - age   2:    7487312 bytes,   10970272 total
[2020-04-26T18:44:39.497+0000][1][gc,heap      ] GC(14) ParNew: 151793K->16422K(157248K)
[2020-04-26T18:44:39.497+0000][1][gc,heap      ] GC(14) CMS: 47002K->49026K(349568K)
[2020-04-26T18:44:39.497+0000][1][gc,metaspace ] GC(14) Metaspace: 62845K->62845K(1107968K)
[2020-04-26T18:44:39.497+0000][1][gc           ] GC(14) Pause Young (Allocation Failure) 194M->63M(494M) 8.670ms
[2020-04-26T18:44:39.497+0000][1][gc,cpu       ] GC(14) User=0.07s Sys=0.00s Real=0.01s
[2020-04-26T18:44:39.498+0000][1][safepoint    ] Safepoint "GenCollectForAllocation", Time since last: 26356000 ns, Reaching safepoint: 49700 ns, At safepoint: 8873100 ns, Total: 8922800 ns
[2020-04-26T18:44:39.623+0000][1][safepoint    ] Safepoint "Deoptimize", Time since last: 125222000 ns, Reaching safepoint: 40700 ns, At safepoint: 316100 ns, Total: 356800 ns
[2020-04-26T18:44:39.991+0000][1][safepoint    ] Safepoint "RevokeBias", Time since last: 367795800 ns, Reaching safepoint: 136600 ns, At safepoint: 83700 ns, Total: 220300 ns
[2020-04-26T18:44:40.023+0000][1][safepoint    ] Safepoint "Deoptimize", Time since last: 31166100 ns, Reaching safepoint: 31700 ns, At safepoint: 400700 ns, Total: 432400 ns
[2020-04-26T18:44:40.065+0000][1][safepoint    ] Safepoint "BulkRevokeBias", Time since last: 41939700 ns, Reaching safepoint: 55000 ns, At safepoint: 157400 ns, Total: 212400 ns
[2020-04-26T18:44:40.066+0000][1][safepoint    ] Safepoint "RevokeBias", Time since last: 1258400 ns, Reaching safepoint: 26100 ns, At safepoint: 68900 ns, Total: 95000 ns
[2020-04-26T18:44:40.067+0000][1][safepoint    ] Safepoint "RevokeBias", Time since last: 490100 ns, Reaching safepoint: 18600 ns, At safepoint: 44500 ns, Total: 63100 ns
[2020-04-26T18:44:40.067+0000][1][safepoint    ] Safepoint "RevokeBias", Time since last: 80700 ns, Reaching safepoint: 13800 ns, At safepoint: 35900 ns, Total: 49700 ns
[2020-04-26T18:44:40.067+0000][1][safepoint    ] Safepoint "RevokeBias", Time since last: 155200 ns, Reaching safepoint: 100500 ns, At safepoint: 65700 ns, Total: 166200 ns
[2020-04-26T18:44:40.068+0000][1][safepoint    ] Safepoint "RevokeBias", Time since last: 170600 ns, Reaching safepoint: 95200 ns, At safepoint: 32700 ns, Total: 127900 ns
[2020-04-26T18:44:40.068+0000][1][safepoint    ] Safepoint "RevokeBias", Time since last: 155100 ns, Reaching safepoint: 12700 ns, At safepoint: 32300 ns, Total: 45000 ns
[2020-04-26T18:44:40.068+0000][1][safepoint    ] Safepoint "RevokeBias", Time since last: 74400 ns, Reaching safepoint: 11800 ns, At safepoint: 31500 ns, Total: 43300 ns
[2020-04-26T18:44:40.069+0000][1][safepoint    ] Safepoint "RevokeBias", Time since last: 1012000 ns, Reaching safepoint: 15100 ns, At safepoint: 37900 ns, Total: 53000 ns
[2020-04-26T18:44:40.069+0000][1][safepoint    ] Safepoint "RevokeBias", Time since last: 107700 ns, Reaching safepoint: 11700 ns, At safepoint: 33600 ns, Total: 45300 ns
[2020-04-26T18:44:40.071+0000][1][safepoint    ] Safepoint "Deoptimize", Time since last: 1835600 ns, Reaching safepoint: 13300 ns, At safepoint: 297300 ns, Total: 310600 ns
[2020-04-26T18:44:40.072+0000][1][safepoint    ] Safepoint "RevokeBias", Time since last: 336500 ns, Reaching safepoint: 10100 ns, At safepoint: 42000 ns, Total: 52100 ns
[2020-04-26T18:44:40.146+0000][1][safepoint    ] Safepoint "Deoptimize", Time since last: 73783400 ns, Reaching safepoint: 50400 ns, At safepoint: 389400 ns, Total: 439800 ns
[2020-04-26T18:44:40.216+0000][1][safepoint    ] Safepoint "Deoptimize", Time since last: 69479700 ns, Reaching safepoint: 77800 ns, At safepoint: 520500 ns, Total: 598300 ns
[2020-04-26T18:44:40.377+0000][1][safepoint    ] Safepoint "RevokeBias", Time since last: 160546100 ns, Reaching safepoint: 157800 ns, At safepoint: 63000 ns, Total: 220800 ns
[2020-04-26T18:44:40.378+0000][1][safepoint    ] Safepoint "RevokeBias", Time since last: 957600 ns, Reaching safepoint: 229700 ns, At safepoint: 89600 ns, Total: 319300 ns
[2020-04-26T18:44:40.379+0000][1][safepoint    ] Safepoint "RevokeBias", Time since last: 1226200 ns, Reaching safepoint: 114400 ns, At safepoint: 74300 ns, Total: 188700 ns
[2020-04-26T18:44:40.383+0000][1][safepoint    ] Safepoint "RevokeBias", Time since last: 3275600 ns, Reaching safepoint: 117800 ns, At safepoint: 100900 ns, Total: 218700 ns
[2020-04-26T18:44:40.385+0000][1][safepoint    ] Safepoint "RevokeBias", Time since last: 1690300 ns, Reaching safepoint: 438000 ns, At safepoint: 264900 ns, Total: 702900 ns
[2020-04-26T18:44:40.386+0000][1][safepoint    ] Safepoint "RevokeBias", Time since last: 66800 ns, Reaching safepoint: 126700 ns, At safepoint: 159800 ns, Total: 286500 ns
[2020-04-26T18:44:40.386+0000][1][safepoint    ] Safepoint "RevokeBias", Time since last: 188300 ns, Reaching safepoint: 113600 ns, At safepoint: 131700 ns, Total: 245300 ns
[2020-04-26T18:44:40.386+0000][1][safepoint    ] Safepoint "RevokeBias", Time since last: 45500 ns, Reaching safepoint: 107500 ns, At safepoint: 118100 ns, Total: 225600 ns
[2020-04-26T18:44:40.387+0000][1][safepoint    ] Safepoint "RevokeBias", Time since last: 33800 ns, Reaching safepoint: 106400 ns, At safepoint: 103400 ns, Total: 209800 ns
[2020-04-26T18:44:40.387+0000][1][safepoint    ] Safepoint "RevokeBias", Time since last: 243000 ns, Reaching safepoint: 104100 ns, At safepoint: 75100 ns, Total: 179200 ns
[2020-04-26T18:44:40.387+0000][1][safepoint    ] Safepoint "RevokeBias", Time since last: 78700 ns, Reaching safepoint: 103000 ns, At safepoint: 57700 ns, Total: 160700 ns
[2020-04-26T18:44:40.388+0000][1][safepoint    ] Safepoint "RevokeBias", Time since last: 849400 ns, Reaching safepoint: 115000 ns, At safepoint: 65700 ns, Total: 180700 ns
[2020-04-26T18:44:40.388+0000][1][safepoint    ] Safepoint "RevokeBias", Time since last: 144800 ns, Reaching safepoint: 20500 ns, At safepoint: 79900 ns, Total: 100400 ns
[2020-04-26T18:44:40.390+0000][1][safepoint    ] Safepoint "RevokeBias", Time since last: 1643500 ns, Reaching safepoint: 119100 ns, At safepoint: 138800 ns, Total: 257900 ns
[2020-04-26T18:44:40.391+0000][1][safepoint    ] Safepoint "RevokeBias", Time since last: 232900 ns, Reaching safepoint: 123100 ns, At safepoint: 155100 ns, Total: 278200 ns
[2020-04-26T18:44:40.393+0000][1][safepoint    ] Safepoint "RevokeBias", Time since last: 2112400 ns, Reaching safepoint: 132400 ns, At safepoint: 125900 ns, Total: 258300 ns
[2020-04-26T18:44:40.402+0000][1][safepoint    ] Safepoint "BulkRevokeBias", Time since last: 1005700 ns, Reaching safepoint: 7365300 ns, At safepoint: 227000 ns, Total: 7592300 ns
[2020-04-26T18:44:40.402+0000][1][safepoint    ] Safepoint "RevokeBias", Time since last: 172500 ns, Reaching safepoint: 120500 ns, At safepoint: 176500 ns, Total: 297000 ns
[2020-04-26T18:44:40.403+0000][1][safepoint    ] Safepoint "RevokeBias", Time since last: 87800 ns, Reaching safepoint: 140900 ns, At safepoint: 170500 ns, Total: 311400 ns
[2020-04-26T18:44:40.403+0000][1][safepoint    ] Safepoint "RevokeBias", Time since last: 351600 ns, Reaching safepoint: 36400 ns, At safepoint: 57400 ns, Total: 93800 ns
[2020-04-26T18:44:40.403+0000][1][safepoint    ] Safepoint "RevokeBias", Time since last: 154200 ns, Reaching safepoint: 32800 ns, At safepoint: 44700 ns, Total: 77500 ns
[2020-04-26T18:44:40.404+0000][1][safepoint    ] Safepoint "RevokeBias", Time since last: 172500 ns, Reaching safepoint: 24900 ns, At safepoint: 32600 ns, Total: 57500 ns
[2020-04-26T18:44:40.406+0000][1][safepoint    ] Safepoint "RevokeBias", Time since last: 1878000 ns, Reaching safepoint: 143600 ns, At safepoint: 166600 ns, Total: 310200 ns
[2020-04-26T18:44:40.406+0000][1][safepoint    ] Safepoint "RevokeBias", Time since last: 32100 ns, Reaching safepoint: 144600 ns, At safepoint: 180000 ns, Total: 324600 ns
[2020-04-26T18:44:40.407+0000][1][safepoint    ] Safepoint "RevokeBias", Time since last: 142300 ns, Reaching safepoint: 165200 ns, At safepoint: 126300 ns, Total: 291500 ns
[2020-04-26T18:44:40.407+0000][1][safepoint    ] Safepoint "RevokeBias", Time since last: 143100 ns, Reaching safepoint: 143100 ns, At safepoint: 110800 ns, Total: 253900 ns
[2020-04-26T18:44:40.407+0000][1][safepoint    ] Safepoint "RevokeBias", Time since last: 67500 ns, Reaching safepoint: 162500 ns, At safepoint: 150100 ns, Total: 312600 ns
[2020-04-26T18:44:40.408+0000][1][safepoint    ] Safepoint "RevokeBias", Time since last: 56200 ns, Reaching safepoint: 179200 ns, At safepoint: 143100 ns, Total: 322300 ns
[2020-04-26T18:44:40.408+0000][1][safepoint    ] Safepoint "RevokeBias", Time since last: 40900 ns, Reaching safepoint: 123100 ns, At safepoint: 93100 ns, Total: 216200 ns
[2020-04-26T18:44:40.408+0000][1][safepoint    ] Safepoint "RevokeBias", Time since last: 111400 ns, Reaching safepoint: 124000 ns, At safepoint: 84600 ns, Total: 208600 ns
[2020-04-26T18:44:40.411+0000][1][safepoint    ] Safepoint "RevokeBias", Time since last: 2239900 ns, Reaching safepoint: 204000 ns, At safepoint: 133600 ns, Total: 337600 ns
[2020-04-26T18:44:40.412+0000][1][safepoint    ] Safepoint "RevokeBias", Time since last: 921700 ns, Reaching safepoint: 135600 ns, At safepoint: 63900 ns, Total: 199500 ns
[2020-04-26T18:44:40.412+0000][1][safepoint    ] Safepoint "RevokeBias", Time since last: 130300 ns, Reaching safepoint: 113100 ns, At safepoint: 87100 ns, Total: 200200 ns
[2020-04-26T18:44:40.413+0000][1][safepoint    ] Safepoint "RevokeBias", Time since last: 60000 ns, Reaching safepoint: 79100 ns, At safepoint: 93000 ns, Total: 172100 ns
[2020-04-26T18:44:40.413+0000][1][safepoint    ] Safepoint "RevokeBias", Time since last: 39800 ns, Reaching safepoint: 122400 ns, At safepoint: 88300 ns, Total: 210700 ns
[2020-04-26T18:44:40.413+0000][1][safepoint    ] Safepoint "RevokeBias", Time since last: 74200 ns, Reaching safepoint: 21300 ns, At safepoint: 29200 ns, Total: 50500 ns
[2020-04-26T18:44:40.413+0000][1][safepoint    ] Safepoint "RevokeBias", Time since last: 112600 ns, Reaching safepoint: 20700 ns, At safepoint: 26300 ns, Total: 47000 ns
[2020-04-26T18:44:40.415+0000][1][safepoint    ] Safepoint "RevokeBias", Time since last: 2275900 ns, Reaching safepoint: 37700 ns, At safepoint: 29500 ns, Total: 67200 ns
[2020-04-26T18:44:40.416+0000][1][safepoint    ] Safepoint "RevokeBias", Time since last: 191400 ns, Reaching safepoint: 104400 ns, At safepoint: 70600 ns, Total: 175000 ns
[2020-04-26T18:44:40.416+0000][1][safepoint    ] Safepoint "RevokeBias", Time since last: 141000 ns, Reaching safepoint: 149500 ns, At safepoint: 76300 ns, Total: 225800 ns
[2020-04-26T18:44:40.417+0000][1][safepoint    ] Safepoint "RevokeBias", Time since last: 183700 ns, Reaching safepoint: 162800 ns, At safepoint: 97600 ns, Total: 260400 ns
[2020-04-26T18:44:40.417+0000][1][safepoint    ] Safepoint "RevokeBias", Time since last: 216100 ns, Reaching safepoint: 111600 ns, At safepoint: 94000 ns, Total: 205600 ns
[2020-04-26T18:44:40.418+0000][1][safepoint    ] Safepoint "RevokeBias", Time since last: 146000 ns, Reaching safepoint: 164200 ns, At safepoint: 207300 ns, Total: 371500 ns
[2020-04-26T18:44:40.419+0000][1][safepoint    ] Safepoint "RevokeBias", Time since last: 1287600 ns, Reaching safepoint: 170000 ns, At safepoint: 85500 ns, Total: 255500 ns
[2020-04-26T18:44:40.419+0000][1][safepoint    ] Safepoint "RevokeBias", Time since last: 66800 ns, Reaching safepoint: 108400 ns, At safepoint: 115500 ns, Total: 223900 ns
[2020-04-26T18:44:40.420+0000][1][safepoint    ] Safepoint "RevokeBias", Time since last: 75300 ns, Reaching safepoint: 110500 ns, At safepoint: 159600 ns, Total: 270100 ns
[2020-04-26T18:44:40.420+0000][1][safepoint    ] Safepoint "RevokeBias", Time since last: 97500 ns, Reaching safepoint: 118900 ns, At safepoint: 234200 ns, Total: 353100 ns
[2020-04-26T18:44:40.421+0000][1][safepoint    ] Safepoint "RevokeBias", Time since last: 197800 ns, Reaching safepoint: 109600 ns, At safepoint: 147400 ns, Total: 257000 ns
[2020-04-26T18:44:40.421+0000][1][safepoint    ] Safepoint "RevokeBias", Time since last: 90200 ns, Reaching safepoint: 116700 ns, At safepoint: 72900 ns, Total: 189600 ns
[2020-04-26T18:44:40.422+0000][1][safepoint    ] Safepoint "RevokeBias", Time since last: 325100 ns, Reaching safepoint: 184700 ns, At safepoint: 160000 ns, Total: 344700 ns
[2020-04-26T18:44:40.423+0000][1][safepoint    ] Safepoint "RevokeBias", Time since last: 608400 ns, Reaching safepoint: 296900 ns, At safepoint: 99000 ns, Total: 395900 ns
[2020-04-26T18:44:40.423+0000][1][safepoint    ] Safepoint "RevokeBias", Time since last: 101500 ns, Reaching safepoint: 116600 ns, At safepoint: 116600 ns, Total: 233200 ns
[2020-04-26T18:44:40.431+0000][1][safepoint    ] Safepoint "RevokeBias", Time since last: 7218300 ns, Reaching safepoint: 159600 ns, At safepoint: 198300 ns, Total: 357900 ns
[2020-04-26T18:44:40.431+0000][1][safepoint    ] Safepoint "RevokeBias", Time since last: 71200 ns, Reaching safepoint: 184800 ns, At safepoint: 148300 ns, Total: 333100 ns
[2020-04-26T18:44:40.431+0000][1][safepoint    ] Safepoint "RevokeBias", Time since last: 59000 ns, Reaching safepoint: 127700 ns, At safepoint: 183400 ns, Total: 311100 ns
[2020-04-26T18:44:40.434+0000][1][safepoint    ] Safepoint "RevokeBias", Time since last: 2067300 ns, Reaching safepoint: 149300 ns, At safepoint: 89900 ns, Total: 239200 ns
[2020-04-26T18:44:40.442+0000][1][safepoint    ] Safepoint "RevokeBias", Time since last: 7897300 ns, Reaching safepoint: 51100 ns, At safepoint: 59400 ns, Total: 110500 ns
[2020-04-26T18:44:40.447+0000][1][safepoint    ] Safepoint "ICBufferFull", Time since last: 5090700 ns, Reaching safepoint: 135100 ns, At safepoint: 93200 ns, Total: 228300 ns
[2020-04-26T18:44:40.449+0000][1][safepoint    ] Safepoint "RevokeBias", Time since last: 2247000 ns, Reaching safepoint: 152200 ns, At safepoint: 105300 ns, Total: 257500 ns
[2020-04-26T18:44:40.455+0000][1][safepoint    ] Safepoint "RevokeBias", Time since last: 5121000 ns, Reaching safepoint: 151700 ns, At safepoint: 110800 ns, Total: 262500 ns
[2020-04-26T18:44:40.456+0000][1][safepoint    ] Safepoint "RevokeBias", Time since last: 1043100 ns, Reaching safepoint: 128400 ns, At safepoint: 74000 ns, Total: 202400 ns
[2020-04-26T18:44:40.456+0000][1][safepoint    ] Safepoint "RevokeBias", Time since last: 187800 ns, Reaching safepoint: 120600 ns, At safepoint: 70500 ns, Total: 191100 ns
[2020-04-26T18:44:40.457+0000][1][safepoint    ] Safepoint "RevokeBias", Time since last: 162100 ns, Reaching safepoint: 166000 ns, At safepoint: 116600 ns, Total: 282600 ns
[2020-04-26T18:44:40.457+0000][1][safepoint    ] Safepoint "RevokeBias", Time since last: 154600 ns, Reaching safepoint: 116100 ns, At safepoint: 88900 ns, Total: 205000 ns
[2020-04-26T18:44:40.458+0000][1][safepoint    ] Safepoint "RevokeBias", Time since last: 107700 ns, Reaching safepoint: 159000 ns, At safepoint: 92100 ns, Total: 251100 ns
[2020-04-26T18:44:40.458+0000][1][safepoint    ] Safepoint "RevokeBias", Time since last: 210300 ns, Reaching safepoint: 200800 ns, At safepoint: 87700 ns, Total: 288500 ns
[2020-04-26T18:44:40.458+0000][1][safepoint    ] Safepoint "RevokeBias", Time since last: 151600 ns, Reaching safepoint: 120000 ns, At safepoint: 88100 ns, Total: 208100 ns
[2020-04-26T18:44:40.460+0000][1][safepoint    ] Safepoint "RevokeBias", Time since last: 1387700 ns, Reaching safepoint: 134100 ns, At safepoint: 89300 ns, Total: 223400 ns
[2020-04-26T18:44:40.479+0000][1][safepoint    ] Safepoint "RevokeBias", Time since last: 18604100 ns, Reaching safepoint: 136000 ns, At safepoint: 76700 ns, Total: 212700 ns
[2020-04-26T18:44:40.483+0000][1][safepoint    ] Safepoint "RevokeBias", Time since last: 3825200 ns, Reaching safepoint: 126100 ns, At safepoint: 54800 ns, Total: 180900 ns
[2020-04-26T18:44:40.484+0000][1][safepoint    ] Safepoint "RevokeBias", Time since last: 1311800 ns, Reaching safepoint: 36700 ns, At safepoint: 47000 ns, Total: 83700 ns
[2020-04-26T18:44:40.490+0000][1][safepoint    ] Safepoint "RevokeBias", Time since last: 6000700 ns, Reaching safepoint: 37200 ns, At safepoint: 55800 ns, Total: 93000 ns
[2020-04-26T18:44:40.491+0000][1][safepoint    ] Safepoint "RevokeBias", Time since last: 947100 ns, Reaching safepoint: 43400 ns, At safepoint: 36700 ns, Total: 80100 ns
[2020-04-26T18:44:40.492+0000][1][safepoint    ] Safepoint "RevokeBias", Time since last: 237800 ns, Reaching safepoint: 24600 ns, At safepoint: 34400 ns, Total: 59000 ns
[2020-04-26T18:44:40.492+0000][1][safepoint    ] Safepoint "RevokeBias", Time since last: 107600 ns, Reaching safepoint: 21600 ns, At safepoint: 37300 ns, Total: 58900 ns
[2020-04-26T18:44:40.492+0000][1][safepoint    ] Safepoint "RevokeBias", Time since last: 116100 ns, Reaching safepoint: 21500 ns, At safepoint: 32700 ns, Total: 54200 ns
[2020-04-26T18:44:40.493+0000][1][safepoint    ] Safepoint "RevokeBias", Time since last: 324900 ns, Reaching safepoint: 123300 ns, At safepoint: 47100 ns, Total: 170400 ns
[2020-04-26T18:44:40.507+0000][1][safepoint    ] Safepoint "RevokeBias", Time since last: 13959500 ns, Reaching safepoint: 44900 ns, At safepoint: 51500 ns, Total: 96400 ns
[2020-04-26T18:44:40.512+0000][1][safepoint    ] Safepoint "RevokeBias", Time since last: 5651700 ns, Reaching safepoint: 42300 ns, At safepoint: 51900 ns, Total: 94200 ns
[2020-04-26T18:44:40.522+0000][1][safepoint    ] Safepoint "RevokeBias", Time since last: 9547000 ns, Reaching safepoint: 43500 ns, At safepoint: 59900 ns, Total: 103400 ns
[2020-04-26T18:44:40.534+0000][1][safepoint    ] Safepoint "RevokeBias", Time since last: 11828600 ns, Reaching safepoint: 72000 ns, At safepoint: 115700 ns, Total: 187700 ns
[2020-04-26T18:44:40.536+0000][1][safepoint    ] Safepoint "RevokeBias", Time since last: 1549500 ns, Reaching safepoint: 39400 ns, At safepoint: 53000 ns, Total: 92400 ns
[2020-04-26T18:44:40.577+0000][1][safepoint    ] Safepoint "RevokeBias", Time since last: 41010800 ns, Reaching safepoint: 46000 ns, At safepoint: 59200 ns, Total: 105200 ns
[2020-04-26T18:44:40.577+0000][1][safepoint    ] Safepoint "RevokeBias", Time since last: 136000 ns, Reaching safepoint: 119500 ns, At safepoint: 53600 ns, Total: 173100 ns
[2020-04-26T18:44:40.577+0000][1][safepoint    ] Safepoint "RevokeBias", Time since last: 102000 ns, Reaching safepoint: 112100 ns, At safepoint: 50100 ns, Total: 162200 ns
[2020-04-26T18:44:40.578+0000][1][safepoint    ] Safepoint "RevokeBias", Time since last: 897100 ns, Reaching safepoint: 121600 ns, At safepoint: 83900 ns, Total: 205500 ns
[2020-04-26T18:44:40.579+0000][1][safepoint    ] Safepoint "RevokeBias", Time since last: 177200 ns, Reaching safepoint: 24500 ns, At safepoint: 49500 ns, Total: 74000 ns
[2020-04-26T18:44:40.579+0000][1][safepoint    ] Safepoint "RevokeBias", Time since last: 90400 ns, Reaching safepoint: 20700 ns, At safepoint: 34500 ns, Total: 55200 ns
[2020-04-26T18:44:40.579+0000][1][gc,start     ] GC(15) Pause Young (Allocation Failure)
[2020-04-26T18:44:40.579+0000][1][gc,task      ] GC(15) Using 10 workers of 10 for evacuation
[2020-04-26T18:44:40.592+0000][1][gc,age       ] GC(15) Desired survivor size 8945664 bytes, new threshold 6 (max threshold 6)
[2020-04-26T18:44:40.592+0000][1][gc,age       ] GC(15) Age table with threshold 6 (max threshold 6)
[2020-04-26T18:44:40.592+0000][1][gc,age       ] GC(15) - age   1:    5597784 bytes,    5597784 total
[2020-04-26T18:44:40.593+0000][1][gc,age       ] GC(15) - age   2:    3062560 bytes,    8660344 total
[2020-04-26T18:44:40.593+0000][1][gc,heap      ] GC(15) ParNew: 156198K->13107K(157248K)
[2020-04-26T18:44:40.593+0000][1][gc,heap      ] GC(15) CMS: 49026K->56456K(349568K)
[2020-04-26T18:44:40.593+0000][1][gc,metaspace ] GC(15) Metaspace: 75559K->75559K(1120256K)
[2020-04-26T18:44:40.593+0000][1][gc           ] GC(15) Pause Young (Allocation Failure) 200M->67M(494M) 13.458ms
[2020-04-26T18:44:40.593+0000][1][gc,cpu       ] GC(15) User=0.14s Sys=0.00s Real=0.02s
[2020-04-26T18:44:40.593+0000][1][safepoint    ] Safepoint "GenCollectForAllocation", Time since last: 109300 ns, Reaching safepoint: 108600 ns, At safepoint: 13565400 ns, Total: 13674000 ns
[2020-04-26T18:44:40.604+0000][1][safepoint    ] Safepoint "RevokeBias", Time since last: 10548500 ns, Reaching safepoint: 177400 ns, At safepoint: 131800 ns, Total: 309200 ns
[2020-04-26T18:44:40.604+0000][1][safepoint    ] Safepoint "RevokeBias", Time since last: 537500 ns, Reaching safepoint: 160000 ns, At safepoint: 173500 ns, Total: 333500 ns
[2020-04-26T18:44:40.605+0000][1][safepoint    ] Safepoint "RevokeBias", Time since last: 158600 ns, Reaching safepoint: 130700 ns, At safepoint: 104200 ns, Total: 234900 ns
[2020-04-26T18:44:40.605+0000][1][safepoint    ] Safepoint "RevokeBias", Time since last: 100700 ns, Reaching safepoint: 116800 ns, At safepoint: 112100 ns, Total: 228900 ns
[2020-04-26T18:44:40.606+0000][1][safepoint    ] Safepoint "RevokeBias", Time since last: 233400 ns, Reaching safepoint: 115500 ns, At safepoint: 103300 ns, Total: 218800 ns
[2020-04-26T18:44:40.610+0000][1][safepoint    ] Safepoint "RevokeBias", Time since last: 4553500 ns, Reaching safepoint: 100900 ns, At safepoint: 103300 ns, Total: 204200 ns
[2020-04-26T18:44:40.613+0000][1][safepoint    ] Safepoint "RevokeBias", Time since last: 2592600 ns, Reaching safepoint: 182700 ns, At safepoint: 112100 ns, Total: 294800 ns
[2020-04-26T18:44:40.615+0000][1][safepoint    ] Safepoint "RevokeBias", Time since last: 1567800 ns, Reaching safepoint: 160900 ns, At safepoint: 94400 ns, Total: 255300 ns
[2020-04-26T18:44:40.616+0000][1][safepoint    ] Safepoint "RevokeBias", Time since last: 430900 ns, Reaching safepoint: 174200 ns, At safepoint: 107400 ns, Total: 281600 ns
[2020-04-26T18:44:40.626+0000][1][safepoint    ] Safepoint "RevokeBias", Time since last: 9394600 ns, Reaching safepoint: 275000 ns, At safepoint: 113000 ns, Total: 388000 ns
[2020-04-26T18:44:40.626+0000][1][safepoint    ] Safepoint "RevokeBias", Time since last: 119600 ns, Reaching safepoint: 42400 ns, At safepoint: 65400 ns, Total: 107800 ns
[2020-04-26T18:44:40.628+0000][1][safepoint    ] Safepoint "RevokeBias", Time since last: 1837600 ns, Reaching safepoint: 48200 ns, At safepoint: 52000 ns, Total: 100200 ns
[2020-04-26T18:44:40.628+0000][1][safepoint    ] Safepoint "RevokeBias", Time since last: 112900 ns, Reaching safepoint: 31300 ns, At safepoint: 30000 ns, Total: 61300 ns
[2020-04-26T18:44:40.633+0000][1][safepoint    ] Safepoint "RevokeBias", Time since last: 5188700 ns, Reaching safepoint: 144200 ns, At safepoint: 47200 ns, Total: 191400 ns
[2020-04-26T18:44:40.640+0000][1][safepoint    ] Safepoint "RevokeBias", Time since last: 6559500 ns, Reaching safepoint: 155100 ns, At safepoint: 61000 ns, Total: 216100 ns
[2020-04-26T18:44:40.641+0000][1][safepoint    ] Safepoint "RevokeBias", Time since last: 398700 ns, Reaching safepoint: 276600 ns, At safepoint: 258300 ns, Total: 534900 ns
[2020-04-26T18:44:40.652+0000][1][safepoint    ] Safepoint "RevokeBias", Time since last: 10491000 ns, Reaching safepoint: 219800 ns, At safepoint: 202300 ns, Total: 422100 ns
[2020-04-26T18:44:40.653+0000][1][safepoint    ] Safepoint "RevokeBias", Time since last: 240100 ns, Reaching safepoint: 188900 ns, At safepoint: 233200 ns, Total: 422100 ns
[2020-04-26T18:44:40.655+0000][1][safepoint    ] Safepoint "RevokeBias", Time since last: 2042500 ns, Reaching safepoint: 45700 ns, At safepoint: 66300 ns, Total: 112000 ns
[2020-04-26T18:44:40.665+0000][1][safepoint    ] Safepoint "RevokeBias", Time since last: 10427500 ns, Reaching safepoint: 69200 ns, At safepoint: 70300 ns, Total: 139500 ns
[2020-04-26T18:44:40.683+0000][1][safepoint    ] Safepoint "RevokeBias", Time since last: 17275400 ns, Reaching safepoint: 56100 ns, At safepoint: 28700 ns, Total: 84800 ns
[2020-04-26T18:44:40.683+0000][1][safepoint    ] Safepoint "RevokeBias", Time since last: 244300 ns, Reaching safepoint: 35000 ns, At safepoint: 25300 ns, Total: 60300 ns
[2020-04-26T18:44:40.683+0000][1][safepoint    ] Safepoint "RevokeBias", Time since last: 88500 ns, Reaching safepoint: 25900 ns, At safepoint: 24800 ns, Total: 50700 ns
[2020-04-26T18:44:40.683+0000][1][safepoint    ] Safepoint "RevokeBias", Time since last: 164900 ns, Reaching safepoint: 25300 ns, At safepoint: 24100 ns, Total: 49400 ns
[2020-04-26T18:44:40.684+0000][1][safepoint    ] Safepoint "RevokeBias", Time since last: 681400 ns, Reaching safepoint: 200700 ns, At safepoint: 42100 ns, Total: 242800 ns
[2020-04-26T18:44:40.685+0000][1][safepoint    ] Safepoint "RevokeBias", Time since last: 279600 ns, Reaching safepoint: 28700 ns, At safepoint: 72000 ns, Total: 100700 ns
[2020-04-26T18:44:40.688+0000][1][safepoint    ] Safepoint "RevokeBias", Time since last: 3835500 ns, Reaching safepoint: 48300 ns, At safepoint: 28600 ns, Total: 76900 ns
[2020-04-26T18:44:40.689+0000][1][safepoint    ] Safepoint "RevokeBias", Time since last: 88300 ns, Reaching safepoint: 34700 ns, At safepoint: 24600 ns, Total: 59300 ns
[2020-04-26T18:44:40.723+0000][1][safepoint    ] Safepoint "Deoptimize", Time since last: 33543200 ns, Reaching safepoint: 63100 ns, At safepoint: 417300 ns, Total: 480400 ns
[2020-04-26T18:44:40.760+0000][1][safepoint    ] Safepoint "BulkRevokeBias", Time since last: 36849800 ns, Reaching safepoint: 74400 ns, At safepoint: 280500 ns, Total: 354900 ns
[2020-04-26T18:44:40.760+0000][1][safepoint    ] Safepoint "RevokeBias", Time since last: 115600 ns, Reaching safepoint: 40100 ns, At safepoint: 47900 ns, Total: 88000 ns
[2020-04-26T18:44:40.762+0000][1][safepoint    ] Safepoint "BulkRevokeBias", Time since last: 1873000 ns, Reaching safepoint: 38100 ns, At safepoint: 211600 ns, Total: 249700 ns
[2020-04-26T18:44:40.764+0000][1][safepoint    ] Safepoint "RevokeBias", Time since last: 2053400 ns, Reaching safepoint: 39100 ns, At safepoint: 27500 ns, Total: 66600 ns
[2020-04-26T18:44:40.765+0000][1][safepoint    ] Safepoint "RevokeBias", Time since last: 205100 ns, Reaching safepoint: 40500 ns, At safepoint: 43900 ns, Total: 84400 ns
[2020-04-26T18:44:40.770+0000][1][safepoint    ] Safepoint "RevokeBias", Time since last: 4791500 ns, Reaching safepoint: 79600 ns, At safepoint: 88100 ns, Total: 167700 ns
[2020-04-26T18:44:40.772+0000][1][safepoint    ] Safepoint "RevokeBias", Time since last: 2449400 ns, Reaching safepoint: 52900 ns, At safepoint: 46100 ns, Total: 99000 ns
[2020-04-26T18:44:40.772+0000][1][safepoint    ] Safepoint "RevokeBias", Time since last: 180100 ns, Reaching safepoint: 32500 ns, At safepoint: 38300 ns, Total: 70800 ns
[2020-04-26T18:44:40.778+0000][1][safepoint    ] Safepoint "RevokeBias", Time since last: 5232300 ns, Reaching safepoint: 103400 ns, At safepoint: 73900 ns, Total: 177300 ns
[2020-04-26T18:44:40.782+0000][1][safepoint    ] Safepoint "RevokeBias", Time since last: 3806800 ns, Reaching safepoint: 80200 ns, At safepoint: 31800 ns, Total: 112000 ns
[2020-04-26T18:44:40.782+0000][1][safepoint    ] Safepoint "RevokeBias", Time since last: 95800 ns, Reaching safepoint: 28600 ns, At safepoint: 23600 ns, Total: 52200 ns
[2020-04-26T18:44:40.782+0000][1][safepoint    ] Safepoint "RevokeBias", Time since last: 76100 ns, Reaching safepoint: 22800 ns, At safepoint: 23000 ns, Total: 45800 ns
[2020-04-26T18:44:40.782+0000][1][safepoint    ] Safepoint "RevokeBias", Time since last: 71300 ns, Reaching safepoint: 22300 ns, At safepoint: 22900 ns, Total: 45200 ns
[2020-04-26T18:44:40.782+0000][1][safepoint    ] Safepoint "RevokeBias", Time since last: 70000 ns, Reaching safepoint: 22400 ns, At safepoint: 23300 ns, Total: 45700 ns
[2020-04-26T18:44:40.782+0000][1][safepoint    ] Safepoint "RevokeBias", Time since last: 71100 ns, Reaching safepoint: 22400 ns, At safepoint: 23000 ns, Total: 45400 ns
[2020-04-26T18:44:40.782+0000][1][safepoint    ] Safepoint "RevokeBias", Time since last: 69900 ns, Reaching safepoint: 38900 ns, At safepoint: 27000 ns, Total: 65900 ns
[2020-04-26T18:44:40.783+0000][1][safepoint    ] Safepoint "RevokeBias", Time since last: 130300 ns, Reaching safepoint: 26400 ns, At safepoint: 36900 ns, Total: 63300 ns
[2020-04-26T18:44:40.796+0000][1][safepoint    ] Safepoint "RevokeBias", Time since last: 13268200 ns, Reaching safepoint: 49400 ns, At safepoint: 46100 ns, Total: 95500 ns
[2020-04-26T18:44:40.796+0000][1][safepoint    ] Safepoint "RevokeBias", Time since last: 318500 ns, Reaching safepoint: 34300 ns, At safepoint: 39300 ns, Total: 73600 ns
[2020-04-26T18:44:40.806+0000][1][safepoint    ] Safepoint "RevokeBias", Time since last: 9134200 ns, Reaching safepoint: 55400 ns, At safepoint: 55100 ns, Total: 110500 ns
[2020-04-26T18:44:40.806+0000][1][safepoint    ] Safepoint "RevokeBias", Time since last: 594600 ns, Reaching safepoint: 36500 ns, At safepoint: 24600 ns, Total: 61100 ns
[2020-04-26T18:44:40.807+0000][1][safepoint    ] Safepoint "RevokeBias", Time since last: 1051800 ns, Reaching safepoint: 49100 ns, At safepoint: 65200 ns, Total: 114300 ns
[2020-04-26T18:44:40.810+0000][1][safepoint    ] Safepoint "RevokeBias", Time since last: 2262600 ns, Reaching safepoint: 45300 ns, At safepoint: 43900 ns, Total: 89200 ns
[2020-04-26T18:44:40.831+0000][1][safepoint    ] Safepoint "RevokeBias", Time since last: 20943000 ns, Reaching safepoint: 62100 ns, At safepoint: 36500 ns, Total: 98600 ns
[2020-04-26T18:44:40.866+0000][1][safepoint    ] Safepoint "RevokeBias", Time since last: 35110300 ns, Reaching safepoint: 70600 ns, At safepoint: 38700 ns, Total: 109300 ns
[2020-04-26T18:44:40.932+0000][1][safepoint    ] Safepoint "RevokeBias", Time since last: 65817000 ns, Reaching safepoint: 97000 ns, At safepoint: 53400 ns, Total: 150400 ns
[2020-04-26T18:44:40.932+0000][1][safepoint    ] Safepoint "RevokeBias", Time since last: 202600 ns, Reaching safepoint: 58700 ns, At safepoint: 43400 ns, Total: 102100 ns
[2020-04-26T18:44:40.956+0000][1][safepoint    ] Safepoint "RevokeBias", Time since last: 23338100 ns, Reaching safepoint: 109300 ns, At safepoint: 47700 ns, Total: 157000 ns
[2020-04-26T18:44:40.956+0000][1][safepoint    ] Safepoint "RevokeBias", Time since last: 235300 ns, Reaching safepoint: 36800 ns, At safepoint: 26200 ns, Total: 63000 ns
[2020-04-26T18:44:40.963+0000][1][safepoint    ] Safepoint "RevokeBias", Time since last: 6600000 ns, Reaching safepoint: 134200 ns, At safepoint: 60900 ns, Total: 195100 ns
[2020-04-26T18:44:40.963+0000][1][safepoint    ] Safepoint "RevokeBias", Time since last: 181600 ns, Reaching safepoint: 57200 ns, At safepoint: 49900 ns, Total: 107100 ns
[2020-04-26T18:44:40.964+0000][1][safepoint    ] Safepoint "RevokeBias", Time since last: 240500 ns, Reaching safepoint: 34700 ns, At safepoint: 28000 ns, Total: 62700 ns
[2020-04-26T18:44:40.983+0000][1][safepoint    ] Safepoint "RevokeBias", Time since last: 19591400 ns, Reaching safepoint: 77300 ns, At safepoint: 77800 ns, Total: 155100 ns
[2020-04-26T18:44:40.984+0000][1][safepoint    ] Safepoint "RevokeBias", Time since last: 162600 ns, Reaching safepoint: 137100 ns, At safepoint: 61000 ns, Total: 198100 ns
[2020-04-26T18:44:40.984+0000][1][safepoint    ] Safepoint "RevokeBias", Time since last: 152800 ns, Reaching safepoint: 125100 ns, At safepoint: 44700 ns, Total: 169800 ns
[2020-04-26T18:44:40.984+0000][1][safepoint    ] Safepoint "RevokeBias", Time since last: 149600 ns, Reaching safepoint: 134600 ns, At safepoint: 84400 ns, Total: 219000 ns
[2020-04-26T18:44:40.985+0000][1][safepoint    ] Safepoint "RevokeBias", Time since last: 146200 ns, Reaching safepoint: 125300 ns, At safepoint: 43400 ns, Total: 168700 ns
[2020-04-26T18:44:40.985+0000][1][safepoint    ] Safepoint "RevokeBias", Time since last: 150900 ns, Reaching safepoint: 120500 ns, At safepoint: 43100 ns, Total: 163600 ns
[2020-04-26T18:44:40.985+0000][1][safepoint    ] Safepoint "RevokeBias", Time since last: 148800 ns, Reaching safepoint: 135300 ns, At safepoint: 43500 ns, Total: 178800 ns
[2020-04-26T18:44:40.986+0000][1][safepoint    ] Safepoint "RevokeBias", Time since last: 149300 ns, Reaching safepoint: 120900 ns, At safepoint: 43300 ns, Total: 164200 ns
[2020-04-26T18:44:41.002+0000][1][safepoint    ] Safepoint "Deoptimize", Time since last: 15503600 ns, Reaching safepoint: 48100 ns, At safepoint: 394600 ns, Total: 442700 ns
[2020-04-26T18:44:41.008+0000][1][safepoint    ] Safepoint "Deoptimize", Time since last: 6047000 ns, Reaching safepoint: 66200 ns, At safepoint: 462600 ns, Total: 528800 ns
[2020-04-26T18:44:41.034+0000][1][safepoint    ] Safepoint "Deoptimize", Time since last: 25740000 ns, Reaching safepoint: 70900 ns, At safepoint: 471600 ns, Total: 542500 ns
[2020-04-26T18:44:41.290+0000][1][safepoint    ] Safepoint "RevokeBias", Time since last: 255267100 ns, Reaching safepoint: 472000 ns, At safepoint: 49600 ns, Total: 521600 ns
[2020-04-26T18:44:41.304+0000][1][safepoint    ] Safepoint "RevokeBias", Time since last: 14221400 ns, Reaching safepoint: 58900 ns, At safepoint: 29400 ns, Total: 88300 ns
[2020-04-26T18:44:41.305+0000][1][safepoint    ] Safepoint "RevokeBias", Time since last: 242900 ns, Reaching safepoint: 36400 ns, At safepoint: 28000 ns, Total: 64400 ns
[2020-04-26T18:44:41.312+0000][1][safepoint    ] Safepoint "RevokeBias", Time since last: 7540000 ns, Reaching safepoint: 56900 ns, At safepoint: 32600 ns, Total: 89500 ns
[2020-04-26T18:44:41.392+0000][1][safepoint    ] Safepoint "RevokeBias", Time since last: 79491600 ns, Reaching safepoint: 76900 ns, At safepoint: 50200 ns, Total: 127100 ns
[2020-04-26T18:44:41.393+0000][1][safepoint    ] Safepoint "RevokeBias", Time since last: 309700 ns, Reaching safepoint: 169500 ns, At safepoint: 41200 ns, Total: 210700 ns
[2020-04-26T18:44:41.417+0000][1][safepoint    ] Safepoint "RevokeBias", Time since last: 23936700 ns, Reaching safepoint: 59800 ns, At safepoint: 30500 ns, Total: 90300 ns
[2020-04-26T18:44:41.417+0000][1][safepoint    ] Safepoint "RevokeBias", Time since last: 257000 ns, Reaching safepoint: 34900 ns, At safepoint: 27900 ns, Total: 62800 ns
[2020-04-26T18:44:41.521+0000][1][safepoint    ] Safepoint "RevokeBias", Time since last: 104476500 ns, Reaching safepoint: 78200 ns, At safepoint: 33900 ns, Total: 112100 ns
[2020-04-26T18:44:41.549+0000][1][safepoint    ] Safepoint "RevokeBias", Time since last: 26937700 ns, Reaching safepoint: 144100 ns, At safepoint: 49600 ns, Total: 193700 ns
[2020-04-26T18:44:41.550+0000][1][safepoint    ] Safepoint "RevokeBias", Time since last: 814700 ns, Reaching safepoint: 129800 ns, At safepoint: 82300 ns, Total: 212100 ns
[2020-04-26T18:44:41.550+0000][1][safepoint    ] Safepoint "RevokeBias", Time since last: 85100 ns, Reaching safepoint: 110400 ns, At safepoint: 78100 ns, Total: 188500 ns
[2020-04-26T18:44:41.557+0000][1][safepoint    ] Safepoint "RevokeBias", Time since last: 7221400 ns, Reaching safepoint: 157500 ns, At safepoint: 116100 ns, Total: 273600 ns
[2020-04-26T18:44:41.558+0000][1][safepoint    ] Safepoint "RevokeBias", Time since last: 43400 ns, Reaching safepoint: 111000 ns, At safepoint: 95000 ns, Total: 206000 ns
[2020-04-26T18:44:41.558+0000][1][safepoint    ] Safepoint "RevokeBias", Time since last: 322900 ns, Reaching safepoint: 151500 ns, At safepoint: 100000 ns, Total: 251500 ns
[2020-04-26T18:44:41.561+0000][1][safepoint    ] Safepoint "RevokeBias", Time since last: 1997500 ns, Reaching safepoint: 162500 ns, At safepoint: 117900 ns, Total: 280400 ns
[2020-04-26T18:44:41.561+0000][1][safepoint    ] Safepoint "RevokeBias", Time since last: 138400 ns, Reaching safepoint: 127800 ns, At safepoint: 67100 ns, Total: 194900 ns
[2020-04-26T18:44:41.567+0000][1][safepoint    ] Safepoint "RevokeBias", Time since last: 6339400 ns, Reaching safepoint: 153100 ns, At safepoint: 120500 ns, Total: 273600 ns
[2020-04-26T18:44:41.571+0000][1][safepoint    ] Safepoint "RevokeBias", Time since last: 3063200 ns, Reaching safepoint: 79600 ns, At safepoint: 110700 ns, Total: 190300 ns
[2020-04-26T18:44:41.571+0000][1][safepoint    ] Safepoint "RevokeBias", Time since last: 168400 ns, Reaching safepoint: 124300 ns, At safepoint: 94000 ns, Total: 218300 ns
[2020-04-26T18:44:41.590+0000][1][safepoint    ] Safepoint "RevokeBias", Time since last: 18000100 ns, Reaching safepoint: 217100 ns, At safepoint: 272600 ns, Total: 489700 ns
[2020-04-26T18:44:41.590+0000][1][safepoint    ] Safepoint "RevokeBias", Time since last: 344100 ns, Reaching safepoint: 205400 ns, At safepoint: 238400 ns, Total: 443800 ns
[2020-04-26T18:44:41.597+0000][1][gc,start     ] GC(16) Pause Young (Allocation Failure)
[2020-04-26T18:44:41.597+0000][1][gc,task      ] GC(16) Using 10 workers of 10 for evacuation
[2020-04-26T18:44:41.609+0000][1][gc,age       ] GC(16) Desired survivor size 8945664 bytes, new threshold 1 (max threshold 6)
[2020-04-26T18:44:41.609+0000][1][gc,age       ] GC(16) Age table with threshold 1 (max threshold 6)
[2020-04-26T18:44:41.609+0000][1][gc,age       ] GC(16) - age   1:   12135384 bytes,   12135384 total
[2020-04-26T18:44:41.609+0000][1][gc,age       ] GC(16) - age   2:    3281320 bytes,   15416704 total
[2020-04-26T18:44:41.609+0000][1][gc,age       ] GC(16) - age   3:    2146496 bytes,   17563200 total
[2020-04-26T18:44:41.609+0000][1][gc,heap      ] GC(16) ParNew: 152883K->17472K(157248K)
[2020-04-26T18:44:41.609+0000][1][gc,heap      ] GC(16) CMS: 56456K->66262K(349568K)
[2020-04-26T18:44:41.609+0000][1][gc,metaspace ] GC(16) Metaspace: 83268K->83268K(1126400K)
[2020-04-26T18:44:41.609+0000][1][gc           ] GC(16) Pause Young (Allocation Failure) 204M->81M(494M) 11.833ms
[2020-04-26T18:44:41.609+0000][1][gc,cpu       ] GC(16) User=0.11s Sys=0.00s Real=0.01s
[2020-04-26T18:44:41.609+0000][1][safepoint    ] Safepoint "GenCollectForAllocation", Time since last: 6526800 ns, Reaching safepoint: 362900 ns, At safepoint: 12041800 ns, Total: 12404700 ns
[2020-04-26T18:44:41.632+0000][1][safepoint    ] Safepoint "RevokeBias", Time since last: 22295800 ns, Reaching safepoint: 175000 ns, At safepoint: 121700 ns, Total: 296700 ns
[2020-04-26T18:44:41.638+0000][1][safepoint    ] Safepoint "RevokeBias", Time since last: 5359900 ns, Reaching safepoint: 169100 ns, At safepoint: 153000 ns, Total: 322100 ns
[2020-04-26T18:44:41.638+0000][1][safepoint    ] Safepoint "RevokeBias", Time since last: 144400 ns, Reaching safepoint: 136000 ns, At safepoint: 133500 ns, Total: 269500 ns
[2020-04-26T18:44:41.638+0000][1][safepoint    ] Safepoint "RevokeBias", Time since last: 108000 ns, Reaching safepoint: 129600 ns, At safepoint: 115600 ns, Total: 245200 ns
[2020-04-26T18:44:41.640+0000][1][safepoint    ] Safepoint "RevokeBias", Time since last: 1384400 ns, Reaching safepoint: 176300 ns, At safepoint: 100000 ns, Total: 276300 ns
[2020-04-26T18:44:41.641+0000][1][safepoint    ] Safepoint "RevokeBias", Time since last: 450900 ns, Reaching safepoint: 161800 ns, At safepoint: 144600 ns, Total: 306400 ns
[2020-04-26T18:44:41.647+0000][1][safepoint    ] Safepoint "RevokeBias", Time since last: 5470200 ns, Reaching safepoint: 176100 ns, At safepoint: 135900 ns, Total: 312000 ns
[2020-04-26T18:44:41.648+0000][1][safepoint    ] Safepoint "RevokeBias", Time since last: 1330400 ns, Reaching safepoint: 181800 ns, At safepoint: 101200 ns, Total: 283000 ns
[2020-04-26T18:44:41.655+0000][1][safepoint    ] Safepoint "RevokeBias", Time since last: 6409200 ns, Reaching safepoint: 157400 ns, At safepoint: 117600 ns, Total: 275000 ns
[2020-04-26T18:44:41.659+0000][1][safepoint    ] Safepoint "RevokeBias", Time since last: 4241300 ns, Reaching safepoint: 152500 ns, At safepoint: 98900 ns, Total: 251400 ns
[2020-04-26T18:44:41.662+0000][1][safepoint    ] Safepoint "RevokeBias", Time since last: 2618800 ns, Reaching safepoint: 173100 ns, At safepoint: 134700 ns, Total: 307800 ns
[2020-04-26T18:44:41.663+0000][1][safepoint    ] Safepoint "RevokeBias", Time since last: 791100 ns, Reaching safepoint: 146000 ns, At safepoint: 99200 ns, Total: 245200 ns
[2020-04-26T18:44:41.664+0000][1][safepoint    ] Safepoint "RevokeBias", Time since last: 121900 ns, Reaching safepoint: 119200 ns, At safepoint: 102400 ns, Total: 221600 ns
[2020-04-26T18:44:41.667+0000][1][safepoint    ] Safepoint "RevokeBias", Time since last: 2924900 ns, Reaching safepoint: 322000 ns, At safepoint: 71500 ns, Total: 393500 ns
[2020-04-26T18:44:41.668+0000][1][safepoint    ] Safepoint "RevokeBias", Time since last: 152200 ns, Reaching safepoint: 254800 ns, At safepoint: 166600 ns, Total: 421400 ns
[2020-04-26T18:44:41.668+0000][1][safepoint    ] Safepoint "RevokeBias", Time since last: 241900 ns, Reaching safepoint: 446000 ns, At safepoint: 177800 ns, Total: 623800 ns
[2020-04-26T18:44:41.669+0000][1][safepoint    ] Safepoint "RevokeBias", Time since last: 195300 ns, Reaching safepoint: 493300 ns, At safepoint: 194200 ns, Total: 687500 ns
[2020-04-26T18:44:41.670+0000][1][safepoint    ] Safepoint "RevokeBias", Time since last: 60200 ns, Reaching safepoint: 262400 ns, At safepoint: 181300 ns, Total: 443700 ns
[2020-04-26T18:44:41.670+0000][1][safepoint    ] Safepoint "RevokeBias", Time since last: 111700 ns, Reaching safepoint: 130200 ns, At safepoint: 153300 ns, Total: 283500 ns
[2020-04-26T18:44:41.671+0000][1][safepoint    ] Safepoint "RevokeBias", Time since last: 43300 ns, Reaching safepoint: 135500 ns, At safepoint: 162800 ns, Total: 298300 ns
[2020-04-26T18:44:41.672+0000][1][safepoint    ] Safepoint "RevokeBias", Time since last: 699400 ns, Reaching safepoint: 146300 ns, At safepoint: 122900 ns, Total: 269200 ns
[2020-04-26T18:44:41.719+0000][1][safepoint    ] Safepoint "RevokeBias", Time since last: 47862000 ns, Reaching safepoint: 78900 ns, At safepoint: 45200 ns, Total: 124100 ns
[2020-04-26T18:44:42.375+0000][1][safepoint    ] Safepoint "RevokeBias", Time since last: 655142300 ns, Reaching safepoint: 67600 ns, At safepoint: 34100 ns, Total: 101700 ns
[2020-04-26T18:44:42.375+0000][1][safepoint    ] Safepoint "RevokeBias", Time since last: 591900 ns, Reaching safepoint: 48700 ns, At safepoint: 30800 ns, Total: 79500 ns
[2020-04-26T18:44:42.376+0000][1][safepoint    ] Safepoint "RevokeBias", Time since last: 167000 ns, Reaching safepoint: 24100 ns, At safepoint: 29100 ns, Total: 53200 ns
[2020-04-26T18:44:42.376+0000][1][safepoint    ] Safepoint "RevokeBias", Time since last: 157200 ns, Reaching safepoint: 23800 ns, At safepoint: 29200 ns, Total: 53000 ns
[2020-04-26T18:44:42.376+0000][1][safepoint    ] Safepoint "RevokeBias", Time since last: 161500 ns, Reaching safepoint: 23700 ns, At safepoint: 29000 ns, Total: 52700 ns
[2020-04-26T18:44:42.376+0000][1][safepoint    ] Safepoint "RevokeBias", Time since last: 157400 ns, Reaching safepoint: 23700 ns, At safepoint: 29100 ns, Total: 52800 ns
[2020-04-26T18:44:42.376+0000][1][safepoint    ] Safepoint "RevokeBias", Time since last: 165600 ns, Reaching safepoint: 23800 ns, At safepoint: 29200 ns, Total: 53000 ns
[2020-04-26T18:44:42.377+0000][1][safepoint    ] Safepoint "RevokeBias", Time since last: 161100 ns, Reaching safepoint: 23800 ns, At safepoint: 28900 ns, Total: 52700 ns
[2020-04-26T18:44:42.377+0000][1][safepoint    ] Safepoint "RevokeBias", Time since last: 221500 ns, Reaching safepoint: 24700 ns, At safepoint: 29800 ns, Total: 54500 ns
[2020-04-26T18:44:42.377+0000][1][safepoint    ] Safepoint "RevokeBias", Time since last: 169900 ns, Reaching safepoint: 24300 ns, At safepoint: 29200 ns, Total: 53500 ns
[2020-04-26T18:44:42.377+0000][1][safepoint    ] Safepoint "RevokeBias", Time since last: 167000 ns, Reaching safepoint: 23900 ns, At safepoint: 28400 ns, Total: 52300 ns
[2020-04-26T18:44:42.378+0000][1][safepoint    ] Safepoint "RevokeBias", Time since last: 162000 ns, Reaching safepoint: 23800 ns, At safepoint: 28900 ns, Total: 52700 ns
[2020-04-26T18:44:42.489+0000][1][safepoint    ] Safepoint "RevokeBias", Time since last: 111641500 ns, Reaching safepoint: 56600 ns, At safepoint: 67900 ns, Total: 124500 ns
[2020-04-26T18:44:42.490+0000][1][safepoint    ] Safepoint "RevokeBias", Time since last: 268400 ns, Reaching safepoint: 34100 ns, At safepoint: 30700 ns, Total: 64800 ns
[2020-04-26T18:44:42.490+0000][1][safepoint    ] Safepoint "RevokeBias", Time since last: 170000 ns, Reaching safepoint: 23900 ns, At safepoint: 29800 ns, Total: 53700 ns
[2020-04-26T18:44:42.500+0000][1][safepoint    ] Safepoint "RevokeBias", Time since last: 10393500 ns, Reaching safepoint: 56200 ns, At safepoint: 44700 ns, Total: 100900 ns
[2020-04-26T18:44:42.501+0000][1][safepoint    ] Safepoint "RevokeBias", Time since last: 199100 ns, Reaching safepoint: 30000 ns, At safepoint: 29700 ns, Total: 59700 ns
[2020-04-26T18:44:42.501+0000][1][safepoint    ] Safepoint "RevokeBias", Time since last: 169100 ns, Reaching safepoint: 23700 ns, At safepoint: 29000 ns, Total: 52700 ns
[2020-04-26T18:44:42.516+0000][1][safepoint    ] Safepoint "RevokeBias", Time since last: 14589900 ns, Reaching safepoint: 53200 ns, At safepoint: 35900 ns, Total: 89100 ns
[2020-04-26T18:44:42.516+0000][1][safepoint    ] Safepoint "RevokeBias", Time since last: 208500 ns, Reaching safepoint: 29300 ns, At safepoint: 30300 ns, Total: 59600 ns
[2020-04-26T18:44:42.516+0000][1][safepoint    ] Safepoint "RevokeBias", Time since last: 169800 ns, Reaching safepoint: 24000 ns, At safepoint: 29100 ns, Total: 53100 ns
[2020-04-26T18:44:42.516+0000][1][safepoint    ] Safepoint "RevokeBias", Time since last: 155900 ns, Reaching safepoint: 23800 ns, At safepoint: 29300 ns, Total: 53100 ns
[2020-04-26T18:44:42.714+0000][1][safepoint    ] Safepoint "RevokeBias", Time since last: 197949800 ns, Reaching safepoint: 50400 ns, At safepoint: 33900 ns, Total: 84300 ns
[2020-04-26T18:44:42.715+0000][1][safepoint    ] Safepoint "RevokeBias", Time since last: 173300 ns, Reaching safepoint: 36700 ns, At safepoint: 30500 ns, Total: 67200 ns
[2020-04-26T18:44:42.715+0000][1][safepoint    ] Safepoint "RevokeBias", Time since last: 186400 ns, Reaching safepoint: 75900 ns, At safepoint: 85600 ns, Total: 161500 ns
[2020-04-26T18:44:42.715+0000][1][safepoint    ] Safepoint "RevokeBias", Time since last: 232800 ns, Reaching safepoint: 23800 ns, At safepoint: 29200 ns, Total: 53000 ns
[2020-04-26T18:44:43.715+0000][1][safepoint    ] Safepoint "Cleanup", Time since last: 1000159100 ns, Reaching safepoint: 65100 ns, At safepoint: 28600 ns, Total: 93700 ns
[2020-04-26T18:44:45.716+0000][1][safepoint    ] Safepoint "Cleanup", Time since last: 2000301700 ns, Reaching safepoint: 75900 ns, At safepoint: 30800 ns, Total: 106700 ns
[2020-04-26T18:44:50.717+0000][1][safepoint    ] Safepoint "Cleanup", Time since last: 5000726700 ns, Reaching safepoint: 75200 ns, At safepoint: 31200 ns, Total: 106400 ns
[2020-04-26T18:44:51.717+0000][1][safepoint    ] Safepoint "Cleanup", Time since last: 1000175700 ns, Reaching safepoint: 83200 ns, At safepoint: 31400 ns, Total: 114600 ns
[2020-04-26T18:44:53.717+0000][1][safepoint    ] Safepoint "Cleanup", Time since last: 2000257800 ns, Reaching safepoint: 63600 ns, At safepoint: 27200 ns, Total: 90800 ns
[2020-04-26T18:44:54.718+0000][1][safepoint    ] Safepoint "Cleanup", Time since last: 1000172400 ns, Reaching safepoint: 67300 ns, At safepoint: 28000 ns, Total: 95300 ns
[2020-04-26T18:44:54.947+0000][1][safepoint    ] Safepoint "RevokeBias", Time since last: 228645300 ns, Reaching safepoint: 345900 ns, At safepoint: 64000 ns, Total: 409900 ns
[2020-04-26T18:44:54.947+0000][1][safepoint    ] Safepoint "RevokeBias", Time since last: 244000 ns, Reaching safepoint: 185800 ns, At safepoint: 103000 ns, Total: 288800 ns
[2020-04-26T18:44:54.948+0000][1][safepoint    ] Safepoint "RevokeBias", Time since last: 566800 ns, Reaching safepoint: 134400 ns, At safepoint: 42800 ns, Total: 177200 ns
[2020-04-26T18:44:54.949+0000][1][safepoint    ] Safepoint "RevokeBias", Time since last: 1300100 ns, Reaching safepoint: 123300 ns, At safepoint: 84600 ns, Total: 207900 ns
[2020-04-26T18:44:54.950+0000][1][safepoint    ] Safepoint "RevokeBias", Time since last: 358600 ns, Reaching safepoint: 35100 ns, At safepoint: 33600 ns, Total: 68700 ns
[2020-04-26T18:44:54.952+0000][1][safepoint    ] Safepoint "RevokeBias", Time since last: 2528000 ns, Reaching safepoint: 33000 ns, At safepoint: 42000 ns, Total: 75000 ns
[2020-04-26T18:44:54.953+0000][1][safepoint    ] Safepoint "RevokeBias", Time since last: 272400 ns, Reaching safepoint: 79300 ns, At safepoint: 37800 ns, Total: 117100 ns
[2020-04-26T18:44:54.957+0000][1][safepoint    ] Safepoint "RevokeBias", Time since last: 3556600 ns, Reaching safepoint: 148900 ns, At safepoint: 707000 ns, Total: 855900 ns
[2020-04-26T18:44:54.966+0000][1][safepoint    ] Safepoint "Deoptimize", Time since last: 7922900 ns, Reaching safepoint: 55000 ns, At safepoint: 416900 ns, Total: 471900 ns
[2020-04-26T18:44:54.970+0000][1][safepoint    ] Safepoint "RevokeBias", Time since last: 4387200 ns, Reaching safepoint: 132300 ns, At safepoint: 34700 ns, Total: 167000 ns
[2020-04-26T18:44:54.978+0000][1][safepoint    ] Safepoint "BulkRevokeBias", Time since last: 7230500 ns, Reaching safepoint: 62100 ns, At safepoint: 555400 ns, Total: 617500 ns
[2020-04-26T18:44:54.983+0000][1][safepoint    ] Safepoint "Deoptimize", Time since last: 4526800 ns, Reaching safepoint: 209400 ns, At safepoint: 433700 ns, Total: 643100 ns
[2020-04-26T18:44:54.990+0000][1][safepoint    ] Safepoint "RevokeBias", Time since last: 6834300 ns, Reaching safepoint: 176000 ns, At safepoint: 89000 ns, Total: 265000 ns
[2020-04-26T18:44:54.996+0000][1][safepoint    ] Safepoint "RevokeBias", Time since last: 5529600 ns, Reaching safepoint: 155000 ns, At safepoint: 107100 ns, Total: 262100 ns
[2020-04-26T18:44:54.997+0000][1][safepoint    ] Safepoint "RevokeBias", Time since last: 584500 ns, Reaching safepoint: 146800 ns, At safepoint: 101800 ns, Total: 248600 ns
[2020-04-26T18:44:54.999+0000][1][safepoint    ] Safepoint "RevokeBias", Time since last: 1285300 ns, Reaching safepoint: 489300 ns, At safepoint: 86600 ns, Total: 575900 ns
[2020-04-26T18:44:55.000+0000][1][safepoint    ] Safepoint "RevokeBias", Time since last: 511200 ns, Reaching safepoint: 131700 ns, At safepoint: 109500 ns, Total: 241200 ns
[2020-04-26T18:44:55.001+0000][1][safepoint    ] Safepoint "RevokeBias", Time since last: 821500 ns, Reaching safepoint: 198200 ns, At safepoint: 89000 ns, Total: 287200 ns
[2020-04-26T18:44:55.001+0000][1][safepoint    ] Safepoint "RevokeBias", Time since last: 247400 ns, Reaching safepoint: 131100 ns, At safepoint: 96600 ns, Total: 227700 ns
[2020-04-26T18:44:55.002+0000][1][safepoint    ] Safepoint "RevokeBias", Time since last: 223600 ns, Reaching safepoint: 152500 ns, At safepoint: 130600 ns, Total: 283100 ns
[2020-04-26T18:44:55.002+0000][1][safepoint    ] Safepoint "RevokeBias", Time since last: 177100 ns, Reaching safepoint: 152900 ns, At safepoint: 113000 ns, Total: 265900 ns
[2020-04-26T18:44:55.003+0000][1][safepoint    ] Safepoint "RevokeBias", Time since last: 264500 ns, Reaching safepoint: 159400 ns, At safepoint: 116200 ns, Total: 275600 ns
[2020-04-26T18:44:55.003+0000][1][safepoint    ] Safepoint "RevokeBias", Time since last: 147000 ns, Reaching safepoint: 130400 ns, At safepoint: 104800 ns, Total: 235200 ns
[2020-04-26T18:44:55.003+0000][1][safepoint    ] Safepoint "RevokeBias", Time since last: 149400 ns, Reaching safepoint: 123400 ns, At safepoint: 130200 ns, Total: 253600 ns
[2020-04-26T18:44:55.004+0000][1][safepoint    ] Safepoint "RevokeBias", Time since last: 169000 ns, Reaching safepoint: 186900 ns, At safepoint: 112400 ns, Total: 299300 ns
[2020-04-26T18:44:55.004+0000][1][safepoint    ] Safepoint "RevokeBias", Time since last: 327800 ns, Reaching safepoint: 132500 ns, At safepoint: 91900 ns, Total: 224400 ns
[2020-04-26T18:44:55.005+0000][1][safepoint    ] Safepoint "RevokeBias", Time since last: 153300 ns, Reaching safepoint: 138700 ns, At safepoint: 98800 ns, Total: 237500 ns
[2020-04-26T18:44:55.005+0000][1][safepoint    ] Safepoint "RevokeBias", Time since last: 139300 ns, Reaching safepoint: 116300 ns, At safepoint: 55100 ns, Total: 171400 ns
[2020-04-26T18:44:55.006+0000][1][safepoint    ] Safepoint "RevokeBias", Time since last: 165200 ns, Reaching safepoint: 117400 ns, At safepoint: 87900 ns, Total: 205300 ns
[2020-04-26T18:44:55.006+0000][1][safepoint    ] Safepoint "RevokeBias", Time since last: 190700 ns, Reaching safepoint: 126400 ns, At safepoint: 56200 ns, Total: 182600 ns
[2020-04-26T18:44:55.006+0000][1][safepoint    ] Safepoint "RevokeBias", Time since last: 273800 ns, Reaching safepoint: 118000 ns, At safepoint: 55700 ns, Total: 173700 ns
[2020-04-26T18:44:55.007+0000][1][safepoint    ] Safepoint "RevokeBias", Time since last: 166200 ns, Reaching safepoint: 116700 ns, At safepoint: 42400 ns, Total: 159100 ns
[2020-04-26T18:44:55.007+0000][1][safepoint    ] Safepoint "RevokeBias", Time since last: 192500 ns, Reaching safepoint: 116400 ns, At safepoint: 42600 ns, Total: 159000 ns
[2020-04-26T18:44:55.007+0000][1][safepoint    ] Safepoint "RevokeBias", Time since last: 237500 ns, Reaching safepoint: 116400 ns, At safepoint: 43100 ns, Total: 159500 ns
[2020-04-26T18:44:55.008+0000][1][safepoint    ] Safepoint "RevokeBias", Time since last: 341400 ns, Reaching safepoint: 119200 ns, At safepoint: 56700 ns, Total: 175900 ns
[2020-04-26T18:44:55.008+0000][1][safepoint    ] Safepoint "RevokeBias", Time since last: 177400 ns, Reaching safepoint: 116800 ns, At safepoint: 55500 ns, Total: 172300 ns
[2020-04-26T18:44:55.009+0000][1][safepoint    ] Safepoint "RevokeBias", Time since last: 162800 ns, Reaching safepoint: 116300 ns, At safepoint: 55900 ns, Total: 172200 ns
[2020-04-26T18:44:55.009+0000][1][safepoint    ] Safepoint "RevokeBias", Time since last: 163500 ns, Reaching safepoint: 132200 ns, At safepoint: 79500 ns, Total: 211700 ns
[2020-04-26T18:44:55.009+0000][1][safepoint    ] Safepoint "RevokeBias", Time since last: 177400 ns, Reaching safepoint: 116100 ns, At safepoint: 83000 ns, Total: 199100 ns
[2020-04-26T18:44:55.010+0000][1][safepoint    ] Safepoint "RevokeBias", Time since last: 255300 ns, Reaching safepoint: 117800 ns, At safepoint: 70500 ns, Total: 188300 ns
[2020-04-26T18:44:55.010+0000][1][safepoint    ] Safepoint "RevokeBias", Time since last: 249300 ns, Reaching safepoint: 116300 ns, At safepoint: 41600 ns, Total: 157900 ns
[2020-04-26T18:44:55.011+0000][1][safepoint    ] Safepoint "RevokeBias", Time since last: 230300 ns, Reaching safepoint: 29900 ns, At safepoint: 42900 ns, Total: 72800 ns
[2020-04-26T18:44:55.011+0000][1][safepoint    ] Safepoint "RevokeBias", Time since last: 180900 ns, Reaching safepoint: 30000 ns, At safepoint: 43200 ns, Total: 73200 ns
[2020-04-26T18:44:55.011+0000][1][safepoint    ] Safepoint "RevokeBias", Time since last: 157900 ns, Reaching safepoint: 30300 ns, At safepoint: 56400 ns, Total: 86700 ns
[2020-04-26T18:44:55.011+0000][1][safepoint    ] Safepoint "RevokeBias", Time since last: 177000 ns, Reaching safepoint: 116400 ns, At safepoint: 54500 ns, Total: 170900 ns
[2020-04-26T18:44:55.012+0000][1][safepoint    ] Safepoint "RevokeBias", Time since last: 167900 ns, Reaching safepoint: 30100 ns, At safepoint: 50800 ns, Total: 80900 ns
[2020-04-26T18:44:55.012+0000][1][safepoint    ] Safepoint "RevokeBias", Time since last: 166100 ns, Reaching safepoint: 50000 ns, At safepoint: 43700 ns, Total: 93700 ns
[2020-04-26T18:44:55.012+0000][1][safepoint    ] Safepoint "RevokeBias", Time since last: 169400 ns, Reaching safepoint: 29800 ns, At safepoint: 44400 ns, Total: 74200 ns
[2020-04-26T18:44:55.012+0000][1][safepoint    ] Safepoint "RevokeBias", Time since last: 252600 ns, Reaching safepoint: 30200 ns, At safepoint: 74100 ns, Total: 104300 ns
[2020-04-26T18:44:55.013+0000][1][safepoint    ] Safepoint "RevokeBias", Time since last: 146800 ns, Reaching safepoint: 116200 ns, At safepoint: 55500 ns, Total: 171700 ns
[2020-04-26T18:44:55.013+0000][1][safepoint    ] Safepoint "RevokeBias", Time since last: 241600 ns, Reaching safepoint: 116900 ns, At safepoint: 43000 ns, Total: 159900 ns
[2020-04-26T18:44:55.013+0000][1][safepoint    ] Safepoint "RevokeBias", Time since last: 173300 ns, Reaching safepoint: 30700 ns, At safepoint: 44600 ns, Total: 75300 ns
[2020-04-26T18:44:55.014+0000][1][safepoint    ] Safepoint "RevokeBias", Time since last: 173900 ns, Reaching safepoint: 117300 ns, At safepoint: 68900 ns, Total: 186200 ns
[2020-04-26T18:44:55.015+0000][1][safepoint    ] Safepoint "BulkRevokeBias", Time since last: 195600 ns, Reaching safepoint: 32600 ns, At safepoint: 829900 ns, Total: 862500 ns
[2020-04-26T18:44:55.016+0000][1][safepoint    ] Safepoint "RevokeBias", Time since last: 410400 ns, Reaching safepoint: 130700 ns, At safepoint: 133400 ns, Total: 264100 ns
[2020-04-26T18:44:55.016+0000][1][safepoint    ] Safepoint "RevokeBias", Time since last: 269600 ns, Reaching safepoint: 174300 ns, At safepoint: 180000 ns, Total: 354300 ns
[2020-04-26T18:44:55.017+0000][1][safepoint    ] Safepoint "RevokeBias", Time since last: 1057800 ns, Reaching safepoint: 167000 ns, At safepoint: 91400 ns, Total: 258400 ns
[2020-04-26T18:44:55.018+0000][1][safepoint    ] Safepoint "RevokeBias", Time since last: 164800 ns, Reaching safepoint: 147400 ns, At safepoint: 100600 ns, Total: 248000 ns
[2020-04-26T18:44:55.018+0000][1][safepoint    ] Safepoint "RevokeBias", Time since last: 241800 ns, Reaching safepoint: 134700 ns, At safepoint: 117400 ns, Total: 252100 ns
[2020-04-26T18:44:55.019+0000][1][safepoint    ] Safepoint "RevokeBias", Time since last: 240900 ns, Reaching safepoint: 139800 ns, At safepoint: 106700 ns, Total: 246500 ns
[2020-04-26T18:44:55.019+0000][1][safepoint    ] Safepoint "RevokeBias", Time since last: 217300 ns, Reaching safepoint: 138700 ns, At safepoint: 125200 ns, Total: 263900 ns
[2020-04-26T18:44:55.020+0000][1][safepoint    ] Safepoint "RevokeBias", Time since last: 227100 ns, Reaching safepoint: 126000 ns, At safepoint: 123200 ns, Total: 249200 ns
[2020-04-26T18:44:55.021+0000][1][safepoint    ] Safepoint "RevokeBias", Time since last: 150200 ns, Reaching safepoint: 712800 ns, At safepoint: 117100 ns, Total: 829900 ns
[2020-04-26T18:44:55.021+0000][1][safepoint    ] Safepoint "RevokeBias", Time since last: 205800 ns, Reaching safepoint: 128300 ns, At safepoint: 116500 ns, Total: 244800 ns
[2020-04-26T18:44:55.022+0000][1][safepoint    ] Safepoint "RevokeBias", Time since last: 219900 ns, Reaching safepoint: 132300 ns, At safepoint: 101700 ns, Total: 234000 ns
[2020-04-26T18:44:55.022+0000][1][safepoint    ] Safepoint "RevokeBias", Time since last: 182800 ns, Reaching safepoint: 126100 ns, At safepoint: 101700 ns, Total: 227800 ns
[2020-04-26T18:44:55.023+0000][1][safepoint    ] Safepoint "RevokeBias", Time since last: 215000 ns, Reaching safepoint: 228600 ns, At safepoint: 77400 ns, Total: 306000 ns
[2020-04-26T18:44:55.023+0000][1][safepoint    ] Safepoint "RevokeBias", Time since last: 190800 ns, Reaching safepoint: 172300 ns, At safepoint: 104900 ns, Total: 277200 ns
[2020-04-26T18:44:55.024+0000][1][safepoint    ] Safepoint "RevokeBias", Time since last: 224200 ns, Reaching safepoint: 134100 ns, At safepoint: 130600 ns, Total: 264700 ns
[2020-04-26T18:44:55.024+0000][1][safepoint    ] Safepoint "RevokeBias", Time since last: 205900 ns, Reaching safepoint: 135900 ns, At safepoint: 120800 ns, Total: 256700 ns
[2020-04-26T18:44:55.024+0000][1][safepoint    ] Safepoint "RevokeBias", Time since last: 143500 ns, Reaching safepoint: 119100 ns, At safepoint: 140600 ns, Total: 259700 ns
[2020-04-26T18:44:55.025+0000][1][safepoint    ] Safepoint "RevokeBias", Time since last: 195400 ns, Reaching safepoint: 121200 ns, At safepoint: 120700 ns, Total: 241900 ns
[2020-04-26T18:44:55.025+0000][1][safepoint    ] Safepoint "RevokeBias", Time since last: 261900 ns, Reaching safepoint: 123200 ns, At safepoint: 120200 ns, Total: 243400 ns
[2020-04-26T18:44:55.026+0000][1][safepoint    ] Safepoint "RevokeBias", Time since last: 278700 ns, Reaching safepoint: 149600 ns, At safepoint: 152800 ns, Total: 302400 ns
[2020-04-26T18:44:55.028+0000][1][safepoint    ] Safepoint "BulkRevokeBias", Time since last: 174000 ns, Reaching safepoint: 125400 ns, At safepoint: 1634800 ns, Total: 1760200 ns
[2020-04-26T18:44:55.029+0000][1][safepoint    ] Safepoint "RevokeBias", Time since last: 289200 ns, Reaching safepoint: 131700 ns, At safepoint: 135500 ns, Total: 267200 ns
[2020-04-26T18:44:55.029+0000][1][safepoint    ] Safepoint "RevokeBias", Time since last: 206500 ns, Reaching safepoint: 126100 ns, At safepoint: 150000 ns, Total: 276100 ns
[2020-04-26T18:44:55.029+0000][1][safepoint    ] Safepoint "RevokeBias", Time since last: 149200 ns, Reaching safepoint: 123100 ns, At safepoint: 124800 ns, Total: 247900 ns
[2020-04-26T18:44:55.031+0000][1][safepoint    ] Safepoint "RevokeBias", Time since last: 1259200 ns, Reaching safepoint: 128000 ns, At safepoint: 108200 ns, Total: 236200 ns
[2020-04-26T18:44:55.040+0000][1][safepoint    ] Safepoint "RevokeBias", Time since last: 8467100 ns, Reaching safepoint: 187600 ns, At safepoint: 89000 ns, Total: 276600 ns
[2020-04-26T18:44:55.040+0000][1][safepoint    ] Safepoint "RevokeBias", Time since last: 288500 ns, Reaching safepoint: 181300 ns, At safepoint: 106200 ns, Total: 287500 ns
[2020-04-26T18:44:55.045+0000][1][safepoint    ] Safepoint "RevokeBias", Time since last: 4542500 ns, Reaching safepoint: 75900 ns, At safepoint: 39800 ns, Total: 115700 ns
[2020-04-26T18:44:55.045+0000][1][safepoint    ] Safepoint "RevokeBias", Time since last: 246200 ns, Reaching safepoint: 174300 ns, At safepoint: 61400 ns, Total: 235700 ns
[2020-04-26T18:44:55.046+0000][1][safepoint    ] Safepoint "RevokeBias", Time since last: 172900 ns, Reaching safepoint: 439200 ns, At safepoint: 118400 ns, Total: 557600 ns
[2020-04-26T18:44:55.046+0000][1][safepoint    ] Safepoint "RevokeBias", Time since last: 175700 ns, Reaching safepoint: 117300 ns, At safepoint: 69900 ns, Total: 187200 ns
[2020-04-26T18:44:55.047+0000][1][safepoint    ] Safepoint "RevokeBias", Time since last: 171900 ns, Reaching safepoint: 121900 ns, At safepoint: 44200 ns, Total: 166100 ns
[2020-04-26T18:44:55.047+0000][1][safepoint    ] Safepoint "RevokeBias", Time since last: 170600 ns, Reaching safepoint: 167500 ns, At safepoint: 110300 ns, Total: 277800 ns
[2020-04-26T18:44:55.048+0000][1][safepoint    ] Safepoint "BulkRevokeBias", Time since last: 153900 ns, Reaching safepoint: 217600 ns, At safepoint: 331000 ns, Total: 548600 ns
[2020-04-26T18:44:55.057+0000][1][safepoint    ] Safepoint "RevokeBias", Time since last: 8796900 ns, Reaching safepoint: 86400 ns, At safepoint: 71000 ns, Total: 157400 ns
[2020-04-26T18:44:55.067+0000][1][safepoint    ] Safepoint "RevokeBias", Time since last: 9347600 ns, Reaching safepoint: 207900 ns, At safepoint: 84000 ns, Total: 291900 ns
[2020-04-26T18:44:55.085+0000][1][safepoint    ] Safepoint "RevokeBias", Time since last: 18002000 ns, Reaching safepoint: 159500 ns, At safepoint: 119800 ns, Total: 279300 ns
[2020-04-26T18:44:55.086+0000][1][safepoint    ] Safepoint "RevokeBias", Time since last: 565000 ns, Reaching safepoint: 131400 ns, At safepoint: 57600 ns, Total: 189000 ns
[2020-04-26T18:44:55.086+0000][1][safepoint    ] Safepoint "RevokeBias", Time since last: 158300 ns, Reaching safepoint: 121500 ns, At safepoint: 60000 ns, Total: 181500 ns
[2020-04-26T18:44:55.086+0000][1][safepoint    ] Safepoint "RevokeBias", Time since last: 153800 ns, Reaching safepoint: 119900 ns, At safepoint: 71200 ns, Total: 191100 ns
[2020-04-26T18:44:55.087+0000][1][safepoint    ] Safepoint "RevokeBias", Time since last: 1124800 ns, Reaching safepoint: 56700 ns, At safepoint: 68900 ns, Total: 125600 ns
[2020-04-26T18:44:56.088+0000][1][safepoint    ] Safepoint "Cleanup", Time since last: 1000129600 ns, Reaching safepoint: 77400 ns, At safepoint: 25500 ns, Total: 102900 ns
[2020-04-26T18:44:57.316+0000][1][safepoint    ] Safepoint "RevokeBias", Time since last: 1228484600 ns, Reaching safepoint: 191100 ns, At safepoint: 52000 ns, Total: 243100 ns
[2020-04-26T18:44:57.317+0000][1][safepoint    ] Safepoint "RevokeBias", Time since last: 214600 ns, Reaching safepoint: 142900 ns, At safepoint: 50700 ns, Total: 193600 ns
[2020-04-26T18:44:57.317+0000][1][safepoint    ] Safepoint "RevokeBias", Time since last: 191700 ns, Reaching safepoint: 173700 ns, At safepoint: 142400 ns, Total: 316100 ns
[2020-04-26T18:44:57.320+0000][1][safepoint    ] Safepoint "RevokeBias", Time since last: 1618000 ns, Reaching safepoint: 355000 ns, At safepoint: 171200 ns, Total: 526200 ns
[2020-04-26T18:44:57.321+0000][1][safepoint    ] Safepoint "RevokeBias", Time since last: 691300 ns, Reaching safepoint: 234900 ns, At safepoint: 102100 ns, Total: 337000 ns
[2020-04-26T18:44:57.321+0000][1][safepoint    ] Safepoint "RevokeBias", Time since last: 104000 ns, Reaching safepoint: 217100 ns, At safepoint: 89800 ns, Total: 306900 ns
[2020-04-26T18:44:57.322+0000][1][safepoint    ] Safepoint "RevokeBias", Time since last: 111600 ns, Reaching safepoint: 390200 ns, At safepoint: 99700 ns, Total: 489900 ns
[2020-04-26T18:44:57.322+0000][1][safepoint    ] Safepoint "RevokeBias", Time since last: 587200 ns, Reaching safepoint: 149200 ns, At safepoint: 100900 ns, Total: 250100 ns
[2020-04-26T18:44:57.324+0000][1][safepoint    ] Safepoint "BulkRevokeBias", Time since last: 465000 ns, Reaching safepoint: 205000 ns, At safepoint: 469800 ns, Total: 674800 ns
[2020-04-26T18:44:57.327+0000][1][safepoint    ] Safepoint "RevokeBias", Time since last: 3203700 ns, Reaching safepoint: 269000 ns, At safepoint: 105200 ns, Total: 374200 ns
[2020-04-26T18:44:57.328+0000][1][safepoint    ] Safepoint "RevokeBias", Time since last: 402100 ns, Reaching safepoint: 149300 ns, At safepoint: 87200 ns, Total: 236500 ns
[2020-04-26T18:44:57.329+0000][1][safepoint    ] Safepoint "RevokeBias", Time since last: 1509800 ns, Reaching safepoint: 156300 ns, At safepoint: 83500 ns, Total: 239800 ns
[2020-04-26T18:44:57.341+0000][1][safepoint    ] Safepoint "RevokeBias", Time since last: 11256700 ns, Reaching safepoint: 179800 ns, At safepoint: 85500 ns, Total: 265300 ns
[2020-04-26T18:44:57.342+0000][1][safepoint    ] Safepoint "RevokeBias", Time since last: 853900 ns, Reaching safepoint: 156700 ns, At safepoint: 82300 ns, Total: 239000 ns
[2020-04-26T18:44:57.345+0000][1][safepoint    ] Safepoint "RevokeBias", Time since last: 3001200 ns, Reaching safepoint: 75800 ns, At safepoint: 63800 ns, Total: 139600 ns
[2020-04-26T18:44:57.372+0000][1][safepoint    ] Safepoint "RevokeBias", Time since last: 26536500 ns, Reaching safepoint: 98600 ns, At safepoint: 89500 ns, Total: 188100 ns
[2020-04-26T18:44:57.448+0000][1][safepoint    ] Safepoint "RevokeBias", Time since last: 75592600 ns, Reaching safepoint: 91300 ns, At safepoint: 51200 ns, Total: 142500 ns
[2020-04-26T18:44:58.448+0000][1][safepoint    ] Safepoint "Cleanup", Time since last: 1000119200 ns, Reaching safepoint: 73300 ns, At safepoint: 25000 ns, Total: 98300 ns
[2020-04-26T18:44:59.448+0000][1][safepoint    ] Safepoint "Cleanup", Time since last: 1000149400 ns, Reaching safepoint: 107900 ns, At safepoint: 31700 ns, Total: 139600 ns
[2020-04-26T18:44:59.521+0000][1][safepoint    ] Safepoint "RevokeBias", Time since last: 72655900 ns, Reaching safepoint: 131100 ns, At safepoint: 108400 ns, Total: 239500 ns
[2020-04-26T18:44:59.531+0000][1][safepoint    ] Safepoint "RevokeBias", Time since last: 9057800 ns, Reaching safepoint: 223500 ns, At safepoint: 119300 ns, Total: 342800 ns
[2020-04-26T18:44:59.540+0000][1][safepoint    ] Safepoint "RevokeBias", Time since last: 9215700 ns, Reaching safepoint: 214200 ns, At safepoint: 72000 ns, Total: 286200 ns
[2020-04-26T18:44:59.542+0000][1][safepoint    ] Safepoint "RevokeBias", Time since last: 1541400 ns, Reaching safepoint: 153500 ns, At safepoint: 99900 ns, Total: 253400 ns
[2020-04-26T18:44:59.544+0000][1][safepoint    ] Safepoint "RevokeBias", Time since last: 1914700 ns, Reaching safepoint: 92500 ns, At safepoint: 84500 ns, Total: 177000 ns
[2020-04-26T18:44:59.551+0000][1][safepoint    ] Safepoint "RevokeBias", Time since last: 7257500 ns, Reaching safepoint: 75500 ns, At safepoint: 38900 ns, Total: 114400 ns
[2020-04-26T18:44:59.553+0000][1][safepoint    ] Safepoint "RevokeBias", Time since last: 1168400 ns, Reaching safepoint: 119200 ns, At safepoint: 36100 ns, Total: 155300 ns
[2020-04-26T18:44:59.632+0000][1][safepoint    ] Safepoint "RevokeBias", Time since last: 78890200 ns, Reaching safepoint: 83500 ns, At safepoint: 37300 ns, Total: 120800 ns
[2020-04-26T18:44:59.632+0000][1][safepoint    ] Safepoint "RevokeBias", Time since last: 467100 ns, Reaching safepoint: 63900 ns, At safepoint: 34700 ns, Total: 98600 ns
[2020-04-26T18:44:59.640+0000][1][safepoint    ] Safepoint "RevokeBias", Time since last: 7230700 ns, Reaching safepoint: 79700 ns, At safepoint: 36100 ns, Total: 115800 ns
[2020-04-26T18:44:59.641+0000][1][safepoint    ] Safepoint "RevokeBias", Time since last: 938800 ns, Reaching safepoint: 63500 ns, At safepoint: 61900 ns, Total: 125400 ns
[2020-04-26T18:44:59.641+0000][1][safepoint    ] Safepoint "RevokeBias", Time since last: 93000 ns, Reaching safepoint: 43700 ns, At safepoint: 52800 ns, Total: 96500 ns
[2020-04-26T18:44:59.641+0000][1][safepoint    ] Safepoint "RevokeBias", Time since last: 295600 ns, Reaching safepoint: 136400 ns, At safepoint: 60600 ns, Total: 197000 ns
[2020-04-26T18:44:59.642+0000][1][safepoint    ] Safepoint "RevokeBias", Time since last: 959900 ns, Reaching safepoint: 149400 ns, At safepoint: 49600 ns, Total: 199000 ns
[2020-04-26T18:44:59.952+0000][1][safepoint    ] Safepoint "RevokeBias", Time since last: 309805300 ns, Reaching safepoint: 102500 ns, At safepoint: 50300 ns, Total: 152800 ns
[2020-04-26T18:45:00.953+0000][1][safepoint    ] Safepoint "Cleanup", Time since last: 1000534200 ns, Reaching safepoint: 98700 ns, At safepoint: 29500 ns, Total: 128200 ns
[2020-04-26T18:45:01.953+0000][1][safepoint    ] Safepoint "Cleanup", Time since last: 1000195700 ns, Reaching safepoint: 104500 ns, At safepoint: 27800 ns, Total: 132300 ns
[2020-04-26T18:45:02.450+0000][1][safepoint    ] Safepoint "RevokeBias", Time since last: 496746600 ns, Reaching safepoint: 116000 ns, At safepoint: 75500 ns, Total: 191500 ns
[2020-04-26T18:45:02.498+0000][1][safepoint    ] Safepoint "RevokeBias", Time since last: 47824900 ns, Reaching safepoint: 181500 ns, At safepoint: 42100 ns, Total: 223600 ns
[2020-04-26T18:45:02.499+0000][1][safepoint    ] Safepoint "RevokeBias", Time since last: 363900 ns, Reaching safepoint: 64100 ns, At safepoint: 43300 ns, Total: 107400 ns
[2020-04-26T18:45:02.506+0000][1][safepoint    ] Safepoint "RevokeBias", Time since last: 6844400 ns, Reaching safepoint: 96500 ns, At safepoint: 62400 ns, Total: 158900 ns
[2020-04-26T18:45:02.510+0000][1][safepoint    ] Safepoint "RevokeBias", Time since last: 4163700 ns, Reaching safepoint: 118700 ns, At safepoint: 54900 ns, Total: 173600 ns
[2020-04-26T18:45:02.510+0000][1][safepoint    ] Safepoint "RevokeBias", Time since last: 134300 ns, Reaching safepoint: 58900 ns, At safepoint: 46100 ns, Total: 105000 ns
[2020-04-26T18:45:02.511+0000][1][safepoint    ] Safepoint "RevokeBias", Time since last: 120500 ns, Reaching safepoint: 145100 ns, At safepoint: 30300 ns, Total: 175400 ns
[2020-04-26T18:45:02.511+0000][1][safepoint    ] Safepoint "RevokeBias", Time since last: 517600 ns, Reaching safepoint: 99200 ns, At safepoint: 54300 ns, Total: 153500 ns
[2020-04-26T18:45:02.512+0000][1][safepoint    ] Safepoint "RevokeBias", Time since last: 143100 ns, Reaching safepoint: 58700 ns, At safepoint: 54600 ns, Total: 113300 ns
[2020-04-26T18:45:02.512+0000][1][safepoint    ] Safepoint "RevokeBias", Time since last: 98900 ns, Reaching safepoint: 153500 ns, At safepoint: 48700 ns, Total: 202200 ns
[2020-04-26T18:45:02.513+0000][1][safepoint    ] Safepoint "RevokeBias", Time since last: 691300 ns, Reaching safepoint: 98100 ns, At safepoint: 40100 ns, Total: 138200 ns
[2020-04-26T18:45:02.514+0000][1][safepoint    ] Safepoint "RevokeBias", Time since last: 684300 ns, Reaching safepoint: 162200 ns, At safepoint: 68600 ns, Total: 230800 ns
[2020-04-26T18:45:02.514+0000][1][safepoint    ] Safepoint "RevokeBias", Time since last: 239700 ns, Reaching safepoint: 68500 ns, At safepoint: 45800 ns, Total: 114300 ns
[2020-04-26T18:45:02.515+0000][1][safepoint    ] Safepoint "RevokeBias", Time since last: 1142200 ns, Reaching safepoint: 99300 ns, At safepoint: 70600 ns, Total: 169900 ns
[2020-04-26T18:45:02.516+0000][1][safepoint    ] Safepoint "RevokeBias", Time since last: 162900 ns, Reaching safepoint: 144700 ns, At safepoint: 49400 ns, Total: 194100 ns
[2020-04-26T18:45:02.516+0000][1][safepoint    ] Safepoint "RevokeBias", Time since last: 120100 ns, Reaching safepoint: 50200 ns, At safepoint: 64900 ns, Total: 115100 ns
[2020-04-26T18:45:02.516+0000][1][safepoint    ] Safepoint "RevokeBias", Time since last: 96600 ns, Reaching safepoint: 52600 ns, At safepoint: 94100 ns, Total: 146700 ns
[2020-04-26T18:45:02.516+0000][1][safepoint    ] Safepoint "RevokeBias", Time since last: 130500 ns, Reaching safepoint: 47700 ns, At safepoint: 45400 ns, Total: 93100 ns
[2020-04-26T18:45:02.517+0000][1][safepoint    ] Safepoint "RevokeBias", Time since last: 644600 ns, Reaching safepoint: 75700 ns, At safepoint: 51100 ns, Total: 126800 ns
[2020-04-26T18:45:02.518+0000][1][safepoint    ] Safepoint "RevokeBias", Time since last: 623100 ns, Reaching safepoint: 144300 ns, At safepoint: 59600 ns, Total: 203900 ns
[2020-04-26T18:45:02.518+0000][1][safepoint    ] Safepoint "RevokeBias", Time since last: 84300 ns, Reaching safepoint: 141300 ns, At safepoint: 42800 ns, Total: 184100 ns
[2020-04-26T18:45:02.519+0000][1][safepoint    ] Safepoint "RevokeBias", Time since last: 134900 ns, Reaching safepoint: 126800 ns, At safepoint: 56000 ns, Total: 182800 ns
[2020-04-26T18:45:02.519+0000][1][safepoint    ] Safepoint "RevokeBias", Time since last: 81200 ns, Reaching safepoint: 127100 ns, At safepoint: 42300 ns, Total: 169400 ns
[2020-04-26T18:45:02.519+0000][1][safepoint    ] Safepoint "RevokeBias", Time since last: 92400 ns, Reaching safepoint: 43000 ns, At safepoint: 41400 ns, Total: 84400 ns
[2020-04-26T18:45:02.519+0000][1][safepoint    ] Safepoint "RevokeBias", Time since last: 114000 ns, Reaching safepoint: 149400 ns, At safepoint: 48600 ns, Total: 198000 ns
[2020-04-26T18:45:02.520+0000][1][safepoint    ] Safepoint "RevokeBias", Time since last: 600900 ns, Reaching safepoint: 157400 ns, At safepoint: 64700 ns, Total: 222100 ns
[2020-04-26T18:45:02.520+0000][1][safepoint    ] Safepoint "RevokeBias", Time since last: 154500 ns, Reaching safepoint: 55600 ns, At safepoint: 44800 ns, Total: 100400 ns
[2020-04-26T18:45:02.521+0000][1][safepoint    ] Safepoint "RevokeBias", Time since last: 78600 ns, Reaching safepoint: 129600 ns, At safepoint: 55500 ns, Total: 185100 ns
[2020-04-26T18:45:02.521+0000][1][safepoint    ] Safepoint "RevokeBias", Time since last: 101300 ns, Reaching safepoint: 42800 ns, At safepoint: 41400 ns, Total: 84200 ns
[2020-04-26T18:45:02.521+0000][1][safepoint    ] Safepoint "RevokeBias", Time since last: 201400 ns, Reaching safepoint: 43300 ns, At safepoint: 30200 ns, Total: 73500 ns
[2020-04-26T18:45:02.521+0000][1][safepoint    ] Safepoint "RevokeBias", Time since last: 78700 ns, Reaching safepoint: 42700 ns, At safepoint: 26900 ns, Total: 69600 ns
[2020-04-26T18:45:02.521+0000][1][safepoint    ] Safepoint "RevokeBias", Time since last: 154100 ns, Reaching safepoint: 42900 ns, At safepoint: 26900 ns, Total: 69800 ns
[2020-04-26T18:45:02.522+0000][1][safepoint    ] Safepoint "RevokeBias", Time since last: 281200 ns, Reaching safepoint: 54200 ns, At safepoint: 43700 ns, Total: 97900 ns
[2020-04-26T18:45:02.522+0000][1][safepoint    ] Safepoint "RevokeBias", Time since last: 78300 ns, Reaching safepoint: 43400 ns, At safepoint: 41000 ns, Total: 84400 ns
[2020-04-26T18:45:02.524+0000][1][safepoint    ] Safepoint "BulkRevokeBias", Time since last: 1068500 ns, Reaching safepoint: 162600 ns, At safepoint: 651300 ns, Total: 813900 ns
[2020-04-26T18:45:02.528+0000][1][safepoint    ] Safepoint "RevokeBias", Time since last: 4097800 ns, Reaching safepoint: 212600 ns, At safepoint: 78100 ns, Total: 290700 ns
[2020-04-26T18:45:02.551+0000][1][safepoint    ] Safepoint "RevokeBias", Time since last: 22828000 ns, Reaching safepoint: 143300 ns, At safepoint: 89500 ns, Total: 232800 ns
[2020-04-26T18:45:02.552+0000][1][safepoint    ] Safepoint "RevokeBias", Time since last: 179300 ns, Reaching safepoint: 79000 ns, At safepoint: 45600 ns, Total: 124600 ns
[2020-04-26T18:45:02.562+0000][1][safepoint    ] Safepoint "RevokeBias", Time since last: 9760700 ns, Reaching safepoint: 93500 ns, At safepoint: 56900 ns, Total: 150400 ns
[2020-04-26T18:45:03.562+0000][1][safepoint    ] Safepoint "Cleanup", Time since last: 1000294200 ns, Reaching safepoint: 91400 ns, At safepoint: 26600 ns, Total: 118000 ns
[2020-04-26T18:45:04.366+0000][1][safepoint    ] Safepoint "RevokeBias", Time since last: 803585400 ns, Reaching safepoint: 87600 ns, At safepoint: 52000 ns, Total: 139600 ns
[2020-04-26T18:45:04.366+0000][1][safepoint    ] Safepoint "RevokeBias", Time since last: 465400 ns, Reaching safepoint: 56900 ns, At safepoint: 36500 ns, Total: 93400 ns
[2020-04-26T18:45:04.369+0000][1][safepoint    ] Safepoint "RevokeBias", Time since last: 2564900 ns, Reaching safepoint: 72600 ns, At safepoint: 34500 ns, Total: 107100 ns
[2020-04-26T18:45:04.369+0000][1][safepoint    ] Safepoint "RevokeBias", Time since last: 158500 ns, Reaching safepoint: 49500 ns, At safepoint: 32500 ns, Total: 82000 ns
[2020-04-26T18:45:04.370+0000][1][safepoint    ] Safepoint "RevokeBias", Time since last: 265000 ns, Reaching safepoint: 45700 ns, At safepoint: 31500 ns, Total: 77200 ns
[2020-04-26T18:45:04.371+0000][1][safepoint    ] Safepoint "RevokeBias", Time since last: 857500 ns, Reaching safepoint: 136600 ns, At safepoint: 60600 ns, Total: 197200 ns
[2020-04-26T18:45:04.387+0000][1][safepoint    ] Safepoint "RevokeBias", Time since last: 16674400 ns, Reaching safepoint: 83400 ns, At safepoint: 56100 ns, Total: 139500 ns
[2020-04-26T18:45:04.388+0000][1][safepoint    ] Safepoint "RevokeBias", Time since last: 985600 ns, Reaching safepoint: 70500 ns, At safepoint: 34200 ns, Total: 104700 ns
[2020-04-26T18:45:04.406+0000][1][safepoint    ] Safepoint "RevokeBias", Time since last: 17837700 ns, Reaching safepoint: 98300 ns, At safepoint: 37100 ns, Total: 135400 ns
[2020-04-26T18:45:04.407+0000][1][safepoint    ] Safepoint "RevokeBias", Time since last: 830100 ns, Reaching safepoint: 93300 ns, At safepoint: 50300 ns, Total: 143600 ns
[2020-04-26T18:45:04.413+0000][1][safepoint    ] Safepoint "RevokeBias", Time since last: 5864600 ns, Reaching safepoint: 133400 ns, At safepoint: 37800 ns, Total: 171200 ns
[2020-04-26T18:45:04.414+0000][1][safepoint    ] Safepoint "RevokeBias", Time since last: 835400 ns, Reaching safepoint: 85000 ns, At safepoint: 47300 ns, Total: 132300 ns
[2020-04-26T18:45:04.417+0000][1][safepoint    ] Safepoint "RevokeBias", Time since last: 2268500 ns, Reaching safepoint: 63900 ns, At safepoint: 50200 ns, Total: 114100 ns
[2020-04-26T18:45:04.417+0000][1][safepoint    ] Safepoint "RevokeBias", Time since last: 290400 ns, Reaching safepoint: 52200 ns, At safepoint: 61300 ns, Total: 113500 ns
[2020-04-26T18:45:04.418+0000][1][safepoint    ] Safepoint "RevokeBias", Time since last: 719700 ns, Reaching safepoint: 55300 ns, At safepoint: 48000 ns, Total: 103300 ns
[2020-04-26T18:45:04.477+0000][1][safepoint    ] Safepoint "RevokeBias", Time since last: 59129100 ns, Reaching safepoint: 164300 ns, At safepoint: 90800 ns, Total: 255100 ns
[2020-04-26T18:45:04.479+0000][1][safepoint    ] Safepoint "RevokeBias", Time since last: 1150800 ns, Reaching safepoint: 103800 ns, At safepoint: 60900 ns, Total: 164700 ns
[2020-04-26T18:45:04.482+0000][1][safepoint    ] Safepoint "RevokeBias", Time since last: 3128100 ns, Reaching safepoint: 90600 ns, At safepoint: 64300 ns, Total: 154900 ns
[2020-04-26T18:45:04.483+0000][1][safepoint    ] Safepoint "RevokeBias", Time since last: 988600 ns, Reaching safepoint: 70400 ns, At safepoint: 32800 ns, Total: 103200 ns
[2020-04-26T18:45:04.952+0000][1][safepoint    ] Safepoint "RevokeBias", Time since last: 468439300 ns, Reaching safepoint: 112600 ns, At safepoint: 79500 ns, Total: 192100 ns
[2020-04-26T18:45:05.503+0000][1][safepoint    ] Safepoint "BulkRevokeBias", Time since last: 551057600 ns, Reaching safepoint: 227500 ns, At safepoint: 434700 ns, Total: 662200 ns
[2020-04-26T18:45:06.504+0000][1][safepoint    ] Safepoint "Cleanup", Time since last: 1000133100 ns, Reaching safepoint: 100200 ns, At safepoint: 29300 ns, Total: 129500 ns
[2020-04-26T18:45:06.900+0000][1][safepoint    ] Safepoint "RevokeBias", Time since last: 395757700 ns, Reaching safepoint: 192800 ns, At safepoint: 110800 ns, Total: 303600 ns
[2020-04-26T18:45:06.903+0000][1][safepoint    ] Safepoint "RevokeBias", Time since last: 2597000 ns, Reaching safepoint: 180700 ns, At safepoint: 85500 ns, Total: 266200 ns
[2020-04-26T18:45:06.906+0000][1][safepoint    ] Safepoint "RevokeBias", Time since last: 3071000 ns, Reaching safepoint: 188100 ns, At safepoint: 64300 ns, Total: 252400 ns
[2020-04-26T18:45:06.907+0000][1][safepoint    ] Safepoint "BulkRevokeBias", Time since last: 850700 ns, Reaching safepoint: 85400 ns, At safepoint: 521700 ns, Total: 607100 ns
[2020-04-26T18:45:06.935+0000][1][safepoint    ] Safepoint "Deoptimize", Time since last: 26993900 ns, Reaching safepoint: 115700 ns, At safepoint: 536900 ns, Total: 652600 ns
[2020-04-26T18:45:06.939+0000][1][safepoint    ] Safepoint "RevokeBias", Time since last: 3821600 ns, Reaching safepoint: 208000 ns, At safepoint: 54600 ns, Total: 262600 ns
[2020-04-26T18:45:06.948+0000][1][safepoint    ] Safepoint "RevokeBias", Time since last: 8527800 ns, Reaching safepoint: 115300 ns, At safepoint: 53200 ns, Total: 168500 ns
[2020-04-26T18:45:06.952+0000][1][safepoint    ] Safepoint "RevokeBias", Time since last: 4231500 ns, Reaching safepoint: 143600 ns, At safepoint: 77000 ns, Total: 220600 ns
[2020-04-26T18:45:06.958+0000][1][safepoint    ] Safepoint "RevokeBias", Time since last: 5425500 ns, Reaching safepoint: 226300 ns, At safepoint: 58600 ns, Total: 284900 ns
[2020-04-26T18:45:06.961+0000][1][safepoint    ] Safepoint "RevokeBias", Time since last: 3293900 ns, Reaching safepoint: 112500 ns, At safepoint: 38100 ns, Total: 150600 ns
[2020-04-26T18:45:06.965+0000][1][safepoint    ] Safepoint "RevokeBias", Time since last: 3395900 ns, Reaching safepoint: 294200 ns, At safepoint: 165100 ns, Total: 459300 ns
[2020-04-26T18:45:06.988+0000][1][safepoint    ] Safepoint "RevokeBias", Time since last: 21275900 ns, Reaching safepoint: 882200 ns, At safepoint: 343600 ns, Total: 1225800 ns
[2020-04-26T18:45:06.989+0000][1][safepoint    ] Safepoint "RevokeBias", Time since last: 1146800 ns, Reaching safepoint: 122400 ns, At safepoint: 62800 ns, Total: 185200 ns
[2020-04-26T18:45:06.990+0000][1][safepoint    ] Safepoint "RevokeBias", Time since last: 831400 ns, Reaching safepoint: 80400 ns, At safepoint: 50400 ns, Total: 130800 ns
[2020-04-26T18:45:06.997+0000][1][safepoint    ] Safepoint "RevokeBias", Time since last: 6218700 ns, Reaching safepoint: 110100 ns, At safepoint: 39300 ns, Total: 149400 ns
[2020-04-26T18:45:06.998+0000][1][safepoint    ] Safepoint "RevokeBias", Time since last: 1072900 ns, Reaching safepoint: 174000 ns, At safepoint: 61100 ns, Total: 235100 ns
[2020-04-26T18:45:06.999+0000][1][safepoint    ] Safepoint "RevokeBias", Time since last: 1010400 ns, Reaching safepoint: 69300 ns, At safepoint: 30500 ns, Total: 99800 ns
[2020-04-26T18:45:07.000+0000][1][safepoint    ] Safepoint "RevokeBias", Time since last: 682500 ns, Reaching safepoint: 64300 ns, At safepoint: 47300 ns, Total: 111600 ns
[2020-04-26T18:45:07.388+0000][1][safepoint    ] Safepoint "RevokeBias", Time since last: 387545500 ns, Reaching safepoint: 235400 ns, At safepoint: 88200 ns, Total: 323600 ns
[2020-04-26T18:45:07.388+0000][1][safepoint    ] Safepoint "RevokeBias", Time since last: 245200 ns, Reaching safepoint: 195800 ns, At safepoint: 62600 ns, Total: 258400 ns
[2020-04-26T18:45:07.394+0000][1][safepoint    ] Safepoint "RevokeBias", Time since last: 5489700 ns, Reaching safepoint: 201000 ns, At safepoint: 66800 ns, Total: 267800 ns
[2020-04-26T18:45:07.394+0000][1][safepoint    ] Safepoint "RevokeBias", Time since last: 164600 ns, Reaching safepoint: 162000 ns, At safepoint: 59700 ns, Total: 221700 ns
[2020-04-26T18:45:07.407+0000][1][safepoint    ] Safepoint "RevokeBias", Time since last: 12159500 ns, Reaching safepoint: 131000 ns, At safepoint: 63100 ns, Total: 194100 ns
[2020-04-26T18:45:07.407+0000][1][safepoint    ] Safepoint "RevokeBias", Time since last: 333700 ns, Reaching safepoint: 95500 ns, At safepoint: 47800 ns, Total: 143300 ns
[2020-04-26T18:45:07.408+0000][1][safepoint    ] Safepoint "RevokeBias", Time since last: 416200 ns, Reaching safepoint: 184200 ns, At safepoint: 67900 ns, Total: 252100 ns
[2020-04-26T18:45:07.408+0000][1][safepoint    ] Safepoint "RevokeBias", Time since last: 165700 ns, Reaching safepoint: 81900 ns, At safepoint: 48100 ns, Total: 130000 ns
[2020-04-26T18:45:07.409+0000][1][safepoint    ] Safepoint "Deoptimize", Time since last: 868900 ns, Reaching safepoint: 101300 ns, At safepoint: 479700 ns, Total: 581000 ns
[2020-04-26T18:45:07.414+0000][1][safepoint    ] Safepoint "RevokeBias", Time since last: 3896100 ns, Reaching safepoint: 105900 ns, At safepoint: 37000 ns, Total: 142900 ns
[2020-04-26T18:45:07.414+0000][1][safepoint    ] Safepoint "RevokeBias", Time since last: 294200 ns, Reaching safepoint: 82200 ns, At safepoint: 51300 ns, Total: 133500 ns
[2020-04-26T18:45:07.420+0000][1][safepoint    ] Safepoint "RevokeBias", Time since last: 5504600 ns, Reaching safepoint: 124800 ns, At safepoint: 51500 ns, Total: 176300 ns
[2020-04-26T18:45:07.421+0000][1][safepoint    ] Safepoint "RevokeBias", Time since last: 759200 ns, Reaching safepoint: 96300 ns, At safepoint: 62000 ns, Total: 158300 ns
[2020-04-26T18:45:07.425+0000][1][safepoint    ] Safepoint "RevokeBias", Time since last: 4469300 ns, Reaching safepoint: 277900 ns, At safepoint: 115300 ns, Total: 393200 ns
[2020-04-26T18:45:07.426+0000][1][safepoint    ] Safepoint "RevokeBias", Time since last: 892200 ns, Reaching safepoint: 100400 ns, At safepoint: 73600 ns, Total: 174000 ns
[2020-04-26T18:45:07.429+0000][1][safepoint    ] Safepoint "RevokeBias", Time since last: 1996600 ns, Reaching safepoint: 109300 ns, At safepoint: 35000 ns, Total: 144300 ns
[2020-04-26T18:45:07.430+0000][1][safepoint    ] Safepoint "RevokeBias", Time since last: 946900 ns, Reaching safepoint: 194000 ns, At safepoint: 80100 ns, Total: 274100 ns
[2020-04-26T18:45:07.430+0000][1][safepoint    ] Safepoint "RevokeBias", Time since last: 384500 ns, Reaching safepoint: 88700 ns, At safepoint: 52000 ns, Total: 140700 ns
[2020-04-26T18:45:07.432+0000][1][safepoint    ] Safepoint "RevokeBias", Time since last: 1831100 ns, Reaching safepoint: 105900 ns, At safepoint: 52600 ns, Total: 158500 ns
[2020-04-26T18:45:07.433+0000][1][safepoint    ] Safepoint "RevokeBias", Time since last: 116000 ns, Reaching safepoint: 101100 ns, At safepoint: 45500 ns, Total: 146600 ns
[2020-04-26T18:45:07.433+0000][1][safepoint    ] Safepoint "RevokeBias", Time since last: 93200 ns, Reaching safepoint: 99800 ns, At safepoint: 45400 ns, Total: 145200 ns
[2020-04-26T18:45:07.433+0000][1][safepoint    ] Safepoint "RevokeBias", Time since last: 172800 ns, Reaching safepoint: 104200 ns, At safepoint: 48800 ns, Total: 153000 ns
[2020-04-26T18:45:07.434+0000][1][safepoint    ] Safepoint "RevokeBias", Time since last: 175100 ns, Reaching safepoint: 94800 ns, At safepoint: 71800 ns, Total: 166600 ns
[2020-04-26T18:45:07.434+0000][1][safepoint    ] Safepoint "RevokeBias", Time since last: 174800 ns, Reaching safepoint: 102900 ns, At safepoint: 38300 ns, Total: 141200 ns
[2020-04-26T18:45:07.434+0000][1][safepoint    ] Safepoint "RevokeBias", Time since last: 145400 ns, Reaching safepoint: 75200 ns, At safepoint: 38300 ns, Total: 113500 ns
[2020-04-26T18:45:07.434+0000][1][safepoint    ] Safepoint "RevokeBias", Time since last: 147200 ns, Reaching safepoint: 74800 ns, At safepoint: 38400 ns, Total: 113200 ns
[2020-04-26T18:45:07.435+0000][1][safepoint    ] Safepoint "RevokeBias", Time since last: 145800 ns, Reaching safepoint: 92600 ns, At safepoint: 38300 ns, Total: 130900 ns
[2020-04-26T18:45:07.449+0000][1][safepoint    ] Safepoint "RevokeBias", Time since last: 14385600 ns, Reaching safepoint: 240000 ns, At safepoint: 69400 ns, Total: 309400 ns
[2020-04-26T18:45:07.472+0000][1][safepoint    ] Safepoint "RevokeBias", Time since last: 22822000 ns, Reaching safepoint: 237900 ns, At safepoint: 74700 ns, Total: 312600 ns
[2020-04-26T18:45:07.475+0000][1][safepoint    ] Safepoint "RevokeBias", Time since last: 1942300 ns, Reaching safepoint: 200300 ns, At safepoint: 97900 ns, Total: 298200 ns
[2020-04-26T18:45:07.488+0000][1][safepoint    ] Safepoint "RevokeBias", Time since last: 13136600 ns, Reaching safepoint: 260500 ns, At safepoint: 69000 ns, Total: 329500 ns
[2020-04-26T18:45:07.494+0000][1][safepoint    ] Safepoint "RevokeBias", Time since last: 5622800 ns, Reaching safepoint: 110600 ns, At safepoint: 51100 ns, Total: 161700 ns
[2020-04-26T18:45:07.521+0000][1][safepoint    ] Safepoint "RevokeBias", Time since last: 26987700 ns, Reaching safepoint: 147800 ns, At safepoint: 38500 ns, Total: 186300 ns
[2020-04-26T18:45:07.527+0000][1][safepoint    ] Safepoint "RevokeBias", Time since last: 5818100 ns, Reaching safepoint: 124400 ns, At safepoint: 51300 ns, Total: 175700 ns
[2020-04-26T18:45:07.527+0000][1][safepoint    ] Safepoint "RevokeBias", Time since last: 136300 ns, Reaching safepoint: 89700 ns, At safepoint: 34700 ns, Total: 124400 ns
[2020-04-26T18:45:08.528+0000][1][safepoint    ] Safepoint "Cleanup", Time since last: 1000173600 ns, Reaching safepoint: 147200 ns, At safepoint: 53400 ns, Total: 200600 ns
[2020-04-26T18:45:09.528+0000][1][safepoint    ] Safepoint "Cleanup", Time since last: 1000197800 ns, Reaching safepoint: 153600 ns, At safepoint: 39700 ns, Total: 193300 ns
[2020-04-26T18:45:09.708+0000][1][safepoint    ] Safepoint "RevokeBias", Time since last: 179628200 ns, Reaching safepoint: 145500 ns, At safepoint: 71300 ns, Total: 216800 ns
[2020-04-26T18:45:09.709+0000][1][safepoint    ] Safepoint "RevokeBias", Time since last: 636400 ns, Reaching safepoint: 302700 ns, At safepoint: 142900 ns, Total: 445600 ns
[2020-04-26T18:45:09.711+0000][1][safepoint    ] Safepoint "BulkRevokeBias", Time since last: 954200 ns, Reaching safepoint: 232100 ns, At safepoint: 696400 ns, Total: 928500 ns
[2020-04-26T18:45:09.716+0000][1][safepoint    ] Safepoint "RevokeBias", Time since last: 4860900 ns, Reaching safepoint: 130100 ns, At safepoint: 48100 ns, Total: 178200 ns
[2020-04-26T18:45:09.717+0000][1][safepoint    ] Safepoint "RevokeBias", Time since last: 576800 ns, Reaching safepoint: 163300 ns, At safepoint: 87000 ns, Total: 250300 ns
[2020-04-26T18:45:09.943+0000][1][safepoint    ] Safepoint "RevokeBias", Time since last: 225775000 ns, Reaching safepoint: 193400 ns, At safepoint: 55600 ns, Total: 249000 ns
[2020-04-26T18:45:09.946+0000][1][safepoint    ] Safepoint "RevokeBias", Time since last: 3027400 ns, Reaching safepoint: 151200 ns, At safepoint: 47900 ns, Total: 199100 ns
[2020-04-26T18:45:09.967+0000][1][safepoint    ] Safepoint "RevokeBias", Time since last: 20180900 ns, Reaching safepoint: 710800 ns, At safepoint: 133400 ns, Total: 844200 ns
[2020-04-26T18:45:09.970+0000][1][safepoint    ] Safepoint "Deoptimize", Time since last: 1571500 ns, Reaching safepoint: 713700 ns, At safepoint: 730800 ns, Total: 1444500 ns
[2020-04-26T18:45:10.971+0000][1][safepoint    ] Safepoint "Cleanup", Time since last: 1000606900 ns, Reaching safepoint: 436500 ns, At safepoint: 135800 ns, Total: 572300 ns
[2020-04-26T18:45:11.375+0000][1][safepoint    ] Safepoint "RevokeBias", Time since last: 403873800 ns, Reaching safepoint: 145100 ns, At safepoint: 81300 ns, Total: 226400 ns
[2020-04-26T18:45:11.490+0000][1][safepoint    ] Safepoint "RevokeBias", Time since last: 114324100 ns, Reaching safepoint: 211200 ns, At safepoint: 80300 ns, Total: 291500 ns
[2020-04-26T18:45:11.491+0000][1][safepoint    ] Safepoint "RevokeBias", Time since last: 364400 ns, Reaching safepoint: 146600 ns, At safepoint: 103900 ns, Total: 250500 ns
[2020-04-26T18:45:11.501+0000][1][safepoint    ] Safepoint "RevokeBias", Time since last: 9674400 ns, Reaching safepoint: 186100 ns, At safepoint: 114800 ns, Total: 300900 ns
[2020-04-26T18:45:11.501+0000][1][safepoint    ] Safepoint "RevokeBias", Time since last: 251700 ns, Reaching safepoint: 244000 ns, At safepoint: 106700 ns, Total: 350700 ns
[2020-04-26T18:45:11.516+0000][1][safepoint    ] Safepoint "RevokeBias", Time since last: 14227300 ns, Reaching safepoint: 138600 ns, At safepoint: 47300 ns, Total: 185900 ns
[2020-04-26T18:45:11.516+0000][1][safepoint    ] Safepoint "RevokeBias", Time since last: 96100 ns, Reaching safepoint: 285300 ns, At safepoint: 130600 ns, Total: 415900 ns
[2020-04-26T18:45:12.517+0000][1][safepoint    ] Safepoint "Cleanup", Time since last: 1000325700 ns, Reaching safepoint: 515400 ns, At safepoint: 131600 ns, Total: 647000 ns
[2020-04-26T18:45:13.518+0000][1][safepoint    ] Safepoint "Cleanup", Time since last: 1000487000 ns, Reaching safepoint: 194700 ns, At safepoint: 54100 ns, Total: 248800 ns
[2020-04-26T18:45:14.483+0000][1][gc,start     ] GC(17) Pause Young (Allocation Failure)
[2020-04-26T18:45:14.483+0000][1][gc,task      ] GC(17) Using 10 workers of 10 for evacuation
[2020-04-26T18:45:14.496+0000][1][gc,age       ] GC(17) Desired survivor size 8945664 bytes, new threshold 6 (max threshold 6)
[2020-04-26T18:45:14.496+0000][1][gc,age       ] GC(17) Age table with threshold 6 (max threshold 6)
[2020-04-26T18:45:14.496+0000][1][gc,age       ] GC(17) - age   1:    4790440 bytes,    4790440 total
[2020-04-26T18:45:14.496+0000][1][gc,heap      ] GC(17) ParNew: 157238K->10102K(157248K)
[2020-04-26T18:45:14.496+0000][1][gc,heap      ] GC(17) CMS: 66262K->83406K(349568K)
[2020-04-26T18:45:14.496+0000][1][gc,metaspace ] GC(17) Metaspace: 90603K->90603K(1132544K)
[2020-04-26T18:45:14.496+0000][1][gc           ] GC(17) Pause Young (Allocation Failure) 218M->91M(494M) 12.819ms
[2020-04-26T18:45:14.496+0000][1][gc,cpu       ] GC(17) User=0.10s Sys=0.01s Real=0.01s
[2020-04-26T18:45:14.496+0000][1][safepoint    ] Safepoint "GenCollectForAllocation", Time since last: 964789000 ns, Reaching safepoint: 273100 ns, At safepoint: 12930200 ns, Total: 13203300 ns
[2020-04-26T18:45:15.497+0000][1][safepoint    ] Safepoint "Cleanup", Time since last: 1000334200 ns, Reaching safepoint: 525400 ns, At safepoint: 180500 ns, Total: 705900 ns
[2020-04-26T18:45:16.497+0000][1][safepoint    ] Safepoint "Cleanup", Time since last: 1000220000 ns, Reaching safepoint: 149800 ns, At safepoint: 32200 ns, Total: 182000 ns
[2020-04-26T18:45:17.498+0000][1][safepoint    ] Safepoint "Cleanup", Time since last: 1000170800 ns, Reaching safepoint: 226900 ns, At safepoint: 45400 ns, Total: 272300 ns
[2020-04-26T18:45:18.498+0000][1][safepoint    ] Safepoint "Cleanup", Time since last: 1000139400 ns, Reaching safepoint: 147700 ns, At safepoint: 31800 ns, Total: 179500 ns
[2020-04-26T18:45:19.498+0000][1][safepoint    ] Safepoint "Cleanup", Time since last: 1000164500 ns, Reaching safepoint: 131200 ns, At safepoint: 30700 ns, Total: 161900 ns
[2020-04-26T18:45:20.499+0000][1][safepoint    ] Safepoint "Cleanup", Time since last: 1000322200 ns, Reaching safepoint: 352500 ns, At safepoint: 202300 ns, Total: 554800 ns
[2020-04-26T18:45:21.500+0000][1][safepoint    ] Safepoint "Cleanup", Time since last: 1000409500 ns, Reaching safepoint: 431500 ns, At safepoint: 136800 ns, Total: 568300 ns
[2020-04-26T18:45:22.501+0000][1][safepoint    ] Safepoint "Cleanup", Time since last: 1000606000 ns, Reaching safepoint: 139100 ns, At safepoint: 30500 ns, Total: 169600 ns
[2020-04-26T18:45:23.501+0000][1][safepoint    ] Safepoint "Cleanup", Time since last: 1000171800 ns, Reaching safepoint: 127400 ns, At safepoint: 53000 ns, Total: 180400 ns
[2020-04-26T18:45:24.503+0000][1][safepoint    ] Safepoint "Cleanup", Time since last: 1000584000 ns, Reaching safepoint: 431400 ns, At safepoint: 202800 ns, Total: 634200 ns
[2020-04-26T18:45:25.504+0000][1][safepoint    ] Safepoint "Cleanup", Time since last: 1000542100 ns, Reaching safepoint: 522800 ns, At safepoint: 151900 ns, Total: 674700 ns
[2020-04-26T18:45:26.504+0000][1][safepoint    ] Safepoint "Cleanup", Time since last: 1000287300 ns, Reaching safepoint: 143600 ns, At safepoint: 25400 ns, Total: 169000 ns
[2020-04-26T18:45:27.505+0000][1][safepoint    ] Safepoint "Cleanup", Time since last: 1000230500 ns, Reaching safepoint: 364700 ns, At safepoint: 80500 ns, Total: 445200 ns
[2020-04-26T18:45:28.506+0000][1][safepoint    ] Safepoint "Cleanup", Time since last: 1000258900 ns, Reaching safepoint: 413200 ns, At safepoint: 123500 ns, Total: 536700 ns
[2020-04-26T18:45:29.506+0000][1][safepoint    ] Safepoint "Cleanup", Time since last: 1000278500 ns, Reaching safepoint: 144000 ns, At safepoint: 38500 ns, Total: 182500 ns
[2020-04-26T18:45:30.507+0000][1][safepoint    ] Safepoint "Cleanup", Time since last: 1000241300 ns, Reaching safepoint: 498800 ns, At safepoint: 62700 ns, Total: 561500 ns
[2020-04-26T18:45:31.508+0000][1][safepoint    ] Safepoint "Cleanup", Time since last: 1000402900 ns, Reaching safepoint: 494500 ns, At safepoint: 129000 ns, Total: 623500 ns
[2020-04-26T18:45:32.508+0000][1][safepoint    ] Safepoint "Cleanup", Time since last: 1000174000 ns, Reaching safepoint: 141700 ns, At safepoint: 27900 ns, Total: 169600 ns
[2020-04-26T18:45:33.509+0000][1][safepoint    ] Safepoint "Cleanup", Time since last: 1000367800 ns, Reaching safepoint: 247600 ns, At safepoint: 75000 ns, Total: 322600 ns
[2020-04-26T18:45:33.817+0000][1][safepoint    ] Safepoint "RevokeBias", Time since last: 307687100 ns, Reaching safepoint: 124800 ns, At safepoint: 57800 ns, Total: 182600 ns
[2020-04-26T18:45:33.822+0000][1][safepoint    ] Safepoint "RevokeBias", Time since last: 4697700 ns, Reaching safepoint: 197200 ns, At safepoint: 40100 ns, Total: 237300 ns
[2020-04-26T18:45:33.822+0000][1][safepoint    ] Safepoint "RevokeBias", Time since last: 221900 ns, Reaching safepoint: 86900 ns, At safepoint: 30500 ns, Total: 117400 ns
[2020-04-26T18:45:33.822+0000][1][safepoint    ] Safepoint "RevokeBias", Time since last: 184500 ns, Reaching safepoint: 67500 ns, At safepoint: 29800 ns, Total: 97300 ns
[2020-04-26T18:45:33.823+0000][1][safepoint    ] Safepoint "RevokeBias", Time since last: 192100 ns, Reaching safepoint: 67900 ns, At safepoint: 44300 ns, Total: 112200 ns
[2020-04-26T18:45:33.823+0000][1][safepoint    ] Safepoint "RevokeBias", Time since last: 171000 ns, Reaching safepoint: 219800 ns, At safepoint: 62700 ns, Total: 282500 ns
[2020-04-26T18:45:33.824+0000][1][safepoint    ] Safepoint "RevokeBias", Time since last: 183100 ns, Reaching safepoint: 70200 ns, At safepoint: 49700 ns, Total: 119900 ns
[2020-04-26T18:45:33.824+0000][1][safepoint    ] Safepoint "RevokeBias", Time since last: 302100 ns, Reaching safepoint: 70100 ns, At safepoint: 50200 ns, Total: 120300 ns
[2020-04-26T18:45:33.925+0000][1][safepoint    ] Safepoint "RevokeBias", Time since last: 100496100 ns, Reaching safepoint: 151500 ns, At safepoint: 63200 ns, Total: 214700 ns
[2020-04-26T18:45:33.925+0000][1][safepoint    ] Safepoint "RevokeBias", Time since last: 458100 ns, Reaching safepoint: 189100 ns, At safepoint: 95100 ns, Total: 284200 ns
[2020-04-26T18:45:33.927+0000][1][safepoint    ] Safepoint "RevokeBias", Time since last: 980000 ns, Reaching safepoint: 452500 ns, At safepoint: 81200 ns, Total: 533700 ns
[2020-04-26T18:45:34.928+0000][1][safepoint    ] Safepoint "Cleanup", Time since last: 1000309500 ns, Reaching safepoint: 473500 ns, At safepoint: 180000 ns, Total: 653500 ns
[2020-04-26T18:45:35.928+0000][1][safepoint    ] Safepoint "Cleanup", Time since last: 1000316600 ns, Reaching safepoint: 213300 ns, At safepoint: 60700 ns, Total: 274000 ns
[2020-04-26T18:45:36.929+0000][1][safepoint    ] Safepoint "Cleanup", Time since last: 1000551000 ns, Reaching safepoint: 150800 ns, At safepoint: 29700 ns, Total: 180500 ns
[2020-04-26T18:45:37.930+0000][1][safepoint    ] Safepoint "Cleanup", Time since last: 1000161800 ns, Reaching safepoint: 150700 ns, At safepoint: 30400 ns, Total: 181100 ns
[2020-04-26T18:45:38.930+0000][1][safepoint    ] Safepoint "Cleanup", Time since last: 1000158800 ns, Reaching safepoint: 150600 ns, At safepoint: 31200 ns, Total: 181800 ns
[2020-04-26T18:45:39.931+0000][1][safepoint    ] Safepoint "Cleanup", Time since last: 1000525000 ns, Reaching safepoint: 439500 ns, At safepoint: 149000 ns, Total: 588500 ns
[2020-04-26T18:45:40.932+0000][1][safepoint    ] Safepoint "Cleanup", Time since last: 1000568000 ns, Reaching safepoint: 443400 ns, At safepoint: 131100 ns, Total: 574500 ns
[2020-04-26T18:45:41.933+0000][1][safepoint    ] Safepoint "Cleanup", Time since last: 1000729200 ns, Reaching safepoint: 436500 ns, At safepoint: 120900 ns, Total: 557400 ns
[2020-04-26T18:45:42.934+0000][1][safepoint    ] Safepoint "Cleanup", Time since last: 1000228000 ns, Reaching safepoint: 133600 ns, At safepoint: 30000 ns, Total: 163600 ns
[2020-04-26T18:45:44.935+0000][1][safepoint    ] Safepoint "Cleanup", Time since last: 2000563000 ns, Reaching safepoint: 178300 ns, At safepoint: 45700 ns, Total: 224000 ns
[2020-04-26T18:45:45.935+0000][1][safepoint    ] Safepoint "Cleanup", Time since last: 1000491500 ns, Reaching safepoint: 199100 ns, At safepoint: 34900 ns, Total: 234000 ns
[2020-04-26T18:45:46.936+0000][1][safepoint    ] Safepoint "Cleanup", Time since last: 1000185000 ns, Reaching safepoint: 188000 ns, At safepoint: 51700 ns, Total: 239700 ns
[2020-04-26T18:45:47.937+0000][1][safepoint    ] Safepoint "Cleanup", Time since last: 1000384800 ns, Reaching safepoint: 616700 ns, At safepoint: 136100 ns, Total: 752800 ns
[2020-04-26T18:45:48.938+0000][1][safepoint    ] Safepoint "Cleanup", Time since last: 1000543700 ns, Reaching safepoint: 241600 ns, At safepoint: 67800 ns, Total: 309400 ns
[2020-04-26T18:45:50.939+0000][1][safepoint    ] Safepoint "Cleanup", Time since last: 2000692200 ns, Reaching safepoint: 272000 ns, At safepoint: 45100 ns, Total: 317100 ns
[2020-04-26T18:45:51.939+0000][1][safepoint    ] Safepoint "Cleanup", Time since last: 1000270300 ns, Reaching safepoint: 193400 ns, At safepoint: 44800 ns, Total: 238200 ns
[2020-04-26T18:45:52.940+0000][1][safepoint    ] Safepoint "Cleanup", Time since last: 1000181200 ns, Reaching safepoint: 171900 ns, At safepoint: 26900 ns, Total: 198800 ns
[2020-04-26T18:45:53.943+0000][1][safepoint    ] Safepoint "Cleanup", Time since last: 1003061300 ns, Reaching safepoint: 142000 ns, At safepoint: 30700 ns, Total: 172700 ns
[2020-04-26T18:45:56.944+0000][1][safepoint    ] Safepoint "Cleanup", Time since last: 3000641300 ns, Reaching safepoint: 136800 ns, At safepoint: 30500 ns, Total: 167300 ns
[2020-04-26T18:45:57.944+0000][1][safepoint    ] Safepoint "Cleanup", Time since last: 1000150400 ns, Reaching safepoint: 206500 ns, At safepoint: 28400 ns, Total: 234900 ns
[2020-04-26T18:45:59.948+0000][1][safepoint    ] Safepoint "Cleanup", Time since last: 2003683000 ns, Reaching safepoint: 401400 ns, At safepoint: 119500 ns, Total: 520900 ns
[2020-04-26T18:46:02.950+0000][1][safepoint    ] Safepoint "Cleanup", Time since last: 3001081700 ns, Reaching safepoint: 680000 ns, At safepoint: 120000 ns, Total: 800000 ns
[2020-04-26T18:46:04.953+0000][1][safepoint    ] Safepoint "Cleanup", Time since last: 2001955900 ns, Reaching safepoint: 481500 ns, At safepoint: 110000 ns, Total: 591500 ns
[2020-04-26T18:46:05.954+0000][1][safepoint    ] Safepoint "Cleanup", Time since last: 1000694300 ns, Reaching safepoint: 764800 ns, At safepoint: 203500 ns, Total: 968300 ns
[2020-04-26T18:46:06.955+0000][1][safepoint    ] Safepoint "Cleanup", Time since last: 1000474200 ns, Reaching safepoint: 263800 ns, At safepoint: 74600 ns, Total: 338400 ns
[2020-04-26T18:46:07.956+0000][1][safepoint    ] Safepoint "Cleanup", Time since last: 1000330300 ns, Reaching safepoint: 388200 ns, At safepoint: 81600 ns, Total: 469800 ns
[2020-04-26T18:46:08.960+0000][1][safepoint    ] Safepoint "Cleanup", Time since last: 1003632500 ns, Reaching safepoint: 579900 ns, At safepoint: 129600 ns, Total: 709500 ns
[2020-04-26T18:46:09.961+0000][1][safepoint    ] Safepoint "Cleanup", Time since last: 1000206700 ns, Reaching safepoint: 141200 ns, At safepoint: 29600 ns, Total: 170800 ns
[2020-04-26T18:46:10.615+0000][1][safepoint    ] Safepoint "RevokeBias", Time since last: 654056300 ns, Reaching safepoint: 131000 ns, At safepoint: 49900 ns, Total: 180900 ns
[2020-04-26T18:46:10.615+0000][1][safepoint    ] Safepoint "RevokeBias", Time since last: 235200 ns, Reaching safepoint: 216100 ns, At safepoint: 47500 ns, Total: 263600 ns
[2020-04-26T18:46:10.616+0000][1][safepoint    ] Safepoint "RevokeBias", Time since last: 210500 ns, Reaching safepoint: 170000 ns, At safepoint: 56600 ns, Total: 226600 ns
[2020-04-26T18:46:11.617+0000][1][safepoint    ] Safepoint "Cleanup", Time since last: 1000382000 ns, Reaching safepoint: 484000 ns, At safepoint: 128400 ns, Total: 612400 ns
[2020-04-26T18:46:12.617+0000][1][safepoint    ] Safepoint "Cleanup", Time since last: 1000331700 ns, Reaching safepoint: 138400 ns, At safepoint: 27700 ns, Total: 166100 ns
[2020-04-26T18:46:13.618+0000][1][safepoint    ] Safepoint "Cleanup", Time since last: 1000289200 ns, Reaching safepoint: 220500 ns, At safepoint: 62500 ns, Total: 283000 ns
[2020-04-26T18:46:14.618+0000][1][safepoint    ] Safepoint "Cleanup", Time since last: 1000317900 ns, Reaching safepoint: 133200 ns, At safepoint: 29900 ns, Total: 163100 ns
[2020-04-26T18:46:15.619+0000][1][safepoint    ] Safepoint "Cleanup", Time since last: 1000188700 ns, Reaching safepoint: 162800 ns, At safepoint: 41900 ns, Total: 204700 ns
[2020-04-26T18:46:16.481+0000][1][safepoint    ] Safepoint "RevokeBias", Time since last: 861949300 ns, Reaching safepoint: 130800 ns, At safepoint: 36900 ns, Total: 167700 ns
[2020-04-26T18:46:16.481+0000][1][safepoint    ] Safepoint "RevokeBias", Time since last: 155500 ns, Reaching safepoint: 108100 ns, At safepoint: 27100 ns, Total: 135200 ns
[2020-04-26T18:46:16.482+0000][1][safepoint    ] Safepoint "RevokeBias", Time since last: 905900 ns, Reaching safepoint: 159400 ns, At safepoint: 70900 ns, Total: 230300 ns
[2020-04-26T18:46:16.483+0000][1][safepoint    ] Safepoint "RevokeBias", Time since last: 158500 ns, Reaching safepoint: 81000 ns, At safepoint: 42000 ns, Total: 123000 ns
[2020-04-26T18:46:16.483+0000][1][safepoint    ] Safepoint "RevokeBias", Time since last: 143700 ns, Reaching safepoint: 162200 ns, At safepoint: 40300 ns, Total: 202500 ns
[2020-04-26T18:46:16.483+0000][1][safepoint    ] Safepoint "RevokeBias", Time since last: 282900 ns, Reaching safepoint: 78400 ns, At safepoint: 25800 ns, Total: 104200 ns
[2020-04-26T18:46:16.484+0000][1][safepoint    ] Safepoint "RevokeBias", Time since last: 168100 ns, Reaching safepoint: 68800 ns, At safepoint: 24900 ns, Total: 93700 ns
[2020-04-26T18:46:16.484+0000][1][safepoint    ] Safepoint "RevokeBias", Time since last: 433000 ns, Reaching safepoint: 128300 ns, At safepoint: 27800 ns, Total: 156100 ns
[2020-04-26T18:46:16.486+0000][1][safepoint    ] Safepoint "RevokeBias", Time since last: 973200 ns, Reaching safepoint: 330300 ns, At safepoint: 913300 ns, Total: 1243600 ns
[2020-04-26T18:46:16.488+0000][1][safepoint    ] Safepoint "RevokeBias", Time since last: 635500 ns, Reaching safepoint: 313500 ns, At safepoint: 297100 ns, Total: 610600 ns
[2020-04-26T18:46:16.489+0000][1][safepoint    ] Safepoint "RevokeBias", Time since last: 85600 ns, Reaching safepoint: 691100 ns, At safepoint: 557700 ns, Total: 1248800 ns
[2020-04-26T18:46:16.492+0000][1][safepoint    ] Safepoint "RevokeBias", Time since last: 1703500 ns, Reaching safepoint: 1065500 ns, At safepoint: 61700 ns, Total: 1127200 ns
[2020-04-26T18:46:16.492+0000][1][safepoint    ] Safepoint "RevokeBias", Time since last: 151400 ns, Reaching safepoint: 238300 ns, At safepoint: 59800 ns, Total: 298100 ns
[2020-04-26T18:46:16.493+0000][1][safepoint    ] Safepoint "RevokeBias", Time since last: 92700 ns, Reaching safepoint: 60900 ns, At safepoint: 67000 ns, Total: 127900 ns
[2020-04-26T18:46:16.493+0000][1][safepoint    ] Safepoint "RevokeBias", Time since last: 147900 ns, Reaching safepoint: 77000 ns, At safepoint: 55000 ns, Total: 132000 ns
[2020-04-26T18:46:16.493+0000][1][safepoint    ] Safepoint "RevokeBias", Time since last: 198700 ns, Reaching safepoint: 82900 ns, At safepoint: 32500 ns, Total: 115400 ns
[2020-04-26T18:46:16.493+0000][1][safepoint    ] Safepoint "RevokeBias", Time since last: 164500 ns, Reaching safepoint: 76100 ns, At safepoint: 32500 ns, Total: 108600 ns
[2020-04-26T18:46:16.494+0000][1][safepoint    ] Safepoint "RevokeBias", Time since last: 150600 ns, Reaching safepoint: 74500 ns, At safepoint: 38700 ns, Total: 113200 ns
[2020-04-26T18:46:16.494+0000][1][safepoint    ] Safepoint "RevokeBias", Time since last: 153400 ns, Reaching safepoint: 74000 ns, At safepoint: 31600 ns, Total: 105600 ns
[2020-04-26T18:46:16.494+0000][1][safepoint    ] Safepoint "RevokeBias", Time since last: 150600 ns, Reaching safepoint: 75100 ns, At safepoint: 31800 ns, Total: 106900 ns
[2020-04-26T18:46:16.494+0000][1][safepoint    ] Safepoint "RevokeBias", Time since last: 153000 ns, Reaching safepoint: 79900 ns, At safepoint: 32200 ns, Total: 112100 ns
[2020-04-26T18:46:16.495+0000][1][safepoint    ] Safepoint "RevokeBias", Time since last: 284200 ns, Reaching safepoint: 70200 ns, At safepoint: 40400 ns, Total: 110600 ns
[2020-04-26T18:46:16.495+0000][1][safepoint    ] Safepoint "RevokeBias", Time since last: 91900 ns, Reaching safepoint: 160000 ns, At safepoint: 45800 ns, Total: 205800 ns
[2020-04-26T18:46:16.495+0000][1][safepoint    ] Safepoint "RevokeBias", Time since last: 72200 ns, Reaching safepoint: 141300 ns, At safepoint: 25800 ns, Total: 167100 ns
[2020-04-26T18:46:16.496+0000][1][safepoint    ] Safepoint "RevokeBias", Time since last: 160500 ns, Reaching safepoint: 58000 ns, At safepoint: 25400 ns, Total: 83400 ns
[2020-04-26T18:46:16.496+0000][1][safepoint    ] Safepoint "RevokeBias", Time since last: 128800 ns, Reaching safepoint: 55800 ns, At safepoint: 24500 ns, Total: 80300 ns
[2020-04-26T18:46:16.496+0000][1][safepoint    ] Safepoint "RevokeBias", Time since last: 78400 ns, Reaching safepoint: 56000 ns, At safepoint: 24700 ns, Total: 80700 ns
[2020-04-26T18:46:16.496+0000][1][safepoint    ] Safepoint "RevokeBias", Time since last: 109400 ns, Reaching safepoint: 62700 ns, At safepoint: 35300 ns, Total: 98000 ns
[2020-04-26T18:46:16.496+0000][1][safepoint    ] Safepoint "RevokeBias", Time since last: 162500 ns, Reaching safepoint: 56000 ns, At safepoint: 24600 ns, Total: 80600 ns
[2020-04-26T18:46:16.497+0000][1][safepoint    ] Safepoint "RevokeBias", Time since last: 520100 ns, Reaching safepoint: 62800 ns, At safepoint: 25300 ns, Total: 88100 ns
[2020-04-26T18:46:16.731+0000][1][safepoint    ] Safepoint "RevokeBias", Time since last: 233250800 ns, Reaching safepoint: 481700 ns, At safepoint: 223100 ns, Total: 704800 ns
[2020-04-26T18:46:16.732+0000][1][safepoint    ] Safepoint "RevokeBias", Time since last: 770800 ns, Reaching safepoint: 300200 ns, At safepoint: 138300 ns, Total: 438500 ns
[2020-04-26T18:46:16.734+0000][1][safepoint    ] Safepoint "RevokeBias", Time since last: 1114000 ns, Reaching safepoint: 306000 ns, At safepoint: 249100 ns, Total: 555100 ns
[2020-04-26T18:46:16.736+0000][1][safepoint    ] Safepoint "RevokeBias", Time since last: 770700 ns, Reaching safepoint: 693000 ns, At safepoint: 277400 ns, Total: 970400 ns
[2020-04-26T18:46:16.737+0000][1][safepoint    ] Safepoint "RevokeBias", Time since last: 254400 ns, Reaching safepoint: 556200 ns, At safepoint: 444900 ns, Total: 1001100 ns
[2020-04-26T18:46:16.738+0000][1][safepoint    ] Safepoint "RevokeBias", Time since last: 231800 ns, Reaching safepoint: 488900 ns, At safepoint: 388400 ns, Total: 877300 ns
[2020-04-26T18:46:16.739+0000][1][safepoint    ] Safepoint "RevokeBias", Time since last: 253400 ns, Reaching safepoint: 538300 ns, At safepoint: 270800 ns, Total: 809100 ns
[2020-04-26T18:46:16.739+0000][1][safepoint    ] Safepoint "RevokeBias", Time since last: 27800 ns, Reaching safepoint: 197100 ns, At safepoint: 59300 ns, Total: 256400 ns
[2020-04-26T18:46:16.740+0000][1][safepoint    ] Safepoint "RevokeBias", Time since last: 286900 ns, Reaching safepoint: 62400 ns, At safepoint: 58800 ns, Total: 121200 ns
[2020-04-26T18:46:16.740+0000][1][safepoint    ] Safepoint "RevokeBias", Time since last: 190700 ns, Reaching safepoint: 207900 ns, At safepoint: 55700 ns, Total: 263600 ns
[2020-04-26T18:46:16.741+0000][1][safepoint    ] Safepoint "RevokeBias", Time since last: 545300 ns, Reaching safepoint: 60700 ns, At safepoint: 28200 ns, Total: 88900 ns
[2020-04-26T18:46:16.741+0000][1][safepoint    ] Safepoint "RevokeBias", Time since last: 168900 ns, Reaching safepoint: 57400 ns, At safepoint: 28500 ns, Total: 85900 ns
[2020-04-26T18:46:16.741+0000][1][safepoint    ] Safepoint "RevokeBias", Time since last: 159900 ns, Reaching safepoint: 57000 ns, At safepoint: 28100 ns, Total: 85100 ns
[2020-04-26T18:46:16.742+0000][1][safepoint    ] Safepoint "RevokeBias", Time since last: 171500 ns, Reaching safepoint: 57200 ns, At safepoint: 28400 ns, Total: 85600 ns
[2020-04-26T18:46:16.742+0000][1][safepoint    ] Safepoint "RevokeBias", Time since last: 172400 ns, Reaching safepoint: 57200 ns, At safepoint: 28200 ns, Total: 85400 ns
[2020-04-26T18:46:16.742+0000][1][safepoint    ] Safepoint "RevokeBias", Time since last: 176200 ns, Reaching safepoint: 56800 ns, At safepoint: 28400 ns, Total: 85200 ns
[2020-04-26T18:46:16.743+0000][1][safepoint    ] Safepoint "RevokeBias", Time since last: 335800 ns, Reaching safepoint: 89100 ns, At safepoint: 26800 ns, Total: 115900 ns
[2020-04-26T18:46:16.743+0000][1][safepoint    ] Safepoint "BulkRevokeBias", Time since last: 401600 ns, Reaching safepoint: 58300 ns, At safepoint: 376600 ns, Total: 434900 ns
[2020-04-26T18:46:16.744+0000][1][safepoint    ] Safepoint "RevokeBias", Time since last: 688700 ns, Reaching safepoint: 65100 ns, At safepoint: 28500 ns, Total: 93600 ns
[2020-04-26T18:46:16.746+0000][1][safepoint    ] Safepoint "RevokeBias", Time since last: 1061600 ns, Reaching safepoint: 907700 ns, At safepoint: 84100 ns, Total: 991800 ns
[2020-04-26T18:46:16.747+0000][1][safepoint    ] Safepoint "RevokeBias", Time since last: 207300 ns, Reaching safepoint: 149400 ns, At safepoint: 108600 ns, Total: 258000 ns
[2020-04-26T18:46:16.748+0000][1][safepoint    ] Safepoint "RevokeBias", Time since last: 136500 ns, Reaching safepoint: 789900 ns, At safepoint: 374100 ns, Total: 1164000 ns
[2020-04-26T18:46:16.748+0000][1][safepoint    ] Safepoint "RevokeBias", Time since last: 171700 ns, Reaching safepoint: 264200 ns, At safepoint: 70100 ns, Total: 334300 ns
[2020-04-26T18:46:16.749+0000][1][safepoint    ] Safepoint "RevokeBias", Time since last: 108000 ns, Reaching safepoint: 615200 ns, At safepoint: 108600 ns, Total: 723800 ns
[2020-04-26T18:46:16.750+0000][1][safepoint    ] Safepoint "RevokeBias", Time since last: 175800 ns, Reaching safepoint: 522500 ns, At safepoint: 124700 ns, Total: 647200 ns
[2020-04-26T18:46:16.751+0000][1][safepoint    ] Safepoint "RevokeBias", Time since last: 131300 ns, Reaching safepoint: 590700 ns, At safepoint: 90500 ns, Total: 681200 ns
[2020-04-26T18:46:16.753+0000][1][safepoint    ] Safepoint "BulkRevokeBias", Time since last: 180900 ns, Reaching safepoint: 1102700 ns, At safepoint: 362500 ns, Total: 1465200 ns
[2020-04-26T18:46:16.753+0000][1][safepoint    ] Safepoint "RevokeBias", Time since last: 245500 ns, Reaching safepoint: 141500 ns, At safepoint: 89200 ns, Total: 230700 ns
[2020-04-26T18:46:16.756+0000][1][safepoint    ] Safepoint "RevokeBias", Time since last: 2839800 ns, Reaching safepoint: 192800 ns, At safepoint: 113900 ns, Total: 306700 ns
[2020-04-26T18:46:16.757+0000][1][safepoint    ] Safepoint "RevokeBias", Time since last: 158000 ns, Reaching safepoint: 149200 ns, At safepoint: 103600 ns, Total: 252800 ns
[2020-04-26T18:46:16.757+0000][1][safepoint    ] Safepoint "RevokeBias", Time since last: 162200 ns, Reaching safepoint: 163400 ns, At safepoint: 74400 ns, Total: 237800 ns
[2020-04-26T18:46:16.757+0000][1][safepoint    ] Safepoint "RevokeBias", Time since last: 104800 ns, Reaching safepoint: 136500 ns, At safepoint: 62300 ns, Total: 198800 ns
[2020-04-26T18:46:16.758+0000][1][safepoint    ] Safepoint "RevokeBias", Time since last: 591700 ns, Reaching safepoint: 158700 ns, At safepoint: 61300 ns, Total: 220000 ns
[2020-04-26T18:46:16.758+0000][1][safepoint    ] Safepoint "RevokeBias", Time since last: 182100 ns, Reaching safepoint: 58700 ns, At safepoint: 36600 ns, Total: 95300 ns
[2020-04-26T18:46:16.759+0000][1][safepoint    ] Safepoint "RevokeBias", Time since last: 141400 ns, Reaching safepoint: 171700 ns, At safepoint: 61700 ns, Total: 233400 ns
[2020-04-26T18:46:16.759+0000][1][safepoint    ] Safepoint "RevokeBias", Time since last: 31600 ns, Reaching safepoint: 100900 ns, At safepoint: 41200 ns, Total: 142100 ns
[2020-04-26T18:46:16.759+0000][1][safepoint    ] Safepoint "RevokeBias", Time since last: 79100 ns, Reaching safepoint: 70100 ns, At safepoint: 103600 ns, Total: 173700 ns
[2020-04-26T18:46:16.759+0000][1][safepoint    ] Safepoint "RevokeBias", Time since last: 42800 ns, Reaching safepoint: 71200 ns, At safepoint: 47100 ns, Total: 118300 ns
[2020-04-26T18:46:16.760+0000][1][safepoint    ] Safepoint "RevokeBias", Time since last: 45400 ns, Reaching safepoint: 83100 ns, At safepoint: 93700 ns, Total: 176800 ns
[2020-04-26T18:46:16.760+0000][1][safepoint    ] Safepoint "RevokeBias", Time since last: 45100 ns, Reaching safepoint: 161800 ns, At safepoint: 116400 ns, Total: 278200 ns
[2020-04-26T18:46:16.760+0000][1][safepoint    ] Safepoint "RevokeBias", Time since last: 44600 ns, Reaching safepoint: 62800 ns, At safepoint: 47100 ns, Total: 109900 ns
[2020-04-26T18:46:16.760+0000][1][safepoint    ] Safepoint "RevokeBias", Time since last: 34200 ns, Reaching safepoint: 137700 ns, At safepoint: 86300 ns, Total: 224000 ns
[2020-04-26T18:46:16.761+0000][1][safepoint    ] Safepoint "BulkRevokeBias", Time since last: 35200 ns, Reaching safepoint: 85400 ns, At safepoint: 433100 ns, Total: 518500 ns
[2020-04-26T18:46:16.761+0000][1][safepoint    ] Safepoint "RevokeBias", Time since last: 35700 ns, Reaching safepoint: 53300 ns, At safepoint: 61300 ns, Total: 114600 ns
[2020-04-26T18:46:16.761+0000][1][safepoint    ] Safepoint "RevokeBias", Time since last: 37100 ns, Reaching safepoint: 150600 ns, At safepoint: 86800 ns, Total: 237400 ns
[2020-04-26T18:46:16.762+0000][1][safepoint    ] Safepoint "RevokeBias", Time since last: 46400 ns, Reaching safepoint: 76900 ns, At safepoint: 90400 ns, Total: 167300 ns
[2020-04-26T18:46:16.762+0000][1][safepoint    ] Safepoint "RevokeBias", Time since last: 129700 ns, Reaching safepoint: 167000 ns, At safepoint: 86000 ns, Total: 253000 ns
[2020-04-26T18:46:16.762+0000][1][safepoint    ] Safepoint "RevokeBias", Time since last: 189800 ns, Reaching safepoint: 177200 ns, At safepoint: 103700 ns, Total: 280900 ns
[2020-04-26T18:46:16.763+0000][1][safepoint    ] Safepoint "RevokeBias", Time since last: 36900 ns, Reaching safepoint: 190900 ns, At safepoint: 135300 ns, Total: 326200 ns
[2020-04-26T18:46:16.763+0000][1][safepoint    ] Safepoint "RevokeBias", Time since last: 43500 ns, Reaching safepoint: 203000 ns, At safepoint: 176000 ns, Total: 379000 ns
[2020-04-26T18:46:16.764+0000][1][safepoint    ] Safepoint "BulkRevokeBias", Time since last: 48800 ns, Reaching safepoint: 178500 ns, At safepoint: 489800 ns, Total: 668300 ns
[2020-04-26T18:46:16.764+0000][1][safepoint    ] Safepoint "RevokeBias", Time since last: 57500 ns, Reaching safepoint: 202600 ns, At safepoint: 111600 ns, Total: 314200 ns
[2020-04-26T18:46:16.765+0000][1][safepoint    ] Safepoint "RevokeBias", Time since last: 31800 ns, Reaching safepoint: 142100 ns, At safepoint: 116700 ns, Total: 258800 ns
[2020-04-26T18:46:16.765+0000][1][safepoint    ] Safepoint "RevokeBias", Time since last: 69500 ns, Reaching safepoint: 210900 ns, At safepoint: 73800 ns, Total: 284700 ns
[2020-04-26T18:46:16.765+0000][1][safepoint    ] Safepoint "RevokeBias", Time since last: 48800 ns, Reaching safepoint: 134700 ns, At safepoint: 95200 ns, Total: 229900 ns
[2020-04-26T18:46:16.765+0000][1][safepoint    ] Safepoint "RevokeBias", Time since last: 47500 ns, Reaching safepoint: 134100 ns, At safepoint: 82300 ns, Total: 216400 ns
[2020-04-26T18:46:16.766+0000][1][safepoint    ] Safepoint "RevokeBias", Time since last: 47600 ns, Reaching safepoint: 133900 ns, At safepoint: 102100 ns, Total: 236000 ns
[2020-04-26T18:46:16.766+0000][1][safepoint    ] Safepoint "RevokeBias", Time since last: 65000 ns, Reaching safepoint: 142200 ns, At safepoint: 82500 ns, Total: 224700 ns
[2020-04-26T18:46:16.766+0000][1][safepoint    ] Safepoint "RevokeBias", Time since last: 48500 ns, Reaching safepoint: 169500 ns, At safepoint: 82900 ns, Total: 252400 ns
[2020-04-26T18:46:16.767+0000][1][safepoint    ] Safepoint "RevokeBias", Time since last: 59900 ns, Reaching safepoint: 137100 ns, At safepoint: 69000 ns, Total: 206100 ns
[2020-04-26T18:46:16.767+0000][1][safepoint    ] Safepoint "RevokeBias", Time since last: 247300 ns, Reaching safepoint: 150200 ns, At safepoint: 58300 ns, Total: 208500 ns
[2020-04-26T18:46:16.767+0000][1][safepoint    ] Safepoint "RevokeBias", Time since last: 215500 ns, Reaching safepoint: 154400 ns, At safepoint: 60400 ns, Total: 214800 ns
[2020-04-26T18:46:16.772+0000][1][safepoint    ] Safepoint "RevokeBias", Time since last: 4608800 ns, Reaching safepoint: 102400 ns, At safepoint: 49600 ns, Total: 152000 ns
[2020-04-26T18:46:16.773+0000][1][safepoint    ] Safepoint "RevokeBias", Time since last: 106200 ns, Reaching safepoint: 194400 ns, At safepoint: 46100 ns, Total: 240500 ns
[2020-04-26T18:46:16.793+0000][1][safepoint    ] Safepoint "RevokeBias", Time since last: 20558400 ns, Reaching safepoint: 81900 ns, At safepoint: 33100 ns, Total: 115000 ns
[2020-04-26T18:46:16.794+0000][1][safepoint    ] Safepoint "RevokeBias", Time since last: 418000 ns, Reaching safepoint: 65900 ns, At safepoint: 49200 ns, Total: 115100 ns
[2020-04-26T18:46:16.796+0000][1][safepoint    ] Safepoint "RevokeBias", Time since last: 1794200 ns, Reaching safepoint: 60400 ns, At safepoint: 32300 ns, Total: 92700 ns
[2020-04-26T18:46:16.796+0000][1][safepoint    ] Safepoint "RevokeBias", Time since last: 173200 ns, Reaching safepoint: 52900 ns, At safepoint: 32100 ns, Total: 85000 ns
[2020-04-26T18:46:16.796+0000][1][safepoint    ] Safepoint "RevokeBias", Time since last: 152600 ns, Reaching safepoint: 69400 ns, At safepoint: 31400 ns, Total: 100800 ns
[2020-04-26T18:46:16.796+0000][1][safepoint    ] Safepoint "RevokeBias", Time since last: 156700 ns, Reaching safepoint: 53000 ns, At safepoint: 31600 ns, Total: 84600 ns
[2020-04-26T18:46:16.797+0000][1][safepoint    ] Safepoint "RevokeBias", Time since last: 154100 ns, Reaching safepoint: 52800 ns, At safepoint: 32000 ns, Total: 84800 ns
[2020-04-26T18:46:16.797+0000][1][safepoint    ] Safepoint "RevokeBias", Time since last: 152500 ns, Reaching safepoint: 52900 ns, At safepoint: 31800 ns, Total: 84700 ns
[2020-04-26T18:46:16.797+0000][1][safepoint    ] Safepoint "RevokeBias", Time since last: 153200 ns, Reaching safepoint: 52700 ns, At safepoint: 42700 ns, Total: 95400 ns
[2020-04-26T18:46:16.797+0000][1][safepoint    ] Safepoint "RevokeBias", Time since last: 154300 ns, Reaching safepoint: 52800 ns, At safepoint: 31800 ns, Total: 84600 ns
[2020-04-26T18:46:16.798+0000][1][safepoint    ] Safepoint "RevokeBias", Time since last: 157600 ns, Reaching safepoint: 52800 ns, At safepoint: 32200 ns, Total: 85000 ns
[2020-04-26T18:46:16.798+0000][1][safepoint    ] Safepoint "RevokeBias", Time since last: 229000 ns, Reaching safepoint: 51700 ns, At safepoint: 31600 ns, Total: 83300 ns
[2020-04-26T18:46:16.804+0000][1][safepoint    ] Safepoint "RevokeBias", Time since last: 5391100 ns, Reaching safepoint: 143400 ns, At safepoint: 46200 ns, Total: 189600 ns
[2020-04-26T18:46:16.804+0000][1][safepoint    ] Safepoint "RevokeBias", Time since last: 567500 ns, Reaching safepoint: 109000 ns, At safepoint: 33100 ns, Total: 142100 ns
[2020-04-26T18:46:16.805+0000][1][safepoint    ] Safepoint "RevokeBias", Time since last: 305100 ns, Reaching safepoint: 141100 ns, At safepoint: 45600 ns, Total: 186700 ns
[2020-04-26T18:46:16.805+0000][1][safepoint    ] Safepoint "RevokeBias", Time since last: 273600 ns, Reaching safepoint: 53200 ns, At safepoint: 32400 ns, Total: 85600 ns
[2020-04-26T18:46:16.806+0000][1][safepoint    ] Safepoint "RevokeBias", Time since last: 276200 ns, Reaching safepoint: 137400 ns, At safepoint: 45300 ns, Total: 182700 ns
[2020-04-26T18:46:16.806+0000][1][safepoint    ] Safepoint "RevokeBias", Time since last: 314400 ns, Reaching safepoint: 52000 ns, At safepoint: 43200 ns, Total: 95200 ns
[2020-04-26T18:46:16.806+0000][1][safepoint    ] Safepoint "RevokeBias", Time since last: 304000 ns, Reaching safepoint: 146500 ns, At safepoint: 56300 ns, Total: 202800 ns
[2020-04-26T18:46:16.807+0000][1][safepoint    ] Safepoint "RevokeBias", Time since last: 274700 ns, Reaching safepoint: 52300 ns, At safepoint: 46900 ns, Total: 99200 ns
[2020-04-26T18:46:16.807+0000][1][safepoint    ] Safepoint "RevokeBias", Time since last: 242800 ns, Reaching safepoint: 134700 ns, At safepoint: 71600 ns, Total: 206300 ns
[2020-04-26T18:46:16.808+0000][1][safepoint    ] Safepoint "RevokeBias", Time since last: 240600 ns, Reaching safepoint: 168000 ns, At safepoint: 43300 ns, Total: 211300 ns
[2020-04-26T18:46:16.808+0000][1][safepoint    ] Safepoint "RevokeBias", Time since last: 226900 ns, Reaching safepoint: 50900 ns, At safepoint: 28400 ns, Total: 79300 ns
[2020-04-26T18:46:16.808+0000][1][safepoint    ] Safepoint "RevokeBias", Time since last: 208600 ns, Reaching safepoint: 133800 ns, At safepoint: 55800 ns, Total: 189600 ns
[2020-04-26T18:46:16.809+0000][1][safepoint    ] Safepoint "RevokeBias", Time since last: 436700 ns, Reaching safepoint: 132800 ns, At safepoint: 38200 ns, Total: 171000 ns
[2020-04-26T18:46:16.810+0000][1][safepoint    ] Safepoint "RevokeBias", Time since last: 508800 ns, Reaching safepoint: 139700 ns, At safepoint: 87800 ns, Total: 227500 ns
[2020-04-26T18:46:16.810+0000][1][safepoint    ] Safepoint "RevokeBias", Time since last: 32100 ns, Reaching safepoint: 136200 ns, At safepoint: 126800 ns, Total: 263000 ns
[2020-04-26T18:46:16.810+0000][1][safepoint    ] Safepoint "RevokeBias", Time since last: 38900 ns, Reaching safepoint: 134000 ns, At safepoint: 95500 ns, Total: 229500 ns
[2020-04-26T18:46:16.814+0000][1][safepoint    ] Safepoint "RevokeBias", Time since last: 3111500 ns, Reaching safepoint: 66600 ns, At safepoint: 26300 ns, Total: 92900 ns
[2020-04-26T18:46:16.814+0000][1][safepoint    ] Safepoint "RevokeBias", Time since last: 124000 ns, Reaching safepoint: 50700 ns, At safepoint: 24400 ns, Total: 75100 ns
[2020-04-26T18:46:16.814+0000][1][safepoint    ] Safepoint "RevokeBias", Time since last: 373900 ns, Reaching safepoint: 51800 ns, At safepoint: 23900 ns, Total: 75700 ns
[2020-04-26T18:46:16.815+0000][1][safepoint    ] Safepoint "RevokeBias", Time since last: 371200 ns, Reaching safepoint: 54500 ns, At safepoint: 27700 ns, Total: 82200 ns
[2020-04-26T18:46:16.817+0000][1][safepoint    ] Safepoint "RevokeBias", Time since last: 1975600 ns, Reaching safepoint: 54100 ns, At safepoint: 53300 ns, Total: 107400 ns
[2020-04-26T18:46:16.823+0000][1][safepoint    ] Safepoint "RevokeBias", Time since last: 3774100 ns, Reaching safepoint: 2129300 ns, At safepoint: 54300 ns, Total: 2183600 ns
[2020-04-26T18:46:16.824+0000][1][safepoint    ] Safepoint "RevokeBias", Time since last: 1093900 ns, Reaching safepoint: 138100 ns, At safepoint: 92400 ns, Total: 230500 ns
[2020-04-26T18:46:16.828+0000][1][gc,heap,exit ] Heap
[2020-04-26T18:46:16.828+0000][1][gc,heap,exit ]  par new generation   total 157248K, used 91613K [0x00000000e0000000, 0x00000000eaaa0000, 0x00000000eaaa0000)
[2020-04-26T18:46:16.828+0000][1][gc,heap,exit ]   eden space 139776K,  58% used [0x00000000e0000000, 0x00000000e4f99c80, 0x00000000e8880000)
[2020-04-26T18:46:16.828+0000][1][gc,heap,exit ]   from space 17472K,  57% used [0x00000000e8880000, 0x00000000e925da20, 0x00000000e9990000)
[2020-04-26T18:46:16.828+0000][1][gc,heap,exit ]   to   space 17472K,   0% used [0x00000000e9990000, 0x00000000e9990000, 0x00000000eaaa0000)
[2020-04-26T18:46:16.828+0000][1][gc,heap,exit ]  concurrent mark-sweep generation total 349568K, used 83406K [0x00000000eaaa0000, 0x0000000100000000, 0x0000000100000000)
[2020-04-26T18:46:16.828+0000][1][gc,heap,exit ]  Metaspace       used 91374K, capacity 98493K, committed 98788K, reserved 1134592K
[2020-04-26T18:46:16.828+0000][1][gc,heap,exit ]   class space    used 12254K, capacity 15237K, committed 15296K, reserved 1048576K
