[2020-04-26T18:54:14.111+0000][1][gc] Using Concurrent Mark Sweep
[2020-04-26T18:54:14.111+0000][1][gc,heap,coops] Heap address: 0x00000000e0000000, size: 512 MB, Compressed Oops mode: 32-bit
[2020-04-26T18:54:14.148+0000][1][safepoint    ] Safepoint "EnableBiasedLocking", Time since last: 27914300 ns, Reaching safepoint: 18100 ns, At safepoint: 58800 ns, Total: 76900 ns
[2020-04-26T18:54:14.150+0000][1][safepoint    ] Safepoint "RevokeBias", Time since last: 2377800 ns, Reaching safepoint: 103900 ns, At safepoint: 68800 ns, Total: 172700 ns
[2020-04-26T18:54:14.159+0000][1][safepoint    ] Safepoint "Deoptimize", Time since last: 8724600 ns, Reaching safepoint: 10800 ns, At safepoint: 35300 ns, Total: 46100 ns
[2020-04-26T18:54:14.239+0000][1][safepoint    ] Safepoint "RevokeBias", Time since last: 79211800 ns, Reaching safepoint: 115600 ns, At safepoint: 64600 ns, Total: 180200 ns
[2020-04-26T18:54:14.240+0000][1][safepoint    ] Safepoint "Deoptimize", Time since last: 1322100 ns, Reaching safepoint: 7400 ns, At safepoint: 48100 ns, Total: 55500 ns
[2020-04-26T18:54:14.241+0000][1][safepoint    ] Safepoint "Deoptimize", Time since last: 744200 ns, Reaching safepoint: 6400 ns, At safepoint: 42700 ns, Total: 49100 ns
[2020-04-26T18:54:14.263+0000][1][safepoint    ] Safepoint "Deoptimize", Time since last: 22693600 ns, Reaching safepoint: 18100 ns, At safepoint: 64500 ns, Total: 82600 ns
[2020-04-26T18:54:14.578+0000][1][safepoint    ] Safepoint "Deoptimize", Time since last: 313760700 ns, Reaching safepoint: 106600 ns, At safepoint: 205300 ns, Total: 311900 ns
[2020-04-26T18:54:14.632+0000][1][safepoint    ] Safepoint "Deoptimize", Time since last: 54481200 ns, Reaching safepoint: 48100 ns, At safepoint: 158400 ns, Total: 206500 ns
[2020-04-26T18:54:14.720+0000][1][safepoint    ] Safepoint "Deoptimize", Time since last: 87734200 ns, Reaching safepoint: 53400 ns, At safepoint: 117000 ns, Total: 170400 ns
[2020-04-26T18:54:14.818+0000][1][safepoint    ] Safepoint "Deoptimize", Time since last: 97541700 ns, Reaching safepoint: 35800 ns, At safepoint: 126000 ns, Total: 161800 ns
[2020-04-26T18:54:15.058+0000][1][safepoint    ] Safepoint "Deoptimize", Time since last: 239928000 ns, Reaching safepoint: 31200 ns, At safepoint: 98200 ns, Total: 129400 ns
[2020-04-26T18:54:15.137+0000][1][safepoint    ] Safepoint "RevokeBias", Time since last: 78940500 ns, Reaching safepoint: 35300 ns, At safepoint: 108400 ns, Total: 143700 ns
[2020-04-26T18:54:15.231+0000][1][safepoint    ] Safepoint "Deoptimize", Time since last: 93209100 ns, Reaching safepoint: 112300 ns, At safepoint: 216500 ns, Total: 328800 ns
[2020-04-26T18:54:15.306+0000][1][safepoint    ] Safepoint "Deoptimize", Time since last: 75393500 ns, Reaching safepoint: 26600 ns, At safepoint: 155300 ns, Total: 181900 ns
[2020-04-26T18:54:15.307+0000][1][safepoint    ] Safepoint "Deoptimize", Time since last: 232300 ns, Reaching safepoint: 11400 ns, At safepoint: 186600 ns, Total: 198000 ns
[2020-04-26T18:54:15.329+0000][1][safepoint    ] Safepoint "Deoptimize", Time since last: 21870500 ns, Reaching safepoint: 21200 ns, At safepoint: 145300 ns, Total: 166500 ns
[2020-04-26T18:54:15.330+0000][1][safepoint    ] Safepoint "Deoptimize", Time since last: 1742400 ns, Reaching safepoint: 11200 ns, At safepoint: 134000 ns, Total: 145200 ns
[2020-04-26T18:54:15.335+0000][1][safepoint    ] Safepoint "RevokeBias", Time since last: 4333900 ns, Reaching safepoint: 95100 ns, At safepoint: 71500 ns, Total: 166600 ns
[2020-04-26T18:54:15.335+0000][1][safepoint    ] Safepoint "RevokeBias", Time since last: 115000 ns, Reaching safepoint: 90500 ns, At safepoint: 44900 ns, Total: 135400 ns
[2020-04-26T18:54:15.335+0000][1][safepoint    ] Safepoint "RevokeBias", Time since last: 130900 ns, Reaching safepoint: 89700 ns, At safepoint: 51700 ns, Total: 141400 ns
[2020-04-26T18:54:15.336+0000][1][safepoint    ] Safepoint "RevokeBias", Time since last: 169700 ns, Reaching safepoint: 114700 ns, At safepoint: 60100 ns, Total: 174800 ns
[2020-04-26T18:54:15.336+0000][1][safepoint    ] Safepoint "RevokeBias", Time since last: 328100 ns, Reaching safepoint: 6500 ns, At safepoint: 25600 ns, Total: 32100 ns
[2020-04-26T18:54:15.341+0000][1][safepoint    ] Safepoint "Deoptimize", Time since last: 4572800 ns, Reaching safepoint: 13700 ns, At safepoint: 130900 ns, Total: 144600 ns
[2020-04-26T18:54:15.558+0000][1][safepoint    ] Safepoint "Deoptimize", Time since last: 216487600 ns, Reaching safepoint: 43100 ns, At safepoint: 182200 ns, Total: 225300 ns
[2020-04-26T18:54:15.864+0000][1][gc,start     ] GC(0) Pause Young (Allocation Failure)
[2020-04-26T18:54:15.866+0000][1][gc,task      ] GC(0) Using 10 workers of 10 for evacuation
[2020-04-26T18:54:15.874+0000][1][gc,age       ] GC(0) Desired survivor size 8945664 bytes, new threshold 1 (max threshold 6)
[2020-04-26T18:54:15.874+0000][1][gc,age       ] GC(0) Age table with threshold 1 (max threshold 6)
[2020-04-26T18:54:15.874+0000][1][gc,age       ] GC(0) - age   1:   10646624 bytes,   10646624 total
[2020-04-26T18:54:15.874+0000][1][gc,heap      ] GC(0) ParNew: 139776K->10529K(157248K)
[2020-04-26T18:54:15.874+0000][1][gc,heap      ] GC(0) CMS: 0K->0K(349568K)
[2020-04-26T18:54:15.874+0000][1][gc,metaspace ] GC(0) Metaspace: 17251K->17251K(1064960K)
[2020-04-26T18:54:15.874+0000][1][gc           ] GC(0) Pause Young (Allocation Failure) 136M->10M(494M) 10.761ms
[2020-04-26T18:54:15.875+0000][1][gc,cpu       ] GC(0) User=0.07s Sys=0.00s Real=0.01s
[2020-04-26T18:54:15.875+0000][1][safepoint    ] Safepoint "GenCollectForAllocation", Time since last: 306023200 ns, Reaching safepoint: 88900 ns, At safepoint: 11027200 ns, Total: 11116100 ns
[2020-04-26T18:54:15.876+0000][1][safepoint    ] Safepoint "RevokeBias", Time since last: 895900 ns, Reaching safepoint: 206500 ns, At safepoint: 143900 ns, Total: 350400 ns
[2020-04-26T18:54:15.877+0000][1][safepoint    ] Safepoint "RevokeBias", Time since last: 282200 ns, Reaching safepoint: 212900 ns, At safepoint: 227800 ns, Total: 440700 ns
[2020-04-26T18:54:15.877+0000][1][safepoint    ] Safepoint "BulkRevokeBias", Time since last: 236800 ns, Reaching safepoint: 140500 ns, At safepoint: 228400 ns, Total: 368900 ns
[2020-04-26T18:54:15.878+0000][1][safepoint    ] Safepoint "RevokeBias", Time since last: 493400 ns, Reaching safepoint: 155300 ns, At safepoint: 111500 ns, Total: 266800 ns
[2020-04-26T18:54:15.879+0000][1][safepoint    ] Safepoint "RevokeBias", Time since last: 338700 ns, Reaching safepoint: 137200 ns, At safepoint: 110900 ns, Total: 248100 ns
[2020-04-26T18:54:15.879+0000][1][safepoint    ] Safepoint "RevokeBias", Time since last: 282000 ns, Reaching safepoint: 141600 ns, At safepoint: 118400 ns, Total: 260000 ns
[2020-04-26T18:54:15.880+0000][1][safepoint    ] Safepoint "RevokeBias", Time since last: 294000 ns, Reaching safepoint: 138400 ns, At safepoint: 117000 ns, Total: 255400 ns
[2020-04-26T18:54:15.880+0000][1][safepoint    ] Safepoint "RevokeBias", Time since last: 273100 ns, Reaching safepoint: 21000 ns, At safepoint: 112200 ns, Total: 133200 ns
[2020-04-26T18:54:15.881+0000][1][safepoint    ] Safepoint "RevokeBias", Time since last: 290300 ns, Reaching safepoint: 136800 ns, At safepoint: 118800 ns, Total: 255600 ns
[2020-04-26T18:54:15.881+0000][1][safepoint    ] Safepoint "RevokeBias", Time since last: 288700 ns, Reaching safepoint: 19300 ns, At safepoint: 111900 ns, Total: 131200 ns
[2020-04-26T18:54:15.882+0000][1][safepoint    ] Safepoint "RevokeBias", Time since last: 306600 ns, Reaching safepoint: 150200 ns, At safepoint: 152200 ns, Total: 302400 ns
[2020-04-26T18:54:15.882+0000][1][safepoint    ] Safepoint "RevokeBias", Time since last: 306800 ns, Reaching safepoint: 147000 ns, At safepoint: 123500 ns, Total: 270500 ns
[2020-04-26T18:54:15.883+0000][1][safepoint    ] Safepoint "RevokeBias", Time since last: 394600 ns, Reaching safepoint: 193300 ns, At safepoint: 167200 ns, Total: 360500 ns
[2020-04-26T18:54:15.884+0000][1][safepoint    ] Safepoint "RevokeBias", Time since last: 239200 ns, Reaching safepoint: 138400 ns, At safepoint: 122900 ns, Total: 261300 ns
[2020-04-26T18:54:15.884+0000][1][safepoint    ] Safepoint "RevokeBias", Time since last: 229400 ns, Reaching safepoint: 132500 ns, At safepoint: 126300 ns, Total: 258800 ns
[2020-04-26T18:54:15.884+0000][1][safepoint    ] Safepoint "RevokeBias", Time since last: 198400 ns, Reaching safepoint: 114200 ns, At safepoint: 108000 ns, Total: 222200 ns
[2020-04-26T18:54:15.885+0000][1][safepoint    ] Safepoint "RevokeBias", Time since last: 197500 ns, Reaching safepoint: 117300 ns, At safepoint: 131800 ns, Total: 249100 ns
[2020-04-26T18:54:15.885+0000][1][safepoint    ] Safepoint "RevokeBias", Time since last: 200200 ns, Reaching safepoint: 118700 ns, At safepoint: 117300 ns, Total: 236000 ns
[2020-04-26T18:54:15.886+0000][1][safepoint    ] Safepoint "RevokeBias", Time since last: 209100 ns, Reaching safepoint: 114300 ns, At safepoint: 117900 ns, Total: 232200 ns
[2020-04-26T18:54:15.886+0000][1][safepoint    ] Safepoint "RevokeBias", Time since last: 213100 ns, Reaching safepoint: 115000 ns, At safepoint: 87800 ns, Total: 202800 ns
[2020-04-26T18:54:15.887+0000][1][safepoint    ] Safepoint "RevokeBias", Time since last: 475100 ns, Reaching safepoint: 152400 ns, At safepoint: 111400 ns, Total: 263800 ns
[2020-04-26T18:54:15.887+0000][1][safepoint    ] Safepoint "RevokeBias", Time since last: 192200 ns, Reaching safepoint: 112700 ns, At safepoint: 123500 ns, Total: 236200 ns
[2020-04-26T18:54:15.888+0000][1][safepoint    ] Safepoint "RevokeBias", Time since last: 624200 ns, Reaching safepoint: 131400 ns, At safepoint: 136800 ns, Total: 268200 ns
[2020-04-26T18:54:15.889+0000][1][safepoint    ] Safepoint "RevokeBias", Time since last: 243000 ns, Reaching safepoint: 122100 ns, At safepoint: 122200 ns, Total: 244300 ns
[2020-04-26T18:54:15.889+0000][1][safepoint    ] Safepoint "RevokeBias", Time since last: 327100 ns, Reaching safepoint: 138400 ns, At safepoint: 114700 ns, Total: 253100 ns
[2020-04-26T18:54:15.890+0000][1][safepoint    ] Safepoint "RevokeBias", Time since last: 203400 ns, Reaching safepoint: 122800 ns, At safepoint: 119200 ns, Total: 242000 ns
[2020-04-26T18:54:15.890+0000][1][safepoint    ] Safepoint "RevokeBias", Time since last: 229800 ns, Reaching safepoint: 106200 ns, At safepoint: 70600 ns, Total: 176800 ns
[2020-04-26T18:54:15.891+0000][1][safepoint    ] Safepoint "RevokeBias", Time since last: 161100 ns, Reaching safepoint: 103600 ns, At safepoint: 70800 ns, Total: 174400 ns
[2020-04-26T18:54:15.891+0000][1][safepoint    ] Safepoint "RevokeBias", Time since last: 171800 ns, Reaching safepoint: 102100 ns, At safepoint: 68200 ns, Total: 170300 ns
[2020-04-26T18:54:15.891+0000][1][safepoint    ] Safepoint "RevokeBias", Time since last: 157900 ns, Reaching safepoint: 102800 ns, At safepoint: 75700 ns, Total: 178500 ns
[2020-04-26T18:54:15.892+0000][1][safepoint    ] Safepoint "RevokeBias", Time since last: 168500 ns, Reaching safepoint: 102500 ns, At safepoint: 77400 ns, Total: 179900 ns
[2020-04-26T18:54:15.892+0000][1][safepoint    ] Safepoint "RevokeBias", Time since last: 158700 ns, Reaching safepoint: 102300 ns, At safepoint: 71500 ns, Total: 173800 ns
[2020-04-26T18:54:15.892+0000][1][safepoint    ] Safepoint "RevokeBias", Time since last: 174400 ns, Reaching safepoint: 102400 ns, At safepoint: 69900 ns, Total: 172300 ns
[2020-04-26T18:54:15.893+0000][1][safepoint    ] Safepoint "RevokeBias", Time since last: 160000 ns, Reaching safepoint: 102600 ns, At safepoint: 73900 ns, Total: 176500 ns
[2020-04-26T18:54:15.893+0000][1][safepoint    ] Safepoint "RevokeBias", Time since last: 169200 ns, Reaching safepoint: 101500 ns, At safepoint: 75100 ns, Total: 176600 ns
[2020-04-26T18:54:15.893+0000][1][safepoint    ] Safepoint "RevokeBias", Time since last: 159800 ns, Reaching safepoint: 102300 ns, At safepoint: 85500 ns, Total: 187800 ns
[2020-04-26T18:54:15.894+0000][1][safepoint    ] Safepoint "RevokeBias", Time since last: 190700 ns, Reaching safepoint: 102400 ns, At safepoint: 81400 ns, Total: 183800 ns
[2020-04-26T18:54:15.894+0000][1][safepoint    ] Safepoint "RevokeBias", Time since last: 156600 ns, Reaching safepoint: 101400 ns, At safepoint: 69100 ns, Total: 170500 ns
[2020-04-26T18:54:15.895+0000][1][safepoint    ] Safepoint "BulkRevokeBias", Time since last: 366000 ns, Reaching safepoint: 122800 ns, At safepoint: 197400 ns, Total: 320200 ns
[2020-04-26T18:54:15.895+0000][1][safepoint    ] Safepoint "BulkRevokeBias", Time since last: 149900 ns, Reaching safepoint: 106800 ns, At safepoint: 118200 ns, Total: 225000 ns
[2020-04-26T18:54:15.901+0000][1][safepoint    ] Safepoint "RevokeBias", Time since last: 5371400 ns, Reaching safepoint: 145600 ns, At safepoint: 111000 ns, Total: 256600 ns
[2020-04-26T18:54:15.903+0000][1][safepoint    ] Safepoint "RevokeBias", Time since last: 2553800 ns, Reaching safepoint: 22000 ns, At safepoint: 58600 ns, Total: 80600 ns
[2020-04-26T18:54:15.908+0000][1][safepoint    ] Safepoint "RevokeBias", Time since last: 4844700 ns, Reaching safepoint: 142000 ns, At safepoint: 70200 ns, Total: 212200 ns
[2020-04-26T18:54:15.909+0000][1][safepoint    ] Safepoint "RevokeBias", Time since last: 777800 ns, Reaching safepoint: 118500 ns, At safepoint: 64200 ns, Total: 182700 ns
[2020-04-26T18:54:16.137+0000][1][gc,start     ] GC(1) Pause Young (Allocation Failure)
[2020-04-26T18:54:16.137+0000][1][gc,task      ] GC(1) Using 10 workers of 10 for evacuation
[2020-04-26T18:54:16.152+0000][1][gc,age       ] GC(1) Desired survivor size 8945664 bytes, new threshold 6 (max threshold 6)
[2020-04-26T18:54:16.152+0000][1][gc,age       ] GC(1) Age table with threshold 6 (max threshold 6)
[2020-04-26T18:54:16.152+0000][1][gc,age       ] GC(1) - age   1:    2212416 bytes,    2212416 total
[2020-04-26T18:54:16.152+0000][1][gc,heap      ] GC(1) ParNew: 150305K->7587K(157248K)
[2020-04-26T18:54:16.152+0000][1][gc,heap      ] GC(1) CMS: 0K->9563K(349568K)
[2020-04-26T18:54:16.152+0000][1][gc,metaspace ] GC(1) Metaspace: 18580K->18580K(1067008K)
[2020-04-26T18:54:16.152+0000][1][gc           ] GC(1) Pause Young (Allocation Failure) 146M->16M(494M) 14.976ms
[2020-04-26T18:54:16.152+0000][1][gc,cpu       ] GC(1) User=0.13s Sys=0.01s Real=0.02s
[2020-04-26T18:54:16.152+0000][1][safepoint    ] Safepoint "GenCollectForAllocation", Time since last: 227907400 ns, Reaching safepoint: 97200 ns, At safepoint: 15055100 ns, Total: 15152300 ns
[2020-04-26T18:54:16.153+0000][1][safepoint    ] Safepoint "RevokeBias", Time since last: 290600 ns, Reaching safepoint: 99700 ns, At safepoint: 53800 ns, Total: 153500 ns
[2020-04-26T18:54:16.153+0000][1][safepoint    ] Safepoint "RevokeBias", Time since last: 118800 ns, Reaching safepoint: 93600 ns, At safepoint: 53100 ns, Total: 146700 ns
[2020-04-26T18:54:16.153+0000][1][safepoint    ] Safepoint "RevokeBias", Time since last: 146000 ns, Reaching safepoint: 91700 ns, At safepoint: 53500 ns, Total: 145200 ns
[2020-04-26T18:54:16.154+0000][1][safepoint    ] Safepoint "RevokeBias", Time since last: 118600 ns, Reaching safepoint: 92400 ns, At safepoint: 57300 ns, Total: 149700 ns
[2020-04-26T18:54:16.154+0000][1][safepoint    ] Safepoint "RevokeBias", Time since last: 124200 ns, Reaching safepoint: 96900 ns, At safepoint: 70300 ns, Total: 167200 ns
[2020-04-26T18:54:16.154+0000][1][safepoint    ] Safepoint "RevokeBias", Time since last: 118500 ns, Reaching safepoint: 92300 ns, At safepoint: 56600 ns, Total: 148900 ns
[2020-04-26T18:54:16.154+0000][1][safepoint    ] Safepoint "RevokeBias", Time since last: 135100 ns, Reaching safepoint: 92100 ns, At safepoint: 67500 ns, Total: 159600 ns
[2020-04-26T18:54:16.155+0000][1][safepoint    ] Safepoint "RevokeBias", Time since last: 118100 ns, Reaching safepoint: 91000 ns, At safepoint: 64800 ns, Total: 155800 ns
[2020-04-26T18:54:16.155+0000][1][safepoint    ] Safepoint "RevokeBias", Time since last: 257900 ns, Reaching safepoint: 10600 ns, At safepoint: 56300 ns, Total: 66900 ns
[2020-04-26T18:54:16.155+0000][1][safepoint    ] Safepoint "RevokeBias", Time since last: 118900 ns, Reaching safepoint: 91200 ns, At safepoint: 67700 ns, Total: 158900 ns
[2020-04-26T18:54:16.156+0000][1][safepoint    ] Safepoint "RevokeBias", Time since last: 138000 ns, Reaching safepoint: 168100 ns, At safepoint: 67000 ns, Total: 235100 ns
[2020-04-26T18:54:16.156+0000][1][safepoint    ] Safepoint "RevokeBias", Time since last: 131300 ns, Reaching safepoint: 94300 ns, At safepoint: 61900 ns, Total: 156200 ns
[2020-04-26T18:54:16.156+0000][1][safepoint    ] Safepoint "RevokeBias", Time since last: 136500 ns, Reaching safepoint: 90800 ns, At safepoint: 69700 ns, Total: 160500 ns
[2020-04-26T18:54:16.157+0000][1][safepoint    ] Safepoint "RevokeBias", Time since last: 116800 ns, Reaching safepoint: 87600 ns, At safepoint: 57800 ns, Total: 145400 ns
[2020-04-26T18:54:16.157+0000][1][safepoint    ] Safepoint "RevokeBias", Time since last: 115600 ns, Reaching safepoint: 87200 ns, At safepoint: 58800 ns, Total: 146000 ns
[2020-04-26T18:54:16.157+0000][1][safepoint    ] Safepoint "RevokeBias", Time since last: 118100 ns, Reaching safepoint: 9300 ns, At safepoint: 49600 ns, Total: 58900 ns
[2020-04-26T18:54:16.157+0000][1][safepoint    ] Safepoint "RevokeBias", Time since last: 74600 ns, Reaching safepoint: 87800 ns, At safepoint: 70300 ns, Total: 158100 ns
[2020-04-26T18:54:16.157+0000][1][safepoint    ] Safepoint "RevokeBias", Time since last: 80000 ns, Reaching safepoint: 88500 ns, At safepoint: 59000 ns, Total: 147500 ns
[2020-04-26T18:54:16.158+0000][1][safepoint    ] Safepoint "RevokeBias", Time since last: 118000 ns, Reaching safepoint: 88300 ns, At safepoint: 61200 ns, Total: 149500 ns
[2020-04-26T18:54:16.158+0000][1][safepoint    ] Safepoint "RevokeBias", Time since last: 118800 ns, Reaching safepoint: 8600 ns, At safepoint: 45700 ns, Total: 54300 ns
[2020-04-26T18:54:16.158+0000][1][safepoint    ] Safepoint "RevokeBias", Time since last: 169300 ns, Reaching safepoint: 14100 ns, At safepoint: 53800 ns, Total: 67900 ns
[2020-04-26T18:54:16.158+0000][1][safepoint    ] Safepoint "RevokeBias", Time since last: 170000 ns, Reaching safepoint: 93900 ns, At safepoint: 46800 ns, Total: 140700 ns
[2020-04-26T18:54:16.159+0000][1][safepoint    ] Safepoint "RevokeBias", Time since last: 133700 ns, Reaching safepoint: 97000 ns, At safepoint: 56100 ns, Total: 153100 ns
[2020-04-26T18:54:16.159+0000][1][safepoint    ] Safepoint "RevokeBias", Time since last: 113000 ns, Reaching safepoint: 88100 ns, At safepoint: 44600 ns, Total: 132700 ns
[2020-04-26T18:54:16.159+0000][1][safepoint    ] Safepoint "RevokeBias", Time since last: 114200 ns, Reaching safepoint: 92000 ns, At safepoint: 59500 ns, Total: 151500 ns
[2020-04-26T18:54:16.159+0000][1][safepoint    ] Safepoint "RevokeBias", Time since last: 99000 ns, Reaching safepoint: 87900 ns, At safepoint: 46200 ns, Total: 134100 ns
[2020-04-26T18:54:16.160+0000][1][safepoint    ] Safepoint "RevokeBias", Time since last: 95000 ns, Reaching safepoint: 9300 ns, At safepoint: 45900 ns, Total: 55200 ns
[2020-04-26T18:54:16.213+0000][1][safepoint    ] Safepoint "RevokeBias", Time since last: 53404500 ns, Reaching safepoint: 40400 ns, At safepoint: 71100 ns, Total: 111500 ns
[2020-04-26T18:54:16.318+0000][1][safepoint    ] Safepoint "Deoptimize", Time since last: 105042000 ns, Reaching safepoint: 43200 ns, At safepoint: 211800 ns, Total: 255000 ns
[2020-04-26T18:54:16.323+0000][1][gc,start     ] GC(2) Pause Young (Allocation Failure)
[2020-04-26T18:54:16.323+0000][1][gc,task      ] GC(2) Using 10 workers of 10 for evacuation
[2020-04-26T18:54:16.325+0000][1][gc,age       ] GC(2) Desired survivor size 8945664 bytes, new threshold 6 (max threshold 6)
[2020-04-26T18:54:16.325+0000][1][gc,age       ] GC(2) Age table with threshold 6 (max threshold 6)
[2020-04-26T18:54:16.325+0000][1][gc,age       ] GC(2) - age   1:    1978960 bytes,    1978960 total
[2020-04-26T18:54:16.325+0000][1][gc,age       ] GC(2) - age   2:    1618584 bytes,    3597544 total
[2020-04-26T18:54:16.325+0000][1][gc,heap      ] GC(2) ParNew: 147363K->4934K(157248K)
[2020-04-26T18:54:16.325+0000][1][gc,heap      ] GC(2) CMS: 9563K->9563K(349568K)
[2020-04-26T18:54:16.325+0000][1][gc,metaspace ] GC(2) Metaspace: 19164K->19164K(1067008K)
[2020-04-26T18:54:16.325+0000][1][gc           ] GC(2) Pause Young (Allocation Failure) 153M->14M(494M) 2.158ms
[2020-04-26T18:54:16.325+0000][1][gc,cpu       ] GC(2) User=0.01s Sys=0.00s Real=0.00s
[2020-04-26T18:54:16.325+0000][1][safepoint    ] Safepoint "GenCollectForAllocation", Time since last: 4755800 ns, Reaching safepoint: 18900 ns, At safepoint: 2216600 ns, Total: 2235500 ns
[2020-04-26T18:54:16.326+0000][1][safepoint    ] Safepoint "BulkRevokeBias", Time since last: 193500 ns, Reaching safepoint: 53000 ns, At safepoint: 95700 ns, Total: 148700 ns
[2020-04-26T18:54:16.326+0000][1][safepoint    ] Safepoint "RevokeBias", Time since last: 197700 ns, Reaching safepoint: 105400 ns, At safepoint: 60200 ns, Total: 165600 ns
[2020-04-26T18:54:16.327+0000][1][safepoint    ] Safepoint "RevokeBias", Time since last: 156800 ns, Reaching safepoint: 97800 ns, At safepoint: 109700 ns, Total: 207500 ns
[2020-04-26T18:54:16.327+0000][1][safepoint    ] Safepoint "RevokeBias", Time since last: 134900 ns, Reaching safepoint: 111000 ns, At safepoint: 79500 ns, Total: 190500 ns
[2020-04-26T18:54:16.327+0000][1][safepoint    ] Safepoint "RevokeBias", Time since last: 209800 ns, Reaching safepoint: 95800 ns, At safepoint: 113000 ns, Total: 208800 ns
[2020-04-26T18:54:16.328+0000][1][safepoint    ] Safepoint "RevokeBias", Time since last: 148300 ns, Reaching safepoint: 96700 ns, At safepoint: 105000 ns, Total: 201700 ns
[2020-04-26T18:54:16.328+0000][1][safepoint    ] Safepoint "RevokeBias", Time since last: 152500 ns, Reaching safepoint: 97500 ns, At safepoint: 108900 ns, Total: 206400 ns
[2020-04-26T18:54:16.328+0000][1][safepoint    ] Safepoint "RevokeBias", Time since last: 149300 ns, Reaching safepoint: 110500 ns, At safepoint: 106800 ns, Total: 217300 ns
[2020-04-26T18:54:16.329+0000][1][safepoint    ] Safepoint "RevokeBias", Time since last: 143600 ns, Reaching safepoint: 95500 ns, At safepoint: 117400 ns, Total: 212900 ns
[2020-04-26T18:54:16.329+0000][1][safepoint    ] Safepoint "BulkRevokeBias", Time since last: 144200 ns, Reaching safepoint: 101100 ns, At safepoint: 112400 ns, Total: 213500 ns
[2020-04-26T18:54:16.329+0000][1][safepoint    ] Safepoint "BulkRevokeBias", Time since last: 146400 ns, Reaching safepoint: 94200 ns, At safepoint: 119800 ns, Total: 214000 ns
[2020-04-26T18:54:16.350+0000][1][safepoint    ] Safepoint "Deoptimize", Time since last: 20394000 ns, Reaching safepoint: 112000 ns, At safepoint: 242200 ns, Total: 354200 ns
[2020-04-26T18:54:16.483+0000][1][gc,start     ] GC(3) Pause Young (Allocation Failure)
[2020-04-26T18:54:16.483+0000][1][gc,task      ] GC(3) Using 10 workers of 10 for evacuation
[2020-04-26T18:54:16.488+0000][1][gc,age       ] GC(3) Desired survivor size 8945664 bytes, new threshold 6 (max threshold 6)
[2020-04-26T18:54:16.488+0000][1][gc,age       ] GC(3) Age table with threshold 6 (max threshold 6)
[2020-04-26T18:54:16.488+0000][1][gc,age       ] GC(3) - age   1:    3681000 bytes,    3681000 total
[2020-04-26T18:54:16.488+0000][1][gc,age       ] GC(3) - age   2:    1896992 bytes,    5577992 total
[2020-04-26T18:54:16.488+0000][1][gc,age       ] GC(3) - age   3:    1614256 bytes,    7192248 total
[2020-04-26T18:54:16.488+0000][1][gc,heap      ] GC(3) ParNew: 144710K->8150K(157248K)
[2020-04-26T18:54:16.488+0000][1][gc,heap      ] GC(3) CMS: 9563K->9563K(349568K)
[2020-04-26T18:54:16.488+0000][1][gc,metaspace ] GC(3) Metaspace: 19545K->19545K(1067008K)
[2020-04-26T18:54:16.488+0000][1][gc           ] GC(3) Pause Young (Allocation Failure) 150M->17M(494M) 5.115ms
[2020-04-26T18:54:16.488+0000][1][gc,cpu       ] GC(3) User=0.06s Sys=0.00s Real=0.01s
[2020-04-26T18:54:16.488+0000][1][safepoint    ] Safepoint "GenCollectForAllocation", Time since last: 132764800 ns, Reaching safepoint: 48900 ns, At safepoint: 5198200 ns, Total: 5247100 ns
[2020-04-26T18:54:16.643+0000][1][gc,start     ] GC(4) Pause Young (Allocation Failure)
[2020-04-26T18:54:16.643+0000][1][gc,task      ] GC(4) Using 10 workers of 10 for evacuation
[2020-04-26T18:54:16.646+0000][1][gc,age       ] GC(4) Desired survivor size 8945664 bytes, new threshold 6 (max threshold 6)
[2020-04-26T18:54:16.646+0000][1][gc,age       ] GC(4) Age table with threshold 6 (max threshold 6)
[2020-04-26T18:54:16.646+0000][1][gc,age       ] GC(4) - age   1:     800280 bytes,     800280 total
[2020-04-26T18:54:16.646+0000][1][gc,age       ] GC(4) - age   2:    2135320 bytes,    2935600 total
[2020-04-26T18:54:16.646+0000][1][gc,age       ] GC(4) - age   3:    1896336 bytes,    4831936 total
[2020-04-26T18:54:16.646+0000][1][gc,age       ] GC(4) - age   4:    1614288 bytes,    6446224 total
[2020-04-26T18:54:16.646+0000][1][gc,heap      ] GC(4) ParNew: 147926K->9024K(157248K)
[2020-04-26T18:54:16.646+0000][1][gc,heap      ] GC(4) CMS: 9563K->9563K(349568K)
[2020-04-26T18:54:16.646+0000][1][gc,metaspace ] GC(4) Metaspace: 19818K->19818K(1067008K)
[2020-04-26T18:54:16.646+0000][1][gc           ] GC(4) Pause Young (Allocation Failure) 153M->18M(494M) 3.530ms
[2020-04-26T18:54:16.646+0000][1][gc,cpu       ] GC(4) User=0.01s Sys=0.00s Real=0.00s
[2020-04-26T18:54:16.646+0000][1][safepoint    ] Safepoint "GenCollectForAllocation", Time since last: 154445300 ns, Reaching safepoint: 27400 ns, At safepoint: 3613700 ns, Total: 3641100 ns
[2020-04-26T18:54:16.683+0000][1][safepoint    ] Safepoint "CollectForMetadataAllocation", Time since last: 36926500 ns, Reaching safepoint: 22000 ns, At safepoint: 136500 ns, Total: 158500 ns
[2020-04-26T18:54:16.692+0000][1][safepoint    ] Safepoint "CollectForMetadataAllocation", Time since last: 8529300 ns, Reaching safepoint: 22000 ns, At safepoint: 130900 ns, Total: 152900 ns
[2020-04-26T18:54:16.708+0000][1][safepoint    ] Safepoint "CollectForMetadataAllocation", Time since last: 15467200 ns, Reaching safepoint: 23400 ns, At safepoint: 110900 ns, Total: 134300 ns
[2020-04-26T18:54:16.794+0000][1][gc,start     ] GC(5) Pause Young (Allocation Failure)
[2020-04-26T18:54:16.794+0000][1][gc,task      ] GC(5) Using 10 workers of 10 for evacuation
[2020-04-26T18:54:16.797+0000][1][gc,age       ] GC(5) Desired survivor size 8945664 bytes, new threshold 6 (max threshold 6)
[2020-04-26T18:54:16.798+0000][1][gc,age       ] GC(5) Age table with threshold 6 (max threshold 6)
[2020-04-26T18:54:16.798+0000][1][gc,age       ] GC(5) - age   1:     965752 bytes,     965752 total
[2020-04-26T18:54:16.798+0000][1][gc,age       ] GC(5) - age   2:     559600 bytes,    1525352 total
[2020-04-26T18:54:16.798+0000][1][gc,age       ] GC(5) - age   3:    2135104 bytes,    3660456 total
[2020-04-26T18:54:16.798+0000][1][gc,age       ] GC(5) - age   4:    1896336 bytes,    5556792 total
[2020-04-26T18:54:16.798+0000][1][gc,age       ] GC(5) - age   5:    1614256 bytes,    7171048 total
[2020-04-26T18:54:16.798+0000][1][gc,heap      ] GC(5) ParNew: 148800K->8549K(157248K)
[2020-04-26T18:54:16.798+0000][1][gc,heap      ] GC(5) CMS: 9563K->9563K(349568K)
[2020-04-26T18:54:16.798+0000][1][gc,metaspace ] GC(5) Metaspace: 20755K->20755K(1069056K)
[2020-04-26T18:54:16.798+0000][1][gc           ] GC(5) Pause Young (Allocation Failure) 154M->17M(494M) 3.601ms
[2020-04-26T18:54:16.798+0000][1][gc,cpu       ] GC(5) User=0.02s Sys=0.00s Real=0.00s
[2020-04-26T18:54:16.798+0000][1][safepoint    ] Safepoint "GenCollectForAllocation", Time since last: 86323900 ns, Reaching safepoint: 26800 ns, At safepoint: 3696400 ns, Total: 3723200 ns
[2020-04-26T18:54:16.798+0000][1][gc,start     ] GC(6) Pause Initial Mark
[2020-04-26T18:54:16.799+0000][1][gc           ] GC(6) Pause Initial Mark 20M->20M(494M) 0.912ms
[2020-04-26T18:54:16.799+0000][1][gc,cpu       ] GC(6) User=0.00s Sys=0.00s Real=0.00s
[2020-04-26T18:54:16.799+0000][1][safepoint    ] Safepoint "CMS_Initial_Mark", Time since last: 202900 ns, Reaching safepoint: 135100 ns, At safepoint: 999500 ns, Total: 1134600 ns
[2020-04-26T18:54:16.799+0000][1][gc           ] GC(6) Concurrent Mark
[2020-04-26T18:54:16.800+0000][1][gc,task      ] GC(6) Using 3 workers of 3 for marking
[2020-04-26T18:54:16.806+0000][1][gc           ] GC(6) Concurrent Mark 6.753ms
[2020-04-26T18:54:16.806+0000][1][gc,cpu       ] GC(6) User=0.02s Sys=0.00s Real=0.00s
[2020-04-26T18:54:16.806+0000][1][gc           ] GC(6) Concurrent Preclean
[2020-04-26T18:54:16.806+0000][1][gc           ] GC(6) Concurrent Preclean 0.577ms
[2020-04-26T18:54:16.807+0000][1][gc,cpu       ] GC(6) User=0.00s Sys=0.00s Real=0.00s
[2020-04-26T18:54:16.807+0000][1][gc           ] GC(6) Concurrent Abortable Preclean
[2020-04-26T18:54:16.917+0000][1][gc,start     ] GC(7) Pause Young (Allocation Failure)
[2020-04-26T18:54:16.917+0000][1][gc,task      ] GC(7) Using 10 workers of 10 for evacuation
[2020-04-26T18:54:16.920+0000][1][gc,age       ] GC(7) Desired survivor size 8945664 bytes, new threshold 6 (max threshold 6)
[2020-04-26T18:54:16.920+0000][1][gc,age       ] GC(7) Age table with threshold 6 (max threshold 6)
[2020-04-26T18:54:16.920+0000][1][gc,age       ] GC(7) - age   1:    1194952 bytes,    1194952 total
[2020-04-26T18:54:16.920+0000][1][gc,age       ] GC(7) - age   2:     763128 bytes,    1958080 total
[2020-04-26T18:54:16.920+0000][1][gc,age       ] GC(7) - age   3:     559600 bytes,    2517680 total
[2020-04-26T18:54:16.920+0000][1][gc,age       ] GC(7) - age   4:    2134664 bytes,    4652344 total
[2020-04-26T18:54:16.920+0000][1][gc,age       ] GC(7) - age   5:    1896336 bytes,    6548680 total
[2020-04-26T18:54:16.920+0000][1][gc,age       ] GC(7) - age   6:    1614256 bytes,    8162936 total
[2020-04-26T18:54:16.920+0000][1][gc,heap      ] GC(7) ParNew: 148325K->11071K(157248K)
[2020-04-26T18:54:16.920+0000][1][gc,heap      ] GC(7) CMS: 9563K->9563K(349568K)
[2020-04-26T18:54:16.920+0000][1][gc,metaspace ] GC(7) Metaspace: 20942K->20942K(1069056K)
[2020-04-26T18:54:16.920+0000][1][gc           ] GC(7) Pause Young (Allocation Failure) 154M->20M(494M) 3.598ms
[2020-04-26T18:54:16.920+0000][1][gc,cpu       ] GC(7) User=0.02s Sys=0.00s Real=0.01s
[2020-04-26T18:54:16.921+0000][1][safepoint    ] Safepoint "GenCollectForAllocation", Time since last: 117684800 ns, Reaching safepoint: 123500 ns, At safepoint: 3748800 ns, Total: 3872300 ns
[2020-04-26T18:54:16.945+0000][1][safepoint    ] Safepoint "CollectForMetadataAllocation", Time since last: 24603300 ns, Reaching safepoint: 157600 ns, At safepoint: 156400 ns, Total: 314000 ns
[2020-04-26T18:54:17.033+0000][1][gc,start     ] GC(8) Pause Young (Allocation Failure)
[2020-04-26T18:54:17.033+0000][1][gc,task      ] GC(8) Using 10 workers of 10 for evacuation
[2020-04-26T18:54:17.038+0000][1][gc,age       ] GC(8) Desired survivor size 8945664 bytes, new threshold 6 (max threshold 6)
[2020-04-26T18:54:17.038+0000][1][gc,age       ] GC(8) Age table with threshold 6 (max threshold 6)
[2020-04-26T18:54:17.038+0000][1][gc,age       ] GC(8) - age   1:     765424 bytes,     765424 total
[2020-04-26T18:54:17.038+0000][1][gc,age       ] GC(8) - age   2:     416736 bytes,    1182160 total
[2020-04-26T18:54:17.038+0000][1][gc,age       ] GC(8) - age   3:     762904 bytes,    1945064 total
[2020-04-26T18:54:17.038+0000][1][gc,age       ] GC(8) - age   4:     559600 bytes,    2504664 total
[2020-04-26T18:54:17.038+0000][1][gc,age       ] GC(8) - age   5:    2134528 bytes,    4639192 total
[2020-04-26T18:54:17.038+0000][1][gc,age       ] GC(8) - age   6:    1896336 bytes,    6535528 total
[2020-04-26T18:54:17.038+0000][1][gc,heap      ] GC(8) ParNew: 150847K->10274K(157248K)
[2020-04-26T18:54:17.038+0000][1][gc,heap      ] GC(8) CMS: 9563K->11155K(349568K)
[2020-04-26T18:54:17.038+0000][1][gc,metaspace ] GC(8) Metaspace: 21048K->21048K(1069056K)
[2020-04-26T18:54:17.038+0000][1][gc           ] GC(8) Pause Young (Allocation Failure) 156M->20M(494M) 4.330ms
[2020-04-26T18:54:17.038+0000][1][gc,cpu       ] GC(8) User=0.03s Sys=0.00s Real=0.00s
[2020-04-26T18:54:17.038+0000][1][safepoint    ] Safepoint "GenCollectForAllocation", Time since last: 87861700 ns, Reaching safepoint: 42100 ns, At safepoint: 4387600 ns, Total: 4429700 ns
[2020-04-26T18:54:17.069+0000][1][safepoint    ] Safepoint "CollectForMetadataAllocation", Time since last: 30729400 ns, Reaching safepoint: 43300 ns, At safepoint: 108700 ns, Total: 152000 ns
[2020-04-26T18:54:17.099+0000][1][safepoint    ] Safepoint "CollectForMetadataAllocation", Time since last: 29841600 ns, Reaching safepoint: 33200 ns, At safepoint: 74400 ns, Total: 107600 ns
[2020-04-26T18:54:17.110+0000][1][safepoint    ] Safepoint "CollectForMetadataAllocation", Time since last: 11569300 ns, Reaching safepoint: 32900 ns, At safepoint: 105500 ns, Total: 138400 ns
[2020-04-26T18:54:17.125+0000][1][safepoint    ] Safepoint "CollectForMetadataAllocation", Time since last: 14179400 ns, Reaching safepoint: 35500 ns, At safepoint: 77000 ns, Total: 112500 ns
[2020-04-26T18:54:17.132+0000][1][safepoint    ] Safepoint "CollectForMetadataAllocation", Time since last: 7091400 ns, Reaching safepoint: 27200 ns, At safepoint: 84800 ns, Total: 112000 ns
[2020-04-26T18:54:17.147+0000][1][safepoint    ] Safepoint "CollectForMetadataAllocation", Time since last: 14571000 ns, Reaching safepoint: 116800 ns, At safepoint: 120800 ns, Total: 237600 ns
[2020-04-26T18:54:17.166+0000][1][safepoint    ] Safepoint "CollectForMetadataAllocation", Time since last: 19606500 ns, Reaching safepoint: 23100 ns, At safepoint: 109200 ns, Total: 132300 ns
[2020-04-26T18:54:17.182+0000][1][safepoint    ] Safepoint "CollectForMetadataAllocation", Time since last: 15215300 ns, Reaching safepoint: 31100 ns, At safepoint: 107200 ns, Total: 138300 ns
[2020-04-26T18:54:17.191+0000][1][safepoint    ] Safepoint "CollectForMetadataAllocation", Time since last: 9073700 ns, Reaching safepoint: 30000 ns, At safepoint: 75500 ns, Total: 105500 ns
[2020-04-26T18:54:17.202+0000][1][safepoint    ] Safepoint "CollectForMetadataAllocation", Time since last: 10413100 ns, Reaching safepoint: 116900 ns, At safepoint: 138200 ns, Total: 255100 ns
[2020-04-26T18:54:17.217+0000][1][safepoint    ] Safepoint "CollectForMetadataAllocation", Time since last: 15191700 ns, Reaching safepoint: 52500 ns, At safepoint: 208600 ns, Total: 261100 ns
[2020-04-26T18:54:17.229+0000][1][safepoint    ] Safepoint "CollectForMetadataAllocation", Time since last: 11999500 ns, Reaching safepoint: 18200 ns, At safepoint: 112700 ns, Total: 130900 ns
[2020-04-26T18:54:17.249+0000][1][safepoint    ] Safepoint "CollectForMetadataAllocation", Time since last: 19891700 ns, Reaching safepoint: 33200 ns, At safepoint: 73600 ns, Total: 106800 ns
[2020-04-26T18:54:17.258+0000][1][safepoint    ] Safepoint "CollectForMetadataAllocation", Time since last: 9037300 ns, Reaching safepoint: 22800 ns, At safepoint: 151500 ns, Total: 174300 ns
[2020-04-26T18:54:17.272+0000][1][safepoint    ] Safepoint "CollectForMetadataAllocation", Time since last: 13022000 ns, Reaching safepoint: 36900 ns, At safepoint: 115400 ns, Total: 152300 ns
[2020-04-26T18:54:17.280+0000][1][safepoint    ] Safepoint "CollectForMetadataAllocation", Time since last: 8402800 ns, Reaching safepoint: 231000 ns, At safepoint: 214000 ns, Total: 445000 ns
[2020-04-26T18:54:17.293+0000][1][safepoint    ] Safepoint "CollectForMetadataAllocation", Time since last: 12877000 ns, Reaching safepoint: 28200 ns, At safepoint: 127000 ns, Total: 155200 ns
[2020-04-26T18:54:17.318+0000][1][safepoint    ] Safepoint "CollectForMetadataAllocation", Time since last: 24189900 ns, Reaching safepoint: 30600 ns, At safepoint: 98200 ns, Total: 128800 ns
[2020-04-26T18:54:17.318+0000][1][gc           ] GC(6) Concurrent Abortable Preclean 511.633ms
[2020-04-26T18:54:17.318+0000][1][gc,cpu       ] GC(6) User=1.85s Sys=0.06s Real=0.52s
[2020-04-26T18:54:17.318+0000][1][gc,start     ] GC(6) Pause Remark
[2020-04-26T18:54:17.329+0000][1][gc           ] GC(6) Pause Remark 91M->91M(494M) 11.105ms
[2020-04-26T18:54:17.330+0000][1][gc,cpu       ] GC(6) User=0.06s Sys=0.01s Real=0.01s
[2020-04-26T18:54:17.330+0000][1][safepoint    ] Safepoint "CMS_Final_Remark", Time since last: 537500 ns, Reaching safepoint: 96700 ns, At safepoint: 11187800 ns, Total: 11284500 ns
[2020-04-26T18:54:17.330+0000][1][gc           ] GC(6) Concurrent Sweep
[2020-04-26T18:54:17.333+0000][1][gc           ] GC(6) Concurrent Sweep 3.353ms
[2020-04-26T18:54:17.333+0000][1][gc,cpu       ] GC(6) User=0.01s Sys=0.00s Real=0.00s
[2020-04-26T18:54:17.333+0000][1][gc           ] GC(6) Concurrent Reset
[2020-04-26T18:54:17.333+0000][1][gc           ] GC(6) Concurrent Reset 0.431ms
[2020-04-26T18:54:17.333+0000][1][gc,cpu       ] GC(6) User=0.00s Sys=0.00s Real=0.00s
[2020-04-26T18:54:17.333+0000][1][gc,heap      ] GC(6) Old: 9563K->11152K(349568K)
[2020-04-26T18:54:17.343+0000][1][safepoint    ] Safepoint "Deoptimize", Time since last: 12795500 ns, Reaching safepoint: 379200 ns, At safepoint: 212800 ns, Total: 592000 ns
[2020-04-26T18:54:17.346+0000][1][safepoint    ] Safepoint "Deoptimize", Time since last: 2595000 ns, Reaching safepoint: 16400 ns, At safepoint: 199400 ns, Total: 215800 ns
[2020-04-26T18:54:17.727+0000][1][safepoint    ] Safepoint "RevokeBias", Time since last: 381455700 ns, Reaching safepoint: 186600 ns, At safepoint: 60700 ns, Total: 247300 ns
[2020-04-26T18:54:17.943+0000][1][gc,start     ] GC(9) Pause Young (Allocation Failure)
[2020-04-26T18:54:17.943+0000][1][gc,task      ] GC(9) Using 10 workers of 10 for evacuation
[2020-04-26T18:54:17.959+0000][1][gc,age       ] GC(9) Desired survivor size 8945664 bytes, new threshold 1 (max threshold 6)
[2020-04-26T18:54:17.959+0000][1][gc,age       ] GC(9) Age table with threshold 1 (max threshold 6)
[2020-04-26T18:54:17.959+0000][1][gc,age       ] GC(9) - age   1:   13462528 bytes,   13462528 total
[2020-04-26T18:54:17.959+0000][1][gc,age       ] GC(9) - age   2:     206608 bytes,   13669136 total
[2020-04-26T18:54:17.959+0000][1][gc,age       ] GC(9) - age   3:     333760 bytes,   14002896 total
[2020-04-26T18:54:17.959+0000][1][gc,age       ] GC(9) - age   4:     672752 bytes,   14675648 total
[2020-04-26T18:54:17.959+0000][1][gc,age       ] GC(9) - age   5:     516136 bytes,   15191784 total
[2020-04-26T18:54:17.959+0000][1][gc,age       ] GC(9) - age   6:    2100592 bytes,   17292376 total
[2020-04-26T18:54:17.959+0000][1][gc,heap      ] GC(9) ParNew: 150050K->17472K(157248K)
[2020-04-26T18:54:17.959+0000][1][gc,heap      ] GC(9) CMS: 11152K->13386K(349568K)
[2020-04-26T18:54:17.959+0000][1][gc,metaspace ] GC(9) Metaspace: 28077K->28077K(1075200K)
[2020-04-26T18:54:17.959+0000][1][gc           ] GC(9) Pause Young (Allocation Failure) 157M->30M(494M) 16.467ms
[2020-04-26T18:54:17.959+0000][1][gc,cpu       ] GC(9) User=0.17s Sys=0.01s Real=0.02s
[2020-04-26T18:54:17.959+0000][1][safepoint    ] Safepoint "GenCollectForAllocation", Time since last: 215211600 ns, Reaching safepoint: 55200 ns, At safepoint: 16600300 ns, Total: 16655500 ns
[2020-04-26T18:54:18.486+0000][1][safepoint    ] Safepoint "Deoptimize", Time since last: 526516500 ns, Reaching safepoint: 25300 ns, At safepoint: 272900 ns, Total: 298200 ns
[2020-04-26T18:54:18.781+0000][1][gc,start     ] GC(10) Pause Young (Allocation Failure)
[2020-04-26T18:54:18.781+0000][1][gc,task      ] GC(10) Using 10 workers of 10 for evacuation
[2020-04-26T18:54:18.808+0000][1][gc,age       ] GC(10) Desired survivor size 8945664 bytes, new threshold 1 (max threshold 6)
[2020-04-26T18:54:18.808+0000][1][gc,age       ] GC(10) Age table with threshold 1 (max threshold 6)
[2020-04-26T18:54:18.808+0000][1][gc,age       ] GC(10) - age   1:   15261136 bytes,   15261136 total
[2020-04-26T18:54:18.808+0000][1][gc,heap      ] GC(10) ParNew: 157248K->17472K(157248K)
[2020-04-26T18:54:18.808+0000][1][gc,heap      ] GC(10) CMS: 13386K->31850K(349568K)
[2020-04-26T18:54:18.808+0000][1][gc,metaspace ] GC(10) Metaspace: 30884K->30884K(1077248K)
[2020-04-26T18:54:18.808+0000][1][gc           ] GC(10) Pause Young (Allocation Failure) 166M->48M(494M) 26.881ms
[2020-04-26T18:54:18.808+0000][1][gc,cpu       ] GC(10) User=0.24s Sys=0.01s Real=0.03s
[2020-04-26T18:54:18.808+0000][1][safepoint    ] Safepoint "GenCollectForAllocation", Time since last: 294842900 ns, Reaching safepoint: 141400 ns, At safepoint: 27002000 ns, Total: 27143400 ns
[2020-04-26T18:54:18.830+0000][1][safepoint    ] Safepoint "RevokeBias", Time since last: 22096800 ns, Reaching safepoint: 39000 ns, At safepoint: 74300 ns, Total: 113300 ns
[2020-04-26T18:54:18.849+0000][1][safepoint    ] Safepoint "RevokeBias", Time since last: 18616800 ns, Reaching safepoint: 18900 ns, At safepoint: 70600 ns, Total: 89500 ns
[2020-04-26T18:54:18.851+0000][1][safepoint    ] Safepoint "RevokeBias", Time since last: 1830300 ns, Reaching safepoint: 155100 ns, At safepoint: 45800 ns, Total: 200900 ns
[2020-04-26T18:54:18.855+0000][1][safepoint    ] Safepoint "RevokeBias", Time since last: 3349400 ns, Reaching safepoint: 100900 ns, At safepoint: 69200 ns, Total: 170100 ns
[2020-04-26T18:54:18.860+0000][1][safepoint    ] Safepoint "RevokeBias", Time since last: 5063800 ns, Reaching safepoint: 15800 ns, At safepoint: 42900 ns, Total: 58700 ns
[2020-04-26T18:54:18.863+0000][1][safepoint    ] Safepoint "RevokeBias", Time since last: 2842200 ns, Reaching safepoint: 18600 ns, At safepoint: 51500 ns, Total: 70100 ns
[2020-04-26T18:54:18.867+0000][1][safepoint    ] Safepoint "RevokeBias", Time since last: 3924900 ns, Reaching safepoint: 15100 ns, At safepoint: 57200 ns, Total: 72300 ns
[2020-04-26T18:54:19.191+0000][1][gc,start     ] GC(11) Pause Young (Allocation Failure)
[2020-04-26T18:54:19.191+0000][1][gc,task      ] GC(11) Using 10 workers of 10 for evacuation
[2020-04-26T18:54:19.204+0000][1][gc,age       ] GC(11) Desired survivor size 8945664 bytes, new threshold 6 (max threshold 6)
[2020-04-26T18:54:19.204+0000][1][gc,age       ] GC(11) Age table with threshold 6 (max threshold 6)
[2020-04-26T18:54:19.204+0000][1][gc,age       ] GC(11) - age   1:    2872632 bytes,    2872632 total
[2020-04-26T18:54:19.204+0000][1][gc,heap      ] GC(11) ParNew: 157248K->14413K(157248K)
[2020-04-26T18:54:19.204+0000][1][gc,heap      ] GC(11) CMS: 31850K->47312K(349568K)
[2020-04-26T18:54:19.204+0000][1][gc,metaspace ] GC(11) Metaspace: 34401K->34401K(1081344K)
[2020-04-26T18:54:19.204+0000][1][gc           ] GC(11) Pause Young (Allocation Failure) 184M->60M(494M) 12.304ms
[2020-04-26T18:54:19.204+0000][1][gc,cpu       ] GC(11) User=0.11s Sys=0.00s Real=0.01s
[2020-04-26T18:54:19.204+0000][1][safepoint    ] Safepoint "GenCollectForAllocation", Time since last: 324578400 ns, Reaching safepoint: 212100 ns, At safepoint: 12416700 ns, Total: 12628800 ns
[2020-04-26T18:54:19.350+0000][1][safepoint    ] Safepoint "Deoptimize", Time since last: 145676000 ns, Reaching safepoint: 52200 ns, At safepoint: 330700 ns, Total: 382900 ns
[2020-04-26T18:54:19.354+0000][1][safepoint    ] Safepoint "Deoptimize", Time since last: 3541800 ns, Reaching safepoint: 27000 ns, At safepoint: 532200 ns, Total: 559200 ns
[2020-04-26T18:54:19.372+0000][1][safepoint    ] Safepoint "RevokeBias", Time since last: 17941100 ns, Reaching safepoint: 31400 ns, At safepoint: 87600 ns, Total: 119000 ns
[2020-04-26T18:54:19.374+0000][1][safepoint    ] Safepoint "Deoptimize", Time since last: 930200 ns, Reaching safepoint: 123800 ns, At safepoint: 403200 ns, Total: 527000 ns
[2020-04-26T18:54:19.392+0000][1][safepoint    ] Safepoint "RevokeBias", Time since last: 18386700 ns, Reaching safepoint: 116800 ns, At safepoint: 50900 ns, Total: 167700 ns
[2020-04-26T18:54:19.643+0000][1][safepoint    ] Safepoint "CollectForMetadataAllocation", Time since last: 250779100 ns, Reaching safepoint: 34700 ns, At safepoint: 120700 ns, Total: 155400 ns
[2020-04-26T18:54:19.659+0000][1][safepoint    ] Safepoint "CollectForMetadataAllocation", Time since last: 16050400 ns, Reaching safepoint: 22200 ns, At safepoint: 142100 ns, Total: 164300 ns
[2020-04-26T18:54:19.677+0000][1][safepoint    ] Safepoint "CollectForMetadataAllocation", Time since last: 17886300 ns, Reaching safepoint: 19500 ns, At safepoint: 89600 ns, Total: 109100 ns
[2020-04-26T18:54:19.680+0000][1][safepoint    ] Safepoint "RevokeBias", Time since last: 2133800 ns, Reaching safepoint: 140000 ns, At safepoint: 59700 ns, Total: 199700 ns
[2020-04-26T18:54:19.680+0000][1][safepoint    ] Safepoint "RevokeBias", Time since last: 194200 ns, Reaching safepoint: 102600 ns, At safepoint: 57100 ns, Total: 159700 ns
[2020-04-26T18:54:19.692+0000][1][safepoint    ] Safepoint "CollectForMetadataAllocation", Time since last: 11750600 ns, Reaching safepoint: 20400 ns, At safepoint: 108500 ns, Total: 128900 ns
[2020-04-26T18:54:19.717+0000][1][safepoint    ] Safepoint "CollectForMetadataAllocation", Time since last: 25037200 ns, Reaching safepoint: 36200 ns, At safepoint: 176400 ns, Total: 212600 ns
[2020-04-26T18:54:19.750+0000][1][safepoint    ] Safepoint "CollectForMetadataAllocation", Time since last: 32427300 ns, Reaching safepoint: 28300 ns, At safepoint: 127100 ns, Total: 155400 ns
[2020-04-26T18:54:19.754+0000][1][safepoint    ] Safepoint "CollectForMetadataAllocation", Time since last: 3962800 ns, Reaching safepoint: 18800 ns, At safepoint: 117800 ns, Total: 136600 ns
[2020-04-26T18:54:19.758+0000][1][safepoint    ] Safepoint "Deoptimize", Time since last: 3570700 ns, Reaching safepoint: 16300 ns, At safepoint: 278800 ns, Total: 295100 ns
[2020-04-26T18:54:19.762+0000][1][safepoint    ] Safepoint "CollectForMetadataAllocation", Time since last: 4541700 ns, Reaching safepoint: 16400 ns, At safepoint: 107000 ns, Total: 123400 ns
[2020-04-26T18:54:19.778+0000][1][safepoint    ] Safepoint "CollectForMetadataAllocation", Time since last: 15942700 ns, Reaching safepoint: 161900 ns, At safepoint: 125800 ns, Total: 287700 ns
[2020-04-26T18:54:20.117+0000][1][safepoint    ] Safepoint "CollectForMetadataAllocation", Time since last: 338053900 ns, Reaching safepoint: 59500 ns, At safepoint: 74000 ns, Total: 133500 ns
[2020-04-26T18:54:20.263+0000][1][safepoint    ] Safepoint "CollectForMetadataAllocation", Time since last: 146532200 ns, Reaching safepoint: 40600 ns, At safepoint: 106200 ns, Total: 146800 ns
[2020-04-26T18:54:20.288+0000][1][safepoint    ] Safepoint "CollectForMetadataAllocation", Time since last: 24085800 ns, Reaching safepoint: 109100 ns, At safepoint: 130900 ns, Total: 240000 ns
[2020-04-26T18:54:20.300+0000][1][safepoint    ] Safepoint "Deoptimize", Time since last: 11590200 ns, Reaching safepoint: 28300 ns, At safepoint: 378100 ns, Total: 406400 ns
[2020-04-26T18:54:20.388+0000][1][safepoint    ] Safepoint "CollectForMetadataAllocation", Time since last: 88378600 ns, Reaching safepoint: 41100 ns, At safepoint: 144300 ns, Total: 185400 ns
[2020-04-26T18:54:20.423+0000][1][safepoint    ] Safepoint "CollectForMetadataAllocation", Time since last: 34386900 ns, Reaching safepoint: 214200 ns, At safepoint: 229800 ns, Total: 444000 ns
[2020-04-26T18:54:20.441+0000][1][safepoint    ] Safepoint "CollectForMetadataAllocation", Time since last: 17846500 ns, Reaching safepoint: 21700 ns, At safepoint: 116800 ns, Total: 138500 ns
[2020-04-26T18:54:20.451+0000][1][safepoint    ] Safepoint "RevokeBias", Time since last: 9569600 ns, Reaching safepoint: 24300 ns, At safepoint: 51500 ns, Total: 75800 ns
[2020-04-26T18:54:20.452+0000][1][safepoint    ] Safepoint "RevokeBias", Time since last: 1106500 ns, Reaching safepoint: 14600 ns, At safepoint: 48600 ns, Total: 63200 ns
[2020-04-26T18:54:20.460+0000][1][safepoint    ] Safepoint "CollectForMetadataAllocation", Time since last: 7626900 ns, Reaching safepoint: 25000 ns, At safepoint: 119600 ns, Total: 144600 ns
[2020-04-26T18:54:20.463+0000][1][safepoint    ] Safepoint "Deoptimize", Time since last: 2688500 ns, Reaching safepoint: 16100 ns, At safepoint: 302500 ns, Total: 318600 ns
[2020-04-26T18:54:20.474+0000][1][safepoint    ] Safepoint "CollectForMetadataAllocation", Time since last: 11444400 ns, Reaching safepoint: 123100 ns, At safepoint: 171300 ns, Total: 294400 ns
[2020-04-26T18:54:20.488+0000][1][safepoint    ] Safepoint "RevokeBias", Time since last: 12909900 ns, Reaching safepoint: 154500 ns, At safepoint: 75300 ns, Total: 229800 ns
[2020-04-26T18:54:20.510+0000][1][safepoint    ] Safepoint "RevokeBias", Time since last: 22627400 ns, Reaching safepoint: 107800 ns, At safepoint: 56500 ns, Total: 164300 ns
[2020-04-26T18:54:20.514+0000][1][safepoint    ] Safepoint "RevokeBias", Time since last: 3401600 ns, Reaching safepoint: 22600 ns, At safepoint: 104700 ns, Total: 127300 ns
[2020-04-26T18:54:20.537+0000][1][safepoint    ] Safepoint "CollectForMetadataAllocation", Time since last: 23249200 ns, Reaching safepoint: 36100 ns, At safepoint: 129700 ns, Total: 165800 ns
[2020-04-26T18:54:20.558+0000][1][safepoint    ] Safepoint "CollectForMetadataAllocation", Time since last: 20461300 ns, Reaching safepoint: 30400 ns, At safepoint: 94800 ns, Total: 125200 ns
[2020-04-26T18:54:20.572+0000][1][safepoint    ] Safepoint "CollectForMetadataAllocation", Time since last: 14201200 ns, Reaching safepoint: 21300 ns, At safepoint: 108500 ns, Total: 129800 ns
[2020-04-26T18:54:20.593+0000][1][safepoint    ] Safepoint "CollectForMetadataAllocation", Time since last: 21071100 ns, Reaching safepoint: 23200 ns, At safepoint: 142600 ns, Total: 165800 ns
[2020-04-26T18:54:20.614+0000][1][safepoint    ] Safepoint "RevokeBias", Time since last: 20304100 ns, Reaching safepoint: 254500 ns, At safepoint: 66600 ns, Total: 321100 ns
[2020-04-26T18:54:20.614+0000][1][safepoint    ] Safepoint "RevokeBias", Time since last: 93800 ns, Reaching safepoint: 95800 ns, At safepoint: 52700 ns, Total: 148500 ns
[2020-04-26T18:54:20.615+0000][1][safepoint    ] Safepoint "RevokeBias", Time since last: 144900 ns, Reaching safepoint: 94100 ns, At safepoint: 60400 ns, Total: 154500 ns
[2020-04-26T18:54:20.615+0000][1][safepoint    ] Safepoint "RevokeBias", Time since last: 125700 ns, Reaching safepoint: 91500 ns, At safepoint: 56500 ns, Total: 148000 ns
[2020-04-26T18:54:20.617+0000][1][safepoint    ] Safepoint "CollectForMetadataAllocation", Time since last: 1641900 ns, Reaching safepoint: 11700 ns, At safepoint: 67700 ns, Total: 79400 ns
[2020-04-26T18:54:20.634+0000][1][safepoint    ] Safepoint "CollectForMetadataAllocation", Time since last: 17165000 ns, Reaching safepoint: 23500 ns, At safepoint: 133100 ns, Total: 156600 ns
[2020-04-26T18:54:20.636+0000][1][gc,start     ] GC(12) Pause Young (Allocation Failure)
[2020-04-26T18:54:20.636+0000][1][gc,task      ] GC(12) Using 10 workers of 10 for evacuation
[2020-04-26T18:54:20.643+0000][1][gc,age       ] GC(12) Desired survivor size 8945664 bytes, new threshold 2 (max threshold 6)
[2020-04-26T18:54:20.643+0000][1][gc,age       ] GC(12) Age table with threshold 2 (max threshold 6)
[2020-04-26T18:54:20.643+0000][1][gc,age       ] GC(12) - age   1:    6714824 bytes,    6714824 total
[2020-04-26T18:54:20.643+0000][1][gc,age       ] GC(12) - age   2:    2833240 bytes,    9548064 total
[2020-04-26T18:54:20.643+0000][1][gc,heap      ] GC(12) ParNew: 154189K->11568K(157248K)
[2020-04-26T18:54:20.643+0000][1][gc,heap      ] GC(12) CMS: 47312K->47312K(349568K)
[2020-04-26T18:54:20.643+0000][1][gc,metaspace ] GC(12) Metaspace: 50637K->50637K(1095680K)
[2020-04-26T18:54:20.643+0000][1][gc           ] GC(12) Pause Young (Allocation Failure) 196M->57M(494M) 6.950ms
[2020-04-26T18:54:20.643+0000][1][gc,cpu       ] GC(12) User=0.07s Sys=0.00s Real=0.01s
[2020-04-26T18:54:20.643+0000][1][safepoint    ] Safepoint "GenCollectForAllocation", Time since last: 1888300 ns, Reaching safepoint: 20700 ns, At safepoint: 7042500 ns, Total: 7063200 ns
[2020-04-26T18:54:20.643+0000][1][gc,start     ] GC(13) Pause Initial Mark
[2020-04-26T18:54:20.645+0000][1][gc           ] GC(13) Pause Initial Mark 60M->60M(494M) 1.426ms
[2020-04-26T18:54:20.645+0000][1][gc,cpu       ] GC(13) User=0.02s Sys=0.00s Real=0.00s
[2020-04-26T18:54:20.645+0000][1][safepoint    ] Safepoint "CMS_Initial_Mark", Time since last: 241500 ns, Reaching safepoint: 111400 ns, At safepoint: 1573700 ns, Total: 1685100 ns
[2020-04-26T18:54:20.645+0000][1][gc           ] GC(13) Concurrent Mark
[2020-04-26T18:54:20.645+0000][1][gc,task      ] GC(13) Using 3 workers of 3 for marking
[2020-04-26T18:54:20.647+0000][1][safepoint    ] Safepoint "RevokeBias", Time since last: 2084700 ns, Reaching safepoint: 308500 ns, At safepoint: 50400 ns, Total: 358900 ns
[2020-04-26T18:54:20.647+0000][1][safepoint    ] Safepoint "RevokeBias", Time since last: 145500 ns, Reaching safepoint: 95100 ns, At safepoint: 29900 ns, Total: 125000 ns
[2020-04-26T18:54:20.648+0000][1][safepoint    ] Safepoint "RevokeBias", Time since last: 143400 ns, Reaching safepoint: 95300 ns, At safepoint: 49000 ns, Total: 144300 ns
[2020-04-26T18:54:20.648+0000][1][safepoint    ] Safepoint "RevokeBias", Time since last: 119100 ns, Reaching safepoint: 126400 ns, At safepoint: 83100 ns, Total: 209500 ns
[2020-04-26T18:54:20.649+0000][1][safepoint    ] Safepoint "RevokeBias", Time since last: 95800 ns, Reaching safepoint: 340800 ns, At safepoint: 29300 ns, Total: 370100 ns
[2020-04-26T18:54:20.649+0000][1][safepoint    ] Safepoint "RevokeBias", Time since last: 113600 ns, Reaching safepoint: 96700 ns, At safepoint: 40600 ns, Total: 137300 ns
[2020-04-26T18:54:20.649+0000][1][safepoint    ] Safepoint "RevokeBias", Time since last: 112700 ns, Reaching safepoint: 13700 ns, At safepoint: 33100 ns, Total: 46800 ns
[2020-04-26T18:54:20.649+0000][1][safepoint    ] Safepoint "RevokeBias", Time since last: 111400 ns, Reaching safepoint: 94000 ns, At safepoint: 45300 ns, Total: 139300 ns
[2020-04-26T18:54:20.649+0000][1][safepoint    ] Safepoint "RevokeBias", Time since last: 133200 ns, Reaching safepoint: 92000 ns, At safepoint: 57900 ns, Total: 149900 ns
[2020-04-26T18:54:20.650+0000][1][safepoint    ] Safepoint "RevokeBias", Time since last: 144200 ns, Reaching safepoint: 381200 ns, At safepoint: 55000 ns, Total: 436200 ns
[2020-04-26T18:54:20.650+0000][1][safepoint    ] Safepoint "RevokeBias", Time since last: 114800 ns, Reaching safepoint: 96400 ns, At safepoint: 50300 ns, Total: 146700 ns
[2020-04-26T18:54:20.651+0000][1][safepoint    ] Safepoint "RevokeBias", Time since last: 114100 ns, Reaching safepoint: 92300 ns, At safepoint: 40700 ns, Total: 133000 ns
[2020-04-26T18:54:20.651+0000][1][safepoint    ] Safepoint "BulkRevokeBias", Time since last: 110000 ns, Reaching safepoint: 97000 ns, At safepoint: 99600 ns, Total: 196600 ns
[2020-04-26T18:54:20.670+0000][1][gc           ] GC(13) Concurrent Mark 24.872ms
[2020-04-26T18:54:20.670+0000][1][gc,cpu       ] GC(13) User=0.12s Sys=0.00s Real=0.03s
[2020-04-26T18:54:20.670+0000][1][gc           ] GC(13) Concurrent Preclean
[2020-04-26T18:54:20.671+0000][1][gc           ] GC(13) Concurrent Preclean 1.327ms
[2020-04-26T18:54:20.671+0000][1][gc,cpu       ] GC(13) User=0.00s Sys=0.00s Real=0.00s
[2020-04-26T18:54:20.671+0000][1][gc           ] GC(13) Concurrent Abortable Preclean
[2020-04-26T18:54:20.675+0000][1][safepoint    ] Safepoint "RevokeBias", Time since last: 23369200 ns, Reaching safepoint: 291500 ns, At safepoint: 68600 ns, Total: 360100 ns
[2020-04-26T18:54:20.675+0000][1][safepoint    ] Safepoint "RevokeBias", Time since last: 162100 ns, Reaching safepoint: 42500 ns, At safepoint: 36400 ns, Total: 78900 ns
[2020-04-26T18:54:20.675+0000][1][safepoint    ] Safepoint "RevokeBias", Time since last: 293700 ns, Reaching safepoint: 102700 ns, At safepoint: 56300 ns, Total: 159000 ns
[2020-04-26T18:54:20.676+0000][1][safepoint    ] Safepoint "RevokeBias", Time since last: 135500 ns, Reaching safepoint: 106900 ns, At safepoint: 65100 ns, Total: 172000 ns
[2020-04-26T18:54:20.676+0000][1][safepoint    ] Safepoint "RevokeBias", Time since last: 576500 ns, Reaching safepoint: 104600 ns, At safepoint: 64000 ns, Total: 168600 ns
[2020-04-26T18:54:20.677+0000][1][safepoint    ] Safepoint "CollectForMetadataAllocation", Time since last: 261100 ns, Reaching safepoint: 103300 ns, At safepoint: 115600 ns, Total: 218900 ns
[2020-04-26T18:54:20.677+0000][1][safepoint    ] Safepoint "RevokeBias", Time since last: 339400 ns, Reaching safepoint: 109800 ns, At safepoint: 40000 ns, Total: 149800 ns
[2020-04-26T18:54:20.678+0000][1][safepoint    ] Safepoint "RevokeBias", Time since last: 268700 ns, Reaching safepoint: 104900 ns, At safepoint: 72400 ns, Total: 177300 ns
[2020-04-26T18:54:20.678+0000][1][safepoint    ] Safepoint "RevokeBias", Time since last: 73100 ns, Reaching safepoint: 157300 ns, At safepoint: 57600 ns, Total: 214900 ns
[2020-04-26T18:54:20.678+0000][1][safepoint    ] Safepoint "RevokeBias", Time since last: 89800 ns, Reaching safepoint: 129000 ns, At safepoint: 98400 ns, Total: 227400 ns
[2020-04-26T18:54:20.679+0000][1][safepoint    ] Safepoint "RevokeBias", Time since last: 135500 ns, Reaching safepoint: 111500 ns, At safepoint: 50500 ns, Total: 162000 ns
[2020-04-26T18:54:20.679+0000][1][safepoint    ] Safepoint "RevokeBias", Time since last: 69800 ns, Reaching safepoint: 101800 ns, At safepoint: 47900 ns, Total: 149700 ns
[2020-04-26T18:54:20.679+0000][1][safepoint    ] Safepoint "RevokeBias", Time since last: 76100 ns, Reaching safepoint: 104600 ns, At safepoint: 60000 ns, Total: 164600 ns
[2020-04-26T18:54:20.679+0000][1][safepoint    ] Safepoint "RevokeBias", Time since last: 114600 ns, Reaching safepoint: 102300 ns, At safepoint: 65300 ns, Total: 167600 ns
[2020-04-26T18:54:20.680+0000][1][safepoint    ] Safepoint "RevokeBias", Time since last: 104000 ns, Reaching safepoint: 102200 ns, At safepoint: 80700 ns, Total: 182900 ns
[2020-04-26T18:54:20.680+0000][1][safepoint    ] Safepoint "RevokeBias", Time since last: 143500 ns, Reaching safepoint: 125400 ns, At safepoint: 51400 ns, Total: 176800 ns
[2020-04-26T18:54:20.680+0000][1][safepoint    ] Safepoint "RevokeBias", Time since last: 70800 ns, Reaching safepoint: 99500 ns, At safepoint: 42400 ns, Total: 141900 ns
[2020-04-26T18:54:20.681+0000][1][safepoint    ] Safepoint "RevokeBias", Time since last: 114800 ns, Reaching safepoint: 114400 ns, At safepoint: 47600 ns, Total: 162000 ns
[2020-04-26T18:54:20.681+0000][1][safepoint    ] Safepoint "RevokeBias", Time since last: 89600 ns, Reaching safepoint: 161600 ns, At safepoint: 124300 ns, Total: 285900 ns
[2020-04-26T18:54:20.681+0000][1][safepoint    ] Safepoint "RevokeBias", Time since last: 177400 ns, Reaching safepoint: 40900 ns, At safepoint: 56800 ns, Total: 97700 ns
[2020-04-26T18:54:20.682+0000][1][safepoint    ] Safepoint "RevokeBias", Time since last: 156700 ns, Reaching safepoint: 611000 ns, At safepoint: 63400 ns, Total: 674400 ns
[2020-04-26T18:54:20.682+0000][1][safepoint    ] Safepoint "RevokeBias", Time since last: 120500 ns, Reaching safepoint: 101400 ns, At safepoint: 65700 ns, Total: 167100 ns
[2020-04-26T18:54:20.683+0000][1][safepoint    ] Safepoint "RevokeBias", Time since last: 123300 ns, Reaching safepoint: 103900 ns, At safepoint: 60300 ns, Total: 164200 ns
[2020-04-26T18:54:20.683+0000][1][safepoint    ] Safepoint "RevokeBias", Time since last: 113600 ns, Reaching safepoint: 102100 ns, At safepoint: 66100 ns, Total: 168200 ns
[2020-04-26T18:54:20.683+0000][1][safepoint    ] Safepoint "RevokeBias", Time since last: 113400 ns, Reaching safepoint: 179700 ns, At safepoint: 55500 ns, Total: 235200 ns
[2020-04-26T18:54:20.684+0000][1][safepoint    ] Safepoint "RevokeBias", Time since last: 114100 ns, Reaching safepoint: 124400 ns, At safepoint: 78100 ns, Total: 202500 ns
[2020-04-26T18:54:20.684+0000][1][safepoint    ] Safepoint "BulkRevokeBias", Time since last: 108800 ns, Reaching safepoint: 103200 ns, At safepoint: 95100 ns, Total: 198300 ns
[2020-04-26T18:54:20.684+0000][1][safepoint    ] Safepoint "RevokeBias", Time since last: 61400 ns, Reaching safepoint: 99400 ns, At safepoint: 59800 ns, Total: 159200 ns
[2020-04-26T18:54:20.684+0000][1][safepoint    ] Safepoint "RevokeBias", Time since last: 46000 ns, Reaching safepoint: 103500 ns, At safepoint: 63900 ns, Total: 167400 ns
[2020-04-26T18:54:20.684+0000][1][safepoint    ] Safepoint "RevokeBias", Time since last: 28800 ns, Reaching safepoint: 10700 ns, At safepoint: 76700 ns, Total: 87400 ns
[2020-04-26T18:54:20.685+0000][1][safepoint    ] Safepoint "RevokeBias", Time since last: 42000 ns, Reaching safepoint: 115800 ns, At safepoint: 69000 ns, Total: 184800 ns
[2020-04-26T18:54:20.685+0000][1][safepoint    ] Safepoint "RevokeBias", Time since last: 28900 ns, Reaching safepoint: 92900 ns, At safepoint: 85200 ns, Total: 178100 ns
[2020-04-26T18:54:20.685+0000][1][safepoint    ] Safepoint "RevokeBias", Time since last: 29500 ns, Reaching safepoint: 19600 ns, At safepoint: 68600 ns, Total: 88200 ns
[2020-04-26T18:54:20.686+0000][1][safepoint    ] Safepoint "RevokeBias", Time since last: 395700 ns, Reaching safepoint: 305900 ns, At safepoint: 67300 ns, Total: 373200 ns
[2020-04-26T18:54:20.686+0000][1][safepoint    ] Safepoint "RevokeBias", Time since last: 201300 ns, Reaching safepoint: 105500 ns, At safepoint: 76600 ns, Total: 182100 ns
[2020-04-26T18:54:20.686+0000][1][safepoint    ] Safepoint "RevokeBias", Time since last: 104500 ns, Reaching safepoint: 103200 ns, At safepoint: 85800 ns, Total: 189000 ns
[2020-04-26T18:54:20.690+0000][1][safepoint    ] Safepoint "RevokeBias", Time since last: 3354300 ns, Reaching safepoint: 127300 ns, At safepoint: 72200 ns, Total: 199500 ns
[2020-04-26T18:54:20.690+0000][1][safepoint    ] Safepoint "RevokeBias", Time since last: 163300 ns, Reaching safepoint: 113000 ns, At safepoint: 71100 ns, Total: 184100 ns
[2020-04-26T18:54:20.690+0000][1][safepoint    ] Safepoint "RevokeBias", Time since last: 90000 ns, Reaching safepoint: 51800 ns, At safepoint: 46400 ns, Total: 98200 ns
[2020-04-26T18:54:20.691+0000][1][safepoint    ] Safepoint "RevokeBias", Time since last: 112200 ns, Reaching safepoint: 107800 ns, At safepoint: 46800 ns, Total: 154600 ns
[2020-04-26T18:54:20.691+0000][1][safepoint    ] Safepoint "RevokeBias", Time since last: 112800 ns, Reaching safepoint: 19200 ns, At safepoint: 47600 ns, Total: 66800 ns
[2020-04-26T18:54:20.691+0000][1][safepoint    ] Safepoint "RevokeBias", Time since last: 110500 ns, Reaching safepoint: 100400 ns, At safepoint: 47400 ns, Total: 147800 ns
[2020-04-26T18:54:20.691+0000][1][safepoint    ] Safepoint "RevokeBias", Time since last: 113300 ns, Reaching safepoint: 21600 ns, At safepoint: 71200 ns, Total: 92800 ns
[2020-04-26T18:54:20.692+0000][1][safepoint    ] Safepoint "RevokeBias", Time since last: 72000 ns, Reaching safepoint: 100600 ns, At safepoint: 46900 ns, Total: 147500 ns
[2020-04-26T18:54:20.692+0000][1][safepoint    ] Safepoint "RevokeBias", Time since last: 112100 ns, Reaching safepoint: 19200 ns, At safepoint: 47200 ns, Total: 66400 ns
[2020-04-26T18:54:20.692+0000][1][safepoint    ] Safepoint "RevokeBias", Time since last: 111900 ns, Reaching safepoint: 19000 ns, At safepoint: 48100 ns, Total: 67100 ns
[2020-04-26T18:54:20.692+0000][1][safepoint    ] Safepoint "RevokeBias", Time since last: 111200 ns, Reaching safepoint: 100500 ns, At safepoint: 46600 ns, Total: 147100 ns
[2020-04-26T18:54:20.692+0000][1][safepoint    ] Safepoint "RevokeBias", Time since last: 113900 ns, Reaching safepoint: 19000 ns, At safepoint: 51600 ns, Total: 70600 ns
[2020-04-26T18:54:20.693+0000][1][safepoint    ] Safepoint "RevokeBias", Time since last: 114500 ns, Reaching safepoint: 100500 ns, At safepoint: 47100 ns, Total: 147600 ns
[2020-04-26T18:54:20.693+0000][1][safepoint    ] Safepoint "RevokeBias", Time since last: 112700 ns, Reaching safepoint: 21500 ns, At safepoint: 47800 ns, Total: 69300 ns
[2020-04-26T18:54:20.693+0000][1][safepoint    ] Safepoint "BulkRevokeBias", Time since last: 113100 ns, Reaching safepoint: 21500 ns, At safepoint: 87600 ns, Total: 109100 ns
[2020-04-26T18:54:20.693+0000][1][safepoint    ] Safepoint "RevokeBias", Time since last: 144200 ns, Reaching safepoint: 22300 ns, At safepoint: 48800 ns, Total: 71100 ns
[2020-04-26T18:54:20.694+0000][1][safepoint    ] Safepoint "RevokeBias", Time since last: 158200 ns, Reaching safepoint: 103300 ns, At safepoint: 46600 ns, Total: 149900 ns
[2020-04-26T18:54:20.694+0000][1][safepoint    ] Safepoint "RevokeBias", Time since last: 149200 ns, Reaching safepoint: 99700 ns, At safepoint: 54900 ns, Total: 154600 ns
[2020-04-26T18:54:20.694+0000][1][safepoint    ] Safepoint "RevokeBias", Time since last: 117500 ns, Reaching safepoint: 106900 ns, At safepoint: 63700 ns, Total: 170600 ns
[2020-04-26T18:54:20.694+0000][1][safepoint    ] Safepoint "RevokeBias", Time since last: 113800 ns, Reaching safepoint: 106400 ns, At safepoint: 62600 ns, Total: 169000 ns
[2020-04-26T18:54:20.695+0000][1][safepoint    ] Safepoint "RevokeBias", Time since last: 175900 ns, Reaching safepoint: 104500 ns, At safepoint: 62900 ns, Total: 167400 ns
[2020-04-26T18:54:20.695+0000][1][safepoint    ] Safepoint "RevokeBias", Time since last: 237000 ns, Reaching safepoint: 262000 ns, At safepoint: 63700 ns, Total: 325700 ns
[2020-04-26T18:54:20.696+0000][1][safepoint    ] Safepoint "RevokeBias", Time since last: 249600 ns, Reaching safepoint: 103200 ns, At safepoint: 59000 ns, Total: 162200 ns
[2020-04-26T18:54:20.696+0000][1][safepoint    ] Safepoint "RevokeBias", Time since last: 122000 ns, Reaching safepoint: 99600 ns, At safepoint: 56600 ns, Total: 156200 ns
[2020-04-26T18:54:20.696+0000][1][safepoint    ] Safepoint "RevokeBias", Time since last: 106600 ns, Reaching safepoint: 105200 ns, At safepoint: 100200 ns, Total: 205400 ns
[2020-04-26T18:54:20.697+0000][1][safepoint    ] Safepoint "RevokeBias", Time since last: 94800 ns, Reaching safepoint: 104400 ns, At safepoint: 64600 ns, Total: 169000 ns
[2020-04-26T18:54:20.697+0000][1][safepoint    ] Safepoint "RevokeBias", Time since last: 501900 ns, Reaching safepoint: 42200 ns, At safepoint: 54300 ns, Total: 96500 ns
[2020-04-26T18:54:20.698+0000][1][safepoint    ] Safepoint "RevokeBias", Time since last: 371100 ns, Reaching safepoint: 205000 ns, At safepoint: 73300 ns, Total: 278300 ns
[2020-04-26T18:54:20.698+0000][1][safepoint    ] Safepoint "RevokeBias", Time since last: 452700 ns, Reaching safepoint: 68900 ns, At safepoint: 54000 ns, Total: 122900 ns
[2020-04-26T18:54:20.699+0000][1][safepoint    ] Safepoint "RevokeBias", Time since last: 159900 ns, Reaching safepoint: 22900 ns, At safepoint: 52000 ns, Total: 74900 ns
[2020-04-26T18:54:20.699+0000][1][safepoint    ] Safepoint "RevokeBias", Time since last: 226700 ns, Reaching safepoint: 107700 ns, At safepoint: 54400 ns, Total: 162100 ns
[2020-04-26T18:54:20.700+0000][1][safepoint    ] Safepoint "RevokeBias", Time since last: 277300 ns, Reaching safepoint: 117700 ns, At safepoint: 46700 ns, Total: 164400 ns
[2020-04-26T18:54:20.700+0000][1][safepoint    ] Safepoint "RevokeBias", Time since last: 508200 ns, Reaching safepoint: 24700 ns, At safepoint: 71000 ns, Total: 95700 ns
[2020-04-26T18:54:20.701+0000][1][safepoint    ] Safepoint "RevokeBias", Time since last: 963000 ns, Reaching safepoint: 119200 ns, At safepoint: 105200 ns, Total: 224400 ns
[2020-04-26T18:54:20.702+0000][1][safepoint    ] Safepoint "Deoptimize", Time since last: 576900 ns, Reaching safepoint: 129600 ns, At safepoint: 391900 ns, Total: 521500 ns
[2020-04-26T18:54:20.703+0000][1][safepoint    ] Safepoint "RevokeBias", Time since last: 378500 ns, Reaching safepoint: 126500 ns, At safepoint: 115200 ns, Total: 241700 ns
[2020-04-26T18:54:20.704+0000][1][safepoint    ] Safepoint "RevokeBias", Time since last: 566300 ns, Reaching safepoint: 188700 ns, At safepoint: 115800 ns, Total: 304500 ns
[2020-04-26T18:54:20.704+0000][1][safepoint    ] Safepoint "RevokeBias", Time since last: 97700 ns, Reaching safepoint: 110500 ns, At safepoint: 108400 ns, Total: 218900 ns
[2020-04-26T18:54:20.705+0000][1][safepoint    ] Safepoint "CollectForMetadataAllocation", Time since last: 140200 ns, Reaching safepoint: 197500 ns, At safepoint: 177900 ns, Total: 375400 ns
[2020-04-26T18:54:20.708+0000][1][safepoint    ] Safepoint "RevokeBias", Time since last: 3086700 ns, Reaching safepoint: 216600 ns, At safepoint: 113400 ns, Total: 330000 ns
[2020-04-26T18:54:20.709+0000][1][safepoint    ] Safepoint "RevokeBias", Time since last: 109300 ns, Reaching safepoint: 196700 ns, At safepoint: 90000 ns, Total: 286700 ns
[2020-04-26T18:54:20.709+0000][1][safepoint    ] Safepoint "RevokeBias", Time since last: 373300 ns, Reaching safepoint: 120100 ns, At safepoint: 94500 ns, Total: 214600 ns
[2020-04-26T18:54:20.723+0000][1][safepoint    ] Safepoint "CollectForMetadataAllocation", Time since last: 13345800 ns, Reaching safepoint: 56900 ns, At safepoint: 114600 ns, Total: 171500 ns
[2020-04-26T18:54:20.743+0000][1][safepoint    ] Safepoint "RevokeBias", Time since last: 19656700 ns, Reaching safepoint: 428200 ns, At safepoint: 65200 ns, Total: 493400 ns
[2020-04-26T18:54:20.745+0000][1][safepoint    ] Safepoint "CollectForMetadataAllocation", Time since last: 2283500 ns, Reaching safepoint: 30500 ns, At safepoint: 131200 ns, Total: 161700 ns
[2020-04-26T18:54:20.772+0000][1][safepoint    ] Safepoint "CollectForMetadataAllocation", Time since last: 26885800 ns, Reaching safepoint: 39700 ns, At safepoint: 116600 ns, Total: 156300 ns
[2020-04-26T18:54:20.798+0000][1][safepoint    ] Safepoint "CollectForMetadataAllocation", Time since last: 25132500 ns, Reaching safepoint: 43900 ns, At safepoint: 80900 ns, Total: 124800 ns
[2020-04-26T18:54:20.825+0000][1][safepoint    ] Safepoint "CollectForMetadataAllocation", Time since last: 27750700 ns, Reaching safepoint: 42600 ns, At safepoint: 114300 ns, Total: 156900 ns
[2020-04-26T18:54:20.836+0000][1][safepoint    ] Safepoint "RevokeBias", Time since last: 10483800 ns, Reaching safepoint: 39100 ns, At safepoint: 72400 ns, Total: 111500 ns
[2020-04-26T18:54:20.842+0000][1][safepoint    ] Safepoint "RevokeBias", Time since last: 5997800 ns, Reaching safepoint: 49600 ns, At safepoint: 42900 ns, Total: 92500 ns
[2020-04-26T18:54:20.846+0000][1][safepoint    ] Safepoint "CollectForMetadataAllocation", Time since last: 3841100 ns, Reaching safepoint: 132100 ns, At safepoint: 133600 ns, Total: 265700 ns
[2020-04-26T18:54:20.873+0000][1][safepoint    ] Safepoint "CollectForMetadataAllocation", Time since last: 25738500 ns, Reaching safepoint: 407800 ns, At safepoint: 156400 ns, Total: 564200 ns
[2020-04-26T18:54:20.876+0000][1][safepoint    ] Safepoint "RevokeBias", Time since last: 3381400 ns, Reaching safepoint: 46900 ns, At safepoint: 42700 ns, Total: 89600 ns
[2020-04-26T18:54:20.883+0000][1][safepoint    ] Safepoint "CollectForMetadataAllocation", Time since last: 6659400 ns, Reaching safepoint: 34700 ns, At safepoint: 136800 ns, Total: 171500 ns
[2020-04-26T18:54:20.898+0000][1][safepoint    ] Safepoint "CollectForMetadataAllocation", Time since last: 15445100 ns, Reaching safepoint: 49300 ns, At safepoint: 130600 ns, Total: 179900 ns
[2020-04-26T18:54:20.915+0000][1][safepoint    ] Safepoint "CollectForMetadataAllocation", Time since last: 16012200 ns, Reaching safepoint: 32900 ns, At safepoint: 75300 ns, Total: 108200 ns
[2020-04-26T18:54:20.928+0000][1][safepoint    ] Safepoint "CollectForMetadataAllocation", Time since last: 13109800 ns, Reaching safepoint: 31300 ns, At safepoint: 110200 ns, Total: 141500 ns
[2020-04-26T18:54:20.939+0000][1][safepoint    ] Safepoint "CollectForMetadataAllocation", Time since last: 11405900 ns, Reaching safepoint: 35800 ns, At safepoint: 139600 ns, Total: 175400 ns
[2020-04-26T18:54:20.950+0000][1][safepoint    ] Safepoint "CollectForMetadataAllocation", Time since last: 10739500 ns, Reaching safepoint: 36700 ns, At safepoint: 124900 ns, Total: 161600 ns
[2020-04-26T18:54:20.955+0000][1][safepoint    ] Safepoint "RevokeBias", Time since last: 4826900 ns, Reaching safepoint: 34300 ns, At safepoint: 31400 ns, Total: 65700 ns
[2020-04-26T18:54:20.974+0000][1][safepoint    ] Safepoint "CollectForMetadataAllocation", Time since last: 18884300 ns, Reaching safepoint: 38600 ns, At safepoint: 97400 ns, Total: 136000 ns
[2020-04-26T18:54:20.989+0000][1][safepoint    ] Safepoint "CollectForMetadataAllocation", Time since last: 14822100 ns, Reaching safepoint: 42600 ns, At safepoint: 88800 ns, Total: 131400 ns
[2020-04-26T18:54:20.990+0000][1][gc           ] GC(13) Concurrent Abortable Preclean 318.804ms
[2020-04-26T18:54:20.990+0000][1][gc,cpu       ] GC(13) User=1.42s Sys=0.03s Real=0.32s
[2020-04-26T18:54:20.990+0000][1][gc,start     ] GC(13) Pause Remark
[2020-04-26T18:54:21.001+0000][1][gc           ] GC(13) Pause Remark 127M->127M(494M) 11.140ms
[2020-04-26T18:54:21.001+0000][1][gc,cpu       ] GC(13) User=0.08s Sys=0.00s Real=0.01s
[2020-04-26T18:54:21.001+0000][1][safepoint    ] Safepoint "CMS_Final_Remark", Time since last: 776100 ns, Reaching safepoint: 230400 ns, At safepoint: 11253200 ns, Total: 11483600 ns
[2020-04-26T18:54:21.002+0000][1][gc           ] GC(13) Concurrent Sweep
[2020-04-26T18:54:21.014+0000][1][gc           ] GC(13) Concurrent Sweep 12.562ms
[2020-04-26T18:54:21.014+0000][1][gc,cpu       ] GC(13) User=0.04s Sys=0.00s Real=0.01s
[2020-04-26T18:54:21.014+0000][1][gc           ] GC(13) Concurrent Reset
[2020-04-26T18:54:21.015+0000][1][gc           ] GC(13) Concurrent Reset 0.414ms
[2020-04-26T18:54:21.015+0000][1][gc,cpu       ] GC(13) User=0.00s Sys=0.00s Real=0.00s
[2020-04-26T18:54:21.015+0000][1][gc,heap      ] GC(13) Old: 47312K->47034K(349568K)
[2020-04-26T18:54:21.141+0000][1][safepoint    ] Safepoint "RevokeBias", Time since last: 138831500 ns, Reaching safepoint: 947300 ns, At safepoint: 65700 ns, Total: 1013000 ns
[2020-04-26T18:54:21.177+0000][1][safepoint    ] Safepoint "RevokeBias", Time since last: 35987800 ns, Reaching safepoint: 28600 ns, At safepoint: 34600 ns, Total: 63200 ns
[2020-04-26T18:54:21.340+0000][1][safepoint    ] Safepoint "RevokeBias", Time since last: 162046600 ns, Reaching safepoint: 786200 ns, At safepoint: 54200 ns, Total: 840400 ns
[2020-04-26T18:54:21.341+0000][1][safepoint    ] Safepoint "RevokeBias", Time since last: 152700 ns, Reaching safepoint: 97300 ns, At safepoint: 48700 ns, Total: 146000 ns
[2020-04-26T18:54:21.341+0000][1][safepoint    ] Safepoint "RevokeBias", Time since last: 151500 ns, Reaching safepoint: 95800 ns, At safepoint: 47600 ns, Total: 143400 ns
[2020-04-26T18:54:21.342+0000][1][safepoint    ] Safepoint "RevokeBias", Time since last: 1605800 ns, Reaching safepoint: 12100 ns, At safepoint: 36100 ns, Total: 48200 ns
[2020-04-26T18:54:21.405+0000][1][gc,start     ] GC(14) Pause Young (Allocation Failure)
[2020-04-26T18:54:21.405+0000][1][gc,task      ] GC(14) Using 10 workers of 10 for evacuation
[2020-04-26T18:54:21.413+0000][1][gc,age       ] GC(14) Desired survivor size 8945664 bytes, new threshold 2 (max threshold 6)
[2020-04-26T18:54:21.413+0000][1][gc,age       ] GC(14) Age table with threshold 2 (max threshold 6)
[2020-04-26T18:54:21.413+0000][1][gc,age       ] GC(14) - age   1:    3779496 bytes,    3779496 total
[2020-04-26T18:54:21.413+0000][1][gc,age       ] GC(14) - age   2:    6504048 bytes,   10283544 total
[2020-04-26T18:54:21.413+0000][1][gc,heap      ] GC(14) ParNew: 151344K->12832K(157248K)
[2020-04-26T18:54:21.413+0000][1][gc,heap      ] GC(14) CMS: 47034K->49848K(349568K)
[2020-04-26T18:54:21.413+0000][1][gc,metaspace ] GC(14) Metaspace: 63245K->63245K(1107968K)
[2020-04-26T18:54:21.413+0000][1][gc           ] GC(14) Pause Young (Allocation Failure) 193M->61M(494M) 8.183ms
[2020-04-26T18:54:21.413+0000][1][gc,cpu       ] GC(14) User=0.08s Sys=0.00s Real=0.01s
[2020-04-26T18:54:21.414+0000][1][safepoint    ] Safepoint "GenCollectForAllocation", Time since last: 62736500 ns, Reaching safepoint: 37300 ns, At safepoint: 8287600 ns, Total: 8324900 ns
[2020-04-26T18:54:21.414+0000][1][safepoint    ] Safepoint "RevokeBias", Time since last: 521200 ns, Reaching safepoint: 108700 ns, At safepoint: 132200 ns, Total: 240900 ns
[2020-04-26T18:54:21.415+0000][1][safepoint    ] Safepoint "RevokeBias", Time since last: 143800 ns, Reaching safepoint: 177200 ns, At safepoint: 65300 ns, Total: 242500 ns
[2020-04-26T18:54:21.415+0000][1][safepoint    ] Safepoint "RevokeBias", Time since last: 158400 ns, Reaching safepoint: 100500 ns, At safepoint: 77700 ns, Total: 178200 ns
[2020-04-26T18:54:21.415+0000][1][safepoint    ] Safepoint "RevokeBias", Time since last: 151900 ns, Reaching safepoint: 98300 ns, At safepoint: 69500 ns, Total: 167800 ns
[2020-04-26T18:54:21.416+0000][1][safepoint    ] Safepoint "RevokeBias", Time since last: 153800 ns, Reaching safepoint: 95900 ns, At safepoint: 50100 ns, Total: 146000 ns
[2020-04-26T18:54:21.416+0000][1][safepoint    ] Safepoint "RevokeBias", Time since last: 164700 ns, Reaching safepoint: 95600 ns, At safepoint: 48400 ns, Total: 144000 ns
[2020-04-26T18:54:21.416+0000][1][safepoint    ] Safepoint "RevokeBias", Time since last: 160200 ns, Reaching safepoint: 99500 ns, At safepoint: 58500 ns, Total: 158000 ns
[2020-04-26T18:54:21.417+0000][1][safepoint    ] Safepoint "BulkRevokeBias", Time since last: 162000 ns, Reaching safepoint: 95500 ns, At safepoint: 82300 ns, Total: 177800 ns
[2020-04-26T18:54:21.490+0000][1][safepoint    ] Safepoint "Deoptimize", Time since last: 72980000 ns, Reaching safepoint: 27900 ns, At safepoint: 306300 ns, Total: 334200 ns
[2020-04-26T18:54:21.817+0000][1][safepoint    ] Safepoint "RevokeBias", Time since last: 327119700 ns, Reaching safepoint: 54800 ns, At safepoint: 33500 ns, Total: 88300 ns
[2020-04-26T18:54:21.844+0000][1][safepoint    ] Safepoint "Deoptimize", Time since last: 26720600 ns, Reaching safepoint: 25300 ns, At safepoint: 339900 ns, Total: 365200 ns
[2020-04-26T18:54:21.882+0000][1][safepoint    ] Safepoint "BulkRevokeBias", Time since last: 37276800 ns, Reaching safepoint: 59500 ns, At safepoint: 151000 ns, Total: 210500 ns
[2020-04-26T18:54:21.883+0000][1][safepoint    ] Safepoint "RevokeBias", Time since last: 1120200 ns, Reaching safepoint: 156300 ns, At safepoint: 91000 ns, Total: 247300 ns
[2020-04-26T18:54:21.884+0000][1][safepoint    ] Safepoint "RevokeBias", Time since last: 584300 ns, Reaching safepoint: 17500 ns, At safepoint: 57200 ns, Total: 74700 ns
[2020-04-26T18:54:21.884+0000][1][safepoint    ] Safepoint "RevokeBias", Time since last: 139600 ns, Reaching safepoint: 106700 ns, At safepoint: 54700 ns, Total: 161400 ns
[2020-04-26T18:54:21.885+0000][1][safepoint    ] Safepoint "RevokeBias", Time since last: 253100 ns, Reaching safepoint: 164700 ns, At safepoint: 67400 ns, Total: 232100 ns
[2020-04-26T18:54:21.885+0000][1][safepoint    ] Safepoint "RevokeBias", Time since last: 285300 ns, Reaching safepoint: 110200 ns, At safepoint: 52900 ns, Total: 163100 ns
[2020-04-26T18:54:21.885+0000][1][safepoint    ] Safepoint "RevokeBias", Time since last: 245900 ns, Reaching safepoint: 100800 ns, At safepoint: 50200 ns, Total: 151000 ns
[2020-04-26T18:54:21.886+0000][1][safepoint    ] Safepoint "RevokeBias", Time since last: 157700 ns, Reaching safepoint: 13100 ns, At safepoint: 62400 ns, Total: 75500 ns
[2020-04-26T18:54:21.887+0000][1][safepoint    ] Safepoint "RevokeBias", Time since last: 1393200 ns, Reaching safepoint: 19700 ns, At safepoint: 46800 ns, Total: 66500 ns
[2020-04-26T18:54:21.887+0000][1][safepoint    ] Safepoint "RevokeBias", Time since last: 205400 ns, Reaching safepoint: 14100 ns, At safepoint: 42600 ns, Total: 56700 ns
[2020-04-26T18:54:21.890+0000][1][safepoint    ] Safepoint "Deoptimize", Time since last: 2068600 ns, Reaching safepoint: 21200 ns, At safepoint: 332300 ns, Total: 353500 ns
[2020-04-26T18:54:21.890+0000][1][safepoint    ] Safepoint "RevokeBias", Time since last: 465100 ns, Reaching safepoint: 14100 ns, At safepoint: 32800 ns, Total: 46900 ns
[2020-04-26T18:54:21.964+0000][1][safepoint    ] Safepoint "Deoptimize", Time since last: 73696400 ns, Reaching safepoint: 42900 ns, At safepoint: 341000 ns, Total: 383900 ns
[2020-04-26T18:54:22.033+0000][1][safepoint    ] Safepoint "Deoptimize", Time since last: 67835000 ns, Reaching safepoint: 55200 ns, At safepoint: 812700 ns, Total: 867900 ns
[2020-04-26T18:54:22.215+0000][1][safepoint    ] Safepoint "RevokeBias", Time since last: 181365900 ns, Reaching safepoint: 138500 ns, At safepoint: 58500 ns, Total: 197000 ns
[2020-04-26T18:54:22.233+0000][1][safepoint    ] Safepoint "RevokeBias", Time since last: 17840900 ns, Reaching safepoint: 298300 ns, At safepoint: 72100 ns, Total: 370400 ns
[2020-04-26T18:54:22.233+0000][1][safepoint    ] Safepoint "RevokeBias", Time since last: 83900 ns, Reaching safepoint: 98400 ns, At safepoint: 43600 ns, Total: 142000 ns
[2020-04-26T18:54:22.234+0000][1][safepoint    ] Safepoint "RevokeBias", Time since last: 418300 ns, Reaching safepoint: 9900 ns, At safepoint: 43200 ns, Total: 53100 ns
[2020-04-26T18:54:22.234+0000][1][safepoint    ] Safepoint "RevokeBias", Time since last: 146600 ns, Reaching safepoint: 9500 ns, At safepoint: 42300 ns, Total: 51800 ns
[2020-04-26T18:54:22.234+0000][1][safepoint    ] Safepoint "RevokeBias", Time since last: 130100 ns, Reaching safepoint: 9300 ns, At safepoint: 40800 ns, Total: 50100 ns
[2020-04-26T18:54:22.234+0000][1][safepoint    ] Safepoint "RevokeBias", Time since last: 122000 ns, Reaching safepoint: 9300 ns, At safepoint: 39200 ns, Total: 48500 ns
[2020-04-26T18:54:22.234+0000][1][safepoint    ] Safepoint "RevokeBias", Time since last: 121300 ns, Reaching safepoint: 9300 ns, At safepoint: 26200 ns, Total: 35500 ns
[2020-04-26T18:54:22.234+0000][1][safepoint    ] Safepoint "RevokeBias", Time since last: 130600 ns, Reaching safepoint: 11600 ns, At safepoint: 26800 ns, Total: 38400 ns
[2020-04-26T18:54:22.235+0000][1][safepoint    ] Safepoint "RevokeBias", Time since last: 146600 ns, Reaching safepoint: 107800 ns, At safepoint: 43800 ns, Total: 151600 ns
[2020-04-26T18:54:22.235+0000][1][safepoint    ] Safepoint "RevokeBias", Time since last: 142300 ns, Reaching safepoint: 11300 ns, At safepoint: 30300 ns, Total: 41600 ns
[2020-04-26T18:54:22.235+0000][1][safepoint    ] Safepoint "RevokeBias", Time since last: 110100 ns, Reaching safepoint: 9500 ns, At safepoint: 26700 ns, Total: 36200 ns
[2020-04-26T18:54:22.235+0000][1][safepoint    ] Safepoint "RevokeBias", Time since last: 118400 ns, Reaching safepoint: 9200 ns, At safepoint: 25300 ns, Total: 34500 ns
[2020-04-26T18:54:22.235+0000][1][safepoint    ] Safepoint "RevokeBias", Time since last: 115200 ns, Reaching safepoint: 9000 ns, At safepoint: 25100 ns, Total: 34100 ns
[2020-04-26T18:54:22.235+0000][1][safepoint    ] Safepoint "RevokeBias", Time since last: 122200 ns, Reaching safepoint: 9100 ns, At safepoint: 25000 ns, Total: 34100 ns
[2020-04-26T18:54:22.236+0000][1][safepoint    ] Safepoint "RevokeBias", Time since last: 319600 ns, Reaching safepoint: 9500 ns, At safepoint: 25500 ns, Total: 35000 ns
[2020-04-26T18:54:22.237+0000][1][safepoint    ] Safepoint "RevokeBias", Time since last: 885000 ns, Reaching safepoint: 98600 ns, At safepoint: 42900 ns, Total: 141500 ns
[2020-04-26T18:54:22.238+0000][1][safepoint    ] Safepoint "RevokeBias", Time since last: 783100 ns, Reaching safepoint: 91500 ns, At safepoint: 42900 ns, Total: 134400 ns
[2020-04-26T18:54:22.239+0000][1][safepoint    ] Safepoint "RevokeBias", Time since last: 955700 ns, Reaching safepoint: 12200 ns, At safepoint: 35400 ns, Total: 47600 ns
[2020-04-26T18:54:22.239+0000][1][safepoint    ] Safepoint "RevokeBias", Time since last: 279500 ns, Reaching safepoint: 11600 ns, At safepoint: 27000 ns, Total: 38600 ns
[2020-04-26T18:54:22.240+0000][1][safepoint    ] Safepoint "RevokeBias", Time since last: 835400 ns, Reaching safepoint: 214500 ns, At safepoint: 93000 ns, Total: 307500 ns
[2020-04-26T18:54:22.241+0000][1][safepoint    ] Safepoint "RevokeBias", Time since last: 153900 ns, Reaching safepoint: 271600 ns, At safepoint: 114700 ns, Total: 386300 ns
[2020-04-26T18:54:22.241+0000][1][safepoint    ] Safepoint "RevokeBias", Time since last: 101700 ns, Reaching safepoint: 273900 ns, At safepoint: 120400 ns, Total: 394300 ns
[2020-04-26T18:54:22.242+0000][1][safepoint    ] Safepoint "RevokeBias", Time since last: 218900 ns, Reaching safepoint: 406000 ns, At safepoint: 154400 ns, Total: 560400 ns
[2020-04-26T18:54:22.244+0000][1][safepoint    ] Safepoint "RevokeBias", Time since last: 115500 ns, Reaching safepoint: 2169500 ns, At safepoint: 100000 ns, Total: 2269500 ns
[2020-04-26T18:54:22.245+0000][1][safepoint    ] Safepoint "RevokeBias", Time since last: 95000 ns, Reaching safepoint: 250900 ns, At safepoint: 95200 ns, Total: 346100 ns
[2020-04-26T18:54:22.245+0000][1][safepoint    ] Safepoint "RevokeBias", Time since last: 137200 ns, Reaching safepoint: 236000 ns, At safepoint: 111600 ns, Total: 347600 ns
[2020-04-26T18:54:22.246+0000][1][safepoint    ] Safepoint "RevokeBias", Time since last: 123200 ns, Reaching safepoint: 240200 ns, At safepoint: 90200 ns, Total: 330400 ns
[2020-04-26T18:54:22.246+0000][1][safepoint    ] Safepoint "RevokeBias", Time since last: 129200 ns, Reaching safepoint: 171800 ns, At safepoint: 92900 ns, Total: 264700 ns
[2020-04-26T18:54:22.247+0000][1][safepoint    ] Safepoint "RevokeBias", Time since last: 160800 ns, Reaching safepoint: 214700 ns, At safepoint: 113300 ns, Total: 328000 ns
[2020-04-26T18:54:22.248+0000][1][safepoint    ] Safepoint "RevokeBias", Time since last: 131900 ns, Reaching safepoint: 1428500 ns, At safepoint: 138200 ns, Total: 1566700 ns
[2020-04-26T18:54:22.249+0000][1][safepoint    ] Safepoint "RevokeBias", Time since last: 177800 ns, Reaching safepoint: 95800 ns, At safepoint: 167300 ns, Total: 263100 ns
[2020-04-26T18:54:22.249+0000][1][safepoint    ] Safepoint "RevokeBias", Time since last: 31100 ns, Reaching safepoint: 260600 ns, At safepoint: 83500 ns, Total: 344100 ns
[2020-04-26T18:54:22.250+0000][1][safepoint    ] Safepoint "RevokeBias", Time since last: 110000 ns, Reaching safepoint: 239900 ns, At safepoint: 127400 ns, Total: 367300 ns
[2020-04-26T18:54:22.250+0000][1][safepoint    ] Safepoint "RevokeBias", Time since last: 115100 ns, Reaching safepoint: 232600 ns, At safepoint: 105400 ns, Total: 338000 ns
[2020-04-26T18:54:22.251+0000][1][safepoint    ] Safepoint "RevokeBias", Time since last: 100500 ns, Reaching safepoint: 210800 ns, At safepoint: 106300 ns, Total: 317100 ns
[2020-04-26T18:54:22.251+0000][1][safepoint    ] Safepoint "RevokeBias", Time since last: 119400 ns, Reaching safepoint: 263100 ns, At safepoint: 91700 ns, Total: 354800 ns
[2020-04-26T18:54:22.252+0000][1][safepoint    ] Safepoint "BulkRevokeBias", Time since last: 93800 ns, Reaching safepoint: 278600 ns, At safepoint: 189600 ns, Total: 468200 ns
[2020-04-26T18:54:22.252+0000][1][safepoint    ] Safepoint "RevokeBias", Time since last: 242200 ns, Reaching safepoint: 264600 ns, At safepoint: 144300 ns, Total: 408900 ns
[2020-04-26T18:54:22.253+0000][1][safepoint    ] Safepoint "RevokeBias", Time since last: 238300 ns, Reaching safepoint: 182300 ns, At safepoint: 149500 ns, Total: 331800 ns
[2020-04-26T18:54:22.253+0000][1][safepoint    ] Safepoint "RevokeBias", Time since last: 267100 ns, Reaching safepoint: 206100 ns, At safepoint: 100800 ns, Total: 306900 ns
[2020-04-26T18:54:22.254+0000][1][safepoint    ] Safepoint "RevokeBias", Time since last: 128400 ns, Reaching safepoint: 105300 ns, At safepoint: 46100 ns, Total: 151400 ns
[2020-04-26T18:54:22.254+0000][1][safepoint    ] Safepoint "RevokeBias", Time since last: 49900 ns, Reaching safepoint: 95800 ns, At safepoint: 70600 ns, Total: 166400 ns
[2020-04-26T18:54:22.254+0000][1][safepoint    ] Safepoint "RevokeBias", Time since last: 35700 ns, Reaching safepoint: 94700 ns, At safepoint: 68800 ns, Total: 163500 ns
[2020-04-26T18:54:22.254+0000][1][safepoint    ] Safepoint "RevokeBias", Time since last: 35100 ns, Reaching safepoint: 11000 ns, At safepoint: 22000 ns, Total: 33000 ns
[2020-04-26T18:54:22.255+0000][1][safepoint    ] Safepoint "RevokeBias", Time since last: 476800 ns, Reaching safepoint: 12400 ns, At safepoint: 31200 ns, Total: 43600 ns
[2020-04-26T18:54:22.255+0000][1][safepoint    ] Safepoint "RevokeBias", Time since last: 204800 ns, Reaching safepoint: 11300 ns, At safepoint: 32300 ns, Total: 43600 ns
[2020-04-26T18:54:22.255+0000][1][safepoint    ] Safepoint "RevokeBias", Time since last: 139900 ns, Reaching safepoint: 11300 ns, At safepoint: 31600 ns, Total: 42900 ns
[2020-04-26T18:54:22.255+0000][1][safepoint    ] Safepoint "RevokeBias", Time since last: 176200 ns, Reaching safepoint: 11400 ns, At safepoint: 47200 ns, Total: 58600 ns
[2020-04-26T18:54:22.256+0000][1][safepoint    ] Safepoint "RevokeBias", Time since last: 128700 ns, Reaching safepoint: 11000 ns, At safepoint: 31500 ns, Total: 42500 ns
[2020-04-26T18:54:22.256+0000][1][safepoint    ] Safepoint "BulkRevokeBias", Time since last: 88800 ns, Reaching safepoint: 10100 ns, At safepoint: 69100 ns, Total: 79200 ns
[2020-04-26T18:54:22.262+0000][1][safepoint    ] Safepoint "RevokeBias", Time since last: 6108200 ns, Reaching safepoint: 27400 ns, At safepoint: 65400 ns, Total: 92800 ns
[2020-04-26T18:54:22.262+0000][1][safepoint    ] Safepoint "RevokeBias", Time since last: 132700 ns, Reaching safepoint: 159500 ns, At safepoint: 83100 ns, Total: 242600 ns
[2020-04-26T18:54:22.263+0000][1][safepoint    ] Safepoint "RevokeBias", Time since last: 205900 ns, Reaching safepoint: 106700 ns, At safepoint: 65200 ns, Total: 171900 ns
[2020-04-26T18:54:22.263+0000][1][safepoint    ] Safepoint "RevokeBias", Time since last: 540200 ns, Reaching safepoint: 103800 ns, At safepoint: 59300 ns, Total: 163100 ns
[2020-04-26T18:54:22.264+0000][1][safepoint    ] Safepoint "RevokeBias", Time since last: 93300 ns, Reaching safepoint: 100200 ns, At safepoint: 63900 ns, Total: 164100 ns
[2020-04-26T18:54:22.264+0000][1][safepoint    ] Safepoint "RevokeBias", Time since last: 123400 ns, Reaching safepoint: 99800 ns, At safepoint: 57700 ns, Total: 157500 ns
[2020-04-26T18:54:22.264+0000][1][safepoint    ] Safepoint "RevokeBias", Time since last: 367600 ns, Reaching safepoint: 14300 ns, At safepoint: 60700 ns, Total: 75000 ns
[2020-04-26T18:54:22.265+0000][1][safepoint    ] Safepoint "RevokeBias", Time since last: 327800 ns, Reaching safepoint: 100700 ns, At safepoint: 46400 ns, Total: 147100 ns
[2020-04-26T18:54:22.267+0000][1][safepoint    ] Safepoint "RevokeBias", Time since last: 1506700 ns, Reaching safepoint: 132000 ns, At safepoint: 130000 ns, Total: 262000 ns
[2020-04-26T18:54:22.267+0000][1][safepoint    ] Safepoint "RevokeBias", Time since last: 734600 ns, Reaching safepoint: 14400 ns, At safepoint: 92500 ns, Total: 106900 ns
[2020-04-26T18:54:22.268+0000][1][safepoint    ] Safepoint "RevokeBias", Time since last: 120100 ns, Reaching safepoint: 103500 ns, At safepoint: 64900 ns, Total: 168400 ns
[2020-04-26T18:54:22.268+0000][1][safepoint    ] Safepoint "RevokeBias", Time since last: 147800 ns, Reaching safepoint: 10500 ns, At safepoint: 48600 ns, Total: 59100 ns
[2020-04-26T18:54:22.269+0000][1][safepoint    ] Safepoint "RevokeBias", Time since last: 602300 ns, Reaching safepoint: 150300 ns, At safepoint: 69800 ns, Total: 220100 ns
[2020-04-26T18:54:22.269+0000][1][safepoint    ] Safepoint "RevokeBias", Time since last: 158000 ns, Reaching safepoint: 13300 ns, At safepoint: 69400 ns, Total: 82700 ns
[2020-04-26T18:54:22.269+0000][1][safepoint    ] Safepoint "RevokeBias", Time since last: 178800 ns, Reaching safepoint: 98800 ns, At safepoint: 68100 ns, Total: 166900 ns
[2020-04-26T18:54:22.270+0000][1][safepoint    ] Safepoint "RevokeBias", Time since last: 166400 ns, Reaching safepoint: 100500 ns, At safepoint: 70300 ns, Total: 170800 ns
[2020-04-26T18:54:22.270+0000][1][safepoint    ] Safepoint "RevokeBias", Time since last: 144400 ns, Reaching safepoint: 11800 ns, At safepoint: 36100 ns, Total: 47900 ns
[2020-04-26T18:54:22.270+0000][1][safepoint    ] Safepoint "RevokeBias", Time since last: 139700 ns, Reaching safepoint: 98200 ns, At safepoint: 81400 ns, Total: 179600 ns
[2020-04-26T18:54:22.271+0000][1][safepoint    ] Safepoint "RevokeBias", Time since last: 208300 ns, Reaching safepoint: 99000 ns, At safepoint: 80300 ns, Total: 179300 ns
[2020-04-26T18:54:22.271+0000][1][safepoint    ] Safepoint "RevokeBias", Time since last: 137100 ns, Reaching safepoint: 98000 ns, At safepoint: 67000 ns, Total: 165000 ns
[2020-04-26T18:54:22.271+0000][1][safepoint    ] Safepoint "RevokeBias", Time since last: 129500 ns, Reaching safepoint: 99100 ns, At safepoint: 75700 ns, Total: 174800 ns
[2020-04-26T18:54:22.272+0000][1][safepoint    ] Safepoint "RevokeBias", Time since last: 1146500 ns, Reaching safepoint: 119600 ns, At safepoint: 69400 ns, Total: 189000 ns
[2020-04-26T18:54:22.273+0000][1][safepoint    ] Safepoint "RevokeBias", Time since last: 124100 ns, Reaching safepoint: 109300 ns, At safepoint: 79600 ns, Total: 188900 ns
[2020-04-26T18:54:22.273+0000][1][safepoint    ] Safepoint "RevokeBias", Time since last: 227400 ns, Reaching safepoint: 105600 ns, At safepoint: 81800 ns, Total: 187400 ns
[2020-04-26T18:54:22.274+0000][1][safepoint    ] Safepoint "RevokeBias", Time since last: 195500 ns, Reaching safepoint: 116200 ns, At safepoint: 127600 ns, Total: 243800 ns
[2020-04-26T18:54:22.274+0000][1][safepoint    ] Safepoint "RevokeBias", Time since last: 206800 ns, Reaching safepoint: 101800 ns, At safepoint: 79100 ns, Total: 180900 ns
[2020-04-26T18:54:22.277+0000][1][gc,heap,exit ] Heap
[2020-04-26T18:54:22.277+0000][1][gc,heap,exit ]  par new generation   total 157248K, used 137355K [0x00000000e0000000, 0x00000000eaaa0000, 0x00000000eaaa0000)
[2020-04-26T18:54:22.277+0000][1][gc,heap,exit ]   eden space 139776K,  89% used [0x00000000e0000000, 0x00000000e799aab0, 0x00000000e8880000)
[2020-04-26T18:54:22.277+0000][1][gc,heap,exit ]   from space 17472K,  73% used [0x00000000e9990000, 0x00000000ea618200, 0x00000000eaaa0000)
[2020-04-26T18:54:22.277+0000][1][gc,heap,exit ]   to   space 17472K,   0% used [0x00000000e8880000, 0x00000000e8880000, 0x00000000e9990000)
[2020-04-26T18:54:22.277+0000][1][gc,heap,exit ]  concurrent mark-sweep generation total 349568K, used 49848K [0x00000000eaaa0000, 0x0000000100000000, 0x0000000100000000)
[2020-04-26T18:54:22.277+0000][1][gc,heap,exit ]  Metaspace       used 73697K, capacity 79603K, committed 79772K, reserved 1116160K
[2020-04-26T18:54:22.277+0000][1][gc,heap,exit ]   class space    used 9954K, capacity 12411K, committed 12436K, reserved 1048576K
