[2020-04-26T16:03:43.173+0000][1][gc] Using Concurrent Mark Sweep
[2020-04-26T16:03:43.173+0000][1][gc,heap,coops] Heap address: 0x00000000e0000000, size: 512 MB, Compressed Oops mode: 32-bit
[2020-04-26T16:03:43.211+0000][1][safepoint    ] Safepoint "EnableBiasedLocking", Time since last: 29781600 ns, Reaching safepoint: 105800 ns, At safepoint: 60500 ns, Total: 166300 ns
[2020-04-26T16:03:43.214+0000][1][safepoint    ] Safepoint "RevokeBias", Time since last: 2319500 ns, Reaching safepoint: 129800 ns, At safepoint: 58500 ns, Total: 188300 ns
[2020-04-26T16:03:43.222+0000][1][safepoint    ] Safepoint "Deoptimize", Time since last: 7916500 ns, Reaching safepoint: 10200 ns, At safepoint: 34500 ns, Total: 44700 ns
[2020-04-26T16:03:43.341+0000][1][safepoint    ] Safepoint "RevokeBias", Time since last: 118934300 ns, Reaching safepoint: 26000 ns, At safepoint: 65600 ns, Total: 91600 ns
[2020-04-26T16:03:43.342+0000][1][safepoint    ] Safepoint "Deoptimize", Time since last: 1343400 ns, Reaching safepoint: 8400 ns, At safepoint: 45700 ns, Total: 54100 ns
[2020-04-26T16:03:43.344+0000][1][safepoint    ] Safepoint "Deoptimize", Time since last: 1287600 ns, Reaching safepoint: 6600 ns, At safepoint: 77000 ns, Total: 83600 ns
[2020-04-26T16:03:43.378+0000][1][safepoint    ] Safepoint "Deoptimize", Time since last: 33811300 ns, Reaching safepoint: 18700 ns, At safepoint: 59700 ns, Total: 78400 ns
[2020-04-26T16:03:43.713+0000][1][safepoint    ] Safepoint "Deoptimize", Time since last: 335553800 ns, Reaching safepoint: 91500 ns, At safepoint: 108800 ns, Total: 200300 ns
[2020-04-26T16:03:43.783+0000][1][safepoint    ] Safepoint "Deoptimize", Time since last: 69184200 ns, Reaching safepoint: 29300 ns, At safepoint: 96500 ns, Total: 125800 ns
[2020-04-26T16:03:44.094+0000][1][safepoint    ] Safepoint "Deoptimize", Time since last: 311185100 ns, Reaching safepoint: 51700 ns, At safepoint: 133200 ns, Total: 184900 ns
[2020-04-26T16:03:44.406+0000][1][safepoint    ] Safepoint "Deoptimize", Time since last: 311778700 ns, Reaching safepoint: 64700 ns, At safepoint: 207300 ns, Total: 272000 ns
[2020-04-26T16:03:44.500+0000][1][safepoint    ] Safepoint "RevokeBias", Time since last: 93694400 ns, Reaching safepoint: 36200 ns, At safepoint: 146800 ns, Total: 183000 ns
[2020-04-26T16:03:44.646+0000][1][safepoint    ] Safepoint "Deoptimize", Time since last: 145461300 ns, Reaching safepoint: 65500 ns, At safepoint: 277000 ns, Total: 342500 ns
[2020-04-26T16:03:44.765+0000][1][safepoint    ] Safepoint "Deoptimize", Time since last: 118967700 ns, Reaching safepoint: 31500 ns, At safepoint: 207500 ns, Total: 239000 ns
[2020-04-26T16:03:44.765+0000][1][safepoint    ] Safepoint "Deoptimize", Time since last: 158300 ns, Reaching safepoint: 9000 ns, At safepoint: 203400 ns, Total: 212400 ns
[2020-04-26T16:03:44.817+0000][1][safepoint    ] Safepoint "Deoptimize", Time since last: 51891200 ns, Reaching safepoint: 23800 ns, At safepoint: 147200 ns, Total: 171000 ns
[2020-04-26T16:03:44.820+0000][1][safepoint    ] Safepoint "Deoptimize", Time since last: 2012900 ns, Reaching safepoint: 14000 ns, At safepoint: 129300 ns, Total: 143300 ns
[2020-04-26T16:03:44.829+0000][1][safepoint    ] Safepoint "RevokeBias", Time since last: 8782900 ns, Reaching safepoint: 109200 ns, At safepoint: 54800 ns, Total: 164000 ns
[2020-04-26T16:03:44.829+0000][1][safepoint    ] Safepoint "RevokeBias", Time since last: 189700 ns, Reaching safepoint: 100500 ns, At safepoint: 77800 ns, Total: 178300 ns
[2020-04-26T16:03:44.829+0000][1][safepoint    ] Safepoint "RevokeBias", Time since last: 106300 ns, Reaching safepoint: 93800 ns, At safepoint: 63600 ns, Total: 157400 ns
[2020-04-26T16:03:44.830+0000][1][safepoint    ] Safepoint "RevokeBias", Time since last: 165600 ns, Reaching safepoint: 95800 ns, At safepoint: 103500 ns, Total: 199300 ns
[2020-04-26T16:03:44.830+0000][1][safepoint    ] Safepoint "RevokeBias", Time since last: 105100 ns, Reaching safepoint: 121200 ns, At safepoint: 97000 ns, Total: 218200 ns
[2020-04-26T16:03:44.830+0000][1][safepoint    ] Safepoint "RevokeBias", Time since last: 121100 ns, Reaching safepoint: 113900 ns, At safepoint: 81400 ns, Total: 195300 ns
[2020-04-26T16:03:44.838+0000][1][safepoint    ] Safepoint "Deoptimize", Time since last: 7216600 ns, Reaching safepoint: 16900 ns, At safepoint: 160800 ns, Total: 177700 ns
[2020-04-26T16:03:45.104+0000][1][safepoint    ] Safepoint "RevokeBias", Time since last: 266763100 ns, Reaching safepoint: 93900 ns, At safepoint: 65300 ns, Total: 159200 ns
[2020-04-26T16:03:45.284+0000][1][safepoint    ] Safepoint "Deoptimize", Time since last: 179674000 ns, Reaching safepoint: 35600 ns, At safepoint: 203000 ns, Total: 238600 ns
[2020-04-26T16:03:45.401+0000][1][safepoint    ] Safepoint "Deoptimize", Time since last: 116783400 ns, Reaching safepoint: 46400 ns, At safepoint: 257200 ns, Total: 303600 ns
[2020-04-26T16:03:45.526+0000][1][safepoint    ] Safepoint "RevokeBias", Time since last: 124706800 ns, Reaching safepoint: 141300 ns, At safepoint: 79900 ns, Total: 221200 ns
[2020-04-26T16:03:45.725+0000][1][gc,start     ] GC(0) Pause Young (Allocation Failure)
[2020-04-26T16:03:45.727+0000][1][gc,task      ] GC(0) Using 10 workers of 10 for evacuation
[2020-04-26T16:03:45.732+0000][1][gc,age       ] GC(0) Desired survivor size 8945664 bytes, new threshold 1 (max threshold 6)
[2020-04-26T16:03:45.732+0000][1][gc,age       ] GC(0) Age table with threshold 1 (max threshold 6)
[2020-04-26T16:03:45.732+0000][1][gc,age       ] GC(0) - age   1:   10372416 bytes,   10372416 total
[2020-04-26T16:03:45.732+0000][1][gc,heap      ] GC(0) ParNew: 139776K->10263K(157248K)
[2020-04-26T16:03:45.732+0000][1][gc,heap      ] GC(0) CMS: 0K->0K(349568K)
[2020-04-26T16:03:45.732+0000][1][gc,metaspace ] GC(0) Metaspace: 17264K->17264K(1064960K)
[2020-04-26T16:03:45.732+0000][1][gc           ] GC(0) Pause Young (Allocation Failure) 136M->10M(494M) 6.958ms
[2020-04-26T16:03:45.732+0000][1][gc,cpu       ] GC(0) User=0.06s Sys=0.00s Real=0.00s
[2020-04-26T16:03:45.732+0000][1][safepoint    ] Safepoint "GenCollectForAllocation", Time since last: 198720900 ns, Reaching safepoint: 53600 ns, At safepoint: 7044100 ns, Total: 7097700 ns
[2020-04-26T16:03:45.733+0000][1][safepoint    ] Safepoint "RevokeBias", Time since last: 349900 ns, Reaching safepoint: 106700 ns, At safepoint: 86800 ns, Total: 193500 ns
[2020-04-26T16:03:45.733+0000][1][safepoint    ] Safepoint "RevokeBias", Time since last: 78900 ns, Reaching safepoint: 119200 ns, At safepoint: 110000 ns, Total: 229200 ns
[2020-04-26T16:03:45.733+0000][1][safepoint    ] Safepoint "RevokeBias", Time since last: 97900 ns, Reaching safepoint: 108300 ns, At safepoint: 93600 ns, Total: 201900 ns
[2020-04-26T16:03:45.734+0000][1][safepoint    ] Safepoint "RevokeBias", Time since last: 46800 ns, Reaching safepoint: 97800 ns, At safepoint: 106600 ns, Total: 204400 ns
[2020-04-26T16:03:45.734+0000][1][safepoint    ] Safepoint "BulkRevokeBias", Time since last: 33400 ns, Reaching safepoint: 121100 ns, At safepoint: 240000 ns, Total: 361100 ns
[2020-04-26T16:03:45.734+0000][1][safepoint    ] Safepoint "RevokeBias", Time since last: 50400 ns, Reaching safepoint: 109600 ns, At safepoint: 105100 ns, Total: 214700 ns
[2020-04-26T16:03:45.735+0000][1][safepoint    ] Safepoint "RevokeBias", Time since last: 152700 ns, Reaching safepoint: 123800 ns, At safepoint: 119400 ns, Total: 243200 ns
[2020-04-26T16:03:45.735+0000][1][safepoint    ] Safepoint "RevokeBias", Time since last: 300300 ns, Reaching safepoint: 104100 ns, At safepoint: 97100 ns, Total: 201200 ns
[2020-04-26T16:03:45.735+0000][1][safepoint    ] Safepoint "RevokeBias", Time since last: 108100 ns, Reaching safepoint: 98400 ns, At safepoint: 91600 ns, Total: 190000 ns
[2020-04-26T16:03:45.736+0000][1][safepoint    ] Safepoint "RevokeBias", Time since last: 262800 ns, Reaching safepoint: 105500 ns, At safepoint: 89600 ns, Total: 195100 ns
[2020-04-26T16:03:45.736+0000][1][safepoint    ] Safepoint "RevokeBias", Time since last: 96400 ns, Reaching safepoint: 14500 ns, At safepoint: 91500 ns, Total: 106000 ns
[2020-04-26T16:03:45.736+0000][1][safepoint    ] Safepoint "RevokeBias", Time since last: 93500 ns, Reaching safepoint: 93100 ns, At safepoint: 69600 ns, Total: 162700 ns
[2020-04-26T16:03:45.737+0000][1][safepoint    ] Safepoint "RevokeBias", Time since last: 101100 ns, Reaching safepoint: 90900 ns, At safepoint: 55800 ns, Total: 146700 ns
[2020-04-26T16:03:45.737+0000][1][safepoint    ] Safepoint "RevokeBias", Time since last: 117900 ns, Reaching safepoint: 90800 ns, At safepoint: 53100 ns, Total: 143900 ns
[2020-04-26T16:03:45.737+0000][1][safepoint    ] Safepoint "RevokeBias", Time since last: 87500 ns, Reaching safepoint: 100100 ns, At safepoint: 85800 ns, Total: 185900 ns
[2020-04-26T16:03:45.738+0000][1][safepoint    ] Safepoint "RevokeBias", Time since last: 289200 ns, Reaching safepoint: 10600 ns, At safepoint: 54100 ns, Total: 64700 ns
[2020-04-26T16:03:45.738+0000][1][safepoint    ] Safepoint "RevokeBias", Time since last: 93700 ns, Reaching safepoint: 125100 ns, At safepoint: 97800 ns, Total: 222900 ns
[2020-04-26T16:03:45.738+0000][1][safepoint    ] Safepoint "RevokeBias", Time since last: 128900 ns, Reaching safepoint: 98100 ns, At safepoint: 67200 ns, Total: 165300 ns
[2020-04-26T16:03:45.738+0000][1][safepoint    ] Safepoint "RevokeBias", Time since last: 95000 ns, Reaching safepoint: 99300 ns, At safepoint: 57500 ns, Total: 156800 ns
[2020-04-26T16:03:45.739+0000][1][safepoint    ] Safepoint "RevokeBias", Time since last: 114700 ns, Reaching safepoint: 96300 ns, At safepoint: 52100 ns, Total: 148400 ns
[2020-04-26T16:03:45.739+0000][1][safepoint    ] Safepoint "RevokeBias", Time since last: 85500 ns, Reaching safepoint: 95500 ns, At safepoint: 52200 ns, Total: 147700 ns
[2020-04-26T16:03:45.739+0000][1][safepoint    ] Safepoint "RevokeBias", Time since last: 87900 ns, Reaching safepoint: 97100 ns, At safepoint: 52000 ns, Total: 149100 ns
[2020-04-26T16:03:45.739+0000][1][safepoint    ] Safepoint "RevokeBias", Time since last: 89100 ns, Reaching safepoint: 104800 ns, At safepoint: 50700 ns, Total: 155500 ns
[2020-04-26T16:03:45.740+0000][1][safepoint    ] Safepoint "RevokeBias", Time since last: 89500 ns, Reaching safepoint: 89800 ns, At safepoint: 49300 ns, Total: 139100 ns
[2020-04-26T16:03:45.740+0000][1][safepoint    ] Safepoint "RevokeBias", Time since last: 78200 ns, Reaching safepoint: 99600 ns, At safepoint: 52700 ns, Total: 152300 ns
[2020-04-26T16:03:45.740+0000][1][safepoint    ] Safepoint "RevokeBias", Time since last: 276200 ns, Reaching safepoint: 98100 ns, At safepoint: 76500 ns, Total: 174600 ns
[2020-04-26T16:03:45.741+0000][1][safepoint    ] Safepoint "RevokeBias", Time since last: 92700 ns, Reaching safepoint: 108500 ns, At safepoint: 86300 ns, Total: 194800 ns
[2020-04-26T16:03:45.741+0000][1][safepoint    ] Safepoint "RevokeBias", Time since last: 98500 ns, Reaching safepoint: 97200 ns, At safepoint: 67900 ns, Total: 165100 ns
[2020-04-26T16:03:45.741+0000][1][safepoint    ] Safepoint "RevokeBias", Time since last: 84700 ns, Reaching safepoint: 96700 ns, At safepoint: 68200 ns, Total: 164900 ns
[2020-04-26T16:03:45.741+0000][1][safepoint    ] Safepoint "RevokeBias", Time since last: 103600 ns, Reaching safepoint: 114100 ns, At safepoint: 76700 ns, Total: 190800 ns
[2020-04-26T16:03:45.742+0000][1][safepoint    ] Safepoint "RevokeBias", Time since last: 90700 ns, Reaching safepoint: 94400 ns, At safepoint: 79500 ns, Total: 173900 ns
[2020-04-26T16:03:45.742+0000][1][safepoint    ] Safepoint "RevokeBias", Time since last: 101400 ns, Reaching safepoint: 92000 ns, At safepoint: 67300 ns, Total: 159300 ns
[2020-04-26T16:03:45.742+0000][1][safepoint    ] Safepoint "RevokeBias", Time since last: 80100 ns, Reaching safepoint: 91000 ns, At safepoint: 67900 ns, Total: 158900 ns
[2020-04-26T16:03:45.742+0000][1][safepoint    ] Safepoint "RevokeBias", Time since last: 116000 ns, Reaching safepoint: 106900 ns, At safepoint: 73800 ns, Total: 180700 ns
[2020-04-26T16:03:45.743+0000][1][safepoint    ] Safepoint "RevokeBias", Time since last: 94700 ns, Reaching safepoint: 98800 ns, At safepoint: 73600 ns, Total: 172400 ns
[2020-04-26T16:03:45.743+0000][1][safepoint    ] Safepoint "RevokeBias", Time since last: 98600 ns, Reaching safepoint: 91200 ns, At safepoint: 44200 ns, Total: 135400 ns
[2020-04-26T16:03:45.743+0000][1][safepoint    ] Safepoint "RevokeBias", Time since last: 81400 ns, Reaching safepoint: 91600 ns, At safepoint: 45900 ns, Total: 137500 ns
[2020-04-26T16:03:45.744+0000][1][safepoint    ] Safepoint "RevokeBias", Time since last: 145800 ns, Reaching safepoint: 116300 ns, At safepoint: 69400 ns, Total: 185700 ns
[2020-04-26T16:03:45.744+0000][1][safepoint    ] Safepoint "RevokeBias", Time since last: 85900 ns, Reaching safepoint: 98900 ns, At safepoint: 59700 ns, Total: 158600 ns
[2020-04-26T16:03:45.744+0000][1][safepoint    ] Safepoint "BulkRevokeBias", Time since last: 87900 ns, Reaching safepoint: 9600 ns, At safepoint: 64200 ns, Total: 73800 ns
[2020-04-26T16:03:45.744+0000][1][safepoint    ] Safepoint "BulkRevokeBias", Time since last: 75700 ns, Reaching safepoint: 100200 ns, At safepoint: 94700 ns, Total: 194900 ns
[2020-04-26T16:03:45.753+0000][1][safepoint    ] Safepoint "RevokeBias", Time since last: 8395100 ns, Reaching safepoint: 175700 ns, At safepoint: 122200 ns, Total: 297900 ns
[2020-04-26T16:03:45.755+0000][1][safepoint    ] Safepoint "RevokeBias", Time since last: 2256400 ns, Reaching safepoint: 24100 ns, At safepoint: 75600 ns, Total: 99700 ns
[2020-04-26T16:03:46.087+0000][1][gc,start     ] GC(1) Pause Young (Allocation Failure)
[2020-04-26T16:03:46.087+0000][1][gc,task      ] GC(1) Using 10 workers of 10 for evacuation
[2020-04-26T16:03:46.108+0000][1][gc,age       ] GC(1) Desired survivor size 8945664 bytes, new threshold 6 (max threshold 6)
[2020-04-26T16:03:46.108+0000][1][gc,age       ] GC(1) Age table with threshold 6 (max threshold 6)
[2020-04-26T16:03:46.108+0000][1][gc,age       ] GC(1) - age   1:    1642160 bytes,    1642160 total
[2020-04-26T16:03:46.108+0000][1][gc,heap      ] GC(1) ParNew: 150039K->7334K(157248K)
[2020-04-26T16:03:46.108+0000][1][gc,heap      ] GC(1) CMS: 0K->9527K(349568K)
[2020-04-26T16:03:46.108+0000][1][gc,metaspace ] GC(1) Metaspace: 18613K->18613K(1067008K)
[2020-04-26T16:03:46.108+0000][1][gc           ] GC(1) Pause Young (Allocation Failure) 146M->16M(494M) 21.613ms
[2020-04-26T16:03:46.108+0000][1][gc,cpu       ] GC(1) User=0.13s Sys=0.06s Real=0.02s
[2020-04-26T16:03:46.109+0000][1][safepoint    ] Safepoint "GenCollectForAllocation", Time since last: 331341900 ns, Reaching safepoint: 117900 ns, At safepoint: 21813200 ns, Total: 21931100 ns
[2020-04-26T16:03:46.109+0000][1][safepoint    ] Safepoint "RevokeBias", Time since last: 326700 ns, Reaching safepoint: 141100 ns, At safepoint: 123100 ns, Total: 264200 ns
[2020-04-26T16:03:46.109+0000][1][safepoint    ] Safepoint "RevokeBias", Time since last: 127400 ns, Reaching safepoint: 144400 ns, At safepoint: 104500 ns, Total: 248900 ns
[2020-04-26T16:03:46.110+0000][1][safepoint    ] Safepoint "RevokeBias", Time since last: 145000 ns, Reaching safepoint: 122900 ns, At safepoint: 134900 ns, Total: 257800 ns
[2020-04-26T16:03:46.110+0000][1][safepoint    ] Safepoint "RevokeBias", Time since last: 139300 ns, Reaching safepoint: 141800 ns, At safepoint: 110700 ns, Total: 252500 ns
[2020-04-26T16:03:46.111+0000][1][safepoint    ] Safepoint "RevokeBias", Time since last: 157900 ns, Reaching safepoint: 122100 ns, At safepoint: 106300 ns, Total: 228400 ns
[2020-04-26T16:03:46.111+0000][1][safepoint    ] Safepoint "RevokeBias", Time since last: 156700 ns, Reaching safepoint: 126000 ns, At safepoint: 110700 ns, Total: 236700 ns
[2020-04-26T16:03:46.112+0000][1][safepoint    ] Safepoint "RevokeBias", Time since last: 370500 ns, Reaching safepoint: 125900 ns, At safepoint: 121400 ns, Total: 247300 ns
[2020-04-26T16:03:46.112+0000][1][safepoint    ] Safepoint "RevokeBias", Time since last: 180700 ns, Reaching safepoint: 123300 ns, At safepoint: 132700 ns, Total: 256000 ns
[2020-04-26T16:03:46.113+0000][1][safepoint    ] Safepoint "RevokeBias", Time since last: 170500 ns, Reaching safepoint: 139400 ns, At safepoint: 139500 ns, Total: 278900 ns
[2020-04-26T16:03:46.113+0000][1][safepoint    ] Safepoint "RevokeBias", Time since last: 169200 ns, Reaching safepoint: 133100 ns, At safepoint: 118300 ns, Total: 251400 ns
[2020-04-26T16:03:46.113+0000][1][safepoint    ] Safepoint "RevokeBias", Time since last: 184100 ns, Reaching safepoint: 124000 ns, At safepoint: 138000 ns, Total: 262000 ns
[2020-04-26T16:03:46.114+0000][1][safepoint    ] Safepoint "RevokeBias", Time since last: 176400 ns, Reaching safepoint: 132600 ns, At safepoint: 128600 ns, Total: 261200 ns
[2020-04-26T16:03:46.114+0000][1][safepoint    ] Safepoint "RevokeBias", Time since last: 139100 ns, Reaching safepoint: 120200 ns, At safepoint: 114200 ns, Total: 234400 ns
[2020-04-26T16:03:46.115+0000][1][safepoint    ] Safepoint "RevokeBias", Time since last: 227200 ns, Reaching safepoint: 171500 ns, At safepoint: 179500 ns, Total: 351000 ns
[2020-04-26T16:03:46.115+0000][1][safepoint    ] Safepoint "RevokeBias", Time since last: 166600 ns, Reaching safepoint: 122500 ns, At safepoint: 122400 ns, Total: 244900 ns
[2020-04-26T16:03:46.116+0000][1][safepoint    ] Safepoint "RevokeBias", Time since last: 145400 ns, Reaching safepoint: 148400 ns, At safepoint: 127700 ns, Total: 276100 ns
[2020-04-26T16:03:46.116+0000][1][safepoint    ] Safepoint "RevokeBias", Time since last: 128700 ns, Reaching safepoint: 126400 ns, At safepoint: 129800 ns, Total: 256200 ns
[2020-04-26T16:03:46.117+0000][1][safepoint    ] Safepoint "RevokeBias", Time since last: 198100 ns, Reaching safepoint: 149800 ns, At safepoint: 137700 ns, Total: 287500 ns
[2020-04-26T16:03:46.117+0000][1][safepoint    ] Safepoint "RevokeBias", Time since last: 171800 ns, Reaching safepoint: 32200 ns, At safepoint: 148700 ns, Total: 180900 ns
[2020-04-26T16:03:46.117+0000][1][safepoint    ] Safepoint "RevokeBias", Time since last: 178500 ns, Reaching safepoint: 123500 ns, At safepoint: 187100 ns, Total: 310600 ns
[2020-04-26T16:03:46.118+0000][1][safepoint    ] Safepoint "RevokeBias", Time since last: 165000 ns, Reaching safepoint: 118300 ns, At safepoint: 128700 ns, Total: 247000 ns
[2020-04-26T16:03:46.118+0000][1][safepoint    ] Safepoint "RevokeBias", Time since last: 239700 ns, Reaching safepoint: 122700 ns, At safepoint: 148600 ns, Total: 271300 ns
[2020-04-26T16:03:46.119+0000][1][safepoint    ] Safepoint "RevokeBias", Time since last: 240300 ns, Reaching safepoint: 134600 ns, At safepoint: 174900 ns, Total: 309500 ns
[2020-04-26T16:03:46.119+0000][1][safepoint    ] Safepoint "RevokeBias", Time since last: 109200 ns, Reaching safepoint: 113200 ns, At safepoint: 100700 ns, Total: 213900 ns
[2020-04-26T16:03:46.119+0000][1][safepoint    ] Safepoint "RevokeBias", Time since last: 116800 ns, Reaching safepoint: 112400 ns, At safepoint: 93100 ns, Total: 205500 ns
[2020-04-26T16:03:46.244+0000][1][safepoint    ] Safepoint "RevokeBias", Time since last: 124113300 ns, Reaching safepoint: 47200 ns, At safepoint: 65900 ns, Total: 113100 ns
[2020-04-26T16:03:46.245+0000][1][safepoint    ] Safepoint "RevokeBias", Time since last: 1119900 ns, Reaching safepoint: 28300 ns, At safepoint: 91800 ns, Total: 120100 ns
[2020-04-26T16:03:46.249+0000][1][safepoint    ] Safepoint "RevokeBias", Time since last: 3448000 ns, Reaching safepoint: 143800 ns, At safepoint: 54600 ns, Total: 198400 ns
[2020-04-26T16:03:46.401+0000][1][gc,start     ] GC(2) Pause Young (Allocation Failure)
[2020-04-26T16:03:46.401+0000][1][gc,task      ] GC(2) Using 10 workers of 10 for evacuation
[2020-04-26T16:03:46.404+0000][1][gc,age       ] GC(2) Desired survivor size 8945664 bytes, new threshold 6 (max threshold 6)
[2020-04-26T16:03:46.404+0000][1][gc,age       ] GC(2) Age table with threshold 6 (max threshold 6)
[2020-04-26T16:03:46.404+0000][1][gc,age       ] GC(2) - age   1:    1781192 bytes,    1781192 total
[2020-04-26T16:03:46.404+0000][1][gc,age       ] GC(2) - age   2:    1593760 bytes,    3374952 total
[2020-04-26T16:03:46.404+0000][1][gc,heap      ] GC(2) ParNew: 147110K->4418K(157248K)
[2020-04-26T16:03:46.404+0000][1][gc,heap      ] GC(2) CMS: 9527K->9527K(349568K)
[2020-04-26T16:03:46.404+0000][1][gc,metaspace ] GC(2) Metaspace: 19118K->19118K(1067008K)
[2020-04-26T16:03:46.404+0000][1][gc           ] GC(2) Pause Young (Allocation Failure) 152M->13M(494M) 2.427ms
[2020-04-26T16:03:46.404+0000][1][gc,cpu       ] GC(2) User=0.01s Sys=0.01s Real=0.01s
[2020-04-26T16:03:46.404+0000][1][safepoint    ] Safepoint "GenCollectForAllocation", Time since last: 152725700 ns, Reaching safepoint: 39400 ns, At safepoint: 2541000 ns, Total: 2580400 ns
[2020-04-26T16:03:46.405+0000][1][safepoint    ] Safepoint "RevokeBias", Time since last: 304200 ns, Reaching safepoint: 140200 ns, At safepoint: 215900 ns, Total: 356100 ns
[2020-04-26T16:03:46.405+0000][1][safepoint    ] Safepoint "RevokeBias", Time since last: 161500 ns, Reaching safepoint: 104000 ns, At safepoint: 83300 ns, Total: 187300 ns
[2020-04-26T16:03:46.405+0000][1][safepoint    ] Safepoint "RevokeBias", Time since last: 96100 ns, Reaching safepoint: 109700 ns, At safepoint: 88200 ns, Total: 197900 ns
[2020-04-26T16:03:46.405+0000][1][safepoint    ] Safepoint "RevokeBias", Time since last: 91100 ns, Reaching safepoint: 94800 ns, At safepoint: 80900 ns, Total: 175700 ns
[2020-04-26T16:03:46.406+0000][1][safepoint    ] Safepoint "RevokeBias", Time since last: 89600 ns, Reaching safepoint: 93900 ns, At safepoint: 57900 ns, Total: 151800 ns
[2020-04-26T16:03:46.406+0000][1][safepoint    ] Safepoint "RevokeBias", Time since last: 87500 ns, Reaching safepoint: 92600 ns, At safepoint: 54300 ns, Total: 146900 ns
[2020-04-26T16:03:46.406+0000][1][safepoint    ] Safepoint "RevokeBias", Time since last: 90100 ns, Reaching safepoint: 93500 ns, At safepoint: 80300 ns, Total: 173800 ns
[2020-04-26T16:03:46.406+0000][1][safepoint    ] Safepoint "RevokeBias", Time since last: 87900 ns, Reaching safepoint: 108600 ns, At safepoint: 88900 ns, Total: 197500 ns
[2020-04-26T16:03:46.407+0000][1][safepoint    ] Safepoint "RevokeBias", Time since last: 96400 ns, Reaching safepoint: 99300 ns, At safepoint: 84100 ns, Total: 183400 ns
[2020-04-26T16:03:46.407+0000][1][safepoint    ] Safepoint "RevokeBias", Time since last: 120400 ns, Reaching safepoint: 104600 ns, At safepoint: 79900 ns, Total: 184500 ns
[2020-04-26T16:03:46.415+0000][1][safepoint    ] Safepoint "Deoptimize", Time since last: 7558100 ns, Reaching safepoint: 30000 ns, At safepoint: 298700 ns, Total: 328700 ns
[2020-04-26T16:03:46.469+0000][1][safepoint    ] Safepoint "Deoptimize", Time since last: 53387100 ns, Reaching safepoint: 51500 ns, At safepoint: 579700 ns, Total: 631200 ns
[2020-04-26T16:03:46.655+0000][1][gc,start     ] GC(3) Pause Young (Allocation Failure)
[2020-04-26T16:03:46.655+0000][1][gc,task      ] GC(3) Using 10 workers of 10 for evacuation
[2020-04-26T16:03:46.659+0000][1][gc,age       ] GC(3) Desired survivor size 8945664 bytes, new threshold 6 (max threshold 6)
[2020-04-26T16:03:46.659+0000][1][gc,age       ] GC(3) Age table with threshold 6 (max threshold 6)
[2020-04-26T16:03:46.659+0000][1][gc,age       ] GC(3) - age   1:    3668512 bytes,    3668512 total
[2020-04-26T16:03:46.659+0000][1][gc,age       ] GC(3) - age   2:    1758808 bytes,    5427320 total
[2020-04-26T16:03:46.659+0000][1][gc,age       ] GC(3) - age   3:    1589776 bytes,    7017096 total
[2020-04-26T16:03:46.659+0000][1][gc,heap      ] GC(3) ParNew: 144194K->7700K(157248K)
[2020-04-26T16:03:46.659+0000][1][gc,heap      ] GC(3) CMS: 9527K->9527K(349568K)
[2020-04-26T16:03:46.659+0000][1][gc,metaspace ] GC(3) Metaspace: 19581K->19581K(1067008K)
[2020-04-26T16:03:46.659+0000][1][gc           ] GC(3) Pause Young (Allocation Failure) 150M->16M(494M) 3.943ms
[2020-04-26T16:03:46.659+0000][1][gc,cpu       ] GC(3) User=0.02s Sys=0.01s Real=0.00s
[2020-04-26T16:03:46.659+0000][1][safepoint    ] Safepoint "GenCollectForAllocation", Time since last: 185952400 ns, Reaching safepoint: 89200 ns, At safepoint: 4034700 ns, Total: 4123900 ns
[2020-04-26T16:03:46.660+0000][1][safepoint    ] Safepoint "RevokeBias", Time since last: 319000 ns, Reaching safepoint: 158900 ns, At safepoint: 99900 ns, Total: 258800 ns
[2020-04-26T16:03:46.660+0000][1][safepoint    ] Safepoint "BulkRevokeBias", Time since last: 115700 ns, Reaching safepoint: 122500 ns, At safepoint: 92000 ns, Total: 214500 ns
[2020-04-26T16:03:46.660+0000][1][safepoint    ] Safepoint "BulkRevokeBias", Time since last: 129500 ns, Reaching safepoint: 103300 ns, At safepoint: 129100 ns, Total: 232400 ns
[2020-04-26T16:03:46.863+0000][1][gc,start     ] GC(4) Pause Young (Allocation Failure)
[2020-04-26T16:03:46.863+0000][1][gc,task      ] GC(4) Using 10 workers of 10 for evacuation
[2020-04-26T16:03:46.865+0000][1][gc,age       ] GC(4) Desired survivor size 8945664 bytes, new threshold 6 (max threshold 6)
[2020-04-26T16:03:46.865+0000][1][gc,age       ] GC(4) Age table with threshold 6 (max threshold 6)
[2020-04-26T16:03:46.865+0000][1][gc,age       ] GC(4) - age   1:     557352 bytes,     557352 total
[2020-04-26T16:03:46.865+0000][1][gc,age       ] GC(4) - age   2:    2295992 bytes,    2853344 total
[2020-04-26T16:03:46.865+0000][1][gc,age       ] GC(4) - age   3:    1758048 bytes,    4611392 total
[2020-04-26T16:03:46.865+0000][1][gc,age       ] GC(4) - age   4:    1589376 bytes,    6200768 total
[2020-04-26T16:03:46.865+0000][1][gc,heap      ] GC(4) ParNew: 147476K->8297K(157248K)
[2020-04-26T16:03:46.866+0000][1][gc,heap      ] GC(4) CMS: 9527K->9527K(349568K)
[2020-04-26T16:03:46.866+0000][1][gc,metaspace ] GC(4) Metaspace: 19847K->19847K(1067008K)
[2020-04-26T16:03:46.866+0000][1][gc           ] GC(4) Pause Young (Allocation Failure) 153M->17M(494M) 2.942ms
[2020-04-26T16:03:46.866+0000][1][gc,cpu       ] GC(4) User=0.02s Sys=0.00s Real=0.00s
[2020-04-26T16:03:46.866+0000][1][safepoint    ] Safepoint "GenCollectForAllocation", Time since last: 202202800 ns, Reaching safepoint: 75800 ns, At safepoint: 3121100 ns, Total: 3196900 ns
[2020-04-26T16:03:46.922+0000][1][safepoint    ] Safepoint "CollectForMetadataAllocation", Time since last: 56244400 ns, Reaching safepoint: 30900 ns, At safepoint: 146600 ns, Total: 177500 ns
[2020-04-26T16:03:46.932+0000][1][safepoint    ] Safepoint "CollectForMetadataAllocation", Time since last: 9388600 ns, Reaching safepoint: 18600 ns, At safepoint: 134600 ns, Total: 153200 ns
[2020-04-26T16:03:46.959+0000][1][safepoint    ] Safepoint "CollectForMetadataAllocation", Time since last: 27408100 ns, Reaching safepoint: 28300 ns, At safepoint: 141000 ns, Total: 169300 ns
[2020-04-26T16:03:47.088+0000][1][gc,start     ] GC(5) Pause Young (Allocation Failure)
[2020-04-26T16:03:47.088+0000][1][gc,task      ] GC(5) Using 10 workers of 10 for evacuation
[2020-04-26T16:03:47.093+0000][1][gc,age       ] GC(5) Desired survivor size 8945664 bytes, new threshold 6 (max threshold 6)
[2020-04-26T16:03:47.093+0000][1][gc,age       ] GC(5) Age table with threshold 6 (max threshold 6)
[2020-04-26T16:03:47.093+0000][1][gc,age       ] GC(5) - age   1:    1564528 bytes,    1564528 total
[2020-04-26T16:03:47.093+0000][1][gc,age       ] GC(5) - age   2:     533128 bytes,    2097656 total
[2020-04-26T16:03:47.093+0000][1][gc,age       ] GC(5) - age   3:    2295416 bytes,    4393072 total
[2020-04-26T16:03:47.093+0000][1][gc,age       ] GC(5) - age   4:    1758048 bytes,    6151120 total
[2020-04-26T16:03:47.093+0000][1][gc,age       ] GC(5) - age   5:    1589376 bytes,    7740496 total
[2020-04-26T16:03:47.093+0000][1][gc,heap      ] GC(5) ParNew: 148073K->9027K(157248K)
[2020-04-26T16:03:47.093+0000][1][gc,heap      ] GC(5) CMS: 9527K->9527K(349568K)
[2020-04-26T16:03:47.093+0000][1][gc,metaspace ] GC(5) Metaspace: 20791K->20791K(1069056K)
[2020-04-26T16:03:47.093+0000][1][gc           ] GC(5) Pause Young (Allocation Failure) 153M->18M(494M) 5.451ms
[2020-04-26T16:03:47.093+0000][1][gc,cpu       ] GC(5) User=0.04s Sys=0.01s Real=0.01s
[2020-04-26T16:03:47.093+0000][1][safepoint    ] Safepoint "GenCollectForAllocation", Time since last: 128196100 ns, Reaching safepoint: 110900 ns, At safepoint: 5586500 ns, Total: 5697400 ns
[2020-04-26T16:03:47.093+0000][1][gc,start     ] GC(6) Pause Initial Mark
[2020-04-26T16:03:47.095+0000][1][gc           ] GC(6) Pause Initial Mark 20M->20M(494M) 1.075ms
[2020-04-26T16:03:47.095+0000][1][gc,cpu       ] GC(6) User=0.01s Sys=0.00s Real=0.00s
[2020-04-26T16:03:47.095+0000][1][safepoint    ] Safepoint "CMS_Initial_Mark", Time since last: 195500 ns, Reaching safepoint: 123000 ns, At safepoint: 1204600 ns, Total: 1327600 ns
[2020-04-26T16:03:47.095+0000][1][gc           ] GC(6) Concurrent Mark
[2020-04-26T16:03:47.096+0000][1][gc,task      ] GC(6) Using 3 workers of 3 for marking
[2020-04-26T16:03:47.103+0000][1][gc           ] GC(6) Concurrent Mark 8.291ms
[2020-04-26T16:03:47.103+0000][1][gc,cpu       ] GC(6) User=0.05s Sys=0.00s Real=0.01s
[2020-04-26T16:03:47.103+0000][1][gc           ] GC(6) Concurrent Preclean
[2020-04-26T16:03:47.104+0000][1][gc           ] GC(6) Concurrent Preclean 0.847ms
[2020-04-26T16:03:47.104+0000][1][gc,cpu       ] GC(6) User=0.00s Sys=0.00s Real=0.00s
[2020-04-26T16:03:47.104+0000][1][gc           ] GC(6) Concurrent Abortable Preclean
[2020-04-26T16:03:47.285+0000][1][gc           ] GC(6) Concurrent Abortable Preclean 180.440ms
[2020-04-26T16:03:47.285+0000][1][gc,cpu       ] GC(6) User=0.78s Sys=0.02s Real=0.18s
[2020-04-26T16:03:47.285+0000][1][gc,start     ] GC(6) Pause Remark
[2020-04-26T16:03:47.302+0000][1][gc           ] GC(6) Pause Remark 150M->150M(494M) 17.159ms
[2020-04-26T16:03:47.302+0000][1][gc,cpu       ] GC(6) User=0.14s Sys=0.01s Real=0.01s
[2020-04-26T16:03:47.302+0000][1][safepoint    ] Safepoint "CMS_Final_Remark", Time since last: 189946500 ns, Reaching safepoint: 152400 ns, At safepoint: 17286700 ns, Total: 17439100 ns
[2020-04-26T16:03:47.302+0000][1][gc           ] GC(6) Concurrent Sweep
[2020-04-26T16:03:47.307+0000][1][gc           ] GC(6) Concurrent Sweep 4.788ms
[2020-04-26T16:03:47.307+0000][1][gc,cpu       ] GC(6) User=0.02s Sys=0.00s Real=0.01s
[2020-04-26T16:03:47.307+0000][1][gc           ] GC(6) Concurrent Reset
[2020-04-26T16:03:47.308+0000][1][gc           ] GC(6) Concurrent Reset 0.932ms
[2020-04-26T16:03:47.308+0000][1][gc,cpu       ] GC(6) User=0.00s Sys=0.00s Real=0.00s
[2020-04-26T16:03:47.308+0000][1][gc,heap      ] GC(6) Old: 9527K->9524K(349568K)
[2020-04-26T16:03:47.311+0000][1][gc,start     ] GC(7) Pause Young (Allocation Failure)
[2020-04-26T16:03:47.311+0000][1][gc,task      ] GC(7) Using 10 workers of 10 for evacuation
[2020-04-26T16:03:47.315+0000][1][gc,age       ] GC(7) Desired survivor size 8945664 bytes, new threshold 6 (max threshold 6)
[2020-04-26T16:03:47.315+0000][1][gc,age       ] GC(7) Age table with threshold 6 (max threshold 6)
[2020-04-26T16:03:47.315+0000][1][gc,age       ] GC(7) - age   1:     998168 bytes,     998168 total
[2020-04-26T16:03:47.315+0000][1][gc,age       ] GC(7) - age   2:     790256 bytes,    1788424 total
[2020-04-26T16:03:47.315+0000][1][gc,age       ] GC(7) - age   3:     533128 bytes,    2321552 total
[2020-04-26T16:03:47.315+0000][1][gc,age       ] GC(7) - age   4:    2294256 bytes,    4615808 total
[2020-04-26T16:03:47.315+0000][1][gc,age       ] GC(7) - age   5:    1758160 bytes,    6373968 total
[2020-04-26T16:03:47.315+0000][1][gc,age       ] GC(7) - age   6:    1589376 bytes,    7963344 total
[2020-04-26T16:03:47.315+0000][1][gc,heap      ] GC(7) ParNew: 148803K->10846K(157248K)
[2020-04-26T16:03:47.315+0000][1][gc,heap      ] GC(7) CMS: 9524K->9524K(349568K)
[2020-04-26T16:03:47.315+0000][1][gc,metaspace ] GC(7) Metaspace: 20978K->20978K(1069056K)
[2020-04-26T16:03:47.315+0000][1][gc           ] GC(7) Pause Young (Allocation Failure) 154M->19M(494M) 4.657ms
[2020-04-26T16:03:47.315+0000][1][gc,cpu       ] GC(7) User=0.05s Sys=0.00s Real=0.01s
[2020-04-26T16:03:47.316+0000][1][safepoint    ] Safepoint "GenCollectForAllocation", Time since last: 8149200 ns, Reaching safepoint: 523800 ns, At safepoint: 4778300 ns, Total: 5302100 ns
[2020-04-26T16:03:47.584+0000][1][gc,start     ] GC(8) Pause Young (Allocation Failure)
[2020-04-26T16:03:47.584+0000][1][gc,task      ] GC(8) Using 10 workers of 10 for evacuation
[2020-04-26T16:03:47.590+0000][1][gc,age       ] GC(8) Desired survivor size 8945664 bytes, new threshold 6 (max threshold 6)
[2020-04-26T16:03:47.590+0000][1][gc,age       ] GC(8) Age table with threshold 6 (max threshold 6)
[2020-04-26T16:03:47.590+0000][1][gc,age       ] GC(8) - age   1:     530160 bytes,     530160 total
[2020-04-26T16:03:47.590+0000][1][gc,age       ] GC(8) - age   2:     417264 bytes,     947424 total
[2020-04-26T16:03:47.590+0000][1][gc,age       ] GC(8) - age   3:     789864 bytes,    1737288 total
[2020-04-26T16:03:47.590+0000][1][gc,age       ] GC(8) - age   4:     533104 bytes,    2270392 total
[2020-04-26T16:03:47.590+0000][1][gc,age       ] GC(8) - age   5:    2294256 bytes,    4564648 total
[2020-04-26T16:03:47.590+0000][1][gc,age       ] GC(8) - age   6:    1758040 bytes,    6322688 total
[2020-04-26T16:03:47.590+0000][1][gc,heap      ] GC(8) ParNew: 150622K->9110K(157248K)
[2020-04-26T16:03:47.590+0000][1][gc,heap      ] GC(8) CMS: 9524K->11091K(349568K)
[2020-04-26T16:03:47.590+0000][1][gc,metaspace ] GC(8) Metaspace: 21077K->21077K(1069056K)
[2020-04-26T16:03:47.590+0000][1][gc           ] GC(8) Pause Young (Allocation Failure) 156M->19M(494M) 6.600ms
[2020-04-26T16:03:47.590+0000][1][gc,cpu       ] GC(8) User=0.04s Sys=0.00s Real=0.00s
[2020-04-26T16:03:47.590+0000][1][safepoint    ] Safepoint "GenCollectForAllocation", Time since last: 268078500 ns, Reaching safepoint: 52300 ns, At safepoint: 6729700 ns, Total: 6782000 ns
[2020-04-26T16:03:47.668+0000][1][safepoint    ] Safepoint "Deoptimize", Time since last: 77648600 ns, Reaching safepoint: 25200 ns, At safepoint: 222400 ns, Total: 247600 ns
[2020-04-26T16:03:48.207+0000][1][safepoint    ] Safepoint "Deoptimize", Time since last: 538493800 ns, Reaching safepoint: 187500 ns, At safepoint: 257600 ns, Total: 445100 ns
[2020-04-26T16:03:48.211+0000][1][safepoint    ] Safepoint "Deoptimize", Time since last: 3679400 ns, Reaching safepoint: 25500 ns, At safepoint: 333700 ns, Total: 359200 ns
[2020-04-26T16:03:48.657+0000][1][safepoint    ] Safepoint "RevokeBias", Time since last: 445368200 ns, Reaching safepoint: 368200 ns, At safepoint: 121500 ns, Total: 489700 ns
[2020-04-26T16:03:49.083+0000][1][gc,start     ] GC(9) Pause Young (Allocation Failure)
[2020-04-26T16:03:49.083+0000][1][gc,task      ] GC(9) Using 10 workers of 10 for evacuation
[2020-04-26T16:03:49.094+0000][1][gc,age       ] GC(9) Desired survivor size 8945664 bytes, new threshold 1 (max threshold 6)
[2020-04-26T16:03:49.094+0000][1][gc,age       ] GC(9) Age table with threshold 1 (max threshold 6)
[2020-04-26T16:03:49.094+0000][1][gc,age       ] GC(9) - age   1:   12888816 bytes,   12888816 total
[2020-04-26T16:03:49.094+0000][1][gc,age       ] GC(9) - age   2:     265832 bytes,   13154648 total
[2020-04-26T16:03:49.094+0000][1][gc,age       ] GC(9) - age   3:     414632 bytes,   13569280 total
[2020-04-26T16:03:49.094+0000][1][gc,age       ] GC(9) - age   4:     788792 bytes,   14358072 total
[2020-04-26T16:03:49.094+0000][1][gc,age       ] GC(9) - age   5:     530744 bytes,   14888816 total
[2020-04-26T16:03:49.094+0000][1][gc,age       ] GC(9) - age   6:    2289888 bytes,   17178704 total
[2020-04-26T16:03:49.094+0000][1][gc,heap      ] GC(9) ParNew: 148886K->17472K(157248K)
[2020-04-26T16:03:49.094+0000][1][gc,heap      ] GC(9) CMS: 11091K->13176K(349568K)
[2020-04-26T16:03:49.094+0000][1][gc,metaspace ] GC(9) Metaspace: 28102K->28102K(1075200K)
[2020-04-26T16:03:49.094+0000][1][gc           ] GC(9) Pause Young (Allocation Failure) 156M->29M(494M) 10.765ms
[2020-04-26T16:03:49.094+0000][1][gc,cpu       ] GC(9) User=0.09s Sys=0.02s Real=0.01s
[2020-04-26T16:03:49.094+0000][1][safepoint    ] Safepoint "GenCollectForAllocation", Time since last: 426214300 ns, Reaching safepoint: 67200 ns, At safepoint: 10876900 ns, Total: 10944100 ns
[2020-04-26T16:03:49.407+0000][1][safepoint    ] Safepoint "Deoptimize", Time since last: 311951400 ns, Reaching safepoint: 34000 ns, At safepoint: 394200 ns, Total: 428200 ns
[2020-04-26T16:03:49.996+0000][1][safepoint    ] Safepoint "RevokeBias", Time since last: 589612700 ns, Reaching safepoint: 78200 ns, At safepoint: 93500 ns, Total: 171700 ns
[2020-04-26T16:03:50.145+0000][1][gc,start     ] GC(10) Pause Young (Allocation Failure)
[2020-04-26T16:03:50.145+0000][1][gc,task      ] GC(10) Using 10 workers of 10 for evacuation
[2020-04-26T16:03:50.171+0000][1][gc,age       ] GC(10) Desired survivor size 8945664 bytes, new threshold 1 (max threshold 6)
[2020-04-26T16:03:50.171+0000][1][gc,age       ] GC(10) Age table with threshold 1 (max threshold 6)
[2020-04-26T16:03:50.171+0000][1][gc,age       ] GC(10) - age   1:   14608968 bytes,   14608968 total
[2020-04-26T16:03:50.172+0000][1][gc,heap      ] GC(10) ParNew: 157248K->17472K(157248K)
[2020-04-26T16:03:50.172+0000][1][gc,heap      ] GC(10) CMS: 13176K->32442K(349568K)
[2020-04-26T16:03:50.172+0000][1][gc,metaspace ] GC(10) Metaspace: 30563K->30563K(1077248K)
[2020-04-26T16:03:50.172+0000][1][gc           ] GC(10) Pause Young (Allocation Failure) 166M->48M(494M) 27.081ms
[2020-04-26T16:03:50.172+0000][1][gc,cpu       ] GC(10) User=0.17s Sys=0.06s Real=0.02s
[2020-04-26T16:03:50.172+0000][1][safepoint    ] Safepoint "GenCollectForAllocation", Time since last: 148044200 ns, Reaching safepoint: 60600 ns, At safepoint: 27359900 ns, Total: 27420500 ns
[2020-04-26T16:03:50.712+0000][1][gc,start     ] GC(11) Pause Young (Allocation Failure)
[2020-04-26T16:03:50.712+0000][1][gc,task      ] GC(11) Using 10 workers of 10 for evacuation
[2020-04-26T16:03:50.728+0000][1][gc,age       ] GC(11) Desired survivor size 8945664 bytes, new threshold 6 (max threshold 6)
[2020-04-26T16:03:50.728+0000][1][gc,age       ] GC(11) Age table with threshold 6 (max threshold 6)
[2020-04-26T16:03:50.728+0000][1][gc,age       ] GC(11) - age   1:    2797904 bytes,    2797904 total
[2020-04-26T16:03:50.729+0000][1][gc,heap      ] GC(11) ParNew: 157248K->14138K(157248K)
[2020-04-26T16:03:50.729+0000][1][gc,heap      ] GC(11) CMS: 32442K->47404K(349568K)
[2020-04-26T16:03:50.729+0000][1][gc,metaspace ] GC(11) Metaspace: 34081K->34081K(1081344K)
[2020-04-26T16:03:50.729+0000][1][gc           ] GC(11) Pause Young (Allocation Failure) 185M->60M(494M) 16.977ms
[2020-04-26T16:03:50.729+0000][1][gc,cpu       ] GC(11) User=0.18s Sys=0.00s Real=0.02s
[2020-04-26T16:03:50.729+0000][1][safepoint    ] Safepoint "GenCollectForAllocation", Time since last: 539597900 ns, Reaching safepoint: 90400 ns, At safepoint: 17248700 ns, Total: 17339100 ns
[2020-04-26T16:03:50.742+0000][1][safepoint    ] Safepoint "CollectForMetadataAllocation", Time since last: 12695200 ns, Reaching safepoint: 21800 ns, At safepoint: 191600 ns, Total: 213400 ns
[2020-04-26T16:03:50.766+0000][1][safepoint    ] Safepoint "CollectForMetadataAllocation", Time since last: 24581000 ns, Reaching safepoint: 22900 ns, At safepoint: 120700 ns, Total: 143600 ns
[2020-04-26T16:03:50.797+0000][1][safepoint    ] Safepoint "CollectForMetadataAllocation", Time since last: 30086000 ns, Reaching safepoint: 117700 ns, At safepoint: 170900 ns, Total: 288600 ns
[2020-04-26T16:03:50.837+0000][1][safepoint    ] Safepoint "CollectForMetadataAllocation", Time since last: 39541300 ns, Reaching safepoint: 30100 ns, At safepoint: 168500 ns, Total: 198600 ns
[2020-04-26T16:03:50.852+0000][1][safepoint    ] Safepoint "CollectForMetadataAllocation", Time since last: 15061100 ns, Reaching safepoint: 27100 ns, At safepoint: 143600 ns, Total: 170700 ns
[2020-04-26T16:03:50.868+0000][1][safepoint    ] Safepoint "CollectForMetadataAllocation", Time since last: 16190600 ns, Reaching safepoint: 22100 ns, At safepoint: 118000 ns, Total: 140100 ns
[2020-04-26T16:03:50.881+0000][1][safepoint    ] Safepoint "CollectForMetadataAllocation", Time since last: 13070900 ns, Reaching safepoint: 23600 ns, At safepoint: 112700 ns, Total: 136300 ns
[2020-04-26T16:03:50.898+0000][1][safepoint    ] Safepoint "CollectForMetadataAllocation", Time since last: 16544300 ns, Reaching safepoint: 36400 ns, At safepoint: 239000 ns, Total: 275400 ns
[2020-04-26T16:03:50.913+0000][1][safepoint    ] Safepoint "CollectForMetadataAllocation", Time since last: 14750500 ns, Reaching safepoint: 16100 ns, At safepoint: 137000 ns, Total: 153100 ns
[2020-04-26T16:03:50.939+0000][1][safepoint    ] Safepoint "CollectForMetadataAllocation", Time since last: 25909500 ns, Reaching safepoint: 25600 ns, At safepoint: 165000 ns, Total: 190600 ns
[2020-04-26T16:03:50.983+0000][1][safepoint    ] Safepoint "CollectForMetadataAllocation", Time since last: 43278700 ns, Reaching safepoint: 49600 ns, At safepoint: 154500 ns, Total: 204100 ns
[2020-04-26T16:03:51.005+0000][1][safepoint    ] Safepoint "Deoptimize", Time since last: 21640800 ns, Reaching safepoint: 35200 ns, At safepoint: 593600 ns, Total: 628800 ns
[2020-04-26T16:03:51.015+0000][1][safepoint    ] Safepoint "Deoptimize", Time since last: 9061800 ns, Reaching safepoint: 42600 ns, At safepoint: 730700 ns, Total: 773300 ns
[2020-04-26T16:03:51.017+0000][1][safepoint    ] Safepoint "CollectForMetadataAllocation", Time since last: 2430400 ns, Reaching safepoint: 29000 ns, At safepoint: 178500 ns, Total: 207500 ns
[2020-04-26T16:03:51.031+0000][1][safepoint    ] Safepoint "CollectForMetadataAllocation", Time since last: 13396100 ns, Reaching safepoint: 34700 ns, At safepoint: 199200 ns, Total: 233900 ns
[2020-04-26T16:03:51.045+0000][1][safepoint    ] Safepoint "RevokeBias", Time since last: 13744900 ns, Reaching safepoint: 51100 ns, At safepoint: 123200 ns, Total: 174300 ns
[2020-04-26T16:03:51.047+0000][1][safepoint    ] Safepoint "Deoptimize", Time since last: 1399900 ns, Reaching safepoint: 30100 ns, At safepoint: 413800 ns, Total: 443900 ns
[2020-04-26T16:03:51.054+0000][1][safepoint    ] Safepoint "CollectForMetadataAllocation", Time since last: 6632300 ns, Reaching safepoint: 121600 ns, At safepoint: 156900 ns, Total: 278500 ns
[2020-04-26T16:03:51.091+0000][1][safepoint    ] Safepoint "CollectForMetadataAllocation", Time since last: 37195800 ns, Reaching safepoint: 96500 ns, At safepoint: 205500 ns, Total: 302000 ns
[2020-04-26T16:03:51.105+0000][1][safepoint    ] Safepoint "CollectForMetadataAllocation", Time since last: 13964000 ns, Reaching safepoint: 22600 ns, At safepoint: 116400 ns, Total: 139000 ns
[2020-04-26T16:03:51.121+0000][1][safepoint    ] Safepoint "CollectForMetadataAllocation", Time since last: 15688700 ns, Reaching safepoint: 23500 ns, At safepoint: 159800 ns, Total: 183300 ns
[2020-04-26T16:03:51.140+0000][1][safepoint    ] Safepoint "CollectForMetadataAllocation", Time since last: 18952800 ns, Reaching safepoint: 25500 ns, At safepoint: 124200 ns, Total: 149700 ns
[2020-04-26T16:03:51.153+0000][1][safepoint    ] Safepoint "CollectForMetadataAllocation", Time since last: 12417800 ns, Reaching safepoint: 112700 ns, At safepoint: 357600 ns, Total: 470300 ns
[2020-04-26T16:03:51.172+0000][1][safepoint    ] Safepoint "CollectForMetadataAllocation", Time since last: 19113100 ns, Reaching safepoint: 22900 ns, At safepoint: 139800 ns, Total: 162700 ns
[2020-04-26T16:03:51.193+0000][1][safepoint    ] Safepoint "CollectForMetadataAllocation", Time since last: 20140500 ns, Reaching safepoint: 18800 ns, At safepoint: 129600 ns, Total: 148400 ns
[2020-04-26T16:03:51.208+0000][1][safepoint    ] Safepoint "CollectForMetadataAllocation", Time since last: 14928800 ns, Reaching safepoint: 21700 ns, At safepoint: 172900 ns, Total: 194600 ns
[2020-04-26T16:03:51.222+0000][1][safepoint    ] Safepoint "CollectForMetadataAllocation", Time since last: 14059100 ns, Reaching safepoint: 19400 ns, At safepoint: 119000 ns, Total: 138400 ns
[2020-04-26T16:03:51.235+0000][1][safepoint    ] Safepoint "CollectForMetadataAllocation", Time since last: 13223500 ns, Reaching safepoint: 23100 ns, At safepoint: 146500 ns, Total: 169600 ns
[2020-04-26T16:03:51.259+0000][1][safepoint    ] Safepoint "CollectForMetadataAllocation", Time since last: 23644000 ns, Reaching safepoint: 26100 ns, At safepoint: 190100 ns, Total: 216200 ns
[2020-04-26T16:03:51.292+0000][1][safepoint    ] Safepoint "CollectForMetadataAllocation", Time since last: 32477300 ns, Reaching safepoint: 22500 ns, At safepoint: 135300 ns, Total: 157800 ns
[2020-04-26T16:03:51.326+0000][1][safepoint    ] Safepoint "CollectForMetadataAllocation", Time since last: 33154300 ns, Reaching safepoint: 64300 ns, At safepoint: 423500 ns, Total: 487800 ns
[2020-04-26T16:03:51.358+0000][1][safepoint    ] Safepoint "CollectForMetadataAllocation", Time since last: 32167800 ns, Reaching safepoint: 128300 ns, At safepoint: 211200 ns, Total: 339500 ns
[2020-04-26T16:03:51.391+0000][1][safepoint    ] Safepoint "CollectForMetadataAllocation", Time since last: 32414000 ns, Reaching safepoint: 39600 ns, At safepoint: 132700 ns, Total: 172300 ns
[2020-04-26T16:03:51.414+0000][1][safepoint    ] Safepoint "CollectForMetadataAllocation", Time since last: 23003700 ns, Reaching safepoint: 46800 ns, At safepoint: 208300 ns, Total: 255100 ns
[2020-04-26T16:03:51.440+0000][1][safepoint    ] Safepoint "CollectForMetadataAllocation", Time since last: 25755100 ns, Reaching safepoint: 23700 ns, At safepoint: 145300 ns, Total: 169000 ns
[2020-04-26T16:03:51.464+0000][1][safepoint    ] Safepoint "CollectForMetadataAllocation", Time since last: 23919200 ns, Reaching safepoint: 30700 ns, At safepoint: 148700 ns, Total: 179400 ns
[2020-04-26T16:03:51.479+0000][1][safepoint    ] Safepoint "CollectForMetadataAllocation", Time since last: 14887300 ns, Reaching safepoint: 22700 ns, At safepoint: 129900 ns, Total: 152600 ns
[2020-04-26T16:03:51.496+0000][1][safepoint    ] Safepoint "CollectForMetadataAllocation", Time since last: 17112000 ns, Reaching safepoint: 20500 ns, At safepoint: 123900 ns, Total: 144400 ns
[2020-04-26T16:03:51.517+0000][1][safepoint    ] Safepoint "CollectForMetadataAllocation", Time since last: 20536300 ns, Reaching safepoint: 23300 ns, At safepoint: 120500 ns, Total: 143800 ns
[2020-04-26T16:03:51.520+0000][1][safepoint    ] Safepoint "RevokeBias", Time since last: 3303900 ns, Reaching safepoint: 106600 ns, At safepoint: 67600 ns, Total: 174200 ns
[2020-04-26T16:03:51.535+0000][1][safepoint    ] Safepoint "CollectForMetadataAllocation", Time since last: 13951600 ns, Reaching safepoint: 27900 ns, At safepoint: 173100 ns, Total: 201000 ns
[2020-04-26T16:03:51.596+0000][1][safepoint    ] Safepoint "CollectForMetadataAllocation", Time since last: 61566900 ns, Reaching safepoint: 30100 ns, At safepoint: 131100 ns, Total: 161200 ns
[2020-04-26T16:03:51.614+0000][1][safepoint    ] Safepoint "CollectForMetadataAllocation", Time since last: 16711900 ns, Reaching safepoint: 265200 ns, At safepoint: 257100 ns, Total: 522300 ns
[2020-04-26T16:03:51.619+0000][1][safepoint    ] Safepoint "CollectForMetadataAllocation", Time since last: 4986900 ns, Reaching safepoint: 64200 ns, At safepoint: 212200 ns, Total: 276400 ns
[2020-04-26T16:03:51.623+0000][1][safepoint    ] Safepoint "CollectForMetadataAllocation", Time since last: 4443800 ns, Reaching safepoint: 106600 ns, At safepoint: 133000 ns, Total: 239600 ns
[2020-04-26T16:03:51.630+0000][1][safepoint    ] Safepoint "Deoptimize", Time since last: 6387600 ns, Reaching safepoint: 32700 ns, At safepoint: 397400 ns, Total: 430100 ns
[2020-04-26T16:03:51.646+0000][1][safepoint    ] Safepoint "CollectForMetadataAllocation", Time since last: 14637700 ns, Reaching safepoint: 175100 ns, At safepoint: 498400 ns, Total: 673500 ns
[2020-04-26T16:03:51.885+0000][1][safepoint    ] Safepoint "CollectForMetadataAllocation", Time since last: 239508300 ns, Reaching safepoint: 36800 ns, At safepoint: 129000 ns, Total: 165800 ns
[2020-04-26T16:03:52.169+0000][1][safepoint    ] Safepoint "CollectForMetadataAllocation", Time since last: 282882900 ns, Reaching safepoint: 42900 ns, At safepoint: 535000 ns, Total: 577900 ns
[2020-04-26T16:03:52.185+0000][1][safepoint    ] Safepoint "CollectForMetadataAllocation", Time since last: 16549300 ns, Reaching safepoint: 29600 ns, At safepoint: 175700 ns, Total: 205300 ns
[2020-04-26T16:03:52.186+0000][1][safepoint    ] Safepoint "CollectForMetadataAllocation", Time since last: 337800 ns, Reaching safepoint: 121500 ns, At safepoint: 37500 ns, Total: 159000 ns
[2020-04-26T16:03:52.323+0000][1][safepoint    ] Safepoint "CollectForMetadataAllocation", Time since last: 136464500 ns, Reaching safepoint: 123700 ns, At safepoint: 181900 ns, Total: 305600 ns
[2020-04-26T16:03:52.377+0000][1][safepoint    ] Safepoint "CollectForMetadataAllocation", Time since last: 53520800 ns, Reaching safepoint: 61400 ns, At safepoint: 182100 ns, Total: 243500 ns
[2020-04-26T16:03:52.396+0000][1][safepoint    ] Safepoint "CollectForMetadataAllocation", Time since last: 19480000 ns, Reaching safepoint: 24700 ns, At safepoint: 126400 ns, Total: 151100 ns
[2020-04-26T16:03:52.427+0000][1][safepoint    ] Safepoint "RevokeBias", Time since last: 30319800 ns, Reaching safepoint: 53500 ns, At safepoint: 77900 ns, Total: 131400 ns
[2020-04-26T16:03:52.429+0000][1][safepoint    ] Safepoint "RevokeBias", Time since last: 2189800 ns, Reaching safepoint: 29300 ns, At safepoint: 74900 ns, Total: 104200 ns
[2020-04-26T16:03:52.432+0000][1][safepoint    ] Safepoint "CollectForMetadataAllocation", Time since last: 2518700 ns, Reaching safepoint: 46200 ns, At safepoint: 819200 ns, Total: 865400 ns
[2020-04-26T16:03:52.491+0000][1][safepoint    ] Safepoint "CollectForMetadataAllocation", Time since last: 58150600 ns, Reaching safepoint: 38600 ns, At safepoint: 90800 ns, Total: 129400 ns
[2020-04-26T16:03:52.556+0000][1][safepoint    ] Safepoint "RevokeBias", Time since last: 65378600 ns, Reaching safepoint: 45500 ns, At safepoint: 92000 ns, Total: 137500 ns
[2020-04-26T16:03:52.567+0000][1][safepoint    ] Safepoint "RevokeBias", Time since last: 11231700 ns, Reaching safepoint: 28400 ns, At safepoint: 75600 ns, Total: 104000 ns
[2020-04-26T16:03:52.571+0000][1][safepoint    ] Safepoint "RevokeBias", Time since last: 3794500 ns, Reaching safepoint: 22900 ns, At safepoint: 56800 ns, Total: 79700 ns
[2020-04-26T16:03:52.604+0000][1][safepoint    ] Safepoint "CollectForMetadataAllocation", Time since last: 32500200 ns, Reaching safepoint: 23100 ns, At safepoint: 144800 ns, Total: 167900 ns
[2020-04-26T16:03:52.634+0000][1][safepoint    ] Safepoint "CollectForMetadataAllocation", Time since last: 29223300 ns, Reaching safepoint: 38500 ns, At safepoint: 485400 ns, Total: 523900 ns
[2020-04-26T16:03:52.663+0000][1][safepoint    ] Safepoint "CollectForMetadataAllocation", Time since last: 28545000 ns, Reaching safepoint: 32600 ns, At safepoint: 284800 ns, Total: 317400 ns
[2020-04-26T16:03:52.700+0000][1][safepoint    ] Safepoint "CollectForMetadataAllocation", Time since last: 37560800 ns, Reaching safepoint: 23500 ns, At safepoint: 133700 ns, Total: 157200 ns
[2020-04-26T16:03:52.729+0000][1][gc,start     ] GC(12) Pause Initial Mark
[2020-04-26T16:03:52.742+0000][1][gc           ] GC(12) Pause Initial Mark 193M->193M(494M) 13.119ms
[2020-04-26T16:03:52.742+0000][1][gc,cpu       ] GC(12) User=0.13s Sys=0.01s Real=0.01s
[2020-04-26T16:03:52.742+0000][1][safepoint    ] Safepoint "CMS_Initial_Mark", Time since last: 28408400 ns, Reaching safepoint: 424700 ns, At safepoint: 13292600 ns, Total: 13717300 ns
[2020-04-26T16:03:52.743+0000][1][gc           ] GC(12) Concurrent Mark
[2020-04-26T16:03:52.743+0000][1][gc,task      ] GC(12) Using 3 workers of 3 for marking
[2020-04-26T16:03:52.759+0000][1][safepoint    ] Safepoint "CollectForMetadataAllocation", Time since last: 16475200 ns, Reaching safepoint: 241100 ns, At safepoint: 139900 ns, Total: 381000 ns
[2020-04-26T16:03:52.762+0000][1][safepoint    ] Safepoint "GenCollectForAllocation", Time since last: 2143500 ns, Reaching safepoint: 186600 ns, At safepoint: 9800 ns, Total: 196400 ns
[2020-04-26T16:03:52.762+0000][1][gc,start     ] GC(13) Pause Young (Allocation Failure)
[2020-04-26T16:03:52.762+0000][1][gc,task      ] GC(13) Using 10 workers of 10 for evacuation
[2020-04-26T16:03:52.770+0000][1][gc,age       ] GC(13) Desired survivor size 8945664 bytes, new threshold 2 (max threshold 6)
[2020-04-26T16:03:52.770+0000][1][gc,age       ] GC(13) Age table with threshold 2 (max threshold 6)
[2020-04-26T16:03:52.770+0000][1][gc,age       ] GC(13) - age   1:    6926704 bytes,    6926704 total
[2020-04-26T16:03:52.770+0000][1][gc,age       ] GC(13) - age   2:    2770632 bytes,    9697336 total
[2020-04-26T16:03:52.770+0000][1][gc,heap      ] GC(13) ParNew: 153914K->11337K(157248K)
[2020-04-26T16:03:52.770+0000][1][gc,heap      ] GC(13) CMS: 47404K->47404K(349568K)
[2020-04-26T16:03:52.770+0000][1][gc,metaspace ] GC(13) Metaspace: 50300K->50300K(1095680K)
[2020-04-26T16:03:52.770+0000][1][gc           ] GC(13) Pause Young (Allocation Failure) 196M->57M(494M) 8.194ms
[2020-04-26T16:03:52.770+0000][1][gc,cpu       ] GC(13) User=0.07s Sys=0.00s Real=0.01s
[2020-04-26T16:03:52.770+0000][1][safepoint    ] Safepoint "GenCollectForAllocation", Time since last: 184700 ns, Reaching safepoint: 29800 ns, At safepoint: 8286100 ns, Total: 8315900 ns
[2020-04-26T16:03:52.771+0000][1][gc,start     ] GC(14) Pause Young (GCLocker Initiated GC)
[2020-04-26T16:03:52.771+0000][1][gc,task      ] GC(14) Using 10 workers of 10 for evacuation
[2020-04-26T16:03:52.779+0000][1][gc,age       ] GC(14) Desired survivor size 8945664 bytes, new threshold 6 (max threshold 6)
[2020-04-26T16:03:52.779+0000][1][gc,age       ] GC(14) Age table with threshold 6 (max threshold 6)
[2020-04-26T16:03:52.779+0000][1][gc,age       ] GC(14) - age   1:        248 bytes,        248 total
[2020-04-26T16:03:52.779+0000][1][gc,age       ] GC(14) - age   2:    6901568 bytes,    6901816 total
[2020-04-26T16:03:52.779+0000][1][gc,heap      ] GC(14) ParNew: 12735K->11352K(157248K)
[2020-04-26T16:03:52.779+0000][1][gc,heap      ] GC(14) CMS: 47404K->50177K(349568K)
[2020-04-26T16:03:52.779+0000][1][gc,metaspace ] GC(14) Metaspace: 50300K->50300K(1095680K)
[2020-04-26T16:03:52.779+0000][1][gc           ] GC(14) Pause Young (GCLocker Initiated GC) 58M->60M(494M) 8.210ms
[2020-04-26T16:03:52.779+0000][1][gc,cpu       ] GC(14) User=0.08s Sys=0.00s Real=0.01s
[2020-04-26T16:03:52.779+0000][1][safepoint    ] Safepoint "GenCollectFull", Time since last: 209600 ns, Reaching safepoint: 359400 ns, At safepoint: 8401200 ns, Total: 8760600 ns
[2020-04-26T16:03:52.780+0000][1][safepoint    ] Safepoint "RevokeBias", Time since last: 439700 ns, Reaching safepoint: 429500 ns, At safepoint: 100500 ns, Total: 530000 ns
[2020-04-26T16:03:52.781+0000][1][safepoint    ] Safepoint "RevokeBias", Time since last: 268400 ns, Reaching safepoint: 119500 ns, At safepoint: 97700 ns, Total: 217200 ns
[2020-04-26T16:03:52.783+0000][1][safepoint    ] Safepoint "RevokeBias", Time since last: 1880000 ns, Reaching safepoint: 352100 ns, At safepoint: 46600 ns, Total: 398700 ns
[2020-04-26T16:03:52.783+0000][1][safepoint    ] Safepoint "RevokeBias", Time since last: 99500 ns, Reaching safepoint: 104900 ns, At safepoint: 74100 ns, Total: 179000 ns
[2020-04-26T16:03:52.783+0000][1][safepoint    ] Safepoint "RevokeBias", Time since last: 100500 ns, Reaching safepoint: 99500 ns, At safepoint: 38800 ns, Total: 138300 ns
[2020-04-26T16:03:52.784+0000][1][safepoint    ] Safepoint "RevokeBias", Time since last: 124400 ns, Reaching safepoint: 18900 ns, At safepoint: 42200 ns, Total: 61100 ns
[2020-04-26T16:03:52.784+0000][1][safepoint    ] Safepoint "RevokeBias", Time since last: 123900 ns, Reaching safepoint: 147100 ns, At safepoint: 108700 ns, Total: 255800 ns
[2020-04-26T16:03:52.785+0000][1][safepoint    ] Safepoint "RevokeBias", Time since last: 185200 ns, Reaching safepoint: 504300 ns, At safepoint: 69100 ns, Total: 573400 ns
[2020-04-26T16:03:52.785+0000][1][safepoint    ] Safepoint "RevokeBias", Time since last: 190700 ns, Reaching safepoint: 207800 ns, At safepoint: 70500 ns, Total: 278300 ns
[2020-04-26T16:03:52.785+0000][1][safepoint    ] Safepoint "RevokeBias", Time since last: 148500 ns, Reaching safepoint: 35600 ns, At safepoint: 77200 ns, Total: 112800 ns
[2020-04-26T16:03:52.786+0000][1][safepoint    ] Safepoint "RevokeBias", Time since last: 190700 ns, Reaching safepoint: 369300 ns, At safepoint: 59200 ns, Total: 428500 ns
[2020-04-26T16:03:52.786+0000][1][safepoint    ] Safepoint "RevokeBias", Time since last: 197100 ns, Reaching safepoint: 116200 ns, At safepoint: 53600 ns, Total: 169800 ns
[2020-04-26T16:03:52.787+0000][1][safepoint    ] Safepoint "RevokeBias", Time since last: 131000 ns, Reaching safepoint: 112800 ns, At safepoint: 52000 ns, Total: 164800 ns
[2020-04-26T16:03:52.787+0000][1][safepoint    ] Safepoint "RevokeBias", Time since last: 128200 ns, Reaching safepoint: 135000 ns, At safepoint: 98000 ns, Total: 233000 ns
[2020-04-26T16:03:52.788+0000][1][safepoint    ] Safepoint "BulkRevokeBias", Time since last: 179700 ns, Reaching safepoint: 278900 ns, At safepoint: 159200 ns, Total: 438100 ns
[2020-04-26T16:03:52.807+0000][1][gc           ] GC(12) Concurrent Mark 64.295ms
[2020-04-26T16:03:52.807+0000][1][gc,cpu       ] GC(12) User=0.44s Sys=0.01s Real=0.06s
[2020-04-26T16:03:52.807+0000][1][gc           ] GC(12) Concurrent Preclean
[2020-04-26T16:03:52.813+0000][1][safepoint    ] Safepoint "CollectForMetadataAllocation", Time since last: 24455400 ns, Reaching safepoint: 169100 ns, At safepoint: 325100 ns, Total: 494200 ns
[2020-04-26T16:03:52.816+0000][1][gc           ] GC(12) Concurrent Preclean 9.456ms
[2020-04-26T16:03:52.816+0000][1][gc,cpu       ] GC(12) User=0.04s Sys=0.01s Real=0.01s
[2020-04-26T16:03:52.816+0000][1][gc           ] GC(12) Concurrent Abortable Preclean
[2020-04-26T16:03:52.853+0000][1][safepoint    ] Safepoint "RevokeBias", Time since last: 39779300 ns, Reaching safepoint: 57600 ns, At safepoint: 142300 ns, Total: 199900 ns
[2020-04-26T16:03:52.853+0000][1][safepoint    ] Safepoint "RevokeBias", Time since last: 150100 ns, Reaching safepoint: 218300 ns, At safepoint: 61600 ns, Total: 279900 ns
[2020-04-26T16:03:52.853+0000][1][safepoint    ] Safepoint "RevokeBias", Time since last: 154700 ns, Reaching safepoint: 24700 ns, At safepoint: 38500 ns, Total: 63200 ns
[2020-04-26T16:03:52.854+0000][1][safepoint    ] Safepoint "RevokeBias", Time since last: 157200 ns, Reaching safepoint: 140300 ns, At safepoint: 140600 ns, Total: 280900 ns
[2020-04-26T16:03:52.854+0000][1][safepoint    ] Safepoint "RevokeBias", Time since last: 291300 ns, Reaching safepoint: 141900 ns, At safepoint: 83300 ns, Total: 225200 ns
[2020-04-26T16:03:52.856+0000][1][safepoint    ] Safepoint "RevokeBias", Time since last: 1215700 ns, Reaching safepoint: 44200 ns, At safepoint: 69900 ns, Total: 114100 ns
[2020-04-26T16:03:52.856+0000][1][safepoint    ] Safepoint "RevokeBias", Time since last: 723700 ns, Reaching safepoint: 142400 ns, At safepoint: 59500 ns, Total: 201900 ns
[2020-04-26T16:03:52.857+0000][1][safepoint    ] Safepoint "RevokeBias", Time since last: 453300 ns, Reaching safepoint: 157500 ns, At safepoint: 142900 ns, Total: 300400 ns
[2020-04-26T16:03:52.857+0000][1][safepoint    ] Safepoint "RevokeBias", Time since last: 132100 ns, Reaching safepoint: 46300 ns, At safepoint: 73700 ns, Total: 120000 ns
[2020-04-26T16:03:52.858+0000][1][safepoint    ] Safepoint "RevokeBias", Time since last: 164300 ns, Reaching safepoint: 40400 ns, At safepoint: 68300 ns, Total: 108700 ns
[2020-04-26T16:03:52.858+0000][1][safepoint    ] Safepoint "RevokeBias", Time since last: 152000 ns, Reaching safepoint: 41700 ns, At safepoint: 90400 ns, Total: 132100 ns
[2020-04-26T16:03:52.858+0000][1][safepoint    ] Safepoint "RevokeBias", Time since last: 112500 ns, Reaching safepoint: 240800 ns, At safepoint: 91100 ns, Total: 331900 ns
[2020-04-26T16:03:52.859+0000][1][safepoint    ] Safepoint "RevokeBias", Time since last: 180700 ns, Reaching safepoint: 149900 ns, At safepoint: 124700 ns, Total: 274600 ns
[2020-04-26T16:03:52.859+0000][1][safepoint    ] Safepoint "RevokeBias", Time since last: 120900 ns, Reaching safepoint: 123200 ns, At safepoint: 104500 ns, Total: 227700 ns
[2020-04-26T16:03:52.860+0000][1][safepoint    ] Safepoint "RevokeBias", Time since last: 122900 ns, Reaching safepoint: 129900 ns, At safepoint: 110000 ns, Total: 239900 ns
[2020-04-26T16:03:52.860+0000][1][safepoint    ] Safepoint "RevokeBias", Time since last: 125500 ns, Reaching safepoint: 135200 ns, At safepoint: 70000 ns, Total: 205200 ns
[2020-04-26T16:03:52.860+0000][1][safepoint    ] Safepoint "RevokeBias", Time since last: 127800 ns, Reaching safepoint: 127200 ns, At safepoint: 78200 ns, Total: 205400 ns
[2020-04-26T16:03:52.861+0000][1][safepoint    ] Safepoint "RevokeBias", Time since last: 162200 ns, Reaching safepoint: 143800 ns, At safepoint: 74300 ns, Total: 218100 ns
[2020-04-26T16:03:52.861+0000][1][safepoint    ] Safepoint "RevokeBias", Time since last: 107000 ns, Reaching safepoint: 123300 ns, At safepoint: 69000 ns, Total: 192300 ns
[2020-04-26T16:03:52.861+0000][1][safepoint    ] Safepoint "RevokeBias", Time since last: 115600 ns, Reaching safepoint: 120900 ns, At safepoint: 66400 ns, Total: 187300 ns
[2020-04-26T16:03:52.862+0000][1][safepoint    ] Safepoint "RevokeBias", Time since last: 106100 ns, Reaching safepoint: 128700 ns, At safepoint: 91300 ns, Total: 220000 ns
[2020-04-26T16:03:52.862+0000][1][safepoint    ] Safepoint "RevokeBias", Time since last: 122000 ns, Reaching safepoint: 33200 ns, At safepoint: 61100 ns, Total: 94300 ns
[2020-04-26T16:03:52.862+0000][1][safepoint    ] Safepoint "RevokeBias", Time since last: 91500 ns, Reaching safepoint: 170300 ns, At safepoint: 76200 ns, Total: 246500 ns
[2020-04-26T16:03:52.862+0000][1][safepoint    ] Safepoint "RevokeBias", Time since last: 83900 ns, Reaching safepoint: 26900 ns, At safepoint: 39600 ns, Total: 66500 ns
[2020-04-26T16:03:52.863+0000][1][safepoint    ] Safepoint "RevokeBias", Time since last: 141400 ns, Reaching safepoint: 92800 ns, At safepoint: 67600 ns, Total: 160400 ns
[2020-04-26T16:03:52.863+0000][1][safepoint    ] Safepoint "RevokeBias", Time since last: 96000 ns, Reaching safepoint: 148100 ns, At safepoint: 74500 ns, Total: 222600 ns
[2020-04-26T16:03:52.863+0000][1][safepoint    ] Safepoint "BulkRevokeBias", Time since last: 93700 ns, Reaching safepoint: 24600 ns, At safepoint: 433300 ns, Total: 457900 ns
[2020-04-26T16:03:52.864+0000][1][safepoint    ] Safepoint "RevokeBias", Time since last: 145100 ns, Reaching safepoint: 127200 ns, At safepoint: 111800 ns, Total: 239000 ns
[2020-04-26T16:03:52.864+0000][1][safepoint    ] Safepoint "RevokeBias", Time since last: 106400 ns, Reaching safepoint: 122300 ns, At safepoint: 71500 ns, Total: 193800 ns
[2020-04-26T16:03:52.865+0000][1][safepoint    ] Safepoint "RevokeBias", Time since last: 171100 ns, Reaching safepoint: 117700 ns, At safepoint: 90600 ns, Total: 208300 ns
[2020-04-26T16:03:52.865+0000][1][safepoint    ] Safepoint "RevokeBias", Time since last: 160400 ns, Reaching safepoint: 125800 ns, At safepoint: 64600 ns, Total: 190400 ns
[2020-04-26T16:03:52.865+0000][1][safepoint    ] Safepoint "RevokeBias", Time since last: 103900 ns, Reaching safepoint: 109400 ns, At safepoint: 63200 ns, Total: 172600 ns
[2020-04-26T16:03:52.865+0000][1][safepoint    ] Safepoint "RevokeBias", Time since last: 85800 ns, Reaching safepoint: 116900 ns, At safepoint: 59000 ns, Total: 175900 ns
[2020-04-26T16:03:52.866+0000][1][safepoint    ] Safepoint "RevokeBias", Time since last: 87800 ns, Reaching safepoint: 26800 ns, At safepoint: 54600 ns, Total: 81400 ns
[2020-04-26T16:03:52.866+0000][1][safepoint    ] Safepoint "RevokeBias", Time since last: 78200 ns, Reaching safepoint: 26200 ns, At safepoint: 31500 ns, Total: 57700 ns
[2020-04-26T16:03:52.866+0000][1][safepoint    ] Safepoint "RevokeBias", Time since last: 266900 ns, Reaching safepoint: 115300 ns, At safepoint: 61800 ns, Total: 177100 ns
[2020-04-26T16:03:52.866+0000][1][safepoint    ] Safepoint "RevokeBias", Time since last: 205700 ns, Reaching safepoint: 30500 ns, At safepoint: 69600 ns, Total: 100100 ns
[2020-04-26T16:03:52.867+0000][1][safepoint    ] Safepoint "RevokeBias", Time since last: 122500 ns, Reaching safepoint: 36300 ns, At safepoint: 62900 ns, Total: 99200 ns
[2020-04-26T16:03:52.870+0000][1][safepoint    ] Safepoint "RevokeBias", Time since last: 2746300 ns, Reaching safepoint: 36700 ns, At safepoint: 62000 ns, Total: 98700 ns
[2020-04-26T16:03:52.870+0000][1][safepoint    ] Safepoint "RevokeBias", Time since last: 100100 ns, Reaching safepoint: 123600 ns, At safepoint: 67100 ns, Total: 190700 ns
[2020-04-26T16:03:52.870+0000][1][safepoint    ] Safepoint "RevokeBias", Time since last: 97700 ns, Reaching safepoint: 27300 ns, At safepoint: 63700 ns, Total: 91000 ns
[2020-04-26T16:03:52.870+0000][1][safepoint    ] Safepoint "RevokeBias", Time since last: 94800 ns, Reaching safepoint: 26800 ns, At safepoint: 43800 ns, Total: 70600 ns
[2020-04-26T16:03:52.870+0000][1][safepoint    ] Safepoint "RevokeBias", Time since last: 103600 ns, Reaching safepoint: 26500 ns, At safepoint: 44100 ns, Total: 70600 ns
[2020-04-26T16:03:52.871+0000][1][safepoint    ] Safepoint "RevokeBias", Time since last: 94300 ns, Reaching safepoint: 26500 ns, At safepoint: 43500 ns, Total: 70000 ns
[2020-04-26T16:03:52.871+0000][1][safepoint    ] Safepoint "RevokeBias", Time since last: 114400 ns, Reaching safepoint: 29800 ns, At safepoint: 46200 ns, Total: 76000 ns
[2020-04-26T16:03:52.871+0000][1][safepoint    ] Safepoint "RevokeBias", Time since last: 107500 ns, Reaching safepoint: 23300 ns, At safepoint: 39100 ns, Total: 62400 ns
[2020-04-26T16:03:52.871+0000][1][safepoint    ] Safepoint "RevokeBias", Time since last: 79700 ns, Reaching safepoint: 20600 ns, At safepoint: 36300 ns, Total: 56900 ns
[2020-04-26T16:03:52.871+0000][1][safepoint    ] Safepoint "RevokeBias", Time since last: 73400 ns, Reaching safepoint: 20900 ns, At safepoint: 35000 ns, Total: 55900 ns
[2020-04-26T16:03:52.871+0000][1][safepoint    ] Safepoint "RevokeBias", Time since last: 73400 ns, Reaching safepoint: 20700 ns, At safepoint: 34800 ns, Total: 55500 ns
[2020-04-26T16:03:52.871+0000][1][safepoint    ] Safepoint "RevokeBias", Time since last: 79900 ns, Reaching safepoint: 21900 ns, At safepoint: 35400 ns, Total: 57300 ns
[2020-04-26T16:03:52.872+0000][1][safepoint    ] Safepoint "RevokeBias", Time since last: 73600 ns, Reaching safepoint: 20700 ns, At safepoint: 87400 ns, Total: 108100 ns
[2020-04-26T16:03:52.872+0000][1][safepoint    ] Safepoint "RevokeBias", Time since last: 81000 ns, Reaching safepoint: 36600 ns, At safepoint: 54000 ns, Total: 90600 ns
[2020-04-26T16:03:52.872+0000][1][safepoint    ] Safepoint "BulkRevokeBias", Time since last: 81300 ns, Reaching safepoint: 22600 ns, At safepoint: 79000 ns, Total: 101600 ns
[2020-04-26T16:03:52.872+0000][1][safepoint    ] Safepoint "RevokeBias", Time since last: 151000 ns, Reaching safepoint: 23700 ns, At safepoint: 57700 ns, Total: 81400 ns
[2020-04-26T16:03:52.872+0000][1][safepoint    ] Safepoint "RevokeBias", Time since last: 179000 ns, Reaching safepoint: 34800 ns, At safepoint: 51900 ns, Total: 86700 ns
[2020-04-26T16:03:52.873+0000][1][safepoint    ] Safepoint "RevokeBias", Time since last: 255400 ns, Reaching safepoint: 122700 ns, At safepoint: 81100 ns, Total: 203800 ns
[2020-04-26T16:03:52.873+0000][1][safepoint    ] Safepoint "RevokeBias", Time since last: 143600 ns, Reaching safepoint: 155000 ns, At safepoint: 101600 ns, Total: 256600 ns
[2020-04-26T16:03:52.873+0000][1][safepoint    ] Safepoint "RevokeBias", Time since last: 116600 ns, Reaching safepoint: 31300 ns, At safepoint: 49500 ns, Total: 80800 ns
[2020-04-26T16:03:52.874+0000][1][safepoint    ] Safepoint "RevokeBias", Time since last: 300600 ns, Reaching safepoint: 37900 ns, At safepoint: 80500 ns, Total: 118400 ns
[2020-04-26T16:03:52.875+0000][1][safepoint    ] Safepoint "RevokeBias", Time since last: 311300 ns, Reaching safepoint: 267600 ns, At safepoint: 86700 ns, Total: 354300 ns
[2020-04-26T16:03:52.875+0000][1][safepoint    ] Safepoint "RevokeBias", Time since last: 161900 ns, Reaching safepoint: 197800 ns, At safepoint: 60100 ns, Total: 257900 ns
[2020-04-26T16:03:52.875+0000][1][safepoint    ] Safepoint "RevokeBias", Time since last: 220100 ns, Reaching safepoint: 122200 ns, At safepoint: 75600 ns, Total: 197800 ns
[2020-04-26T16:03:52.876+0000][1][safepoint    ] Safepoint "RevokeBias", Time since last: 119400 ns, Reaching safepoint: 130100 ns, At safepoint: 77900 ns, Total: 208000 ns
[2020-04-26T16:03:52.876+0000][1][safepoint    ] Safepoint "RevokeBias", Time since last: 86600 ns, Reaching safepoint: 108400 ns, At safepoint: 71300 ns, Total: 179700 ns
[2020-04-26T16:03:52.876+0000][1][safepoint    ] Safepoint "RevokeBias", Time since last: 92600 ns, Reaching safepoint: 111700 ns, At safepoint: 70600 ns, Total: 182300 ns
[2020-04-26T16:03:52.877+0000][1][safepoint    ] Safepoint "RevokeBias", Time since last: 417300 ns, Reaching safepoint: 120100 ns, At safepoint: 97700 ns, Total: 217800 ns
[2020-04-26T16:03:52.878+0000][1][safepoint    ] Safepoint "RevokeBias", Time since last: 665200 ns, Reaching safepoint: 38900 ns, At safepoint: 72600 ns, Total: 111500 ns
[2020-04-26T16:03:52.878+0000][1][safepoint    ] Safepoint "RevokeBias", Time since last: 583200 ns, Reaching safepoint: 116900 ns, At safepoint: 85900 ns, Total: 202800 ns
[2020-04-26T16:03:52.879+0000][1][safepoint    ] Safepoint "RevokeBias", Time since last: 177500 ns, Reaching safepoint: 113800 ns, At safepoint: 73400 ns, Total: 187200 ns
[2020-04-26T16:03:52.880+0000][1][safepoint    ] Safepoint "RevokeBias", Time since last: 473900 ns, Reaching safepoint: 220000 ns, At safepoint: 101900 ns, Total: 321900 ns
[2020-04-26T16:03:52.881+0000][1][safepoint    ] Safepoint "RevokeBias", Time since last: 1280800 ns, Reaching safepoint: 162500 ns, At safepoint: 128500 ns, Total: 291000 ns
[2020-04-26T16:03:52.882+0000][1][safepoint    ] Safepoint "RevokeBias", Time since last: 303300 ns, Reaching safepoint: 133000 ns, At safepoint: 104700 ns, Total: 237700 ns
[2020-04-26T16:03:52.882+0000][1][safepoint    ] Safepoint "RevokeBias", Time since last: 222200 ns, Reaching safepoint: 115400 ns, At safepoint: 81700 ns, Total: 197100 ns
[2020-04-26T16:03:52.883+0000][1][safepoint    ] Safepoint "RevokeBias", Time since last: 363900 ns, Reaching safepoint: 124000 ns, At safepoint: 97100 ns, Total: 221100 ns
[2020-04-26T16:03:52.884+0000][1][safepoint    ] Safepoint "Deoptimize", Time since last: 557400 ns, Reaching safepoint: 104700 ns, At safepoint: 438600 ns, Total: 543300 ns
[2020-04-26T16:03:52.885+0000][1][safepoint    ] Safepoint "RevokeBias", Time since last: 484800 ns, Reaching safepoint: 145000 ns, At safepoint: 140900 ns, Total: 285900 ns
[2020-04-26T16:03:52.885+0000][1][safepoint    ] Safepoint "RevokeBias", Time since last: 51300 ns, Reaching safepoint: 121900 ns, At safepoint: 88300 ns, Total: 210200 ns
[2020-04-26T16:03:52.886+0000][1][safepoint    ] Safepoint "RevokeBias", Time since last: 696600 ns, Reaching safepoint: 139300 ns, At safepoint: 101700 ns, Total: 241000 ns
[2020-04-26T16:03:52.886+0000][1][safepoint    ] Safepoint "RevokeBias", Time since last: 112700 ns, Reaching safepoint: 117700 ns, At safepoint: 57000 ns, Total: 174700 ns
[2020-04-26T16:03:52.887+0000][1][safepoint    ] Safepoint "CollectForMetadataAllocation", Time since last: 486400 ns, Reaching safepoint: 133100 ns, At safepoint: 176800 ns, Total: 309900 ns
[2020-04-26T16:03:52.889+0000][1][safepoint    ] Safepoint "RevokeBias", Time since last: 2008200 ns, Reaching safepoint: 160400 ns, At safepoint: 97700 ns, Total: 258100 ns
[2020-04-26T16:03:52.891+0000][1][safepoint    ] Safepoint "RevokeBias", Time since last: 1415500 ns, Reaching safepoint: 216100 ns, At safepoint: 300700 ns, Total: 516800 ns
[2020-04-26T16:03:52.892+0000][1][safepoint    ] Safepoint "RevokeBias", Time since last: 444800 ns, Reaching safepoint: 303400 ns, At safepoint: 78800 ns, Total: 382200 ns
[2020-04-26T16:03:52.893+0000][1][safepoint    ] Safepoint "RevokeBias", Time since last: 410200 ns, Reaching safepoint: 184800 ns, At safepoint: 152600 ns, Total: 337400 ns
[2020-04-26T16:03:52.917+0000][1][safepoint    ] Safepoint "CollectForMetadataAllocation", Time since last: 23815200 ns, Reaching safepoint: 57800 ns, At safepoint: 201800 ns, Total: 259600 ns
[2020-04-26T16:03:52.918+0000][1][safepoint    ] Safepoint "RevokeBias", Time since last: 676800 ns, Reaching safepoint: 42300 ns, At safepoint: 43000 ns, Total: 85300 ns
[2020-04-26T16:03:52.959+0000][1][safepoint    ] Safepoint "CollectForMetadataAllocation", Time since last: 40996800 ns, Reaching safepoint: 67500 ns, At safepoint: 190000 ns, Total: 257500 ns
[2020-04-26T16:03:52.967+0000][1][safepoint    ] Safepoint "RevokeBias", Time since last: 8472800 ns, Reaching safepoint: 51000 ns, At safepoint: 60100 ns, Total: 111100 ns
[2020-04-26T16:03:52.970+0000][1][safepoint    ] Safepoint "RevokeBias", Time since last: 2553700 ns, Reaching safepoint: 49200 ns, At safepoint: 35800 ns, Total: 85000 ns
[2020-04-26T16:03:52.978+0000][1][safepoint    ] Safepoint "RevokeBias", Time since last: 8233900 ns, Reaching safepoint: 157300 ns, At safepoint: 66300 ns, Total: 223600 ns
[2020-04-26T16:03:52.984+0000][1][safepoint    ] Safepoint "RevokeBias", Time since last: 5552900 ns, Reaching safepoint: 38200 ns, At safepoint: 32600 ns, Total: 70800 ns
[2020-04-26T16:03:52.990+0000][1][safepoint    ] Safepoint "CollectForMetadataAllocation", Time since last: 5224400 ns, Reaching safepoint: 66700 ns, At safepoint: 294400 ns, Total: 361100 ns
[2020-04-26T16:03:52.996+0000][1][safepoint    ] Safepoint "RevokeBias", Time since last: 6199600 ns, Reaching safepoint: 65900 ns, At safepoint: 56200 ns, Total: 122100 ns
[2020-04-26T16:03:53.003+0000][1][safepoint    ] Safepoint "RevokeBias", Time since last: 6621900 ns, Reaching safepoint: 49500 ns, At safepoint: 74900 ns, Total: 124400 ns
[2020-04-26T16:03:53.021+0000][1][safepoint    ] Safepoint "RevokeBias", Time since last: 17670500 ns, Reaching safepoint: 48200 ns, At safepoint: 44800 ns, Total: 93000 ns
[2020-04-26T16:03:53.045+0000][1][safepoint    ] Safepoint "BulkRevokeBias", Time since last: 24228200 ns, Reaching safepoint: 72500 ns, At safepoint: 116000 ns, Total: 188500 ns
[2020-04-26T16:03:53.050+0000][1][safepoint    ] Safepoint "RevokeBias", Time since last: 5032100 ns, Reaching safepoint: 53500 ns, At safepoint: 74100 ns, Total: 127600 ns
[2020-04-26T16:03:53.055+0000][1][safepoint    ] Safepoint "CollectForMetadataAllocation", Time since last: 4929300 ns, Reaching safepoint: 69000 ns, At safepoint: 140000 ns, Total: 209000 ns
[2020-04-26T16:03:53.091+0000][1][safepoint    ] Safepoint "CollectForMetadataAllocation", Time since last: 35091700 ns, Reaching safepoint: 95500 ns, At safepoint: 160900 ns, Total: 256400 ns
[2020-04-26T16:03:53.113+0000][1][safepoint    ] Safepoint "CollectForMetadataAllocation", Time since last: 22103500 ns, Reaching safepoint: 42400 ns, At safepoint: 131800 ns, Total: 174200 ns
[2020-04-26T16:03:53.146+0000][1][safepoint    ] Safepoint "CollectForMetadataAllocation", Time since last: 32349400 ns, Reaching safepoint: 320500 ns, At safepoint: 145300 ns, Total: 465800 ns
[2020-04-26T16:03:53.175+0000][1][safepoint    ] Safepoint "CollectForMetadataAllocation", Time since last: 28664300 ns, Reaching safepoint: 80500 ns, At safepoint: 181400 ns, Total: 261900 ns
[2020-04-26T16:03:53.201+0000][1][safepoint    ] Safepoint "CollectForMetadataAllocation", Time since last: 26574100 ns, Reaching safepoint: 61400 ns, At safepoint: 203300 ns, Total: 264700 ns
[2020-04-26T16:03:53.223+0000][1][safepoint    ] Safepoint "CollectForMetadataAllocation", Time since last: 21634900 ns, Reaching safepoint: 56600 ns, At safepoint: 180400 ns, Total: 237000 ns
[2020-04-26T16:03:53.243+0000][1][safepoint    ] Safepoint "CollectForMetadataAllocation", Time since last: 19519800 ns, Reaching safepoint: 48800 ns, At safepoint: 179400 ns, Total: 228200 ns
[2020-04-26T16:03:53.267+0000][1][safepoint    ] Safepoint "CollectForMetadataAllocation", Time since last: 23588500 ns, Reaching safepoint: 38500 ns, At safepoint: 120000 ns, Total: 158500 ns
[2020-04-26T16:03:53.286+0000][1][safepoint    ] Safepoint "CollectForMetadataAllocation", Time since last: 18989400 ns, Reaching safepoint: 47000 ns, At safepoint: 148300 ns, Total: 195300 ns
[2020-04-26T16:03:53.336+0000][1][safepoint    ] Safepoint "CollectForMetadataAllocation", Time since last: 49813000 ns, Reaching safepoint: 82700 ns, At safepoint: 221300 ns, Total: 304000 ns
[2020-04-26T16:03:53.338+0000][1][gc           ] GC(12) Concurrent Abortable Preclean 521.623ms
[2020-04-26T16:03:53.338+0000][1][gc,cpu       ] GC(12) User=2.19s Sys=0.06s Real=0.52s
[2020-04-26T16:03:53.339+0000][1][gc,start     ] GC(12) Pause Remark
[2020-04-26T16:03:53.354+0000][1][gc           ] GC(12) Pause Remark 132M->132M(494M) 15.887ms
[2020-04-26T16:03:53.354+0000][1][gc,cpu       ] GC(12) User=0.10s Sys=0.00s Real=0.02s
[2020-04-26T16:03:53.355+0000][1][safepoint    ] Safepoint "CMS_Final_Remark", Time since last: 2083500 ns, Reaching safepoint: 319000 ns, At safepoint: 16100100 ns, Total: 16419100 ns
[2020-04-26T16:03:53.355+0000][1][gc           ] GC(12) Concurrent Sweep
[2020-04-26T16:03:53.372+0000][1][gc           ] GC(12) Concurrent Sweep 17.769ms
[2020-04-26T16:03:53.373+0000][1][gc,cpu       ] GC(12) User=0.06s Sys=0.00s Real=0.02s
[2020-04-26T16:03:53.373+0000][1][gc           ] GC(12) Concurrent Reset
[2020-04-26T16:03:53.373+0000][1][gc           ] GC(12) Concurrent Reset 0.710ms
[2020-04-26T16:03:53.373+0000][1][gc,cpu       ] GC(12) User=0.00s Sys=0.00s Real=0.00s
[2020-04-26T16:03:53.373+0000][1][gc,heap      ] GC(12) Old: 47404K->49905K(349568K)
[2020-04-26T16:03:53.866+0000][1][safepoint    ] Safepoint "RevokeBias", Time since last: 510325500 ns, Reaching safepoint: 1499300 ns, At safepoint: 68400 ns, Total: 1567700 ns
[2020-04-26T16:03:53.867+0000][1][safepoint    ] Safepoint "RevokeBias", Time since last: 138200 ns, Reaching safepoint: 18800 ns, At safepoint: 44000 ns, Total: 62800 ns
[2020-04-26T16:03:53.867+0000][1][safepoint    ] Safepoint "RevokeBias", Time since last: 133800 ns, Reaching safepoint: 104400 ns, At safepoint: 52300 ns, Total: 156700 ns
[2020-04-26T16:03:53.869+0000][1][safepoint    ] Safepoint "RevokeBias", Time since last: 1695200 ns, Reaching safepoint: 12100 ns, At safepoint: 35800 ns, Total: 47900 ns
[2020-04-26T16:03:53.901+0000][1][gc,start     ] GC(15) Pause Young (Allocation Failure)
[2020-04-26T16:03:53.901+0000][1][gc,task      ] GC(15) Using 10 workers of 10 for evacuation
[2020-04-26T16:03:53.908+0000][1][gc,age       ] GC(15) Desired survivor size 8945664 bytes, new threshold 3 (max threshold 6)
[2020-04-26T16:03:53.908+0000][1][gc,age       ] GC(15) Age table with threshold 3 (max threshold 6)
[2020-04-26T16:03:53.909+0000][1][gc,age       ] GC(15) - age   1:    3467064 bytes,    3467064 total
[2020-04-26T16:03:53.909+0000][1][gc,age       ] GC(15) - age   2:        104 bytes,    3467168 total
[2020-04-26T16:03:53.909+0000][1][gc,age       ] GC(15) - age   3:    6693680 bytes,   10160848 total
[2020-04-26T16:03:53.909+0000][1][gc,heap      ] GC(15) ParNew: 151128K->12297K(157248K)
[2020-04-26T16:03:53.909+0000][1][gc,heap      ] GC(15) CMS: 49905K->49905K(349568K)
[2020-04-26T16:03:53.909+0000][1][gc,metaspace ] GC(15) Metaspace: 62863K->62863K(1107968K)
[2020-04-26T16:03:53.909+0000][1][gc           ] GC(15) Pause Young (Allocation Failure) 196M->60M(494M) 7.397ms
[2020-04-26T16:03:53.909+0000][1][gc,cpu       ] GC(15) User=0.05s Sys=0.00s Real=0.01s
[2020-04-26T16:03:53.909+0000][1][safepoint    ] Safepoint "GenCollectForAllocation", Time since last: 32378900 ns, Reaching safepoint: 54000 ns, At safepoint: 7487900 ns, Total: 7541900 ns
[2020-04-26T16:03:54.076+0000][1][safepoint    ] Safepoint "Deoptimize", Time since last: 166743700 ns, Reaching safepoint: 68000 ns, At safepoint: 518300 ns, Total: 586300 ns
[2020-04-26T16:03:54.627+0000][1][safepoint    ] Safepoint "BulkRevokeBias", Time since last: 550869300 ns, Reaching safepoint: 60000 ns, At safepoint: 78900 ns, Total: 138900 ns
[2020-04-26T16:03:54.664+0000][1][safepoint    ] Safepoint "Deoptimize", Time since last: 36477300 ns, Reaching safepoint: 43000 ns, At safepoint: 465700 ns, Total: 508700 ns
[2020-04-26T16:03:54.714+0000][1][safepoint    ] Safepoint "RevokeBias", Time since last: 49384000 ns, Reaching safepoint: 136500 ns, At safepoint: 83100 ns, Total: 219600 ns
[2020-04-26T16:03:54.714+0000][1][safepoint    ] Safepoint "RevokeBias", Time since last: 365900 ns, Reaching safepoint: 13700 ns, At safepoint: 42000 ns, Total: 55700 ns
[2020-04-26T16:03:54.715+0000][1][safepoint    ] Safepoint "RevokeBias", Time since last: 644700 ns, Reaching safepoint: 12100 ns, At safepoint: 87900 ns, Total: 100000 ns
[2020-04-26T16:03:54.715+0000][1][safepoint    ] Safepoint "RevokeBias", Time since last: 441000 ns, Reaching safepoint: 17000 ns, At safepoint: 39000 ns, Total: 56000 ns
[2020-04-26T16:03:54.715+0000][1][safepoint    ] Safepoint "RevokeBias", Time since last: 112600 ns, Reaching safepoint: 17700 ns, At safepoint: 38700 ns, Total: 56400 ns
[2020-04-26T16:03:54.716+0000][1][safepoint    ] Safepoint "RevokeBias", Time since last: 174700 ns, Reaching safepoint: 15700 ns, At safepoint: 38400 ns, Total: 54100 ns
[2020-04-26T16:03:54.716+0000][1][safepoint    ] Safepoint "RevokeBias", Time since last: 202400 ns, Reaching safepoint: 11200 ns, At safepoint: 34500 ns, Total: 45700 ns
[2020-04-26T16:03:54.716+0000][1][safepoint    ] Safepoint "RevokeBias", Time since last: 297500 ns, Reaching safepoint: 15400 ns, At safepoint: 40100 ns, Total: 55500 ns
[2020-04-26T16:03:54.716+0000][1][safepoint    ] Safepoint "RevokeBias", Time since last: 124800 ns, Reaching safepoint: 13400 ns, At safepoint: 35200 ns, Total: 48600 ns
[2020-04-26T16:03:54.717+0000][1][safepoint    ] Safepoint "RevokeBias", Time since last: 422500 ns, Reaching safepoint: 10600 ns, At safepoint: 45400 ns, Total: 56000 ns
[2020-04-26T16:03:54.718+0000][1][safepoint    ] Safepoint "RevokeBias", Time since last: 682500 ns, Reaching safepoint: 13200 ns, At safepoint: 44800 ns, Total: 58000 ns
[2020-04-26T16:03:54.718+0000][1][safepoint    ] Safepoint "RevokeBias", Time since last: 121200 ns, Reaching safepoint: 10500 ns, At safepoint: 44200 ns, Total: 54700 ns
[2020-04-26T16:03:54.720+0000][1][safepoint    ] Safepoint "Deoptimize", Time since last: 1777200 ns, Reaching safepoint: 12900 ns, At safepoint: 324500 ns, Total: 337400 ns
[2020-04-26T16:03:54.798+0000][1][safepoint    ] Safepoint "Deoptimize", Time since last: 77711300 ns, Reaching safepoint: 71900 ns, At safepoint: 667900 ns, Total: 739800 ns
[2020-04-26T16:03:54.895+0000][1][safepoint    ] Safepoint "Deoptimize", Time since last: 95854800 ns, Reaching safepoint: 42000 ns, At safepoint: 359000 ns, Total: 401000 ns
[2020-04-26T16:03:55.102+0000][1][safepoint    ] Safepoint "RevokeBias", Time since last: 206982400 ns, Reaching safepoint: 167600 ns, At safepoint: 59100 ns, Total: 226700 ns
[2020-04-26T16:03:55.103+0000][1][safepoint    ] Safepoint "RevokeBias", Time since last: 1021500 ns, Reaching safepoint: 167100 ns, At safepoint: 114900 ns, Total: 282000 ns
[2020-04-26T16:03:55.105+0000][1][safepoint    ] Safepoint "RevokeBias", Time since last: 1748600 ns, Reaching safepoint: 147800 ns, At safepoint: 166000 ns, Total: 313800 ns
[2020-04-26T16:03:55.110+0000][1][safepoint    ] Safepoint "RevokeBias", Time since last: 3892200 ns, Reaching safepoint: 479900 ns, At safepoint: 216000 ns, Total: 695900 ns
[2020-04-26T16:03:55.113+0000][1][safepoint    ] Safepoint "RevokeBias", Time since last: 2399200 ns, Reaching safepoint: 402000 ns, At safepoint: 336200 ns, Total: 738200 ns
[2020-04-26T16:03:55.113+0000][1][safepoint    ] Safepoint "RevokeBias", Time since last: 125200 ns, Reaching safepoint: 162900 ns, At safepoint: 246000 ns, Total: 408900 ns
[2020-04-26T16:03:55.114+0000][1][safepoint    ] Safepoint "RevokeBias", Time since last: 315300 ns, Reaching safepoint: 186800 ns, At safepoint: 326900 ns, Total: 513700 ns
[2020-04-26T16:03:55.115+0000][1][safepoint    ] Safepoint "RevokeBias", Time since last: 84100 ns, Reaching safepoint: 153900 ns, At safepoint: 262000 ns, Total: 415900 ns
[2020-04-26T16:03:55.115+0000][1][safepoint    ] Safepoint "RevokeBias", Time since last: 94200 ns, Reaching safepoint: 369400 ns, At safepoint: 214100 ns, Total: 583500 ns
[2020-04-26T16:03:55.117+0000][1][safepoint    ] Safepoint "RevokeBias", Time since last: 715800 ns, Reaching safepoint: 147300 ns, At safepoint: 211600 ns, Total: 358900 ns
[2020-04-26T16:03:55.117+0000][1][safepoint    ] Safepoint "RevokeBias", Time since last: 148800 ns, Reaching safepoint: 133300 ns, At safepoint: 196800 ns, Total: 330100 ns
[2020-04-26T16:03:55.119+0000][1][safepoint    ] Safepoint "RevokeBias", Time since last: 1646300 ns, Reaching safepoint: 59000 ns, At safepoint: 135900 ns, Total: 194900 ns
[2020-04-26T16:03:55.119+0000][1][safepoint    ] Safepoint "RevokeBias", Time since last: 216200 ns, Reaching safepoint: 48700 ns, At safepoint: 93100 ns, Total: 141800 ns
[2020-04-26T16:03:55.120+0000][1][safepoint    ] Safepoint "RevokeBias", Time since last: 190000 ns, Reaching safepoint: 189900 ns, At safepoint: 123500 ns, Total: 313400 ns
[2020-04-26T16:03:55.123+0000][1][safepoint    ] Safepoint "RevokeBias", Time since last: 2775700 ns, Reaching safepoint: 211300 ns, At safepoint: 272200 ns, Total: 483500 ns
[2020-04-26T16:03:55.124+0000][1][safepoint    ] Safepoint "RevokeBias", Time since last: 288300 ns, Reaching safepoint: 166700 ns, At safepoint: 842500 ns, Total: 1009200 ns
[2020-04-26T16:03:55.128+0000][1][safepoint    ] Safepoint "RevokeBias", Time since last: 3422800 ns, Reaching safepoint: 168300 ns, At safepoint: 150600 ns, Total: 318900 ns
[2020-04-26T16:03:55.129+0000][1][safepoint    ] Safepoint "RevokeBias", Time since last: 441800 ns, Reaching safepoint: 153400 ns, At safepoint: 195900 ns, Total: 349300 ns
[2020-04-26T16:03:55.129+0000][1][safepoint    ] Safepoint "RevokeBias", Time since last: 173100 ns, Reaching safepoint: 136100 ns, At safepoint: 226100 ns, Total: 362200 ns
[2020-04-26T16:03:55.134+0000][1][safepoint    ] Safepoint "RevokeBias", Time since last: 238200 ns, Reaching safepoint: 4489000 ns, At safepoint: 145100 ns, Total: 4634100 ns
[2020-04-26T16:03:55.135+0000][1][safepoint    ] Safepoint "RevokeBias", Time since last: 211800 ns, Reaching safepoint: 121500 ns, At safepoint: 174000 ns, Total: 295500 ns
[2020-04-26T16:03:55.135+0000][1][safepoint    ] Safepoint "RevokeBias", Time since last: 54900 ns, Reaching safepoint: 130500 ns, At safepoint: 136700 ns, Total: 267200 ns
[2020-04-26T16:03:55.135+0000][1][safepoint    ] Safepoint "RevokeBias", Time since last: 195600 ns, Reaching safepoint: 148200 ns, At safepoint: 93000 ns, Total: 241200 ns
[2020-04-26T16:03:55.136+0000][1][safepoint    ] Safepoint "RevokeBias", Time since last: 101100 ns, Reaching safepoint: 125700 ns, At safepoint: 105900 ns, Total: 231600 ns
[2020-04-26T16:03:55.136+0000][1][safepoint    ] Safepoint "RevokeBias", Time since last: 116800 ns, Reaching safepoint: 150500 ns, At safepoint: 86500 ns, Total: 237000 ns
[2020-04-26T16:03:55.140+0000][1][safepoint    ] Safepoint "RevokeBias", Time since last: 2917600 ns, Reaching safepoint: 174200 ns, At safepoint: 238800 ns, Total: 413000 ns
[2020-04-26T16:03:55.140+0000][1][safepoint    ] Safepoint "RevokeBias", Time since last: 306500 ns, Reaching safepoint: 132300 ns, At safepoint: 102000 ns, Total: 234300 ns
[2020-04-26T16:03:55.140+0000][1][safepoint    ] Safepoint "RevokeBias", Time since last: 109000 ns, Reaching safepoint: 126800 ns, At safepoint: 97100 ns, Total: 223900 ns
[2020-04-26T16:03:55.141+0000][1][safepoint    ] Safepoint "RevokeBias", Time since last: 147500 ns, Reaching safepoint: 154600 ns, At safepoint: 68400 ns, Total: 223000 ns
[2020-04-26T16:03:55.146+0000][1][safepoint    ] Safepoint "RevokeBias", Time since last: 4584000 ns, Reaching safepoint: 149400 ns, At safepoint: 210700 ns, Total: 360100 ns
[2020-04-26T16:03:55.147+0000][1][safepoint    ] Safepoint "RevokeBias", Time since last: 952900 ns, Reaching safepoint: 136200 ns, At safepoint: 141700 ns, Total: 277900 ns
[2020-04-26T16:03:55.147+0000][1][safepoint    ] Safepoint "RevokeBias", Time since last: 153800 ns, Reaching safepoint: 144500 ns, At safepoint: 218000 ns, Total: 362500 ns
[2020-04-26T16:03:55.148+0000][1][safepoint    ] Safepoint "RevokeBias", Time since last: 56800 ns, Reaching safepoint: 127600 ns, At safepoint: 149100 ns, Total: 276700 ns
[2020-04-26T16:03:55.148+0000][1][safepoint    ] Safepoint "RevokeBias", Time since last: 76100 ns, Reaching safepoint: 120500 ns, At safepoint: 220100 ns, Total: 340600 ns
[2020-04-26T16:03:55.148+0000][1][safepoint    ] Safepoint "RevokeBias", Time since last: 41500 ns, Reaching safepoint: 126600 ns, At safepoint: 95900 ns, Total: 222500 ns
[2020-04-26T16:03:55.151+0000][1][safepoint    ] Safepoint "RevokeBias", Time since last: 2544900 ns, Reaching safepoint: 136400 ns, At safepoint: 58600 ns, Total: 195000 ns
[2020-04-26T16:03:55.152+0000][1][safepoint    ] Safepoint "RevokeBias", Time since last: 172200 ns, Reaching safepoint: 124100 ns, At safepoint: 77200 ns, Total: 201300 ns
[2020-04-26T16:03:55.152+0000][1][safepoint    ] Safepoint "RevokeBias", Time since last: 165400 ns, Reaching safepoint: 120200 ns, At safepoint: 92500 ns, Total: 212700 ns
[2020-04-26T16:03:55.152+0000][1][safepoint    ] Safepoint "RevokeBias", Time since last: 174700 ns, Reaching safepoint: 117400 ns, At safepoint: 68800 ns, Total: 186200 ns
[2020-04-26T16:03:55.153+0000][1][safepoint    ] Safepoint "RevokeBias", Time since last: 211600 ns, Reaching safepoint: 110300 ns, At safepoint: 137800 ns, Total: 248100 ns
[2020-04-26T16:03:55.153+0000][1][safepoint    ] Safepoint "RevokeBias", Time since last: 203400 ns, Reaching safepoint: 117100 ns, At safepoint: 123800 ns, Total: 240900 ns
[2020-04-26T16:03:55.155+0000][1][safepoint    ] Safepoint "RevokeBias", Time since last: 1562300 ns, Reaching safepoint: 133700 ns, At safepoint: 157800 ns, Total: 291500 ns
[2020-04-26T16:03:55.155+0000][1][safepoint    ] Safepoint "RevokeBias", Time since last: 53800 ns, Reaching safepoint: 141900 ns, At safepoint: 166000 ns, Total: 307900 ns
[2020-04-26T16:03:55.158+0000][1][safepoint    ] Safepoint "RevokeBias", Time since last: 2110600 ns, Reaching safepoint: 206000 ns, At safepoint: 233800 ns, Total: 439800 ns
[2020-04-26T16:03:55.160+0000][1][safepoint    ] Safepoint "RevokeBias", Time since last: 2017000 ns, Reaching safepoint: 205000 ns, At safepoint: 190300 ns, Total: 395300 ns
[2020-04-26T16:03:55.165+0000][1][safepoint    ] Safepoint "RevokeBias", Time since last: 4448400 ns, Reaching safepoint: 170200 ns, At safepoint: 108700 ns, Total: 278900 ns
[2020-04-26T16:03:55.169+0000][1][safepoint    ] Safepoint "RevokeBias", Time since last: 3907800 ns, Reaching safepoint: 187000 ns, At safepoint: 112900 ns, Total: 299900 ns
[2020-04-26T16:03:55.170+0000][1][safepoint    ] Safepoint "RevokeBias", Time since last: 149300 ns, Reaching safepoint: 149200 ns, At safepoint: 105300 ns, Total: 254500 ns
[2020-04-26T16:03:55.184+0000][1][safepoint    ] Safepoint "RevokeBias", Time since last: 13708800 ns, Reaching safepoint: 236400 ns, At safepoint: 97500 ns, Total: 333900 ns
[2020-04-26T16:03:55.185+0000][1][safepoint    ] Safepoint "RevokeBias", Time since last: 770300 ns, Reaching safepoint: 456100 ns, At safepoint: 87300 ns, Total: 543400 ns
[2020-04-26T16:03:55.185+0000][1][safepoint    ] Safepoint "RevokeBias", Time since last: 150300 ns, Reaching safepoint: 113700 ns, At safepoint: 98100 ns, Total: 211800 ns
[2020-04-26T16:03:55.186+0000][1][safepoint    ] Safepoint "RevokeBias", Time since last: 121200 ns, Reaching safepoint: 113400 ns, At safepoint: 109300 ns, Total: 222700 ns
[2020-04-26T16:03:55.187+0000][1][safepoint    ] Safepoint "RevokeBias", Time since last: 91400 ns, Reaching safepoint: 746600 ns, At safepoint: 111600 ns, Total: 858200 ns
[2020-04-26T16:03:55.187+0000][1][safepoint    ] Safepoint "RevokeBias", Time since last: 110400 ns, Reaching safepoint: 110300 ns, At safepoint: 99800 ns, Total: 210100 ns
[2020-04-26T16:03:55.187+0000][1][safepoint    ] Safepoint "RevokeBias", Time since last: 164600 ns, Reaching safepoint: 114300 ns, At safepoint: 69000 ns, Total: 183300 ns
[2020-04-26T16:03:55.188+0000][1][safepoint    ] Safepoint "RevokeBias", Time since last: 103200 ns, Reaching safepoint: 112600 ns, At safepoint: 119000 ns, Total: 231600 ns
[2020-04-26T16:03:55.197+0000][1][safepoint    ] Safepoint "RevokeBias", Time since last: 8681800 ns, Reaching safepoint: 54700 ns, At safepoint: 84300 ns, Total: 139000 ns
[2020-04-26T16:03:55.204+0000][1][safepoint    ] Safepoint "RevokeBias", Time since last: 6896400 ns, Reaching safepoint: 165200 ns, At safepoint: 158400 ns, Total: 323600 ns
[2020-04-26T16:03:55.209+0000][1][safepoint    ] Safepoint "RevokeBias", Time since last: 5238100 ns, Reaching safepoint: 107400 ns, At safepoint: 156900 ns, Total: 264300 ns
[2020-04-26T16:03:55.210+0000][1][safepoint    ] Safepoint "RevokeBias", Time since last: 237000 ns, Reaching safepoint: 168600 ns, At safepoint: 200700 ns, Total: 369300 ns
[2020-04-26T16:03:55.215+0000][1][safepoint    ] Safepoint "RevokeBias", Time since last: 5040500 ns, Reaching safepoint: 58500 ns, At safepoint: 97700 ns, Total: 156200 ns
[2020-04-26T16:03:55.217+0000][1][safepoint    ] Safepoint "RevokeBias", Time since last: 1684200 ns, Reaching safepoint: 48400 ns, At safepoint: 67500 ns, Total: 115900 ns
[2020-04-26T16:03:55.228+0000][1][safepoint    ] Safepoint "RevokeBias", Time since last: 10702200 ns, Reaching safepoint: 225800 ns, At safepoint: 93000 ns, Total: 318800 ns
[2020-04-26T16:03:55.229+0000][1][safepoint    ] Safepoint "RevokeBias", Time since last: 806000 ns, Reaching safepoint: 61600 ns, At safepoint: 76100 ns, Total: 137700 ns
[2020-04-26T16:03:55.229+0000][1][safepoint    ] Safepoint "RevokeBias", Time since last: 321700 ns, Reaching safepoint: 34000 ns, At safepoint: 38900 ns, Total: 72900 ns
[2020-04-26T16:03:55.231+0000][1][safepoint    ] Safepoint "RevokeBias", Time since last: 1197700 ns, Reaching safepoint: 55100 ns, At safepoint: 57700 ns, Total: 112800 ns
[2020-04-26T16:03:55.231+0000][1][safepoint    ] Safepoint "RevokeBias", Time since last: 134500 ns, Reaching safepoint: 33800 ns, At safepoint: 40600 ns, Total: 74400 ns
[2020-04-26T16:03:55.231+0000][1][safepoint    ] Safepoint "RevokeBias", Time since last: 128900 ns, Reaching safepoint: 38100 ns, At safepoint: 48200 ns, Total: 86300 ns
[2020-04-26T16:03:55.231+0000][1][safepoint    ] Safepoint "RevokeBias", Time since last: 175400 ns, Reaching safepoint: 28600 ns, At safepoint: 45800 ns, Total: 74400 ns
[2020-04-26T16:03:55.232+0000][1][safepoint    ] Safepoint "RevokeBias", Time since last: 536800 ns, Reaching safepoint: 29900 ns, At safepoint: 48600 ns, Total: 78500 ns
[2020-04-26T16:03:55.252+0000][1][safepoint    ] Safepoint "RevokeBias", Time since last: 19769000 ns, Reaching safepoint: 61400 ns, At safepoint: 109100 ns, Total: 170500 ns
[2020-04-26T16:03:55.262+0000][1][safepoint    ] Safepoint "RevokeBias", Time since last: 10109000 ns, Reaching safepoint: 91500 ns, At safepoint: 87900 ns, Total: 179400 ns
[2020-04-26T16:03:55.276+0000][1][safepoint    ] Safepoint "RevokeBias", Time since last: 14053000 ns, Reaching safepoint: 68500 ns, At safepoint: 83700 ns, Total: 152200 ns
[2020-04-26T16:03:55.293+0000][1][safepoint    ] Safepoint "RevokeBias", Time since last: 16475600 ns, Reaching safepoint: 135700 ns, At safepoint: 57000 ns, Total: 192700 ns
[2020-04-26T16:03:55.295+0000][1][safepoint    ] Safepoint "RevokeBias", Time since last: 1495500 ns, Reaching safepoint: 34900 ns, At safepoint: 40900 ns, Total: 75800 ns
[2020-04-26T16:03:55.347+0000][1][safepoint    ] Safepoint "RevokeBias", Time since last: 52354900 ns, Reaching safepoint: 59400 ns, At safepoint: 66300 ns, Total: 125700 ns
[2020-04-26T16:03:55.347+0000][1][safepoint    ] Safepoint "RevokeBias", Time since last: 130500 ns, Reaching safepoint: 39400 ns, At safepoint: 38300 ns, Total: 77700 ns
[2020-04-26T16:03:55.347+0000][1][safepoint    ] Safepoint "RevokeBias", Time since last: 116100 ns, Reaching safepoint: 115200 ns, At safepoint: 52800 ns, Total: 168000 ns
[2020-04-26T16:03:55.349+0000][1][safepoint    ] Safepoint "RevokeBias", Time since last: 1036600 ns, Reaching safepoint: 150900 ns, At safepoint: 60600 ns, Total: 211500 ns
[2020-04-26T16:03:55.349+0000][1][safepoint    ] Safepoint "RevokeBias", Time since last: 207700 ns, Reaching safepoint: 33100 ns, At safepoint: 37700 ns, Total: 70800 ns
[2020-04-26T16:03:55.349+0000][1][safepoint    ] Safepoint "RevokeBias", Time since last: 107700 ns, Reaching safepoint: 41600 ns, At safepoint: 53000 ns, Total: 94600 ns
[2020-04-26T16:03:55.351+0000][1][gc,start     ] GC(16) Pause Young (Allocation Failure)
[2020-04-26T16:03:55.351+0000][1][gc,task      ] GC(16) Using 10 workers of 10 for evacuation
[2020-04-26T16:03:55.366+0000][1][gc,age       ] GC(16) Desired survivor size 8945664 bytes, new threshold 6 (max threshold 6)
[2020-04-26T16:03:55.366+0000][1][gc,age       ] GC(16) Age table with threshold 6 (max threshold 6)
[2020-04-26T16:03:55.366+0000][1][gc,age       ] GC(16) - age   1:    5783696 bytes,    5783696 total
[2020-04-26T16:03:55.366+0000][1][gc,age       ] GC(16) - age   2:    3070920 bytes,    8854616 total
[2020-04-26T16:03:55.366+0000][1][gc,age       ] GC(16) - age   3:        104 bytes,    8854720 total
[2020-04-26T16:03:55.366+0000][1][gc,heap      ] GC(16) ParNew: 152073K->12870K(157248K)
[2020-04-26T16:03:55.366+0000][1][gc,heap      ] GC(16) CMS: 49905K->56596K(349568K)
[2020-04-26T16:03:55.366+0000][1][gc,metaspace ] GC(16) Metaspace: 75556K->75556K(1120256K)
[2020-04-26T16:03:55.366+0000][1][gc           ] GC(16) Pause Young (Allocation Failure) 197M->67M(494M) 15.850ms
[2020-04-26T16:03:55.366+0000][1][gc,cpu       ] GC(16) User=0.13s Sys=0.00s Real=0.02s
[2020-04-26T16:03:55.367+0000][1][safepoint    ] Safepoint "GenCollectForAllocation", Time since last: 1258600 ns, Reaching safepoint: 62300 ns, At safepoint: 15972900 ns, Total: 16035200 ns
[2020-04-26T16:03:55.380+0000][1][safepoint    ] Safepoint "RevokeBias", Time since last: 12839100 ns, Reaching safepoint: 342000 ns, At safepoint: 468800 ns, Total: 810800 ns
[2020-04-26T16:03:55.382+0000][1][safepoint    ] Safepoint "RevokeBias", Time since last: 1068800 ns, Reaching safepoint: 196500 ns, At safepoint: 285800 ns, Total: 482300 ns
[2020-04-26T16:03:55.382+0000][1][safepoint    ] Safepoint "RevokeBias", Time since last: 177600 ns, Reaching safepoint: 204000 ns, At safepoint: 238300 ns, Total: 442300 ns
[2020-04-26T16:03:55.383+0000][1][safepoint    ] Safepoint "RevokeBias", Time since last: 119200 ns, Reaching safepoint: 266100 ns, At safepoint: 298900 ns, Total: 565000 ns
[2020-04-26T16:03:55.384+0000][1][safepoint    ] Safepoint "RevokeBias", Time since last: 359200 ns, Reaching safepoint: 274200 ns, At safepoint: 271900 ns, Total: 546100 ns
[2020-04-26T16:03:55.392+0000][1][safepoint    ] Safepoint "RevokeBias", Time since last: 8030600 ns, Reaching safepoint: 193400 ns, At safepoint: 140900 ns, Total: 334300 ns
[2020-04-26T16:03:55.393+0000][1][safepoint    ] Safepoint "RevokeBias", Time since last: 287900 ns, Reaching safepoint: 181100 ns, At safepoint: 113800 ns, Total: 294900 ns
[2020-04-26T16:03:55.397+0000][1][safepoint    ] Safepoint "RevokeBias", Time since last: 3938800 ns, Reaching safepoint: 521300 ns, At safepoint: 93400 ns, Total: 614700 ns
[2020-04-26T16:03:55.398+0000][1][safepoint    ] Safepoint "RevokeBias", Time since last: 376600 ns, Reaching safepoint: 323800 ns, At safepoint: 104100 ns, Total: 427900 ns
[2020-04-26T16:03:55.406+0000][1][safepoint    ] Safepoint "RevokeBias", Time since last: 7761300 ns, Reaching safepoint: 170600 ns, At safepoint: 72000 ns, Total: 242600 ns
[2020-04-26T16:03:55.407+0000][1][safepoint    ] Safepoint "RevokeBias", Time since last: 161900 ns, Reaching safepoint: 73200 ns, At safepoint: 58200 ns, Total: 131400 ns
[2020-04-26T16:03:55.409+0000][1][safepoint    ] Safepoint "RevokeBias", Time since last: 1956300 ns, Reaching safepoint: 65800 ns, At safepoint: 67900 ns, Total: 133700 ns
[2020-04-26T16:03:55.409+0000][1][safepoint    ] Safepoint "RevokeBias", Time since last: 171200 ns, Reaching safepoint: 53300 ns, At safepoint: 61500 ns, Total: 114800 ns
[2020-04-26T16:03:55.416+0000][1][safepoint    ] Safepoint "RevokeBias", Time since last: 7029900 ns, Reaching safepoint: 100300 ns, At safepoint: 120300 ns, Total: 220600 ns
[2020-04-26T16:03:55.425+0000][1][safepoint    ] Safepoint "RevokeBias", Time since last: 8039900 ns, Reaching safepoint: 218700 ns, At safepoint: 337300 ns, Total: 556000 ns
[2020-04-26T16:03:55.426+0000][1][safepoint    ] Safepoint "RevokeBias", Time since last: 858200 ns, Reaching safepoint: 193600 ns, At safepoint: 173100 ns, Total: 366700 ns
[2020-04-26T16:03:55.445+0000][1][safepoint    ] Safepoint "RevokeBias", Time since last: 18569900 ns, Reaching safepoint: 230300 ns, At safepoint: 155800 ns, Total: 386100 ns
[2020-04-26T16:03:55.446+0000][1][safepoint    ] Safepoint "RevokeBias", Time since last: 690600 ns, Reaching safepoint: 287100 ns, At safepoint: 223000 ns, Total: 510100 ns
[2020-04-26T16:03:55.451+0000][1][safepoint    ] Safepoint "RevokeBias", Time since last: 5124200 ns, Reaching safepoint: 66000 ns, At safepoint: 63100 ns, Total: 129100 ns
[2020-04-26T16:03:55.460+0000][1][safepoint    ] Safepoint "RevokeBias", Time since last: 8341900 ns, Reaching safepoint: 54900 ns, At safepoint: 35500 ns, Total: 90400 ns
[2020-04-26T16:03:55.476+0000][1][safepoint    ] Safepoint "RevokeBias", Time since last: 16510500 ns, Reaching safepoint: 102300 ns, At safepoint: 69300 ns, Total: 171600 ns
[2020-04-26T16:03:55.477+0000][1][safepoint    ] Safepoint "RevokeBias", Time since last: 341300 ns, Reaching safepoint: 46800 ns, At safepoint: 34100 ns, Total: 80900 ns
[2020-04-26T16:03:55.477+0000][1][safepoint    ] Safepoint "RevokeBias", Time since last: 109200 ns, Reaching safepoint: 35500 ns, At safepoint: 29300 ns, Total: 64800 ns
[2020-04-26T16:03:55.477+0000][1][safepoint    ] Safepoint "RevokeBias", Time since last: 218700 ns, Reaching safepoint: 31000 ns, At safepoint: 34300 ns, Total: 65300 ns
[2020-04-26T16:03:55.479+0000][1][safepoint    ] Safepoint "RevokeBias", Time since last: 1340800 ns, Reaching safepoint: 63800 ns, At safepoint: 65300 ns, Total: 129100 ns
[2020-04-26T16:03:55.479+0000][1][safepoint    ] Safepoint "RevokeBias", Time since last: 398100 ns, Reaching safepoint: 52300 ns, At safepoint: 38700 ns, Total: 91000 ns
[2020-04-26T16:03:55.484+0000][1][safepoint    ] Safepoint "RevokeBias", Time since last: 4880800 ns, Reaching safepoint: 54400 ns, At safepoint: 31100 ns, Total: 85500 ns
[2020-04-26T16:03:55.484+0000][1][safepoint    ] Safepoint "RevokeBias", Time since last: 111800 ns, Reaching safepoint: 37100 ns, At safepoint: 26700 ns, Total: 63800 ns
[2020-04-26T16:03:55.538+0000][1][safepoint    ] Safepoint "Deoptimize", Time since last: 53019400 ns, Reaching safepoint: 62200 ns, At safepoint: 422500 ns, Total: 484700 ns
[2020-04-26T16:03:55.586+0000][1][safepoint    ] Safepoint "BulkRevokeBias", Time since last: 47508800 ns, Reaching safepoint: 69200 ns, At safepoint: 271200 ns, Total: 340400 ns
[2020-04-26T16:03:55.586+0000][1][safepoint    ] Safepoint "RevokeBias", Time since last: 100300 ns, Reaching safepoint: 37900 ns, At safepoint: 25300 ns, Total: 63200 ns
[2020-04-26T16:03:55.590+0000][1][safepoint    ] Safepoint "BulkRevokeBias", Time since last: 3549200 ns, Reaching safepoint: 65800 ns, At safepoint: 341400 ns, Total: 407200 ns
[2020-04-26T16:03:55.595+0000][1][safepoint    ] Safepoint "RevokeBias", Time since last: 4851300 ns, Reaching safepoint: 57900 ns, At safepoint: 35300 ns, Total: 93200 ns
[2020-04-26T16:03:55.595+0000][1][safepoint    ] Safepoint "RevokeBias", Time since last: 387700 ns, Reaching safepoint: 54200 ns, At safepoint: 30300 ns, Total: 84500 ns
[2020-04-26T16:03:55.603+0000][1][safepoint    ] Safepoint "RevokeBias", Time since last: 7504300 ns, Reaching safepoint: 134400 ns, At safepoint: 41900 ns, Total: 176300 ns
[2020-04-26T16:03:55.606+0000][1][safepoint    ] Safepoint "RevokeBias", Time since last: 2684000 ns, Reaching safepoint: 51600 ns, At safepoint: 27700 ns, Total: 79300 ns
[2020-04-26T16:03:55.606+0000][1][safepoint    ] Safepoint "RevokeBias", Time since last: 273000 ns, Reaching safepoint: 42300 ns, At safepoint: 27500 ns, Total: 69800 ns
[2020-04-26T16:03:55.614+0000][1][safepoint    ] Safepoint "RevokeBias", Time since last: 7463500 ns, Reaching safepoint: 66600 ns, At safepoint: 151600 ns, Total: 218200 ns
[2020-04-26T16:03:55.615+0000][1][safepoint    ] Safepoint "RevokeBias", Time since last: 1160000 ns, Reaching safepoint: 150500 ns, At safepoint: 97400 ns, Total: 247900 ns
[2020-04-26T16:03:55.616+0000][1][safepoint    ] Safepoint "RevokeBias", Time since last: 196300 ns, Reaching safepoint: 144100 ns, At safepoint: 98100 ns, Total: 242200 ns
[2020-04-26T16:03:55.616+0000][1][safepoint    ] Safepoint "RevokeBias", Time since last: 193700 ns, Reaching safepoint: 116400 ns, At safepoint: 67600 ns, Total: 184000 ns
[2020-04-26T16:03:55.616+0000][1][safepoint    ] Safepoint "RevokeBias", Time since last: 140900 ns, Reaching safepoint: 114100 ns, At safepoint: 69500 ns, Total: 183600 ns
[2020-04-26T16:03:55.617+0000][1][safepoint    ] Safepoint "RevokeBias", Time since last: 153400 ns, Reaching safepoint: 113600 ns, At safepoint: 68000 ns, Total: 181600 ns
[2020-04-26T16:03:55.617+0000][1][safepoint    ] Safepoint "RevokeBias", Time since last: 149800 ns, Reaching safepoint: 112300 ns, At safepoint: 67400 ns, Total: 179700 ns
[2020-04-26T16:03:55.617+0000][1][safepoint    ] Safepoint "RevokeBias", Time since last: 141300 ns, Reaching safepoint: 111500 ns, At safepoint: 67200 ns, Total: 178700 ns
[2020-04-26T16:03:55.618+0000][1][safepoint    ] Safepoint "RevokeBias", Time since last: 143300 ns, Reaching safepoint: 112500 ns, At safepoint: 102700 ns, Total: 215200 ns
[2020-04-26T16:03:55.620+0000][1][safepoint    ] Safepoint "RevokeBias", Time since last: 2333400 ns, Reaching safepoint: 54800 ns, At safepoint: 56500 ns, Total: 111300 ns
[2020-04-26T16:03:55.621+0000][1][safepoint    ] Safepoint "RevokeBias", Time since last: 156800 ns, Reaching safepoint: 131300 ns, At safepoint: 67300 ns, Total: 198600 ns
[2020-04-26T16:03:55.621+0000][1][safepoint    ] Safepoint "RevokeBias", Time since last: 138700 ns, Reaching safepoint: 31300 ns, At safepoint: 51800 ns, Total: 83100 ns
[2020-04-26T16:03:55.621+0000][1][safepoint    ] Safepoint "RevokeBias", Time since last: 140200 ns, Reaching safepoint: 30500 ns, At safepoint: 51400 ns, Total: 81900 ns
[2020-04-26T16:03:55.621+0000][1][safepoint    ] Safepoint "RevokeBias", Time since last: 137600 ns, Reaching safepoint: 30600 ns, At safepoint: 51200 ns, Total: 81800 ns
[2020-04-26T16:03:55.622+0000][1][safepoint    ] Safepoint "RevokeBias", Time since last: 147000 ns, Reaching safepoint: 122100 ns, At safepoint: 50000 ns, Total: 172100 ns
[2020-04-26T16:03:55.622+0000][1][safepoint    ] Safepoint "RevokeBias", Time since last: 136500 ns, Reaching safepoint: 121600 ns, At safepoint: 49700 ns, Total: 171300 ns
[2020-04-26T16:03:55.622+0000][1][safepoint    ] Safepoint "RevokeBias", Time since last: 148900 ns, Reaching safepoint: 57000 ns, At safepoint: 63000 ns, Total: 120000 ns
[2020-04-26T16:03:55.636+0000][1][safepoint    ] Safepoint "RevokeBias", Time since last: 14149800 ns, Reaching safepoint: 142500 ns, At safepoint: 64200 ns, Total: 206700 ns
[2020-04-26T16:03:55.637+0000][1][safepoint    ] Safepoint "RevokeBias", Time since last: 457900 ns, Reaching safepoint: 66900 ns, At safepoint: 71200 ns, Total: 138100 ns
[2020-04-26T16:03:55.649+0000][1][safepoint    ] Safepoint "RevokeBias", Time since last: 11621500 ns, Reaching safepoint: 76200 ns, At safepoint: 99500 ns, Total: 175700 ns
[2020-04-26T16:03:55.650+0000][1][safepoint    ] Safepoint "RevokeBias", Time since last: 1162400 ns, Reaching safepoint: 57800 ns, At safepoint: 91000 ns, Total: 148800 ns
[2020-04-26T16:03:55.652+0000][1][safepoint    ] Safepoint "RevokeBias", Time since last: 1897400 ns, Reaching safepoint: 77600 ns, At safepoint: 85100 ns, Total: 162700 ns
[2020-04-26T16:03:55.656+0000][1][safepoint    ] Safepoint "RevokeBias", Time since last: 4130800 ns, Reaching safepoint: 63800 ns, At safepoint: 62000 ns, Total: 125800 ns
[2020-04-26T16:03:55.678+0000][1][safepoint    ] Safepoint "RevokeBias", Time since last: 21541400 ns, Reaching safepoint: 97700 ns, At safepoint: 75400 ns, Total: 173100 ns
[2020-04-26T16:03:55.712+0000][1][safepoint    ] Safepoint "RevokeBias", Time since last: 33493100 ns, Reaching safepoint: 104400 ns, At safepoint: 68000 ns, Total: 172400 ns
[2020-04-26T16:03:55.772+0000][1][safepoint    ] Safepoint "RevokeBias", Time since last: 59539000 ns, Reaching safepoint: 87900 ns, At safepoint: 34400 ns, Total: 122300 ns
[2020-04-26T16:03:55.772+0000][1][safepoint    ] Safepoint "RevokeBias", Time since last: 129100 ns, Reaching safepoint: 39400 ns, At safepoint: 30300 ns, Total: 69700 ns
[2020-04-26T16:03:55.794+0000][1][safepoint    ] Safepoint "RevokeBias", Time since last: 21641400 ns, Reaching safepoint: 173400 ns, At safepoint: 78800 ns, Total: 252200 ns
[2020-04-26T16:03:55.794+0000][1][safepoint    ] Safepoint "RevokeBias", Time since last: 293400 ns, Reaching safepoint: 47200 ns, At safepoint: 33900 ns, Total: 81100 ns
[2020-04-26T16:03:55.803+0000][1][safepoint    ] Safepoint "RevokeBias", Time since last: 8448500 ns, Reaching safepoint: 79500 ns, At safepoint: 29400 ns, Total: 108900 ns
[2020-04-26T16:03:55.803+0000][1][safepoint    ] Safepoint "RevokeBias", Time since last: 103400 ns, Reaching safepoint: 34700 ns, At safepoint: 26200 ns, Total: 60900 ns
[2020-04-26T16:03:55.803+0000][1][safepoint    ] Safepoint "RevokeBias", Time since last: 78200 ns, Reaching safepoint: 27100 ns, At safepoint: 25800 ns, Total: 52900 ns
[2020-04-26T16:03:55.858+0000][1][safepoint    ] Safepoint "Deoptimize", Time since last: 54422000 ns, Reaching safepoint: 83700 ns, At safepoint: 614500 ns, Total: 698200 ns
[2020-04-26T16:03:55.866+0000][1][safepoint    ] Safepoint "Deoptimize", Time since last: 7667700 ns, Reaching safepoint: 63100 ns, At safepoint: 465900 ns, Total: 529000 ns
[2020-04-26T16:03:55.908+0000][1][safepoint    ] Safepoint "Deoptimize", Time since last: 41520000 ns, Reaching safepoint: 75300 ns, At safepoint: 495800 ns, Total: 571100 ns
[2020-04-26T16:03:56.334+0000][1][safepoint    ] Safepoint "RevokeBias", Time since last: 424996000 ns, Reaching safepoint: 578800 ns, At safepoint: 43400 ns, Total: 622200 ns
[2020-04-26T16:03:56.361+0000][1][safepoint    ] Safepoint "RevokeBias", Time since last: 27019900 ns, Reaching safepoint: 89600 ns, At safepoint: 37700 ns, Total: 127300 ns
[2020-04-26T16:03:56.361+0000][1][safepoint    ] Safepoint "RevokeBias", Time since last: 281700 ns, Reaching safepoint: 61400 ns, At safepoint: 31500 ns, Total: 92900 ns
[2020-04-26T16:03:56.386+0000][1][safepoint    ] Safepoint "RevokeBias", Time since last: 24165400 ns, Reaching safepoint: 84800 ns, At safepoint: 41300 ns, Total: 126100 ns
[2020-04-26T16:03:56.487+0000][1][safepoint    ] Safepoint "RevokeBias", Time since last: 101563100 ns, Reaching safepoint: 67200 ns, At safepoint: 44100 ns, Total: 111300 ns
[2020-04-26T16:03:56.488+0000][1][safepoint    ] Safepoint "RevokeBias", Time since last: 166900 ns, Reaching safepoint: 36000 ns, At safepoint: 24000 ns, Total: 60000 ns
[2020-04-26T16:03:56.536+0000][1][safepoint    ] Safepoint "RevokeBias", Time since last: 47737200 ns, Reaching safepoint: 128800 ns, At safepoint: 122600 ns, Total: 251400 ns
[2020-04-26T16:03:56.536+0000][1][safepoint    ] Safepoint "RevokeBias", Time since last: 591100 ns, Reaching safepoint: 61500 ns, At safepoint: 129400 ns, Total: 190900 ns
[2020-04-26T16:03:56.585+0000][1][safepoint    ] Safepoint "RevokeBias", Time since last: 48821000 ns, Reaching safepoint: 82400 ns, At safepoint: 52700 ns, Total: 135100 ns
[2020-04-26T16:03:56.622+0000][1][safepoint    ] Safepoint "RevokeBias", Time since last: 36823400 ns, Reaching safepoint: 177700 ns, At safepoint: 61600 ns, Total: 239300 ns
[2020-04-26T16:03:56.624+0000][1][safepoint    ] Safepoint "RevokeBias", Time since last: 1365700 ns, Reaching safepoint: 70800 ns, At safepoint: 106000 ns, Total: 176800 ns
[2020-04-26T16:03:56.624+0000][1][safepoint    ] Safepoint "RevokeBias", Time since last: 124100 ns, Reaching safepoint: 147100 ns, At safepoint: 70100 ns, Total: 217200 ns
[2020-04-26T16:03:56.631+0000][1][safepoint    ] Safepoint "RevokeBias", Time since last: 6839200 ns, Reaching safepoint: 155800 ns, At safepoint: 65900 ns, Total: 221700 ns
[2020-04-26T16:03:56.633+0000][1][safepoint    ] Safepoint "RevokeBias", Time since last: 1332700 ns, Reaching safepoint: 159300 ns, At safepoint: 194300 ns, Total: 353600 ns
[2020-04-26T16:03:56.634+0000][1][safepoint    ] Safepoint "RevokeBias", Time since last: 1027100 ns, Reaching safepoint: 102700 ns, At safepoint: 216200 ns, Total: 318900 ns
[2020-04-26T16:03:56.637+0000][1][safepoint    ] Safepoint "RevokeBias", Time since last: 1967300 ns, Reaching safepoint: 203900 ns, At safepoint: 134500 ns, Total: 338400 ns
[2020-04-26T16:03:56.637+0000][1][safepoint    ] Safepoint "RevokeBias", Time since last: 179300 ns, Reaching safepoint: 192300 ns, At safepoint: 141200 ns, Total: 333500 ns
[2020-04-26T16:03:56.643+0000][1][safepoint    ] Safepoint "RevokeBias", Time since last: 5965100 ns, Reaching safepoint: 171100 ns, At safepoint: 129000 ns, Total: 300100 ns
[2020-04-26T16:03:56.647+0000][1][safepoint    ] Safepoint "RevokeBias", Time since last: 2875400 ns, Reaching safepoint: 107000 ns, At safepoint: 159900 ns, Total: 266900 ns
[2020-04-26T16:03:56.647+0000][1][safepoint    ] Safepoint "RevokeBias", Time since last: 179800 ns, Reaching safepoint: 149000 ns, At safepoint: 130400 ns, Total: 279400 ns
[2020-04-26T16:03:56.662+0000][1][safepoint    ] Safepoint "RevokeBias", Time since last: 14925100 ns, Reaching safepoint: 176500 ns, At safepoint: 122000 ns, Total: 298500 ns
[2020-04-26T16:03:56.663+0000][1][safepoint    ] Safepoint "RevokeBias", Time since last: 210300 ns, Reaching safepoint: 206600 ns, At safepoint: 114800 ns, Total: 321400 ns
[2020-04-26T16:03:56.688+0000][1][gc,start     ] GC(17) Pause Young (Allocation Failure)
[2020-04-26T16:03:56.688+0000][1][gc,task      ] GC(17) Using 10 workers of 10 for evacuation
[2020-04-26T16:03:56.700+0000][1][gc,age       ] GC(17) Desired survivor size 8945664 bytes, new threshold 2 (max threshold 6)
[2020-04-26T16:03:56.700+0000][1][gc,age       ] GC(17) Age table with threshold 2 (max threshold 6)
[2020-04-26T16:03:56.700+0000][1][gc,age       ] GC(17) - age   1:    7733768 bytes,    7733768 total
[2020-04-26T16:03:56.700+0000][1][gc,age       ] GC(17) - age   2:    5128504 bytes,   12862272 total
[2020-04-26T16:03:56.700+0000][1][gc,age       ] GC(17) - age   3:    3033584 bytes,   15895856 total
[2020-04-26T16:03:56.700+0000][1][gc,age       ] GC(17) - age   4:        104 bytes,   15895960 total
[2020-04-26T16:03:56.700+0000][1][gc,heap      ] GC(17) ParNew: 152646K->17472K(157248K)
[2020-04-26T16:03:56.700+0000][1][gc,heap      ] GC(17) CMS: 56596K->61098K(349568K)
[2020-04-26T16:03:56.700+0000][1][gc,metaspace ] GC(17) Metaspace: 83293K->83293K(1126400K)
[2020-04-26T16:03:56.700+0000][1][gc           ] GC(17) Pause Young (Allocation Failure) 204M->76M(494M) 12.224ms
[2020-04-26T16:03:56.700+0000][1][gc,cpu       ] GC(17) User=0.11s Sys=0.00s Real=0.01s
[2020-04-26T16:03:56.700+0000][1][safepoint    ] Safepoint "GenCollectForAllocation", Time since last: 24914100 ns, Reaching safepoint: 84500 ns, At safepoint: 12350200 ns, Total: 12434700 ns
[2020-04-26T16:03:56.713+0000][1][safepoint    ] Safepoint "RevokeBias", Time since last: 13087000 ns, Reaching safepoint: 162000 ns, At safepoint: 113300 ns, Total: 275300 ns
[2020-04-26T16:03:56.718+0000][1][safepoint    ] Safepoint "RevokeBias", Time since last: 4320500 ns, Reaching safepoint: 188100 ns, At safepoint: 135800 ns, Total: 323900 ns
[2020-04-26T16:03:56.719+0000][1][safepoint    ] Safepoint "RevokeBias", Time since last: 267400 ns, Reaching safepoint: 377200 ns, At safepoint: 141200 ns, Total: 518400 ns
[2020-04-26T16:03:56.719+0000][1][safepoint    ] Safepoint "RevokeBias", Time since last: 159800 ns, Reaching safepoint: 159900 ns, At safepoint: 140600 ns, Total: 300500 ns
[2020-04-26T16:03:56.722+0000][1][safepoint    ] Safepoint "RevokeBias", Time since last: 2521100 ns, Reaching safepoint: 201200 ns, At safepoint: 150900 ns, Total: 352100 ns
[2020-04-26T16:03:56.723+0000][1][safepoint    ] Safepoint "RevokeBias", Time since last: 505900 ns, Reaching safepoint: 182000 ns, At safepoint: 103000 ns, Total: 285000 ns
[2020-04-26T16:03:56.724+0000][1][safepoint    ] Safepoint "RevokeBias", Time since last: 258100 ns, Reaching safepoint: 146800 ns, At safepoint: 163500 ns, Total: 310300 ns
[2020-04-26T16:03:56.732+0000][1][safepoint    ] Safepoint "RevokeBias", Time since last: 7706500 ns, Reaching safepoint: 264900 ns, At safepoint: 142400 ns, Total: 407300 ns
[2020-04-26T16:03:56.733+0000][1][safepoint    ] Safepoint "RevokeBias", Time since last: 1267500 ns, Reaching safepoint: 155900 ns, At safepoint: 89700 ns, Total: 245600 ns
[2020-04-26T16:03:56.746+0000][1][safepoint    ] Safepoint "RevokeBias", Time since last: 12730300 ns, Reaching safepoint: 208900 ns, At safepoint: 112200 ns, Total: 321100 ns
[2020-04-26T16:03:56.749+0000][1][safepoint    ] Safepoint "RevokeBias", Time since last: 1994400 ns, Reaching safepoint: 176100 ns, At safepoint: 121000 ns, Total: 297100 ns
[2020-04-26T16:03:56.750+0000][1][safepoint    ] Safepoint "RevokeBias", Time since last: 1253400 ns, Reaching safepoint: 164700 ns, At safepoint: 99400 ns, Total: 264100 ns
[2020-04-26T16:03:56.755+0000][1][safepoint    ] Safepoint "RevokeBias", Time since last: 4333300 ns, Reaching safepoint: 61200 ns, At safepoint: 51000 ns, Total: 112200 ns
[2020-04-26T16:03:56.762+0000][1][safepoint    ] Safepoint "RevokeBias", Time since last: 7342600 ns, Reaching safepoint: 171400 ns, At safepoint: 173200 ns, Total: 344600 ns
[2020-04-26T16:03:56.763+0000][1][safepoint    ] Safepoint "RevokeBias", Time since last: 97700 ns, Reaching safepoint: 331100 ns, At safepoint: 164600 ns, Total: 495700 ns
[2020-04-26T16:03:56.763+0000][1][safepoint    ] Safepoint "RevokeBias", Time since last: 226300 ns, Reaching safepoint: 180500 ns, At safepoint: 150700 ns, Total: 331200 ns
[2020-04-26T16:03:56.766+0000][1][safepoint    ] Safepoint "RevokeBias", Time since last: 2712500 ns, Reaching safepoint: 93400 ns, At safepoint: 115300 ns, Total: 208700 ns
[2020-04-26T16:03:56.768+0000][1][safepoint    ] Safepoint "RevokeBias", Time since last: 1161600 ns, Reaching safepoint: 163100 ns, At safepoint: 119100 ns, Total: 282200 ns
[2020-04-26T16:03:56.806+0000][1][safepoint    ] Safepoint "RevokeBias", Time since last: 38390800 ns, Reaching safepoint: 105500 ns, At safepoint: 70700 ns, Total: 176200 ns
[2020-04-26T16:03:56.928+0000][1][safepoint    ] Safepoint "RevokeBias", Time since last: 121826500 ns, Reaching safepoint: 115600 ns, At safepoint: 121100 ns, Total: 236700 ns
[2020-04-26T16:03:56.940+0000][1][safepoint    ] Safepoint "RevokeBias", Time since last: 11181000 ns, Reaching safepoint: 183600 ns, At safepoint: 69200 ns, Total: 252800 ns
[2020-04-26T16:03:56.942+0000][1][safepoint    ] Safepoint "RevokeBias", Time since last: 2044000 ns, Reaching safepoint: 165500 ns, At safepoint: 104300 ns, Total: 269800 ns
[2020-04-26T16:03:56.943+0000][1][safepoint    ] Safepoint "RevokeBias", Time since last: 170400 ns, Reaching safepoint: 142700 ns, At safepoint: 134900 ns, Total: 277600 ns
[2020-04-26T16:03:56.953+0000][1][safepoint    ] Safepoint "RevokeBias", Time since last: 10486600 ns, Reaching safepoint: 81100 ns, At safepoint: 131500 ns, Total: 212600 ns
[2020-04-26T16:03:56.954+0000][1][safepoint    ] Safepoint "RevokeBias", Time since last: 154100 ns, Reaching safepoint: 62800 ns, At safepoint: 123200 ns, Total: 186000 ns
[2020-04-26T16:03:56.969+0000][1][safepoint    ] Safepoint "RevokeBias", Time since last: 15359800 ns, Reaching safepoint: 198400 ns, At safepoint: 123600 ns, Total: 322000 ns
[2020-04-26T16:03:56.983+0000][1][safepoint    ] Safepoint "RevokeBias", Time since last: 12923800 ns, Reaching safepoint: 207600 ns, At safepoint: 166600 ns, Total: 374200 ns
[2020-04-26T16:03:56.983+0000][1][safepoint    ] Safepoint "RevokeBias", Time since last: 464900 ns, Reaching safepoint: 164200 ns, At safepoint: 108700 ns, Total: 272900 ns
[2020-04-26T16:03:57.029+0000][1][safepoint    ] Safepoint "RevokeBias", Time since last: 45129500 ns, Reaching safepoint: 115200 ns, At safepoint: 61100 ns, Total: 176300 ns
[2020-04-26T16:03:57.029+0000][1][safepoint    ] Safepoint "RevokeBias", Time since last: 154200 ns, Reaching safepoint: 58100 ns, At safepoint: 45400 ns, Total: 103500 ns
[2020-04-26T16:03:57.030+0000][1][safepoint    ] Safepoint "RevokeBias", Time since last: 1061400 ns, Reaching safepoint: 191300 ns, At safepoint: 161900 ns, Total: 353200 ns
[2020-04-26T16:03:57.031+0000][1][safepoint    ] Safepoint "RevokeBias", Time since last: 123000 ns, Reaching safepoint: 73600 ns, At safepoint: 48800 ns, Total: 122400 ns
[2020-04-26T16:03:57.031+0000][1][safepoint    ] Safepoint "RevokeBias", Time since last: 275600 ns, Reaching safepoint: 109800 ns, At safepoint: 46700 ns, Total: 156500 ns
[2020-04-26T16:03:57.031+0000][1][safepoint    ] Safepoint "RevokeBias", Time since last: 122100 ns, Reaching safepoint: 56100 ns, At safepoint: 48600 ns, Total: 104700 ns
[2020-04-26T16:03:57.032+0000][1][safepoint    ] Safepoint "RevokeBias", Time since last: 803800 ns, Reaching safepoint: 171400 ns, At safepoint: 74400 ns, Total: 245800 ns
[2020-04-26T16:03:57.468+0000][1][safepoint    ] Safepoint "RevokeBias", Time since last: 435493100 ns, Reaching safepoint: 75700 ns, At safepoint: 39200 ns, Total: 114900 ns
[2020-04-26T16:03:57.469+0000][1][safepoint    ] Safepoint "RevokeBias", Time since last: 663600 ns, Reaching safepoint: 44200 ns, At safepoint: 31900 ns, Total: 76100 ns
[2020-04-26T16:03:57.469+0000][1][safepoint    ] Safepoint "RevokeBias", Time since last: 171500 ns, Reaching safepoint: 25300 ns, At safepoint: 31300 ns, Total: 56600 ns
[2020-04-26T16:03:57.511+0000][1][safepoint    ] Safepoint "RevokeBias", Time since last: 41797700 ns, Reaching safepoint: 61200 ns, At safepoint: 36900 ns, Total: 98100 ns
[2020-04-26T16:03:57.511+0000][1][safepoint    ] Safepoint "RevokeBias", Time since last: 161700 ns, Reaching safepoint: 35500 ns, At safepoint: 32600 ns, Total: 68100 ns
[2020-04-26T16:03:57.511+0000][1][safepoint    ] Safepoint "RevokeBias", Time since last: 121900 ns, Reaching safepoint: 25500 ns, At safepoint: 30200 ns, Total: 55700 ns
[2020-04-26T16:03:57.511+0000][1][safepoint    ] Safepoint "RevokeBias", Time since last: 129000 ns, Reaching safepoint: 25600 ns, At safepoint: 30000 ns, Total: 55600 ns
[2020-04-26T16:03:57.512+0000][1][safepoint    ] Safepoint "RevokeBias", Time since last: 133700 ns, Reaching safepoint: 25500 ns, At safepoint: 30200 ns, Total: 55700 ns
[2020-04-26T16:03:57.530+0000][1][safepoint    ] Safepoint "RevokeBias", Time since last: 18605100 ns, Reaching safepoint: 59200 ns, At safepoint: 36600 ns, Total: 95800 ns
[2020-04-26T16:03:57.530+0000][1][safepoint    ] Safepoint "RevokeBias", Time since last: 209000 ns, Reaching safepoint: 34200 ns, At safepoint: 32000 ns, Total: 66200 ns
[2020-04-26T16:03:57.531+0000][1][safepoint    ] Safepoint "RevokeBias", Time since last: 171900 ns, Reaching safepoint: 25100 ns, At safepoint: 30200 ns, Total: 55300 ns
[2020-04-26T16:03:57.531+0000][1][safepoint    ] Safepoint "RevokeBias", Time since last: 157600 ns, Reaching safepoint: 25200 ns, At safepoint: 29900 ns, Total: 55100 ns
[2020-04-26T16:03:57.531+0000][1][safepoint    ] Safepoint "RevokeBias", Time since last: 157700 ns, Reaching safepoint: 25100 ns, At safepoint: 29900 ns, Total: 55000 ns
[2020-04-26T16:03:57.531+0000][1][safepoint    ] Safepoint "RevokeBias", Time since last: 168200 ns, Reaching safepoint: 25300 ns, At safepoint: 29900 ns, Total: 55200 ns
[2020-04-26T16:03:57.532+0000][1][safepoint    ] Safepoint "RevokeBias", Time since last: 157400 ns, Reaching safepoint: 25200 ns, At safepoint: 29700 ns, Total: 54900 ns
[2020-04-26T16:03:57.532+0000][1][safepoint    ] Safepoint "RevokeBias", Time since last: 158900 ns, Reaching safepoint: 25200 ns, At safepoint: 29900 ns, Total: 55100 ns
[2020-04-26T16:03:57.532+0000][1][safepoint    ] Safepoint "RevokeBias", Time since last: 157700 ns, Reaching safepoint: 25200 ns, At safepoint: 29900 ns, Total: 55100 ns
[2020-04-26T16:03:57.532+0000][1][safepoint    ] Safepoint "RevokeBias", Time since last: 156400 ns, Reaching safepoint: 25300 ns, At safepoint: 35900 ns, Total: 61200 ns
[2020-04-26T16:03:57.532+0000][1][safepoint    ] Safepoint "RevokeBias", Time since last: 157000 ns, Reaching safepoint: 25500 ns, At safepoint: 30000 ns, Total: 55500 ns
[2020-04-26T16:03:57.583+0000][1][safepoint    ] Safepoint "RevokeBias", Time since last: 50865800 ns, Reaching safepoint: 57400 ns, At safepoint: 36700 ns, Total: 94100 ns
[2020-04-26T16:03:57.584+0000][1][safepoint    ] Safepoint "RevokeBias", Time since last: 211200 ns, Reaching safepoint: 33100 ns, At safepoint: 32200 ns, Total: 65300 ns
[2020-04-26T16:03:57.584+0000][1][safepoint    ] Safepoint "RevokeBias", Time since last: 168500 ns, Reaching safepoint: 25100 ns, At safepoint: 31200 ns, Total: 56300 ns
[2020-04-26T16:03:57.913+0000][1][safepoint    ] Safepoint "RevokeBias", Time since last: 328963500 ns, Reaching safepoint: 60100 ns, At safepoint: 34900 ns, Total: 95000 ns
[2020-04-26T16:03:57.913+0000][1][safepoint    ] Safepoint "RevokeBias", Time since last: 203200 ns, Reaching safepoint: 43300 ns, At safepoint: 31300 ns, Total: 74600 ns
[2020-04-26T16:03:57.913+0000][1][safepoint    ] Safepoint "RevokeBias", Time since last: 174900 ns, Reaching safepoint: 24600 ns, At safepoint: 29900 ns, Total: 54500 ns
[2020-04-26T16:03:57.926+0000][1][safepoint    ] Safepoint "RevokeBias", Time since last: 12860400 ns, Reaching safepoint: 67200 ns, At safepoint: 36900 ns, Total: 104100 ns
[2020-04-26T16:03:57.927+0000][1][safepoint    ] Safepoint "RevokeBias", Time since last: 222600 ns, Reaching safepoint: 40000 ns, At safepoint: 31100 ns, Total: 71100 ns
[2020-04-26T16:03:57.927+0000][1][safepoint    ] Safepoint "RevokeBias", Time since last: 202400 ns, Reaching safepoint: 24500 ns, At safepoint: 30100 ns, Total: 54600 ns
[2020-04-26T16:03:57.927+0000][1][safepoint    ] Safepoint "RevokeBias", Time since last: 221800 ns, Reaching safepoint: 24700 ns, At safepoint: 29600 ns, Total: 54300 ns
[2020-04-26T16:03:58.928+0000][1][safepoint    ] Safepoint "Cleanup", Time since last: 1000166600 ns, Reaching safepoint: 65700 ns, At safepoint: 44000 ns, Total: 109700 ns
[2020-04-26T16:03:59.928+0000][1][safepoint    ] Safepoint "Cleanup", Time since last: 1000148200 ns, Reaching safepoint: 73400 ns, At safepoint: 28700 ns, Total: 102100 ns
[2020-04-26T16:04:00.928+0000][1][safepoint    ] Safepoint "Cleanup", Time since last: 1000115400 ns, Reaching safepoint: 72300 ns, At safepoint: 28100 ns, Total: 100400 ns
[2020-04-26T16:04:01.521+0000][1][safepoint    ] Safepoint "RevokeBias", Time since last: 592403500 ns, Reaching safepoint: 65800 ns, At safepoint: 47100 ns, Total: 112900 ns
[2020-04-26T16:04:01.521+0000][1][safepoint    ] Safepoint "RevokeBias", Time since last: 169800 ns, Reaching safepoint: 57000 ns, At safepoint: 53300 ns, Total: 110300 ns
[2020-04-26T16:04:01.521+0000][1][safepoint    ] Safepoint "RevokeBias", Time since last: 106500 ns, Reaching safepoint: 32200 ns, At safepoint: 48200 ns, Total: 80400 ns
[2020-04-26T16:04:01.521+0000][1][safepoint    ] Safepoint "RevokeBias", Time since last: 117200 ns, Reaching safepoint: 218300 ns, At safepoint: 89000 ns, Total: 307300 ns
[2020-04-26T16:04:01.522+0000][1][safepoint    ] Safepoint "RevokeBias", Time since last: 173300 ns, Reaching safepoint: 96900 ns, At safepoint: 94700 ns, Total: 191600 ns
[2020-04-26T16:04:01.522+0000][1][safepoint    ] Safepoint "RevokeBias", Time since last: 312600 ns, Reaching safepoint: 223900 ns, At safepoint: 108400 ns, Total: 332300 ns
[2020-04-26T16:04:02.523+0000][1][safepoint    ] Safepoint "Cleanup", Time since last: 1000327300 ns, Reaching safepoint: 83500 ns, At safepoint: 39000 ns, Total: 122500 ns
[2020-04-26T16:04:03.523+0000][1][safepoint    ] Safepoint "Cleanup", Time since last: 1000218300 ns, Reaching safepoint: 181500 ns, At safepoint: 47700 ns, Total: 229200 ns
[2020-04-26T16:04:04.524+0000][1][safepoint    ] Safepoint "Cleanup", Time since last: 1000306300 ns, Reaching safepoint: 95800 ns, At safepoint: 42200 ns, Total: 138000 ns
[2020-04-26T16:04:05.524+0000][1][safepoint    ] Safepoint "Cleanup", Time since last: 1000162400 ns, Reaching safepoint: 86100 ns, At safepoint: 30900 ns, Total: 117000 ns
[2020-04-26T16:04:06.524+0000][1][safepoint    ] Safepoint "Cleanup", Time since last: 1000204700 ns, Reaching safepoint: 73500 ns, At safepoint: 31500 ns, Total: 105000 ns
[2020-04-26T16:04:07.525+0000][1][safepoint    ] Safepoint "Cleanup", Time since last: 1000116700 ns, Reaching safepoint: 60400 ns, At safepoint: 48400 ns, Total: 108800 ns
[2020-04-26T16:04:08.525+0000][1][safepoint    ] Safepoint "Cleanup", Time since last: 1000125100 ns, Reaching safepoint: 75800 ns, At safepoint: 31000 ns, Total: 106800 ns
[2020-04-26T16:04:09.525+0000][1][safepoint    ] Safepoint "Cleanup", Time since last: 1000232500 ns, Reaching safepoint: 69300 ns, At safepoint: 29200 ns, Total: 98500 ns
[2020-04-26T16:04:10.525+0000][1][safepoint    ] Safepoint "Cleanup", Time since last: 1000166100 ns, Reaching safepoint: 76600 ns, At safepoint: 32800 ns, Total: 109400 ns
[2020-04-26T16:04:11.526+0000][1][safepoint    ] Safepoint "Cleanup", Time since last: 1000175300 ns, Reaching safepoint: 66900 ns, At safepoint: 27900 ns, Total: 94800 ns
[2020-04-26T16:04:12.526+0000][1][safepoint    ] Safepoint "Cleanup", Time since last: 1000147200 ns, Reaching safepoint: 67300 ns, At safepoint: 28200 ns, Total: 95500 ns
[2020-04-26T16:04:13.526+0000][1][safepoint    ] Safepoint "Cleanup", Time since last: 1000228300 ns, Reaching safepoint: 202000 ns, At safepoint: 107000 ns, Total: 309000 ns
[2020-04-26T16:04:14.527+0000][1][safepoint    ] Safepoint "Cleanup", Time since last: 1000301800 ns, Reaching safepoint: 84700 ns, At safepoint: 27100 ns, Total: 111800 ns
[2020-04-26T16:04:14.773+0000][1][safepoint    ] Safepoint "RevokeBias", Time since last: 245053800 ns, Reaching safepoint: 465400 ns, At safepoint: 135400 ns, Total: 600800 ns
[2020-04-26T16:04:14.773+0000][1][safepoint    ] Safepoint "RevokeBias", Time since last: 107400 ns, Reaching safepoint: 126200 ns, At safepoint: 104300 ns, Total: 230500 ns
[2020-04-26T16:04:14.774+0000][1][safepoint    ] Safepoint "RevokeBias", Time since last: 674700 ns, Reaching safepoint: 190600 ns, At safepoint: 44700 ns, Total: 235300 ns
[2020-04-26T16:04:14.777+0000][1][safepoint    ] Safepoint "RevokeBias", Time since last: 2567400 ns, Reaching safepoint: 127000 ns, At safepoint: 80600 ns, Total: 207600 ns
[2020-04-26T16:04:14.777+0000][1][safepoint    ] Safepoint "RevokeBias", Time since last: 457800 ns, Reaching safepoint: 120700 ns, At safepoint: 38600 ns, Total: 159300 ns
[2020-04-26T16:04:14.787+0000][1][safepoint    ] Safepoint "RevokeBias", Time since last: 9700300 ns, Reaching safepoint: 196800 ns, At safepoint: 133500 ns, Total: 330300 ns
[2020-04-26T16:04:14.797+0000][1][safepoint    ] Safepoint "Deoptimize", Time since last: 9601400 ns, Reaching safepoint: 55800 ns, At safepoint: 428000 ns, Total: 483800 ns
[2020-04-26T16:04:14.799+0000][1][safepoint    ] Safepoint "RevokeBias", Time since last: 1805000 ns, Reaching safepoint: 42800 ns, At safepoint: 55600 ns, Total: 98400 ns
[2020-04-26T16:04:14.799+0000][1][safepoint    ] Safepoint "RevokeBias", Time since last: 170800 ns, Reaching safepoint: 36300 ns, At safepoint: 50800 ns, Total: 87100 ns
[2020-04-26T16:04:14.802+0000][1][safepoint    ] Safepoint "RevokeBias", Time since last: 1845100 ns, Reaching safepoint: 172700 ns, At safepoint: 86300 ns, Total: 259000 ns
[2020-04-26T16:04:14.804+0000][1][safepoint    ] Safepoint "RevokeBias", Time since last: 2017400 ns, Reaching safepoint: 245900 ns, At safepoint: 124100 ns, Total: 370000 ns
[2020-04-26T16:04:14.804+0000][1][safepoint    ] Safepoint "RevokeBias", Time since last: 196200 ns, Reaching safepoint: 68400 ns, At safepoint: 120400 ns, Total: 188800 ns
[2020-04-26T16:04:14.812+0000][1][safepoint    ] Safepoint "RevokeBias", Time since last: 7402200 ns, Reaching safepoint: 62100 ns, At safepoint: 25700 ns, Total: 87800 ns
[2020-04-26T16:04:14.818+0000][1][safepoint    ] Safepoint "Deoptimize", Time since last: 5312500 ns, Reaching safepoint: 271600 ns, At safepoint: 633000 ns, Total: 904600 ns
[2020-04-26T16:04:14.827+0000][1][safepoint    ] Safepoint "RevokeBias", Time since last: 8426600 ns, Reaching safepoint: 383200 ns, At safepoint: 190400 ns, Total: 573600 ns
[2020-04-26T16:04:14.834+0000][1][safepoint    ] Safepoint "RevokeBias", Time since last: 6984700 ns, Reaching safepoint: 181900 ns, At safepoint: 131400 ns, Total: 313300 ns
[2020-04-26T16:04:14.836+0000][1][safepoint    ] Safepoint "RevokeBias", Time since last: 803000 ns, Reaching safepoint: 780400 ns, At safepoint: 133500 ns, Total: 913900 ns
[2020-04-26T16:04:14.837+0000][1][safepoint    ] Safepoint "RevokeBias", Time since last: 257500 ns, Reaching safepoint: 181400 ns, At safepoint: 138600 ns, Total: 320000 ns
[2020-04-26T16:04:14.838+0000][1][safepoint    ] Safepoint "RevokeBias", Time since last: 838900 ns, Reaching safepoint: 280700 ns, At safepoint: 130100 ns, Total: 410800 ns
[2020-04-26T16:04:14.840+0000][1][safepoint    ] Safepoint "RevokeBias", Time since last: 1605600 ns, Reaching safepoint: 168100 ns, At safepoint: 126000 ns, Total: 294100 ns
[2020-04-26T16:04:14.840+0000][1][safepoint    ] Safepoint "RevokeBias", Time since last: 263800 ns, Reaching safepoint: 242300 ns, At safepoint: 140400 ns, Total: 382700 ns
[2020-04-26T16:04:14.841+0000][1][safepoint    ] Safepoint "RevokeBias", Time since last: 187000 ns, Reaching safepoint: 228000 ns, At safepoint: 118000 ns, Total: 346000 ns
[2020-04-26T16:04:14.841+0000][1][safepoint    ] Safepoint "RevokeBias", Time since last: 118200 ns, Reaching safepoint: 197500 ns, At safepoint: 127900 ns, Total: 325400 ns
[2020-04-26T16:04:14.842+0000][1][safepoint    ] Safepoint "RevokeBias", Time since last: 280000 ns, Reaching safepoint: 194100 ns, At safepoint: 126100 ns, Total: 320200 ns
[2020-04-26T16:04:14.842+0000][1][safepoint    ] Safepoint "RevokeBias", Time since last: 108500 ns, Reaching safepoint: 121300 ns, At safepoint: 120700 ns, Total: 242000 ns
[2020-04-26T16:04:14.843+0000][1][safepoint    ] Safepoint "RevokeBias", Time since last: 93700 ns, Reaching safepoint: 96300 ns, At safepoint: 170500 ns, Total: 266800 ns
[2020-04-26T16:04:14.843+0000][1][safepoint    ] Safepoint "RevokeBias", Time since last: 98200 ns, Reaching safepoint: 119400 ns, At safepoint: 131400 ns, Total: 250800 ns
[2020-04-26T16:04:14.844+0000][1][safepoint    ] Safepoint "RevokeBias", Time since last: 208700 ns, Reaching safepoint: 166900 ns, At safepoint: 91900 ns, Total: 258800 ns
[2020-04-26T16:04:14.844+0000][1][safepoint    ] Safepoint "RevokeBias", Time since last: 99000 ns, Reaching safepoint: 64700 ns, At safepoint: 128400 ns, Total: 193100 ns
[2020-04-26T16:04:14.845+0000][1][safepoint    ] Safepoint "RevokeBias", Time since last: 218400 ns, Reaching safepoint: 331200 ns, At safepoint: 179700 ns, Total: 510900 ns
[2020-04-26T16:04:14.845+0000][1][safepoint    ] Safepoint "RevokeBias", Time since last: 250600 ns, Reaching safepoint: 130200 ns, At safepoint: 78600 ns, Total: 208800 ns
[2020-04-26T16:04:14.845+0000][1][safepoint    ] Safepoint "RevokeBias", Time since last: 139400 ns, Reaching safepoint: 120100 ns, At safepoint: 94800 ns, Total: 214900 ns
[2020-04-26T16:04:14.846+0000][1][safepoint    ] Safepoint "RevokeBias", Time since last: 243100 ns, Reaching safepoint: 143500 ns, At safepoint: 67000 ns, Total: 210500 ns
[2020-04-26T16:04:14.846+0000][1][safepoint    ] Safepoint "RevokeBias", Time since last: 131800 ns, Reaching safepoint: 32200 ns, At safepoint: 99300 ns, Total: 131500 ns
[2020-04-26T16:04:14.846+0000][1][safepoint    ] Safepoint "RevokeBias", Time since last: 97800 ns, Reaching safepoint: 113300 ns, At safepoint: 65700 ns, Total: 179000 ns
[2020-04-26T16:04:14.847+0000][1][safepoint    ] Safepoint "RevokeBias", Time since last: 214000 ns, Reaching safepoint: 131100 ns, At safepoint: 66400 ns, Total: 197500 ns
[2020-04-26T16:04:14.848+0000][1][safepoint    ] Safepoint "RevokeBias", Time since last: 294800 ns, Reaching safepoint: 167800 ns, At safepoint: 439300 ns, Total: 607100 ns
[2020-04-26T16:04:14.848+0000][1][safepoint    ] Safepoint "RevokeBias", Time since last: 144300 ns, Reaching safepoint: 190800 ns, At safepoint: 133300 ns, Total: 324100 ns
[2020-04-26T16:04:14.849+0000][1][safepoint    ] Safepoint "RevokeBias", Time since last: 132300 ns, Reaching safepoint: 188800 ns, At safepoint: 108400 ns, Total: 297200 ns
[2020-04-26T16:04:14.849+0000][1][safepoint    ] Safepoint "RevokeBias", Time since last: 144400 ns, Reaching safepoint: 128900 ns, At safepoint: 140600 ns, Total: 269500 ns
[2020-04-26T16:04:14.849+0000][1][safepoint    ] Safepoint "RevokeBias", Time since last: 125300 ns, Reaching safepoint: 128400 ns, At safepoint: 121700 ns, Total: 250100 ns
[2020-04-26T16:04:14.850+0000][1][safepoint    ] Safepoint "RevokeBias", Time since last: 226200 ns, Reaching safepoint: 218100 ns, At safepoint: 119900 ns, Total: 338000 ns
[2020-04-26T16:04:14.850+0000][1][safepoint    ] Safepoint "RevokeBias", Time since last: 283400 ns, Reaching safepoint: 135100 ns, At safepoint: 106700 ns, Total: 241800 ns
[2020-04-26T16:04:14.851+0000][1][safepoint    ] Safepoint "RevokeBias", Time since last: 180300 ns, Reaching safepoint: 129600 ns, At safepoint: 127800 ns, Total: 257400 ns
[2020-04-26T16:04:14.851+0000][1][safepoint    ] Safepoint "RevokeBias", Time since last: 130700 ns, Reaching safepoint: 79300 ns, At safepoint: 130500 ns, Total: 209800 ns
[2020-04-26T16:04:14.852+0000][1][safepoint    ] Safepoint "RevokeBias", Time since last: 114500 ns, Reaching safepoint: 135900 ns, At safepoint: 119100 ns, Total: 255000 ns
[2020-04-26T16:04:14.852+0000][1][safepoint    ] Safepoint "RevokeBias", Time since last: 173400 ns, Reaching safepoint: 390700 ns, At safepoint: 208100 ns, Total: 598800 ns
[2020-04-26T16:04:14.853+0000][1][safepoint    ] Safepoint "RevokeBias", Time since last: 168100 ns, Reaching safepoint: 202100 ns, At safepoint: 109900 ns, Total: 312000 ns
[2020-04-26T16:04:14.853+0000][1][safepoint    ] Safepoint "RevokeBias", Time since last: 104900 ns, Reaching safepoint: 170200 ns, At safepoint: 105700 ns, Total: 275900 ns
[2020-04-26T16:04:14.853+0000][1][safepoint    ] Safepoint "RevokeBias", Time since last: 118900 ns, Reaching safepoint: 57700 ns, At safepoint: 107100 ns, Total: 164800 ns
[2020-04-26T16:04:14.854+0000][1][safepoint    ] Safepoint "RevokeBias", Time since last: 394600 ns, Reaching safepoint: 50600 ns, At safepoint: 100500 ns, Total: 151100 ns
[2020-04-26T16:04:14.854+0000][1][safepoint    ] Safepoint "RevokeBias", Time since last: 100000 ns, Reaching safepoint: 124000 ns, At safepoint: 87900 ns, Total: 211900 ns
[2020-04-26T16:04:14.855+0000][1][safepoint    ] Safepoint "RevokeBias", Time since last: 211400 ns, Reaching safepoint: 36500 ns, At safepoint: 115000 ns, Total: 151500 ns
[2020-04-26T16:04:14.855+0000][1][safepoint    ] Safepoint "RevokeBias", Time since last: 280900 ns, Reaching safepoint: 119100 ns, At safepoint: 138700 ns, Total: 257800 ns
[2020-04-26T16:04:14.856+0000][1][safepoint    ] Safepoint "RevokeBias", Time since last: 242100 ns, Reaching safepoint: 77500 ns, At safepoint: 128600 ns, Total: 206100 ns
[2020-04-26T16:04:14.857+0000][1][safepoint    ] Safepoint "BulkRevokeBias", Time since last: 137500 ns, Reaching safepoint: 144500 ns, At safepoint: 1186700 ns, Total: 1331200 ns
[2020-04-26T16:04:14.858+0000][1][safepoint    ] Safepoint "RevokeBias", Time since last: 411400 ns, Reaching safepoint: 139600 ns, At safepoint: 97100 ns, Total: 236700 ns
[2020-04-26T16:04:14.858+0000][1][safepoint    ] Safepoint "RevokeBias", Time since last: 224900 ns, Reaching safepoint: 123500 ns, At safepoint: 94700 ns, Total: 218200 ns
[2020-04-26T16:04:14.860+0000][1][safepoint    ] Safepoint "RevokeBias", Time since last: 1122400 ns, Reaching safepoint: 137900 ns, At safepoint: 57500 ns, Total: 195400 ns
[2020-04-26T16:04:14.860+0000][1][safepoint    ] Safepoint "RevokeBias", Time since last: 241900 ns, Reaching safepoint: 182000 ns, At safepoint: 138500 ns, Total: 320500 ns
[2020-04-26T16:04:14.861+0000][1][safepoint    ] Safepoint "RevokeBias", Time since last: 334500 ns, Reaching safepoint: 177000 ns, At safepoint: 128500 ns, Total: 305500 ns
[2020-04-26T16:04:14.861+0000][1][safepoint    ] Safepoint "RevokeBias", Time since last: 180700 ns, Reaching safepoint: 134100 ns, At safepoint: 106300 ns, Total: 240400 ns
[2020-04-26T16:04:14.862+0000][1][safepoint    ] Safepoint "RevokeBias", Time since last: 167300 ns, Reaching safepoint: 134000 ns, At safepoint: 76700 ns, Total: 210700 ns
[2020-04-26T16:04:14.862+0000][1][safepoint    ] Safepoint "RevokeBias", Time since last: 264900 ns, Reaching safepoint: 121500 ns, At safepoint: 94200 ns, Total: 215700 ns
[2020-04-26T16:04:14.862+0000][1][safepoint    ] Safepoint "RevokeBias", Time since last: 175900 ns, Reaching safepoint: 62600 ns, At safepoint: 102700 ns, Total: 165300 ns
[2020-04-26T16:04:14.863+0000][1][safepoint    ] Safepoint "RevokeBias", Time since last: 277000 ns, Reaching safepoint: 131400 ns, At safepoint: 76600 ns, Total: 208000 ns
[2020-04-26T16:04:14.863+0000][1][safepoint    ] Safepoint "RevokeBias", Time since last: 224600 ns, Reaching safepoint: 130500 ns, At safepoint: 91400 ns, Total: 221900 ns
[2020-04-26T16:04:14.864+0000][1][safepoint    ] Safepoint "RevokeBias", Time since last: 208700 ns, Reaching safepoint: 155300 ns, At safepoint: 122800 ns, Total: 278100 ns
[2020-04-26T16:04:14.865+0000][1][safepoint    ] Safepoint "BulkRevokeBias", Time since last: 96400 ns, Reaching safepoint: 195500 ns, At safepoint: 814000 ns, Total: 1009500 ns
[2020-04-26T16:04:14.865+0000][1][safepoint    ] Safepoint "RevokeBias", Time since last: 99400 ns, Reaching safepoint: 151700 ns, At safepoint: 66400 ns, Total: 218100 ns
[2020-04-26T16:04:14.866+0000][1][safepoint    ] Safepoint "RevokeBias", Time since last: 286800 ns, Reaching safepoint: 122500 ns, At safepoint: 66500 ns, Total: 189000 ns
[2020-04-26T16:04:14.866+0000][1][safepoint    ] Safepoint "RevokeBias", Time since last: 340000 ns, Reaching safepoint: 170300 ns, At safepoint: 84700 ns, Total: 255000 ns
[2020-04-26T16:04:14.867+0000][1][safepoint    ] Safepoint "RevokeBias", Time since last: 176300 ns, Reaching safepoint: 134900 ns, At safepoint: 87300 ns, Total: 222200 ns
[2020-04-26T16:04:14.867+0000][1][safepoint    ] Safepoint "RevokeBias", Time since last: 58100 ns, Reaching safepoint: 116200 ns, At safepoint: 66000 ns, Total: 182200 ns
[2020-04-26T16:04:14.868+0000][1][safepoint    ] Safepoint "RevokeBias", Time since last: 311800 ns, Reaching safepoint: 187300 ns, At safepoint: 99300 ns, Total: 286600 ns
[2020-04-26T16:04:14.868+0000][1][safepoint    ] Safepoint "RevokeBias", Time since last: 240000 ns, Reaching safepoint: 124800 ns, At safepoint: 43200 ns, Total: 168000 ns
[2020-04-26T16:04:14.869+0000][1][safepoint    ] Safepoint "RevokeBias", Time since last: 383000 ns, Reaching safepoint: 126700 ns, At safepoint: 97500 ns, Total: 224200 ns
[2020-04-26T16:04:14.869+0000][1][safepoint    ] Safepoint "BulkRevokeBias", Time since last: 203800 ns, Reaching safepoint: 133100 ns, At safepoint: 469500 ns, Total: 602600 ns
[2020-04-26T16:04:14.872+0000][1][safepoint    ] Safepoint "RevokeBias", Time since last: 1833200 ns, Reaching safepoint: 222500 ns, At safepoint: 138800 ns, Total: 361300 ns
[2020-04-26T16:04:14.881+0000][1][safepoint    ] Safepoint "RevokeBias", Time since last: 8777400 ns, Reaching safepoint: 173300 ns, At safepoint: 126100 ns, Total: 299400 ns
[2020-04-26T16:04:14.882+0000][1][safepoint    ] Safepoint "RevokeBias", Time since last: 995300 ns, Reaching safepoint: 168400 ns, At safepoint: 95200 ns, Total: 263600 ns
[2020-04-26T16:04:14.883+0000][1][safepoint    ] Safepoint "RevokeBias", Time since last: 742100 ns, Reaching safepoint: 205500 ns, At safepoint: 144500 ns, Total: 350000 ns
[2020-04-26T16:04:14.887+0000][1][safepoint    ] Safepoint "RevokeBias", Time since last: 3366700 ns, Reaching safepoint: 88700 ns, At safepoint: 75300 ns, Total: 164000 ns
[2020-04-26T16:04:14.887+0000][1][safepoint    ] Safepoint "RevokeBias", Time since last: 182900 ns, Reaching safepoint: 199900 ns, At safepoint: 52600 ns, Total: 252500 ns
[2020-04-26T16:04:14.887+0000][1][safepoint    ] Safepoint "RevokeBias", Time since last: 114100 ns, Reaching safepoint: 82700 ns, At safepoint: 69400 ns, Total: 152100 ns
[2020-04-26T16:04:14.888+0000][1][safepoint    ] Safepoint "RevokeBias", Time since last: 158000 ns, Reaching safepoint: 588000 ns, At safepoint: 76500 ns, Total: 664500 ns
[2020-04-26T16:04:14.888+0000][1][safepoint    ] Safepoint "RevokeBias", Time since last: 161300 ns, Reaching safepoint: 142100 ns, At safepoint: 55500 ns, Total: 197600 ns
[2020-04-26T16:04:14.889+0000][1][safepoint    ] Safepoint "RevokeBias", Time since last: 157900 ns, Reaching safepoint: 154200 ns, At safepoint: 50000 ns, Total: 204200 ns
[2020-04-26T16:04:14.889+0000][1][safepoint    ] Safepoint "RevokeBias", Time since last: 131200 ns, Reaching safepoint: 126100 ns, At safepoint: 55000 ns, Total: 181100 ns
[2020-04-26T16:04:14.890+0000][1][safepoint    ] Safepoint "BulkRevokeBias", Time since last: 128200 ns, Reaching safepoint: 129600 ns, At safepoint: 469100 ns, Total: 598700 ns
[2020-04-26T16:04:14.904+0000][1][safepoint    ] Safepoint "RevokeBias", Time since last: 13799200 ns, Reaching safepoint: 228500 ns, At safepoint: 130700 ns, Total: 359200 ns
[2020-04-26T16:04:14.919+0000][1][safepoint    ] Safepoint "RevokeBias", Time since last: 14425800 ns, Reaching safepoint: 235800 ns, At safepoint: 131900 ns, Total: 367700 ns
[2020-04-26T16:04:14.939+0000][1][safepoint    ] Safepoint "RevokeBias", Time since last: 20035300 ns, Reaching safepoint: 206200 ns, At safepoint: 106000 ns, Total: 312200 ns
[2020-04-26T16:04:14.940+0000][1][safepoint    ] Safepoint "RevokeBias", Time since last: 447200 ns, Reaching safepoint: 154400 ns, At safepoint: 63100 ns, Total: 217500 ns
[2020-04-26T16:04:14.940+0000][1][safepoint    ] Safepoint "RevokeBias", Time since last: 130500 ns, Reaching safepoint: 144500 ns, At safepoint: 91700 ns, Total: 236200 ns
[2020-04-26T16:04:14.940+0000][1][safepoint    ] Safepoint "RevokeBias", Time since last: 124300 ns, Reaching safepoint: 140100 ns, At safepoint: 62300 ns, Total: 202400 ns
[2020-04-26T16:04:14.943+0000][1][safepoint    ] Safepoint "RevokeBias", Time since last: 1942800 ns, Reaching safepoint: 214100 ns, At safepoint: 97500 ns, Total: 311600 ns
[2020-04-26T16:04:15.943+0000][1][safepoint    ] Safepoint "Cleanup", Time since last: 1000185700 ns, Reaching safepoint: 117600 ns, At safepoint: 45500 ns, Total: 163100 ns
[2020-04-26T16:04:16.943+0000][1][safepoint    ] Safepoint "Cleanup", Time since last: 1000115600 ns, Reaching safepoint: 70600 ns, At safepoint: 25600 ns, Total: 96200 ns
[2020-04-26T16:04:17.877+0000][1][safepoint    ] Safepoint "RevokeBias", Time since last: 933213700 ns, Reaching safepoint: 156300 ns, At safepoint: 74800 ns, Total: 231100 ns
[2020-04-26T16:04:17.878+0000][1][safepoint    ] Safepoint "RevokeBias", Time since last: 1511900 ns, Reaching safepoint: 73500 ns, At safepoint: 63500 ns, Total: 137000 ns
[2020-04-26T16:04:17.880+0000][1][safepoint    ] Safepoint "RevokeBias", Time since last: 849100 ns, Reaching safepoint: 220900 ns, At safepoint: 73200 ns, Total: 294100 ns
[2020-04-26T16:04:17.880+0000][1][safepoint    ] Safepoint "RevokeBias", Time since last: 214100 ns, Reaching safepoint: 146400 ns, At safepoint: 101000 ns, Total: 247400 ns
[2020-04-26T16:04:17.882+0000][1][safepoint    ] Safepoint "RevokeBias", Time since last: 1352700 ns, Reaching safepoint: 172000 ns, At safepoint: 110200 ns, Total: 282200 ns
[2020-04-26T16:04:17.883+0000][1][safepoint    ] Safepoint "RevokeBias", Time since last: 793000 ns, Reaching safepoint: 801300 ns, At safepoint: 153900 ns, Total: 955200 ns
[2020-04-26T16:04:17.885+0000][1][safepoint    ] Safepoint "BulkRevokeBias", Time since last: 613700 ns, Reaching safepoint: 342800 ns, At safepoint: 402500 ns, Total: 745300 ns
[2020-04-26T16:04:17.891+0000][1][safepoint    ] Safepoint "RevokeBias", Time since last: 5468600 ns, Reaching safepoint: 239600 ns, At safepoint: 110900 ns, Total: 350500 ns
[2020-04-26T16:04:17.892+0000][1][safepoint    ] Safepoint "RevokeBias", Time since last: 873300 ns, Reaching safepoint: 388400 ns, At safepoint: 143000 ns, Total: 531400 ns
[2020-04-26T16:04:17.893+0000][1][safepoint    ] Safepoint "RevokeBias", Time since last: 746800 ns, Reaching safepoint: 225500 ns, At safepoint: 100500 ns, Total: 326000 ns
[2020-04-26T16:04:17.894+0000][1][safepoint    ] Safepoint "RevokeBias", Time since last: 945300 ns, Reaching safepoint: 218300 ns, At safepoint: 92300 ns, Total: 310600 ns
[2020-04-26T16:04:17.912+0000][1][safepoint    ] Safepoint "RevokeBias", Time since last: 17319400 ns, Reaching safepoint: 364400 ns, At safepoint: 140700 ns, Total: 505100 ns
[2020-04-26T16:04:17.914+0000][1][safepoint    ] Safepoint "RevokeBias", Time since last: 1368200 ns, Reaching safepoint: 253500 ns, At safepoint: 162100 ns, Total: 415600 ns
[2020-04-26T16:04:17.919+0000][1][safepoint    ] Safepoint "RevokeBias", Time since last: 5215500 ns, Reaching safepoint: 176400 ns, At safepoint: 64400 ns, Total: 240800 ns
[2020-04-26T16:04:17.940+0000][1][safepoint    ] Safepoint "RevokeBias", Time since last: 20946100 ns, Reaching safepoint: 88700 ns, At safepoint: 50600 ns, Total: 139300 ns
[2020-04-26T16:04:18.941+0000][1][safepoint    ] Safepoint "Cleanup", Time since last: 1000140500 ns, Reaching safepoint: 80600 ns, At safepoint: 27500 ns, Total: 108100 ns
[2020-04-26T16:04:19.941+0000][1][safepoint    ] Safepoint "Cleanup", Time since last: 1000154300 ns, Reaching safepoint: 111900 ns, At safepoint: 36900 ns, Total: 148800 ns
[2020-04-26T16:04:20.138+0000][1][safepoint    ] Safepoint "RevokeBias", Time since last: 195738800 ns, Reaching safepoint: 415900 ns, At safepoint: 364600 ns, Total: 780500 ns
[2020-04-26T16:04:20.158+0000][1][safepoint    ] Safepoint "RevokeBias", Time since last: 20307100 ns, Reaching safepoint: 179100 ns, At safepoint: 131200 ns, Total: 310300 ns
[2020-04-26T16:04:20.166+0000][1][safepoint    ] Safepoint "RevokeBias", Time since last: 6999200 ns, Reaching safepoint: 284100 ns, At safepoint: 180800 ns, Total: 464900 ns
[2020-04-26T16:04:20.176+0000][1][safepoint    ] Safepoint "RevokeBias", Time since last: 10005600 ns, Reaching safepoint: 219200 ns, At safepoint: 131500 ns, Total: 350700 ns
[2020-04-26T16:04:20.177+0000][1][safepoint    ] Safepoint "RevokeBias", Time since last: 407500 ns, Reaching safepoint: 299000 ns, At safepoint: 176400 ns, Total: 475400 ns
[2020-04-26T16:04:20.177+0000][1][safepoint    ] Safepoint "RevokeBias", Time since last: 170200 ns, Reaching safepoint: 254900 ns, At safepoint: 125700 ns, Total: 380600 ns
[2020-04-26T16:04:20.180+0000][1][safepoint    ] Safepoint "RevokeBias", Time since last: 2108900 ns, Reaching safepoint: 190400 ns, At safepoint: 128100 ns, Total: 318500 ns
[2020-04-26T16:04:20.182+0000][1][safepoint    ] Safepoint "RevokeBias", Time since last: 1828400 ns, Reaching safepoint: 341300 ns, At safepoint: 76700 ns, Total: 418000 ns
[2020-04-26T16:04:20.184+0000][1][safepoint    ] Safepoint "RevokeBias", Time since last: 1373300 ns, Reaching safepoint: 254300 ns, At safepoint: 101300 ns, Total: 355600 ns
[2020-04-26T16:04:20.191+0000][1][safepoint    ] Safepoint "RevokeBias", Time since last: 6987900 ns, Reaching safepoint: 179600 ns, At safepoint: 74700 ns, Total: 254300 ns
[2020-04-26T16:04:20.193+0000][1][safepoint    ] Safepoint "RevokeBias", Time since last: 1696400 ns, Reaching safepoint: 167300 ns, At safepoint: 88600 ns, Total: 255900 ns
[2020-04-26T16:04:20.193+0000][1][safepoint    ] Safepoint "RevokeBias", Time since last: 327600 ns, Reaching safepoint: 98000 ns, At safepoint: 56700 ns, Total: 154700 ns
[2020-04-26T16:04:20.194+0000][1][safepoint    ] Safepoint "RevokeBias", Time since last: 121100 ns, Reaching safepoint: 184000 ns, At safepoint: 76600 ns, Total: 260600 ns
[2020-04-26T16:04:20.383+0000][1][safepoint    ] Safepoint "RevokeBias", Time since last: 189408800 ns, Reaching safepoint: 117700 ns, At safepoint: 53700 ns, Total: 171400 ns
[2020-04-26T16:04:21.384+0000][1][safepoint    ] Safepoint "Cleanup", Time since last: 1000193100 ns, Reaching safepoint: 135700 ns, At safepoint: 48900 ns, Total: 184600 ns
[2020-04-26T16:04:22.384+0000][1][safepoint    ] Safepoint "Cleanup", Time since last: 1000228200 ns, Reaching safepoint: 91500 ns, At safepoint: 28600 ns, Total: 120100 ns
[2020-04-26T16:04:22.888+0000][1][safepoint    ] Safepoint "RevokeBias", Time since last: 503882400 ns, Reaching safepoint: 123100 ns, At safepoint: 101200 ns, Total: 224300 ns
[2020-04-26T16:04:23.122+0000][1][safepoint    ] Safepoint "RevokeBias", Time since last: 234097700 ns, Reaching safepoint: 94300 ns, At safepoint: 50400 ns, Total: 144700 ns
[2020-04-26T16:04:23.123+0000][1][safepoint    ] Safepoint "RevokeBias", Time since last: 384000 ns, Reaching safepoint: 69500 ns, At safepoint: 27100 ns, Total: 96600 ns
[2020-04-26T16:04:23.133+0000][1][safepoint    ] Safepoint "RevokeBias", Time since last: 9437000 ns, Reaching safepoint: 143700 ns, At safepoint: 74000 ns, Total: 217700 ns
[2020-04-26T16:04:23.137+0000][1][safepoint    ] Safepoint "RevokeBias", Time since last: 4644000 ns, Reaching safepoint: 95700 ns, At safepoint: 89800 ns, Total: 185500 ns
[2020-04-26T16:04:23.138+0000][1][safepoint    ] Safepoint "RevokeBias", Time since last: 189600 ns, Reaching safepoint: 198000 ns, At safepoint: 51200 ns, Total: 249200 ns
[2020-04-26T16:04:23.138+0000][1][safepoint    ] Safepoint "RevokeBias", Time since last: 200500 ns, Reaching safepoint: 60900 ns, At safepoint: 50300 ns, Total: 111200 ns
[2020-04-26T16:04:23.139+0000][1][safepoint    ] Safepoint "RevokeBias", Time since last: 446000 ns, Reaching safepoint: 75100 ns, At safepoint: 84500 ns, Total: 159600 ns
[2020-04-26T16:04:23.139+0000][1][safepoint    ] Safepoint "RevokeBias", Time since last: 154100 ns, Reaching safepoint: 128900 ns, At safepoint: 82000 ns, Total: 210900 ns
[2020-04-26T16:04:23.140+0000][1][safepoint    ] Safepoint "RevokeBias", Time since last: 154100 ns, Reaching safepoint: 129200 ns, At safepoint: 81900 ns, Total: 211100 ns
[2020-04-26T16:04:23.140+0000][1][safepoint    ] Safepoint "RevokeBias", Time since last: 545800 ns, Reaching safepoint: 66900 ns, At safepoint: 33800 ns, Total: 100700 ns
[2020-04-26T16:04:23.141+0000][1][safepoint    ] Safepoint "RevokeBias", Time since last: 596000 ns, Reaching safepoint: 47800 ns, At safepoint: 101100 ns, Total: 148900 ns
[2020-04-26T16:04:23.141+0000][1][safepoint    ] Safepoint "RevokeBias", Time since last: 389700 ns, Reaching safepoint: 58500 ns, At safepoint: 98000 ns, Total: 156500 ns
[2020-04-26T16:04:23.143+0000][1][safepoint    ] Safepoint "RevokeBias", Time since last: 1054900 ns, Reaching safepoint: 94800 ns, At safepoint: 55400 ns, Total: 150200 ns
[2020-04-26T16:04:23.143+0000][1][safepoint    ] Safepoint "RevokeBias", Time since last: 273100 ns, Reaching safepoint: 205800 ns, At safepoint: 64900 ns, Total: 270700 ns
[2020-04-26T16:04:23.143+0000][1][safepoint    ] Safepoint "RevokeBias", Time since last: 154200 ns, Reaching safepoint: 52400 ns, At safepoint: 52600 ns, Total: 105000 ns
[2020-04-26T16:04:23.144+0000][1][safepoint    ] Safepoint "RevokeBias", Time since last: 134000 ns, Reaching safepoint: 52000 ns, At safepoint: 53300 ns, Total: 105300 ns
[2020-04-26T16:04:23.144+0000][1][safepoint    ] Safepoint "RevokeBias", Time since last: 151100 ns, Reaching safepoint: 145100 ns, At safepoint: 81200 ns, Total: 226300 ns
[2020-04-26T16:04:23.145+0000][1][safepoint    ] Safepoint "RevokeBias", Time since last: 863900 ns, Reaching safepoint: 62300 ns, At safepoint: 61100 ns, Total: 123400 ns
[2020-04-26T16:04:23.146+0000][1][safepoint    ] Safepoint "RevokeBias", Time since last: 693100 ns, Reaching safepoint: 180800 ns, At safepoint: 78900 ns, Total: 259700 ns
[2020-04-26T16:04:23.146+0000][1][safepoint    ] Safepoint "RevokeBias", Time since last: 141600 ns, Reaching safepoint: 42700 ns, At safepoint: 46100 ns, Total: 88800 ns
[2020-04-26T16:04:23.147+0000][1][safepoint    ] Safepoint "RevokeBias", Time since last: 159000 ns, Reaching safepoint: 57700 ns, At safepoint: 86600 ns, Total: 144300 ns
[2020-04-26T16:04:23.147+0000][1][safepoint    ] Safepoint "RevokeBias", Time since last: 142300 ns, Reaching safepoint: 125700 ns, At safepoint: 93300 ns, Total: 219000 ns
[2020-04-26T16:04:23.147+0000][1][safepoint    ] Safepoint "RevokeBias", Time since last: 140700 ns, Reaching safepoint: 56400 ns, At safepoint: 80200 ns, Total: 136600 ns
[2020-04-26T16:04:23.148+0000][1][safepoint    ] Safepoint "RevokeBias", Time since last: 144700 ns, Reaching safepoint: 125400 ns, At safepoint: 92600 ns, Total: 218000 ns
[2020-04-26T16:04:23.148+0000][1][safepoint    ] Safepoint "RevokeBias", Time since last: 385800 ns, Reaching safepoint: 58000 ns, At safepoint: 92400 ns, Total: 150400 ns
[2020-04-26T16:04:23.148+0000][1][safepoint    ] Safepoint "RevokeBias", Time since last: 177400 ns, Reaching safepoint: 42900 ns, At safepoint: 72700 ns, Total: 115600 ns
[2020-04-26T16:04:23.149+0000][1][safepoint    ] Safepoint "RevokeBias", Time since last: 144600 ns, Reaching safepoint: 53700 ns, At safepoint: 46700 ns, Total: 100400 ns
[2020-04-26T16:04:23.149+0000][1][safepoint    ] Safepoint "RevokeBias", Time since last: 173900 ns, Reaching safepoint: 55600 ns, At safepoint: 45700 ns, Total: 101300 ns
[2020-04-26T16:04:23.149+0000][1][safepoint    ] Safepoint "RevokeBias", Time since last: 250400 ns, Reaching safepoint: 56100 ns, At safepoint: 46100 ns, Total: 102200 ns
[2020-04-26T16:04:23.150+0000][1][safepoint    ] Safepoint "RevokeBias", Time since last: 163700 ns, Reaching safepoint: 55600 ns, At safepoint: 45100 ns, Total: 100700 ns
[2020-04-26T16:04:23.150+0000][1][safepoint    ] Safepoint "RevokeBias", Time since last: 244500 ns, Reaching safepoint: 74300 ns, At safepoint: 42500 ns, Total: 116800 ns
[2020-04-26T16:04:23.151+0000][1][safepoint    ] Safepoint "RevokeBias", Time since last: 421300 ns, Reaching safepoint: 131100 ns, At safepoint: 46100 ns, Total: 177200 ns
[2020-04-26T16:04:23.151+0000][1][safepoint    ] Safepoint "RevokeBias", Time since last: 167100 ns, Reaching safepoint: 59200 ns, At safepoint: 66600 ns, Total: 125800 ns
[2020-04-26T16:04:23.153+0000][1][safepoint    ] Safepoint "BulkRevokeBias", Time since last: 1238300 ns, Reaching safepoint: 160500 ns, At safepoint: 507600 ns, Total: 668100 ns
[2020-04-26T16:04:23.156+0000][1][safepoint    ] Safepoint "RevokeBias", Time since last: 3498700 ns, Reaching safepoint: 69700 ns, At safepoint: 63700 ns, Total: 133400 ns
[2020-04-26T16:04:23.174+0000][1][safepoint    ] Safepoint "RevokeBias", Time since last: 18009600 ns, Reaching safepoint: 91300 ns, At safepoint: 50100 ns, Total: 141400 ns
[2020-04-26T16:04:23.175+0000][1][safepoint    ] Safepoint "RevokeBias", Time since last: 212700 ns, Reaching safepoint: 57200 ns, At safepoint: 31900 ns, Total: 89100 ns
[2020-04-26T16:04:23.182+0000][1][safepoint    ] Safepoint "RevokeBias", Time since last: 7503600 ns, Reaching safepoint: 97800 ns, At safepoint: 37700 ns, Total: 135500 ns
[2020-04-26T16:04:24.183+0000][1][safepoint    ] Safepoint "Cleanup", Time since last: 1000594400 ns, Reaching safepoint: 99900 ns, At safepoint: 32100 ns, Total: 132000 ns
[2020-04-26T16:04:25.184+0000][1][safepoint    ] Safepoint "Cleanup", Time since last: 1000556700 ns, Reaching safepoint: 300100 ns, At safepoint: 135800 ns, Total: 435900 ns
[2020-04-26T16:04:25.386+0000][1][safepoint    ] Safepoint "RevokeBias", Time since last: 201950700 ns, Reaching safepoint: 217400 ns, At safepoint: 94300 ns, Total: 311700 ns
[2020-04-26T16:04:26.124+0000][1][safepoint    ] Safepoint "RevokeBias", Time since last: 737554500 ns, Reaching safepoint: 101300 ns, At safepoint: 54500 ns, Total: 155800 ns
[2020-04-26T16:04:26.469+0000][1][safepoint    ] Safepoint "RevokeBias", Time since last: 344194100 ns, Reaching safepoint: 454900 ns, At safepoint: 283700 ns, Total: 738600 ns
[2020-04-26T16:04:26.470+0000][1][safepoint    ] Safepoint "RevokeBias", Time since last: 174400 ns, Reaching safepoint: 254300 ns, At safepoint: 246200 ns, Total: 500500 ns
[2020-04-26T16:04:26.474+0000][1][safepoint    ] Safepoint "RevokeBias", Time since last: 3942700 ns, Reaching safepoint: 99900 ns, At safepoint: 112500 ns, Total: 212400 ns
[2020-04-26T16:04:26.474+0000][1][safepoint    ] Safepoint "RevokeBias", Time since last: 291000 ns, Reaching safepoint: 89900 ns, At safepoint: 49200 ns, Total: 139100 ns
[2020-04-26T16:04:26.511+0000][1][safepoint    ] Safepoint "RevokeBias", Time since last: 36758800 ns, Reaching safepoint: 97900 ns, At safepoint: 42800 ns, Total: 140700 ns
[2020-04-26T16:04:26.512+0000][1][safepoint    ] Safepoint "RevokeBias", Time since last: 231100 ns, Reaching safepoint: 79700 ns, At safepoint: 46700 ns, Total: 126400 ns
[2020-04-26T16:04:26.530+0000][1][safepoint    ] Safepoint "RevokeBias", Time since last: 18521600 ns, Reaching safepoint: 86700 ns, At safepoint: 37400 ns, Total: 124100 ns
[2020-04-26T16:04:26.531+0000][1][safepoint    ] Safepoint "RevokeBias", Time since last: 203100 ns, Reaching safepoint: 56900 ns, At safepoint: 51500 ns, Total: 108400 ns
[2020-04-26T16:04:26.584+0000][1][safepoint    ] Safepoint "RevokeBias", Time since last: 52944300 ns, Reaching safepoint: 248500 ns, At safepoint: 46200 ns, Total: 294700 ns
[2020-04-26T16:04:26.584+0000][1][safepoint    ] Safepoint "RevokeBias", Time since last: 226500 ns, Reaching safepoint: 66300 ns, At safepoint: 47100 ns, Total: 113400 ns
[2020-04-26T16:04:26.913+0000][1][safepoint    ] Safepoint "RevokeBias", Time since last: 328766000 ns, Reaching safepoint: 223800 ns, At safepoint: 66300 ns, Total: 290100 ns
[2020-04-26T16:04:26.914+0000][1][safepoint    ] Safepoint "RevokeBias", Time since last: 220900 ns, Reaching safepoint: 174900 ns, At safepoint: 51600 ns, Total: 226500 ns
[2020-04-26T16:04:26.926+0000][1][safepoint    ] Safepoint "RevokeBias", Time since last: 12552300 ns, Reaching safepoint: 133300 ns, At safepoint: 43400 ns, Total: 176700 ns
[2020-04-26T16:04:27.444+0000][1][safepoint    ] Safepoint "RevokeBias", Time since last: 517683800 ns, Reaching safepoint: 192600 ns, At safepoint: 73600 ns, Total: 266200 ns
[2020-04-26T16:04:27.445+0000][1][safepoint    ] Safepoint "RevokeBias", Time since last: 722500 ns, Reaching safepoint: 176000 ns, At safepoint: 49500 ns, Total: 225500 ns
[2020-04-26T16:04:27.448+0000][1][safepoint    ] Safepoint "RevokeBias", Time since last: 2836100 ns, Reaching safepoint: 225800 ns, At safepoint: 49200 ns, Total: 275000 ns
[2020-04-26T16:04:27.449+0000][1][safepoint    ] Safepoint "RevokeBias", Time since last: 158600 ns, Reaching safepoint: 147600 ns, At safepoint: 45400 ns, Total: 193000 ns
[2020-04-26T16:04:27.450+0000][1][safepoint    ] Safepoint "RevokeBias", Time since last: 686400 ns, Reaching safepoint: 205500 ns, At safepoint: 76300 ns, Total: 281800 ns
[2020-04-26T16:04:27.451+0000][1][gc,start     ] GC(18) Pause Young (Allocation Failure)
[2020-04-26T16:04:27.451+0000][1][gc,task      ] GC(18) Using 10 workers of 10 for evacuation
[2020-04-26T16:04:27.467+0000][1][gc,age       ] GC(18) Desired survivor size 8945664 bytes, new threshold 2 (max threshold 6)
[2020-04-26T16:04:27.467+0000][1][gc,age       ] GC(18) Age table with threshold 2 (max threshold 6)
[2020-04-26T16:04:27.467+0000][1][gc,age       ] GC(18) - age   1:    4177728 bytes,    4177728 total
[2020-04-26T16:04:27.467+0000][1][gc,age       ] GC(18) - age   2:    7456984 bytes,   11634712 total
[2020-04-26T16:04:27.467+0000][1][gc,heap      ] GC(18) ParNew: 157248K->17472K(157248K)
[2020-04-26T16:04:27.467+0000][1][gc,heap      ] GC(18) CMS: 61098K->69311K(349568K)
[2020-04-26T16:04:27.467+0000][1][gc,metaspace ] GC(18) Metaspace: 89198K->89198K(1132544K)
[2020-04-26T16:04:27.467+0000][1][gc           ] GC(18) Pause Young (Allocation Failure) 213M->84M(494M) 16.597ms
[2020-04-26T16:04:27.467+0000][1][gc,cpu       ] GC(18) User=0.12s Sys=0.01s Real=0.02s
[2020-04-26T16:04:27.467+0000][1][safepoint    ] Safepoint "GenCollectForAllocation", Time since last: 785000 ns, Reaching safepoint: 55500 ns, At safepoint: 16770900 ns, Total: 16826400 ns
[2020-04-26T16:04:27.468+0000][1][safepoint    ] Safepoint "RevokeBias", Time since last: 538800 ns, Reaching safepoint: 267500 ns, At safepoint: 125000 ns, Total: 392500 ns
[2020-04-26T16:04:27.470+0000][1][safepoint    ] Safepoint "RevokeBias", Time since last: 1598200 ns, Reaching safepoint: 151300 ns, At safepoint: 269900 ns, Total: 421200 ns
[2020-04-26T16:04:27.499+0000][1][safepoint    ] Safepoint "Deoptimize", Time since last: 28145900 ns, Reaching safepoint: 106900 ns, At safepoint: 515500 ns, Total: 622400 ns
[2020-04-26T16:04:27.502+0000][1][safepoint    ] Safepoint "RevokeBias", Time since last: 3109900 ns, Reaching safepoint: 105500 ns, At safepoint: 51200 ns, Total: 156700 ns
[2020-04-26T16:04:27.507+0000][1][safepoint    ] Safepoint "RevokeBias", Time since last: 4509300 ns, Reaching safepoint: 105900 ns, At safepoint: 54400 ns, Total: 160300 ns
[2020-04-26T16:04:27.509+0000][1][safepoint    ] Safepoint "RevokeBias", Time since last: 2278900 ns, Reaching safepoint: 175400 ns, At safepoint: 73900 ns, Total: 249300 ns
[2020-04-26T16:04:27.510+0000][1][safepoint    ] Safepoint "RevokeBias", Time since last: 263500 ns, Reaching safepoint: 147600 ns, At safepoint: 69800 ns, Total: 217400 ns
[2020-04-26T16:04:27.511+0000][1][safepoint    ] Safepoint "RevokeBias", Time since last: 834200 ns, Reaching safepoint: 89500 ns, At safepoint: 75500 ns, Total: 165000 ns
[2020-04-26T16:04:27.518+0000][1][safepoint    ] Safepoint "RevokeBias", Time since last: 6637800 ns, Reaching safepoint: 97400 ns, At safepoint: 51800 ns, Total: 149200 ns
[2020-04-26T16:04:27.524+0000][1][safepoint    ] Safepoint "RevokeBias", Time since last: 5522800 ns, Reaching safepoint: 273300 ns, At safepoint: 89400 ns, Total: 362700 ns
[2020-04-26T16:04:27.526+0000][1][safepoint    ] Safepoint "RevokeBias", Time since last: 2128300 ns, Reaching safepoint: 98300 ns, At safepoint: 65200 ns, Total: 163500 ns
[2020-04-26T16:04:27.527+0000][1][safepoint    ] Safepoint "RevokeBias", Time since last: 699200 ns, Reaching safepoint: 87300 ns, At safepoint: 79600 ns, Total: 166900 ns
[2020-04-26T16:04:27.529+0000][1][safepoint    ] Safepoint "RevokeBias", Time since last: 2363000 ns, Reaching safepoint: 230900 ns, At safepoint: 66900 ns, Total: 297800 ns
[2020-04-26T16:04:27.531+0000][1][safepoint    ] Safepoint "BulkRevokeBias", Time since last: 748000 ns, Reaching safepoint: 225800 ns, At safepoint: 467000 ns, Total: 692800 ns
[2020-04-26T16:04:27.541+0000][1][safepoint    ] Safepoint "RevokeBias", Time since last: 10240100 ns, Reaching safepoint: 122600 ns, At safepoint: 52000 ns, Total: 174600 ns
[2020-04-26T16:04:27.542+0000][1][safepoint    ] Safepoint "RevokeBias", Time since last: 734300 ns, Reaching safepoint: 85100 ns, At safepoint: 33900 ns, Total: 119000 ns
[2020-04-26T16:04:27.543+0000][1][safepoint    ] Safepoint "RevokeBias", Time since last: 888900 ns, Reaching safepoint: 71200 ns, At safepoint: 47300 ns, Total: 118500 ns
[2020-04-26T16:04:27.544+0000][1][safepoint    ] Safepoint "RevokeBias", Time since last: 389700 ns, Reaching safepoint: 59700 ns, At safepoint: 32600 ns, Total: 92300 ns
[2020-04-26T16:04:27.544+0000][1][safepoint    ] Safepoint "RevokeBias", Time since last: 493200 ns, Reaching safepoint: 60200 ns, At safepoint: 62600 ns, Total: 122800 ns
[2020-04-26T16:04:27.548+0000][1][safepoint    ] Safepoint "RevokeBias", Time since last: 3722300 ns, Reaching safepoint: 84100 ns, At safepoint: 35700 ns, Total: 119800 ns
[2020-04-26T16:04:27.549+0000][1][safepoint    ] Safepoint "RevokeBias", Time since last: 260200 ns, Reaching safepoint: 240000 ns, At safepoint: 58600 ns, Total: 298600 ns
[2020-04-26T16:04:27.549+0000][1][safepoint    ] Safepoint "RevokeBias", Time since last: 531700 ns, Reaching safepoint: 150400 ns, At safepoint: 71700 ns, Total: 222100 ns
[2020-04-26T16:04:27.551+0000][1][safepoint    ] Safepoint "RevokeBias", Time since last: 960800 ns, Reaching safepoint: 156500 ns, At safepoint: 45700 ns, Total: 202200 ns
[2020-04-26T16:04:27.552+0000][1][safepoint    ] Safepoint "RevokeBias", Time since last: 843300 ns, Reaching safepoint: 129600 ns, At safepoint: 53300 ns, Total: 182900 ns
[2020-04-26T16:04:27.559+0000][1][safepoint    ] Safepoint "RevokeBias", Time since last: 6988300 ns, Reaching safepoint: 104000 ns, At safepoint: 51100 ns, Total: 155100 ns
[2020-04-26T16:04:27.559+0000][1][safepoint    ] Safepoint "RevokeBias", Time since last: 348500 ns, Reaching safepoint: 215100 ns, At safepoint: 77900 ns, Total: 293000 ns
[2020-04-26T16:04:27.560+0000][1][safepoint    ] Safepoint "RevokeBias", Time since last: 231500 ns, Reaching safepoint: 180800 ns, At safepoint: 54500 ns, Total: 235300 ns
[2020-04-26T16:04:27.560+0000][1][safepoint    ] Safepoint "RevokeBias", Time since last: 192600 ns, Reaching safepoint: 58400 ns, At safepoint: 57800 ns, Total: 116200 ns
[2020-04-26T16:04:27.561+0000][1][safepoint    ] Safepoint "Deoptimize", Time since last: 488500 ns, Reaching safepoint: 59000 ns, At safepoint: 497800 ns, Total: 556800 ns
[2020-04-26T16:04:27.564+0000][1][safepoint    ] Safepoint "RevokeBias", Time since last: 2876500 ns, Reaching safepoint: 78200 ns, At safepoint: 49600 ns, Total: 127800 ns
[2020-04-26T16:04:27.565+0000][1][safepoint    ] Safepoint "RevokeBias", Time since last: 233300 ns, Reaching safepoint: 114500 ns, At safepoint: 47500 ns, Total: 162000 ns
[2020-04-26T16:04:27.570+0000][1][safepoint    ] Safepoint "RevokeBias", Time since last: 5669600 ns, Reaching safepoint: 94100 ns, At safepoint: 51500 ns, Total: 145600 ns
[2020-04-26T16:04:27.571+0000][1][safepoint    ] Safepoint "RevokeBias", Time since last: 634300 ns, Reaching safepoint: 74400 ns, At safepoint: 36200 ns, Total: 110600 ns
[2020-04-26T16:04:27.574+0000][1][safepoint    ] Safepoint "RevokeBias", Time since last: 3153100 ns, Reaching safepoint: 75600 ns, At safepoint: 48300 ns, Total: 123900 ns
[2020-04-26T16:04:27.575+0000][1][safepoint    ] Safepoint "RevokeBias", Time since last: 334700 ns, Reaching safepoint: 65900 ns, At safepoint: 32200 ns, Total: 98100 ns
[2020-04-26T16:04:27.576+0000][1][safepoint    ] Safepoint "RevokeBias", Time since last: 764500 ns, Reaching safepoint: 60000 ns, At safepoint: 55700 ns, Total: 115700 ns
[2020-04-26T16:04:28.576+0000][1][safepoint    ] Safepoint "Cleanup", Time since last: 1000280900 ns, Reaching safepoint: 275200 ns, At safepoint: 105400 ns, Total: 380600 ns
[2020-04-26T16:04:28.580+0000][1][safepoint    ] Safepoint "RevokeBias", Time since last: 2904200 ns, Reaching safepoint: 191300 ns, At safepoint: 90100 ns, Total: 281400 ns
[2020-04-26T16:04:28.581+0000][1][safepoint    ] Safepoint "RevokeBias", Time since last: 1347800 ns, Reaching safepoint: 387700 ns, At safepoint: 165400 ns, Total: 553100 ns
[2020-04-26T16:04:28.587+0000][1][safepoint    ] Safepoint "RevokeBias", Time since last: 4797800 ns, Reaching safepoint: 205800 ns, At safepoint: 53900 ns, Total: 259700 ns
[2020-04-26T16:04:28.587+0000][1][safepoint    ] Safepoint "RevokeBias", Time since last: 182500 ns, Reaching safepoint: 117100 ns, At safepoint: 106000 ns, Total: 223100 ns
[2020-04-26T16:04:28.587+0000][1][safepoint    ] Safepoint "RevokeBias", Time since last: 169500 ns, Reaching safepoint: 251800 ns, At safepoint: 108100 ns, Total: 359900 ns
[2020-04-26T16:04:28.588+0000][1][safepoint    ] Safepoint "RevokeBias", Time since last: 190100 ns, Reaching safepoint: 101600 ns, At safepoint: 49700 ns, Total: 151300 ns
[2020-04-26T16:04:28.588+0000][1][safepoint    ] Safepoint "RevokeBias", Time since last: 168300 ns, Reaching safepoint: 94100 ns, At safepoint: 47400 ns, Total: 141500 ns
[2020-04-26T16:04:28.588+0000][1][safepoint    ] Safepoint "RevokeBias", Time since last: 160600 ns, Reaching safepoint: 92800 ns, At safepoint: 47000 ns, Total: 139800 ns
[2020-04-26T16:04:28.589+0000][1][safepoint    ] Safepoint "RevokeBias", Time since last: 173100 ns, Reaching safepoint: 107800 ns, At safepoint: 63400 ns, Total: 171200 ns
[2020-04-26T16:04:28.589+0000][1][safepoint    ] Safepoint "RevokeBias", Time since last: 119000 ns, Reaching safepoint: 71900 ns, At safepoint: 28600 ns, Total: 100500 ns
[2020-04-26T16:04:28.590+0000][1][safepoint    ] Safepoint "RevokeBias", Time since last: 271600 ns, Reaching safepoint: 151100 ns, At safepoint: 104400 ns, Total: 255500 ns
[2020-04-26T16:04:28.603+0000][1][safepoint    ] Safepoint "RevokeBias", Time since last: 13380500 ns, Reaching safepoint: 132000 ns, At safepoint: 64400 ns, Total: 196400 ns
[2020-04-26T16:04:28.604+0000][1][safepoint    ] Safepoint "BulkRevokeBias", Time since last: 186600 ns, Reaching safepoint: 74300 ns, At safepoint: 424900 ns, Total: 499200 ns
[2020-04-26T16:04:28.620+0000][1][safepoint    ] Safepoint "RevokeBias", Time since last: 15761000 ns, Reaching safepoint: 112600 ns, At safepoint: 51800 ns, Total: 164400 ns
[2020-04-26T16:04:28.621+0000][1][safepoint    ] Safepoint "RevokeBias", Time since last: 1029300 ns, Reaching safepoint: 79900 ns, At safepoint: 33600 ns, Total: 113500 ns
[2020-04-26T16:04:28.624+0000][1][safepoint    ] Safepoint "RevokeBias", Time since last: 3267700 ns, Reaching safepoint: 93200 ns, At safepoint: 36700 ns, Total: 129900 ns
[2020-04-26T16:04:28.632+0000][1][safepoint    ] Safepoint "RevokeBias", Time since last: 7624400 ns, Reaching safepoint: 115700 ns, At safepoint: 39800 ns, Total: 155500 ns
[2020-04-26T16:04:28.649+0000][1][safepoint    ] Safepoint "RevokeBias", Time since last: 16760300 ns, Reaching safepoint: 126500 ns, At safepoint: 58500 ns, Total: 185000 ns
[2020-04-26T16:04:28.670+0000][1][safepoint    ] Safepoint "RevokeBias", Time since last: 20566100 ns, Reaching safepoint: 162400 ns, At safepoint: 43800 ns, Total: 206200 ns
[2020-04-26T16:04:28.675+0000][1][safepoint    ] Safepoint "RevokeBias", Time since last: 5537000 ns, Reaching safepoint: 137000 ns, At safepoint: 41400 ns, Total: 178400 ns
[2020-04-26T16:04:28.676+0000][1][safepoint    ] Safepoint "RevokeBias", Time since last: 211800 ns, Reaching safepoint: 84100 ns, At safepoint: 32000 ns, Total: 116100 ns
[2020-04-26T16:04:29.677+0000][1][safepoint    ] Safepoint "Cleanup", Time since last: 1000310600 ns, Reaching safepoint: 464500 ns, At safepoint: 125700 ns, Total: 590200 ns
[2020-04-26T16:04:30.678+0000][1][safepoint    ] Safepoint "Cleanup", Time since last: 1000635900 ns, Reaching safepoint: 167700 ns, At safepoint: 47700 ns, Total: 215400 ns
[2020-04-26T16:04:31.678+0000][1][safepoint    ] Safepoint "Cleanup", Time since last: 1000254100 ns, Reaching safepoint: 169600 ns, At safepoint: 49500 ns, Total: 219100 ns
[2020-04-26T16:04:32.678+0000][1][safepoint    ] Safepoint "Cleanup", Time since last: 1000166300 ns, Reaching safepoint: 262400 ns, At safepoint: 29400 ns, Total: 291800 ns
[2020-04-26T16:04:33.679+0000][1][safepoint    ] Safepoint "Cleanup", Time since last: 1000332600 ns, Reaching safepoint: 351000 ns, At safepoint: 90600 ns, Total: 441600 ns
[2020-04-26T16:04:34.680+0000][1][safepoint    ] Safepoint "Cleanup", Time since last: 1000217500 ns, Reaching safepoint: 130600 ns, At safepoint: 33700 ns, Total: 164300 ns
[2020-04-26T16:04:35.681+0000][1][safepoint    ] Safepoint "Cleanup", Time since last: 1000392500 ns, Reaching safepoint: 395000 ns, At safepoint: 123900 ns, Total: 518900 ns
[2020-04-26T16:04:36.682+0000][1][safepoint    ] Safepoint "Cleanup", Time since last: 1000685400 ns, Reaching safepoint: 395900 ns, At safepoint: 139500 ns, Total: 535400 ns
[2020-04-26T16:04:37.440+0000][1][safepoint    ] Safepoint "RevokeBias", Time since last: 758552700 ns, Reaching safepoint: 115000 ns, At safepoint: 54600 ns, Total: 169600 ns
[2020-04-26T16:04:38.441+0000][1][safepoint    ] Safepoint "Cleanup", Time since last: 1000147500 ns, Reaching safepoint: 131100 ns, At safepoint: 30000 ns, Total: 161100 ns
[2020-04-26T16:04:39.441+0000][1][safepoint    ] Safepoint "Cleanup", Time since last: 1000116500 ns, Reaching safepoint: 122700 ns, At safepoint: 28900 ns, Total: 151600 ns
[2020-04-26T16:04:40.441+0000][1][safepoint    ] Safepoint "Cleanup", Time since last: 1000166100 ns, Reaching safepoint: 129800 ns, At safepoint: 28600 ns, Total: 158400 ns
[2020-04-26T16:04:41.442+0000][1][safepoint    ] Safepoint "Cleanup", Time since last: 1000214800 ns, Reaching safepoint: 132100 ns, At safepoint: 31300 ns, Total: 163400 ns
[2020-04-26T16:04:42.442+0000][1][safepoint    ] Safepoint "Cleanup", Time since last: 1000218400 ns, Reaching safepoint: 130900 ns, At safepoint: 30300 ns, Total: 161200 ns
[2020-04-26T16:04:43.443+0000][1][safepoint    ] Safepoint "Cleanup", Time since last: 1000184800 ns, Reaching safepoint: 330200 ns, At safepoint: 57000 ns, Total: 387200 ns
[2020-04-26T16:04:44.443+0000][1][safepoint    ] Safepoint "Cleanup", Time since last: 1000198600 ns, Reaching safepoint: 133600 ns, At safepoint: 30400 ns, Total: 164000 ns
[2020-04-26T16:04:45.443+0000][1][safepoint    ] Safepoint "Cleanup", Time since last: 1000175800 ns, Reaching safepoint: 128100 ns, At safepoint: 27700 ns, Total: 155800 ns
[2020-04-26T16:04:46.444+0000][1][safepoint    ] Safepoint "Cleanup", Time since last: 1000206100 ns, Reaching safepoint: 264000 ns, At safepoint: 69900 ns, Total: 333900 ns
[2020-04-26T16:04:47.442+0000][1][safepoint    ] Safepoint "RevokeBias", Time since last: 997684300 ns, Reaching safepoint: 254600 ns, At safepoint: 119200 ns, Total: 373800 ns
[2020-04-26T16:04:48.443+0000][1][safepoint    ] Safepoint "Cleanup", Time since last: 1000262800 ns, Reaching safepoint: 176000 ns, At safepoint: 151100 ns, Total: 327100 ns
[2020-04-26T16:04:49.443+0000][1][safepoint    ] Safepoint "Cleanup", Time since last: 1000135600 ns, Reaching safepoint: 123000 ns, At safepoint: 30300 ns, Total: 153300 ns
[2020-04-26T16:04:50.443+0000][1][safepoint    ] Safepoint "Cleanup", Time since last: 1000127000 ns, Reaching safepoint: 164400 ns, At safepoint: 50100 ns, Total: 214500 ns
[2020-04-26T16:04:51.444+0000][1][safepoint    ] Safepoint "Cleanup", Time since last: 1000146100 ns, Reaching safepoint: 120900 ns, At safepoint: 29200 ns, Total: 150100 ns
[2020-04-26T16:04:52.444+0000][1][safepoint    ] Safepoint "Cleanup", Time since last: 1000148500 ns, Reaching safepoint: 118300 ns, At safepoint: 29300 ns, Total: 147600 ns
[2020-04-26T16:04:53.444+0000][1][safepoint    ] Safepoint "Cleanup", Time since last: 1000153500 ns, Reaching safepoint: 158100 ns, At safepoint: 29000 ns, Total: 187100 ns
[2020-04-26T16:04:54.444+0000][1][safepoint    ] Safepoint "Cleanup", Time since last: 1000143500 ns, Reaching safepoint: 128400 ns, At safepoint: 28200 ns, Total: 156600 ns
[2020-04-26T16:04:55.391+0000][1][safepoint    ] Safepoint "RevokeBias", Time since last: 946208000 ns, Reaching safepoint: 220100 ns, At safepoint: 118900 ns, Total: 339000 ns
[2020-04-26T16:04:55.394+0000][1][safepoint    ] Safepoint "RevokeBias", Time since last: 2193200 ns, Reaching safepoint: 253700 ns, At safepoint: 79300 ns, Total: 333000 ns
[2020-04-26T16:04:55.394+0000][1][safepoint    ] Safepoint "RevokeBias", Time since last: 212900 ns, Reaching safepoint: 96800 ns, At safepoint: 42600 ns, Total: 139400 ns
[2020-04-26T16:04:55.394+0000][1][safepoint    ] Safepoint "RevokeBias", Time since last: 185000 ns, Reaching safepoint: 82000 ns, At safepoint: 30800 ns, Total: 112800 ns
[2020-04-26T16:04:55.395+0000][1][safepoint    ] Safepoint "RevokeBias", Time since last: 216000 ns, Reaching safepoint: 74800 ns, At safepoint: 29400 ns, Total: 104200 ns
[2020-04-26T16:04:56.395+0000][1][safepoint    ] Safepoint "Cleanup", Time since last: 1000142000 ns, Reaching safepoint: 146600 ns, At safepoint: 29900 ns, Total: 176500 ns
[2020-04-26T16:04:57.395+0000][1][safepoint    ] Safepoint "Cleanup", Time since last: 1000135900 ns, Reaching safepoint: 128800 ns, At safepoint: 29600 ns, Total: 158400 ns
[2020-04-26T16:04:58.395+0000][1][safepoint    ] Safepoint "Cleanup", Time since last: 1000165700 ns, Reaching safepoint: 142500 ns, At safepoint: 33000 ns, Total: 175500 ns
[2020-04-26T16:04:59.396+0000][1][safepoint    ] Safepoint "Cleanup", Time since last: 1000160900 ns, Reaching safepoint: 128600 ns, At safepoint: 31800 ns, Total: 160400 ns
[2020-04-26T16:05:00.396+0000][1][safepoint    ] Safepoint "Cleanup", Time since last: 1000140900 ns, Reaching safepoint: 141500 ns, At safepoint: 35600 ns, Total: 177100 ns
[2020-04-26T16:05:02.397+0000][1][safepoint    ] Safepoint "Cleanup", Time since last: 2000321800 ns, Reaching safepoint: 131800 ns, At safepoint: 29900 ns, Total: 161700 ns
[2020-04-26T16:05:05.397+0000][1][safepoint    ] Safepoint "Cleanup", Time since last: 3000388600 ns, Reaching safepoint: 228800 ns, At safepoint: 31500 ns, Total: 260300 ns
[2020-04-26T16:05:08.398+0000][1][safepoint    ] Safepoint "Cleanup", Time since last: 3000378400 ns, Reaching safepoint: 141800 ns, At safepoint: 30500 ns, Total: 172300 ns
[2020-04-26T16:05:10.398+0000][1][safepoint    ] Safepoint "Cleanup", Time since last: 2000276800 ns, Reaching safepoint: 162100 ns, At safepoint: 28800 ns, Total: 190900 ns
[2020-04-26T16:05:11.399+0000][1][safepoint    ] Safepoint "Cleanup", Time since last: 1000293300 ns, Reaching safepoint: 371800 ns, At safepoint: 95100 ns, Total: 466900 ns
[2020-04-26T16:05:13.399+0000][1][safepoint    ] Safepoint "Cleanup", Time since last: 2000263400 ns, Reaching safepoint: 120400 ns, At safepoint: 28800 ns, Total: 149200 ns
[2020-04-26T16:05:14.400+0000][1][safepoint    ] Safepoint "Cleanup", Time since last: 1000177300 ns, Reaching safepoint: 143500 ns, At safepoint: 34600 ns, Total: 178100 ns
[2020-04-26T16:05:17.400+0000][1][safepoint    ] Safepoint "Cleanup", Time since last: 3000339300 ns, Reaching safepoint: 180100 ns, At safepoint: 30400 ns, Total: 210500 ns
[2020-04-26T16:05:18.401+0000][1][safepoint    ] Safepoint "Cleanup", Time since last: 1000170800 ns, Reaching safepoint: 137700 ns, At safepoint: 28700 ns, Total: 166400 ns
[2020-04-26T16:05:20.401+0000][1][safepoint    ] Safepoint "Cleanup", Time since last: 2000242600 ns, Reaching safepoint: 120400 ns, At safepoint: 27000 ns, Total: 147400 ns
[2020-04-26T16:05:23.402+0000][1][safepoint    ] Safepoint "Cleanup", Time since last: 3000390200 ns, Reaching safepoint: 142400 ns, At safepoint: 50100 ns, Total: 192500 ns
[2020-04-26T16:05:25.402+0000][1][safepoint    ] Safepoint "Cleanup", Time since last: 2000263300 ns, Reaching safepoint: 123300 ns, At safepoint: 31700 ns, Total: 155000 ns
[2020-04-26T16:05:26.402+0000][1][safepoint    ] Safepoint "Cleanup", Time since last: 1000164900 ns, Reaching safepoint: 134800 ns, At safepoint: 29400 ns, Total: 164200 ns
[2020-04-26T16:05:27.403+0000][1][safepoint    ] Safepoint "Cleanup", Time since last: 1000175800 ns, Reaching safepoint: 129800 ns, At safepoint: 32900 ns, Total: 162700 ns
[2020-04-26T16:05:29.403+0000][1][safepoint    ] Safepoint "Cleanup", Time since last: 2000274600 ns, Reaching safepoint: 161400 ns, At safepoint: 33500 ns, Total: 194900 ns
[2020-04-26T16:05:30.404+0000][1][safepoint    ] Safepoint "Cleanup", Time since last: 1000151400 ns, Reaching safepoint: 217700 ns, At safepoint: 42200 ns, Total: 259900 ns
[2020-04-26T16:05:32.404+0000][1][safepoint    ] Safepoint "Cleanup", Time since last: 2000356000 ns, Reaching safepoint: 123600 ns, At safepoint: 29900 ns, Total: 153500 ns
[2020-04-26T16:05:33.404+0000][1][safepoint    ] Safepoint "Cleanup", Time since last: 1000145300 ns, Reaching safepoint: 121400 ns, At safepoint: 29100 ns, Total: 150500 ns
[2020-04-26T16:05:35.405+0000][1][safepoint    ] Safepoint "Cleanup", Time since last: 2000283500 ns, Reaching safepoint: 118700 ns, At safepoint: 32200 ns, Total: 150900 ns
[2020-04-26T16:05:38.405+0000][1][safepoint    ] Safepoint "Cleanup", Time since last: 3000402900 ns, Reaching safepoint: 132200 ns, At safepoint: 30100 ns, Total: 162300 ns
[2020-04-26T16:05:40.406+0000][1][safepoint    ] Safepoint "Cleanup", Time since last: 2000293300 ns, Reaching safepoint: 202000 ns, At safepoint: 48300 ns, Total: 250300 ns
[2020-04-26T16:05:41.406+0000][1][safepoint    ] Safepoint "Cleanup", Time since last: 1000170600 ns, Reaching safepoint: 142700 ns, At safepoint: 29200 ns, Total: 171900 ns
[2020-04-26T16:05:44.407+0000][1][safepoint    ] Safepoint "Cleanup", Time since last: 3000408100 ns, Reaching safepoint: 123200 ns, At safepoint: 29400 ns, Total: 152600 ns
[2020-04-26T16:05:45.407+0000][1][safepoint    ] Safepoint "Cleanup", Time since last: 1000121400 ns, Reaching safepoint: 126000 ns, At safepoint: 28700 ns, Total: 154700 ns
[2020-04-26T16:05:47.408+0000][1][safepoint    ] Safepoint "Cleanup", Time since last: 2000211500 ns, Reaching safepoint: 120100 ns, At safepoint: 27600 ns, Total: 147700 ns
[2020-04-26T16:05:48.408+0000][1][safepoint    ] Safepoint "Cleanup", Time since last: 1000143700 ns, Reaching safepoint: 129500 ns, At safepoint: 29600 ns, Total: 159100 ns
[2020-04-26T16:05:49.408+0000][1][safepoint    ] Safepoint "Cleanup", Time since last: 1000140700 ns, Reaching safepoint: 120900 ns, At safepoint: 30200 ns, Total: 151100 ns
[2020-04-26T16:05:50.408+0000][1][safepoint    ] Safepoint "Cleanup", Time since last: 1000114700 ns, Reaching safepoint: 126500 ns, At safepoint: 26900 ns, Total: 153400 ns
[2020-04-26T16:05:53.409+0000][1][safepoint    ] Safepoint "Cleanup", Time since last: 3000363200 ns, Reaching safepoint: 259900 ns, At safepoint: 29300 ns, Total: 289200 ns
[2020-04-26T16:05:55.410+0000][1][safepoint    ] Safepoint "Cleanup", Time since last: 2000301600 ns, Reaching safepoint: 249000 ns, At safepoint: 49400 ns, Total: 298400 ns
[2020-04-26T16:05:56.410+0000][1][safepoint    ] Safepoint "Cleanup", Time since last: 1000121700 ns, Reaching safepoint: 124800 ns, At safepoint: 31000 ns, Total: 155800 ns
[2020-04-26T16:05:57.410+0000][1][safepoint    ] Safepoint "Cleanup", Time since last: 1000138700 ns, Reaching safepoint: 122100 ns, At safepoint: 30500 ns, Total: 152600 ns
[2020-04-26T16:05:58.411+0000][1][safepoint    ] Safepoint "Cleanup", Time since last: 1000173900 ns, Reaching safepoint: 123300 ns, At safepoint: 29700 ns, Total: 153000 ns
[2020-04-26T16:05:59.411+0000][1][safepoint    ] Safepoint "Cleanup", Time since last: 1000183000 ns, Reaching safepoint: 157100 ns, At safepoint: 43700 ns, Total: 200800 ns
[2020-04-26T16:06:02.412+0000][1][safepoint    ] Safepoint "Cleanup", Time since last: 3000379700 ns, Reaching safepoint: 215200 ns, At safepoint: 69900 ns, Total: 285100 ns
[2020-04-26T16:06:05.412+0000][1][safepoint    ] Safepoint "Cleanup", Time since last: 3000482800 ns, Reaching safepoint: 124600 ns, At safepoint: 48200 ns, Total: 172800 ns
[2020-04-26T16:06:08.413+0000][1][safepoint    ] Safepoint "Cleanup", Time since last: 3000426600 ns, Reaching safepoint: 194400 ns, At safepoint: 30700 ns, Total: 225100 ns
[2020-04-26T16:06:10.413+0000][1][safepoint    ] Safepoint "Cleanup", Time since last: 2000260800 ns, Reaching safepoint: 125400 ns, At safepoint: 29400 ns, Total: 154800 ns
[2020-04-26T16:06:11.414+0000][1][safepoint    ] Safepoint "Cleanup", Time since last: 1000181600 ns, Reaching safepoint: 124500 ns, At safepoint: 50100 ns, Total: 174600 ns
[2020-04-26T16:06:12.414+0000][1][safepoint    ] Safepoint "Cleanup", Time since last: 1000140600 ns, Reaching safepoint: 121500 ns, At safepoint: 49600 ns, Total: 171100 ns
[2020-04-26T16:06:13.414+0000][1][safepoint    ] Safepoint "Cleanup", Time since last: 1000219300 ns, Reaching safepoint: 129400 ns, At safepoint: 49400 ns, Total: 178800 ns
[2020-04-26T16:06:14.415+0000][1][safepoint    ] Safepoint "Cleanup", Time since last: 1000141100 ns, Reaching safepoint: 122500 ns, At safepoint: 30300 ns, Total: 152800 ns
[2020-04-26T16:06:15.415+0000][1][safepoint    ] Safepoint "Cleanup", Time since last: 1000123500 ns, Reaching safepoint: 124100 ns, At safepoint: 28800 ns, Total: 152900 ns
[2020-04-26T16:06:17.415+0000][1][safepoint    ] Safepoint "Cleanup", Time since last: 2000253000 ns, Reaching safepoint: 124800 ns, At safepoint: 54800 ns, Total: 179600 ns
[2020-04-26T16:06:18.416+0000][1][safepoint    ] Safepoint "Cleanup", Time since last: 1000168000 ns, Reaching safepoint: 127700 ns, At safepoint: 28100 ns, Total: 155800 ns
[2020-04-26T16:06:20.416+0000][1][safepoint    ] Safepoint "Cleanup", Time since last: 2000369800 ns, Reaching safepoint: 129200 ns, At safepoint: 29000 ns, Total: 158200 ns
[2020-04-26T16:06:23.417+0000][1][safepoint    ] Safepoint "Cleanup", Time since last: 3000420300 ns, Reaching safepoint: 121500 ns, At safepoint: 30300 ns, Total: 151800 ns
[2020-04-26T16:06:25.417+0000][1][safepoint    ] Safepoint "Cleanup", Time since last: 2000287400 ns, Reaching safepoint: 251000 ns, At safepoint: 100300 ns, Total: 351300 ns
[2020-04-26T16:06:26.418+0000][1][safepoint    ] Safepoint "Cleanup", Time since last: 1000154900 ns, Reaching safepoint: 124300 ns, At safepoint: 33700 ns, Total: 158000 ns
[2020-04-26T16:06:27.418+0000][1][safepoint    ] Safepoint "Cleanup", Time since last: 1000249100 ns, Reaching safepoint: 244800 ns, At safepoint: 69900 ns, Total: 314700 ns
[2020-04-26T16:06:28.419+0000][1][safepoint    ] Safepoint "Cleanup", Time since last: 1000200100 ns, Reaching safepoint: 126500 ns, At safepoint: 31600 ns, Total: 158100 ns
[2020-04-26T16:06:29.419+0000][1][safepoint    ] Safepoint "Cleanup", Time since last: 1000219000 ns, Reaching safepoint: 130200 ns, At safepoint: 30100 ns, Total: 160300 ns
[2020-04-26T16:06:30.419+0000][1][safepoint    ] Safepoint "Cleanup", Time since last: 1000127300 ns, Reaching safepoint: 122200 ns, At safepoint: 30000 ns, Total: 152200 ns
[2020-04-26T16:06:32.420+0000][1][safepoint    ] Safepoint "Cleanup", Time since last: 2000255500 ns, Reaching safepoint: 187900 ns, At safepoint: 46200 ns, Total: 234100 ns
[2020-04-26T16:06:33.420+0000][1][safepoint    ] Safepoint "Cleanup", Time since last: 1000173500 ns, Reaching safepoint: 209100 ns, At safepoint: 47800 ns, Total: 256900 ns
[2020-04-26T16:06:35.421+0000][1][safepoint    ] Safepoint "Cleanup", Time since last: 2000239600 ns, Reaching safepoint: 152000 ns, At safepoint: 69900 ns, Total: 221900 ns
[2020-04-26T16:06:44.422+0000][1][safepoint    ] Safepoint "Cleanup", Time since last: 9001275500 ns, Reaching safepoint: 170100 ns, At safepoint: 49100 ns, Total: 219200 ns
[2020-04-26T16:06:45.422+0000][1][safepoint    ] Safepoint "Cleanup", Time since last: 1000119600 ns, Reaching safepoint: 135100 ns, At safepoint: 58400 ns, Total: 193500 ns
[2020-04-26T16:06:47.423+0000][1][safepoint    ] Safepoint "Cleanup", Time since last: 2000335600 ns, Reaching safepoint: 133100 ns, At safepoint: 29500 ns, Total: 162600 ns
[2020-04-26T16:06:47.453+0000][1][gc,start     ] GC(19) Pause Young (Allocation Failure)
[2020-04-26T16:06:47.453+0000][1][gc,task      ] GC(19) Using 10 workers of 10 for evacuation
[2020-04-26T16:06:47.465+0000][1][gc,age       ] GC(19) Desired survivor size 8945664 bytes, new threshold 6 (max threshold 6)
[2020-04-26T16:06:47.465+0000][1][gc,age       ] GC(19) Age table with threshold 6 (max threshold 6)
[2020-04-26T16:06:47.465+0000][1][gc,age       ] GC(19) - age   1:    1173176 bytes,    1173176 total
[2020-04-26T16:06:47.465+0000][1][gc,age       ] GC(19) - age   2:    3750464 bytes,    4923640 total
[2020-04-26T16:06:47.466+0000][1][gc,heap      ] GC(19) ParNew: 157248K->11824K(157248K)
[2020-04-26T16:06:47.466+0000][1][gc,heap      ] GC(19) CMS: 69311K->76693K(349568K)
[2020-04-26T16:06:47.466+0000][1][gc,metaspace ] GC(19) Metaspace: 91358K->91358K(1134592K)
[2020-04-26T16:06:47.466+0000][1][gc           ] GC(19) Pause Young (Allocation Failure) 221M->86M(494M) 12.607ms
[2020-04-26T16:06:47.466+0000][1][gc,cpu       ] GC(19) User=0.08s Sys=0.00s Real=0.01s
[2020-04-26T16:06:47.466+0000][1][safepoint    ] Safepoint "GenCollectForAllocation", Time since last: 29738000 ns, Reaching safepoint: 247700 ns, At safepoint: 12748400 ns, Total: 12996100 ns
[2020-04-26T16:06:48.467+0000][1][safepoint    ] Safepoint "Cleanup", Time since last: 1000486000 ns, Reaching safepoint: 418300 ns, At safepoint: 134000 ns, Total: 552300 ns
[2020-04-26T16:06:50.181+0000][1][safepoint    ] Safepoint "RevokeBias", Time since last: 1713782400 ns, Reaching safepoint: 115400 ns, At safepoint: 36900 ns, Total: 152300 ns
[2020-04-26T16:06:51.182+0000][1][safepoint    ] Safepoint "Cleanup", Time since last: 1000373900 ns, Reaching safepoint: 451400 ns, At safepoint: 139500 ns, Total: 590900 ns
[2020-04-26T16:06:52.183+0000][1][safepoint    ] Safepoint "Cleanup", Time since last: 1000335100 ns, Reaching safepoint: 443700 ns, At safepoint: 226800 ns, Total: 670500 ns
[2020-04-26T16:06:54.184+0000][1][safepoint    ] Safepoint "Cleanup", Time since last: 2000844200 ns, Reaching safepoint: 641900 ns, At safepoint: 149800 ns, Total: 791700 ns
[2020-04-26T16:06:56.186+0000][1][safepoint    ] Safepoint "Cleanup", Time since last: 2000696900 ns, Reaching safepoint: 531700 ns, At safepoint: 242100 ns, Total: 773800 ns
[2020-04-26T16:06:57.187+0000][1][safepoint    ] Safepoint "Cleanup", Time since last: 1000470100 ns, Reaching safepoint: 418300 ns, At safepoint: 134600 ns, Total: 552900 ns
[2020-04-26T16:06:58.188+0000][1][safepoint    ] Safepoint "Cleanup", Time since last: 1000449000 ns, Reaching safepoint: 594100 ns, At safepoint: 133900 ns, Total: 728000 ns
[2020-04-26T16:06:59.188+0000][1][safepoint    ] Safepoint "Cleanup", Time since last: 1000248800 ns, Reaching safepoint: 124100 ns, At safepoint: 29300 ns, Total: 153400 ns
[2020-04-26T16:07:00.189+0000][1][safepoint    ] Safepoint "Cleanup", Time since last: 1000175500 ns, Reaching safepoint: 252600 ns, At safepoint: 70400 ns, Total: 323000 ns
[2020-04-26T16:07:01.190+0000][1][safepoint    ] Safepoint "Cleanup", Time since last: 1000674700 ns, Reaching safepoint: 431900 ns, At safepoint: 202700 ns, Total: 634600 ns
[2020-04-26T16:07:02.191+0000][1][safepoint    ] Safepoint "Cleanup", Time since last: 1000248000 ns, Reaching safepoint: 350700 ns, At safepoint: 84400 ns, Total: 435100 ns
[2020-04-26T16:07:03.191+0000][1][safepoint    ] Safepoint "Cleanup", Time since last: 1000158700 ns, Reaching safepoint: 155600 ns, At safepoint: 42900 ns, Total: 198500 ns
[2020-04-26T16:07:05.192+0000][1][safepoint    ] Safepoint "Cleanup", Time since last: 2000643100 ns, Reaching safepoint: 140800 ns, At safepoint: 49500 ns, Total: 190300 ns
[2020-04-26T16:07:06.193+0000][1][safepoint    ] Safepoint "Cleanup", Time since last: 1000646400 ns, Reaching safepoint: 425800 ns, At safepoint: 210400 ns, Total: 636200 ns
[2020-04-26T16:07:08.195+0000][1][safepoint    ] Safepoint "Cleanup", Time since last: 2000455600 ns, Reaching safepoint: 784200 ns, At safepoint: 333000 ns, Total: 1117200 ns
[2020-04-26T16:07:09.197+0000][1][safepoint    ] Safepoint "Cleanup", Time since last: 1000785800 ns, Reaching safepoint: 610000 ns, At safepoint: 201200 ns, Total: 811200 ns
[2020-04-26T16:07:11.197+0000][1][safepoint    ] Safepoint "Cleanup", Time since last: 2000685000 ns, Reaching safepoint: 116100 ns, At safepoint: 41700 ns, Total: 157800 ns
[2020-04-26T16:07:12.199+0000][1][safepoint    ] Safepoint "Cleanup", Time since last: 1000517100 ns, Reaching safepoint: 486600 ns, At safepoint: 201300 ns, Total: 687900 ns
[2020-04-26T16:07:13.200+0000][1][safepoint    ] Safepoint "Cleanup", Time since last: 1000698800 ns, Reaching safepoint: 421600 ns, At safepoint: 207400 ns, Total: 629000 ns
[2020-04-26T16:07:14.201+0000][1][safepoint    ] Safepoint "Cleanup", Time since last: 1000374200 ns, Reaching safepoint: 563600 ns, At safepoint: 385600 ns, Total: 949200 ns
[2020-04-26T16:07:15.202+0000][1][safepoint    ] Safepoint "Cleanup", Time since last: 1000494900 ns, Reaching safepoint: 407900 ns, At safepoint: 200500 ns, Total: 608400 ns
[2020-04-26T16:07:20.205+0000][1][safepoint    ] Safepoint "Cleanup", Time since last: 5002114000 ns, Reaching safepoint: 624100 ns, At safepoint: 393400 ns, Total: 1017500 ns
[2020-04-26T16:07:21.207+0000][1][safepoint    ] Safepoint "Cleanup", Time since last: 1001004200 ns, Reaching safepoint: 433400 ns, At safepoint: 213400 ns, Total: 646800 ns
[2020-04-26T16:07:23.208+0000][1][safepoint    ] Safepoint "Cleanup", Time since last: 2000937600 ns, Reaching safepoint: 210100 ns, At safepoint: 70900 ns, Total: 281000 ns
[2020-04-26T16:07:26.210+0000][1][safepoint    ] Safepoint "Cleanup", Time since last: 3000971700 ns, Reaching safepoint: 382400 ns, At safepoint: 82400 ns, Total: 464800 ns
[2020-04-26T16:07:27.213+0000][1][safepoint    ] Safepoint "Cleanup", Time since last: 1003013900 ns, Reaching safepoint: 416500 ns, At safepoint: 130700 ns, Total: 547200 ns
[2020-04-26T16:07:35.216+0000][1][safepoint    ] Safepoint "Cleanup", Time since last: 8002096900 ns, Reaching safepoint: 118000 ns, At safepoint: 26200 ns, Total: 144200 ns
[2020-04-26T16:07:37.217+0000][1][safepoint    ] Safepoint "Cleanup", Time since last: 2000897300 ns, Reaching safepoint: 209700 ns, At safepoint: 43900 ns, Total: 253600 ns
[2020-04-26T16:07:44.219+0000][1][safepoint    ] Safepoint "Cleanup", Time since last: 7002113700 ns, Reaching safepoint: 264500 ns, At safepoint: 123700 ns, Total: 388200 ns
[2020-04-26T16:07:45.220+0000][1][safepoint    ] Safepoint "Cleanup", Time since last: 1000197700 ns, Reaching safepoint: 125700 ns, At safepoint: 42000 ns, Total: 167700 ns
[2020-04-26T16:07:46.221+0000][1][safepoint    ] Safepoint "Cleanup", Time since last: 1000632100 ns, Reaching safepoint: 634000 ns, At safepoint: 228500 ns, Total: 862500 ns
[2020-04-26T16:07:47.221+0000][1][safepoint    ] Safepoint "Cleanup", Time since last: 1000250600 ns, Reaching safepoint: 139500 ns, At safepoint: 29400 ns, Total: 168900 ns
[2020-04-26T16:07:48.223+0000][1][safepoint    ] Safepoint "Cleanup", Time since last: 1000645200 ns, Reaching safepoint: 688800 ns, At safepoint: 241300 ns, Total: 930100 ns
[2020-04-26T16:07:50.224+0000][1][safepoint    ] Safepoint "Cleanup", Time since last: 2000563300 ns, Reaching safepoint: 117300 ns, At safepoint: 41600 ns, Total: 158900 ns
[2020-04-26T16:07:51.224+0000][1][safepoint    ] Safepoint "Cleanup", Time since last: 1000293800 ns, Reaching safepoint: 120700 ns, At safepoint: 26700 ns, Total: 147400 ns
[2020-04-26T16:07:53.225+0000][1][safepoint    ] Safepoint "Cleanup", Time since last: 2000965900 ns, Reaching safepoint: 136300 ns, At safepoint: 33600 ns, Total: 169900 ns
[2020-04-26T16:07:54.226+0000][1][safepoint    ] Safepoint "Cleanup", Time since last: 1000227200 ns, Reaching safepoint: 346100 ns, At safepoint: 90300 ns, Total: 436400 ns
[2020-04-26T16:07:56.227+0000][1][safepoint    ] Safepoint "Cleanup", Time since last: 2000776400 ns, Reaching safepoint: 570700 ns, At safepoint: 123600 ns, Total: 694300 ns
[2020-04-26T16:07:57.231+0000][1][safepoint    ] Safepoint "Cleanup", Time since last: 1002922600 ns, Reaching safepoint: 123800 ns, At safepoint: 30600 ns, Total: 154400 ns
[2020-04-26T16:07:58.231+0000][1][safepoint    ] Safepoint "Cleanup", Time since last: 1000302700 ns, Reaching safepoint: 307200 ns, At safepoint: 92900 ns, Total: 400100 ns
[2020-04-26T16:07:59.232+0000][1][safepoint    ] Safepoint "Cleanup", Time since last: 1000200500 ns, Reaching safepoint: 121900 ns, At safepoint: 27700 ns, Total: 149600 ns
[2020-04-26T16:08:02.233+0000][1][safepoint    ] Safepoint "Cleanup", Time since last: 3000955600 ns, Reaching safepoint: 126900 ns, At safepoint: 24100 ns, Total: 151000 ns
[2020-04-26T16:08:03.234+0000][1][safepoint    ] Safepoint "Cleanup", Time since last: 1000585500 ns, Reaching safepoint: 417500 ns, At safepoint: 134800 ns, Total: 552300 ns
[2020-04-26T16:08:07.236+0000][1][safepoint    ] Safepoint "Cleanup", Time since last: 4001562200 ns, Reaching safepoint: 143500 ns, At safepoint: 37100 ns, Total: 180600 ns
[2020-04-26T16:08:08.236+0000][1][safepoint    ] Safepoint "Cleanup", Time since last: 1000376400 ns, Reaching safepoint: 130800 ns, At safepoint: 34800 ns, Total: 165600 ns
[2020-04-26T16:08:09.237+0000][1][safepoint    ] Safepoint "Cleanup", Time since last: 1000575100 ns, Reaching safepoint: 413500 ns, At safepoint: 134300 ns, Total: 547800 ns
[2020-04-26T16:08:11.238+0000][1][safepoint    ] Safepoint "Cleanup", Time since last: 2000616300 ns, Reaching safepoint: 137900 ns, At safepoint: 34700 ns, Total: 172600 ns
[2020-04-26T16:08:14.240+0000][1][safepoint    ] Safepoint "Cleanup", Time since last: 3001347100 ns, Reaching safepoint: 452000 ns, At safepoint: 120800 ns, Total: 572800 ns
[2020-04-26T16:08:16.242+0000][1][safepoint    ] Safepoint "Cleanup", Time since last: 2001167300 ns, Reaching safepoint: 571500 ns, At safepoint: 141600 ns, Total: 713100 ns
[2020-04-26T16:08:17.242+0000][1][safepoint    ] Safepoint "Cleanup", Time since last: 1000299300 ns, Reaching safepoint: 125800 ns, At safepoint: 29400 ns, Total: 155200 ns
[2020-04-26T16:08:18.243+0000][1][safepoint    ] Safepoint "Cleanup", Time since last: 1000523200 ns, Reaching safepoint: 426000 ns, At safepoint: 133400 ns, Total: 559400 ns
[2020-04-26T16:08:21.245+0000][1][safepoint    ] Safepoint "Cleanup", Time since last: 3000976300 ns, Reaching safepoint: 400500 ns, At safepoint: 137600 ns, Total: 538100 ns
[2020-04-26T16:08:26.247+0000][1][safepoint    ] Safepoint "Cleanup", Time since last: 5002038100 ns, Reaching safepoint: 120000 ns, At safepoint: 44200 ns, Total: 164200 ns
[2020-04-26T16:08:29.249+0000][1][safepoint    ] Safepoint "Cleanup", Time since last: 3001349700 ns, Reaching safepoint: 417100 ns, At safepoint: 328400 ns, Total: 745500 ns
[2020-04-26T16:08:31.250+0000][1][safepoint    ] Safepoint "Cleanup", Time since last: 2000526400 ns, Reaching safepoint: 310200 ns, At safepoint: 150400 ns, Total: 460600 ns
[2020-04-26T16:08:32.251+0000][1][safepoint    ] Safepoint "Cleanup", Time since last: 1000221900 ns, Reaching safepoint: 130600 ns, At safepoint: 33600 ns, Total: 164200 ns
[2020-04-26T16:08:33.252+0000][1][safepoint    ] Safepoint "Cleanup", Time since last: 1000665800 ns, Reaching safepoint: 613400 ns, At safepoint: 235000 ns, Total: 848400 ns
[2020-04-26T16:08:35.253+0000][1][safepoint    ] Safepoint "Cleanup", Time since last: 2000744400 ns, Reaching safepoint: 376800 ns, At safepoint: 58700 ns, Total: 435500 ns
[2020-04-26T16:08:36.254+0000][1][safepoint    ] Safepoint "Cleanup", Time since last: 1000530300 ns, Reaching safepoint: 127700 ns, At safepoint: 45700 ns, Total: 173400 ns
[2020-04-26T16:08:38.255+0000][1][safepoint    ] Safepoint "Cleanup", Time since last: 2000658500 ns, Reaching safepoint: 142800 ns, At safepoint: 33000 ns, Total: 175800 ns
[2020-04-26T16:08:39.255+0000][1][safepoint    ] Safepoint "Cleanup", Time since last: 1000168600 ns, Reaching safepoint: 133200 ns, At safepoint: 45000 ns, Total: 178200 ns
[2020-04-26T16:08:41.257+0000][1][safepoint    ] Safepoint "Cleanup", Time since last: 2000720100 ns, Reaching safepoint: 450200 ns, At safepoint: 206300 ns, Total: 656500 ns
[2020-04-26T16:08:42.257+0000][1][safepoint    ] Safepoint "Cleanup", Time since last: 1000251200 ns, Reaching safepoint: 129500 ns, At safepoint: 31100 ns, Total: 160600 ns
[2020-04-26T16:08:45.258+0000][1][safepoint    ] Safepoint "Cleanup", Time since last: 3000862200 ns, Reaching safepoint: 441700 ns, At safepoint: 134100 ns, Total: 575800 ns
[2020-04-26T16:08:47.260+0000][1][safepoint    ] Safepoint "Cleanup", Time since last: 2000976000 ns, Reaching safepoint: 140500 ns, At safepoint: 27300 ns, Total: 167800 ns
[2020-04-26T16:08:48.261+0000][1][safepoint    ] Safepoint "Cleanup", Time since last: 1000631500 ns, Reaching safepoint: 408100 ns, At safepoint: 203200 ns, Total: 611300 ns
[2020-04-26T16:08:49.262+0000][1][safepoint    ] Safepoint "Cleanup", Time since last: 1000386600 ns, Reaching safepoint: 404600 ns, At safepoint: 207300 ns, Total: 611900 ns
[2020-04-26T16:08:50.263+0000][1][safepoint    ] Safepoint "Cleanup", Time since last: 1000646000 ns, Reaching safepoint: 214700 ns, At safepoint: 59300 ns, Total: 274000 ns
[2020-04-26T16:08:56.264+0000][1][safepoint    ] Safepoint "Cleanup", Time since last: 6001359000 ns, Reaching safepoint: 128400 ns, At safepoint: 33100 ns, Total: 161500 ns
[2020-04-26T16:08:57.265+0000][1][safepoint    ] Safepoint "Cleanup", Time since last: 1000600600 ns, Reaching safepoint: 370000 ns, At safepoint: 203400 ns, Total: 573400 ns
[2020-04-26T16:08:58.267+0000][1][safepoint    ] Safepoint "Cleanup", Time since last: 1000720700 ns, Reaching safepoint: 378000 ns, At safepoint: 204000 ns, Total: 582000 ns
[2020-04-26T16:08:59.267+0000][1][safepoint    ] Safepoint "Cleanup", Time since last: 1000230600 ns, Reaching safepoint: 141700 ns, At safepoint: 32700 ns, Total: 174400 ns
[2020-04-26T16:09:01.559+0000][1][safepoint    ] Safepoint "RevokeBias", Time since last: 2291128500 ns, Reaching safepoint: 385200 ns, At safepoint: 70500 ns, Total: 455700 ns
[2020-04-26T16:09:01.559+0000][1][safepoint    ] Safepoint "RevokeBias", Time since last: 362400 ns, Reaching safepoint: 334300 ns, At safepoint: 51000 ns, Total: 385300 ns
[2020-04-26T16:09:01.560+0000][1][safepoint    ] Safepoint "RevokeBias", Time since last: 418700 ns, Reaching safepoint: 149900 ns, At safepoint: 44100 ns, Total: 194000 ns
[2020-04-26T16:09:01.560+0000][1][safepoint    ] Safepoint "RevokeBias", Time since last: 119900 ns, Reaching safepoint: 57800 ns, At safepoint: 31100 ns, Total: 88900 ns
[2020-04-26T16:09:01.561+0000][1][safepoint    ] Safepoint "RevokeBias", Time since last: 204600 ns, Reaching safepoint: 59800 ns, At safepoint: 30800 ns, Total: 90600 ns
[2020-04-26T16:09:07.563+0000][1][safepoint    ] Safepoint "Cleanup", Time since last: 6001900100 ns, Reaching safepoint: 376900 ns, At safepoint: 123400 ns, Total: 500300 ns
[2020-04-26T16:09:08.563+0000][1][safepoint    ] Safepoint "Cleanup", Time since last: 1000312400 ns, Reaching safepoint: 116000 ns, At safepoint: 28200 ns, Total: 144200 ns
[2020-04-26T16:09:10.564+0000][1][safepoint    ] Safepoint "Cleanup", Time since last: 2000528300 ns, Reaching safepoint: 122800 ns, At safepoint: 29200 ns, Total: 152000 ns
[2020-04-26T16:09:13.565+0000][1][safepoint    ] Safepoint "Cleanup", Time since last: 3000991000 ns, Reaching safepoint: 226100 ns, At safepoint: 58300 ns, Total: 284400 ns
[2020-04-26T16:09:14.566+0000][1][safepoint    ] Safepoint "Cleanup", Time since last: 1000622300 ns, Reaching safepoint: 146600 ns, At safepoint: 33400 ns, Total: 180000 ns
[2020-04-26T16:09:15.567+0000][1][safepoint    ] Safepoint "Cleanup", Time since last: 1000412800 ns, Reaching safepoint: 122600 ns, At safepoint: 32900 ns, Total: 155500 ns
[2020-04-26T16:09:17.568+0000][1][safepoint    ] Safepoint "Cleanup", Time since last: 2000834000 ns, Reaching safepoint: 301200 ns, At safepoint: 100000 ns, Total: 401200 ns
[2020-04-26T16:09:18.568+0000][1][safepoint    ] Safepoint "Cleanup", Time since last: 1000276900 ns, Reaching safepoint: 144800 ns, At safepoint: 50600 ns, Total: 195400 ns
[2020-04-26T16:09:20.117+0000][1][safepoint    ] Safepoint "RevokeBias", Time since last: 1548202600 ns, Reaching safepoint: 123200 ns, At safepoint: 46700 ns, Total: 169900 ns
[2020-04-26T16:09:21.117+0000][1][safepoint    ] Safepoint "Cleanup", Time since last: 1000237800 ns, Reaching safepoint: 210800 ns, At safepoint: 72400 ns, Total: 283200 ns
[2020-04-26T16:09:21.561+0000][1][safepoint    ] Safepoint "RevokeBias", Time since last: 443751800 ns, Reaching safepoint: 123300 ns, At safepoint: 61200 ns, Total: 184500 ns
[2020-04-26T16:09:21.562+0000][1][safepoint    ] Safepoint "RevokeBias", Time since last: 304800 ns, Reaching safepoint: 107600 ns, At safepoint: 37000 ns, Total: 144600 ns
[2020-04-26T16:09:23.563+0000][1][safepoint    ] Safepoint "Cleanup", Time since last: 2000468600 ns, Reaching safepoint: 386100 ns, At safepoint: 83500 ns, Total: 469600 ns
[2020-04-26T16:09:27.564+0000][1][safepoint    ] Safepoint "Cleanup", Time since last: 4001313100 ns, Reaching safepoint: 305100 ns, At safepoint: 124400 ns, Total: 429500 ns
[2020-04-26T16:09:29.565+0000][1][safepoint    ] Safepoint "Cleanup", Time since last: 2000481700 ns, Reaching safepoint: 329500 ns, At safepoint: 185100 ns, Total: 514600 ns
[2020-04-26T16:09:31.582+0000][1][safepoint    ] Safepoint "RevokeBias", Time since last: 2016515600 ns, Reaching safepoint: 102300 ns, At safepoint: 36800 ns, Total: 139100 ns
[2020-04-26T16:09:31.582+0000][1][safepoint    ] Safepoint "RevokeBias", Time since last: 136800 ns, Reaching safepoint: 60900 ns, At safepoint: 32200 ns, Total: 93100 ns
[2020-04-26T16:09:31.598+0000][1][safepoint    ] Safepoint "RevokeBias", Time since last: 15943700 ns, Reaching safepoint: 95800 ns, At safepoint: 36200 ns, Total: 132000 ns
[2020-04-26T16:09:31.599+0000][1][safepoint    ] Safepoint "RevokeBias", Time since last: 605600 ns, Reaching safepoint: 80300 ns, At safepoint: 48600 ns, Total: 128900 ns
[2020-04-26T16:09:31.602+0000][1][safepoint    ] Safepoint "RevokeBias", Time since last: 2136100 ns, Reaching safepoint: 298500 ns, At safepoint: 118300 ns, Total: 416800 ns
[2020-04-26T16:09:31.602+0000][1][safepoint    ] Safepoint "RevokeBias", Time since last: 145300 ns, Reaching safepoint: 62600 ns, At safepoint: 29000 ns, Total: 91600 ns
[2020-04-26T16:09:31.602+0000][1][safepoint    ] Safepoint "RevokeBias", Time since last: 111100 ns, Reaching safepoint: 55100 ns, At safepoint: 28500 ns, Total: 83600 ns
[2020-04-26T16:09:31.602+0000][1][safepoint    ] Safepoint "RevokeBias", Time since last: 110100 ns, Reaching safepoint: 54800 ns, At safepoint: 27700 ns, Total: 82500 ns
[2020-04-26T16:09:31.602+0000][1][safepoint    ] Safepoint "RevokeBias", Time since last: 107400 ns, Reaching safepoint: 54600 ns, At safepoint: 27700 ns, Total: 82300 ns
[2020-04-26T16:09:31.603+0000][1][safepoint    ] Safepoint "RevokeBias", Time since last: 181600 ns, Reaching safepoint: 54700 ns, At safepoint: 29300 ns, Total: 84000 ns
[2020-04-26T16:09:31.603+0000][1][safepoint    ] Safepoint "RevokeBias", Time since last: 113900 ns, Reaching safepoint: 172900 ns, At safepoint: 75600 ns, Total: 248500 ns
[2020-04-26T16:09:31.603+0000][1][safepoint    ] Safepoint "RevokeBias", Time since last: 140400 ns, Reaching safepoint: 154600 ns, At safepoint: 27300 ns, Total: 181900 ns
[2020-04-26T16:09:31.604+0000][1][safepoint    ] Safepoint "RevokeBias", Time since last: 165600 ns, Reaching safepoint: 52400 ns, At safepoint: 27300 ns, Total: 79700 ns
[2020-04-26T16:09:31.604+0000][1][safepoint    ] Safepoint "RevokeBias", Time since last: 184900 ns, Reaching safepoint: 65300 ns, At safepoint: 59600 ns, Total: 124900 ns
[2020-04-26T16:09:31.604+0000][1][safepoint    ] Safepoint "RevokeBias", Time since last: 111000 ns, Reaching safepoint: 54900 ns, At safepoint: 26900 ns, Total: 81800 ns
[2020-04-26T16:09:31.606+0000][1][safepoint    ] Safepoint "RevokeBias", Time since last: 2031100 ns, Reaching safepoint: 69400 ns, At safepoint: 27900 ns, Total: 97300 ns
[2020-04-26T16:09:31.610+0000][1][safepoint    ] Safepoint "RevokeBias", Time since last: 3453600 ns, Reaching safepoint: 106700 ns, At safepoint: 28300 ns, Total: 135000 ns
[2020-04-26T16:09:31.610+0000][1][safepoint    ] Safepoint "RevokeBias", Time since last: 272800 ns, Reaching safepoint: 187900 ns, At safepoint: 60600 ns, Total: 248500 ns
[2020-04-26T16:09:32.611+0000][1][safepoint    ] Safepoint "Cleanup", Time since last: 1000508200 ns, Reaching safepoint: 254100 ns, At safepoint: 78000 ns, Total: 332100 ns
[2020-04-26T16:09:33.612+0000][1][safepoint    ] Safepoint "Cleanup", Time since last: 1000466900 ns, Reaching safepoint: 594700 ns, At safepoint: 116000 ns, Total: 710700 ns
[2020-04-26T16:09:34.895+0000][1][gc,start     ] GC(20) Pause Young (Allocation Failure)
[2020-04-26T16:09:34.895+0000][1][gc,task      ] GC(20) Using 10 workers of 10 for evacuation
[2020-04-26T16:09:34.900+0000][1][gc,age       ] GC(20) Desired survivor size 8945664 bytes, new threshold 6 (max threshold 6)
[2020-04-26T16:09:34.900+0000][1][gc,age       ] GC(20) Age table with threshold 6 (max threshold 6)
[2020-04-26T16:09:34.900+0000][1][gc,age       ] GC(20) - age   1:     194056 bytes,     194056 total
[2020-04-26T16:09:34.900+0000][1][gc,age       ] GC(20) - age   2:     921696 bytes,    1115752 total
[2020-04-26T16:09:34.900+0000][1][gc,age       ] GC(20) - age   3:    3708320 bytes,    4824072 total
[2020-04-26T16:09:34.900+0000][1][gc,heap      ] GC(20) ParNew: 151600K->6662K(157248K)
[2020-04-26T16:09:34.900+0000][1][gc,heap      ] GC(20) CMS: 76693K->76693K(349568K)
[2020-04-26T16:09:34.900+0000][1][gc,metaspace ] GC(20) Metaspace: 92078K->92078K(1134592K)
[2020-04-26T16:09:34.900+0000][1][gc           ] GC(20) Pause Young (Allocation Failure) 222M->81M(494M) 4.536ms
[2020-04-26T16:09:34.900+0000][1][gc,cpu       ] GC(20) User=0.03s Sys=0.00s Real=0.00s
[2020-04-26T16:09:34.900+0000][1][safepoint    ] Safepoint "GenCollectForAllocation", Time since last: 1282885600 ns, Reaching safepoint: 115400 ns, At safepoint: 4628500 ns, Total: 4743900 ns
[2020-04-26T16:09:35.900+0000][1][safepoint    ] Safepoint "Cleanup", Time since last: 1000194200 ns, Reaching safepoint: 139300 ns, At safepoint: 38100 ns, Total: 177400 ns
[2020-04-26T16:09:37.471+0000][1][safepoint    ] Safepoint "RevokeBias", Time since last: 1570081800 ns, Reaching safepoint: 138200 ns, At safepoint: 56900 ns, Total: 195100 ns
[2020-04-26T16:09:37.471+0000][1][safepoint    ] Safepoint "RevokeBias", Time since last: 197300 ns, Reaching safepoint: 85900 ns, At safepoint: 73700 ns, Total: 159600 ns
[2020-04-26T16:09:37.471+0000][1][safepoint    ] Safepoint "RevokeBias", Time since last: 190500 ns, Reaching safepoint: 124300 ns, At safepoint: 51400 ns, Total: 175700 ns
[2020-04-26T16:09:37.472+0000][1][safepoint    ] Safepoint "RevokeBias", Time since last: 176100 ns, Reaching safepoint: 73800 ns, At safepoint: 31700 ns, Total: 105500 ns
[2020-04-26T16:09:37.472+0000][1][safepoint    ] Safepoint "RevokeBias", Time since last: 256600 ns, Reaching safepoint: 56700 ns, At safepoint: 31300 ns, Total: 88000 ns
[2020-04-26T16:09:37.472+0000][1][safepoint    ] Safepoint "RevokeBias", Time since last: 184000 ns, Reaching safepoint: 86200 ns, At safepoint: 63400 ns, Total: 149600 ns
[2020-04-26T16:09:37.473+0000][1][safepoint    ] Safepoint "RevokeBias", Time since last: 187500 ns, Reaching safepoint: 87400 ns, At safepoint: 30800 ns, Total: 118200 ns
[2020-04-26T16:09:37.473+0000][1][safepoint    ] Safepoint "RevokeBias", Time since last: 201800 ns, Reaching safepoint: 70600 ns, At safepoint: 51400 ns, Total: 122000 ns
[2020-04-26T16:09:38.474+0000][1][safepoint    ] Safepoint "Cleanup", Time since last: 1000255000 ns, Reaching safepoint: 219900 ns, At safepoint: 47300 ns, Total: 267200 ns
[2020-04-26T16:09:40.474+0000][1][safepoint    ] Safepoint "Cleanup", Time since last: 2000417300 ns, Reaching safepoint: 118300 ns, At safepoint: 29400 ns, Total: 147700 ns
[2020-04-26T16:09:41.474+0000][1][safepoint    ] Safepoint "Cleanup", Time since last: 1000182600 ns, Reaching safepoint: 136900 ns, At safepoint: 29500 ns, Total: 166400 ns
[2020-04-26T16:09:44.475+0000][1][safepoint    ] Safepoint "Cleanup", Time since last: 3000521900 ns, Reaching safepoint: 119600 ns, At safepoint: 29700 ns, Total: 149300 ns
[2020-04-26T16:09:45.475+0000][1][safepoint    ] Safepoint "Cleanup", Time since last: 1000154300 ns, Reaching safepoint: 129600 ns, At safepoint: 33200 ns, Total: 162800 ns
[2020-04-26T16:09:47.472+0000][1][safepoint    ] Safepoint "RevokeBias", Time since last: 1995887800 ns, Reaching safepoint: 148300 ns, At safepoint: 83200 ns, Total: 231500 ns
[2020-04-26T16:09:48.472+0000][1][safepoint    ] Safepoint "Cleanup", Time since last: 1000162700 ns, Reaching safepoint: 134800 ns, At safepoint: 30900 ns, Total: 165700 ns
[2020-04-26T16:09:50.472+0000][1][safepoint    ] Safepoint "Cleanup", Time since last: 2000314700 ns, Reaching safepoint: 132000 ns, At safepoint: 28200 ns, Total: 160200 ns
[2020-04-26T16:09:51.473+0000][1][safepoint    ] Safepoint "Cleanup", Time since last: 1000187800 ns, Reaching safepoint: 113300 ns, At safepoint: 29300 ns, Total: 142600 ns
[2020-04-26T16:09:53.473+0000][1][safepoint    ] Safepoint "Cleanup", Time since last: 2000339100 ns, Reaching safepoint: 134900 ns, At safepoint: 28900 ns, Total: 163800 ns
[2020-04-26T16:09:55.474+0000][1][safepoint    ] Safepoint "Cleanup", Time since last: 2000242000 ns, Reaching safepoint: 124700 ns, At safepoint: 29100 ns, Total: 153800 ns
[2020-04-26T16:09:56.474+0000][1][safepoint    ] Safepoint "Cleanup", Time since last: 1000124500 ns, Reaching safepoint: 128400 ns, At safepoint: 28600 ns, Total: 157000 ns
[2020-04-26T16:09:57.474+0000][1][safepoint    ] Safepoint "Cleanup", Time since last: 1000228300 ns, Reaching safepoint: 112700 ns, At safepoint: 28500 ns, Total: 141200 ns
[2020-04-26T16:10:02.475+0000][1][safepoint    ] Safepoint "Cleanup", Time since last: 5000773200 ns, Reaching safepoint: 121800 ns, At safepoint: 32000 ns, Total: 153800 ns
[2020-04-26T16:10:05.476+0000][1][safepoint    ] Safepoint "Cleanup", Time since last: 3000522200 ns, Reaching safepoint: 128500 ns, At safepoint: 32000 ns, Total: 160500 ns
[2020-04-26T16:10:06.476+0000][1][safepoint    ] Safepoint "Cleanup", Time since last: 1000184300 ns, Reaching safepoint: 137600 ns, At safepoint: 27700 ns, Total: 165300 ns
[2020-04-26T16:10:07.476+0000][1][safepoint    ] Safepoint "Cleanup", Time since last: 1000135400 ns, Reaching safepoint: 107600 ns, At safepoint: 26900 ns, Total: 134500 ns
[2020-04-26T16:10:08.477+0000][1][safepoint    ] Safepoint "Cleanup", Time since last: 1000157000 ns, Reaching safepoint: 128200 ns, At safepoint: 29300 ns, Total: 157500 ns
[2020-04-26T16:10:10.477+0000][1][safepoint    ] Safepoint "Cleanup", Time since last: 2000296700 ns, Reaching safepoint: 141800 ns, At safepoint: 28900 ns, Total: 170700 ns
[2020-04-26T16:10:11.478+0000][1][safepoint    ] Safepoint "Cleanup", Time since last: 1000177600 ns, Reaching safepoint: 137000 ns, At safepoint: 28600 ns, Total: 165600 ns
[2020-04-26T16:10:12.478+0000][1][safepoint    ] Safepoint "Cleanup", Time since last: 1000184500 ns, Reaching safepoint: 166000 ns, At safepoint: 45200 ns, Total: 211200 ns
[2020-04-26T16:10:13.478+0000][1][safepoint    ] Safepoint "Cleanup", Time since last: 1000207900 ns, Reaching safepoint: 164500 ns, At safepoint: 31700 ns, Total: 196200 ns
[2020-04-26T16:10:15.479+0000][1][safepoint    ] Safepoint "Cleanup", Time since last: 2000335500 ns, Reaching safepoint: 122800 ns, At safepoint: 32600 ns, Total: 155400 ns
[2020-04-26T16:10:17.479+0000][1][safepoint    ] Safepoint "Cleanup", Time since last: 2000382200 ns, Reaching safepoint: 109300 ns, At safepoint: 27800 ns, Total: 137100 ns
[2020-04-26T16:10:27.481+0000][1][safepoint    ] Safepoint "Cleanup", Time since last: 10001774700 ns, Reaching safepoint: 121600 ns, At safepoint: 26300 ns, Total: 147900 ns
[2020-04-26T16:10:32.483+0000][1][safepoint    ] Safepoint "Cleanup", Time since last: 5000998400 ns, Reaching safepoint: 138300 ns, At safepoint: 46900 ns, Total: 185200 ns
[2020-04-26T16:10:33.483+0000][1][safepoint    ] Safepoint "Cleanup", Time since last: 1000215600 ns, Reaching safepoint: 221800 ns, At safepoint: 43500 ns, Total: 265300 ns
[2020-04-26T16:10:35.483+0000][1][safepoint    ] Safepoint "Cleanup", Time since last: 2000342800 ns, Reaching safepoint: 120800 ns, At safepoint: 29300 ns, Total: 150100 ns
[2020-04-26T16:10:40.484+0000][1][safepoint    ] Safepoint "Cleanup", Time since last: 5000642000 ns, Reaching safepoint: 171400 ns, At safepoint: 36400 ns, Total: 207800 ns
[2020-04-26T16:10:41.485+0000][1][safepoint    ] Safepoint "Cleanup", Time since last: 1000195400 ns, Reaching safepoint: 156800 ns, At safepoint: 28000 ns, Total: 184800 ns
[2020-04-26T16:10:44.485+0000][1][safepoint    ] Safepoint "Cleanup", Time since last: 3000426100 ns, Reaching safepoint: 137100 ns, At safepoint: 26200 ns, Total: 163300 ns
[2020-04-26T16:10:45.486+0000][1][safepoint    ] Safepoint "Cleanup", Time since last: 1000158600 ns, Reaching safepoint: 121700 ns, At safepoint: 28400 ns, Total: 150100 ns
[2020-04-26T16:10:48.486+0000][1][safepoint    ] Safepoint "Cleanup", Time since last: 3000445500 ns, Reaching safepoint: 118700 ns, At safepoint: 30700 ns, Total: 149400 ns
[2020-04-26T16:10:50.487+0000][1][safepoint    ] Safepoint "Cleanup", Time since last: 2000270900 ns, Reaching safepoint: 116600 ns, At safepoint: 28100 ns, Total: 144700 ns
[2020-04-26T16:10:56.488+0000][1][safepoint    ] Safepoint "Cleanup", Time since last: 6000830200 ns, Reaching safepoint: 130100 ns, At safepoint: 28700 ns, Total: 158800 ns
[2020-04-26T16:10:57.488+0000][1][safepoint    ] Safepoint "Cleanup", Time since last: 1000186800 ns, Reaching safepoint: 270800 ns, At safepoint: 60800 ns, Total: 331600 ns
[2020-04-26T16:10:59.489+0000][1][safepoint    ] Safepoint "Cleanup", Time since last: 2000321200 ns, Reaching safepoint: 143000 ns, At safepoint: 36700 ns, Total: 179700 ns
[2020-04-26T16:11:05.490+0000][1][safepoint    ] Safepoint "Cleanup", Time since last: 6001255400 ns, Reaching safepoint: 116800 ns, At safepoint: 28600 ns, Total: 145400 ns
[2020-04-26T16:11:07.491+0000][1][safepoint    ] Safepoint "Cleanup", Time since last: 2000433500 ns, Reaching safepoint: 118600 ns, At safepoint: 34300 ns, Total: 152900 ns
[2020-04-26T16:11:08.491+0000][1][safepoint    ] Safepoint "Cleanup", Time since last: 1000163900 ns, Reaching safepoint: 120700 ns, At safepoint: 29200 ns, Total: 149900 ns
[2020-04-26T16:11:12.492+0000][1][safepoint    ] Safepoint "Cleanup", Time since last: 4000856800 ns, Reaching safepoint: 115200 ns, At safepoint: 31200 ns, Total: 146400 ns
[2020-04-26T16:11:14.493+0000][1][safepoint    ] Safepoint "Cleanup", Time since last: 2000555100 ns, Reaching safepoint: 121300 ns, At safepoint: 29700 ns, Total: 151000 ns
[2020-04-26T16:11:17.493+0000][1][safepoint    ] Safepoint "Cleanup", Time since last: 3000599500 ns, Reaching safepoint: 147700 ns, At safepoint: 43300 ns, Total: 191000 ns
[2020-04-26T16:11:18.494+0000][1][safepoint    ] Safepoint "Cleanup", Time since last: 1000508900 ns, Reaching safepoint: 127900 ns, At safepoint: 30800 ns, Total: 158700 ns
[2020-04-26T16:11:20.495+0000][1][safepoint    ] Safepoint "Cleanup", Time since last: 2000284700 ns, Reaching safepoint: 114600 ns, At safepoint: 28100 ns, Total: 142700 ns
[2020-04-26T16:11:24.496+0000][1][safepoint    ] Safepoint "Cleanup", Time since last: 4001748200 ns, Reaching safepoint: 121200 ns, At safepoint: 32800 ns, Total: 154000 ns
[2020-04-26T16:11:26.497+0000][1][safepoint    ] Safepoint "Cleanup", Time since last: 2000352200 ns, Reaching safepoint: 128500 ns, At safepoint: 32000 ns, Total: 160500 ns
[2020-04-26T16:11:27.497+0000][1][safepoint    ] Safepoint "Cleanup", Time since last: 1000150000 ns, Reaching safepoint: 110800 ns, At safepoint: 29400 ns, Total: 140200 ns
[2020-04-26T16:11:40.500+0000][1][safepoint    ] Safepoint "Cleanup", Time since last: 13002459300 ns, Reaching safepoint: 119200 ns, At safepoint: 26900 ns, Total: 146100 ns
[2020-04-26T16:11:41.500+0000][1][safepoint    ] Safepoint "Cleanup", Time since last: 1000135000 ns, Reaching safepoint: 113100 ns, At safepoint: 26900 ns, Total: 140000 ns
[2020-04-26T16:11:42.500+0000][1][safepoint    ] Safepoint "Cleanup", Time since last: 1000145000 ns, Reaching safepoint: 128400 ns, At safepoint: 26400 ns, Total: 154800 ns
[2020-04-26T16:11:44.501+0000][1][safepoint    ] Safepoint "Cleanup", Time since last: 2000315700 ns, Reaching safepoint: 128700 ns, At safepoint: 26400 ns, Total: 155100 ns
[2020-04-26T16:11:45.501+0000][1][safepoint    ] Safepoint "Cleanup", Time since last: 1000113600 ns, Reaching safepoint: 116100 ns, At safepoint: 26200 ns, Total: 142300 ns
[2020-04-26T16:11:47.502+0000][1][safepoint    ] Safepoint "Cleanup", Time since last: 2000315300 ns, Reaching safepoint: 121600 ns, At safepoint: 27600 ns, Total: 149200 ns
[2020-04-26T16:11:51.502+0000][1][safepoint    ] Safepoint "Cleanup", Time since last: 4000623100 ns, Reaching safepoint: 115300 ns, At safepoint: 26600 ns, Total: 141900 ns
[2020-04-26T16:11:53.503+0000][1][safepoint    ] Safepoint "Cleanup", Time since last: 2000325900 ns, Reaching safepoint: 114400 ns, At safepoint: 27100 ns, Total: 141500 ns
[2020-04-26T16:11:54.503+0000][1][safepoint    ] Safepoint "Cleanup", Time since last: 1000129700 ns, Reaching safepoint: 112800 ns, At safepoint: 26600 ns, Total: 139400 ns
[2020-04-26T16:11:54.852+0000][1][safepoint    ] Safepoint "RevokeBias", Time since last: 348340100 ns, Reaching safepoint: 108800 ns, At safepoint: 37000 ns, Total: 145800 ns
[2020-04-26T16:11:54.855+0000][1][safepoint    ] Safepoint "RevokeBias", Time since last: 2996100 ns, Reaching safepoint: 93300 ns, At safepoint: 33700 ns, Total: 127000 ns
[2020-04-26T16:11:54.857+0000][1][safepoint    ] Safepoint "RevokeBias", Time since last: 2220700 ns, Reaching safepoint: 150200 ns, At safepoint: 78200 ns, Total: 228400 ns
[2020-04-26T16:11:56.339+0000][1][safepoint    ] Safepoint "Cleanup", Time since last: 1481273000 ns, Reaching safepoint: 363100 ns, At safepoint: 99700 ns, Total: 462800 ns
[2020-04-26T16:12:05.343+0000][1][safepoint    ] Safepoint "Cleanup", Time since last: 9003279200 ns, Reaching safepoint: 827100 ns, At safepoint: 196000 ns, Total: 1023100 ns
[2020-04-26T16:12:09.346+0000][1][safepoint    ] Safepoint "Cleanup", Time since last: 4001769700 ns, Reaching safepoint: 473000 ns, At safepoint: 131000 ns, Total: 604000 ns
[2020-04-26T16:12:11.347+0000][1][safepoint    ] Safepoint "Cleanup", Time since last: 2000855500 ns, Reaching safepoint: 125100 ns, At safepoint: 30300 ns, Total: 155400 ns
[2020-04-26T16:12:13.347+0000][1][safepoint    ] Safepoint "Cleanup", Time since last: 2000600600 ns, Reaching safepoint: 191600 ns, At safepoint: 64400 ns, Total: 256000 ns
[2020-04-26T16:12:16.348+0000][1][safepoint    ] Safepoint "Cleanup", Time since last: 3000437900 ns, Reaching safepoint: 195300 ns, At safepoint: 57500 ns, Total: 252800 ns
[2020-04-26T16:12:18.349+0000][1][safepoint    ] Safepoint "Cleanup", Time since last: 2000259900 ns, Reaching safepoint: 128700 ns, At safepoint: 30700 ns, Total: 159400 ns
[2020-04-26T16:12:23.351+0000][1][safepoint    ] Safepoint "Cleanup", Time since last: 5001423200 ns, Reaching safepoint: 793500 ns, At safepoint: 205300 ns, Total: 998800 ns
[2020-04-26T16:12:26.352+0000][1][safepoint    ] Safepoint "Cleanup", Time since last: 3001114500 ns, Reaching safepoint: 152500 ns, At safepoint: 26500 ns, Total: 179000 ns
[2020-04-26T16:12:27.353+0000][1][safepoint    ] Safepoint "Cleanup", Time since last: 1000449400 ns, Reaching safepoint: 439700 ns, At safepoint: 183900 ns, Total: 623600 ns
[2020-04-26T16:12:32.681+0000][1][gc,start     ] GC(21) Pause Young (Allocation Failure)
[2020-04-26T16:12:32.682+0000][1][gc,task      ] GC(21) Using 10 workers of 10 for evacuation
[2020-04-26T16:12:32.690+0000][1][gc,age       ] GC(21) Desired survivor size 8945664 bytes, new threshold 6 (max threshold 6)
[2020-04-26T16:12:32.690+0000][1][gc,age       ] GC(21) Age table with threshold 6 (max threshold 6)
[2020-04-26T16:12:32.690+0000][1][gc,age       ] GC(21) - age   1:     282552 bytes,     282552 total
[2020-04-26T16:12:32.690+0000][1][gc,age       ] GC(21) - age   2:     146736 bytes,     429288 total
[2020-04-26T16:12:32.690+0000][1][gc,age       ] GC(21) - age   3:     921040 bytes,    1350328 total
[2020-04-26T16:12:32.690+0000][1][gc,age       ] GC(21) - age   4:    3708080 bytes,    5058408 total
[2020-04-26T16:12:32.690+0000][1][gc,heap      ] GC(21) ParNew: 146400K->7556K(157248K)
[2020-04-26T16:12:32.690+0000][1][gc,heap      ] GC(21) CMS: 76693K->76693K(349568K)
[2020-04-26T16:12:32.690+0000][1][gc,metaspace ] GC(21) Metaspace: 92548K->92548K(1134592K)
[2020-04-26T16:12:32.690+0000][1][gc           ] GC(21) Pause Young (Allocation Failure) 217M->82M(494M) 8.519ms
[2020-04-26T16:12:32.690+0000][1][gc,cpu       ] GC(21) User=0.05s Sys=0.00s Real=0.01s
[2020-04-26T16:12:32.690+0000][1][safepoint    ] Safepoint "GenCollectForAllocation", Time since last: 5327616500 ns, Reaching safepoint: 336300 ns, At safepoint: 8707500 ns, Total: 9043800 ns
[2020-04-26T16:12:35.691+0000][1][safepoint    ] Safepoint "Cleanup", Time since last: 3000936100 ns, Reaching safepoint: 170800 ns, At safepoint: 38200 ns, Total: 209000 ns
[2020-04-26T16:12:36.460+0000][1][safepoint    ] Safepoint "RevokeBias", Time since last: 768278900 ns, Reaching safepoint: 152500 ns, At safepoint: 56700 ns, Total: 209200 ns
[2020-04-26T16:12:37.520+0000][1][safepoint    ] Safepoint "RevokeBias", Time since last: 1059856500 ns, Reaching safepoint: 145100 ns, At safepoint: 28800 ns, Total: 173900 ns
[2020-04-26T16:12:37.520+0000][1][safepoint    ] Safepoint "RevokeBias", Time since last: 130200 ns, Reaching safepoint: 87800 ns, At safepoint: 26300 ns, Total: 114100 ns
[2020-04-26T16:12:37.521+0000][1][safepoint    ] Safepoint "RevokeBias", Time since last: 638800 ns, Reaching safepoint: 472700 ns, At safepoint: 101700 ns, Total: 574400 ns
[2020-04-26T16:12:37.521+0000][1][safepoint    ] Safepoint "RevokeBias", Time since last: 118300 ns, Reaching safepoint: 119200 ns, At safepoint: 38200 ns, Total: 157400 ns
[2020-04-26T16:12:37.522+0000][1][safepoint    ] Safepoint "RevokeBias", Time since last: 491500 ns, Reaching safepoint: 71100 ns, At safepoint: 26100 ns, Total: 97200 ns
[2020-04-26T16:12:37.522+0000][1][safepoint    ] Safepoint "RevokeBias", Time since last: 142800 ns, Reaching safepoint: 63800 ns, At safepoint: 25300 ns, Total: 89100 ns
[2020-04-26T16:12:37.523+0000][1][safepoint    ] Safepoint "RevokeBias", Time since last: 226400 ns, Reaching safepoint: 112900 ns, At safepoint: 25000 ns, Total: 137900 ns
[2020-04-26T16:12:37.523+0000][1][safepoint    ] Safepoint "RevokeBias", Time since last: 522300 ns, Reaching safepoint: 253900 ns, At safepoint: 65100 ns, Total: 319000 ns
[2020-04-26T16:12:37.524+0000][1][safepoint    ] Safepoint "RevokeBias", Time since last: 174200 ns, Reaching safepoint: 169800 ns, At safepoint: 144000 ns, Total: 313800 ns
[2020-04-26T16:12:37.524+0000][1][safepoint    ] Safepoint "RevokeBias", Time since last: 100800 ns, Reaching safepoint: 166700 ns, At safepoint: 177600 ns, Total: 344300 ns
[2020-04-26T16:12:37.525+0000][1][safepoint    ] Safepoint "RevokeBias", Time since last: 40400 ns, Reaching safepoint: 597600 ns, At safepoint: 129000 ns, Total: 726600 ns
[2020-04-26T16:12:37.527+0000][1][safepoint    ] Safepoint "BulkRevokeBias", Time since last: 188900 ns, Reaching safepoint: 1162100 ns, At safepoint: 464100 ns, Total: 1626200 ns
[2020-04-26T16:12:37.528+0000][1][safepoint    ] Safepoint "RevokeBias", Time since last: 277400 ns, Reaching safepoint: 157700 ns, At safepoint: 211700 ns, Total: 369400 ns
[2020-04-26T16:12:37.528+0000][1][safepoint    ] Safepoint "RevokeBias", Time since last: 34600 ns, Reaching safepoint: 228000 ns, At safepoint: 120000 ns, Total: 348000 ns
[2020-04-26T16:12:37.528+0000][1][safepoint    ] Safepoint "RevokeBias", Time since last: 133200 ns, Reaching safepoint: 170700 ns, At safepoint: 103000 ns, Total: 273700 ns
[2020-04-26T16:12:37.529+0000][1][safepoint    ] Safepoint "RevokeBias", Time since last: 168100 ns, Reaching safepoint: 164400 ns, At safepoint: 98500 ns, Total: 262900 ns
[2020-04-26T16:12:37.529+0000][1][safepoint    ] Safepoint "RevokeBias", Time since last: 36900 ns, Reaching safepoint: 154800 ns, At safepoint: 119500 ns, Total: 274300 ns
[2020-04-26T16:12:37.529+0000][1][safepoint    ] Safepoint "RevokeBias", Time since last: 68100 ns, Reaching safepoint: 173500 ns, At safepoint: 128500 ns, Total: 302000 ns
[2020-04-26T16:12:37.530+0000][1][safepoint    ] Safepoint "RevokeBias", Time since last: 104600 ns, Reaching safepoint: 204100 ns, At safepoint: 122800 ns, Total: 326900 ns
[2020-04-26T16:12:37.531+0000][1][safepoint    ] Safepoint "RevokeBias", Time since last: 552400 ns, Reaching safepoint: 272900 ns, At safepoint: 153400 ns, Total: 426300 ns
[2020-04-26T16:12:37.532+0000][1][safepoint    ] Safepoint "RevokeBias", Time since last: 203700 ns, Reaching safepoint: 1012000 ns, At safepoint: 108400 ns, Total: 1120400 ns
[2020-04-26T16:12:37.533+0000][1][safepoint    ] Safepoint "RevokeBias", Time since last: 202100 ns, Reaching safepoint: 184400 ns, At safepoint: 88000 ns, Total: 272400 ns
[2020-04-26T16:12:37.533+0000][1][safepoint    ] Safepoint "RevokeBias", Time since last: 107000 ns, Reaching safepoint: 173500 ns, At safepoint: 80100 ns, Total: 253600 ns
[2020-04-26T16:12:37.534+0000][1][safepoint    ] Safepoint "RevokeBias", Time since last: 325300 ns, Reaching safepoint: 124000 ns, At safepoint: 79400 ns, Total: 203400 ns
[2020-04-26T16:12:37.534+0000][1][safepoint    ] Safepoint "RevokeBias", Time since last: 155500 ns, Reaching safepoint: 166400 ns, At safepoint: 57200 ns, Total: 223600 ns
[2020-04-26T16:12:37.534+0000][1][safepoint    ] Safepoint "RevokeBias", Time since last: 102100 ns, Reaching safepoint: 65800 ns, At safepoint: 55100 ns, Total: 120900 ns
[2020-04-26T16:12:37.534+0000][1][safepoint    ] Safepoint "RevokeBias", Time since last: 134800 ns, Reaching safepoint: 61000 ns, At safepoint: 57800 ns, Total: 118800 ns
[2020-04-26T16:12:37.535+0000][1][safepoint    ] Safepoint "RevokeBias", Time since last: 162700 ns, Reaching safepoint: 58300 ns, At safepoint: 53400 ns, Total: 111700 ns
[2020-04-26T16:12:37.535+0000][1][safepoint    ] Safepoint "RevokeBias", Time since last: 124900 ns, Reaching safepoint: 141300 ns, At safepoint: 40300 ns, Total: 181600 ns
[2020-04-26T16:12:37.535+0000][1][safepoint    ] Safepoint "RevokeBias", Time since last: 129300 ns, Reaching safepoint: 56800 ns, At safepoint: 46700 ns, Total: 103500 ns
[2020-04-26T16:12:37.536+0000][1][safepoint    ] Safepoint "RevokeBias", Time since last: 202700 ns, Reaching safepoint: 57000 ns, At safepoint: 39700 ns, Total: 96700 ns
[2020-04-26T16:12:37.536+0000][1][safepoint    ] Safepoint "RevokeBias", Time since last: 538600 ns, Reaching safepoint: 62400 ns, At safepoint: 40500 ns, Total: 102900 ns
[2020-04-26T16:12:37.609+0000][1][safepoint    ] Safepoint "RevokeBias", Time since last: 72731100 ns, Reaching safepoint: 159400 ns, At safepoint: 81400 ns, Total: 240800 ns
[2020-04-26T16:12:37.610+0000][1][safepoint    ] Safepoint "RevokeBias", Time since last: 346000 ns, Reaching safepoint: 128700 ns, At safepoint: 51400 ns, Total: 180100 ns
[2020-04-26T16:12:37.610+0000][1][safepoint    ] Safepoint "RevokeBias", Time since last: 447500 ns, Reaching safepoint: 95300 ns, At safepoint: 57800 ns, Total: 153100 ns
[2020-04-26T16:12:37.611+0000][1][safepoint    ] Safepoint "RevokeBias", Time since last: 249300 ns, Reaching safepoint: 95500 ns, At safepoint: 70100 ns, Total: 165600 ns
[2020-04-26T16:12:37.611+0000][1][safepoint    ] Safepoint "RevokeBias", Time since last: 185000 ns, Reaching safepoint: 223600 ns, At safepoint: 121900 ns, Total: 345500 ns
[2020-04-26T16:12:37.612+0000][1][safepoint    ] Safepoint "RevokeBias", Time since last: 112500 ns, Reaching safepoint: 228800 ns, At safepoint: 156800 ns, Total: 385600 ns
[2020-04-26T16:12:37.612+0000][1][safepoint    ] Safepoint "RevokeBias", Time since last: 79500 ns, Reaching safepoint: 215300 ns, At safepoint: 146200 ns, Total: 361500 ns
[2020-04-26T16:12:37.613+0000][1][safepoint    ] Safepoint "RevokeBias", Time since last: 60400 ns, Reaching safepoint: 302700 ns, At safepoint: 198400 ns, Total: 501100 ns
[2020-04-26T16:12:37.614+0000][1][safepoint    ] Safepoint "RevokeBias", Time since last: 285100 ns, Reaching safepoint: 298400 ns, At safepoint: 185600 ns, Total: 484000 ns
[2020-04-26T16:12:37.614+0000][1][safepoint    ] Safepoint "RevokeBias", Time since last: 63200 ns, Reaching safepoint: 318000 ns, At safepoint: 167500 ns, Total: 485500 ns
[2020-04-26T16:12:37.615+0000][1][safepoint    ] Safepoint "RevokeBias", Time since last: 58600 ns, Reaching safepoint: 322400 ns, At safepoint: 166300 ns, Total: 488700 ns
[2020-04-26T16:12:37.616+0000][1][safepoint    ] Safepoint "RevokeBias", Time since last: 838000 ns, Reaching safepoint: 115300 ns, At safepoint: 79400 ns, Total: 194700 ns
[2020-04-26T16:12:37.616+0000][1][safepoint    ] Safepoint "RevokeBias", Time since last: 250700 ns, Reaching safepoint: 223300 ns, At safepoint: 76300 ns, Total: 299600 ns
[2020-04-26T16:12:37.617+0000][1][safepoint    ] Safepoint "RevokeBias", Time since last: 245200 ns, Reaching safepoint: 105100 ns, At safepoint: 78600 ns, Total: 183700 ns
[2020-04-26T16:12:37.617+0000][1][safepoint    ] Safepoint "RevokeBias", Time since last: 254800 ns, Reaching safepoint: 222700 ns, At safepoint: 76100 ns, Total: 298800 ns
[2020-04-26T16:12:37.618+0000][1][safepoint    ] Safepoint "RevokeBias", Time since last: 267800 ns, Reaching safepoint: 223000 ns, At safepoint: 76300 ns, Total: 299300 ns
[2020-04-26T16:12:37.618+0000][1][safepoint    ] Safepoint "RevokeBias", Time since last: 267700 ns, Reaching safepoint: 213400 ns, At safepoint: 75700 ns, Total: 289100 ns
[2020-04-26T16:12:37.619+0000][1][safepoint    ] Safepoint "RevokeBias", Time since last: 556300 ns, Reaching safepoint: 104900 ns, At safepoint: 79100 ns, Total: 184000 ns
[2020-04-26T16:12:37.620+0000][1][safepoint    ] Safepoint "BulkRevokeBias", Time since last: 590100 ns, Reaching safepoint: 106900 ns, At safepoint: 622300 ns, Total: 729200 ns
[2020-04-26T16:12:37.622+0000][1][safepoint    ] Safepoint "RevokeBias", Time since last: 1002900 ns, Reaching safepoint: 109900 ns, At safepoint: 86100 ns, Total: 196000 ns
[2020-04-26T16:12:37.623+0000][1][safepoint    ] Safepoint "RevokeBias", Time since last: 959100 ns, Reaching safepoint: 237100 ns, At safepoint: 266300 ns, Total: 503400 ns
[2020-04-26T16:12:37.625+0000][1][safepoint    ] Safepoint "RevokeBias", Time since last: 249600 ns, Reaching safepoint: 1351800 ns, At safepoint: 187600 ns, Total: 1539400 ns
[2020-04-26T16:12:37.627+0000][1][safepoint    ] Safepoint "RevokeBias", Time since last: 241000 ns, Reaching safepoint: 1306700 ns, At safepoint: 780000 ns, Total: 2086700 ns
[2020-04-26T16:12:37.629+0000][1][safepoint    ] Safepoint "RevokeBias", Time since last: 304200 ns, Reaching safepoint: 949300 ns, At safepoint: 233000 ns, Total: 1182300 ns
[2020-04-26T16:12:37.629+0000][1][safepoint    ] Safepoint "RevokeBias", Time since last: 305700 ns, Reaching safepoint: 319600 ns, At safepoint: 183500 ns, Total: 503100 ns
[2020-04-26T16:12:37.631+0000][1][safepoint    ] Safepoint "RevokeBias", Time since last: 266800 ns, Reaching safepoint: 660200 ns, At safepoint: 203700 ns, Total: 863900 ns
[2020-04-26T16:12:37.631+0000][1][safepoint    ] Safepoint "RevokeBias", Time since last: 241000 ns, Reaching safepoint: 373200 ns, At safepoint: 181900 ns, Total: 555100 ns
[2020-04-26T16:12:37.633+0000][1][safepoint    ] Safepoint "RevokeBias", Time since last: 185000 ns, Reaching safepoint: 484100 ns, At safepoint: 807000 ns, Total: 1291100 ns
[2020-04-26T16:12:37.634+0000][1][safepoint    ] Safepoint "RevokeBias", Time since last: 172800 ns, Reaching safepoint: 589300 ns, At safepoint: 255400 ns, Total: 844700 ns
[2020-04-26T16:12:37.635+0000][1][safepoint    ] Safepoint "RevokeBias", Time since last: 65700 ns, Reaching safepoint: 457300 ns, At safepoint: 239300 ns, Total: 696600 ns
[2020-04-26T16:12:37.635+0000][1][safepoint    ] Safepoint "RevokeBias", Time since last: 73100 ns, Reaching safepoint: 554400 ns, At safepoint: 176400 ns, Total: 730800 ns
[2020-04-26T16:12:37.636+0000][1][safepoint    ] Safepoint "RevokeBias", Time since last: 432000 ns, Reaching safepoint: 258100 ns, At safepoint: 183300 ns, Total: 441400 ns
[2020-04-26T16:12:37.637+0000][1][safepoint    ] Safepoint "RevokeBias", Time since last: 509800 ns, Reaching safepoint: 501900 ns, At safepoint: 108100 ns, Total: 610000 ns
[2020-04-26T16:12:37.638+0000][1][safepoint    ] Safepoint "RevokeBias", Time since last: 430300 ns, Reaching safepoint: 274500 ns, At safepoint: 112100 ns, Total: 386600 ns
[2020-04-26T16:12:37.642+0000][1][safepoint    ] Safepoint "RevokeBias", Time since last: 3629400 ns, Reaching safepoint: 429000 ns, At safepoint: 121400 ns, Total: 550400 ns
[2020-04-26T16:12:37.643+0000][1][safepoint    ] Safepoint "RevokeBias", Time since last: 289800 ns, Reaching safepoint: 408400 ns, At safepoint: 119700 ns, Total: 528100 ns
[2020-04-26T16:12:37.644+0000][1][safepoint    ] Safepoint "RevokeBias", Time since last: 219100 ns, Reaching safepoint: 322400 ns, At safepoint: 135600 ns, Total: 458000 ns
[2020-04-26T16:12:37.644+0000][1][safepoint    ] Safepoint "RevokeBias", Time since last: 208800 ns, Reaching safepoint: 253100 ns, At safepoint: 113200 ns, Total: 366300 ns
[2020-04-26T16:12:37.645+0000][1][safepoint    ] Safepoint "RevokeBias", Time since last: 178600 ns, Reaching safepoint: 261400 ns, At safepoint: 141500 ns, Total: 402900 ns
[2020-04-26T16:12:37.646+0000][1][safepoint    ] Safepoint "RevokeBias", Time since last: 168300 ns, Reaching safepoint: 141900 ns, At safepoint: 171500 ns, Total: 313400 ns
[2020-04-26T16:12:37.646+0000][1][safepoint    ] Safepoint "RevokeBias", Time since last: 89000 ns, Reaching safepoint: 288100 ns, At safepoint: 224700 ns, Total: 512800 ns
[2020-04-26T16:12:37.647+0000][1][safepoint    ] Safepoint "RevokeBias", Time since last: 55900 ns, Reaching safepoint: 174700 ns, At safepoint: 143100 ns, Total: 317800 ns
[2020-04-26T16:12:37.647+0000][1][safepoint    ] Safepoint "RevokeBias", Time since last: 78000 ns, Reaching safepoint: 169900 ns, At safepoint: 160000 ns, Total: 329900 ns
[2020-04-26T16:12:37.648+0000][1][safepoint    ] Safepoint "BulkRevokeBias", Time since last: 64700 ns, Reaching safepoint: 93700 ns, At safepoint: 596300 ns, Total: 690000 ns
[2020-04-26T16:12:37.648+0000][1][safepoint    ] Safepoint "RevokeBias", Time since last: 53900 ns, Reaching safepoint: 169200 ns, At safepoint: 581700 ns, Total: 750900 ns
[2020-04-26T16:12:37.649+0000][1][safepoint    ] Safepoint "RevokeBias", Time since last: 53200 ns, Reaching safepoint: 172200 ns, At safepoint: 168300 ns, Total: 340500 ns
[2020-04-26T16:12:37.649+0000][1][safepoint    ] Safepoint "RevokeBias", Time since last: 63700 ns, Reaching safepoint: 163700 ns, At safepoint: 156000 ns, Total: 319700 ns
[2020-04-26T16:12:37.650+0000][1][safepoint    ] Safepoint "RevokeBias", Time since last: 74800 ns, Reaching safepoint: 174300 ns, At safepoint: 154100 ns, Total: 328400 ns
[2020-04-26T16:12:37.650+0000][1][safepoint    ] Safepoint "RevokeBias", Time since last: 46900 ns, Reaching safepoint: 173100 ns, At safepoint: 154700 ns, Total: 327800 ns
[2020-04-26T16:12:37.650+0000][1][safepoint    ] Safepoint "RevokeBias", Time since last: 64600 ns, Reaching safepoint: 169100 ns, At safepoint: 131900 ns, Total: 301000 ns
[2020-04-26T16:12:37.651+0000][1][safepoint    ] Safepoint "RevokeBias", Time since last: 164000 ns, Reaching safepoint: 175300 ns, At safepoint: 96400 ns, Total: 271700 ns
[2020-04-26T16:12:37.651+0000][1][safepoint    ] Safepoint "RevokeBias", Time since last: 71400 ns, Reaching safepoint: 164000 ns, At safepoint: 135500 ns, Total: 299500 ns
[2020-04-26T16:12:37.652+0000][1][safepoint    ] Safepoint "RevokeBias", Time since last: 62900 ns, Reaching safepoint: 157100 ns, At safepoint: 96100 ns, Total: 253200 ns
[2020-04-26T16:12:37.652+0000][1][safepoint    ] Safepoint "RevokeBias", Time since last: 64900 ns, Reaching safepoint: 151300 ns, At safepoint: 108800 ns, Total: 260100 ns
[2020-04-26T16:12:37.652+0000][1][safepoint    ] Safepoint "RevokeBias", Time since last: 54800 ns, Reaching safepoint: 152700 ns, At safepoint: 90200 ns, Total: 242900 ns
[2020-04-26T16:12:37.652+0000][1][safepoint    ] Safepoint "RevokeBias", Time since last: 55200 ns, Reaching safepoint: 152500 ns, At safepoint: 111500 ns, Total: 264000 ns
[2020-04-26T16:12:37.653+0000][1][safepoint    ] Safepoint "RevokeBias", Time since last: 128500 ns, Reaching safepoint: 70500 ns, At safepoint: 98000 ns, Total: 168500 ns
[2020-04-26T16:12:37.653+0000][1][safepoint    ] Safepoint "RevokeBias", Time since last: 57000 ns, Reaching safepoint: 180700 ns, At safepoint: 149900 ns, Total: 330600 ns
[2020-04-26T16:12:37.654+0000][1][safepoint    ] Safepoint "RevokeBias", Time since last: 126100 ns, Reaching safepoint: 216200 ns, At safepoint: 118600 ns, Total: 334800 ns
[2020-04-26T16:12:37.654+0000][1][safepoint    ] Safepoint "RevokeBias", Time since last: 194000 ns, Reaching safepoint: 299100 ns, At safepoint: 84900 ns, Total: 384000 ns
[2020-04-26T16:12:37.654+0000][1][safepoint    ] Safepoint "RevokeBias", Time since last: 52600 ns, Reaching safepoint: 65200 ns, At safepoint: 65900 ns, Total: 131100 ns
[2020-04-26T16:12:37.655+0000][1][safepoint    ] Safepoint "RevokeBias", Time since last: 144600 ns, Reaching safepoint: 160100 ns, At safepoint: 129700 ns, Total: 289800 ns
[2020-04-26T16:12:37.655+0000][1][safepoint    ] Safepoint "RevokeBias", Time since last: 251700 ns, Reaching safepoint: 65500 ns, At safepoint: 39500 ns, Total: 105000 ns
[2020-04-26T16:12:37.656+0000][1][safepoint    ] Safepoint "RevokeBias", Time since last: 211800 ns, Reaching safepoint: 159700 ns, At safepoint: 85300 ns, Total: 245000 ns
[2020-04-26T16:12:37.656+0000][1][safepoint    ] Safepoint "RevokeBias", Time since last: 186900 ns, Reaching safepoint: 174800 ns, At safepoint: 87200 ns, Total: 262000 ns
[2020-04-26T16:12:37.657+0000][1][safepoint    ] Safepoint "RevokeBias", Time since last: 202500 ns, Reaching safepoint: 187200 ns, At safepoint: 93200 ns, Total: 280400 ns
[2020-04-26T16:12:37.657+0000][1][safepoint    ] Safepoint "RevokeBias", Time since last: 285800 ns, Reaching safepoint: 205000 ns, At safepoint: 63600 ns, Total: 268600 ns
[2020-04-26T16:12:37.657+0000][1][safepoint    ] Safepoint "RevokeBias", Time since last: 82500 ns, Reaching safepoint: 141700 ns, At safepoint: 60400 ns, Total: 202100 ns
[2020-04-26T16:12:37.658+0000][1][safepoint    ] Safepoint "RevokeBias", Time since last: 149800 ns, Reaching safepoint: 56200 ns, At safepoint: 54000 ns, Total: 110200 ns
[2020-04-26T16:12:37.658+0000][1][safepoint    ] Safepoint "RevokeBias", Time since last: 172100 ns, Reaching safepoint: 56800 ns, At safepoint: 37800 ns, Total: 94600 ns
[2020-04-26T16:12:37.658+0000][1][safepoint    ] Safepoint "RevokeBias", Time since last: 144700 ns, Reaching safepoint: 67600 ns, At safepoint: 47700 ns, Total: 115300 ns
[2020-04-26T16:12:37.659+0000][1][safepoint    ] Safepoint "RevokeBias", Time since last: 158000 ns, Reaching safepoint: 152300 ns, At safepoint: 62600 ns, Total: 214900 ns
[2020-04-26T16:12:37.659+0000][1][safepoint    ] Safepoint "RevokeBias", Time since last: 193500 ns, Reaching safepoint: 57400 ns, At safepoint: 36300 ns, Total: 93700 ns
[2020-04-26T16:12:37.659+0000][1][safepoint    ] Safepoint "RevokeBias", Time since last: 235500 ns, Reaching safepoint: 57900 ns, At safepoint: 37300 ns, Total: 95200 ns
[2020-04-26T16:12:37.660+0000][1][safepoint    ] Safepoint "RevokeBias", Time since last: 230300 ns, Reaching safepoint: 145200 ns, At safepoint: 47300 ns, Total: 192500 ns
[2020-04-26T16:12:37.660+0000][1][safepoint    ] Safepoint "RevokeBias", Time since last: 171800 ns, Reaching safepoint: 144700 ns, At safepoint: 49600 ns, Total: 194300 ns
[2020-04-26T16:12:37.660+0000][1][safepoint    ] Safepoint "RevokeBias", Time since last: 190000 ns, Reaching safepoint: 56300 ns, At safepoint: 33900 ns, Total: 90200 ns
[2020-04-26T16:12:37.661+0000][1][safepoint    ] Safepoint "RevokeBias", Time since last: 385200 ns, Reaching safepoint: 55900 ns, At safepoint: 45000 ns, Total: 100900 ns
[2020-04-26T16:12:37.661+0000][1][safepoint    ] Safepoint "RevokeBias", Time since last: 471900 ns, Reaching safepoint: 153000 ns, At safepoint: 97800 ns, Total: 250800 ns
[2020-04-26T16:12:37.662+0000][1][safepoint    ] Safepoint "RevokeBias", Time since last: 49700 ns, Reaching safepoint: 145500 ns, At safepoint: 134600 ns, Total: 280100 ns
[2020-04-26T16:12:37.662+0000][1][safepoint    ] Safepoint "RevokeBias", Time since last: 45100 ns, Reaching safepoint: 157200 ns, At safepoint: 164500 ns, Total: 321700 ns
[2020-04-26T16:12:37.666+0000][1][safepoint    ] Safepoint "RevokeBias", Time since last: 3574200 ns, Reaching safepoint: 79600 ns, At safepoint: 32200 ns, Total: 111800 ns
[2020-04-26T16:12:37.666+0000][1][safepoint    ] Safepoint "RevokeBias", Time since last: 167900 ns, Reaching safepoint: 144100 ns, At safepoint: 53800 ns, Total: 197900 ns
[2020-04-26T16:12:37.667+0000][1][safepoint    ] Safepoint "RevokeBias", Time since last: 423300 ns, Reaching safepoint: 58300 ns, At safepoint: 28100 ns, Total: 86400 ns
[2020-04-26T16:12:37.667+0000][1][safepoint    ] Safepoint "RevokeBias", Time since last: 445300 ns, Reaching safepoint: 55400 ns, At safepoint: 26900 ns, Total: 82300 ns
[2020-04-26T16:12:37.670+0000][1][safepoint    ] Safepoint "RevokeBias", Time since last: 2083000 ns, Reaching safepoint: 182700 ns, At safepoint: 70200 ns, Total: 252900 ns
[2020-04-26T16:12:37.676+0000][1][safepoint    ] Safepoint "RevokeBias", Time since last: 3636100 ns, Reaching safepoint: 2664800 ns, At safepoint: 140600 ns, Total: 2805400 ns
[2020-04-26T16:12:37.677+0000][1][safepoint    ] Safepoint "RevokeBias", Time since last: 854700 ns, Reaching safepoint: 124700 ns, At safepoint: 74800 ns, Total: 199500 ns
[2020-04-26T16:12:37.681+0000][1][gc,heap,exit ] Heap
[2020-04-26T16:12:37.681+0000][1][gc,heap,exit ]  par new generation   total 157248K, used 30564K [0x00000000e0000000, 0x00000000eaaa0000, 0x00000000eaaa0000)
[2020-04-26T16:12:37.681+0000][1][gc,heap,exit ]   eden space 139776K,  16% used [0x00000000e0000000, 0x00000000e1678080, 0x00000000e8880000)
[2020-04-26T16:12:37.681+0000][1][gc,heap,exit ]   from space 17472K,  43% used [0x00000000e8880000, 0x00000000e8fe1300, 0x00000000e9990000)
[2020-04-26T16:12:37.681+0000][1][gc,heap,exit ]   to   space 17472K,   0% used [0x00000000e9990000, 0x00000000e9990000, 0x00000000eaaa0000)
[2020-04-26T16:12:37.681+0000][1][gc,heap,exit ]  concurrent mark-sweep generation total 349568K, used 76693K [0x00000000eaaa0000, 0x0000000100000000, 0x0000000100000000)
[2020-04-26T16:12:37.681+0000][1][gc,heap,exit ]  Metaspace       used 92714K, capacity 99908K, committed 100024K, reserved 1134592K
[2020-04-26T16:12:37.681+0000][1][gc,heap,exit ]   class space    used 12263K, capacity 15239K, committed 15352K, reserved 1048576K
