[2020-04-26T14:58:37.351+0000][1][gc] Using Concurrent Mark Sweep
[2020-04-26T14:58:37.351+0000][1][gc,heap,coops] Heap address: 0x00000000e0000000, size: 512 MB, Compressed Oops mode: 32-bit
[2020-04-26T14:58:37.388+0000][1][safepoint    ] Safepoint "EnableBiasedLocking", Time since last: 27867900 ns, Reaching safepoint: 21700 ns, At safepoint: 53500 ns, Total: 75200 ns
[2020-04-26T14:58:37.390+0000][1][safepoint    ] Safepoint "RevokeBias", Time since last: 2695700 ns, Reaching safepoint: 140200 ns, At safepoint: 57100 ns, Total: 197300 ns
[2020-04-26T14:58:37.399+0000][1][safepoint    ] Safepoint "Deoptimize", Time since last: 8317700 ns, Reaching safepoint: 9200 ns, At safepoint: 45800 ns, Total: 55000 ns
[2020-04-26T14:58:37.494+0000][1][safepoint    ] Safepoint "RevokeBias", Time since last: 94421400 ns, Reaching safepoint: 180200 ns, At safepoint: 68900 ns, Total: 249100 ns
[2020-04-26T14:58:37.496+0000][1][safepoint    ] Safepoint "Deoptimize", Time since last: 2026400 ns, Reaching safepoint: 17600 ns, At safepoint: 93800 ns, Total: 111400 ns
[2020-04-26T14:58:37.497+0000][1][safepoint    ] Safepoint "Deoptimize", Time since last: 1704800 ns, Reaching safepoint: 11100 ns, At safepoint: 62500 ns, Total: 73600 ns
[2020-04-26T14:58:37.526+0000][1][safepoint    ] Safepoint "Deoptimize", Time since last: 28204100 ns, Reaching safepoint: 56800 ns, At safepoint: 196700 ns, Total: 253500 ns
[2020-04-26T14:58:37.781+0000][1][safepoint    ] Safepoint "Deoptimize", Time since last: 254825900 ns, Reaching safepoint: 50200 ns, At safepoint: 114200 ns, Total: 164400 ns
[2020-04-26T14:58:37.813+0000][1][safepoint    ] Safepoint "Deoptimize", Time since last: 32039200 ns, Reaching safepoint: 29800 ns, At safepoint: 92700 ns, Total: 122500 ns
[2020-04-26T14:58:37.893+0000][1][safepoint    ] Safepoint "Deoptimize", Time since last: 80170900 ns, Reaching safepoint: 69400 ns, At safepoint: 124000 ns, Total: 193400 ns
[2020-04-26T14:58:37.998+0000][1][safepoint    ] Safepoint "Deoptimize", Time since last: 104368700 ns, Reaching safepoint: 60600 ns, At safepoint: 104300 ns, Total: 164900 ns
[2020-04-26T14:58:38.258+0000][1][safepoint    ] Safepoint "Deoptimize", Time since last: 259519600 ns, Reaching safepoint: 35200 ns, At safepoint: 111300 ns, Total: 146500 ns
[2020-04-26T14:58:38.319+0000][1][safepoint    ] Safepoint "RevokeBias", Time since last: 61306300 ns, Reaching safepoint: 24900 ns, At safepoint: 77300 ns, Total: 102200 ns
[2020-04-26T14:58:38.423+0000][1][safepoint    ] Safepoint "Deoptimize", Time since last: 103866300 ns, Reaching safepoint: 93200 ns, At safepoint: 221400 ns, Total: 314600 ns
[2020-04-26T14:58:38.516+0000][1][safepoint    ] Safepoint "Deoptimize", Time since last: 92617900 ns, Reaching safepoint: 44900 ns, At safepoint: 165700 ns, Total: 210600 ns
[2020-04-26T14:58:38.516+0000][1][safepoint    ] Safepoint "Deoptimize", Time since last: 248100 ns, Reaching safepoint: 11900 ns, At safepoint: 189400 ns, Total: 201300 ns
[2020-04-26T14:58:38.541+0000][1][safepoint    ] Safepoint "Deoptimize", Time since last: 24242000 ns, Reaching safepoint: 21300 ns, At safepoint: 179600 ns, Total: 200900 ns
[2020-04-26T14:58:38.543+0000][1][safepoint    ] Safepoint "Deoptimize", Time since last: 2205100 ns, Reaching safepoint: 11200 ns, At safepoint: 127000 ns, Total: 138200 ns
[2020-04-26T14:58:38.549+0000][1][safepoint    ] Safepoint "RevokeBias", Time since last: 5764300 ns, Reaching safepoint: 115800 ns, At safepoint: 92300 ns, Total: 208100 ns
[2020-04-26T14:58:38.550+0000][1][safepoint    ] Safepoint "RevokeBias", Time since last: 168600 ns, Reaching safepoint: 102500 ns, At safepoint: 68200 ns, Total: 170700 ns
[2020-04-26T14:58:38.550+0000][1][safepoint    ] Safepoint "RevokeBias", Time since last: 129100 ns, Reaching safepoint: 103600 ns, At safepoint: 65100 ns, Total: 168700 ns
[2020-04-26T14:58:38.550+0000][1][safepoint    ] Safepoint "RevokeBias", Time since last: 170300 ns, Reaching safepoint: 86100 ns, At safepoint: 42500 ns, Total: 128600 ns
[2020-04-26T14:58:38.551+0000][1][safepoint    ] Safepoint "RevokeBias", Time since last: 510800 ns, Reaching safepoint: 6600 ns, At safepoint: 33500 ns, Total: 40100 ns
[2020-04-26T14:58:38.804+0000][1][safepoint    ] Safepoint "Deoptimize", Time since last: 252925300 ns, Reaching safepoint: 55100 ns, At safepoint: 213700 ns, Total: 268800 ns
[2020-04-26T14:58:38.946+0000][1][safepoint    ] Safepoint "RevokeBias", Time since last: 141580900 ns, Reaching safepoint: 159600 ns, At safepoint: 82500 ns, Total: 242100 ns
[2020-04-26T14:58:38.946+0000][1][safepoint    ] Safepoint "RevokeBias", Time since last: 316900 ns, Reaching safepoint: 24000 ns, At safepoint: 57000 ns, Total: 81000 ns
[2020-04-26T14:58:39.111+0000][1][gc,start     ] GC(0) Pause Young (Allocation Failure)
[2020-04-26T14:58:39.113+0000][1][gc,task      ] GC(0) Using 10 workers of 10 for evacuation
[2020-04-26T14:58:39.119+0000][1][gc,age       ] GC(0) Desired survivor size 8945664 bytes, new threshold 1 (max threshold 6)
[2020-04-26T14:58:39.119+0000][1][gc,age       ] GC(0) Age table with threshold 1 (max threshold 6)
[2020-04-26T14:58:39.119+0000][1][gc,age       ] GC(0) - age   1:   10669288 bytes,   10669288 total
[2020-04-26T14:58:39.119+0000][1][gc,heap      ] GC(0) ParNew: 139776K->10564K(157248K)
[2020-04-26T14:58:39.119+0000][1][gc,heap      ] GC(0) CMS: 0K->0K(349568K)
[2020-04-26T14:58:39.119+0000][1][gc,metaspace ] GC(0) Metaspace: 17163K->17163K(1064960K)
[2020-04-26T14:58:39.119+0000][1][gc           ] GC(0) Pause Young (Allocation Failure) 136M->10M(494M) 7.519ms
[2020-04-26T14:58:39.119+0000][1][gc,cpu       ] GC(0) User=0.04s Sys=0.01s Real=0.01s
[2020-04-26T14:58:39.119+0000][1][safepoint    ] Safepoint "GenCollectForAllocation", Time since last: 165064500 ns, Reaching safepoint: 46700 ns, At safepoint: 7604400 ns, Total: 7651100 ns
[2020-04-26T14:58:39.119+0000][1][safepoint    ] Safepoint "RevokeBias", Time since last: 353200 ns, Reaching safepoint: 115600 ns, At safepoint: 93000 ns, Total: 208600 ns
[2020-04-26T14:58:39.120+0000][1][safepoint    ] Safepoint "RevokeBias", Time since last: 118100 ns, Reaching safepoint: 100200 ns, At safepoint: 86300 ns, Total: 186500 ns
[2020-04-26T14:58:39.120+0000][1][safepoint    ] Safepoint "BulkRevokeBias", Time since last: 89900 ns, Reaching safepoint: 169400 ns, At safepoint: 113500 ns, Total: 282900 ns
[2020-04-26T14:58:39.120+0000][1][safepoint    ] Safepoint "RevokeBias", Time since last: 151300 ns, Reaching safepoint: 115300 ns, At safepoint: 112700 ns, Total: 228000 ns
[2020-04-26T14:58:39.121+0000][1][safepoint    ] Safepoint "RevokeBias", Time since last: 107300 ns, Reaching safepoint: 102100 ns, At safepoint: 105700 ns, Total: 207800 ns
[2020-04-26T14:58:39.121+0000][1][safepoint    ] Safepoint "RevokeBias", Time since last: 138100 ns, Reaching safepoint: 105700 ns, At safepoint: 89200 ns, Total: 194900 ns
[2020-04-26T14:58:39.121+0000][1][safepoint    ] Safepoint "RevokeBias", Time since last: 155800 ns, Reaching safepoint: 104800 ns, At safepoint: 67200 ns, Total: 172000 ns
[2020-04-26T14:58:39.122+0000][1][safepoint    ] Safepoint "RevokeBias", Time since last: 100200 ns, Reaching safepoint: 108200 ns, At safepoint: 76500 ns, Total: 184700 ns
[2020-04-26T14:58:39.122+0000][1][safepoint    ] Safepoint "RevokeBias", Time since last: 93700 ns, Reaching safepoint: 121500 ns, At safepoint: 98200 ns, Total: 219700 ns
[2020-04-26T14:58:39.122+0000][1][safepoint    ] Safepoint "RevokeBias", Time since last: 134900 ns, Reaching safepoint: 97900 ns, At safepoint: 76000 ns, Total: 173900 ns
[2020-04-26T14:58:39.123+0000][1][safepoint    ] Safepoint "RevokeBias", Time since last: 116500 ns, Reaching safepoint: 107900 ns, At safepoint: 59000 ns, Total: 166900 ns
[2020-04-26T14:58:39.123+0000][1][safepoint    ] Safepoint "RevokeBias", Time since last: 90900 ns, Reaching safepoint: 97600 ns, At safepoint: 73000 ns, Total: 170600 ns
[2020-04-26T14:58:39.123+0000][1][safepoint    ] Safepoint "RevokeBias", Time since last: 84100 ns, Reaching safepoint: 101700 ns, At safepoint: 56300 ns, Total: 158000 ns
[2020-04-26T14:58:39.123+0000][1][safepoint    ] Safepoint "RevokeBias", Time since last: 78800 ns, Reaching safepoint: 91700 ns, At safepoint: 49400 ns, Total: 141100 ns
[2020-04-26T14:58:39.124+0000][1][safepoint    ] Safepoint "RevokeBias", Time since last: 106200 ns, Reaching safepoint: 91300 ns, At safepoint: 49600 ns, Total: 140900 ns
[2020-04-26T14:58:39.124+0000][1][safepoint    ] Safepoint "RevokeBias", Time since last: 78400 ns, Reaching safepoint: 91900 ns, At safepoint: 51300 ns, Total: 143200 ns
[2020-04-26T14:58:39.124+0000][1][safepoint    ] Safepoint "RevokeBias", Time since last: 179100 ns, Reaching safepoint: 88000 ns, At safepoint: 44800 ns, Total: 132800 ns
[2020-04-26T14:58:39.124+0000][1][safepoint    ] Safepoint "RevokeBias", Time since last: 72300 ns, Reaching safepoint: 88700 ns, At safepoint: 44500 ns, Total: 133200 ns
[2020-04-26T14:58:39.125+0000][1][safepoint    ] Safepoint "RevokeBias", Time since last: 107200 ns, Reaching safepoint: 89100 ns, At safepoint: 45400 ns, Total: 134500 ns
[2020-04-26T14:58:39.125+0000][1][safepoint    ] Safepoint "RevokeBias", Time since last: 71000 ns, Reaching safepoint: 89300 ns, At safepoint: 46500 ns, Total: 135800 ns
[2020-04-26T14:58:39.125+0000][1][safepoint    ] Safepoint "RevokeBias", Time since last: 72900 ns, Reaching safepoint: 88800 ns, At safepoint: 44400 ns, Total: 133200 ns
[2020-04-26T14:58:39.125+0000][1][safepoint    ] Safepoint "RevokeBias", Time since last: 76800 ns, Reaching safepoint: 90000 ns, At safepoint: 46900 ns, Total: 136900 ns
[2020-04-26T14:58:39.125+0000][1][safepoint    ] Safepoint "RevokeBias", Time since last: 76700 ns, Reaching safepoint: 92100 ns, At safepoint: 58300 ns, Total: 150400 ns
[2020-04-26T14:58:39.126+0000][1][safepoint    ] Safepoint "RevokeBias", Time since last: 72000 ns, Reaching safepoint: 88800 ns, At safepoint: 44600 ns, Total: 133400 ns
[2020-04-26T14:58:39.126+0000][1][safepoint    ] Safepoint "RevokeBias", Time since last: 75600 ns, Reaching safepoint: 89100 ns, At safepoint: 47000 ns, Total: 136100 ns
[2020-04-26T14:58:39.126+0000][1][safepoint    ] Safepoint "RevokeBias", Time since last: 70900 ns, Reaching safepoint: 90100 ns, At safepoint: 60500 ns, Total: 150600 ns
[2020-04-26T14:58:39.126+0000][1][safepoint    ] Safepoint "RevokeBias", Time since last: 75400 ns, Reaching safepoint: 91600 ns, At safepoint: 56700 ns, Total: 148300 ns
[2020-04-26T14:58:39.127+0000][1][safepoint    ] Safepoint "RevokeBias", Time since last: 68400 ns, Reaching safepoint: 88000 ns, At safepoint: 41700 ns, Total: 129700 ns
[2020-04-26T14:58:39.127+0000][1][safepoint    ] Safepoint "RevokeBias", Time since last: 181900 ns, Reaching safepoint: 103900 ns, At safepoint: 78600 ns, Total: 182500 ns
[2020-04-26T14:58:39.127+0000][1][safepoint    ] Safepoint "RevokeBias", Time since last: 74700 ns, Reaching safepoint: 90000 ns, At safepoint: 62300 ns, Total: 152300 ns
[2020-04-26T14:58:39.127+0000][1][safepoint    ] Safepoint "RevokeBias", Time since last: 132300 ns, Reaching safepoint: 102800 ns, At safepoint: 66700 ns, Total: 169500 ns
[2020-04-26T14:58:39.128+0000][1][safepoint    ] Safepoint "RevokeBias", Time since last: 75100 ns, Reaching safepoint: 92800 ns, At safepoint: 77800 ns, Total: 170600 ns
[2020-04-26T14:58:39.128+0000][1][safepoint    ] Safepoint "RevokeBias", Time since last: 79600 ns, Reaching safepoint: 90700 ns, At safepoint: 82400 ns, Total: 173100 ns
[2020-04-26T14:58:39.128+0000][1][safepoint    ] Safepoint "RevokeBias", Time since last: 86800 ns, Reaching safepoint: 107100 ns, At safepoint: 62500 ns, Total: 169600 ns
[2020-04-26T14:58:39.129+0000][1][safepoint    ] Safepoint "RevokeBias", Time since last: 280400 ns, Reaching safepoint: 105600 ns, At safepoint: 90200 ns, Total: 195800 ns
[2020-04-26T14:58:39.129+0000][1][safepoint    ] Safepoint "RevokeBias", Time since last: 87400 ns, Reaching safepoint: 95000 ns, At safepoint: 76100 ns, Total: 171100 ns
[2020-04-26T14:58:39.129+0000][1][safepoint    ] Safepoint "RevokeBias", Time since last: 100400 ns, Reaching safepoint: 109200 ns, At safepoint: 87700 ns, Total: 196900 ns
[2020-04-26T14:58:39.130+0000][1][safepoint    ] Safepoint "RevokeBias", Time since last: 98500 ns, Reaching safepoint: 132600 ns, At safepoint: 74700 ns, Total: 207300 ns
[2020-04-26T14:58:39.130+0000][1][safepoint    ] Safepoint "BulkRevokeBias", Time since last: 108300 ns, Reaching safepoint: 91700 ns, At safepoint: 76300 ns, Total: 168000 ns
[2020-04-26T14:58:39.130+0000][1][safepoint    ] Safepoint "BulkRevokeBias", Time since last: 79100 ns, Reaching safepoint: 120100 ns, At safepoint: 115500 ns, Total: 235600 ns
[2020-04-26T14:58:39.132+0000][1][safepoint    ] Safepoint "RevokeBias", Time since last: 1871000 ns, Reaching safepoint: 98000 ns, At safepoint: 105000 ns, Total: 203000 ns
[2020-04-26T14:58:39.134+0000][1][safepoint    ] Safepoint "RevokeBias", Time since last: 1581500 ns, Reaching safepoint: 12500 ns, At safepoint: 54600 ns, Total: 67100 ns
[2020-04-26T14:58:39.299+0000][1][safepoint    ] Safepoint "ICBufferFull", Time since last: 165006300 ns, Reaching safepoint: 130800 ns, At safepoint: 61100 ns, Total: 191900 ns
[2020-04-26T14:58:39.389+0000][1][gc,start     ] GC(1) Pause Young (Allocation Failure)
[2020-04-26T14:58:39.389+0000][1][gc,task      ] GC(1) Using 10 workers of 10 for evacuation
[2020-04-26T14:58:39.411+0000][1][gc,age       ] GC(1) Desired survivor size 8945664 bytes, new threshold 6 (max threshold 6)
[2020-04-26T14:58:39.411+0000][1][gc,age       ] GC(1) Age table with threshold 6 (max threshold 6)
[2020-04-26T14:58:39.411+0000][1][gc,age       ] GC(1) - age   1:    2409608 bytes,    2409608 total
[2020-04-26T14:58:39.411+0000][1][gc,heap      ] GC(1) ParNew: 150340K->8116K(157248K)
[2020-04-26T14:58:39.411+0000][1][gc,heap      ] GC(1) CMS: 0K->9495K(349568K)
[2020-04-26T14:58:39.411+0000][1][gc,metaspace ] GC(1) Metaspace: 18505K->18505K(1067008K)
[2020-04-26T14:58:39.411+0000][1][gc           ] GC(1) Pause Young (Allocation Failure) 146M->17M(494M) 21.885ms
[2020-04-26T14:58:39.411+0000][1][gc,cpu       ] GC(1) User=0.13s Sys=0.07s Real=0.02s
[2020-04-26T14:58:39.411+0000][1][safepoint    ] Safepoint "GenCollectForAllocation", Time since last: 90051600 ns, Reaching safepoint: 34900 ns, At safepoint: 22051500 ns, Total: 22086400 ns
[2020-04-26T14:58:39.412+0000][1][safepoint    ] Safepoint "RevokeBias", Time since last: 370800 ns, Reaching safepoint: 117800 ns, At safepoint: 96300 ns, Total: 214100 ns
[2020-04-26T14:58:39.412+0000][1][safepoint    ] Safepoint "RevokeBias", Time since last: 119100 ns, Reaching safepoint: 113800 ns, At safepoint: 84300 ns, Total: 198100 ns
[2020-04-26T14:58:39.412+0000][1][safepoint    ] Safepoint "RevokeBias", Time since last: 97200 ns, Reaching safepoint: 11300 ns, At safepoint: 51900 ns, Total: 63200 ns
[2020-04-26T14:58:39.412+0000][1][safepoint    ] Safepoint "RevokeBias", Time since last: 78600 ns, Reaching safepoint: 102500 ns, At safepoint: 54100 ns, Total: 156600 ns
[2020-04-26T14:58:39.413+0000][1][safepoint    ] Safepoint "RevokeBias", Time since last: 101600 ns, Reaching safepoint: 99200 ns, At safepoint: 69200 ns, Total: 168400 ns
[2020-04-26T14:58:39.413+0000][1][safepoint    ] Safepoint "RevokeBias", Time since last: 85800 ns, Reaching safepoint: 101000 ns, At safepoint: 53500 ns, Total: 154500 ns
[2020-04-26T14:58:39.413+0000][1][safepoint    ] Safepoint "RevokeBias", Time since last: 90800 ns, Reaching safepoint: 175800 ns, At safepoint: 60300 ns, Total: 236100 ns
[2020-04-26T14:58:39.414+0000][1][safepoint    ] Safepoint "RevokeBias", Time since last: 79100 ns, Reaching safepoint: 91900 ns, At safepoint: 50800 ns, Total: 142700 ns
[2020-04-26T14:58:39.414+0000][1][safepoint    ] Safepoint "RevokeBias", Time since last: 294700 ns, Reaching safepoint: 121000 ns, At safepoint: 129200 ns, Total: 250200 ns
[2020-04-26T14:58:39.414+0000][1][safepoint    ] Safepoint "RevokeBias", Time since last: 128000 ns, Reaching safepoint: 103700 ns, At safepoint: 91100 ns, Total: 194800 ns
[2020-04-26T14:58:39.415+0000][1][safepoint    ] Safepoint "RevokeBias", Time since last: 129900 ns, Reaching safepoint: 104100 ns, At safepoint: 94500 ns, Total: 198600 ns
[2020-04-26T14:58:39.415+0000][1][safepoint    ] Safepoint "RevokeBias", Time since last: 116700 ns, Reaching safepoint: 104300 ns, At safepoint: 109100 ns, Total: 213400 ns
[2020-04-26T14:58:39.415+0000][1][safepoint    ] Safepoint "RevokeBias", Time since last: 140200 ns, Reaching safepoint: 105200 ns, At safepoint: 70300 ns, Total: 175500 ns
[2020-04-26T14:58:39.416+0000][1][safepoint    ] Safepoint "RevokeBias", Time since last: 115500 ns, Reaching safepoint: 14400 ns, At safepoint: 72800 ns, Total: 87200 ns
[2020-04-26T14:58:39.416+0000][1][safepoint    ] Safepoint "RevokeBias", Time since last: 112400 ns, Reaching safepoint: 110500 ns, At safepoint: 70000 ns, Total: 180500 ns
[2020-04-26T14:58:39.416+0000][1][safepoint    ] Safepoint "RevokeBias", Time since last: 116300 ns, Reaching safepoint: 88900 ns, At safepoint: 50400 ns, Total: 139300 ns
[2020-04-26T14:58:39.416+0000][1][safepoint    ] Safepoint "RevokeBias", Time since last: 83000 ns, Reaching safepoint: 97900 ns, At safepoint: 50200 ns, Total: 148100 ns
[2020-04-26T14:58:39.417+0000][1][safepoint    ] Safepoint "RevokeBias", Time since last: 77700 ns, Reaching safepoint: 89500 ns, At safepoint: 47500 ns, Total: 137000 ns
[2020-04-26T14:58:39.417+0000][1][safepoint    ] Safepoint "RevokeBias", Time since last: 72700 ns, Reaching safepoint: 91600 ns, At safepoint: 54700 ns, Total: 146300 ns
[2020-04-26T14:58:39.417+0000][1][safepoint    ] Safepoint "RevokeBias", Time since last: 72000 ns, Reaching safepoint: 88700 ns, At safepoint: 45700 ns, Total: 134400 ns
[2020-04-26T14:58:39.417+0000][1][safepoint    ] Safepoint "RevokeBias", Time since last: 80100 ns, Reaching safepoint: 95500 ns, At safepoint: 48500 ns, Total: 144000 ns
[2020-04-26T14:58:39.417+0000][1][safepoint    ] Safepoint "RevokeBias", Time since last: 81900 ns, Reaching safepoint: 88800 ns, At safepoint: 48500 ns, Total: 137300 ns
[2020-04-26T14:58:39.418+0000][1][safepoint    ] Safepoint "RevokeBias", Time since last: 79600 ns, Reaching safepoint: 89200 ns, At safepoint: 49400 ns, Total: 138600 ns
[2020-04-26T14:58:39.418+0000][1][safepoint    ] Safepoint "RevokeBias", Time since last: 64200 ns, Reaching safepoint: 88500 ns, At safepoint: 53300 ns, Total: 141800 ns
[2020-04-26T14:58:39.418+0000][1][safepoint    ] Safepoint "RevokeBias", Time since last: 136300 ns, Reaching safepoint: 119100 ns, At safepoint: 77400 ns, Total: 196500 ns
[2020-04-26T14:58:39.418+0000][1][safepoint    ] Safepoint "RevokeBias", Time since last: 142700 ns, Reaching safepoint: 23600 ns, At safepoint: 102200 ns, Total: 125800 ns
[2020-04-26T14:58:39.419+0000][1][safepoint    ] Safepoint "RevokeBias", Time since last: 132200 ns, Reaching safepoint: 118600 ns, At safepoint: 79700 ns, Total: 198300 ns
[2020-04-26T14:58:39.646+0000][1][safepoint    ] Safepoint "Deoptimize", Time since last: 227225400 ns, Reaching safepoint: 48500 ns, At safepoint: 214500 ns, Total: 263000 ns
[2020-04-26T14:58:39.658+0000][1][gc,start     ] GC(2) Pause Young (Allocation Failure)
[2020-04-26T14:58:39.658+0000][1][gc,task      ] GC(2) Using 10 workers of 10 for evacuation
[2020-04-26T14:58:39.661+0000][1][gc,age       ] GC(2) Desired survivor size 8945664 bytes, new threshold 6 (max threshold 6)
[2020-04-26T14:58:39.661+0000][1][gc,age       ] GC(2) Age table with threshold 6 (max threshold 6)
[2020-04-26T14:58:39.661+0000][1][gc,age       ] GC(2) - age   1:    2184464 bytes,    2184464 total
[2020-04-26T14:58:39.661+0000][1][gc,age       ] GC(2) - age   2:    1621816 bytes,    3806280 total
[2020-04-26T14:58:39.661+0000][1][gc,heap      ] GC(2) ParNew: 147892K->4885K(157248K)
[2020-04-26T14:58:39.661+0000][1][gc,heap      ] GC(2) CMS: 9495K->9495K(349568K)
[2020-04-26T14:58:39.661+0000][1][gc,metaspace ] GC(2) Metaspace: 19100K->19100K(1067008K)
[2020-04-26T14:58:39.661+0000][1][gc           ] GC(2) Pause Young (Allocation Failure) 153M->14M(494M) 3.349ms
[2020-04-26T14:58:39.661+0000][1][gc,cpu       ] GC(2) User=0.04s Sys=0.00s Real=0.01s
[2020-04-26T14:58:39.661+0000][1][safepoint    ] Safepoint "GenCollectForAllocation", Time since last: 11197300 ns, Reaching safepoint: 111300 ns, At safepoint: 3509000 ns, Total: 3620300 ns
[2020-04-26T14:58:39.662+0000][1][safepoint    ] Safepoint "RevokeBias", Time since last: 278800 ns, Reaching safepoint: 119500 ns, At safepoint: 156900 ns, Total: 276400 ns
[2020-04-26T14:58:39.662+0000][1][safepoint    ] Safepoint "RevokeBias", Time since last: 170300 ns, Reaching safepoint: 171500 ns, At safepoint: 139000 ns, Total: 310500 ns
[2020-04-26T14:58:39.663+0000][1][safepoint    ] Safepoint "RevokeBias", Time since last: 196000 ns, Reaching safepoint: 127400 ns, At safepoint: 145000 ns, Total: 272400 ns
[2020-04-26T14:58:39.663+0000][1][safepoint    ] Safepoint "RevokeBias", Time since last: 131500 ns, Reaching safepoint: 109100 ns, At safepoint: 143300 ns, Total: 252400 ns
[2020-04-26T14:58:39.663+0000][1][safepoint    ] Safepoint "RevokeBias", Time since last: 182600 ns, Reaching safepoint: 120900 ns, At safepoint: 99600 ns, Total: 220500 ns
[2020-04-26T14:58:39.664+0000][1][safepoint    ] Safepoint "RevokeBias", Time since last: 129900 ns, Reaching safepoint: 106400 ns, At safepoint: 97200 ns, Total: 203600 ns
[2020-04-26T14:58:39.664+0000][1][safepoint    ] Safepoint "RevokeBias", Time since last: 133100 ns, Reaching safepoint: 106400 ns, At safepoint: 91900 ns, Total: 198300 ns
[2020-04-26T14:58:39.664+0000][1][safepoint    ] Safepoint "RevokeBias", Time since last: 126400 ns, Reaching safepoint: 104400 ns, At safepoint: 94300 ns, Total: 198700 ns
[2020-04-26T14:58:39.665+0000][1][safepoint    ] Safepoint "RevokeBias", Time since last: 137300 ns, Reaching safepoint: 105200 ns, At safepoint: 73100 ns, Total: 178300 ns
[2020-04-26T14:58:39.665+0000][1][safepoint    ] Safepoint "RevokeBias", Time since last: 121100 ns, Reaching safepoint: 106100 ns, At safepoint: 105900 ns, Total: 212000 ns
[2020-04-26T14:58:39.665+0000][1][safepoint    ] Safepoint "RevokeBias", Time since last: 188200 ns, Reaching safepoint: 131900 ns, At safepoint: 103600 ns, Total: 235500 ns
[2020-04-26T14:58:39.666+0000][1][safepoint    ] Safepoint "BulkRevokeBias", Time since last: 185500 ns, Reaching safepoint: 122500 ns, At safepoint: 108800 ns, Total: 231300 ns
[2020-04-26T14:58:39.692+0000][1][safepoint    ] Safepoint "Deoptimize", Time since last: 26233000 ns, Reaching safepoint: 32500 ns, At safepoint: 311400 ns, Total: 343900 ns
[2020-04-26T14:58:39.848+0000][1][gc,start     ] GC(3) Pause Young (Allocation Failure)
[2020-04-26T14:58:39.848+0000][1][gc,task      ] GC(3) Using 10 workers of 10 for evacuation
[2020-04-26T14:58:39.852+0000][1][gc,age       ] GC(3) Desired survivor size 8945664 bytes, new threshold 6 (max threshold 6)
[2020-04-26T14:58:39.852+0000][1][gc,age       ] GC(3) Age table with threshold 6 (max threshold 6)
[2020-04-26T14:58:39.852+0000][1][gc,age       ] GC(3) - age   1:    3630704 bytes,    3630704 total
[2020-04-26T14:58:39.852+0000][1][gc,age       ] GC(3) - age   2:    2101904 bytes,    5732608 total
[2020-04-26T14:58:39.852+0000][1][gc,age       ] GC(3) - age   3:    1615704 bytes,    7348312 total
[2020-04-26T14:58:39.852+0000][1][gc,heap      ] GC(3) ParNew: 144661K->7963K(157248K)
[2020-04-26T14:58:39.852+0000][1][gc,heap      ] GC(3) CMS: 9495K->9495K(349568K)
[2020-04-26T14:58:39.852+0000][1][gc,metaspace ] GC(3) Metaspace: 19462K->19462K(1067008K)
[2020-04-26T14:58:39.852+0000][1][gc           ] GC(3) Pause Young (Allocation Failure) 150M->17M(494M) 4.044ms
[2020-04-26T14:58:39.852+0000][1][gc,cpu       ] GC(3) User=0.05s Sys=0.01s Real=0.01s
[2020-04-26T14:58:39.852+0000][1][safepoint    ] Safepoint "GenCollectForAllocation", Time since last: 155538800 ns, Reaching safepoint: 85000 ns, At safepoint: 4194200 ns, Total: 4279200 ns
[2020-04-26T14:58:39.853+0000][1][safepoint    ] Safepoint "BulkRevokeBias", Time since last: 275900 ns, Reaching safepoint: 175600 ns, At safepoint: 126800 ns, Total: 302400 ns
[2020-04-26T14:58:40.072+0000][1][gc,start     ] GC(4) Pause Young (Allocation Failure)
[2020-04-26T14:58:40.072+0000][1][gc,task      ] GC(4) Using 10 workers of 10 for evacuation
[2020-04-26T14:58:40.076+0000][1][gc,age       ] GC(4) Desired survivor size 8945664 bytes, new threshold 6 (max threshold 6)
[2020-04-26T14:58:40.076+0000][1][gc,age       ] GC(4) Age table with threshold 6 (max threshold 6)
[2020-04-26T14:58:40.076+0000][1][gc,age       ] GC(4) - age   1:     788448 bytes,     788448 total
[2020-04-26T14:58:40.076+0000][1][gc,age       ] GC(4) - age   2:    1930496 bytes,    2718944 total
[2020-04-26T14:58:40.076+0000][1][gc,age       ] GC(4) - age   3:    2101224 bytes,    4820168 total
[2020-04-26T14:58:40.076+0000][1][gc,age       ] GC(4) - age   4:    1615536 bytes,    6435704 total
[2020-04-26T14:58:40.076+0000][1][gc,heap      ] GC(4) ParNew: 147739K->8540K(157248K)
[2020-04-26T14:58:40.076+0000][1][gc,heap      ] GC(4) CMS: 9495K->9495K(349568K)
[2020-04-26T14:58:40.076+0000][1][gc,metaspace ] GC(4) Metaspace: 19732K->19732K(1067008K)
[2020-04-26T14:58:40.076+0000][1][gc           ] GC(4) Pause Young (Allocation Failure) 153M->17M(494M) 3.880ms
[2020-04-26T14:58:40.076+0000][1][gc,cpu       ] GC(4) User=0.03s Sys=0.00s Real=0.00s
[2020-04-26T14:58:40.076+0000][1][safepoint    ] Safepoint "GenCollectForAllocation", Time since last: 219545600 ns, Reaching safepoint: 34200 ns, At safepoint: 4006900 ns, Total: 4041100 ns
[2020-04-26T14:58:40.138+0000][1][safepoint    ] Safepoint "CollectForMetadataAllocation", Time since last: 61631300 ns, Reaching safepoint: 21700 ns, At safepoint: 110900 ns, Total: 132600 ns
[2020-04-26T14:58:40.166+0000][1][safepoint    ] Safepoint "CollectForMetadataAllocation", Time since last: 27597500 ns, Reaching safepoint: 35100 ns, At safepoint: 170800 ns, Total: 205900 ns
[2020-04-26T14:58:40.339+0000][1][gc,start     ] GC(5) Pause Young (Allocation Failure)
[2020-04-26T14:58:40.339+0000][1][gc,task      ] GC(5) Using 10 workers of 10 for evacuation
[2020-04-26T14:58:40.344+0000][1][gc,age       ] GC(5) Desired survivor size 8945664 bytes, new threshold 6 (max threshold 6)
[2020-04-26T14:58:40.344+0000][1][gc,age       ] GC(5) Age table with threshold 6 (max threshold 6)
[2020-04-26T14:58:40.344+0000][1][gc,age       ] GC(5) - age   1:    1025520 bytes,    1025520 total
[2020-04-26T14:58:40.344+0000][1][gc,age       ] GC(5) - age   2:     559696 bytes,    1585216 total
[2020-04-26T14:58:40.344+0000][1][gc,age       ] GC(5) - age   3:    1930480 bytes,    3515696 total
[2020-04-26T14:58:40.344+0000][1][gc,age       ] GC(5) - age   4:    2101272 bytes,    5616968 total
[2020-04-26T14:58:40.344+0000][1][gc,age       ] GC(5) - age   5:    1615536 bytes,    7232504 total
[2020-04-26T14:58:40.344+0000][1][gc,heap      ] GC(5) ParNew: 148316K->8705K(157248K)
[2020-04-26T14:58:40.344+0000][1][gc,heap      ] GC(5) CMS: 9495K->9495K(349568K)
[2020-04-26T14:58:40.344+0000][1][gc,metaspace ] GC(5) Metaspace: 20667K->20667K(1069056K)
[2020-04-26T14:58:40.344+0000][1][gc           ] GC(5) Pause Young (Allocation Failure) 154M->17M(494M) 5.381ms
[2020-04-26T14:58:40.344+0000][1][gc,cpu       ] GC(5) User=0.04s Sys=0.01s Real=0.00s
[2020-04-26T14:58:40.344+0000][1][safepoint    ] Safepoint "GenCollectForAllocation", Time since last: 172644100 ns, Reaching safepoint: 155800 ns, At safepoint: 5587200 ns, Total: 5743000 ns
[2020-04-26T14:58:40.345+0000][1][gc,start     ] GC(6) Pause Initial Mark
[2020-04-26T14:58:40.346+0000][1][gc           ] GC(6) Pause Initial Mark 20M->20M(494M) 1.292ms
[2020-04-26T14:58:40.346+0000][1][gc,cpu       ] GC(6) User=0.01s Sys=0.00s Real=0.00s
[2020-04-26T14:58:40.346+0000][1][safepoint    ] Safepoint "CMS_Initial_Mark", Time since last: 360400 ns, Reaching safepoint: 201600 ns, At safepoint: 1507800 ns, Total: 1709400 ns
[2020-04-26T14:58:40.347+0000][1][gc           ] GC(6) Concurrent Mark
[2020-04-26T14:58:40.348+0000][1][gc,task      ] GC(6) Using 3 workers of 3 for marking
[2020-04-26T14:58:40.359+0000][1][gc           ] GC(6) Concurrent Mark 12.835ms
[2020-04-26T14:58:40.359+0000][1][gc,cpu       ] GC(6) User=0.09s Sys=0.00s Real=0.02s
[2020-04-26T14:58:40.360+0000][1][gc           ] GC(6) Concurrent Preclean
[2020-04-26T14:58:40.361+0000][1][gc           ] GC(6) Concurrent Preclean 1.002ms
[2020-04-26T14:58:40.361+0000][1][gc,cpu       ] GC(6) User=0.00s Sys=0.00s Real=0.00s
[2020-04-26T14:58:40.361+0000][1][gc           ] GC(6) Concurrent Abortable Preclean
[2020-04-26T14:58:40.498+0000][1][safepoint    ] Safepoint "CollectForMetadataAllocation", Time since last: 151490600 ns, Reaching safepoint: 136500 ns, At safepoint: 189300 ns, Total: 325800 ns
[2020-04-26T14:58:40.526+0000][1][gc,start     ] GC(7) Pause Young (Allocation Failure)
[2020-04-26T14:58:40.526+0000][1][gc,task      ] GC(7) Using 10 workers of 10 for evacuation
[2020-04-26T14:58:40.531+0000][1][gc,age       ] GC(7) Desired survivor size 8945664 bytes, new threshold 6 (max threshold 6)
[2020-04-26T14:58:40.531+0000][1][gc,age       ] GC(7) Age table with threshold 6 (max threshold 6)
[2020-04-26T14:58:40.531+0000][1][gc,age       ] GC(7) - age   1:    1181640 bytes,    1181640 total
[2020-04-26T14:58:40.531+0000][1][gc,age       ] GC(7) - age   2:     758296 bytes,    1939936 total
[2020-04-26T14:58:40.531+0000][1][gc,age       ] GC(7) - age   3:     559632 bytes,    2499568 total
[2020-04-26T14:58:40.531+0000][1][gc,age       ] GC(7) - age   4:    1929952 bytes,    4429520 total
[2020-04-26T14:58:40.531+0000][1][gc,age       ] GC(7) - age   5:    2101224 bytes,    6530744 total
[2020-04-26T14:58:40.531+0000][1][gc,age       ] GC(7) - age   6:    1615536 bytes,    8146280 total
[2020-04-26T14:58:40.531+0000][1][gc,heap      ] GC(7) ParNew: 148481K->10101K(157248K)
[2020-04-26T14:58:40.531+0000][1][gc,heap      ] GC(7) CMS: 9495K->9495K(349568K)
[2020-04-26T14:58:40.531+0000][1][gc,metaspace ] GC(7) Metaspace: 20855K->20855K(1069056K)
[2020-04-26T14:58:40.531+0000][1][gc           ] GC(7) Pause Young (Allocation Failure) 154M->19M(494M) 5.639ms
[2020-04-26T14:58:40.531+0000][1][gc,cpu       ] GC(7) User=0.07s Sys=0.00s Real=0.01s
[2020-04-26T14:58:40.531+0000][1][safepoint    ] Safepoint "GenCollectForAllocation", Time since last: 27340800 ns, Reaching safepoint: 26500 ns, At safepoint: 5745700 ns, Total: 5772200 ns
[2020-04-26T14:58:40.531+0000][1][gc           ] GC(6) Concurrent Abortable Preclean 170.804ms
[2020-04-26T14:58:40.531+0000][1][gc,cpu       ] GC(6) User=0.75s Sys=0.01s Real=0.17s
[2020-04-26T14:58:40.532+0000][1][gc,start     ] GC(6) Pause Remark
[2020-04-26T14:58:40.541+0000][1][gc           ] GC(6) Pause Remark 21M->21M(494M) 9.224ms
[2020-04-26T14:58:40.541+0000][1][gc,cpu       ] GC(6) User=0.05s Sys=0.00s Real=0.01s
[2020-04-26T14:58:40.541+0000][1][safepoint    ] Safepoint "CMS_Final_Remark", Time since last: 331600 ns, Reaching safepoint: 150800 ns, At safepoint: 9413400 ns, Total: 9564200 ns
[2020-04-26T14:58:40.541+0000][1][gc           ] GC(6) Concurrent Sweep
[2020-04-26T14:58:40.547+0000][1][gc           ] GC(6) Concurrent Sweep 5.436ms
[2020-04-26T14:58:40.547+0000][1][gc,cpu       ] GC(6) User=0.01s Sys=0.00s Real=0.00s
[2020-04-26T14:58:40.547+0000][1][gc           ] GC(6) Concurrent Reset
[2020-04-26T14:58:40.548+0000][1][gc           ] GC(6) Concurrent Reset 0.603ms
[2020-04-26T14:58:40.548+0000][1][gc,cpu       ] GC(6) User=0.00s Sys=0.00s Real=0.00s
[2020-04-26T14:58:40.548+0000][1][gc,heap      ] GC(6) Old: 9495K->9492K(349568K)
[2020-04-26T14:58:40.668+0000][1][gc,start     ] GC(8) Pause Young (Allocation Failure)
[2020-04-26T14:58:40.668+0000][1][gc,task      ] GC(8) Using 10 workers of 10 for evacuation
[2020-04-26T14:58:40.672+0000][1][gc,age       ] GC(8) Desired survivor size 8945664 bytes, new threshold 6 (max threshold 6)
[2020-04-26T14:58:40.672+0000][1][gc,age       ] GC(8) Age table with threshold 6 (max threshold 6)
[2020-04-26T14:58:40.672+0000][1][gc,age       ] GC(8) - age   1:    1111784 bytes,    1111784 total
[2020-04-26T14:58:40.672+0000][1][gc,age       ] GC(8) - age   2:     416664 bytes,    1528448 total
[2020-04-26T14:58:40.672+0000][1][gc,age       ] GC(8) - age   3:     758048 bytes,    2286496 total
[2020-04-26T14:58:40.672+0000][1][gc,age       ] GC(8) - age   4:     559632 bytes,    2846128 total
[2020-04-26T14:58:40.672+0000][1][gc,age       ] GC(8) - age   5:    1928792 bytes,    4774920 total
[2020-04-26T14:58:40.672+0000][1][gc,age       ] GC(8) - age   6:    2101160 bytes,    6876080 total
[2020-04-26T14:58:40.672+0000][1][gc,heap      ] GC(8) ParNew: 149877K->10319K(157248K)
[2020-04-26T14:58:40.672+0000][1][gc,heap      ] GC(8) CMS: 9492K->11086K(349568K)
[2020-04-26T14:58:40.672+0000][1][gc,metaspace ] GC(8) Metaspace: 20962K->20962K(1069056K)
[2020-04-26T14:58:40.672+0000][1][gc           ] GC(8) Pause Young (Allocation Failure) 155M->20M(494M) 4.292ms
[2020-04-26T14:58:40.672+0000][1][gc,cpu       ] GC(8) User=0.05s Sys=0.01s Real=0.01s
[2020-04-26T14:58:40.672+0000][1][safepoint    ] Safepoint "GenCollectForAllocation", Time since last: 126540300 ns, Reaching safepoint: 279900 ns, At safepoint: 4382800 ns, Total: 4662700 ns
[2020-04-26T14:58:41.067+0000][1][safepoint    ] Safepoint "Deoptimize", Time since last: 394493000 ns, Reaching safepoint: 224500 ns, At safepoint: 288000 ns, Total: 512500 ns
[2020-04-26T14:58:41.071+0000][1][safepoint    ] Safepoint "Deoptimize", Time since last: 3171600 ns, Reaching safepoint: 24500 ns, At safepoint: 254600 ns, Total: 279100 ns
[2020-04-26T14:58:41.686+0000][1][gc,start     ] GC(9) Pause Young (Allocation Failure)
[2020-04-26T14:58:41.686+0000][1][gc,task      ] GC(9) Using 10 workers of 10 for evacuation
[2020-04-26T14:58:41.700+0000][1][gc,age       ] GC(9) Desired survivor size 8945664 bytes, new threshold 1 (max threshold 6)
[2020-04-26T14:58:41.701+0000][1][gc,age       ] GC(9) Age table with threshold 1 (max threshold 6)
[2020-04-26T14:58:41.701+0000][1][gc,age       ] GC(9) - age   1:   12869768 bytes,   12869768 total
[2020-04-26T14:58:41.701+0000][1][gc,age       ] GC(9) - age   2:     265080 bytes,   13134848 total
[2020-04-26T14:58:41.701+0000][1][gc,age       ] GC(9) - age   3:     414040 bytes,   13548888 total
[2020-04-26T14:58:41.701+0000][1][gc,age       ] GC(9) - age   4:     757008 bytes,   14305896 total
[2020-04-26T14:58:41.701+0000][1][gc,age       ] GC(9) - age   5:     557264 bytes,   14863160 total
[2020-04-26T14:58:41.701+0000][1][gc,age       ] GC(9) - age   6:    1925712 bytes,   16788872 total
[2020-04-26T14:58:41.701+0000][1][gc,heap      ] GC(9) ParNew: 150095K->17472K(157248K)
[2020-04-26T14:58:41.701+0000][1][gc,heap      ] GC(9) CMS: 11086K->13415K(349568K)
[2020-04-26T14:58:41.701+0000][1][gc,metaspace ] GC(9) Metaspace: 27929K->27929K(1075200K)
[2020-04-26T14:58:41.701+0000][1][gc           ] GC(9) Pause Young (Allocation Failure) 157M->30M(494M) 14.518ms
[2020-04-26T14:58:41.701+0000][1][gc,cpu       ] GC(9) User=0.13s Sys=0.01s Real=0.02s
[2020-04-26T14:58:41.701+0000][1][safepoint    ] Safepoint "GenCollectForAllocation", Time since last: 615028300 ns, Reaching safepoint: 213100 ns, At safepoint: 14791800 ns, Total: 15004900 ns
[2020-04-26T14:58:42.203+0000][1][safepoint    ] Safepoint "RevokeBias", Time since last: 502081800 ns, Reaching safepoint: 33200 ns, At safepoint: 72300 ns, Total: 105500 ns
[2020-04-26T14:58:42.442+0000][1][safepoint    ] Safepoint "Deoptimize", Time since last: 238706300 ns, Reaching safepoint: 27900 ns, At safepoint: 377400 ns, Total: 405300 ns
[2020-04-26T14:58:42.516+0000][1][safepoint    ] Safepoint "RevokeBias", Time since last: 73707700 ns, Reaching safepoint: 126700 ns, At safepoint: 67300 ns, Total: 194000 ns
[2020-04-26T14:58:42.645+0000][1][gc,start     ] GC(10) Pause Young (Allocation Failure)
[2020-04-26T14:58:42.645+0000][1][gc,task      ] GC(10) Using 10 workers of 10 for evacuation
[2020-04-26T14:58:42.676+0000][1][gc,age       ] GC(10) Desired survivor size 8945664 bytes, new threshold 1 (max threshold 6)
[2020-04-26T14:58:42.676+0000][1][gc,age       ] GC(10) Age table with threshold 1 (max threshold 6)
[2020-04-26T14:58:42.676+0000][1][gc,age       ] GC(10) - age   1:   15769136 bytes,   15769136 total
[2020-04-26T14:58:42.676+0000][1][gc,heap      ] GC(10) ParNew: 157248K->17472K(157248K)
[2020-04-26T14:58:42.676+0000][1][gc,heap      ] GC(10) CMS: 13415K->31078K(349568K)
[2020-04-26T14:58:42.676+0000][1][gc,metaspace ] GC(10) Metaspace: 30564K->30564K(1077248K)
[2020-04-26T14:58:42.676+0000][1][gc           ] GC(10) Pause Young (Allocation Failure) 166M->47M(494M) 31.204ms
[2020-04-26T14:58:42.676+0000][1][gc,cpu       ] GC(10) User=0.30s Sys=0.01s Real=0.03s
[2020-04-26T14:58:42.676+0000][1][safepoint    ] Safepoint "GenCollectForAllocation", Time since last: 128746900 ns, Reaching safepoint: 148700 ns, At safepoint: 31414900 ns, Total: 31563600 ns
[2020-04-26T14:58:42.711+0000][1][safepoint    ] Safepoint "RevokeBias", Time since last: 33964800 ns, Reaching safepoint: 171800 ns, At safepoint: 126300 ns, Total: 298100 ns
[2020-04-26T14:58:42.723+0000][1][safepoint    ] Safepoint "RevokeBias", Time since last: 12009700 ns, Reaching safepoint: 29500 ns, At safepoint: 78900 ns, Total: 108400 ns
[2020-04-26T14:58:42.747+0000][1][safepoint    ] Safepoint "RevokeBias", Time since last: 24005700 ns, Reaching safepoint: 41600 ns, At safepoint: 87900 ns, Total: 129500 ns
[2020-04-26T14:58:42.752+0000][1][safepoint    ] Safepoint "RevokeBias", Time since last: 4915300 ns, Reaching safepoint: 18700 ns, At safepoint: 71700 ns, Total: 90400 ns
[2020-04-26T14:58:42.757+0000][1][safepoint    ] Safepoint "RevokeBias", Time since last: 5288800 ns, Reaching safepoint: 34800 ns, At safepoint: 74700 ns, Total: 109500 ns
[2020-04-26T14:58:42.764+0000][1][safepoint    ] Safepoint "RevokeBias", Time since last: 6299200 ns, Reaching safepoint: 21900 ns, At safepoint: 61600 ns, Total: 83500 ns
[2020-04-26T14:58:42.769+0000][1][safepoint    ] Safepoint "RevokeBias", Time since last: 5562200 ns, Reaching safepoint: 24600 ns, At safepoint: 67500 ns, Total: 92100 ns
[2020-04-26T14:58:42.774+0000][1][safepoint    ] Safepoint "RevokeBias", Time since last: 4818300 ns, Reaching safepoint: 45800 ns, At safepoint: 96000 ns, Total: 141800 ns
[2020-04-26T14:58:42.778+0000][1][safepoint    ] Safepoint "RevokeBias", Time since last: 3020100 ns, Reaching safepoint: 27200 ns, At safepoint: 84900 ns, Total: 112100 ns
[2020-04-26T14:58:42.782+0000][1][safepoint    ] Safepoint "RevokeBias", Time since last: 4441900 ns, Reaching safepoint: 19500 ns, At safepoint: 74600 ns, Total: 94100 ns
[2020-04-26T14:58:43.158+0000][1][safepoint    ] Safepoint "CollectForMetadataAllocation", Time since last: 375682100 ns, Reaching safepoint: 188600 ns, At safepoint: 160100 ns, Total: 348700 ns
[2020-04-26T14:58:43.176+0000][1][gc,start     ] GC(11) Pause Young (Allocation Failure)
[2020-04-26T14:58:43.176+0000][1][gc,task      ] GC(11) Using 10 workers of 10 for evacuation
[2020-04-26T14:58:43.195+0000][1][gc,age       ] GC(11) Desired survivor size 8945664 bytes, new threshold 6 (max threshold 6)
[2020-04-26T14:58:43.195+0000][1][gc,age       ] GC(11) Age table with threshold 6 (max threshold 6)
[2020-04-26T14:58:43.195+0000][1][gc,age       ] GC(11) - age   1:    2798520 bytes,    2798520 total
[2020-04-26T14:58:43.195+0000][1][gc,heap      ] GC(11) ParNew: 157248K->14926K(157248K)
[2020-04-26T14:58:43.195+0000][1][gc,heap      ] GC(11) CMS: 31078K->47229K(349568K)
[2020-04-26T14:58:43.195+0000][1][gc,metaspace ] GC(11) Metaspace: 34045K->34045K(1081344K)
[2020-04-26T14:58:43.195+0000][1][gc           ] GC(11) Pause Young (Allocation Failure) 183M->60M(494M) 19.004ms
[2020-04-26T14:58:43.195+0000][1][gc,cpu       ] GC(11) User=0.17s Sys=0.01s Real=0.02s
[2020-04-26T14:58:43.196+0000][1][safepoint    ] Safepoint "GenCollectForAllocation", Time since last: 18274900 ns, Reaching safepoint: 66700 ns, At safepoint: 19319500 ns, Total: 19386200 ns
[2020-04-26T14:58:43.196+0000][1][gc,start     ] GC(12) Pause Initial Mark
[2020-04-26T14:58:43.199+0000][1][gc           ] GC(12) Pause Initial Mark 63M->63M(494M) 2.917ms
[2020-04-26T14:58:43.199+0000][1][gc,cpu       ] GC(12) User=0.01s Sys=0.00s Real=0.01s
[2020-04-26T14:58:43.200+0000][1][safepoint    ] Safepoint "CMS_Initial_Mark", Time since last: 469300 ns, Reaching safepoint: 180300 ns, At safepoint: 3217000 ns, Total: 3397300 ns
[2020-04-26T14:58:43.200+0000][1][gc           ] GC(12) Concurrent Mark
[2020-04-26T14:58:43.200+0000][1][gc,task      ] GC(12) Using 3 workers of 3 for marking
[2020-04-26T14:58:43.219+0000][1][safepoint    ] Safepoint "CollectForMetadataAllocation", Time since last: 19196900 ns, Reaching safepoint: 185400 ns, At safepoint: 151000 ns, Total: 336400 ns
[2020-04-26T14:58:43.238+0000][1][gc           ] GC(12) Concurrent Mark 38.247ms
[2020-04-26T14:58:43.238+0000][1][gc,cpu       ] GC(12) User=0.24s Sys=0.01s Real=0.03s
[2020-04-26T14:58:43.238+0000][1][gc           ] GC(12) Concurrent Preclean
[2020-04-26T14:58:43.240+0000][1][gc           ] GC(12) Concurrent Preclean 1.823ms
[2020-04-26T14:58:43.240+0000][1][gc,cpu       ] GC(12) User=0.02s Sys=0.00s Real=0.01s
[2020-04-26T14:58:43.240+0000][1][gc           ] GC(12) Concurrent Abortable Preclean
[2020-04-26T14:58:43.246+0000][1][safepoint    ] Safepoint "CollectForMetadataAllocation", Time since last: 26496700 ns, Reaching safepoint: 81000 ns, At safepoint: 173100 ns, Total: 254100 ns
[2020-04-26T14:58:43.278+0000][1][safepoint    ] Safepoint "CollectForMetadataAllocation", Time since last: 31966100 ns, Reaching safepoint: 123600 ns, At safepoint: 124500 ns, Total: 248100 ns
[2020-04-26T14:58:43.288+0000][1][safepoint    ] Safepoint "CollectForMetadataAllocation", Time since last: 9714500 ns, Reaching safepoint: 40700 ns, At safepoint: 158100 ns, Total: 198800 ns
[2020-04-26T14:58:43.299+0000][1][safepoint    ] Safepoint "CollectForMetadataAllocation", Time since last: 11150400 ns, Reaching safepoint: 31600 ns, At safepoint: 153200 ns, Total: 184800 ns
[2020-04-26T14:58:43.319+0000][1][safepoint    ] Safepoint "CollectForMetadataAllocation", Time since last: 19253300 ns, Reaching safepoint: 43300 ns, At safepoint: 177900 ns, Total: 221200 ns
[2020-04-26T14:58:43.335+0000][1][safepoint    ] Safepoint "CollectForMetadataAllocation", Time since last: 15654700 ns, Reaching safepoint: 35600 ns, At safepoint: 138500 ns, Total: 174100 ns
[2020-04-26T14:58:43.351+0000][1][safepoint    ] Safepoint "CollectForMetadataAllocation", Time since last: 16528400 ns, Reaching safepoint: 29000 ns, At safepoint: 112700 ns, Total: 141700 ns
[2020-04-26T14:58:43.363+0000][1][safepoint    ] Safepoint "CollectForMetadataAllocation", Time since last: 11818000 ns, Reaching safepoint: 31100 ns, At safepoint: 126400 ns, Total: 157500 ns
[2020-04-26T14:58:43.380+0000][1][safepoint    ] Safepoint "CollectForMetadataAllocation", Time since last: 16528600 ns, Reaching safepoint: 49600 ns, At safepoint: 204000 ns, Total: 253600 ns
[2020-04-26T14:58:43.408+0000][1][safepoint    ] Safepoint "CollectForMetadataAllocation", Time since last: 27868500 ns, Reaching safepoint: 25500 ns, At safepoint: 165500 ns, Total: 191000 ns
[2020-04-26T14:58:43.409+0000][1][safepoint    ] Safepoint "Deoptimize", Time since last: 626400 ns, Reaching safepoint: 34400 ns, At safepoint: 417800 ns, Total: 452200 ns
[2020-04-26T14:58:43.414+0000][1][safepoint    ] Safepoint "Deoptimize", Time since last: 4626400 ns, Reaching safepoint: 117600 ns, At safepoint: 379000 ns, Total: 496600 ns
[2020-04-26T14:58:43.417+0000][1][safepoint    ] Safepoint "CollectForMetadataAllocation", Time since last: 2826100 ns, Reaching safepoint: 39600 ns, At safepoint: 156200 ns, Total: 195800 ns
[2020-04-26T14:58:43.436+0000][1][safepoint    ] Safepoint "CollectForMetadataAllocation", Time since last: 18789000 ns, Reaching safepoint: 29900 ns, At safepoint: 146200 ns, Total: 176100 ns
[2020-04-26T14:58:43.437+0000][1][safepoint    ] Safepoint "RevokeBias", Time since last: 736800 ns, Reaching safepoint: 46000 ns, At safepoint: 58600 ns, Total: 104600 ns
[2020-04-26T14:58:43.438+0000][1][safepoint    ] Safepoint "Deoptimize", Time since last: 798100 ns, Reaching safepoint: 24900 ns, At safepoint: 349300 ns, Total: 374200 ns
[2020-04-26T14:58:43.462+0000][1][safepoint    ] Safepoint "CollectForMetadataAllocation", Time since last: 23257800 ns, Reaching safepoint: 26500 ns, At safepoint: 114800 ns, Total: 141300 ns
[2020-04-26T14:58:43.471+0000][1][safepoint    ] Safepoint "CollectForMetadataAllocation", Time since last: 9125600 ns, Reaching safepoint: 37400 ns, At safepoint: 152000 ns, Total: 189400 ns
[2020-04-26T14:58:43.484+0000][1][safepoint    ] Safepoint "CollectForMetadataAllocation", Time since last: 12602100 ns, Reaching safepoint: 28600 ns, At safepoint: 129700 ns, Total: 158300 ns
[2020-04-26T14:58:43.506+0000][1][safepoint    ] Safepoint "CollectForMetadataAllocation", Time since last: 21550900 ns, Reaching safepoint: 21900 ns, At safepoint: 118100 ns, Total: 140000 ns
[2020-04-26T14:58:43.523+0000][1][safepoint    ] Safepoint "CollectForMetadataAllocation", Time since last: 17393500 ns, Reaching safepoint: 44400 ns, At safepoint: 151500 ns, Total: 195900 ns
[2020-04-26T14:58:43.538+0000][1][safepoint    ] Safepoint "CollectForMetadataAllocation", Time since last: 14870900 ns, Reaching safepoint: 38800 ns, At safepoint: 108000 ns, Total: 146800 ns
[2020-04-26T14:58:43.556+0000][1][safepoint    ] Safepoint "CollectForMetadataAllocation", Time since last: 17851300 ns, Reaching safepoint: 149200 ns, At safepoint: 129900 ns, Total: 279100 ns
[2020-04-26T14:58:43.575+0000][1][safepoint    ] Safepoint "CollectForMetadataAllocation", Time since last: 18147000 ns, Reaching safepoint: 104200 ns, At safepoint: 141600 ns, Total: 245800 ns
[2020-04-26T14:58:43.595+0000][1][safepoint    ] Safepoint "CollectForMetadataAllocation", Time since last: 20096900 ns, Reaching safepoint: 19800 ns, At safepoint: 148900 ns, Total: 168700 ns
[2020-04-26T14:58:43.610+0000][1][safepoint    ] Safepoint "CollectForMetadataAllocation", Time since last: 14866400 ns, Reaching safepoint: 50900 ns, At safepoint: 225400 ns, Total: 276300 ns
[2020-04-26T14:58:43.636+0000][1][safepoint    ] Safepoint "CollectForMetadataAllocation", Time since last: 26188300 ns, Reaching safepoint: 45600 ns, At safepoint: 143000 ns, Total: 188600 ns
[2020-04-26T14:58:43.655+0000][1][safepoint    ] Safepoint "CollectForMetadataAllocation", Time since last: 18576800 ns, Reaching safepoint: 27400 ns, At safepoint: 164000 ns, Total: 191400 ns
[2020-04-26T14:58:43.676+0000][1][safepoint    ] Safepoint "CollectForMetadataAllocation", Time since last: 20613600 ns, Reaching safepoint: 232900 ns, At safepoint: 124800 ns, Total: 357700 ns
[2020-04-26T14:58:43.710+0000][1][safepoint    ] Safepoint "CollectForMetadataAllocation", Time since last: 33700100 ns, Reaching safepoint: 30400 ns, At safepoint: 100200 ns, Total: 130600 ns
[2020-04-26T14:58:43.734+0000][1][safepoint    ] Safepoint "CollectForMetadataAllocation", Time since last: 23978400 ns, Reaching safepoint: 39200 ns, At safepoint: 141800 ns, Total: 181000 ns
[2020-04-26T14:58:43.749+0000][1][safepoint    ] Safepoint "CollectForMetadataAllocation", Time since last: 14823500 ns, Reaching safepoint: 166400 ns, At safepoint: 226200 ns, Total: 392600 ns
[2020-04-26T14:58:43.778+0000][1][safepoint    ] Safepoint "CollectForMetadataAllocation", Time since last: 28769900 ns, Reaching safepoint: 29400 ns, At safepoint: 190900 ns, Total: 220300 ns
[2020-04-26T14:58:43.804+0000][1][safepoint    ] Safepoint "CollectForMetadataAllocation", Time since last: 25418500 ns, Reaching safepoint: 47400 ns, At safepoint: 182600 ns, Total: 230000 ns
[2020-04-26T14:58:43.820+0000][1][safepoint    ] Safepoint "CollectForMetadataAllocation", Time since last: 15478700 ns, Reaching safepoint: 24300 ns, At safepoint: 126200 ns, Total: 150500 ns
[2020-04-26T14:58:43.839+0000][1][safepoint    ] Safepoint "CollectForMetadataAllocation", Time since last: 19082000 ns, Reaching safepoint: 38700 ns, At safepoint: 104000 ns, Total: 142700 ns
[2020-04-26T14:58:43.866+0000][1][safepoint    ] Safepoint "CollectForMetadataAllocation", Time since last: 27285300 ns, Reaching safepoint: 68700 ns, At safepoint: 92400 ns, Total: 161100 ns
[2020-04-26T14:58:43.869+0000][1][safepoint    ] Safepoint "RevokeBias", Time since last: 2708500 ns, Reaching safepoint: 28700 ns, At safepoint: 59500 ns, Total: 88200 ns
[2020-04-26T14:58:43.869+0000][1][safepoint    ] Safepoint "RevokeBias", Time since last: 104300 ns, Reaching safepoint: 108900 ns, At safepoint: 58000 ns, Total: 166900 ns
[2020-04-26T14:58:43.881+0000][1][safepoint    ] Safepoint "CollectForMetadataAllocation", Time since last: 11762800 ns, Reaching safepoint: 179000 ns, At safepoint: 143900 ns, Total: 322900 ns
[2020-04-26T14:58:43.918+0000][1][safepoint    ] Safepoint "CollectForMetadataAllocation", Time since last: 36679400 ns, Reaching safepoint: 129300 ns, At safepoint: 225000 ns, Total: 354300 ns
[2020-04-26T14:58:43.955+0000][1][safepoint    ] Safepoint "CollectForMetadataAllocation", Time since last: 35936700 ns, Reaching safepoint: 103600 ns, At safepoint: 152200 ns, Total: 255800 ns
[2020-04-26T14:58:43.955+0000][1][gc           ] GC(12) Concurrent Abortable Preclean 714.732ms
[2020-04-26T14:58:43.955+0000][1][gc,cpu       ] GC(12) User=2.86s Sys=0.07s Real=0.71s
[2020-04-26T14:58:43.955+0000][1][gc,start     ] GC(12) Pause Remark
[2020-04-26T14:58:43.975+0000][1][gc           ] GC(12) Pause Remark 130M->130M(494M) 19.332ms
[2020-04-26T14:58:43.975+0000][1][gc,cpu       ] GC(12) User=0.09s Sys=0.00s Real=0.02s
[2020-04-26T14:58:43.975+0000][1][safepoint    ] Safepoint "CMS_Final_Remark", Time since last: 253500 ns, Reaching safepoint: 277800 ns, At safepoint: 19631400 ns, Total: 19909200 ns
[2020-04-26T14:58:43.975+0000][1][gc           ] GC(12) Concurrent Sweep
[2020-04-26T14:58:43.983+0000][1][safepoint    ] Safepoint "CollectForMetadataAllocation", Time since last: 7364200 ns, Reaching safepoint: 849800 ns, At safepoint: 55300 ns, Total: 905100 ns
[2020-04-26T14:58:43.984+0000][1][safepoint    ] Safepoint "CollectForMetadataAllocation", Time since last: 370900 ns, Reaching safepoint: 39300 ns, At safepoint: 190700 ns, Total: 230000 ns
[2020-04-26T14:58:43.993+0000][1][safepoint    ] Safepoint "CollectForMetadataAllocation", Time since last: 9341900 ns, Reaching safepoint: 46700 ns, At safepoint: 132600 ns, Total: 179300 ns
[2020-04-26T14:58:43.995+0000][1][gc           ] GC(12) Concurrent Sweep 20.408ms
[2020-04-26T14:58:43.995+0000][1][gc,cpu       ] GC(12) User=0.06s Sys=0.00s Real=0.02s
[2020-04-26T14:58:43.996+0000][1][gc           ] GC(12) Concurrent Reset
[2020-04-26T14:58:43.996+0000][1][gc           ] GC(12) Concurrent Reset 0.422ms
[2020-04-26T14:58:43.996+0000][1][gc,cpu       ] GC(12) User=0.00s Sys=0.00s Real=0.00s
[2020-04-26T14:58:43.996+0000][1][gc,heap      ] GC(12) Old: 47229K->47055K(349568K)
[2020-04-26T14:58:43.999+0000][1][safepoint    ] Safepoint "Deoptimize", Time since last: 5028100 ns, Reaching safepoint: 35900 ns, At safepoint: 355400 ns, Total: 391300 ns
[2020-04-26T14:58:44.686+0000][1][safepoint    ] Safepoint "RevokeBias", Time since last: 686805900 ns, Reaching safepoint: 81600 ns, At safepoint: 59800 ns, Total: 141400 ns
[2020-04-26T14:58:44.688+0000][1][safepoint    ] Safepoint "RevokeBias", Time since last: 1902600 ns, Reaching safepoint: 129500 ns, At safepoint: 82400 ns, Total: 211900 ns
[2020-04-26T14:58:44.707+0000][1][safepoint    ] Safepoint "Deoptimize", Time since last: 18406700 ns, Reaching safepoint: 34000 ns, At safepoint: 401100 ns, Total: 435100 ns
[2020-04-26T14:58:44.732+0000][1][safepoint    ] Safepoint "RevokeBias", Time since last: 24926900 ns, Reaching safepoint: 36800 ns, At safepoint: 56400 ns, Total: 93200 ns
[2020-04-26T14:58:44.774+0000][1][safepoint    ] Safepoint "RevokeBias", Time since last: 42605600 ns, Reaching safepoint: 27300 ns, At safepoint: 84300 ns, Total: 111600 ns
[2020-04-26T14:58:44.779+0000][1][safepoint    ] Safepoint "RevokeBias", Time since last: 4610200 ns, Reaching safepoint: 31600 ns, At safepoint: 80400 ns, Total: 112000 ns
[2020-04-26T14:58:44.907+0000][1][safepoint    ] Safepoint "RevokeBias", Time since last: 127697800 ns, Reaching safepoint: 329900 ns, At safepoint: 116900 ns, Total: 446800 ns
[2020-04-26T14:58:44.908+0000][1][safepoint    ] Safepoint "RevokeBias", Time since last: 188600 ns, Reaching safepoint: 126000 ns, At safepoint: 104400 ns, Total: 230400 ns
[2020-04-26T14:58:44.908+0000][1][safepoint    ] Safepoint "RevokeBias", Time since last: 261900 ns, Reaching safepoint: 125400 ns, At safepoint: 104600 ns, Total: 230000 ns
[2020-04-26T14:58:44.909+0000][1][safepoint    ] Safepoint "RevokeBias", Time since last: 128500 ns, Reaching safepoint: 201000 ns, At safepoint: 100500 ns, Total: 301500 ns
[2020-04-26T14:58:44.913+0000][1][gc,start     ] GC(13) Pause Young (Allocation Failure)
[2020-04-26T14:58:44.913+0000][1][gc,task      ] GC(13) Using 10 workers of 10 for evacuation
[2020-04-26T14:58:44.920+0000][1][gc,age       ] GC(13) Desired survivor size 8945664 bytes, new threshold 2 (max threshold 6)
[2020-04-26T14:58:44.920+0000][1][gc,age       ] GC(13) Age table with threshold 2 (max threshold 6)
[2020-04-26T14:58:44.920+0000][1][gc,age       ] GC(13) - age   1:    6919088 bytes,    6919088 total
[2020-04-26T14:58:44.920+0000][1][gc,age       ] GC(13) - age   2:    2761640 bytes,    9680728 total
[2020-04-26T14:58:44.920+0000][1][gc,heap      ] GC(13) ParNew: 154702K->11040K(157248K)
[2020-04-26T14:58:44.920+0000][1][gc,heap      ] GC(13) CMS: 47055K->47055K(349568K)
[2020-04-26T14:58:44.920+0000][1][gc,metaspace ] GC(13) Metaspace: 50108K->50108K(1095680K)
[2020-04-26T14:58:44.920+0000][1][gc           ] GC(13) Pause Young (Allocation Failure) 197M->56M(494M) 6.316ms
[2020-04-26T14:58:44.920+0000][1][gc,cpu       ] GC(13) User=0.07s Sys=0.00s Real=0.01s
[2020-04-26T14:58:44.920+0000][1][safepoint    ] Safepoint "GenCollectForAllocation", Time since last: 4764200 ns, Reaching safepoint: 23600 ns, At safepoint: 6410400 ns, Total: 6434000 ns
[2020-04-26T14:58:44.922+0000][1][safepoint    ] Safepoint "RevokeBias", Time since last: 2137600 ns, Reaching safepoint: 109500 ns, At safepoint: 56000 ns, Total: 165500 ns
[2020-04-26T14:58:44.922+0000][1][safepoint    ] Safepoint "RevokeBias", Time since last: 97200 ns, Reaching safepoint: 16900 ns, At safepoint: 61000 ns, Total: 77900 ns
[2020-04-26T14:58:44.922+0000][1][safepoint    ] Safepoint "RevokeBias", Time since last: 125200 ns, Reaching safepoint: 17200 ns, At safepoint: 61300 ns, Total: 78500 ns
[2020-04-26T14:58:44.923+0000][1][safepoint    ] Safepoint "RevokeBias", Time since last: 99800 ns, Reaching safepoint: 100600 ns, At safepoint: 66800 ns, Total: 167400 ns
[2020-04-26T14:58:44.923+0000][1][safepoint    ] Safepoint "RevokeBias", Time since last: 103800 ns, Reaching safepoint: 98500 ns, At safepoint: 60300 ns, Total: 158800 ns
[2020-04-26T14:58:44.923+0000][1][safepoint    ] Safepoint "RevokeBias", Time since last: 95600 ns, Reaching safepoint: 99600 ns, At safepoint: 62900 ns, Total: 162500 ns
[2020-04-26T14:58:44.923+0000][1][safepoint    ] Safepoint "RevokeBias", Time since last: 107200 ns, Reaching safepoint: 16300 ns, At safepoint: 58900 ns, Total: 75200 ns
[2020-04-26T14:58:44.924+0000][1][safepoint    ] Safepoint "RevokeBias", Time since last: 93800 ns, Reaching safepoint: 99000 ns, At safepoint: 77300 ns, Total: 176300 ns
[2020-04-26T14:58:44.924+0000][1][safepoint    ] Safepoint "RevokeBias", Time since last: 93800 ns, Reaching safepoint: 341200 ns, At safepoint: 73700 ns, Total: 414900 ns
[2020-04-26T14:58:44.924+0000][1][safepoint    ] Safepoint "RevokeBias", Time since last: 96500 ns, Reaching safepoint: 107900 ns, At safepoint: 54400 ns, Total: 162300 ns
[2020-04-26T14:58:44.925+0000][1][safepoint    ] Safepoint "RevokeBias", Time since last: 95000 ns, Reaching safepoint: 98700 ns, At safepoint: 64200 ns, Total: 162900 ns
[2020-04-26T14:58:44.925+0000][1][safepoint    ] Safepoint "RevokeBias", Time since last: 95000 ns, Reaching safepoint: 116200 ns, At safepoint: 62200 ns, Total: 178400 ns
[2020-04-26T14:58:44.925+0000][1][safepoint    ] Safepoint "BulkRevokeBias", Time since last: 99200 ns, Reaching safepoint: 277100 ns, At safepoint: 113500 ns, Total: 390600 ns
[2020-04-26T14:58:44.945+0000][1][safepoint    ] Safepoint "RevokeBias", Time since last: 18883000 ns, Reaching safepoint: 138200 ns, At safepoint: 58000 ns, Total: 196200 ns
[2020-04-26T14:58:44.973+0000][1][safepoint    ] Safepoint "RevokeBias", Time since last: 28060400 ns, Reaching safepoint: 56400 ns, At safepoint: 181600 ns, Total: 238000 ns
[2020-04-26T14:58:44.973+0000][1][safepoint    ] Safepoint "RevokeBias", Time since last: 233900 ns, Reaching safepoint: 141900 ns, At safepoint: 143800 ns, Total: 285700 ns
[2020-04-26T14:58:44.974+0000][1][safepoint    ] Safepoint "RevokeBias", Time since last: 272800 ns, Reaching safepoint: 29200 ns, At safepoint: 107500 ns, Total: 136700 ns
[2020-04-26T14:58:44.974+0000][1][safepoint    ] Safepoint "RevokeBias", Time since last: 212900 ns, Reaching safepoint: 111700 ns, At safepoint: 67000 ns, Total: 178700 ns
[2020-04-26T14:58:44.975+0000][1][safepoint    ] Safepoint "RevokeBias", Time since last: 256000 ns, Reaching safepoint: 104800 ns, At safepoint: 53500 ns, Total: 158300 ns
[2020-04-26T14:58:44.975+0000][1][safepoint    ] Safepoint "RevokeBias", Time since last: 688000 ns, Reaching safepoint: 29600 ns, At safepoint: 63000 ns, Total: 92600 ns
[2020-04-26T14:58:44.976+0000][1][safepoint    ] Safepoint "RevokeBias", Time since last: 384000 ns, Reaching safepoint: 96900 ns, At safepoint: 80500 ns, Total: 177400 ns
[2020-04-26T14:58:44.977+0000][1][safepoint    ] Safepoint "RevokeBias", Time since last: 322500 ns, Reaching safepoint: 269500 ns, At safepoint: 109300 ns, Total: 378800 ns
[2020-04-26T14:58:44.977+0000][1][safepoint    ] Safepoint "RevokeBias", Time since last: 531100 ns, Reaching safepoint: 277900 ns, At safepoint: 70000 ns, Total: 347900 ns
[2020-04-26T14:58:44.978+0000][1][safepoint    ] Safepoint "RevokeBias", Time since last: 112700 ns, Reaching safepoint: 106000 ns, At safepoint: 80900 ns, Total: 186900 ns
[2020-04-26T14:58:44.978+0000][1][safepoint    ] Safepoint "RevokeBias", Time since last: 110200 ns, Reaching safepoint: 95900 ns, At safepoint: 52800 ns, Total: 148700 ns
[2020-04-26T14:58:44.978+0000][1][safepoint    ] Safepoint "RevokeBias", Time since last: 81800 ns, Reaching safepoint: 93100 ns, At safepoint: 52400 ns, Total: 145500 ns
[2020-04-26T14:58:44.979+0000][1][safepoint    ] Safepoint "RevokeBias", Time since last: 103300 ns, Reaching safepoint: 109100 ns, At safepoint: 58300 ns, Total: 167400 ns
[2020-04-26T14:58:44.979+0000][1][safepoint    ] Safepoint "RevokeBias", Time since last: 98400 ns, Reaching safepoint: 105100 ns, At safepoint: 47200 ns, Total: 152300 ns
[2020-04-26T14:58:44.979+0000][1][safepoint    ] Safepoint "RevokeBias", Time since last: 81600 ns, Reaching safepoint: 94800 ns, At safepoint: 51700 ns, Total: 146500 ns
[2020-04-26T14:58:44.979+0000][1][safepoint    ] Safepoint "RevokeBias", Time since last: 96000 ns, Reaching safepoint: 107600 ns, At safepoint: 65700 ns, Total: 173300 ns
[2020-04-26T14:58:44.979+0000][1][safepoint    ] Safepoint "RevokeBias", Time since last: 82500 ns, Reaching safepoint: 14300 ns, At safepoint: 53600 ns, Total: 67900 ns
[2020-04-26T14:58:44.980+0000][1][safepoint    ] Safepoint "RevokeBias", Time since last: 79800 ns, Reaching safepoint: 172400 ns, At safepoint: 50900 ns, Total: 223300 ns
[2020-04-26T14:58:44.980+0000][1][safepoint    ] Safepoint "RevokeBias", Time since last: 83800 ns, Reaching safepoint: 114400 ns, At safepoint: 85500 ns, Total: 199900 ns
[2020-04-26T14:58:44.980+0000][1][safepoint    ] Safepoint "RevokeBias", Time since last: 163200 ns, Reaching safepoint: 137400 ns, At safepoint: 99000 ns, Total: 236400 ns
[2020-04-26T14:58:44.981+0000][1][safepoint    ] Safepoint "RevokeBias", Time since last: 135100 ns, Reaching safepoint: 206900 ns, At safepoint: 111100 ns, Total: 318000 ns
[2020-04-26T14:58:44.981+0000][1][safepoint    ] Safepoint "RevokeBias", Time since last: 131300 ns, Reaching safepoint: 102800 ns, At safepoint: 106600 ns, Total: 209400 ns
[2020-04-26T14:58:44.982+0000][1][safepoint    ] Safepoint "RevokeBias", Time since last: 136400 ns, Reaching safepoint: 142200 ns, At safepoint: 83400 ns, Total: 225600 ns
[2020-04-26T14:58:44.982+0000][1][safepoint    ] Safepoint "RevokeBias", Time since last: 126500 ns, Reaching safepoint: 25700 ns, At safepoint: 94000 ns, Total: 119700 ns
[2020-04-26T14:58:44.982+0000][1][safepoint    ] Safepoint "RevokeBias", Time since last: 108100 ns, Reaching safepoint: 103600 ns, At safepoint: 48000 ns, Total: 151600 ns
[2020-04-26T14:58:44.982+0000][1][safepoint    ] Safepoint "RevokeBias", Time since last: 89500 ns, Reaching safepoint: 114500 ns, At safepoint: 66500 ns, Total: 181000 ns
[2020-04-26T14:58:44.983+0000][1][safepoint    ] Safepoint "RevokeBias", Time since last: 94600 ns, Reaching safepoint: 19400 ns, At safepoint: 71500 ns, Total: 90900 ns
[2020-04-26T14:58:44.983+0000][1][safepoint    ] Safepoint "BulkRevokeBias", Time since last: 88300 ns, Reaching safepoint: 17600 ns, At safepoint: 116800 ns, Total: 134400 ns
[2020-04-26T14:58:44.984+0000][1][safepoint    ] Safepoint "RevokeBias", Time since last: 93400 ns, Reaching safepoint: 672000 ns, At safepoint: 68100 ns, Total: 740100 ns
[2020-04-26T14:58:44.984+0000][1][safepoint    ] Safepoint "RevokeBias", Time since last: 54900 ns, Reaching safepoint: 93400 ns, At safepoint: 77800 ns, Total: 171200 ns
[2020-04-26T14:58:44.984+0000][1][safepoint    ] Safepoint "RevokeBias", Time since last: 37600 ns, Reaching safepoint: 16300 ns, At safepoint: 131100 ns, Total: 147400 ns
[2020-04-26T14:58:44.984+0000][1][safepoint    ] Safepoint "RevokeBias", Time since last: 73100 ns, Reaching safepoint: 31900 ns, At safepoint: 113500 ns, Total: 145400 ns
[2020-04-26T14:58:44.984+0000][1][safepoint    ] Safepoint "RevokeBias", Time since last: 79800 ns, Reaching safepoint: 32900 ns, At safepoint: 172900 ns, Total: 205800 ns
[2020-04-26T14:58:44.985+0000][1][safepoint    ] Safepoint "RevokeBias", Time since last: 72600 ns, Reaching safepoint: 148300 ns, At safepoint: 170000 ns, Total: 318300 ns
[2020-04-26T14:58:44.985+0000][1][safepoint    ] Safepoint "RevokeBias", Time since last: 67000 ns, Reaching safepoint: 116600 ns, At safepoint: 118500 ns, Total: 235100 ns
[2020-04-26T14:58:44.986+0000][1][safepoint    ] Safepoint "RevokeBias", Time since last: 297900 ns, Reaching safepoint: 109000 ns, At safepoint: 93300 ns, Total: 202300 ns
[2020-04-26T14:58:44.986+0000][1][safepoint    ] Safepoint "RevokeBias", Time since last: 235300 ns, Reaching safepoint: 120500 ns, At safepoint: 77700 ns, Total: 198200 ns
[2020-04-26T14:58:44.986+0000][1][safepoint    ] Safepoint "RevokeBias", Time since last: 94400 ns, Reaching safepoint: 120000 ns, At safepoint: 72800 ns, Total: 192800 ns
[2020-04-26T14:58:44.987+0000][1][safepoint    ] Safepoint "RevokeBias", Time since last: 491900 ns, Reaching safepoint: 98900 ns, At safepoint: 74000 ns, Total: 172900 ns
[2020-04-26T14:58:44.990+0000][1][safepoint    ] Safepoint "RevokeBias", Time since last: 2722600 ns, Reaching safepoint: 117300 ns, At safepoint: 112100 ns, Total: 229400 ns
[2020-04-26T14:58:44.990+0000][1][safepoint    ] Safepoint "RevokeBias", Time since last: 101400 ns, Reaching safepoint: 112500 ns, At safepoint: 78900 ns, Total: 191400 ns
[2020-04-26T14:58:44.991+0000][1][safepoint    ] Safepoint "RevokeBias", Time since last: 133100 ns, Reaching safepoint: 99900 ns, At safepoint: 57300 ns, Total: 157200 ns
[2020-04-26T14:58:44.991+0000][1][safepoint    ] Safepoint "RevokeBias", Time since last: 140900 ns, Reaching safepoint: 98300 ns, At safepoint: 55300 ns, Total: 153600 ns
[2020-04-26T14:58:44.991+0000][1][safepoint    ] Safepoint "RevokeBias", Time since last: 97400 ns, Reaching safepoint: 109400 ns, At safepoint: 55400 ns, Total: 164800 ns
[2020-04-26T14:58:44.991+0000][1][safepoint    ] Safepoint "RevokeBias", Time since last: 97100 ns, Reaching safepoint: 107500 ns, At safepoint: 55500 ns, Total: 163000 ns
[2020-04-26T14:58:44.992+0000][1][safepoint    ] Safepoint "RevokeBias", Time since last: 94900 ns, Reaching safepoint: 108800 ns, At safepoint: 55900 ns, Total: 164700 ns
[2020-04-26T14:58:44.992+0000][1][safepoint    ] Safepoint "RevokeBias", Time since last: 91100 ns, Reaching safepoint: 106400 ns, At safepoint: 55100 ns, Total: 161500 ns
[2020-04-26T14:58:44.992+0000][1][safepoint    ] Safepoint "RevokeBias", Time since last: 94500 ns, Reaching safepoint: 110800 ns, At safepoint: 55300 ns, Total: 166100 ns
[2020-04-26T14:58:44.992+0000][1][safepoint    ] Safepoint "RevokeBias", Time since last: 106600 ns, Reaching safepoint: 106100 ns, At safepoint: 55300 ns, Total: 161400 ns
[2020-04-26T14:58:44.993+0000][1][safepoint    ] Safepoint "RevokeBias", Time since last: 81900 ns, Reaching safepoint: 97800 ns, At safepoint: 54000 ns, Total: 151800 ns
[2020-04-26T14:58:44.993+0000][1][safepoint    ] Safepoint "RevokeBias", Time since last: 93100 ns, Reaching safepoint: 97500 ns, At safepoint: 54600 ns, Total: 152100 ns
[2020-04-26T14:58:44.993+0000][1][safepoint    ] Safepoint "RevokeBias", Time since last: 120100 ns, Reaching safepoint: 108600 ns, At safepoint: 55900 ns, Total: 164500 ns
[2020-04-26T14:58:44.993+0000][1][safepoint    ] Safepoint "RevokeBias", Time since last: 107800 ns, Reaching safepoint: 106700 ns, At safepoint: 55800 ns, Total: 162500 ns
[2020-04-26T14:58:44.994+0000][1][safepoint    ] Safepoint "BulkRevokeBias", Time since last: 95600 ns, Reaching safepoint: 111000 ns, At safepoint: 93400 ns, Total: 204400 ns
[2020-04-26T14:58:44.994+0000][1][safepoint    ] Safepoint "RevokeBias", Time since last: 176300 ns, Reaching safepoint: 116100 ns, At safepoint: 57800 ns, Total: 173900 ns
[2020-04-26T14:58:44.994+0000][1][safepoint    ] Safepoint "RevokeBias", Time since last: 181700 ns, Reaching safepoint: 113900 ns, At safepoint: 56200 ns, Total: 170100 ns
[2020-04-26T14:58:44.995+0000][1][safepoint    ] Safepoint "RevokeBias", Time since last: 148900 ns, Reaching safepoint: 112900 ns, At safepoint: 52200 ns, Total: 165100 ns
[2020-04-26T14:58:44.995+0000][1][safepoint    ] Safepoint "RevokeBias", Time since last: 116100 ns, Reaching safepoint: 118000 ns, At safepoint: 58900 ns, Total: 176900 ns
[2020-04-26T14:58:44.995+0000][1][safepoint    ] Safepoint "RevokeBias", Time since last: 122800 ns, Reaching safepoint: 100700 ns, At safepoint: 61600 ns, Total: 162300 ns
[2020-04-26T14:58:44.996+0000][1][safepoint    ] Safepoint "RevokeBias", Time since last: 178200 ns, Reaching safepoint: 190900 ns, At safepoint: 58700 ns, Total: 249600 ns
[2020-04-26T14:58:44.996+0000][1][safepoint    ] Safepoint "RevokeBias", Time since last: 347900 ns, Reaching safepoint: 16200 ns, At safepoint: 60800 ns, Total: 77000 ns
[2020-04-26T14:58:44.996+0000][1][safepoint    ] Safepoint "RevokeBias", Time since last: 93500 ns, Reaching safepoint: 14800 ns, At safepoint: 36300 ns, Total: 51100 ns
[2020-04-26T14:58:44.997+0000][1][safepoint    ] Safepoint "RevokeBias", Time since last: 134500 ns, Reaching safepoint: 414400 ns, At safepoint: 50800 ns, Total: 465200 ns
[2020-04-26T14:58:44.997+0000][1][safepoint    ] Safepoint "RevokeBias", Time since last: 82800 ns, Reaching safepoint: 180100 ns, At safepoint: 56200 ns, Total: 236300 ns
[2020-04-26T14:58:44.998+0000][1][safepoint    ] Safepoint "RevokeBias", Time since last: 80000 ns, Reaching safepoint: 256000 ns, At safepoint: 44400 ns, Total: 300400 ns
[2020-04-26T14:58:44.998+0000][1][safepoint    ] Safepoint "RevokeBias", Time since last: 87700 ns, Reaching safepoint: 123600 ns, At safepoint: 69100 ns, Total: 192700 ns
[2020-04-26T14:58:44.999+0000][1][safepoint    ] Safepoint "RevokeBias", Time since last: 413100 ns, Reaching safepoint: 26800 ns, At safepoint: 97300 ns, Total: 124100 ns
[2020-04-26T14:58:44.999+0000][1][safepoint    ] Safepoint "RevokeBias", Time since last: 329200 ns, Reaching safepoint: 129000 ns, At safepoint: 65000 ns, Total: 194000 ns
[2020-04-26T14:58:44.999+0000][1][safepoint    ] Safepoint "RevokeBias", Time since last: 171200 ns, Reaching safepoint: 99000 ns, At safepoint: 44200 ns, Total: 143200 ns
[2020-04-26T14:58:45.000+0000][1][safepoint    ] Safepoint "RevokeBias", Time since last: 178700 ns, Reaching safepoint: 127100 ns, At safepoint: 64500 ns, Total: 191600 ns
[2020-04-26T14:58:45.000+0000][1][safepoint    ] Safepoint "RevokeBias", Time since last: 121200 ns, Reaching safepoint: 94600 ns, At safepoint: 51100 ns, Total: 145700 ns
[2020-04-26T14:58:45.000+0000][1][safepoint    ] Safepoint "RevokeBias", Time since last: 242100 ns, Reaching safepoint: 13500 ns, At safepoint: 64500 ns, Total: 78000 ns
[2020-04-26T14:58:45.002+0000][1][safepoint    ] Safepoint "Deoptimize", Time since last: 1395000 ns, Reaching safepoint: 139000 ns, At safepoint: 440200 ns, Total: 579200 ns
[2020-04-26T14:58:45.003+0000][1][safepoint    ] Safepoint "RevokeBias", Time since last: 273900 ns, Reaching safepoint: 21400 ns, At safepoint: 85300 ns, Total: 106700 ns
[2020-04-26T14:58:45.003+0000][1][safepoint    ] Safepoint "RevokeBias", Time since last: 182000 ns, Reaching safepoint: 191800 ns, At safepoint: 52300 ns, Total: 244100 ns
[2020-04-26T14:58:45.003+0000][1][safepoint    ] Safepoint "RevokeBias", Time since last: 90400 ns, Reaching safepoint: 95400 ns, At safepoint: 54800 ns, Total: 150200 ns
[2020-04-26T14:58:45.004+0000][1][safepoint    ] Safepoint "RevokeBias", Time since last: 151800 ns, Reaching safepoint: 12300 ns, At safepoint: 42600 ns, Total: 54900 ns
[2020-04-26T14:58:45.004+0000][1][safepoint    ] Safepoint "RevokeBias", Time since last: 96900 ns, Reaching safepoint: 93100 ns, At safepoint: 52600 ns, Total: 145700 ns
[2020-04-26T14:58:45.004+0000][1][safepoint    ] Safepoint "RevokeBias", Time since last: 209600 ns, Reaching safepoint: 93700 ns, At safepoint: 51800 ns, Total: 145500 ns
[2020-04-26T14:58:45.005+0000][1][safepoint    ] Safepoint "RevokeBias", Time since last: 267100 ns, Reaching safepoint: 92100 ns, At safepoint: 49500 ns, Total: 141600 ns
[2020-04-26T14:58:45.006+0000][1][safepoint    ] Safepoint "RevokeBias", Time since last: 807500 ns, Reaching safepoint: 123700 ns, At safepoint: 121200 ns, Total: 244900 ns
[2020-04-26T14:58:45.006+0000][1][safepoint    ] Safepoint "RevokeBias", Time since last: 185400 ns, Reaching safepoint: 118900 ns, At safepoint: 109500 ns, Total: 228400 ns
[2020-04-26T14:58:45.010+0000][1][safepoint    ] Safepoint "RevokeBias", Time since last: 3514100 ns, Reaching safepoint: 199200 ns, At safepoint: 138700 ns, Total: 337900 ns
[2020-04-26T14:58:45.010+0000][1][safepoint    ] Safepoint "RevokeBias", Time since last: 144900 ns, Reaching safepoint: 107400 ns, At safepoint: 119600 ns, Total: 227000 ns
[2020-04-26T14:58:45.011+0000][1][safepoint    ] Safepoint "RevokeBias", Time since last: 281500 ns, Reaching safepoint: 180300 ns, At safepoint: 134800 ns, Total: 315100 ns
[2020-04-26T14:58:45.030+0000][1][safepoint    ] Safepoint "RevokeBias", Time since last: 19408200 ns, Reaching safepoint: 49300 ns, At safepoint: 32500 ns, Total: 81800 ns
[2020-04-26T14:58:45.050+0000][1][safepoint    ] Safepoint "RevokeBias", Time since last: 19789400 ns, Reaching safepoint: 44500 ns, At safepoint: 74200 ns, Total: 118700 ns
[2020-04-26T14:58:45.052+0000][1][safepoint    ] Safepoint "RevokeBias", Time since last: 1807400 ns, Reaching safepoint: 19000 ns, At safepoint: 27900 ns, Total: 46900 ns
[2020-04-26T14:58:45.063+0000][1][safepoint    ] Safepoint "RevokeBias", Time since last: 10537700 ns, Reaching safepoint: 153600 ns, At safepoint: 78500 ns, Total: 232100 ns
[2020-04-26T14:58:45.066+0000][1][safepoint    ] Safepoint "BulkRevokeBias", Time since last: 3394100 ns, Reaching safepoint: 38800 ns, At safepoint: 91500 ns, Total: 130300 ns
[2020-04-26T14:58:45.826+0000][1][safepoint    ] Safepoint "RevokeBias", Time since last: 758520400 ns, Reaching safepoint: 1227000 ns, At safepoint: 107400 ns, Total: 1334400 ns
[2020-04-26T14:58:45.827+0000][1][safepoint    ] Safepoint "RevokeBias", Time since last: 153000 ns, Reaching safepoint: 103900 ns, At safepoint: 57500 ns, Total: 161400 ns
[2020-04-26T14:58:45.827+0000][1][safepoint    ] Safepoint "RevokeBias", Time since last: 146900 ns, Reaching safepoint: 13400 ns, At safepoint: 58400 ns, Total: 71800 ns
[2020-04-26T14:58:45.830+0000][1][safepoint    ] Safepoint "RevokeBias", Time since last: 2929800 ns, Reaching safepoint: 24100 ns, At safepoint: 59500 ns, Total: 83600 ns
[2020-04-26T14:58:45.893+0000][1][gc,start     ] GC(14) Pause Young (Allocation Failure)
[2020-04-26T14:58:45.893+0000][1][gc,task      ] GC(14) Using 10 workers of 10 for evacuation
[2020-04-26T14:58:45.909+0000][1][gc,age       ] GC(14) Desired survivor size 8945664 bytes, new threshold 2 (max threshold 6)
[2020-04-26T14:58:45.909+0000][1][gc,age       ] GC(14) Age table with threshold 2 (max threshold 6)
[2020-04-26T14:58:45.910+0000][1][gc,age       ] GC(14) - age   1:    3620568 bytes,    3620568 total
[2020-04-26T14:58:45.910+0000][1][gc,age       ] GC(14) - age   2:    6711896 bytes,   10332464 total
[2020-04-26T14:58:45.910+0000][1][gc,heap      ] GC(14) ParNew: 150816K->13846K(157248K)
[2020-04-26T14:58:45.910+0000][1][gc,heap      ] GC(14) CMS: 47055K->49801K(349568K)
[2020-04-26T14:58:45.910+0000][1][gc,metaspace ] GC(14) Metaspace: 63020K->63020K(1107968K)
[2020-04-26T14:58:45.910+0000][1][gc           ] GC(14) Pause Young (Allocation Failure) 193M->62M(494M) 16.380ms
[2020-04-26T14:58:45.910+0000][1][gc,cpu       ] GC(14) User=0.16s Sys=0.00s Real=0.02s
[2020-04-26T14:58:45.910+0000][1][safepoint    ] Safepoint "GenCollectForAllocation", Time since last: 63430500 ns, Reaching safepoint: 50300 ns, At safepoint: 16706700 ns, Total: 16757000 ns
[2020-04-26T14:58:46.058+0000][1][safepoint    ] Safepoint "Deoptimize", Time since last: 147916700 ns, Reaching safepoint: 59100 ns, At safepoint: 395500 ns, Total: 454600 ns
[2020-04-26T14:58:46.282+0000][1][safepoint    ] Safepoint "RevokeBias", Time since last: 223117500 ns, Reaching safepoint: 133600 ns, At safepoint: 78000 ns, Total: 211600 ns
[2020-04-26T14:58:46.309+0000][1][safepoint    ] Safepoint "RevokeBias", Time since last: 27397100 ns, Reaching safepoint: 38800 ns, At safepoint: 110900 ns, Total: 149700 ns
[2020-04-26T14:58:46.536+0000][1][safepoint    ] Safepoint "BulkRevokeBias", Time since last: 227107700 ns, Reaching safepoint: 48000 ns, At safepoint: 104400 ns, Total: 152400 ns
[2020-04-26T14:58:46.579+0000][1][safepoint    ] Safepoint "Deoptimize", Time since last: 42646200 ns, Reaching safepoint: 30100 ns, At safepoint: 327000 ns, Total: 357100 ns
[2020-04-26T14:58:46.626+0000][1][safepoint    ] Safepoint "RevokeBias", Time since last: 45855300 ns, Reaching safepoint: 119000 ns, At safepoint: 118000 ns, Total: 237000 ns
[2020-04-26T14:58:46.626+0000][1][safepoint    ] Safepoint "RevokeBias", Time since last: 474500 ns, Reaching safepoint: 130400 ns, At safepoint: 133500 ns, Total: 263900 ns
[2020-04-26T14:58:46.627+0000][1][safepoint    ] Safepoint "RevokeBias", Time since last: 1119300 ns, Reaching safepoint: 17400 ns, At safepoint: 48900 ns, Total: 66300 ns
[2020-04-26T14:58:46.628+0000][1][safepoint    ] Safepoint "RevokeBias", Time since last: 688000 ns, Reaching safepoint: 19800 ns, At safepoint: 75900 ns, Total: 95700 ns
[2020-04-26T14:58:46.628+0000][1][safepoint    ] Safepoint "RevokeBias", Time since last: 168800 ns, Reaching safepoint: 16700 ns, At safepoint: 40500 ns, Total: 57200 ns
[2020-04-26T14:58:46.629+0000][1][safepoint    ] Safepoint "RevokeBias", Time since last: 231400 ns, Reaching safepoint: 15700 ns, At safepoint: 39000 ns, Total: 54700 ns
[2020-04-26T14:58:46.629+0000][1][safepoint    ] Safepoint "RevokeBias", Time since last: 255000 ns, Reaching safepoint: 9600 ns, At safepoint: 31100 ns, Total: 40700 ns
[2020-04-26T14:58:46.629+0000][1][safepoint    ] Safepoint "RevokeBias", Time since last: 220900 ns, Reaching safepoint: 12300 ns, At safepoint: 47100 ns, Total: 59400 ns
[2020-04-26T14:58:46.630+0000][1][safepoint    ] Safepoint "RevokeBias", Time since last: 170100 ns, Reaching safepoint: 11700 ns, At safepoint: 46200 ns, Total: 57900 ns
[2020-04-26T14:58:46.630+0000][1][safepoint    ] Safepoint "RevokeBias", Time since last: 408300 ns, Reaching safepoint: 9900 ns, At safepoint: 31500 ns, Total: 41400 ns
[2020-04-26T14:58:46.631+0000][1][safepoint    ] Safepoint "RevokeBias", Time since last: 667900 ns, Reaching safepoint: 14200 ns, At safepoint: 49500 ns, Total: 63700 ns
[2020-04-26T14:58:46.631+0000][1][safepoint    ] Safepoint "RevokeBias", Time since last: 165700 ns, Reaching safepoint: 11900 ns, At safepoint: 32700 ns, Total: 44600 ns
[2020-04-26T14:58:46.633+0000][1][safepoint    ] Safepoint "Deoptimize", Time since last: 2079400 ns, Reaching safepoint: 22200 ns, At safepoint: 360500 ns, Total: 382700 ns
[2020-04-26T14:58:46.711+0000][1][safepoint    ] Safepoint "Deoptimize", Time since last: 77137100 ns, Reaching safepoint: 74100 ns, At safepoint: 458600 ns, Total: 532700 ns
[2020-04-26T14:58:46.808+0000][1][safepoint    ] Safepoint "Deoptimize", Time since last: 95980200 ns, Reaching safepoint: 44500 ns, At safepoint: 375500 ns, Total: 420000 ns
[2020-04-26T14:58:47.031+0000][1][safepoint    ] Safepoint "RevokeBias", Time since last: 223071800 ns, Reaching safepoint: 177500 ns, At safepoint: 68700 ns, Total: 246200 ns
[2020-04-26T14:58:47.032+0000][1][safepoint    ] Safepoint "RevokeBias", Time since last: 1259500 ns, Reaching safepoint: 194000 ns, At safepoint: 107700 ns, Total: 301700 ns
[2020-04-26T14:58:47.035+0000][1][safepoint    ] Safepoint "RevokeBias", Time since last: 1665600 ns, Reaching safepoint: 711500 ns, At safepoint: 239300 ns, Total: 950800 ns
[2020-04-26T14:58:47.039+0000][1][safepoint    ] Safepoint "RevokeBias", Time since last: 3215600 ns, Reaching safepoint: 508600 ns, At safepoint: 199900 ns, Total: 708500 ns
[2020-04-26T14:58:47.041+0000][1][safepoint    ] Safepoint "RevokeBias", Time since last: 1436300 ns, Reaching safepoint: 215400 ns, At safepoint: 171400 ns, Total: 386800 ns
[2020-04-26T14:58:47.041+0000][1][safepoint    ] Safepoint "RevokeBias", Time since last: 52400 ns, Reaching safepoint: 147600 ns, At safepoint: 199600 ns, Total: 347200 ns
[2020-04-26T14:58:47.042+0000][1][safepoint    ] Safepoint "RevokeBias", Time since last: 47600 ns, Reaching safepoint: 112600 ns, At safepoint: 212500 ns, Total: 325100 ns
[2020-04-26T14:58:47.042+0000][1][safepoint    ] Safepoint "RevokeBias", Time since last: 66100 ns, Reaching safepoint: 24000 ns, At safepoint: 115900 ns, Total: 139900 ns
[2020-04-26T14:58:47.042+0000][1][safepoint    ] Safepoint "RevokeBias", Time since last: 40500 ns, Reaching safepoint: 21700 ns, At safepoint: 118200 ns, Total: 139900 ns
[2020-04-26T14:58:47.043+0000][1][safepoint    ] Safepoint "RevokeBias", Time since last: 490600 ns, Reaching safepoint: 182800 ns, At safepoint: 149900 ns, Total: 332700 ns
[2020-04-26T14:58:47.043+0000][1][safepoint    ] Safepoint "RevokeBias", Time since last: 249900 ns, Reaching safepoint: 116300 ns, At safepoint: 73600 ns, Total: 189900 ns
[2020-04-26T14:58:47.044+0000][1][safepoint    ] Safepoint "RevokeBias", Time since last: 974200 ns, Reaching safepoint: 107500 ns, At safepoint: 95400 ns, Total: 202900 ns
[2020-04-26T14:58:47.045+0000][1][safepoint    ] Safepoint "RevokeBias", Time since last: 287400 ns, Reaching safepoint: 109700 ns, At safepoint: 59000 ns, Total: 168700 ns
[2020-04-26T14:58:47.045+0000][1][safepoint    ] Safepoint "RevokeBias", Time since last: 167700 ns, Reaching safepoint: 105500 ns, At safepoint: 60000 ns, Total: 165500 ns
[2020-04-26T14:58:47.045+0000][1][safepoint    ] Safepoint "RevokeBias", Time since last: 102300 ns, Reaching safepoint: 103800 ns, At safepoint: 71800 ns, Total: 175600 ns
[2020-04-26T14:58:47.049+0000][1][safepoint    ] Safepoint "RevokeBias", Time since last: 3431100 ns, Reaching safepoint: 156200 ns, At safepoint: 192200 ns, Total: 348400 ns
[2020-04-26T14:58:47.050+0000][1][safepoint    ] Safepoint "BulkRevokeBias", Time since last: 225700 ns, Reaching safepoint: 151700 ns, At safepoint: 453900 ns, Total: 605600 ns
[2020-04-26T14:58:47.051+0000][1][safepoint    ] Safepoint "RevokeBias", Time since last: 224000 ns, Reaching safepoint: 202900 ns, At safepoint: 142700 ns, Total: 345600 ns
[2020-04-26T14:58:47.051+0000][1][safepoint    ] Safepoint "RevokeBias", Time since last: 222100 ns, Reaching safepoint: 149100 ns, At safepoint: 91800 ns, Total: 240900 ns
[2020-04-26T14:58:47.051+0000][1][safepoint    ] Safepoint "RevokeBias", Time since last: 133100 ns, Reaching safepoint: 134200 ns, At safepoint: 109500 ns, Total: 243700 ns
[2020-04-26T14:58:47.052+0000][1][safepoint    ] Safepoint "RevokeBias", Time since last: 575100 ns, Reaching safepoint: 327200 ns, At safepoint: 121900 ns, Total: 449100 ns
[2020-04-26T14:58:47.059+0000][1][safepoint    ] Safepoint "RevokeBias", Time since last: 4739200 ns, Reaching safepoint: 2009100 ns, At safepoint: 261300 ns, Total: 2270400 ns
[2020-04-26T14:58:47.060+0000][1][safepoint    ] Safepoint "RevokeBias", Time since last: 245400 ns, Reaching safepoint: 196100 ns, At safepoint: 279100 ns, Total: 475200 ns
[2020-04-26T14:58:47.061+0000][1][safepoint    ] Safepoint "RevokeBias", Time since last: 234100 ns, Reaching safepoint: 168500 ns, At safepoint: 163400 ns, Total: 331900 ns
[2020-04-26T14:58:47.061+0000][1][safepoint    ] Safepoint "RevokeBias", Time since last: 138400 ns, Reaching safepoint: 141200 ns, At safepoint: 169400 ns, Total: 310600 ns
[2020-04-26T14:58:47.062+0000][1][safepoint    ] Safepoint "RevokeBias", Time since last: 131500 ns, Reaching safepoint: 140700 ns, At safepoint: 189600 ns, Total: 330300 ns
[2020-04-26T14:58:47.065+0000][1][safepoint    ] Safepoint "RevokeBias", Time since last: 3222800 ns, Reaching safepoint: 158700 ns, At safepoint: 130400 ns, Total: 289100 ns
[2020-04-26T14:58:47.066+0000][1][safepoint    ] Safepoint "RevokeBias", Time since last: 147100 ns, Reaching safepoint: 143500 ns, At safepoint: 132700 ns, Total: 276200 ns
[2020-04-26T14:58:47.066+0000][1][safepoint    ] Safepoint "RevokeBias", Time since last: 137700 ns, Reaching safepoint: 184900 ns, At safepoint: 147400 ns, Total: 332300 ns
[2020-04-26T14:58:47.066+0000][1][safepoint    ] Safepoint "RevokeBias", Time since last: 178300 ns, Reaching safepoint: 129200 ns, At safepoint: 107800 ns, Total: 237000 ns
[2020-04-26T14:58:47.071+0000][1][safepoint    ] Safepoint "RevokeBias", Time since last: 3956500 ns, Reaching safepoint: 144900 ns, At safepoint: 132900 ns, Total: 277800 ns
[2020-04-26T14:58:47.073+0000][1][safepoint    ] Safepoint "RevokeBias", Time since last: 1555500 ns, Reaching safepoint: 193000 ns, At safepoint: 201900 ns, Total: 394900 ns
[2020-04-26T14:58:47.073+0000][1][safepoint    ] Safepoint "RevokeBias", Time since last: 94400 ns, Reaching safepoint: 163500 ns, At safepoint: 190200 ns, Total: 353700 ns
[2020-04-26T14:58:47.073+0000][1][safepoint    ] Safepoint "RevokeBias", Time since last: 56700 ns, Reaching safepoint: 145600 ns, At safepoint: 150300 ns, Total: 295900 ns
[2020-04-26T14:58:47.074+0000][1][safepoint    ] Safepoint "RevokeBias", Time since last: 38700 ns, Reaching safepoint: 118100 ns, At safepoint: 74000 ns, Total: 192100 ns
[2020-04-26T14:58:47.074+0000][1][safepoint    ] Safepoint "RevokeBias", Time since last: 32100 ns, Reaching safepoint: 109100 ns, At safepoint: 81800 ns, Total: 190900 ns
[2020-04-26T14:58:47.078+0000][1][safepoint    ] Safepoint "RevokeBias", Time since last: 3119500 ns, Reaching safepoint: 325300 ns, At safepoint: 130300 ns, Total: 455600 ns
[2020-04-26T14:58:47.078+0000][1][safepoint    ] Safepoint "RevokeBias", Time since last: 351300 ns, Reaching safepoint: 162900 ns, At safepoint: 152500 ns, Total: 315400 ns
[2020-04-26T14:58:47.079+0000][1][safepoint    ] Safepoint "RevokeBias", Time since last: 343500 ns, Reaching safepoint: 203500 ns, At safepoint: 200500 ns, Total: 404000 ns
[2020-04-26T14:58:47.080+0000][1][safepoint    ] Safepoint "RevokeBias", Time since last: 312500 ns, Reaching safepoint: 215000 ns, At safepoint: 160000 ns, Total: 375000 ns
[2020-04-26T14:58:47.080+0000][1][safepoint    ] Safepoint "RevokeBias", Time since last: 311600 ns, Reaching safepoint: 179300 ns, At safepoint: 282600 ns, Total: 461900 ns
[2020-04-26T14:58:47.081+0000][1][safepoint    ] Safepoint "RevokeBias", Time since last: 357100 ns, Reaching safepoint: 223700 ns, At safepoint: 228800 ns, Total: 452500 ns
[2020-04-26T14:58:47.084+0000][1][safepoint    ] Safepoint "RevokeBias", Time since last: 2176900 ns, Reaching safepoint: 260700 ns, At safepoint: 184800 ns, Total: 445500 ns
[2020-04-26T14:58:47.084+0000][1][safepoint    ] Safepoint "RevokeBias", Time since last: 117500 ns, Reaching safepoint: 173500 ns, At safepoint: 271400 ns, Total: 444900 ns
[2020-04-26T14:58:47.088+0000][1][safepoint    ] Safepoint "RevokeBias", Time since last: 2921800 ns, Reaching safepoint: 181300 ns, At safepoint: 197600 ns, Total: 378900 ns
[2020-04-26T14:58:47.090+0000][1][safepoint    ] Safepoint "RevokeBias", Time since last: 2024200 ns, Reaching safepoint: 407300 ns, At safepoint: 223000 ns, Total: 630300 ns
[2020-04-26T14:58:47.094+0000][1][safepoint    ] Safepoint "RevokeBias", Time since last: 2936700 ns, Reaching safepoint: 157900 ns, At safepoint: 111300 ns, Total: 269200 ns
[2020-04-26T14:58:47.096+0000][1][safepoint    ] Safepoint "RevokeBias", Time since last: 2329800 ns, Reaching safepoint: 73100 ns, At safepoint: 95100 ns, Total: 168200 ns
[2020-04-26T14:58:47.096+0000][1][safepoint    ] Safepoint "RevokeBias", Time since last: 189200 ns, Reaching safepoint: 140600 ns, At safepoint: 77800 ns, Total: 218400 ns
[2020-04-26T14:58:47.097+0000][1][safepoint    ] Safepoint "RevokeBias", Time since last: 172800 ns, Reaching safepoint: 47900 ns, At safepoint: 102900 ns, Total: 150800 ns
[2020-04-26T14:58:47.097+0000][1][safepoint    ] Safepoint "RevokeBias", Time since last: 125100 ns, Reaching safepoint: 360500 ns, At safepoint: 76000 ns, Total: 436500 ns
[2020-04-26T14:58:47.098+0000][1][safepoint    ] Safepoint "RevokeBias", Time since last: 123700 ns, Reaching safepoint: 111800 ns, At safepoint: 83700 ns, Total: 195500 ns
[2020-04-26T14:58:47.098+0000][1][safepoint    ] Safepoint "RevokeBias", Time since last: 192200 ns, Reaching safepoint: 131900 ns, At safepoint: 58400 ns, Total: 190300 ns
[2020-04-26T14:58:47.098+0000][1][safepoint    ] Safepoint "RevokeBias", Time since last: 100900 ns, Reaching safepoint: 27200 ns, At safepoint: 53400 ns, Total: 80600 ns
[2020-04-26T14:58:47.109+0000][1][safepoint    ] Safepoint "RevokeBias", Time since last: 10737900 ns, Reaching safepoint: 45200 ns, At safepoint: 55700 ns, Total: 100900 ns
[2020-04-26T14:58:47.119+0000][1][safepoint    ] Safepoint "RevokeBias", Time since last: 10034500 ns, Reaching safepoint: 154800 ns, At safepoint: 90200 ns, Total: 245000 ns
[2020-04-26T14:58:47.124+0000][1][safepoint    ] Safepoint "RevokeBias", Time since last: 4110000 ns, Reaching safepoint: 322300 ns, At safepoint: 106000 ns, Total: 428300 ns
[2020-04-26T14:58:47.125+0000][1][safepoint    ] Safepoint "RevokeBias", Time since last: 1201300 ns, Reaching safepoint: 40800 ns, At safepoint: 76500 ns, Total: 117300 ns
[2020-04-26T14:58:47.127+0000][1][safepoint    ] Safepoint "RevokeBias", Time since last: 1993700 ns, Reaching safepoint: 148000 ns, At safepoint: 105800 ns, Total: 253800 ns
[2020-04-26T14:58:47.128+0000][1][safepoint    ] Safepoint "RevokeBias", Time since last: 523400 ns, Reaching safepoint: 127500 ns, At safepoint: 108000 ns, Total: 235500 ns
[2020-04-26T14:58:47.137+0000][1][safepoint    ] Safepoint "RevokeBias", Time since last: 8649200 ns, Reaching safepoint: 72700 ns, At safepoint: 164700 ns, Total: 237400 ns
[2020-04-26T14:58:47.138+0000][1][safepoint    ] Safepoint "RevokeBias", Time since last: 733500 ns, Reaching safepoint: 70400 ns, At safepoint: 102100 ns, Total: 172500 ns
[2020-04-26T14:58:47.138+0000][1][safepoint    ] Safepoint "RevokeBias", Time since last: 304300 ns, Reaching safepoint: 89200 ns, At safepoint: 47700 ns, Total: 136900 ns
[2020-04-26T14:58:47.140+0000][1][safepoint    ] Safepoint "RevokeBias", Time since last: 1433500 ns, Reaching safepoint: 41500 ns, At safepoint: 44800 ns, Total: 86300 ns
[2020-04-26T14:58:47.140+0000][1][safepoint    ] Safepoint "RevokeBias", Time since last: 144800 ns, Reaching safepoint: 30000 ns, At safepoint: 38700 ns, Total: 68700 ns
[2020-04-26T14:58:47.140+0000][1][safepoint    ] Safepoint "RevokeBias", Time since last: 106500 ns, Reaching safepoint: 25300 ns, At safepoint: 37900 ns, Total: 63200 ns
[2020-04-26T14:58:47.141+0000][1][safepoint    ] Safepoint "RevokeBias", Time since last: 125500 ns, Reaching safepoint: 24800 ns, At safepoint: 36400 ns, Total: 61200 ns
[2020-04-26T14:58:47.141+0000][1][safepoint    ] Safepoint "RevokeBias", Time since last: 404100 ns, Reaching safepoint: 38000 ns, At safepoint: 69500 ns, Total: 107500 ns
[2020-04-26T14:58:47.155+0000][1][safepoint    ] Safepoint "RevokeBias", Time since last: 13743200 ns, Reaching safepoint: 46500 ns, At safepoint: 81300 ns, Total: 127800 ns
[2020-04-26T14:58:47.164+0000][1][safepoint    ] Safepoint "RevokeBias", Time since last: 8492600 ns, Reaching safepoint: 86800 ns, At safepoint: 97000 ns, Total: 183800 ns
[2020-04-26T14:58:47.176+0000][1][safepoint    ] Safepoint "RevokeBias", Time since last: 12200900 ns, Reaching safepoint: 63400 ns, At safepoint: 83700 ns, Total: 147100 ns
[2020-04-26T14:58:47.190+0000][1][safepoint    ] Safepoint "RevokeBias", Time since last: 14339000 ns, Reaching safepoint: 48900 ns, At safepoint: 48600 ns, Total: 97500 ns
[2020-04-26T14:58:47.192+0000][1][safepoint    ] Safepoint "RevokeBias", Time since last: 1105100 ns, Reaching safepoint: 31700 ns, At safepoint: 36000 ns, Total: 67700 ns
[2020-04-26T14:58:47.241+0000][1][safepoint    ] Safepoint "RevokeBias", Time since last: 49237600 ns, Reaching safepoint: 47800 ns, At safepoint: 40100 ns, Total: 87900 ns
[2020-04-26T14:58:47.241+0000][1][safepoint    ] Safepoint "RevokeBias", Time since last: 97500 ns, Reaching safepoint: 25100 ns, At safepoint: 33300 ns, Total: 58400 ns
[2020-04-26T14:58:47.241+0000][1][safepoint    ] Safepoint "RevokeBias", Time since last: 99800 ns, Reaching safepoint: 27400 ns, At safepoint: 36300 ns, Total: 63700 ns
[2020-04-26T14:58:47.242+0000][1][safepoint    ] Safepoint "RevokeBias", Time since last: 631100 ns, Reaching safepoint: 27100 ns, At safepoint: 52300 ns, Total: 79400 ns
[2020-04-26T14:58:47.242+0000][1][safepoint    ] Safepoint "RevokeBias", Time since last: 151000 ns, Reaching safepoint: 28600 ns, At safepoint: 58900 ns, Total: 87500 ns
[2020-04-26T14:58:47.242+0000][1][safepoint    ] Safepoint "RevokeBias", Time since last: 108300 ns, Reaching safepoint: 24700 ns, At safepoint: 38500 ns, Total: 63200 ns
[2020-04-26T14:58:47.248+0000][1][gc,start     ] GC(15) Pause Young (Allocation Failure)
[2020-04-26T14:58:47.249+0000][1][gc,task      ] GC(15) Using 10 workers of 10 for evacuation
[2020-04-26T14:58:47.261+0000][1][gc,age       ] GC(15) Desired survivor size 8945664 bytes, new threshold 6 (max threshold 6)
[2020-04-26T14:58:47.261+0000][1][gc,age       ] GC(15) Age table with threshold 6 (max threshold 6)
[2020-04-26T14:58:47.261+0000][1][gc,age       ] GC(15) - age   1:    5501176 bytes,    5501176 total
[2020-04-26T14:58:47.261+0000][1][gc,age       ] GC(15) - age   2:    3224808 bytes,    8725984 total
[2020-04-26T14:58:47.261+0000][1][gc,heap      ] GC(15) ParNew: 153622K->14405K(157248K)
[2020-04-26T14:58:47.261+0000][1][gc,heap      ] GC(15) CMS: 49801K->56457K(349568K)
[2020-04-26T14:58:47.261+0000][1][gc,metaspace ] GC(15) Metaspace: 75572K->75572K(1118208K)
[2020-04-26T14:58:47.261+0000][1][gc           ] GC(15) Pause Young (Allocation Failure) 198M->69M(494M) 12.147ms
[2020-04-26T14:58:47.261+0000][1][gc,cpu       ] GC(15) User=0.07s Sys=0.06s Real=0.01s
[2020-04-26T14:58:47.261+0000][1][safepoint    ] Safepoint "GenCollectForAllocation", Time since last: 6121100 ns, Reaching safepoint: 50100 ns, At safepoint: 12270800 ns, Total: 12320900 ns
[2020-04-26T14:58:47.265+0000][1][safepoint    ] Safepoint "RevokeBias", Time since last: 3740100 ns, Reaching safepoint: 248000 ns, At safepoint: 107000 ns, Total: 355000 ns
[2020-04-26T14:58:47.266+0000][1][safepoint    ] Safepoint "RevokeBias", Time since last: 478600 ns, Reaching safepoint: 162400 ns, At safepoint: 165900 ns, Total: 328300 ns
[2020-04-26T14:58:47.266+0000][1][safepoint    ] Safepoint "RevokeBias", Time since last: 143600 ns, Reaching safepoint: 269500 ns, At safepoint: 158700 ns, Total: 428200 ns
[2020-04-26T14:58:47.267+0000][1][safepoint    ] Safepoint "RevokeBias", Time since last: 166500 ns, Reaching safepoint: 169100 ns, At safepoint: 207600 ns, Total: 376700 ns
[2020-04-26T14:58:47.268+0000][1][safepoint    ] Safepoint "RevokeBias", Time since last: 393800 ns, Reaching safepoint: 166400 ns, At safepoint: 243700 ns, Total: 410100 ns
[2020-04-26T14:58:47.273+0000][1][safepoint    ] Safepoint "RevokeBias", Time since last: 5332200 ns, Reaching safepoint: 123500 ns, At safepoint: 163200 ns, Total: 286700 ns
[2020-04-26T14:58:47.278+0000][1][safepoint    ] Safepoint "RevokeBias", Time since last: 4628600 ns, Reaching safepoint: 229300 ns, At safepoint: 140000 ns, Total: 369300 ns
[2020-04-26T14:58:47.279+0000][1][safepoint    ] Safepoint "RevokeBias", Time since last: 602900 ns, Reaching safepoint: 225400 ns, At safepoint: 125300 ns, Total: 350700 ns
[2020-04-26T14:58:47.287+0000][1][safepoint    ] Safepoint "RevokeBias", Time since last: 7783600 ns, Reaching safepoint: 79200 ns, At safepoint: 108700 ns, Total: 187900 ns
[2020-04-26T14:58:47.287+0000][1][safepoint    ] Safepoint "RevokeBias", Time since last: 157500 ns, Reaching safepoint: 60600 ns, At safepoint: 99000 ns, Total: 159600 ns
[2020-04-26T14:58:47.290+0000][1][safepoint    ] Safepoint "RevokeBias", Time since last: 2253700 ns, Reaching safepoint: 55500 ns, At safepoint: 68400 ns, Total: 123900 ns
[2020-04-26T14:58:47.290+0000][1][safepoint    ] Safepoint "RevokeBias", Time since last: 138400 ns, Reaching safepoint: 45300 ns, At safepoint: 64200 ns, Total: 109500 ns
[2020-04-26T14:58:47.296+0000][1][safepoint    ] Safepoint "RevokeBias", Time since last: 5686000 ns, Reaching safepoint: 167800 ns, At safepoint: 92600 ns, Total: 260400 ns
[2020-04-26T14:58:47.305+0000][1][safepoint    ] Safepoint "RevokeBias", Time since last: 8327400 ns, Reaching safepoint: 198800 ns, At safepoint: 71000 ns, Total: 269800 ns
[2020-04-26T14:58:47.305+0000][1][safepoint    ] Safepoint "RevokeBias", Time since last: 416900 ns, Reaching safepoint: 282600 ns, At safepoint: 171200 ns, Total: 453800 ns
[2020-04-26T14:58:47.320+0000][1][safepoint    ] Safepoint "RevokeBias", Time since last: 13433700 ns, Reaching safepoint: 392900 ns, At safepoint: 397900 ns, Total: 790800 ns
[2020-04-26T14:58:47.320+0000][1][safepoint    ] Safepoint "RevokeBias", Time since last: 267800 ns, Reaching safepoint: 181200 ns, At safepoint: 130200 ns, Total: 311400 ns
[2020-04-26T14:58:47.322+0000][1][safepoint    ] Safepoint "RevokeBias", Time since last: 1191500 ns, Reaching safepoint: 150100 ns, At safepoint: 99800 ns, Total: 249900 ns
[2020-04-26T14:58:47.325+0000][1][safepoint    ] Safepoint "RevokeBias", Time since last: 3049500 ns, Reaching safepoint: 55400 ns, At safepoint: 41900 ns, Total: 97300 ns
[2020-04-26T14:58:47.332+0000][1][safepoint    ] Safepoint "RevokeBias", Time since last: 6728800 ns, Reaching safepoint: 47900 ns, At safepoint: 33600 ns, Total: 81500 ns
[2020-04-26T14:58:47.345+0000][1][safepoint    ] Safepoint "RevokeBias", Time since last: 12828900 ns, Reaching safepoint: 66800 ns, At safepoint: 59200 ns, Total: 126000 ns
[2020-04-26T14:58:47.345+0000][1][safepoint    ] Safepoint "RevokeBias", Time since last: 362500 ns, Reaching safepoint: 45200 ns, At safepoint: 62500 ns, Total: 107700 ns
[2020-04-26T14:58:47.345+0000][1][safepoint    ] Safepoint "RevokeBias", Time since last: 97400 ns, Reaching safepoint: 119000 ns, At safepoint: 27400 ns, Total: 146400 ns
[2020-04-26T14:58:47.346+0000][1][safepoint    ] Safepoint "RevokeBias", Time since last: 174900 ns, Reaching safepoint: 30300 ns, At safepoint: 27200 ns, Total: 57500 ns
[2020-04-26T14:58:47.347+0000][1][safepoint    ] Safepoint "RevokeBias", Time since last: 784500 ns, Reaching safepoint: 276100 ns, At safepoint: 46000 ns, Total: 322100 ns
[2020-04-26T14:58:47.347+0000][1][safepoint    ] Safepoint "RevokeBias", Time since last: 231100 ns, Reaching safepoint: 31500 ns, At safepoint: 41600 ns, Total: 73100 ns
[2020-04-26T14:58:47.350+0000][1][safepoint    ] Safepoint "RevokeBias", Time since last: 3143600 ns, Reaching safepoint: 48000 ns, At safepoint: 28100 ns, Total: 76100 ns
[2020-04-26T14:58:47.350+0000][1][safepoint    ] Safepoint "RevokeBias", Time since last: 95400 ns, Reaching safepoint: 34700 ns, At safepoint: 24300 ns, Total: 59000 ns
[2020-04-26T14:58:47.371+0000][1][safepoint    ] Safepoint "CollectForMetadataAllocation", Time since last: 20156200 ns, Reaching safepoint: 48000 ns, At safepoint: 125300 ns, Total: 173300 ns
[2020-04-26T14:58:47.385+0000][1][safepoint    ] Safepoint "CollectForMetadataAllocation", Time since last: 13739600 ns, Reaching safepoint: 47200 ns, At safepoint: 109300 ns, Total: 156500 ns
[2020-04-26T14:58:47.392+0000][1][safepoint    ] Safepoint "Deoptimize", Time since last: 7219900 ns, Reaching safepoint: 50300 ns, At safepoint: 391400 ns, Total: 441700 ns
[2020-04-26T14:58:47.399+0000][1][safepoint    ] Safepoint "CollectForMetadataAllocation", Time since last: 6697600 ns, Reaching safepoint: 48100 ns, At safepoint: 114100 ns, Total: 162200 ns
[2020-04-26T14:58:47.431+0000][1][safepoint    ] Safepoint "CollectForMetadataAllocation", Time since last: 31266600 ns, Reaching safepoint: 78600 ns, At safepoint: 186700 ns, Total: 265300 ns
[2020-04-26T14:58:47.437+0000][1][safepoint    ] Safepoint "BulkRevokeBias", Time since last: 5723400 ns, Reaching safepoint: 57000 ns, At safepoint: 588300 ns, Total: 645300 ns
[2020-04-26T14:58:47.437+0000][1][safepoint    ] Safepoint "RevokeBias", Time since last: 172800 ns, Reaching safepoint: 57600 ns, At safepoint: 29100 ns, Total: 86700 ns
[2020-04-26T14:58:47.441+0000][1][safepoint    ] Safepoint "BulkRevokeBias", Time since last: 3569500 ns, Reaching safepoint: 51000 ns, At safepoint: 278600 ns, Total: 329600 ns
[2020-04-26T14:58:47.444+0000][1][safepoint    ] Safepoint "RevokeBias", Time since last: 3036200 ns, Reaching safepoint: 46200 ns, At safepoint: 30000 ns, Total: 76200 ns
[2020-04-26T14:58:47.445+0000][1][safepoint    ] Safepoint "RevokeBias", Time since last: 225900 ns, Reaching safepoint: 36600 ns, At safepoint: 27700 ns, Total: 64300 ns
[2020-04-26T14:58:47.450+0000][1][safepoint    ] Safepoint "RevokeBias", Time since last: 5528800 ns, Reaching safepoint: 61700 ns, At safepoint: 63900 ns, Total: 125600 ns
[2020-04-26T14:58:47.452+0000][1][safepoint    ] Safepoint "RevokeBias", Time since last: 2016200 ns, Reaching safepoint: 45800 ns, At safepoint: 26800 ns, Total: 72600 ns
[2020-04-26T14:58:47.453+0000][1][safepoint    ] Safepoint "RevokeBias", Time since last: 172300 ns, Reaching safepoint: 30400 ns, At safepoint: 24500 ns, Total: 54900 ns
[2020-04-26T14:58:47.458+0000][1][safepoint    ] Safepoint "RevokeBias", Time since last: 5710300 ns, Reaching safepoint: 169600 ns, At safepoint: 72000 ns, Total: 241600 ns
[2020-04-26T14:58:47.459+0000][1][safepoint    ] Safepoint "RevokeBias", Time since last: 686400 ns, Reaching safepoint: 45100 ns, At safepoint: 30500 ns, Total: 75600 ns
[2020-04-26T14:58:47.464+0000][1][safepoint    ] Safepoint "RevokeBias", Time since last: 5014500 ns, Reaching safepoint: 86000 ns, At safepoint: 48100 ns, Total: 134100 ns
[2020-04-26T14:58:47.465+0000][1][safepoint    ] Safepoint "RevokeBias", Time since last: 146700 ns, Reaching safepoint: 48300 ns, At safepoint: 41700 ns, Total: 90000 ns
[2020-04-26T14:58:47.465+0000][1][safepoint    ] Safepoint "RevokeBias", Time since last: 197000 ns, Reaching safepoint: 52700 ns, At safepoint: 49000 ns, Total: 101700 ns
[2020-04-26T14:58:47.465+0000][1][safepoint    ] Safepoint "RevokeBias", Time since last: 134400 ns, Reaching safepoint: 42600 ns, At safepoint: 40500 ns, Total: 83100 ns
[2020-04-26T14:58:47.465+0000][1][safepoint    ] Safepoint "RevokeBias", Time since last: 134500 ns, Reaching safepoint: 44600 ns, At safepoint: 47100 ns, Total: 91700 ns
[2020-04-26T14:58:47.466+0000][1][safepoint    ] Safepoint "RevokeBias", Time since last: 188600 ns, Reaching safepoint: 45800 ns, At safepoint: 52700 ns, Total: 98500 ns
[2020-04-26T14:58:47.466+0000][1][safepoint    ] Safepoint "RevokeBias", Time since last: 217700 ns, Reaching safepoint: 44900 ns, At safepoint: 48600 ns, Total: 93500 ns
[2020-04-26T14:58:47.466+0000][1][safepoint    ] Safepoint "RevokeBias", Time since last: 191400 ns, Reaching safepoint: 45600 ns, At safepoint: 50400 ns, Total: 96000 ns
[2020-04-26T14:58:47.481+0000][1][safepoint    ] Safepoint "RevokeBias", Time since last: 14688600 ns, Reaching safepoint: 52000 ns, At safepoint: 62000 ns, Total: 114000 ns
[2020-04-26T14:58:47.481+0000][1][safepoint    ] Safepoint "RevokeBias", Time since last: 384600 ns, Reaching safepoint: 36400 ns, At safepoint: 25100 ns, Total: 61500 ns
[2020-04-26T14:58:47.490+0000][1][safepoint    ] Safepoint "RevokeBias", Time since last: 8422900 ns, Reaching safepoint: 283300 ns, At safepoint: 228400 ns, Total: 511700 ns
[2020-04-26T14:58:47.493+0000][1][safepoint    ] Safepoint "RevokeBias", Time since last: 2203300 ns, Reaching safepoint: 119800 ns, At safepoint: 62200 ns, Total: 182000 ns
[2020-04-26T14:58:47.503+0000][1][safepoint    ] Safepoint "RevokeBias", Time since last: 10206500 ns, Reaching safepoint: 91100 ns, At safepoint: 97000 ns, Total: 188100 ns
[2020-04-26T14:58:47.508+0000][1][safepoint    ] Safepoint "RevokeBias", Time since last: 4805900 ns, Reaching safepoint: 82800 ns, At safepoint: 86000 ns, Total: 168800 ns
[2020-04-26T14:58:47.528+0000][1][safepoint    ] Safepoint "RevokeBias", Time since last: 19426700 ns, Reaching safepoint: 94000 ns, At safepoint: 50700 ns, Total: 144700 ns
[2020-04-26T14:58:47.528+0000][1][safepoint    ] Safepoint "RevokeBias", Time since last: 184600 ns, Reaching safepoint: 62400 ns, At safepoint: 29600 ns, Total: 92000 ns
[2020-04-26T14:58:47.528+0000][1][safepoint    ] Safepoint "RevokeBias", Time since last: 95100 ns, Reaching safepoint: 36600 ns, At safepoint: 28900 ns, Total: 65500 ns
[2020-04-26T14:58:47.528+0000][1][safepoint    ] Safepoint "RevokeBias", Time since last: 136400 ns, Reaching safepoint: 38600 ns, At safepoint: 13000 ns, Total: 51600 ns
[2020-04-26T14:58:47.529+0000][1][safepoint    ] Safepoint "RevokeBias", Time since last: 98100 ns, Reaching safepoint: 24400 ns, At safepoint: 24400 ns, Total: 48800 ns
[2020-04-26T14:58:47.529+0000][1][safepoint    ] Safepoint "RevokeBias", Time since last: 126600 ns, Reaching safepoint: 26300 ns, At safepoint: 28200 ns, Total: 54500 ns
[2020-04-26T14:58:47.529+0000][1][safepoint    ] Safepoint "RevokeBias", Time since last: 128500 ns, Reaching safepoint: 24900 ns, At safepoint: 27200 ns, Total: 52100 ns
[2020-04-26T14:58:47.529+0000][1][safepoint    ] Safepoint "RevokeBias", Time since last: 125900 ns, Reaching safepoint: 25200 ns, At safepoint: 43200 ns, Total: 68400 ns
[2020-04-26T14:58:47.539+0000][1][safepoint    ] Safepoint "RevokeBias", Time since last: 9990900 ns, Reaching safepoint: 92200 ns, At safepoint: 55800 ns, Total: 148000 ns
[2020-04-26T14:58:47.549+0000][1][safepoint    ] Safepoint "CollectForMetadataAllocation", Time since last: 9151600 ns, Reaching safepoint: 242700 ns, At safepoint: 229600 ns, Total: 472300 ns
[2020-04-26T14:58:47.602+0000][1][safepoint    ] Safepoint "CollectForMetadataAllocation", Time since last: 53064400 ns, Reaching safepoint: 67300 ns, At safepoint: 115700 ns, Total: 183000 ns
[2020-04-26T14:58:47.672+0000][1][safepoint    ] Safepoint "RevokeBias", Time since last: 69532600 ns, Reaching safepoint: 100800 ns, At safepoint: 56800 ns, Total: 157600 ns
[2020-04-26T14:58:47.672+0000][1][safepoint    ] Safepoint "RevokeBias", Time since last: 198600 ns, Reaching safepoint: 70200 ns, At safepoint: 49300 ns, Total: 119500 ns
[2020-04-26T14:58:47.689+0000][1][safepoint    ] Safepoint "CollectForMetadataAllocation", Time since last: 16463800 ns, Reaching safepoint: 85800 ns, At safepoint: 168900 ns, Total: 254700 ns
[2020-04-26T14:58:47.695+0000][1][safepoint    ] Safepoint "RevokeBias", Time since last: 5723000 ns, Reaching safepoint: 57100 ns, At safepoint: 39100 ns, Total: 96200 ns
[2020-04-26T14:58:47.695+0000][1][safepoint    ] Safepoint "RevokeBias", Time since last: 270900 ns, Reaching safepoint: 43200 ns, At safepoint: 32000 ns, Total: 75200 ns
[2020-04-26T14:58:47.705+0000][1][safepoint    ] Safepoint "RevokeBias", Time since last: 9651100 ns, Reaching safepoint: 61700 ns, At safepoint: 49300 ns, Total: 111000 ns
[2020-04-26T14:58:47.705+0000][1][safepoint    ] Safepoint "RevokeBias", Time since last: 110100 ns, Reaching safepoint: 38700 ns, At safepoint: 26000 ns, Total: 64700 ns
[2020-04-26T14:58:47.705+0000][1][safepoint    ] Safepoint "RevokeBias", Time since last: 91000 ns, Reaching safepoint: 27900 ns, At safepoint: 25200 ns, Total: 53100 ns
[2020-04-26T14:58:47.720+0000][1][safepoint    ] Safepoint "CollectForMetadataAllocation", Time since last: 14817900 ns, Reaching safepoint: 87200 ns, At safepoint: 141500 ns, Total: 228700 ns
[2020-04-26T14:58:47.744+0000][1][safepoint    ] Safepoint "CollectForMetadataAllocation", Time since last: 23341000 ns, Reaching safepoint: 68600 ns, At safepoint: 163800 ns, Total: 232400 ns
[2020-04-26T14:58:47.760+0000][1][safepoint    ] Safepoint "Deoptimize", Time since last: 15112600 ns, Reaching safepoint: 106300 ns, At safepoint: 670300 ns, Total: 776600 ns
[2020-04-26T14:58:47.768+0000][1][safepoint    ] Safepoint "Deoptimize", Time since last: 7625000 ns, Reaching safepoint: 48700 ns, At safepoint: 402400 ns, Total: 451100 ns
[2020-04-26T14:58:47.801+0000][1][safepoint    ] Safepoint "Deoptimize", Time since last: 33271600 ns, Reaching safepoint: 55500 ns, At safepoint: 402300 ns, Total: 457800 ns
[2020-04-26T14:58:47.810+0000][1][safepoint    ] Safepoint "CollectForMetadataAllocation", Time since last: 8150200 ns, Reaching safepoint: 69600 ns, At safepoint: 145100 ns, Total: 214700 ns
[2020-04-26T14:58:47.851+0000][1][safepoint    ] Safepoint "CollectForMetadataAllocation", Time since last: 40567000 ns, Reaching safepoint: 179200 ns, At safepoint: 145500 ns, Total: 324700 ns
[2020-04-26T14:58:47.879+0000][1][safepoint    ] Safepoint "CollectForMetadataAllocation", Time since last: 27821600 ns, Reaching safepoint: 76100 ns, At safepoint: 169500 ns, Total: 245600 ns
[2020-04-26T14:58:48.213+0000][1][safepoint    ] Safepoint "CollectForMetadataAllocation", Time since last: 333326600 ns, Reaching safepoint: 687400 ns, At safepoint: 206100 ns, Total: 893500 ns
[2020-04-26T14:58:48.228+0000][1][safepoint    ] Safepoint "RevokeBias", Time since last: 15143000 ns, Reaching safepoint: 55200 ns, At safepoint: 30600 ns, Total: 85800 ns
[2020-04-26T14:58:48.253+0000][1][safepoint    ] Safepoint "RevokeBias", Time since last: 25160200 ns, Reaching safepoint: 77600 ns, At safepoint: 31200 ns, Total: 108800 ns
[2020-04-26T14:58:48.254+0000][1][safepoint    ] Safepoint "RevokeBias", Time since last: 209700 ns, Reaching safepoint: 42500 ns, At safepoint: 29700 ns, Total: 72200 ns
[2020-04-26T14:58:48.268+0000][1][safepoint    ] Safepoint "CollectForMetadataAllocation", Time since last: 13818300 ns, Reaching safepoint: 144900 ns, At safepoint: 159600 ns, Total: 304500 ns
[2020-04-26T14:58:48.268+0000][1][safepoint    ] Safepoint "RevokeBias", Time since last: 562300 ns, Reaching safepoint: 69700 ns, At safepoint: 30000 ns, Total: 99700 ns
[2020-04-26T14:58:48.334+0000][1][safepoint    ] Safepoint "CollectForMetadataAllocation", Time since last: 64781100 ns, Reaching safepoint: 78900 ns, At safepoint: 174200 ns, Total: 253100 ns
[2020-04-26T14:58:48.358+0000][1][safepoint    ] Safepoint "CollectForMetadataAllocation", Time since last: 23921600 ns, Reaching safepoint: 133500 ns, At safepoint: 192400 ns, Total: 325900 ns
[2020-04-26T14:58:48.370+0000][1][safepoint    ] Safepoint "RevokeBias", Time since last: 12161000 ns, Reaching safepoint: 62100 ns, At safepoint: 33400 ns, Total: 95500 ns
[2020-04-26T14:58:48.370+0000][1][safepoint    ] Safepoint "RevokeBias", Time since last: 189200 ns, Reaching safepoint: 39600 ns, At safepoint: 29100 ns, Total: 68700 ns
[2020-04-26T14:58:48.422+0000][1][safepoint    ] Safepoint "CollectForMetadataAllocation", Time since last: 51245400 ns, Reaching safepoint: 159900 ns, At safepoint: 325000 ns, Total: 484900 ns
[2020-04-26T14:58:48.428+0000][1][safepoint    ] Safepoint "RevokeBias", Time since last: 5659400 ns, Reaching safepoint: 221600 ns, At safepoint: 228700 ns, Total: 450300 ns
[2020-04-26T14:58:48.430+0000][1][safepoint    ] Safepoint "RevokeBias", Time since last: 1439700 ns, Reaching safepoint: 353600 ns, At safepoint: 119500 ns, Total: 473100 ns
[2020-04-26T14:58:48.458+0000][1][safepoint    ] Safepoint "RevokeBias", Time since last: 27964800 ns, Reaching safepoint: 175300 ns, At safepoint: 172700 ns, Total: 348000 ns
[2020-04-26T14:58:48.483+0000][1][safepoint    ] Safepoint "RevokeBias", Time since last: 24202300 ns, Reaching safepoint: 80700 ns, At safepoint: 46000 ns, Total: 126700 ns
[2020-04-26T14:58:48.492+0000][1][safepoint    ] Safepoint "CollectForMetadataAllocation", Time since last: 9154100 ns, Reaching safepoint: 110000 ns, At safepoint: 99200 ns, Total: 209200 ns
[2020-04-26T14:58:48.510+0000][1][safepoint    ] Safepoint "RevokeBias", Time since last: 17851800 ns, Reaching safepoint: 171800 ns, At safepoint: 82400 ns, Total: 254200 ns
[2020-04-26T14:58:48.511+0000][1][safepoint    ] Safepoint "RevokeBias", Time since last: 1108100 ns, Reaching safepoint: 50700 ns, At safepoint: 88400 ns, Total: 139100 ns
[2020-04-26T14:58:48.512+0000][1][safepoint    ] Safepoint "RevokeBias", Time since last: 103700 ns, Reaching safepoint: 38100 ns, At safepoint: 75500 ns, Total: 113600 ns
[2020-04-26T14:58:48.512+0000][1][safepoint    ] Safepoint "CollectForMetadataAllocation", Time since last: 573800 ns, Reaching safepoint: 128400 ns, At safepoint: 138700 ns, Total: 267100 ns
[2020-04-26T14:58:48.520+0000][1][safepoint    ] Safepoint "RevokeBias", Time since last: 7624100 ns, Reaching safepoint: 192600 ns, At safepoint: 111800 ns, Total: 304400 ns
[2020-04-26T14:58:48.521+0000][1][safepoint    ] Safepoint "RevokeBias", Time since last: 724500 ns, Reaching safepoint: 156000 ns, At safepoint: 162000 ns, Total: 318000 ns
[2020-04-26T14:58:48.522+0000][1][safepoint    ] Safepoint "RevokeBias", Time since last: 501100 ns, Reaching safepoint: 136700 ns, At safepoint: 73400 ns, Total: 210100 ns
[2020-04-26T14:58:48.529+0000][1][safepoint    ] Safepoint "RevokeBias", Time since last: 5881300 ns, Reaching safepoint: 645000 ns, At safepoint: 105700 ns, Total: 750700 ns
[2020-04-26T14:58:48.529+0000][1][safepoint    ] Safepoint "RevokeBias", Time since last: 194000 ns, Reaching safepoint: 142300 ns, At safepoint: 92000 ns, Total: 234300 ns
[2020-04-26T14:58:48.532+0000][1][safepoint    ] Safepoint "RevokeBias", Time since last: 2631000 ns, Reaching safepoint: 167900 ns, At safepoint: 111000 ns, Total: 278900 ns
[2020-04-26T14:58:48.539+0000][1][safepoint    ] Safepoint "RevokeBias", Time since last: 7060900 ns, Reaching safepoint: 223100 ns, At safepoint: 60300 ns, Total: 283400 ns
[2020-04-26T14:58:48.540+0000][1][safepoint    ] Safepoint "RevokeBias", Time since last: 147200 ns, Reaching safepoint: 131400 ns, At safepoint: 75500 ns, Total: 206900 ns
[2020-04-26T14:58:48.547+0000][1][safepoint    ] Safepoint "RevokeBias", Time since last: 6661600 ns, Reaching safepoint: 202600 ns, At safepoint: 200900 ns, Total: 403500 ns
[2020-04-26T14:58:48.547+0000][1][safepoint    ] Safepoint "RevokeBias", Time since last: 236400 ns, Reaching safepoint: 164100 ns, At safepoint: 217400 ns, Total: 381500 ns
[2020-04-26T14:58:48.549+0000][1][safepoint    ] Safepoint "CollectForMetadataAllocation", Time since last: 990600 ns, Reaching safepoint: 166200 ns, At safepoint: 310900 ns, Total: 477100 ns
[2020-04-26T14:58:48.549+0000][1][safepoint    ] Safepoint "RevokeBias", Time since last: 73100 ns, Reaching safepoint: 192700 ns, At safepoint: 222100 ns, Total: 414800 ns
[2020-04-26T14:58:48.594+0000][1][gc,start     ] GC(16) Pause Young (Allocation Failure)
[2020-04-26T14:58:48.594+0000][1][gc,task      ] GC(16) Using 10 workers of 10 for evacuation
[2020-04-26T14:58:48.605+0000][1][gc,age       ] GC(16) Desired survivor size 8945664 bytes, new threshold 1 (max threshold 6)
[2020-04-26T14:58:48.605+0000][1][gc,age       ] GC(16) Age table with threshold 1 (max threshold 6)
[2020-04-26T14:58:48.605+0000][1][gc,age       ] GC(16) - age   1:    9771072 bytes,    9771072 total
[2020-04-26T14:58:48.605+0000][1][gc,age       ] GC(16) - age   2:    4703800 bytes,   14474872 total
[2020-04-26T14:58:48.605+0000][1][gc,age       ] GC(16) - age   3:    3068488 bytes,   17543360 total
[2020-04-26T14:58:48.605+0000][1][gc,heap      ] GC(16) ParNew: 154181K->17472K(157248K)
[2020-04-26T14:58:48.605+0000][1][gc,heap      ] GC(16) CMS: 56457K->59437K(349568K)
[2020-04-26T14:58:48.605+0000][1][gc,metaspace ] GC(16) Metaspace: 83399K->83399K(1126400K)
[2020-04-26T14:58:48.605+0000][1][gc           ] GC(16) Pause Young (Allocation Failure) 205M->75M(494M) 10.828ms
[2020-04-26T14:58:48.605+0000][1][gc,cpu       ] GC(16) User=0.11s Sys=0.00s Real=0.01s
[2020-04-26T14:58:48.605+0000][1][safepoint    ] Safepoint "GenCollectForAllocation", Time since last: 44356300 ns, Reaching safepoint: 300600 ns, At safepoint: 11114800 ns, Total: 11415400 ns
[2020-04-26T14:58:48.606+0000][1][gc,start     ] GC(17) Pause Initial Mark
[2020-04-26T14:58:48.609+0000][1][gc           ] GC(17) Pause Initial Mark 76M->76M(494M) 3.614ms
[2020-04-26T14:58:48.609+0000][1][gc,cpu       ] GC(17) User=0.03s Sys=0.00s Real=0.01s
[2020-04-26T14:58:48.610+0000][1][safepoint    ] Safepoint "CMS_Initial_Mark", Time since last: 281300 ns, Reaching safepoint: 187900 ns, At safepoint: 3917400 ns, Total: 4105300 ns
[2020-04-26T14:58:48.610+0000][1][gc           ] GC(17) Concurrent Mark
[2020-04-26T14:58:48.610+0000][1][gc,task      ] GC(17) Using 3 workers of 3 for marking
[2020-04-26T14:58:48.611+0000][1][safepoint    ] Safepoint "CollectForMetadataAllocation", Time since last: 475700 ns, Reaching safepoint: 387100 ns, At safepoint: 220200 ns, Total: 607300 ns
[2020-04-26T14:58:48.618+0000][1][safepoint    ] Safepoint "RevokeBias", Time since last: 6699000 ns, Reaching safepoint: 399500 ns, At safepoint: 95000 ns, Total: 494500 ns
[2020-04-26T14:58:48.619+0000][1][safepoint    ] Safepoint "RevokeBias", Time since last: 233000 ns, Reaching safepoint: 175500 ns, At safepoint: 220100 ns, Total: 395600 ns
[2020-04-26T14:58:48.620+0000][1][safepoint    ] Safepoint "RevokeBias", Time since last: 1238700 ns, Reaching safepoint: 299100 ns, At safepoint: 76600 ns, Total: 375700 ns
[2020-04-26T14:58:48.623+0000][1][safepoint    ] Safepoint "RevokeBias", Time since last: 2265800 ns, Reaching safepoint: 393100 ns, At safepoint: 137000 ns, Total: 530100 ns
[2020-04-26T14:58:48.624+0000][1][safepoint    ] Safepoint "RevokeBias", Time since last: 440300 ns, Reaching safepoint: 158300 ns, At safepoint: 438600 ns, Total: 596900 ns
[2020-04-26T14:58:48.625+0000][1][safepoint    ] Safepoint "RevokeBias", Time since last: 269900 ns, Reaching safepoint: 334900 ns, At safepoint: 116300 ns, Total: 451200 ns
[2020-04-26T14:58:48.631+0000][1][safepoint    ] Safepoint "RevokeBias", Time since last: 5803500 ns, Reaching safepoint: 302200 ns, At safepoint: 109900 ns, Total: 412100 ns
[2020-04-26T14:58:48.633+0000][1][safepoint    ] Safepoint "CollectForMetadataAllocation", Time since last: 2079900 ns, Reaching safepoint: 290100 ns, At safepoint: 122800 ns, Total: 412900 ns
[2020-04-26T14:58:48.634+0000][1][safepoint    ] Safepoint "CollectForMetadataAllocation", Time since last: 127600 ns, Reaching safepoint: 142600 ns, At safepoint: 57000 ns, Total: 199600 ns
[2020-04-26T14:58:48.637+0000][1][safepoint    ] Safepoint "RevokeBias", Time since last: 2955800 ns, Reaching safepoint: 567300 ns, At safepoint: 161100 ns, Total: 728400 ns
[2020-04-26T14:58:48.653+0000][1][safepoint    ] Safepoint "RevokeBias", Time since last: 14909100 ns, Reaching safepoint: 339300 ns, At safepoint: 133700 ns, Total: 473000 ns
[2020-04-26T14:58:48.654+0000][1][safepoint    ] Safepoint "RevokeBias", Time since last: 1185200 ns, Reaching safepoint: 414100 ns, At safepoint: 116100 ns, Total: 530200 ns
[2020-04-26T14:58:48.658+0000][1][safepoint    ] Safepoint "RevokeBias", Time since last: 2794700 ns, Reaching safepoint: 266600 ns, At safepoint: 90200 ns, Total: 356800 ns
[2020-04-26T14:58:48.660+0000][1][safepoint    ] Safepoint "RevokeBias", Time since last: 2056200 ns, Reaching safepoint: 533800 ns, At safepoint: 113400 ns, Total: 647200 ns
[2020-04-26T14:58:48.667+0000][1][safepoint    ] Safepoint "RevokeBias", Time since last: 6340600 ns, Reaching safepoint: 476700 ns, At safepoint: 131200 ns, Total: 607900 ns
[2020-04-26T14:58:48.668+0000][1][safepoint    ] Safepoint "RevokeBias", Time since last: 57100 ns, Reaching safepoint: 148200 ns, At safepoint: 146100 ns, Total: 294300 ns
[2020-04-26T14:58:48.668+0000][1][safepoint    ] Safepoint "RevokeBias", Time since last: 48800 ns, Reaching safepoint: 145200 ns, At safepoint: 221800 ns, Total: 367000 ns
[2020-04-26T14:58:48.672+0000][1][safepoint    ] Safepoint "RevokeBias", Time since last: 3111200 ns, Reaching safepoint: 297000 ns, At safepoint: 56200 ns, Total: 353200 ns
[2020-04-26T14:58:48.672+0000][1][safepoint    ] Safepoint "RevokeBias", Time since last: 473600 ns, Reaching safepoint: 46800 ns, At safepoint: 46200 ns, Total: 93000 ns
[2020-04-26T14:58:48.676+0000][1][gc           ] GC(17) Concurrent Mark 66.790ms
[2020-04-26T14:58:48.677+0000][1][gc,cpu       ] GC(17) User=0.52s Sys=0.01s Real=0.06s
[2020-04-26T14:58:48.677+0000][1][gc           ] GC(17) Concurrent Preclean
[2020-04-26T14:58:48.680+0000][1][gc           ] GC(17) Concurrent Preclean 2.975ms
[2020-04-26T14:58:48.680+0000][1][gc,cpu       ] GC(17) User=0.02s Sys=0.01s Real=0.01s
[2020-04-26T14:58:48.680+0000][1][gc           ] GC(17) Concurrent Abortable Preclean
[2020-04-26T14:58:48.700+0000][1][safepoint    ] Safepoint "CollectForMetadataAllocation", Time since last: 27777500 ns, Reaching safepoint: 72400 ns, At safepoint: 124000 ns, Total: 196400 ns
[2020-04-26T14:58:48.723+0000][1][safepoint    ] Safepoint "RevokeBias", Time since last: 22943600 ns, Reaching safepoint: 128400 ns, At safepoint: 55300 ns, Total: 183700 ns
[2020-04-26T14:58:48.724+0000][1][safepoint    ] Safepoint "RevokeBias", Time since last: 118200 ns, Reaching safepoint: 165100 ns, At safepoint: 60600 ns, Total: 225700 ns
[2020-04-26T14:58:48.727+0000][1][safepoint    ] Safepoint "RevokeBias", Time since last: 3166400 ns, Reaching safepoint: 74500 ns, At safepoint: 41600 ns, Total: 116100 ns
[2020-04-26T14:58:48.727+0000][1][safepoint    ] Safepoint "RevokeBias", Time since last: 122800 ns, Reaching safepoint: 58100 ns, At safepoint: 41100 ns, Total: 99200 ns
[2020-04-26T14:58:48.736+0000][1][safepoint    ] Safepoint "RevokeBias", Time since last: 9152500 ns, Reaching safepoint: 70800 ns, At safepoint: 34300 ns, Total: 105100 ns
[2020-04-26T14:58:48.736+0000][1][safepoint    ] Safepoint "RevokeBias", Time since last: 90200 ns, Reaching safepoint: 47700 ns, At safepoint: 30400 ns, Total: 78100 ns
[2020-04-26T14:58:48.740+0000][1][safepoint    ] Safepoint "RevokeBias", Time since last: 3324800 ns, Reaching safepoint: 118800 ns, At safepoint: 61900 ns, Total: 180700 ns
[2020-04-26T14:58:48.740+0000][1][safepoint    ] Safepoint "RevokeBias", Time since last: 140600 ns, Reaching safepoint: 119600 ns, At safepoint: 55200 ns, Total: 174800 ns
[2020-04-26T14:58:48.741+0000][1][safepoint    ] Safepoint "RevokeBias", Time since last: 141000 ns, Reaching safepoint: 89000 ns, At safepoint: 55000 ns, Total: 144000 ns
[2020-04-26T14:58:48.741+0000][1][safepoint    ] Safepoint "RevokeBias", Time since last: 142400 ns, Reaching safepoint: 88200 ns, At safepoint: 54400 ns, Total: 142600 ns
[2020-04-26T14:58:48.741+0000][1][safepoint    ] Safepoint "RevokeBias", Time since last: 130900 ns, Reaching safepoint: 71700 ns, At safepoint: 42300 ns, Total: 114000 ns
[2020-04-26T14:58:48.789+0000][1][safepoint    ] Safepoint "RevokeBias", Time since last: 47822700 ns, Reaching safepoint: 85500 ns, At safepoint: 109400 ns, Total: 194900 ns
[2020-04-26T14:58:48.854+0000][1][safepoint    ] Safepoint "RevokeBias", Time since last: 64711000 ns, Reaching safepoint: 249900 ns, At safepoint: 154800 ns, Total: 404700 ns
[2020-04-26T14:58:48.869+0000][1][safepoint    ] Safepoint "RevokeBias", Time since last: 14453700 ns, Reaching safepoint: 93500 ns, At safepoint: 52800 ns, Total: 146300 ns
[2020-04-26T14:58:48.869+0000][1][safepoint    ] Safepoint "RevokeBias", Time since last: 212000 ns, Reaching safepoint: 72500 ns, At safepoint: 54200 ns, Total: 126700 ns
[2020-04-26T14:58:48.870+0000][1][safepoint    ] Safepoint "RevokeBias", Time since last: 210600 ns, Reaching safepoint: 91300 ns, At safepoint: 57600 ns, Total: 148900 ns
[2020-04-26T14:58:48.870+0000][1][safepoint    ] Safepoint "RevokeBias", Time since last: 162400 ns, Reaching safepoint: 58200 ns, At safepoint: 48100 ns, Total: 106300 ns
[2020-04-26T14:58:48.872+0000][1][safepoint    ] Safepoint "RevokeBias", Time since last: 1819800 ns, Reaching safepoint: 197000 ns, At safepoint: 101300 ns, Total: 298300 ns
[2020-04-26T14:58:48.875+0000][1][safepoint    ] Safepoint "RevokeBias", Time since last: 3024700 ns, Reaching safepoint: 186000 ns, At safepoint: 96400 ns, Total: 282400 ns
[2020-04-26T14:58:48.876+0000][1][safepoint    ] Safepoint "RevokeBias", Time since last: 252800 ns, Reaching safepoint: 175300 ns, At safepoint: 83400 ns, Total: 258700 ns
[2020-04-26T14:58:48.887+0000][1][safepoint    ] Safepoint "RevokeBias", Time since last: 10699100 ns, Reaching safepoint: 171100 ns, At safepoint: 105800 ns, Total: 276900 ns
[2020-04-26T14:58:48.887+0000][1][safepoint    ] Safepoint "RevokeBias", Time since last: 183100 ns, Reaching safepoint: 150700 ns, At safepoint: 110500 ns, Total: 261200 ns
[2020-04-26T14:58:48.900+0000][1][safepoint    ] Safepoint "RevokeBias", Time since last: 12293200 ns, Reaching safepoint: 112600 ns, At safepoint: 37700 ns, Total: 150300 ns
[2020-04-26T14:58:48.901+0000][1][safepoint    ] Safepoint "RevokeBias", Time since last: 1472200 ns, Reaching safepoint: 72900 ns, At safepoint: 71400 ns, Total: 144300 ns
[2020-04-26T14:58:48.902+0000][1][safepoint    ] Safepoint "RevokeBias", Time since last: 476600 ns, Reaching safepoint: 162900 ns, At safepoint: 53800 ns, Total: 216700 ns
[2020-04-26T14:58:48.911+0000][1][safepoint    ] Safepoint "RevokeBias", Time since last: 9004600 ns, Reaching safepoint: 206500 ns, At safepoint: 178600 ns, Total: 385100 ns
[2020-04-26T14:58:48.960+0000][1][safepoint    ] Safepoint "CollectForMetadataAllocation", Time since last: 47985400 ns, Reaching safepoint: 220200 ns, At safepoint: 209800 ns, Total: 430000 ns
[2020-04-26T14:58:48.968+0000][1][safepoint    ] Safepoint "RevokeBias", Time since last: 7912400 ns, Reaching safepoint: 73600 ns, At safepoint: 49200 ns, Total: 122800 ns
[2020-04-26T14:58:48.969+0000][1][safepoint    ] Safepoint "RevokeBias", Time since last: 873800 ns, Reaching safepoint: 86500 ns, At safepoint: 44400 ns, Total: 130900 ns
[2020-04-26T14:58:48.969+0000][1][safepoint    ] Safepoint "RevokeBias", Time since last: 130100 ns, Reaching safepoint: 56100 ns, At safepoint: 39700 ns, Total: 95800 ns
[2020-04-26T14:58:48.969+0000][1][safepoint    ] Safepoint "RevokeBias", Time since last: 276700 ns, Reaching safepoint: 71200 ns, At safepoint: 68200 ns, Total: 139400 ns
[2020-04-26T14:58:48.970+0000][1][safepoint    ] Safepoint "RevokeBias", Time since last: 166100 ns, Reaching safepoint: 155600 ns, At safepoint: 88300 ns, Total: 243900 ns
[2020-04-26T14:58:48.971+0000][1][safepoint    ] Safepoint "RevokeBias", Time since last: 752900 ns, Reaching safepoint: 93400 ns, At safepoint: 67800 ns, Total: 161200 ns
[2020-04-26T14:58:49.347+0000][1][safepoint    ] Safepoint "RevokeBias", Time since last: 376624500 ns, Reaching safepoint: 88700 ns, At safepoint: 41700 ns, Total: 130400 ns
[2020-04-26T14:58:49.349+0000][1][safepoint    ] Safepoint "RevokeBias", Time since last: 808300 ns, Reaching safepoint: 190800 ns, At safepoint: 39600 ns, Total: 230400 ns
[2020-04-26T14:58:49.349+0000][1][safepoint    ] Safepoint "RevokeBias", Time since last: 119600 ns, Reaching safepoint: 43200 ns, At safepoint: 34300 ns, Total: 77500 ns
[2020-04-26T14:58:49.397+0000][1][safepoint    ] Safepoint "RevokeBias", Time since last: 48371900 ns, Reaching safepoint: 127200 ns, At safepoint: 47000 ns, Total: 174200 ns
[2020-04-26T14:58:49.398+0000][1][safepoint    ] Safepoint "RevokeBias", Time since last: 207700 ns, Reaching safepoint: 58800 ns, At safepoint: 37200 ns, Total: 96000 ns
[2020-04-26T14:58:49.398+0000][1][safepoint    ] Safepoint "RevokeBias", Time since last: 153200 ns, Reaching safepoint: 41100 ns, At safepoint: 34800 ns, Total: 75900 ns
[2020-04-26T14:58:49.398+0000][1][safepoint    ] Safepoint "RevokeBias", Time since last: 115800 ns, Reaching safepoint: 91000 ns, At safepoint: 51600 ns, Total: 142600 ns
[2020-04-26T14:58:49.398+0000][1][safepoint    ] Safepoint "RevokeBias", Time since last: 167900 ns, Reaching safepoint: 63600 ns, At safepoint: 110000 ns, Total: 173600 ns
[2020-04-26T14:58:49.420+0000][1][safepoint    ] Safepoint "RevokeBias", Time since last: 21806100 ns, Reaching safepoint: 190100 ns, At safepoint: 62400 ns, Total: 252500 ns
[2020-04-26T14:58:49.421+0000][1][safepoint    ] Safepoint "RevokeBias", Time since last: 143100 ns, Reaching safepoint: 135400 ns, At safepoint: 44700 ns, Total: 180100 ns
[2020-04-26T14:58:49.421+0000][1][safepoint    ] Safepoint "RevokeBias", Time since last: 176100 ns, Reaching safepoint: 44800 ns, At safepoint: 40400 ns, Total: 85200 ns
[2020-04-26T14:58:49.421+0000][1][safepoint    ] Safepoint "RevokeBias", Time since last: 95500 ns, Reaching safepoint: 136800 ns, At safepoint: 62000 ns, Total: 198800 ns
[2020-04-26T14:58:49.422+0000][1][safepoint    ] Safepoint "RevokeBias", Time since last: 90400 ns, Reaching safepoint: 133800 ns, At safepoint: 33200 ns, Total: 167000 ns
[2020-04-26T14:58:49.422+0000][1][safepoint    ] Safepoint "RevokeBias", Time since last: 105700 ns, Reaching safepoint: 41500 ns, At safepoint: 30700 ns, Total: 72200 ns
[2020-04-26T14:58:49.422+0000][1][safepoint    ] Safepoint "RevokeBias", Time since last: 84000 ns, Reaching safepoint: 72100 ns, At safepoint: 116400 ns, Total: 188500 ns
[2020-04-26T14:58:49.422+0000][1][safepoint    ] Safepoint "RevokeBias", Time since last: 128100 ns, Reaching safepoint: 61200 ns, At safepoint: 47300 ns, Total: 108500 ns
[2020-04-26T14:58:49.423+0000][1][safepoint    ] Safepoint "RevokeBias", Time since last: 125700 ns, Reaching safepoint: 60600 ns, At safepoint: 47200 ns, Total: 107800 ns
[2020-04-26T14:58:49.480+0000][1][safepoint    ] Safepoint "RevokeBias", Time since last: 57605800 ns, Reaching safepoint: 81500 ns, At safepoint: 44500 ns, Total: 126000 ns
[2020-04-26T14:58:49.481+0000][1][safepoint    ] Safepoint "RevokeBias", Time since last: 163600 ns, Reaching safepoint: 74700 ns, At safepoint: 39000 ns, Total: 113700 ns
[2020-04-26T14:58:49.481+0000][1][safepoint    ] Safepoint "RevokeBias", Time since last: 125200 ns, Reaching safepoint: 61300 ns, At safepoint: 41000 ns, Total: 102300 ns
[2020-04-26T14:58:49.639+0000][1][safepoint    ] Safepoint "RevokeBias", Time since last: 158461000 ns, Reaching safepoint: 59300 ns, At safepoint: 36700 ns, Total: 96000 ns
[2020-04-26T14:58:49.643+0000][1][safepoint    ] Safepoint "RevokeBias", Time since last: 3519300 ns, Reaching safepoint: 65300 ns, At safepoint: 27300 ns, Total: 92600 ns
[2020-04-26T14:58:49.662+0000][1][safepoint    ] Safepoint "CollectForMetadataAllocation", Time since last: 19112600 ns, Reaching safepoint: 69100 ns, At safepoint: 115700 ns, Total: 184800 ns
[2020-04-26T14:58:49.665+0000][1][safepoint    ] Safepoint "Deoptimize", Time since last: 2749600 ns, Reaching safepoint: 51400 ns, At safepoint: 423600 ns, Total: 475000 ns
[2020-04-26T14:58:49.670+0000][1][safepoint    ] Safepoint "RevokeBias", Time since last: 4615900 ns, Reaching safepoint: 64600 ns, At safepoint: 36400 ns, Total: 101000 ns
[2020-04-26T14:58:49.682+0000][1][safepoint    ] Safepoint "CollectForMetadataAllocation", Time since last: 11406900 ns, Reaching safepoint: 69700 ns, At safepoint: 125100 ns, Total: 194800 ns
[2020-04-26T14:58:49.689+0000][1][safepoint    ] Safepoint "RevokeBias", Time since last: 6875000 ns, Reaching safepoint: 70100 ns, At safepoint: 33900 ns, Total: 104000 ns
[2020-04-26T14:58:49.690+0000][1][safepoint    ] Safepoint "RevokeBias", Time since last: 665300 ns, Reaching safepoint: 160800 ns, At safepoint: 58300 ns, Total: 219100 ns
[2020-04-26T14:58:49.701+0000][1][safepoint    ] Safepoint "RevokeBias", Time since last: 11390000 ns, Reaching safepoint: 90200 ns, At safepoint: 69400 ns, Total: 159600 ns
[2020-04-26T14:58:49.714+0000][1][safepoint    ] Safepoint "Deoptimize", Time since last: 12042400 ns, Reaching safepoint: 103700 ns, At safepoint: 599000 ns, Total: 702700 ns
[2020-04-26T14:58:49.715+0000][1][safepoint    ] Safepoint "CollectForMetadataAllocation", Time since last: 323900 ns, Reaching safepoint: 222700 ns, At safepoint: 103800 ns, Total: 326500 ns
[2020-04-26T14:58:49.739+0000][1][safepoint    ] Safepoint "RevokeBias", Time since last: 24414400 ns, Reaching safepoint: 130200 ns, At safepoint: 180100 ns, Total: 310300 ns
[2020-04-26T14:58:49.740+0000][1][safepoint    ] Safepoint "RevokeBias", Time since last: 155200 ns, Reaching safepoint: 205600 ns, At safepoint: 70400 ns, Total: 276000 ns
[2020-04-26T14:58:49.749+0000][1][safepoint    ] Safepoint "RevokeBias", Time since last: 8355000 ns, Reaching safepoint: 338900 ns, At safepoint: 179200 ns, Total: 518100 ns
[2020-04-26T14:58:49.750+0000][1][safepoint    ] Safepoint "RevokeBias", Time since last: 776500 ns, Reaching safepoint: 307000 ns, At safepoint: 177000 ns, Total: 484000 ns
[2020-04-26T14:58:49.750+0000][1][safepoint    ] Safepoint "RevokeBias", Time since last: 217800 ns, Reaching safepoint: 240000 ns, At safepoint: 129800 ns, Total: 369800 ns
[2020-04-26T14:58:49.751+0000][1][safepoint    ] Safepoint "RevokeBias", Time since last: 229100 ns, Reaching safepoint: 176300 ns, At safepoint: 97000 ns, Total: 273300 ns
[2020-04-26T14:58:49.764+0000][1][safepoint    ] Safepoint "RevokeBias", Time since last: 12493800 ns, Reaching safepoint: 180400 ns, At safepoint: 107200 ns, Total: 287600 ns
[2020-04-26T14:58:49.766+0000][1][safepoint    ] Safepoint "RevokeBias", Time since last: 2207000 ns, Reaching safepoint: 141400 ns, At safepoint: 146600 ns, Total: 288000 ns
[2020-04-26T14:58:49.770+0000][1][safepoint    ] Safepoint "RevokeBias", Time since last: 2587100 ns, Reaching safepoint: 481500 ns, At safepoint: 651400 ns, Total: 1132900 ns
[2020-04-26T14:58:49.771+0000][1][safepoint    ] Safepoint "RevokeBias", Time since last: 664800 ns, Reaching safepoint: 541300 ns, At safepoint: 118100 ns, Total: 659400 ns
[2020-04-26T14:58:49.772+0000][1][safepoint    ] Safepoint "RevokeBias", Time since last: 776800 ns, Reaching safepoint: 145200 ns, At safepoint: 57300 ns, Total: 202500 ns
[2020-04-26T14:58:49.773+0000][1][safepoint    ] Safepoint "RevokeBias", Time since last: 149100 ns, Reaching safepoint: 170000 ns, At safepoint: 73800 ns, Total: 243800 ns
[2020-04-26T14:58:49.773+0000][1][safepoint    ] Safepoint "RevokeBias", Time since last: 152600 ns, Reaching safepoint: 144900 ns, At safepoint: 160200 ns, Total: 305100 ns
[2020-04-26T14:58:49.774+0000][1][safepoint    ] Safepoint "RevokeBias", Time since last: 144300 ns, Reaching safepoint: 578000 ns, At safepoint: 77200 ns, Total: 655200 ns
[2020-04-26T14:58:49.774+0000][1][safepoint    ] Safepoint "RevokeBias", Time since last: 165600 ns, Reaching safepoint: 197400 ns, At safepoint: 60900 ns, Total: 258300 ns
[2020-04-26T14:58:49.775+0000][1][safepoint    ] Safepoint "RevokeBias", Time since last: 151500 ns, Reaching safepoint: 148300 ns, At safepoint: 65600 ns, Total: 213900 ns
[2020-04-26T14:58:49.787+0000][1][safepoint    ] Safepoint "RevokeBias", Time since last: 11806200 ns, Reaching safepoint: 237500 ns, At safepoint: 108900 ns, Total: 346400 ns
[2020-04-26T14:58:49.801+0000][1][safepoint    ] Safepoint "CollectForMetadataAllocation", Time since last: 14304100 ns, Reaching safepoint: 71700 ns, At safepoint: 112900 ns, Total: 184600 ns
[2020-04-26T14:58:49.805+0000][1][safepoint    ] Safepoint "RevokeBias", Time since last: 3289500 ns, Reaching safepoint: 64600 ns, At safepoint: 61000 ns, Total: 125600 ns
[2020-04-26T14:58:49.820+0000][1][safepoint    ] Safepoint "CollectForMetadataAllocation", Time since last: 14870100 ns, Reaching safepoint: 91000 ns, At safepoint: 134600 ns, Total: 225600 ns
[2020-04-26T14:58:49.832+0000][1][safepoint    ] Safepoint "RevokeBias", Time since last: 12044800 ns, Reaching safepoint: 342800 ns, At safepoint: 201900 ns, Total: 544700 ns
[2020-04-26T14:58:49.833+0000][1][safepoint    ] Safepoint "RevokeBias", Time since last: 156500 ns, Reaching safepoint: 280300 ns, At safepoint: 130400 ns, Total: 410700 ns
[2020-04-26T14:58:49.833+0000][1][safepoint    ] Safepoint "RevokeBias", Time since last: 270000 ns, Reaching safepoint: 105900 ns, At safepoint: 109900 ns, Total: 215800 ns
[2020-04-26T14:58:49.834+0000][1][safepoint    ] Safepoint "RevokeBias", Time since last: 263300 ns, Reaching safepoint: 312300 ns, At safepoint: 76100 ns, Total: 388400 ns
[2020-04-26T14:58:49.839+0000][1][safepoint    ] Safepoint "RevokeBias", Time since last: 4321500 ns, Reaching safepoint: 233700 ns, At safepoint: 95600 ns, Total: 329300 ns
[2020-04-26T14:58:49.840+0000][1][safepoint    ] Safepoint "RevokeBias", Time since last: 532300 ns, Reaching safepoint: 85200 ns, At safepoint: 137100 ns, Total: 222300 ns
[2020-04-26T14:58:49.840+0000][1][safepoint    ] Safepoint "RevokeBias", Time since last: 183300 ns, Reaching safepoint: 91400 ns, At safepoint: 102900 ns, Total: 194300 ns
[2020-04-26T14:58:49.840+0000][1][safepoint    ] Safepoint "RevokeBias", Time since last: 156800 ns, Reaching safepoint: 216200 ns, At safepoint: 102100 ns, Total: 318300 ns
[2020-04-26T14:58:49.842+0000][1][safepoint    ] Safepoint "RevokeBias", Time since last: 1904100 ns, Reaching safepoint: 96000 ns, At safepoint: 75600 ns, Total: 171600 ns
[2020-04-26T14:58:49.846+0000][1][safepoint    ] Safepoint "RevokeBias", Time since last: 3327100 ns, Reaching safepoint: 203000 ns, At safepoint: 114400 ns, Total: 317400 ns
[2020-04-26T14:58:49.847+0000][1][safepoint    ] Safepoint "RevokeBias", Time since last: 211700 ns, Reaching safepoint: 192400 ns, At safepoint: 151300 ns, Total: 343700 ns
[2020-04-26T14:58:49.847+0000][1][safepoint    ] Safepoint "RevokeBias", Time since last: 164700 ns, Reaching safepoint: 176300 ns, At safepoint: 129200 ns, Total: 305500 ns
[2020-04-26T14:58:49.848+0000][1][safepoint    ] Safepoint "RevokeBias", Time since last: 144800 ns, Reaching safepoint: 173000 ns, At safepoint: 135600 ns, Total: 308600 ns
[2020-04-26T14:58:50.848+0000][1][safepoint    ] Safepoint "Cleanup", Time since last: 1000142200 ns, Reaching safepoint: 90600 ns, At safepoint: 28500 ns, Total: 119100 ns
[2020-04-26T14:58:51.848+0000][1][safepoint    ] Safepoint "Cleanup", Time since last: 1000117400 ns, Reaching safepoint: 99300 ns, At safepoint: 29000 ns, Total: 128300 ns
[2020-04-26T14:58:52.373+0000][1][safepoint    ] Safepoint "RevokeBias", Time since last: 524845700 ns, Reaching safepoint: 185500 ns, At safepoint: 130300 ns, Total: 315800 ns
[2020-04-26T14:58:53.281+0000][1][safepoint    ] Safepoint "CollectForMetadataAllocation", Time since last: 907401400 ns, Reaching safepoint: 84300 ns, At safepoint: 140300 ns, Total: 224600 ns
[2020-04-26T14:58:53.281+0000][1][safepoint    ] Safepoint "CollectForMetadataAllocation", Time since last: 280100 ns, Reaching safepoint: 225800 ns, At safepoint: 72500 ns, Total: 298300 ns
[2020-04-26T14:58:53.288+0000][1][safepoint    ] Safepoint "RevokeBias", Time since last: 6071200 ns, Reaching safepoint: 182800 ns, At safepoint: 85000 ns, Total: 267800 ns
[2020-04-26T14:58:53.289+0000][1][safepoint    ] Safepoint "RevokeBias", Time since last: 250600 ns, Reaching safepoint: 363300 ns, At safepoint: 257200 ns, Total: 620500 ns
[2020-04-26T14:58:53.289+0000][1][safepoint    ] Safepoint "RevokeBias", Time since last: 116200 ns, Reaching safepoint: 281400 ns, At safepoint: 112000 ns, Total: 393400 ns
[2020-04-26T14:58:53.289+0000][1][safepoint    ] Safepoint "RevokeBias", Time since last: 36200 ns, Reaching safepoint: 142400 ns, At safepoint: 104200 ns, Total: 246600 ns
[2020-04-26T14:58:53.290+0000][1][safepoint    ] Safepoint "RevokeBias", Time since last: 472200 ns, Reaching safepoint: 146500 ns, At safepoint: 127200 ns, Total: 273700 ns
[2020-04-26T14:58:53.290+0000][1][safepoint    ] Safepoint "RevokeBias", Time since last: 63400 ns, Reaching safepoint: 67100 ns, At safepoint: 98700 ns, Total: 165800 ns
[2020-04-26T14:58:53.291+0000][1][safepoint    ] Safepoint "RevokeBias", Time since last: 83600 ns, Reaching safepoint: 225800 ns, At safepoint: 117900 ns, Total: 343700 ns
[2020-04-26T14:58:53.292+0000][1][safepoint    ] Safepoint "RevokeBias", Time since last: 704900 ns, Reaching safepoint: 240100 ns, At safepoint: 131800 ns, Total: 371900 ns
[2020-04-26T14:58:53.293+0000][1][safepoint    ] Safepoint "CollectForMetadataAllocation", Time since last: 133700 ns, Reaching safepoint: 262900 ns, At safepoint: 211200 ns, Total: 474100 ns
[2020-04-26T14:58:53.294+0000][1][safepoint    ] Safepoint "RevokeBias", Time since last: 868500 ns, Reaching safepoint: 296600 ns, At safepoint: 111800 ns, Total: 408400 ns
[2020-04-26T14:58:53.297+0000][1][safepoint    ] Safepoint "RevokeBias", Time since last: 2800900 ns, Reaching safepoint: 348600 ns, At safepoint: 111200 ns, Total: 459800 ns
[2020-04-26T14:58:53.297+0000][1][safepoint    ] Safepoint "RevokeBias", Time since last: 52900 ns, Reaching safepoint: 179800 ns, At safepoint: 137900 ns, Total: 317700 ns
[2020-04-26T14:58:53.299+0000][1][safepoint    ] Safepoint "RevokeBias", Time since last: 512600 ns, Reaching safepoint: 234300 ns, At safepoint: 814600 ns, Total: 1048900 ns
[2020-04-26T14:58:53.300+0000][1][safepoint    ] Safepoint "RevokeBias", Time since last: 582000 ns, Reaching safepoint: 364100 ns, At safepoint: 75300 ns, Total: 439400 ns
[2020-04-26T14:58:53.303+0000][1][safepoint    ] Safepoint "RevokeBias", Time since last: 2301900 ns, Reaching safepoint: 1031900 ns, At safepoint: 106000 ns, Total: 1137900 ns
[2020-04-26T14:58:53.309+0000][1][safepoint    ] Safepoint "RevokeBias", Time since last: 5415200 ns, Reaching safepoint: 202000 ns, At safepoint: 123800 ns, Total: 325800 ns
[2020-04-26T14:58:53.310+0000][1][safepoint    ] Safepoint "RevokeBias", Time since last: 260400 ns, Reaching safepoint: 175900 ns, At safepoint: 75300 ns, Total: 251200 ns
[2020-04-26T14:58:53.310+0000][1][safepoint    ] Safepoint "RevokeBias", Time since last: 235500 ns, Reaching safepoint: 178400 ns, At safepoint: 74100 ns, Total: 252500 ns
[2020-04-26T14:58:53.311+0000][1][safepoint    ] Safepoint "RevokeBias", Time since last: 149300 ns, Reaching safepoint: 201200 ns, At safepoint: 74000 ns, Total: 275200 ns
[2020-04-26T14:58:53.311+0000][1][safepoint    ] Safepoint "RevokeBias", Time since last: 212200 ns, Reaching safepoint: 220700 ns, At safepoint: 81500 ns, Total: 302200 ns
[2020-04-26T14:58:53.312+0000][1][safepoint    ] Safepoint "RevokeBias", Time since last: 134200 ns, Reaching safepoint: 220900 ns, At safepoint: 84800 ns, Total: 305700 ns
[2020-04-26T14:58:53.312+0000][1][safepoint    ] Safepoint "RevokeBias", Time since last: 173200 ns, Reaching safepoint: 196000 ns, At safepoint: 91900 ns, Total: 287900 ns
[2020-04-26T14:58:53.313+0000][1][safepoint    ] Safepoint "RevokeBias", Time since last: 181100 ns, Reaching safepoint: 208900 ns, At safepoint: 78800 ns, Total: 287700 ns
[2020-04-26T14:58:53.313+0000][1][safepoint    ] Safepoint "RevokeBias", Time since last: 270000 ns, Reaching safepoint: 189200 ns, At safepoint: 86500 ns, Total: 275700 ns
[2020-04-26T14:58:53.313+0000][1][safepoint    ] Safepoint "RevokeBias", Time since last: 130500 ns, Reaching safepoint: 190900 ns, At safepoint: 83400 ns, Total: 274300 ns
[2020-04-26T14:58:53.314+0000][1][safepoint    ] Safepoint "RevokeBias", Time since last: 132400 ns, Reaching safepoint: 204600 ns, At safepoint: 76700 ns, Total: 281300 ns
[2020-04-26T14:58:53.314+0000][1][safepoint    ] Safepoint "RevokeBias", Time since last: 131200 ns, Reaching safepoint: 185900 ns, At safepoint: 87700 ns, Total: 273600 ns
[2020-04-26T14:58:53.315+0000][1][safepoint    ] Safepoint "RevokeBias", Time since last: 144800 ns, Reaching safepoint: 216100 ns, At safepoint: 77000 ns, Total: 293100 ns
[2020-04-26T14:58:53.315+0000][1][safepoint    ] Safepoint "RevokeBias", Time since last: 264400 ns, Reaching safepoint: 181300 ns, At safepoint: 68600 ns, Total: 249900 ns
[2020-04-26T14:58:53.316+0000][1][safepoint    ] Safepoint "RevokeBias", Time since last: 114300 ns, Reaching safepoint: 144800 ns, At safepoint: 66400 ns, Total: 211200 ns
[2020-04-26T14:58:53.316+0000][1][safepoint    ] Safepoint "RevokeBias", Time since last: 106000 ns, Reaching safepoint: 147100 ns, At safepoint: 61300 ns, Total: 208400 ns
[2020-04-26T14:58:53.316+0000][1][safepoint    ] Safepoint "RevokeBias", Time since last: 219200 ns, Reaching safepoint: 275400 ns, At safepoint: 73700 ns, Total: 349100 ns
[2020-04-26T14:58:53.317+0000][1][safepoint    ] Safepoint "RevokeBias", Time since last: 435300 ns, Reaching safepoint: 226500 ns, At safepoint: 147300 ns, Total: 373800 ns
[2020-04-26T14:58:53.318+0000][1][safepoint    ] Safepoint "RevokeBias", Time since last: 164600 ns, Reaching safepoint: 163500 ns, At safepoint: 107200 ns, Total: 270700 ns
[2020-04-26T14:58:53.318+0000][1][safepoint    ] Safepoint "RevokeBias", Time since last: 142300 ns, Reaching safepoint: 151900 ns, At safepoint: 120400 ns, Total: 272300 ns
[2020-04-26T14:58:53.319+0000][1][safepoint    ] Safepoint "RevokeBias", Time since last: 120900 ns, Reaching safepoint: 388100 ns, At safepoint: 127000 ns, Total: 515100 ns
[2020-04-26T14:58:53.319+0000][1][safepoint    ] Safepoint "RevokeBias", Time since last: 146900 ns, Reaching safepoint: 159500 ns, At safepoint: 104200 ns, Total: 263700 ns
[2020-04-26T14:58:53.320+0000][1][safepoint    ] Safepoint "RevokeBias", Time since last: 317800 ns, Reaching safepoint: 568300 ns, At safepoint: 116000 ns, Total: 684300 ns
[2020-04-26T14:58:53.321+0000][1][safepoint    ] Safepoint "RevokeBias", Time since last: 284200 ns, Reaching safepoint: 155500 ns, At safepoint: 95700 ns, Total: 251200 ns
[2020-04-26T14:58:53.321+0000][1][safepoint    ] Safepoint "RevokeBias", Time since last: 194200 ns, Reaching safepoint: 150700 ns, At safepoint: 148800 ns, Total: 299500 ns
[2020-04-26T14:58:53.322+0000][1][safepoint    ] Safepoint "RevokeBias", Time since last: 120000 ns, Reaching safepoint: 196100 ns, At safepoint: 118600 ns, Total: 314700 ns
[2020-04-26T14:58:53.322+0000][1][safepoint    ] Safepoint "RevokeBias", Time since last: 110300 ns, Reaching safepoint: 232800 ns, At safepoint: 159000 ns, Total: 391800 ns
[2020-04-26T14:58:53.323+0000][1][safepoint    ] Safepoint "RevokeBias", Time since last: 116600 ns, Reaching safepoint: 233600 ns, At safepoint: 127900 ns, Total: 361500 ns
[2020-04-26T14:58:53.323+0000][1][safepoint    ] Safepoint "RevokeBias", Time since last: 125800 ns, Reaching safepoint: 237800 ns, At safepoint: 155500 ns, Total: 393300 ns
[2020-04-26T14:58:53.324+0000][1][safepoint    ] Safepoint "RevokeBias", Time since last: 159100 ns, Reaching safepoint: 209100 ns, At safepoint: 150500 ns, Total: 359600 ns
[2020-04-26T14:58:53.324+0000][1][safepoint    ] Safepoint "RevokeBias", Time since last: 187900 ns, Reaching safepoint: 239100 ns, At safepoint: 93900 ns, Total: 333000 ns
[2020-04-26T14:58:53.325+0000][1][safepoint    ] Safepoint "RevokeBias", Time since last: 366200 ns, Reaching safepoint: 152800 ns, At safepoint: 111300 ns, Total: 264100 ns
[2020-04-26T14:58:53.325+0000][1][safepoint    ] Safepoint "RevokeBias", Time since last: 144100 ns, Reaching safepoint: 186600 ns, At safepoint: 164600 ns, Total: 351200 ns
[2020-04-26T14:58:53.327+0000][1][safepoint    ] Safepoint "RevokeBias", Time since last: 661800 ns, Reaching safepoint: 1127500 ns, At safepoint: 119100 ns, Total: 1246600 ns
[2020-04-26T14:58:53.328+0000][1][safepoint    ] Safepoint "RevokeBias", Time since last: 108800 ns, Reaching safepoint: 171300 ns, At safepoint: 79300 ns, Total: 250600 ns
[2020-04-26T14:58:53.328+0000][1][safepoint    ] Safepoint "RevokeBias", Time since last: 106100 ns, Reaching safepoint: 215900 ns, At safepoint: 70400 ns, Total: 286300 ns
[2020-04-26T14:58:53.329+0000][1][safepoint    ] Safepoint "BulkRevokeBias", Time since last: 123900 ns, Reaching safepoint: 148300 ns, At safepoint: 535700 ns, Total: 684000 ns
[2020-04-26T14:58:53.330+0000][1][safepoint    ] Safepoint "RevokeBias", Time since last: 773500 ns, Reaching safepoint: 421500 ns, At safepoint: 154800 ns, Total: 576300 ns
[2020-04-26T14:58:53.331+0000][1][safepoint    ] Safepoint "RevokeBias", Time since last: 308600 ns, Reaching safepoint: 189600 ns, At safepoint: 110000 ns, Total: 299600 ns
[2020-04-26T14:58:53.331+0000][1][safepoint    ] Safepoint "RevokeBias", Time since last: 269500 ns, Reaching safepoint: 145100 ns, At safepoint: 77100 ns, Total: 222200 ns
[2020-04-26T14:58:53.333+0000][1][safepoint    ] Safepoint "RevokeBias", Time since last: 1064000 ns, Reaching safepoint: 200100 ns, At safepoint: 90200 ns, Total: 290300 ns
[2020-04-26T14:58:53.334+0000][1][safepoint    ] Safepoint "RevokeBias", Time since last: 178200 ns, Reaching safepoint: 429100 ns, At safepoint: 479100 ns, Total: 908200 ns
[2020-04-26T14:58:53.335+0000][1][safepoint    ] Safepoint "RevokeBias", Time since last: 1300200 ns, Reaching safepoint: 249000 ns, At safepoint: 80000 ns, Total: 329000 ns
[2020-04-26T14:58:53.336+0000][1][safepoint    ] Safepoint "RevokeBias", Time since last: 403400 ns, Reaching safepoint: 192900 ns, At safepoint: 60600 ns, Total: 253500 ns
[2020-04-26T14:58:53.337+0000][1][safepoint    ] Safepoint "RevokeBias", Time since last: 305300 ns, Reaching safepoint: 220200 ns, At safepoint: 60100 ns, Total: 280300 ns
[2020-04-26T14:58:53.337+0000][1][safepoint    ] Safepoint "RevokeBias", Time since last: 166200 ns, Reaching safepoint: 185500 ns, At safepoint: 90200 ns, Total: 275700 ns
[2020-04-26T14:58:53.338+0000][1][safepoint    ] Safepoint "RevokeBias", Time since last: 269100 ns, Reaching safepoint: 175100 ns, At safepoint: 119000 ns, Total: 294100 ns
[2020-04-26T14:58:53.338+0000][1][safepoint    ] Safepoint "RevokeBias", Time since last: 224200 ns, Reaching safepoint: 233400 ns, At safepoint: 155200 ns, Total: 388600 ns
[2020-04-26T14:58:53.339+0000][1][safepoint    ] Safepoint "RevokeBias", Time since last: 358500 ns, Reaching safepoint: 228300 ns, At safepoint: 148600 ns, Total: 376900 ns
[2020-04-26T14:58:53.339+0000][1][safepoint    ] Safepoint "RevokeBias", Time since last: 256900 ns, Reaching safepoint: 169100 ns, At safepoint: 64500 ns, Total: 233600 ns
[2020-04-26T14:58:53.340+0000][1][safepoint    ] Safepoint "RevokeBias", Time since last: 182100 ns, Reaching safepoint: 154800 ns, At safepoint: 72100 ns, Total: 226900 ns
[2020-04-26T14:58:53.340+0000][1][safepoint    ] Safepoint "RevokeBias", Time since last: 193000 ns, Reaching safepoint: 163000 ns, At safepoint: 64600 ns, Total: 227600 ns
[2020-04-26T14:58:53.341+0000][1][safepoint    ] Safepoint "RevokeBias", Time since last: 163700 ns, Reaching safepoint: 154600 ns, At safepoint: 60100 ns, Total: 214700 ns
[2020-04-26T14:58:53.341+0000][1][safepoint    ] Safepoint "RevokeBias", Time since last: 196800 ns, Reaching safepoint: 395700 ns, At safepoint: 272300 ns, Total: 668000 ns
[2020-04-26T14:58:53.342+0000][1][safepoint    ] Safepoint "RevokeBias", Time since last: 581700 ns, Reaching safepoint: 189400 ns, At safepoint: 93300 ns, Total: 282700 ns
[2020-04-26T14:58:53.343+0000][1][safepoint    ] Safepoint "RevokeBias", Time since last: 244800 ns, Reaching safepoint: 202400 ns, At safepoint: 96600 ns, Total: 299000 ns
[2020-04-26T14:58:53.344+0000][1][safepoint    ] Safepoint "BulkRevokeBias", Time since last: 544700 ns, Reaching safepoint: 168900 ns, At safepoint: 463200 ns, Total: 632100 ns
[2020-04-26T14:58:53.347+0000][1][safepoint    ] Safepoint "RevokeBias", Time since last: 2185000 ns, Reaching safepoint: 186100 ns, At safepoint: 102800 ns, Total: 288900 ns
[2020-04-26T14:58:53.353+0000][1][safepoint    ] Safepoint "RevokeBias", Time since last: 6493200 ns, Reaching safepoint: 122200 ns, At safepoint: 94900 ns, Total: 217100 ns
[2020-04-26T14:58:53.358+0000][1][safepoint    ] Safepoint "RevokeBias", Time since last: 4099200 ns, Reaching safepoint: 119800 ns, At safepoint: 115100 ns, Total: 234900 ns
[2020-04-26T14:58:53.390+0000][1][safepoint    ] Safepoint "RevokeBias", Time since last: 31749800 ns, Reaching safepoint: 144600 ns, At safepoint: 94100 ns, Total: 238700 ns
[2020-04-26T14:58:53.409+0000][1][safepoint    ] Safepoint "RevokeBias", Time since last: 19509500 ns, Reaching safepoint: 111100 ns, At safepoint: 70700 ns, Total: 181800 ns
[2020-04-26T14:58:53.411+0000][1][safepoint    ] Safepoint "RevokeBias", Time since last: 1340300 ns, Reaching safepoint: 76500 ns, At safepoint: 50900 ns, Total: 127400 ns
[2020-04-26T14:58:53.826+0000][1][gc           ] GC(17) Concurrent Abortable Preclean 5146.725ms
[2020-04-26T14:58:53.826+0000][1][gc,cpu       ] GC(17) User=4.38s Sys=0.26s Real=5.14s
[2020-04-26T14:58:53.826+0000][1][gc,start     ] GC(17) Pause Remark
[2020-04-26T14:58:53.849+0000][1][gc           ] GC(17) Pause Remark 165M->165M(494M) 22.396ms
[2020-04-26T14:58:53.849+0000][1][gc,cpu       ] GC(17) User=0.13s Sys=0.00s Real=0.03s
[2020-04-26T14:58:53.849+0000][1][safepoint    ] Safepoint "CMS_Final_Remark", Time since last: 415666900 ns, Reaching safepoint: 68900 ns, At safepoint: 22494900 ns, Total: 22563800 ns
[2020-04-26T14:58:53.849+0000][1][gc           ] GC(17) Concurrent Sweep
[2020-04-26T14:58:53.869+0000][1][gc           ] GC(17) Concurrent Sweep 20.486ms
[2020-04-26T14:58:53.870+0000][1][gc,cpu       ] GC(17) User=0.03s Sys=0.00s Real=0.02s
[2020-04-26T14:58:53.870+0000][1][gc           ] GC(17) Concurrent Reset
[2020-04-26T14:58:53.870+0000][1][gc           ] GC(17) Concurrent Reset 0.355ms
[2020-04-26T14:58:53.870+0000][1][gc,cpu       ] GC(17) User=0.00s Sys=0.00s Real=0.00s
[2020-04-26T14:58:53.870+0000][1][gc,heap      ] GC(17) Old: 59437K->58900K(349568K)
[2020-04-26T14:58:53.871+0000][1][safepoint    ] Safepoint "RevokeBias", Time since last: 21270600 ns, Reaching safepoint: 738300 ns, At safepoint: 99400 ns, Total: 837700 ns
[2020-04-26T14:58:53.871+0000][1][safepoint    ] Safepoint "RevokeBias", Time since last: 212800 ns, Reaching safepoint: 86800 ns, At safepoint: 102200 ns, Total: 189000 ns
[2020-04-26T14:58:54.872+0000][1][safepoint    ] Safepoint "Cleanup", Time since last: 1000117300 ns, Reaching safepoint: 296400 ns, At safepoint: 98000 ns, Total: 394400 ns
[2020-04-26T14:58:54.878+0000][1][safepoint    ] Safepoint "RevokeBias", Time since last: 5462900 ns, Reaching safepoint: 176200 ns, At safepoint: 103400 ns, Total: 279600 ns
[2020-04-26T14:58:55.878+0000][1][safepoint    ] Safepoint "Cleanup", Time since last: 1000185700 ns, Reaching safepoint: 107300 ns, At safepoint: 25700 ns, Total: 133000 ns
[2020-04-26T14:58:55.997+0000][1][safepoint    ] Safepoint "RevokeBias", Time since last: 118481800 ns, Reaching safepoint: 209200 ns, At safepoint: 117300 ns, Total: 326500 ns
[2020-04-26T14:58:55.998+0000][1][safepoint    ] Safepoint "RevokeBias", Time since last: 838700 ns, Reaching safepoint: 202200 ns, At safepoint: 158300 ns, Total: 360500 ns
[2020-04-26T14:58:56.009+0000][1][safepoint    ] Safepoint "RevokeBias", Time since last: 10884600 ns, Reaching safepoint: 293100 ns, At safepoint: 124400 ns, Total: 417500 ns
[2020-04-26T14:58:56.033+0000][1][safepoint    ] Safepoint "RevokeBias", Time since last: 23663600 ns, Reaching safepoint: 331900 ns, At safepoint: 157700 ns, Total: 489600 ns
[2020-04-26T14:58:56.042+0000][1][safepoint    ] Safepoint "RevokeBias", Time since last: 7492200 ns, Reaching safepoint: 358100 ns, At safepoint: 237300 ns, Total: 595400 ns
[2020-04-26T14:58:56.052+0000][1][safepoint    ] Safepoint "RevokeBias", Time since last: 9808200 ns, Reaching safepoint: 198800 ns, At safepoint: 111900 ns, Total: 310700 ns
[2020-04-26T14:58:56.052+0000][1][safepoint    ] Safepoint "RevokeBias", Time since last: 259500 ns, Reaching safepoint: 166400 ns, At safepoint: 70500 ns, Total: 236900 ns
[2020-04-26T14:58:56.054+0000][1][safepoint    ] Safepoint "RevokeBias", Time since last: 1271400 ns, Reaching safepoint: 104700 ns, At safepoint: 108600 ns, Total: 213300 ns
[2020-04-26T14:58:56.060+0000][1][safepoint    ] Safepoint "RevokeBias", Time since last: 5711800 ns, Reaching safepoint: 200100 ns, At safepoint: 90600 ns, Total: 290700 ns
[2020-04-26T14:58:56.062+0000][1][safepoint    ] Safepoint "RevokeBias", Time since last: 2128800 ns, Reaching safepoint: 95800 ns, At safepoint: 112000 ns, Total: 207800 ns
[2020-04-26T14:58:56.068+0000][1][safepoint    ] Safepoint "RevokeBias", Time since last: 5670800 ns, Reaching safepoint: 195000 ns, At safepoint: 102100 ns, Total: 297100 ns
[2020-04-26T14:58:56.071+0000][1][safepoint    ] Safepoint "RevokeBias", Time since last: 2535100 ns, Reaching safepoint: 66200 ns, At safepoint: 31300 ns, Total: 97500 ns
[2020-04-26T14:58:56.072+0000][1][safepoint    ] Safepoint "RevokeBias", Time since last: 986700 ns, Reaching safepoint: 59700 ns, At safepoint: 53000 ns, Total: 112700 ns
[2020-04-26T14:58:57.072+0000][1][safepoint    ] Safepoint "Cleanup", Time since last: 1000170600 ns, Reaching safepoint: 82900 ns, At safepoint: 28500 ns, Total: 111400 ns
[2020-04-26T14:58:57.372+0000][1][safepoint    ] Safepoint "RevokeBias", Time since last: 300266600 ns, Reaching safepoint: 144000 ns, At safepoint: 77600 ns, Total: 221600 ns
[2020-04-26T14:58:58.373+0000][1][safepoint    ] Safepoint "Cleanup", Time since last: 1000181600 ns, Reaching safepoint: 77800 ns, At safepoint: 32200 ns, Total: 110000 ns
[2020-04-26T14:58:58.996+0000][1][safepoint    ] Safepoint "RevokeBias", Time since last: 623278900 ns, Reaching safepoint: 80100 ns, At safepoint: 31000 ns, Total: 111100 ns
[2020-04-26T14:58:58.997+0000][1][safepoint    ] Safepoint "RevokeBias", Time since last: 368700 ns, Reaching safepoint: 112300 ns, At safepoint: 25200 ns, Total: 137500 ns
[2020-04-26T14:58:59.006+0000][1][safepoint    ] Safepoint "RevokeBias", Time since last: 8914600 ns, Reaching safepoint: 91100 ns, At safepoint: 51100 ns, Total: 142200 ns
[2020-04-26T14:58:59.010+0000][1][safepoint    ] Safepoint "RevokeBias", Time since last: 4321300 ns, Reaching safepoint: 70700 ns, At safepoint: 48000 ns, Total: 118700 ns
[2020-04-26T14:58:59.010+0000][1][safepoint    ] Safepoint "RevokeBias", Time since last: 142300 ns, Reaching safepoint: 50700 ns, At safepoint: 29100 ns, Total: 79800 ns
[2020-04-26T14:58:59.011+0000][1][safepoint    ] Safepoint "RevokeBias", Time since last: 115200 ns, Reaching safepoint: 37500 ns, At safepoint: 29100 ns, Total: 66600 ns
[2020-04-26T14:58:59.011+0000][1][safepoint    ] Safepoint "RevokeBias", Time since last: 354000 ns, Reaching safepoint: 37500 ns, At safepoint: 28100 ns, Total: 65600 ns
[2020-04-26T14:58:59.011+0000][1][safepoint    ] Safepoint "RevokeBias", Time since last: 106000 ns, Reaching safepoint: 49400 ns, At safepoint: 25800 ns, Total: 75200 ns
[2020-04-26T14:58:59.012+0000][1][safepoint    ] Safepoint "RevokeBias", Time since last: 121000 ns, Reaching safepoint: 260200 ns, At safepoint: 58600 ns, Total: 318800 ns
[2020-04-26T14:58:59.012+0000][1][safepoint    ] Safepoint "RevokeBias", Time since last: 676900 ns, Reaching safepoint: 56700 ns, At safepoint: 66100 ns, Total: 122800 ns
[2020-04-26T14:58:59.013+0000][1][safepoint    ] Safepoint "RevokeBias", Time since last: 742600 ns, Reaching safepoint: 40900 ns, At safepoint: 30300 ns, Total: 71200 ns
[2020-04-26T14:58:59.014+0000][1][safepoint    ] Safepoint "RevokeBias", Time since last: 240600 ns, Reaching safepoint: 53600 ns, At safepoint: 48100 ns, Total: 101700 ns
[2020-04-26T14:58:59.015+0000][1][safepoint    ] Safepoint "RevokeBias", Time since last: 1209400 ns, Reaching safepoint: 92200 ns, At safepoint: 38100 ns, Total: 130300 ns
[2020-04-26T14:58:59.015+0000][1][safepoint    ] Safepoint "RevokeBias", Time since last: 263000 ns, Reaching safepoint: 61700 ns, At safepoint: 75700 ns, Total: 137400 ns
[2020-04-26T14:58:59.016+0000][1][safepoint    ] Safepoint "RevokeBias", Time since last: 188800 ns, Reaching safepoint: 49400 ns, At safepoint: 73500 ns, Total: 122900 ns
[2020-04-26T14:58:59.016+0000][1][safepoint    ] Safepoint "RevokeBias", Time since last: 153700 ns, Reaching safepoint: 80100 ns, At safepoint: 57200 ns, Total: 137300 ns
[2020-04-26T14:58:59.016+0000][1][safepoint    ] Safepoint "RevokeBias", Time since last: 183000 ns, Reaching safepoint: 64300 ns, At safepoint: 37900 ns, Total: 102200 ns
[2020-04-26T14:58:59.017+0000][1][safepoint    ] Safepoint "RevokeBias", Time since last: 1065200 ns, Reaching safepoint: 149400 ns, At safepoint: 67100 ns, Total: 216500 ns
[2020-04-26T14:58:59.018+0000][1][safepoint    ] Safepoint "RevokeBias", Time since last: 745100 ns, Reaching safepoint: 48900 ns, At safepoint: 88900 ns, Total: 137800 ns
[2020-04-26T14:58:59.019+0000][1][safepoint    ] Safepoint "RevokeBias", Time since last: 172400 ns, Reaching safepoint: 45100 ns, At safepoint: 53300 ns, Total: 98400 ns
[2020-04-26T14:58:59.019+0000][1][safepoint    ] Safepoint "RevokeBias", Time since last: 210400 ns, Reaching safepoint: 44900 ns, At safepoint: 52600 ns, Total: 97500 ns
[2020-04-26T14:58:59.019+0000][1][safepoint    ] Safepoint "RevokeBias", Time since last: 177600 ns, Reaching safepoint: 139000 ns, At safepoint: 67200 ns, Total: 206200 ns
[2020-04-26T14:58:59.020+0000][1][safepoint    ] Safepoint "RevokeBias", Time since last: 161000 ns, Reaching safepoint: 44900 ns, At safepoint: 35600 ns, Total: 80500 ns
[2020-04-26T14:58:59.020+0000][1][safepoint    ] Safepoint "RevokeBias", Time since last: 167700 ns, Reaching safepoint: 172100 ns, At safepoint: 59800 ns, Total: 231900 ns
[2020-04-26T14:58:59.021+0000][1][safepoint    ] Safepoint "RevokeBias", Time since last: 526200 ns, Reaching safepoint: 185900 ns, At safepoint: 68700 ns, Total: 254600 ns
[2020-04-26T14:58:59.021+0000][1][safepoint    ] Safepoint "RevokeBias", Time since last: 210400 ns, Reaching safepoint: 44800 ns, At safepoint: 52700 ns, Total: 97500 ns
[2020-04-26T14:58:59.021+0000][1][safepoint    ] Safepoint "RevokeBias", Time since last: 157900 ns, Reaching safepoint: 43400 ns, At safepoint: 31900 ns, Total: 75300 ns
[2020-04-26T14:58:59.022+0000][1][safepoint    ] Safepoint "RevokeBias", Time since last: 190100 ns, Reaching safepoint: 43200 ns, At safepoint: 31600 ns, Total: 74800 ns
[2020-04-26T14:58:59.022+0000][1][safepoint    ] Safepoint "RevokeBias", Time since last: 278400 ns, Reaching safepoint: 56900 ns, At safepoint: 28100 ns, Total: 85000 ns
[2020-04-26T14:58:59.022+0000][1][safepoint    ] Safepoint "RevokeBias", Time since last: 152200 ns, Reaching safepoint: 38600 ns, At safepoint: 27900 ns, Total: 66500 ns
[2020-04-26T14:58:59.023+0000][1][safepoint    ] Safepoint "RevokeBias", Time since last: 245500 ns, Reaching safepoint: 160200 ns, At safepoint: 43500 ns, Total: 203700 ns
[2020-04-26T14:58:59.023+0000][1][safepoint    ] Safepoint "RevokeBias", Time since last: 354300 ns, Reaching safepoint: 38300 ns, At safepoint: 42800 ns, Total: 81100 ns
[2020-04-26T14:58:59.023+0000][1][safepoint    ] Safepoint "RevokeBias", Time since last: 139500 ns, Reaching safepoint: 38200 ns, At safepoint: 27600 ns, Total: 65800 ns
[2020-04-26T14:58:59.025+0000][1][safepoint    ] Safepoint "BulkRevokeBias", Time since last: 1011800 ns, Reaching safepoint: 39300 ns, At safepoint: 338500 ns, Total: 377800 ns
[2020-04-26T14:58:59.028+0000][1][safepoint    ] Safepoint "RevokeBias", Time since last: 3746600 ns, Reaching safepoint: 79400 ns, At safepoint: 58600 ns, Total: 138000 ns
[2020-04-26T14:58:59.049+0000][1][safepoint    ] Safepoint "RevokeBias", Time since last: 20286800 ns, Reaching safepoint: 144000 ns, At safepoint: 49400 ns, Total: 193400 ns
[2020-04-26T14:58:59.049+0000][1][safepoint    ] Safepoint "RevokeBias", Time since last: 182700 ns, Reaching safepoint: 76700 ns, At safepoint: 49200 ns, Total: 125900 ns
[2020-04-26T14:58:59.059+0000][1][safepoint    ] Safepoint "RevokeBias", Time since last: 9542400 ns, Reaching safepoint: 106300 ns, At safepoint: 66700 ns, Total: 173000 ns
[2020-04-26T14:58:59.874+0000][1][safepoint    ] Safepoint "RevokeBias", Time since last: 814543600 ns, Reaching safepoint: 168700 ns, At safepoint: 81500 ns, Total: 250200 ns
[2020-04-26T14:59:00.874+0000][1][safepoint    ] Safepoint "Cleanup", Time since last: 1000220500 ns, Reaching safepoint: 94100 ns, At safepoint: 32800 ns, Total: 126900 ns
[2020-04-26T14:59:01.874+0000][1][safepoint    ] Safepoint "Cleanup", Time since last: 1000132800 ns, Reaching safepoint: 88600 ns, At safepoint: 25400 ns, Total: 114000 ns
[2020-04-26T14:59:02.000+0000][1][safepoint    ] Safepoint "RevokeBias", Time since last: 125784600 ns, Reaching safepoint: 132800 ns, At safepoint: 75200 ns, Total: 208000 ns
[2020-04-26T14:59:02.373+0000][1][safepoint    ] Safepoint "RevokeBias", Time since last: 372707500 ns, Reaching safepoint: 137800 ns, At safepoint: 79900 ns, Total: 217700 ns
[2020-04-26T14:59:02.430+0000][1][safepoint    ] Safepoint "RevokeBias", Time since last: 56174700 ns, Reaching safepoint: 98300 ns, At safepoint: 36200 ns, Total: 134500 ns
[2020-04-26T14:59:02.430+0000][1][safepoint    ] Safepoint "RevokeBias", Time since last: 482600 ns, Reaching safepoint: 62200 ns, At safepoint: 31300 ns, Total: 93500 ns
[2020-04-26T14:59:02.432+0000][1][safepoint    ] Safepoint "RevokeBias", Time since last: 1851900 ns, Reaching safepoint: 64800 ns, At safepoint: 45200 ns, Total: 110000 ns
[2020-04-26T14:59:02.432+0000][1][safepoint    ] Safepoint "RevokeBias", Time since last: 163300 ns, Reaching safepoint: 52500 ns, At safepoint: 44300 ns, Total: 96800 ns
[2020-04-26T14:59:02.433+0000][1][safepoint    ] Safepoint "RevokeBias", Time since last: 895600 ns, Reaching safepoint: 87400 ns, At safepoint: 45000 ns, Total: 132400 ns
[2020-04-26T14:59:02.453+0000][1][safepoint    ] Safepoint "RevokeBias", Time since last: 19860600 ns, Reaching safepoint: 107800 ns, At safepoint: 48200 ns, Total: 156000 ns
[2020-04-26T14:59:02.455+0000][1][safepoint    ] Safepoint "RevokeBias", Time since last: 955500 ns, Reaching safepoint: 103100 ns, At safepoint: 66700 ns, Total: 169800 ns
[2020-04-26T14:59:02.477+0000][1][safepoint    ] Safepoint "RevokeBias", Time since last: 22481600 ns, Reaching safepoint: 95800 ns, At safepoint: 67200 ns, Total: 163000 ns
[2020-04-26T14:59:02.478+0000][1][safepoint    ] Safepoint "RevokeBias", Time since last: 1033900 ns, Reaching safepoint: 119800 ns, At safepoint: 33900 ns, Total: 153700 ns
[2020-04-26T14:59:02.484+0000][1][safepoint    ] Safepoint "RevokeBias", Time since last: 5336500 ns, Reaching safepoint: 92500 ns, At safepoint: 40500 ns, Total: 133000 ns
[2020-04-26T14:59:02.485+0000][1][safepoint    ] Safepoint "RevokeBias", Time since last: 809100 ns, Reaching safepoint: 83300 ns, At safepoint: 108900 ns, Total: 192200 ns
[2020-04-26T14:59:02.488+0000][1][safepoint    ] Safepoint "RevokeBias", Time since last: 2757700 ns, Reaching safepoint: 124600 ns, At safepoint: 61700 ns, Total: 186300 ns
[2020-04-26T14:59:02.488+0000][1][safepoint    ] Safepoint "RevokeBias", Time since last: 224200 ns, Reaching safepoint: 89500 ns, At safepoint: 35400 ns, Total: 124900 ns
[2020-04-26T14:59:02.490+0000][1][safepoint    ] Safepoint "RevokeBias", Time since last: 1242900 ns, Reaching safepoint: 209300 ns, At safepoint: 71700 ns, Total: 281000 ns
[2020-04-26T14:59:02.552+0000][1][safepoint    ] Safepoint "RevokeBias", Time since last: 62510200 ns, Reaching safepoint: 98300 ns, At safepoint: 56200 ns, Total: 154500 ns
[2020-04-26T14:59:02.555+0000][1][safepoint    ] Safepoint "BulkRevokeBias", Time since last: 1904600 ns, Reaching safepoint: 161500 ns, At safepoint: 599500 ns, Total: 761000 ns
[2020-04-26T14:59:02.559+0000][1][safepoint    ] Safepoint "RevokeBias", Time since last: 3744800 ns, Reaching safepoint: 272700 ns, At safepoint: 67100 ns, Total: 339800 ns
[2020-04-26T14:59:03.360+0000][1][safepoint    ] Safepoint "RevokeBias", Time since last: 800458900 ns, Reaching safepoint: 139500 ns, At safepoint: 148200 ns, Total: 287700 ns
[2020-04-26T14:59:03.363+0000][1][safepoint    ] Safepoint "RevokeBias", Time since last: 3344300 ns, Reaching safepoint: 111200 ns, At safepoint: 66700 ns, Total: 177900 ns
[2020-04-26T14:59:03.368+0000][1][safepoint    ] Safepoint "RevokeBias", Time since last: 4083800 ns, Reaching safepoint: 131300 ns, At safepoint: 76300 ns, Total: 207600 ns
[2020-04-26T14:59:03.369+0000][1][safepoint    ] Safepoint "BulkRevokeBias", Time since last: 779100 ns, Reaching safepoint: 209600 ns, At safepoint: 538000 ns, Total: 747600 ns
[2020-04-26T14:59:03.371+0000][1][safepoint    ] Safepoint "RevokeBias", Time since last: 1141200 ns, Reaching safepoint: 245900 ns, At safepoint: 70100 ns, Total: 316000 ns
[2020-04-26T14:59:03.404+0000][1][safepoint    ] Safepoint "Deoptimize", Time since last: 32129500 ns, Reaching safepoint: 290500 ns, At safepoint: 1225900 ns, Total: 1516400 ns
[2020-04-26T14:59:03.410+0000][1][safepoint    ] Safepoint "RevokeBias", Time since last: 5609600 ns, Reaching safepoint: 115500 ns, At safepoint: 49500 ns, Total: 165000 ns
[2020-04-26T14:59:03.420+0000][1][safepoint    ] Safepoint "RevokeBias", Time since last: 10189700 ns, Reaching safepoint: 146300 ns, At safepoint: 75800 ns, Total: 222100 ns
[2020-04-26T14:59:03.426+0000][1][safepoint    ] Safepoint "RevokeBias", Time since last: 4873300 ns, Reaching safepoint: 113300 ns, At safepoint: 54100 ns, Total: 167400 ns
[2020-04-26T14:59:03.436+0000][1][safepoint    ] Safepoint "RevokeBias", Time since last: 9880800 ns, Reaching safepoint: 126300 ns, At safepoint: 58900 ns, Total: 185200 ns
[2020-04-26T14:59:03.453+0000][1][safepoint    ] Safepoint "RevokeBias", Time since last: 17439000 ns, Reaching safepoint: 184400 ns, At safepoint: 60900 ns, Total: 245300 ns
[2020-04-26T14:59:03.455+0000][1][safepoint    ] Safepoint "RevokeBias", Time since last: 907300 ns, Reaching safepoint: 219900 ns, At safepoint: 100200 ns, Total: 320100 ns
[2020-04-26T14:59:03.456+0000][1][safepoint    ] Safepoint "RevokeBias", Time since last: 1297800 ns, Reaching safepoint: 130200 ns, At safepoint: 46600 ns, Total: 176800 ns
[2020-04-26T14:59:03.462+0000][1][safepoint    ] Safepoint "RevokeBias", Time since last: 5417700 ns, Reaching safepoint: 214800 ns, At safepoint: 58100 ns, Total: 272900 ns
[2020-04-26T14:59:03.463+0000][1][safepoint    ] Safepoint "RevokeBias", Time since last: 1083000 ns, Reaching safepoint: 163900 ns, At safepoint: 43300 ns, Total: 207200 ns
[2020-04-26T14:59:03.464+0000][1][safepoint    ] Safepoint "RevokeBias", Time since last: 1100500 ns, Reaching safepoint: 83600 ns, At safepoint: 34500 ns, Total: 118100 ns
[2020-04-26T14:59:03.466+0000][1][safepoint    ] Safepoint "RevokeBias", Time since last: 1213100 ns, Reaching safepoint: 136400 ns, At safepoint: 68400 ns, Total: 204800 ns
[2020-04-26T14:59:04.428+0000][1][safepoint    ] Safepoint "RevokeBias", Time since last: 962296900 ns, Reaching safepoint: 160800 ns, At safepoint: 63700 ns, Total: 224500 ns
[2020-04-26T14:59:04.429+0000][1][safepoint    ] Safepoint "RevokeBias", Time since last: 259500 ns, Reaching safepoint: 161900 ns, At safepoint: 56600 ns, Total: 218500 ns
[2020-04-26T14:59:04.431+0000][1][safepoint    ] Safepoint "RevokeBias", Time since last: 2732100 ns, Reaching safepoint: 97200 ns, At safepoint: 54400 ns, Total: 151600 ns
[2020-04-26T14:59:04.432+0000][1][safepoint    ] Safepoint "RevokeBias", Time since last: 102500 ns, Reaching safepoint: 78300 ns, At safepoint: 31900 ns, Total: 110200 ns
[2020-04-26T14:59:04.440+0000][1][safepoint    ] Safepoint "RevokeBias", Time since last: 7789000 ns, Reaching safepoint: 143600 ns, At safepoint: 39400 ns, Total: 183000 ns
[2020-04-26T14:59:04.440+0000][1][safepoint    ] Safepoint "RevokeBias", Time since last: 411600 ns, Reaching safepoint: 181300 ns, At safepoint: 50300 ns, Total: 231600 ns
[2020-04-26T14:59:04.441+0000][1][safepoint    ] Safepoint "RevokeBias", Time since last: 154700 ns, Reaching safepoint: 156900 ns, At safepoint: 59400 ns, Total: 216300 ns
[2020-04-26T14:59:04.441+0000][1][safepoint    ] Safepoint "RevokeBias", Time since last: 122700 ns, Reaching safepoint: 87400 ns, At safepoint: 80200 ns, Total: 167600 ns
[2020-04-26T14:59:04.442+0000][1][safepoint    ] Safepoint "Deoptimize", Time since last: 558000 ns, Reaching safepoint: 86300 ns, At safepoint: 553900 ns, Total: 640200 ns
[2020-04-26T14:59:04.446+0000][1][safepoint    ] Safepoint "RevokeBias", Time since last: 3711500 ns, Reaching safepoint: 110400 ns, At safepoint: 40600 ns, Total: 151000 ns
[2020-04-26T14:59:04.447+0000][1][safepoint    ] Safepoint "RevokeBias", Time since last: 255400 ns, Reaching safepoint: 136200 ns, At safepoint: 85800 ns, Total: 222000 ns
[2020-04-26T14:59:04.454+0000][1][safepoint    ] Safepoint "RevokeBias", Time since last: 7515200 ns, Reaching safepoint: 174800 ns, At safepoint: 48300 ns, Total: 223100 ns
[2020-04-26T14:59:04.455+0000][1][safepoint    ] Safepoint "RevokeBias", Time since last: 1061400 ns, Reaching safepoint: 107400 ns, At safepoint: 41000 ns, Total: 148400 ns
[2020-04-26T14:59:04.459+0000][1][safepoint    ] Safepoint "RevokeBias", Time since last: 3711700 ns, Reaching safepoint: 148600 ns, At safepoint: 81900 ns, Total: 230500 ns
[2020-04-26T14:59:04.460+0000][1][safepoint    ] Safepoint "RevokeBias", Time since last: 118400 ns, Reaching safepoint: 120200 ns, At safepoint: 80600 ns, Total: 200800 ns
[2020-04-26T14:59:04.461+0000][1][safepoint    ] Safepoint "BulkRevokeBias", Time since last: 116300 ns, Reaching safepoint: 230600 ns, At safepoint: 1301000 ns, Total: 1531600 ns
[2020-04-26T14:59:04.463+0000][1][safepoint    ] Safepoint "RevokeBias", Time since last: 1027500 ns, Reaching safepoint: 124100 ns, At safepoint: 70700 ns, Total: 194800 ns
[2020-04-26T14:59:04.464+0000][1][safepoint    ] Safepoint "RevokeBias", Time since last: 1279400 ns, Reaching safepoint: 155900 ns, At safepoint: 97500 ns, Total: 253400 ns
[2020-04-26T14:59:04.468+0000][1][safepoint    ] Safepoint "RevokeBias", Time since last: 3360600 ns, Reaching safepoint: 153600 ns, At safepoint: 88400 ns, Total: 242000 ns
[2020-04-26T14:59:04.470+0000][1][safepoint    ] Safepoint "RevokeBias", Time since last: 1334500 ns, Reaching safepoint: 344900 ns, At safepoint: 120100 ns, Total: 465000 ns
[2020-04-26T14:59:04.471+0000][1][safepoint    ] Safepoint "RevokeBias", Time since last: 560000 ns, Reaching safepoint: 318900 ns, At safepoint: 138800 ns, Total: 457700 ns
[2020-04-26T14:59:04.474+0000][1][safepoint    ] Safepoint "RevokeBias", Time since last: 2848400 ns, Reaching safepoint: 158000 ns, At safepoint: 65100 ns, Total: 223100 ns
[2020-04-26T14:59:04.474+0000][1][safepoint    ] Safepoint "RevokeBias", Time since last: 159900 ns, Reaching safepoint: 204000 ns, At safepoint: 40800 ns, Total: 244800 ns
[2020-04-26T14:59:04.474+0000][1][safepoint    ] Safepoint "RevokeBias", Time since last: 180400 ns, Reaching safepoint: 77800 ns, At safepoint: 41100 ns, Total: 118900 ns
[2020-04-26T14:59:04.475+0000][1][safepoint    ] Safepoint "RevokeBias", Time since last: 158000 ns, Reaching safepoint: 95700 ns, At safepoint: 40400 ns, Total: 136100 ns
[2020-04-26T14:59:04.475+0000][1][safepoint    ] Safepoint "RevokeBias", Time since last: 139400 ns, Reaching safepoint: 229300 ns, At safepoint: 58600 ns, Total: 287900 ns
[2020-04-26T14:59:04.475+0000][1][safepoint    ] Safepoint "RevokeBias", Time since last: 123500 ns, Reaching safepoint: 119700 ns, At safepoint: 46000 ns, Total: 165700 ns
[2020-04-26T14:59:04.491+0000][1][safepoint    ] Safepoint "RevokeBias", Time since last: 15660100 ns, Reaching safepoint: 202700 ns, At safepoint: 77000 ns, Total: 279700 ns
[2020-04-26T14:59:04.513+0000][1][safepoint    ] Safepoint "RevokeBias", Time since last: 21095200 ns, Reaching safepoint: 301500 ns, At safepoint: 78600 ns, Total: 380100 ns
[2020-04-26T14:59:04.514+0000][1][safepoint    ] Safepoint "RevokeBias", Time since last: 1464000 ns, Reaching safepoint: 109200 ns, At safepoint: 51700 ns, Total: 160900 ns
[2020-04-26T14:59:04.530+0000][1][safepoint    ] Safepoint "RevokeBias", Time since last: 14976400 ns, Reaching safepoint: 227400 ns, At safepoint: 59500 ns, Total: 286900 ns
[2020-04-26T14:59:04.536+0000][1][safepoint    ] Safepoint "RevokeBias", Time since last: 5757100 ns, Reaching safepoint: 129400 ns, At safepoint: 37700 ns, Total: 167100 ns
[2020-04-26T14:59:04.581+0000][1][safepoint    ] Safepoint "RevokeBias", Time since last: 45216900 ns, Reaching safepoint: 148300 ns, At safepoint: 52800 ns, Total: 201100 ns
[2020-04-26T14:59:04.586+0000][1][gc,start     ] GC(18) Pause Young (Allocation Failure)
[2020-04-26T14:59:04.586+0000][1][gc,task      ] GC(18) Using 10 workers of 10 for evacuation
[2020-04-26T14:59:04.599+0000][1][gc,age       ] GC(18) Desired survivor size 8945664 bytes, new threshold 6 (max threshold 6)
[2020-04-26T14:59:04.599+0000][1][gc,age       ] GC(18) Age table with threshold 6 (max threshold 6)
[2020-04-26T14:59:04.599+0000][1][gc,age       ] GC(18) - age   1:    4316344 bytes,    4316344 total
[2020-04-26T14:59:04.599+0000][1][gc,heap      ] GC(18) ParNew: 157248K->11753K(157248K)
[2020-04-26T14:59:04.599+0000][1][gc,heap      ] GC(18) CMS: 58900K->76068K(349568K)
[2020-04-26T14:59:04.599+0000][1][gc,metaspace ] GC(18) Metaspace: 90080K->90080K(1132544K)
[2020-04-26T14:59:04.599+0000][1][gc           ] GC(18) Pause Young (Allocation Failure) 211M->85M(494M) 13.645ms
[2020-04-26T14:59:04.599+0000][1][gc,cpu       ] GC(18) User=0.10s Sys=0.01s Real=0.02s
[2020-04-26T14:59:04.599+0000][1][safepoint    ] Safepoint "GenCollectForAllocation", Time since last: 4477500 ns, Reaching safepoint: 169800 ns, At safepoint: 13770800 ns, Total: 13940600 ns
[2020-04-26T14:59:04.604+0000][1][safepoint    ] Safepoint "RevokeBias", Time since last: 4172100 ns, Reaching safepoint: 122500 ns, At safepoint: 39900 ns, Total: 162400 ns
[2020-04-26T14:59:04.604+0000][1][safepoint    ] Safepoint "RevokeBias", Time since last: 136300 ns, Reaching safepoint: 109900 ns, At safepoint: 30800 ns, Total: 140700 ns
[2020-04-26T14:59:05.605+0000][1][safepoint    ] Safepoint "Cleanup", Time since last: 1000206400 ns, Reaching safepoint: 360400 ns, At safepoint: 94500 ns, Total: 454900 ns
[2020-04-26T14:59:06.605+0000][1][safepoint    ] Safepoint "Cleanup", Time since last: 1000301000 ns, Reaching safepoint: 257300 ns, At safepoint: 54600 ns, Total: 311900 ns
[2020-04-26T14:59:07.606+0000][1][safepoint    ] Safepoint "Cleanup", Time since last: 1000310200 ns, Reaching safepoint: 441200 ns, At safepoint: 116500 ns, Total: 557700 ns
[2020-04-26T14:59:08.472+0000][1][safepoint    ] Safepoint "RevokeBias", Time since last: 865195800 ns, Reaching safepoint: 436600 ns, At safepoint: 159700 ns, Total: 596300 ns
[2020-04-26T14:59:08.474+0000][1][safepoint    ] Safepoint "RevokeBias", Time since last: 1540300 ns, Reaching safepoint: 439000 ns, At safepoint: 182000 ns, Total: 621000 ns
[2020-04-26T14:59:08.479+0000][1][safepoint    ] Safepoint "BulkRevokeBias", Time since last: 3116800 ns, Reaching safepoint: 574800 ns, At safepoint: 1484400 ns, Total: 2059200 ns
[2020-04-26T14:59:08.487+0000][1][safepoint    ] Safepoint "RevokeBias", Time since last: 7434400 ns, Reaching safepoint: 666800 ns, At safepoint: 101200 ns, Total: 768000 ns
[2020-04-26T14:59:08.489+0000][1][safepoint    ] Safepoint "RevokeBias", Time since last: 900800 ns, Reaching safepoint: 234500 ns, At safepoint: 78800 ns, Total: 313300 ns
[2020-04-26T14:59:08.904+0000][1][safepoint    ] Safepoint "RevokeBias", Time since last: 415522500 ns, Reaching safepoint: 153100 ns, At safepoint: 62600 ns, Total: 215700 ns
[2020-04-26T14:59:08.906+0000][1][safepoint    ] Safepoint "RevokeBias", Time since last: 1674300 ns, Reaching safepoint: 205100 ns, At safepoint: 90700 ns, Total: 295800 ns
[2020-04-26T14:59:08.909+0000][1][safepoint    ] Safepoint "RevokeBias", Time since last: 2179000 ns, Reaching safepoint: 325700 ns, At safepoint: 96200 ns, Total: 421900 ns
[2020-04-26T14:59:08.934+0000][1][safepoint    ] Safepoint "Deoptimize", Time since last: 21919400 ns, Reaching safepoint: 709300 ns, At safepoint: 2154300 ns, Total: 2863600 ns
[2020-04-26T14:59:09.934+0000][1][safepoint    ] Safepoint "Cleanup", Time since last: 1000303600 ns, Reaching safepoint: 190200 ns, At safepoint: 56500 ns, Total: 246700 ns
[2020-04-26T14:59:10.470+0000][1][safepoint    ] Safepoint "RevokeBias", Time since last: 535537000 ns, Reaching safepoint: 165800 ns, At safepoint: 54900 ns, Total: 220700 ns
[2020-04-26T14:59:11.471+0000][1][safepoint    ] Safepoint "Cleanup", Time since last: 1000236700 ns, Reaching safepoint: 223200 ns, At safepoint: 99800 ns, Total: 323000 ns
[2020-04-26T14:59:12.471+0000][1][safepoint    ] Safepoint "Cleanup", Time since last: 1000205400 ns, Reaching safepoint: 136800 ns, At safepoint: 30600 ns, Total: 167400 ns
[2020-04-26T14:59:13.471+0000][1][safepoint    ] Safepoint "Cleanup", Time since last: 1000153800 ns, Reaching safepoint: 134000 ns, At safepoint: 25500 ns, Total: 159500 ns
[2020-04-26T14:59:14.472+0000][1][safepoint    ] Safepoint "Cleanup", Time since last: 1000153500 ns, Reaching safepoint: 131000 ns, At safepoint: 29800 ns, Total: 160800 ns
[2020-04-26T14:59:15.472+0000][1][safepoint    ] Safepoint "Cleanup", Time since last: 1000133500 ns, Reaching safepoint: 132300 ns, At safepoint: 31000 ns, Total: 163300 ns
[2020-04-26T14:59:16.472+0000][1][safepoint    ] Safepoint "Cleanup", Time since last: 1000119300 ns, Reaching safepoint: 128600 ns, At safepoint: 28400 ns, Total: 157000 ns
[2020-04-26T14:59:17.473+0000][1][safepoint    ] Safepoint "Cleanup", Time since last: 1000134300 ns, Reaching safepoint: 141200 ns, At safepoint: 28800 ns, Total: 170000 ns
[2020-04-26T14:59:18.348+0000][1][safepoint    ] Safepoint "RevokeBias", Time since last: 874924300 ns, Reaching safepoint: 128100 ns, At safepoint: 41900 ns, Total: 170000 ns
[2020-04-26T14:59:18.349+0000][1][safepoint    ] Safepoint "RevokeBias", Time since last: 1038700 ns, Reaching safepoint: 111000 ns, At safepoint: 43800 ns, Total: 154800 ns
[2020-04-26T14:59:18.397+0000][1][safepoint    ] Safepoint "RevokeBias", Time since last: 48244300 ns, Reaching safepoint: 129500 ns, At safepoint: 39300 ns, Total: 168800 ns
[2020-04-26T14:59:18.398+0000][1][safepoint    ] Safepoint "RevokeBias", Time since last: 189800 ns, Reaching safepoint: 141900 ns, At safepoint: 74400 ns, Total: 216300 ns
[2020-04-26T14:59:18.420+0000][1][safepoint    ] Safepoint "RevokeBias", Time since last: 22481900 ns, Reaching safepoint: 126800 ns, At safepoint: 38700 ns, Total: 165500 ns
[2020-04-26T14:59:18.480+0000][1][safepoint    ] Safepoint "RevokeBias", Time since last: 59825000 ns, Reaching safepoint: 174900 ns, At safepoint: 40200 ns, Total: 215100 ns
[2020-04-26T14:59:18.481+0000][1][safepoint    ] Safepoint "RevokeBias", Time since last: 207700 ns, Reaching safepoint: 171100 ns, At safepoint: 90600 ns, Total: 261700 ns
[2020-04-26T14:59:18.832+0000][1][safepoint    ] Safepoint "RevokeBias", Time since last: 351332000 ns, Reaching safepoint: 159600 ns, At safepoint: 46900 ns, Total: 206500 ns
[2020-04-26T14:59:18.833+0000][1][safepoint    ] Safepoint "RevokeBias", Time since last: 188600 ns, Reaching safepoint: 182500 ns, At safepoint: 73600 ns, Total: 256100 ns
[2020-04-26T14:59:18.833+0000][1][safepoint    ] Safepoint "RevokeBias", Time since last: 163500 ns, Reaching safepoint: 197600 ns, At safepoint: 113200 ns, Total: 310800 ns
[2020-04-26T14:59:18.846+0000][1][safepoint    ] Safepoint "RevokeBias", Time since last: 12540900 ns, Reaching safepoint: 111100 ns, At safepoint: 34400 ns, Total: 145500 ns
[2020-04-26T14:59:19.846+0000][1][safepoint    ] Safepoint "Cleanup", Time since last: 1000260500 ns, Reaching safepoint: 133700 ns, At safepoint: 31800 ns, Total: 165500 ns
[2020-04-26T14:59:20.847+0000][1][safepoint    ] Safepoint "Cleanup", Time since last: 1000177800 ns, Reaching safepoint: 262100 ns, At safepoint: 32300 ns, Total: 294400 ns
[2020-04-26T14:59:21.847+0000][1][safepoint    ] Safepoint "Cleanup", Time since last: 1000138300 ns, Reaching safepoint: 131600 ns, At safepoint: 30200 ns, Total: 161800 ns
[2020-04-26T14:59:23.036+0000][1][safepoint    ] Safepoint "Cleanup", Time since last: 1188961800 ns, Reaching safepoint: 279100 ns, At safepoint: 46100 ns, Total: 325200 ns
[2020-04-26T14:59:24.037+0000][1][safepoint    ] Safepoint "Cleanup", Time since last: 1000166100 ns, Reaching safepoint: 174800 ns, At safepoint: 51900 ns, Total: 226700 ns
[2020-04-26T14:59:25.037+0000][1][safepoint    ] Safepoint "Cleanup", Time since last: 1000202500 ns, Reaching safepoint: 138900 ns, At safepoint: 30000 ns, Total: 168900 ns
[2020-04-26T14:59:26.038+0000][1][safepoint    ] Safepoint "Cleanup", Time since last: 1000197700 ns, Reaching safepoint: 136100 ns, At safepoint: 29400 ns, Total: 165500 ns
[2020-04-26T14:59:27.038+0000][1][safepoint    ] Safepoint "Cleanup", Time since last: 1000142200 ns, Reaching safepoint: 221300 ns, At safepoint: 52700 ns, Total: 274000 ns
[2020-04-26T14:59:28.038+0000][1][safepoint    ] Safepoint "Cleanup", Time since last: 1000133500 ns, Reaching safepoint: 258100 ns, At safepoint: 74800 ns, Total: 332900 ns
[2020-04-26T14:59:29.039+0000][1][safepoint    ] Safepoint "Cleanup", Time since last: 1000158300 ns, Reaching safepoint: 138600 ns, At safepoint: 28800 ns, Total: 167400 ns
[2020-04-26T14:59:30.040+0000][1][safepoint    ] Safepoint "Cleanup", Time since last: 1000276400 ns, Reaching safepoint: 694800 ns, At safepoint: 146500 ns, Total: 841300 ns
[2020-04-26T14:59:31.040+0000][1][safepoint    ] Safepoint "Cleanup", Time since last: 1000241400 ns, Reaching safepoint: 132300 ns, At safepoint: 27800 ns, Total: 160100 ns
[2020-04-26T14:59:32.041+0000][1][safepoint    ] Safepoint "Cleanup", Time since last: 1000137700 ns, Reaching safepoint: 182500 ns, At safepoint: 31800 ns, Total: 214300 ns
[2020-04-26T14:59:33.041+0000][1][safepoint    ] Safepoint "Cleanup", Time since last: 1000180600 ns, Reaching safepoint: 134800 ns, At safepoint: 28200 ns, Total: 163000 ns
[2020-04-26T14:59:34.041+0000][1][safepoint    ] Safepoint "Cleanup", Time since last: 1000158500 ns, Reaching safepoint: 127500 ns, At safepoint: 25600 ns, Total: 153100 ns
[2020-04-26T14:59:35.042+0000][1][safepoint    ] Safepoint "Cleanup", Time since last: 1000107600 ns, Reaching safepoint: 139600 ns, At safepoint: 33700 ns, Total: 173300 ns
[2020-04-26T14:59:36.042+0000][1][safepoint    ] Safepoint "Cleanup", Time since last: 1000165500 ns, Reaching safepoint: 132200 ns, At safepoint: 27800 ns, Total: 160000 ns
[2020-04-26T14:59:37.042+0000][1][safepoint    ] Safepoint "Cleanup", Time since last: 1000194600 ns, Reaching safepoint: 179100 ns, At safepoint: 38200 ns, Total: 217300 ns
[2020-04-26T14:59:38.043+0000][1][safepoint    ] Safepoint "Cleanup", Time since last: 1000191500 ns, Reaching safepoint: 154500 ns, At safepoint: 28600 ns, Total: 183100 ns
[2020-04-26T14:59:39.043+0000][1][safepoint    ] Safepoint "Cleanup", Time since last: 1000145500 ns, Reaching safepoint: 128500 ns, At safepoint: 26900 ns, Total: 155400 ns
[2020-04-26T14:59:40.043+0000][1][safepoint    ] Safepoint "Cleanup", Time since last: 1000127600 ns, Reaching safepoint: 144600 ns, At safepoint: 32100 ns, Total: 176700 ns
[2020-04-26T14:59:41.044+0000][1][safepoint    ] Safepoint "Cleanup", Time since last: 1000189400 ns, Reaching safepoint: 150800 ns, At safepoint: 27700 ns, Total: 178500 ns
[2020-04-26T14:59:42.044+0000][1][safepoint    ] Safepoint "Cleanup", Time since last: 1000134600 ns, Reaching safepoint: 193600 ns, At safepoint: 30700 ns, Total: 224300 ns
[2020-04-26T14:59:43.044+0000][1][safepoint    ] Safepoint "Cleanup", Time since last: 1000206000 ns, Reaching safepoint: 142800 ns, At safepoint: 27700 ns, Total: 170500 ns
[2020-04-26T14:59:44.045+0000][1][safepoint    ] Safepoint "Cleanup", Time since last: 1000160100 ns, Reaching safepoint: 150700 ns, At safepoint: 28000 ns, Total: 178700 ns
[2020-04-26T14:59:45.045+0000][1][safepoint    ] Safepoint "Cleanup", Time since last: 1000141100 ns, Reaching safepoint: 187500 ns, At safepoint: 35900 ns, Total: 223400 ns
[2020-04-26T14:59:46.046+0000][1][safepoint    ] Safepoint "Cleanup", Time since last: 1000195300 ns, Reaching safepoint: 327900 ns, At safepoint: 67700 ns, Total: 395600 ns
[2020-04-26T14:59:47.046+0000][1][safepoint    ] Safepoint "Cleanup", Time since last: 1000177200 ns, Reaching safepoint: 133800 ns, At safepoint: 28200 ns, Total: 162000 ns
[2020-04-26T14:59:47.275+0000][1][safepoint    ] Safepoint "RevokeBias", Time since last: 228695600 ns, Reaching safepoint: 211900 ns, At safepoint: 76100 ns, Total: 288000 ns
[2020-04-26T14:59:47.275+0000][1][safepoint    ] Safepoint "RevokeBias", Time since last: 263900 ns, Reaching safepoint: 100500 ns, At safepoint: 79500 ns, Total: 180000 ns
[2020-04-26T14:59:47.276+0000][1][safepoint    ] Safepoint "RevokeBias", Time since last: 191900 ns, Reaching safepoint: 160300 ns, At safepoint: 69800 ns, Total: 230100 ns
[2020-04-26T14:59:47.276+0000][1][safepoint    ] Safepoint "RevokeBias", Time since last: 181600 ns, Reaching safepoint: 67300 ns, At safepoint: 50300 ns, Total: 117600 ns
[2020-04-26T14:59:47.276+0000][1][safepoint    ] Safepoint "RevokeBias", Time since last: 188400 ns, Reaching safepoint: 66800 ns, At safepoint: 50500 ns, Total: 117300 ns
[2020-04-26T14:59:48.277+0000][1][safepoint    ] Safepoint "Cleanup", Time since last: 1000151300 ns, Reaching safepoint: 130500 ns, At safepoint: 29400 ns, Total: 159900 ns
[2020-04-26T14:59:49.277+0000][1][safepoint    ] Safepoint "Cleanup", Time since last: 1000158400 ns, Reaching safepoint: 138500 ns, At safepoint: 33100 ns, Total: 171600 ns
[2020-04-26T14:59:50.277+0000][1][safepoint    ] Safepoint "Cleanup", Time since last: 1000143900 ns, Reaching safepoint: 139700 ns, At safepoint: 30700 ns, Total: 170400 ns
[2020-04-26T14:59:53.278+0000][1][safepoint    ] Safepoint "Cleanup", Time since last: 3000525000 ns, Reaching safepoint: 147600 ns, At safepoint: 33200 ns, Total: 180800 ns
[2020-04-26T14:59:54.278+0000][1][safepoint    ] Safepoint "Cleanup", Time since last: 1000191700 ns, Reaching safepoint: 141400 ns, At safepoint: 31000 ns, Total: 172400 ns
[2020-04-26T14:59:55.279+0000][1][safepoint    ] Safepoint "Cleanup", Time since last: 1000173500 ns, Reaching safepoint: 138700 ns, At safepoint: 31100 ns, Total: 169800 ns
[2020-04-26T14:59:56.279+0000][1][safepoint    ] Safepoint "Cleanup", Time since last: 1000183300 ns, Reaching safepoint: 127600 ns, At safepoint: 30000 ns, Total: 157600 ns
[2020-04-26T14:59:57.279+0000][1][safepoint    ] Safepoint "Cleanup", Time since last: 1000129400 ns, Reaching safepoint: 143700 ns, At safepoint: 29800 ns, Total: 173500 ns
[2020-04-26T14:59:59.280+0000][1][safepoint    ] Safepoint "Cleanup", Time since last: 2000256300 ns, Reaching safepoint: 229100 ns, At safepoint: 33400 ns, Total: 262500 ns
[2020-04-26T15:00:02.281+0000][1][safepoint    ] Safepoint "Cleanup", Time since last: 3000702400 ns, Reaching safepoint: 347500 ns, At safepoint: 51700 ns, Total: 399200 ns
[2020-04-26T15:00:04.282+0000][1][safepoint    ] Safepoint "Cleanup", Time since last: 2000433400 ns, Reaching safepoint: 141800 ns, At safepoint: 33700 ns, Total: 175500 ns
[2020-04-26T15:00:05.282+0000][1][safepoint    ] Safepoint "Cleanup", Time since last: 1000228400 ns, Reaching safepoint: 142000 ns, At safepoint: 31600 ns, Total: 173600 ns
[2020-04-26T15:00:08.283+0000][1][safepoint    ] Safepoint "Cleanup", Time since last: 3000479100 ns, Reaching safepoint: 214200 ns, At safepoint: 40700 ns, Total: 254900 ns
[2020-04-26T15:00:09.152+0000][1][safepoint    ] Safepoint "RevokeBias", Time since last: 868723700 ns, Reaching safepoint: 290600 ns, At safepoint: 145700 ns, Total: 436300 ns
[2020-04-26T15:00:09.154+0000][1][safepoint    ] Safepoint "RevokeBias", Time since last: 1027300 ns, Reaching safepoint: 473200 ns, At safepoint: 108600 ns, Total: 581800 ns
[2020-04-26T15:00:09.155+0000][1][safepoint    ] Safepoint "RevokeBias", Time since last: 643900 ns, Reaching safepoint: 235900 ns, At safepoint: 107900 ns, Total: 343800 ns
[2020-04-26T15:00:09.166+0000][1][safepoint    ] Safepoint "RevokeBias", Time since last: 11056800 ns, Reaching safepoint: 138100 ns, At safepoint: 72700 ns, Total: 210800 ns
[2020-04-26T15:00:09.167+0000][1][safepoint    ] Safepoint "RevokeBias", Time since last: 481900 ns, Reaching safepoint: 339700 ns, At safepoint: 185400 ns, Total: 525100 ns
[2020-04-26T15:00:09.169+0000][1][safepoint    ] Safepoint "RevokeBias", Time since last: 1397200 ns, Reaching safepoint: 684300 ns, At safepoint: 145100 ns, Total: 829400 ns
[2020-04-26T15:00:10.170+0000][1][safepoint    ] Safepoint "Cleanup", Time since last: 1000269500 ns, Reaching safepoint: 145700 ns, At safepoint: 30000 ns, Total: 175700 ns
[2020-04-26T15:00:14.170+0000][1][safepoint    ] Safepoint "Cleanup", Time since last: 4000566100 ns, Reaching safepoint: 148800 ns, At safepoint: 29800 ns, Total: 178600 ns
[2020-04-26T15:00:15.171+0000][1][safepoint    ] Safepoint "Cleanup", Time since last: 1000236800 ns, Reaching safepoint: 143700 ns, At safepoint: 30900 ns, Total: 174600 ns
[2020-04-26T15:00:17.171+0000][1][safepoint    ] Safepoint "Cleanup", Time since last: 2000275300 ns, Reaching safepoint: 205800 ns, At safepoint: 40600 ns, Total: 246400 ns
[2020-04-26T15:00:19.172+0000][1][safepoint    ] Safepoint "Cleanup", Time since last: 2000305300 ns, Reaching safepoint: 142400 ns, At safepoint: 28200 ns, Total: 170600 ns
[2020-04-26T15:00:20.172+0000][1][safepoint    ] Safepoint "Cleanup", Time since last: 1000173900 ns, Reaching safepoint: 176500 ns, At safepoint: 28600 ns, Total: 205100 ns
[2020-04-26T15:00:21.172+0000][1][safepoint    ] Safepoint "Cleanup", Time since last: 1000162500 ns, Reaching safepoint: 137400 ns, At safepoint: 28900 ns, Total: 166300 ns
[2020-04-26T15:00:22.173+0000][1][safepoint    ] Safepoint "Cleanup", Time since last: 1000120900 ns, Reaching safepoint: 130900 ns, At safepoint: 29400 ns, Total: 160300 ns
[2020-04-26T15:00:23.173+0000][1][safepoint    ] Safepoint "Cleanup", Time since last: 1000155800 ns, Reaching safepoint: 134900 ns, At safepoint: 29400 ns, Total: 164300 ns
[2020-04-26T15:00:24.173+0000][1][safepoint    ] Safepoint "Cleanup", Time since last: 1000154700 ns, Reaching safepoint: 166000 ns, At safepoint: 28700 ns, Total: 194700 ns
[2020-04-26T15:00:25.174+0000][1][safepoint    ] Safepoint "Cleanup", Time since last: 1000193900 ns, Reaching safepoint: 160300 ns, At safepoint: 28800 ns, Total: 189100 ns
[2020-04-26T15:00:26.174+0000][1][safepoint    ] Safepoint "Cleanup", Time since last: 1000158700 ns, Reaching safepoint: 155100 ns, At safepoint: 42600 ns, Total: 197700 ns
[2020-04-26T15:00:27.175+0000][1][safepoint    ] Safepoint "Cleanup", Time since last: 1000174200 ns, Reaching safepoint: 172000 ns, At safepoint: 55100 ns, Total: 227100 ns
[2020-04-26T15:00:28.175+0000][1][safepoint    ] Safepoint "Cleanup", Time since last: 1000120300 ns, Reaching safepoint: 142500 ns, At safepoint: 28900 ns, Total: 171400 ns
[2020-04-26T15:00:29.176+0000][1][safepoint    ] Safepoint "Cleanup", Time since last: 1000319900 ns, Reaching safepoint: 488900 ns, At safepoint: 120500 ns, Total: 609400 ns
[2020-04-26T15:00:30.176+0000][1][safepoint    ] Safepoint "Cleanup", Time since last: 1000197500 ns, Reaching safepoint: 142200 ns, At safepoint: 31900 ns, Total: 174100 ns
[2020-04-26T15:00:31.176+0000][1][safepoint    ] Safepoint "Cleanup", Time since last: 1000165300 ns, Reaching safepoint: 164800 ns, At safepoint: 40400 ns, Total: 205200 ns
[2020-04-26T15:00:32.177+0000][1][safepoint    ] Safepoint "Cleanup", Time since last: 1000192100 ns, Reaching safepoint: 235100 ns, At safepoint: 39400 ns, Total: 274500 ns
[2020-04-26T15:00:33.177+0000][1][safepoint    ] Safepoint "Cleanup", Time since last: 1000208700 ns, Reaching safepoint: 143900 ns, At safepoint: 30400 ns, Total: 174300 ns
[2020-04-26T15:00:34.178+0000][1][safepoint    ] Safepoint "Cleanup", Time since last: 1000177900 ns, Reaching safepoint: 151000 ns, At safepoint: 37500 ns, Total: 188500 ns
[2020-04-26T15:00:35.178+0000][1][safepoint    ] Safepoint "Cleanup", Time since last: 1000201700 ns, Reaching safepoint: 329000 ns, At safepoint: 82600 ns, Total: 411600 ns
[2020-04-26T15:00:36.179+0000][1][safepoint    ] Safepoint "Cleanup", Time since last: 1000509900 ns, Reaching safepoint: 140600 ns, At safepoint: 29600 ns, Total: 170200 ns
[2020-04-26T15:00:36.260+0000][1][safepoint    ] Safepoint "RevokeBias", Time since last: 80460600 ns, Reaching safepoint: 171400 ns, At safepoint: 142800 ns, Total: 314200 ns
[2020-04-26T15:00:36.261+0000][1][safepoint    ] Safepoint "RevokeBias", Time since last: 516200 ns, Reaching safepoint: 294400 ns, At safepoint: 108100 ns, Total: 402500 ns
[2020-04-26T15:00:36.263+0000][1][safepoint    ] Safepoint "RevokeBias", Time since last: 1797100 ns, Reaching safepoint: 317500 ns, At safepoint: 87600 ns, Total: 405100 ns
[2020-04-26T15:00:36.265+0000][1][safepoint    ] Safepoint "RevokeBias", Time since last: 1669300 ns, Reaching safepoint: 130900 ns, At safepoint: 38100 ns, Total: 169000 ns
[2020-04-26T15:00:36.265+0000][1][safepoint    ] Safepoint "RevokeBias", Time since last: 225700 ns, Reaching safepoint: 84900 ns, At safepoint: 58700 ns, Total: 143600 ns
[2020-04-26T15:00:36.270+0000][1][safepoint    ] Safepoint "RevokeBias", Time since last: 5030400 ns, Reaching safepoint: 244300 ns, At safepoint: 98000 ns, Total: 342300 ns
[2020-04-26T15:00:36.271+0000][1][safepoint    ] Safepoint "RevokeBias", Time since last: 245300 ns, Reaching safepoint: 134700 ns, At safepoint: 111900 ns, Total: 246600 ns
[2020-04-26T15:00:36.278+0000][1][safepoint    ] Safepoint "RevokeBias", Time since last: 6588100 ns, Reaching safepoint: 287800 ns, At safepoint: 105500 ns, Total: 393300 ns
[2020-04-26T15:00:36.278+0000][1][safepoint    ] Safepoint "RevokeBias", Time since last: 249000 ns, Reaching safepoint: 91000 ns, At safepoint: 62200 ns, Total: 153200 ns
[2020-04-26T15:00:36.286+0000][1][safepoint    ] Safepoint "RevokeBias", Time since last: 7021800 ns, Reaching safepoint: 263100 ns, At safepoint: 195700 ns, Total: 458800 ns
[2020-04-26T15:00:36.286+0000][1][safepoint    ] Safepoint "RevokeBias", Time since last: 293300 ns, Reaching safepoint: 176600 ns, At safepoint: 106100 ns, Total: 282700 ns
[2020-04-26T15:00:36.287+0000][1][safepoint    ] Safepoint "RevokeBias", Time since last: 172700 ns, Reaching safepoint: 216800 ns, At safepoint: 111800 ns, Total: 328600 ns
[2020-04-26T15:00:36.288+0000][1][safepoint    ] Safepoint "RevokeBias", Time since last: 741700 ns, Reaching safepoint: 249100 ns, At safepoint: 92700 ns, Total: 341800 ns
[2020-04-26T15:00:36.288+0000][1][safepoint    ] Safepoint "RevokeBias", Time since last: 155100 ns, Reaching safepoint: 248300 ns, At safepoint: 120600 ns, Total: 368900 ns
[2020-04-26T15:00:36.289+0000][1][safepoint    ] Safepoint "RevokeBias", Time since last: 235600 ns, Reaching safepoint: 182200 ns, At safepoint: 102900 ns, Total: 285100 ns
[2020-04-26T15:00:36.291+0000][1][safepoint    ] Safepoint "RevokeBias", Time since last: 1536000 ns, Reaching safepoint: 112200 ns, At safepoint: 27200 ns, Total: 139400 ns
[2020-04-26T15:00:36.291+0000][1][safepoint    ] Safepoint "RevokeBias", Time since last: 447400 ns, Reaching safepoint: 90700 ns, At safepoint: 54300 ns, Total: 145000 ns
[2020-04-26T15:00:36.292+0000][1][safepoint    ] Safepoint "RevokeBias", Time since last: 232700 ns, Reaching safepoint: 245700 ns, At safepoint: 75700 ns, Total: 321400 ns
[2020-04-26T15:00:36.293+0000][1][safepoint    ] Safepoint "RevokeBias", Time since last: 1216100 ns, Reaching safepoint: 240300 ns, At safepoint: 67800 ns, Total: 308100 ns
[2020-04-26T15:00:36.294+0000][1][safepoint    ] Safepoint "RevokeBias", Time since last: 192500 ns, Reaching safepoint: 207300 ns, At safepoint: 84200 ns, Total: 291500 ns
[2020-04-26T15:00:36.294+0000][1][safepoint    ] Safepoint "RevokeBias", Time since last: 235600 ns, Reaching safepoint: 252100 ns, At safepoint: 113100 ns, Total: 365200 ns
[2020-04-26T15:00:36.296+0000][1][safepoint    ] Safepoint "RevokeBias", Time since last: 1237500 ns, Reaching safepoint: 180200 ns, At safepoint: 56300 ns, Total: 236500 ns
[2020-04-26T15:00:36.296+0000][1][safepoint    ] Safepoint "RevokeBias", Time since last: 292400 ns, Reaching safepoint: 87000 ns, At safepoint: 59900 ns, Total: 146900 ns
[2020-04-26T15:00:36.298+0000][1][safepoint    ] Safepoint "RevokeBias", Time since last: 1001300 ns, Reaching safepoint: 223800 ns, At safepoint: 77700 ns, Total: 301500 ns
[2020-04-26T15:00:36.303+0000][1][safepoint    ] Safepoint "RevokeBias", Time since last: 5403500 ns, Reaching safepoint: 211500 ns, At safepoint: 77200 ns, Total: 288700 ns
[2020-04-26T15:00:36.304+0000][1][safepoint    ] Safepoint "RevokeBias", Time since last: 305600 ns, Reaching safepoint: 117800 ns, At safepoint: 89700 ns, Total: 207500 ns
[2020-04-26T15:00:36.304+0000][1][safepoint    ] Safepoint "RevokeBias", Time since last: 287900 ns, Reaching safepoint: 219200 ns, At safepoint: 87100 ns, Total: 306300 ns
[2020-04-26T15:00:36.305+0000][1][safepoint    ] Safepoint "RevokeBias", Time since last: 198200 ns, Reaching safepoint: 166600 ns, At safepoint: 69400 ns, Total: 236000 ns
[2020-04-26T15:00:36.305+0000][1][safepoint    ] Safepoint "RevokeBias", Time since last: 431100 ns, Reaching safepoint: 78800 ns, At safepoint: 68800 ns, Total: 147600 ns
[2020-04-26T15:00:36.307+0000][1][safepoint    ] Safepoint "RevokeBias", Time since last: 792500 ns, Reaching safepoint: 195300 ns, At safepoint: 155100 ns, Total: 350400 ns
[2020-04-26T15:00:36.307+0000][1][safepoint    ] Safepoint "RevokeBias", Time since last: 343100 ns, Reaching safepoint: 181200 ns, At safepoint: 105200 ns, Total: 286400 ns
[2020-04-26T15:00:36.308+0000][1][safepoint    ] Safepoint "RevokeBias", Time since last: 675100 ns, Reaching safepoint: 188100 ns, At safepoint: 82000 ns, Total: 270100 ns
[2020-04-26T15:00:36.309+0000][1][safepoint    ] Safepoint "RevokeBias", Time since last: 540900 ns, Reaching safepoint: 103800 ns, At safepoint: 97100 ns, Total: 200900 ns
[2020-04-26T15:00:36.309+0000][1][safepoint    ] Safepoint "RevokeBias", Time since last: 291000 ns, Reaching safepoint: 191200 ns, At safepoint: 72300 ns, Total: 263500 ns
[2020-04-26T15:00:36.310+0000][1][safepoint    ] Safepoint "RevokeBias", Time since last: 575300 ns, Reaching safepoint: 152900 ns, At safepoint: 126700 ns, Total: 279600 ns
[2020-04-26T15:00:36.311+0000][1][safepoint    ] Safepoint "RevokeBias", Time since last: 435300 ns, Reaching safepoint: 86900 ns, At safepoint: 88700 ns, Total: 175600 ns
[2020-04-26T15:00:36.312+0000][1][safepoint    ] Safepoint "RevokeBias", Time since last: 798100 ns, Reaching safepoint: 182800 ns, At safepoint: 92600 ns, Total: 275400 ns
[2020-04-26T15:00:36.316+0000][1][safepoint    ] Safepoint "RevokeBias", Time since last: 3818400 ns, Reaching safepoint: 167500 ns, At safepoint: 80100 ns, Total: 247600 ns
[2020-04-26T15:00:36.317+0000][1][safepoint    ] Safepoint "RevokeBias", Time since last: 438100 ns, Reaching safepoint: 155900 ns, At safepoint: 55700 ns, Total: 211600 ns
[2020-04-26T15:00:36.498+0000][1][safepoint    ] Safepoint "RevokeBias", Time since last: 181074300 ns, Reaching safepoint: 446900 ns, At safepoint: 178700 ns, Total: 625600 ns
[2020-04-26T15:00:36.505+0000][1][safepoint    ] Safepoint "RevokeBias", Time since last: 6088700 ns, Reaching safepoint: 432300 ns, At safepoint: 149500 ns, Total: 581800 ns
[2020-04-26T15:00:36.507+0000][1][safepoint    ] Safepoint "RevokeBias", Time since last: 1184300 ns, Reaching safepoint: 401200 ns, At safepoint: 271700 ns, Total: 672900 ns
[2020-04-26T15:00:36.508+0000][1][safepoint    ] Safepoint "RevokeBias", Time since last: 762900 ns, Reaching safepoint: 491700 ns, At safepoint: 270700 ns, Total: 762400 ns
[2020-04-26T15:00:36.510+0000][1][safepoint    ] Safepoint "RevokeBias", Time since last: 636400 ns, Reaching safepoint: 381500 ns, At safepoint: 235500 ns, Total: 617000 ns
[2020-04-26T15:00:36.533+0000][1][safepoint    ] Safepoint "RevokeBias", Time since last: 23241500 ns, Reaching safepoint: 261100 ns, At safepoint: 87000 ns, Total: 348100 ns
[2020-04-26T15:00:36.538+0000][1][safepoint    ] Safepoint "RevokeBias", Time since last: 4251700 ns, Reaching safepoint: 241100 ns, At safepoint: 109200 ns, Total: 350300 ns
[2020-04-26T15:00:37.539+0000][1][safepoint    ] Safepoint "Cleanup", Time since last: 1000547600 ns, Reaching safepoint: 465600 ns, At safepoint: 91600 ns, Total: 557200 ns
[2020-04-26T15:00:38.539+0000][1][safepoint    ] Safepoint "Cleanup", Time since last: 1000204700 ns, Reaching safepoint: 155600 ns, At safepoint: 27900 ns, Total: 183500 ns
[2020-04-26T15:00:39.540+0000][1][safepoint    ] Safepoint "Cleanup", Time since last: 1000119200 ns, Reaching safepoint: 144400 ns, At safepoint: 28800 ns, Total: 173200 ns
[2020-04-26T15:00:40.541+0000][1][safepoint    ] Safepoint "Cleanup", Time since last: 1000734300 ns, Reaching safepoint: 611200 ns, At safepoint: 199400 ns, Total: 810600 ns
[2020-04-26T15:00:41.542+0000][1][safepoint    ] Safepoint "Cleanup", Time since last: 1000206000 ns, Reaching safepoint: 186500 ns, At safepoint: 55200 ns, Total: 241700 ns
[2020-04-26T15:00:42.543+0000][1][safepoint    ] Safepoint "Cleanup", Time since last: 1000367800 ns, Reaching safepoint: 585300 ns, At safepoint: 193700 ns, Total: 779000 ns
[2020-04-26T15:00:43.363+0000][1][safepoint    ] Safepoint "RevokeBias", Time since last: 819397000 ns, Reaching safepoint: 229400 ns, At safepoint: 86600 ns, Total: 316000 ns
[2020-04-26T15:00:43.363+0000][1][safepoint    ] Safepoint "RevokeBias", Time since last: 195400 ns, Reaching safepoint: 176100 ns, At safepoint: 55200 ns, Total: 231300 ns
[2020-04-26T15:00:43.363+0000][1][safepoint    ] Safepoint "RevokeBias", Time since last: 150700 ns, Reaching safepoint: 237100 ns, At safepoint: 61800 ns, Total: 298900 ns
[2020-04-26T15:00:43.364+0000][1][safepoint    ] Safepoint "RevokeBias", Time since last: 133000 ns, Reaching safepoint: 128400 ns, At safepoint: 34700 ns, Total: 163100 ns
[2020-04-26T15:00:43.364+0000][1][safepoint    ] Safepoint "RevokeBias", Time since last: 99800 ns, Reaching safepoint: 185700 ns, At safepoint: 46400 ns, Total: 232100 ns
[2020-04-26T15:00:43.364+0000][1][safepoint    ] Safepoint "RevokeBias", Time since last: 106000 ns, Reaching safepoint: 155900 ns, At safepoint: 39900 ns, Total: 195800 ns
[2020-04-26T15:00:44.366+0000][1][safepoint    ] Safepoint "Cleanup", Time since last: 1000431900 ns, Reaching safepoint: 594400 ns, At safepoint: 134400 ns, Total: 728800 ns
[2020-04-26T15:00:45.366+0000][1][safepoint    ] Safepoint "Cleanup", Time since last: 1000260500 ns, Reaching safepoint: 164500 ns, At safepoint: 33400 ns, Total: 197900 ns
[2020-04-26T15:00:46.367+0000][1][safepoint    ] Safepoint "Cleanup", Time since last: 1000537000 ns, Reaching safepoint: 452900 ns, At safepoint: 124300 ns, Total: 577200 ns
[2020-04-26T15:00:47.368+0000][1][safepoint    ] Safepoint "Cleanup", Time since last: 1000244300 ns, Reaching safepoint: 155800 ns, At safepoint: 31300 ns, Total: 187100 ns
[2020-04-26T15:00:48.368+0000][1][safepoint    ] Safepoint "Cleanup", Time since last: 1000239200 ns, Reaching safepoint: 325400 ns, At safepoint: 86200 ns, Total: 411600 ns
[2020-04-26T15:00:49.369+0000][1][safepoint    ] Safepoint "Cleanup", Time since last: 1000269400 ns, Reaching safepoint: 154700 ns, At safepoint: 29700 ns, Total: 184400 ns
[2020-04-26T15:00:50.370+0000][1][safepoint    ] Safepoint "Cleanup", Time since last: 1000352500 ns, Reaching safepoint: 527900 ns, At safepoint: 173300 ns, Total: 701200 ns
[2020-04-26T15:00:51.370+0000][1][safepoint    ] Safepoint "Cleanup", Time since last: 1000332400 ns, Reaching safepoint: 284900 ns, At safepoint: 76500 ns, Total: 361400 ns
[2020-04-26T15:00:52.371+0000][1][safepoint    ] Safepoint "Cleanup", Time since last: 1000234400 ns, Reaching safepoint: 152800 ns, At safepoint: 31800 ns, Total: 184600 ns
[2020-04-26T15:00:53.362+0000][1][safepoint    ] Safepoint "RevokeBias", Time since last: 990860800 ns, Reaching safepoint: 215700 ns, At safepoint: 92000 ns, Total: 307700 ns
[2020-04-26T15:00:54.362+0000][1][safepoint    ] Safepoint "Cleanup", Time since last: 1000253000 ns, Reaching safepoint: 153200 ns, At safepoint: 29300 ns, Total: 182500 ns
[2020-04-26T15:00:55.363+0000][1][safepoint    ] Safepoint "Cleanup", Time since last: 1000209100 ns, Reaching safepoint: 161400 ns, At safepoint: 30400 ns, Total: 191800 ns
[2020-04-26T15:00:56.363+0000][1][safepoint    ] Safepoint "Cleanup", Time since last: 1000144400 ns, Reaching safepoint: 171700 ns, At safepoint: 30400 ns, Total: 202100 ns
[2020-04-26T15:00:57.364+0000][1][safepoint    ] Safepoint "Cleanup", Time since last: 1000195400 ns, Reaching safepoint: 150200 ns, At safepoint: 31000 ns, Total: 181200 ns
[2020-04-26T15:00:58.364+0000][1][safepoint    ] Safepoint "Cleanup", Time since last: 1000525000 ns, Reaching safepoint: 156700 ns, At safepoint: 32300 ns, Total: 189000 ns
[2020-04-26T15:00:59.365+0000][1][safepoint    ] Safepoint "Cleanup", Time since last: 1000284300 ns, Reaching safepoint: 522700 ns, At safepoint: 177100 ns, Total: 699800 ns
[2020-04-26T15:01:00.366+0000][1][safepoint    ] Safepoint "Cleanup", Time since last: 1000497600 ns, Reaching safepoint: 501600 ns, At safepoint: 141100 ns, Total: 642700 ns
[2020-04-26T15:01:01.368+0000][1][safepoint    ] Safepoint "Cleanup", Time since last: 1000848900 ns, Reaching safepoint: 482000 ns, At safepoint: 144400 ns, Total: 626400 ns
[2020-04-26T15:01:02.368+0000][1][safepoint    ] Safepoint "Cleanup", Time since last: 1000189600 ns, Reaching safepoint: 149500 ns, At safepoint: 31400 ns, Total: 180900 ns
[2020-04-26T15:01:03.369+0000][1][safepoint    ] Safepoint "Cleanup", Time since last: 1000112500 ns, Reaching safepoint: 218100 ns, At safepoint: 34100 ns, Total: 252200 ns
[2020-04-26T15:01:04.369+0000][1][safepoint    ] Safepoint "Cleanup", Time since last: 1000104500 ns, Reaching safepoint: 139400 ns, At safepoint: 27300 ns, Total: 166700 ns
[2020-04-26T15:01:05.369+0000][1][safepoint    ] Safepoint "Cleanup", Time since last: 1000190700 ns, Reaching safepoint: 162300 ns, At safepoint: 43500 ns, Total: 205800 ns
[2020-04-26T15:01:06.370+0000][1][safepoint    ] Safepoint "Cleanup", Time since last: 1000201400 ns, Reaching safepoint: 146300 ns, At safepoint: 27800 ns, Total: 174100 ns
[2020-04-26T15:01:07.370+0000][1][safepoint    ] Safepoint "Cleanup", Time since last: 1000145500 ns, Reaching safepoint: 151200 ns, At safepoint: 30300 ns, Total: 181500 ns
[2020-04-26T15:01:08.370+0000][1][safepoint    ] Safepoint "Cleanup", Time since last: 1000134900 ns, Reaching safepoint: 145100 ns, At safepoint: 32700 ns, Total: 177800 ns
[2020-04-26T15:01:09.240+0000][1][safepoint    ] Safepoint "RevokeBias", Time since last: 869092600 ns, Reaching safepoint: 141200 ns, At safepoint: 87600 ns, Total: 228800 ns
[2020-04-26T15:01:09.241+0000][1][safepoint    ] Safepoint "RevokeBias", Time since last: 699100 ns, Reaching safepoint: 520700 ns, At safepoint: 80300 ns, Total: 601000 ns
[2020-04-26T15:01:09.241+0000][1][safepoint    ] Safepoint "RevokeBias", Time since last: 217300 ns, Reaching safepoint: 246500 ns, At safepoint: 91700 ns, Total: 338200 ns
[2020-04-26T15:01:09.247+0000][1][safepoint    ] Safepoint "RevokeBias", Time since last: 5130900 ns, Reaching safepoint: 549700 ns, At safepoint: 106000 ns, Total: 655700 ns
[2020-04-26T15:01:10.248+0000][1][safepoint    ] Safepoint "Cleanup", Time since last: 1000243100 ns, Reaching safepoint: 145700 ns, At safepoint: 30800 ns, Total: 176500 ns
[2020-04-26T15:01:11.248+0000][1][safepoint    ] Safepoint "Cleanup", Time since last: 1000468800 ns, Reaching safepoint: 183100 ns, At safepoint: 34000 ns, Total: 217100 ns
[2020-04-26T15:01:12.249+0000][1][safepoint    ] Safepoint "Cleanup", Time since last: 1000358300 ns, Reaching safepoint: 443800 ns, At safepoint: 134400 ns, Total: 578200 ns
[2020-04-26T15:01:13.250+0000][1][safepoint    ] Safepoint "Cleanup", Time since last: 1000194700 ns, Reaching safepoint: 141400 ns, At safepoint: 25500 ns, Total: 166900 ns
[2020-04-26T15:01:14.019+0000][1][gc,start     ] GC(19) Pause Young (Allocation Failure)
[2020-04-26T15:01:14.019+0000][1][gc,task      ] GC(19) Using 10 workers of 10 for evacuation
[2020-04-26T15:01:14.024+0000][1][gc,age       ] GC(19) Desired survivor size 8945664 bytes, new threshold 6 (max threshold 6)
[2020-04-26T15:01:14.024+0000][1][gc,age       ] GC(19) Age table with threshold 6 (max threshold 6)
[2020-04-26T15:01:14.024+0000][1][gc,age       ] GC(19) - age   1:    1604200 bytes,    1604200 total
[2020-04-26T15:01:14.024+0000][1][gc,age       ] GC(19) - age   2:    3933896 bytes,    5538096 total
[2020-04-26T15:01:14.024+0000][1][gc,heap      ] GC(19) ParNew: 151487K->7265K(157248K)
[2020-04-26T15:01:14.024+0000][1][gc,heap      ] GC(19) CMS: 76068K->76068K(349568K)
[2020-04-26T15:01:14.024+0000][1][gc,metaspace ] GC(19) Metaspace: 92040K->92040K(1134592K)
[2020-04-26T15:01:14.024+0000][1][gc           ] GC(19) Pause Young (Allocation Failure) 222M->81M(494M) 5.588ms
[2020-04-26T15:01:14.024+0000][1][gc,cpu       ] GC(19) User=0.03s Sys=0.00s Real=0.00s
[2020-04-26T15:01:14.024+0000][1][safepoint    ] Safepoint "GenCollectForAllocation", Time since last: 768563300 ns, Reaching safepoint: 274600 ns, At safepoint: 5692000 ns, Total: 5966600 ns
[2020-04-26T15:01:14.026+0000][1][safepoint    ] Safepoint "RevokeBias", Time since last: 1860700 ns, Reaching safepoint: 229700 ns, At safepoint: 80600 ns, Total: 310300 ns
[2020-04-26T15:01:15.027+0000][1][safepoint    ] Safepoint "Cleanup", Time since last: 1000219300 ns, Reaching safepoint: 182100 ns, At safepoint: 35900 ns, Total: 218000 ns
[2020-04-26T15:01:16.027+0000][1][safepoint    ] Safepoint "Cleanup", Time since last: 1000193100 ns, Reaching safepoint: 228000 ns, At safepoint: 42900 ns, Total: 270900 ns
[2020-04-26T15:01:17.028+0000][1][safepoint    ] Safepoint "Cleanup", Time since last: 1000184100 ns, Reaching safepoint: 180700 ns, At safepoint: 28500 ns, Total: 209200 ns
[2020-04-26T15:01:18.028+0000][1][safepoint    ] Safepoint "Cleanup", Time since last: 1000148600 ns, Reaching safepoint: 170400 ns, At safepoint: 27100 ns, Total: 197500 ns
[2020-04-26T15:01:19.028+0000][1][safepoint    ] Safepoint "Cleanup", Time since last: 1000151900 ns, Reaching safepoint: 154500 ns, At safepoint: 67300 ns, Total: 221800 ns
[2020-04-26T15:01:20.029+0000][1][safepoint    ] Safepoint "Cleanup", Time since last: 1000165700 ns, Reaching safepoint: 139500 ns, At safepoint: 26200 ns, Total: 165700 ns
[2020-04-26T15:01:21.029+0000][1][safepoint    ] Safepoint "Cleanup", Time since last: 1000187600 ns, Reaching safepoint: 162900 ns, At safepoint: 33000 ns, Total: 195900 ns
[2020-04-26T15:01:22.029+0000][1][safepoint    ] Safepoint "Cleanup", Time since last: 1000184000 ns, Reaching safepoint: 151000 ns, At safepoint: 29600 ns, Total: 180600 ns
[2020-04-26T15:01:23.030+0000][1][safepoint    ] Safepoint "Cleanup", Time since last: 1000159100 ns, Reaching safepoint: 146300 ns, At safepoint: 29200 ns, Total: 175500 ns
[2020-04-26T15:01:24.030+0000][1][safepoint    ] Safepoint "Cleanup", Time since last: 1000143400 ns, Reaching safepoint: 169300 ns, At safepoint: 28400 ns, Total: 197700 ns
[2020-04-26T15:01:25.030+0000][1][safepoint    ] Safepoint "Cleanup", Time since last: 1000120700 ns, Reaching safepoint: 146200 ns, At safepoint: 30300 ns, Total: 176500 ns
[2020-04-26T15:01:26.031+0000][1][safepoint    ] Safepoint "Cleanup", Time since last: 1000142400 ns, Reaching safepoint: 235700 ns, At safepoint: 32400 ns, Total: 268100 ns
[2020-04-26T15:01:27.031+0000][1][safepoint    ] Safepoint "Cleanup", Time since last: 1000154300 ns, Reaching safepoint: 148600 ns, At safepoint: 26700 ns, Total: 175300 ns
[2020-04-26T15:01:28.032+0000][1][safepoint    ] Safepoint "Cleanup", Time since last: 1000191700 ns, Reaching safepoint: 164900 ns, At safepoint: 29500 ns, Total: 194400 ns
[2020-04-26T15:01:29.032+0000][1][safepoint    ] Safepoint "Cleanup", Time since last: 1000166300 ns, Reaching safepoint: 175700 ns, At safepoint: 42600 ns, Total: 218300 ns
[2020-04-26T15:01:30.032+0000][1][safepoint    ] Safepoint "Cleanup", Time since last: 1000146400 ns, Reaching safepoint: 154200 ns, At safepoint: 28900 ns, Total: 183100 ns
[2020-04-26T15:01:31.033+0000][1][safepoint    ] Safepoint "Cleanup", Time since last: 1000111600 ns, Reaching safepoint: 149500 ns, At safepoint: 29700 ns, Total: 179200 ns
[2020-04-26T15:01:32.033+0000][1][safepoint    ] Safepoint "Cleanup", Time since last: 1000143300 ns, Reaching safepoint: 185000 ns, At safepoint: 28100 ns, Total: 213100 ns
[2020-04-26T15:01:33.033+0000][1][safepoint    ] Safepoint "Cleanup", Time since last: 1000116800 ns, Reaching safepoint: 152100 ns, At safepoint: 28800 ns, Total: 180900 ns
[2020-04-26T15:01:34.033+0000][1][safepoint    ] Safepoint "Cleanup", Time since last: 1000116300 ns, Reaching safepoint: 150200 ns, At safepoint: 28400 ns, Total: 178600 ns
[2020-04-26T15:01:35.034+0000][1][safepoint    ] Safepoint "Cleanup", Time since last: 1000153000 ns, Reaching safepoint: 167500 ns, At safepoint: 30300 ns, Total: 197800 ns
[2020-04-26T15:01:36.034+0000][1][safepoint    ] Safepoint "Cleanup", Time since last: 1000143700 ns, Reaching safepoint: 154700 ns, At safepoint: 30300 ns, Total: 185000 ns
[2020-04-26T15:01:37.035+0000][1][safepoint    ] Safepoint "Cleanup", Time since last: 1000161600 ns, Reaching safepoint: 209600 ns, At safepoint: 36600 ns, Total: 246200 ns
[2020-04-26T15:01:38.035+0000][1][safepoint    ] Safepoint "Cleanup", Time since last: 1000182700 ns, Reaching safepoint: 226300 ns, At safepoint: 34200 ns, Total: 260500 ns
[2020-04-26T15:01:39.035+0000][1][safepoint    ] Safepoint "Cleanup", Time since last: 1000133500 ns, Reaching safepoint: 152800 ns, At safepoint: 30000 ns, Total: 182800 ns
[2020-04-26T15:01:40.036+0000][1][safepoint    ] Safepoint "Cleanup", Time since last: 1000138500 ns, Reaching safepoint: 164900 ns, At safepoint: 34900 ns, Total: 199800 ns
[2020-04-26T15:01:41.036+0000][1][safepoint    ] Safepoint "Cleanup", Time since last: 1000167600 ns, Reaching safepoint: 157400 ns, At safepoint: 66500 ns, Total: 223900 ns
[2020-04-26T15:01:42.036+0000][1][safepoint    ] Safepoint "Cleanup", Time since last: 1000137100 ns, Reaching safepoint: 192600 ns, At safepoint: 53700 ns, Total: 246300 ns
[2020-04-26T15:01:43.037+0000][1][safepoint    ] Safepoint "Cleanup", Time since last: 1000183800 ns, Reaching safepoint: 168600 ns, At safepoint: 26000 ns, Total: 194600 ns
[2020-04-26T15:01:44.037+0000][1][safepoint    ] Safepoint "Cleanup", Time since last: 1000132800 ns, Reaching safepoint: 144800 ns, At safepoint: 29400 ns, Total: 174200 ns
[2020-04-26T15:01:45.038+0000][1][safepoint    ] Safepoint "Cleanup", Time since last: 1000205500 ns, Reaching safepoint: 153300 ns, At safepoint: 28800 ns, Total: 182100 ns
[2020-04-26T15:01:46.038+0000][1][safepoint    ] Safepoint "Cleanup", Time since last: 1000186200 ns, Reaching safepoint: 169400 ns, At safepoint: 26200 ns, Total: 195600 ns
[2020-04-26T15:01:47.038+0000][1][safepoint    ] Safepoint "Cleanup", Time since last: 1000173000 ns, Reaching safepoint: 149500 ns, At safepoint: 26800 ns, Total: 176300 ns
[2020-04-26T15:01:48.039+0000][1][safepoint    ] Safepoint "Cleanup", Time since last: 1000149800 ns, Reaching safepoint: 151800 ns, At safepoint: 29900 ns, Total: 181700 ns
[2020-04-26T15:01:49.039+0000][1][safepoint    ] Safepoint "Cleanup", Time since last: 1000167000 ns, Reaching safepoint: 156900 ns, At safepoint: 30400 ns, Total: 187300 ns
[2020-04-26T15:01:50.039+0000][1][safepoint    ] Safepoint "Cleanup", Time since last: 1000119400 ns, Reaching safepoint: 168600 ns, At safepoint: 28800 ns, Total: 197400 ns
[2020-04-26T15:01:51.040+0000][1][safepoint    ] Safepoint "Cleanup", Time since last: 1000170900 ns, Reaching safepoint: 248000 ns, At safepoint: 41400 ns, Total: 289400 ns
[2020-04-26T15:01:52.040+0000][1][safepoint    ] Safepoint "Cleanup", Time since last: 1000206800 ns, Reaching safepoint: 142600 ns, At safepoint: 28300 ns, Total: 170900 ns
[2020-04-26T15:01:53.040+0000][1][safepoint    ] Safepoint "Cleanup", Time since last: 1000153300 ns, Reaching safepoint: 174200 ns, At safepoint: 29700 ns, Total: 203900 ns
[2020-04-26T15:01:54.041+0000][1][safepoint    ] Safepoint "Cleanup", Time since last: 1000206500 ns, Reaching safepoint: 189800 ns, At safepoint: 32400 ns, Total: 222200 ns
[2020-04-26T15:01:55.041+0000][1][safepoint    ] Safepoint "Cleanup", Time since last: 1000203300 ns, Reaching safepoint: 163600 ns, At safepoint: 35500 ns, Total: 199100 ns
[2020-04-26T15:01:56.042+0000][1][safepoint    ] Safepoint "Cleanup", Time since last: 1000156600 ns, Reaching safepoint: 149100 ns, At safepoint: 28400 ns, Total: 177500 ns
[2020-04-26T15:01:57.042+0000][1][safepoint    ] Safepoint "Cleanup", Time since last: 1000213700 ns, Reaching safepoint: 152400 ns, At safepoint: 32800 ns, Total: 185200 ns
[2020-04-26T15:01:58.042+0000][1][safepoint    ] Safepoint "Cleanup", Time since last: 1000159600 ns, Reaching safepoint: 158100 ns, At safepoint: 30300 ns, Total: 188400 ns
[2020-04-26T15:01:59.043+0000][1][safepoint    ] Safepoint "Cleanup", Time since last: 1000116800 ns, Reaching safepoint: 136500 ns, At safepoint: 28900 ns, Total: 165400 ns
[2020-04-26T15:02:00.043+0000][1][safepoint    ] Safepoint "Cleanup", Time since last: 1000149300 ns, Reaching safepoint: 146500 ns, At safepoint: 30700 ns, Total: 177200 ns
[2020-04-26T15:02:01.043+0000][1][safepoint    ] Safepoint "Cleanup", Time since last: 1000175100 ns, Reaching safepoint: 161500 ns, At safepoint: 30300 ns, Total: 191800 ns
[2020-04-26T15:02:02.044+0000][1][safepoint    ] Safepoint "Cleanup", Time since last: 1000162100 ns, Reaching safepoint: 143400 ns, At safepoint: 29200 ns, Total: 172600 ns
[2020-04-26T15:02:03.044+0000][1][safepoint    ] Safepoint "Cleanup", Time since last: 1000145900 ns, Reaching safepoint: 147800 ns, At safepoint: 30200 ns, Total: 178000 ns
[2020-04-26T15:02:04.044+0000][1][safepoint    ] Safepoint "Cleanup", Time since last: 1000184200 ns, Reaching safepoint: 209500 ns, At safepoint: 29500 ns, Total: 239000 ns
[2020-04-26T15:02:05.045+0000][1][safepoint    ] Safepoint "Cleanup", Time since last: 1000156300 ns, Reaching safepoint: 143500 ns, At safepoint: 28900 ns, Total: 172400 ns
[2020-04-26T15:02:06.045+0000][1][safepoint    ] Safepoint "Cleanup", Time since last: 1000164500 ns, Reaching safepoint: 163800 ns, At safepoint: 32800 ns, Total: 196600 ns
[2020-04-26T15:02:07.046+0000][1][safepoint    ] Safepoint "Cleanup", Time since last: 1000202500 ns, Reaching safepoint: 163400 ns, At safepoint: 33500 ns, Total: 196900 ns
[2020-04-26T15:02:08.046+0000][1][safepoint    ] Safepoint "Cleanup", Time since last: 1000134900 ns, Reaching safepoint: 142100 ns, At safepoint: 30500 ns, Total: 172600 ns
[2020-04-26T15:02:09.046+0000][1][safepoint    ] Safepoint "Cleanup", Time since last: 1000198100 ns, Reaching safepoint: 146300 ns, At safepoint: 31300 ns, Total: 177600 ns
[2020-04-26T15:02:09.310+0000][1][safepoint    ] Safepoint "RevokeBias", Time since last: 263521200 ns, Reaching safepoint: 178800 ns, At safepoint: 73800 ns, Total: 252600 ns
[2020-04-26T15:02:09.311+0000][1][safepoint    ] Safepoint "RevokeBias", Time since last: 341200 ns, Reaching safepoint: 241500 ns, At safepoint: 92900 ns, Total: 334400 ns
[2020-04-26T15:02:09.311+0000][1][safepoint    ] Safepoint "RevokeBias", Time since last: 177100 ns, Reaching safepoint: 192500 ns, At safepoint: 75700 ns, Total: 268200 ns
[2020-04-26T15:02:09.319+0000][1][safepoint    ] Safepoint "RevokeBias", Time since last: 8152000 ns, Reaching safepoint: 145900 ns, At safepoint: 70800 ns, Total: 216700 ns
[2020-04-26T15:02:09.320+0000][1][safepoint    ] Safepoint "RevokeBias", Time since last: 207800 ns, Reaching safepoint: 208800 ns, At safepoint: 76700 ns, Total: 285500 ns
[2020-04-26T15:02:09.320+0000][1][safepoint    ] Safepoint "RevokeBias", Time since last: 141700 ns, Reaching safepoint: 186800 ns, At safepoint: 135900 ns, Total: 322700 ns
[2020-04-26T15:02:10.321+0000][1][safepoint    ] Safepoint "Cleanup", Time since last: 1000140000 ns, Reaching safepoint: 153400 ns, At safepoint: 27600 ns, Total: 181000 ns
[2020-04-26T15:02:11.321+0000][1][safepoint    ] Safepoint "Cleanup", Time since last: 1000115300 ns, Reaching safepoint: 149800 ns, At safepoint: 28700 ns, Total: 178500 ns
[2020-04-26T15:02:12.321+0000][1][safepoint    ] Safepoint "Cleanup", Time since last: 1000122100 ns, Reaching safepoint: 163600 ns, At safepoint: 45500 ns, Total: 209100 ns
[2020-04-26T15:02:13.322+0000][1][safepoint    ] Safepoint "Cleanup", Time since last: 1000189800 ns, Reaching safepoint: 144400 ns, At safepoint: 27200 ns, Total: 171600 ns
[2020-04-26T15:02:14.322+0000][1][safepoint    ] Safepoint "Cleanup", Time since last: 1000191400 ns, Reaching safepoint: 134200 ns, At safepoint: 26700 ns, Total: 160900 ns
[2020-04-26T15:02:15.322+0000][1][safepoint    ] Safepoint "Cleanup", Time since last: 1000120600 ns, Reaching safepoint: 144800 ns, At safepoint: 28400 ns, Total: 173200 ns
[2020-04-26T15:02:16.323+0000][1][safepoint    ] Safepoint "Cleanup", Time since last: 1000121700 ns, Reaching safepoint: 133100 ns, At safepoint: 26800 ns, Total: 159900 ns
[2020-04-26T15:02:17.323+0000][1][safepoint    ] Safepoint "Cleanup", Time since last: 1000111800 ns, Reaching safepoint: 142700 ns, At safepoint: 26800 ns, Total: 169500 ns
[2020-04-26T15:02:18.323+0000][1][safepoint    ] Safepoint "Cleanup", Time since last: 1000153700 ns, Reaching safepoint: 138200 ns, At safepoint: 27800 ns, Total: 166000 ns
[2020-04-26T15:02:19.324+0000][1][safepoint    ] Safepoint "Cleanup", Time since last: 1000167000 ns, Reaching safepoint: 154800 ns, At safepoint: 29300 ns, Total: 184100 ns
[2020-04-26T15:02:20.324+0000][1][safepoint    ] Safepoint "Cleanup", Time since last: 1000114900 ns, Reaching safepoint: 160000 ns, At safepoint: 78500 ns, Total: 238500 ns
[2020-04-26T15:02:21.324+0000][1][safepoint    ] Safepoint "Cleanup", Time since last: 1000159200 ns, Reaching safepoint: 144800 ns, At safepoint: 29700 ns, Total: 174500 ns
[2020-04-26T15:02:22.325+0000][1][safepoint    ] Safepoint "Cleanup", Time since last: 1000157000 ns, Reaching safepoint: 160800 ns, At safepoint: 45000 ns, Total: 205800 ns
[2020-04-26T15:02:23.325+0000][1][safepoint    ] Safepoint "Cleanup", Time since last: 1000169400 ns, Reaching safepoint: 154400 ns, At safepoint: 31300 ns, Total: 185700 ns
[2020-04-26T15:02:24.326+0000][1][safepoint    ] Safepoint "Cleanup", Time since last: 1000186500 ns, Reaching safepoint: 402300 ns, At safepoint: 73500 ns, Total: 475800 ns
[2020-04-26T15:02:25.326+0000][1][safepoint    ] Safepoint "Cleanup", Time since last: 1000167700 ns, Reaching safepoint: 251100 ns, At safepoint: 53500 ns, Total: 304600 ns
[2020-04-26T15:02:26.326+0000][1][safepoint    ] Safepoint "Cleanup", Time since last: 1000146200 ns, Reaching safepoint: 159700 ns, At safepoint: 30200 ns, Total: 189900 ns
[2020-04-26T15:02:27.327+0000][1][safepoint    ] Safepoint "Cleanup", Time since last: 1000126300 ns, Reaching safepoint: 162700 ns, At safepoint: 30000 ns, Total: 192700 ns
[2020-04-26T15:02:28.327+0000][1][safepoint    ] Safepoint "Cleanup", Time since last: 1000471500 ns, Reaching safepoint: 186700 ns, At safepoint: 31800 ns, Total: 218500 ns
[2020-04-26T15:02:29.329+0000][1][safepoint    ] Safepoint "Cleanup", Time since last: 1001122300 ns, Reaching safepoint: 205400 ns, At safepoint: 38700 ns, Total: 244100 ns
[2020-04-26T15:02:30.330+0000][1][safepoint    ] Safepoint "Cleanup", Time since last: 1000339200 ns, Reaching safepoint: 594200 ns, At safepoint: 145000 ns, Total: 739200 ns
[2020-04-26T15:02:31.331+0000][1][safepoint    ] Safepoint "Cleanup", Time since last: 1000276300 ns, Reaching safepoint: 518600 ns, At safepoint: 202500 ns, Total: 721100 ns
[2020-04-26T15:02:32.331+0000][1][safepoint    ] Safepoint "Cleanup", Time since last: 1000369900 ns, Reaching safepoint: 150200 ns, At safepoint: 29000 ns, Total: 179200 ns
[2020-04-26T15:02:33.332+0000][1][safepoint    ] Safepoint "Cleanup", Time since last: 1000310500 ns, Reaching safepoint: 363800 ns, At safepoint: 109400 ns, Total: 473200 ns
[2020-04-26T15:02:34.333+0000][1][safepoint    ] Safepoint "Cleanup", Time since last: 1000304100 ns, Reaching safepoint: 161100 ns, At safepoint: 40300 ns, Total: 201400 ns
[2020-04-26T15:02:35.334+0000][1][safepoint    ] Safepoint "Cleanup", Time since last: 1000241400 ns, Reaching safepoint: 516500 ns, At safepoint: 60900 ns, Total: 577400 ns
[2020-04-26T15:02:36.334+0000][1][safepoint    ] Safepoint "Cleanup", Time since last: 1000233100 ns, Reaching safepoint: 159500 ns, At safepoint: 29300 ns, Total: 188800 ns
[2020-04-26T15:02:37.335+0000][1][safepoint    ] Safepoint "Cleanup", Time since last: 1000274600 ns, Reaching safepoint: 498500 ns, At safepoint: 86800 ns, Total: 585300 ns
[2020-04-26T15:02:38.335+0000][1][safepoint    ] Safepoint "Cleanup", Time since last: 1000223100 ns, Reaching safepoint: 151200 ns, At safepoint: 30100 ns, Total: 181300 ns
[2020-04-26T15:02:39.336+0000][1][safepoint    ] Safepoint "Cleanup", Time since last: 1000138800 ns, Reaching safepoint: 148400 ns, At safepoint: 32800 ns, Total: 181200 ns
[2020-04-26T15:02:40.336+0000][1][safepoint    ] Safepoint "Cleanup", Time since last: 1000203000 ns, Reaching safepoint: 220800 ns, At safepoint: 54100 ns, Total: 274900 ns
[2020-04-26T15:02:41.337+0000][1][safepoint    ] Safepoint "Cleanup", Time since last: 1000548200 ns, Reaching safepoint: 399000 ns, At safepoint: 109800 ns, Total: 508800 ns
[2020-04-26T15:02:42.338+0000][1][safepoint    ] Safepoint "Cleanup", Time since last: 1000259200 ns, Reaching safepoint: 272900 ns, At safepoint: 59400 ns, Total: 332300 ns
[2020-04-26T15:02:43.338+0000][1][safepoint    ] Safepoint "Cleanup", Time since last: 1000374400 ns, Reaching safepoint: 280700 ns, At safepoint: 49700 ns, Total: 330400 ns
[2020-04-26T15:02:44.339+0000][1][safepoint    ] Safepoint "Cleanup", Time since last: 1000235700 ns, Reaching safepoint: 266800 ns, At safepoint: 56600 ns, Total: 323400 ns
[2020-04-26T15:02:45.340+0000][1][safepoint    ] Safepoint "Cleanup", Time since last: 1000454800 ns, Reaching safepoint: 494800 ns, At safepoint: 142700 ns, Total: 637500 ns
[2020-04-26T15:02:46.341+0000][1][safepoint    ] Safepoint "Cleanup", Time since last: 1000580000 ns, Reaching safepoint: 261600 ns, At safepoint: 72500 ns, Total: 334100 ns
[2020-04-26T15:02:47.342+0000][1][safepoint    ] Safepoint "Cleanup", Time since last: 1000467000 ns, Reaching safepoint: 512300 ns, At safepoint: 145600 ns, Total: 657900 ns
[2020-04-26T15:02:48.344+0000][1][safepoint    ] Safepoint "Cleanup", Time since last: 1000715400 ns, Reaching safepoint: 516800 ns, At safepoint: 154500 ns, Total: 671300 ns
[2020-04-26T15:02:49.345+0000][1][safepoint    ] Safepoint "Cleanup", Time since last: 1000398100 ns, Reaching safepoint: 593100 ns, At safepoint: 133300 ns, Total: 726400 ns
[2020-04-26T15:02:50.345+0000][1][safepoint    ] Safepoint "Cleanup", Time since last: 1000284100 ns, Reaching safepoint: 328800 ns, At safepoint: 72700 ns, Total: 401500 ns
[2020-04-26T15:02:51.346+0000][1][safepoint    ] Safepoint "Cleanup", Time since last: 1000225100 ns, Reaching safepoint: 316100 ns, At safepoint: 84400 ns, Total: 400500 ns
[2020-04-26T15:02:52.346+0000][1][safepoint    ] Safepoint "Cleanup", Time since last: 1000261500 ns, Reaching safepoint: 154700 ns, At safepoint: 34900 ns, Total: 189600 ns
[2020-04-26T15:02:53.347+0000][1][safepoint    ] Safepoint "Cleanup", Time since last: 1000127200 ns, Reaching safepoint: 145600 ns, At safepoint: 32200 ns, Total: 177800 ns
[2020-04-26T15:02:54.347+0000][1][safepoint    ] Safepoint "Cleanup", Time since last: 1000179300 ns, Reaching safepoint: 155000 ns, At safepoint: 39600 ns, Total: 194600 ns
[2020-04-26T15:02:55.347+0000][1][safepoint    ] Safepoint "Cleanup", Time since last: 1000172500 ns, Reaching safepoint: 152700 ns, At safepoint: 30900 ns, Total: 183600 ns
[2020-04-26T15:02:56.348+0000][1][safepoint    ] Safepoint "Cleanup", Time since last: 1000227300 ns, Reaching safepoint: 237600 ns, At safepoint: 41500 ns, Total: 279100 ns
[2020-04-26T15:02:57.349+0000][1][safepoint    ] Safepoint "Cleanup", Time since last: 1000239700 ns, Reaching safepoint: 320400 ns, At safepoint: 38600 ns, Total: 359000 ns
[2020-04-26T15:02:58.349+0000][1][safepoint    ] Safepoint "Cleanup", Time since last: 1000214100 ns, Reaching safepoint: 244600 ns, At safepoint: 44800 ns, Total: 289400 ns
[2020-04-26T15:02:59.350+0000][1][safepoint    ] Safepoint "Cleanup", Time since last: 1000327300 ns, Reaching safepoint: 242800 ns, At safepoint: 43300 ns, Total: 286100 ns
[2020-04-26T15:03:00.350+0000][1][safepoint    ] Safepoint "Cleanup", Time since last: 1000225600 ns, Reaching safepoint: 255800 ns, At safepoint: 64200 ns, Total: 320000 ns
[2020-04-26T15:03:01.351+0000][1][safepoint    ] Safepoint "Cleanup", Time since last: 1000235800 ns, Reaching safepoint: 197600 ns, At safepoint: 43800 ns, Total: 241400 ns
[2020-04-26T15:03:02.351+0000][1][safepoint    ] Safepoint "Cleanup", Time since last: 1000192500 ns, Reaching safepoint: 176300 ns, At safepoint: 39700 ns, Total: 216000 ns
[2020-04-26T15:03:03.352+0000][1][safepoint    ] Safepoint "Cleanup", Time since last: 1000496300 ns, Reaching safepoint: 157000 ns, At safepoint: 35200 ns, Total: 192200 ns
[2020-04-26T15:03:04.352+0000][1][safepoint    ] Safepoint "Cleanup", Time since last: 1000142300 ns, Reaching safepoint: 192800 ns, At safepoint: 40300 ns, Total: 233100 ns
[2020-04-26T15:03:05.353+0000][1][safepoint    ] Safepoint "Cleanup", Time since last: 1000207100 ns, Reaching safepoint: 187300 ns, At safepoint: 38800 ns, Total: 226100 ns
[2020-04-26T15:03:06.354+0000][1][safepoint    ] Safepoint "Cleanup", Time since last: 1000605900 ns, Reaching safepoint: 299700 ns, At safepoint: 40600 ns, Total: 340300 ns
[2020-04-26T15:03:07.354+0000][1][safepoint    ] Safepoint "Cleanup", Time since last: 1000443400 ns, Reaching safepoint: 312100 ns, At safepoint: 61500 ns, Total: 373600 ns
[2020-04-26T15:03:08.355+0000][1][safepoint    ] Safepoint "Cleanup", Time since last: 1000502300 ns, Reaching safepoint: 275400 ns, At safepoint: 69900 ns, Total: 345300 ns
[2020-04-26T15:03:09.356+0000][1][safepoint    ] Safepoint "Cleanup", Time since last: 1000155100 ns, Reaching safepoint: 258600 ns, At safepoint: 49000 ns, Total: 307600 ns
[2020-04-26T15:03:09.380+0000][1][safepoint    ] Safepoint "RevokeBias", Time since last: 24363400 ns, Reaching safepoint: 222100 ns, At safepoint: 91100 ns, Total: 313200 ns
[2020-04-26T15:03:09.381+0000][1][safepoint    ] Safepoint "RevokeBias", Time since last: 283200 ns, Reaching safepoint: 235300 ns, At safepoint: 129500 ns, Total: 364800 ns
[2020-04-26T15:03:09.382+0000][1][safepoint    ] Safepoint "RevokeBias", Time since last: 166000 ns, Reaching safepoint: 237500 ns, At safepoint: 132100 ns, Total: 369600 ns
[2020-04-26T15:03:09.387+0000][1][safepoint    ] Safepoint "BulkRevokeBias", Time since last: 4995500 ns, Reaching safepoint: 146100 ns, At safepoint: 706600 ns, Total: 852700 ns
[2020-04-26T15:03:09.388+0000][1][safepoint    ] Safepoint "RevokeBias", Time since last: 237900 ns, Reaching safepoint: 186600 ns, At safepoint: 91900 ns, Total: 278500 ns
[2020-04-26T15:03:09.388+0000][1][safepoint    ] Safepoint "RevokeBias", Time since last: 226800 ns, Reaching safepoint: 234700 ns, At safepoint: 89300 ns, Total: 324000 ns
[2020-04-26T15:03:10.389+0000][1][safepoint    ] Safepoint "Cleanup", Time since last: 1000183300 ns, Reaching safepoint: 148200 ns, At safepoint: 27300 ns, Total: 175500 ns
[2020-04-26T15:03:11.389+0000][1][safepoint    ] Safepoint "Cleanup", Time since last: 1000147500 ns, Reaching safepoint: 148400 ns, At safepoint: 27200 ns, Total: 175600 ns
[2020-04-26T15:03:12.389+0000][1][safepoint    ] Safepoint "Cleanup", Time since last: 1000156100 ns, Reaching safepoint: 142500 ns, At safepoint: 26800 ns, Total: 169300 ns
[2020-04-26T15:03:13.390+0000][1][safepoint    ] Safepoint "Cleanup", Time since last: 1000146000 ns, Reaching safepoint: 146200 ns, At safepoint: 27200 ns, Total: 173400 ns
[2020-04-26T15:03:14.390+0000][1][safepoint    ] Safepoint "Cleanup", Time since last: 1000131700 ns, Reaching safepoint: 263000 ns, At safepoint: 28000 ns, Total: 291000 ns
[2020-04-26T15:03:15.391+0000][1][safepoint    ] Safepoint "Cleanup", Time since last: 1000196400 ns, Reaching safepoint: 204800 ns, At safepoint: 33000 ns, Total: 237800 ns
[2020-04-26T15:03:16.391+0000][1][safepoint    ] Safepoint "Cleanup", Time since last: 1000176600 ns, Reaching safepoint: 202500 ns, At safepoint: 33900 ns, Total: 236400 ns
[2020-04-26T15:03:17.391+0000][1][safepoint    ] Safepoint "Cleanup", Time since last: 1000165100 ns, Reaching safepoint: 145300 ns, At safepoint: 30000 ns, Total: 175300 ns
[2020-04-26T15:03:18.392+0000][1][safepoint    ] Safepoint "Cleanup", Time since last: 1000145600 ns, Reaching safepoint: 213100 ns, At safepoint: 50300 ns, Total: 263400 ns
[2020-04-26T15:03:19.392+0000][1][safepoint    ] Safepoint "Cleanup", Time since last: 1000154200 ns, Reaching safepoint: 139900 ns, At safepoint: 29100 ns, Total: 169000 ns
[2020-04-26T15:03:20.393+0000][1][safepoint    ] Safepoint "Cleanup", Time since last: 1000190600 ns, Reaching safepoint: 196400 ns, At safepoint: 33600 ns, Total: 230000 ns
[2020-04-26T15:03:21.393+0000][1][safepoint    ] Safepoint "Cleanup", Time since last: 1000207700 ns, Reaching safepoint: 238800 ns, At safepoint: 51900 ns, Total: 290700 ns
[2020-04-26T15:03:22.393+0000][1][safepoint    ] Safepoint "Cleanup", Time since last: 1000189400 ns, Reaching safepoint: 210800 ns, At safepoint: 34400 ns, Total: 245200 ns
[2020-04-26T15:03:23.394+0000][1][safepoint    ] Safepoint "Cleanup", Time since last: 1000174700 ns, Reaching safepoint: 281200 ns, At safepoint: 85700 ns, Total: 366900 ns
[2020-04-26T15:03:24.394+0000][1][safepoint    ] Safepoint "Cleanup", Time since last: 1000150400 ns, Reaching safepoint: 213000 ns, At safepoint: 33600 ns, Total: 246600 ns
[2020-04-26T15:03:25.395+0000][1][safepoint    ] Safepoint "Cleanup", Time since last: 1000256900 ns, Reaching safepoint: 196300 ns, At safepoint: 71000 ns, Total: 267300 ns
[2020-04-26T15:03:26.396+0000][1][safepoint    ] Safepoint "Cleanup", Time since last: 1000589600 ns, Reaching safepoint: 503600 ns, At safepoint: 152900 ns, Total: 656500 ns
[2020-04-26T15:03:27.397+0000][1][safepoint    ] Safepoint "Cleanup", Time since last: 1000339800 ns, Reaching safepoint: 151800 ns, At safepoint: 30200 ns, Total: 182000 ns
[2020-04-26T15:03:28.397+0000][1][safepoint    ] Safepoint "Cleanup", Time since last: 1000254300 ns, Reaching safepoint: 307300 ns, At safepoint: 71900 ns, Total: 379200 ns
[2020-04-26T15:03:29.398+0000][1][safepoint    ] Safepoint "Cleanup", Time since last: 1000215500 ns, Reaching safepoint: 155300 ns, At safepoint: 29000 ns, Total: 184300 ns
[2020-04-26T15:03:30.399+0000][1][safepoint    ] Safepoint "Cleanup", Time since last: 1000329700 ns, Reaching safepoint: 618000 ns, At safepoint: 177200 ns, Total: 795200 ns
[2020-04-26T15:03:31.400+0000][1][safepoint    ] Safepoint "Cleanup", Time since last: 1000628200 ns, Reaching safepoint: 448100 ns, At safepoint: 134900 ns, Total: 583000 ns
[2020-04-26T15:03:32.401+0000][1][safepoint    ] Safepoint "Cleanup", Time since last: 1000384700 ns, Reaching safepoint: 450800 ns, At safepoint: 186900 ns, Total: 637700 ns
[2020-04-26T15:03:33.402+0000][1][safepoint    ] Safepoint "Cleanup", Time since last: 1000706900 ns, Reaching safepoint: 193600 ns, At safepoint: 32300 ns, Total: 225900 ns
[2020-04-26T15:03:34.403+0000][1][safepoint    ] Safepoint "Cleanup", Time since last: 1000255000 ns, Reaching safepoint: 264600 ns, At safepoint: 44400 ns, Total: 309000 ns
[2020-04-26T15:03:35.403+0000][1][safepoint    ] Safepoint "Cleanup", Time since last: 1000296600 ns, Reaching safepoint: 280700 ns, At safepoint: 73900 ns, Total: 354600 ns
[2020-04-26T15:03:36.405+0000][1][safepoint    ] Safepoint "Cleanup", Time since last: 1000679500 ns, Reaching safepoint: 504600 ns, At safepoint: 158600 ns, Total: 663200 ns
[2020-04-26T15:03:37.406+0000][1][safepoint    ] Safepoint "Cleanup", Time since last: 1000337300 ns, Reaching safepoint: 544800 ns, At safepoint: 133300 ns, Total: 678100 ns
[2020-04-26T15:03:38.406+0000][1][safepoint    ] Safepoint "Cleanup", Time since last: 1000285700 ns, Reaching safepoint: 262800 ns, At safepoint: 68200 ns, Total: 331000 ns
[2020-04-26T15:03:39.407+0000][1][safepoint    ] Safepoint "Cleanup", Time since last: 1000297100 ns, Reaching safepoint: 150400 ns, At safepoint: 30400 ns, Total: 180800 ns
[2020-04-26T15:03:40.407+0000][1][safepoint    ] Safepoint "Cleanup", Time since last: 1000281000 ns, Reaching safepoint: 364500 ns, At safepoint: 71100 ns, Total: 435600 ns
[2020-04-26T15:03:41.408+0000][1][safepoint    ] Safepoint "Cleanup", Time since last: 1000369200 ns, Reaching safepoint: 386400 ns, At safepoint: 96700 ns, Total: 483100 ns
[2020-04-26T15:03:42.410+0000][1][safepoint    ] Safepoint "Cleanup", Time since last: 1000416400 ns, Reaching safepoint: 689300 ns, At safepoint: 159200 ns, Total: 848500 ns
[2020-04-26T15:03:43.410+0000][1][safepoint    ] Safepoint "Cleanup", Time since last: 1000217100 ns, Reaching safepoint: 149800 ns, At safepoint: 29700 ns, Total: 179500 ns
[2020-04-26T15:03:44.411+0000][1][safepoint    ] Safepoint "Cleanup", Time since last: 1000489800 ns, Reaching safepoint: 147000 ns, At safepoint: 32200 ns, Total: 179200 ns
[2020-04-26T15:03:45.411+0000][1][safepoint    ] Safepoint "Cleanup", Time since last: 1000666800 ns, Reaching safepoint: 167400 ns, At safepoint: 32200 ns, Total: 199600 ns
[2020-04-26T15:03:46.412+0000][1][safepoint    ] Safepoint "Cleanup", Time since last: 1000462800 ns, Reaching safepoint: 302300 ns, At safepoint: 93500 ns, Total: 395800 ns
[2020-04-26T15:03:47.413+0000][1][safepoint    ] Safepoint "Cleanup", Time since last: 1000204700 ns, Reaching safepoint: 148600 ns, At safepoint: 29700 ns, Total: 178300 ns
[2020-04-26T15:03:48.894+0000][1][safepoint    ] Safepoint "RevokeBias", Time since last: 1481221800 ns, Reaching safepoint: 442800 ns, At safepoint: 96200 ns, Total: 539000 ns
[2020-04-26T15:03:48.895+0000][1][safepoint    ] Safepoint "RevokeBias", Time since last: 198900 ns, Reaching safepoint: 290500 ns, At safepoint: 66700 ns, Total: 357200 ns
[2020-04-26T15:03:48.895+0000][1][safepoint    ] Safepoint "RevokeBias", Time since last: 223200 ns, Reaching safepoint: 81100 ns, At safepoint: 39000 ns, Total: 120100 ns
[2020-04-26T15:03:48.896+0000][1][safepoint    ] Safepoint "RevokeBias", Time since last: 182800 ns, Reaching safepoint: 203300 ns, At safepoint: 62200 ns, Total: 265500 ns
[2020-04-26T15:03:50.896+0000][1][safepoint    ] Safepoint "Cleanup", Time since last: 2000353300 ns, Reaching safepoint: 249500 ns, At safepoint: 65100 ns, Total: 314600 ns
[2020-04-26T15:03:52.897+0000][1][safepoint    ] Safepoint "Cleanup", Time since last: 2000475200 ns, Reaching safepoint: 174700 ns, At safepoint: 35400 ns, Total: 210100 ns
[2020-04-26T15:03:56.898+0000][1][safepoint    ] Safepoint "Cleanup", Time since last: 4000552600 ns, Reaching safepoint: 144500 ns, At safepoint: 30300 ns, Total: 174800 ns
[2020-04-26T15:03:57.898+0000][1][safepoint    ] Safepoint "Cleanup", Time since last: 1000200400 ns, Reaching safepoint: 148200 ns, At safepoint: 27900 ns, Total: 176100 ns
[2020-04-26T15:03:58.896+0000][1][safepoint    ] Safepoint "RevokeBias", Time since last: 997340100 ns, Reaching safepoint: 146200 ns, At safepoint: 41700 ns, Total: 187900 ns
[2020-04-26T15:03:58.896+0000][1][safepoint    ] Safepoint "RevokeBias", Time since last: 253100 ns, Reaching safepoint: 87800 ns, At safepoint: 47500 ns, Total: 135300 ns
[2020-04-26T15:03:59.897+0000][1][safepoint    ] Safepoint "Cleanup", Time since last: 1000253000 ns, Reaching safepoint: 190600 ns, At safepoint: 28100 ns, Total: 218700 ns
[2020-04-26T15:04:00.897+0000][1][safepoint    ] Safepoint "Cleanup", Time since last: 1000189800 ns, Reaching safepoint: 205000 ns, At safepoint: 42500 ns, Total: 247500 ns
[2020-04-26T15:04:02.898+0000][1][safepoint    ] Safepoint "Cleanup", Time since last: 2000290000 ns, Reaching safepoint: 144700 ns, At safepoint: 33600 ns, Total: 178300 ns
[2020-04-26T15:04:05.008+0000][1][gc,start     ] GC(20) Pause Young (Allocation Failure)
[2020-04-26T15:04:05.009+0000][1][gc,task      ] GC(20) Using 10 workers of 10 for evacuation
[2020-04-26T15:04:05.013+0000][1][gc,age       ] GC(20) Desired survivor size 8945664 bytes, new threshold 6 (max threshold 6)
[2020-04-26T15:04:05.013+0000][1][gc,age       ] GC(20) Age table with threshold 6 (max threshold 6)
[2020-04-26T15:04:05.013+0000][1][gc,age       ] GC(20) - age   1:     372128 bytes,     372128 total
[2020-04-26T15:04:05.013+0000][1][gc,age       ] GC(20) - age   2:    1535160 bytes,    1907288 total
[2020-04-26T15:04:05.013+0000][1][gc,age       ] GC(20) - age   3:    3933888 bytes,    5841176 total
[2020-04-26T15:04:05.013+0000][1][gc,heap      ] GC(20) ParNew: 147011K->8489K(157248K)
[2020-04-26T15:04:05.013+0000][1][gc,heap      ] GC(20) CMS: 76068K->76068K(349568K)
[2020-04-26T15:04:05.013+0000][1][gc,metaspace ] GC(20) Metaspace: 92664K->92664K(1134592K)
[2020-04-26T15:04:05.013+0000][1][gc           ] GC(20) Pause Young (Allocation Failure) 217M->82M(494M) 4.702ms
[2020-04-26T15:04:05.013+0000][1][gc,cpu       ] GC(20) User=0.02s Sys=0.00s Real=0.00s
[2020-04-26T15:04:05.013+0000][1][safepoint    ] Safepoint "GenCollectForAllocation", Time since last: 2110733500 ns, Reaching safepoint: 156700 ns, At safepoint: 4782000 ns, Total: 4938700 ns
[2020-04-26T15:04:06.014+0000][1][safepoint    ] Safepoint "Cleanup", Time since last: 1000186100 ns, Reaching safepoint: 147000 ns, At safepoint: 27700 ns, Total: 174700 ns
[2020-04-26T15:04:08.014+0000][1][safepoint    ] Safepoint "Cleanup", Time since last: 2000336000 ns, Reaching safepoint: 172500 ns, At safepoint: 26500 ns, Total: 199000 ns
[2020-04-26T15:04:09.014+0000][1][safepoint    ] Safepoint "Cleanup", Time since last: 1000203400 ns, Reaching safepoint: 154600 ns, At safepoint: 29400 ns, Total: 184000 ns
[2020-04-26T15:04:09.443+0000][1][safepoint    ] Safepoint "RevokeBias", Time since last: 428705700 ns, Reaching safepoint: 135400 ns, At safepoint: 108400 ns, Total: 243800 ns
[2020-04-26T15:04:09.444+0000][1][safepoint    ] Safepoint "RevokeBias", Time since last: 234600 ns, Reaching safepoint: 216500 ns, At safepoint: 89600 ns, Total: 306100 ns
[2020-04-26T15:04:09.445+0000][1][safepoint    ] Safepoint "RevokeBias", Time since last: 342800 ns, Reaching safepoint: 182600 ns, At safepoint: 114300 ns, Total: 296900 ns
[2020-04-26T15:04:09.445+0000][1][safepoint    ] Safepoint "RevokeBias", Time since last: 402500 ns, Reaching safepoint: 238300 ns, At safepoint: 90100 ns, Total: 328400 ns
[2020-04-26T15:04:09.446+0000][1][safepoint    ] Safepoint "RevokeBias", Time since last: 179300 ns, Reaching safepoint: 79400 ns, At safepoint: 60200 ns, Total: 139600 ns
[2020-04-26T15:04:09.446+0000][1][safepoint    ] Safepoint "RevokeBias", Time since last: 159500 ns, Reaching safepoint: 211500 ns, At safepoint: 101400 ns, Total: 312900 ns
[2020-04-26T15:04:09.447+0000][1][safepoint    ] Safepoint "RevokeBias", Time since last: 182300 ns, Reaching safepoint: 208700 ns, At safepoint: 93300 ns, Total: 302000 ns
[2020-04-26T15:04:09.447+0000][1][safepoint    ] Safepoint "RevokeBias", Time since last: 117200 ns, Reaching safepoint: 302100 ns, At safepoint: 166600 ns, Total: 468700 ns
[2020-04-26T15:04:09.448+0000][1][safepoint    ] Safepoint "RevokeBias", Time since last: 192900 ns, Reaching safepoint: 179300 ns, At safepoint: 113400 ns, Total: 292700 ns
[2020-04-26T15:04:09.454+0000][1][safepoint    ] Safepoint "RevokeBias", Time since last: 5831400 ns, Reaching safepoint: 153400 ns, At safepoint: 59300 ns, Total: 212700 ns
[2020-04-26T15:04:09.454+0000][1][safepoint    ] Safepoint "RevokeBias", Time since last: 217900 ns, Reaching safepoint: 107500 ns, At safepoint: 94800 ns, Total: 202300 ns
[2020-04-26T15:04:09.455+0000][1][safepoint    ] Safepoint "RevokeBias", Time since last: 280100 ns, Reaching safepoint: 291500 ns, At safepoint: 109900 ns, Total: 401400 ns
[2020-04-26T15:04:10.455+0000][1][safepoint    ] Safepoint "Cleanup", Time since last: 1000160100 ns, Reaching safepoint: 145800 ns, At safepoint: 48400 ns, Total: 194200 ns
[2020-04-26T15:04:11.455+0000][1][safepoint    ] Safepoint "Cleanup", Time since last: 1000108100 ns, Reaching safepoint: 132800 ns, At safepoint: 25600 ns, Total: 158400 ns
[2020-04-26T15:04:15.456+0000][1][safepoint    ] Safepoint "Cleanup", Time since last: 4000472000 ns, Reaching safepoint: 136400 ns, At safepoint: 25900 ns, Total: 162300 ns
[2020-04-26T15:04:17.457+0000][1][safepoint    ] Safepoint "Cleanup", Time since last: 2000281800 ns, Reaching safepoint: 150500 ns, At safepoint: 27900 ns, Total: 178400 ns
[2020-04-26T15:04:19.457+0000][1][safepoint    ] Safepoint "Cleanup", Time since last: 2000293500 ns, Reaching safepoint: 145100 ns, At safepoint: 29400 ns, Total: 174500 ns
[2020-04-26T15:04:23.458+0000][1][safepoint    ] Safepoint "Cleanup", Time since last: 4000585800 ns, Reaching safepoint: 148600 ns, At safepoint: 29900 ns, Total: 178500 ns
[2020-04-26T15:04:25.458+0000][1][safepoint    ] Safepoint "Cleanup", Time since last: 2000280000 ns, Reaching safepoint: 158100 ns, At safepoint: 29800 ns, Total: 187900 ns
[2020-04-26T15:04:26.459+0000][1][safepoint    ] Safepoint "Cleanup", Time since last: 1000169200 ns, Reaching safepoint: 144200 ns, At safepoint: 31100 ns, Total: 175300 ns
[2020-04-26T15:04:29.459+0000][1][safepoint    ] Safepoint "Cleanup", Time since last: 3000392300 ns, Reaching safepoint: 207500 ns, At safepoint: 41200 ns, Total: 248700 ns
[2020-04-26T15:04:30.460+0000][1][safepoint    ] Safepoint "Cleanup", Time since last: 1000178000 ns, Reaching safepoint: 143200 ns, At safepoint: 30500 ns, Total: 173700 ns
[2020-04-26T15:04:32.460+0000][1][safepoint    ] Safepoint "Cleanup", Time since last: 2000314200 ns, Reaching safepoint: 143800 ns, At safepoint: 30000 ns, Total: 173800 ns
[2020-04-26T15:04:33.461+0000][1][safepoint    ] Safepoint "Cleanup", Time since last: 1000245300 ns, Reaching safepoint: 183300 ns, At safepoint: 28100 ns, Total: 211400 ns
[2020-04-26T15:04:35.461+0000][1][safepoint    ] Safepoint "Cleanup", Time since last: 2000313100 ns, Reaching safepoint: 152400 ns, At safepoint: 31200 ns, Total: 183600 ns
[2020-04-26T15:04:37.462+0000][1][safepoint    ] Safepoint "Cleanup", Time since last: 2000282200 ns, Reaching safepoint: 151600 ns, At safepoint: 28200 ns, Total: 179800 ns
[2020-04-26T15:04:41.463+0000][1][safepoint    ] Safepoint "Cleanup", Time since last: 4001192200 ns, Reaching safepoint: 184600 ns, At safepoint: 66800 ns, Total: 251400 ns
[2020-04-26T15:04:44.464+0000][1][safepoint    ] Safepoint "Cleanup", Time since last: 3000610700 ns, Reaching safepoint: 160500 ns, At safepoint: 31900 ns, Total: 192400 ns
[2020-04-26T15:04:45.465+0000][1][safepoint    ] Safepoint "Cleanup", Time since last: 1000285900 ns, Reaching safepoint: 541100 ns, At safepoint: 150600 ns, Total: 691700 ns
[2020-04-26T15:04:47.466+0000][1][safepoint    ] Safepoint "Cleanup", Time since last: 2000808400 ns, Reaching safepoint: 238500 ns, At safepoint: 58600 ns, Total: 297100 ns
[2020-04-26T15:04:49.467+0000][1][safepoint    ] Safepoint "Cleanup", Time since last: 2000809900 ns, Reaching safepoint: 491200 ns, At safepoint: 143300 ns, Total: 634500 ns
[2020-04-26T15:04:50.468+0000][1][safepoint    ] Safepoint "Cleanup", Time since last: 1000444900 ns, Reaching safepoint: 547500 ns, At safepoint: 175700 ns, Total: 723200 ns
[2020-04-26T15:04:53.470+0000][1][safepoint    ] Safepoint "Cleanup", Time since last: 3001149200 ns, Reaching safepoint: 452500 ns, At safepoint: 127200 ns, Total: 579700 ns
[2020-04-26T15:04:55.471+0000][1][safepoint    ] Safepoint "Cleanup", Time since last: 2000362700 ns, Reaching safepoint: 164100 ns, At safepoint: 32300 ns, Total: 196400 ns
[2020-04-26T15:04:59.474+0000][1][safepoint    ] Safepoint "Cleanup", Time since last: 4002338400 ns, Reaching safepoint: 461900 ns, At safepoint: 124900 ns, Total: 586800 ns
[2020-04-26T15:05:02.476+0000][1][safepoint    ] Safepoint "Cleanup", Time since last: 3001317900 ns, Reaching safepoint: 489100 ns, At safepoint: 139000 ns, Total: 628100 ns
[2020-04-26T15:05:03.476+0000][1][safepoint    ] Safepoint "Cleanup", Time since last: 1000547700 ns, Reaching safepoint: 144100 ns, At safepoint: 32500 ns, Total: 176600 ns
[2020-04-26T15:05:05.092+0000][1][safepoint    ] Safepoint "Cleanup", Time since last: 1615851700 ns, Reaching safepoint: 118500 ns, At safepoint: 52100 ns, Total: 170600 ns
[2020-04-26T15:05:08.094+0000][1][safepoint    ] Safepoint "Cleanup", Time since last: 3001627800 ns, Reaching safepoint: 187500 ns, At safepoint: 41300 ns, Total: 228800 ns
[2020-04-26T15:05:09.505+0000][1][safepoint    ] Safepoint "RevokeBias", Time since last: 1410638000 ns, Reaching safepoint: 144100 ns, At safepoint: 102200 ns, Total: 246300 ns
[2020-04-26T15:05:09.506+0000][1][safepoint    ] Safepoint "RevokeBias", Time since last: 201700 ns, Reaching safepoint: 188100 ns, At safepoint: 79600 ns, Total: 267700 ns
[2020-04-26T15:05:09.506+0000][1][safepoint    ] Safepoint "RevokeBias", Time since last: 331300 ns, Reaching safepoint: 212900 ns, At safepoint: 128100 ns, Total: 341000 ns
[2020-04-26T15:05:09.511+0000][1][safepoint    ] Safepoint "RevokeBias", Time since last: 4469300 ns, Reaching safepoint: 143100 ns, At safepoint: 71900 ns, Total: 215000 ns
[2020-04-26T15:05:09.514+0000][1][safepoint    ] Safepoint "RevokeBias", Time since last: 3089500 ns, Reaching safepoint: 215000 ns, At safepoint: 109600 ns, Total: 324600 ns
[2020-04-26T15:05:10.515+0000][1][safepoint    ] Safepoint "Cleanup", Time since last: 1000226500 ns, Reaching safepoint: 160300 ns, At safepoint: 28500 ns, Total: 188800 ns
[2020-04-26T15:05:11.515+0000][1][safepoint    ] Safepoint "Cleanup", Time since last: 1000189100 ns, Reaching safepoint: 148300 ns, At safepoint: 28100 ns, Total: 176400 ns
[2020-04-26T15:05:12.515+0000][1][safepoint    ] Safepoint "Cleanup", Time since last: 1000186700 ns, Reaching safepoint: 138300 ns, At safepoint: 29000 ns, Total: 167300 ns
[2020-04-26T15:05:13.516+0000][1][safepoint    ] Safepoint "Cleanup", Time since last: 1000212800 ns, Reaching safepoint: 244400 ns, At safepoint: 41800 ns, Total: 286200 ns
[2020-04-26T15:05:14.516+0000][1][safepoint    ] Safepoint "Cleanup", Time since last: 1000204400 ns, Reaching safepoint: 205700 ns, At safepoint: 31400 ns, Total: 237100 ns
[2020-04-26T15:05:15.517+0000][1][safepoint    ] Safepoint "Cleanup", Time since last: 1000177000 ns, Reaching safepoint: 182200 ns, At safepoint: 29500 ns, Total: 211700 ns
[2020-04-26T15:05:16.517+0000][1][safepoint    ] Safepoint "Cleanup", Time since last: 1000110000 ns, Reaching safepoint: 137500 ns, At safepoint: 29400 ns, Total: 166900 ns
[2020-04-26T15:05:17.517+0000][1][safepoint    ] Safepoint "Cleanup", Time since last: 1000162300 ns, Reaching safepoint: 142500 ns, At safepoint: 27800 ns, Total: 170300 ns
[2020-04-26T15:05:18.518+0000][1][safepoint    ] Safepoint "Cleanup", Time since last: 1000142000 ns, Reaching safepoint: 134200 ns, At safepoint: 27700 ns, Total: 161900 ns
[2020-04-26T15:05:19.518+0000][1][safepoint    ] Safepoint "Cleanup", Time since last: 1000136100 ns, Reaching safepoint: 189700 ns, At safepoint: 53300 ns, Total: 243000 ns
[2020-04-26T15:05:20.518+0000][1][safepoint    ] Safepoint "Cleanup", Time since last: 1000159200 ns, Reaching safepoint: 177600 ns, At safepoint: 26100 ns, Total: 203700 ns
[2020-04-26T15:05:21.519+0000][1][safepoint    ] Safepoint "Cleanup", Time since last: 1000173600 ns, Reaching safepoint: 146400 ns, At safepoint: 50300 ns, Total: 196700 ns
[2020-04-26T15:05:22.519+0000][1][safepoint    ] Safepoint "Cleanup", Time since last: 1000215300 ns, Reaching safepoint: 143300 ns, At safepoint: 30500 ns, Total: 173800 ns
[2020-04-26T15:05:23.520+0000][1][safepoint    ] Safepoint "Cleanup", Time since last: 1000164200 ns, Reaching safepoint: 141100 ns, At safepoint: 28300 ns, Total: 169400 ns
[2020-04-26T15:05:24.520+0000][1][safepoint    ] Safepoint "Cleanup", Time since last: 1000238800 ns, Reaching safepoint: 192600 ns, At safepoint: 35300 ns, Total: 227900 ns
[2020-04-26T15:05:25.520+0000][1][safepoint    ] Safepoint "Cleanup", Time since last: 1000223900 ns, Reaching safepoint: 141300 ns, At safepoint: 27100 ns, Total: 168400 ns
[2020-04-26T15:05:26.521+0000][1][safepoint    ] Safepoint "Cleanup", Time since last: 1000175200 ns, Reaching safepoint: 138900 ns, At safepoint: 29900 ns, Total: 168800 ns
[2020-04-26T15:05:27.521+0000][1][safepoint    ] Safepoint "Cleanup", Time since last: 1000213600 ns, Reaching safepoint: 142300 ns, At safepoint: 30800 ns, Total: 173100 ns
[2020-04-26T15:05:28.521+0000][1][safepoint    ] Safepoint "Cleanup", Time since last: 1000175400 ns, Reaching safepoint: 142000 ns, At safepoint: 28300 ns, Total: 170300 ns
[2020-04-26T15:05:29.522+0000][1][safepoint    ] Safepoint "Cleanup", Time since last: 1000160500 ns, Reaching safepoint: 157700 ns, At safepoint: 28600 ns, Total: 186300 ns
[2020-04-26T15:05:30.522+0000][1][safepoint    ] Safepoint "Cleanup", Time since last: 1000185800 ns, Reaching safepoint: 157100 ns, At safepoint: 30400 ns, Total: 187500 ns
[2020-04-26T15:05:31.523+0000][1][safepoint    ] Safepoint "Cleanup", Time since last: 1000146100 ns, Reaching safepoint: 143200 ns, At safepoint: 28900 ns, Total: 172100 ns
[2020-04-26T15:05:32.523+0000][1][safepoint    ] Safepoint "Cleanup", Time since last: 1000192800 ns, Reaching safepoint: 150100 ns, At safepoint: 29300 ns, Total: 179400 ns
[2020-04-26T15:05:33.523+0000][1][safepoint    ] Safepoint "Cleanup", Time since last: 1000189100 ns, Reaching safepoint: 145400 ns, At safepoint: 31500 ns, Total: 176900 ns
[2020-04-26T15:05:34.524+0000][1][safepoint    ] Safepoint "Cleanup", Time since last: 1000162800 ns, Reaching safepoint: 261100 ns, At safepoint: 30600 ns, Total: 291700 ns
[2020-04-26T15:05:35.524+0000][1][safepoint    ] Safepoint "Cleanup", Time since last: 1000149200 ns, Reaching safepoint: 147700 ns, At safepoint: 28600 ns, Total: 176300 ns
[2020-04-26T15:05:36.524+0000][1][safepoint    ] Safepoint "Cleanup", Time since last: 1000176400 ns, Reaching safepoint: 179600 ns, At safepoint: 33600 ns, Total: 213200 ns
[2020-04-26T15:05:38.525+0000][1][safepoint    ] Safepoint "Cleanup", Time since last: 2000428000 ns, Reaching safepoint: 134600 ns, At safepoint: 29900 ns, Total: 164500 ns
[2020-04-26T15:05:38.919+0000][1][safepoint    ] Safepoint "RevokeBias", Time since last: 393388400 ns, Reaching safepoint: 143300 ns, At safepoint: 39700 ns, Total: 183000 ns
[2020-04-26T15:05:38.933+0000][1][safepoint    ] Safepoint "RevokeBias", Time since last: 14277700 ns, Reaching safepoint: 139800 ns, At safepoint: 39900 ns, Total: 179700 ns
[2020-04-26T15:05:38.934+0000][1][safepoint    ] Safepoint "RevokeBias", Time since last: 461800 ns, Reaching safepoint: 120200 ns, At safepoint: 56800 ns, Total: 177000 ns
[2020-04-26T15:05:38.937+0000][1][safepoint    ] Safepoint "RevokeBias", Time since last: 2816300 ns, Reaching safepoint: 122400 ns, At safepoint: 55500 ns, Total: 177900 ns
[2020-04-26T15:05:38.937+0000][1][safepoint    ] Safepoint "RevokeBias", Time since last: 126600 ns, Reaching safepoint: 88400 ns, At safepoint: 48600 ns, Total: 137000 ns
[2020-04-26T15:05:38.937+0000][1][safepoint    ] Safepoint "RevokeBias", Time since last: 147000 ns, Reaching safepoint: 167800 ns, At safepoint: 32100 ns, Total: 199900 ns
[2020-04-26T15:05:38.938+0000][1][safepoint    ] Safepoint "RevokeBias", Time since last: 168900 ns, Reaching safepoint: 75800 ns, At safepoint: 33600 ns, Total: 109400 ns
[2020-04-26T15:05:38.938+0000][1][safepoint    ] Safepoint "RevokeBias", Time since last: 89800 ns, Reaching safepoint: 116800 ns, At safepoint: 52500 ns, Total: 169300 ns
[2020-04-26T15:05:38.938+0000][1][safepoint    ] Safepoint "RevokeBias", Time since last: 214200 ns, Reaching safepoint: 120300 ns, At safepoint: 54600 ns, Total: 174900 ns
[2020-04-26T15:05:38.939+0000][1][safepoint    ] Safepoint "RevokeBias", Time since last: 212000 ns, Reaching safepoint: 119400 ns, At safepoint: 53300 ns, Total: 172700 ns
[2020-04-26T15:05:38.939+0000][1][safepoint    ] Safepoint "RevokeBias", Time since last: 313100 ns, Reaching safepoint: 74900 ns, At safepoint: 33400 ns, Total: 108300 ns
[2020-04-26T15:05:38.939+0000][1][safepoint    ] Safepoint "RevokeBias", Time since last: 220800 ns, Reaching safepoint: 73500 ns, At safepoint: 33300 ns, Total: 106800 ns
[2020-04-26T15:05:38.940+0000][1][safepoint    ] Safepoint "RevokeBias", Time since last: 215300 ns, Reaching safepoint: 82200 ns, At safepoint: 33300 ns, Total: 115500 ns
[2020-04-26T15:05:38.940+0000][1][safepoint    ] Safepoint "RevokeBias", Time since last: 186100 ns, Reaching safepoint: 91400 ns, At safepoint: 51600 ns, Total: 143000 ns
[2020-04-26T15:05:38.942+0000][1][safepoint    ] Safepoint "RevokeBias", Time since last: 2303400 ns, Reaching safepoint: 113700 ns, At safepoint: 33000 ns, Total: 146700 ns
[2020-04-26T15:05:38.946+0000][1][safepoint    ] Safepoint "RevokeBias", Time since last: 3029300 ns, Reaching safepoint: 106700 ns, At safepoint: 29500 ns, Total: 136200 ns
[2020-04-26T15:05:38.946+0000][1][safepoint    ] Safepoint "RevokeBias", Time since last: 231100 ns, Reaching safepoint: 80100 ns, At safepoint: 29800 ns, Total: 109900 ns
[2020-04-26T15:05:39.646+0000][1][safepoint    ] Safepoint "RevokeBias", Time since last: 699698400 ns, Reaching safepoint: 144300 ns, At safepoint: 52100 ns, Total: 196400 ns
[2020-04-26T15:05:43.368+0000][1][safepoint    ] Safepoint "RevokeBias", Time since last: 3722265000 ns, Reaching safepoint: 138400 ns, At safepoint: 64500 ns, Total: 202900 ns
[2020-04-26T15:05:43.369+0000][1][safepoint    ] Safepoint "RevokeBias", Time since last: 143500 ns, Reaching safepoint: 84800 ns, At safepoint: 34400 ns, Total: 119200 ns
[2020-04-26T15:05:43.369+0000][1][safepoint    ] Safepoint "RevokeBias", Time since last: 127200 ns, Reaching safepoint: 73000 ns, At safepoint: 32900 ns, Total: 105900 ns
[2020-04-26T15:05:43.369+0000][1][safepoint    ] Safepoint "RevokeBias", Time since last: 128800 ns, Reaching safepoint: 73300 ns, At safepoint: 32800 ns, Total: 106100 ns
[2020-04-26T15:05:43.369+0000][1][safepoint    ] Safepoint "RevokeBias", Time since last: 121700 ns, Reaching safepoint: 73300 ns, At safepoint: 32700 ns, Total: 106000 ns
[2020-04-26T15:05:43.370+0000][1][safepoint    ] Safepoint "RevokeBias", Time since last: 149800 ns, Reaching safepoint: 73000 ns, At safepoint: 32600 ns, Total: 105600 ns
[2020-04-26T15:05:44.370+0000][1][safepoint    ] Safepoint "Cleanup", Time since last: 1000176300 ns, Reaching safepoint: 141000 ns, At safepoint: 28900 ns, Total: 169900 ns
[2020-04-26T15:05:45.370+0000][1][safepoint    ] Safepoint "Cleanup", Time since last: 1000148600 ns, Reaching safepoint: 150600 ns, At safepoint: 31100 ns, Total: 181700 ns
[2020-04-26T15:05:47.371+0000][1][safepoint    ] Safepoint "Cleanup", Time since last: 2000344200 ns, Reaching safepoint: 135700 ns, At safepoint: 29600 ns, Total: 165300 ns
[2020-04-26T15:05:48.371+0000][1][safepoint    ] Safepoint "Cleanup", Time since last: 1000155600 ns, Reaching safepoint: 244200 ns, At safepoint: 43600 ns, Total: 287800 ns
[2020-04-26T15:05:50.372+0000][1][safepoint    ] Safepoint "Cleanup", Time since last: 2000390800 ns, Reaching safepoint: 181600 ns, At safepoint: 35200 ns, Total: 216800 ns
[2020-04-26T15:05:53.370+0000][1][safepoint    ] Safepoint "RevokeBias", Time since last: 2997617000 ns, Reaching safepoint: 132400 ns, At safepoint: 44800 ns, Total: 177200 ns
[2020-04-26T15:05:54.370+0000][1][safepoint    ] Safepoint "Cleanup", Time since last: 1000193300 ns, Reaching safepoint: 147000 ns, At safepoint: 30500 ns, Total: 177500 ns
[2020-04-26T15:05:56.371+0000][1][safepoint    ] Safepoint "Cleanup", Time since last: 2000303800 ns, Reaching safepoint: 228000 ns, At safepoint: 40600 ns, Total: 268600 ns
[2020-04-26T15:06:09.561+0000][1][safepoint    ] Safepoint "RevokeBias", Time since last: 13190628700 ns, Reaching safepoint: 157700 ns, At safepoint: 68600 ns, Total: 226300 ns
[2020-04-26T15:06:09.562+0000][1][safepoint    ] Safepoint "RevokeBias", Time since last: 160800 ns, Reaching safepoint: 217900 ns, At safepoint: 75400 ns, Total: 293300 ns
[2020-04-26T15:06:09.562+0000][1][safepoint    ] Safepoint "RevokeBias", Time since last: 192700 ns, Reaching safepoint: 191100 ns, At safepoint: 70900 ns, Total: 262000 ns
[2020-04-26T15:06:09.568+0000][1][safepoint    ] Safepoint "RevokeBias", Time since last: 5393000 ns, Reaching safepoint: 299500 ns, At safepoint: 102300 ns, Total: 401800 ns
[2020-04-26T15:06:09.569+0000][1][safepoint    ] Safepoint "RevokeBias", Time since last: 401800 ns, Reaching safepoint: 327500 ns, At safepoint: 130300 ns, Total: 457800 ns
[2020-04-26T15:06:09.570+0000][1][safepoint    ] Safepoint "RevokeBias", Time since last: 228000 ns, Reaching safepoint: 272600 ns, At safepoint: 79600 ns, Total: 352200 ns
[2020-04-26T15:06:10.570+0000][1][safepoint    ] Safepoint "Cleanup", Time since last: 1000156900 ns, Reaching safepoint: 226200 ns, At safepoint: 44600 ns, Total: 270800 ns
[2020-04-26T15:06:11.570+0000][1][safepoint    ] Safepoint "Cleanup", Time since last: 1000129900 ns, Reaching safepoint: 139800 ns, At safepoint: 27900 ns, Total: 167700 ns
[2020-04-26T15:06:14.572+0000][1][safepoint    ] Safepoint "Cleanup", Time since last: 3000389000 ns, Reaching safepoint: 1294700 ns, At safepoint: 56800 ns, Total: 1351500 ns
[2020-04-26T15:06:15.573+0000][1][safepoint    ] Safepoint "Cleanup", Time since last: 1000189300 ns, Reaching safepoint: 270800 ns, At safepoint: 59800 ns, Total: 330600 ns
[2020-04-26T15:06:18.574+0000][1][safepoint    ] Safepoint "Cleanup", Time since last: 3000692700 ns, Reaching safepoint: 858600 ns, At safepoint: 158500 ns, Total: 1017100 ns
[2020-04-26T15:06:20.575+0000][1][safepoint    ] Safepoint "Cleanup", Time since last: 2000418700 ns, Reaching safepoint: 169700 ns, At safepoint: 43800 ns, Total: 213500 ns
[2020-04-26T15:06:23.575+0000][1][safepoint    ] Safepoint "Cleanup", Time since last: 3000388200 ns, Reaching safepoint: 165300 ns, At safepoint: 35500 ns, Total: 200800 ns
[2020-04-26T15:06:26.576+0000][1][safepoint    ] Safepoint "Cleanup", Time since last: 3000463800 ns, Reaching safepoint: 189200 ns, At safepoint: 36900 ns, Total: 226100 ns
[2020-04-26T15:06:29.577+0000][1][safepoint    ] Safepoint "Cleanup", Time since last: 3000481500 ns, Reaching safepoint: 302100 ns, At safepoint: 50400 ns, Total: 352500 ns
[2020-04-26T15:06:30.577+0000][1][safepoint    ] Safepoint "Cleanup", Time since last: 1000186000 ns, Reaching safepoint: 151200 ns, At safepoint: 30200 ns, Total: 181400 ns
[2020-04-26T15:06:38.579+0000][1][safepoint    ] Safepoint "Cleanup", Time since last: 8000947100 ns, Reaching safepoint: 264100 ns, At safepoint: 45600 ns, Total: 309700 ns
[2020-04-26T15:06:44.533+0000][1][gc,start     ] GC(21) Pause Young (Allocation Failure)
[2020-04-26T15:06:44.533+0000][1][gc,task      ] GC(21) Using 10 workers of 10 for evacuation
[2020-04-26T15:06:44.538+0000][1][gc,age       ] GC(21) Desired survivor size 8945664 bytes, new threshold 6 (max threshold 6)
[2020-04-26T15:06:44.538+0000][1][gc,age       ] GC(21) Age table with threshold 6 (max threshold 6)
[2020-04-26T15:06:44.538+0000][1][gc,age       ] GC(21) - age   1:     524504 bytes,     524504 total
[2020-04-26T15:06:44.538+0000][1][gc,age       ] GC(21) - age   2:     238568 bytes,     763072 total
[2020-04-26T15:06:44.538+0000][1][gc,age       ] GC(21) - age   3:    1441240 bytes,    2204312 total
[2020-04-26T15:06:44.538+0000][1][gc,age       ] GC(21) - age   4:    3903640 bytes,    6107952 total
[2020-04-26T15:06:44.538+0000][1][gc,heap      ] GC(21) ParNew: 148265K->9395K(157248K)
[2020-04-26T15:06:44.538+0000][1][gc,heap      ] GC(21) CMS: 76068K->76068K(349568K)
[2020-04-26T15:06:44.538+0000][1][gc,metaspace ] GC(21) Metaspace: 93129K->93129K(1134592K)
[2020-04-26T15:06:44.538+0000][1][gc           ] GC(21) Pause Young (Allocation Failure) 219M->83M(494M) 4.937ms
[2020-04-26T15:06:44.538+0000][1][gc,cpu       ] GC(21) User=0.02s Sys=0.00s Real=0.01s
[2020-04-26T15:06:44.538+0000][1][safepoint    ] Safepoint "GenCollectForAllocation", Time since last: 5954641500 ns, Reaching safepoint: 144100 ns, At safepoint: 5019200 ns, Total: 5163300 ns
[2020-04-26T15:06:47.539+0000][1][safepoint    ] Safepoint "Cleanup", Time since last: 3000375200 ns, Reaching safepoint: 138000 ns, At safepoint: 30600 ns, Total: 168600 ns
[2020-04-26T15:06:48.539+0000][1][safepoint    ] Safepoint "Cleanup", Time since last: 1000118900 ns, Reaching safepoint: 142000 ns, At safepoint: 29800 ns, Total: 171800 ns
[2020-04-26T15:06:50.540+0000][1][safepoint    ] Safepoint "Cleanup", Time since last: 2000301000 ns, Reaching safepoint: 143400 ns, At safepoint: 29200 ns, Total: 172600 ns
[2020-04-26T15:06:55.541+0000][1][safepoint    ] Safepoint "Cleanup", Time since last: 5000764500 ns, Reaching safepoint: 294000 ns, At safepoint: 43300 ns, Total: 337300 ns
[2020-04-26T15:06:56.541+0000][1][safepoint    ] Safepoint "Cleanup", Time since last: 1000185800 ns, Reaching safepoint: 141800 ns, At safepoint: 32700 ns, Total: 174500 ns
[2020-04-26T15:07:02.542+0000][1][safepoint    ] Safepoint "Cleanup", Time since last: 6000805600 ns, Reaching safepoint: 214300 ns, At safepoint: 43100 ns, Total: 257400 ns
[2020-04-26T15:07:05.543+0000][1][safepoint    ] Safepoint "Cleanup", Time since last: 3000441400 ns, Reaching safepoint: 191600 ns, At safepoint: 40200 ns, Total: 231800 ns
[2020-04-26T15:07:08.544+0000][1][safepoint    ] Safepoint "Cleanup", Time since last: 3000398800 ns, Reaching safepoint: 168900 ns, At safepoint: 39100 ns, Total: 208000 ns
[2020-04-26T15:07:09.631+0000][1][safepoint    ] Safepoint "RevokeBias", Time since last: 1087744200 ns, Reaching safepoint: 166600 ns, At safepoint: 78300 ns, Total: 244900 ns
[2020-04-26T15:07:09.632+0000][1][safepoint    ] Safepoint "RevokeBias", Time since last: 341600 ns, Reaching safepoint: 288300 ns, At safepoint: 147500 ns, Total: 435800 ns
[2020-04-26T15:07:09.634+0000][1][safepoint    ] Safepoint "BulkRevokeBias", Time since last: 370400 ns, Reaching safepoint: 322700 ns, At safepoint: 890900 ns, Total: 1213600 ns
[2020-04-26T15:07:09.640+0000][1][safepoint    ] Safepoint "RevokeBias", Time since last: 6282300 ns, Reaching safepoint: 205000 ns, At safepoint: 102700 ns, Total: 307700 ns
[2020-04-26T15:07:09.641+0000][1][safepoint    ] Safepoint "RevokeBias", Time since last: 209300 ns, Reaching safepoint: 249900 ns, At safepoint: 124800 ns, Total: 374700 ns
[2020-04-26T15:07:09.642+0000][1][safepoint    ] Safepoint "RevokeBias", Time since last: 169100 ns, Reaching safepoint: 272000 ns, At safepoint: 131100 ns, Total: 403100 ns
[2020-04-26T15:07:10.642+0000][1][safepoint    ] Safepoint "Cleanup", Time since last: 1000171400 ns, Reaching safepoint: 283600 ns, At safepoint: 40900 ns, Total: 324500 ns
[2020-04-26T15:07:11.642+0000][1][safepoint    ] Safepoint "Cleanup", Time since last: 1000129500 ns, Reaching safepoint: 147900 ns, At safepoint: 31900 ns, Total: 179800 ns
[2020-04-26T15:07:17.644+0000][1][safepoint    ] Safepoint "Cleanup", Time since last: 6000937600 ns, Reaching safepoint: 163600 ns, At safepoint: 62300 ns, Total: 225900 ns
[2020-04-26T15:07:18.644+0000][1][safepoint    ] Safepoint "Cleanup", Time since last: 1000163200 ns, Reaching safepoint: 137100 ns, At safepoint: 30500 ns, Total: 167600 ns
[2020-04-26T15:07:19.644+0000][1][safepoint    ] Safepoint "Cleanup", Time since last: 1000149400 ns, Reaching safepoint: 199900 ns, At safepoint: 34400 ns, Total: 234300 ns
[2020-04-26T15:07:23.645+0000][1][safepoint    ] Safepoint "Cleanup", Time since last: 4000480200 ns, Reaching safepoint: 274600 ns, At safepoint: 82100 ns, Total: 356700 ns
[2020-04-26T15:07:26.646+0000][1][safepoint    ] Safepoint "Cleanup", Time since last: 3000458900 ns, Reaching safepoint: 200600 ns, At safepoint: 43900 ns, Total: 244500 ns
[2020-04-26T15:07:29.647+0000][1][safepoint    ] Safepoint "Cleanup", Time since last: 3000488700 ns, Reaching safepoint: 237300 ns, At safepoint: 42800 ns, Total: 280100 ns
[2020-04-26T15:07:30.647+0000][1][safepoint    ] Safepoint "Cleanup", Time since last: 1000179300 ns, Reaching safepoint: 188700 ns, At safepoint: 45400 ns, Total: 234100 ns
[2020-04-26T15:07:32.648+0000][1][safepoint    ] Safepoint "Cleanup", Time since last: 2000302900 ns, Reaching safepoint: 319500 ns, At safepoint: 63000 ns, Total: 382500 ns
[2020-04-26T15:07:38.649+0000][1][safepoint    ] Safepoint "Cleanup", Time since last: 6000726800 ns, Reaching safepoint: 240100 ns, At safepoint: 39100 ns, Total: 279200 ns
[2020-04-26T15:07:44.650+0000][1][safepoint    ] Safepoint "Cleanup", Time since last: 6000869700 ns, Reaching safepoint: 192400 ns, At safepoint: 42600 ns, Total: 235000 ns
[2020-04-26T15:07:47.651+0000][1][safepoint    ] Safepoint "Cleanup", Time since last: 3000466000 ns, Reaching safepoint: 289000 ns, At safepoint: 78900 ns, Total: 367900 ns
[2020-04-26T15:07:48.651+0000][1][safepoint    ] Safepoint "Cleanup", Time since last: 1000202100 ns, Reaching safepoint: 231500 ns, At safepoint: 76300 ns, Total: 307800 ns
[2020-04-26T15:07:51.652+0000][1][safepoint    ] Safepoint "Cleanup", Time since last: 3000474300 ns, Reaching safepoint: 142900 ns, At safepoint: 29600 ns, Total: 172500 ns
[2020-04-26T15:07:52.652+0000][1][safepoint    ] Safepoint "Cleanup", Time since last: 1000143800 ns, Reaching safepoint: 191300 ns, At safepoint: 42500 ns, Total: 233800 ns
[2020-04-26T15:07:53.653+0000][1][safepoint    ] Safepoint "Cleanup", Time since last: 1000305400 ns, Reaching safepoint: 784400 ns, At safepoint: 156700 ns, Total: 941100 ns
[2020-04-26T15:07:56.654+0000][1][safepoint    ] Safepoint "Cleanup", Time since last: 3000523800 ns, Reaching safepoint: 137400 ns, At safepoint: 31500 ns, Total: 168900 ns
[2020-04-26T15:07:57.655+0000][1][safepoint    ] Safepoint "Cleanup", Time since last: 1000160100 ns, Reaching safepoint: 226800 ns, At safepoint: 43400 ns, Total: 270200 ns
[2020-04-26T15:08:02.656+0000][1][safepoint    ] Safepoint "Cleanup", Time since last: 5000775300 ns, Reaching safepoint: 203500 ns, At safepoint: 35400 ns, Total: 238900 ns
[2020-04-26T15:08:05.656+0000][1][safepoint    ] Safepoint "Cleanup", Time since last: 3000469500 ns, Reaching safepoint: 272400 ns, At safepoint: 65400 ns, Total: 337800 ns
[2020-04-26T15:08:08.694+0000][1][safepoint    ] Safepoint "RevokeBias", Time since last: 3037052400 ns, Reaching safepoint: 274200 ns, At safepoint: 145900 ns, Total: 420100 ns
[2020-04-26T15:08:08.745+0000][1][safepoint    ] Safepoint "RevokeBias", Time since last: 51154100 ns, Reaching safepoint: 157000 ns, At safepoint: 78700 ns, Total: 235700 ns
[2020-04-26T15:08:08.747+0000][1][safepoint    ] Safepoint "RevokeBias", Time since last: 570700 ns, Reaching safepoint: 652500 ns, At safepoint: 293400 ns, Total: 945900 ns
[2020-04-26T15:08:08.748+0000][1][safepoint    ] Safepoint "RevokeBias", Time since last: 680000 ns, Reaching safepoint: 483200 ns, At safepoint: 261800 ns, Total: 745000 ns
[2020-04-26T15:08:11.749+0000][1][safepoint    ] Safepoint "Cleanup", Time since last: 3000613300 ns, Reaching safepoint: 155700 ns, At safepoint: 26900 ns, Total: 182600 ns
[2020-04-26T15:08:14.750+0000][1][safepoint    ] Safepoint "Cleanup", Time since last: 3000401200 ns, Reaching safepoint: 173500 ns, At safepoint: 38200 ns, Total: 211700 ns
[2020-04-26T15:08:17.750+0000][1][safepoint    ] Safepoint "Cleanup", Time since last: 3000490000 ns, Reaching safepoint: 150600 ns, At safepoint: 32700 ns, Total: 183300 ns
[2020-04-26T15:08:20.751+0000][1][safepoint    ] Safepoint "Cleanup", Time since last: 3000361900 ns, Reaching safepoint: 140900 ns, At safepoint: 29200 ns, Total: 170100 ns
[2020-04-26T15:08:22.751+0000][1][safepoint    ] Safepoint "Cleanup", Time since last: 2000263000 ns, Reaching safepoint: 144300 ns, At safepoint: 34200 ns, Total: 178500 ns
[2020-04-26T15:08:23.752+0000][1][safepoint    ] Safepoint "Cleanup", Time since last: 1000178700 ns, Reaching safepoint: 155300 ns, At safepoint: 32000 ns, Total: 187300 ns
[2020-04-26T15:08:26.752+0000][1][safepoint    ] Safepoint "Cleanup", Time since last: 3000470700 ns, Reaching safepoint: 147500 ns, At safepoint: 32300 ns, Total: 179800 ns
[2020-04-26T15:08:32.753+0000][1][safepoint    ] Safepoint "Cleanup", Time since last: 6000808400 ns, Reaching safepoint: 172300 ns, At safepoint: 24900 ns, Total: 197200 ns
[2020-04-26T15:08:35.754+0000][1][safepoint    ] Safepoint "Cleanup", Time since last: 3000853800 ns, Reaching safepoint: 136000 ns, At safepoint: 29000 ns, Total: 165000 ns
[2020-04-26T15:08:41.755+0000][1][safepoint    ] Safepoint "Cleanup", Time since last: 6000666300 ns, Reaching safepoint: 135800 ns, At safepoint: 29300 ns, Total: 165100 ns
[2020-04-26T15:08:42.755+0000][1][safepoint    ] Safepoint "Cleanup", Time since last: 1000163400 ns, Reaching safepoint: 140900 ns, At safepoint: 30500 ns, Total: 171400 ns
[2020-04-26T15:08:44.756+0000][1][safepoint    ] Safepoint "Cleanup", Time since last: 2000314900 ns, Reaching safepoint: 134800 ns, At safepoint: 26600 ns, Total: 161400 ns
[2020-04-26T15:08:47.756+0000][1][safepoint    ] Safepoint "Cleanup", Time since last: 3000395400 ns, Reaching safepoint: 137100 ns, At safepoint: 27300 ns, Total: 164400 ns
[2020-04-26T15:08:48.347+0000][1][safepoint    ] Safepoint "RevokeBias", Time since last: 590727000 ns, Reaching safepoint: 131800 ns, At safepoint: 38800 ns, Total: 170600 ns
[2020-04-26T15:08:48.348+0000][1][safepoint    ] Safepoint "RevokeBias", Time since last: 208700 ns, Reaching safepoint: 82200 ns, At safepoint: 34000 ns, Total: 116200 ns
[2020-04-26T15:08:48.397+0000][1][safepoint    ] Safepoint "RevokeBias", Time since last: 49293900 ns, Reaching safepoint: 137400 ns, At safepoint: 33000 ns, Total: 170400 ns
[2020-04-26T15:08:48.397+0000][1][safepoint    ] Safepoint "RevokeBias", Time since last: 153500 ns, Reaching safepoint: 78800 ns, At safepoint: 30200 ns, Total: 109000 ns
[2020-04-26T15:08:48.420+0000][1][safepoint    ] Safepoint "RevokeBias", Time since last: 22659300 ns, Reaching safepoint: 129100 ns, At safepoint: 37600 ns, Total: 166700 ns
[2020-04-26T15:08:48.480+0000][1][safepoint    ] Safepoint "RevokeBias", Time since last: 59832500 ns, Reaching safepoint: 126000 ns, At safepoint: 34200 ns, Total: 160200 ns
[2020-04-26T15:08:48.480+0000][1][safepoint    ] Safepoint "RevokeBias", Time since last: 155800 ns, Reaching safepoint: 75200 ns, At safepoint: 30000 ns, Total: 105200 ns
[2020-04-26T15:08:48.832+0000][1][safepoint    ] Safepoint "RevokeBias", Time since last: 351416100 ns, Reaching safepoint: 128200 ns, At safepoint: 32800 ns, Total: 161000 ns
[2020-04-26T15:08:48.832+0000][1][safepoint    ] Safepoint "RevokeBias", Time since last: 165100 ns, Reaching safepoint: 79300 ns, At safepoint: 31000 ns, Total: 110300 ns
[2020-04-26T15:08:48.846+0000][1][safepoint    ] Safepoint "RevokeBias", Time since last: 13324700 ns, Reaching safepoint: 98100 ns, At safepoint: 30200 ns, Total: 128300 ns
[2020-04-26T15:08:48.846+0000][1][safepoint    ] Safepoint "RevokeBias", Time since last: 139900 ns, Reaching safepoint: 76000 ns, At safepoint: 29800 ns, Total: 105800 ns
[2020-04-26T15:08:53.847+0000][1][safepoint    ] Safepoint "Cleanup", Time since last: 5000599100 ns, Reaching safepoint: 140900 ns, At safepoint: 30100 ns, Total: 171000 ns
[2020-04-26T15:08:57.847+0000][1][safepoint    ] Safepoint "Cleanup", Time since last: 4000434300 ns, Reaching safepoint: 131800 ns, At safepoint: 28200 ns, Total: 160000 ns
[2020-04-26T15:08:58.897+0000][1][safepoint    ] Safepoint "RevokeBias", Time since last: 1049176400 ns, Reaching safepoint: 124900 ns, At safepoint: 38500 ns, Total: 163400 ns
[2020-04-26T15:08:59.897+0000][1][safepoint    ] Safepoint "Cleanup", Time since last: 1000180900 ns, Reaching safepoint: 147900 ns, At safepoint: 32300 ns, Total: 180200 ns
[2020-04-26T15:09:00.897+0000][1][safepoint    ] Safepoint "Cleanup", Time since last: 1000170700 ns, Reaching safepoint: 164300 ns, At safepoint: 29600 ns, Total: 193900 ns
[2020-04-26T15:09:02.898+0000][1][safepoint    ] Safepoint "Cleanup", Time since last: 2000278400 ns, Reaching safepoint: 175700 ns, At safepoint: 27200 ns, Total: 202900 ns
[2020-04-26T15:09:03.898+0000][1][safepoint    ] Safepoint "Cleanup", Time since last: 1000174300 ns, Reaching safepoint: 150400 ns, At safepoint: 62900 ns, Total: 213300 ns
[2020-04-26T15:09:05.899+0000][1][safepoint    ] Safepoint "Cleanup", Time since last: 2000333900 ns, Reaching safepoint: 193200 ns, At safepoint: 34600 ns, Total: 227800 ns
[2020-04-26T15:09:08.852+0000][1][safepoint    ] Safepoint "RevokeBias", Time since last: 2952587100 ns, Reaching safepoint: 239600 ns, At safepoint: 120900 ns, Total: 360500 ns
[2020-04-26T15:09:08.852+0000][1][safepoint    ] Safepoint "RevokeBias", Time since last: 79800 ns, Reaching safepoint: 256700 ns, At safepoint: 90100 ns, Total: 346800 ns
[2020-04-26T15:09:08.853+0000][1][safepoint    ] Safepoint "RevokeBias", Time since last: 326600 ns, Reaching safepoint: 242800 ns, At safepoint: 61600 ns, Total: 304400 ns
[2020-04-26T15:09:08.858+0000][1][safepoint    ] Safepoint "RevokeBias", Time since last: 5281300 ns, Reaching safepoint: 156800 ns, At safepoint: 67800 ns, Total: 224600 ns
[2020-04-26T15:09:08.859+0000][1][safepoint    ] Safepoint "RevokeBias", Time since last: 50000 ns, Reaching safepoint: 181200 ns, At safepoint: 75600 ns, Total: 256800 ns
[2020-04-26T15:09:08.859+0000][1][safepoint    ] Safepoint "RevokeBias", Time since last: 253100 ns, Reaching safepoint: 184900 ns, At safepoint: 122800 ns, Total: 307700 ns
[2020-04-26T15:09:09.860+0000][1][safepoint    ] Safepoint "Cleanup", Time since last: 1000186700 ns, Reaching safepoint: 144500 ns, At safepoint: 28600 ns, Total: 173100 ns
[2020-04-26T15:09:10.860+0000][1][safepoint    ] Safepoint "Cleanup", Time since last: 1000154200 ns, Reaching safepoint: 154100 ns, At safepoint: 30300 ns, Total: 184400 ns
[2020-04-26T15:09:11.861+0000][1][safepoint    ] Safepoint "Cleanup", Time since last: 1000186500 ns, Reaching safepoint: 376900 ns, At safepoint: 60800 ns, Total: 437700 ns
[2020-04-26T15:09:12.861+0000][1][safepoint    ] Safepoint "Cleanup", Time since last: 1000188600 ns, Reaching safepoint: 147400 ns, At safepoint: 32100 ns, Total: 179500 ns
[2020-04-26T15:09:13.861+0000][1][safepoint    ] Safepoint "Cleanup", Time since last: 1000146500 ns, Reaching safepoint: 146300 ns, At safepoint: 33700 ns, Total: 180000 ns
[2020-04-26T15:09:14.862+0000][1][safepoint    ] Safepoint "Cleanup", Time since last: 1000175500 ns, Reaching safepoint: 151600 ns, At safepoint: 31300 ns, Total: 182900 ns
[2020-04-26T15:09:15.862+0000][1][safepoint    ] Safepoint "Cleanup", Time since last: 1000198900 ns, Reaching safepoint: 211100 ns, At safepoint: 38300 ns, Total: 249400 ns
[2020-04-26T15:09:16.248+0000][1][safepoint    ] Safepoint "RevokeBias", Time since last: 385695900 ns, Reaching safepoint: 239100 ns, At safepoint: 63100 ns, Total: 302200 ns
[2020-04-26T15:09:16.250+0000][1][safepoint    ] Safepoint "RevokeBias", Time since last: 1852300 ns, Reaching safepoint: 281700 ns, At safepoint: 150600 ns, Total: 432300 ns
[2020-04-26T15:09:16.251+0000][1][safepoint    ] Safepoint "RevokeBias", Time since last: 290300 ns, Reaching safepoint: 350900 ns, At safepoint: 131400 ns, Total: 482300 ns
[2020-04-26T15:09:17.252+0000][1][safepoint    ] Safepoint "Cleanup", Time since last: 1000184500 ns, Reaching safepoint: 143900 ns, At safepoint: 29000 ns, Total: 172900 ns
[2020-04-26T15:09:18.252+0000][1][safepoint    ] Safepoint "Cleanup", Time since last: 1000124700 ns, Reaching safepoint: 135300 ns, At safepoint: 25600 ns, Total: 160900 ns
[2020-04-26T15:09:19.252+0000][1][safepoint    ] Safepoint "Cleanup", Time since last: 1000159200 ns, Reaching safepoint: 143000 ns, At safepoint: 30200 ns, Total: 173200 ns
[2020-04-26T15:09:20.252+0000][1][safepoint    ] Safepoint "Cleanup", Time since last: 1000119300 ns, Reaching safepoint: 139900 ns, At safepoint: 29600 ns, Total: 169500 ns
[2020-04-26T15:09:21.253+0000][1][safepoint    ] Safepoint "Cleanup", Time since last: 1000182100 ns, Reaching safepoint: 138600 ns, At safepoint: 27900 ns, Total: 166500 ns
[2020-04-26T15:09:22.253+0000][1][safepoint    ] Safepoint "Cleanup", Time since last: 1000145300 ns, Reaching safepoint: 144000 ns, At safepoint: 29200 ns, Total: 173200 ns
[2020-04-26T15:09:23.253+0000][1][safepoint    ] Safepoint "Cleanup", Time since last: 1000189700 ns, Reaching safepoint: 182400 ns, At safepoint: 36000 ns, Total: 218400 ns
[2020-04-26T15:09:24.254+0000][1][safepoint    ] Safepoint "Cleanup", Time since last: 1000134700 ns, Reaching safepoint: 135600 ns, At safepoint: 29200 ns, Total: 164800 ns
[2020-04-26T15:09:25.254+0000][1][safepoint    ] Safepoint "Cleanup", Time since last: 1000148400 ns, Reaching safepoint: 185300 ns, At safepoint: 52300 ns, Total: 237600 ns
[2020-04-26T15:09:26.254+0000][1][safepoint    ] Safepoint "Cleanup", Time since last: 1000124900 ns, Reaching safepoint: 152700 ns, At safepoint: 34900 ns, Total: 187600 ns
[2020-04-26T15:09:27.255+0000][1][safepoint    ] Safepoint "Cleanup", Time since last: 1000171300 ns, Reaching safepoint: 174200 ns, At safepoint: 31500 ns, Total: 205700 ns
[2020-04-26T15:09:28.255+0000][1][safepoint    ] Safepoint "Cleanup", Time since last: 1000160400 ns, Reaching safepoint: 135400 ns, At safepoint: 27900 ns, Total: 163300 ns
[2020-04-26T15:09:29.256+0000][1][safepoint    ] Safepoint "Cleanup", Time since last: 1000180600 ns, Reaching safepoint: 253900 ns, At safepoint: 43700 ns, Total: 297600 ns
[2020-04-26T15:09:30.256+0000][1][safepoint    ] Safepoint "Cleanup", Time since last: 1000126500 ns, Reaching safepoint: 129900 ns, At safepoint: 46200 ns, Total: 176100 ns
[2020-04-26T15:09:31.256+0000][1][safepoint    ] Safepoint "Cleanup", Time since last: 1000230300 ns, Reaching safepoint: 195100 ns, At safepoint: 44100 ns, Total: 239200 ns
[2020-04-26T15:09:31.826+0000][1][gc,start     ] GC(22) Pause Young (Allocation Failure)
[2020-04-26T15:09:31.826+0000][1][gc,task      ] GC(22) Using 10 workers of 10 for evacuation
[2020-04-26T15:09:31.831+0000][1][gc,age       ] GC(22) Desired survivor size 8945664 bytes, new threshold 6 (max threshold 6)
[2020-04-26T15:09:31.831+0000][1][gc,age       ] GC(22) Age table with threshold 6 (max threshold 6)
[2020-04-26T15:09:31.831+0000][1][gc,age       ] GC(22) - age   1:     461432 bytes,     461432 total
[2020-04-26T15:09:31.831+0000][1][gc,age       ] GC(22) - age   2:     460192 bytes,     921624 total
[2020-04-26T15:09:31.831+0000][1][gc,age       ] GC(22) - age   3:     236448 bytes,    1158072 total
[2020-04-26T15:09:31.831+0000][1][gc,age       ] GC(22) - age   4:    1275504 bytes,    2433576 total
[2020-04-26T15:09:31.831+0000][1][gc,age       ] GC(22) - age   5:    3667272 bytes,    6100848 total
[2020-04-26T15:09:31.831+0000][1][gc,heap      ] GC(22) ParNew: 149171K->9368K(157248K)
[2020-04-26T15:09:31.831+0000][1][gc,heap      ] GC(22) CMS: 76068K->76068K(349568K)
[2020-04-26T15:09:31.831+0000][1][gc,metaspace ] GC(22) Metaspace: 93460K->93460K(1134592K)
[2020-04-26T15:09:31.831+0000][1][gc           ] GC(22) Pause Young (Allocation Failure) 219M->83M(494M) 5.755ms
[2020-04-26T15:09:31.832+0000][1][gc,cpu       ] GC(22) User=0.03s Sys=0.00s Real=0.01s
[2020-04-26T15:09:31.832+0000][1][safepoint    ] Safepoint "GenCollectForAllocation", Time since last: 569066200 ns, Reaching safepoint: 184600 ns, At safepoint: 5924800 ns, Total: 6109400 ns
[2020-04-26T15:09:32.832+0000][1][safepoint    ] Safepoint "Cleanup", Time since last: 1000131700 ns, Reaching safepoint: 137200 ns, At safepoint: 29300 ns, Total: 166500 ns
[2020-04-26T15:09:33.369+0000][1][safepoint    ] Safepoint "RevokeBias", Time since last: 536476000 ns, Reaching safepoint: 171800 ns, At safepoint: 60300 ns, Total: 232100 ns
[2020-04-26T15:09:33.369+0000][1][safepoint    ] Safepoint "RevokeBias", Time since last: 152100 ns, Reaching safepoint: 135000 ns, At safepoint: 55200 ns, Total: 190200 ns
[2020-04-26T15:09:33.369+0000][1][safepoint    ] Safepoint "RevokeBias", Time since last: 155700 ns, Reaching safepoint: 113100 ns, At safepoint: 40900 ns, Total: 154000 ns
[2020-04-26T15:09:33.370+0000][1][safepoint    ] Safepoint "RevokeBias", Time since last: 109000 ns, Reaching safepoint: 86500 ns, At safepoint: 48800 ns, Total: 135300 ns
[2020-04-26T15:09:33.370+0000][1][safepoint    ] Safepoint "BulkRevokeBias", Time since last: 155900 ns, Reaching safepoint: 89100 ns, At safepoint: 602400 ns, Total: 691500 ns
[2020-04-26T15:09:34.371+0000][1][safepoint    ] Safepoint "Cleanup", Time since last: 1000176900 ns, Reaching safepoint: 166600 ns, At safepoint: 36000 ns, Total: 202600 ns
[2020-04-26T15:09:35.371+0000][1][safepoint    ] Safepoint "Cleanup", Time since last: 1000198100 ns, Reaching safepoint: 151500 ns, At safepoint: 30400 ns, Total: 181900 ns
[2020-04-26T15:09:36.371+0000][1][safepoint    ] Safepoint "Cleanup", Time since last: 1000160700 ns, Reaching safepoint: 144300 ns, At safepoint: 28600 ns, Total: 172900 ns
[2020-04-26T15:09:37.372+0000][1][safepoint    ] Safepoint "Cleanup", Time since last: 1000163100 ns, Reaching safepoint: 148400 ns, At safepoint: 31300 ns, Total: 179700 ns
[2020-04-26T15:09:38.372+0000][1][safepoint    ] Safepoint "Cleanup", Time since last: 1000153400 ns, Reaching safepoint: 144100 ns, At safepoint: 30300 ns, Total: 174400 ns
[2020-04-26T15:09:39.372+0000][1][safepoint    ] Safepoint "Cleanup", Time since last: 1000174300 ns, Reaching safepoint: 141000 ns, At safepoint: 26700 ns, Total: 167700 ns
[2020-04-26T15:09:40.373+0000][1][safepoint    ] Safepoint "Cleanup", Time since last: 1000172100 ns, Reaching safepoint: 151600 ns, At safepoint: 29100 ns, Total: 180700 ns
[2020-04-26T15:09:41.373+0000][1][safepoint    ] Safepoint "Cleanup", Time since last: 1000166600 ns, Reaching safepoint: 174800 ns, At safepoint: 45600 ns, Total: 220400 ns
[2020-04-26T15:09:42.374+0000][1][safepoint    ] Safepoint "Cleanup", Time since last: 1000167200 ns, Reaching safepoint: 134300 ns, At safepoint: 27700 ns, Total: 162000 ns
[2020-04-26T15:09:43.374+0000][1][safepoint    ] Safepoint "Cleanup", Time since last: 1000182400 ns, Reaching safepoint: 219000 ns, At safepoint: 40000 ns, Total: 259000 ns
[2020-04-26T15:09:44.374+0000][1][safepoint    ] Safepoint "Cleanup", Time since last: 1000139800 ns, Reaching safepoint: 138500 ns, At safepoint: 25900 ns, Total: 164400 ns
[2020-04-26T15:09:45.375+0000][1][safepoint    ] Safepoint "Cleanup", Time since last: 1000152200 ns, Reaching safepoint: 142200 ns, At safepoint: 29100 ns, Total: 171300 ns
[2020-04-26T15:09:46.375+0000][1][safepoint    ] Safepoint "Cleanup", Time since last: 1000154500 ns, Reaching safepoint: 134700 ns, At safepoint: 29600 ns, Total: 164300 ns
[2020-04-26T15:09:47.375+0000][1][safepoint    ] Safepoint "Cleanup", Time since last: 1000161100 ns, Reaching safepoint: 137800 ns, At safepoint: 26700 ns, Total: 164500 ns
[2020-04-26T15:09:48.376+0000][1][safepoint    ] Safepoint "Cleanup", Time since last: 1000171800 ns, Reaching safepoint: 143700 ns, At safepoint: 29100 ns, Total: 172800 ns
[2020-04-26T15:09:49.376+0000][1][safepoint    ] Safepoint "Cleanup", Time since last: 1000157800 ns, Reaching safepoint: 137800 ns, At safepoint: 27600 ns, Total: 165400 ns
[2020-04-26T15:09:50.376+0000][1][safepoint    ] Safepoint "Cleanup", Time since last: 1000167500 ns, Reaching safepoint: 135300 ns, At safepoint: 25600 ns, Total: 160900 ns
[2020-04-26T15:09:51.377+0000][1][safepoint    ] Safepoint "Cleanup", Time since last: 1000172600 ns, Reaching safepoint: 157900 ns, At safepoint: 29700 ns, Total: 187600 ns
[2020-04-26T15:09:52.377+0000][1][safepoint    ] Safepoint "Cleanup", Time since last: 1000173300 ns, Reaching safepoint: 163400 ns, At safepoint: 29600 ns, Total: 193000 ns
[2020-04-26T15:09:53.377+0000][1][safepoint    ] Safepoint "Cleanup", Time since last: 1000192100 ns, Reaching safepoint: 135700 ns, At safepoint: 28200 ns, Total: 163900 ns
[2020-04-26T15:09:54.378+0000][1][safepoint    ] Safepoint "Cleanup", Time since last: 1000146500 ns, Reaching safepoint: 144000 ns, At safepoint: 28200 ns, Total: 172200 ns
[2020-04-26T15:09:55.378+0000][1][safepoint    ] Safepoint "Cleanup", Time since last: 1000171800 ns, Reaching safepoint: 137000 ns, At safepoint: 28800 ns, Total: 165800 ns
[2020-04-26T15:09:56.378+0000][1][safepoint    ] Safepoint "Cleanup", Time since last: 1000176800 ns, Reaching safepoint: 159200 ns, At safepoint: 33900 ns, Total: 193100 ns
[2020-04-26T15:09:57.379+0000][1][safepoint    ] Safepoint "Cleanup", Time since last: 1000133500 ns, Reaching safepoint: 143100 ns, At safepoint: 30300 ns, Total: 173400 ns
[2020-04-26T15:09:58.379+0000][1][safepoint    ] Safepoint "Cleanup", Time since last: 1000178300 ns, Reaching safepoint: 173000 ns, At safepoint: 30300 ns, Total: 203300 ns
[2020-04-26T15:09:59.380+0000][1][safepoint    ] Safepoint "Cleanup", Time since last: 1000223300 ns, Reaching safepoint: 259900 ns, At safepoint: 35500 ns, Total: 295400 ns
[2020-04-26T15:10:00.380+0000][1][safepoint    ] Safepoint "Cleanup", Time since last: 1000228700 ns, Reaching safepoint: 152700 ns, At safepoint: 31700 ns, Total: 184400 ns
[2020-04-26T15:10:01.380+0000][1][safepoint    ] Safepoint "Cleanup", Time since last: 1000151300 ns, Reaching safepoint: 142400 ns, At safepoint: 27700 ns, Total: 170100 ns
[2020-04-26T15:10:02.381+0000][1][safepoint    ] Safepoint "Cleanup", Time since last: 1000145100 ns, Reaching safepoint: 151700 ns, At safepoint: 26400 ns, Total: 178100 ns
[2020-04-26T15:10:03.381+0000][1][safepoint    ] Safepoint "Cleanup", Time since last: 1000159800 ns, Reaching safepoint: 134700 ns, At safepoint: 47600 ns, Total: 182300 ns
[2020-04-26T15:10:04.381+0000][1][safepoint    ] Safepoint "Cleanup", Time since last: 1000157100 ns, Reaching safepoint: 138400 ns, At safepoint: 27400 ns, Total: 165800 ns
[2020-04-26T15:10:05.382+0000][1][safepoint    ] Safepoint "Cleanup", Time since last: 1000196800 ns, Reaching safepoint: 152900 ns, At safepoint: 27900 ns, Total: 180800 ns
[2020-04-26T15:10:06.382+0000][1][safepoint    ] Safepoint "Cleanup", Time since last: 1000162800 ns, Reaching safepoint: 156100 ns, At safepoint: 49700 ns, Total: 205800 ns
[2020-04-26T15:10:07.382+0000][1][safepoint    ] Safepoint "Cleanup", Time since last: 1000159700 ns, Reaching safepoint: 136500 ns, At safepoint: 27300 ns, Total: 163800 ns
[2020-04-26T15:10:08.383+0000][1][safepoint    ] Safepoint "Cleanup", Time since last: 1000163400 ns, Reaching safepoint: 128000 ns, At safepoint: 25800 ns, Total: 153800 ns
[2020-04-26T15:10:09.383+0000][1][safepoint    ] Safepoint "Cleanup", Time since last: 1000150600 ns, Reaching safepoint: 136900 ns, At safepoint: 26600 ns, Total: 163500 ns
[2020-04-26T15:10:10.383+0000][1][safepoint    ] Safepoint "Cleanup", Time since last: 1000154200 ns, Reaching safepoint: 139600 ns, At safepoint: 25800 ns, Total: 165400 ns
[2020-04-26T15:10:11.384+0000][1][safepoint    ] Safepoint "Cleanup", Time since last: 1000176700 ns, Reaching safepoint: 143500 ns, At safepoint: 26200 ns, Total: 169700 ns
[2020-04-26T15:10:12.384+0000][1][safepoint    ] Safepoint "Cleanup", Time since last: 1000133800 ns, Reaching safepoint: 153300 ns, At safepoint: 28900 ns, Total: 182200 ns
[2020-04-26T15:10:13.384+0000][1][safepoint    ] Safepoint "Cleanup", Time since last: 1000165900 ns, Reaching safepoint: 138500 ns, At safepoint: 28700 ns, Total: 167200 ns
[2020-04-26T15:10:14.385+0000][1][safepoint    ] Safepoint "Cleanup", Time since last: 1000162300 ns, Reaching safepoint: 153800 ns, At safepoint: 28700 ns, Total: 182500 ns
[2020-04-26T15:10:15.385+0000][1][safepoint    ] Safepoint "Cleanup", Time since last: 1000169000 ns, Reaching safepoint: 134400 ns, At safepoint: 28200 ns, Total: 162600 ns
[2020-04-26T15:10:16.385+0000][1][safepoint    ] Safepoint "Cleanup", Time since last: 1000185900 ns, Reaching safepoint: 134700 ns, At safepoint: 28000 ns, Total: 162700 ns
[2020-04-26T15:10:17.386+0000][1][safepoint    ] Safepoint "Cleanup", Time since last: 1000153700 ns, Reaching safepoint: 138700 ns, At safepoint: 40500 ns, Total: 179200 ns
[2020-04-26T15:10:17.594+0000][1][safepoint    ] Safepoint "RevokeBias", Time since last: 208551900 ns, Reaching safepoint: 189400 ns, At safepoint: 72800 ns, Total: 262200 ns
[2020-04-26T15:10:17.595+0000][1][safepoint    ] Safepoint "RevokeBias", Time since last: 201800 ns, Reaching safepoint: 249700 ns, At safepoint: 107000 ns, Total: 356700 ns
[2020-04-26T15:10:17.596+0000][1][safepoint    ] Safepoint "RevokeBias", Time since last: 246800 ns, Reaching safepoint: 172000 ns, At safepoint: 119200 ns, Total: 291200 ns
[2020-04-26T15:10:17.604+0000][1][safepoint    ] Safepoint "RevokeBias", Time since last: 7603600 ns, Reaching safepoint: 314000 ns, At safepoint: 90900 ns, Total: 404900 ns
[2020-04-26T15:10:17.604+0000][1][safepoint    ] Safepoint "RevokeBias", Time since last: 240800 ns, Reaching safepoint: 260900 ns, At safepoint: 118000 ns, Total: 378900 ns
[2020-04-26T15:10:17.605+0000][1][safepoint    ] Safepoint "RevokeBias", Time since last: 183500 ns, Reaching safepoint: 224900 ns, At safepoint: 126100 ns, Total: 351000 ns
[2020-04-26T15:10:18.605+0000][1][safepoint    ] Safepoint "Cleanup", Time since last: 1000184800 ns, Reaching safepoint: 145900 ns, At safepoint: 26400 ns, Total: 172300 ns
[2020-04-26T15:10:19.606+0000][1][safepoint    ] Safepoint "Cleanup", Time since last: 1000152200 ns, Reaching safepoint: 237600 ns, At safepoint: 43700 ns, Total: 281300 ns
[2020-04-26T15:10:20.606+0000][1][safepoint    ] Safepoint "Cleanup", Time since last: 1000169600 ns, Reaching safepoint: 156900 ns, At safepoint: 25400 ns, Total: 182300 ns
[2020-04-26T15:10:21.606+0000][1][safepoint    ] Safepoint "Cleanup", Time since last: 1000153000 ns, Reaching safepoint: 140300 ns, At safepoint: 27000 ns, Total: 167300 ns
[2020-04-26T15:10:22.607+0000][1][safepoint    ] Safepoint "Cleanup", Time since last: 1000184800 ns, Reaching safepoint: 145600 ns, At safepoint: 29000 ns, Total: 174600 ns
[2020-04-26T15:10:23.607+0000][1][safepoint    ] Safepoint "Cleanup", Time since last: 1000120700 ns, Reaching safepoint: 184300 ns, At safepoint: 33800 ns, Total: 218100 ns
[2020-04-26T15:10:24.607+0000][1][safepoint    ] Safepoint "Cleanup", Time since last: 1000160100 ns, Reaching safepoint: 139900 ns, At safepoint: 27500 ns, Total: 167400 ns
[2020-04-26T15:10:25.608+0000][1][safepoint    ] Safepoint "Cleanup", Time since last: 1000127100 ns, Reaching safepoint: 149000 ns, At safepoint: 27500 ns, Total: 176500 ns
[2020-04-26T15:10:26.608+0000][1][safepoint    ] Safepoint "Cleanup", Time since last: 1000168800 ns, Reaching safepoint: 162500 ns, At safepoint: 30300 ns, Total: 192800 ns
[2020-04-26T15:10:27.608+0000][1][safepoint    ] Safepoint "Cleanup", Time since last: 1000110300 ns, Reaching safepoint: 137400 ns, At safepoint: 27400 ns, Total: 164800 ns
[2020-04-26T15:10:28.608+0000][1][safepoint    ] Safepoint "Cleanup", Time since last: 1000138900 ns, Reaching safepoint: 140800 ns, At safepoint: 31200 ns, Total: 172000 ns
[2020-04-26T15:10:29.609+0000][1][safepoint    ] Safepoint "Cleanup", Time since last: 1000126000 ns, Reaching safepoint: 151500 ns, At safepoint: 27500 ns, Total: 179000 ns
[2020-04-26T15:10:30.609+0000][1][safepoint    ] Safepoint "Cleanup", Time since last: 1000170000 ns, Reaching safepoint: 157900 ns, At safepoint: 32900 ns, Total: 190800 ns
[2020-04-26T15:10:31.609+0000][1][safepoint    ] Safepoint "Cleanup", Time since last: 1000131100 ns, Reaching safepoint: 141200 ns, At safepoint: 29500 ns, Total: 170700 ns
[2020-04-26T15:10:32.610+0000][1][safepoint    ] Safepoint "Cleanup", Time since last: 1000136100 ns, Reaching safepoint: 180300 ns, At safepoint: 27500 ns, Total: 207800 ns
[2020-04-26T15:10:33.611+0000][1][safepoint    ] Safepoint "Cleanup", Time since last: 1000540300 ns, Reaching safepoint: 141500 ns, At safepoint: 31800 ns, Total: 173300 ns
[2020-04-26T15:10:34.611+0000][1][safepoint    ] Safepoint "Cleanup", Time since last: 1000153000 ns, Reaching safepoint: 143000 ns, At safepoint: 34100 ns, Total: 177100 ns
[2020-04-26T15:10:35.611+0000][1][safepoint    ] Safepoint "Cleanup", Time since last: 1000123400 ns, Reaching safepoint: 149800 ns, At safepoint: 27300 ns, Total: 177100 ns
[2020-04-26T15:10:36.611+0000][1][safepoint    ] Safepoint "Cleanup", Time since last: 1000131300 ns, Reaching safepoint: 140100 ns, At safepoint: 30400 ns, Total: 170500 ns
[2020-04-26T15:10:37.612+0000][1][safepoint    ] Safepoint "Cleanup", Time since last: 1000124400 ns, Reaching safepoint: 140100 ns, At safepoint: 31800 ns, Total: 171900 ns
[2020-04-26T15:10:38.612+0000][1][safepoint    ] Safepoint "Cleanup", Time since last: 1000189200 ns, Reaching safepoint: 132100 ns, At safepoint: 30000 ns, Total: 162100 ns
[2020-04-26T15:10:38.947+0000][1][safepoint    ] Safepoint "RevokeBias", Time since last: 334821100 ns, Reaching safepoint: 147300 ns, At safepoint: 42300 ns, Total: 189600 ns
[2020-04-26T15:10:39.646+0000][1][safepoint    ] Safepoint "RevokeBias", Time since last: 698644000 ns, Reaching safepoint: 130600 ns, At safepoint: 65300 ns, Total: 195900 ns
[2020-04-26T15:10:40.646+0000][1][safepoint    ] Safepoint "Cleanup", Time since last: 1000136100 ns, Reaching safepoint: 137700 ns, At safepoint: 30900 ns, Total: 168600 ns
[2020-04-26T15:10:41.647+0000][1][safepoint    ] Safepoint "Cleanup", Time since last: 1000124900 ns, Reaching safepoint: 170700 ns, At safepoint: 28800 ns, Total: 199500 ns
[2020-04-26T15:10:42.647+0000][1][safepoint    ] Safepoint "Cleanup", Time since last: 1000181200 ns, Reaching safepoint: 190000 ns, At safepoint: 51400 ns, Total: 241400 ns
[2020-04-26T15:10:43.647+0000][1][safepoint    ] Safepoint "Cleanup", Time since last: 1000132700 ns, Reaching safepoint: 137200 ns, At safepoint: 31700 ns, Total: 168900 ns
[2020-04-26T15:10:44.648+0000][1][safepoint    ] Safepoint "Cleanup", Time since last: 1000176300 ns, Reaching safepoint: 143600 ns, At safepoint: 31900 ns, Total: 175500 ns
[2020-04-26T15:10:44.661+0000][1][safepoint    ] Safepoint "RevokeBias", Time since last: 12689800 ns, Reaching safepoint: 399000 ns, At safepoint: 86300 ns, Total: 485300 ns
[2020-04-26T15:10:44.661+0000][1][safepoint    ] Safepoint "RevokeBias", Time since last: 163100 ns, Reaching safepoint: 200500 ns, At safepoint: 83100 ns, Total: 283600 ns
[2020-04-26T15:10:44.662+0000][1][safepoint    ] Safepoint "RevokeBias", Time since last: 279400 ns, Reaching safepoint: 241400 ns, At safepoint: 78600 ns, Total: 320000 ns
[2020-04-26T15:10:44.662+0000][1][safepoint    ] Safepoint "RevokeBias", Time since last: 142400 ns, Reaching safepoint: 211700 ns, At safepoint: 84500 ns, Total: 296200 ns
[2020-04-26T15:10:44.664+0000][1][safepoint    ] Safepoint "RevokeBias", Time since last: 1213600 ns, Reaching safepoint: 182800 ns, At safepoint: 137200 ns, Total: 320000 ns
[2020-04-26T15:10:44.665+0000][1][safepoint    ] Safepoint "RevokeBias", Time since last: 354300 ns, Reaching safepoint: 225200 ns, At safepoint: 86400 ns, Total: 311600 ns
[2020-04-26T15:10:44.665+0000][1][safepoint    ] Safepoint "RevokeBias", Time since last: 144600 ns, Reaching safepoint: 228800 ns, At safepoint: 134600 ns, Total: 363400 ns
[2020-04-26T15:10:44.666+0000][1][safepoint    ] Safepoint "RevokeBias", Time since last: 336400 ns, Reaching safepoint: 189800 ns, At safepoint: 88400 ns, Total: 278200 ns
[2020-04-26T15:10:44.730+0000][1][safepoint    ] Safepoint "RevokeBias", Time since last: 63651200 ns, Reaching safepoint: 260000 ns, At safepoint: 89500 ns, Total: 349500 ns
[2020-04-26T15:10:44.731+0000][1][safepoint    ] Safepoint "RevokeBias", Time since last: 1342000 ns, Reaching safepoint: 193600 ns, At safepoint: 74400 ns, Total: 268000 ns
[2020-04-26T15:10:44.732+0000][1][safepoint    ] Safepoint "RevokeBias", Time since last: 182100 ns, Reaching safepoint: 120900 ns, At safepoint: 56900 ns, Total: 177800 ns
[2020-04-26T15:10:44.732+0000][1][safepoint    ] Safepoint "RevokeBias", Time since last: 196000 ns, Reaching safepoint: 252100 ns, At safepoint: 68200 ns, Total: 320300 ns
[2020-04-26T15:10:44.733+0000][1][safepoint    ] Safepoint "RevokeBias", Time since last: 130100 ns, Reaching safepoint: 279600 ns, At safepoint: 41500 ns, Total: 321100 ns
[2020-04-26T15:10:44.738+0000][1][safepoint    ] Safepoint "BulkRevokeBias", Time since last: 4378700 ns, Reaching safepoint: 311700 ns, At safepoint: 1165900 ns, Total: 1477600 ns
[2020-04-26T15:10:44.740+0000][1][safepoint    ] Safepoint "RevokeBias", Time since last: 1268100 ns, Reaching safepoint: 362600 ns, At safepoint: 139300 ns, Total: 501900 ns
[2020-04-26T15:10:44.741+0000][1][safepoint    ] Safepoint "RevokeBias", Time since last: 279800 ns, Reaching safepoint: 173200 ns, At safepoint: 67100 ns, Total: 240300 ns
[2020-04-26T15:10:44.741+0000][1][safepoint    ] Safepoint "RevokeBias", Time since last: 375700 ns, Reaching safepoint: 89900 ns, At safepoint: 40400 ns, Total: 130300 ns
[2020-04-26T15:10:44.742+0000][1][safepoint    ] Safepoint "RevokeBias", Time since last: 149800 ns, Reaching safepoint: 97600 ns, At safepoint: 46300 ns, Total: 143900 ns
[2020-04-26T15:10:44.746+0000][1][safepoint    ] Safepoint "RevokeBias", Time since last: 4369600 ns, Reaching safepoint: 158000 ns, At safepoint: 61600 ns, Total: 219600 ns
[2020-04-26T15:10:44.746+0000][1][safepoint    ] Safepoint "RevokeBias", Time since last: 198500 ns, Reaching safepoint: 104300 ns, At safepoint: 54000 ns, Total: 158300 ns
[2020-04-26T15:10:44.747+0000][1][safepoint    ] Safepoint "RevokeBias", Time since last: 197300 ns, Reaching safepoint: 92600 ns, At safepoint: 54300 ns, Total: 146900 ns
[2020-04-26T15:10:44.748+0000][1][safepoint    ] Safepoint "BulkRevokeBias", Time since last: 166100 ns, Reaching safepoint: 81300 ns, At safepoint: 542300 ns, Total: 623600 ns
[2020-04-26T15:10:44.759+0000][1][safepoint    ] Safepoint "RevokeBias", Time since last: 10524300 ns, Reaching safepoint: 340400 ns, At safepoint: 73700 ns, Total: 414100 ns
[2020-04-26T15:10:44.759+0000][1][safepoint    ] Safepoint "RevokeBias", Time since last: 57700 ns, Reaching safepoint: 174800 ns, At safepoint: 77500 ns, Total: 252300 ns
[2020-04-26T15:10:44.759+0000][1][safepoint    ] Safepoint "RevokeBias", Time since last: 110900 ns, Reaching safepoint: 270300 ns, At safepoint: 90000 ns, Total: 360300 ns
[2020-04-26T15:10:45.760+0000][1][safepoint    ] Safepoint "Cleanup", Time since last: 1000173800 ns, Reaching safepoint: 174300 ns, At safepoint: 38600 ns, Total: 212900 ns
[2020-04-26T15:10:46.760+0000][1][safepoint    ] Safepoint "Cleanup", Time since last: 1000151400 ns, Reaching safepoint: 148900 ns, At safepoint: 45200 ns, Total: 194100 ns
[2020-04-26T15:10:47.760+0000][1][safepoint    ] Safepoint "Cleanup", Time since last: 1000202700 ns, Reaching safepoint: 165700 ns, At safepoint: 34300 ns, Total: 200000 ns
[2020-04-26T15:10:47.761+0000][1][safepoint    ] Safepoint "RevokeBias", Time since last: 526000 ns, Reaching safepoint: 124000 ns, At safepoint: 37800 ns, Total: 161800 ns
[2020-04-26T15:10:48.762+0000][1][safepoint    ] Safepoint "Cleanup", Time since last: 1000209900 ns, Reaching safepoint: 192000 ns, At safepoint: 47800 ns, Total: 239800 ns
[2020-04-26T15:10:49.762+0000][1][safepoint    ] Safepoint "Cleanup", Time since last: 1000183100 ns, Reaching safepoint: 189900 ns, At safepoint: 63300 ns, Total: 253200 ns
[2020-04-26T15:10:50.762+0000][1][safepoint    ] Safepoint "Cleanup", Time since last: 1000177500 ns, Reaching safepoint: 153700 ns, At safepoint: 45600 ns, Total: 199300 ns
[2020-04-26T15:10:51.763+0000][1][safepoint    ] Safepoint "Cleanup", Time since last: 1000231100 ns, Reaching safepoint: 184500 ns, At safepoint: 69600 ns, Total: 254100 ns
[2020-04-26T15:10:52.763+0000][1][safepoint    ] Safepoint "Cleanup", Time since last: 1000219200 ns, Reaching safepoint: 156000 ns, At safepoint: 49300 ns, Total: 205300 ns
[2020-04-26T15:10:53.368+0000][1][safepoint    ] Safepoint "RevokeBias", Time since last: 604225900 ns, Reaching safepoint: 137800 ns, At safepoint: 37600 ns, Total: 175400 ns
[2020-04-26T15:10:53.368+0000][1][safepoint    ] Safepoint "RevokeBias", Time since last: 98500 ns, Reaching safepoint: 82600 ns, At safepoint: 30600 ns, Total: 113200 ns
[2020-04-26T15:10:53.368+0000][1][safepoint    ] Safepoint "RevokeBias", Time since last: 139800 ns, Reaching safepoint: 74100 ns, At safepoint: 28900 ns, Total: 103000 ns
[2020-04-26T15:10:53.368+0000][1][safepoint    ] Safepoint "RevokeBias", Time since last: 145900 ns, Reaching safepoint: 110400 ns, At safepoint: 29900 ns, Total: 140300 ns
[2020-04-26T15:10:53.369+0000][1][safepoint    ] Safepoint "RevokeBias", Time since last: 166400 ns, Reaching safepoint: 84500 ns, At safepoint: 32700 ns, Total: 117200 ns
[2020-04-26T15:10:53.369+0000][1][safepoint    ] Safepoint "RevokeBias", Time since last: 78500 ns, Reaching safepoint: 75000 ns, At safepoint: 29800 ns, Total: 104800 ns
[2020-04-26T15:10:53.369+0000][1][safepoint    ] Safepoint "RevokeBias", Time since last: 93000 ns, Reaching safepoint: 80000 ns, At safepoint: 30900 ns, Total: 110900 ns
[2020-04-26T15:10:53.369+0000][1][safepoint    ] Safepoint "RevokeBias", Time since last: 118900 ns, Reaching safepoint: 83500 ns, At safepoint: 37200 ns, Total: 120700 ns
[2020-04-26T15:10:54.370+0000][1][safepoint    ] Safepoint "Cleanup", Time since last: 1000190500 ns, Reaching safepoint: 150300 ns, At safepoint: 29300 ns, Total: 179600 ns
[2020-04-26T15:10:55.370+0000][1][safepoint    ] Safepoint "Cleanup", Time since last: 1000208100 ns, Reaching safepoint: 146000 ns, At safepoint: 31400 ns, Total: 177400 ns
[2020-04-26T15:10:56.370+0000][1][safepoint    ] Safepoint "Cleanup", Time since last: 1000191500 ns, Reaching safepoint: 148500 ns, At safepoint: 30500 ns, Total: 179000 ns
[2020-04-26T15:10:57.371+0000][1][safepoint    ] Safepoint "Cleanup", Time since last: 1000181800 ns, Reaching safepoint: 189800 ns, At safepoint: 49200 ns, Total: 239000 ns
[2020-04-26T15:10:58.371+0000][1][safepoint    ] Safepoint "Cleanup", Time since last: 1000166600 ns, Reaching safepoint: 168400 ns, At safepoint: 29900 ns, Total: 198300 ns
[2020-04-26T15:10:59.373+0000][1][safepoint    ] Safepoint "Cleanup", Time since last: 1000729800 ns, Reaching safepoint: 438000 ns, At safepoint: 127200 ns, Total: 565200 ns
[2020-04-26T15:11:00.373+0000][1][safepoint    ] Safepoint "Cleanup", Time since last: 1000289400 ns, Reaching safepoint: 170500 ns, At safepoint: 38200 ns, Total: 208700 ns
[2020-04-26T15:11:01.373+0000][1][safepoint    ] Safepoint "Cleanup", Time since last: 1000166600 ns, Reaching safepoint: 179900 ns, At safepoint: 32300 ns, Total: 212200 ns
[2020-04-26T15:11:02.374+0000][1][safepoint    ] Safepoint "Cleanup", Time since last: 1000222500 ns, Reaching safepoint: 160000 ns, At safepoint: 30700 ns, Total: 190700 ns
[2020-04-26T15:11:03.368+0000][1][safepoint    ] Safepoint "RevokeBias", Time since last: 993630000 ns, Reaching safepoint: 135700 ns, At safepoint: 41000 ns, Total: 176700 ns
[2020-04-26T15:11:04.368+0000][1][safepoint    ] Safepoint "Cleanup", Time since last: 1000152600 ns, Reaching safepoint: 141700 ns, At safepoint: 28800 ns, Total: 170500 ns
[2020-04-26T15:11:05.368+0000][1][safepoint    ] Safepoint "Cleanup", Time since last: 1000170100 ns, Reaching safepoint: 169000 ns, At safepoint: 21600 ns, Total: 190600 ns
[2020-04-26T15:11:06.369+0000][1][safepoint    ] Safepoint "Cleanup", Time since last: 1000337100 ns, Reaching safepoint: 232900 ns, At safepoint: 29000 ns, Total: 261900 ns
[2020-04-26T15:11:07.369+0000][1][safepoint    ] Safepoint "Cleanup", Time since last: 1000187800 ns, Reaching safepoint: 141300 ns, At safepoint: 49200 ns, Total: 190500 ns
[2020-04-26T15:11:08.370+0000][1][safepoint    ] Safepoint "Cleanup", Time since last: 1000159100 ns, Reaching safepoint: 143300 ns, At safepoint: 27800 ns, Total: 171100 ns
[2020-04-26T15:11:09.370+0000][1][safepoint    ] Safepoint "Cleanup", Time since last: 1000125600 ns, Reaching safepoint: 156000 ns, At safepoint: 33900 ns, Total: 189900 ns
[2020-04-26T15:11:10.370+0000][1][safepoint    ] Safepoint "Cleanup", Time since last: 1000119500 ns, Reaching safepoint: 169600 ns, At safepoint: 33800 ns, Total: 203400 ns
[2020-04-26T15:11:11.371+0000][1][safepoint    ] Safepoint "Cleanup", Time since last: 1000161000 ns, Reaching safepoint: 186300 ns, At safepoint: 33600 ns, Total: 219900 ns
[2020-04-26T15:11:12.371+0000][1][safepoint    ] Safepoint "Cleanup", Time since last: 1000208000 ns, Reaching safepoint: 186300 ns, At safepoint: 29400 ns, Total: 215700 ns
[2020-04-26T15:11:13.371+0000][1][safepoint    ] Safepoint "Cleanup", Time since last: 1000117200 ns, Reaching safepoint: 147700 ns, At safepoint: 31100 ns, Total: 178800 ns
[2020-04-26T15:11:14.372+0000][1][safepoint    ] Safepoint "Cleanup", Time since last: 1000135800 ns, Reaching safepoint: 149500 ns, At safepoint: 27700 ns, Total: 177200 ns
[2020-04-26T15:11:15.372+0000][1][safepoint    ] Safepoint "Cleanup", Time since last: 1000128000 ns, Reaching safepoint: 228200 ns, At safepoint: 31200 ns, Total: 259400 ns
[2020-04-26T15:11:16.372+0000][1][safepoint    ] Safepoint "Cleanup", Time since last: 1000147700 ns, Reaching safepoint: 196700 ns, At safepoint: 27400 ns, Total: 224100 ns
[2020-04-26T15:11:17.373+0000][1][safepoint    ] Safepoint "Cleanup", Time since last: 1000162200 ns, Reaching safepoint: 175900 ns, At safepoint: 48400 ns, Total: 224300 ns
[2020-04-26T15:11:18.373+0000][1][safepoint    ] Safepoint "Cleanup", Time since last: 1000197200 ns, Reaching safepoint: 152500 ns, At safepoint: 50900 ns, Total: 203400 ns
[2020-04-26T15:11:19.374+0000][1][safepoint    ] Safepoint "Cleanup", Time since last: 1000126900 ns, Reaching safepoint: 142800 ns, At safepoint: 30700 ns, Total: 173500 ns
[2020-04-26T15:11:19.550+0000][1][safepoint    ] Safepoint "BulkRevokeBias", Time since last: 175380000 ns, Reaching safepoint: 142100 ns, At safepoint: 555700 ns, Total: 697800 ns
[2020-04-26T15:11:19.550+0000][1][safepoint    ] Safepoint "RevokeBias", Time since last: 387300 ns, Reaching safepoint: 214300 ns, At safepoint: 97700 ns, Total: 312000 ns
[2020-04-26T15:11:19.556+0000][1][safepoint    ] Safepoint "RevokeBias", Time since last: 4963700 ns, Reaching safepoint: 168400 ns, At safepoint: 91900 ns, Total: 260300 ns
[2020-04-26T15:11:19.556+0000][1][safepoint    ] Safepoint "RevokeBias", Time since last: 193200 ns, Reaching safepoint: 243100 ns, At safepoint: 127200 ns, Total: 370300 ns
[2020-04-26T15:11:20.556+0000][1][safepoint    ] Safepoint "Cleanup", Time since last: 1000169400 ns, Reaching safepoint: 141000 ns, At safepoint: 29400 ns, Total: 170400 ns
[2020-04-26T15:11:21.557+0000][1][safepoint    ] Safepoint "Cleanup", Time since last: 1000134000 ns, Reaching safepoint: 203300 ns, At safepoint: 25600 ns, Total: 228900 ns
[2020-04-26T15:11:22.557+0000][1][safepoint    ] Safepoint "Cleanup", Time since last: 1000147000 ns, Reaching safepoint: 137900 ns, At safepoint: 27200 ns, Total: 165100 ns
[2020-04-26T15:11:23.557+0000][1][safepoint    ] Safepoint "Cleanup", Time since last: 1000142000 ns, Reaching safepoint: 137800 ns, At safepoint: 24500 ns, Total: 162300 ns
[2020-04-26T15:11:24.558+0000][1][safepoint    ] Safepoint "Cleanup", Time since last: 1000172900 ns, Reaching safepoint: 199300 ns, At safepoint: 31800 ns, Total: 231100 ns
[2020-04-26T15:11:25.558+0000][1][safepoint    ] Safepoint "Cleanup", Time since last: 1000125100 ns, Reaching safepoint: 135500 ns, At safepoint: 24900 ns, Total: 160400 ns
[2020-04-26T15:11:26.558+0000][1][safepoint    ] Safepoint "Cleanup", Time since last: 1000127200 ns, Reaching safepoint: 189600 ns, At safepoint: 46700 ns, Total: 236300 ns
[2020-04-26T15:11:27.559+0000][1][safepoint    ] Safepoint "Cleanup", Time since last: 1000182200 ns, Reaching safepoint: 155900 ns, At safepoint: 25900 ns, Total: 181800 ns
[2020-04-26T15:11:28.559+0000][1][safepoint    ] Safepoint "Cleanup", Time since last: 1000168000 ns, Reaching safepoint: 139700 ns, At safepoint: 27700 ns, Total: 167400 ns
[2020-04-26T15:11:29.560+0000][1][safepoint    ] Safepoint "Cleanup", Time since last: 1000193600 ns, Reaching safepoint: 223700 ns, At safepoint: 47200 ns, Total: 270900 ns
[2020-04-26T15:11:30.560+0000][1][safepoint    ] Safepoint "Cleanup", Time since last: 1000206800 ns, Reaching safepoint: 142400 ns, At safepoint: 29300 ns, Total: 171700 ns
[2020-04-26T15:11:31.560+0000][1][safepoint    ] Safepoint "Cleanup", Time since last: 1000158100 ns, Reaching safepoint: 142500 ns, At safepoint: 27600 ns, Total: 170100 ns
[2020-04-26T15:11:32.561+0000][1][safepoint    ] Safepoint "Cleanup", Time since last: 1000158100 ns, Reaching safepoint: 160300 ns, At safepoint: 29800 ns, Total: 190100 ns
[2020-04-26T15:11:33.561+0000][1][safepoint    ] Safepoint "Cleanup", Time since last: 1000152200 ns, Reaching safepoint: 143600 ns, At safepoint: 26900 ns, Total: 170500 ns
[2020-04-26T15:11:34.561+0000][1][safepoint    ] Safepoint "Cleanup", Time since last: 1000159100 ns, Reaching safepoint: 143200 ns, At safepoint: 28700 ns, Total: 171900 ns
[2020-04-26T15:11:35.562+0000][1][safepoint    ] Safepoint "Cleanup", Time since last: 1000172200 ns, Reaching safepoint: 145300 ns, At safepoint: 26500 ns, Total: 171800 ns
[2020-04-26T15:11:36.562+0000][1][safepoint    ] Safepoint "Cleanup", Time since last: 1000160200 ns, Reaching safepoint: 140000 ns, At safepoint: 28000 ns, Total: 168000 ns
[2020-04-26T15:11:37.562+0000][1][safepoint    ] Safepoint "Cleanup", Time since last: 1000154600 ns, Reaching safepoint: 140800 ns, At safepoint: 27300 ns, Total: 168100 ns
[2020-04-26T15:11:38.563+0000][1][safepoint    ] Safepoint "Cleanup", Time since last: 1000147800 ns, Reaching safepoint: 142300 ns, At safepoint: 41700 ns, Total: 184000 ns
[2020-04-26T15:11:39.563+0000][1][safepoint    ] Safepoint "Cleanup", Time since last: 1000219900 ns, Reaching safepoint: 214900 ns, At safepoint: 27600 ns, Total: 242500 ns
[2020-04-26T15:11:40.563+0000][1][safepoint    ] Safepoint "Cleanup", Time since last: 1000171100 ns, Reaching safepoint: 141400 ns, At safepoint: 27500 ns, Total: 168900 ns
[2020-04-26T15:11:41.564+0000][1][safepoint    ] Safepoint "Cleanup", Time since last: 1000145200 ns, Reaching safepoint: 155200 ns, At safepoint: 26500 ns, Total: 181700 ns
[2020-04-26T15:11:42.564+0000][1][safepoint    ] Safepoint "Cleanup", Time since last: 1000144800 ns, Reaching safepoint: 135500 ns, At safepoint: 25800 ns, Total: 161300 ns
[2020-04-26T15:11:43.564+0000][1][safepoint    ] Safepoint "Cleanup", Time since last: 1000178600 ns, Reaching safepoint: 140800 ns, At safepoint: 28100 ns, Total: 168900 ns
[2020-04-26T15:11:44.565+0000][1][safepoint    ] Safepoint "Cleanup", Time since last: 1000142600 ns, Reaching safepoint: 139200 ns, At safepoint: 28300 ns, Total: 167500 ns
[2020-04-26T15:11:45.565+0000][1][safepoint    ] Safepoint "Cleanup", Time since last: 1000171900 ns, Reaching safepoint: 144100 ns, At safepoint: 28300 ns, Total: 172400 ns
[2020-04-26T15:11:46.565+0000][1][safepoint    ] Safepoint "Cleanup", Time since last: 1000143100 ns, Reaching safepoint: 134800 ns, At safepoint: 27200 ns, Total: 162000 ns
[2020-04-26T15:11:47.566+0000][1][safepoint    ] Safepoint "Cleanup", Time since last: 1000160700 ns, Reaching safepoint: 288600 ns, At safepoint: 36800 ns, Total: 325400 ns
[2020-04-26T15:11:48.566+0000][1][safepoint    ] Safepoint "Cleanup", Time since last: 1000180800 ns, Reaching safepoint: 155600 ns, At safepoint: 32800 ns, Total: 188400 ns
[2020-04-26T15:11:49.567+0000][1][safepoint    ] Safepoint "Cleanup", Time since last: 1000153400 ns, Reaching safepoint: 144000 ns, At safepoint: 28000 ns, Total: 172000 ns
[2020-04-26T15:11:50.567+0000][1][safepoint    ] Safepoint "Cleanup", Time since last: 1000174500 ns, Reaching safepoint: 144700 ns, At safepoint: 28500 ns, Total: 173200 ns
[2020-04-26T15:11:51.568+0000][1][safepoint    ] Safepoint "Cleanup", Time since last: 1000242700 ns, Reaching safepoint: 437700 ns, At safepoint: 91300 ns, Total: 529000 ns
[2020-04-26T15:11:52.568+0000][1][safepoint    ] Safepoint "Cleanup", Time since last: 1000274000 ns, Reaching safepoint: 142200 ns, At safepoint: 30100 ns, Total: 172300 ns
[2020-04-26T15:11:53.569+0000][1][safepoint    ] Safepoint "Cleanup", Time since last: 1000326500 ns, Reaching safepoint: 598700 ns, At safepoint: 69300 ns, Total: 668000 ns
[2020-04-26T15:11:54.570+0000][1][safepoint    ] Safepoint "Cleanup", Time since last: 1000224200 ns, Reaching safepoint: 144300 ns, At safepoint: 29200 ns, Total: 173500 ns
[2020-04-26T15:11:55.570+0000][1][safepoint    ] Safepoint "Cleanup", Time since last: 1000164800 ns, Reaching safepoint: 155100 ns, At safepoint: 31700 ns, Total: 186800 ns
[2020-04-26T15:11:56.570+0000][1][safepoint    ] Safepoint "Cleanup", Time since last: 1000129100 ns, Reaching safepoint: 139000 ns, At safepoint: 28700 ns, Total: 167700 ns
[2020-04-26T15:11:57.571+0000][1][safepoint    ] Safepoint "Cleanup", Time since last: 1000192900 ns, Reaching safepoint: 250800 ns, At safepoint: 29800 ns, Total: 280600 ns
[2020-04-26T15:11:58.571+0000][1][safepoint    ] Safepoint "Cleanup", Time since last: 1000118700 ns, Reaching safepoint: 136200 ns, At safepoint: 29100 ns, Total: 165300 ns
[2020-04-26T15:11:59.571+0000][1][safepoint    ] Safepoint "Cleanup", Time since last: 1000250700 ns, Reaching safepoint: 141200 ns, At safepoint: 29300 ns, Total: 170500 ns
[2020-04-26T15:12:00.572+0000][1][safepoint    ] Safepoint "Cleanup", Time since last: 1000135600 ns, Reaching safepoint: 148900 ns, At safepoint: 33000 ns, Total: 181900 ns
[2020-04-26T15:12:01.572+0000][1][safepoint    ] Safepoint "Cleanup", Time since last: 1000203300 ns, Reaching safepoint: 151100 ns, At safepoint: 27900 ns, Total: 179000 ns
[2020-04-26T15:12:01.881+0000][1][gc,start     ] GC(23) Pause Young (Allocation Failure)
[2020-04-26T15:12:01.881+0000][1][gc,task      ] GC(23) Using 10 workers of 10 for evacuation
[2020-04-26T15:12:01.888+0000][1][gc,age       ] GC(23) Desired survivor size 8945664 bytes, new threshold 6 (max threshold 6)
[2020-04-26T15:12:01.888+0000][1][gc,age       ] GC(23) Age table with threshold 6 (max threshold 6)
[2020-04-26T15:12:01.888+0000][1][gc,age       ] GC(23) - age   1:     753472 bytes,     753472 total
[2020-04-26T15:12:01.888+0000][1][gc,age       ] GC(23) - age   2:     329512 bytes,    1082984 total
[2020-04-26T15:12:01.888+0000][1][gc,age       ] GC(23) - age   3:     321744 bytes,    1404728 total
[2020-04-26T15:12:01.888+0000][1][gc,age       ] GC(23) - age   4:     218216 bytes,    1622944 total
[2020-04-26T15:12:01.888+0000][1][gc,age       ] GC(23) - age   5:    1160856 bytes,    2783800 total
[2020-04-26T15:12:01.888+0000][1][gc,age       ] GC(23) - age   6:    3624856 bytes,    6408656 total
[2020-04-26T15:12:01.888+0000][1][gc,heap      ] GC(23) ParNew: 149144K->10084K(157248K)
[2020-04-26T15:12:01.888+0000][1][gc,heap      ] GC(23) CMS: 76068K->76068K(349568K)
[2020-04-26T15:12:01.888+0000][1][gc,metaspace ] GC(23) Metaspace: 93703K->93703K(1136640K)
[2020-04-26T15:12:01.888+0000][1][gc           ] GC(23) Pause Young (Allocation Failure) 219M->84M(494M) 7.845ms
[2020-04-26T15:12:01.888+0000][1][gc,cpu       ] GC(23) User=0.03s Sys=0.00s Real=0.01s
[2020-04-26T15:12:01.889+0000][1][safepoint    ] Safepoint "GenCollectForAllocation", Time since last: 308289400 ns, Reaching safepoint: 145200 ns, At safepoint: 8059300 ns, Total: 8204500 ns
[2020-04-26T15:12:02.889+0000][1][safepoint    ] Safepoint "Cleanup", Time since last: 1000227600 ns, Reaching safepoint: 179400 ns, At safepoint: 27400 ns, Total: 206800 ns
[2020-04-26T15:12:03.889+0000][1][safepoint    ] Safepoint "Cleanup", Time since last: 1000110800 ns, Reaching safepoint: 139100 ns, At safepoint: 26600 ns, Total: 165700 ns
[2020-04-26T15:12:04.890+0000][1][safepoint    ] Safepoint "Cleanup", Time since last: 1000163300 ns, Reaching safepoint: 144000 ns, At safepoint: 29400 ns, Total: 173400 ns
[2020-04-26T15:12:05.890+0000][1][safepoint    ] Safepoint "Cleanup", Time since last: 1000150900 ns, Reaching safepoint: 154000 ns, At safepoint: 27100 ns, Total: 181100 ns
[2020-04-26T15:12:06.890+0000][1][safepoint    ] Safepoint "Cleanup", Time since last: 1000116600 ns, Reaching safepoint: 143900 ns, At safepoint: 27300 ns, Total: 171200 ns
[2020-04-26T15:12:07.891+0000][1][safepoint    ] Safepoint "Cleanup", Time since last: 1000153300 ns, Reaching safepoint: 143200 ns, At safepoint: 27100 ns, Total: 170300 ns
[2020-04-26T15:12:08.891+0000][1][safepoint    ] Safepoint "Cleanup", Time since last: 1000168400 ns, Reaching safepoint: 144800 ns, At safepoint: 30300 ns, Total: 175100 ns
[2020-04-26T15:12:09.891+0000][1][safepoint    ] Safepoint "Cleanup", Time since last: 1000171100 ns, Reaching safepoint: 145700 ns, At safepoint: 28500 ns, Total: 174200 ns
[2020-04-26T15:12:10.892+0000][1][safepoint    ] Safepoint "Cleanup", Time since last: 1000175100 ns, Reaching safepoint: 154100 ns, At safepoint: 28700 ns, Total: 182800 ns
[2020-04-26T15:12:11.892+0000][1][safepoint    ] Safepoint "Cleanup", Time since last: 1000148200 ns, Reaching safepoint: 178200 ns, At safepoint: 26600 ns, Total: 204800 ns
[2020-04-26T15:12:12.892+0000][1][safepoint    ] Safepoint "Cleanup", Time since last: 1000157800 ns, Reaching safepoint: 141900 ns, At safepoint: 36800 ns, Total: 178700 ns
[2020-04-26T15:12:13.893+0000][1][safepoint    ] Safepoint "Cleanup", Time since last: 1000128700 ns, Reaching safepoint: 140300 ns, At safepoint: 26400 ns, Total: 166700 ns
[2020-04-26T15:12:14.893+0000][1][safepoint    ] Safepoint "Cleanup", Time since last: 1000145400 ns, Reaching safepoint: 153300 ns, At safepoint: 31900 ns, Total: 185200 ns
[2020-04-26T15:12:15.893+0000][1][safepoint    ] Safepoint "Cleanup", Time since last: 1000119200 ns, Reaching safepoint: 159600 ns, At safepoint: 27100 ns, Total: 186700 ns
[2020-04-26T15:12:16.894+0000][1][safepoint    ] Safepoint "Cleanup", Time since last: 1000133400 ns, Reaching safepoint: 140800 ns, At safepoint: 29200 ns, Total: 170000 ns
[2020-04-26T15:12:17.894+0000][1][safepoint    ] Safepoint "Cleanup", Time since last: 1000176200 ns, Reaching safepoint: 144800 ns, At safepoint: 28700 ns, Total: 173500 ns
[2020-04-26T15:12:18.894+0000][1][safepoint    ] Safepoint "Cleanup", Time since last: 1000123400 ns, Reaching safepoint: 135100 ns, At safepoint: 26600 ns, Total: 161700 ns
[2020-04-26T15:12:19.895+0000][1][safepoint    ] Safepoint "Cleanup", Time since last: 1000177800 ns, Reaching safepoint: 142400 ns, At safepoint: 26700 ns, Total: 169100 ns
[2020-04-26T15:12:20.895+0000][1][safepoint    ] Safepoint "Cleanup", Time since last: 1000114700 ns, Reaching safepoint: 140800 ns, At safepoint: 26400 ns, Total: 167200 ns
[2020-04-26T15:12:21.548+0000][1][safepoint    ] Safepoint "RevokeBias", Time since last: 652600800 ns, Reaching safepoint: 194700 ns, At safepoint: 113300 ns, Total: 308000 ns
[2020-04-26T15:12:21.548+0000][1][safepoint    ] Safepoint "RevokeBias", Time since last: 60400 ns, Reaching safepoint: 189600 ns, At safepoint: 102800 ns, Total: 292400 ns
[2020-04-26T15:12:21.549+0000][1][safepoint    ] Safepoint "RevokeBias", Time since last: 103300 ns, Reaching safepoint: 259300 ns, At safepoint: 72000 ns, Total: 331300 ns
[2020-04-26T15:12:21.554+0000][1][safepoint    ] Safepoint "RevokeBias", Time since last: 5281900 ns, Reaching safepoint: 214300 ns, At safepoint: 118200 ns, Total: 332500 ns
[2020-04-26T15:12:21.555+0000][1][safepoint    ] Safepoint "RevokeBias", Time since last: 85200 ns, Reaching safepoint: 193800 ns, At safepoint: 102700 ns, Total: 296500 ns
[2020-04-26T15:12:21.555+0000][1][safepoint    ] Safepoint "RevokeBias", Time since last: 274100 ns, Reaching safepoint: 191600 ns, At safepoint: 127100 ns, Total: 318700 ns
[2020-04-26T15:12:22.555+0000][1][safepoint    ] Safepoint "Cleanup", Time since last: 1000123300 ns, Reaching safepoint: 157000 ns, At safepoint: 25900 ns, Total: 182900 ns
[2020-04-26T15:12:23.556+0000][1][safepoint    ] Safepoint "Cleanup", Time since last: 1000146800 ns, Reaching safepoint: 142600 ns, At safepoint: 25200 ns, Total: 167800 ns
[2020-04-26T15:12:24.556+0000][1][safepoint    ] Safepoint "Cleanup", Time since last: 1000148900 ns, Reaching safepoint: 135200 ns, At safepoint: 25100 ns, Total: 160300 ns
[2020-04-26T15:12:25.556+0000][1][safepoint    ] Safepoint "Cleanup", Time since last: 1000153200 ns, Reaching safepoint: 139200 ns, At safepoint: 50000 ns, Total: 189200 ns
[2020-04-26T15:12:26.557+0000][1][safepoint    ] Safepoint "Cleanup", Time since last: 1000120400 ns, Reaching safepoint: 136100 ns, At safepoint: 25500 ns, Total: 161600 ns
[2020-04-26T15:12:27.557+0000][1][safepoint    ] Safepoint "Cleanup", Time since last: 1000128300 ns, Reaching safepoint: 137000 ns, At safepoint: 27500 ns, Total: 164500 ns
[2020-04-26T15:12:28.557+0000][1][safepoint    ] Safepoint "Cleanup", Time since last: 1000150600 ns, Reaching safepoint: 227800 ns, At safepoint: 70500 ns, Total: 298300 ns
[2020-04-26T15:12:29.558+0000][1][safepoint    ] Safepoint "Cleanup", Time since last: 1000188200 ns, Reaching safepoint: 141600 ns, At safepoint: 25500 ns, Total: 167100 ns
[2020-04-26T15:12:30.558+0000][1][safepoint    ] Safepoint "Cleanup", Time since last: 1000249600 ns, Reaching safepoint: 199500 ns, At safepoint: 29500 ns, Total: 229000 ns
[2020-04-26T15:12:31.559+0000][1][safepoint    ] Safepoint "Cleanup", Time since last: 1000121700 ns, Reaching safepoint: 144300 ns, At safepoint: 26800 ns, Total: 171100 ns
[2020-04-26T15:12:32.559+0000][1][safepoint    ] Safepoint "Cleanup", Time since last: 1000124900 ns, Reaching safepoint: 138600 ns, At safepoint: 27500 ns, Total: 166100 ns
[2020-04-26T15:12:33.559+0000][1][safepoint    ] Safepoint "Cleanup", Time since last: 1000162900 ns, Reaching safepoint: 206000 ns, At safepoint: 27400 ns, Total: 233400 ns
[2020-04-26T15:12:34.560+0000][1][safepoint    ] Safepoint "Cleanup", Time since last: 1000154300 ns, Reaching safepoint: 142500 ns, At safepoint: 27900 ns, Total: 170400 ns
[2020-04-26T15:12:35.560+0000][1][safepoint    ] Safepoint "Cleanup", Time since last: 1000194300 ns, Reaching safepoint: 136400 ns, At safepoint: 24900 ns, Total: 161300 ns
[2020-04-26T15:12:36.560+0000][1][safepoint    ] Safepoint "Cleanup", Time since last: 1000244700 ns, Reaching safepoint: 141800 ns, At safepoint: 30700 ns, Total: 172500 ns
[2020-04-26T15:12:37.561+0000][1][safepoint    ] Safepoint "Cleanup", Time since last: 1000158500 ns, Reaching safepoint: 144500 ns, At safepoint: 26300 ns, Total: 170800 ns
[2020-04-26T15:12:38.561+0000][1][safepoint    ] Safepoint "Cleanup", Time since last: 1000214000 ns, Reaching safepoint: 179400 ns, At safepoint: 44500 ns, Total: 223900 ns
[2020-04-26T15:12:39.561+0000][1][safepoint    ] Safepoint "Cleanup", Time since last: 1000209400 ns, Reaching safepoint: 144800 ns, At safepoint: 30000 ns, Total: 174800 ns
[2020-04-26T15:12:40.562+0000][1][safepoint    ] Safepoint "Cleanup", Time since last: 1000155500 ns, Reaching safepoint: 143400 ns, At safepoint: 28200 ns, Total: 171600 ns
[2020-04-26T15:12:41.562+0000][1][safepoint    ] Safepoint "Cleanup", Time since last: 1000148500 ns, Reaching safepoint: 218600 ns, At safepoint: 44200 ns, Total: 262800 ns
[2020-04-26T15:12:42.563+0000][1][safepoint    ] Safepoint "Cleanup", Time since last: 1000137200 ns, Reaching safepoint: 141700 ns, At safepoint: 29600 ns, Total: 171300 ns
[2020-04-26T15:12:43.563+0000][1][safepoint    ] Safepoint "Cleanup", Time since last: 1000133000 ns, Reaching safepoint: 177500 ns, At safepoint: 42300 ns, Total: 219800 ns
[2020-04-26T15:12:44.563+0000][1][safepoint    ] Safepoint "Cleanup", Time since last: 1000238600 ns, Reaching safepoint: 147000 ns, At safepoint: 28900 ns, Total: 175900 ns
[2020-04-26T15:12:45.564+0000][1][safepoint    ] Safepoint "Cleanup", Time since last: 1000149300 ns, Reaching safepoint: 136400 ns, At safepoint: 44600 ns, Total: 181000 ns
[2020-04-26T15:12:46.564+0000][1][safepoint    ] Safepoint "Cleanup", Time since last: 1000192100 ns, Reaching safepoint: 142600 ns, At safepoint: 29000 ns, Total: 171600 ns
[2020-04-26T15:12:47.564+0000][1][safepoint    ] Safepoint "Cleanup", Time since last: 1000192100 ns, Reaching safepoint: 145200 ns, At safepoint: 27000 ns, Total: 172200 ns
[2020-04-26T15:12:48.565+0000][1][safepoint    ] Safepoint "Cleanup", Time since last: 1000178700 ns, Reaching safepoint: 145300 ns, At safepoint: 29400 ns, Total: 174700 ns
[2020-04-26T15:12:49.565+0000][1][safepoint    ] Safepoint "Cleanup", Time since last: 1000159700 ns, Reaching safepoint: 144100 ns, At safepoint: 29200 ns, Total: 173300 ns
[2020-04-26T15:12:50.565+0000][1][safepoint    ] Safepoint "Cleanup", Time since last: 1000182700 ns, Reaching safepoint: 137300 ns, At safepoint: 30000 ns, Total: 167300 ns
[2020-04-26T15:12:51.566+0000][1][safepoint    ] Safepoint "Cleanup", Time since last: 1000152000 ns, Reaching safepoint: 141300 ns, At safepoint: 27900 ns, Total: 169200 ns
[2020-04-26T15:12:52.566+0000][1][safepoint    ] Safepoint "Cleanup", Time since last: 1000131900 ns, Reaching safepoint: 172700 ns, At safepoint: 39900 ns, Total: 212600 ns
[2020-04-26T15:12:53.566+0000][1][safepoint    ] Safepoint "Cleanup", Time since last: 1000117700 ns, Reaching safepoint: 135000 ns, At safepoint: 25100 ns, Total: 160100 ns
[2020-04-26T15:12:54.567+0000][1][safepoint    ] Safepoint "Cleanup", Time since last: 1000277800 ns, Reaching safepoint: 143600 ns, At safepoint: 30100 ns, Total: 173700 ns
[2020-04-26T15:12:55.567+0000][1][safepoint    ] Safepoint "Cleanup", Time since last: 1000138400 ns, Reaching safepoint: 243400 ns, At safepoint: 63700 ns, Total: 307100 ns
[2020-04-26T15:12:56.568+0000][1][safepoint    ] Safepoint "Cleanup", Time since last: 1000125100 ns, Reaching safepoint: 143300 ns, At safepoint: 29300 ns, Total: 172600 ns
[2020-04-26T15:12:57.568+0000][1][safepoint    ] Safepoint "Cleanup", Time since last: 1000172800 ns, Reaching safepoint: 141500 ns, At safepoint: 27200 ns, Total: 168700 ns
[2020-04-26T15:12:58.568+0000][1][safepoint    ] Safepoint "Cleanup", Time since last: 1000155800 ns, Reaching safepoint: 157200 ns, At safepoint: 28200 ns, Total: 185400 ns
[2020-04-26T15:12:59.569+0000][1][safepoint    ] Safepoint "Cleanup", Time since last: 1000153600 ns, Reaching safepoint: 144900 ns, At safepoint: 28200 ns, Total: 173100 ns
[2020-04-26T15:13:00.569+0000][1][safepoint    ] Safepoint "Cleanup", Time since last: 1000191300 ns, Reaching safepoint: 143200 ns, At safepoint: 31000 ns, Total: 174200 ns
[2020-04-26T15:13:01.569+0000][1][safepoint    ] Safepoint "Cleanup", Time since last: 1000113500 ns, Reaching safepoint: 156400 ns, At safepoint: 27200 ns, Total: 183600 ns
[2020-04-26T15:13:02.569+0000][1][safepoint    ] Safepoint "Cleanup", Time since last: 1000127500 ns, Reaching safepoint: 140900 ns, At safepoint: 28600 ns, Total: 169500 ns
[2020-04-26T15:13:03.570+0000][1][safepoint    ] Safepoint "Cleanup", Time since last: 1000145000 ns, Reaching safepoint: 157200 ns, At safepoint: 29500 ns, Total: 186700 ns
[2020-04-26T15:13:04.570+0000][1][safepoint    ] Safepoint "Cleanup", Time since last: 1000151300 ns, Reaching safepoint: 149400 ns, At safepoint: 25000 ns, Total: 174400 ns
[2020-04-26T15:13:05.570+0000][1][safepoint    ] Safepoint "Cleanup", Time since last: 1000156200 ns, Reaching safepoint: 154800 ns, At safepoint: 25900 ns, Total: 180700 ns
[2020-04-26T15:13:06.571+0000][1][safepoint    ] Safepoint "Cleanup", Time since last: 1000201700 ns, Reaching safepoint: 158100 ns, At safepoint: 29900 ns, Total: 188000 ns
[2020-04-26T15:13:07.571+0000][1][safepoint    ] Safepoint "Cleanup", Time since last: 1000234200 ns, Reaching safepoint: 170000 ns, At safepoint: 30900 ns, Total: 200900 ns
[2020-04-26T15:13:08.572+0000][1][safepoint    ] Safepoint "Cleanup", Time since last: 1000157300 ns, Reaching safepoint: 141300 ns, At safepoint: 30800 ns, Total: 172100 ns
[2020-04-26T15:13:09.572+0000][1][safepoint    ] Safepoint "Cleanup", Time since last: 1000214800 ns, Reaching safepoint: 141800 ns, At safepoint: 29200 ns, Total: 171000 ns
[2020-04-26T15:13:10.572+0000][1][safepoint    ] Safepoint "Cleanup", Time since last: 1000158000 ns, Reaching safepoint: 143700 ns, At safepoint: 30500 ns, Total: 174200 ns
[2020-04-26T15:13:11.573+0000][1][safepoint    ] Safepoint "Cleanup", Time since last: 1000125000 ns, Reaching safepoint: 137800 ns, At safepoint: 25900 ns, Total: 163700 ns
[2020-04-26T15:13:12.573+0000][1][safepoint    ] Safepoint "Cleanup", Time since last: 1000196900 ns, Reaching safepoint: 151600 ns, At safepoint: 30900 ns, Total: 182500 ns
[2020-04-26T15:13:13.573+0000][1][safepoint    ] Safepoint "Cleanup", Time since last: 1000196700 ns, Reaching safepoint: 151000 ns, At safepoint: 29700 ns, Total: 180700 ns
[2020-04-26T15:13:14.574+0000][1][safepoint    ] Safepoint "Cleanup", Time since last: 1000120200 ns, Reaching safepoint: 141600 ns, At safepoint: 42300 ns, Total: 183900 ns
[2020-04-26T15:13:15.574+0000][1][safepoint    ] Safepoint "Cleanup", Time since last: 1000188800 ns, Reaching safepoint: 144300 ns, At safepoint: 28200 ns, Total: 172500 ns
[2020-04-26T15:13:16.574+0000][1][safepoint    ] Safepoint "Cleanup", Time since last: 1000157400 ns, Reaching safepoint: 147300 ns, At safepoint: 31600 ns, Total: 178900 ns
[2020-04-26T15:13:17.575+0000][1][safepoint    ] Safepoint "Cleanup", Time since last: 1000145300 ns, Reaching safepoint: 140200 ns, At safepoint: 28400 ns, Total: 168600 ns
[2020-04-26T15:13:18.575+0000][1][safepoint    ] Safepoint "Cleanup", Time since last: 1000125000 ns, Reaching safepoint: 148300 ns, At safepoint: 27900 ns, Total: 176200 ns
[2020-04-26T15:13:19.575+0000][1][safepoint    ] Safepoint "Cleanup", Time since last: 1000187400 ns, Reaching safepoint: 140600 ns, At safepoint: 30900 ns, Total: 171500 ns
[2020-04-26T15:13:20.576+0000][1][safepoint    ] Safepoint "Cleanup", Time since last: 1000159200 ns, Reaching safepoint: 144400 ns, At safepoint: 29500 ns, Total: 173900 ns
[2020-04-26T15:13:21.576+0000][1][safepoint    ] Safepoint "Cleanup", Time since last: 1000123000 ns, Reaching safepoint: 144200 ns, At safepoint: 31300 ns, Total: 175500 ns
[2020-04-26T15:13:22.576+0000][1][safepoint    ] Safepoint "Cleanup", Time since last: 1000147300 ns, Reaching safepoint: 140300 ns, At safepoint: 29200 ns, Total: 169500 ns
[2020-04-26T15:13:23.547+0000][1][safepoint    ] Safepoint "RevokeBias", Time since last: 970638100 ns, Reaching safepoint: 144400 ns, At safepoint: 75900 ns, Total: 220300 ns
[2020-04-26T15:13:23.547+0000][1][safepoint    ] Safepoint "RevokeBias", Time since last: 43400 ns, Reaching safepoint: 181200 ns, At safepoint: 83900 ns, Total: 265100 ns
[2020-04-26T15:13:23.548+0000][1][safepoint    ] Safepoint "RevokeBias", Time since last: 192600 ns, Reaching safepoint: 196800 ns, At safepoint: 102700 ns, Total: 299500 ns
[2020-04-26T15:13:23.556+0000][1][safepoint    ] Safepoint "RevokeBias", Time since last: 7851500 ns, Reaching safepoint: 137600 ns, At safepoint: 58300 ns, Total: 195900 ns
[2020-04-26T15:13:23.557+0000][1][safepoint    ] Safepoint "RevokeBias", Time since last: 257200 ns, Reaching safepoint: 264700 ns, At safepoint: 63500 ns, Total: 328200 ns
[2020-04-26T15:13:24.557+0000][1][safepoint    ] Safepoint "Cleanup", Time since last: 1000134200 ns, Reaching safepoint: 136000 ns, At safepoint: 53100 ns, Total: 189100 ns
[2020-04-26T15:13:25.557+0000][1][safepoint    ] Safepoint "Cleanup", Time since last: 1000183800 ns, Reaching safepoint: 140200 ns, At safepoint: 27300 ns, Total: 167500 ns
[2020-04-26T15:13:26.558+0000][1][safepoint    ] Safepoint "Cleanup", Time since last: 1000152100 ns, Reaching safepoint: 136500 ns, At safepoint: 28800 ns, Total: 165300 ns
[2020-04-26T15:13:27.558+0000][1][safepoint    ] Safepoint "Cleanup", Time since last: 1000150500 ns, Reaching safepoint: 134200 ns, At safepoint: 26800 ns, Total: 161000 ns
[2020-04-26T15:13:28.558+0000][1][safepoint    ] Safepoint "Cleanup", Time since last: 1000193500 ns, Reaching safepoint: 139300 ns, At safepoint: 44200 ns, Total: 183500 ns
[2020-04-26T15:13:29.559+0000][1][safepoint    ] Safepoint "Cleanup", Time since last: 1000212200 ns, Reaching safepoint: 163500 ns, At safepoint: 32500 ns, Total: 196000 ns
[2020-04-26T15:13:30.559+0000][1][safepoint    ] Safepoint "Cleanup", Time since last: 1000171900 ns, Reaching safepoint: 157600 ns, At safepoint: 28600 ns, Total: 186200 ns
[2020-04-26T15:13:31.559+0000][1][safepoint    ] Safepoint "Cleanup", Time since last: 1000150300 ns, Reaching safepoint: 135900 ns, At safepoint: 26100 ns, Total: 162000 ns
[2020-04-26T15:13:32.560+0000][1][safepoint    ] Safepoint "Cleanup", Time since last: 1000190800 ns, Reaching safepoint: 152100 ns, At safepoint: 29100 ns, Total: 181200 ns
[2020-04-26T15:13:33.560+0000][1][safepoint    ] Safepoint "Cleanup", Time since last: 1000109400 ns, Reaching safepoint: 154500 ns, At safepoint: 28000 ns, Total: 182500 ns
[2020-04-26T15:13:34.560+0000][1][safepoint    ] Safepoint "Cleanup", Time since last: 1000107500 ns, Reaching safepoint: 143500 ns, At safepoint: 33800 ns, Total: 177300 ns
[2020-04-26T15:13:35.561+0000][1][safepoint    ] Safepoint "Cleanup", Time since last: 1000110300 ns, Reaching safepoint: 133500 ns, At safepoint: 24700 ns, Total: 158200 ns
[2020-04-26T15:13:36.561+0000][1][safepoint    ] Safepoint "Cleanup", Time since last: 1000182000 ns, Reaching safepoint: 166000 ns, At safepoint: 38500 ns, Total: 204500 ns
[2020-04-26T15:13:37.561+0000][1][safepoint    ] Safepoint "Cleanup", Time since last: 1000196200 ns, Reaching safepoint: 176200 ns, At safepoint: 38300 ns, Total: 214500 ns
[2020-04-26T15:13:38.562+0000][1][safepoint    ] Safepoint "Cleanup", Time since last: 1000138200 ns, Reaching safepoint: 219200 ns, At safepoint: 37600 ns, Total: 256800 ns
[2020-04-26T15:13:39.562+0000][1][safepoint    ] Safepoint "Cleanup", Time since last: 1000137000 ns, Reaching safepoint: 173700 ns, At safepoint: 39500 ns, Total: 213200 ns
[2020-04-26T15:13:40.563+0000][1][safepoint    ] Safepoint "Cleanup", Time since last: 1000203900 ns, Reaching safepoint: 176400 ns, At safepoint: 41200 ns, Total: 217600 ns
[2020-04-26T15:13:41.563+0000][1][safepoint    ] Safepoint "Cleanup", Time since last: 1000183100 ns, Reaching safepoint: 239200 ns, At safepoint: 37700 ns, Total: 276900 ns
[2020-04-26T15:13:42.563+0000][1][safepoint    ] Safepoint "Cleanup", Time since last: 1000170800 ns, Reaching safepoint: 139200 ns, At safepoint: 29600 ns, Total: 168800 ns
[2020-04-26T15:13:43.564+0000][1][safepoint    ] Safepoint "Cleanup", Time since last: 1000204900 ns, Reaching safepoint: 141300 ns, At safepoint: 28100 ns, Total: 169400 ns
[2020-04-26T15:13:44.564+0000][1][safepoint    ] Safepoint "Cleanup", Time since last: 1000156600 ns, Reaching safepoint: 136800 ns, At safepoint: 28700 ns, Total: 165500 ns
[2020-04-26T15:13:45.564+0000][1][safepoint    ] Safepoint "Cleanup", Time since last: 1000168500 ns, Reaching safepoint: 149800 ns, At safepoint: 28300 ns, Total: 178100 ns
[2020-04-26T15:13:46.565+0000][1][safepoint    ] Safepoint "Cleanup", Time since last: 1000162100 ns, Reaching safepoint: 138100 ns, At safepoint: 29800 ns, Total: 167900 ns
[2020-04-26T15:13:47.267+0000][1][safepoint    ] Safepoint "RevokeBias", Time since last: 701872100 ns, Reaching safepoint: 140800 ns, At safepoint: 31200 ns, Total: 172000 ns
[2020-04-26T15:13:47.267+0000][1][safepoint    ] Safepoint "RevokeBias", Time since last: 481900 ns, Reaching safepoint: 94900 ns, At safepoint: 27500 ns, Total: 122400 ns
[2020-04-26T15:13:48.268+0000][1][safepoint    ] Safepoint "Cleanup", Time since last: 1000230600 ns, Reaching safepoint: 145800 ns, At safepoint: 29400 ns, Total: 175200 ns
[2020-04-26T15:13:49.268+0000][1][safepoint    ] Safepoint "Cleanup", Time since last: 1000147700 ns, Reaching safepoint: 149700 ns, At safepoint: 26400 ns, Total: 176100 ns
[2020-04-26T15:13:50.268+0000][1][safepoint    ] Safepoint "Cleanup", Time since last: 1000180800 ns, Reaching safepoint: 144500 ns, At safepoint: 28500 ns, Total: 173000 ns
[2020-04-26T15:13:51.269+0000][1][safepoint    ] Safepoint "Cleanup", Time since last: 1000146500 ns, Reaching safepoint: 150600 ns, At safepoint: 63500 ns, Total: 214100 ns
[2020-04-26T15:13:52.269+0000][1][safepoint    ] Safepoint "Cleanup", Time since last: 1000132500 ns, Reaching safepoint: 148800 ns, At safepoint: 28600 ns, Total: 177400 ns
[2020-04-26T15:13:53.269+0000][1][safepoint    ] Safepoint "Cleanup", Time since last: 1000150400 ns, Reaching safepoint: 148200 ns, At safepoint: 30100 ns, Total: 178300 ns
[2020-04-26T15:13:54.270+0000][1][safepoint    ] Safepoint "Cleanup", Time since last: 1000170700 ns, Reaching safepoint: 142600 ns, At safepoint: 47400 ns, Total: 190000 ns
[2020-04-26T15:13:55.270+0000][1][safepoint    ] Safepoint "Cleanup", Time since last: 1000161200 ns, Reaching safepoint: 149600 ns, At safepoint: 28400 ns, Total: 178000 ns
[2020-04-26T15:13:56.271+0000][1][safepoint    ] Safepoint "Cleanup", Time since last: 1000173700 ns, Reaching safepoint: 151000 ns, At safepoint: 30700 ns, Total: 181700 ns
[2020-04-26T15:13:57.271+0000][1][safepoint    ] Safepoint "Cleanup", Time since last: 1000181300 ns, Reaching safepoint: 151900 ns, At safepoint: 29400 ns, Total: 181300 ns
[2020-04-26T15:13:58.271+0000][1][safepoint    ] Safepoint "Cleanup", Time since last: 1000149500 ns, Reaching safepoint: 139300 ns, At safepoint: 27000 ns, Total: 166300 ns
[2020-04-26T15:13:59.272+0000][1][safepoint    ] Safepoint "Cleanup", Time since last: 1000156600 ns, Reaching safepoint: 142000 ns, At safepoint: 47800 ns, Total: 189800 ns
[2020-04-26T15:14:00.272+0000][1][safepoint    ] Safepoint "Cleanup", Time since last: 1000140300 ns, Reaching safepoint: 152200 ns, At safepoint: 35500 ns, Total: 187700 ns
[2020-04-26T15:14:01.272+0000][1][safepoint    ] Safepoint "Cleanup", Time since last: 1000154300 ns, Reaching safepoint: 139400 ns, At safepoint: 28400 ns, Total: 167800 ns
[2020-04-26T15:14:02.273+0000][1][safepoint    ] Safepoint "Cleanup", Time since last: 1000160000 ns, Reaching safepoint: 145100 ns, At safepoint: 26700 ns, Total: 171800 ns
[2020-04-26T15:14:03.273+0000][1][safepoint    ] Safepoint "Cleanup", Time since last: 1000163000 ns, Reaching safepoint: 141900 ns, At safepoint: 30700 ns, Total: 172600 ns
[2020-04-26T15:14:04.273+0000][1][safepoint    ] Safepoint "Cleanup", Time since last: 1000253500 ns, Reaching safepoint: 197700 ns, At safepoint: 36800 ns, Total: 234500 ns
[2020-04-26T15:14:05.274+0000][1][safepoint    ] Safepoint "Cleanup", Time since last: 1000153000 ns, Reaching safepoint: 137900 ns, At safepoint: 28100 ns, Total: 166000 ns
[2020-04-26T15:14:06.274+0000][1][safepoint    ] Safepoint "Cleanup", Time since last: 1000148800 ns, Reaching safepoint: 140000 ns, At safepoint: 28700 ns, Total: 168700 ns
[2020-04-26T15:14:07.274+0000][1][safepoint    ] Safepoint "Cleanup", Time since last: 1000163500 ns, Reaching safepoint: 141300 ns, At safepoint: 28600 ns, Total: 169900 ns
[2020-04-26T15:14:08.275+0000][1][safepoint    ] Safepoint "Cleanup", Time since last: 1000178000 ns, Reaching safepoint: 146100 ns, At safepoint: 29800 ns, Total: 175900 ns
[2020-04-26T15:14:09.275+0000][1][safepoint    ] Safepoint "Cleanup", Time since last: 1000170500 ns, Reaching safepoint: 147200 ns, At safepoint: 30000 ns, Total: 177200 ns
[2020-04-26T15:14:10.275+0000][1][safepoint    ] Safepoint "Cleanup", Time since last: 1000162000 ns, Reaching safepoint: 139200 ns, At safepoint: 28800 ns, Total: 168000 ns
[2020-04-26T15:14:11.276+0000][1][safepoint    ] Safepoint "Cleanup", Time since last: 1000128200 ns, Reaching safepoint: 140500 ns, At safepoint: 27600 ns, Total: 168100 ns
[2020-04-26T15:14:12.276+0000][1][safepoint    ] Safepoint "Cleanup", Time since last: 1000153200 ns, Reaching safepoint: 136300 ns, At safepoint: 30200 ns, Total: 166500 ns
[2020-04-26T15:14:13.276+0000][1][safepoint    ] Safepoint "Cleanup", Time since last: 1000152900 ns, Reaching safepoint: 136300 ns, At safepoint: 26000 ns, Total: 162300 ns
[2020-04-26T15:14:14.277+0000][1][safepoint    ] Safepoint "Cleanup", Time since last: 1000162500 ns, Reaching safepoint: 142600 ns, At safepoint: 25700 ns, Total: 168300 ns
[2020-04-26T15:14:15.277+0000][1][safepoint    ] Safepoint "Cleanup", Time since last: 1000149000 ns, Reaching safepoint: 130300 ns, At safepoint: 50100 ns, Total: 180400 ns
[2020-04-26T15:14:16.277+0000][1][safepoint    ] Safepoint "Cleanup", Time since last: 1000167600 ns, Reaching safepoint: 138400 ns, At safepoint: 26400 ns, Total: 164800 ns
[2020-04-26T15:14:17.278+0000][1][safepoint    ] Safepoint "Cleanup", Time since last: 1000160500 ns, Reaching safepoint: 140100 ns, At safepoint: 28700 ns, Total: 168800 ns
[2020-04-26T15:14:18.278+0000][1][safepoint    ] Safepoint "Cleanup", Time since last: 1000128300 ns, Reaching safepoint: 175400 ns, At safepoint: 28000 ns, Total: 203400 ns
[2020-04-26T15:14:19.278+0000][1][safepoint    ] Safepoint "Cleanup", Time since last: 1000196700 ns, Reaching safepoint: 139200 ns, At safepoint: 27400 ns, Total: 166600 ns
[2020-04-26T15:14:20.279+0000][1][safepoint    ] Safepoint "Cleanup", Time since last: 1000195200 ns, Reaching safepoint: 145300 ns, At safepoint: 25900 ns, Total: 171200 ns
[2020-04-26T15:14:21.279+0000][1][safepoint    ] Safepoint "Cleanup", Time since last: 1000146500 ns, Reaching safepoint: 135500 ns, At safepoint: 44100 ns, Total: 179600 ns
[2020-04-26T15:14:22.279+0000][1][safepoint    ] Safepoint "Cleanup", Time since last: 1000161500 ns, Reaching safepoint: 142900 ns, At safepoint: 29300 ns, Total: 172200 ns
[2020-04-26T15:14:23.280+0000][1][safepoint    ] Safepoint "Cleanup", Time since last: 1000171900 ns, Reaching safepoint: 140800 ns, At safepoint: 26300 ns, Total: 167100 ns
[2020-04-26T15:14:24.280+0000][1][safepoint    ] Safepoint "Cleanup", Time since last: 1000205900 ns, Reaching safepoint: 138100 ns, At safepoint: 31500 ns, Total: 169600 ns
[2020-04-26T15:14:25.280+0000][1][safepoint    ] Safepoint "Cleanup", Time since last: 1000215600 ns, Reaching safepoint: 208400 ns, At safepoint: 34500 ns, Total: 242900 ns
[2020-04-26T15:14:25.550+0000][1][safepoint    ] Safepoint "RevokeBias", Time since last: 269644000 ns, Reaching safepoint: 147700 ns, At safepoint: 64400 ns, Total: 212100 ns
[2020-04-26T15:14:25.551+0000][1][safepoint    ] Safepoint "RevokeBias", Time since last: 165500 ns, Reaching safepoint: 181800 ns, At safepoint: 64400 ns, Total: 246200 ns
[2020-04-26T15:14:25.551+0000][1][safepoint    ] Safepoint "RevokeBias", Time since last: 204400 ns, Reaching safepoint: 249000 ns, At safepoint: 58400 ns, Total: 307400 ns
[2020-04-26T15:14:25.556+0000][1][safepoint    ] Safepoint "RevokeBias", Time since last: 4831200 ns, Reaching safepoint: 125700 ns, At safepoint: 71600 ns, Total: 197300 ns
[2020-04-26T15:14:25.557+0000][1][safepoint    ] Safepoint "RevokeBias", Time since last: 131500 ns, Reaching safepoint: 96900 ns, At safepoint: 69300 ns, Total: 166200 ns
[2020-04-26T15:14:25.557+0000][1][safepoint    ] Safepoint "RevokeBias", Time since last: 200400 ns, Reaching safepoint: 169500 ns, At safepoint: 58800 ns, Total: 228300 ns
[2020-04-26T15:14:26.557+0000][1][safepoint    ] Safepoint "Cleanup", Time since last: 1000154100 ns, Reaching safepoint: 165900 ns, At safepoint: 32100 ns, Total: 198000 ns
[2020-04-26T15:14:27.558+0000][1][safepoint    ] Safepoint "Cleanup", Time since last: 1000129000 ns, Reaching safepoint: 179600 ns, At safepoint: 39800 ns, Total: 219400 ns
[2020-04-26T15:14:28.558+0000][1][safepoint    ] Safepoint "Cleanup", Time since last: 1000126600 ns, Reaching safepoint: 144900 ns, At safepoint: 35000 ns, Total: 179900 ns
[2020-04-26T15:14:29.559+0000][1][safepoint    ] Safepoint "Cleanup", Time since last: 1000215600 ns, Reaching safepoint: 278500 ns, At safepoint: 47000 ns, Total: 325500 ns
[2020-04-26T15:14:30.559+0000][1][safepoint    ] Safepoint "Cleanup", Time since last: 1000258600 ns, Reaching safepoint: 210500 ns, At safepoint: 45800 ns, Total: 256300 ns
[2020-04-26T15:14:31.559+0000][1][safepoint    ] Safepoint "Cleanup", Time since last: 1000182300 ns, Reaching safepoint: 157200 ns, At safepoint: 42100 ns, Total: 199300 ns
[2020-04-26T15:14:32.560+0000][1][safepoint    ] Safepoint "Cleanup", Time since last: 1000169700 ns, Reaching safepoint: 138900 ns, At safepoint: 28100 ns, Total: 167000 ns
[2020-04-26T15:14:33.560+0000][1][safepoint    ] Safepoint "Cleanup", Time since last: 1000149800 ns, Reaching safepoint: 143100 ns, At safepoint: 40300 ns, Total: 183400 ns
[2020-04-26T15:14:34.561+0000][1][safepoint    ] Safepoint "Cleanup", Time since last: 1000202100 ns, Reaching safepoint: 165800 ns, At safepoint: 34900 ns, Total: 200700 ns
[2020-04-26T15:14:35.561+0000][1][safepoint    ] Safepoint "Cleanup", Time since last: 1000235300 ns, Reaching safepoint: 439500 ns, At safepoint: 139300 ns, Total: 578800 ns
[2020-04-26T15:14:36.562+0000][1][safepoint    ] Safepoint "Cleanup", Time since last: 1000376600 ns, Reaching safepoint: 147900 ns, At safepoint: 32300 ns, Total: 180200 ns
[2020-04-26T15:14:37.562+0000][1][safepoint    ] Safepoint "Cleanup", Time since last: 1000150200 ns, Reaching safepoint: 169200 ns, At safepoint: 34400 ns, Total: 203600 ns
[2020-04-26T15:14:38.563+0000][1][safepoint    ] Safepoint "Cleanup", Time since last: 1000280700 ns, Reaching safepoint: 257700 ns, At safepoint: 40100 ns, Total: 297800 ns
[2020-04-26T15:14:39.563+0000][1][safepoint    ] Safepoint "Cleanup", Time since last: 1000166500 ns, Reaching safepoint: 152500 ns, At safepoint: 32400 ns, Total: 184900 ns
[2020-04-26T15:14:40.564+0000][1][safepoint    ] Safepoint "Cleanup", Time since last: 1000189700 ns, Reaching safepoint: 249900 ns, At safepoint: 46600 ns, Total: 296500 ns
[2020-04-26T15:14:41.564+0000][1][safepoint    ] Safepoint "Cleanup", Time since last: 1000227000 ns, Reaching safepoint: 162200 ns, At safepoint: 28400 ns, Total: 190600 ns
[2020-04-26T15:14:42.564+0000][1][safepoint    ] Safepoint "Cleanup", Time since last: 1000172800 ns, Reaching safepoint: 177200 ns, At safepoint: 39000 ns, Total: 216200 ns
[2020-04-26T15:14:43.565+0000][1][safepoint    ] Safepoint "Cleanup", Time since last: 1000139200 ns, Reaching safepoint: 161000 ns, At safepoint: 28500 ns, Total: 189500 ns
[2020-04-26T15:14:44.565+0000][1][safepoint    ] Safepoint "Cleanup", Time since last: 1000169700 ns, Reaching safepoint: 164500 ns, At safepoint: 32200 ns, Total: 196700 ns
[2020-04-26T15:14:45.566+0000][1][safepoint    ] Safepoint "Cleanup", Time since last: 1000154100 ns, Reaching safepoint: 142700 ns, At safepoint: 29400 ns, Total: 172100 ns
[2020-04-26T15:14:46.566+0000][1][safepoint    ] Safepoint "Cleanup", Time since last: 1000170200 ns, Reaching safepoint: 137200 ns, At safepoint: 26900 ns, Total: 164100 ns
[2020-04-26T15:14:47.566+0000][1][safepoint    ] Safepoint "Cleanup", Time since last: 1000129300 ns, Reaching safepoint: 152500 ns, At safepoint: 26700 ns, Total: 179200 ns
[2020-04-26T15:14:48.566+0000][1][safepoint    ] Safepoint "Cleanup", Time since last: 1000130200 ns, Reaching safepoint: 161300 ns, At safepoint: 43400 ns, Total: 204700 ns
[2020-04-26T15:14:49.567+0000][1][safepoint    ] Safepoint "Cleanup", Time since last: 1000158300 ns, Reaching safepoint: 138800 ns, At safepoint: 29100 ns, Total: 167900 ns
[2020-04-26T15:14:50.250+0000][1][gc,start     ] GC(24) Pause Young (Allocation Failure)
[2020-04-26T15:14:50.250+0000][1][gc,task      ] GC(24) Using 10 workers of 10 for evacuation
[2020-04-26T15:14:50.256+0000][1][gc,age       ] GC(24) Desired survivor size 8945664 bytes, new threshold 6 (max threshold 6)
[2020-04-26T15:14:50.256+0000][1][gc,age       ] GC(24) Age table with threshold 6 (max threshold 6)
[2020-04-26T15:14:50.256+0000][1][gc,age       ] GC(24) - age   1:     313728 bytes,     313728 total
[2020-04-26T15:14:50.256+0000][1][gc,age       ] GC(24) - age   2:     693048 bytes,    1006776 total
[2020-04-26T15:14:50.256+0000][1][gc,age       ] GC(24) - age   3:     329512 bytes,    1336288 total
[2020-04-26T15:14:50.256+0000][1][gc,age       ] GC(24) - age   4:     305224 bytes,    1641512 total
[2020-04-26T15:14:50.256+0000][1][gc,age       ] GC(24) - age   5:     218176 bytes,    1859688 total
[2020-04-26T15:14:50.256+0000][1][gc,age       ] GC(24) - age   6:    1160752 bytes,    3020440 total
[2020-04-26T15:14:50.256+0000][1][gc,heap      ] GC(24) ParNew: 149860K->6794K(157248K)
[2020-04-26T15:14:50.256+0000][1][gc,heap      ] GC(24) CMS: 76068K->79701K(349568K)
[2020-04-26T15:14:50.256+0000][1][gc,metaspace ] GC(24) Metaspace: 93813K->93813K(1136640K)
[2020-04-26T15:14:50.257+0000][1][gc           ] GC(24) Pause Young (Allocation Failure) 220M->84M(494M) 6.192ms
[2020-04-26T15:14:50.257+0000][1][gc,cpu       ] GC(24) User=0.05s Sys=0.00s Real=0.00s
[2020-04-26T15:14:50.257+0000][1][safepoint    ] Safepoint "GenCollectForAllocation", Time since last: 683337700 ns, Reaching safepoint: 156400 ns, At safepoint: 6292100 ns, Total: 6448500 ns
[2020-04-26T15:14:51.257+0000][1][safepoint    ] Safepoint "Cleanup", Time since last: 1000160900 ns, Reaching safepoint: 149800 ns, At safepoint: 32700 ns, Total: 182500 ns
[2020-04-26T15:14:52.257+0000][1][safepoint    ] Safepoint "Cleanup", Time since last: 1000210100 ns, Reaching safepoint: 141300 ns, At safepoint: 27500 ns, Total: 168800 ns
[2020-04-26T15:14:53.258+0000][1][safepoint    ] Safepoint "Cleanup", Time since last: 1000162000 ns, Reaching safepoint: 132500 ns, At safepoint: 44600 ns, Total: 177100 ns
[2020-04-26T15:14:53.379+0000][1][safepoint    ] Safepoint "RevokeBias", Time since last: 120814700 ns, Reaching safepoint: 136000 ns, At safepoint: 39800 ns, Total: 175800 ns
[2020-04-26T15:14:53.379+0000][1][safepoint    ] Safepoint "RevokeBias", Time since last: 139400 ns, Reaching safepoint: 94000 ns, At safepoint: 34700 ns, Total: 128700 ns
[2020-04-26T15:14:53.379+0000][1][safepoint    ] Safepoint "RevokeBias", Time since last: 157900 ns, Reaching safepoint: 72900 ns, At safepoint: 33800 ns, Total: 106700 ns
[2020-04-26T15:14:53.379+0000][1][safepoint    ] Safepoint "RevokeBias", Time since last: 161300 ns, Reaching safepoint: 89300 ns, At safepoint: 33200 ns, Total: 122500 ns
[2020-04-26T15:14:53.380+0000][1][safepoint    ] Safepoint "RevokeBias", Time since last: 127500 ns, Reaching safepoint: 73000 ns, At safepoint: 33300 ns, Total: 106300 ns
[2020-04-26T15:14:53.380+0000][1][safepoint    ] Safepoint "RevokeBias", Time since last: 157600 ns, Reaching safepoint: 73200 ns, At safepoint: 33000 ns, Total: 106200 ns
[2020-04-26T15:14:53.380+0000][1][safepoint    ] Safepoint "RevokeBias", Time since last: 156400 ns, Reaching safepoint: 72900 ns, At safepoint: 38400 ns, Total: 111300 ns
[2020-04-26T15:14:53.380+0000][1][safepoint    ] Safepoint "RevokeBias", Time since last: 163200 ns, Reaching safepoint: 73200 ns, At safepoint: 32400 ns, Total: 105600 ns
[2020-04-26T15:14:54.381+0000][1][safepoint    ] Safepoint "Cleanup", Time since last: 1000133000 ns, Reaching safepoint: 141100 ns, At safepoint: 32000 ns, Total: 173100 ns
[2020-04-26T15:14:55.381+0000][1][safepoint    ] Safepoint "Cleanup", Time since last: 1000218500 ns, Reaching safepoint: 139100 ns, At safepoint: 30600 ns, Total: 169700 ns
[2020-04-26T15:14:56.382+0000][1][safepoint    ] Safepoint "Cleanup", Time since last: 1000224300 ns, Reaching safepoint: 145500 ns, At safepoint: 30300 ns, Total: 175800 ns
[2020-04-26T15:14:57.382+0000][1][safepoint    ] Safepoint "Cleanup", Time since last: 1000126700 ns, Reaching safepoint: 143000 ns, At safepoint: 41800 ns, Total: 184800 ns
[2020-04-26T15:14:58.382+0000][1][safepoint    ] Safepoint "Cleanup", Time since last: 1000213400 ns, Reaching safepoint: 148300 ns, At safepoint: 32900 ns, Total: 181200 ns
[2020-04-26T15:14:59.383+0000][1][safepoint    ] Safepoint "Cleanup", Time since last: 1000218300 ns, Reaching safepoint: 183300 ns, At safepoint: 35700 ns, Total: 219000 ns
[2020-04-26T15:15:00.383+0000][1][safepoint    ] Safepoint "Cleanup", Time since last: 1000216600 ns, Reaching safepoint: 163800 ns, At safepoint: 29600 ns, Total: 193400 ns
[2020-04-26T15:15:01.383+0000][1][safepoint    ] Safepoint "Cleanup", Time since last: 1000152300 ns, Reaching safepoint: 135400 ns, At safepoint: 26100 ns, Total: 161500 ns
[2020-04-26T15:15:02.384+0000][1][safepoint    ] Safepoint "Cleanup", Time since last: 1000181100 ns, Reaching safepoint: 148300 ns, At safepoint: 31900 ns, Total: 180200 ns
[2020-04-26T15:15:03.384+0000][1][safepoint    ] Safepoint "Cleanup", Time since last: 1000138300 ns, Reaching safepoint: 162100 ns, At safepoint: 51100 ns, Total: 213200 ns
[2020-04-26T15:15:04.385+0000][1][safepoint    ] Safepoint "Cleanup", Time since last: 1000233900 ns, Reaching safepoint: 223500 ns, At safepoint: 50400 ns, Total: 273900 ns
[2020-04-26T15:15:05.385+0000][1][safepoint    ] Safepoint "Cleanup", Time since last: 1000138300 ns, Reaching safepoint: 219100 ns, At safepoint: 49000 ns, Total: 268100 ns
[2020-04-26T15:15:06.385+0000][1][safepoint    ] Safepoint "Cleanup", Time since last: 1000117100 ns, Reaching safepoint: 140100 ns, At safepoint: 29200 ns, Total: 169300 ns
[2020-04-26T15:15:07.386+0000][1][safepoint    ] Safepoint "Cleanup", Time since last: 1000150200 ns, Reaching safepoint: 158000 ns, At safepoint: 30700 ns, Total: 188700 ns
[2020-04-26T15:15:08.386+0000][1][safepoint    ] Safepoint "Cleanup", Time since last: 1000169300 ns, Reaching safepoint: 147000 ns, At safepoint: 29500 ns, Total: 176500 ns
[2020-04-26T15:15:09.386+0000][1][safepoint    ] Safepoint "Cleanup", Time since last: 1000151600 ns, Reaching safepoint: 138300 ns, At safepoint: 29900 ns, Total: 168200 ns
[2020-04-26T15:15:10.387+0000][1][safepoint    ] Safepoint "Cleanup", Time since last: 1000228400 ns, Reaching safepoint: 157500 ns, At safepoint: 28700 ns, Total: 186200 ns
[2020-04-26T15:15:11.387+0000][1][safepoint    ] Safepoint "Cleanup", Time since last: 1000132000 ns, Reaching safepoint: 139700 ns, At safepoint: 29100 ns, Total: 168800 ns
[2020-04-26T15:15:12.387+0000][1][safepoint    ] Safepoint "Cleanup", Time since last: 1000133600 ns, Reaching safepoint: 141100 ns, At safepoint: 31500 ns, Total: 172600 ns
[2020-04-26T15:15:13.388+0000][1][safepoint    ] Safepoint "Cleanup", Time since last: 1000152600 ns, Reaching safepoint: 153700 ns, At safepoint: 27200 ns, Total: 180900 ns
[2020-04-26T15:15:14.388+0000][1][safepoint    ] Safepoint "Cleanup", Time since last: 1000105100 ns, Reaching safepoint: 134000 ns, At safepoint: 26800 ns, Total: 160800 ns
[2020-04-26T15:15:15.388+0000][1][safepoint    ] Safepoint "Cleanup", Time since last: 1000213400 ns, Reaching safepoint: 149500 ns, At safepoint: 27800 ns, Total: 177300 ns
[2020-04-26T15:15:16.389+0000][1][safepoint    ] Safepoint "Cleanup", Time since last: 1000163200 ns, Reaching safepoint: 168200 ns, At safepoint: 26600 ns, Total: 194800 ns
[2020-04-26T15:15:17.389+0000][1][safepoint    ] Safepoint "Cleanup", Time since last: 1000126400 ns, Reaching safepoint: 144900 ns, At safepoint: 30700 ns, Total: 175600 ns
[2020-04-26T15:15:18.389+0000][1][safepoint    ] Safepoint "Cleanup", Time since last: 1000144000 ns, Reaching safepoint: 134800 ns, At safepoint: 26100 ns, Total: 160900 ns
[2020-04-26T15:15:19.390+0000][1][safepoint    ] Safepoint "Cleanup", Time since last: 1000200600 ns, Reaching safepoint: 153600 ns, At safepoint: 27200 ns, Total: 180800 ns
[2020-04-26T15:15:20.390+0000][1][safepoint    ] Safepoint "Cleanup", Time since last: 1000132700 ns, Reaching safepoint: 137700 ns, At safepoint: 27500 ns, Total: 165200 ns
[2020-04-26T15:15:21.390+0000][1][safepoint    ] Safepoint "Cleanup", Time since last: 1000200900 ns, Reaching safepoint: 135900 ns, At safepoint: 27500 ns, Total: 163400 ns
[2020-04-26T15:15:22.391+0000][1][safepoint    ] Safepoint "Cleanup", Time since last: 1000131600 ns, Reaching safepoint: 130900 ns, At safepoint: 26500 ns, Total: 157400 ns
[2020-04-26T15:15:23.391+0000][1][safepoint    ] Safepoint "Cleanup", Time since last: 1000162700 ns, Reaching safepoint: 136500 ns, At safepoint: 28600 ns, Total: 165100 ns
[2020-04-26T15:15:24.391+0000][1][safepoint    ] Safepoint "Cleanup", Time since last: 1000136400 ns, Reaching safepoint: 138900 ns, At safepoint: 30200 ns, Total: 169100 ns
[2020-04-26T15:15:25.392+0000][1][safepoint    ] Safepoint "Cleanup", Time since last: 1000189500 ns, Reaching safepoint: 140400 ns, At safepoint: 30500 ns, Total: 170900 ns
[2020-04-26T15:15:26.392+0000][1][safepoint    ] Safepoint "Cleanup", Time since last: 1000195100 ns, Reaching safepoint: 150700 ns, At safepoint: 32600 ns, Total: 183300 ns
[2020-04-26T15:15:26.553+0000][1][safepoint    ] Safepoint "RevokeBias", Time since last: 160568500 ns, Reaching safepoint: 195400 ns, At safepoint: 94300 ns, Total: 289700 ns
[2020-04-26T15:15:26.554+0000][1][safepoint    ] Safepoint "RevokeBias", Time since last: 324500 ns, Reaching safepoint: 291100 ns, At safepoint: 158200 ns, Total: 449300 ns
[2020-04-26T15:15:26.555+0000][1][safepoint    ] Safepoint "BulkRevokeBias", Time since last: 88400 ns, Reaching safepoint: 207300 ns, At safepoint: 619700 ns, Total: 827000 ns
[2020-04-26T15:15:26.559+0000][1][safepoint    ] Safepoint "RevokeBias", Time since last: 4537400 ns, Reaching safepoint: 181200 ns, At safepoint: 89600 ns, Total: 270800 ns
[2020-04-26T15:15:26.560+0000][1][safepoint    ] Safepoint "RevokeBias", Time since last: 389800 ns, Reaching safepoint: 232800 ns, At safepoint: 165700 ns, Total: 398500 ns
[2020-04-26T15:15:26.561+0000][1][safepoint    ] Safepoint "RevokeBias", Time since last: 70300 ns, Reaching safepoint: 201000 ns, At safepoint: 128900 ns, Total: 329900 ns
[2020-04-26T15:15:27.561+0000][1][safepoint    ] Safepoint "Cleanup", Time since last: 1000131500 ns, Reaching safepoint: 142100 ns, At safepoint: 29300 ns, Total: 171400 ns
[2020-04-26T15:15:28.561+0000][1][safepoint    ] Safepoint "Cleanup", Time since last: 1000133400 ns, Reaching safepoint: 132600 ns, At safepoint: 27200 ns, Total: 159800 ns
[2020-04-26T15:15:29.562+0000][1][safepoint    ] Safepoint "Cleanup", Time since last: 1000149200 ns, Reaching safepoint: 133600 ns, At safepoint: 25900 ns, Total: 159500 ns
[2020-04-26T15:15:30.562+0000][1][safepoint    ] Safepoint "Cleanup", Time since last: 1000118300 ns, Reaching safepoint: 132400 ns, At safepoint: 55500 ns, Total: 187900 ns
[2020-04-26T15:15:31.562+0000][1][safepoint    ] Safepoint "Cleanup", Time since last: 1000157100 ns, Reaching safepoint: 177800 ns, At safepoint: 26300 ns, Total: 204100 ns
[2020-04-26T15:15:32.562+0000][1][safepoint    ] Safepoint "Cleanup", Time since last: 1000162200 ns, Reaching safepoint: 136700 ns, At safepoint: 27200 ns, Total: 163900 ns
[2020-04-26T15:15:33.563+0000][1][safepoint    ] Safepoint "Cleanup", Time since last: 1000147100 ns, Reaching safepoint: 135400 ns, At safepoint: 25500 ns, Total: 160900 ns
[2020-04-26T15:15:34.563+0000][1][safepoint    ] Safepoint "Cleanup", Time since last: 1000235100 ns, Reaching safepoint: 148700 ns, At safepoint: 28500 ns, Total: 177200 ns
[2020-04-26T15:15:35.564+0000][1][safepoint    ] Safepoint "Cleanup", Time since last: 1000199200 ns, Reaching safepoint: 140300 ns, At safepoint: 31500 ns, Total: 171800 ns
[2020-04-26T15:15:36.564+0000][1][safepoint    ] Safepoint "Cleanup", Time since last: 1000169300 ns, Reaching safepoint: 162500 ns, At safepoint: 26400 ns, Total: 188900 ns
[2020-04-26T15:15:37.564+0000][1][safepoint    ] Safepoint "Cleanup", Time since last: 1000119700 ns, Reaching safepoint: 144500 ns, At safepoint: 29400 ns, Total: 173900 ns
[2020-04-26T15:15:38.565+0000][1][safepoint    ] Safepoint "Cleanup", Time since last: 1000189500 ns, Reaching safepoint: 158200 ns, At safepoint: 30100 ns, Total: 188300 ns
[2020-04-26T15:15:39.565+0000][1][safepoint    ] Safepoint "Cleanup", Time since last: 1000144900 ns, Reaching safepoint: 169900 ns, At safepoint: 35800 ns, Total: 205700 ns
[2020-04-26T15:15:40.565+0000][1][safepoint    ] Safepoint "Cleanup", Time since last: 1000195200 ns, Reaching safepoint: 140700 ns, At safepoint: 30000 ns, Total: 170700 ns
[2020-04-26T15:15:41.566+0000][1][safepoint    ] Safepoint "Cleanup", Time since last: 1000141500 ns, Reaching safepoint: 137300 ns, At safepoint: 48500 ns, Total: 185800 ns
[2020-04-26T15:15:42.566+0000][1][safepoint    ] Safepoint "Cleanup", Time since last: 1000165800 ns, Reaching safepoint: 138300 ns, At safepoint: 27800 ns, Total: 166100 ns
[2020-04-26T15:15:43.566+0000][1][safepoint    ] Safepoint "Cleanup", Time since last: 1000254800 ns, Reaching safepoint: 137800 ns, At safepoint: 46800 ns, Total: 184600 ns
[2020-04-26T15:15:44.567+0000][1][safepoint    ] Safepoint "Cleanup", Time since last: 1000143100 ns, Reaching safepoint: 129300 ns, At safepoint: 24900 ns, Total: 154200 ns
[2020-04-26T15:15:44.759+0000][1][safepoint    ] Safepoint "RevokeBias", Time since last: 191603600 ns, Reaching safepoint: 137400 ns, At safepoint: 37800 ns, Total: 175200 ns
[2020-04-26T15:15:44.759+0000][1][safepoint    ] Safepoint "RevokeBias", Time since last: 613900 ns, Reaching safepoint: 93100 ns, At safepoint: 34300 ns, Total: 127400 ns
[2020-04-26T15:15:44.760+0000][1][safepoint    ] Safepoint "RevokeBias", Time since last: 318500 ns, Reaching safepoint: 78700 ns, At safepoint: 34000 ns, Total: 112700 ns
[2020-04-26T15:15:45.760+0000][1][safepoint    ] Safepoint "Cleanup", Time since last: 1000167000 ns, Reaching safepoint: 134300 ns, At safepoint: 29500 ns, Total: 163800 ns
[2020-04-26T15:15:46.760+0000][1][safepoint    ] Safepoint "Cleanup", Time since last: 1000151600 ns, Reaching safepoint: 136000 ns, At safepoint: 29300 ns, Total: 165300 ns
[2020-04-26T15:15:47.761+0000][1][safepoint    ] Safepoint "Cleanup", Time since last: 1000177000 ns, Reaching safepoint: 140600 ns, At safepoint: 30800 ns, Total: 171400 ns
[2020-04-26T15:15:48.251+0000][1][safepoint    ] Safepoint "RevokeBias", Time since last: 489771300 ns, Reaching safepoint: 161200 ns, At safepoint: 46800 ns, Total: 208000 ns
[2020-04-26T15:15:48.251+0000][1][safepoint    ] Safepoint "RevokeBias", Time since last: 180800 ns, Reaching safepoint: 126400 ns, At safepoint: 38300 ns, Total: 164700 ns
[2020-04-26T15:15:48.253+0000][1][safepoint    ] Safepoint "RevokeBias", Time since last: 1447200 ns, Reaching safepoint: 273700 ns, At safepoint: 62800 ns, Total: 336500 ns
[2020-04-26T15:15:48.253+0000][1][safepoint    ] Safepoint "RevokeBias", Time since last: 120800 ns, Reaching safepoint: 113500 ns, At safepoint: 59500 ns, Total: 173000 ns
[2020-04-26T15:15:48.253+0000][1][safepoint    ] Safepoint "RevokeBias", Time since last: 65900 ns, Reaching safepoint: 241000 ns, At safepoint: 56000 ns, Total: 297000 ns
[2020-04-26T15:15:48.254+0000][1][safepoint    ] Safepoint "RevokeBias", Time since last: 415400 ns, Reaching safepoint: 146900 ns, At safepoint: 38600 ns, Total: 185500 ns
[2020-04-26T15:15:48.254+0000][1][safepoint    ] Safepoint "RevokeBias", Time since last: 132100 ns, Reaching safepoint: 89500 ns, At safepoint: 26700 ns, Total: 116200 ns
[2020-04-26T15:15:48.255+0000][1][safepoint    ] Safepoint "RevokeBias", Time since last: 309300 ns, Reaching safepoint: 76400 ns, At safepoint: 42500 ns, Total: 118900 ns
[2020-04-26T15:15:48.255+0000][1][safepoint    ] Safepoint "RevokeBias", Time since last: 189600 ns, Reaching safepoint: 180900 ns, At safepoint: 78200 ns, Total: 259100 ns
[2020-04-26T15:15:48.256+0000][1][safepoint    ] Safepoint "RevokeBias", Time since last: 497100 ns, Reaching safepoint: 187900 ns, At safepoint: 140900 ns, Total: 328800 ns
[2020-04-26T15:15:48.258+0000][1][safepoint    ] Safepoint "RevokeBias", Time since last: 38700 ns, Reaching safepoint: 313100 ns, At safepoint: 1576900 ns, Total: 1890000 ns
[2020-04-26T15:15:48.259+0000][1][safepoint    ] Safepoint "RevokeBias", Time since last: 667700 ns, Reaching safepoint: 213000 ns, At safepoint: 159000 ns, Total: 372000 ns
[2020-04-26T15:15:48.260+0000][1][safepoint    ] Safepoint "RevokeBias", Time since last: 47600 ns, Reaching safepoint: 211000 ns, At safepoint: 284600 ns, Total: 495600 ns
[2020-04-26T15:15:48.261+0000][1][safepoint    ] Safepoint "BulkRevokeBias", Time since last: 49300 ns, Reaching safepoint: 357200 ns, At safepoint: 1456700 ns, Total: 1813900 ns
[2020-04-26T15:15:48.263+0000][1][safepoint    ] Safepoint "RevokeBias", Time since last: 1399100 ns, Reaching safepoint: 80100 ns, At safepoint: 26500 ns, Total: 106600 ns
[2020-04-26T15:15:48.263+0000][1][safepoint    ] Safepoint "RevokeBias", Time since last: 96300 ns, Reaching safepoint: 62000 ns, At safepoint: 26100 ns, Total: 88100 ns
[2020-04-26T15:15:48.263+0000][1][safepoint    ] Safepoint "RevokeBias", Time since last: 88200 ns, Reaching safepoint: 58900 ns, At safepoint: 25500 ns, Total: 84400 ns
[2020-04-26T15:15:48.263+0000][1][safepoint    ] Safepoint "RevokeBias", Time since last: 78600 ns, Reaching safepoint: 74200 ns, At safepoint: 25300 ns, Total: 99500 ns
[2020-04-26T15:15:48.264+0000][1][safepoint    ] Safepoint "RevokeBias", Time since last: 89200 ns, Reaching safepoint: 58300 ns, At safepoint: 25200 ns, Total: 83500 ns
[2020-04-26T15:15:48.264+0000][1][safepoint    ] Safepoint "RevokeBias", Time since last: 83300 ns, Reaching safepoint: 58300 ns, At safepoint: 25100 ns, Total: 83400 ns
[2020-04-26T15:15:48.264+0000][1][safepoint    ] Safepoint "RevokeBias", Time since last: 78200 ns, Reaching safepoint: 110000 ns, At safepoint: 25400 ns, Total: 135400 ns
[2020-04-26T15:15:48.264+0000][1][safepoint    ] Safepoint "RevokeBias", Time since last: 89400 ns, Reaching safepoint: 62500 ns, At safepoint: 25800 ns, Total: 88300 ns
[2020-04-26T15:15:48.264+0000][1][safepoint    ] Safepoint "RevokeBias", Time since last: 86800 ns, Reaching safepoint: 58600 ns, At safepoint: 25300 ns, Total: 83900 ns
[2020-04-26T15:15:48.265+0000][1][safepoint    ] Safepoint "RevokeBias", Time since last: 150400 ns, Reaching safepoint: 142200 ns, At safepoint: 40400 ns, Total: 182600 ns
[2020-04-26T15:15:48.265+0000][1][safepoint    ] Safepoint "RevokeBias", Time since last: 49500 ns, Reaching safepoint: 143200 ns, At safepoint: 54000 ns, Total: 197200 ns
[2020-04-26T15:15:48.265+0000][1][safepoint    ] Safepoint "RevokeBias", Time since last: 36700 ns, Reaching safepoint: 68200 ns, At safepoint: 39800 ns, Total: 108000 ns
[2020-04-26T15:15:48.265+0000][1][safepoint    ] Safepoint "RevokeBias", Time since last: 30700 ns, Reaching safepoint: 61100 ns, At safepoint: 39500 ns, Total: 100600 ns
[2020-04-26T15:15:48.265+0000][1][safepoint    ] Safepoint "RevokeBias", Time since last: 30700 ns, Reaching safepoint: 60600 ns, At safepoint: 39300 ns, Total: 99900 ns
[2020-04-26T15:15:48.265+0000][1][safepoint    ] Safepoint "RevokeBias", Time since last: 61000 ns, Reaching safepoint: 64200 ns, At safepoint: 25400 ns, Total: 89600 ns
[2020-04-26T15:15:48.266+0000][1][safepoint    ] Safepoint "RevokeBias", Time since last: 78800 ns, Reaching safepoint: 57400 ns, At safepoint: 25000 ns, Total: 82400 ns
[2020-04-26T15:15:48.266+0000][1][safepoint    ] Safepoint "RevokeBias", Time since last: 85300 ns, Reaching safepoint: 57200 ns, At safepoint: 29600 ns, Total: 86800 ns
[2020-04-26T15:15:48.266+0000][1][safepoint    ] Safepoint "RevokeBias", Time since last: 139600 ns, Reaching safepoint: 57200 ns, At safepoint: 25000 ns, Total: 82200 ns
[2020-04-26T15:15:48.267+0000][1][safepoint    ] Safepoint "RevokeBias", Time since last: 425800 ns, Reaching safepoint: 69900 ns, At safepoint: 40400 ns, Total: 110300 ns
[2020-04-26T15:15:48.751+0000][1][safepoint    ] Safepoint "RevokeBias", Time since last: 484106100 ns, Reaching safepoint: 164300 ns, At safepoint: 80600 ns, Total: 244900 ns
[2020-04-26T15:15:48.752+0000][1][safepoint    ] Safepoint "RevokeBias", Time since last: 484100 ns, Reaching safepoint: 198400 ns, At safepoint: 99300 ns, Total: 297700 ns
[2020-04-26T15:15:48.752+0000][1][safepoint    ] Safepoint "RevokeBias", Time since last: 200200 ns, Reaching safepoint: 214300 ns, At safepoint: 83400 ns, Total: 297700 ns
[2020-04-26T15:15:48.753+0000][1][safepoint    ] Safepoint "RevokeBias", Time since last: 174200 ns, Reaching safepoint: 290400 ns, At safepoint: 58200 ns, Total: 348600 ns
[2020-04-26T15:15:48.753+0000][1][safepoint    ] Safepoint "RevokeBias", Time since last: 234600 ns, Reaching safepoint: 75500 ns, At safepoint: 40800 ns, Total: 116300 ns
[2020-04-26T15:15:48.754+0000][1][safepoint    ] Safepoint "RevokeBias", Time since last: 794100 ns, Reaching safepoint: 268200 ns, At safepoint: 76000 ns, Total: 344200 ns
[2020-04-26T15:15:48.755+0000][1][safepoint    ] Safepoint "RevokeBias", Time since last: 201700 ns, Reaching safepoint: 137800 ns, At safepoint: 50200 ns, Total: 188000 ns
[2020-04-26T15:15:48.756+0000][1][safepoint    ] Safepoint "RevokeBias", Time since last: 849800 ns, Reaching safepoint: 72200 ns, At safepoint: 30700 ns, Total: 102900 ns
[2020-04-26T15:15:48.756+0000][1][safepoint    ] Safepoint "RevokeBias", Time since last: 158700 ns, Reaching safepoint: 63400 ns, At safepoint: 30000 ns, Total: 93400 ns
[2020-04-26T15:15:48.756+0000][1][safepoint    ] Safepoint "RevokeBias", Time since last: 162400 ns, Reaching safepoint: 61300 ns, At safepoint: 29900 ns, Total: 91200 ns
[2020-04-26T15:15:48.756+0000][1][safepoint    ] Safepoint "RevokeBias", Time since last: 185000 ns, Reaching safepoint: 56900 ns, At safepoint: 27500 ns, Total: 84400 ns
[2020-04-26T15:15:48.757+0000][1][safepoint    ] Safepoint "RevokeBias", Time since last: 150100 ns, Reaching safepoint: 56900 ns, At safepoint: 27800 ns, Total: 84700 ns
[2020-04-26T15:15:48.757+0000][1][safepoint    ] Safepoint "RevokeBias", Time since last: 166200 ns, Reaching safepoint: 56600 ns, At safepoint: 27100 ns, Total: 83700 ns
[2020-04-26T15:15:48.757+0000][1][safepoint    ] Safepoint "RevokeBias", Time since last: 357900 ns, Reaching safepoint: 55200 ns, At safepoint: 26200 ns, Total: 81400 ns
[2020-04-26T15:15:48.758+0000][1][safepoint    ] Safepoint "BulkRevokeBias", Time since last: 415000 ns, Reaching safepoint: 58100 ns, At safepoint: 371800 ns, Total: 429900 ns
[2020-04-26T15:15:48.759+0000][1][safepoint    ] Safepoint "RevokeBias", Time since last: 745600 ns, Reaching safepoint: 59800 ns, At safepoint: 26200 ns, Total: 86000 ns
[2020-04-26T15:15:48.759+0000][1][safepoint    ] Safepoint "RevokeBias", Time since last: 227100 ns, Reaching safepoint: 71200 ns, At safepoint: 47000 ns, Total: 118200 ns
[2020-04-26T15:15:48.761+0000][1][safepoint    ] Safepoint "RevokeBias", Time since last: 1143400 ns, Reaching safepoint: 247500 ns, At safepoint: 164800 ns, Total: 412300 ns
[2020-04-26T15:15:48.763+0000][1][safepoint    ] Safepoint "RevokeBias", Time since last: 987300 ns, Reaching safepoint: 1365000 ns, At safepoint: 153600 ns, Total: 1518600 ns
[2020-04-26T15:15:48.764+0000][1][safepoint    ] Safepoint "RevokeBias", Time since last: 37700 ns, Reaching safepoint: 539600 ns, At safepoint: 192900 ns, Total: 732500 ns
[2020-04-26T15:15:48.765+0000][1][safepoint    ] Safepoint "RevokeBias", Time since last: 167200 ns, Reaching safepoint: 930700 ns, At safepoint: 155700 ns, Total: 1086400 ns
[2020-04-26T15:15:48.767+0000][1][safepoint    ] Safepoint "RevokeBias", Time since last: 169900 ns, Reaching safepoint: 965300 ns, At safepoint: 92700 ns, Total: 1058000 ns
[2020-04-26T15:15:48.767+0000][1][safepoint    ] Safepoint "RevokeBias", Time since last: 153400 ns, Reaching safepoint: 154800 ns, At safepoint: 158900 ns, Total: 313700 ns
[2020-04-26T15:15:48.768+0000][1][safepoint    ] Safepoint "RevokeBias", Time since last: 47000 ns, Reaching safepoint: 347700 ns, At safepoint: 120100 ns, Total: 467800 ns
[2020-04-26T15:15:48.768+0000][1][safepoint    ] Safepoint "BulkRevokeBias", Time since last: 171900 ns, Reaching safepoint: 178200 ns, At safepoint: 491400 ns, Total: 669600 ns
[2020-04-26T15:15:48.769+0000][1][safepoint    ] Safepoint "RevokeBias", Time since last: 64200 ns, Reaching safepoint: 156600 ns, At safepoint: 143200 ns, Total: 299800 ns
[2020-04-26T15:15:48.770+0000][1][safepoint    ] Safepoint "BulkRevokeBias", Time since last: 178500 ns, Reaching safepoint: 158200 ns, At safepoint: 579400 ns, Total: 737600 ns
[2020-04-26T15:15:48.770+0000][1][safepoint    ] Safepoint "RevokeBias", Time since last: 316200 ns, Reaching safepoint: 182000 ns, At safepoint: 122200 ns, Total: 304200 ns
[2020-04-26T15:15:48.779+0000][1][safepoint    ] Safepoint "RevokeBias", Time since last: 3082400 ns, Reaching safepoint: 5126400 ns, At safepoint: 113800 ns, Total: 5240200 ns
[2020-04-26T15:15:48.779+0000][1][safepoint    ] Safepoint "RevokeBias", Time since last: 162900 ns, Reaching safepoint: 341800 ns, At safepoint: 97100 ns, Total: 438900 ns
[2020-04-26T15:15:48.780+0000][1][safepoint    ] Safepoint "BulkRevokeBias", Time since last: 164800 ns, Reaching safepoint: 347600 ns, At safepoint: 448400 ns, Total: 796000 ns
[2020-04-26T15:15:48.781+0000][1][safepoint    ] Safepoint "RevokeBias", Time since last: 238900 ns, Reaching safepoint: 199000 ns, At safepoint: 82500 ns, Total: 281500 ns
[2020-04-26T15:15:48.781+0000][1][safepoint    ] Safepoint "RevokeBias", Time since last: 213900 ns, Reaching safepoint: 180900 ns, At safepoint: 168000 ns, Total: 348900 ns
[2020-04-26T15:15:48.782+0000][1][safepoint    ] Safepoint "RevokeBias", Time since last: 34400 ns, Reaching safepoint: 174000 ns, At safepoint: 173500 ns, Total: 347500 ns
[2020-04-26T15:15:48.782+0000][1][safepoint    ] Safepoint "RevokeBias", Time since last: 32600 ns, Reaching safepoint: 202900 ns, At safepoint: 164100 ns, Total: 367000 ns
[2020-04-26T15:15:48.782+0000][1][safepoint    ] Safepoint "RevokeBias", Time since last: 74100 ns, Reaching safepoint: 180000 ns, At safepoint: 196100 ns, Total: 376100 ns
[2020-04-26T15:15:48.784+0000][1][safepoint    ] Safepoint "RevokeBias", Time since last: 226300 ns, Reaching safepoint: 252600 ns, At safepoint: 665800 ns, Total: 918400 ns
[2020-04-26T15:15:48.784+0000][1][safepoint    ] Safepoint "RevokeBias", Time since last: 208000 ns, Reaching safepoint: 210700 ns, At safepoint: 126100 ns, Total: 336800 ns
[2020-04-26T15:15:48.785+0000][1][safepoint    ] Safepoint "RevokeBias", Time since last: 59300 ns, Reaching safepoint: 156300 ns, At safepoint: 150800 ns, Total: 307100 ns
[2020-04-26T15:15:48.785+0000][1][safepoint    ] Safepoint "RevokeBias", Time since last: 37500 ns, Reaching safepoint: 149200 ns, At safepoint: 120600 ns, Total: 269800 ns
[2020-04-26T15:15:48.785+0000][1][safepoint    ] Safepoint "RevokeBias", Time since last: 36800 ns, Reaching safepoint: 154200 ns, At safepoint: 212200 ns, Total: 366400 ns
[2020-04-26T15:15:48.786+0000][1][safepoint    ] Safepoint "RevokeBias", Time since last: 35800 ns, Reaching safepoint: 163200 ns, At safepoint: 101000 ns, Total: 264200 ns
[2020-04-26T15:15:48.786+0000][1][safepoint    ] Safepoint "RevokeBias", Time since last: 45700 ns, Reaching safepoint: 155700 ns, At safepoint: 115500 ns, Total: 271200 ns
[2020-04-26T15:15:48.786+0000][1][safepoint    ] Safepoint "RevokeBias", Time since last: 164700 ns, Reaching safepoint: 181700 ns, At safepoint: 131800 ns, Total: 313500 ns
[2020-04-26T15:15:48.787+0000][1][safepoint    ] Safepoint "RevokeBias", Time since last: 92900 ns, Reaching safepoint: 185800 ns, At safepoint: 160600 ns, Total: 346400 ns
[2020-04-26T15:15:48.787+0000][1][safepoint    ] Safepoint "RevokeBias", Time since last: 51300 ns, Reaching safepoint: 182200 ns, At safepoint: 144600 ns, Total: 326800 ns
[2020-04-26T15:15:48.788+0000][1][safepoint    ] Safepoint "RevokeBias", Time since last: 90700 ns, Reaching safepoint: 175300 ns, At safepoint: 167200 ns, Total: 342500 ns
[2020-04-26T15:15:48.788+0000][1][safepoint    ] Safepoint "RevokeBias", Time since last: 54700 ns, Reaching safepoint: 382200 ns, At safepoint: 190600 ns, Total: 572800 ns
[2020-04-26T15:15:48.789+0000][1][safepoint    ] Safepoint "RevokeBias", Time since last: 70000 ns, Reaching safepoint: 213600 ns, At safepoint: 112700 ns, Total: 326300 ns
[2020-04-26T15:15:48.789+0000][1][safepoint    ] Safepoint "RevokeBias", Time since last: 129700 ns, Reaching safepoint: 163500 ns, At safepoint: 97300 ns, Total: 260800 ns
[2020-04-26T15:15:48.790+0000][1][safepoint    ] Safepoint "RevokeBias", Time since last: 304900 ns, Reaching safepoint: 202000 ns, At safepoint: 167400 ns, Total: 369400 ns
[2020-04-26T15:15:48.790+0000][1][safepoint    ] Safepoint "RevokeBias", Time since last: 60100 ns, Reaching safepoint: 260000 ns, At safepoint: 227900 ns, Total: 487900 ns
[2020-04-26T15:15:48.791+0000][1][safepoint    ] Safepoint "RevokeBias", Time since last: 48300 ns, Reaching safepoint: 179900 ns, At safepoint: 189500 ns, Total: 369400 ns
[2020-04-26T15:15:48.791+0000][1][safepoint    ] Safepoint "RevokeBias", Time since last: 51700 ns, Reaching safepoint: 179600 ns, At safepoint: 175800 ns, Total: 355400 ns
[2020-04-26T15:15:48.792+0000][1][safepoint    ] Safepoint "RevokeBias", Time since last: 533700 ns, Reaching safepoint: 223200 ns, At safepoint: 130400 ns, Total: 353600 ns
[2020-04-26T15:15:48.793+0000][1][safepoint    ] Safepoint "RevokeBias", Time since last: 393700 ns, Reaching safepoint: 199400 ns, At safepoint: 63000 ns, Total: 262400 ns
[2020-04-26T15:15:48.793+0000][1][safepoint    ] Safepoint "RevokeBias", Time since last: 170100 ns, Reaching safepoint: 56500 ns, At safepoint: 69200 ns, Total: 125700 ns
[2020-04-26T15:15:48.793+0000][1][safepoint    ] Safepoint "RevokeBias", Time since last: 38800 ns, Reaching safepoint: 140100 ns, At safepoint: 87600 ns, Total: 227700 ns
[2020-04-26T15:15:48.794+0000][1][safepoint    ] Safepoint "RevokeBias", Time since last: 366500 ns, Reaching safepoint: 64700 ns, At safepoint: 47800 ns, Total: 112500 ns
[2020-04-26T15:15:48.795+0000][1][safepoint    ] Safepoint "RevokeBias", Time since last: 809700 ns, Reaching safepoint: 129500 ns, At safepoint: 129800 ns, Total: 259300 ns
[2020-04-26T15:15:48.795+0000][1][safepoint    ] Safepoint "RevokeBias", Time since last: 311800 ns, Reaching safepoint: 124900 ns, At safepoint: 84800 ns, Total: 209700 ns
[2020-04-26T15:15:48.796+0000][1][safepoint    ] Safepoint "RevokeBias", Time since last: 132300 ns, Reaching safepoint: 221300 ns, At safepoint: 52300 ns, Total: 273600 ns
[2020-04-26T15:15:48.796+0000][1][safepoint    ] Safepoint "RevokeBias", Time since last: 140700 ns, Reaching safepoint: 156800 ns, At safepoint: 52000 ns, Total: 208800 ns
[2020-04-26T15:15:48.820+0000][1][safepoint    ] Safepoint "RevokeBias", Time since last: 23952200 ns, Reaching safepoint: 194900 ns, At safepoint: 75600 ns, Total: 270500 ns
[2020-04-26T15:15:48.821+0000][1][safepoint    ] Safepoint "RevokeBias", Time since last: 127600 ns, Reaching safepoint: 159700 ns, At safepoint: 41400 ns, Total: 201100 ns
[2020-04-26T15:15:48.821+0000][1][safepoint    ] Safepoint "RevokeBias", Time since last: 95100 ns, Reaching safepoint: 77600 ns, At safepoint: 34600 ns, Total: 112200 ns
[2020-04-26T15:15:48.821+0000][1][safepoint    ] Safepoint "RevokeBias", Time since last: 79500 ns, Reaching safepoint: 68300 ns, At safepoint: 32200 ns, Total: 100500 ns
[2020-04-26T15:15:48.826+0000][1][safepoint    ] Safepoint "RevokeBias", Time since last: 4559100 ns, Reaching safepoint: 123800 ns, At safepoint: 40800 ns, Total: 164600 ns
[2020-04-26T15:15:48.826+0000][1][safepoint    ] Safepoint "RevokeBias", Time since last: 276000 ns, Reaching safepoint: 73700 ns, At safepoint: 33300 ns, Total: 107000 ns
[2020-04-26T15:15:48.826+0000][1][safepoint    ] Safepoint "RevokeBias", Time since last: 285900 ns, Reaching safepoint: 110300 ns, At safepoint: 43500 ns, Total: 153800 ns
[2020-04-26T15:15:48.827+0000][1][safepoint    ] Safepoint "RevokeBias", Time since last: 267600 ns, Reaching safepoint: 78100 ns, At safepoint: 44100 ns, Total: 122200 ns
[2020-04-26T15:15:48.827+0000][1][safepoint    ] Safepoint "RevokeBias", Time since last: 257500 ns, Reaching safepoint: 88300 ns, At safepoint: 36400 ns, Total: 124700 ns
[2020-04-26T15:15:48.828+0000][1][safepoint    ] Safepoint "RevokeBias", Time since last: 236600 ns, Reaching safepoint: 64800 ns, At safepoint: 36200 ns, Total: 101000 ns
[2020-04-26T15:15:48.828+0000][1][safepoint    ] Safepoint "RevokeBias", Time since last: 257500 ns, Reaching safepoint: 155500 ns, At safepoint: 52500 ns, Total: 208000 ns
[2020-04-26T15:15:48.829+0000][1][safepoint    ] Safepoint "RevokeBias", Time since last: 229600 ns, Reaching safepoint: 186100 ns, At safepoint: 46000 ns, Total: 232100 ns
[2020-04-26T15:15:48.829+0000][1][safepoint    ] Safepoint "RevokeBias", Time since last: 172600 ns, Reaching safepoint: 58000 ns, At safepoint: 49500 ns, Total: 107500 ns
[2020-04-26T15:15:48.829+0000][1][safepoint    ] Safepoint "RevokeBias", Time since last: 190500 ns, Reaching safepoint: 57600 ns, At safepoint: 33100 ns, Total: 90700 ns
[2020-04-26T15:15:48.830+0000][1][safepoint    ] Safepoint "RevokeBias", Time since last: 775500 ns, Reaching safepoint: 191600 ns, At safepoint: 118900 ns, Total: 310500 ns
[2020-04-26T15:15:48.831+0000][1][safepoint    ] Safepoint "RevokeBias", Time since last: 179900 ns, Reaching safepoint: 236400 ns, At safepoint: 89300 ns, Total: 325700 ns
[2020-04-26T15:15:48.831+0000][1][safepoint    ] Safepoint "RevokeBias", Time since last: 47300 ns, Reaching safepoint: 175200 ns, At safepoint: 127500 ns, Total: 302700 ns
[2020-04-26T15:15:48.831+0000][1][safepoint    ] Safepoint "RevokeBias", Time since last: 74400 ns, Reaching safepoint: 165200 ns, At safepoint: 56900 ns, Total: 222100 ns
[2020-04-26T15:15:48.836+0000][1][safepoint    ] Safepoint "RevokeBias", Time since last: 4098100 ns, Reaching safepoint: 89300 ns, At safepoint: 29600 ns, Total: 118900 ns
[2020-04-26T15:15:48.836+0000][1][safepoint    ] Safepoint "RevokeBias", Time since last: 144400 ns, Reaching safepoint: 66300 ns, At safepoint: 44100 ns, Total: 110400 ns
[2020-04-26T15:15:48.836+0000][1][safepoint    ] Safepoint "RevokeBias", Time since last: 398000 ns, Reaching safepoint: 67000 ns, At safepoint: 65100 ns, Total: 132100 ns
[2020-04-26T15:15:48.837+0000][1][safepoint    ] Safepoint "RevokeBias", Time since last: 419100 ns, Reaching safepoint: 66800 ns, At safepoint: 49300 ns, Total: 116100 ns
[2020-04-26T15:15:48.840+0000][1][safepoint    ] Safepoint "RevokeBias", Time since last: 2893700 ns, Reaching safepoint: 200900 ns, At safepoint: 86800 ns, Total: 287700 ns
[2020-04-26T15:15:48.848+0000][1][safepoint    ] Safepoint "RevokeBias", Time since last: 4988100 ns, Reaching safepoint: 3385000 ns, At safepoint: 64100 ns, Total: 3449100 ns
[2020-04-26T15:15:48.850+0000][1][safepoint    ] Safepoint "RevokeBias", Time since last: 1350700 ns, Reaching safepoint: 18300 ns, At safepoint: 52000 ns, Total: 70300 ns
[2020-04-26T15:15:48.854+0000][1][gc,heap,exit ] Heap
[2020-04-26T15:15:48.854+0000][1][gc,heap,exit ]  par new generation   total 157248K, used 74022K [0x00000000e0000000, 0x00000000eaaa0000, 0x00000000eaaa0000)
[2020-04-26T15:15:48.854+0000][1][gc,heap,exit ]   eden space 139776K,  48% used [0x00000000e0000000, 0x00000000e41a6f58, 0x00000000e8880000)
[2020-04-26T15:15:48.854+0000][1][gc,heap,exit ]   from space 17472K,  38% used [0x00000000e8880000, 0x00000000e8f22990, 0x00000000e9990000)
[2020-04-26T15:15:48.854+0000][1][gc,heap,exit ]   to   space 17472K,   0% used [0x00000000e9990000, 0x00000000e9990000, 0x00000000eaaa0000)
[2020-04-26T15:15:48.854+0000][1][gc,heap,exit ]  concurrent mark-sweep generation total 349568K, used 79701K [0x00000000eaaa0000, 0x0000000100000000, 0x0000000100000000)
[2020-04-26T15:15:48.854+0000][1][gc,heap,exit ]  Metaspace       used 94021K, capacity 101413K, committed 101556K, reserved 1136640K
[2020-04-26T15:15:48.854+0000][1][gc,heap,exit ]   class space    used 12378K, capacity 15493K, committed 15496K, reserved 1048576K
