[2020-04-26T16:12:42.674+0000][1][gc] Using Concurrent Mark Sweep
[2020-04-26T16:12:42.674+0000][1][gc,heap,coops] Heap address: 0x00000000e0000000, size: 512 MB, Compressed Oops mode: 32-bit
[2020-04-26T16:12:42.723+0000][1][safepoint    ] Safepoint "EnableBiasedLocking", Time since last: 39466600 ns, Reaching safepoint: 109100 ns, At safepoint: 93900 ns, Total: 203000 ns
[2020-04-26T16:12:42.726+0000][1][safepoint    ] Safepoint "RevokeBias", Time since last: 3383200 ns, Reaching safepoint: 102600 ns, At safepoint: 89200 ns, Total: 191800 ns
[2020-04-26T16:12:42.737+0000][1][safepoint    ] Safepoint "Deoptimize", Time since last: 10298400 ns, Reaching safepoint: 19700 ns, At safepoint: 41700 ns, Total: 61400 ns
[2020-04-26T16:12:42.826+0000][1][safepoint    ] Safepoint "RevokeBias", Time since last: 89667500 ns, Reaching safepoint: 27800 ns, At safepoint: 43400 ns, Total: 71200 ns
[2020-04-26T16:12:42.828+0000][1][safepoint    ] Safepoint "Deoptimize", Time since last: 1388900 ns, Reaching safepoint: 9500 ns, At safepoint: 56800 ns, Total: 66300 ns
[2020-04-26T16:12:42.829+0000][1][safepoint    ] Safepoint "Deoptimize", Time since last: 848000 ns, Reaching safepoint: 9200 ns, At safepoint: 39300 ns, Total: 48500 ns
[2020-04-26T16:12:42.851+0000][1][safepoint    ] Safepoint "Deoptimize", Time since last: 22546100 ns, Reaching safepoint: 15200 ns, At safepoint: 49900 ns, Total: 65100 ns
[2020-04-26T16:12:43.084+0000][1][safepoint    ] Safepoint "Deoptimize", Time since last: 232599500 ns, Reaching safepoint: 57400 ns, At safepoint: 89100 ns, Total: 146500 ns
[2020-04-26T16:12:43.130+0000][1][safepoint    ] Safepoint "Deoptimize", Time since last: 45662100 ns, Reaching safepoint: 31600 ns, At safepoint: 107600 ns, Total: 139200 ns
[2020-04-26T16:12:43.301+0000][1][safepoint    ] Safepoint "Deoptimize", Time since last: 170886300 ns, Reaching safepoint: 71700 ns, At safepoint: 113300 ns, Total: 185000 ns
[2020-04-26T16:12:43.552+0000][1][safepoint    ] Safepoint "Deoptimize", Time since last: 250688700 ns, Reaching safepoint: 32000 ns, At safepoint: 104500 ns, Total: 136500 ns
[2020-04-26T16:12:43.617+0000][1][safepoint    ] Safepoint "RevokeBias", Time since last: 65452800 ns, Reaching safepoint: 25600 ns, At safepoint: 73800 ns, Total: 99400 ns
[2020-04-26T16:12:43.697+0000][1][safepoint    ] Safepoint "Deoptimize", Time since last: 79686900 ns, Reaching safepoint: 36400 ns, At safepoint: 169700 ns, Total: 206100 ns
[2020-04-26T16:12:43.771+0000][1][safepoint    ] Safepoint "Deoptimize", Time since last: 73460300 ns, Reaching safepoint: 32000 ns, At safepoint: 141600 ns, Total: 173600 ns
[2020-04-26T16:12:43.771+0000][1][safepoint    ] Safepoint "Deoptimize", Time since last: 194700 ns, Reaching safepoint: 6700 ns, At safepoint: 116000 ns, Total: 122700 ns
[2020-04-26T16:12:43.793+0000][1][safepoint    ] Safepoint "Deoptimize", Time since last: 21938200 ns, Reaching safepoint: 21400 ns, At safepoint: 155400 ns, Total: 176800 ns
[2020-04-26T16:12:43.796+0000][1][safepoint    ] Safepoint "Deoptimize", Time since last: 2087200 ns, Reaching safepoint: 15000 ns, At safepoint: 146700 ns, Total: 161700 ns
[2020-04-26T16:12:43.800+0000][1][safepoint    ] Safepoint "RevokeBias", Time since last: 4483200 ns, Reaching safepoint: 104600 ns, At safepoint: 65500 ns, Total: 170100 ns
[2020-04-26T16:12:43.800+0000][1][safepoint    ] Safepoint "RevokeBias", Time since last: 193600 ns, Reaching safepoint: 90600 ns, At safepoint: 49700 ns, Total: 140300 ns
[2020-04-26T16:12:43.801+0000][1][safepoint    ] Safepoint "RevokeBias", Time since last: 120300 ns, Reaching safepoint: 89400 ns, At safepoint: 49100 ns, Total: 138500 ns
[2020-04-26T16:12:43.801+0000][1][safepoint    ] Safepoint "RevokeBias", Time since last: 121800 ns, Reaching safepoint: 112700 ns, At safepoint: 52900 ns, Total: 165600 ns
[2020-04-26T16:12:43.801+0000][1][safepoint    ] Safepoint "RevokeBias", Time since last: 197000 ns, Reaching safepoint: 101000 ns, At safepoint: 93800 ns, Total: 194800 ns
[2020-04-26T16:12:43.802+0000][1][safepoint    ] Safepoint "RevokeBias", Time since last: 207400 ns, Reaching safepoint: 99000 ns, At safepoint: 61800 ns, Total: 160800 ns
[2020-04-26T16:12:43.806+0000][1][safepoint    ] Safepoint "Deoptimize", Time since last: 4339200 ns, Reaching safepoint: 15600 ns, At safepoint: 165400 ns, Total: 181000 ns
[2020-04-26T16:12:44.039+0000][1][safepoint    ] Safepoint "Deoptimize", Time since last: 232842400 ns, Reaching safepoint: 44900 ns, At safepoint: 177200 ns, Total: 222100 ns
[2020-04-26T16:12:44.097+0000][1][safepoint    ] Safepoint "Deoptimize", Time since last: 57343500 ns, Reaching safepoint: 35100 ns, At safepoint: 174100 ns, Total: 209200 ns
[2020-04-26T16:12:44.311+0000][1][gc,start     ] GC(0) Pause Young (Allocation Failure)
[2020-04-26T16:12:44.315+0000][1][gc,task      ] GC(0) Using 10 workers of 10 for evacuation
[2020-04-26T16:12:44.320+0000][1][gc,age       ] GC(0) Desired survivor size 8945664 bytes, new threshold 1 (max threshold 6)
[2020-04-26T16:12:44.320+0000][1][gc,age       ] GC(0) Age table with threshold 1 (max threshold 6)
[2020-04-26T16:12:44.320+0000][1][gc,age       ] GC(0) - age   1:   10421744 bytes,   10421744 total
[2020-04-26T16:12:44.320+0000][1][gc,heap      ] GC(0) ParNew: 139776K->10306K(157248K)
[2020-04-26T16:12:44.320+0000][1][gc,heap      ] GC(0) CMS: 0K->0K(349568K)
[2020-04-26T16:12:44.320+0000][1][gc,metaspace ] GC(0) Metaspace: 17307K->17307K(1064960K)
[2020-04-26T16:12:44.320+0000][1][gc           ] GC(0) Pause Young (Allocation Failure) 136M->10M(494M) 8.790ms
[2020-04-26T16:12:44.320+0000][1][gc,cpu       ] GC(0) User=0.06s Sys=0.01s Real=0.01s
[2020-04-26T16:12:44.320+0000][1][safepoint    ] Safepoint "GenCollectForAllocation", Time since last: 214239500 ns, Reaching safepoint: 46200 ns, At safepoint: 8895200 ns, Total: 8941400 ns
[2020-04-26T16:12:44.321+0000][1][safepoint    ] Safepoint "RevokeBias", Time since last: 371500 ns, Reaching safepoint: 165000 ns, At safepoint: 94600 ns, Total: 259600 ns
[2020-04-26T16:12:44.321+0000][1][safepoint    ] Safepoint "RevokeBias", Time since last: 100700 ns, Reaching safepoint: 138500 ns, At safepoint: 93600 ns, Total: 232100 ns
[2020-04-26T16:12:44.321+0000][1][safepoint    ] Safepoint "BulkRevokeBias", Time since last: 54400 ns, Reaching safepoint: 98000 ns, At safepoint: 132600 ns, Total: 230600 ns
[2020-04-26T16:12:44.322+0000][1][safepoint    ] Safepoint "RevokeBias", Time since last: 37100 ns, Reaching safepoint: 96500 ns, At safepoint: 133100 ns, Total: 229600 ns
[2020-04-26T16:12:44.322+0000][1][safepoint    ] Safepoint "RevokeBias", Time since last: 43600 ns, Reaching safepoint: 95500 ns, At safepoint: 109600 ns, Total: 205100 ns
[2020-04-26T16:12:44.322+0000][1][safepoint    ] Safepoint "RevokeBias", Time since last: 43600 ns, Reaching safepoint: 95800 ns, At safepoint: 79800 ns, Total: 175600 ns
[2020-04-26T16:12:44.322+0000][1][safepoint    ] Safepoint "RevokeBias", Time since last: 43600 ns, Reaching safepoint: 95800 ns, At safepoint: 90000 ns, Total: 185800 ns
[2020-04-26T16:12:44.323+0000][1][safepoint    ] Safepoint "RevokeBias", Time since last: 42500 ns, Reaching safepoint: 128300 ns, At safepoint: 102200 ns, Total: 230500 ns
[2020-04-26T16:12:44.323+0000][1][safepoint    ] Safepoint "RevokeBias", Time since last: 44500 ns, Reaching safepoint: 98100 ns, At safepoint: 98100 ns, Total: 196200 ns
[2020-04-26T16:12:44.323+0000][1][safepoint    ] Safepoint "RevokeBias", Time since last: 267600 ns, Reaching safepoint: 114300 ns, At safepoint: 66200 ns, Total: 180500 ns
[2020-04-26T16:12:44.324+0000][1][safepoint    ] Safepoint "RevokeBias", Time since last: 120800 ns, Reaching safepoint: 92100 ns, At safepoint: 64400 ns, Total: 156500 ns
[2020-04-26T16:12:44.324+0000][1][safepoint    ] Safepoint "RevokeBias", Time since last: 142400 ns, Reaching safepoint: 22000 ns, At safepoint: 35800 ns, Total: 57800 ns
[2020-04-26T16:12:44.324+0000][1][safepoint    ] Safepoint "RevokeBias", Time since last: 121600 ns, Reaching safepoint: 93600 ns, At safepoint: 52500 ns, Total: 146100 ns
[2020-04-26T16:12:44.324+0000][1][safepoint    ] Safepoint "RevokeBias", Time since last: 116900 ns, Reaching safepoint: 92800 ns, At safepoint: 50100 ns, Total: 142900 ns
[2020-04-26T16:12:44.325+0000][1][safepoint    ] Safepoint "RevokeBias", Time since last: 120100 ns, Reaching safepoint: 92700 ns, At safepoint: 52000 ns, Total: 144700 ns
[2020-04-26T16:12:44.325+0000][1][safepoint    ] Safepoint "RevokeBias", Time since last: 170300 ns, Reaching safepoint: 92500 ns, At safepoint: 49900 ns, Total: 142400 ns
[2020-04-26T16:12:44.325+0000][1][safepoint    ] Safepoint "RevokeBias", Time since last: 116300 ns, Reaching safepoint: 92300 ns, At safepoint: 49600 ns, Total: 141900 ns
[2020-04-26T16:12:44.325+0000][1][safepoint    ] Safepoint "RevokeBias", Time since last: 118700 ns, Reaching safepoint: 145500 ns, At safepoint: 57500 ns, Total: 203000 ns
[2020-04-26T16:12:44.326+0000][1][safepoint    ] Safepoint "RevokeBias", Time since last: 120800 ns, Reaching safepoint: 99000 ns, At safepoint: 74400 ns, Total: 173400 ns
[2020-04-26T16:12:44.326+0000][1][safepoint    ] Safepoint "RevokeBias", Time since last: 113900 ns, Reaching safepoint: 103900 ns, At safepoint: 61300 ns, Total: 165200 ns
[2020-04-26T16:12:44.326+0000][1][safepoint    ] Safepoint "RevokeBias", Time since last: 130600 ns, Reaching safepoint: 26400 ns, At safepoint: 59700 ns, Total: 86100 ns
[2020-04-26T16:12:44.327+0000][1][safepoint    ] Safepoint "RevokeBias", Time since last: 131800 ns, Reaching safepoint: 143400 ns, At safepoint: 76800 ns, Total: 220200 ns
[2020-04-26T16:12:44.327+0000][1][safepoint    ] Safepoint "RevokeBias", Time since last: 100300 ns, Reaching safepoint: 115200 ns, At safepoint: 69200 ns, Total: 184400 ns
[2020-04-26T16:12:44.327+0000][1][safepoint    ] Safepoint "RevokeBias", Time since last: 139200 ns, Reaching safepoint: 159300 ns, At safepoint: 77000 ns, Total: 236300 ns
[2020-04-26T16:12:44.328+0000][1][safepoint    ] Safepoint "RevokeBias", Time since last: 110400 ns, Reaching safepoint: 108600 ns, At safepoint: 90600 ns, Total: 199200 ns
[2020-04-26T16:12:44.328+0000][1][safepoint    ] Safepoint "RevokeBias", Time since last: 180700 ns, Reaching safepoint: 145000 ns, At safepoint: 70400 ns, Total: 215400 ns
[2020-04-26T16:12:44.328+0000][1][safepoint    ] Safepoint "RevokeBias", Time since last: 141100 ns, Reaching safepoint: 112400 ns, At safepoint: 68900 ns, Total: 181300 ns
[2020-04-26T16:12:44.328+0000][1][safepoint    ] Safepoint "RevokeBias", Time since last: 133100 ns, Reaching safepoint: 10400 ns, At safepoint: 53600 ns, Total: 64000 ns
[2020-04-26T16:12:44.329+0000][1][safepoint    ] Safepoint "RevokeBias", Time since last: 135000 ns, Reaching safepoint: 115300 ns, At safepoint: 126400 ns, Total: 241700 ns
[2020-04-26T16:12:44.329+0000][1][safepoint    ] Safepoint "RevokeBias", Time since last: 116100 ns, Reaching safepoint: 130900 ns, At safepoint: 93500 ns, Total: 224400 ns
[2020-04-26T16:12:44.329+0000][1][safepoint    ] Safepoint "RevokeBias", Time since last: 111100 ns, Reaching safepoint: 99200 ns, At safepoint: 79500 ns, Total: 178700 ns
[2020-04-26T16:12:44.330+0000][1][safepoint    ] Safepoint "RevokeBias", Time since last: 99900 ns, Reaching safepoint: 96100 ns, At safepoint: 76400 ns, Total: 172500 ns
[2020-04-26T16:12:44.330+0000][1][safepoint    ] Safepoint "RevokeBias", Time since last: 89600 ns, Reaching safepoint: 96600 ns, At safepoint: 67000 ns, Total: 163600 ns
[2020-04-26T16:12:44.330+0000][1][safepoint    ] Safepoint "RevokeBias", Time since last: 94900 ns, Reaching safepoint: 98100 ns, At safepoint: 77600 ns, Total: 175700 ns
[2020-04-26T16:12:44.331+0000][1][safepoint    ] Safepoint "RevokeBias", Time since last: 88700 ns, Reaching safepoint: 96000 ns, At safepoint: 69700 ns, Total: 165700 ns
[2020-04-26T16:12:44.331+0000][1][safepoint    ] Safepoint "RevokeBias", Time since last: 94400 ns, Reaching safepoint: 105600 ns, At safepoint: 94000 ns, Total: 199600 ns
[2020-04-26T16:12:44.331+0000][1][safepoint    ] Safepoint "RevokeBias", Time since last: 92900 ns, Reaching safepoint: 97000 ns, At safepoint: 82400 ns, Total: 179400 ns
[2020-04-26T16:12:44.331+0000][1][safepoint    ] Safepoint "RevokeBias", Time since last: 108500 ns, Reaching safepoint: 91000 ns, At safepoint: 74400 ns, Total: 165400 ns
[2020-04-26T16:12:44.332+0000][1][safepoint    ] Safepoint "RevokeBias", Time since last: 90200 ns, Reaching safepoint: 92800 ns, At safepoint: 76100 ns, Total: 168900 ns
[2020-04-26T16:12:44.332+0000][1][safepoint    ] Safepoint "BulkRevokeBias", Time since last: 229400 ns, Reaching safepoint: 183900 ns, At safepoint: 125200 ns, Total: 309100 ns
[2020-04-26T16:12:44.333+0000][1][safepoint    ] Safepoint "BulkRevokeBias", Time since last: 97300 ns, Reaching safepoint: 103100 ns, At safepoint: 155000 ns, Total: 258100 ns
[2020-04-26T16:12:44.339+0000][1][safepoint    ] Safepoint "RevokeBias", Time since last: 6101200 ns, Reaching safepoint: 116700 ns, At safepoint: 72400 ns, Total: 189100 ns
[2020-04-26T16:12:44.341+0000][1][safepoint    ] Safepoint "RevokeBias", Time since last: 1789500 ns, Reaching safepoint: 17700 ns, At safepoint: 54600 ns, Total: 72300 ns
[2020-04-26T16:12:44.678+0000][1][gc,start     ] GC(1) Pause Young (Allocation Failure)
[2020-04-26T16:12:44.678+0000][1][gc,task      ] GC(1) Using 10 workers of 10 for evacuation
[2020-04-26T16:12:44.695+0000][1][gc,age       ] GC(1) Desired survivor size 8945664 bytes, new threshold 6 (max threshold 6)
[2020-04-26T16:12:44.695+0000][1][gc,age       ] GC(1) Age table with threshold 6 (max threshold 6)
[2020-04-26T16:12:44.695+0000][1][gc,age       ] GC(1) - age   1:    1655112 bytes,    1655112 total
[2020-04-26T16:12:44.695+0000][1][gc,heap      ] GC(1) ParNew: 150082K->7157K(157248K)
[2020-04-26T16:12:44.695+0000][1][gc,heap      ] GC(1) CMS: 0K->9542K(349568K)
[2020-04-26T16:12:44.695+0000][1][gc,metaspace ] GC(1) Metaspace: 18689K->18689K(1067008K)
[2020-04-26T16:12:44.695+0000][1][gc           ] GC(1) Pause Young (Allocation Failure) 146M->16M(494M) 17.006ms
[2020-04-26T16:12:44.695+0000][1][gc,cpu       ] GC(1) User=0.11s Sys=0.06s Real=0.02s
[2020-04-26T16:12:44.695+0000][1][safepoint    ] Safepoint "GenCollectForAllocation", Time since last: 337174500 ns, Reaching safepoint: 199300 ns, At safepoint: 17095800 ns, Total: 17295100 ns
[2020-04-26T16:12:44.696+0000][1][safepoint    ] Safepoint "RevokeBias", Time since last: 226100 ns, Reaching safepoint: 125600 ns, At safepoint: 95400 ns, Total: 221000 ns
[2020-04-26T16:12:44.696+0000][1][safepoint    ] Safepoint "RevokeBias", Time since last: 74500 ns, Reaching safepoint: 90600 ns, At safepoint: 62100 ns, Total: 152700 ns
[2020-04-26T16:12:44.696+0000][1][safepoint    ] Safepoint "RevokeBias", Time since last: 81600 ns, Reaching safepoint: 89200 ns, At safepoint: 60800 ns, Total: 150000 ns
[2020-04-26T16:12:44.696+0000][1][safepoint    ] Safepoint "RevokeBias", Time since last: 74600 ns, Reaching safepoint: 87700 ns, At safepoint: 59200 ns, Total: 146900 ns
[2020-04-26T16:12:44.697+0000][1][safepoint    ] Safepoint "RevokeBias", Time since last: 75800 ns, Reaching safepoint: 88300 ns, At safepoint: 71500 ns, Total: 159800 ns
[2020-04-26T16:12:44.697+0000][1][safepoint    ] Safepoint "RevokeBias", Time since last: 70200 ns, Reaching safepoint: 89400 ns, At safepoint: 68700 ns, Total: 158100 ns
[2020-04-26T16:12:44.697+0000][1][safepoint    ] Safepoint "RevokeBias", Time since last: 279300 ns, Reaching safepoint: 98300 ns, At safepoint: 87400 ns, Total: 185700 ns
[2020-04-26T16:12:44.697+0000][1][safepoint    ] Safepoint "RevokeBias", Time since last: 83200 ns, Reaching safepoint: 94800 ns, At safepoint: 77400 ns, Total: 172200 ns
[2020-04-26T16:12:44.698+0000][1][safepoint    ] Safepoint "RevokeBias", Time since last: 107600 ns, Reaching safepoint: 97100 ns, At safepoint: 70100 ns, Total: 167200 ns
[2020-04-26T16:12:44.698+0000][1][safepoint    ] Safepoint "RevokeBias", Time since last: 87900 ns, Reaching safepoint: 102600 ns, At safepoint: 87100 ns, Total: 189700 ns
[2020-04-26T16:12:44.698+0000][1][safepoint    ] Safepoint "RevokeBias", Time since last: 119000 ns, Reaching safepoint: 93400 ns, At safepoint: 78100 ns, Total: 171500 ns
[2020-04-26T16:12:44.699+0000][1][safepoint    ] Safepoint "RevokeBias", Time since last: 82500 ns, Reaching safepoint: 93100 ns, At safepoint: 60000 ns, Total: 153100 ns
[2020-04-26T16:12:44.699+0000][1][safepoint    ] Safepoint "RevokeBias", Time since last: 125300 ns, Reaching safepoint: 92400 ns, At safepoint: 57700 ns, Total: 150100 ns
[2020-04-26T16:12:44.699+0000][1][safepoint    ] Safepoint "RevokeBias", Time since last: 96300 ns, Reaching safepoint: 91000 ns, At safepoint: 53300 ns, Total: 144300 ns
[2020-04-26T16:12:44.699+0000][1][safepoint    ] Safepoint "RevokeBias", Time since last: 91400 ns, Reaching safepoint: 89700 ns, At safepoint: 54000 ns, Total: 143700 ns
[2020-04-26T16:12:44.699+0000][1][safepoint    ] Safepoint "RevokeBias", Time since last: 85900 ns, Reaching safepoint: 10500 ns, At safepoint: 51700 ns, Total: 62200 ns
[2020-04-26T16:12:44.700+0000][1][safepoint    ] Safepoint "RevokeBias", Time since last: 79700 ns, Reaching safepoint: 90000 ns, At safepoint: 70800 ns, Total: 160800 ns
[2020-04-26T16:12:44.700+0000][1][safepoint    ] Safepoint "RevokeBias", Time since last: 86200 ns, Reaching safepoint: 88600 ns, At safepoint: 61300 ns, Total: 149900 ns
[2020-04-26T16:12:44.700+0000][1][safepoint    ] Safepoint "RevokeBias", Time since last: 84600 ns, Reaching safepoint: 90600 ns, At safepoint: 88400 ns, Total: 179000 ns
[2020-04-26T16:12:44.700+0000][1][safepoint    ] Safepoint "RevokeBias", Time since last: 96600 ns, Reaching safepoint: 89600 ns, At safepoint: 61700 ns, Total: 151300 ns
[2020-04-26T16:12:44.701+0000][1][safepoint    ] Safepoint "RevokeBias", Time since last: 88800 ns, Reaching safepoint: 89400 ns, At safepoint: 48200 ns, Total: 137600 ns
[2020-04-26T16:12:44.701+0000][1][safepoint    ] Safepoint "RevokeBias", Time since last: 94700 ns, Reaching safepoint: 92400 ns, At safepoint: 63800 ns, Total: 156200 ns
[2020-04-26T16:12:44.701+0000][1][safepoint    ] Safepoint "RevokeBias", Time since last: 90300 ns, Reaching safepoint: 92500 ns, At safepoint: 86400 ns, Total: 178900 ns
[2020-04-26T16:12:44.701+0000][1][safepoint    ] Safepoint "RevokeBias", Time since last: 149600 ns, Reaching safepoint: 96100 ns, At safepoint: 74500 ns, Total: 170600 ns
[2020-04-26T16:12:44.702+0000][1][safepoint    ] Safepoint "RevokeBias", Time since last: 105700 ns, Reaching safepoint: 97900 ns, At safepoint: 98800 ns, Total: 196700 ns
[2020-04-26T16:12:44.865+0000][1][gc,start     ] GC(2) Pause Young (Allocation Failure)
[2020-04-26T16:12:44.865+0000][1][gc,task      ] GC(2) Using 10 workers of 10 for evacuation
[2020-04-26T16:12:44.868+0000][1][gc,age       ] GC(2) Desired survivor size 8945664 bytes, new threshold 6 (max threshold 6)
[2020-04-26T16:12:44.868+0000][1][gc,age       ] GC(2) Age table with threshold 6 (max threshold 6)
[2020-04-26T16:12:44.868+0000][1][gc,age       ] GC(2) - age   1:    1780104 bytes,    1780104 total
[2020-04-26T16:12:44.868+0000][1][gc,age       ] GC(2) - age   2:    1596704 bytes,    3376808 total
[2020-04-26T16:12:44.868+0000][1][gc,heap      ] GC(2) ParNew: 146933K->4279K(157248K)
[2020-04-26T16:12:44.868+0000][1][gc,heap      ] GC(2) CMS: 9542K->9542K(349568K)
[2020-04-26T16:12:44.868+0000][1][gc,metaspace ] GC(2) Metaspace: 19199K->19199K(1067008K)
[2020-04-26T16:12:44.868+0000][1][gc           ] GC(2) Pause Young (Allocation Failure) 152M->13M(494M) 2.148ms
[2020-04-26T16:12:44.868+0000][1][gc,cpu       ] GC(2) User=0.01s Sys=0.01s Real=0.00s
[2020-04-26T16:12:44.868+0000][1][safepoint    ] Safepoint "GenCollectForAllocation", Time since last: 163596800 ns, Reaching safepoint: 49000 ns, At safepoint: 2212800 ns, Total: 2261800 ns
[2020-04-26T16:12:44.868+0000][1][safepoint    ] Safepoint "BulkRevokeBias", Time since last: 252800 ns, Reaching safepoint: 120900 ns, At safepoint: 125300 ns, Total: 246200 ns
[2020-04-26T16:12:44.868+0000][1][safepoint    ] Safepoint "RevokeBias", Time since last: 156100 ns, Reaching safepoint: 103600 ns, At safepoint: 79900 ns, Total: 183500 ns
[2020-04-26T16:12:44.869+0000][1][safepoint    ] Safepoint "RevokeBias", Time since last: 102000 ns, Reaching safepoint: 92200 ns, At safepoint: 65100 ns, Total: 157300 ns
[2020-04-26T16:12:44.869+0000][1][safepoint    ] Safepoint "RevokeBias", Time since last: 126300 ns, Reaching safepoint: 89300 ns, At safepoint: 70700 ns, Total: 160000 ns
[2020-04-26T16:12:44.869+0000][1][safepoint    ] Safepoint "RevokeBias", Time since last: 100600 ns, Reaching safepoint: 122600 ns, At safepoint: 96400 ns, Total: 219000 ns
[2020-04-26T16:12:44.870+0000][1][safepoint    ] Safepoint "RevokeBias", Time since last: 133500 ns, Reaching safepoint: 87600 ns, At safepoint: 80100 ns, Total: 167700 ns
[2020-04-26T16:12:44.870+0000][1][safepoint    ] Safepoint "RevokeBias", Time since last: 84900 ns, Reaching safepoint: 90900 ns, At safepoint: 98300 ns, Total: 189200 ns
[2020-04-26T16:12:44.870+0000][1][safepoint    ] Safepoint "RevokeBias", Time since last: 79100 ns, Reaching safepoint: 91900 ns, At safepoint: 89000 ns, Total: 180900 ns
[2020-04-26T16:12:44.870+0000][1][safepoint    ] Safepoint "RevokeBias", Time since last: 81600 ns, Reaching safepoint: 86400 ns, At safepoint: 83100 ns, Total: 169500 ns
[2020-04-26T16:12:44.871+0000][1][safepoint    ] Safepoint "RevokeBias", Time since last: 77400 ns, Reaching safepoint: 90600 ns, At safepoint: 92200 ns, Total: 182800 ns
[2020-04-26T16:12:44.877+0000][1][safepoint    ] Safepoint "Deoptimize", Time since last: 5629800 ns, Reaching safepoint: 21200 ns, At safepoint: 210000 ns, Total: 231200 ns
[2020-04-26T16:12:44.907+0000][1][safepoint    ] Safepoint "Deoptimize", Time since last: 29932500 ns, Reaching safepoint: 45300 ns, At safepoint: 424800 ns, Total: 470100 ns
[2020-04-26T16:12:45.047+0000][1][gc,start     ] GC(3) Pause Young (Allocation Failure)
[2020-04-26T16:12:45.047+0000][1][gc,task      ] GC(3) Using 10 workers of 10 for evacuation
[2020-04-26T16:12:45.050+0000][1][gc,age       ] GC(3) Desired survivor size 8945664 bytes, new threshold 6 (max threshold 6)
[2020-04-26T16:12:45.050+0000][1][gc,age       ] GC(3) Age table with threshold 6 (max threshold 6)
[2020-04-26T16:12:45.050+0000][1][gc,age       ] GC(3) - age   1:    3615720 bytes,    3615720 total
[2020-04-26T16:12:45.050+0000][1][gc,age       ] GC(3) - age   2:    1757936 bytes,    5373656 total
[2020-04-26T16:12:45.050+0000][1][gc,age       ] GC(3) - age   3:    1592808 bytes,    6966464 total
[2020-04-26T16:12:45.050+0000][1][gc,heap      ] GC(3) ParNew: 144055K->8033K(157248K)
[2020-04-26T16:12:45.050+0000][1][gc,heap      ] GC(3) CMS: 9542K->9542K(349568K)
[2020-04-26T16:12:45.050+0000][1][gc,metaspace ] GC(3) Metaspace: 19663K->19663K(1067008K)
[2020-04-26T16:12:45.050+0000][1][gc           ] GC(3) Pause Young (Allocation Failure) 149M->17M(494M) 3.262ms
[2020-04-26T16:12:45.050+0000][1][gc,cpu       ] GC(3) User=0.03s Sys=0.01s Real=0.00s
[2020-04-26T16:12:45.050+0000][1][safepoint    ] Safepoint "GenCollectForAllocation", Time since last: 139916600 ns, Reaching safepoint: 144200 ns, At safepoint: 3396400 ns, Total: 3540600 ns
[2020-04-26T16:12:45.051+0000][1][safepoint    ] Safepoint "RevokeBias", Time since last: 174200 ns, Reaching safepoint: 108200 ns, At safepoint: 66600 ns, Total: 174800 ns
[2020-04-26T16:12:45.051+0000][1][safepoint    ] Safepoint "RevokeBias", Time since last: 88600 ns, Reaching safepoint: 97900 ns, At safepoint: 98700 ns, Total: 196600 ns
[2020-04-26T16:12:45.051+0000][1][safepoint    ] Safepoint "RevokeBias", Time since last: 103000 ns, Reaching safepoint: 98800 ns, At safepoint: 95500 ns, Total: 194300 ns
[2020-04-26T16:12:45.052+0000][1][safepoint    ] Safepoint "BulkRevokeBias", Time since last: 102300 ns, Reaching safepoint: 102300 ns, At safepoint: 89400 ns, Total: 191700 ns
[2020-04-26T16:12:45.052+0000][1][safepoint    ] Safepoint "BulkRevokeBias", Time since last: 107100 ns, Reaching safepoint: 105700 ns, At safepoint: 170000 ns, Total: 275700 ns
[2020-04-26T16:12:45.191+0000][1][gc,start     ] GC(4) Pause Young (Allocation Failure)
[2020-04-26T16:12:45.191+0000][1][gc,task      ] GC(4) Using 10 workers of 10 for evacuation
[2020-04-26T16:12:45.195+0000][1][gc,age       ] GC(4) Desired survivor size 8945664 bytes, new threshold 6 (max threshold 6)
[2020-04-26T16:12:45.195+0000][1][gc,age       ] GC(4) Age table with threshold 6 (max threshold 6)
[2020-04-26T16:12:45.195+0000][1][gc,age       ] GC(4) - age   1:    2547064 bytes,    2547064 total
[2020-04-26T16:12:45.195+0000][1][gc,age       ] GC(4) - age   2:    2296624 bytes,    4843688 total
[2020-04-26T16:12:45.195+0000][1][gc,age       ] GC(4) - age   3:    1757176 bytes,    6600864 total
[2020-04-26T16:12:45.195+0000][1][gc,age       ] GC(4) - age   4:    1592400 bytes,    8193264 total
[2020-04-26T16:12:45.195+0000][1][gc,heap      ] GC(4) ParNew: 147809K->10642K(157248K)
[2020-04-26T16:12:45.195+0000][1][gc,heap      ] GC(4) CMS: 9542K->9542K(349568K)
[2020-04-26T16:12:45.195+0000][1][gc,metaspace ] GC(4) Metaspace: 19920K->19920K(1067008K)
[2020-04-26T16:12:45.195+0000][1][gc           ] GC(4) Pause Young (Allocation Failure) 153M->19M(494M) 4.607ms
[2020-04-26T16:12:45.195+0000][1][gc,cpu       ] GC(4) User=0.06s Sys=0.00s Real=0.01s
[2020-04-26T16:12:45.196+0000][1][safepoint    ] Safepoint "GenCollectForAllocation", Time since last: 138789200 ns, Reaching safepoint: 31700 ns, At safepoint: 4676000 ns, Total: 4707700 ns
[2020-04-26T16:12:45.260+0000][1][safepoint    ] Safepoint "CollectForMetadataAllocation", Time since last: 64501600 ns, Reaching safepoint: 35700 ns, At safepoint: 184300 ns, Total: 220000 ns
[2020-04-26T16:12:45.277+0000][1][safepoint    ] Safepoint "CollectForMetadataAllocation", Time since last: 16912800 ns, Reaching safepoint: 30200 ns, At safepoint: 197200 ns, Total: 227400 ns
[2020-04-26T16:12:45.320+0000][1][safepoint    ] Safepoint "CollectForMetadataAllocation", Time since last: 42679100 ns, Reaching safepoint: 34700 ns, At safepoint: 177300 ns, Total: 212000 ns
[2020-04-26T16:12:45.452+0000][1][gc,start     ] GC(5) Pause Young (Allocation Failure)
[2020-04-26T16:12:45.452+0000][1][gc,task      ] GC(5) Using 10 workers of 10 for evacuation
[2020-04-26T16:12:45.457+0000][1][gc,age       ] GC(5) Desired survivor size 8945664 bytes, new threshold 6 (max threshold 6)
[2020-04-26T16:12:45.457+0000][1][gc,age       ] GC(5) Age table with threshold 6 (max threshold 6)
[2020-04-26T16:12:45.457+0000][1][gc,age       ] GC(5) - age   1:    1572576 bytes,    1572576 total
[2020-04-26T16:12:45.457+0000][1][gc,age       ] GC(5) - age   2:     525824 bytes,    2098400 total
[2020-04-26T16:12:45.457+0000][1][gc,age       ] GC(5) - age   3:    2296048 bytes,    4394448 total
[2020-04-26T16:12:45.457+0000][1][gc,age       ] GC(5) - age   4:    1757176 bytes,    6151624 total
[2020-04-26T16:12:45.457+0000][1][gc,age       ] GC(5) - age   5:    1592400 bytes,    7744024 total
[2020-04-26T16:12:45.457+0000][1][gc,heap      ] GC(5) ParNew: 150418K->9002K(157248K)
[2020-04-26T16:12:45.457+0000][1][gc,heap      ] GC(5) CMS: 9542K->9542K(349568K)
[2020-04-26T16:12:45.457+0000][1][gc,metaspace ] GC(5) Metaspace: 20868K->20868K(1069056K)
[2020-04-26T16:12:45.457+0000][1][gc           ] GC(5) Pause Young (Allocation Failure) 156M->18M(494M) 4.785ms
[2020-04-26T16:12:45.457+0000][1][gc,cpu       ] GC(5) User=0.05s Sys=0.00s Real=0.01s
[2020-04-26T16:12:45.457+0000][1][safepoint    ] Safepoint "GenCollectForAllocation", Time since last: 131626900 ns, Reaching safepoint: 47500 ns, At safepoint: 4881800 ns, Total: 4929300 ns
[2020-04-26T16:12:45.457+0000][1][gc,start     ] GC(6) Pause Initial Mark
[2020-04-26T16:12:45.458+0000][1][gc           ] GC(6) Pause Initial Mark 20M->20M(494M) 1.120ms
[2020-04-26T16:12:45.458+0000][1][gc,cpu       ] GC(6) User=0.01s Sys=0.00s Real=0.00s
[2020-04-26T16:12:45.458+0000][1][safepoint    ] Safepoint "CMS_Initial_Mark", Time since last: 218600 ns, Reaching safepoint: 118000 ns, At safepoint: 1260500 ns, Total: 1378500 ns
[2020-04-26T16:12:45.459+0000][1][gc           ] GC(6) Concurrent Mark
[2020-04-26T16:12:45.459+0000][1][gc,task      ] GC(6) Using 3 workers of 3 for marking
[2020-04-26T16:12:45.466+0000][1][gc           ] GC(6) Concurrent Mark 6.922ms
[2020-04-26T16:12:45.466+0000][1][gc,cpu       ] GC(6) User=0.05s Sys=0.00s Real=0.01s
[2020-04-26T16:12:45.466+0000][1][gc           ] GC(6) Concurrent Preclean
[2020-04-26T16:12:45.466+0000][1][gc           ] GC(6) Concurrent Preclean 0.593ms
[2020-04-26T16:12:45.466+0000][1][gc,cpu       ] GC(6) User=0.00s Sys=0.00s Real=0.00s
[2020-04-26T16:12:45.466+0000][1][gc           ] GC(6) Concurrent Abortable Preclean
[2020-04-26T16:12:45.604+0000][1][safepoint    ] Safepoint "CollectForMetadataAllocation", Time since last: 145536900 ns, Reaching safepoint: 55200 ns, At safepoint: 149200 ns, Total: 204400 ns
[2020-04-26T16:12:45.605+0000][1][gc           ] GC(6) Concurrent Abortable Preclean 138.587ms
[2020-04-26T16:12:45.605+0000][1][gc,cpu       ] GC(6) User=0.60s Sys=0.01s Real=0.14s
[2020-04-26T16:12:45.605+0000][1][gc,start     ] GC(6) Pause Remark
[2020-04-26T16:12:45.621+0000][1][gc           ] GC(6) Pause Remark 140M->140M(494M) 16.470ms
[2020-04-26T16:12:45.621+0000][1][gc,cpu       ] GC(6) User=0.13s Sys=0.00s Real=0.01s
[2020-04-26T16:12:45.622+0000][1][safepoint    ] Safepoint "CMS_Final_Remark", Time since last: 668100 ns, Reaching safepoint: 107400 ns, At safepoint: 16587400 ns, Total: 16694800 ns
[2020-04-26T16:12:45.622+0000][1][gc           ] GC(6) Concurrent Sweep
[2020-04-26T16:12:45.626+0000][1][gc           ] GC(6) Concurrent Sweep 4.228ms
[2020-04-26T16:12:45.626+0000][1][gc,cpu       ] GC(6) User=0.02s Sys=0.00s Real=0.01s
[2020-04-26T16:12:45.626+0000][1][gc           ] GC(6) Concurrent Reset
[2020-04-26T16:12:45.627+0000][1][gc           ] GC(6) Concurrent Reset 0.597ms
[2020-04-26T16:12:45.627+0000][1][gc,cpu       ] GC(6) User=0.01s Sys=0.00s Real=0.00s
[2020-04-26T16:12:45.627+0000][1][gc,heap      ] GC(6) Old: 9542K->9539K(349568K)
[2020-04-26T16:12:45.642+0000][1][gc,start     ] GC(7) Pause Young (Allocation Failure)
[2020-04-26T16:12:45.642+0000][1][gc,task      ] GC(7) Using 10 workers of 10 for evacuation
[2020-04-26T16:12:45.645+0000][1][gc,age       ] GC(7) Desired survivor size 8945664 bytes, new threshold 6 (max threshold 6)
[2020-04-26T16:12:45.645+0000][1][gc,age       ] GC(7) Age table with threshold 6 (max threshold 6)
[2020-04-26T16:12:45.645+0000][1][gc,age       ] GC(7) - age   1:     431136 bytes,     431136 total
[2020-04-26T16:12:45.645+0000][1][gc,age       ] GC(7) - age   2:     796752 bytes,    1227888 total
[2020-04-26T16:12:45.645+0000][1][gc,age       ] GC(7) - age   3:     525824 bytes,    1753712 total
[2020-04-26T16:12:45.645+0000][1][gc,age       ] GC(7) - age   4:    2294888 bytes,    4048600 total
[2020-04-26T16:12:45.645+0000][1][gc,age       ] GC(7) - age   5:    1757192 bytes,    5805792 total
[2020-04-26T16:12:45.645+0000][1][gc,age       ] GC(7) - age   6:    1592400 bytes,    7398192 total
[2020-04-26T16:12:45.645+0000][1][gc,heap      ] GC(7) ParNew: 148778K->9736K(157248K)
[2020-04-26T16:12:45.645+0000][1][gc,heap      ] GC(7) CMS: 9539K->9539K(349568K)
[2020-04-26T16:12:45.645+0000][1][gc,metaspace ] GC(7) Metaspace: 21048K->21048K(1069056K)
[2020-04-26T16:12:45.645+0000][1][gc           ] GC(7) Pause Young (Allocation Failure) 154M->18M(494M) 3.672ms
[2020-04-26T16:12:45.645+0000][1][gc,cpu       ] GC(7) User=0.05s Sys=0.00s Real=0.01s
[2020-04-26T16:12:45.645+0000][1][safepoint    ] Safepoint "GenCollectForAllocation", Time since last: 19477600 ns, Reaching safepoint: 463600 ns, At safepoint: 3764100 ns, Total: 4227700 ns
[2020-04-26T16:12:45.785+0000][1][gc,start     ] GC(8) Pause Young (Allocation Failure)
[2020-04-26T16:12:45.785+0000][1][gc,task      ] GC(8) Using 10 workers of 10 for evacuation
[2020-04-26T16:12:45.789+0000][1][gc,age       ] GC(8) Desired survivor size 8945664 bytes, new threshold 6 (max threshold 6)
[2020-04-26T16:12:45.789+0000][1][gc,age       ] GC(8) Age table with threshold 6 (max threshold 6)
[2020-04-26T16:12:45.789+0000][1][gc,age       ] GC(8) - age   1:    1113024 bytes,    1113024 total
[2020-04-26T16:12:45.789+0000][1][gc,age       ] GC(8) - age   2:     408264 bytes,    1521288 total
[2020-04-26T16:12:45.789+0000][1][gc,age       ] GC(8) - age   3:     796600 bytes,    2317888 total
[2020-04-26T16:12:45.789+0000][1][gc,age       ] GC(8) - age   4:     525824 bytes,    2843712 total
[2020-04-26T16:12:45.789+0000][1][gc,age       ] GC(8) - age   5:    2294960 bytes,    5138672 total
[2020-04-26T16:12:45.789+0000][1][gc,age       ] GC(8) - age   6:    1757240 bytes,    6895912 total
[2020-04-26T16:12:45.789+0000][1][gc,heap      ] GC(8) ParNew: 149512K->10641K(157248K)
[2020-04-26T16:12:45.789+0000][1][gc,heap      ] GC(8) CMS: 9539K->11110K(349568K)
[2020-04-26T16:12:45.789+0000][1][gc,metaspace ] GC(8) Metaspace: 21154K->21154K(1069056K)
[2020-04-26T16:12:45.789+0000][1][gc           ] GC(8) Pause Young (Allocation Failure) 155M->21M(494M) 4.382ms
[2020-04-26T16:12:45.789+0000][1][gc,cpu       ] GC(8) User=0.03s Sys=0.00s Real=0.00s
[2020-04-26T16:12:45.789+0000][1][safepoint    ] Safepoint "GenCollectForAllocation", Time since last: 139445600 ns, Reaching safepoint: 44200 ns, At safepoint: 4469200 ns, Total: 4513400 ns
[2020-04-26T16:12:46.162+0000][1][safepoint    ] Safepoint "Deoptimize", Time since last: 372720400 ns, Reaching safepoint: 238100 ns, At safepoint: 261600 ns, Total: 499700 ns
[2020-04-26T16:12:46.166+0000][1][safepoint    ] Safepoint "Deoptimize", Time since last: 2877300 ns, Reaching safepoint: 23100 ns, At safepoint: 248100 ns, Total: 271200 ns
[2020-04-26T16:12:46.804+0000][1][gc,start     ] GC(9) Pause Young (Allocation Failure)
[2020-04-26T16:12:46.805+0000][1][gc,task      ] GC(9) Using 10 workers of 10 for evacuation
[2020-04-26T16:12:46.814+0000][1][gc,age       ] GC(9) Desired survivor size 8945664 bytes, new threshold 1 (max threshold 6)
[2020-04-26T16:12:46.814+0000][1][gc,age       ] GC(9) Age table with threshold 1 (max threshold 6)
[2020-04-26T16:12:46.814+0000][1][gc,age       ] GC(9) - age   1:   11768048 bytes,   11768048 total
[2020-04-26T16:12:46.814+0000][1][gc,age       ] GC(9) - age   2:     274416 bytes,   12042464 total
[2020-04-26T16:12:46.814+0000][1][gc,age       ] GC(9) - age   3:     405680 bytes,   12448144 total
[2020-04-26T16:12:46.814+0000][1][gc,age       ] GC(9) - age   4:     795568 bytes,   13243712 total
[2020-04-26T16:12:46.814+0000][1][gc,age       ] GC(9) - age   5:     523336 bytes,   13767048 total
[2020-04-26T16:12:46.814+0000][1][gc,age       ] GC(9) - age   6:    2290536 bytes,   16057584 total
[2020-04-26T16:12:46.814+0000][1][gc,heap      ] GC(9) ParNew: 150417K->17472K(157248K)
[2020-04-26T16:12:46.814+0000][1][gc,heap      ] GC(9) CMS: 11110K->12906K(349568K)
[2020-04-26T16:12:46.814+0000][1][gc,metaspace ] GC(9) Metaspace: 28106K->28106K(1075200K)
[2020-04-26T16:12:46.814+0000][1][gc           ] GC(9) Pause Young (Allocation Failure) 157M->29M(494M) 9.218ms
[2020-04-26T16:12:46.814+0000][1][gc,cpu       ] GC(9) User=0.04s Sys=0.04s Real=0.01s
[2020-04-26T16:12:46.814+0000][1][safepoint    ] Safepoint "GenCollectForAllocation", Time since last: 638692800 ns, Reaching safepoint: 201800 ns, At safepoint: 9372000 ns, Total: 9573800 ns
[2020-04-26T16:12:46.845+0000][1][safepoint    ] Safepoint "Deoptimize", Time since last: 31179000 ns, Reaching safepoint: 22700 ns, At safepoint: 276600 ns, Total: 299300 ns
[2020-04-26T16:12:47.315+0000][1][safepoint    ] Safepoint "RevokeBias", Time since last: 469770600 ns, Reaching safepoint: 33600 ns, At safepoint: 54400 ns, Total: 88000 ns
[2020-04-26T16:12:47.782+0000][1][gc,start     ] GC(10) Pause Young (Allocation Failure)
[2020-04-26T16:12:47.782+0000][1][gc,task      ] GC(10) Using 10 workers of 10 for evacuation
[2020-04-26T16:12:47.804+0000][1][gc,age       ] GC(10) Desired survivor size 8945664 bytes, new threshold 1 (max threshold 6)
[2020-04-26T16:12:47.804+0000][1][gc,age       ] GC(10) Age table with threshold 1 (max threshold 6)
[2020-04-26T16:12:47.804+0000][1][gc,age       ] GC(10) - age   1:   15075112 bytes,   15075112 total
[2020-04-26T16:12:47.804+0000][1][gc,heap      ] GC(10) ParNew: 157248K->17472K(157248K)
[2020-04-26T16:12:47.804+0000][1][gc,heap      ] GC(10) CMS: 12906K->31862K(349568K)
[2020-04-26T16:12:47.804+0000][1][gc,metaspace ] GC(10) Metaspace: 30161K->30161K(1077248K)
[2020-04-26T16:12:47.804+0000][1][gc           ] GC(10) Pause Young (Allocation Failure) 166M->48M(494M) 22.320ms
[2020-04-26T16:12:47.804+0000][1][gc,cpu       ] GC(10) User=0.19s Sys=0.01s Real=0.03s
[2020-04-26T16:12:47.804+0000][1][safepoint    ] Safepoint "GenCollectForAllocation", Time since last: 466429900 ns, Reaching safepoint: 76000 ns, At safepoint: 22411300 ns, Total: 22487300 ns
[2020-04-26T16:12:47.880+0000][1][safepoint    ] Safepoint "RevokeBias", Time since last: 76044800 ns, Reaching safepoint: 149100 ns, At safepoint: 73000 ns, Total: 222100 ns
[2020-04-26T16:12:47.903+0000][1][safepoint    ] Safepoint "RevokeBias", Time since last: 22781100 ns, Reaching safepoint: 108100 ns, At safepoint: 96400 ns, Total: 204500 ns
[2020-04-26T16:12:47.907+0000][1][safepoint    ] Safepoint "RevokeBias", Time since last: 3249000 ns, Reaching safepoint: 18100 ns, At safepoint: 57800 ns, Total: 75900 ns
[2020-04-26T16:12:47.912+0000][1][safepoint    ] Safepoint "RevokeBias", Time since last: 5513200 ns, Reaching safepoint: 124200 ns, At safepoint: 67400 ns, Total: 191600 ns
[2020-04-26T16:12:47.921+0000][1][safepoint    ] Safepoint "RevokeBias", Time since last: 8367100 ns, Reaching safepoint: 19400 ns, At safepoint: 48100 ns, Total: 67500 ns
[2020-04-26T16:12:47.925+0000][1][safepoint    ] Safepoint "RevokeBias", Time since last: 4182400 ns, Reaching safepoint: 26700 ns, At safepoint: 89300 ns, Total: 116000 ns
[2020-04-26T16:12:47.932+0000][1][safepoint    ] Safepoint "RevokeBias", Time since last: 6747100 ns, Reaching safepoint: 20000 ns, At safepoint: 51500 ns, Total: 71500 ns
[2020-04-26T16:12:47.935+0000][1][safepoint    ] Safepoint "RevokeBias", Time since last: 2719100 ns, Reaching safepoint: 115700 ns, At safepoint: 70900 ns, Total: 186600 ns
[2020-04-26T16:12:47.939+0000][1][safepoint    ] Safepoint "RevokeBias", Time since last: 4535400 ns, Reaching safepoint: 20300 ns, At safepoint: 53200 ns, Total: 73500 ns
[2020-04-26T16:12:48.257+0000][1][gc,start     ] GC(11) Pause Young (Allocation Failure)
[2020-04-26T16:12:48.257+0000][1][gc,task      ] GC(11) Using 10 workers of 10 for evacuation
[2020-04-26T16:12:48.278+0000][1][gc,age       ] GC(11) Desired survivor size 8945664 bytes, new threshold 6 (max threshold 6)
[2020-04-26T16:12:48.278+0000][1][gc,age       ] GC(11) Age table with threshold 6 (max threshold 6)
[2020-04-26T16:12:48.278+0000][1][gc,age       ] GC(11) - age   1:    2358640 bytes,    2358640 total
[2020-04-26T16:12:48.278+0000][1][gc,heap      ] GC(11) ParNew: 157248K->12927K(157248K)
[2020-04-26T16:12:48.278+0000][1][gc,heap      ] GC(11) CMS: 31862K->47229K(349568K)
[2020-04-26T16:12:48.278+0000][1][gc,metaspace ] GC(11) Metaspace: 34002K->34002K(1081344K)
[2020-04-26T16:12:48.278+0000][1][gc           ] GC(11) Pause Young (Allocation Failure) 184M->58M(494M) 20.992ms
[2020-04-26T16:12:48.278+0000][1][gc,cpu       ] GC(11) User=0.20s Sys=0.00s Real=0.02s
[2020-04-26T16:12:48.278+0000][1][safepoint    ] Safepoint "GenCollectForAllocation", Time since last: 317263200 ns, Reaching safepoint: 270700 ns, At safepoint: 21135000 ns, Total: 21405700 ns
[2020-04-26T16:12:48.348+0000][1][safepoint    ] Safepoint "CollectForMetadataAllocation", Time since last: 69906400 ns, Reaching safepoint: 63500 ns, At safepoint: 146000 ns, Total: 209500 ns
[2020-04-26T16:12:48.369+0000][1][safepoint    ] Safepoint "CollectForMetadataAllocation", Time since last: 20864400 ns, Reaching safepoint: 22900 ns, At safepoint: 84600 ns, Total: 107500 ns
[2020-04-26T16:12:48.392+0000][1][safepoint    ] Safepoint "CollectForMetadataAllocation", Time since last: 22436800 ns, Reaching safepoint: 29900 ns, At safepoint: 147500 ns, Total: 177400 ns
[2020-04-26T16:12:48.403+0000][1][safepoint    ] Safepoint "CollectForMetadataAllocation", Time since last: 10555700 ns, Reaching safepoint: 19500 ns, At safepoint: 148100 ns, Total: 167600 ns
[2020-04-26T16:12:48.415+0000][1][safepoint    ] Safepoint "CollectForMetadataAllocation", Time since last: 12622400 ns, Reaching safepoint: 38500 ns, At safepoint: 122900 ns, Total: 161400 ns
[2020-04-26T16:12:48.428+0000][1][safepoint    ] Safepoint "CollectForMetadataAllocation", Time since last: 12093900 ns, Reaching safepoint: 19600 ns, At safepoint: 141400 ns, Total: 161000 ns
[2020-04-26T16:12:48.447+0000][1][safepoint    ] Safepoint "CollectForMetadataAllocation", Time since last: 19626700 ns, Reaching safepoint: 34600 ns, At safepoint: 235400 ns, Total: 270000 ns
[2020-04-26T16:12:48.463+0000][1][safepoint    ] Safepoint "CollectForMetadataAllocation", Time since last: 15492900 ns, Reaching safepoint: 24600 ns, At safepoint: 123500 ns, Total: 148100 ns
[2020-04-26T16:12:48.493+0000][1][safepoint    ] Safepoint "CollectForMetadataAllocation", Time since last: 29847100 ns, Reaching safepoint: 119800 ns, At safepoint: 108700 ns, Total: 228500 ns
[2020-04-26T16:12:48.503+0000][1][safepoint    ] Safepoint "CollectForMetadataAllocation", Time since last: 9492400 ns, Reaching safepoint: 20700 ns, At safepoint: 96000 ns, Total: 116700 ns
[2020-04-26T16:12:48.510+0000][1][safepoint    ] Safepoint "Deoptimize", Time since last: 6982200 ns, Reaching safepoint: 27000 ns, At safepoint: 429200 ns, Total: 456200 ns
[2020-04-26T16:12:48.515+0000][1][safepoint    ] Safepoint "Deoptimize", Time since last: 3961600 ns, Reaching safepoint: 25400 ns, At safepoint: 373600 ns, Total: 399000 ns
[2020-04-26T16:12:48.519+0000][1][safepoint    ] Safepoint "CollectForMetadataAllocation", Time since last: 3975100 ns, Reaching safepoint: 24300 ns, At safepoint: 136800 ns, Total: 161100 ns
[2020-04-26T16:12:48.533+0000][1][safepoint    ] Safepoint "CollectForMetadataAllocation", Time since last: 13998900 ns, Reaching safepoint: 34700 ns, At safepoint: 149100 ns, Total: 183800 ns
[2020-04-26T16:12:48.534+0000][1][safepoint    ] Safepoint "RevokeBias", Time since last: 1393700 ns, Reaching safepoint: 19600 ns, At safepoint: 67600 ns, Total: 87200 ns
[2020-04-26T16:12:48.536+0000][1][safepoint    ] Safepoint "Deoptimize", Time since last: 800600 ns, Reaching safepoint: 14000 ns, At safepoint: 312700 ns, Total: 326700 ns
[2020-04-26T16:12:48.546+0000][1][safepoint    ] Safepoint "CollectForMetadataAllocation", Time since last: 10470100 ns, Reaching safepoint: 38400 ns, At safepoint: 171400 ns, Total: 209800 ns
[2020-04-26T16:12:48.559+0000][1][safepoint    ] Safepoint "RevokeBias", Time since last: 12821200 ns, Reaching safepoint: 140300 ns, At safepoint: 110500 ns, Total: 250800 ns
[2020-04-26T16:12:48.569+0000][1][safepoint    ] Safepoint "CollectForMetadataAllocation", Time since last: 9784400 ns, Reaching safepoint: 27600 ns, At safepoint: 172000 ns, Total: 199600 ns
[2020-04-26T16:12:48.582+0000][1][safepoint    ] Safepoint "CollectForMetadataAllocation", Time since last: 12369400 ns, Reaching safepoint: 22300 ns, At safepoint: 121800 ns, Total: 144100 ns
[2020-04-26T16:12:48.607+0000][1][safepoint    ] Safepoint "CollectForMetadataAllocation", Time since last: 25415100 ns, Reaching safepoint: 21600 ns, At safepoint: 157100 ns, Total: 178700 ns
[2020-04-26T16:12:48.624+0000][1][safepoint    ] Safepoint "CollectForMetadataAllocation", Time since last: 16692400 ns, Reaching safepoint: 21100 ns, At safepoint: 84400 ns, Total: 105500 ns
[2020-04-26T16:12:48.641+0000][1][safepoint    ] Safepoint "CollectForMetadataAllocation", Time since last: 16476100 ns, Reaching safepoint: 23700 ns, At safepoint: 144600 ns, Total: 168300 ns
[2020-04-26T16:12:48.663+0000][1][safepoint    ] Safepoint "CollectForMetadataAllocation", Time since last: 21802400 ns, Reaching safepoint: 21700 ns, At safepoint: 131200 ns, Total: 152900 ns
[2020-04-26T16:12:48.677+0000][1][safepoint    ] Safepoint "CollectForMetadataAllocation", Time since last: 14426400 ns, Reaching safepoint: 30900 ns, At safepoint: 189800 ns, Total: 220700 ns
[2020-04-26T16:12:48.698+0000][1][safepoint    ] Safepoint "CollectForMetadataAllocation", Time since last: 20500500 ns, Reaching safepoint: 22300 ns, At safepoint: 131400 ns, Total: 153700 ns
[2020-04-26T16:12:48.712+0000][1][safepoint    ] Safepoint "CollectForMetadataAllocation", Time since last: 13893700 ns, Reaching safepoint: 22500 ns, At safepoint: 164200 ns, Total: 186700 ns
[2020-04-26T16:12:48.732+0000][1][safepoint    ] Safepoint "CollectForMetadataAllocation", Time since last: 19498300 ns, Reaching safepoint: 22500 ns, At safepoint: 151900 ns, Total: 174400 ns
[2020-04-26T16:12:48.753+0000][1][safepoint    ] Safepoint "CollectForMetadataAllocation", Time since last: 21140500 ns, Reaching safepoint: 21100 ns, At safepoint: 135600 ns, Total: 156700 ns
[2020-04-26T16:12:48.771+0000][1][safepoint    ] Safepoint "CollectForMetadataAllocation", Time since last: 17824500 ns, Reaching safepoint: 24800 ns, At safepoint: 175200 ns, Total: 200000 ns
[2020-04-26T16:12:48.794+0000][1][safepoint    ] Safepoint "CollectForMetadataAllocation", Time since last: 22791100 ns, Reaching safepoint: 22800 ns, At safepoint: 155200 ns, Total: 178000 ns
[2020-04-26T16:12:48.816+0000][1][safepoint    ] Safepoint "CollectForMetadataAllocation", Time since last: 21241100 ns, Reaching safepoint: 29100 ns, At safepoint: 147300 ns, Total: 176400 ns
[2020-04-26T16:12:48.828+0000][1][safepoint    ] Safepoint "CollectForMetadataAllocation", Time since last: 12214200 ns, Reaching safepoint: 29000 ns, At safepoint: 138200 ns, Total: 167200 ns
[2020-04-26T16:12:48.857+0000][1][safepoint    ] Safepoint "CollectForMetadataAllocation", Time since last: 29085100 ns, Reaching safepoint: 24600 ns, At safepoint: 89000 ns, Total: 113600 ns
[2020-04-26T16:12:48.869+0000][1][safepoint    ] Safepoint "CollectForMetadataAllocation", Time since last: 11747000 ns, Reaching safepoint: 19500 ns, At safepoint: 116300 ns, Total: 135800 ns
[2020-04-26T16:12:48.884+0000][1][safepoint    ] Safepoint "CollectForMetadataAllocation", Time since last: 15276000 ns, Reaching safepoint: 29600 ns, At safepoint: 121100 ns, Total: 150700 ns
[2020-04-26T16:12:48.902+0000][1][safepoint    ] Safepoint "CollectForMetadataAllocation", Time since last: 17531600 ns, Reaching safepoint: 21800 ns, At safepoint: 78500 ns, Total: 100300 ns
[2020-04-26T16:12:48.914+0000][1][safepoint    ] Safepoint "CollectForMetadataAllocation", Time since last: 11493000 ns, Reaching safepoint: 21900 ns, At safepoint: 134200 ns, Total: 156100 ns
[2020-04-26T16:12:48.931+0000][1][safepoint    ] Safepoint "RevokeBias", Time since last: 16982200 ns, Reaching safepoint: 112400 ns, At safepoint: 58000 ns, Total: 170400 ns
[2020-04-26T16:12:48.938+0000][1][safepoint    ] Safepoint "CollectForMetadataAllocation", Time since last: 6813000 ns, Reaching safepoint: 21000 ns, At safepoint: 92900 ns, Total: 113900 ns
[2020-04-26T16:12:48.943+0000][1][safepoint    ] Safepoint "CollectForMetadataAllocation", Time since last: 5003500 ns, Reaching safepoint: 38800 ns, At safepoint: 118400 ns, Total: 157200 ns
[2020-04-26T16:12:48.981+0000][1][safepoint    ] Safepoint "CollectForMetadataAllocation", Time since last: 37909100 ns, Reaching safepoint: 30000 ns, At safepoint: 137300 ns, Total: 167300 ns
[2020-04-26T16:12:48.995+0000][1][safepoint    ] Safepoint "CollectForMetadataAllocation", Time since last: 14013400 ns, Reaching safepoint: 27500 ns, At safepoint: 114100 ns, Total: 141600 ns
[2020-04-26T16:12:48.999+0000][1][safepoint    ] Safepoint "CollectForMetadataAllocation", Time since last: 3550800 ns, Reaching safepoint: 18300 ns, At safepoint: 110300 ns, Total: 128600 ns
[2020-04-26T16:12:49.004+0000][1][safepoint    ] Safepoint "Deoptimize", Time since last: 4733200 ns, Reaching safepoint: 24500 ns, At safepoint: 307800 ns, Total: 332300 ns
[2020-04-26T16:12:49.009+0000][1][safepoint    ] Safepoint "CollectForMetadataAllocation", Time since last: 4530700 ns, Reaching safepoint: 20600 ns, At safepoint: 109500 ns, Total: 130100 ns
[2020-04-26T16:12:49.028+0000][1][safepoint    ] Safepoint "CollectForMetadataAllocation", Time since last: 19263500 ns, Reaching safepoint: 181800 ns, At safepoint: 187800 ns, Total: 369600 ns
[2020-04-26T16:12:49.435+0000][1][safepoint    ] Safepoint "CollectForMetadataAllocation", Time since last: 407007600 ns, Reaching safepoint: 39200 ns, At safepoint: 150900 ns, Total: 190100 ns
[2020-04-26T16:12:49.457+0000][1][safepoint    ] Safepoint "CollectForMetadataAllocation", Time since last: 21916200 ns, Reaching safepoint: 27200 ns, At safepoint: 114300 ns, Total: 141500 ns
[2020-04-26T16:12:49.501+0000][1][safepoint    ] Safepoint "Deoptimize", Time since last: 43464500 ns, Reaching safepoint: 28600 ns, At safepoint: 332500 ns, Total: 361100 ns
[2020-04-26T16:12:49.568+0000][1][safepoint    ] Safepoint "CollectForMetadataAllocation", Time since last: 66609100 ns, Reaching safepoint: 143700 ns, At safepoint: 169200 ns, Total: 312900 ns
[2020-04-26T16:12:49.592+0000][1][safepoint    ] Safepoint "CollectForMetadataAllocation", Time since last: 23865600 ns, Reaching safepoint: 45300 ns, At safepoint: 148400 ns, Total: 193700 ns
[2020-04-26T16:12:49.641+0000][1][safepoint    ] Safepoint "CollectForMetadataAllocation", Time since last: 48453500 ns, Reaching safepoint: 28500 ns, At safepoint: 117900 ns, Total: 146400 ns
[2020-04-26T16:12:49.658+0000][1][safepoint    ] Safepoint "RevokeBias", Time since last: 16859900 ns, Reaching safepoint: 135900 ns, At safepoint: 104300 ns, Total: 240200 ns
[2020-04-26T16:12:49.661+0000][1][safepoint    ] Safepoint "CollectForMetadataAllocation", Time since last: 2722000 ns, Reaching safepoint: 25500 ns, At safepoint: 130400 ns, Total: 155900 ns
[2020-04-26T16:12:49.667+0000][1][safepoint    ] Safepoint "RevokeBias", Time since last: 5625900 ns, Reaching safepoint: 28000 ns, At safepoint: 62100 ns, Total: 90100 ns
[2020-04-26T16:12:49.679+0000][1][safepoint    ] Safepoint "CollectForMetadataAllocation", Time since last: 12232500 ns, Reaching safepoint: 23300 ns, At safepoint: 148100 ns, Total: 171400 ns
[2020-04-26T16:12:49.698+0000][1][safepoint    ] Safepoint "RevokeBias", Time since last: 18846300 ns, Reaching safepoint: 30200 ns, At safepoint: 65700 ns, Total: 95900 ns
[2020-04-26T16:12:49.740+0000][1][safepoint    ] Safepoint "RevokeBias", Time since last: 41921400 ns, Reaching safepoint: 114800 ns, At safepoint: 64800 ns, Total: 179600 ns
[2020-04-26T16:12:49.744+0000][1][safepoint    ] Safepoint "RevokeBias", Time since last: 3738700 ns, Reaching safepoint: 113200 ns, At safepoint: 50800 ns, Total: 164000 ns
[2020-04-26T16:12:49.747+0000][1][safepoint    ] Safepoint "CollectForMetadataAllocation", Time since last: 3027700 ns, Reaching safepoint: 26000 ns, At safepoint: 186600 ns, Total: 212600 ns
[2020-04-26T16:12:49.768+0000][1][safepoint    ] Safepoint "CollectForMetadataAllocation", Time since last: 20878900 ns, Reaching safepoint: 133400 ns, At safepoint: 129100 ns, Total: 262500 ns
[2020-04-26T16:12:49.793+0000][1][safepoint    ] Safepoint "CollectForMetadataAllocation", Time since last: 24142900 ns, Reaching safepoint: 101300 ns, At safepoint: 139900 ns, Total: 241200 ns
[2020-04-26T16:12:49.813+0000][1][safepoint    ] Safepoint "CollectForMetadataAllocation", Time since last: 20133500 ns, Reaching safepoint: 29300 ns, At safepoint: 166600 ns, Total: 195900 ns
[2020-04-26T16:12:49.834+0000][1][gc,start     ] GC(12) Pause Young (Allocation Failure)
[2020-04-26T16:12:49.834+0000][1][gc,task      ] GC(12) Using 10 workers of 10 for evacuation
[2020-04-26T16:12:49.840+0000][1][gc,age       ] GC(12) Desired survivor size 8945664 bytes, new threshold 2 (max threshold 6)
[2020-04-26T16:12:49.840+0000][1][gc,age       ] GC(12) Age table with threshold 2 (max threshold 6)
[2020-04-26T16:12:49.840+0000][1][gc,age       ] GC(12) - age   1:    7688368 bytes,    7688368 total
[2020-04-26T16:12:49.840+0000][1][gc,age       ] GC(12) - age   2:    2063320 bytes,    9751688 total
[2020-04-26T16:12:49.840+0000][1][gc,heap      ] GC(12) ParNew: 152703K->10868K(157248K)
[2020-04-26T16:12:49.840+0000][1][gc,heap      ] GC(12) CMS: 47229K->47229K(349568K)
[2020-04-26T16:12:49.840+0000][1][gc,metaspace ] GC(12) Metaspace: 50077K->50077K(1095680K)
[2020-04-26T16:12:49.840+0000][1][gc           ] GC(12) Pause Young (Allocation Failure) 195M->56M(494M) 6.681ms
[2020-04-26T16:12:49.840+0000][1][gc,cpu       ] GC(12) User=0.04s Sys=0.00s Real=0.00s
[2020-04-26T16:12:49.840+0000][1][safepoint    ] Safepoint "GenCollectForAllocation", Time since last: 20593000 ns, Reaching safepoint: 33500 ns, At safepoint: 6754900 ns, Total: 6788400 ns
[2020-04-26T16:12:49.843+0000][1][gc,start     ] GC(13) Pause Initial Mark
[2020-04-26T16:12:49.845+0000][1][gc           ] GC(13) Pause Initial Mark 59M->59M(494M) 2.231ms
[2020-04-26T16:12:49.845+0000][1][gc,cpu       ] GC(13) User=0.01s Sys=0.00s Real=0.00s
[2020-04-26T16:12:49.845+0000][1][safepoint    ] Safepoint "CMS_Initial_Mark", Time since last: 2254700 ns, Reaching safepoint: 484100 ns, At safepoint: 2366400 ns, Total: 2850500 ns
[2020-04-26T16:12:49.846+0000][1][gc           ] GC(13) Concurrent Mark
[2020-04-26T16:12:49.846+0000][1][gc,task      ] GC(13) Using 3 workers of 3 for marking
[2020-04-26T16:12:49.847+0000][1][safepoint    ] Safepoint "CollectForMetadataAllocation", Time since last: 1474400 ns, Reaching safepoint: 394700 ns, At safepoint: 127700 ns, Total: 522400 ns
[2020-04-26T16:12:49.849+0000][1][safepoint    ] Safepoint "RevokeBias", Time since last: 1122400 ns, Reaching safepoint: 226600 ns, At safepoint: 44200 ns, Total: 270800 ns
[2020-04-26T16:12:49.849+0000][1][safepoint    ] Safepoint "RevokeBias", Time since last: 95700 ns, Reaching safepoint: 94100 ns, At safepoint: 54200 ns, Total: 148300 ns
[2020-04-26T16:12:49.849+0000][1][safepoint    ] Safepoint "RevokeBias", Time since last: 113000 ns, Reaching safepoint: 102500 ns, At safepoint: 43200 ns, Total: 145700 ns
[2020-04-26T16:12:49.850+0000][1][safepoint    ] Safepoint "RevokeBias", Time since last: 99600 ns, Reaching safepoint: 101900 ns, At safepoint: 43200 ns, Total: 145100 ns
[2020-04-26T16:12:49.850+0000][1][safepoint    ] Safepoint "RevokeBias", Time since last: 98900 ns, Reaching safepoint: 116400 ns, At safepoint: 71700 ns, Total: 188100 ns
[2020-04-26T16:12:49.850+0000][1][safepoint    ] Safepoint "RevokeBias", Time since last: 103600 ns, Reaching safepoint: 290500 ns, At safepoint: 58100 ns, Total: 348600 ns
[2020-04-26T16:12:49.851+0000][1][safepoint    ] Safepoint "RevokeBias", Time since last: 102100 ns, Reaching safepoint: 103900 ns, At safepoint: 59300 ns, Total: 163200 ns
[2020-04-26T16:12:49.851+0000][1][safepoint    ] Safepoint "RevokeBias", Time since last: 115200 ns, Reaching safepoint: 102200 ns, At safepoint: 50400 ns, Total: 152600 ns
[2020-04-26T16:12:49.851+0000][1][safepoint    ] Safepoint "RevokeBias", Time since last: 96600 ns, Reaching safepoint: 102600 ns, At safepoint: 53500 ns, Total: 156100 ns
[2020-04-26T16:12:49.851+0000][1][safepoint    ] Safepoint "RevokeBias", Time since last: 104000 ns, Reaching safepoint: 21400 ns, At safepoint: 65500 ns, Total: 86900 ns
[2020-04-26T16:12:49.852+0000][1][safepoint    ] Safepoint "RevokeBias", Time since last: 89200 ns, Reaching safepoint: 251700 ns, At safepoint: 41200 ns, Total: 292900 ns
[2020-04-26T16:12:49.852+0000][1][safepoint    ] Safepoint "RevokeBias", Time since last: 77900 ns, Reaching safepoint: 13200 ns, At safepoint: 40900 ns, Total: 54100 ns
[2020-04-26T16:12:49.852+0000][1][safepoint    ] Safepoint "RevokeBias", Time since last: 75500 ns, Reaching safepoint: 101300 ns, At safepoint: 55400 ns, Total: 156700 ns
[2020-04-26T16:12:49.852+0000][1][safepoint    ] Safepoint "RevokeBias", Time since last: 81700 ns, Reaching safepoint: 97300 ns, At safepoint: 63200 ns, Total: 160500 ns
[2020-04-26T16:12:49.853+0000][1][safepoint    ] Safepoint "BulkRevokeBias", Time since last: 79700 ns, Reaching safepoint: 14100 ns, At safepoint: 95100 ns, Total: 109200 ns
[2020-04-26T16:12:49.870+0000][1][safepoint    ] Safepoint "RevokeBias", Time since last: 16834800 ns, Reaching safepoint: 440900 ns, At safepoint: 61800 ns, Total: 502700 ns
[2020-04-26T16:12:49.870+0000][1][safepoint    ] Safepoint "RevokeBias", Time since last: 117800 ns, Reaching safepoint: 112500 ns, At safepoint: 37500 ns, Total: 150000 ns
[2020-04-26T16:12:49.871+0000][1][safepoint    ] Safepoint "RevokeBias", Time since last: 303600 ns, Reaching safepoint: 116800 ns, At safepoint: 66600 ns, Total: 183400 ns
[2020-04-26T16:12:49.878+0000][1][safepoint    ] Safepoint "CollectForMetadataAllocation", Time since last: 7185700 ns, Reaching safepoint: 186500 ns, At safepoint: 135900 ns, Total: 322400 ns
[2020-04-26T16:12:49.886+0000][1][gc           ] GC(13) Concurrent Mark 40.703ms
[2020-04-26T16:12:49.886+0000][1][gc,cpu       ] GC(13) User=0.25s Sys=0.02s Real=0.04s
[2020-04-26T16:12:49.886+0000][1][gc           ] GC(13) Concurrent Preclean
[2020-04-26T16:12:49.889+0000][1][gc           ] GC(13) Concurrent Preclean 2.179ms
[2020-04-26T16:12:49.889+0000][1][gc,cpu       ] GC(13) User=0.01s Sys=0.00s Real=0.00s
[2020-04-26T16:12:49.889+0000][1][gc           ] GC(13) Concurrent Abortable Preclean
[2020-04-26T16:12:49.903+0000][1][safepoint    ] Safepoint "CollectForMetadataAllocation", Time since last: 24837300 ns, Reaching safepoint: 43400 ns, At safepoint: 170800 ns, Total: 214200 ns
[2020-04-26T16:12:49.929+0000][1][safepoint    ] Safepoint "RevokeBias", Time since last: 25487000 ns, Reaching safepoint: 55200 ns, At safepoint: 100400 ns, Total: 155600 ns
[2020-04-26T16:12:49.929+0000][1][safepoint    ] Safepoint "RevokeBias", Time since last: 151600 ns, Reaching safepoint: 133400 ns, At safepoint: 78200 ns, Total: 211600 ns
[2020-04-26T16:12:49.929+0000][1][safepoint    ] Safepoint "RevokeBias", Time since last: 188400 ns, Reaching safepoint: 27400 ns, At safepoint: 41000 ns, Total: 68400 ns
[2020-04-26T16:12:49.930+0000][1][safepoint    ] Safepoint "RevokeBias", Time since last: 137900 ns, Reaching safepoint: 113100 ns, At safepoint: 61700 ns, Total: 174800 ns
[2020-04-26T16:12:49.930+0000][1][safepoint    ] Safepoint "RevokeBias", Time since last: 182300 ns, Reaching safepoint: 108900 ns, At safepoint: 53100 ns, Total: 162000 ns
[2020-04-26T16:12:49.931+0000][1][safepoint    ] Safepoint "RevokeBias", Time since last: 885900 ns, Reaching safepoint: 119800 ns, At safepoint: 82600 ns, Total: 202400 ns
[2020-04-26T16:12:49.932+0000][1][safepoint    ] Safepoint "RevokeBias", Time since last: 560000 ns, Reaching safepoint: 121400 ns, At safepoint: 48800 ns, Total: 170200 ns
[2020-04-26T16:12:49.932+0000][1][safepoint    ] Safepoint "RevokeBias", Time since last: 364400 ns, Reaching safepoint: 115000 ns, At safepoint: 93900 ns, Total: 208900 ns
[2020-04-26T16:12:49.933+0000][1][safepoint    ] Safepoint "RevokeBias", Time since last: 105700 ns, Reaching safepoint: 115200 ns, At safepoint: 68300 ns, Total: 183500 ns
[2020-04-26T16:12:49.933+0000][1][safepoint    ] Safepoint "RevokeBias", Time since last: 89600 ns, Reaching safepoint: 29800 ns, At safepoint: 65400 ns, Total: 95200 ns
[2020-04-26T16:12:49.933+0000][1][safepoint    ] Safepoint "RevokeBias", Time since last: 84300 ns, Reaching safepoint: 146300 ns, At safepoint: 59100 ns, Total: 205400 ns
[2020-04-26T16:12:49.934+0000][1][safepoint    ] Safepoint "RevokeBias", Time since last: 88700 ns, Reaching safepoint: 106700 ns, At safepoint: 69700 ns, Total: 176400 ns
[2020-04-26T16:12:49.934+0000][1][safepoint    ] Safepoint "RevokeBias", Time since last: 95700 ns, Reaching safepoint: 107800 ns, At safepoint: 72100 ns, Total: 179900 ns
[2020-04-26T16:12:49.934+0000][1][safepoint    ] Safepoint "RevokeBias", Time since last: 89000 ns, Reaching safepoint: 107700 ns, At safepoint: 78900 ns, Total: 186600 ns
[2020-04-26T16:12:49.934+0000][1][safepoint    ] Safepoint "RevokeBias", Time since last: 118000 ns, Reaching safepoint: 25900 ns, At safepoint: 54700 ns, Total: 80600 ns
[2020-04-26T16:12:49.935+0000][1][safepoint    ] Safepoint "RevokeBias", Time since last: 82500 ns, Reaching safepoint: 105400 ns, At safepoint: 58200 ns, Total: 163600 ns
[2020-04-26T16:12:49.939+0000][1][safepoint    ] Safepoint "RevokeBias", Time since last: 4364400 ns, Reaching safepoint: 145600 ns, At safepoint: 74300 ns, Total: 219900 ns
[2020-04-26T16:12:49.939+0000][1][safepoint    ] Safepoint "RevokeBias", Time since last: 177900 ns, Reaching safepoint: 126700 ns, At safepoint: 78800 ns, Total: 205500 ns
[2020-04-26T16:12:49.940+0000][1][safepoint    ] Safepoint "RevokeBias", Time since last: 106100 ns, Reaching safepoint: 122200 ns, At safepoint: 72800 ns, Total: 195000 ns
[2020-04-26T16:12:49.940+0000][1][safepoint    ] Safepoint "RevokeBias", Time since last: 91600 ns, Reaching safepoint: 105400 ns, At safepoint: 68700 ns, Total: 174100 ns
[2020-04-26T16:12:49.941+0000][1][safepoint    ] Safepoint "RevokeBias", Time since last: 111200 ns, Reaching safepoint: 506900 ns, At safepoint: 73800 ns, Total: 580700 ns
[2020-04-26T16:12:49.941+0000][1][safepoint    ] Safepoint "RevokeBias", Time since last: 87300 ns, Reaching safepoint: 180100 ns, At safepoint: 58800 ns, Total: 238900 ns
[2020-04-26T16:12:49.941+0000][1][safepoint    ] Safepoint "RevokeBias", Time since last: 82700 ns, Reaching safepoint: 180100 ns, At safepoint: 60400 ns, Total: 240500 ns
[2020-04-26T16:12:49.942+0000][1][safepoint    ] Safepoint "RevokeBias", Time since last: 82300 ns, Reaching safepoint: 102000 ns, At safepoint: 59500 ns, Total: 161500 ns
[2020-04-26T16:12:49.942+0000][1][safepoint    ] Safepoint "RevokeBias", Time since last: 81800 ns, Reaching safepoint: 101800 ns, At safepoint: 58200 ns, Total: 160000 ns
[2020-04-26T16:12:49.942+0000][1][safepoint    ] Safepoint "RevokeBias", Time since last: 81400 ns, Reaching safepoint: 102700 ns, At safepoint: 62500 ns, Total: 165200 ns
[2020-04-26T16:12:49.942+0000][1][safepoint    ] Safepoint "BulkRevokeBias", Time since last: 114800 ns, Reaching safepoint: 113200 ns, At safepoint: 142800 ns, Total: 256000 ns
[2020-04-26T16:12:49.943+0000][1][safepoint    ] Safepoint "RevokeBias", Time since last: 45700 ns, Reaching safepoint: 110200 ns, At safepoint: 95300 ns, Total: 205500 ns
[2020-04-26T16:12:49.943+0000][1][safepoint    ] Safepoint "RevokeBias", Time since last: 38700 ns, Reaching safepoint: 110900 ns, At safepoint: 93400 ns, Total: 204300 ns
[2020-04-26T16:12:49.943+0000][1][safepoint    ] Safepoint "RevokeBias", Time since last: 36400 ns, Reaching safepoint: 107200 ns, At safepoint: 116700 ns, Total: 223900 ns
[2020-04-26T16:12:49.943+0000][1][safepoint    ] Safepoint "RevokeBias", Time since last: 34500 ns, Reaching safepoint: 112200 ns, At safepoint: 71400 ns, Total: 183600 ns
[2020-04-26T16:12:49.944+0000][1][safepoint    ] Safepoint "RevokeBias", Time since last: 36300 ns, Reaching safepoint: 117200 ns, At safepoint: 95800 ns, Total: 213000 ns
[2020-04-26T16:12:49.944+0000][1][safepoint    ] Safepoint "RevokeBias", Time since last: 39800 ns, Reaching safepoint: 119000 ns, At safepoint: 66700 ns, Total: 185700 ns
[2020-04-26T16:12:49.944+0000][1][safepoint    ] Safepoint "RevokeBias", Time since last: 92000 ns, Reaching safepoint: 114800 ns, At safepoint: 84400 ns, Total: 199200 ns
[2020-04-26T16:12:49.945+0000][1][safepoint    ] Safepoint "RevokeBias", Time since last: 341200 ns, Reaching safepoint: 108000 ns, At safepoint: 73100 ns, Total: 181100 ns
[2020-04-26T16:12:49.945+0000][1][safepoint    ] Safepoint "RevokeBias", Time since last: 158900 ns, Reaching safepoint: 106900 ns, At safepoint: 65900 ns, Total: 172800 ns
[2020-04-26T16:12:49.945+0000][1][safepoint    ] Safepoint "RevokeBias", Time since last: 156900 ns, Reaching safepoint: 125600 ns, At safepoint: 86100 ns, Total: 211700 ns
[2020-04-26T16:12:49.948+0000][1][safepoint    ] Safepoint "RevokeBias", Time since last: 1990000 ns, Reaching safepoint: 127000 ns, At safepoint: 79400 ns, Total: 206400 ns
[2020-04-26T16:12:49.949+0000][1][safepoint    ] Safepoint "CollectForMetadataAllocation", Time since last: 1546300 ns, Reaching safepoint: 126300 ns, At safepoint: 170400 ns, Total: 296700 ns
[2020-04-26T16:12:49.950+0000][1][safepoint    ] Safepoint "RevokeBias", Time since last: 46600 ns, Reaching safepoint: 119300 ns, At safepoint: 85900 ns, Total: 205200 ns
[2020-04-26T16:12:49.950+0000][1][safepoint    ] Safepoint "RevokeBias", Time since last: 40100 ns, Reaching safepoint: 126200 ns, At safepoint: 64200 ns, Total: 190400 ns
[2020-04-26T16:12:49.950+0000][1][safepoint    ] Safepoint "RevokeBias", Time since last: 99100 ns, Reaching safepoint: 26500 ns, At safepoint: 42500 ns, Total: 69000 ns
[2020-04-26T16:12:49.950+0000][1][safepoint    ] Safepoint "RevokeBias", Time since last: 91000 ns, Reaching safepoint: 25200 ns, At safepoint: 40100 ns, Total: 65300 ns
[2020-04-26T16:12:49.950+0000][1][safepoint    ] Safepoint "RevokeBias", Time since last: 92300 ns, Reaching safepoint: 24600 ns, At safepoint: 39700 ns, Total: 64300 ns
[2020-04-26T16:12:49.951+0000][1][safepoint    ] Safepoint "RevokeBias", Time since last: 82200 ns, Reaching safepoint: 24500 ns, At safepoint: 38100 ns, Total: 62600 ns
[2020-04-26T16:12:49.951+0000][1][safepoint    ] Safepoint "RevokeBias", Time since last: 83800 ns, Reaching safepoint: 21400 ns, At safepoint: 52200 ns, Total: 73600 ns
[2020-04-26T16:12:49.951+0000][1][safepoint    ] Safepoint "RevokeBias", Time since last: 83000 ns, Reaching safepoint: 21200 ns, At safepoint: 38100 ns, Total: 59300 ns
[2020-04-26T16:12:49.951+0000][1][safepoint    ] Safepoint "RevokeBias", Time since last: 81400 ns, Reaching safepoint: 21200 ns, At safepoint: 37700 ns, Total: 58900 ns
[2020-04-26T16:12:49.951+0000][1][safepoint    ] Safepoint "RevokeBias", Time since last: 81000 ns, Reaching safepoint: 24100 ns, At safepoint: 37900 ns, Total: 62000 ns
[2020-04-26T16:12:49.951+0000][1][safepoint    ] Safepoint "RevokeBias", Time since last: 81700 ns, Reaching safepoint: 21300 ns, At safepoint: 37600 ns, Total: 58900 ns
[2020-04-26T16:12:49.951+0000][1][safepoint    ] Safepoint "RevokeBias", Time since last: 81500 ns, Reaching safepoint: 24200 ns, At safepoint: 38100 ns, Total: 62300 ns
[2020-04-26T16:12:49.952+0000][1][safepoint    ] Safepoint "RevokeBias", Time since last: 81000 ns, Reaching safepoint: 21200 ns, At safepoint: 37800 ns, Total: 59000 ns
[2020-04-26T16:12:49.952+0000][1][safepoint    ] Safepoint "RevokeBias", Time since last: 81400 ns, Reaching safepoint: 21200 ns, At safepoint: 53900 ns, Total: 75100 ns
[2020-04-26T16:12:49.952+0000][1][safepoint    ] Safepoint "BulkRevokeBias", Time since last: 81800 ns, Reaching safepoint: 24100 ns, At safepoint: 82600 ns, Total: 106700 ns
[2020-04-26T16:12:49.952+0000][1][safepoint    ] Safepoint "RevokeBias", Time since last: 157300 ns, Reaching safepoint: 26000 ns, At safepoint: 40700 ns, Total: 66700 ns
[2020-04-26T16:12:49.952+0000][1][safepoint    ] Safepoint "RevokeBias", Time since last: 142800 ns, Reaching safepoint: 21400 ns, At safepoint: 38600 ns, Total: 60000 ns
[2020-04-26T16:12:49.953+0000][1][safepoint    ] Safepoint "RevokeBias", Time since last: 149800 ns, Reaching safepoint: 130400 ns, At safepoint: 83600 ns, Total: 214000 ns
[2020-04-26T16:12:49.953+0000][1][safepoint    ] Safepoint "RevokeBias", Time since last: 120400 ns, Reaching safepoint: 26200 ns, At safepoint: 42600 ns, Total: 68800 ns
[2020-04-26T16:12:49.953+0000][1][safepoint    ] Safepoint "RevokeBias", Time since last: 124500 ns, Reaching safepoint: 36000 ns, At safepoint: 59900 ns, Total: 95900 ns
[2020-04-26T16:12:49.954+0000][1][safepoint    ] Safepoint "RevokeBias", Time since last: 212800 ns, Reaching safepoint: 195900 ns, At safepoint: 66200 ns, Total: 262100 ns
[2020-04-26T16:12:49.954+0000][1][safepoint    ] Safepoint "RevokeBias", Time since last: 449800 ns, Reaching safepoint: 129700 ns, At safepoint: 59800 ns, Total: 189500 ns
[2020-04-26T16:12:49.955+0000][1][safepoint    ] Safepoint "RevokeBias", Time since last: 172200 ns, Reaching safepoint: 185700 ns, At safepoint: 57600 ns, Total: 243300 ns
[2020-04-26T16:12:49.955+0000][1][safepoint    ] Safepoint "RevokeBias", Time since last: 110200 ns, Reaching safepoint: 124600 ns, At safepoint: 63400 ns, Total: 188000 ns
[2020-04-26T16:12:49.955+0000][1][safepoint    ] Safepoint "RevokeBias", Time since last: 92900 ns, Reaching safepoint: 123300 ns, At safepoint: 64400 ns, Total: 187700 ns
[2020-04-26T16:12:49.956+0000][1][safepoint    ] Safepoint "RevokeBias", Time since last: 88600 ns, Reaching safepoint: 104000 ns, At safepoint: 50900 ns, Total: 154900 ns
[2020-04-26T16:12:49.956+0000][1][safepoint    ] Safepoint "RevokeBias", Time since last: 338400 ns, Reaching safepoint: 428300 ns, At safepoint: 57100 ns, Total: 485400 ns
[2020-04-26T16:12:49.957+0000][1][safepoint    ] Safepoint "RevokeBias", Time since last: 1019300 ns, Reaching safepoint: 28500 ns, At safepoint: 44600 ns, Total: 73100 ns
[2020-04-26T16:12:49.958+0000][1][safepoint    ] Safepoint "RevokeBias", Time since last: 477900 ns, Reaching safepoint: 34900 ns, At safepoint: 67400 ns, Total: 102300 ns
[2020-04-26T16:12:49.958+0000][1][safepoint    ] Safepoint "RevokeBias", Time since last: 136400 ns, Reaching safepoint: 273200 ns, At safepoint: 58200 ns, Total: 331400 ns
[2020-04-26T16:12:49.959+0000][1][safepoint    ] Safepoint "RevokeBias", Time since last: 235800 ns, Reaching safepoint: 121900 ns, At safepoint: 51100 ns, Total: 173000 ns
[2020-04-26T16:12:49.961+0000][1][safepoint    ] Safepoint "Deoptimize", Time since last: 1300800 ns, Reaching safepoint: 124600 ns, At safepoint: 384600 ns, Total: 509200 ns
[2020-04-26T16:12:49.961+0000][1][safepoint    ] Safepoint "RevokeBias", Time since last: 278700 ns, Reaching safepoint: 111400 ns, At safepoint: 54400 ns, Total: 165800 ns
[2020-04-26T16:12:49.962+0000][1][safepoint    ] Safepoint "RevokeBias", Time since last: 609200 ns, Reaching safepoint: 113900 ns, At safepoint: 78300 ns, Total: 192200 ns
[2020-04-26T16:12:49.962+0000][1][safepoint    ] Safepoint "RevokeBias", Time since last: 129500 ns, Reaching safepoint: 112500 ns, At safepoint: 76100 ns, Total: 188600 ns
[2020-04-26T16:12:49.966+0000][1][safepoint    ] Safepoint "RevokeBias", Time since last: 3074000 ns, Reaching safepoint: 220400 ns, At safepoint: 95700 ns, Total: 316100 ns
[2020-04-26T16:12:49.966+0000][1][safepoint    ] Safepoint "RevokeBias", Time since last: 113100 ns, Reaching safepoint: 123600 ns, At safepoint: 90600 ns, Total: 214200 ns
[2020-04-26T16:12:49.967+0000][1][safepoint    ] Safepoint "RevokeBias", Time since last: 337400 ns, Reaching safepoint: 122500 ns, At safepoint: 81600 ns, Total: 204100 ns
[2020-04-26T16:12:49.973+0000][1][safepoint    ] Safepoint "CollectForMetadataAllocation", Time since last: 5762400 ns, Reaching safepoint: 51900 ns, At safepoint: 194000 ns, Total: 245900 ns
[2020-04-26T16:12:49.988+0000][1][safepoint    ] Safepoint "RevokeBias", Time since last: 15398200 ns, Reaching safepoint: 145200 ns, At safepoint: 67200 ns, Total: 212400 ns
[2020-04-26T16:12:49.992+0000][1][safepoint    ] Safepoint "CollectForMetadataAllocation", Time since last: 3190600 ns, Reaching safepoint: 40200 ns, At safepoint: 142200 ns, Total: 182400 ns
[2020-04-26T16:12:50.002+0000][1][safepoint    ] Safepoint "RevokeBias", Time since last: 10089500 ns, Reaching safepoint: 132300 ns, At safepoint: 61200 ns, Total: 193500 ns
[2020-04-26T16:12:50.017+0000][1][safepoint    ] Safepoint "CollectForMetadataAllocation", Time since last: 14675400 ns, Reaching safepoint: 141900 ns, At safepoint: 168300 ns, Total: 310200 ns
[2020-04-26T16:12:50.053+0000][1][safepoint    ] Safepoint "CollectForMetadataAllocation", Time since last: 35980900 ns, Reaching safepoint: 37100 ns, At safepoint: 108600 ns, Total: 145700 ns
[2020-04-26T16:12:50.077+0000][1][safepoint    ] Safepoint "CollectForMetadataAllocation", Time since last: 23960200 ns, Reaching safepoint: 122700 ns, At safepoint: 169000 ns, Total: 291700 ns
[2020-04-26T16:12:50.086+0000][1][safepoint    ] Safepoint "RevokeBias", Time since last: 8458400 ns, Reaching safepoint: 40200 ns, At safepoint: 36900 ns, Total: 77100 ns
[2020-04-26T16:12:50.101+0000][1][safepoint    ] Safepoint "CollectForMetadataAllocation", Time since last: 15502700 ns, Reaching safepoint: 54300 ns, At safepoint: 120800 ns, Total: 175100 ns
[2020-04-26T16:12:50.115+0000][1][safepoint    ] Safepoint "RevokeBias", Time since last: 13230800 ns, Reaching safepoint: 73800 ns, At safepoint: 31500 ns, Total: 105300 ns
[2020-04-26T16:12:50.119+0000][1][safepoint    ] Safepoint "CollectForMetadataAllocation", Time since last: 4262300 ns, Reaching safepoint: 86600 ns, At safepoint: 215600 ns, Total: 302200 ns
[2020-04-26T16:12:50.146+0000][1][safepoint    ] Safepoint "CollectForMetadataAllocation", Time since last: 26399400 ns, Reaching safepoint: 412600 ns, At safepoint: 175300 ns, Total: 587900 ns
[2020-04-26T16:12:50.165+0000][1][safepoint    ] Safepoint "CollectForMetadataAllocation", Time since last: 18693700 ns, Reaching safepoint: 54900 ns, At safepoint: 155900 ns, Total: 210800 ns
[2020-04-26T16:12:50.173+0000][1][safepoint    ] Safepoint "RevokeBias", Time since last: 7572600 ns, Reaching safepoint: 34200 ns, At safepoint: 32000 ns, Total: 66200 ns
[2020-04-26T16:12:50.185+0000][1][safepoint    ] Safepoint "CollectForMetadataAllocation", Time since last: 11866900 ns, Reaching safepoint: 40600 ns, At safepoint: 132200 ns, Total: 172800 ns
[2020-04-26T16:12:50.215+0000][1][safepoint    ] Safepoint "CollectForMetadataAllocation", Time since last: 29994000 ns, Reaching safepoint: 37300 ns, At safepoint: 129800 ns, Total: 167100 ns
[2020-04-26T16:12:50.222+0000][1][safepoint    ] Safepoint "RevokeBias", Time since last: 7021400 ns, Reaching safepoint: 44900 ns, At safepoint: 38600 ns, Total: 83500 ns
[2020-04-26T16:12:50.232+0000][1][safepoint    ] Safepoint "CollectForMetadataAllocation", Time since last: 9575900 ns, Reaching safepoint: 38600 ns, At safepoint: 141800 ns, Total: 180400 ns
[2020-04-26T16:12:50.248+0000][1][safepoint    ] Safepoint "CollectForMetadataAllocation", Time since last: 15859400 ns, Reaching safepoint: 41100 ns, At safepoint: 90600 ns, Total: 131700 ns
[2020-04-26T16:12:50.249+0000][1][safepoint    ] Safepoint "RevokeBias", Time since last: 519100 ns, Reaching safepoint: 165800 ns, At safepoint: 35800 ns, Total: 201600 ns
[2020-04-26T16:12:50.249+0000][1][gc           ] GC(13) Concurrent Abortable Preclean 360.017ms
[2020-04-26T16:12:50.249+0000][1][gc,cpu       ] GC(13) User=1.70s Sys=0.06s Real=0.36s
[2020-04-26T16:12:50.249+0000][1][gc,start     ] GC(13) Pause Remark
[2020-04-26T16:12:50.261+0000][1][gc           ] GC(13) Pause Remark 126M->126M(494M) 12.079ms
[2020-04-26T16:12:50.261+0000][1][gc,cpu       ] GC(13) User=0.07s Sys=0.00s Real=0.01s
[2020-04-26T16:12:50.261+0000][1][safepoint    ] Safepoint "CMS_Final_Remark", Time since last: 54800 ns, Reaching safepoint: 112900 ns, At safepoint: 12222500 ns, Total: 12335400 ns
[2020-04-26T16:12:50.261+0000][1][gc           ] GC(13) Concurrent Sweep
[2020-04-26T16:12:50.277+0000][1][gc           ] GC(13) Concurrent Sweep 15.611ms
[2020-04-26T16:12:50.277+0000][1][gc,cpu       ] GC(13) User=0.07s Sys=0.00s Real=0.02s
[2020-04-26T16:12:50.277+0000][1][gc           ] GC(13) Concurrent Reset
[2020-04-26T16:12:50.277+0000][1][gc           ] GC(13) Concurrent Reset 0.539ms
[2020-04-26T16:12:50.277+0000][1][gc,cpu       ] GC(13) User=0.00s Sys=0.00s Real=0.00s
[2020-04-26T16:12:50.277+0000][1][gc,heap      ] GC(13) Old: 47229K->46954K(349568K)
[2020-04-26T16:12:50.428+0000][1][safepoint    ] Safepoint "RevokeBias", Time since last: 165882800 ns, Reaching safepoint: 813800 ns, At safepoint: 69900 ns, Total: 883700 ns
[2020-04-26T16:12:50.469+0000][1][safepoint    ] Safepoint "RevokeBias", Time since last: 41332400 ns, Reaching safepoint: 54900 ns, At safepoint: 74200 ns, Total: 129100 ns
[2020-04-26T16:12:50.525+0000][1][safepoint    ] Safepoint "RevokeBias", Time since last: 55376600 ns, Reaching safepoint: 27700 ns, At safepoint: 40600 ns, Total: 68300 ns
[2020-04-26T16:12:50.744+0000][1][safepoint    ] Safepoint "RevokeBias", Time since last: 218113400 ns, Reaching safepoint: 1074400 ns, At safepoint: 166800 ns, Total: 1241200 ns
[2020-04-26T16:12:50.745+0000][1][safepoint    ] Safepoint "RevokeBias", Time since last: 236200 ns, Reaching safepoint: 129900 ns, At safepoint: 143100 ns, Total: 273000 ns
[2020-04-26T16:12:50.745+0000][1][safepoint    ] Safepoint "RevokeBias", Time since last: 217200 ns, Reaching safepoint: 119600 ns, At safepoint: 112000 ns, Total: 231600 ns
[2020-04-26T16:12:50.748+0000][1][safepoint    ] Safepoint "RevokeBias", Time since last: 2860400 ns, Reaching safepoint: 20500 ns, At safepoint: 53200 ns, Total: 73700 ns
[2020-04-26T16:12:50.766+0000][1][gc,start     ] GC(14) Pause Young (Allocation Failure)
[2020-04-26T16:12:50.767+0000][1][gc,task      ] GC(14) Using 10 workers of 10 for evacuation
[2020-04-26T16:12:50.774+0000][1][gc,age       ] GC(14) Desired survivor size 8945664 bytes, new threshold 2 (max threshold 6)
[2020-04-26T16:12:50.774+0000][1][gc,age       ] GC(14) Age table with threshold 2 (max threshold 6)
[2020-04-26T16:12:50.774+0000][1][gc,age       ] GC(14) - age   1:    3422720 bytes,    3422720 total
[2020-04-26T16:12:50.774+0000][1][gc,age       ] GC(14) - age   2:    7466616 bytes,   10889336 total
[2020-04-26T16:12:50.774+0000][1][gc,heap      ] GC(14) ParNew: 150644K->14632K(157248K)
[2020-04-26T16:12:50.774+0000][1][gc,heap      ] GC(14) CMS: 46954K->48978K(349568K)
[2020-04-26T16:12:50.774+0000][1][gc,metaspace ] GC(14) Metaspace: 62669K->62669K(1107968K)
[2020-04-26T16:12:50.774+0000][1][gc           ] GC(14) Pause Young (Allocation Failure) 192M->62M(494M) 7.955ms
[2020-04-26T16:12:50.774+0000][1][gc,cpu       ] GC(14) User=0.08s Sys=0.00s Real=0.01s
[2020-04-26T16:12:50.775+0000][1][safepoint    ] Safepoint "GenCollectForAllocation", Time since last: 18401500 ns, Reaching safepoint: 176800 ns, At safepoint: 8061400 ns, Total: 8238200 ns
[2020-04-26T16:12:50.775+0000][1][safepoint    ] Safepoint "RevokeBias", Time since last: 479400 ns, Reaching safepoint: 193800 ns, At safepoint: 94100 ns, Total: 287900 ns
[2020-04-26T16:12:50.776+0000][1][safepoint    ] Safepoint "RevokeBias", Time since last: 96100 ns, Reaching safepoint: 103400 ns, At safepoint: 70700 ns, Total: 174100 ns
[2020-04-26T16:12:50.776+0000][1][safepoint    ] Safepoint "RevokeBias", Time since last: 81900 ns, Reaching safepoint: 124000 ns, At safepoint: 78700 ns, Total: 202700 ns
[2020-04-26T16:12:50.776+0000][1][safepoint    ] Safepoint "RevokeBias", Time since last: 91200 ns, Reaching safepoint: 118400 ns, At safepoint: 112500 ns, Total: 230900 ns
[2020-04-26T16:12:50.776+0000][1][safepoint    ] Safepoint "RevokeBias", Time since last: 96200 ns, Reaching safepoint: 100200 ns, At safepoint: 82500 ns, Total: 182700 ns
[2020-04-26T16:12:50.777+0000][1][safepoint    ] Safepoint "BulkRevokeBias", Time since last: 95800 ns, Reaching safepoint: 198700 ns, At safepoint: 126900 ns, Total: 325600 ns
[2020-04-26T16:12:50.933+0000][1][safepoint    ] Safepoint "Deoptimize", Time since last: 155529400 ns, Reaching safepoint: 40000 ns, At safepoint: 374100 ns, Total: 414100 ns
[2020-04-26T16:12:51.309+0000][1][safepoint    ] Safepoint "BulkRevokeBias", Time since last: 375558500 ns, Reaching safepoint: 55900 ns, At safepoint: 77200 ns, Total: 133100 ns
[2020-04-26T16:12:51.381+0000][1][safepoint    ] Safepoint "RevokeBias", Time since last: 72299300 ns, Reaching safepoint: 38600 ns, At safepoint: 76900 ns, Total: 115500 ns
[2020-04-26T16:12:51.381+0000][1][safepoint    ] Safepoint "RevokeBias", Time since last: 384100 ns, Reaching safepoint: 15400 ns, At safepoint: 37900 ns, Total: 53300 ns
[2020-04-26T16:12:51.382+0000][1][safepoint    ] Safepoint "RevokeBias", Time since last: 624400 ns, Reaching safepoint: 12000 ns, At safepoint: 58100 ns, Total: 70100 ns
[2020-04-26T16:12:51.383+0000][1][safepoint    ] Safepoint "RevokeBias", Time since last: 494000 ns, Reaching safepoint: 20700 ns, At safepoint: 61700 ns, Total: 82400 ns
[2020-04-26T16:12:51.383+0000][1][safepoint    ] Safepoint "RevokeBias", Time since last: 164900 ns, Reaching safepoint: 142800 ns, At safepoint: 53900 ns, Total: 196700 ns
[2020-04-26T16:12:51.383+0000][1][safepoint    ] Safepoint "RevokeBias", Time since last: 270300 ns, Reaching safepoint: 13500 ns, At safepoint: 39600 ns, Total: 53100 ns
[2020-04-26T16:12:51.384+0000][1][safepoint    ] Safepoint "RevokeBias", Time since last: 258300 ns, Reaching safepoint: 10600 ns, At safepoint: 34100 ns, Total: 44700 ns
[2020-04-26T16:12:51.384+0000][1][safepoint    ] Safepoint "RevokeBias", Time since last: 230700 ns, Reaching safepoint: 13100 ns, At safepoint: 33400 ns, Total: 46500 ns
[2020-04-26T16:12:51.384+0000][1][safepoint    ] Safepoint "RevokeBias", Time since last: 154800 ns, Reaching safepoint: 12800 ns, At safepoint: 33100 ns, Total: 45900 ns
[2020-04-26T16:12:51.385+0000][1][safepoint    ] Safepoint "RevokeBias", Time since last: 466400 ns, Reaching safepoint: 11900 ns, At safepoint: 37900 ns, Total: 49800 ns
[2020-04-26T16:12:51.385+0000][1][safepoint    ] Safepoint "RevokeBias", Time since last: 824300 ns, Reaching safepoint: 17700 ns, At safepoint: 40700 ns, Total: 58400 ns
[2020-04-26T16:12:51.386+0000][1][safepoint    ] Safepoint "RevokeBias", Time since last: 202900 ns, Reaching safepoint: 14300 ns, At safepoint: 51800 ns, Total: 66100 ns
[2020-04-26T16:12:51.388+0000][1][safepoint    ] Safepoint "Deoptimize", Time since last: 1893300 ns, Reaching safepoint: 16900 ns, At safepoint: 328700 ns, Total: 345600 ns
[2020-04-26T16:12:51.468+0000][1][safepoint    ] Safepoint "Deoptimize", Time since last: 79719600 ns, Reaching safepoint: 54400 ns, At safepoint: 354300 ns, Total: 408700 ns
[2020-04-26T16:12:51.563+0000][1][safepoint    ] Safepoint "Deoptimize", Time since last: 94043600 ns, Reaching safepoint: 62700 ns, At safepoint: 696400 ns, Total: 759100 ns
[2020-04-26T16:12:51.738+0000][1][safepoint    ] Safepoint "RevokeBias", Time since last: 175005700 ns, Reaching safepoint: 150100 ns, At safepoint: 53200 ns, Total: 203300 ns
[2020-04-26T16:12:51.740+0000][1][safepoint    ] Safepoint "RevokeBias", Time since last: 1259700 ns, Reaching safepoint: 122800 ns, At safepoint: 108700 ns, Total: 231500 ns
[2020-04-26T16:12:51.741+0000][1][safepoint    ] Safepoint "RevokeBias", Time since last: 1661700 ns, Reaching safepoint: 110400 ns, At safepoint: 50400 ns, Total: 160800 ns
[2020-04-26T16:12:51.744+0000][1][safepoint    ] Safepoint "RevokeBias", Time since last: 2480200 ns, Reaching safepoint: 325100 ns, At safepoint: 104300 ns, Total: 429400 ns
[2020-04-26T16:12:51.746+0000][1][safepoint    ] Safepoint "RevokeBias", Time since last: 1443100 ns, Reaching safepoint: 327700 ns, At safepoint: 273700 ns, Total: 601400 ns
[2020-04-26T16:12:51.747+0000][1][safepoint    ] Safepoint "RevokeBias", Time since last: 86300 ns, Reaching safepoint: 286000 ns, At safepoint: 238200 ns, Total: 524200 ns
[2020-04-26T16:12:51.747+0000][1][safepoint    ] Safepoint "RevokeBias", Time since last: 67600 ns, Reaching safepoint: 130300 ns, At safepoint: 202300 ns, Total: 332600 ns
[2020-04-26T16:12:51.748+0000][1][safepoint    ] Safepoint "RevokeBias", Time since last: 89200 ns, Reaching safepoint: 173100 ns, At safepoint: 133800 ns, Total: 306900 ns
[2020-04-26T16:12:51.748+0000][1][safepoint    ] Safepoint "RevokeBias", Time since last: 394900 ns, Reaching safepoint: 125200 ns, At safepoint: 87000 ns, Total: 212200 ns
[2020-04-26T16:12:51.749+0000][1][safepoint    ] Safepoint "RevokeBias", Time since last: 410300 ns, Reaching safepoint: 128900 ns, At safepoint: 98600 ns, Total: 227500 ns
[2020-04-26T16:12:51.749+0000][1][safepoint    ] Safepoint "RevokeBias", Time since last: 172700 ns, Reaching safepoint: 126800 ns, At safepoint: 69200 ns, Total: 196000 ns
[2020-04-26T16:12:51.751+0000][1][safepoint    ] Safepoint "RevokeBias", Time since last: 1252300 ns, Reaching safepoint: 36200 ns, At safepoint: 50100 ns, Total: 86300 ns
[2020-04-26T16:12:51.751+0000][1][safepoint    ] Safepoint "RevokeBias", Time since last: 229700 ns, Reaching safepoint: 28600 ns, At safepoint: 50200 ns, Total: 78800 ns
[2020-04-26T16:12:51.752+0000][1][safepoint    ] Safepoint "BulkRevokeBias", Time since last: 205900 ns, Reaching safepoint: 28100 ns, At safepoint: 257700 ns, Total: 285800 ns
[2020-04-26T16:12:51.758+0000][1][safepoint    ] Safepoint "RevokeBias", Time since last: 5802500 ns, Reaching safepoint: 178900 ns, At safepoint: 162000 ns, Total: 340900 ns
[2020-04-26T16:12:51.763+0000][1][safepoint    ] Safepoint "RevokeBias", Time since last: 297800 ns, Reaching safepoint: 5212700 ns, At safepoint: 91000 ns, Total: 5303700 ns
[2020-04-26T16:12:51.764+0000][1][safepoint    ] Safepoint "RevokeBias", Time since last: 205600 ns, Reaching safepoint: 128900 ns, At safepoint: 88200 ns, Total: 217100 ns
[2020-04-26T16:12:51.764+0000][1][safepoint    ] Safepoint "RevokeBias", Time since last: 148200 ns, Reaching safepoint: 39500 ns, At safepoint: 40000 ns, Total: 79500 ns
[2020-04-26T16:12:51.766+0000][1][safepoint    ] Safepoint "RevokeBias", Time since last: 2098700 ns, Reaching safepoint: 137600 ns, At safepoint: 124800 ns, Total: 262400 ns
[2020-04-26T16:12:51.767+0000][1][safepoint    ] Safepoint "RevokeBias", Time since last: 172100 ns, Reaching safepoint: 140000 ns, At safepoint: 140000 ns, Total: 280000 ns
[2020-04-26T16:12:51.767+0000][1][safepoint    ] Safepoint "RevokeBias", Time since last: 47100 ns, Reaching safepoint: 117400 ns, At safepoint: 114600 ns, Total: 232000 ns
[2020-04-26T16:12:51.767+0000][1][safepoint    ] Safepoint "RevokeBias", Time since last: 109100 ns, Reaching safepoint: 113400 ns, At safepoint: 114000 ns, Total: 227400 ns
[2020-04-26T16:12:51.768+0000][1][safepoint    ] Safepoint "RevokeBias", Time since last: 171200 ns, Reaching safepoint: 120100 ns, At safepoint: 86100 ns, Total: 206200 ns
[2020-04-26T16:12:51.768+0000][1][safepoint    ] Safepoint "RevokeBias", Time since last: 41000 ns, Reaching safepoint: 111800 ns, At safepoint: 93700 ns, Total: 205500 ns
[2020-04-26T16:12:51.771+0000][1][safepoint    ] Safepoint "RevokeBias", Time since last: 2766200 ns, Reaching safepoint: 176300 ns, At safepoint: 131300 ns, Total: 307600 ns
[2020-04-26T16:12:51.772+0000][1][safepoint    ] Safepoint "RevokeBias", Time since last: 935300 ns, Reaching safepoint: 162500 ns, At safepoint: 147400 ns, Total: 309900 ns
[2020-04-26T16:12:51.773+0000][1][safepoint    ] Safepoint "RevokeBias", Time since last: 264700 ns, Reaching safepoint: 144900 ns, At safepoint: 131000 ns, Total: 275900 ns
[2020-04-26T16:12:51.773+0000][1][safepoint    ] Safepoint "RevokeBias", Time since last: 93800 ns, Reaching safepoint: 162900 ns, At safepoint: 169400 ns, Total: 332300 ns
[2020-04-26T16:12:51.774+0000][1][safepoint    ] Safepoint "RevokeBias", Time since last: 65200 ns, Reaching safepoint: 141800 ns, At safepoint: 168400 ns, Total: 310200 ns
[2020-04-26T16:12:51.774+0000][1][safepoint    ] Safepoint "RevokeBias", Time since last: 43000 ns, Reaching safepoint: 126600 ns, At safepoint: 86300 ns, Total: 212900 ns
[2020-04-26T16:12:51.774+0000][1][safepoint    ] Safepoint "RevokeBias", Time since last: 36600 ns, Reaching safepoint: 120700 ns, At safepoint: 69600 ns, Total: 190300 ns
[2020-04-26T16:12:51.776+0000][1][safepoint    ] Safepoint "RevokeBias", Time since last: 1761000 ns, Reaching safepoint: 136600 ns, At safepoint: 72500 ns, Total: 209100 ns
[2020-04-26T16:12:51.777+0000][1][safepoint    ] Safepoint "RevokeBias", Time since last: 350500 ns, Reaching safepoint: 142800 ns, At safepoint: 93600 ns, Total: 236400 ns
[2020-04-26T16:12:51.777+0000][1][safepoint    ] Safepoint "RevokeBias", Time since last: 184000 ns, Reaching safepoint: 123400 ns, At safepoint: 74100 ns, Total: 197500 ns
[2020-04-26T16:12:51.777+0000][1][safepoint    ] Safepoint "RevokeBias", Time since last: 184400 ns, Reaching safepoint: 112400 ns, At safepoint: 89900 ns, Total: 202300 ns
[2020-04-26T16:12:51.778+0000][1][safepoint    ] Safepoint "RevokeBias", Time since last: 297100 ns, Reaching safepoint: 119800 ns, At safepoint: 57900 ns, Total: 177700 ns
[2020-04-26T16:12:51.778+0000][1][safepoint    ] Safepoint "RevokeBias", Time since last: 211300 ns, Reaching safepoint: 164200 ns, At safepoint: 97600 ns, Total: 261800 ns
[2020-04-26T16:12:51.779+0000][1][safepoint    ] Safepoint "RevokeBias", Time since last: 194000 ns, Reaching safepoint: 121200 ns, At safepoint: 111000 ns, Total: 232200 ns
[2020-04-26T16:12:51.779+0000][1][safepoint    ] Safepoint "RevokeBias", Time since last: 161100 ns, Reaching safepoint: 116800 ns, At safepoint: 133500 ns, Total: 250300 ns
[2020-04-26T16:12:51.780+0000][1][safepoint    ] Safepoint "RevokeBias", Time since last: 188100 ns, Reaching safepoint: 127200 ns, At safepoint: 140000 ns, Total: 267200 ns
[2020-04-26T16:12:51.780+0000][1][safepoint    ] Safepoint "RevokeBias", Time since last: 120300 ns, Reaching safepoint: 119600 ns, At safepoint: 186700 ns, Total: 306300 ns
[2020-04-26T16:12:51.782+0000][1][safepoint    ] Safepoint "RevokeBias", Time since last: 1659300 ns, Reaching safepoint: 220800 ns, At safepoint: 255500 ns, Total: 476300 ns
[2020-04-26T16:12:51.783+0000][1][safepoint    ] Safepoint "RevokeBias", Time since last: 47900 ns, Reaching safepoint: 116400 ns, At safepoint: 207800 ns, Total: 324200 ns
[2020-04-26T16:12:51.784+0000][1][safepoint    ] Safepoint "RevokeBias", Time since last: 715700 ns, Reaching safepoint: 167300 ns, At safepoint: 143300 ns, Total: 310600 ns
[2020-04-26T16:12:51.785+0000][1][safepoint    ] Safepoint "RevokeBias", Time since last: 776000 ns, Reaching safepoint: 450800 ns, At safepoint: 351700 ns, Total: 802500 ns
[2020-04-26T16:12:51.786+0000][1][safepoint    ] Safepoint "RevokeBias", Time since last: 157400 ns, Reaching safepoint: 163500 ns, At safepoint: 205000 ns, Total: 368500 ns
[2020-04-26T16:12:51.788+0000][1][safepoint    ] Safepoint "RevokeBias", Time since last: 1881500 ns, Reaching safepoint: 194200 ns, At safepoint: 137600 ns, Total: 331800 ns
[2020-04-26T16:12:51.791+0000][1][safepoint    ] Safepoint "RevokeBias", Time since last: 2798500 ns, Reaching safepoint: 180200 ns, At safepoint: 77500 ns, Total: 257700 ns
[2020-04-26T16:12:51.792+0000][1][safepoint    ] Safepoint "RevokeBias", Time since last: 1047000 ns, Reaching safepoint: 140900 ns, At safepoint: 69700 ns, Total: 210600 ns
[2020-04-26T16:12:51.793+0000][1][safepoint    ] Safepoint "RevokeBias", Time since last: 212100 ns, Reaching safepoint: 148700 ns, At safepoint: 83200 ns, Total: 231900 ns
[2020-04-26T16:12:51.803+0000][1][safepoint    ] Safepoint "RevokeBias", Time since last: 9559700 ns, Reaching safepoint: 128900 ns, At safepoint: 59300 ns, Total: 188200 ns
[2020-04-26T16:12:51.811+0000][1][safepoint    ] Safepoint "RevokeBias", Time since last: 8520100 ns, Reaching safepoint: 147900 ns, At safepoint: 82300 ns, Total: 230200 ns
[2020-04-26T16:12:51.813+0000][1][safepoint    ] Safepoint "ICBufferFull", Time since last: 1305800 ns, Reaching safepoint: 120400 ns, At safepoint: 40300 ns, Total: 160700 ns
[2020-04-26T16:12:51.816+0000][1][safepoint    ] Safepoint "RevokeBias", Time since last: 2613800 ns, Reaching safepoint: 159100 ns, At safepoint: 73600 ns, Total: 232700 ns
[2020-04-26T16:12:51.816+0000][1][safepoint    ] Safepoint "RevokeBias", Time since last: 435300 ns, Reaching safepoint: 115000 ns, At safepoint: 68300 ns, Total: 183300 ns
[2020-04-26T16:12:51.817+0000][1][safepoint    ] Safepoint "RevokeBias", Time since last: 125800 ns, Reaching safepoint: 119000 ns, At safepoint: 112400 ns, Total: 231400 ns
[2020-04-26T16:12:51.817+0000][1][safepoint    ] Safepoint "RevokeBias", Time since last: 133400 ns, Reaching safepoint: 116300 ns, At safepoint: 78200 ns, Total: 194500 ns
[2020-04-26T16:12:51.821+0000][1][safepoint    ] Safepoint "RevokeBias", Time since last: 3550100 ns, Reaching safepoint: 296000 ns, At safepoint: 76700 ns, Total: 372700 ns
[2020-04-26T16:12:51.822+0000][1][safepoint    ] Safepoint "RevokeBias", Time since last: 1039000 ns, Reaching safepoint: 135700 ns, At safepoint: 101500 ns, Total: 237200 ns
[2020-04-26T16:12:51.822+0000][1][safepoint    ] Safepoint "RevokeBias", Time since last: 182000 ns, Reaching safepoint: 118800 ns, At safepoint: 85300 ns, Total: 204100 ns
[2020-04-26T16:12:51.823+0000][1][safepoint    ] Safepoint "RevokeBias", Time since last: 151500 ns, Reaching safepoint: 107900 ns, At safepoint: 53100 ns, Total: 161000 ns
[2020-04-26T16:12:51.823+0000][1][safepoint    ] Safepoint "RevokeBias", Time since last: 104900 ns, Reaching safepoint: 109100 ns, At safepoint: 49100 ns, Total: 158200 ns
[2020-04-26T16:12:51.823+0000][1][safepoint    ] Safepoint "RevokeBias", Time since last: 102500 ns, Reaching safepoint: 101500 ns, At safepoint: 43300 ns, Total: 144800 ns
[2020-04-26T16:12:51.824+0000][1][safepoint    ] Safepoint "RevokeBias", Time since last: 145800 ns, Reaching safepoint: 101400 ns, At safepoint: 45200 ns, Total: 146600 ns
[2020-04-26T16:12:51.824+0000][1][safepoint    ] Safepoint "RevokeBias", Time since last: 91200 ns, Reaching safepoint: 101500 ns, At safepoint: 70600 ns, Total: 172100 ns
[2020-04-26T16:12:51.825+0000][1][safepoint    ] Safepoint "RevokeBias", Time since last: 690700 ns, Reaching safepoint: 112000 ns, At safepoint: 58900 ns, Total: 170900 ns
[2020-04-26T16:12:51.846+0000][1][safepoint    ] Safepoint "RevokeBias", Time since last: 21336700 ns, Reaching safepoint: 67900 ns, At safepoint: 95300 ns, Total: 163200 ns
[2020-04-26T16:12:51.851+0000][1][safepoint    ] Safepoint "RevokeBias", Time since last: 4273700 ns, Reaching safepoint: 70600 ns, At safepoint: 46200 ns, Total: 116800 ns
[2020-04-26T16:12:51.852+0000][1][safepoint    ] Safepoint "RevokeBias", Time since last: 1553100 ns, Reaching safepoint: 62900 ns, At safepoint: 74100 ns, Total: 137000 ns
[2020-04-26T16:12:51.859+0000][1][safepoint    ] Safepoint "RevokeBias", Time since last: 6392400 ns, Reaching safepoint: 45200 ns, At safepoint: 55100 ns, Total: 100300 ns
[2020-04-26T16:12:51.861+0000][1][safepoint    ] Safepoint "RevokeBias", Time since last: 1665000 ns, Reaching safepoint: 63300 ns, At safepoint: 89900 ns, Total: 153200 ns
[2020-04-26T16:12:51.861+0000][1][safepoint    ] Safepoint "RevokeBias", Time since last: 444500 ns, Reaching safepoint: 169700 ns, At safepoint: 77900 ns, Total: 247600 ns
[2020-04-26T16:12:51.862+0000][1][safepoint    ] Safepoint "RevokeBias", Time since last: 131500 ns, Reaching safepoint: 34500 ns, At safepoint: 57800 ns, Total: 92300 ns
[2020-04-26T16:12:51.862+0000][1][safepoint    ] Safepoint "RevokeBias", Time since last: 103900 ns, Reaching safepoint: 20300 ns, At safepoint: 30400 ns, Total: 50700 ns
[2020-04-26T16:12:51.862+0000][1][safepoint    ] Safepoint "RevokeBias", Time since last: 133500 ns, Reaching safepoint: 119300 ns, At safepoint: 52300 ns, Total: 171600 ns
[2020-04-26T16:12:51.862+0000][1][safepoint    ] Safepoint "RevokeBias", Time since last: 133200 ns, Reaching safepoint: 28300 ns, At safepoint: 71200 ns, Total: 99500 ns
[2020-04-26T16:12:51.863+0000][1][safepoint    ] Safepoint "RevokeBias", Time since last: 395900 ns, Reaching safepoint: 23100 ns, At safepoint: 39300 ns, Total: 62400 ns
[2020-04-26T16:12:51.878+0000][1][safepoint    ] Safepoint "RevokeBias", Time since last: 14699400 ns, Reaching safepoint: 63800 ns, At safepoint: 117800 ns, Total: 181600 ns
[2020-04-26T16:12:51.885+0000][1][safepoint    ] Safepoint "RevokeBias", Time since last: 6909700 ns, Reaching safepoint: 96500 ns, At safepoint: 130100 ns, Total: 226600 ns
[2020-04-26T16:12:51.899+0000][1][safepoint    ] Safepoint "RevokeBias", Time since last: 14627900 ns, Reaching safepoint: 61100 ns, At safepoint: 96200 ns, Total: 157300 ns
[2020-04-26T16:12:51.913+0000][1][safepoint    ] Safepoint "RevokeBias", Time since last: 12988100 ns, Reaching safepoint: 86500 ns, At safepoint: 94100 ns, Total: 180600 ns
[2020-04-26T16:12:51.914+0000][1][safepoint    ] Safepoint "RevokeBias", Time since last: 1572500 ns, Reaching safepoint: 61000 ns, At safepoint: 57600 ns, Total: 118600 ns
[2020-04-26T16:12:51.956+0000][1][safepoint    ] Safepoint "RevokeBias", Time since last: 41971100 ns, Reaching safepoint: 58400 ns, At safepoint: 54500 ns, Total: 112900 ns
[2020-04-26T16:12:51.957+0000][1][safepoint    ] Safepoint "RevokeBias", Time since last: 109100 ns, Reaching safepoint: 113200 ns, At safepoint: 46500 ns, Total: 159700 ns
[2020-04-26T16:12:51.957+0000][1][safepoint    ] Safepoint "RevokeBias", Time since last: 102400 ns, Reaching safepoint: 20700 ns, At safepoint: 54900 ns, Total: 75600 ns
[2020-04-26T16:12:51.958+0000][1][safepoint    ] Safepoint "RevokeBias", Time since last: 896800 ns, Reaching safepoint: 31000 ns, At safepoint: 52400 ns, Total: 83400 ns
[2020-04-26T16:12:51.958+0000][1][safepoint    ] Safepoint "RevokeBias", Time since last: 169100 ns, Reaching safepoint: 27000 ns, At safepoint: 35100 ns, Total: 62100 ns
[2020-04-26T16:12:51.958+0000][1][safepoint    ] Safepoint "RevokeBias", Time since last: 114200 ns, Reaching safepoint: 112400 ns, At safepoint: 56100 ns, Total: 168500 ns
[2020-04-26T16:12:51.963+0000][1][gc,start     ] GC(15) Pause Young (Allocation Failure)
[2020-04-26T16:12:51.963+0000][1][gc,task      ] GC(15) Using 10 workers of 10 for evacuation
[2020-04-26T16:12:51.978+0000][1][gc,age       ] GC(15) Desired survivor size 8945664 bytes, new threshold 6 (max threshold 6)
[2020-04-26T16:12:51.978+0000][1][gc,age       ] GC(15) Age table with threshold 6 (max threshold 6)
[2020-04-26T16:12:51.978+0000][1][gc,age       ] GC(15) - age   1:    5776536 bytes,    5776536 total
[2020-04-26T16:12:51.978+0000][1][gc,age       ] GC(15) - age   2:    2980648 bytes,    8757184 total
[2020-04-26T16:12:51.978+0000][1][gc,heap      ] GC(15) ParNew: 154408K->15011K(157248K)
[2020-04-26T16:12:51.978+0000][1][gc,heap      ] GC(15) CMS: 48978K->56387K(349568K)
[2020-04-26T16:12:51.978+0000][1][gc,metaspace ] GC(15) Metaspace: 75624K->75624K(1118208K)
[2020-04-26T16:12:51.978+0000][1][gc           ] GC(15) Pause Young (Allocation Failure) 198M->69M(494M) 15.490ms
[2020-04-26T16:12:51.978+0000][1][gc,cpu       ] GC(15) User=0.14s Sys=0.00s Real=0.01s
[2020-04-26T16:12:51.978+0000][1][safepoint    ] Safepoint "GenCollectForAllocation", Time since last: 4280000 ns, Reaching safepoint: 45600 ns, At safepoint: 15592600 ns, Total: 15638200 ns
[2020-04-26T16:12:51.983+0000][1][safepoint    ] Safepoint "RevokeBias", Time since last: 4620900 ns, Reaching safepoint: 152400 ns, At safepoint: 113200 ns, Total: 265600 ns
[2020-04-26T16:12:51.984+0000][1][safepoint    ] Safepoint "RevokeBias", Time since last: 405000 ns, Reaching safepoint: 269100 ns, At safepoint: 124900 ns, Total: 394000 ns
[2020-04-26T16:12:51.984+0000][1][safepoint    ] Safepoint "RevokeBias", Time since last: 124700 ns, Reaching safepoint: 134100 ns, At safepoint: 136500 ns, Total: 270600 ns
[2020-04-26T16:12:51.985+0000][1][safepoint    ] Safepoint "RevokeBias", Time since last: 120700 ns, Reaching safepoint: 121400 ns, At safepoint: 117600 ns, Total: 239000 ns
[2020-04-26T16:12:51.985+0000][1][safepoint    ] Safepoint "RevokeBias", Time since last: 214300 ns, Reaching safepoint: 123500 ns, At safepoint: 146100 ns, Total: 269600 ns
[2020-04-26T16:12:51.989+0000][1][safepoint    ] Safepoint "RevokeBias", Time since last: 3389500 ns, Reaching safepoint: 60000 ns, At safepoint: 75500 ns, Total: 135500 ns
[2020-04-26T16:12:51.990+0000][1][safepoint    ] Safepoint "RevokeBias", Time since last: 1295300 ns, Reaching safepoint: 147500 ns, At safepoint: 73600 ns, Total: 221100 ns
[2020-04-26T16:12:51.991+0000][1][safepoint    ] Safepoint "RevokeBias", Time since last: 1050600 ns, Reaching safepoint: 121600 ns, At safepoint: 57100 ns, Total: 178700 ns
[2020-04-26T16:12:51.992+0000][1][safepoint    ] Safepoint "RevokeBias", Time since last: 243100 ns, Reaching safepoint: 119900 ns, At safepoint: 58700 ns, Total: 178600 ns
[2020-04-26T16:12:52.001+0000][1][safepoint    ] Safepoint "RevokeBias", Time since last: 8491700 ns, Reaching safepoint: 139200 ns, At safepoint: 46900 ns, Total: 186100 ns
[2020-04-26T16:12:52.001+0000][1][safepoint    ] Safepoint "RevokeBias", Time since last: 100200 ns, Reaching safepoint: 29900 ns, At safepoint: 41400 ns, Total: 71300 ns
[2020-04-26T16:12:52.002+0000][1][safepoint    ] Safepoint "RevokeBias", Time since last: 869900 ns, Reaching safepoint: 50400 ns, At safepoint: 24900 ns, Total: 75300 ns
[2020-04-26T16:12:52.002+0000][1][safepoint    ] Safepoint "RevokeBias", Time since last: 81900 ns, Reaching safepoint: 24100 ns, At safepoint: 23700 ns, Total: 47800 ns
[2020-04-26T16:12:52.008+0000][1][safepoint    ] Safepoint "RevokeBias", Time since last: 5798400 ns, Reaching safepoint: 69100 ns, At safepoint: 56400 ns, Total: 125500 ns
[2020-04-26T16:12:52.014+0000][1][safepoint    ] Safepoint "RevokeBias", Time since last: 6292700 ns, Reaching safepoint: 374100 ns, At safepoint: 93100 ns, Total: 467200 ns
[2020-04-26T16:12:52.015+0000][1][safepoint    ] Safepoint "RevokeBias", Time since last: 355200 ns, Reaching safepoint: 140200 ns, At safepoint: 146900 ns, Total: 287100 ns
[2020-04-26T16:12:52.025+0000][1][safepoint    ] Safepoint "RevokeBias", Time since last: 9769000 ns, Reaching safepoint: 376400 ns, At safepoint: 216300 ns, Total: 592700 ns
[2020-04-26T16:12:52.026+0000][1][safepoint    ] Safepoint "RevokeBias", Time since last: 79000 ns, Reaching safepoint: 312400 ns, At safepoint: 250100 ns, Total: 562500 ns
[2020-04-26T16:12:52.028+0000][1][safepoint    ] Safepoint "RevokeBias", Time since last: 1638000 ns, Reaching safepoint: 151900 ns, At safepoint: 103700 ns, Total: 255600 ns
[2020-04-26T16:12:52.043+0000][1][safepoint    ] Safepoint "RevokeBias", Time since last: 14626100 ns, Reaching safepoint: 55900 ns, At safepoint: 56500 ns, Total: 112400 ns
[2020-04-26T16:12:52.058+0000][1][safepoint    ] Safepoint "RevokeBias", Time since last: 15626000 ns, Reaching safepoint: 62100 ns, At safepoint: 39500 ns, Total: 101600 ns
[2020-04-26T16:12:52.059+0000][1][safepoint    ] Safepoint "RevokeBias", Time since last: 329300 ns, Reaching safepoint: 43000 ns, At safepoint: 33700 ns, Total: 76700 ns
[2020-04-26T16:12:52.059+0000][1][safepoint    ] Safepoint "RevokeBias", Time since last: 126500 ns, Reaching safepoint: 32700 ns, At safepoint: 31700 ns, Total: 64400 ns
[2020-04-26T16:12:52.059+0000][1][safepoint    ] Safepoint "RevokeBias", Time since last: 251400 ns, Reaching safepoint: 44400 ns, At safepoint: 36500 ns, Total: 80900 ns
[2020-04-26T16:12:52.061+0000][1][safepoint    ] Safepoint "RevokeBias", Time since last: 1443100 ns, Reaching safepoint: 156500 ns, At safepoint: 96800 ns, Total: 253300 ns
[2020-04-26T16:12:52.061+0000][1][safepoint    ] Safepoint "RevokeBias", Time since last: 190700 ns, Reaching safepoint: 36200 ns, At safepoint: 45800 ns, Total: 82000 ns
[2020-04-26T16:12:52.062+0000][1][safepoint    ] Safepoint "RevokeBias", Time since last: 392900 ns, Reaching safepoint: 44400 ns, At safepoint: 77200 ns, Total: 121600 ns
[2020-04-26T16:12:52.066+0000][1][safepoint    ] Safepoint "RevokeBias", Time since last: 3625900 ns, Reaching safepoint: 52400 ns, At safepoint: 60000 ns, Total: 112400 ns
[2020-04-26T16:12:52.066+0000][1][safepoint    ] Safepoint "RevokeBias", Time since last: 103800 ns, Reaching safepoint: 40900 ns, At safepoint: 26700 ns, Total: 67600 ns
[2020-04-26T16:12:52.105+0000][1][safepoint    ] Safepoint "Deoptimize", Time since last: 38413700 ns, Reaching safepoint: 71800 ns, At safepoint: 511600 ns, Total: 583400 ns
[2020-04-26T16:12:52.144+0000][1][safepoint    ] Safepoint "BulkRevokeBias", Time since last: 39217900 ns, Reaching safepoint: 69200 ns, At safepoint: 379900 ns, Total: 449100 ns
[2020-04-26T16:12:52.145+0000][1][safepoint    ] Safepoint "RevokeBias", Time since last: 230300 ns, Reaching safepoint: 73700 ns, At safepoint: 42100 ns, Total: 115800 ns
[2020-04-26T16:12:52.148+0000][1][safepoint    ] Safepoint "BulkRevokeBias", Time since last: 2504900 ns, Reaching safepoint: 58700 ns, At safepoint: 267500 ns, Total: 326200 ns
[2020-04-26T16:12:52.150+0000][1][safepoint    ] Safepoint "RevokeBias", Time since last: 2271100 ns, Reaching safepoint: 128800 ns, At safepoint: 92900 ns, Total: 221700 ns
[2020-04-26T16:12:52.151+0000][1][safepoint    ] Safepoint "RevokeBias", Time since last: 305900 ns, Reaching safepoint: 117900 ns, At safepoint: 38400 ns, Total: 156300 ns
[2020-04-26T16:12:52.156+0000][1][safepoint    ] Safepoint "RevokeBias", Time since last: 5409300 ns, Reaching safepoint: 213800 ns, At safepoint: 62400 ns, Total: 276200 ns
[2020-04-26T16:12:52.158+0000][1][safepoint    ] Safepoint "RevokeBias", Time since last: 1872400 ns, Reaching safepoint: 169900 ns, At safepoint: 60400 ns, Total: 230300 ns
[2020-04-26T16:12:52.159+0000][1][safepoint    ] Safepoint "RevokeBias", Time since last: 294300 ns, Reaching safepoint: 31400 ns, At safepoint: 59800 ns, Total: 91200 ns
[2020-04-26T16:12:52.165+0000][1][safepoint    ] Safepoint "RevokeBias", Time since last: 5661100 ns, Reaching safepoint: 86200 ns, At safepoint: 74000 ns, Total: 160200 ns
[2020-04-26T16:12:52.168+0000][1][safepoint    ] Safepoint "RevokeBias", Time since last: 2884800 ns, Reaching safepoint: 167100 ns, At safepoint: 35100 ns, Total: 202200 ns
[2020-04-26T16:12:52.168+0000][1][safepoint    ] Safepoint "RevokeBias", Time since last: 162300 ns, Reaching safepoint: 33100 ns, At safepoint: 32000 ns, Total: 65100 ns
[2020-04-26T16:12:52.168+0000][1][safepoint    ] Safepoint "RevokeBias", Time since last: 147200 ns, Reaching safepoint: 29100 ns, At safepoint: 31400 ns, Total: 60500 ns
[2020-04-26T16:12:52.168+0000][1][safepoint    ] Safepoint "RevokeBias", Time since last: 208400 ns, Reaching safepoint: 43400 ns, At safepoint: 36100 ns, Total: 79500 ns
[2020-04-26T16:12:52.169+0000][1][safepoint    ] Safepoint "RevokeBias", Time since last: 130900 ns, Reaching safepoint: 47000 ns, At safepoint: 34700 ns, Total: 81700 ns
[2020-04-26T16:12:52.169+0000][1][safepoint    ] Safepoint "RevokeBias", Time since last: 137800 ns, Reaching safepoint: 28200 ns, At safepoint: 27100 ns, Total: 55300 ns
[2020-04-26T16:12:52.169+0000][1][safepoint    ] Safepoint "RevokeBias", Time since last: 99400 ns, Reaching safepoint: 27200 ns, At safepoint: 26400 ns, Total: 53600 ns
[2020-04-26T16:12:52.169+0000][1][safepoint    ] Safepoint "RevokeBias", Time since last: 97300 ns, Reaching safepoint: 26900 ns, At safepoint: 26300 ns, Total: 53200 ns
[2020-04-26T16:12:52.182+0000][1][safepoint    ] Safepoint "RevokeBias", Time since last: 12640900 ns, Reaching safepoint: 63300 ns, At safepoint: 65200 ns, Total: 128500 ns
[2020-04-26T16:12:52.182+0000][1][safepoint    ] Safepoint "RevokeBias", Time since last: 378300 ns, Reaching safepoint: 52800 ns, At safepoint: 53300 ns, Total: 106100 ns
[2020-04-26T16:12:52.192+0000][1][safepoint    ] Safepoint "RevokeBias", Time since last: 9506800 ns, Reaching safepoint: 64800 ns, At safepoint: 49700 ns, Total: 114500 ns
[2020-04-26T16:12:52.193+0000][1][safepoint    ] Safepoint "RevokeBias", Time since last: 747800 ns, Reaching safepoint: 56100 ns, At safepoint: 29800 ns, Total: 85900 ns
[2020-04-26T16:12:52.194+0000][1][safepoint    ] Safepoint "RevokeBias", Time since last: 1253100 ns, Reaching safepoint: 79000 ns, At safepoint: 45800 ns, Total: 124800 ns
[2020-04-26T16:12:52.197+0000][1][safepoint    ] Safepoint "RevokeBias", Time since last: 2979800 ns, Reaching safepoint: 54600 ns, At safepoint: 42200 ns, Total: 96800 ns
[2020-04-26T16:12:52.224+0000][1][safepoint    ] Safepoint "RevokeBias", Time since last: 26310000 ns, Reaching safepoint: 71000 ns, At safepoint: 39600 ns, Total: 110600 ns
[2020-04-26T16:12:52.263+0000][1][safepoint    ] Safepoint "RevokeBias", Time since last: 39411300 ns, Reaching safepoint: 85900 ns, At safepoint: 49000 ns, Total: 134900 ns
[2020-04-26T16:12:52.299+0000][1][safepoint    ] Safepoint "RevokeBias", Time since last: 35406100 ns, Reaching safepoint: 62000 ns, At safepoint: 34000 ns, Total: 96000 ns
[2020-04-26T16:12:52.299+0000][1][safepoint    ] Safepoint "RevokeBias", Time since last: 163900 ns, Reaching safepoint: 43700 ns, At safepoint: 34500 ns, Total: 78200 ns
[2020-04-26T16:12:52.299+0000][1][safepoint    ] Safepoint "RevokeBias", Time since last: 155200 ns, Reaching safepoint: 36200 ns, At safepoint: 36400 ns, Total: 72600 ns
[2020-04-26T16:12:52.299+0000][1][safepoint    ] Safepoint "RevokeBias", Time since last: 119200 ns, Reaching safepoint: 39700 ns, At safepoint: 37100 ns, Total: 76800 ns
[2020-04-26T16:12:52.300+0000][1][safepoint    ] Safepoint "RevokeBias", Time since last: 152100 ns, Reaching safepoint: 30800 ns, At safepoint: 36400 ns, Total: 67200 ns
[2020-04-26T16:12:52.300+0000][1][safepoint    ] Safepoint "RevokeBias", Time since last: 159900 ns, Reaching safepoint: 30900 ns, At safepoint: 39400 ns, Total: 70300 ns
[2020-04-26T16:12:52.300+0000][1][safepoint    ] Safepoint "RevokeBias", Time since last: 137700 ns, Reaching safepoint: 29400 ns, At safepoint: 31300 ns, Total: 60700 ns
[2020-04-26T16:12:52.300+0000][1][safepoint    ] Safepoint "RevokeBias", Time since last: 137900 ns, Reaching safepoint: 30300 ns, At safepoint: 40100 ns, Total: 70400 ns
[2020-04-26T16:12:52.327+0000][1][safepoint    ] Safepoint "RevokeBias", Time since last: 26268800 ns, Reaching safepoint: 68500 ns, At safepoint: 39300 ns, Total: 107800 ns
[2020-04-26T16:12:52.327+0000][1][safepoint    ] Safepoint "RevokeBias", Time since last: 138400 ns, Reaching safepoint: 39100 ns, At safepoint: 32700 ns, Total: 71800 ns
[2020-04-26T16:12:52.343+0000][1][safepoint    ] Safepoint "RevokeBias", Time since last: 16165900 ns, Reaching safepoint: 96400 ns, At safepoint: 72600 ns, Total: 169000 ns
[2020-04-26T16:12:52.344+0000][1][safepoint    ] Safepoint "RevokeBias", Time since last: 314700 ns, Reaching safepoint: 71000 ns, At safepoint: 37400 ns, Total: 108400 ns
[2020-04-26T16:12:52.350+0000][1][safepoint    ] Safepoint "RevokeBias", Time since last: 6319700 ns, Reaching safepoint: 62400 ns, At safepoint: 33500 ns, Total: 95900 ns
[2020-04-26T16:12:52.350+0000][1][safepoint    ] Safepoint "RevokeBias", Time since last: 146400 ns, Reaching safepoint: 47500 ns, At safepoint: 27400 ns, Total: 74900 ns
[2020-04-26T16:12:52.350+0000][1][safepoint    ] Safepoint "RevokeBias", Time since last: 126400 ns, Reaching safepoint: 26500 ns, At safepoint: 27400 ns, Total: 53900 ns
[2020-04-26T16:12:52.353+0000][1][safepoint    ] Safepoint "RevokeBias", Time since last: 2113300 ns, Reaching safepoint: 56900 ns, At safepoint: 75000 ns, Total: 131900 ns
[2020-04-26T16:12:52.387+0000][1][safepoint    ] Safepoint "Deoptimize", Time since last: 33950700 ns, Reaching safepoint: 84600 ns, At safepoint: 411200 ns, Total: 495800 ns
[2020-04-26T16:12:52.394+0000][1][safepoint    ] Safepoint "Deoptimize", Time since last: 6366600 ns, Reaching safepoint: 76000 ns, At safepoint: 442900 ns, Total: 518900 ns
[2020-04-26T16:12:52.421+0000][1][safepoint    ] Safepoint "Deoptimize", Time since last: 26767400 ns, Reaching safepoint: 51900 ns, At safepoint: 423100 ns, Total: 475000 ns
[2020-04-26T16:12:52.713+0000][1][safepoint    ] Safepoint "RevokeBias", Time since last: 291317400 ns, Reaching safepoint: 508200 ns, At safepoint: 32500 ns, Total: 540700 ns
[2020-04-26T16:12:52.730+0000][1][safepoint    ] Safepoint "RevokeBias", Time since last: 16983500 ns, Reaching safepoint: 113000 ns, At safepoint: 47100 ns, Total: 160100 ns
[2020-04-26T16:12:52.731+0000][1][safepoint    ] Safepoint "RevokeBias", Time since last: 273000 ns, Reaching safepoint: 72500 ns, At safepoint: 41400 ns, Total: 113900 ns
[2020-04-26T16:12:52.740+0000][1][safepoint    ] Safepoint "RevokeBias", Time since last: 9054800 ns, Reaching safepoint: 63100 ns, At safepoint: 29500 ns, Total: 92600 ns
[2020-04-26T16:12:52.803+0000][1][safepoint    ] Safepoint "RevokeBias", Time since last: 63379100 ns, Reaching safepoint: 127200 ns, At safepoint: 47300 ns, Total: 174500 ns
[2020-04-26T16:12:52.804+0000][1][safepoint    ] Safepoint "RevokeBias", Time since last: 238200 ns, Reaching safepoint: 52200 ns, At safepoint: 34800 ns, Total: 87000 ns
[2020-04-26T16:12:52.848+0000][1][safepoint    ] Safepoint "RevokeBias", Time since last: 44268600 ns, Reaching safepoint: 70500 ns, At safepoint: 43500 ns, Total: 114000 ns
[2020-04-26T16:12:52.848+0000][1][safepoint    ] Safepoint "RevokeBias", Time since last: 344500 ns, Reaching safepoint: 47700 ns, At safepoint: 25300 ns, Total: 73000 ns
[2020-04-26T16:12:52.900+0000][1][safepoint    ] Safepoint "RevokeBias", Time since last: 51069500 ns, Reaching safepoint: 134600 ns, At safepoint: 143000 ns, Total: 277600 ns
[2020-04-26T16:12:52.933+0000][1][safepoint    ] Safepoint "RevokeBias", Time since last: 32809700 ns, Reaching safepoint: 62700 ns, At safepoint: 60200 ns, Total: 122900 ns
[2020-04-26T16:12:52.934+0000][1][safepoint    ] Safepoint "RevokeBias", Time since last: 972900 ns, Reaching safepoint: 149600 ns, At safepoint: 115600 ns, Total: 265200 ns
[2020-04-26T16:12:52.934+0000][1][safepoint    ] Safepoint "RevokeBias", Time since last: 102100 ns, Reaching safepoint: 124200 ns, At safepoint: 86800 ns, Total: 211000 ns
[2020-04-26T16:12:52.943+0000][1][safepoint    ] Safepoint "RevokeBias", Time since last: 8570700 ns, Reaching safepoint: 223200 ns, At safepoint: 127500 ns, Total: 350700 ns
[2020-04-26T16:12:52.944+0000][1][safepoint    ] Safepoint "RevokeBias", Time since last: 157800 ns, Reaching safepoint: 136700 ns, At safepoint: 112400 ns, Total: 249100 ns
[2020-04-26T16:12:52.945+0000][1][safepoint    ] Safepoint "RevokeBias", Time since last: 498000 ns, Reaching safepoint: 226900 ns, At safepoint: 167000 ns, Total: 393900 ns
[2020-04-26T16:12:52.949+0000][1][safepoint    ] Safepoint "RevokeBias", Time since last: 3780800 ns, Reaching safepoint: 103100 ns, At safepoint: 122400 ns, Total: 225500 ns
[2020-04-26T16:12:52.950+0000][1][safepoint    ] Safepoint "RevokeBias", Time since last: 646600 ns, Reaching safepoint: 762100 ns, At safepoint: 93700 ns, Total: 855800 ns
[2020-04-26T16:12:52.955+0000][1][safepoint    ] Safepoint "RevokeBias", Time since last: 4514000 ns, Reaching safepoint: 152100 ns, At safepoint: 62900 ns, Total: 215000 ns
[2020-04-26T16:12:52.963+0000][1][safepoint    ] Safepoint "RevokeBias", Time since last: 7813500 ns, Reaching safepoint: 172400 ns, At safepoint: 109000 ns, Total: 281400 ns
[2020-04-26T16:12:52.963+0000][1][safepoint    ] Safepoint "RevokeBias", Time since last: 150700 ns, Reaching safepoint: 133200 ns, At safepoint: 91000 ns, Total: 224200 ns
[2020-04-26T16:12:52.968+0000][1][safepoint    ] Safepoint "RevokeBias", Time since last: 4471100 ns, Reaching safepoint: 173200 ns, At safepoint: 178300 ns, Total: 351500 ns
[2020-04-26T16:12:52.969+0000][1][safepoint    ] Safepoint "RevokeBias", Time since last: 447300 ns, Reaching safepoint: 414900 ns, At safepoint: 410500 ns, Total: 825400 ns
[2020-04-26T16:12:52.996+0000][1][safepoint    ] Safepoint "GenCollectForAllocation", Time since last: 26891600 ns, Reaching safepoint: 172100 ns, At safepoint: 87800 ns, Total: 259900 ns
[2020-04-26T16:12:52.997+0000][1][gc,start     ] GC(16) Pause Young (Allocation Failure)
[2020-04-26T16:12:52.997+0000][1][gc,task      ] GC(16) Using 10 workers of 10 for evacuation
[2020-04-26T16:12:53.004+0000][1][gc,age       ] GC(16) Desired survivor size 8945664 bytes, new threshold 1 (max threshold 6)
[2020-04-26T16:12:53.004+0000][1][gc,age       ] GC(16) Age table with threshold 1 (max threshold 6)
[2020-04-26T16:12:53.004+0000][1][gc,age       ] GC(16) - age   1:    9486392 bytes,    9486392 total
[2020-04-26T16:12:53.004+0000][1][gc,age       ] GC(16) - age   2:    5076248 bytes,   14562640 total
[2020-04-26T16:12:53.004+0000][1][gc,age       ] GC(16) - age   3:    2836832 bytes,   17399472 total
[2020-04-26T16:12:53.004+0000][1][gc,heap      ] GC(16) ParNew: 154787K->17472K(157248K)
[2020-04-26T16:12:53.004+0000][1][gc,heap      ] GC(16) CMS: 56387K->59535K(349568K)
[2020-04-26T16:12:53.004+0000][1][gc,metaspace ] GC(16) Metaspace: 83336K->83336K(1126400K)
[2020-04-26T16:12:53.004+0000][1][gc           ] GC(16) Pause Young (Allocation Failure) 206M->75M(494M) 7.796ms
[2020-04-26T16:12:53.004+0000][1][gc,cpu       ] GC(16) User=0.07s Sys=0.00s Real=0.01s
[2020-04-26T16:12:53.005+0000][1][safepoint    ] Safepoint "GenCollectForAllocation", Time since last: 128700 ns, Reaching safepoint: 45900 ns, At safepoint: 7878600 ns, Total: 7924500 ns
[2020-04-26T16:12:53.005+0000][1][gc,start     ] GC(17) Pause Young (GCLocker Initiated GC)
[2020-04-26T16:12:53.005+0000][1][gc,task      ] GC(17) Using 10 workers of 10 for evacuation
[2020-04-26T16:12:53.017+0000][1][gc,age       ] GC(17) Desired survivor size 8945664 bytes, new threshold 6 (max threshold 6)
[2020-04-26T16:12:53.017+0000][1][gc,age       ] GC(17) Age table with threshold 6 (max threshold 6)
[2020-04-26T16:12:53.017+0000][1][gc,heap      ] GC(17) ParNew: 17712K->0K(157248K)
[2020-04-26T16:12:53.017+0000][1][gc,heap      ] GC(17) CMS: 59535K->76886K(349568K)
[2020-04-26T16:12:53.017+0000][1][gc,metaspace ] GC(17) Metaspace: 83336K->83336K(1126400K)
[2020-04-26T16:12:53.017+0000][1][gc           ] GC(17) Pause Young (GCLocker Initiated GC) 75M->75M(494M) 11.965ms
[2020-04-26T16:12:53.017+0000][1][gc,cpu       ] GC(17) User=0.10s Sys=0.00s Real=0.01s
[2020-04-26T16:12:53.017+0000][1][safepoint    ] Safepoint "GenCollectFull", Time since last: 155000 ns, Reaching safepoint: 77200 ns, At safepoint: 12145300 ns, Total: 12222500 ns
[2020-04-26T16:12:53.029+0000][1][safepoint    ] Safepoint "RevokeBias", Time since last: 11869400 ns, Reaching safepoint: 173500 ns, At safepoint: 93500 ns, Total: 267000 ns
[2020-04-26T16:12:53.030+0000][1][safepoint    ] Safepoint "RevokeBias", Time since last: 127400 ns, Reaching safepoint: 149100 ns, At safepoint: 178500 ns, Total: 327600 ns
[2020-04-26T16:12:53.035+0000][1][safepoint    ] Safepoint "RevokeBias", Time since last: 5144600 ns, Reaching safepoint: 162900 ns, At safepoint: 170000 ns, Total: 332900 ns
[2020-04-26T16:12:53.036+0000][1][safepoint    ] Safepoint "RevokeBias", Time since last: 333200 ns, Reaching safepoint: 173300 ns, At safepoint: 134000 ns, Total: 307300 ns
[2020-04-26T16:12:53.036+0000][1][safepoint    ] Safepoint "RevokeBias", Time since last: 110700 ns, Reaching safepoint: 144300 ns, At safepoint: 123500 ns, Total: 267800 ns
[2020-04-26T16:12:53.037+0000][1][safepoint    ] Safepoint "RevokeBias", Time since last: 1067400 ns, Reaching safepoint: 154400 ns, At safepoint: 104300 ns, Total: 258700 ns
[2020-04-26T16:12:53.038+0000][1][safepoint    ] Safepoint "RevokeBias", Time since last: 510200 ns, Reaching safepoint: 155500 ns, At safepoint: 160200 ns, Total: 315700 ns
[2020-04-26T16:12:53.044+0000][1][safepoint    ] Safepoint "RevokeBias", Time since last: 5280800 ns, Reaching safepoint: 174900 ns, At safepoint: 87600 ns, Total: 262500 ns
[2020-04-26T16:12:53.045+0000][1][safepoint    ] Safepoint "BulkRevokeBias", Time since last: 1023000 ns, Reaching safepoint: 144300 ns, At safepoint: 423000 ns, Total: 567300 ns
[2020-04-26T16:12:53.057+0000][1][safepoint    ] Safepoint "RevokeBias", Time since last: 11873700 ns, Reaching safepoint: 188800 ns, At safepoint: 105100 ns, Total: 293900 ns
[2020-04-26T16:12:53.059+0000][1][safepoint    ] Safepoint "RevokeBias", Time since last: 1197000 ns, Reaching safepoint: 125700 ns, At safepoint: 71400 ns, Total: 197100 ns
[2020-04-26T16:12:53.063+0000][1][safepoint    ] Safepoint "RevokeBias", Time since last: 4182300 ns, Reaching safepoint: 51500 ns, At safepoint: 47400 ns, Total: 98900 ns
[2020-04-26T16:12:53.070+0000][1][safepoint    ] Safepoint "RevokeBias", Time since last: 6490400 ns, Reaching safepoint: 156000 ns, At safepoint: 159500 ns, Total: 315500 ns
[2020-04-26T16:12:53.070+0000][1][safepoint    ] Safepoint "RevokeBias", Time since last: 46400 ns, Reaching safepoint: 255200 ns, At safepoint: 122200 ns, Total: 377400 ns
[2020-04-26T16:12:53.071+0000][1][safepoint    ] Safepoint "RevokeBias", Time since last: 132700 ns, Reaching safepoint: 251600 ns, At safepoint: 170400 ns, Total: 422000 ns
[2020-04-26T16:12:53.071+0000][1][safepoint    ] Safepoint "RevokeBias", Time since last: 129500 ns, Reaching safepoint: 164800 ns, At safepoint: 258800 ns, Total: 423600 ns
[2020-04-26T16:12:53.074+0000][1][safepoint    ] Safepoint "RevokeBias", Time since last: 1961500 ns, Reaching safepoint: 143200 ns, At safepoint: 110400 ns, Total: 253600 ns
[2020-04-26T16:12:53.075+0000][1][safepoint    ] Safepoint "RevokeBias", Time since last: 929800 ns, Reaching safepoint: 56300 ns, At safepoint: 102100 ns, Total: 158400 ns
[2020-04-26T16:12:53.114+0000][1][safepoint    ] Safepoint "RevokeBias", Time since last: 38789000 ns, Reaching safepoint: 166100 ns, At safepoint: 68000 ns, Total: 234100 ns
[2020-04-26T16:12:53.238+0000][1][safepoint    ] Safepoint "RevokeBias", Time since last: 123658800 ns, Reaching safepoint: 141500 ns, At safepoint: 85800 ns, Total: 227300 ns
[2020-04-26T16:12:53.249+0000][1][safepoint    ] Safepoint "RevokeBias", Time since last: 10930500 ns, Reaching safepoint: 272100 ns, At safepoint: 87500 ns, Total: 359600 ns
[2020-04-26T16:12:53.251+0000][1][safepoint    ] Safepoint "RevokeBias", Time since last: 1374800 ns, Reaching safepoint: 171200 ns, At safepoint: 97900 ns, Total: 269100 ns
[2020-04-26T16:12:53.251+0000][1][safepoint    ] Safepoint "RevokeBias", Time since last: 187600 ns, Reaching safepoint: 131200 ns, At safepoint: 86000 ns, Total: 217200 ns
[2020-04-26T16:12:53.261+0000][1][safepoint    ] Safepoint "RevokeBias", Time since last: 9262100 ns, Reaching safepoint: 174500 ns, At safepoint: 144300 ns, Total: 318800 ns
[2020-04-26T16:12:53.261+0000][1][safepoint    ] Safepoint "RevokeBias", Time since last: 158200 ns, Reaching safepoint: 142800 ns, At safepoint: 92800 ns, Total: 235600 ns
[2020-04-26T16:12:53.271+0000][1][safepoint    ] Safepoint "RevokeBias", Time since last: 10005900 ns, Reaching safepoint: 148600 ns, At safepoint: 98100 ns, Total: 246700 ns
[2020-04-26T16:12:53.292+0000][1][safepoint    ] Safepoint "RevokeBias", Time since last: 20200100 ns, Reaching safepoint: 126800 ns, At safepoint: 102500 ns, Total: 229300 ns
[2020-04-26T16:12:53.293+0000][1][safepoint    ] Safepoint "RevokeBias", Time since last: 707500 ns, Reaching safepoint: 123700 ns, At safepoint: 151600 ns, Total: 275300 ns
[2020-04-26T16:12:53.341+0000][1][safepoint    ] Safepoint "RevokeBias", Time since last: 48351300 ns, Reaching safepoint: 111900 ns, At safepoint: 67700 ns, Total: 179600 ns
[2020-04-26T16:12:53.342+0000][1][safepoint    ] Safepoint "RevokeBias", Time since last: 244100 ns, Reaching safepoint: 87600 ns, At safepoint: 58800 ns, Total: 146400 ns
[2020-04-26T16:12:53.343+0000][1][safepoint    ] Safepoint "RevokeBias", Time since last: 1543700 ns, Reaching safepoint: 59100 ns, At safepoint: 50300 ns, Total: 109400 ns
[2020-04-26T16:12:53.343+0000][1][safepoint    ] Safepoint "RevokeBias", Time since last: 147000 ns, Reaching safepoint: 53100 ns, At safepoint: 66500 ns, Total: 119600 ns
[2020-04-26T16:12:53.344+0000][1][safepoint    ] Safepoint "RevokeBias", Time since last: 257200 ns, Reaching safepoint: 46300 ns, At safepoint: 47500 ns, Total: 93800 ns
[2020-04-26T16:12:53.344+0000][1][safepoint    ] Safepoint "RevokeBias", Time since last: 185800 ns, Reaching safepoint: 46000 ns, At safepoint: 46800 ns, Total: 92800 ns
[2020-04-26T16:12:53.345+0000][1][safepoint    ] Safepoint "RevokeBias", Time since last: 701900 ns, Reaching safepoint: 49300 ns, At safepoint: 47600 ns, Total: 96900 ns
[2020-04-26T16:12:53.785+0000][1][safepoint    ] Safepoint "RevokeBias", Time since last: 440310300 ns, Reaching safepoint: 59900 ns, At safepoint: 32100 ns, Total: 92000 ns
[2020-04-26T16:12:53.786+0000][1][safepoint    ] Safepoint "RevokeBias", Time since last: 638700 ns, Reaching safepoint: 43700 ns, At safepoint: 30400 ns, Total: 74100 ns
[2020-04-26T16:12:53.786+0000][1][safepoint    ] Safepoint "RevokeBias", Time since last: 179000 ns, Reaching safepoint: 23100 ns, At safepoint: 28000 ns, Total: 51100 ns
[2020-04-26T16:12:53.824+0000][1][safepoint    ] Safepoint "RevokeBias", Time since last: 37862400 ns, Reaching safepoint: 61100 ns, At safepoint: 55000 ns, Total: 116100 ns
[2020-04-26T16:12:53.825+0000][1][safepoint    ] Safepoint "RevokeBias", Time since last: 266000 ns, Reaching safepoint: 69900 ns, At safepoint: 49800 ns, Total: 119700 ns
[2020-04-26T16:12:53.825+0000][1][safepoint    ] Safepoint "RevokeBias", Time since last: 189600 ns, Reaching safepoint: 60100 ns, At safepoint: 76000 ns, Total: 136100 ns
[2020-04-26T16:12:53.825+0000][1][safepoint    ] Safepoint "RevokeBias", Time since last: 191300 ns, Reaching safepoint: 23500 ns, At safepoint: 47400 ns, Total: 70900 ns
[2020-04-26T16:12:53.825+0000][1][safepoint    ] Safepoint "RevokeBias", Time since last: 175700 ns, Reaching safepoint: 24200 ns, At safepoint: 49400 ns, Total: 73600 ns
[2020-04-26T16:12:53.843+0000][1][safepoint    ] Safepoint "RevokeBias", Time since last: 16914700 ns, Reaching safepoint: 117200 ns, At safepoint: 88400 ns, Total: 205600 ns
[2020-04-26T16:12:53.843+0000][1][safepoint    ] Safepoint "RevokeBias", Time since last: 260200 ns, Reaching safepoint: 58900 ns, At safepoint: 51000 ns, Total: 109900 ns
[2020-04-26T16:12:53.843+0000][1][safepoint    ] Safepoint "RevokeBias", Time since last: 223100 ns, Reaching safepoint: 45700 ns, At safepoint: 65000 ns, Total: 110700 ns
[2020-04-26T16:12:53.844+0000][1][safepoint    ] Safepoint "RevokeBias", Time since last: 211800 ns, Reaching safepoint: 23700 ns, At safepoint: 48100 ns, Total: 71800 ns
[2020-04-26T16:12:53.844+0000][1][safepoint    ] Safepoint "RevokeBias", Time since last: 154500 ns, Reaching safepoint: 25500 ns, At safepoint: 44100 ns, Total: 69600 ns
[2020-04-26T16:12:53.844+0000][1][safepoint    ] Safepoint "RevokeBias", Time since last: 202200 ns, Reaching safepoint: 23800 ns, At safepoint: 28800 ns, Total: 52600 ns
[2020-04-26T16:12:53.844+0000][1][safepoint    ] Safepoint "RevokeBias", Time since last: 158700 ns, Reaching safepoint: 23800 ns, At safepoint: 28800 ns, Total: 52600 ns
[2020-04-26T16:12:53.845+0000][1][safepoint    ] Safepoint "RevokeBias", Time since last: 188900 ns, Reaching safepoint: 77600 ns, At safepoint: 54700 ns, Total: 132300 ns
[2020-04-26T16:12:53.845+0000][1][safepoint    ] Safepoint "RevokeBias", Time since last: 228800 ns, Reaching safepoint: 28500 ns, At safepoint: 31900 ns, Total: 60400 ns
[2020-04-26T16:12:53.845+0000][1][safepoint    ] Safepoint "RevokeBias", Time since last: 186500 ns, Reaching safepoint: 59700 ns, At safepoint: 80200 ns, Total: 139900 ns
[2020-04-26T16:12:53.845+0000][1][safepoint    ] Safepoint "RevokeBias", Time since last: 183500 ns, Reaching safepoint: 38400 ns, At safepoint: 64000 ns, Total: 102400 ns
[2020-04-26T16:12:53.897+0000][1][safepoint    ] Safepoint "RevokeBias", Time since last: 50976500 ns, Reaching safepoint: 74900 ns, At safepoint: 51500 ns, Total: 126400 ns
[2020-04-26T16:12:53.897+0000][1][safepoint    ] Safepoint "RevokeBias", Time since last: 313300 ns, Reaching safepoint: 127100 ns, At safepoint: 46000 ns, Total: 173100 ns
[2020-04-26T16:12:53.897+0000][1][safepoint    ] Safepoint "RevokeBias", Time since last: 190500 ns, Reaching safepoint: 25400 ns, At safepoint: 46200 ns, Total: 71600 ns
[2020-04-26T16:12:53.931+0000][1][safepoint    ] Safepoint "RevokeBias", Time since last: 33045400 ns, Reaching safepoint: 89400 ns, At safepoint: 36700 ns, Total: 126100 ns
[2020-04-26T16:12:53.931+0000][1][safepoint    ] Safepoint "RevokeBias", Time since last: 211700 ns, Reaching safepoint: 39600 ns, At safepoint: 31900 ns, Total: 71500 ns
[2020-04-26T16:12:53.931+0000][1][safepoint    ] Safepoint "RevokeBias", Time since last: 177500 ns, Reaching safepoint: 113000 ns, At safepoint: 43000 ns, Total: 156000 ns
[2020-04-26T16:12:53.931+0000][1][safepoint    ] Safepoint "RevokeBias", Time since last: 124000 ns, Reaching safepoint: 24500 ns, At safepoint: 29200 ns, Total: 53700 ns
[2020-04-26T16:12:53.932+0000][1][safepoint    ] Safepoint "RevokeBias", Time since last: 225800 ns, Reaching safepoint: 24900 ns, At safepoint: 43900 ns, Total: 68800 ns
[2020-04-26T16:12:53.932+0000][1][safepoint    ] Safepoint "RevokeBias", Time since last: 171100 ns, Reaching safepoint: 25100 ns, At safepoint: 43200 ns, Total: 68300 ns
[2020-04-26T16:12:54.219+0000][1][safepoint    ] Safepoint "RevokeBias", Time since last: 287552200 ns, Reaching safepoint: 64300 ns, At safepoint: 37100 ns, Total: 101400 ns
[2020-04-26T16:12:54.220+0000][1][safepoint    ] Safepoint "RevokeBias", Time since last: 211500 ns, Reaching safepoint: 35000 ns, At safepoint: 30700 ns, Total: 65700 ns
[2020-04-26T16:12:54.220+0000][1][safepoint    ] Safepoint "RevokeBias", Time since last: 233100 ns, Reaching safepoint: 24200 ns, At safepoint: 29100 ns, Total: 53300 ns
[2020-04-26T16:12:54.234+0000][1][safepoint    ] Safepoint "RevokeBias", Time since last: 13541500 ns, Reaching safepoint: 62600 ns, At safepoint: 33900 ns, Total: 96500 ns
[2020-04-26T16:12:54.234+0000][1][safepoint    ] Safepoint "RevokeBias", Time since last: 218500 ns, Reaching safepoint: 52400 ns, At safepoint: 30800 ns, Total: 83200 ns
[2020-04-26T16:12:54.234+0000][1][safepoint    ] Safepoint "RevokeBias", Time since last: 187700 ns, Reaching safepoint: 24000 ns, At safepoint: 28400 ns, Total: 52400 ns
[2020-04-26T16:12:54.234+0000][1][safepoint    ] Safepoint "RevokeBias", Time since last: 154900 ns, Reaching safepoint: 23300 ns, At safepoint: 27800 ns, Total: 51100 ns
[2020-04-26T16:12:55.235+0000][1][safepoint    ] Safepoint "Cleanup", Time since last: 1000125000 ns, Reaching safepoint: 56400 ns, At safepoint: 89400 ns, Total: 145800 ns
[2020-04-26T16:12:56.235+0000][1][safepoint    ] Safepoint "Cleanup", Time since last: 1000155600 ns, Reaching safepoint: 67600 ns, At safepoint: 27000 ns, Total: 94600 ns
[2020-04-26T16:12:57.235+0000][1][safepoint    ] Safepoint "Cleanup", Time since last: 1000155100 ns, Reaching safepoint: 74500 ns, At safepoint: 27900 ns, Total: 102400 ns
[2020-04-26T16:12:58.236+0000][1][safepoint    ] Safepoint "Cleanup", Time since last: 1000223400 ns, Reaching safepoint: 66100 ns, At safepoint: 27900 ns, Total: 94000 ns
[2020-04-26T16:12:59.236+0000][1][safepoint    ] Safepoint "Cleanup", Time since last: 1000166900 ns, Reaching safepoint: 71900 ns, At safepoint: 29900 ns, Total: 101800 ns
[2020-04-26T16:13:00.236+0000][1][safepoint    ] Safepoint "Cleanup", Time since last: 1000244900 ns, Reaching safepoint: 176300 ns, At safepoint: 92100 ns, Total: 268400 ns
[2020-04-26T16:13:01.237+0000][1][safepoint    ] Safepoint "Cleanup", Time since last: 1000331300 ns, Reaching safepoint: 93700 ns, At safepoint: 31200 ns, Total: 124900 ns
[2020-04-26T16:13:02.237+0000][1][safepoint    ] Safepoint "Cleanup", Time since last: 1000120700 ns, Reaching safepoint: 69400 ns, At safepoint: 26600 ns, Total: 96000 ns
[2020-04-26T16:13:03.237+0000][1][safepoint    ] Safepoint "Cleanup", Time since last: 1000177200 ns, Reaching safepoint: 116200 ns, At safepoint: 53100 ns, Total: 169300 ns
[2020-04-26T16:13:04.238+0000][1][safepoint    ] Safepoint "Cleanup", Time since last: 1000175000 ns, Reaching safepoint: 75700 ns, At safepoint: 29800 ns, Total: 105500 ns
[2020-04-26T16:13:05.238+0000][1][safepoint    ] Safepoint "Cleanup", Time since last: 1000199600 ns, Reaching safepoint: 89200 ns, At safepoint: 31000 ns, Total: 120200 ns
[2020-04-26T16:13:06.238+0000][1][safepoint    ] Safepoint "Cleanup", Time since last: 1000196900 ns, Reaching safepoint: 68800 ns, At safepoint: 27200 ns, Total: 96000 ns
[2020-04-26T16:13:07.044+0000][1][safepoint    ] Safepoint "RevokeBias", Time since last: 805011900 ns, Reaching safepoint: 525400 ns, At safepoint: 79200 ns, Total: 604600 ns
[2020-04-26T16:13:07.044+0000][1][safepoint    ] Safepoint "RevokeBias", Time since last: 224700 ns, Reaching safepoint: 127300 ns, At safepoint: 110200 ns, Total: 237500 ns
[2020-04-26T16:13:07.045+0000][1][safepoint    ] Safepoint "RevokeBias", Time since last: 421900 ns, Reaching safepoint: 121800 ns, At safepoint: 42200 ns, Total: 164000 ns
[2020-04-26T16:13:07.046+0000][1][safepoint    ] Safepoint "RevokeBias", Time since last: 1204600 ns, Reaching safepoint: 124400 ns, At safepoint: 67600 ns, Total: 192000 ns
[2020-04-26T16:13:07.047+0000][1][safepoint    ] Safepoint "RevokeBias", Time since last: 334900 ns, Reaching safepoint: 35200 ns, At safepoint: 26100 ns, Total: 61300 ns
[2020-04-26T16:13:07.053+0000][1][safepoint    ] Safepoint "RevokeBias", Time since last: 6187400 ns, Reaching safepoint: 65600 ns, At safepoint: 85500 ns, Total: 151100 ns
[2020-04-26T16:13:07.053+0000][1][safepoint    ] Safepoint "RevokeBias", Time since last: 40800 ns, Reaching safepoint: 120700 ns, At safepoint: 115000 ns, Total: 235700 ns
[2020-04-26T16:13:07.054+0000][1][safepoint    ] Safepoint "BulkRevokeBias", Time since last: 47900 ns, Reaching safepoint: 128500 ns, At safepoint: 488400 ns, Total: 616900 ns
[2020-04-26T16:13:07.054+0000][1][safepoint    ] Safepoint "RevokeBias", Time since last: 67500 ns, Reaching safepoint: 118600 ns, At safepoint: 102900 ns, Total: 221500 ns
[2020-04-26T16:13:07.054+0000][1][safepoint    ] Safepoint "RevokeBias", Time since last: 39800 ns, Reaching safepoint: 46700 ns, At safepoint: 43900 ns, Total: 90600 ns
[2020-04-26T16:13:07.064+0000][1][safepoint    ] Safepoint "Deoptimize", Time since last: 8389600 ns, Reaching safepoint: 82100 ns, At safepoint: 842200 ns, Total: 924300 ns
[2020-04-26T16:13:07.065+0000][1][safepoint    ] Safepoint "RevokeBias", Time since last: 1610200 ns, Reaching safepoint: 85500 ns, At safepoint: 69400 ns, Total: 154900 ns
[2020-04-26T16:13:07.069+0000][1][safepoint    ] Safepoint "RevokeBias", Time since last: 3550000 ns, Reaching safepoint: 77700 ns, At safepoint: 98100 ns, Total: 175800 ns
[2020-04-26T16:13:07.070+0000][1][safepoint    ] Safepoint "RevokeBias", Time since last: 117500 ns, Reaching safepoint: 195000 ns, At safepoint: 111500 ns, Total: 306500 ns
[2020-04-26T16:13:07.086+0000][1][safepoint    ] Safepoint "Deoptimize", Time since last: 15624100 ns, Reaching safepoint: 207300 ns, At safepoint: 509800 ns, Total: 717100 ns
[2020-04-26T16:13:07.095+0000][1][safepoint    ] Safepoint "RevokeBias", Time since last: 8250200 ns, Reaching safepoint: 236800 ns, At safepoint: 87900 ns, Total: 324700 ns
[2020-04-26T16:13:07.102+0000][1][safepoint    ] Safepoint "RevokeBias", Time since last: 6840300 ns, Reaching safepoint: 222500 ns, At safepoint: 139100 ns, Total: 361600 ns
[2020-04-26T16:13:07.103+0000][1][safepoint    ] Safepoint "RevokeBias", Time since last: 1034700 ns, Reaching safepoint: 260800 ns, At safepoint: 169400 ns, Total: 430200 ns
[2020-04-26T16:13:07.104+0000][1][safepoint    ] Safepoint "RevokeBias", Time since last: 177700 ns, Reaching safepoint: 239300 ns, At safepoint: 168000 ns, Total: 407300 ns
[2020-04-26T16:13:07.105+0000][1][safepoint    ] Safepoint "RevokeBias", Time since last: 737800 ns, Reaching safepoint: 393100 ns, At safepoint: 121300 ns, Total: 514400 ns
[2020-04-26T16:13:07.107+0000][1][safepoint    ] Safepoint "RevokeBias", Time since last: 1269400 ns, Reaching safepoint: 268200 ns, At safepoint: 296300 ns, Total: 564500 ns
[2020-04-26T16:13:07.108+0000][1][safepoint    ] Safepoint "RevokeBias", Time since last: 476000 ns, Reaching safepoint: 184900 ns, At safepoint: 165700 ns, Total: 350600 ns
[2020-04-26T16:13:07.108+0000][1][safepoint    ] Safepoint "RevokeBias", Time since last: 307000 ns, Reaching safepoint: 314900 ns, At safepoint: 127300 ns, Total: 442200 ns
[2020-04-26T16:13:07.109+0000][1][safepoint    ] Safepoint "RevokeBias", Time since last: 147100 ns, Reaching safepoint: 264900 ns, At safepoint: 129500 ns, Total: 394400 ns
[2020-04-26T16:13:07.110+0000][1][safepoint    ] Safepoint "RevokeBias", Time since last: 314500 ns, Reaching safepoint: 161000 ns, At safepoint: 145500 ns, Total: 306500 ns
[2020-04-26T16:13:07.110+0000][1][safepoint    ] Safepoint "RevokeBias", Time since last: 139900 ns, Reaching safepoint: 209200 ns, At safepoint: 148300 ns, Total: 357500 ns
[2020-04-26T16:13:07.111+0000][1][safepoint    ] Safepoint "RevokeBias", Time since last: 148500 ns, Reaching safepoint: 263500 ns, At safepoint: 132400 ns, Total: 395900 ns
[2020-04-26T16:13:07.111+0000][1][safepoint    ] Safepoint "RevokeBias", Time since last: 131400 ns, Reaching safepoint: 160600 ns, At safepoint: 120500 ns, Total: 281100 ns
[2020-04-26T16:13:07.112+0000][1][safepoint    ] Safepoint "RevokeBias", Time since last: 298800 ns, Reaching safepoint: 231500 ns, At safepoint: 109100 ns, Total: 340600 ns
[2020-04-26T16:13:07.112+0000][1][safepoint    ] Safepoint "RevokeBias", Time since last: 162200 ns, Reaching safepoint: 139400 ns, At safepoint: 106700 ns, Total: 246100 ns
[2020-04-26T16:13:07.113+0000][1][safepoint    ] Safepoint "RevokeBias", Time since last: 162400 ns, Reaching safepoint: 136200 ns, At safepoint: 103700 ns, Total: 239900 ns
[2020-04-26T16:13:07.113+0000][1][safepoint    ] Safepoint "RevokeBias", Time since last: 165500 ns, Reaching safepoint: 154900 ns, At safepoint: 108300 ns, Total: 263200 ns
[2020-04-26T16:13:07.113+0000][1][safepoint    ] Safepoint "RevokeBias", Time since last: 124100 ns, Reaching safepoint: 214700 ns, At safepoint: 112300 ns, Total: 327000 ns
[2020-04-26T16:13:07.114+0000][1][safepoint    ] Safepoint "RevokeBias", Time since last: 312000 ns, Reaching safepoint: 185700 ns, At safepoint: 83900 ns, Total: 269600 ns
[2020-04-26T16:13:07.114+0000][1][safepoint    ] Safepoint "RevokeBias", Time since last: 150200 ns, Reaching safepoint: 132300 ns, At safepoint: 95700 ns, Total: 228000 ns
[2020-04-26T16:13:07.115+0000][1][safepoint    ] Safepoint "RevokeBias", Time since last: 135400 ns, Reaching safepoint: 50800 ns, At safepoint: 96000 ns, Total: 146800 ns
[2020-04-26T16:13:07.115+0000][1][safepoint    ] Safepoint "RevokeBias", Time since last: 228500 ns, Reaching safepoint: 38700 ns, At safepoint: 79200 ns, Total: 117900 ns
[2020-04-26T16:13:07.116+0000][1][safepoint    ] Safepoint "RevokeBias", Time since last: 323300 ns, Reaching safepoint: 193300 ns, At safepoint: 84700 ns, Total: 278000 ns
[2020-04-26T16:13:07.116+0000][1][safepoint    ] Safepoint "RevokeBias", Time since last: 174000 ns, Reaching safepoint: 145500 ns, At safepoint: 94400 ns, Total: 239900 ns
[2020-04-26T16:13:07.116+0000][1][safepoint    ] Safepoint "RevokeBias", Time since last: 123300 ns, Reaching safepoint: 144500 ns, At safepoint: 79700 ns, Total: 224200 ns
[2020-04-26T16:13:07.117+0000][1][safepoint    ] Safepoint "RevokeBias", Time since last: 106300 ns, Reaching safepoint: 138200 ns, At safepoint: 77300 ns, Total: 215500 ns
[2020-04-26T16:13:07.117+0000][1][safepoint    ] Safepoint "RevokeBias", Time since last: 114600 ns, Reaching safepoint: 159800 ns, At safepoint: 79900 ns, Total: 239700 ns
[2020-04-26T16:13:07.117+0000][1][safepoint    ] Safepoint "RevokeBias", Time since last: 221100 ns, Reaching safepoint: 132000 ns, At safepoint: 87700 ns, Total: 219700 ns
[2020-04-26T16:13:07.118+0000][1][safepoint    ] Safepoint "RevokeBias", Time since last: 230300 ns, Reaching safepoint: 53200 ns, At safepoint: 106300 ns, Total: 159500 ns
[2020-04-26T16:13:07.118+0000][1][safepoint    ] Safepoint "RevokeBias", Time since last: 243800 ns, Reaching safepoint: 135100 ns, At safepoint: 113200 ns, Total: 248300 ns
[2020-04-26T16:13:07.119+0000][1][safepoint    ] Safepoint "RevokeBias", Time since last: 95600 ns, Reaching safepoint: 144500 ns, At safepoint: 105800 ns, Total: 250300 ns
[2020-04-26T16:13:07.119+0000][1][safepoint    ] Safepoint "RevokeBias", Time since last: 108500 ns, Reaching safepoint: 123900 ns, At safepoint: 93100 ns, Total: 217000 ns
[2020-04-26T16:13:07.119+0000][1][safepoint    ] Safepoint "RevokeBias", Time since last: 110900 ns, Reaching safepoint: 128200 ns, At safepoint: 90900 ns, Total: 219100 ns
[2020-04-26T16:13:07.120+0000][1][safepoint    ] Safepoint "RevokeBias", Time since last: 104000 ns, Reaching safepoint: 125900 ns, At safepoint: 101500 ns, Total: 227400 ns
[2020-04-26T16:13:07.120+0000][1][safepoint    ] Safepoint "RevokeBias", Time since last: 136100 ns, Reaching safepoint: 149000 ns, At safepoint: 95200 ns, Total: 244200 ns
[2020-04-26T16:13:07.120+0000][1][safepoint    ] Safepoint "RevokeBias", Time since last: 132000 ns, Reaching safepoint: 140800 ns, At safepoint: 91200 ns, Total: 232000 ns
[2020-04-26T16:13:07.121+0000][1][safepoint    ] Safepoint "RevokeBias", Time since last: 577300 ns, Reaching safepoint: 151000 ns, At safepoint: 96300 ns, Total: 247300 ns
[2020-04-26T16:13:07.122+0000][1][safepoint    ] Safepoint "RevokeBias", Time since last: 130100 ns, Reaching safepoint: 128600 ns, At safepoint: 77000 ns, Total: 205600 ns
[2020-04-26T16:13:07.122+0000][1][safepoint    ] Safepoint "RevokeBias", Time since last: 233200 ns, Reaching safepoint: 39600 ns, At safepoint: 84100 ns, Total: 123700 ns
[2020-04-26T16:13:07.122+0000][1][safepoint    ] Safepoint "RevokeBias", Time since last: 99300 ns, Reaching safepoint: 170500 ns, At safepoint: 113000 ns, Total: 283500 ns
[2020-04-26T16:13:07.123+0000][1][safepoint    ] Safepoint "RevokeBias", Time since last: 105300 ns, Reaching safepoint: 95900 ns, At safepoint: 71000 ns, Total: 166900 ns
[2020-04-26T16:13:07.125+0000][1][safepoint    ] Safepoint "BulkRevokeBias", Time since last: 135900 ns, Reaching safepoint: 136500 ns, At safepoint: 2132900 ns, Total: 2269400 ns
[2020-04-26T16:13:07.126+0000][1][safepoint    ] Safepoint "RevokeBias", Time since last: 450800 ns, Reaching safepoint: 156900 ns, At safepoint: 113000 ns, Total: 269900 ns
[2020-04-26T16:13:07.127+0000][1][safepoint    ] Safepoint "RevokeBias", Time since last: 258200 ns, Reaching safepoint: 633700 ns, At safepoint: 82200 ns, Total: 715900 ns
[2020-04-26T16:13:07.128+0000][1][safepoint    ] Safepoint "RevokeBias", Time since last: 835300 ns, Reaching safepoint: 161400 ns, At safepoint: 135500 ns, Total: 296900 ns
[2020-04-26T16:13:07.128+0000][1][safepoint    ] Safepoint "RevokeBias", Time since last: 161900 ns, Reaching safepoint: 153800 ns, At safepoint: 102800 ns, Total: 256600 ns
[2020-04-26T16:13:07.129+0000][1][safepoint    ] Safepoint "RevokeBias", Time since last: 219200 ns, Reaching safepoint: 137600 ns, At safepoint: 100100 ns, Total: 237700 ns
[2020-04-26T16:13:07.129+0000][1][safepoint    ] Safepoint "RevokeBias", Time since last: 196000 ns, Reaching safepoint: 138200 ns, At safepoint: 103100 ns, Total: 241300 ns
[2020-04-26T16:13:07.130+0000][1][safepoint    ] Safepoint "RevokeBias", Time since last: 192800 ns, Reaching safepoint: 135400 ns, At safepoint: 100300 ns, Total: 235700 ns
[2020-04-26T16:13:07.130+0000][1][safepoint    ] Safepoint "RevokeBias", Time since last: 198000 ns, Reaching safepoint: 146400 ns, At safepoint: 113500 ns, Total: 259900 ns
[2020-04-26T16:13:07.130+0000][1][safepoint    ] Safepoint "RevokeBias", Time since last: 154300 ns, Reaching safepoint: 184600 ns, At safepoint: 113600 ns, Total: 298200 ns
[2020-04-26T16:13:07.131+0000][1][safepoint    ] Safepoint "RevokeBias", Time since last: 268000 ns, Reaching safepoint: 176900 ns, At safepoint: 116400 ns, Total: 293300 ns
[2020-04-26T16:13:07.131+0000][1][safepoint    ] Safepoint "RevokeBias", Time since last: 211900 ns, Reaching safepoint: 57900 ns, At safepoint: 113300 ns, Total: 171200 ns
[2020-04-26T16:13:07.132+0000][1][safepoint    ] Safepoint "RevokeBias", Time since last: 132900 ns, Reaching safepoint: 174900 ns, At safepoint: 104500 ns, Total: 279400 ns
[2020-04-26T16:13:07.132+0000][1][safepoint    ] Safepoint "RevokeBias", Time since last: 161700 ns, Reaching safepoint: 46700 ns, At safepoint: 125600 ns, Total: 172300 ns
[2020-04-26T16:13:07.133+0000][1][safepoint    ] Safepoint "RevokeBias", Time since last: 80800 ns, Reaching safepoint: 143300 ns, At safepoint: 144200 ns, Total: 287500 ns
[2020-04-26T16:13:07.133+0000][1][safepoint    ] Safepoint "RevokeBias", Time since last: 75200 ns, Reaching safepoint: 130600 ns, At safepoint: 111400 ns, Total: 242000 ns
[2020-04-26T16:13:07.133+0000][1][safepoint    ] Safepoint "RevokeBias", Time since last: 159100 ns, Reaching safepoint: 135900 ns, At safepoint: 119600 ns, Total: 255500 ns
[2020-04-26T16:13:07.134+0000][1][safepoint    ] Safepoint "RevokeBias", Time since last: 203300 ns, Reaching safepoint: 167000 ns, At safepoint: 89900 ns, Total: 256900 ns
[2020-04-26T16:13:07.134+0000][1][safepoint    ] Safepoint "RevokeBias", Time since last: 142000 ns, Reaching safepoint: 129500 ns, At safepoint: 85500 ns, Total: 215000 ns
[2020-04-26T16:13:07.134+0000][1][safepoint    ] Safepoint "RevokeBias", Time since last: 190100 ns, Reaching safepoint: 129200 ns, At safepoint: 88200 ns, Total: 217400 ns
[2020-04-26T16:13:07.135+0000][1][safepoint    ] Safepoint "RevokeBias", Time since last: 247100 ns, Reaching safepoint: 129700 ns, At safepoint: 74900 ns, Total: 204600 ns
[2020-04-26T16:13:07.139+0000][1][safepoint    ] Safepoint "BulkRevokeBias", Time since last: 170600 ns, Reaching safepoint: 130100 ns, At safepoint: 3564800 ns, Total: 3694900 ns
[2020-04-26T16:13:07.140+0000][1][safepoint    ] Safepoint "RevokeBias", Time since last: 1119400 ns, Reaching safepoint: 147000 ns, At safepoint: 85300 ns, Total: 232300 ns
[2020-04-26T16:13:07.146+0000][1][safepoint    ] Safepoint "RevokeBias", Time since last: 6132000 ns, Reaching safepoint: 78800 ns, At safepoint: 96300 ns, Total: 175100 ns
[2020-04-26T16:13:07.150+0000][1][safepoint    ] Safepoint "RevokeBias", Time since last: 3319500 ns, Reaching safepoint: 207000 ns, At safepoint: 175500 ns, Total: 382500 ns
[2020-04-26T16:13:07.151+0000][1][safepoint    ] Safepoint "RevokeBias", Time since last: 285600 ns, Reaching safepoint: 62400 ns, At safepoint: 61800 ns, Total: 124200 ns
[2020-04-26T16:13:07.155+0000][1][safepoint    ] Safepoint "RevokeBias", Time since last: 4370000 ns, Reaching safepoint: 190500 ns, At safepoint: 110700 ns, Total: 301200 ns
[2020-04-26T16:13:07.156+0000][1][safepoint    ] Safepoint "RevokeBias", Time since last: 218200 ns, Reaching safepoint: 133900 ns, At safepoint: 62700 ns, Total: 196600 ns
[2020-04-26T16:13:07.156+0000][1][safepoint    ] Safepoint "RevokeBias", Time since last: 164000 ns, Reaching safepoint: 511100 ns, At safepoint: 98500 ns, Total: 609600 ns
[2020-04-26T16:13:07.157+0000][1][safepoint    ] Safepoint "RevokeBias", Time since last: 114900 ns, Reaching safepoint: 145300 ns, At safepoint: 71700 ns, Total: 217000 ns
[2020-04-26T16:13:07.157+0000][1][safepoint    ] Safepoint "RevokeBias", Time since last: 89900 ns, Reaching safepoint: 168500 ns, At safepoint: 94800 ns, Total: 263300 ns
[2020-04-26T16:13:07.158+0000][1][safepoint    ] Safepoint "RevokeBias", Time since last: 132700 ns, Reaching safepoint: 143400 ns, At safepoint: 97800 ns, Total: 241200 ns
[2020-04-26T16:13:07.158+0000][1][safepoint    ] Safepoint "RevokeBias", Time since last: 148900 ns, Reaching safepoint: 138600 ns, At safepoint: 67200 ns, Total: 205800 ns
[2020-04-26T16:13:07.159+0000][1][safepoint    ] Safepoint "BulkRevokeBias", Time since last: 119200 ns, Reaching safepoint: 44800 ns, At safepoint: 531900 ns, Total: 576700 ns
[2020-04-26T16:13:07.181+0000][1][safepoint    ] Safepoint "RevokeBias", Time since last: 22184400 ns, Reaching safepoint: 110300 ns, At safepoint: 136200 ns, Total: 246500 ns
[2020-04-26T16:13:07.200+0000][1][safepoint    ] Safepoint "RevokeBias", Time since last: 18929400 ns, Reaching safepoint: 83900 ns, At safepoint: 78400 ns, Total: 162300 ns
[2020-04-26T16:13:07.202+0000][1][safepoint    ] Safepoint "RevokeBias", Time since last: 1706800 ns, Reaching safepoint: 73700 ns, At safepoint: 72700 ns, Total: 146400 ns
[2020-04-26T16:13:08.202+0000][1][safepoint    ] Safepoint "Cleanup", Time since last: 1000130800 ns, Reaching safepoint: 83400 ns, At safepoint: 27900 ns, Total: 111300 ns
[2020-04-26T16:13:09.202+0000][1][safepoint    ] Safepoint "Cleanup", Time since last: 1000154300 ns, Reaching safepoint: 75800 ns, At safepoint: 26900 ns, Total: 102700 ns
[2020-04-26T16:13:09.358+0000][1][safepoint    ] Safepoint "RevokeBias", Time since last: 155320100 ns, Reaching safepoint: 274200 ns, At safepoint: 112900 ns, Total: 387100 ns
[2020-04-26T16:13:09.360+0000][1][safepoint    ] Safepoint "RevokeBias", Time since last: 1679800 ns, Reaching safepoint: 188600 ns, At safepoint: 120700 ns, Total: 309300 ns
[2020-04-26T16:13:09.362+0000][1][safepoint    ] Safepoint "RevokeBias", Time since last: 1252000 ns, Reaching safepoint: 208000 ns, At safepoint: 130200 ns, Total: 338200 ns
[2020-04-26T16:13:09.362+0000][1][safepoint    ] Safepoint "RevokeBias", Time since last: 147300 ns, Reaching safepoint: 142000 ns, At safepoint: 136900 ns, Total: 278900 ns
[2020-04-26T16:13:09.363+0000][1][safepoint    ] Safepoint "RevokeBias", Time since last: 718700 ns, Reaching safepoint: 193600 ns, At safepoint: 129900 ns, Total: 323500 ns
[2020-04-26T16:13:09.364+0000][1][safepoint    ] Safepoint "RevokeBias", Time since last: 246200 ns, Reaching safepoint: 236800 ns, At safepoint: 104000 ns, Total: 340800 ns
[2020-04-26T16:13:09.365+0000][1][safepoint    ] Safepoint "BulkRevokeBias", Time since last: 334700 ns, Reaching safepoint: 135800 ns, At safepoint: 429900 ns, Total: 565700 ns
[2020-04-26T16:13:09.369+0000][1][safepoint    ] Safepoint "RevokeBias", Time since last: 3952200 ns, Reaching safepoint: 239700 ns, At safepoint: 115000 ns, Total: 354700 ns
[2020-04-26T16:13:09.370+0000][1][safepoint    ] Safepoint "RevokeBias", Time since last: 285600 ns, Reaching safepoint: 163000 ns, At safepoint: 81000 ns, Total: 244000 ns
[2020-04-26T16:13:09.372+0000][1][safepoint    ] Safepoint "RevokeBias", Time since last: 2022500 ns, Reaching safepoint: 232300 ns, At safepoint: 89800 ns, Total: 322100 ns
[2020-04-26T16:13:09.382+0000][1][safepoint    ] Safepoint "RevokeBias", Time since last: 10233800 ns, Reaching safepoint: 167100 ns, At safepoint: 125100 ns, Total: 292200 ns
[2020-04-26T16:13:09.384+0000][1][safepoint    ] Safepoint "RevokeBias", Time since last: 925400 ns, Reaching safepoint: 176000 ns, At safepoint: 73600 ns, Total: 249600 ns
[2020-04-26T16:13:09.385+0000][1][safepoint    ] Safepoint "RevokeBias", Time since last: 1370500 ns, Reaching safepoint: 70300 ns, At safepoint: 47100 ns, Total: 117400 ns
[2020-04-26T16:13:09.414+0000][1][safepoint    ] Safepoint "RevokeBias", Time since last: 29211500 ns, Reaching safepoint: 74900 ns, At safepoint: 36600 ns, Total: 111500 ns
[2020-04-26T16:13:09.544+0000][1][safepoint    ] Safepoint "RevokeBias", Time since last: 129028800 ns, Reaching safepoint: 237800 ns, At safepoint: 76800 ns, Total: 314600 ns
[2020-04-26T16:13:10.544+0000][1][safepoint    ] Safepoint "Cleanup", Time since last: 1000173900 ns, Reaching safepoint: 79900 ns, At safepoint: 28800 ns, Total: 108700 ns
[2020-04-26T16:13:11.544+0000][1][safepoint    ] Safepoint "Cleanup", Time since last: 1000120200 ns, Reaching safepoint: 84000 ns, At safepoint: 25800 ns, Total: 109800 ns
[2020-04-26T16:13:11.653+0000][1][safepoint    ] Safepoint "RevokeBias", Time since last: 108680900 ns, Reaching safepoint: 266100 ns, At safepoint: 74800 ns, Total: 340900 ns
[2020-04-26T16:13:11.664+0000][1][safepoint    ] Safepoint "RevokeBias", Time since last: 10830400 ns, Reaching safepoint: 213400 ns, At safepoint: 94200 ns, Total: 307600 ns
[2020-04-26T16:13:11.670+0000][1][safepoint    ] Safepoint "RevokeBias", Time since last: 5270900 ns, Reaching safepoint: 209200 ns, At safepoint: 71100 ns, Total: 280300 ns
[2020-04-26T16:13:11.672+0000][1][safepoint    ] Safepoint "RevokeBias", Time since last: 1887800 ns, Reaching safepoint: 208600 ns, At safepoint: 88600 ns, Total: 297200 ns
[2020-04-26T16:13:11.677+0000][1][safepoint    ] Safepoint "RevokeBias", Time since last: 4945200 ns, Reaching safepoint: 193100 ns, At safepoint: 65600 ns, Total: 258700 ns
[2020-04-26T16:13:11.681+0000][1][safepoint    ] Safepoint "RevokeBias", Time since last: 3152200 ns, Reaching safepoint: 74800 ns, At safepoint: 39100 ns, Total: 113900 ns
[2020-04-26T16:13:11.682+0000][1][safepoint    ] Safepoint "RevokeBias", Time since last: 1028700 ns, Reaching safepoint: 71400 ns, At safepoint: 38700 ns, Total: 110100 ns
[2020-04-26T16:13:11.756+0000][1][safepoint    ] Safepoint "RevokeBias", Time since last: 74048300 ns, Reaching safepoint: 94000 ns, At safepoint: 49500 ns, Total: 143500 ns
[2020-04-26T16:13:11.756+0000][1][safepoint    ] Safepoint "RevokeBias", Time since last: 463900 ns, Reaching safepoint: 59700 ns, At safepoint: 48300 ns, Total: 108000 ns
[2020-04-26T16:13:11.764+0000][1][safepoint    ] Safepoint "RevokeBias", Time since last: 7776700 ns, Reaching safepoint: 84200 ns, At safepoint: 37300 ns, Total: 121500 ns
[2020-04-26T16:13:11.765+0000][1][safepoint    ] Safepoint "RevokeBias", Time since last: 994300 ns, Reaching safepoint: 59600 ns, At safepoint: 33400 ns, Total: 93000 ns
[2020-04-26T16:13:11.766+0000][1][safepoint    ] Safepoint "RevokeBias", Time since last: 159800 ns, Reaching safepoint: 43400 ns, At safepoint: 32900 ns, Total: 76300 ns
[2020-04-26T16:13:11.766+0000][1][safepoint    ] Safepoint "RevokeBias", Time since last: 281400 ns, Reaching safepoint: 41500 ns, At safepoint: 32000 ns, Total: 73500 ns
[2020-04-26T16:13:11.767+0000][1][safepoint    ] Safepoint "RevokeBias", Time since last: 957600 ns, Reaching safepoint: 57300 ns, At safepoint: 52600 ns, Total: 109900 ns
[2020-04-26T16:13:12.051+0000][1][safepoint    ] Safepoint "RevokeBias", Time since last: 283895500 ns, Reaching safepoint: 100400 ns, At safepoint: 57800 ns, Total: 158200 ns
[2020-04-26T16:13:13.052+0000][1][safepoint    ] Safepoint "Cleanup", Time since last: 1000631500 ns, Reaching safepoint: 322500 ns, At safepoint: 123500 ns, Total: 446000 ns
[2020-04-26T16:13:14.053+0000][1][safepoint    ] Safepoint "Cleanup", Time since last: 1000473200 ns, Reaching safepoint: 98000 ns, At safepoint: 29900 ns, Total: 127900 ns
[2020-04-26T16:13:14.552+0000][1][safepoint    ] Safepoint "RevokeBias", Time since last: 498450100 ns, Reaching safepoint: 205800 ns, At safepoint: 160900 ns, Total: 366700 ns
[2020-04-26T16:13:14.635+0000][1][safepoint    ] Safepoint "RevokeBias", Time since last: 83586900 ns, Reaching safepoint: 103000 ns, At safepoint: 32800 ns, Total: 135800 ns
[2020-04-26T16:13:14.636+0000][1][safepoint    ] Safepoint "RevokeBias", Time since last: 311900 ns, Reaching safepoint: 82700 ns, At safepoint: 28700 ns, Total: 111400 ns
[2020-04-26T16:13:14.644+0000][1][safepoint    ] Safepoint "RevokeBias", Time since last: 7645900 ns, Reaching safepoint: 92100 ns, At safepoint: 45500 ns, Total: 137600 ns
[2020-04-26T16:13:14.647+0000][1][safepoint    ] Safepoint "RevokeBias", Time since last: 3577900 ns, Reaching safepoint: 72300 ns, At safepoint: 47400 ns, Total: 119700 ns
[2020-04-26T16:13:14.648+0000][1][safepoint    ] Safepoint "RevokeBias", Time since last: 176600 ns, Reaching safepoint: 180000 ns, At safepoint: 44900 ns, Total: 224900 ns
[2020-04-26T16:13:14.648+0000][1][safepoint    ] Safepoint "RevokeBias", Time since last: 173400 ns, Reaching safepoint: 45900 ns, At safepoint: 30100 ns, Total: 76000 ns
[2020-04-26T16:13:14.648+0000][1][safepoint    ] Safepoint "RevokeBias", Time since last: 365500 ns, Reaching safepoint: 46700 ns, At safepoint: 54600 ns, Total: 101300 ns
[2020-04-26T16:13:14.649+0000][1][safepoint    ] Safepoint "RevokeBias", Time since last: 160900 ns, Reaching safepoint: 131400 ns, At safepoint: 43500 ns, Total: 174900 ns
[2020-04-26T16:13:14.649+0000][1][safepoint    ] Safepoint "RevokeBias", Time since last: 163100 ns, Reaching safepoint: 44400 ns, At safepoint: 44700 ns, Total: 89100 ns
[2020-04-26T16:13:14.650+0000][1][safepoint    ] Safepoint "RevokeBias", Time since last: 618000 ns, Reaching safepoint: 46900 ns, At safepoint: 32500 ns, Total: 79400 ns
[2020-04-26T16:13:14.651+0000][1][safepoint    ] Safepoint "RevokeBias", Time since last: 773100 ns, Reaching safepoint: 47400 ns, At safepoint: 45000 ns, Total: 92400 ns
[2020-04-26T16:13:14.651+0000][1][safepoint    ] Safepoint "RevokeBias", Time since last: 242900 ns, Reaching safepoint: 44700 ns, At safepoint: 30800 ns, Total: 75500 ns
[2020-04-26T16:13:14.652+0000][1][safepoint    ] Safepoint "RevokeBias", Time since last: 1249200 ns, Reaching safepoint: 52900 ns, At safepoint: 45700 ns, Total: 98600 ns
[2020-04-26T16:13:14.653+0000][1][safepoint    ] Safepoint "RevokeBias", Time since last: 197600 ns, Reaching safepoint: 83800 ns, At safepoint: 55500 ns, Total: 139300 ns
[2020-04-26T16:13:14.653+0000][1][safepoint    ] Safepoint "RevokeBias", Time since last: 170600 ns, Reaching safepoint: 43800 ns, At safepoint: 41400 ns, Total: 85200 ns
[2020-04-26T16:13:14.653+0000][1][safepoint    ] Safepoint "RevokeBias", Time since last: 148100 ns, Reaching safepoint: 43700 ns, At safepoint: 30700 ns, Total: 74400 ns
[2020-04-26T16:13:14.653+0000][1][safepoint    ] Safepoint "RevokeBias", Time since last: 163900 ns, Reaching safepoint: 177800 ns, At safepoint: 70300 ns, Total: 248100 ns
[2020-04-26T16:13:14.654+0000][1][safepoint    ] Safepoint "RevokeBias", Time since last: 690400 ns, Reaching safepoint: 140500 ns, At safepoint: 43400 ns, Total: 183900 ns
[2020-04-26T16:13:14.655+0000][1][safepoint    ] Safepoint "RevokeBias", Time since last: 619400 ns, Reaching safepoint: 45800 ns, At safepoint: 30900 ns, Total: 76700 ns
[2020-04-26T16:13:14.655+0000][1][safepoint    ] Safepoint "RevokeBias", Time since last: 124600 ns, Reaching safepoint: 133100 ns, At safepoint: 53600 ns, Total: 186700 ns
[2020-04-26T16:13:14.656+0000][1][safepoint    ] Safepoint "RevokeBias", Time since last: 197000 ns, Reaching safepoint: 135700 ns, At safepoint: 56100 ns, Total: 191800 ns
[2020-04-26T16:13:14.656+0000][1][safepoint    ] Safepoint "RevokeBias", Time since last: 125300 ns, Reaching safepoint: 44600 ns, At safepoint: 44000 ns, Total: 88600 ns
[2020-04-26T16:13:14.656+0000][1][safepoint    ] Safepoint "RevokeBias", Time since last: 181200 ns, Reaching safepoint: 44500 ns, At safepoint: 44200 ns, Total: 88700 ns
[2020-04-26T16:13:14.657+0000][1][safepoint    ] Safepoint "RevokeBias", Time since last: 159800 ns, Reaching safepoint: 130700 ns, At safepoint: 56100 ns, Total: 186800 ns
[2020-04-26T16:13:14.657+0000][1][safepoint    ] Safepoint "RevokeBias", Time since last: 668500 ns, Reaching safepoint: 60800 ns, At safepoint: 47200 ns, Total: 108000 ns
[2020-04-26T16:13:14.658+0000][1][safepoint    ] Safepoint "RevokeBias", Time since last: 275300 ns, Reaching safepoint: 267900 ns, At safepoint: 50200 ns, Total: 318100 ns
[2020-04-26T16:13:14.658+0000][1][safepoint    ] Safepoint "RevokeBias", Time since last: 163600 ns, Reaching safepoint: 48700 ns, At safepoint: 47800 ns, Total: 96500 ns
[2020-04-26T16:13:14.659+0000][1][safepoint    ] Safepoint "RevokeBias", Time since last: 196400 ns, Reaching safepoint: 46500 ns, At safepoint: 77000 ns, Total: 123500 ns
[2020-04-26T16:13:14.659+0000][1][safepoint    ] Safepoint "RevokeBias", Time since last: 377700 ns, Reaching safepoint: 50500 ns, At safepoint: 31500 ns, Total: 82000 ns
[2020-04-26T16:13:14.659+0000][1][safepoint    ] Safepoint "RevokeBias", Time since last: 133200 ns, Reaching safepoint: 45000 ns, At safepoint: 30800 ns, Total: 75800 ns
[2020-04-26T16:13:14.660+0000][1][safepoint    ] Safepoint "RevokeBias", Time since last: 245600 ns, Reaching safepoint: 45400 ns, At safepoint: 47300 ns, Total: 92700 ns
[2020-04-26T16:13:14.660+0000][1][safepoint    ] Safepoint "RevokeBias", Time since last: 381900 ns, Reaching safepoint: 44700 ns, At safepoint: 45100 ns, Total: 89800 ns
[2020-04-26T16:13:14.660+0000][1][safepoint    ] Safepoint "RevokeBias", Time since last: 164100 ns, Reaching safepoint: 44600 ns, At safepoint: 30600 ns, Total: 75200 ns
[2020-04-26T16:13:14.662+0000][1][safepoint    ] Safepoint "BulkRevokeBias", Time since last: 1164400 ns, Reaching safepoint: 56000 ns, At safepoint: 786600 ns, Total: 842600 ns
[2020-04-26T16:13:14.666+0000][1][safepoint    ] Safepoint "RevokeBias", Time since last: 3213900 ns, Reaching safepoint: 156700 ns, At safepoint: 105600 ns, Total: 262300 ns
[2020-04-26T16:13:14.684+0000][1][safepoint    ] Safepoint "RevokeBias", Time since last: 17656200 ns, Reaching safepoint: 178400 ns, At safepoint: 69100 ns, Total: 247500 ns
[2020-04-26T16:13:14.684+0000][1][safepoint    ] Safepoint "RevokeBias", Time since last: 251300 ns, Reaching safepoint: 73100 ns, At safepoint: 33900 ns, Total: 107000 ns
[2020-04-26T16:13:14.686+0000][1][safepoint    ] Safepoint "RevokeBias", Time since last: 1561100 ns, Reaching safepoint: 166200 ns, At safepoint: 69600 ns, Total: 235800 ns
[2020-04-26T16:13:14.693+0000][1][safepoint    ] Safepoint "RevokeBias", Time since last: 7105900 ns, Reaching safepoint: 166000 ns, At safepoint: 70100 ns, Total: 236100 ns
[2020-04-26T16:13:15.694+0000][1][safepoint    ] Safepoint "Cleanup", Time since last: 1000229100 ns, Reaching safepoint: 147100 ns, At safepoint: 43900 ns, Total: 191000 ns
[2020-04-26T16:13:16.694+0000][1][safepoint    ] Safepoint "Cleanup", Time since last: 1000429200 ns, Reaching safepoint: 314700 ns, At safepoint: 129800 ns, Total: 444500 ns
[2020-04-26T16:13:17.045+0000][1][safepoint    ] Safepoint "RevokeBias", Time since last: 350181700 ns, Reaching safepoint: 102600 ns, At safepoint: 65500 ns, Total: 168100 ns
[2020-04-26T16:13:17.644+0000][1][safepoint    ] Safepoint "RevokeBias", Time since last: 599352000 ns, Reaching safepoint: 160800 ns, At safepoint: 104600 ns, Total: 265400 ns
[2020-04-26T16:13:18.645+0000][1][safepoint    ] Safepoint "Cleanup", Time since last: 1000590700 ns, Reaching safepoint: 306800 ns, At safepoint: 133700 ns, Total: 440500 ns
[2020-04-26T16:13:18.932+0000][1][safepoint    ] Safepoint "RevokeBias", Time since last: 286180900 ns, Reaching safepoint: 192200 ns, At safepoint: 172800 ns, Total: 365000 ns
[2020-04-26T16:13:18.933+0000][1][safepoint    ] Safepoint "RevokeBias", Time since last: 882700 ns, Reaching safepoint: 308800 ns, At safepoint: 187700 ns, Total: 496500 ns
[2020-04-26T16:13:18.934+0000][1][safepoint    ] Safepoint "RevokeBias", Time since last: 877100 ns, Reaching safepoint: 148000 ns, At safepoint: 121900 ns, Total: 269900 ns
[2020-04-26T16:13:18.939+0000][1][safepoint    ] Safepoint "RevokeBias", Time since last: 4301600 ns, Reaching safepoint: 319500 ns, At safepoint: 164300 ns, Total: 483800 ns
[2020-04-26T16:13:18.940+0000][1][safepoint    ] Safepoint "RevokeBias", Time since last: 303700 ns, Reaching safepoint: 115300 ns, At safepoint: 102900 ns, Total: 218200 ns
[2020-04-26T16:13:18.941+0000][1][safepoint    ] Safepoint "RevokeBias", Time since last: 1199100 ns, Reaching safepoint: 254800 ns, At safepoint: 134900 ns, Total: 389700 ns
[2020-04-26T16:13:18.942+0000][1][safepoint    ] Safepoint "RevokeBias", Time since last: 79600 ns, Reaching safepoint: 213300 ns, At safepoint: 119700 ns, Total: 333000 ns
[2020-04-26T16:13:18.944+0000][1][safepoint    ] Safepoint "RevokeBias", Time since last: 2170900 ns, Reaching safepoint: 113700 ns, At safepoint: 83200 ns, Total: 196900 ns
[2020-04-26T16:13:18.971+0000][1][safepoint    ] Safepoint "Deoptimize", Time since last: 26074800 ns, Reaching safepoint: 105800 ns, At safepoint: 510100 ns, Total: 615900 ns
[2020-04-26T16:13:18.974+0000][1][safepoint    ] Safepoint "RevokeBias", Time since last: 3156100 ns, Reaching safepoint: 90100 ns, At safepoint: 38300 ns, Total: 128400 ns
[2020-04-26T16:13:18.980+0000][1][safepoint    ] Safepoint "RevokeBias", Time since last: 5252400 ns, Reaching safepoint: 107700 ns, At safepoint: 52800 ns, Total: 160500 ns
[2020-04-26T16:13:18.982+0000][1][safepoint    ] Safepoint "RevokeBias", Time since last: 2392900 ns, Reaching safepoint: 83500 ns, At safepoint: 48500 ns, Total: 132000 ns
[2020-04-26T16:13:18.982+0000][1][safepoint    ] Safepoint "RevokeBias", Time since last: 246700 ns, Reaching safepoint: 64700 ns, At safepoint: 33600 ns, Total: 98300 ns
[2020-04-26T16:13:18.983+0000][1][safepoint    ] Safepoint "RevokeBias", Time since last: 758300 ns, Reaching safepoint: 58000 ns, At safepoint: 33500 ns, Total: 91500 ns
[2020-04-26T16:13:18.991+0000][1][safepoint    ] Safepoint "RevokeBias", Time since last: 7167700 ns, Reaching safepoint: 104100 ns, At safepoint: 42000 ns, Total: 146100 ns
[2020-04-26T16:13:18.996+0000][1][safepoint    ] Safepoint "RevokeBias", Time since last: 4888300 ns, Reaching safepoint: 101100 ns, At safepoint: 67700 ns, Total: 168800 ns
[2020-04-26T16:13:18.997+0000][1][safepoint    ] Safepoint "RevokeBias", Time since last: 773500 ns, Reaching safepoint: 99600 ns, At safepoint: 54100 ns, Total: 153700 ns
[2020-04-26T16:13:19.000+0000][1][safepoint    ] Safepoint "RevokeBias", Time since last: 3038400 ns, Reaching safepoint: 204800 ns, At safepoint: 88200 ns, Total: 293000 ns
[2020-04-26T16:13:19.001+0000][1][safepoint    ] Safepoint "BulkRevokeBias", Time since last: 658300 ns, Reaching safepoint: 217500 ns, At safepoint: 464600 ns, Total: 682100 ns
[2020-04-26T16:13:19.003+0000][1][safepoint    ] Safepoint "RevokeBias", Time since last: 1924300 ns, Reaching safepoint: 89000 ns, At safepoint: 52400 ns, Total: 141400 ns
[2020-04-26T16:13:19.019+0000][1][safepoint    ] Safepoint "RevokeBias", Time since last: 15574300 ns, Reaching safepoint: 319700 ns, At safepoint: 88500 ns, Total: 408200 ns
[2020-04-26T16:13:19.020+0000][1][safepoint    ] Safepoint "RevokeBias", Time since last: 782300 ns, Reaching safepoint: 99000 ns, At safepoint: 39400 ns, Total: 138400 ns
[2020-04-26T16:13:19.021+0000][1][safepoint    ] Safepoint "RevokeBias", Time since last: 723400 ns, Reaching safepoint: 91500 ns, At safepoint: 50600 ns, Total: 142100 ns
[2020-04-26T16:13:19.027+0000][1][safepoint    ] Safepoint "RevokeBias", Time since last: 6239200 ns, Reaching safepoint: 105400 ns, At safepoint: 39000 ns, Total: 144400 ns
[2020-04-26T16:13:19.028+0000][1][safepoint    ] Safepoint "RevokeBias", Time since last: 817300 ns, Reaching safepoint: 80700 ns, At safepoint: 46300 ns, Total: 127000 ns
[2020-04-26T16:13:19.030+0000][1][safepoint    ] Safepoint "RevokeBias", Time since last: 1004400 ns, Reaching safepoint: 64500 ns, At safepoint: 47200 ns, Total: 111700 ns
[2020-04-26T16:13:19.030+0000][1][safepoint    ] Safepoint "RevokeBias", Time since last: 670600 ns, Reaching safepoint: 60500 ns, At safepoint: 30200 ns, Total: 90700 ns
[2020-04-26T16:13:19.858+0000][1][safepoint    ] Safepoint "RevokeBias", Time since last: 827671300 ns, Reaching safepoint: 157800 ns, At safepoint: 66100 ns, Total: 223900 ns
[2020-04-26T16:13:19.859+0000][1][safepoint    ] Safepoint "RevokeBias", Time since last: 250700 ns, Reaching safepoint: 96600 ns, At safepoint: 56300 ns, Total: 152900 ns
[2020-04-26T16:13:19.863+0000][1][safepoint    ] Safepoint "RevokeBias", Time since last: 3795000 ns, Reaching safepoint: 114100 ns, At safepoint: 56700 ns, Total: 170800 ns
[2020-04-26T16:13:19.863+0000][1][safepoint    ] Safepoint "RevokeBias", Time since last: 240800 ns, Reaching safepoint: 93300 ns, At safepoint: 56300 ns, Total: 149600 ns
[2020-04-26T16:13:19.865+0000][1][gc,start     ] GC(18) Pause Young (Allocation Failure)
[2020-04-26T16:13:19.865+0000][1][gc,task      ] GC(18) Using 10 workers of 10 for evacuation
[2020-04-26T16:13:19.870+0000][1][gc,age       ] GC(18) Desired survivor size 8945664 bytes, new threshold 6 (max threshold 6)
[2020-04-26T16:13:19.870+0000][1][gc,age       ] GC(18) Age table with threshold 6 (max threshold 6)
[2020-04-26T16:13:19.870+0000][1][gc,age       ] GC(18) - age   1:    4933720 bytes,    4933720 total
[2020-04-26T16:13:19.870+0000][1][gc,heap      ] GC(18) ParNew: 139776K->6658K(157248K)
[2020-04-26T16:13:19.870+0000][1][gc,heap      ] GC(18) CMS: 76886K->76886K(349568K)
[2020-04-26T16:13:19.870+0000][1][gc,metaspace ] GC(18) Metaspace: 89905K->89905K(1132544K)
[2020-04-26T16:13:19.870+0000][1][gc           ] GC(18) Pause Young (Allocation Failure) 211M->81M(494M) 5.195ms
[2020-04-26T16:13:19.870+0000][1][gc,cpu       ] GC(18) User=0.03s Sys=0.00s Real=0.00s
[2020-04-26T16:13:19.870+0000][1][safepoint    ] Safepoint "GenCollectForAllocation", Time since last: 1924700 ns, Reaching safepoint: 209900 ns, At safepoint: 5352000 ns, Total: 5561900 ns
[2020-04-26T16:13:19.879+0000][1][safepoint    ] Safepoint "RevokeBias", Time since last: 8450100 ns, Reaching safepoint: 131200 ns, At safepoint: 94900 ns, Total: 226100 ns
[2020-04-26T16:13:19.880+0000][1][safepoint    ] Safepoint "RevokeBias", Time since last: 460300 ns, Reaching safepoint: 119500 ns, At safepoint: 68300 ns, Total: 187800 ns
[2020-04-26T16:13:19.880+0000][1][safepoint    ] Safepoint "RevokeBias", Time since last: 287500 ns, Reaching safepoint: 85100 ns, At safepoint: 68700 ns, Total: 153800 ns
[2020-04-26T16:13:19.881+0000][1][safepoint    ] Safepoint "RevokeBias", Time since last: 230500 ns, Reaching safepoint: 185700 ns, At safepoint: 89700 ns, Total: 275400 ns
[2020-04-26T16:13:19.882+0000][1][safepoint    ] Safepoint "Deoptimize", Time since last: 621600 ns, Reaching safepoint: 89900 ns, At safepoint: 678300 ns, Total: 768200 ns
[2020-04-26T16:13:19.886+0000][1][safepoint    ] Safepoint "RevokeBias", Time since last: 3391900 ns, Reaching safepoint: 82900 ns, At safepoint: 50200 ns, Total: 133100 ns
[2020-04-26T16:13:19.886+0000][1][safepoint    ] Safepoint "RevokeBias", Time since last: 251100 ns, Reaching safepoint: 67100 ns, At safepoint: 29800 ns, Total: 96900 ns
[2020-04-26T16:13:19.893+0000][1][safepoint    ] Safepoint "RevokeBias", Time since last: 6953500 ns, Reaching safepoint: 188400 ns, At safepoint: 64100 ns, Total: 252500 ns
[2020-04-26T16:13:19.894+0000][1][safepoint    ] Safepoint "RevokeBias", Time since last: 628300 ns, Reaching safepoint: 65400 ns, At safepoint: 30000 ns, Total: 95400 ns
[2020-04-26T16:13:19.897+0000][1][safepoint    ] Safepoint "RevokeBias", Time since last: 3402100 ns, Reaching safepoint: 85400 ns, At safepoint: 78300 ns, Total: 163700 ns
[2020-04-26T16:13:19.898+0000][1][safepoint    ] Safepoint "RevokeBias", Time since last: 352900 ns, Reaching safepoint: 67700 ns, At safepoint: 32400 ns, Total: 100100 ns
[2020-04-26T16:13:19.899+0000][1][safepoint    ] Safepoint "RevokeBias", Time since last: 656000 ns, Reaching safepoint: 63400 ns, At safepoint: 59500 ns, Total: 122900 ns
[2020-04-26T16:13:19.901+0000][1][safepoint    ] Safepoint "RevokeBias", Time since last: 1872900 ns, Reaching safepoint: 70600 ns, At safepoint: 37100 ns, Total: 107700 ns
[2020-04-26T16:13:19.902+0000][1][safepoint    ] Safepoint "RevokeBias", Time since last: 797900 ns, Reaching safepoint: 157400 ns, At safepoint: 46600 ns, Total: 204000 ns
[2020-04-26T16:13:19.902+0000][1][safepoint    ] Safepoint "RevokeBias", Time since last: 401300 ns, Reaching safepoint: 217500 ns, At safepoint: 47300 ns, Total: 264800 ns
[2020-04-26T16:13:19.905+0000][1][safepoint    ] Safepoint "RevokeBias", Time since last: 2415400 ns, Reaching safepoint: 100400 ns, At safepoint: 47700 ns, Total: 148100 ns
[2020-04-26T16:13:19.905+0000][1][safepoint    ] Safepoint "RevokeBias", Time since last: 131800 ns, Reaching safepoint: 66400 ns, At safepoint: 46100 ns, Total: 112500 ns
[2020-04-26T16:13:19.905+0000][1][safepoint    ] Safepoint "RevokeBias", Time since last: 175000 ns, Reaching safepoint: 98000 ns, At safepoint: 43900 ns, Total: 141900 ns
[2020-04-26T16:13:19.906+0000][1][safepoint    ] Safepoint "RevokeBias", Time since last: 119700 ns, Reaching safepoint: 56300 ns, At safepoint: 41900 ns, Total: 98200 ns
[2020-04-26T16:13:19.906+0000][1][safepoint    ] Safepoint "RevokeBias", Time since last: 155200 ns, Reaching safepoint: 56100 ns, At safepoint: 42500 ns, Total: 98600 ns
[2020-04-26T16:13:19.906+0000][1][safepoint    ] Safepoint "RevokeBias", Time since last: 112000 ns, Reaching safepoint: 113900 ns, At safepoint: 42400 ns, Total: 156300 ns
[2020-04-26T16:13:19.906+0000][1][safepoint    ] Safepoint "RevokeBias", Time since last: 159300 ns, Reaching safepoint: 92900 ns, At safepoint: 42200 ns, Total: 135100 ns
[2020-04-26T16:13:19.907+0000][1][safepoint    ] Safepoint "RevokeBias", Time since last: 157700 ns, Reaching safepoint: 56500 ns, At safepoint: 28700 ns, Total: 85200 ns
[2020-04-26T16:13:19.907+0000][1][safepoint    ] Safepoint "RevokeBias", Time since last: 230300 ns, Reaching safepoint: 57400 ns, At safepoint: 30400 ns, Total: 87800 ns
[2020-04-26T16:13:19.921+0000][1][safepoint    ] Safepoint "RevokeBias", Time since last: 13666300 ns, Reaching safepoint: 128000 ns, At safepoint: 36700 ns, Total: 164700 ns
[2020-04-26T16:13:19.921+0000][1][safepoint    ] Safepoint "RevokeBias", Time since last: 139500 ns, Reaching safepoint: 68900 ns, At safepoint: 57400 ns, Total: 126300 ns
[2020-04-26T16:13:19.936+0000][1][safepoint    ] Safepoint "RevokeBias", Time since last: 14917800 ns, Reaching safepoint: 124000 ns, At safepoint: 51800 ns, Total: 175800 ns
[2020-04-26T16:13:19.938+0000][1][safepoint    ] Safepoint "RevokeBias", Time since last: 1180600 ns, Reaching safepoint: 82700 ns, At safepoint: 32000 ns, Total: 114700 ns
[2020-04-26T16:13:19.938+0000][1][safepoint    ] Safepoint "BulkRevokeBias", Time since last: 121500 ns, Reaching safepoint: 59500 ns, At safepoint: 445000 ns, Total: 504500 ns
[2020-04-26T16:13:19.942+0000][1][safepoint    ] Safepoint "RevokeBias", Time since last: 3743900 ns, Reaching safepoint: 110800 ns, At safepoint: 39000 ns, Total: 149800 ns
[2020-04-26T16:13:19.950+0000][1][safepoint    ] Safepoint "RevokeBias", Time since last: 7330800 ns, Reaching safepoint: 108800 ns, At safepoint: 53600 ns, Total: 162400 ns
[2020-04-26T16:13:19.964+0000][1][safepoint    ] Safepoint "RevokeBias", Time since last: 14732900 ns, Reaching safepoint: 114700 ns, At safepoint: 52000 ns, Total: 166700 ns
[2020-04-26T16:13:19.982+0000][1][safepoint    ] Safepoint "RevokeBias", Time since last: 17165200 ns, Reaching safepoint: 113200 ns, At safepoint: 39700 ns, Total: 152900 ns
[2020-04-26T16:13:19.987+0000][1][safepoint    ] Safepoint "RevokeBias", Time since last: 5305300 ns, Reaching safepoint: 113800 ns, At safepoint: 34900 ns, Total: 148700 ns
[2020-04-26T16:13:19.988+0000][1][safepoint    ] Safepoint "RevokeBias", Time since last: 176300 ns, Reaching safepoint: 74500 ns, At safepoint: 32900 ns, Total: 107400 ns
[2020-04-26T16:13:20.989+0000][1][safepoint    ] Safepoint "Cleanup", Time since last: 1000588300 ns, Reaching safepoint: 306400 ns, At safepoint: 96100 ns, Total: 402500 ns
[2020-04-26T16:13:21.990+0000][1][safepoint    ] Safepoint "Cleanup", Time since last: 1000307600 ns, Reaching safepoint: 713400 ns, At safepoint: 413300 ns, Total: 1126700 ns
[2020-04-26T16:13:22.785+0000][1][safepoint    ] Safepoint "RevokeBias", Time since last: 795117600 ns, Reaching safepoint: 190900 ns, At safepoint: 99300 ns, Total: 290200 ns
[2020-04-26T16:13:22.787+0000][1][safepoint    ] Safepoint "RevokeBias", Time since last: 1647300 ns, Reaching safepoint: 267800 ns, At safepoint: 143500 ns, Total: 411300 ns
[2020-04-26T16:13:22.788+0000][1][safepoint    ] Safepoint "RevokeBias", Time since last: 310300 ns, Reaching safepoint: 243000 ns, At safepoint: 101600 ns, Total: 344600 ns
[2020-04-26T16:13:22.824+0000][1][safepoint    ] Safepoint "RevokeBias", Time since last: 35993900 ns, Reaching safepoint: 116600 ns, At safepoint: 42300 ns, Total: 158900 ns
[2020-04-26T16:13:22.825+0000][1][safepoint    ] Safepoint "RevokeBias", Time since last: 206700 ns, Reaching safepoint: 94200 ns, At safepoint: 60400 ns, Total: 154600 ns
[2020-04-26T16:13:22.843+0000][1][safepoint    ] Safepoint "RevokeBias", Time since last: 17665000 ns, Reaching safepoint: 280600 ns, At safepoint: 39900 ns, Total: 320500 ns
[2020-04-26T16:13:22.897+0000][1][safepoint    ] Safepoint "RevokeBias", Time since last: 54356000 ns, Reaching safepoint: 164700 ns, At safepoint: 72600 ns, Total: 237300 ns
[2020-04-26T16:13:22.898+0000][1][safepoint    ] Safepoint "RevokeBias", Time since last: 322300 ns, Reaching safepoint: 154300 ns, At safepoint: 72800 ns, Total: 227100 ns
[2020-04-26T16:13:23.221+0000][1][safepoint    ] Safepoint "RevokeBias", Time since last: 322752900 ns, Reaching safepoint: 745300 ns, At safepoint: 180600 ns, Total: 925900 ns
[2020-04-26T16:13:23.223+0000][1][safepoint    ] Safepoint "RevokeBias", Time since last: 918900 ns, Reaching safepoint: 538800 ns, At safepoint: 275100 ns, Total: 813900 ns
[2020-04-26T16:13:23.234+0000][1][safepoint    ] Safepoint "RevokeBias", Time since last: 10755600 ns, Reaching safepoint: 320200 ns, At safepoint: 131000 ns, Total: 451200 ns
[2020-04-26T16:13:24.236+0000][1][safepoint    ] Safepoint "Cleanup", Time since last: 1000611000 ns, Reaching safepoint: 452200 ns, At safepoint: 137500 ns, Total: 589700 ns
[2020-04-26T16:13:25.236+0000][1][safepoint    ] Safepoint "Cleanup", Time since last: 1000284400 ns, Reaching safepoint: 134800 ns, At safepoint: 39100 ns, Total: 173900 ns
[2020-04-26T16:13:26.237+0000][1][safepoint    ] Safepoint "Cleanup", Time since last: 1000380600 ns, Reaching safepoint: 206500 ns, At safepoint: 68200 ns, Total: 274700 ns
[2020-04-26T16:13:27.237+0000][1][safepoint    ] Safepoint "Cleanup", Time since last: 1000202200 ns, Reaching safepoint: 134000 ns, At safepoint: 30500 ns, Total: 164500 ns
[2020-04-26T16:13:28.238+0000][1][safepoint    ] Safepoint "Cleanup", Time since last: 1000490100 ns, Reaching safepoint: 451200 ns, At safepoint: 130200 ns, Total: 581400 ns
[2020-04-26T16:13:28.918+0000][1][safepoint    ] Safepoint "RevokeBias", Time since last: 679387000 ns, Reaching safepoint: 110600 ns, At safepoint: 51500 ns, Total: 162100 ns
[2020-04-26T16:13:29.919+0000][1][safepoint    ] Safepoint "Cleanup", Time since last: 1000620700 ns, Reaching safepoint: 410300 ns, At safepoint: 210800 ns, Total: 621100 ns
[2020-04-26T16:13:30.920+0000][1][safepoint    ] Safepoint "Cleanup", Time since last: 1000396400 ns, Reaching safepoint: 446800 ns, At safepoint: 124300 ns, Total: 571100 ns
[2020-04-26T16:13:31.921+0000][1][safepoint    ] Safepoint "Cleanup", Time since last: 1000364300 ns, Reaching safepoint: 601200 ns, At safepoint: 122300 ns, Total: 723500 ns
[2020-04-26T16:13:32.923+0000][1][safepoint    ] Safepoint "Cleanup", Time since last: 1000529800 ns, Reaching safepoint: 718800 ns, At safepoint: 483800 ns, Total: 1202600 ns
[2020-04-26T16:13:33.923+0000][1][safepoint    ] Safepoint "Cleanup", Time since last: 1000207600 ns, Reaching safepoint: 143500 ns, At safepoint: 78000 ns, Total: 221500 ns
[2020-04-26T16:13:34.924+0000][1][safepoint    ] Safepoint "Cleanup", Time since last: 1000494800 ns, Reaching safepoint: 136500 ns, At safepoint: 33600 ns, Total: 170100 ns
[2020-04-26T16:13:35.925+0000][1][safepoint    ] Safepoint "Cleanup", Time since last: 1000336500 ns, Reaching safepoint: 494500 ns, At safepoint: 241800 ns, Total: 736300 ns
[2020-04-26T16:13:36.926+0000][1][safepoint    ] Safepoint "Cleanup", Time since last: 1000322800 ns, Reaching safepoint: 543100 ns, At safepoint: 116900 ns, Total: 660000 ns
[2020-04-26T16:13:37.927+0000][1][safepoint    ] Safepoint "Cleanup", Time since last: 1000391300 ns, Reaching safepoint: 367400 ns, At safepoint: 120700 ns, Total: 488100 ns
[2020-04-26T16:13:38.924+0000][1][safepoint    ] Safepoint "RevokeBias", Time since last: 997171200 ns, Reaching safepoint: 275900 ns, At safepoint: 171500 ns, Total: 447400 ns
[2020-04-26T16:13:39.925+0000][1][safepoint    ] Safepoint "Cleanup", Time since last: 1000628400 ns, Reaching safepoint: 433100 ns, At safepoint: 128300 ns, Total: 561400 ns
[2020-04-26T16:13:40.926+0000][1][safepoint    ] Safepoint "Cleanup", Time since last: 1000266900 ns, Reaching safepoint: 402800 ns, At safepoint: 212400 ns, Total: 615200 ns
[2020-04-26T16:13:41.928+0000][1][safepoint    ] Safepoint "Cleanup", Time since last: 1000695200 ns, Reaching safepoint: 402800 ns, At safepoint: 206600 ns, Total: 609400 ns
[2020-04-26T16:13:42.929+0000][1][safepoint    ] Safepoint "Cleanup", Time since last: 1000736800 ns, Reaching safepoint: 452100 ns, At safepoint: 205700 ns, Total: 657800 ns
[2020-04-26T16:13:43.930+0000][1][safepoint    ] Safepoint "Cleanup", Time since last: 1000624500 ns, Reaching safepoint: 121600 ns, At safepoint: 48000 ns, Total: 169600 ns
[2020-04-26T16:13:44.931+0000][1][safepoint    ] Safepoint "Cleanup", Time since last: 1000444600 ns, Reaching safepoint: 220200 ns, At safepoint: 98000 ns, Total: 318200 ns
[2020-04-26T16:13:45.931+0000][1][safepoint    ] Safepoint "Cleanup", Time since last: 1000461100 ns, Reaching safepoint: 271300 ns, At safepoint: 71300 ns, Total: 342600 ns
[2020-04-26T16:13:46.932+0000][1][safepoint    ] Safepoint "Cleanup", Time since last: 1000157500 ns, Reaching safepoint: 124600 ns, At safepoint: 50000 ns, Total: 174600 ns
[2020-04-26T16:13:47.933+0000][1][safepoint    ] Safepoint "Cleanup", Time since last: 1000451100 ns, Reaching safepoint: 720400 ns, At safepoint: 240800 ns, Total: 961200 ns
[2020-04-26T16:13:48.934+0000][1][safepoint    ] Safepoint "Cleanup", Time since last: 1000266600 ns, Reaching safepoint: 117800 ns, At safepoint: 27800 ns, Total: 145600 ns
[2020-04-26T16:13:49.934+0000][1][safepoint    ] Safepoint "Cleanup", Time since last: 1000429500 ns, Reaching safepoint: 286500 ns, At safepoint: 61400 ns, Total: 347900 ns
[2020-04-26T16:13:50.935+0000][1][safepoint    ] Safepoint "Cleanup", Time since last: 1000588100 ns, Reaching safepoint: 241900 ns, At safepoint: 52500 ns, Total: 294400 ns
[2020-04-26T16:13:51.936+0000][1][safepoint    ] Safepoint "Cleanup", Time since last: 1000522800 ns, Reaching safepoint: 133900 ns, At safepoint: 56100 ns, Total: 190000 ns
[2020-04-26T16:13:52.937+0000][1][safepoint    ] Safepoint "Cleanup", Time since last: 1000265600 ns, Reaching safepoint: 415900 ns, At safepoint: 210700 ns, Total: 626600 ns
[2020-04-26T16:13:53.938+0000][1][safepoint    ] Safepoint "Cleanup", Time since last: 1000566800 ns, Reaching safepoint: 138300 ns, At safepoint: 53000 ns, Total: 191300 ns
[2020-04-26T16:13:54.938+0000][1][safepoint    ] Safepoint "Cleanup", Time since last: 1000456500 ns, Reaching safepoint: 126400 ns, At safepoint: 49300 ns, Total: 175700 ns
[2020-04-26T16:13:55.939+0000][1][safepoint    ] Safepoint "Cleanup", Time since last: 1000510500 ns, Reaching safepoint: 509300 ns, At safepoint: 199000 ns, Total: 708300 ns
[2020-04-26T16:13:56.941+0000][1][safepoint    ] Safepoint "Cleanup", Time since last: 1000463000 ns, Reaching safepoint: 406500 ns, At safepoint: 203900 ns, Total: 610400 ns
[2020-04-26T16:13:57.942+0000][1][safepoint    ] Safepoint "Cleanup", Time since last: 1000611200 ns, Reaching safepoint: 416500 ns, At safepoint: 205800 ns, Total: 622300 ns
[2020-04-26T16:13:58.943+0000][1][safepoint    ] Safepoint "Cleanup", Time since last: 1000724600 ns, Reaching safepoint: 206100 ns, At safepoint: 43700 ns, Total: 249800 ns
[2020-04-26T16:13:59.943+0000][1][safepoint    ] Safepoint "Cleanup", Time since last: 1000147200 ns, Reaching safepoint: 139300 ns, At safepoint: 55900 ns, Total: 195200 ns
[2020-04-26T16:14:00.944+0000][1][safepoint    ] Safepoint "Cleanup", Time since last: 1000199700 ns, Reaching safepoint: 297600 ns, At safepoint: 42800 ns, Total: 340400 ns
[2020-04-26T16:14:01.945+0000][1][safepoint    ] Safepoint "Cleanup", Time since last: 1000562300 ns, Reaching safepoint: 400800 ns, At safepoint: 206100 ns, Total: 606900 ns
[2020-04-26T16:14:02.946+0000][1][safepoint    ] Safepoint "Cleanup", Time since last: 1000404400 ns, Reaching safepoint: 414000 ns, At safepoint: 137400 ns, Total: 551400 ns
[2020-04-26T16:14:03.946+0000][1][safepoint    ] Safepoint "Cleanup", Time since last: 1000162800 ns, Reaching safepoint: 119600 ns, At safepoint: 27900 ns, Total: 147500 ns
[2020-04-26T16:14:04.947+0000][1][safepoint    ] Safepoint "Cleanup", Time since last: 1000698700 ns, Reaching safepoint: 397000 ns, At safepoint: 203800 ns, Total: 600800 ns
[2020-04-26T16:14:05.948+0000][1][safepoint    ] Safepoint "Cleanup", Time since last: 1000336200 ns, Reaching safepoint: 562400 ns, At safepoint: 210100 ns, Total: 772500 ns
[2020-04-26T16:14:06.949+0000][1][safepoint    ] Safepoint "Cleanup", Time since last: 1000312200 ns, Reaching safepoint: 396900 ns, At safepoint: 130500 ns, Total: 527400 ns
[2020-04-26T16:14:07.951+0000][1][safepoint    ] Safepoint "Cleanup", Time since last: 1000389400 ns, Reaching safepoint: 406300 ns, At safepoint: 392200 ns, Total: 798500 ns
[2020-04-26T16:14:08.951+0000][1][safepoint    ] Safepoint "Cleanup", Time since last: 1000315600 ns, Reaching safepoint: 168400 ns, At safepoint: 63100 ns, Total: 231500 ns
[2020-04-26T16:14:09.952+0000][1][safepoint    ] Safepoint "Cleanup", Time since last: 1000369600 ns, Reaching safepoint: 444200 ns, At safepoint: 201300 ns, Total: 645500 ns
[2020-04-26T16:14:10.953+0000][1][safepoint    ] Safepoint "Cleanup", Time since last: 1000392100 ns, Reaching safepoint: 479600 ns, At safepoint: 217600 ns, Total: 697200 ns
[2020-04-26T16:14:11.954+0000][1][safepoint    ] Safepoint "Cleanup", Time since last: 1000295700 ns, Reaching safepoint: 303400 ns, At safepoint: 137800 ns, Total: 441200 ns
[2020-04-26T16:14:12.955+0000][1][safepoint    ] Safepoint "Cleanup", Time since last: 1000298500 ns, Reaching safepoint: 324900 ns, At safepoint: 148500 ns, Total: 473400 ns
[2020-04-26T16:14:13.956+0000][1][safepoint    ] Safepoint "Cleanup", Time since last: 1000510900 ns, Reaching safepoint: 289900 ns, At safepoint: 74200 ns, Total: 364100 ns
[2020-04-26T16:14:14.956+0000][1][safepoint    ] Safepoint "Cleanup", Time since last: 1000187000 ns, Reaching safepoint: 168100 ns, At safepoint: 53300 ns, Total: 221400 ns
[2020-04-26T16:14:15.956+0000][1][safepoint    ] Safepoint "Cleanup", Time since last: 1000193700 ns, Reaching safepoint: 188600 ns, At safepoint: 102000 ns, Total: 290600 ns
[2020-04-26T16:14:16.958+0000][1][safepoint    ] Safepoint "Cleanup", Time since last: 1000627500 ns, Reaching safepoint: 616700 ns, At safepoint: 317600 ns, Total: 934300 ns
[2020-04-26T16:14:17.959+0000][1][safepoint    ] Safepoint "Cleanup", Time since last: 1000369900 ns, Reaching safepoint: 118100 ns, At safepoint: 41100 ns, Total: 159200 ns
[2020-04-26T16:14:18.959+0000][1][safepoint    ] Safepoint "Cleanup", Time since last: 1000141000 ns, Reaching safepoint: 113400 ns, At safepoint: 41000 ns, Total: 154400 ns
[2020-04-26T16:14:19.960+0000][1][safepoint    ] Safepoint "Cleanup", Time since last: 1000537800 ns, Reaching safepoint: 400900 ns, At safepoint: 205600 ns, Total: 606500 ns
[2020-04-26T16:14:20.961+0000][1][safepoint    ] Safepoint "Cleanup", Time since last: 1000568800 ns, Reaching safepoint: 431600 ns, At safepoint: 205400 ns, Total: 637000 ns
[2020-04-26T16:14:21.962+0000][1][safepoint    ] Safepoint "Cleanup", Time since last: 1000618000 ns, Reaching safepoint: 253900 ns, At safepoint: 125400 ns, Total: 379300 ns
[2020-04-26T16:14:22.963+0000][1][safepoint    ] Safepoint "Cleanup", Time since last: 1000249000 ns, Reaching safepoint: 147100 ns, At safepoint: 32300 ns, Total: 179400 ns
[2020-04-26T16:14:23.963+0000][1][safepoint    ] Safepoint "Cleanup", Time since last: 1000144700 ns, Reaching safepoint: 202600 ns, At safepoint: 45600 ns, Total: 248200 ns
[2020-04-26T16:14:24.964+0000][1][safepoint    ] Safepoint "Cleanup", Time since last: 1000236600 ns, Reaching safepoint: 239000 ns, At safepoint: 108700 ns, Total: 347700 ns
[2020-04-26T16:14:25.965+0000][1][safepoint    ] Safepoint "Cleanup", Time since last: 1000339800 ns, Reaching safepoint: 398000 ns, At safepoint: 205000 ns, Total: 603000 ns
[2020-04-26T16:14:26.965+0000][1][safepoint    ] Safepoint "Cleanup", Time since last: 1000501200 ns, Reaching safepoint: 205100 ns, At safepoint: 95200 ns, Total: 300300 ns
[2020-04-26T16:14:27.966+0000][1][safepoint    ] Safepoint "Cleanup", Time since last: 1000159100 ns, Reaching safepoint: 145600 ns, At safepoint: 46400 ns, Total: 192000 ns
[2020-04-26T16:14:28.967+0000][1][safepoint    ] Safepoint "Cleanup", Time since last: 1000550000 ns, Reaching safepoint: 289500 ns, At safepoint: 51900 ns, Total: 341400 ns
[2020-04-26T16:14:29.967+0000][1][safepoint    ] Safepoint "Cleanup", Time since last: 1000277800 ns, Reaching safepoint: 314000 ns, At safepoint: 146900 ns, Total: 460900 ns
[2020-04-26T16:14:30.968+0000][1][safepoint    ] Safepoint "Cleanup", Time since last: 1000328400 ns, Reaching safepoint: 362800 ns, At safepoint: 82700 ns, Total: 445500 ns
[2020-04-26T16:14:31.969+0000][1][safepoint    ] Safepoint "Cleanup", Time since last: 1000293300 ns, Reaching safepoint: 118900 ns, At safepoint: 30000 ns, Total: 148900 ns
[2020-04-26T16:14:32.969+0000][1][safepoint    ] Safepoint "Cleanup", Time since last: 1000307400 ns, Reaching safepoint: 379500 ns, At safepoint: 110200 ns, Total: 489700 ns
[2020-04-26T16:14:33.970+0000][1][safepoint    ] Safepoint "Cleanup", Time since last: 1000237400 ns, Reaching safepoint: 196700 ns, At safepoint: 53100 ns, Total: 249800 ns
[2020-04-26T16:14:34.970+0000][1][safepoint    ] Safepoint "Cleanup", Time since last: 1000192500 ns, Reaching safepoint: 166600 ns, At safepoint: 43300 ns, Total: 209900 ns
[2020-04-26T16:14:35.971+0000][1][safepoint    ] Safepoint "Cleanup", Time since last: 1000224300 ns, Reaching safepoint: 153800 ns, At safepoint: 57700 ns, Total: 211500 ns
[2020-04-26T16:14:36.971+0000][1][safepoint    ] Safepoint "Cleanup", Time since last: 1000251900 ns, Reaching safepoint: 141200 ns, At safepoint: 43600 ns, Total: 184800 ns
[2020-04-26T16:14:37.972+0000][1][safepoint    ] Safepoint "Cleanup", Time since last: 1000600500 ns, Reaching safepoint: 426700 ns, At safepoint: 208800 ns, Total: 635500 ns
[2020-04-26T16:14:38.973+0000][1][safepoint    ] Safepoint "Cleanup", Time since last: 1000392300 ns, Reaching safepoint: 168000 ns, At safepoint: 37200 ns, Total: 205200 ns
[2020-04-26T16:14:39.974+0000][1][safepoint    ] Safepoint "Cleanup", Time since last: 1000630200 ns, Reaching safepoint: 238600 ns, At safepoint: 54400 ns, Total: 293000 ns
[2020-04-26T16:14:40.974+0000][1][safepoint    ] Safepoint "Cleanup", Time since last: 1000211700 ns, Reaching safepoint: 117200 ns, At safepoint: 41700 ns, Total: 158900 ns
[2020-04-26T16:14:41.975+0000][1][safepoint    ] Safepoint "Cleanup", Time since last: 1000523600 ns, Reaching safepoint: 419300 ns, At safepoint: 205300 ns, Total: 624600 ns
[2020-04-26T16:14:42.977+0000][1][safepoint    ] Safepoint "Cleanup", Time since last: 1000627400 ns, Reaching safepoint: 388500 ns, At safepoint: 206400 ns, Total: 594900 ns
[2020-04-26T16:14:43.977+0000][1][safepoint    ] Safepoint "Cleanup", Time since last: 1000406900 ns, Reaching safepoint: 143900 ns, At safepoint: 30600 ns, Total: 174500 ns
[2020-04-26T16:14:44.978+0000][1][safepoint    ] Safepoint "Cleanup", Time since last: 1000390900 ns, Reaching safepoint: 440200 ns, At safepoint: 206300 ns, Total: 646500 ns
[2020-04-26T16:14:45.979+0000][1][safepoint    ] Safepoint "Cleanup", Time since last: 1000198500 ns, Reaching safepoint: 119700 ns, At safepoint: 26800 ns, Total: 146500 ns
[2020-04-26T16:14:46.980+0000][1][safepoint    ] Safepoint "Cleanup", Time since last: 1000561600 ns, Reaching safepoint: 426800 ns, At safepoint: 218400 ns, Total: 645200 ns
[2020-04-26T16:14:47.980+0000][1][safepoint    ] Safepoint "Cleanup", Time since last: 1000269200 ns, Reaching safepoint: 280700 ns, At safepoint: 74900 ns, Total: 355600 ns
[2020-04-26T16:14:48.981+0000][1][safepoint    ] Safepoint "Cleanup", Time since last: 1000518200 ns, Reaching safepoint: 135600 ns, At safepoint: 50100 ns, Total: 185700 ns
[2020-04-26T16:14:49.981+0000][1][safepoint    ] Safepoint "Cleanup", Time since last: 1000194600 ns, Reaching safepoint: 123600 ns, At safepoint: 31500 ns, Total: 155100 ns
[2020-04-26T16:14:50.983+0000][1][safepoint    ] Safepoint "Cleanup", Time since last: 1000506500 ns, Reaching safepoint: 421400 ns, At safepoint: 284600 ns, Total: 706000 ns
[2020-04-26T16:14:51.983+0000][1][safepoint    ] Safepoint "Cleanup", Time since last: 1000411700 ns, Reaching safepoint: 197600 ns, At safepoint: 45600 ns, Total: 243200 ns
[2020-04-26T16:14:52.984+0000][1][safepoint    ] Safepoint "Cleanup", Time since last: 1000471400 ns, Reaching safepoint: 252400 ns, At safepoint: 61900 ns, Total: 314300 ns
[2020-04-26T16:14:53.985+0000][1][safepoint    ] Safepoint "Cleanup", Time since last: 1000317500 ns, Reaching safepoint: 177700 ns, At safepoint: 47600 ns, Total: 225300 ns
[2020-04-26T16:14:54.986+0000][1][safepoint    ] Safepoint "Cleanup", Time since last: 1000308300 ns, Reaching safepoint: 621700 ns, At safepoint: 281100 ns, Total: 902800 ns
[2020-04-26T16:14:55.987+0000][1][safepoint    ] Safepoint "Cleanup", Time since last: 1000718300 ns, Reaching safepoint: 498700 ns, At safepoint: 206000 ns, Total: 704700 ns
[2020-04-26T16:14:56.988+0000][1][safepoint    ] Safepoint "Cleanup", Time since last: 1000345700 ns, Reaching safepoint: 401900 ns, At safepoint: 130700 ns, Total: 532600 ns
[2020-04-26T16:14:57.989+0000][1][safepoint    ] Safepoint "Cleanup", Time since last: 1000394600 ns, Reaching safepoint: 465200 ns, At safepoint: 205800 ns, Total: 671000 ns
[2020-04-26T16:14:58.990+0000][1][safepoint    ] Safepoint "Cleanup", Time since last: 1000358600 ns, Reaching safepoint: 211600 ns, At safepoint: 45000 ns, Total: 256600 ns
[2020-04-26T16:14:59.990+0000][1][safepoint    ] Safepoint "Cleanup", Time since last: 1000260400 ns, Reaching safepoint: 206000 ns, At safepoint: 79400 ns, Total: 285400 ns
[2020-04-26T16:15:00.991+0000][1][safepoint    ] Safepoint "Cleanup", Time since last: 1000205100 ns, Reaching safepoint: 125100 ns, At safepoint: 45500 ns, Total: 170600 ns
[2020-04-26T16:15:01.991+0000][1][safepoint    ] Safepoint "Cleanup", Time since last: 1000189700 ns, Reaching safepoint: 206500 ns, At safepoint: 43100 ns, Total: 249600 ns
[2020-04-26T16:15:02.992+0000][1][safepoint    ] Safepoint "Cleanup", Time since last: 1000189800 ns, Reaching safepoint: 135100 ns, At safepoint: 42400 ns, Total: 177500 ns
[2020-04-26T16:15:03.992+0000][1][safepoint    ] Safepoint "Cleanup", Time since last: 1000159200 ns, Reaching safepoint: 135900 ns, At safepoint: 40800 ns, Total: 176700 ns
[2020-04-26T16:15:04.992+0000][1][safepoint    ] Safepoint "Cleanup", Time since last: 1000195400 ns, Reaching safepoint: 141600 ns, At safepoint: 45900 ns, Total: 187500 ns
[2020-04-26T16:15:05.993+0000][1][safepoint    ] Safepoint "Cleanup", Time since last: 1000160700 ns, Reaching safepoint: 139600 ns, At safepoint: 43500 ns, Total: 183100 ns
[2020-04-26T16:15:06.993+0000][1][safepoint    ] Safepoint "Cleanup", Time since last: 1000185100 ns, Reaching safepoint: 121500 ns, At safepoint: 56000 ns, Total: 177500 ns
[2020-04-26T16:15:07.993+0000][1][safepoint    ] Safepoint "Cleanup", Time since last: 1000212400 ns, Reaching safepoint: 177400 ns, At safepoint: 81500 ns, Total: 258900 ns
[2020-04-26T16:15:08.994+0000][1][safepoint    ] Safepoint "Cleanup", Time since last: 1000184100 ns, Reaching safepoint: 140200 ns, At safepoint: 43100 ns, Total: 183300 ns
[2020-04-26T16:15:09.995+0000][1][safepoint    ] Safepoint "Cleanup", Time since last: 1000305200 ns, Reaching safepoint: 465400 ns, At safepoint: 177900 ns, Total: 643300 ns
[2020-04-26T16:15:10.996+0000][1][safepoint    ] Safepoint "Cleanup", Time since last: 1000409100 ns, Reaching safepoint: 347400 ns, At safepoint: 185800 ns, Total: 533200 ns
[2020-04-26T16:15:11.997+0000][1][safepoint    ] Safepoint "Cleanup", Time since last: 1000604000 ns, Reaching safepoint: 478100 ns, At safepoint: 201200 ns, Total: 679300 ns
[2020-04-26T16:15:12.998+0000][1][safepoint    ] Safepoint "Cleanup", Time since last: 1000449100 ns, Reaching safepoint: 461400 ns, At safepoint: 137300 ns, Total: 598700 ns
[2020-04-26T16:15:13.999+0000][1][safepoint    ] Safepoint "Cleanup", Time since last: 1000619300 ns, Reaching safepoint: 627800 ns, At safepoint: 203300 ns, Total: 831100 ns
[2020-04-26T16:15:15.001+0000][1][safepoint    ] Safepoint "Cleanup", Time since last: 1000596000 ns, Reaching safepoint: 356000 ns, At safepoint: 186000 ns, Total: 542000 ns
[2020-04-26T16:15:16.001+0000][1][safepoint    ] Safepoint "Cleanup", Time since last: 1000403600 ns, Reaching safepoint: 323200 ns, At safepoint: 111400 ns, Total: 434600 ns
[2020-04-26T16:15:17.003+0000][1][safepoint    ] Safepoint "Cleanup", Time since last: 1000748400 ns, Reaching safepoint: 422900 ns, At safepoint: 227600 ns, Total: 650500 ns
[2020-04-26T16:15:18.003+0000][1][safepoint    ] Safepoint "Cleanup", Time since last: 1000286200 ns, Reaching safepoint: 126500 ns, At safepoint: 27200 ns, Total: 153700 ns
[2020-04-26T16:15:19.004+0000][1][safepoint    ] Safepoint "Cleanup", Time since last: 1000163200 ns, Reaching safepoint: 119400 ns, At safepoint: 26400 ns, Total: 145800 ns
[2020-04-26T16:15:20.004+0000][1][safepoint    ] Safepoint "Cleanup", Time since last: 1000345000 ns, Reaching safepoint: 219400 ns, At safepoint: 100600 ns, Total: 320000 ns
[2020-04-26T16:15:21.006+0000][1][safepoint    ] Safepoint "Cleanup", Time since last: 1000687800 ns, Reaching safepoint: 842100 ns, At safepoint: 222600 ns, Total: 1064700 ns
[2020-04-26T16:15:22.007+0000][1][safepoint    ] Safepoint "Cleanup", Time since last: 1000519900 ns, Reaching safepoint: 291300 ns, At safepoint: 48700 ns, Total: 340000 ns
[2020-04-26T16:15:23.008+0000][1][safepoint    ] Safepoint "Cleanup", Time since last: 1000617700 ns, Reaching safepoint: 648800 ns, At safepoint: 285800 ns, Total: 934600 ns
[2020-04-26T16:15:24.009+0000][1][safepoint    ] Safepoint "Cleanup", Time since last: 1000223600 ns, Reaching safepoint: 143500 ns, At safepoint: 32300 ns, Total: 175800 ns
[2020-04-26T16:15:25.010+0000][1][safepoint    ] Safepoint "Cleanup", Time since last: 1000308400 ns, Reaching safepoint: 404800 ns, At safepoint: 211100 ns, Total: 615900 ns
[2020-04-26T16:15:26.011+0000][1][safepoint    ] Safepoint "Cleanup", Time since last: 1000553200 ns, Reaching safepoint: 390800 ns, At safepoint: 206100 ns, Total: 596900 ns
[2020-04-26T16:15:27.012+0000][1][safepoint    ] Safepoint "Cleanup", Time since last: 1000430500 ns, Reaching safepoint: 275800 ns, At safepoint: 58800 ns, Total: 334600 ns
[2020-04-26T16:15:28.013+0000][1][safepoint    ] Safepoint "Cleanup", Time since last: 1000317200 ns, Reaching safepoint: 612400 ns, At safepoint: 232300 ns, Total: 844700 ns
[2020-04-26T16:15:29.014+0000][1][safepoint    ] Safepoint "Cleanup", Time since last: 1000593800 ns, Reaching safepoint: 180500 ns, At safepoint: 44400 ns, Total: 224900 ns
[2020-04-26T16:15:30.014+0000][1][safepoint    ] Safepoint "Cleanup", Time since last: 1000348100 ns, Reaching safepoint: 177400 ns, At safepoint: 47200 ns, Total: 224600 ns
[2020-04-26T16:15:31.015+0000][1][safepoint    ] Safepoint "Cleanup", Time since last: 1000253200 ns, Reaching safepoint: 220600 ns, At safepoint: 102200 ns, Total: 322800 ns
[2020-04-26T16:15:32.015+0000][1][safepoint    ] Safepoint "Cleanup", Time since last: 1000156600 ns, Reaching safepoint: 114800 ns, At safepoint: 27500 ns, Total: 142300 ns
[2020-04-26T16:15:33.016+0000][1][safepoint    ] Safepoint "Cleanup", Time since last: 1000555000 ns, Reaching safepoint: 292800 ns, At safepoint: 144100 ns, Total: 436900 ns
[2020-04-26T16:15:34.017+0000][1][safepoint    ] Safepoint "Cleanup", Time since last: 1000579600 ns, Reaching safepoint: 227600 ns, At safepoint: 106700 ns, Total: 334300 ns
[2020-04-26T16:15:35.017+0000][1][safepoint    ] Safepoint "Cleanup", Time since last: 1000225300 ns, Reaching safepoint: 163700 ns, At safepoint: 44100 ns, Total: 207800 ns
[2020-04-26T16:15:36.018+0000][1][safepoint    ] Safepoint "Cleanup", Time since last: 1000319700 ns, Reaching safepoint: 385300 ns, At safepoint: 214600 ns, Total: 599900 ns
[2020-04-26T16:15:37.019+0000][1][safepoint    ] Safepoint "Cleanup", Time since last: 1000220100 ns, Reaching safepoint: 120700 ns, At safepoint: 30200 ns, Total: 150900 ns
[2020-04-26T16:15:38.020+0000][1][safepoint    ] Safepoint "Cleanup", Time since last: 1000529600 ns, Reaching safepoint: 215100 ns, At safepoint: 46200 ns, Total: 261300 ns
[2020-04-26T16:15:39.020+0000][1][safepoint    ] Safepoint "Cleanup", Time since last: 1000216400 ns, Reaching safepoint: 235800 ns, At safepoint: 105800 ns, Total: 341600 ns
[2020-04-26T16:15:40.021+0000][1][safepoint    ] Safepoint "Cleanup", Time since last: 1000298300 ns, Reaching safepoint: 422700 ns, At safepoint: 217000 ns, Total: 639700 ns
[2020-04-26T16:15:41.022+0000][1][safepoint    ] Safepoint "Cleanup", Time since last: 1000421000 ns, Reaching safepoint: 238900 ns, At safepoint: 112300 ns, Total: 351200 ns
[2020-04-26T16:15:41.455+0000][1][gc,start     ] GC(19) Pause Young (Allocation Failure)
[2020-04-26T16:15:41.455+0000][1][gc,task      ] GC(19) Using 10 workers of 10 for evacuation
[2020-04-26T16:15:41.459+0000][1][gc,age       ] GC(19) Desired survivor size 8945664 bytes, new threshold 6 (max threshold 6)
[2020-04-26T16:15:41.459+0000][1][gc,age       ] GC(19) Age table with threshold 6 (max threshold 6)
[2020-04-26T16:15:41.459+0000][1][gc,age       ] GC(19) - age   1:     957032 bytes,     957032 total
[2020-04-26T16:15:41.459+0000][1][gc,age       ] GC(19) - age   2:    3899856 bytes,    4856888 total
[2020-04-26T16:15:41.459+0000][1][gc,heap      ] GC(19) ParNew: 146434K->7038K(157248K)
[2020-04-26T16:15:41.459+0000][1][gc,heap      ] GC(19) CMS: 76886K->76886K(349568K)
[2020-04-26T16:15:41.459+0000][1][gc,metaspace ] GC(19) Metaspace: 91388K->91388K(1134592K)
[2020-04-26T16:15:41.459+0000][1][gc           ] GC(19) Pause Young (Allocation Failure) 218M->81M(494M) 3.968ms
[2020-04-26T16:15:41.459+0000][1][gc,cpu       ] GC(19) User=0.02s Sys=0.01s Real=0.00s
[2020-04-26T16:15:41.459+0000][1][safepoint    ] Safepoint "GenCollectForAllocation", Time since last: 432739900 ns, Reaching safepoint: 125700 ns, At safepoint: 4042400 ns, Total: 4168100 ns
[2020-04-26T16:15:41.693+0000][1][safepoint    ] Safepoint "RevokeBias", Time since last: 233525500 ns, Reaching safepoint: 742800 ns, At safepoint: 164600 ns, Total: 907400 ns
[2020-04-26T16:15:42.694+0000][1][safepoint    ] Safepoint "Cleanup", Time since last: 1000427000 ns, Reaching safepoint: 417000 ns, At safepoint: 179100 ns, Total: 596100 ns
[2020-04-26T16:15:43.695+0000][1][safepoint    ] Safepoint "Cleanup", Time since last: 1000227500 ns, Reaching safepoint: 198900 ns, At safepoint: 59500 ns, Total: 258400 ns
[2020-04-26T16:15:43.775+0000][1][safepoint    ] Safepoint "RevokeBias", Time since last: 80253100 ns, Reaching safepoint: 246500 ns, At safepoint: 125000 ns, Total: 371500 ns
[2020-04-26T16:15:43.776+0000][1][safepoint    ] Safepoint "RevokeBias", Time since last: 714300 ns, Reaching safepoint: 251100 ns, At safepoint: 72100 ns, Total: 323200 ns
[2020-04-26T16:15:43.796+0000][1][safepoint    ] Safepoint "Deoptimize", Time since last: 18968700 ns, Reaching safepoint: 150000 ns, At safepoint: 950700 ns, Total: 1100700 ns
[2020-04-26T16:15:43.802+0000][1][safepoint    ] Safepoint "Deoptimize", Time since last: 4102300 ns, Reaching safepoint: 370300 ns, At safepoint: 1173600 ns, Total: 1543900 ns
[2020-04-26T16:15:43.805+0000][1][safepoint    ] Safepoint "Deoptimize", Time since last: 1138900 ns, Reaching safepoint: 198400 ns, At safepoint: 1442700 ns, Total: 1641100 ns
[2020-04-26T16:15:43.811+0000][1][safepoint    ] Safepoint "Deoptimize", Time since last: 4476500 ns, Reaching safepoint: 315300 ns, At safepoint: 1191600 ns, Total: 1506900 ns
[2020-04-26T16:15:44.292+0000][1][safepoint    ] Safepoint "RevokeBias", Time since last: 480932100 ns, Reaching safepoint: 194700 ns, At safepoint: 42300 ns, Total: 237000 ns
[2020-04-26T16:15:44.292+0000][1][safepoint    ] Safepoint "RevokeBias", Time since last: 154600 ns, Reaching safepoint: 112100 ns, At safepoint: 33700 ns, Total: 145800 ns
[2020-04-26T16:15:45.293+0000][1][safepoint    ] Safepoint "Cleanup", Time since last: 1000179000 ns, Reaching safepoint: 193400 ns, At safepoint: 29200 ns, Total: 222600 ns
[2020-04-26T16:15:46.294+0000][1][safepoint    ] Safepoint "Cleanup", Time since last: 1000539800 ns, Reaching safepoint: 420100 ns, At safepoint: 134100 ns, Total: 554200 ns
[2020-04-26T16:15:47.295+0000][1][safepoint    ] Safepoint "Cleanup", Time since last: 1000475400 ns, Reaching safepoint: 426800 ns, At safepoint: 134700 ns, Total: 561500 ns
[2020-04-26T16:15:48.296+0000][1][safepoint    ] Safepoint "Cleanup", Time since last: 1000490900 ns, Reaching safepoint: 445900 ns, At safepoint: 131700 ns, Total: 577600 ns
[2020-04-26T16:15:49.296+0000][1][safepoint    ] Safepoint "Cleanup", Time since last: 1000264300 ns, Reaching safepoint: 263800 ns, At safepoint: 72700 ns, Total: 336500 ns
[2020-04-26T16:15:50.298+0000][1][safepoint    ] Safepoint "Cleanup", Time since last: 1000553700 ns, Reaching safepoint: 448100 ns, At safepoint: 130700 ns, Total: 578800 ns
[2020-04-26T16:15:51.298+0000][1][safepoint    ] Safepoint "Cleanup", Time since last: 1000205500 ns, Reaching safepoint: 121400 ns, At safepoint: 35300 ns, Total: 156700 ns
[2020-04-26T16:15:52.009+0000][1][safepoint    ] Safepoint "RevokeBias", Time since last: 710920000 ns, Reaching safepoint: 214900 ns, At safepoint: 50700 ns, Total: 265600 ns
[2020-04-26T16:15:52.010+0000][1][safepoint    ] Safepoint "RevokeBias", Time since last: 246700 ns, Reaching safepoint: 95100 ns, At safepoint: 48100 ns, Total: 143200 ns
[2020-04-26T16:15:52.010+0000][1][safepoint    ] Safepoint "RevokeBias", Time since last: 191400 ns, Reaching safepoint: 250400 ns, At safepoint: 111500 ns, Total: 361900 ns
[2020-04-26T16:15:52.011+0000][1][safepoint    ] Safepoint "RevokeBias", Time since last: 263700 ns, Reaching safepoint: 231000 ns, At safepoint: 97600 ns, Total: 328600 ns
[2020-04-26T16:15:52.011+0000][1][safepoint    ] Safepoint "RevokeBias", Time since last: 243400 ns, Reaching safepoint: 264600 ns, At safepoint: 53700 ns, Total: 318300 ns
[2020-04-26T16:15:53.013+0000][1][safepoint    ] Safepoint "Cleanup", Time since last: 1000471500 ns, Reaching safepoint: 754400 ns, At safepoint: 413900 ns, Total: 1168300 ns
[2020-04-26T16:15:54.014+0000][1][safepoint    ] Safepoint "Cleanup", Time since last: 1000460800 ns, Reaching safepoint: 500500 ns, At safepoint: 142600 ns, Total: 643100 ns
[2020-04-26T16:15:55.015+0000][1][safepoint    ] Safepoint "Cleanup", Time since last: 1000755200 ns, Reaching safepoint: 458200 ns, At safepoint: 217900 ns, Total: 676100 ns
[2020-04-26T16:15:56.016+0000][1][safepoint    ] Safepoint "Cleanup", Time since last: 1000471700 ns, Reaching safepoint: 291700 ns, At safepoint: 92300 ns, Total: 384000 ns
[2020-04-26T16:15:56.338+0000][1][safepoint    ] Safepoint "RevokeBias", Time since last: 321909700 ns, Reaching safepoint: 218000 ns, At safepoint: 68800 ns, Total: 286800 ns
[2020-04-26T16:15:57.339+0000][1][safepoint    ] Safepoint "Cleanup", Time since last: 1000219400 ns, Reaching safepoint: 163500 ns, At safepoint: 40100 ns, Total: 203600 ns
[2020-04-26T16:15:58.339+0000][1][safepoint    ] Safepoint "Cleanup", Time since last: 1000154800 ns, Reaching safepoint: 152000 ns, At safepoint: 32700 ns, Total: 184700 ns
[2020-04-26T16:15:59.340+0000][1][safepoint    ] Safepoint "Cleanup", Time since last: 1000152500 ns, Reaching safepoint: 140100 ns, At safepoint: 28100 ns, Total: 168200 ns
[2020-04-26T16:16:00.340+0000][1][safepoint    ] Safepoint "Cleanup", Time since last: 1000242400 ns, Reaching safepoint: 132500 ns, At safepoint: 29900 ns, Total: 162400 ns
[2020-04-26T16:16:01.341+0000][1][safepoint    ] Safepoint "Cleanup", Time since last: 1000295700 ns, Reaching safepoint: 265000 ns, At safepoint: 81800 ns, Total: 346800 ns
[2020-04-26T16:16:02.341+0000][1][safepoint    ] Safepoint "Cleanup", Time since last: 1000462700 ns, Reaching safepoint: 200400 ns, At safepoint: 47000 ns, Total: 247400 ns
[2020-04-26T16:16:03.342+0000][1][safepoint    ] Safepoint "Cleanup", Time since last: 1000486000 ns, Reaching safepoint: 502300 ns, At safepoint: 133500 ns, Total: 635800 ns
[2020-04-26T16:16:04.343+0000][1][safepoint    ] Safepoint "Cleanup", Time since last: 1000482200 ns, Reaching safepoint: 301400 ns, At safepoint: 93500 ns, Total: 394900 ns
[2020-04-26T16:16:05.344+0000][1][safepoint    ] Safepoint "Cleanup", Time since last: 1000446400 ns, Reaching safepoint: 414300 ns, At safepoint: 130000 ns, Total: 544300 ns
[2020-04-26T16:16:06.345+0000][1][safepoint    ] Safepoint "Cleanup", Time since last: 1000213500 ns, Reaching safepoint: 137500 ns, At safepoint: 26800 ns, Total: 164300 ns
[2020-04-26T16:16:07.346+0000][1][safepoint    ] Safepoint "Cleanup", Time since last: 1000333600 ns, Reaching safepoint: 420100 ns, At safepoint: 144300 ns, Total: 564400 ns
[2020-04-26T16:16:08.346+0000][1][safepoint    ] Safepoint "Cleanup", Time since last: 1000557000 ns, Reaching safepoint: 128500 ns, At safepoint: 30300 ns, Total: 158800 ns
[2020-04-26T16:16:09.347+0000][1][safepoint    ] Safepoint "Cleanup", Time since last: 1000424900 ns, Reaching safepoint: 316800 ns, At safepoint: 81500 ns, Total: 398300 ns
[2020-04-26T16:16:10.348+0000][1][safepoint    ] Safepoint "Cleanup", Time since last: 1000242500 ns, Reaching safepoint: 239300 ns, At safepoint: 67700 ns, Total: 307000 ns
[2020-04-26T16:16:11.348+0000][1][safepoint    ] Safepoint "Cleanup", Time since last: 1000189400 ns, Reaching safepoint: 140100 ns, At safepoint: 33700 ns, Total: 173800 ns
[2020-04-26T16:16:12.349+0000][1][safepoint    ] Safepoint "Cleanup", Time since last: 1000536100 ns, Reaching safepoint: 435400 ns, At safepoint: 136600 ns, Total: 572000 ns
[2020-04-26T16:16:13.350+0000][1][safepoint    ] Safepoint "Cleanup", Time since last: 1000274600 ns, Reaching safepoint: 179400 ns, At safepoint: 45100 ns, Total: 224500 ns
[2020-04-26T16:16:14.351+0000][1][safepoint    ] Safepoint "Cleanup", Time since last: 1000485500 ns, Reaching safepoint: 341200 ns, At safepoint: 96300 ns, Total: 437500 ns
[2020-04-26T16:16:15.351+0000][1][safepoint    ] Safepoint "Cleanup", Time since last: 1000366400 ns, Reaching safepoint: 400100 ns, At safepoint: 129500 ns, Total: 529600 ns
[2020-04-26T16:16:16.353+0000][1][safepoint    ] Safepoint "Cleanup", Time since last: 1000692200 ns, Reaching safepoint: 486900 ns, At safepoint: 141800 ns, Total: 628700 ns
[2020-04-26T16:16:17.354+0000][1][safepoint    ] Safepoint "Cleanup", Time since last: 1000485700 ns, Reaching safepoint: 366800 ns, At safepoint: 114100 ns, Total: 480900 ns
[2020-04-26T16:16:18.354+0000][1][safepoint    ] Safepoint "Cleanup", Time since last: 1000550300 ns, Reaching safepoint: 153000 ns, At safepoint: 40200 ns, Total: 193200 ns
[2020-04-26T16:16:19.355+0000][1][safepoint    ] Safepoint "Cleanup", Time since last: 1000287300 ns, Reaching safepoint: 374600 ns, At safepoint: 112000 ns, Total: 486600 ns
[2020-04-26T16:16:20.356+0000][1][safepoint    ] Safepoint "Cleanup", Time since last: 1000618300 ns, Reaching safepoint: 123100 ns, At safepoint: 31100 ns, Total: 154200 ns
[2020-04-26T16:16:21.357+0000][1][safepoint    ] Safepoint "Cleanup", Time since last: 1000525100 ns, Reaching safepoint: 207400 ns, At safepoint: 61100 ns, Total: 268500 ns
[2020-04-26T16:16:22.358+0000][1][safepoint    ] Safepoint "Cleanup", Time since last: 1000572000 ns, Reaching safepoint: 192500 ns, At safepoint: 55100 ns, Total: 247600 ns
[2020-04-26T16:16:23.358+0000][1][safepoint    ] Safepoint "Cleanup", Time since last: 1000195600 ns, Reaching safepoint: 116500 ns, At safepoint: 26400 ns, Total: 142900 ns
[2020-04-26T16:16:24.358+0000][1][safepoint    ] Safepoint "Cleanup", Time since last: 1000177200 ns, Reaching safepoint: 121700 ns, At safepoint: 26600 ns, Total: 148300 ns
[2020-04-26T16:16:25.359+0000][1][safepoint    ] Safepoint "Cleanup", Time since last: 1000566500 ns, Reaching safepoint: 154300 ns, At safepoint: 34200 ns, Total: 188500 ns
[2020-04-26T16:16:26.360+0000][1][safepoint    ] Safepoint "Cleanup", Time since last: 1000456800 ns, Reaching safepoint: 139800 ns, At safepoint: 36700 ns, Total: 176500 ns
[2020-04-26T16:16:27.360+0000][1][safepoint    ] Safepoint "Cleanup", Time since last: 1000510100 ns, Reaching safepoint: 178100 ns, At safepoint: 47300 ns, Total: 225400 ns
[2020-04-26T16:16:28.361+0000][1][safepoint    ] Safepoint "Cleanup", Time since last: 1000303600 ns, Reaching safepoint: 135400 ns, At safepoint: 25800 ns, Total: 161200 ns
[2020-04-26T16:16:29.361+0000][1][safepoint    ] Safepoint "Cleanup", Time since last: 1000171800 ns, Reaching safepoint: 120300 ns, At safepoint: 27200 ns, Total: 147500 ns
[2020-04-26T16:16:30.362+0000][1][safepoint    ] Safepoint "Cleanup", Time since last: 1000177300 ns, Reaching safepoint: 147700 ns, At safepoint: 36800 ns, Total: 184500 ns
[2020-04-26T16:16:31.363+0000][1][safepoint    ] Safepoint "Cleanup", Time since last: 1000537500 ns, Reaching safepoint: 475400 ns, At safepoint: 132100 ns, Total: 607500 ns
[2020-04-26T16:16:32.364+0000][1][safepoint    ] Safepoint "Cleanup", Time since last: 1000640600 ns, Reaching safepoint: 401800 ns, At safepoint: 131500 ns, Total: 533300 ns
[2020-04-26T16:16:33.365+0000][1][safepoint    ] Safepoint "Cleanup", Time since last: 1000579100 ns, Reaching safepoint: 402600 ns, At safepoint: 130300 ns, Total: 532900 ns
[2020-04-26T16:16:34.366+0000][1][safepoint    ] Safepoint "Cleanup", Time since last: 1000517600 ns, Reaching safepoint: 462700 ns, At safepoint: 131900 ns, Total: 594600 ns
[2020-04-26T16:16:35.367+0000][1][safepoint    ] Safepoint "Cleanup", Time since last: 1000642200 ns, Reaching safepoint: 196900 ns, At safepoint: 57600 ns, Total: 254500 ns
[2020-04-26T16:16:36.368+0000][1][safepoint    ] Safepoint "Cleanup", Time since last: 1000336800 ns, Reaching safepoint: 410600 ns, At safepoint: 178900 ns, Total: 589500 ns
[2020-04-26T16:16:37.369+0000][1][safepoint    ] Safepoint "Cleanup", Time since last: 1000387300 ns, Reaching safepoint: 414200 ns, At safepoint: 128100 ns, Total: 542300 ns
[2020-04-26T16:16:38.370+0000][1][safepoint    ] Safepoint "Cleanup", Time since last: 1000722100 ns, Reaching safepoint: 231300 ns, At safepoint: 72600 ns, Total: 303900 ns
[2020-04-26T16:16:39.370+0000][1][safepoint    ] Safepoint "Cleanup", Time since last: 1000214200 ns, Reaching safepoint: 135200 ns, At safepoint: 32800 ns, Total: 168000 ns
[2020-04-26T16:16:40.372+0000][1][safepoint    ] Safepoint "Cleanup", Time since last: 1000704700 ns, Reaching safepoint: 413500 ns, At safepoint: 135200 ns, Total: 548700 ns
[2020-04-26T16:16:41.373+0000][1][safepoint    ] Safepoint "Cleanup", Time since last: 1000747800 ns, Reaching safepoint: 313000 ns, At safepoint: 87200 ns, Total: 400200 ns
[2020-04-26T16:16:42.373+0000][1][safepoint    ] Safepoint "Cleanup", Time since last: 1000216400 ns, Reaching safepoint: 142700 ns, At safepoint: 33200 ns, Total: 175900 ns
[2020-04-26T16:16:43.374+0000][1][safepoint    ] Safepoint "Cleanup", Time since last: 1000341300 ns, Reaching safepoint: 124000 ns, At safepoint: 31200 ns, Total: 155200 ns
[2020-04-26T16:16:44.374+0000][1][safepoint    ] Safepoint "Cleanup", Time since last: 1000313400 ns, Reaching safepoint: 199800 ns, At safepoint: 49800 ns, Total: 249600 ns
[2020-04-26T16:16:45.374+0000][1][safepoint    ] Safepoint "Cleanup", Time since last: 1000158400 ns, Reaching safepoint: 172200 ns, At safepoint: 29100 ns, Total: 201300 ns
[2020-04-26T16:16:46.375+0000][1][safepoint    ] Safepoint "Cleanup", Time since last: 1000170600 ns, Reaching safepoint: 139700 ns, At safepoint: 25700 ns, Total: 165400 ns
[2020-04-26T16:16:47.376+0000][1][safepoint    ] Safepoint "Cleanup", Time since last: 1000309700 ns, Reaching safepoint: 302800 ns, At safepoint: 98800 ns, Total: 401600 ns
[2020-04-26T16:16:48.376+0000][1][safepoint    ] Safepoint "Cleanup", Time since last: 1000520200 ns, Reaching safepoint: 134500 ns, At safepoint: 32300 ns, Total: 166800 ns
[2020-04-26T16:16:49.377+0000][1][safepoint    ] Safepoint "Cleanup", Time since last: 1000419100 ns, Reaching safepoint: 137800 ns, At safepoint: 35100 ns, Total: 172900 ns
[2020-04-26T16:16:50.377+0000][1][safepoint    ] Safepoint "Cleanup", Time since last: 1000516900 ns, Reaching safepoint: 126500 ns, At safepoint: 30900 ns, Total: 157400 ns
[2020-04-26T16:16:51.378+0000][1][safepoint    ] Safepoint "Cleanup", Time since last: 1000199900 ns, Reaching safepoint: 179500 ns, At safepoint: 46000 ns, Total: 225500 ns
[2020-04-26T16:16:52.379+0000][1][safepoint    ] Safepoint "Cleanup", Time since last: 1000335800 ns, Reaching safepoint: 402700 ns, At safepoint: 155000 ns, Total: 557700 ns
[2020-04-26T16:16:53.379+0000][1][safepoint    ] Safepoint "Cleanup", Time since last: 1000433200 ns, Reaching safepoint: 203800 ns, At safepoint: 57500 ns, Total: 261300 ns
[2020-04-26T16:16:54.381+0000][1][safepoint    ] Safepoint "Cleanup", Time since last: 1000640600 ns, Reaching safepoint: 496400 ns, At safepoint: 128700 ns, Total: 625100 ns
[2020-04-26T16:16:55.382+0000][1][safepoint    ] Safepoint "Cleanup", Time since last: 1000331700 ns, Reaching safepoint: 301900 ns, At safepoint: 124900 ns, Total: 426800 ns
[2020-04-26T16:16:56.383+0000][1][safepoint    ] Safepoint "Cleanup", Time since last: 1000374400 ns, Reaching safepoint: 518400 ns, At safepoint: 293200 ns, Total: 811600 ns
[2020-04-26T16:16:57.383+0000][1][safepoint    ] Safepoint "Cleanup", Time since last: 1000214100 ns, Reaching safepoint: 126600 ns, At safepoint: 33700 ns, Total: 160300 ns
[2020-04-26T16:16:58.383+0000][1][safepoint    ] Safepoint "Cleanup", Time since last: 1000128900 ns, Reaching safepoint: 121400 ns, At safepoint: 42300 ns, Total: 163700 ns
[2020-04-26T16:16:59.384+0000][1][safepoint    ] Safepoint "Cleanup", Time since last: 1000136300 ns, Reaching safepoint: 138400 ns, At safepoint: 42500 ns, Total: 180900 ns
[2020-04-26T16:17:00.384+0000][1][safepoint    ] Safepoint "Cleanup", Time since last: 1000224200 ns, Reaching safepoint: 197400 ns, At safepoint: 102700 ns, Total: 300100 ns
[2020-04-26T16:17:01.385+0000][1][safepoint    ] Safepoint "Cleanup", Time since last: 1000187100 ns, Reaching safepoint: 126600 ns, At safepoint: 43000 ns, Total: 169600 ns
[2020-04-26T16:17:02.385+0000][1][safepoint    ] Safepoint "Cleanup", Time since last: 1000246700 ns, Reaching safepoint: 360200 ns, At safepoint: 71400 ns, Total: 431600 ns
[2020-04-26T16:17:03.386+0000][1][safepoint    ] Safepoint "Cleanup", Time since last: 1000268700 ns, Reaching safepoint: 125600 ns, At safepoint: 29700 ns, Total: 155300 ns
[2020-04-26T16:17:04.387+0000][1][safepoint    ] Safepoint "Cleanup", Time since last: 1000330100 ns, Reaching safepoint: 450300 ns, At safepoint: 187300 ns, Total: 637600 ns
[2020-04-26T16:17:05.388+0000][1][safepoint    ] Safepoint "Cleanup", Time since last: 1000583800 ns, Reaching safepoint: 504100 ns, At safepoint: 203900 ns, Total: 708000 ns
[2020-04-26T16:17:06.389+0000][1][safepoint    ] Safepoint "Cleanup", Time since last: 1000671500 ns, Reaching safepoint: 673200 ns, At safepoint: 203300 ns, Total: 876500 ns
[2020-04-26T16:17:07.390+0000][1][safepoint    ] Safepoint "Cleanup", Time since last: 1000240500 ns, Reaching safepoint: 248600 ns, At safepoint: 92700 ns, Total: 341300 ns
[2020-04-26T16:17:08.390+0000][1][safepoint    ] Safepoint "Cleanup", Time since last: 1000186200 ns, Reaching safepoint: 137500 ns, At safepoint: 44500 ns, Total: 182000 ns
[2020-04-26T16:17:09.392+0000][1][safepoint    ] Safepoint "Cleanup", Time since last: 1000355100 ns, Reaching safepoint: 522000 ns, At safepoint: 210600 ns, Total: 732600 ns
[2020-04-26T16:17:10.392+0000][1][safepoint    ] Safepoint "Cleanup", Time since last: 1000654100 ns, Reaching safepoint: 228000 ns, At safepoint: 52200 ns, Total: 280200 ns
[2020-04-26T16:17:11.394+0000][1][safepoint    ] Safepoint "Cleanup", Time since last: 1000768800 ns, Reaching safepoint: 570500 ns, At safepoint: 189200 ns, Total: 759700 ns
[2020-04-26T16:17:12.395+0000][1][safepoint    ] Safepoint "Cleanup", Time since last: 1000634200 ns, Reaching safepoint: 182500 ns, At safepoint: 63300 ns, Total: 245800 ns
[2020-04-26T16:17:13.396+0000][1][safepoint    ] Safepoint "Cleanup", Time since last: 1000652800 ns, Reaching safepoint: 338800 ns, At safepoint: 93000 ns, Total: 431800 ns
[2020-04-26T16:17:14.397+0000][1][safepoint    ] Safepoint "Cleanup", Time since last: 1000292500 ns, Reaching safepoint: 455100 ns, At safepoint: 223700 ns, Total: 678800 ns
[2020-04-26T16:17:15.398+0000][1][safepoint    ] Safepoint "Cleanup", Time since last: 1000394100 ns, Reaching safepoint: 492300 ns, At safepoint: 201900 ns, Total: 694200 ns
[2020-04-26T16:17:16.398+0000][1][safepoint    ] Safepoint "Cleanup", Time since last: 1000210600 ns, Reaching safepoint: 125300 ns, At safepoint: 30800 ns, Total: 156100 ns
[2020-04-26T16:17:17.399+0000][1][safepoint    ] Safepoint "Cleanup", Time since last: 1000178600 ns, Reaching safepoint: 152800 ns, At safepoint: 34100 ns, Total: 186900 ns
[2020-04-26T16:17:18.399+0000][1][safepoint    ] Safepoint "Cleanup", Time since last: 1000142300 ns, Reaching safepoint: 128200 ns, At safepoint: 43800 ns, Total: 172000 ns
[2020-04-26T16:17:19.399+0000][1][safepoint    ] Safepoint "Cleanup", Time since last: 1000125300 ns, Reaching safepoint: 168000 ns, At safepoint: 54200 ns, Total: 222200 ns
[2020-04-26T16:17:20.400+0000][1][safepoint    ] Safepoint "Cleanup", Time since last: 1000141500 ns, Reaching safepoint: 140400 ns, At safepoint: 76000 ns, Total: 216400 ns
[2020-04-26T16:17:21.400+0000][1][safepoint    ] Safepoint "Cleanup", Time since last: 1000253700 ns, Reaching safepoint: 122800 ns, At safepoint: 45300 ns, Total: 168100 ns
[2020-04-26T16:17:22.400+0000][1][safepoint    ] Safepoint "Cleanup", Time since last: 1000134400 ns, Reaching safepoint: 121800 ns, At safepoint: 44900 ns, Total: 166700 ns
[2020-04-26T16:17:23.401+0000][1][safepoint    ] Safepoint "Cleanup", Time since last: 1000216800 ns, Reaching safepoint: 147200 ns, At safepoint: 57400 ns, Total: 204600 ns
[2020-04-26T16:17:24.401+0000][1][safepoint    ] Safepoint "Cleanup", Time since last: 1000176400 ns, Reaching safepoint: 124800 ns, At safepoint: 31900 ns, Total: 156700 ns
[2020-04-26T16:17:25.402+0000][1][safepoint    ] Safepoint "Cleanup", Time since last: 1000627900 ns, Reaching safepoint: 265500 ns, At safepoint: 64500 ns, Total: 330000 ns
[2020-04-26T16:17:26.403+0000][1][safepoint    ] Safepoint "Cleanup", Time since last: 1000186100 ns, Reaching safepoint: 168400 ns, At safepoint: 31400 ns, Total: 199800 ns
[2020-04-26T16:17:27.404+0000][1][safepoint    ] Safepoint "Cleanup", Time since last: 1000294200 ns, Reaching safepoint: 517300 ns, At safepoint: 205300 ns, Total: 722600 ns
[2020-04-26T16:17:28.404+0000][1][safepoint    ] Safepoint "Cleanup", Time since last: 1000542600 ns, Reaching safepoint: 199100 ns, At safepoint: 86000 ns, Total: 285100 ns
[2020-04-26T16:17:29.405+0000][1][safepoint    ] Safepoint "Cleanup", Time since last: 1000279800 ns, Reaching safepoint: 483000 ns, At safepoint: 207100 ns, Total: 690100 ns
[2020-04-26T16:17:30.407+0000][1][safepoint    ] Safepoint "Cleanup", Time since last: 1000604000 ns, Reaching safepoint: 409600 ns, At safepoint: 192700 ns, Total: 602300 ns
[2020-04-26T16:17:31.408+0000][1][safepoint    ] Safepoint "Cleanup", Time since last: 1000382300 ns, Reaching safepoint: 417200 ns, At safepoint: 170400 ns, Total: 587600 ns
[2020-04-26T16:17:32.408+0000][1][safepoint    ] Safepoint "Cleanup", Time since last: 1000349800 ns, Reaching safepoint: 192100 ns, At safepoint: 79800 ns, Total: 271900 ns
[2020-04-26T16:17:33.409+0000][1][safepoint    ] Safepoint "Cleanup", Time since last: 1000376000 ns, Reaching safepoint: 365600 ns, At safepoint: 169200 ns, Total: 534800 ns
[2020-04-26T16:17:34.410+0000][1][safepoint    ] Safepoint "Cleanup", Time since last: 1000517100 ns, Reaching safepoint: 469900 ns, At safepoint: 202800 ns, Total: 672700 ns
[2020-04-26T16:17:35.411+0000][1][safepoint    ] Safepoint "Cleanup", Time since last: 1000266200 ns, Reaching safepoint: 176600 ns, At safepoint: 47600 ns, Total: 224200 ns
[2020-04-26T16:17:36.412+0000][1][safepoint    ] Safepoint "Cleanup", Time since last: 1000412100 ns, Reaching safepoint: 420000 ns, At safepoint: 201100 ns, Total: 621100 ns
[2020-04-26T16:17:37.413+0000][1][safepoint    ] Safepoint "Cleanup", Time since last: 1000371700 ns, Reaching safepoint: 240300 ns, At safepoint: 143800 ns, Total: 384100 ns
[2020-04-26T16:17:38.414+0000][1][safepoint    ] Safepoint "Cleanup", Time since last: 1000459500 ns, Reaching safepoint: 756200 ns, At safepoint: 261200 ns, Total: 1017400 ns
[2020-04-26T16:17:39.414+0000][1][safepoint    ] Safepoint "Cleanup", Time since last: 1000209500 ns, Reaching safepoint: 199200 ns, At safepoint: 44600 ns, Total: 243800 ns
[2020-04-26T16:17:40.416+0000][1][safepoint    ] Safepoint "Cleanup", Time since last: 1000351900 ns, Reaching safepoint: 405800 ns, At safepoint: 262400 ns, Total: 668200 ns
[2020-04-26T16:17:41.416+0000][1][safepoint    ] Safepoint "Cleanup", Time since last: 1000316800 ns, Reaching safepoint: 363200 ns, At safepoint: 160800 ns, Total: 524000 ns
[2020-04-26T16:17:42.417+0000][1][safepoint    ] Safepoint "Cleanup", Time since last: 1000172300 ns, Reaching safepoint: 114300 ns, At safepoint: 28700 ns, Total: 143000 ns
[2020-04-26T16:17:43.417+0000][1][safepoint    ] Safepoint "Cleanup", Time since last: 1000337300 ns, Reaching safepoint: 244500 ns, At safepoint: 129500 ns, Total: 374000 ns
[2020-04-26T16:17:44.419+0000][1][safepoint    ] Safepoint "Cleanup", Time since last: 1000719600 ns, Reaching safepoint: 353500 ns, At safepoint: 142900 ns, Total: 496400 ns
[2020-04-26T16:17:45.420+0000][1][safepoint    ] Safepoint "Cleanup", Time since last: 1000578300 ns, Reaching safepoint: 636700 ns, At safepoint: 203000 ns, Total: 839700 ns
[2020-04-26T16:17:46.422+0000][1][safepoint    ] Safepoint "Cleanup", Time since last: 1000722500 ns, Reaching safepoint: 574300 ns, At safepoint: 205100 ns, Total: 779400 ns
[2020-04-26T16:17:47.423+0000][1][safepoint    ] Safepoint "Cleanup", Time since last: 1000475200 ns, Reaching safepoint: 465200 ns, At safepoint: 248400 ns, Total: 713600 ns
[2020-04-26T16:17:48.423+0000][1][safepoint    ] Safepoint "Cleanup", Time since last: 1000332300 ns, Reaching safepoint: 128500 ns, At safepoint: 31100 ns, Total: 159600 ns
[2020-04-26T16:17:49.424+0000][1][safepoint    ] Safepoint "Cleanup", Time since last: 1000263600 ns, Reaching safepoint: 254300 ns, At safepoint: 125300 ns, Total: 379600 ns
[2020-04-26T16:17:50.425+0000][1][safepoint    ] Safepoint "Cleanup", Time since last: 1000729500 ns, Reaching safepoint: 497500 ns, At safepoint: 172300 ns, Total: 669800 ns
[2020-04-26T16:17:51.426+0000][1][safepoint    ] Safepoint "Cleanup", Time since last: 1000434600 ns, Reaching safepoint: 485800 ns, At safepoint: 205200 ns, Total: 691000 ns
[2020-04-26T16:17:52.427+0000][1][safepoint    ] Safepoint "Cleanup", Time since last: 1000400600 ns, Reaching safepoint: 507600 ns, At safepoint: 205400 ns, Total: 713000 ns
[2020-04-26T16:17:53.964+0000][1][safepoint    ] Safepoint "RevokeBias", Time since last: 1535351300 ns, Reaching safepoint: 675700 ns, At safepoint: 66800 ns, Total: 742500 ns
[2020-04-26T16:17:53.965+0000][1][safepoint    ] Safepoint "RevokeBias", Time since last: 344000 ns, Reaching safepoint: 515700 ns, At safepoint: 81100 ns, Total: 596800 ns
[2020-04-26T16:17:53.965+0000][1][safepoint    ] Safepoint "RevokeBias", Time since last: 453400 ns, Reaching safepoint: 153100 ns, At safepoint: 53100 ns, Total: 206200 ns
[2020-04-26T16:17:53.966+0000][1][safepoint    ] Safepoint "RevokeBias", Time since last: 255900 ns, Reaching safepoint: 59700 ns, At safepoint: 31500 ns, Total: 91200 ns
[2020-04-26T16:17:59.968+0000][1][safepoint    ] Safepoint "Cleanup", Time since last: 6002167600 ns, Reaching safepoint: 136800 ns, At safepoint: 35700 ns, Total: 172500 ns
[2020-04-26T16:18:02.969+0000][1][safepoint    ] Safepoint "Cleanup", Time since last: 3000577200 ns, Reaching safepoint: 118300 ns, At safepoint: 34400 ns, Total: 152700 ns
[2020-04-26T16:18:04.970+0000][1][safepoint    ] Safepoint "Cleanup", Time since last: 2001114800 ns, Reaching safepoint: 391600 ns, At safepoint: 132800 ns, Total: 524400 ns
[2020-04-26T16:18:05.971+0000][1][safepoint    ] Safepoint "Cleanup", Time since last: 1000494500 ns, Reaching safepoint: 226800 ns, At safepoint: 74700 ns, Total: 301500 ns
[2020-04-26T16:18:06.971+0000][1][safepoint    ] Safepoint "Cleanup", Time since last: 1000273600 ns, Reaching safepoint: 116800 ns, At safepoint: 28200 ns, Total: 145000 ns
[2020-04-26T16:18:08.972+0000][1][safepoint    ] Safepoint "Cleanup", Time since last: 2000474100 ns, Reaching safepoint: 122000 ns, At safepoint: 28200 ns, Total: 150200 ns
[2020-04-26T16:18:09.973+0000][1][safepoint    ] Safepoint "Cleanup", Time since last: 1000332300 ns, Reaching safepoint: 692600 ns, At safepoint: 163900 ns, Total: 856500 ns
[2020-04-26T16:18:11.624+0000][1][safepoint    ] Safepoint "RevokeBias", Time since last: 1651002800 ns, Reaching safepoint: 125800 ns, At safepoint: 50400 ns, Total: 176200 ns
[2020-04-26T16:18:12.625+0000][1][safepoint    ] Safepoint "Cleanup", Time since last: 1000415400 ns, Reaching safepoint: 383600 ns, At safepoint: 135200 ns, Total: 518800 ns
[2020-04-26T16:18:13.968+0000][1][safepoint    ] Safepoint "RevokeBias", Time since last: 1342150700 ns, Reaching safepoint: 453700 ns, At safepoint: 224200 ns, Total: 677900 ns
[2020-04-26T16:18:13.970+0000][1][safepoint    ] Safepoint "RevokeBias", Time since last: 810500 ns, Reaching safepoint: 322500 ns, At safepoint: 242200 ns, Total: 564700 ns
[2020-04-26T16:18:18.972+0000][1][safepoint    ] Safepoint "Cleanup", Time since last: 5001757000 ns, Reaching safepoint: 165700 ns, At safepoint: 53900 ns, Total: 219600 ns
[2020-04-26T16:18:20.973+0000][1][safepoint    ] Safepoint "Cleanup", Time since last: 2000587200 ns, Reaching safepoint: 812300 ns, At safepoint: 155600 ns, Total: 967900 ns
[2020-04-26T16:18:22.974+0000][1][safepoint    ] Safepoint "Cleanup", Time since last: 2000544800 ns, Reaching safepoint: 369100 ns, At safepoint: 152500 ns, Total: 521600 ns
[2020-04-26T16:18:23.975+0000][1][safepoint    ] Safepoint "Cleanup", Time since last: 1000414100 ns, Reaching safepoint: 390100 ns, At safepoint: 162000 ns, Total: 552100 ns
[2020-04-26T16:18:23.999+0000][1][safepoint    ] Safepoint "RevokeBias", Time since last: 23248200 ns, Reaching safepoint: 129300 ns, At safepoint: 93600 ns, Total: 222900 ns
[2020-04-26T16:18:23.999+0000][1][safepoint    ] Safepoint "RevokeBias", Time since last: 177900 ns, Reaching safepoint: 86700 ns, At safepoint: 88000 ns, Total: 174700 ns
[2020-04-26T16:18:24.018+0000][1][safepoint    ] Safepoint "RevokeBias", Time since last: 18693900 ns, Reaching safepoint: 96800 ns, At safepoint: 35300 ns, Total: 132100 ns
[2020-04-26T16:18:24.019+0000][1][safepoint    ] Safepoint "RevokeBias", Time since last: 535200 ns, Reaching safepoint: 164800 ns, At safepoint: 84500 ns, Total: 249300 ns
[2020-04-26T16:18:24.021+0000][1][safepoint    ] Safepoint "RevokeBias", Time since last: 2169400 ns, Reaching safepoint: 110700 ns, At safepoint: 71200 ns, Total: 181900 ns
[2020-04-26T16:18:24.021+0000][1][safepoint    ] Safepoint "RevokeBias", Time since last: 192600 ns, Reaching safepoint: 97500 ns, At safepoint: 43900 ns, Total: 141400 ns
[2020-04-26T16:18:24.021+0000][1][safepoint    ] Safepoint "RevokeBias", Time since last: 152400 ns, Reaching safepoint: 58400 ns, At safepoint: 31800 ns, Total: 90200 ns
[2020-04-26T16:18:24.022+0000][1][safepoint    ] Safepoint "RevokeBias", Time since last: 208400 ns, Reaching safepoint: 56600 ns, At safepoint: 31500 ns, Total: 88100 ns
[2020-04-26T16:18:24.022+0000][1][safepoint    ] Safepoint "RevokeBias", Time since last: 232300 ns, Reaching safepoint: 56600 ns, At safepoint: 51600 ns, Total: 108200 ns
[2020-04-26T16:18:24.022+0000][1][safepoint    ] Safepoint "RevokeBias", Time since last: 134600 ns, Reaching safepoint: 56300 ns, At safepoint: 30400 ns, Total: 86700 ns
[2020-04-26T16:18:24.023+0000][1][safepoint    ] Safepoint "RevokeBias", Time since last: 205000 ns, Reaching safepoint: 87300 ns, At safepoint: 30500 ns, Total: 117800 ns
[2020-04-26T16:18:24.023+0000][1][safepoint    ] Safepoint "RevokeBias", Time since last: 168800 ns, Reaching safepoint: 56100 ns, At safepoint: 30400 ns, Total: 86500 ns
[2020-04-26T16:18:24.023+0000][1][safepoint    ] Safepoint "RevokeBias", Time since last: 265100 ns, Reaching safepoint: 84700 ns, At safepoint: 51700 ns, Total: 136400 ns
[2020-04-26T16:18:24.024+0000][1][safepoint    ] Safepoint "RevokeBias", Time since last: 283000 ns, Reaching safepoint: 57900 ns, At safepoint: 30200 ns, Total: 88100 ns
[2020-04-26T16:18:24.024+0000][1][safepoint    ] Safepoint "RevokeBias", Time since last: 160200 ns, Reaching safepoint: 57400 ns, At safepoint: 30100 ns, Total: 87500 ns
[2020-04-26T16:18:24.026+0000][1][safepoint    ] Safepoint "RevokeBias", Time since last: 2162300 ns, Reaching safepoint: 62900 ns, At safepoint: 42700 ns, Total: 105600 ns
[2020-04-26T16:18:24.030+0000][1][safepoint    ] Safepoint "RevokeBias", Time since last: 3982900 ns, Reaching safepoint: 204500 ns, At safepoint: 83700 ns, Total: 288200 ns
[2020-04-26T16:18:24.031+0000][1][safepoint    ] Safepoint "RevokeBias", Time since last: 366500 ns, Reaching safepoint: 127000 ns, At safepoint: 47200 ns, Total: 174200 ns
[2020-04-26T16:18:25.032+0000][1][safepoint    ] Safepoint "Cleanup", Time since last: 1000367100 ns, Reaching safepoint: 432000 ns, At safepoint: 219600 ns, Total: 651600 ns
[2020-04-26T16:18:26.533+0000][1][gc,start     ] GC(20) Pause Young (Allocation Failure)
[2020-04-26T16:18:26.533+0000][1][gc,task      ] GC(20) Using 10 workers of 10 for evacuation
[2020-04-26T16:18:26.539+0000][1][gc,age       ] GC(20) Desired survivor size 8945664 bytes, new threshold 6 (max threshold 6)
[2020-04-26T16:18:26.539+0000][1][gc,age       ] GC(20) Age table with threshold 6 (max threshold 6)
[2020-04-26T16:18:26.539+0000][1][gc,age       ] GC(20) - age   1:     250256 bytes,     250256 total
[2020-04-26T16:18:26.539+0000][1][gc,age       ] GC(20) - age   2:     707144 bytes,     957400 total
[2020-04-26T16:18:26.539+0000][1][gc,age       ] GC(20) - age   3:    3866448 bytes,    4823848 total
[2020-04-26T16:18:26.539+0000][1][gc,heap      ] GC(20) ParNew: 146814K->7764K(157248K)
[2020-04-26T16:18:26.539+0000][1][gc,heap      ] GC(20) CMS: 76886K->76886K(349568K)
[2020-04-26T16:18:26.539+0000][1][gc,metaspace ] GC(20) Metaspace: 92294K->92294K(1134592K)
[2020-04-26T16:18:26.539+0000][1][gc           ] GC(20) Pause Young (Allocation Failure) 218M->82M(494M) 6.921ms
[2020-04-26T16:18:26.539+0000][1][gc,cpu       ] GC(20) User=0.05s Sys=0.00s Real=0.01s
[2020-04-26T16:18:26.539+0000][1][safepoint    ] Safepoint "GenCollectForAllocation", Time since last: 1500086900 ns, Reaching safepoint: 278800 ns, At safepoint: 7011600 ns, Total: 7290400 ns
[2020-04-26T16:18:27.540+0000][1][safepoint    ] Safepoint "Cleanup", Time since last: 1000174300 ns, Reaching safepoint: 137200 ns, At safepoint: 29100 ns, Total: 166300 ns
[2020-04-26T16:18:28.951+0000][1][safepoint    ] Safepoint "RevokeBias", Time since last: 1410895900 ns, Reaching safepoint: 362400 ns, At safepoint: 171600 ns, Total: 534000 ns
[2020-04-26T16:18:28.952+0000][1][safepoint    ] Safepoint "RevokeBias", Time since last: 631300 ns, Reaching safepoint: 327800 ns, At safepoint: 152600 ns, Total: 480400 ns
[2020-04-26T16:18:28.953+0000][1][safepoint    ] Safepoint "RevokeBias", Time since last: 636800 ns, Reaching safepoint: 321000 ns, At safepoint: 175900 ns, Total: 496900 ns
[2020-04-26T16:18:28.954+0000][1][safepoint    ] Safepoint "RevokeBias", Time since last: 530300 ns, Reaching safepoint: 314100 ns, At safepoint: 165300 ns, Total: 479400 ns
[2020-04-26T16:18:28.956+0000][1][safepoint    ] Safepoint "RevokeBias", Time since last: 584200 ns, Reaching safepoint: 308400 ns, At safepoint: 166400 ns, Total: 474800 ns
[2020-04-26T16:18:28.957+0000][1][safepoint    ] Safepoint "RevokeBias", Time since last: 671300 ns, Reaching safepoint: 341100 ns, At safepoint: 177000 ns, Total: 518100 ns
[2020-04-26T16:18:28.958+0000][1][safepoint    ] Safepoint "RevokeBias", Time since last: 554900 ns, Reaching safepoint: 318300 ns, At safepoint: 438600 ns, Total: 756900 ns
[2020-04-26T16:18:28.959+0000][1][safepoint    ] Safepoint "RevokeBias", Time since last: 651000 ns, Reaching safepoint: 334100 ns, At safepoint: 162000 ns, Total: 496100 ns
[2020-04-26T16:18:30.960+0000][1][safepoint    ] Safepoint "Cleanup", Time since last: 2000991700 ns, Reaching safepoint: 134100 ns, At safepoint: 37100 ns, Total: 171200 ns
[2020-04-26T16:18:31.961+0000][1][safepoint    ] Safepoint "Cleanup", Time since last: 1000594600 ns, Reaching safepoint: 379900 ns, At safepoint: 131900 ns, Total: 511800 ns
[2020-04-26T16:18:32.962+0000][1][safepoint    ] Safepoint "Cleanup", Time since last: 1000280100 ns, Reaching safepoint: 161800 ns, At safepoint: 46600 ns, Total: 208400 ns
[2020-04-26T16:18:34.963+0000][1][safepoint    ] Safepoint "Cleanup", Time since last: 2000947600 ns, Reaching safepoint: 401900 ns, At safepoint: 143600 ns, Total: 545500 ns
[2020-04-26T16:18:35.964+0000][1][safepoint    ] Safepoint "Cleanup", Time since last: 1000357900 ns, Reaching safepoint: 282400 ns, At safepoint: 73400 ns, Total: 355800 ns
[2020-04-26T16:18:36.965+0000][1][safepoint    ] Safepoint "Cleanup", Time since last: 1000543900 ns, Reaching safepoint: 133100 ns, At safepoint: 31100 ns, Total: 164200 ns
[2020-04-26T16:18:37.966+0000][1][safepoint    ] Safepoint "Cleanup", Time since last: 1000662700 ns, Reaching safepoint: 419200 ns, At safepoint: 140400 ns, Total: 559600 ns
[2020-04-26T16:18:38.953+0000][1][safepoint    ] Safepoint "RevokeBias", Time since last: 986049400 ns, Reaching safepoint: 565800 ns, At safepoint: 189900 ns, Total: 755700 ns
[2020-04-26T16:18:41.954+0000][1][safepoint    ] Safepoint "Cleanup", Time since last: 3000939700 ns, Reaching safepoint: 312600 ns, At safepoint: 79700 ns, Total: 392300 ns
[2020-04-26T16:18:42.955+0000][1][safepoint    ] Safepoint "Cleanup", Time since last: 1000417000 ns, Reaching safepoint: 392200 ns, At safepoint: 134800 ns, Total: 527000 ns
[2020-04-26T16:18:44.956+0000][1][safepoint    ] Safepoint "Cleanup", Time since last: 2000417600 ns, Reaching safepoint: 311000 ns, At safepoint: 78600 ns, Total: 389600 ns
[2020-04-26T16:18:47.958+0000][1][safepoint    ] Safepoint "Cleanup", Time since last: 3001151900 ns, Reaching safepoint: 359700 ns, At safepoint: 81300 ns, Total: 441000 ns
[2020-04-26T16:18:48.962+0000][1][safepoint    ] Safepoint "Cleanup", Time since last: 1003601200 ns, Reaching safepoint: 375900 ns, At safepoint: 131500 ns, Total: 507400 ns
[2020-04-26T16:18:50.963+0000][1][safepoint    ] Safepoint "Cleanup", Time since last: 2001171500 ns, Reaching safepoint: 130700 ns, At safepoint: 50600 ns, Total: 181300 ns
[2020-04-26T16:18:52.965+0000][1][safepoint    ] Safepoint "Cleanup", Time since last: 2001279300 ns, Reaching safepoint: 387400 ns, At safepoint: 131900 ns, Total: 519300 ns
[2020-04-26T16:18:53.965+0000][1][safepoint    ] Safepoint "Cleanup", Time since last: 1000395900 ns, Reaching safepoint: 147300 ns, At safepoint: 39000 ns, Total: 186300 ns
[2020-04-26T16:18:57.968+0000][1][safepoint    ] Safepoint "Cleanup", Time since last: 4001909200 ns, Reaching safepoint: 183000 ns, At safepoint: 55000 ns, Total: 238000 ns
[2020-04-26T16:18:58.968+0000][1][safepoint    ] Safepoint "Cleanup", Time since last: 1000208700 ns, Reaching safepoint: 116100 ns, At safepoint: 30900 ns, Total: 147000 ns
[2020-04-26T16:19:00.772+0000][1][safepoint    ] Safepoint "Cleanup", Time since last: 1803551700 ns, Reaching safepoint: 152100 ns, At safepoint: 37800 ns, Total: 189900 ns
[2020-04-26T16:19:02.774+0000][1][safepoint    ] Safepoint "Cleanup", Time since last: 2000765000 ns, Reaching safepoint: 826200 ns, At safepoint: 365700 ns, Total: 1191900 ns
[2020-04-26T16:19:09.777+0000][1][safepoint    ] Safepoint "Cleanup", Time since last: 7002489600 ns, Reaching safepoint: 554100 ns, At safepoint: 129100 ns, Total: 683200 ns
[2020-04-26T16:19:11.778+0000][1][safepoint    ] Safepoint "Cleanup", Time since last: 2000444500 ns, Reaching safepoint: 375900 ns, At safepoint: 236100 ns, Total: 612000 ns
[2020-04-26T16:19:12.779+0000][1][safepoint    ] Safepoint "Cleanup", Time since last: 1000444300 ns, Reaching safepoint: 224700 ns, At safepoint: 69600 ns, Total: 294300 ns
[2020-04-26T16:19:17.781+0000][1][safepoint    ] Safepoint "Cleanup", Time since last: 5002071500 ns, Reaching safepoint: 129800 ns, At safepoint: 27600 ns, Total: 157400 ns
[2020-04-26T16:19:18.781+0000][1][safepoint    ] Safepoint "Cleanup", Time since last: 1000170500 ns, Reaching safepoint: 127100 ns, At safepoint: 44000 ns, Total: 171100 ns
[2020-04-26T16:19:20.782+0000][1][safepoint    ] Safepoint "Cleanup", Time since last: 2000589400 ns, Reaching safepoint: 118700 ns, At safepoint: 77700 ns, Total: 196400 ns
[2020-04-26T16:19:22.783+0000][1][safepoint    ] Safepoint "Cleanup", Time since last: 2000755100 ns, Reaching safepoint: 448900 ns, At safepoint: 124400 ns, Total: 573300 ns
[2020-04-26T16:19:23.784+0000][1][safepoint    ] Safepoint "Cleanup", Time since last: 1000182200 ns, Reaching safepoint: 121200 ns, At safepoint: 30300 ns, Total: 151500 ns
[2020-04-26T16:19:26.785+0000][1][safepoint    ] Safepoint "Cleanup", Time since last: 3001005800 ns, Reaching safepoint: 211800 ns, At safepoint: 55300 ns, Total: 267100 ns
[2020-04-26T16:19:32.788+0000][1][safepoint    ] Safepoint "Cleanup", Time since last: 6002659200 ns, Reaching safepoint: 389800 ns, At safepoint: 280500 ns, Total: 670300 ns
[2020-04-26T16:19:35.790+0000][1][safepoint    ] Safepoint "Cleanup", Time since last: 3001290900 ns, Reaching safepoint: 113200 ns, At safepoint: 29500 ns, Total: 142700 ns
[2020-04-26T16:19:36.790+0000][1][safepoint    ] Safepoint "Cleanup", Time since last: 1000333700 ns, Reaching safepoint: 361600 ns, At safepoint: 121800 ns, Total: 483400 ns
[2020-04-26T16:19:37.791+0000][1][safepoint    ] Safepoint "Cleanup", Time since last: 1000666600 ns, Reaching safepoint: 267300 ns, At safepoint: 66400 ns, Total: 333700 ns
[2020-04-26T16:19:39.793+0000][1][safepoint    ] Safepoint "Cleanup", Time since last: 2000663100 ns, Reaching safepoint: 375900 ns, At safepoint: 166400 ns, Total: 542300 ns
[2020-04-26T16:19:47.796+0000][1][safepoint    ] Safepoint "Cleanup", Time since last: 8003163300 ns, Reaching safepoint: 136300 ns, At safepoint: 30700 ns, Total: 167000 ns
[2020-04-26T16:19:50.797+0000][1][safepoint    ] Safepoint "Cleanup", Time since last: 3000541800 ns, Reaching safepoint: 116600 ns, At safepoint: 27700 ns, Total: 144300 ns
[2020-04-26T16:19:53.798+0000][1][safepoint    ] Safepoint "Cleanup", Time since last: 3000693300 ns, Reaching safepoint: 635000 ns, At safepoint: 200200 ns, Total: 835200 ns
[2020-04-26T16:19:57.801+0000][1][safepoint    ] Safepoint "Cleanup", Time since last: 4002033800 ns, Reaching safepoint: 537000 ns, At safepoint: 139800 ns, Total: 676800 ns
[2020-04-26T16:19:59.802+0000][1][safepoint    ] Safepoint "Cleanup", Time since last: 2000633300 ns, Reaching safepoint: 752900 ns, At safepoint: 152500 ns, Total: 905400 ns
[2020-04-26T16:20:05.805+0000][1][safepoint    ] Safepoint "Cleanup", Time since last: 6002009700 ns, Reaching safepoint: 368700 ns, At safepoint: 132600 ns, Total: 501300 ns
[2020-04-26T16:20:07.806+0000][1][safepoint    ] Safepoint "Cleanup", Time since last: 2000468300 ns, Reaching safepoint: 168500 ns, At safepoint: 114800 ns, Total: 283300 ns
[2020-04-26T16:20:08.806+0000][1][safepoint    ] Safepoint "Cleanup", Time since last: 1000316000 ns, Reaching safepoint: 127300 ns, At safepoint: 31500 ns, Total: 158800 ns
[2020-04-26T16:20:09.807+0000][1][safepoint    ] Safepoint "Cleanup", Time since last: 1000546800 ns, Reaching safepoint: 217500 ns, At safepoint: 43000 ns, Total: 260500 ns
[2020-04-26T16:20:14.808+0000][1][safepoint    ] Safepoint "Cleanup", Time since last: 5001165100 ns, Reaching safepoint: 233000 ns, At safepoint: 78300 ns, Total: 311300 ns
[2020-04-26T16:20:17.810+0000][1][safepoint    ] Safepoint "Cleanup", Time since last: 3000816800 ns, Reaching safepoint: 331000 ns, At safepoint: 74700 ns, Total: 405700 ns
[2020-04-26T16:20:18.810+0000][1][safepoint    ] Safepoint "Cleanup", Time since last: 1000306500 ns, Reaching safepoint: 298400 ns, At safepoint: 68700 ns, Total: 367100 ns
[2020-04-26T16:20:22.812+0000][1][safepoint    ] Safepoint "Cleanup", Time since last: 4001581800 ns, Reaching safepoint: 171100 ns, At safepoint: 51100 ns, Total: 222200 ns
[2020-04-26T16:20:29.815+0000][1][safepoint    ] Safepoint "Cleanup", Time since last: 7002191400 ns, Reaching safepoint: 250100 ns, At safepoint: 78500 ns, Total: 328600 ns
[2020-04-26T16:20:32.816+0000][1][safepoint    ] Safepoint "Cleanup", Time since last: 3000925400 ns, Reaching safepoint: 154000 ns, At safepoint: 25800 ns, Total: 179800 ns
[2020-04-26T16:20:33.816+0000][1][safepoint    ] Safepoint "Cleanup", Time since last: 1000146600 ns, Reaching safepoint: 111000 ns, At safepoint: 26000 ns, Total: 137000 ns
[2020-04-26T16:20:34.817+0000][1][safepoint    ] Safepoint "Cleanup", Time since last: 1000746000 ns, Reaching safepoint: 347900 ns, At safepoint: 131800 ns, Total: 479700 ns
[2020-04-26T16:20:35.818+0000][1][safepoint    ] Safepoint "Cleanup", Time since last: 1000556900 ns, Reaching safepoint: 380200 ns, At safepoint: 204000 ns, Total: 584200 ns
[2020-04-26T16:20:37.820+0000][1][safepoint    ] Safepoint "Cleanup", Time since last: 2000731800 ns, Reaching safepoint: 584200 ns, At safepoint: 154000 ns, Total: 738200 ns
[2020-04-26T16:20:38.820+0000][1][safepoint    ] Safepoint "Cleanup", Time since last: 1000277800 ns, Reaching safepoint: 125200 ns, At safepoint: 27700 ns, Total: 152900 ns
[2020-04-26T16:20:42.821+0000][1][safepoint    ] Safepoint "Cleanup", Time since last: 4000751600 ns, Reaching safepoint: 172800 ns, At safepoint: 27900 ns, Total: 200700 ns
[2020-04-26T16:20:44.822+0000][1][safepoint    ] Safepoint "Cleanup", Time since last: 2000351200 ns, Reaching safepoint: 137100 ns, At safepoint: 35100 ns, Total: 172200 ns
[2020-04-26T16:20:45.822+0000][1][safepoint    ] Safepoint "Cleanup", Time since last: 1000220000 ns, Reaching safepoint: 124700 ns, At safepoint: 91500 ns, Total: 216200 ns
[2020-04-26T16:20:46.823+0000][1][safepoint    ] Safepoint "Cleanup", Time since last: 1000218700 ns, Reaching safepoint: 146500 ns, At safepoint: 31700 ns, Total: 178200 ns
[2020-04-26T16:20:51.824+0000][1][safepoint    ] Safepoint "Cleanup", Time since last: 5001105900 ns, Reaching safepoint: 140800 ns, At safepoint: 29900 ns, Total: 170700 ns
[2020-04-26T16:20:52.825+0000][1][safepoint    ] Safepoint "Cleanup", Time since last: 1000517200 ns, Reaching safepoint: 122800 ns, At safepoint: 47000 ns, Total: 169800 ns
[2020-04-26T16:20:53.825+0000][1][safepoint    ] Safepoint "Cleanup", Time since last: 1000472000 ns, Reaching safepoint: 161000 ns, At safepoint: 48400 ns, Total: 209400 ns
[2020-04-26T16:20:56.826+0000][1][safepoint    ] Safepoint "Cleanup", Time since last: 3001085800 ns, Reaching safepoint: 115600 ns, At safepoint: 30600 ns, Total: 146200 ns
[2020-04-26T16:21:02.829+0000][1][safepoint    ] Safepoint "Cleanup", Time since last: 6001861800 ns, Reaching safepoint: 125000 ns, At safepoint: 26200 ns, Total: 151200 ns
[2020-04-26T16:21:04.830+0000][1][safepoint    ] Safepoint "Cleanup", Time since last: 2001240600 ns, Reaching safepoint: 158700 ns, At safepoint: 47100 ns, Total: 205800 ns
[2020-04-26T16:21:07.832+0000][1][safepoint    ] Safepoint "Cleanup", Time since last: 3001072700 ns, Reaching safepoint: 392300 ns, At safepoint: 134000 ns, Total: 526300 ns
[2020-04-26T16:21:09.833+0000][1][safepoint    ] Safepoint "Cleanup", Time since last: 2000962100 ns, Reaching safepoint: 220000 ns, At safepoint: 69400 ns, Total: 289400 ns
[2020-04-26T16:21:11.834+0000][1][safepoint    ] Safepoint "Cleanup", Time since last: 2000634100 ns, Reaching safepoint: 106100 ns, At safepoint: 27500 ns, Total: 133600 ns
[2020-04-26T16:21:19.836+0000][1][safepoint    ] Safepoint "Cleanup", Time since last: 8002533500 ns, Reaching safepoint: 133600 ns, At safepoint: 32900 ns, Total: 166500 ns
[2020-04-26T16:21:22.838+0000][1][safepoint    ] Safepoint "Cleanup", Time since last: 3001411600 ns, Reaching safepoint: 230400 ns, At safepoint: 58100 ns, Total: 288500 ns
[2020-04-26T16:21:23.838+0000][1][safepoint    ] Safepoint "Cleanup", Time since last: 1000142500 ns, Reaching safepoint: 126800 ns, At safepoint: 48000 ns, Total: 174800 ns
[2020-04-26T16:21:26.684+0000][1][gc,start     ] GC(21) Pause Young (Allocation Failure)
[2020-04-26T16:21:26.684+0000][1][gc,task      ] GC(21) Using 10 workers of 10 for evacuation
[2020-04-26T16:21:26.692+0000][1][gc,age       ] GC(21) Desired survivor size 8945664 bytes, new threshold 6 (max threshold 6)
[2020-04-26T16:21:26.693+0000][1][gc,age       ] GC(21) Age table with threshold 6 (max threshold 6)
[2020-04-26T16:21:26.693+0000][1][gc,age       ] GC(21) - age   1:     271800 bytes,     271800 total
[2020-04-26T16:21:26.693+0000][1][gc,age       ] GC(21) - age   2:     199208 bytes,     471008 total
[2020-04-26T16:21:26.693+0000][1][gc,age       ] GC(21) - age   3:     707064 bytes,    1178072 total
[2020-04-26T16:21:26.693+0000][1][gc,age       ] GC(21) - age   4:    3866536 bytes,    5044608 total
[2020-04-26T16:21:26.693+0000][1][gc,heap      ] GC(21) ParNew: 147540K->7365K(157248K)
[2020-04-26T16:21:26.693+0000][1][gc,heap      ] GC(21) CMS: 76886K->76886K(349568K)
[2020-04-26T16:21:26.693+0000][1][gc,metaspace ] GC(21) Metaspace: 92700K->92700K(1134592K)
[2020-04-26T16:21:26.693+0000][1][gc           ] GC(21) Pause Young (Allocation Failure) 219M->82M(494M) 8.634ms
[2020-04-26T16:21:26.693+0000][1][gc,cpu       ] GC(21) User=0.06s Sys=0.00s Real=0.01s
[2020-04-26T16:21:26.693+0000][1][safepoint    ] Safepoint "GenCollectForAllocation", Time since last: 2845228100 ns, Reaching safepoint: 375100 ns, At safepoint: 8735200 ns, Total: 9110300 ns
[2020-04-26T16:21:27.693+0000][1][safepoint    ] Safepoint "Cleanup", Time since last: 1000527500 ns, Reaching safepoint: 185400 ns, At safepoint: 48300 ns, Total: 233700 ns
[2020-04-26T16:21:36.698+0000][1][safepoint    ] Safepoint "Cleanup", Time since last: 9004352300 ns, Reaching safepoint: 473300 ns, At safepoint: 133900 ns, Total: 607200 ns
[2020-04-26T16:21:39.699+0000][1][safepoint    ] Safepoint "Cleanup", Time since last: 3000824000 ns, Reaching safepoint: 218300 ns, At safepoint: 69600 ns, Total: 287900 ns
[2020-04-26T16:21:48.703+0000][1][safepoint    ] Safepoint "Cleanup", Time since last: 9003221900 ns, Reaching safepoint: 129200 ns, At safepoint: 27400 ns, Total: 156600 ns
[2020-04-26T16:21:49.704+0000][1][safepoint    ] Safepoint "Cleanup", Time since last: 1000393700 ns, Reaching safepoint: 383900 ns, At safepoint: 136300 ns, Total: 520200 ns
[2020-04-26T16:22:04.709+0000][1][safepoint    ] Safepoint "Cleanup", Time since last: 15005230100 ns, Reaching safepoint: 118200 ns, At safepoint: 29200 ns, Total: 147400 ns
[2020-04-26T16:22:06.710+0000][1][safepoint    ] Safepoint "Cleanup", Time since last: 2000686900 ns, Reaching safepoint: 140300 ns, At safepoint: 39500 ns, Total: 179800 ns
[2020-04-26T16:22:09.711+0000][1][safepoint    ] Safepoint "Cleanup", Time since last: 3001102300 ns, Reaching safepoint: 127700 ns, At safepoint: 36700 ns, Total: 164400 ns
[2020-04-26T16:22:12.056+0000][1][safepoint    ] Safepoint "RevokeBias", Time since last: 2344901300 ns, Reaching safepoint: 129200 ns, At safepoint: 42200 ns, Total: 171400 ns
[2020-04-26T16:22:12.060+0000][1][safepoint    ] Safepoint "RevokeBias", Time since last: 3540400 ns, Reaching safepoint: 155100 ns, At safepoint: 57100 ns, Total: 212200 ns
[2020-04-26T16:22:12.061+0000][1][safepoint    ] Safepoint "RevokeBias", Time since last: 872600 ns, Reaching safepoint: 172300 ns, At safepoint: 102500 ns, Total: 274800 ns
[2020-04-26T16:22:13.062+0000][1][safepoint    ] Safepoint "Cleanup", Time since last: 1000195900 ns, Reaching safepoint: 195700 ns, At safepoint: 56700 ns, Total: 252400 ns
[2020-04-26T16:22:15.062+0000][1][safepoint    ] Safepoint "Cleanup", Time since last: 2000317800 ns, Reaching safepoint: 140500 ns, At safepoint: 26300 ns, Total: 166800 ns
[2020-04-26T16:22:16.062+0000][1][safepoint    ] Safepoint "Cleanup", Time since last: 1000148700 ns, Reaching safepoint: 125200 ns, At safepoint: 47200 ns, Total: 172400 ns
[2020-04-26T16:22:17.063+0000][1][safepoint    ] Safepoint "Cleanup", Time since last: 1000125200 ns, Reaching safepoint: 159400 ns, At safepoint: 27400 ns, Total: 186800 ns
[2020-04-26T16:22:18.066+0000][1][safepoint    ] Safepoint "Cleanup", Time since last: 1003122100 ns, Reaching safepoint: 115400 ns, At safepoint: 26900 ns, Total: 142300 ns
[2020-04-26T16:22:18.266+0000][1][safepoint    ] Safepoint "BulkRevokeBias", Time since last: 198417800 ns, Reaching safepoint: 211000 ns, At safepoint: 965300 ns, Total: 1176300 ns
[2020-04-26T16:22:18.274+0000][1][safepoint    ] Safepoint "RevokeBias", Time since last: 7526700 ns, Reaching safepoint: 200800 ns, At safepoint: 106900 ns, Total: 307700 ns
[2020-04-26T16:22:18.275+0000][1][safepoint    ] Safepoint "RevokeBias", Time since last: 710900 ns, Reaching safepoint: 235500 ns, At safepoint: 89100 ns, Total: 324600 ns
[2020-04-26T16:22:18.284+0000][1][safepoint    ] Safepoint "RevokeBias", Time since last: 8732900 ns, Reaching safepoint: 254700 ns, At safepoint: 71000 ns, Total: 325700 ns
[2020-04-26T16:22:18.285+0000][1][safepoint    ] Safepoint "RevokeBias", Time since last: 838800 ns, Reaching safepoint: 336500 ns, At safepoint: 109300 ns, Total: 445800 ns
[2020-04-26T16:22:18.421+0000][1][safepoint    ] Safepoint "RevokeBias", Time since last: 136077100 ns, Reaching safepoint: 162200 ns, At safepoint: 52400 ns, Total: 214600 ns
[2020-04-26T16:22:19.422+0000][1][safepoint    ] Safepoint "Cleanup", Time since last: 1000566600 ns, Reaching safepoint: 349500 ns, At safepoint: 112700 ns, Total: 462200 ns
[2020-04-26T16:22:23.424+0000][1][safepoint    ] Safepoint "Cleanup", Time since last: 4001322600 ns, Reaching safepoint: 156100 ns, At safepoint: 60100 ns, Total: 216200 ns
[2020-04-26T16:22:24.425+0000][1][safepoint    ] Safepoint "Cleanup", Time since last: 1000379400 ns, Reaching safepoint: 398800 ns, At safepoint: 137000 ns, Total: 535800 ns
[2020-04-26T16:22:27.426+0000][1][safepoint    ] Safepoint "Cleanup", Time since last: 3000986300 ns, Reaching safepoint: 165900 ns, At safepoint: 47700 ns, Total: 213600 ns
[2020-04-26T16:22:30.427+0000][1][safepoint    ] Safepoint "Cleanup", Time since last: 3000810100 ns, Reaching safepoint: 479100 ns, At safepoint: 125300 ns, Total: 604400 ns
[2020-04-26T16:22:33.428+0000][1][safepoint    ] Safepoint "Cleanup", Time since last: 3000787500 ns, Reaching safepoint: 195500 ns, At safepoint: 51200 ns, Total: 246700 ns
[2020-04-26T16:22:36.430+0000][1][safepoint    ] Safepoint "Cleanup", Time since last: 3001046400 ns, Reaching safepoint: 126700 ns, At safepoint: 31300 ns, Total: 158000 ns
[2020-04-26T16:22:42.432+0000][1][safepoint    ] Safepoint "Cleanup", Time since last: 6002269500 ns, Reaching safepoint: 462300 ns, At safepoint: 128600 ns, Total: 590900 ns
[2020-04-26T16:22:45.434+0000][1][safepoint    ] Safepoint "Cleanup", Time since last: 3000974700 ns, Reaching safepoint: 377200 ns, At safepoint: 132500 ns, Total: 509700 ns
[2020-04-26T16:22:48.435+0000][1][safepoint    ] Safepoint "Cleanup", Time since last: 3001002300 ns, Reaching safepoint: 174300 ns, At safepoint: 46100 ns, Total: 220400 ns
[2020-04-26T16:22:51.437+0000][1][safepoint    ] Safepoint "Cleanup", Time since last: 3001499200 ns, Reaching safepoint: 347700 ns, At safepoint: 118700 ns, Total: 466400 ns
[2020-04-26T16:22:52.438+0000][1][safepoint    ] Safepoint "Cleanup", Time since last: 1000595800 ns, Reaching safepoint: 399800 ns, At safepoint: 129600 ns, Total: 529400 ns
[2020-04-26T16:22:52.785+0000][1][safepoint    ] Safepoint "RevokeBias", Time since last: 346899200 ns, Reaching safepoint: 145400 ns, At safepoint: 60400 ns, Total: 205800 ns
[2020-04-26T16:22:52.786+0000][1][safepoint    ] Safepoint "RevokeBias", Time since last: 292800 ns, Reaching safepoint: 118400 ns, At safepoint: 57800 ns, Total: 176200 ns
[2020-04-26T16:22:52.825+0000][1][safepoint    ] Safepoint "RevokeBias", Time since last: 38959500 ns, Reaching safepoint: 396500 ns, At safepoint: 225200 ns, Total: 621700 ns
[2020-04-26T16:22:52.826+0000][1][safepoint    ] Safepoint "RevokeBias", Time since last: 635200 ns, Reaching safepoint: 372800 ns, At safepoint: 154200 ns, Total: 527000 ns
[2020-04-26T16:22:52.843+0000][1][safepoint    ] Safepoint "RevokeBias", Time since last: 16060700 ns, Reaching safepoint: 116600 ns, At safepoint: 43400 ns, Total: 160000 ns
[2020-04-26T16:22:52.897+0000][1][safepoint    ] Safepoint "RevokeBias", Time since last: 54075100 ns, Reaching safepoint: 172500 ns, At safepoint: 68600 ns, Total: 241100 ns
[2020-04-26T16:22:52.898+0000][1][safepoint    ] Safepoint "RevokeBias", Time since last: 297100 ns, Reaching safepoint: 126400 ns, At safepoint: 63800 ns, Total: 190200 ns
[2020-04-26T16:22:53.220+0000][1][safepoint    ] Safepoint "RevokeBias", Time since last: 321875200 ns, Reaching safepoint: 110200 ns, At safepoint: 36800 ns, Total: 147000 ns
[2020-04-26T16:22:53.234+0000][1][safepoint    ] Safepoint "RevokeBias", Time since last: 14203500 ns, Reaching safepoint: 103600 ns, At safepoint: 39200 ns, Total: 142800 ns
[2020-04-26T16:22:54.681+0000][1][safepoint    ] Safepoint "CollectForMetadataAllocation", Time since last: 1446019700 ns, Reaching safepoint: 428000 ns, At safepoint: 582400 ns, Total: 1010400 ns
[2020-04-26T16:22:54.682+0000][1][gc,start     ] GC(22) Pause Initial Mark
[2020-04-26T16:22:54.694+0000][1][gc           ] GC(22) Pause Initial Mark 154M->154M(494M) 11.367ms
[2020-04-26T16:22:54.694+0000][1][gc,cpu       ] GC(22) User=0.09s Sys=0.00s Real=0.02s
[2020-04-26T16:22:54.694+0000][1][safepoint    ] Safepoint "CMS_Initial_Mark", Time since last: 852300 ns, Reaching safepoint: 373200 ns, At safepoint: 11497000 ns, Total: 11870200 ns
[2020-04-26T16:22:54.694+0000][1][gc           ] GC(22) Concurrent Mark
[2020-04-26T16:22:54.694+0000][1][gc,task      ] GC(22) Using 3 workers of 3 for marking
[2020-04-26T16:22:54.722+0000][1][gc           ] GC(22) Concurrent Mark 27.990ms
[2020-04-26T16:22:54.722+0000][1][gc,cpu       ] GC(22) User=0.09s Sys=0.00s Real=0.02s
[2020-04-26T16:22:54.722+0000][1][gc           ] GC(22) Concurrent Preclean
[2020-04-26T16:22:54.724+0000][1][gc           ] GC(22) Concurrent Preclean 2.668ms
[2020-04-26T16:22:54.724+0000][1][gc,cpu       ] GC(22) User=0.00s Sys=0.00s Real=0.01s
[2020-04-26T16:22:54.724+0000][1][gc           ] GC(22) Concurrent Abortable Preclean
[2020-04-26T16:22:59.804+0000][1][gc           ] GC(22) Concurrent Abortable Preclean 5079.616ms
[2020-04-26T16:22:59.804+0000][1][gc,cpu       ] GC(22) User=1.11s Sys=0.00s Real=5.08s
[2020-04-26T16:22:59.805+0000][1][gc,start     ] GC(22) Pause Remark
[2020-04-26T16:22:59.860+0000][1][gc           ] GC(22) Pause Remark 157M->157M(494M) 55.482ms
[2020-04-26T16:22:59.860+0000][1][gc,cpu       ] GC(22) User=0.17s Sys=0.01s Real=0.05s
[2020-04-26T16:22:59.860+0000][1][safepoint    ] Safepoint "CMS_Final_Remark", Time since last: 5110606600 ns, Reaching safepoint: 308800 ns, At safepoint: 55631100 ns, Total: 55939900 ns
[2020-04-26T16:22:59.860+0000][1][gc           ] GC(22) Concurrent Sweep
[2020-04-26T16:22:59.896+0000][1][gc           ] GC(22) Concurrent Sweep 35.826ms
[2020-04-26T16:22:59.896+0000][1][gc,cpu       ] GC(22) User=0.07s Sys=0.00s Real=0.04s
[2020-04-26T16:22:59.896+0000][1][gc           ] GC(22) Concurrent Reset
[2020-04-26T16:22:59.897+0000][1][gc           ] GC(22) Concurrent Reset 0.915ms
[2020-04-26T16:22:59.897+0000][1][gc,cpu       ] GC(22) User=0.00s Sys=0.00s Real=0.00s
[2020-04-26T16:22:59.897+0000][1][gc,heap      ] GC(22) Old: 76886K->72047K(349568K)
[2020-04-26T16:23:00.863+0000][1][safepoint    ] Safepoint "Cleanup", Time since last: 1000585700 ns, Reaching safepoint: 1940500 ns, At safepoint: 85100 ns, Total: 2025600 ns
[2020-04-26T16:23:01.863+0000][1][safepoint    ] Safepoint "Cleanup", Time since last: 1000226100 ns, Reaching safepoint: 157300 ns, At safepoint: 44000 ns, Total: 201300 ns
[2020-04-26T16:23:02.864+0000][1][safepoint    ] Safepoint "Cleanup", Time since last: 1000179900 ns, Reaching safepoint: 345800 ns, At safepoint: 108500 ns, Total: 454300 ns
[2020-04-26T16:23:03.865+0000][1][safepoint    ] Safepoint "Cleanup", Time since last: 1000346300 ns, Reaching safepoint: 307500 ns, At safepoint: 103800 ns, Total: 411300 ns
[2020-04-26T16:23:04.865+0000][1][safepoint    ] Safepoint "Cleanup", Time since last: 1000471600 ns, Reaching safepoint: 194000 ns, At safepoint: 59400 ns, Total: 253400 ns
[2020-04-26T16:23:05.866+0000][1][safepoint    ] Safepoint "Cleanup", Time since last: 1000222800 ns, Reaching safepoint: 132200 ns, At safepoint: 33400 ns, Total: 165600 ns
[2020-04-26T16:23:07.866+0000][1][safepoint    ] Safepoint "Cleanup", Time since last: 2000468700 ns, Reaching safepoint: 170600 ns, At safepoint: 31400 ns, Total: 202000 ns
[2020-04-26T16:23:09.868+0000][1][safepoint    ] Safepoint "Cleanup", Time since last: 2000604900 ns, Reaching safepoint: 395200 ns, At safepoint: 122800 ns, Total: 518000 ns
[2020-04-26T16:23:13.970+0000][1][safepoint    ] Safepoint "RevokeBias", Time since last: 4102840000 ns, Reaching safepoint: 104200 ns, At safepoint: 36500 ns, Total: 140700 ns
[2020-04-26T16:23:17.971+0000][1][safepoint    ] Safepoint "Cleanup", Time since last: 4000600100 ns, Reaching safepoint: 149200 ns, At safepoint: 33000 ns, Total: 182200 ns
[2020-04-26T16:23:18.972+0000][1][safepoint    ] Safepoint "Cleanup", Time since last: 1000168400 ns, Reaching safepoint: 112100 ns, At safepoint: 43500 ns, Total: 155600 ns
[2020-04-26T16:23:19.148+0000][1][safepoint    ] Safepoint "RevokeBias", Time since last: 175978900 ns, Reaching safepoint: 106000 ns, At safepoint: 36800 ns, Total: 142800 ns
[2020-04-26T16:23:19.158+0000][1][safepoint    ] Safepoint "RevokeBias", Time since last: 9969900 ns, Reaching safepoint: 135100 ns, At safepoint: 54400 ns, Total: 189500 ns
[2020-04-26T16:23:19.158+0000][1][safepoint    ] Safepoint "RevokeBias", Time since last: 323100 ns, Reaching safepoint: 176300 ns, At safepoint: 115600 ns, Total: 291900 ns
[2020-04-26T16:23:19.159+0000][1][safepoint    ] Safepoint "RevokeBias", Time since last: 201400 ns, Reaching safepoint: 149200 ns, At safepoint: 99900 ns, Total: 249100 ns
[2020-04-26T16:23:19.159+0000][1][safepoint    ] Safepoint "RevokeBias", Time since last: 215200 ns, Reaching safepoint: 66200 ns, At safepoint: 61700 ns, Total: 127900 ns
[2020-04-26T16:23:19.160+0000][1][safepoint    ] Safepoint "RevokeBias", Time since last: 196400 ns, Reaching safepoint: 58900 ns, At safepoint: 49600 ns, Total: 108500 ns
[2020-04-26T16:23:19.160+0000][1][safepoint    ] Safepoint "RevokeBias", Time since last: 187800 ns, Reaching safepoint: 59400 ns, At safepoint: 45500 ns, Total: 104900 ns
[2020-04-26T16:23:19.171+0000][1][safepoint    ] Safepoint "RevokeBias", Time since last: 10492200 ns, Reaching safepoint: 189600 ns, At safepoint: 93100 ns, Total: 282700 ns
[2020-04-26T16:23:19.171+0000][1][safepoint    ] Safepoint "RevokeBias", Time since last: 156300 ns, Reaching safepoint: 454000 ns, At safepoint: 82000 ns, Total: 536000 ns
[2020-04-26T16:23:19.172+0000][1][safepoint    ] Safepoint "RevokeBias", Time since last: 127200 ns, Reaching safepoint: 196100 ns, At safepoint: 71400 ns, Total: 267500 ns
[2020-04-26T16:23:19.172+0000][1][safepoint    ] Safepoint "RevokeBias", Time since last: 528400 ns, Reaching safepoint: 104100 ns, At safepoint: 83300 ns, Total: 187400 ns
[2020-04-26T16:23:19.174+0000][1][safepoint    ] Safepoint "RevokeBias", Time since last: 510700 ns, Reaching safepoint: 538400 ns, At safepoint: 132300 ns, Total: 670700 ns
[2020-04-26T16:23:19.174+0000][1][safepoint    ] Safepoint "RevokeBias", Time since last: 227500 ns, Reaching safepoint: 518100 ns, At safepoint: 94800 ns, Total: 612900 ns
[2020-04-26T16:23:19.176+0000][1][safepoint    ] Safepoint "RevokeBias", Time since last: 1244400 ns, Reaching safepoint: 375200 ns, At safepoint: 125600 ns, Total: 500800 ns
[2020-04-26T16:23:19.177+0000][1][safepoint    ] Safepoint "RevokeBias", Time since last: 508500 ns, Reaching safepoint: 305000 ns, At safepoint: 94500 ns, Total: 399500 ns
[2020-04-26T16:23:19.182+0000][1][safepoint    ] Safepoint "RevokeBias", Time since last: 4667600 ns, Reaching safepoint: 125800 ns, At safepoint: 54900 ns, Total: 180700 ns
[2020-04-26T16:23:19.202+0000][1][safepoint    ] Safepoint "RevokeBias", Time since last: 20013100 ns, Reaching safepoint: 134100 ns, At safepoint: 57700 ns, Total: 191800 ns
[2020-04-26T16:23:19.212+0000][1][safepoint    ] Safepoint "RevokeBias", Time since last: 10023700 ns, Reaching safepoint: 136500 ns, At safepoint: 38400 ns, Total: 174900 ns
[2020-04-26T16:23:19.213+0000][1][safepoint    ] Safepoint "RevokeBias", Time since last: 224700 ns, Reaching safepoint: 79500 ns, At safepoint: 35700 ns, Total: 115200 ns
[2020-04-26T16:23:19.215+0000][1][safepoint    ] Safepoint "RevokeBias", Time since last: 1883200 ns, Reaching safepoint: 101600 ns, At safepoint: 37600 ns, Total: 139200 ns
[2020-04-26T16:23:19.215+0000][1][safepoint    ] Safepoint "RevokeBias", Time since last: 124800 ns, Reaching safepoint: 80300 ns, At safepoint: 33700 ns, Total: 114000 ns
[2020-04-26T16:23:19.215+0000][1][safepoint    ] Safepoint "RevokeBias", Time since last: 325300 ns, Reaching safepoint: 69400 ns, At safepoint: 34000 ns, Total: 103400 ns
[2020-04-26T16:23:19.244+0000][1][safepoint    ] Safepoint "RevokeBias", Time since last: 28535900 ns, Reaching safepoint: 103900 ns, At safepoint: 35400 ns, Total: 139300 ns
[2020-04-26T16:23:19.246+0000][1][safepoint    ] Safepoint "RevokeBias", Time since last: 1546500 ns, Reaching safepoint: 80200 ns, At safepoint: 47100 ns, Total: 127300 ns
[2020-04-26T16:23:19.246+0000][1][safepoint    ] Safepoint "RevokeBias", Time since last: 163300 ns, Reaching safepoint: 62300 ns, At safepoint: 30600 ns, Total: 92900 ns
[2020-04-26T16:23:19.246+0000][1][safepoint    ] Safepoint "RevokeBias", Time since last: 174700 ns, Reaching safepoint: 63500 ns, At safepoint: 44000 ns, Total: 107500 ns
[2020-04-26T16:23:19.247+0000][1][safepoint    ] Safepoint "RevokeBias", Time since last: 153800 ns, Reaching safepoint: 70800 ns, At safepoint: 36100 ns, Total: 106900 ns
[2020-04-26T16:23:19.250+0000][1][safepoint    ] Safepoint "RevokeBias", Time since last: 3122800 ns, Reaching safepoint: 85000 ns, At safepoint: 33300 ns, Total: 118300 ns
[2020-04-26T16:23:19.254+0000][1][safepoint    ] Safepoint "RevokeBias", Time since last: 3724300 ns, Reaching safepoint: 125300 ns, At safepoint: 50400 ns, Total: 175700 ns
[2020-04-26T16:23:19.254+0000][1][safepoint    ] Safepoint "RevokeBias", Time since last: 116400 ns, Reaching safepoint: 70400 ns, At safepoint: 33200 ns, Total: 103600 ns
[2020-04-26T16:23:19.254+0000][1][safepoint    ] Safepoint "RevokeBias", Time since last: 151600 ns, Reaching safepoint: 155000 ns, At safepoint: 67500 ns, Total: 222500 ns
[2020-04-26T16:23:19.255+0000][1][safepoint    ] Safepoint "RevokeBias", Time since last: 145400 ns, Reaching safepoint: 63000 ns, At safepoint: 48000 ns, Total: 111000 ns
[2020-04-26T16:23:19.255+0000][1][safepoint    ] Safepoint "RevokeBias", Time since last: 144800 ns, Reaching safepoint: 62700 ns, At safepoint: 47900 ns, Total: 110600 ns
[2020-04-26T16:23:19.255+0000][1][safepoint    ] Safepoint "RevokeBias", Time since last: 142400 ns, Reaching safepoint: 62800 ns, At safepoint: 48100 ns, Total: 110900 ns
[2020-04-26T16:23:19.255+0000][1][safepoint    ] Safepoint "RevokeBias", Time since last: 142200 ns, Reaching safepoint: 62800 ns, At safepoint: 58800 ns, Total: 121600 ns
[2020-04-26T16:23:19.257+0000][1][safepoint    ] Safepoint "RevokeBias", Time since last: 1133700 ns, Reaching safepoint: 73200 ns, At safepoint: 72300 ns, Total: 145500 ns
[2020-04-26T16:23:19.260+0000][1][safepoint    ] Safepoint "RevokeBias", Time since last: 2827200 ns, Reaching safepoint: 123900 ns, At safepoint: 57600 ns, Total: 181500 ns
[2020-04-26T16:23:19.260+0000][1][safepoint    ] Safepoint "BulkRevokeBias", Time since last: 130400 ns, Reaching safepoint: 176900 ns, At safepoint: 566900 ns, Total: 743800 ns
[2020-04-26T16:23:19.263+0000][1][safepoint    ] Safepoint "RevokeBias", Time since last: 1940400 ns, Reaching safepoint: 147100 ns, At safepoint: 50200 ns, Total: 197300 ns
[2020-04-26T16:23:19.263+0000][1][safepoint    ] Safepoint "RevokeBias", Time since last: 108100 ns, Reaching safepoint: 202100 ns, At safepoint: 61200 ns, Total: 263300 ns
[2020-04-26T16:23:19.263+0000][1][safepoint    ] Safepoint "RevokeBias", Time since last: 140000 ns, Reaching safepoint: 63000 ns, At safepoint: 33700 ns, Total: 96700 ns
[2020-04-26T16:23:19.263+0000][1][safepoint    ] Safepoint "RevokeBias", Time since last: 124500 ns, Reaching safepoint: 64900 ns, At safepoint: 33600 ns, Total: 98500 ns
[2020-04-26T16:23:19.264+0000][1][safepoint    ] Safepoint "RevokeBias", Time since last: 164200 ns, Reaching safepoint: 64100 ns, At safepoint: 30500 ns, Total: 94600 ns
[2020-04-26T16:23:19.264+0000][1][safepoint    ] Safepoint "RevokeBias", Time since last: 138200 ns, Reaching safepoint: 63200 ns, At safepoint: 31000 ns, Total: 94200 ns
[2020-04-26T16:23:19.264+0000][1][safepoint    ] Safepoint "RevokeBias", Time since last: 118400 ns, Reaching safepoint: 62900 ns, At safepoint: 31800 ns, Total: 94700 ns
[2020-04-26T16:23:19.269+0000][1][safepoint    ] Safepoint "RevokeBias", Time since last: 5131800 ns, Reaching safepoint: 114000 ns, At safepoint: 36900 ns, Total: 150900 ns
[2020-04-26T16:23:19.319+0000][1][safepoint    ] Safepoint "ICBufferFull", Time since last: 48861600 ns, Reaching safepoint: 236700 ns, At safepoint: 57400 ns, Total: 294100 ns
[2020-04-26T16:23:19.331+0000][1][safepoint    ] Safepoint "RevokeBias", Time since last: 11844300 ns, Reaching safepoint: 150100 ns, At safepoint: 52300 ns, Total: 202400 ns
[2020-04-26T16:23:19.331+0000][1][safepoint    ] Safepoint "RevokeBias", Time since last: 161200 ns, Reaching safepoint: 87200 ns, At safepoint: 47200 ns, Total: 134400 ns
[2020-04-26T16:23:19.355+0000][1][safepoint    ] Safepoint "RevokeBias", Time since last: 23781400 ns, Reaching safepoint: 137600 ns, At safepoint: 50000 ns, Total: 187600 ns
[2020-04-26T16:23:19.355+0000][1][safepoint    ] Safepoint "RevokeBias", Time since last: 325800 ns, Reaching safepoint: 83500 ns, At safepoint: 42100 ns, Total: 125600 ns
[2020-04-26T16:23:20.356+0000][1][safepoint    ] Safepoint "Cleanup", Time since last: 1000126900 ns, Reaching safepoint: 140100 ns, At safepoint: 26500 ns, Total: 166600 ns
[2020-04-26T16:23:21.356+0000][1][safepoint    ] Safepoint "Cleanup", Time since last: 1000170500 ns, Reaching safepoint: 116300 ns, At safepoint: 24900 ns, Total: 141200 ns
[2020-04-26T16:23:22.356+0000][1][safepoint    ] Safepoint "Cleanup", Time since last: 1000115600 ns, Reaching safepoint: 117000 ns, At safepoint: 25300 ns, Total: 142300 ns
[2020-04-26T16:23:23.357+0000][1][safepoint    ] Safepoint "Cleanup", Time since last: 1000194700 ns, Reaching safepoint: 132400 ns, At safepoint: 27900 ns, Total: 160300 ns
[2020-04-26T16:23:24.034+0000][1][safepoint    ] Safepoint "RevokeBias", Time since last: 676480300 ns, Reaching safepoint: 359000 ns, At safepoint: 158900 ns, Total: 517900 ns
[2020-04-26T16:23:25.035+0000][1][safepoint    ] Safepoint "Cleanup", Time since last: 1000479200 ns, Reaching safepoint: 366600 ns, At safepoint: 126900 ns, Total: 493500 ns
[2020-04-26T16:23:29.036+0000][1][safepoint    ] Safepoint "Cleanup", Time since last: 4001228600 ns, Reaching safepoint: 148400 ns, At safepoint: 43500 ns, Total: 191900 ns
[2020-04-26T16:23:30.037+0000][1][safepoint    ] Safepoint "Cleanup", Time since last: 1000248800 ns, Reaching safepoint: 298400 ns, At safepoint: 96200 ns, Total: 394600 ns
[2020-04-26T16:23:31.038+0000][1][safepoint    ] Safepoint "Cleanup", Time since last: 1000376600 ns, Reaching safepoint: 510000 ns, At safepoint: 128600 ns, Total: 638600 ns
[2020-04-26T16:23:33.039+0000][1][safepoint    ] Safepoint "Cleanup", Time since last: 2000795400 ns, Reaching safepoint: 350400 ns, At safepoint: 90000 ns, Total: 440400 ns
[2020-04-26T16:23:34.039+0000][1][safepoint    ] Safepoint "Cleanup", Time since last: 1000175000 ns, Reaching safepoint: 132300 ns, At safepoint: 25600 ns, Total: 157900 ns
[2020-04-26T16:23:35.040+0000][1][safepoint    ] Safepoint "Cleanup", Time since last: 1000615800 ns, Reaching safepoint: 155100 ns, At safepoint: 44700 ns, Total: 199800 ns
[2020-04-26T16:23:38.042+0000][1][safepoint    ] Safepoint "Cleanup", Time since last: 3001290100 ns, Reaching safepoint: 175300 ns, At safepoint: 53800 ns, Total: 229100 ns
[2020-04-26T16:23:39.456+0000][1][gc,start     ] GC(23) Pause Young (Allocation Failure)
[2020-04-26T16:23:39.457+0000][1][gc,task      ] GC(23) Using 10 workers of 10 for evacuation
[2020-04-26T16:23:39.467+0000][1][gc,age       ] GC(23) Desired survivor size 8945664 bytes, new threshold 6 (max threshold 6)
[2020-04-26T16:23:39.467+0000][1][gc,age       ] GC(23) Age table with threshold 6 (max threshold 6)
[2020-04-26T16:23:39.467+0000][1][gc,age       ] GC(23) - age   1:    1045456 bytes,    1045456 total
[2020-04-26T16:23:39.467+0000][1][gc,age       ] GC(23) - age   2:      42296 bytes,    1087752 total
[2020-04-26T16:23:39.467+0000][1][gc,age       ] GC(23) - age   3:     161336 bytes,    1249088 total
[2020-04-26T16:23:39.467+0000][1][gc,age       ] GC(23) - age   4:     451912 bytes,    1701000 total
[2020-04-26T16:23:39.467+0000][1][gc,age       ] GC(23) - age   5:    3627584 bytes,    5328584 total
[2020-04-26T16:23:39.467+0000][1][gc,heap      ] GC(23) ParNew: 147113K->8801K(157248K)
[2020-04-26T16:23:39.467+0000][1][gc,heap      ] GC(23) CMS: 72047K->72047K(349568K)
[2020-04-26T16:23:39.467+0000][1][gc,metaspace ] GC(23) Metaspace: 93857K->93857K(1136640K)
[2020-04-26T16:23:39.467+0000][1][gc           ] GC(23) Pause Young (Allocation Failure) 214M->78M(494M) 10.771ms
[2020-04-26T16:23:39.467+0000][1][gc,cpu       ] GC(23) User=0.07s Sys=0.00s Real=0.01s
[2020-04-26T16:23:39.467+0000][1][safepoint    ] Safepoint "GenCollectForAllocation", Time since last: 1414546000 ns, Reaching safepoint: 360100 ns, At safepoint: 10960600 ns, Total: 11320700 ns
[2020-04-26T16:23:40.468+0000][1][safepoint    ] Safepoint "Cleanup", Time since last: 1000245100 ns, Reaching safepoint: 123400 ns, At safepoint: 31000 ns, Total: 154400 ns
[2020-04-26T16:23:43.468+0000][1][safepoint    ] Safepoint "Cleanup", Time since last: 3000526600 ns, Reaching safepoint: 120000 ns, At safepoint: 29300 ns, Total: 149300 ns
[2020-04-26T16:23:44.469+0000][1][safepoint    ] Safepoint "Cleanup", Time since last: 1000363500 ns, Reaching safepoint: 119300 ns, At safepoint: 29600 ns, Total: 148900 ns
[2020-04-26T16:23:47.218+0000][1][safepoint    ] Safepoint "RevokeBias", Time since last: 2748923300 ns, Reaching safepoint: 146100 ns, At safepoint: 59600 ns, Total: 205700 ns
[2020-04-26T16:23:47.221+0000][1][safepoint    ] Safepoint "RevokeBias", Time since last: 1998900 ns, Reaching safepoint: 819500 ns, At safepoint: 253000 ns, Total: 1072500 ns
[2020-04-26T16:23:47.226+0000][1][safepoint    ] Safepoint "RevokeBias", Time since last: 4462100 ns, Reaching safepoint: 387000 ns, At safepoint: 92000 ns, Total: 479000 ns
[2020-04-26T16:23:47.227+0000][1][safepoint    ] Safepoint "RevokeBias", Time since last: 151900 ns, Reaching safepoint: 218700 ns, At safepoint: 87600 ns, Total: 306300 ns
[2020-04-26T16:23:47.239+0000][1][safepoint    ] Safepoint "RevokeBias", Time since last: 11675300 ns, Reaching safepoint: 152500 ns, At safepoint: 81500 ns, Total: 234000 ns
[2020-04-26T16:23:47.239+0000][1][safepoint    ] Safepoint "RevokeBias", Time since last: 164100 ns, Reaching safepoint: 89200 ns, At safepoint: 51700 ns, Total: 140900 ns
[2020-04-26T16:23:47.252+0000][1][safepoint    ] Safepoint "RevokeBias", Time since last: 12840200 ns, Reaching safepoint: 358400 ns, At safepoint: 142300 ns, Total: 500700 ns
[2020-04-26T16:23:47.253+0000][1][safepoint    ] Safepoint "RevokeBias", Time since last: 508200 ns, Reaching safepoint: 276300 ns, At safepoint: 172200 ns, Total: 448500 ns
[2020-04-26T16:23:47.267+0000][1][safepoint    ] Safepoint "RevokeBias", Time since last: 13368200 ns, Reaching safepoint: 254600 ns, At safepoint: 192100 ns, Total: 446700 ns
[2020-04-26T16:23:47.267+0000][1][safepoint    ] Safepoint "RevokeBias", Time since last: 195500 ns, Reaching safepoint: 214200 ns, At safepoint: 84900 ns, Total: 299100 ns
[2020-04-26T16:23:47.268+0000][1][safepoint    ] Safepoint "RevokeBias", Time since last: 336400 ns, Reaching safepoint: 133100 ns, At safepoint: 94900 ns, Total: 228000 ns
[2020-04-26T16:23:47.269+0000][1][safepoint    ] Safepoint "RevokeBias", Time since last: 583400 ns, Reaching safepoint: 157300 ns, At safepoint: 122900 ns, Total: 280200 ns
[2020-04-26T16:23:47.270+0000][1][safepoint    ] Safepoint "RevokeBias", Time since last: 187200 ns, Reaching safepoint: 436600 ns, At safepoint: 198300 ns, Total: 634900 ns
[2020-04-26T16:23:47.271+0000][1][safepoint    ] Safepoint "RevokeBias", Time since last: 431700 ns, Reaching safepoint: 294800 ns, At safepoint: 177400 ns, Total: 472200 ns
[2020-04-26T16:23:47.271+0000][1][safepoint    ] Safepoint "RevokeBias", Time since last: 172800 ns, Reaching safepoint: 236300 ns, At safepoint: 104900 ns, Total: 341200 ns
[2020-04-26T16:23:47.272+0000][1][safepoint    ] Safepoint "RevokeBias", Time since last: 226800 ns, Reaching safepoint: 188800 ns, At safepoint: 103600 ns, Total: 292400 ns
[2020-04-26T16:23:47.272+0000][1][safepoint    ] Safepoint "RevokeBias", Time since last: 141800 ns, Reaching safepoint: 232400 ns, At safepoint: 72200 ns, Total: 304600 ns
[2020-04-26T16:23:47.274+0000][1][safepoint    ] Safepoint "RevokeBias", Time since last: 1431800 ns, Reaching safepoint: 523100 ns, At safepoint: 174900 ns, Total: 698000 ns
[2020-04-26T16:23:47.275+0000][1][safepoint    ] Safepoint "RevokeBias", Time since last: 222000 ns, Reaching safepoint: 279400 ns, At safepoint: 97700 ns, Total: 377100 ns
[2020-04-26T16:23:47.275+0000][1][safepoint    ] Safepoint "RevokeBias", Time since last: 235700 ns, Reaching safepoint: 215400 ns, At safepoint: 52000 ns, Total: 267400 ns
[2020-04-26T16:23:47.276+0000][1][safepoint    ] Safepoint "RevokeBias", Time since last: 115300 ns, Reaching safepoint: 220100 ns, At safepoint: 87300 ns, Total: 307400 ns
[2020-04-26T16:23:47.277+0000][1][safepoint    ] Safepoint "RevokeBias", Time since last: 472700 ns, Reaching safepoint: 243400 ns, At safepoint: 105300 ns, Total: 348700 ns
[2020-04-26T16:23:47.277+0000][1][safepoint    ] Safepoint "RevokeBias", Time since last: 208600 ns, Reaching safepoint: 241600 ns, At safepoint: 330400 ns, Total: 572000 ns
[2020-04-26T16:23:47.279+0000][1][safepoint    ] Safepoint "RevokeBias", Time since last: 1535200 ns, Reaching safepoint: 387800 ns, At safepoint: 143900 ns, Total: 531700 ns
[2020-04-26T16:23:47.280+0000][1][safepoint    ] Safepoint "RevokeBias", Time since last: 60500 ns, Reaching safepoint: 295400 ns, At safepoint: 145400 ns, Total: 440800 ns
[2020-04-26T16:23:47.280+0000][1][safepoint    ] Safepoint "RevokeBias", Time since last: 159000 ns, Reaching safepoint: 260500 ns, At safepoint: 164700 ns, Total: 425200 ns
[2020-04-26T16:23:47.282+0000][1][safepoint    ] Safepoint "RevokeBias", Time since last: 532200 ns, Reaching safepoint: 417400 ns, At safepoint: 234100 ns, Total: 651500 ns
[2020-04-26T16:23:47.284+0000][1][safepoint    ] Safepoint "RevokeBias", Time since last: 2397600 ns, Reaching safepoint: 289700 ns, At safepoint: 116800 ns, Total: 406500 ns
[2020-04-26T16:23:47.285+0000][1][safepoint    ] Safepoint "RevokeBias", Time since last: 306600 ns, Reaching safepoint: 334600 ns, At safepoint: 154700 ns, Total: 489300 ns
[2020-04-26T16:23:47.286+0000][1][safepoint    ] Safepoint "RevokeBias", Time since last: 526300 ns, Reaching safepoint: 334700 ns, At safepoint: 128500 ns, Total: 463200 ns
[2020-04-26T16:23:47.287+0000][1][safepoint    ] Safepoint "RevokeBias", Time since last: 576500 ns, Reaching safepoint: 159300 ns, At safepoint: 116600 ns, Total: 275900 ns
[2020-04-26T16:23:47.289+0000][1][safepoint    ] Safepoint "RevokeBias", Time since last: 1019800 ns, Reaching safepoint: 332600 ns, At safepoint: 204400 ns, Total: 537000 ns
[2020-04-26T16:23:47.290+0000][1][safepoint    ] Safepoint "RevokeBias", Time since last: 679500 ns, Reaching safepoint: 317800 ns, At safepoint: 222000 ns, Total: 539800 ns
[2020-04-26T16:23:47.291+0000][1][safepoint    ] Safepoint "RevokeBias", Time since last: 870000 ns, Reaching safepoint: 245200 ns, At safepoint: 89500 ns, Total: 334700 ns
[2020-04-26T16:23:47.295+0000][1][safepoint    ] Safepoint "RevokeBias", Time since last: 3981300 ns, Reaching safepoint: 213400 ns, At safepoint: 135800 ns, Total: 349200 ns
[2020-04-26T16:23:47.299+0000][1][safepoint    ] Safepoint "RevokeBias", Time since last: 3289100 ns, Reaching safepoint: 233700 ns, At safepoint: 127600 ns, Total: 361300 ns
[2020-04-26T16:23:47.300+0000][1][safepoint    ] Safepoint "RevokeBias", Time since last: 413400 ns, Reaching safepoint: 446400 ns, At safepoint: 176500 ns, Total: 622900 ns
[2020-04-26T16:23:47.302+0000][1][safepoint    ] Safepoint "RevokeBias", Time since last: 927700 ns, Reaching safepoint: 457000 ns, At safepoint: 291000 ns, Total: 748000 ns
[2020-04-26T16:23:47.303+0000][1][safepoint    ] Safepoint "RevokeBias", Time since last: 1141200 ns, Reaching safepoint: 310400 ns, At safepoint: 229000 ns, Total: 539400 ns
[2020-04-26T16:23:47.305+0000][1][safepoint    ] Safepoint "RevokeBias", Time since last: 1448700 ns, Reaching safepoint: 268800 ns, At safepoint: 193900 ns, Total: 462700 ns
[2020-04-26T16:23:47.306+0000][1][safepoint    ] Safepoint "RevokeBias", Time since last: 515700 ns, Reaching safepoint: 255900 ns, At safepoint: 192400 ns, Total: 448300 ns
[2020-04-26T16:23:47.307+0000][1][safepoint    ] Safepoint "RevokeBias", Time since last: 494300 ns, Reaching safepoint: 131600 ns, At safepoint: 99800 ns, Total: 231400 ns
[2020-04-26T16:23:47.308+0000][1][safepoint    ] Safepoint "RevokeBias", Time since last: 173500 ns, Reaching safepoint: 254700 ns, At safepoint: 128600 ns, Total: 383300 ns
[2020-04-26T16:23:47.308+0000][1][safepoint    ] Safepoint "RevokeBias", Time since last: 444100 ns, Reaching safepoint: 329200 ns, At safepoint: 88700 ns, Total: 417900 ns
[2020-04-26T16:23:47.309+0000][1][safepoint    ] Safepoint "RevokeBias", Time since last: 196900 ns, Reaching safepoint: 228700 ns, At safepoint: 140900 ns, Total: 369600 ns
[2020-04-26T16:23:47.310+0000][1][safepoint    ] Safepoint "RevokeBias", Time since last: 729500 ns, Reaching safepoint: 276600 ns, At safepoint: 154600 ns, Total: 431200 ns
[2020-04-26T16:23:47.312+0000][1][safepoint    ] Safepoint "RevokeBias", Time since last: 1057300 ns, Reaching safepoint: 240100 ns, At safepoint: 127700 ns, Total: 367800 ns
[2020-04-26T16:23:47.317+0000][1][safepoint    ] Safepoint "RevokeBias", Time since last: 5312000 ns, Reaching safepoint: 254000 ns, At safepoint: 126000 ns, Total: 380000 ns
[2020-04-26T16:23:47.318+0000][1][safepoint    ] Safepoint "RevokeBias", Time since last: 190600 ns, Reaching safepoint: 142300 ns, At safepoint: 74400 ns, Total: 216700 ns
[2020-04-26T16:23:47.319+0000][1][safepoint    ] Safepoint "RevokeBias", Time since last: 1321000 ns, Reaching safepoint: 170000 ns, At safepoint: 145400 ns, Total: 315400 ns
[2020-04-26T16:23:48.298+0000][1][safepoint    ] Safepoint "RevokeBias", Time since last: 977988200 ns, Reaching safepoint: 145300 ns, At safepoint: 40500 ns, Total: 185800 ns
[2020-04-26T16:23:48.299+0000][1][safepoint    ] Safepoint "RevokeBias", Time since last: 1057000 ns, Reaching safepoint: 103600 ns, At safepoint: 36100 ns, Total: 139700 ns
[2020-04-26T16:23:48.299+0000][1][safepoint    ] Safepoint "RevokeBias", Time since last: 215800 ns, Reaching safepoint: 154500 ns, At safepoint: 36300 ns, Total: 190800 ns
[2020-04-26T16:23:48.299+0000][1][safepoint    ] Safepoint "RevokeBias", Time since last: 208300 ns, Reaching safepoint: 88000 ns, At safepoint: 38000 ns, Total: 126000 ns
[2020-04-26T16:23:48.300+0000][1][safepoint    ] Safepoint "RevokeBias", Time since last: 182000 ns, Reaching safepoint: 79500 ns, At safepoint: 37800 ns, Total: 117300 ns
[2020-04-26T16:23:48.304+0000][1][safepoint    ] Safepoint "RevokeBias", Time since last: 3842300 ns, Reaching safepoint: 130000 ns, At safepoint: 46600 ns, Total: 176600 ns
[2020-04-26T16:23:48.305+0000][1][safepoint    ] Safepoint "RevokeBias", Time since last: 1018800 ns, Reaching safepoint: 105700 ns, At safepoint: 61200 ns, Total: 166900 ns
[2020-04-26T16:23:48.305+0000][1][safepoint    ] Safepoint "RevokeBias", Time since last: 150400 ns, Reaching safepoint: 82000 ns, At safepoint: 31900 ns, Total: 113900 ns
[2020-04-26T16:23:48.306+0000][1][safepoint    ] Safepoint "RevokeBias", Time since last: 189400 ns, Reaching safepoint: 79400 ns, At safepoint: 35200 ns, Total: 114600 ns
[2020-04-26T16:23:48.306+0000][1][safepoint    ] Safepoint "RevokeBias", Time since last: 139500 ns, Reaching safepoint: 73100 ns, At safepoint: 52000 ns, Total: 125100 ns
[2020-04-26T16:23:48.312+0000][1][safepoint    ] Safepoint "RevokeBias", Time since last: 5842500 ns, Reaching safepoint: 127600 ns, At safepoint: 57200 ns, Total: 184800 ns
[2020-04-26T16:23:48.316+0000][1][safepoint    ] Safepoint "RevokeBias", Time since last: 3374900 ns, Reaching safepoint: 249900 ns, At safepoint: 70600 ns, Total: 320500 ns
[2020-04-26T16:23:48.974+0000][1][safepoint    ] Safepoint "RevokeBias", Time since last: 658484000 ns, Reaching safepoint: 121500 ns, At safepoint: 55200 ns, Total: 176700 ns
[2020-04-26T16:23:48.974+0000][1][safepoint    ] Safepoint "RevokeBias", Time since last: 109600 ns, Reaching safepoint: 103200 ns, At safepoint: 33700 ns, Total: 136900 ns
[2020-04-26T16:23:48.975+0000][1][safepoint    ] Safepoint "RevokeBias", Time since last: 114400 ns, Reaching safepoint: 80000 ns, At safepoint: 34500 ns, Total: 114500 ns
[2020-04-26T16:23:48.975+0000][1][safepoint    ] Safepoint "RevokeBias", Time since last: 123100 ns, Reaching safepoint: 87000 ns, At safepoint: 32700 ns, Total: 119700 ns
[2020-04-26T16:23:48.975+0000][1][safepoint    ] Safepoint "RevokeBias", Time since last: 86300 ns, Reaching safepoint: 73300 ns, At safepoint: 40100 ns, Total: 113400 ns
[2020-04-26T16:23:48.975+0000][1][safepoint    ] Safepoint "RevokeBias", Time since last: 85000 ns, Reaching safepoint: 71800 ns, At safepoint: 33100 ns, Total: 104900 ns
[2020-04-26T16:23:48.975+0000][1][safepoint    ] Safepoint "RevokeBias", Time since last: 84600 ns, Reaching safepoint: 69900 ns, At safepoint: 31200 ns, Total: 101100 ns
[2020-04-26T16:23:48.976+0000][1][safepoint    ] Safepoint "RevokeBias", Time since last: 127600 ns, Reaching safepoint: 71800 ns, At safepoint: 32000 ns, Total: 103800 ns
[2020-04-26T16:23:48.976+0000][1][safepoint    ] Safepoint "RevokeBias", Time since last: 138700 ns, Reaching safepoint: 63900 ns, At safepoint: 28700 ns, Total: 92600 ns
[2020-04-26T16:23:49.976+0000][1][safepoint    ] Safepoint "Cleanup", Time since last: 1000281700 ns, Reaching safepoint: 190900 ns, At safepoint: 50800 ns, Total: 241700 ns
[2020-04-26T16:23:50.977+0000][1][safepoint    ] Safepoint "Cleanup", Time since last: 1000521600 ns, Reaching safepoint: 229300 ns, At safepoint: 64800 ns, Total: 294100 ns
[2020-04-26T16:23:51.978+0000][1][safepoint    ] Safepoint "Cleanup", Time since last: 1000521200 ns, Reaching safepoint: 281100 ns, At safepoint: 88200 ns, Total: 369300 ns
[2020-04-26T16:23:52.979+0000][1][safepoint    ] Safepoint "Cleanup", Time since last: 1000312700 ns, Reaching safepoint: 367800 ns, At safepoint: 115900 ns, Total: 483700 ns
[2020-04-26T16:23:58.980+0000][1][safepoint    ] Safepoint "RevokeBias", Time since last: 5999907200 ns, Reaching safepoint: 469200 ns, At safepoint: 171200 ns, Total: 640400 ns
[2020-04-26T16:24:00.980+0000][1][safepoint    ] Safepoint "Cleanup", Time since last: 2000574100 ns, Reaching safepoint: 159400 ns, At safepoint: 42900 ns, Total: 202300 ns
[2020-04-26T16:24:02.982+0000][1][safepoint    ] Safepoint "Cleanup", Time since last: 2000894700 ns, Reaching safepoint: 374400 ns, At safepoint: 130500 ns, Total: 504900 ns
[2020-04-26T16:24:04.983+0000][1][safepoint    ] Safepoint "Cleanup", Time since last: 2000941100 ns, Reaching safepoint: 195700 ns, At safepoint: 59700 ns, Total: 255400 ns
[2020-04-26T16:24:05.984+0000][1][safepoint    ] Safepoint "Cleanup", Time since last: 1000443600 ns, Reaching safepoint: 421300 ns, At safepoint: 138400 ns, Total: 559700 ns
[2020-04-26T16:24:06.985+0000][1][safepoint    ] Safepoint "Cleanup", Time since last: 1000583100 ns, Reaching safepoint: 386100 ns, At safepoint: 124500 ns, Total: 510600 ns
[2020-04-26T16:24:07.986+0000][1][safepoint    ] Safepoint "Cleanup", Time since last: 1000644900 ns, Reaching safepoint: 128300 ns, At safepoint: 33700 ns, Total: 162000 ns
[2020-04-26T16:24:08.986+0000][1][safepoint    ] Safepoint "Cleanup", Time since last: 1000160200 ns, Reaching safepoint: 123600 ns, At safepoint: 29400 ns, Total: 153000 ns
[2020-04-26T16:24:09.986+0000][1][safepoint    ] Safepoint "Cleanup", Time since last: 1000194400 ns, Reaching safepoint: 129200 ns, At safepoint: 29500 ns, Total: 158700 ns
[2020-04-26T16:24:18.990+0000][1][safepoint    ] Safepoint "Cleanup", Time since last: 9002744800 ns, Reaching safepoint: 429400 ns, At safepoint: 132000 ns, Total: 561400 ns
[2020-04-26T16:24:24.993+0000][1][safepoint    ] Safepoint "Cleanup", Time since last: 6002327800 ns, Reaching safepoint: 452500 ns, At safepoint: 133000 ns, Total: 585500 ns
[2020-04-26T16:24:35.996+0000][1][safepoint    ] Safepoint "Cleanup", Time since last: 11003097600 ns, Reaching safepoint: 312000 ns, At safepoint: 98200 ns, Total: 410200 ns
[2020-04-26T16:24:39.998+0000][1][safepoint    ] Safepoint "Cleanup", Time since last: 4001486300 ns, Reaching safepoint: 398000 ns, At safepoint: 145700 ns, Total: 543700 ns
[2020-04-26T16:24:42.000+0000][1][safepoint    ] Safepoint "Cleanup", Time since last: 2000850500 ns, Reaching safepoint: 423000 ns, At safepoint: 135500 ns, Total: 558500 ns
[2020-04-26T16:24:45.001+0000][1][safepoint    ] Safepoint "Cleanup", Time since last: 3000944500 ns, Reaching safepoint: 117400 ns, At safepoint: 28200 ns, Total: 145600 ns
[2020-04-26T16:24:49.002+0000][1][safepoint    ] Safepoint "Cleanup", Time since last: 4001119200 ns, Reaching safepoint: 129700 ns, At safepoint: 27600 ns, Total: 157300 ns
[2020-04-26T16:24:50.003+0000][1][safepoint    ] Safepoint "Cleanup", Time since last: 1000538500 ns, Reaching safepoint: 401900 ns, At safepoint: 133900 ns, Total: 535800 ns
[2020-04-26T16:25:09.009+0000][1][safepoint    ] Safepoint "Cleanup", Time since last: 19006046300 ns, Reaching safepoint: 202500 ns, At safepoint: 56100 ns, Total: 258600 ns
[2020-04-26T16:25:10.010+0000][1][safepoint    ] Safepoint "Cleanup", Time since last: 1000274600 ns, Reaching safepoint: 280200 ns, At safepoint: 85800 ns, Total: 366000 ns
[2020-04-26T16:25:16.013+0000][1][safepoint    ] Safepoint "Cleanup", Time since last: 6001932900 ns, Reaching safepoint: 419200 ns, At safepoint: 189100 ns, Total: 608300 ns
[2020-04-26T16:25:19.014+0000][1][safepoint    ] Safepoint "Cleanup", Time since last: 3000904100 ns, Reaching safepoint: 233400 ns, At safepoint: 30800 ns, Total: 264200 ns
[2020-04-26T16:25:19.371+0000][1][safepoint    ] Safepoint "BulkRevokeBias", Time since last: 355058600 ns, Reaching safepoint: 480200 ns, At safepoint: 1895700 ns, Total: 2375900 ns
[2020-04-26T16:25:24.374+0000][1][safepoint    ] Safepoint "Cleanup", Time since last: 5002255500 ns, Reaching safepoint: 149600 ns, At safepoint: 37200 ns, Total: 186800 ns
[2020-04-26T16:25:25.374+0000][1][safepoint    ] Safepoint "Cleanup", Time since last: 1000156500 ns, Reaching safepoint: 124800 ns, At safepoint: 28900 ns, Total: 153700 ns
[2020-04-26T16:25:27.374+0000][1][safepoint    ] Safepoint "Cleanup", Time since last: 2000369300 ns, Reaching safepoint: 124900 ns, At safepoint: 29300 ns, Total: 154200 ns
[2020-04-26T16:25:27.376+0000][1][safepoint    ] Safepoint "RevokeBias", Time since last: 1051000 ns, Reaching safepoint: 92100 ns, At safepoint: 35100 ns, Total: 127200 ns
[2020-04-26T16:25:29.377+0000][1][safepoint    ] Safepoint "Cleanup", Time since last: 2000556600 ns, Reaching safepoint: 400100 ns, At safepoint: 190100 ns, Total: 590200 ns
[2020-04-26T16:25:30.378+0000][1][safepoint    ] Safepoint "Cleanup", Time since last: 1000417000 ns, Reaching safepoint: 484600 ns, At safepoint: 205600 ns, Total: 690200 ns
[2020-04-26T16:25:33.380+0000][1][safepoint    ] Safepoint "Cleanup", Time since last: 3001474100 ns, Reaching safepoint: 204000 ns, At safepoint: 88800 ns, Total: 292800 ns
[2020-04-26T16:25:39.383+0000][1][safepoint    ] Safepoint "Cleanup", Time since last: 6002407100 ns, Reaching safepoint: 576800 ns, At safepoint: 133500 ns, Total: 710300 ns
[2020-04-26T16:25:40.384+0000][1][safepoint    ] Safepoint "Cleanup", Time since last: 1000716200 ns, Reaching safepoint: 252600 ns, At safepoint: 114100 ns, Total: 366700 ns
[2020-04-26T16:25:42.385+0000][1][safepoint    ] Safepoint "Cleanup", Time since last: 2000950100 ns, Reaching safepoint: 370600 ns, At safepoint: 111900 ns, Total: 482500 ns
[2020-04-26T16:25:45.386+0000][1][safepoint    ] Safepoint "Cleanup", Time since last: 3000682100 ns, Reaching safepoint: 122500 ns, At safepoint: 29100 ns, Total: 151600 ns
[2020-04-26T16:25:48.387+0000][1][safepoint    ] Safepoint "Cleanup", Time since last: 3000399600 ns, Reaching safepoint: 325100 ns, At safepoint: 63600 ns, Total: 388700 ns
[2020-04-26T16:25:50.387+0000][1][safepoint    ] Safepoint "Cleanup", Time since last: 2000375600 ns, Reaching safepoint: 204400 ns, At safepoint: 36300 ns, Total: 240700 ns
[2020-04-26T16:25:53.852+0000][1][safepoint    ] Safepoint "RevokeBias", Time since last: 3464061200 ns, Reaching safepoint: 152900 ns, At safepoint: 73800 ns, Total: 226700 ns
[2020-04-26T16:26:00.585+0000][1][safepoint    ] Safepoint "RevokeBias", Time since last: 6732752500 ns, Reaching safepoint: 158100 ns, At safepoint: 99300 ns, Total: 257400 ns
[2020-04-26T16:26:00.586+0000][1][safepoint    ] Safepoint "RevokeBias", Time since last: 974900 ns, Reaching safepoint: 198300 ns, At safepoint: 184100 ns, Total: 382400 ns
[2020-04-26T16:26:00.589+0000][1][safepoint    ] Safepoint "RevokeBias", Time since last: 2038300 ns, Reaching safepoint: 314500 ns, At safepoint: 160700 ns, Total: 475200 ns
[2020-04-26T16:26:00.840+0000][1][safepoint    ] Safepoint "RevokeBias", Time since last: 250703900 ns, Reaching safepoint: 162800 ns, At safepoint: 76100 ns, Total: 238900 ns
[2020-04-26T16:26:01.840+0000][1][safepoint    ] Safepoint "Cleanup", Time since last: 1000370000 ns, Reaching safepoint: 321000 ns, At safepoint: 152500 ns, Total: 473500 ns
[2020-04-26T16:26:03.841+0000][1][safepoint    ] Safepoint "Cleanup", Time since last: 2000436900 ns, Reaching safepoint: 433100 ns, At safepoint: 134800 ns, Total: 567900 ns
[2020-04-26T16:26:05.939+0000][1][gc,start     ] GC(24) Pause Young (Allocation Failure)
[2020-04-26T16:26:05.939+0000][1][gc,task      ] GC(24) Using 10 workers of 10 for evacuation
[2020-04-26T16:26:05.950+0000][1][gc,age       ] GC(24) Desired survivor size 8945664 bytes, new threshold 6 (max threshold 6)
[2020-04-26T16:26:05.950+0000][1][gc,age       ] GC(24) Age table with threshold 6 (max threshold 6)
[2020-04-26T16:26:05.950+0000][1][gc,age       ] GC(24) - age   1:    1237856 bytes,    1237856 total
[2020-04-26T16:26:05.950+0000][1][gc,age       ] GC(24) - age   2:     754096 bytes,    1991952 total
[2020-04-26T16:26:05.950+0000][1][gc,age       ] GC(24) - age   3:      41528 bytes,    2033480 total
[2020-04-26T16:26:05.950+0000][1][gc,age       ] GC(24) - age   4:     160760 bytes,    2194240 total
[2020-04-26T16:26:05.950+0000][1][gc,age       ] GC(24) - age   5:     449120 bytes,    2643360 total
[2020-04-26T16:26:05.950+0000][1][gc,age       ] GC(24) - age   6:    3393752 bytes,    6037112 total
[2020-04-26T16:26:05.950+0000][1][gc,heap      ] GC(24) ParNew: 148577K->7518K(157248K)
[2020-04-26T16:26:05.950+0000][1][gc,heap      ] GC(24) CMS: 72047K->72047K(349568K)
[2020-04-26T16:26:05.950+0000][1][gc,metaspace ] GC(24) Metaspace: 94508K->94508K(1136640K)
[2020-04-26T16:26:05.950+0000][1][gc           ] GC(24) Pause Young (Allocation Failure) 215M->77M(494M) 11.195ms
[2020-04-26T16:26:05.950+0000][1][gc,cpu       ] GC(24) User=0.05s Sys=0.01s Real=0.01s
[2020-04-26T16:26:05.950+0000][1][safepoint    ] Safepoint "GenCollectForAllocation", Time since last: 2096808000 ns, Reaching safepoint: 397700 ns, At safepoint: 11324000 ns, Total: 11721700 ns
[2020-04-26T16:26:17.953+0000][1][safepoint    ] Safepoint "Cleanup", Time since last: 12002546000 ns, Reaching safepoint: 239000 ns, At safepoint: 65500 ns, Total: 304500 ns
[2020-04-26T16:26:19.953+0000][1][safepoint    ] Safepoint "Cleanup", Time since last: 2000423800 ns, Reaching safepoint: 159100 ns, At safepoint: 28200 ns, Total: 187300 ns
[2020-04-26T16:26:21.954+0000][1][safepoint    ] Safepoint "Cleanup", Time since last: 2000413100 ns, Reaching safepoint: 150000 ns, At safepoint: 35900 ns, Total: 185900 ns
[2020-04-26T16:26:24.955+0000][1][safepoint    ] Safepoint "Cleanup", Time since last: 3000458300 ns, Reaching safepoint: 136900 ns, At safepoint: 33100 ns, Total: 170000 ns
[2020-04-26T16:26:26.955+0000][1][safepoint    ] Safepoint "Cleanup", Time since last: 2000337700 ns, Reaching safepoint: 357400 ns, At safepoint: 103000 ns, Total: 460400 ns
[2020-04-26T16:26:29.956+0000][1][safepoint    ] Safepoint "Cleanup", Time since last: 3000453900 ns, Reaching safepoint: 127200 ns, At safepoint: 27900 ns, Total: 155100 ns
[2020-04-26T16:26:35.957+0000][1][safepoint    ] Safepoint "Cleanup", Time since last: 6001234500 ns, Reaching safepoint: 136700 ns, At safepoint: 35500 ns, Total: 172200 ns
[2020-04-26T16:26:44.960+0000][1][safepoint    ] Safepoint "Cleanup", Time since last: 9002546600 ns, Reaching safepoint: 123000 ns, At safepoint: 26600 ns, Total: 149600 ns
[2020-04-26T16:26:59.965+0000][1][safepoint    ] Safepoint "Cleanup", Time since last: 15004536700 ns, Reaching safepoint: 470600 ns, At safepoint: 139500 ns, Total: 610100 ns
[2020-04-26T16:27:05.968+0000][1][safepoint    ] Safepoint "Cleanup", Time since last: 6002398300 ns, Reaching safepoint: 157300 ns, At safepoint: 34600 ns, Total: 191900 ns
[2020-04-26T16:27:14.971+0000][1][safepoint    ] Safepoint "Cleanup", Time since last: 9002783600 ns, Reaching safepoint: 129700 ns, At safepoint: 31600 ns, Total: 161300 ns
[2020-04-26T16:27:22.974+0000][1][safepoint    ] Safepoint "Cleanup", Time since last: 8002566600 ns, Reaching safepoint: 141400 ns, At safepoint: 32100 ns, Total: 173500 ns
[2020-04-26T16:27:26.975+0000][1][safepoint    ] Safepoint "Cleanup", Time since last: 4000763500 ns, Reaching safepoint: 120900 ns, At safepoint: 28900 ns, Total: 149800 ns
[2020-04-26T16:27:27.976+0000][1][safepoint    ] Safepoint "Cleanup", Time since last: 1000386500 ns, Reaching safepoint: 498600 ns, At safepoint: 136500 ns, Total: 635100 ns
[2020-04-26T16:27:29.976+0000][1][safepoint    ] Safepoint "Cleanup", Time since last: 2000555700 ns, Reaching safepoint: 181600 ns, At safepoint: 74200 ns, Total: 255800 ns
[2020-04-26T16:27:32.978+0000][1][safepoint    ] Safepoint "Cleanup", Time since last: 3001478400 ns, Reaching safepoint: 407000 ns, At safepoint: 132400 ns, Total: 539400 ns
[2020-04-26T16:27:37.980+0000][1][safepoint    ] Safepoint "Cleanup", Time since last: 5001895700 ns, Reaching safepoint: 170500 ns, At safepoint: 48000 ns, Total: 218500 ns
[2020-04-26T16:27:39.982+0000][1][safepoint    ] Safepoint "Cleanup", Time since last: 2000817500 ns, Reaching safepoint: 276700 ns, At safepoint: 86400 ns, Total: 363100 ns
[2020-04-26T16:27:47.985+0000][1][safepoint    ] Safepoint "Cleanup", Time since last: 8003028700 ns, Reaching safepoint: 127200 ns, At safepoint: 29600 ns, Total: 156800 ns
[2020-04-26T16:27:49.986+0000][1][safepoint    ] Safepoint "Cleanup", Time since last: 2000717400 ns, Reaching safepoint: 278800 ns, At safepoint: 87000 ns, Total: 365800 ns
[2020-04-26T16:27:51.985+0000][1][safepoint    ] Safepoint "RevokeBias", Time since last: 1999373900 ns, Reaching safepoint: 149800 ns, At safepoint: 45300 ns, Total: 195100 ns
[2020-04-26T16:27:51.986+0000][1][safepoint    ] Safepoint "RevokeBias", Time since last: 632200 ns, Reaching safepoint: 102800 ns, At safepoint: 29600 ns, Total: 132400 ns
[2020-04-26T16:27:52.989+0000][1][safepoint    ] Safepoint "Cleanup", Time since last: 1002788600 ns, Reaching safepoint: 272000 ns, At safepoint: 68000 ns, Total: 340000 ns
[2020-04-26T16:27:57.159+0000][1][safepoint    ] Safepoint "RevokeBias", Time since last: 4169442600 ns, Reaching safepoint: 167400 ns, At safepoint: 68700 ns, Total: 236100 ns
[2020-04-26T16:27:57.170+0000][1][safepoint    ] Safepoint "RevokeBias", Time since last: 10196000 ns, Reaching safepoint: 293800 ns, At safepoint: 55100 ns, Total: 348900 ns
[2020-04-26T16:27:57.458+0000][1][safepoint    ] Safepoint "RevokeBias", Time since last: 287986500 ns, Reaching safepoint: 123500 ns, At safepoint: 40000 ns, Total: 163500 ns
[2020-04-26T16:27:57.459+0000][1][safepoint    ] Safepoint "RevokeBias", Time since last: 1066600 ns, Reaching safepoint: 97100 ns, At safepoint: 48200 ns, Total: 145300 ns
[2020-04-26T16:27:57.459+0000][1][safepoint    ] Safepoint "RevokeBias", Time since last: 179500 ns, Reaching safepoint: 66000 ns, At safepoint: 33000 ns, Total: 99000 ns
[2020-04-26T16:27:57.460+0000][1][safepoint    ] Safepoint "RevokeBias", Time since last: 206500 ns, Reaching safepoint: 67800 ns, At safepoint: 32400 ns, Total: 100200 ns
[2020-04-26T16:27:57.460+0000][1][safepoint    ] Safepoint "RevokeBias", Time since last: 169800 ns, Reaching safepoint: 66400 ns, At safepoint: 42100 ns, Total: 108500 ns
[2020-04-26T16:27:57.462+0000][1][safepoint    ] Safepoint "RevokeBias", Time since last: 2197000 ns, Reaching safepoint: 70100 ns, At safepoint: 33800 ns, Total: 103900 ns
[2020-04-26T16:27:57.464+0000][1][safepoint    ] Safepoint "RevokeBias", Time since last: 2067500 ns, Reaching safepoint: 81700 ns, At safepoint: 49100 ns, Total: 130800 ns
[2020-04-26T16:27:57.466+0000][1][safepoint    ] Safepoint "RevokeBias", Time since last: 1284500 ns, Reaching safepoint: 80400 ns, At safepoint: 32900 ns, Total: 113300 ns
[2020-04-26T16:27:57.466+0000][1][safepoint    ] Safepoint "RevokeBias", Time since last: 146200 ns, Reaching safepoint: 66800 ns, At safepoint: 31600 ns, Total: 98400 ns
[2020-04-26T16:27:57.466+0000][1][safepoint    ] Safepoint "RevokeBias", Time since last: 153100 ns, Reaching safepoint: 64500 ns, At safepoint: 31400 ns, Total: 95900 ns
[2020-04-26T16:27:57.467+0000][1][safepoint    ] Safepoint "RevokeBias", Time since last: 825400 ns, Reaching safepoint: 73400 ns, At safepoint: 32800 ns, Total: 106200 ns
[2020-04-26T16:27:57.468+0000][1][safepoint    ] Safepoint "BulkRevokeBias", Time since last: 636800 ns, Reaching safepoint: 84500 ns, At safepoint: 478200 ns, Total: 562700 ns
[2020-04-26T16:27:57.469+0000][1][safepoint    ] Safepoint "RevokeBias", Time since last: 298300 ns, Reaching safepoint: 65000 ns, At safepoint: 31400 ns, Total: 96400 ns
[2020-04-26T16:27:58.470+0000][1][safepoint    ] Safepoint "Cleanup", Time since last: 1000678200 ns, Reaching safepoint: 362200 ns, At safepoint: 226700 ns, Total: 588900 ns
[2020-04-26T16:28:06.473+0000][1][safepoint    ] Safepoint "Cleanup", Time since last: 8002505100 ns, Reaching safepoint: 426100 ns, At safepoint: 131400 ns, Total: 557500 ns
[2020-04-26T16:28:08.990+0000][1][safepoint    ] Safepoint "RevokeBias", Time since last: 2517217800 ns, Reaching safepoint: 134300 ns, At safepoint: 38700 ns, Total: 173000 ns
[2020-04-26T16:28:08.991+0000][1][safepoint    ] Safepoint "RevokeBias", Time since last: 184600 ns, Reaching safepoint: 66800 ns, At safepoint: 31900 ns, Total: 98700 ns
[2020-04-26T16:28:08.991+0000][1][safepoint    ] Safepoint "RevokeBias", Time since last: 148900 ns, Reaching safepoint: 66300 ns, At safepoint: 31000 ns, Total: 97300 ns
[2020-04-26T16:28:08.991+0000][1][safepoint    ] Safepoint "RevokeBias", Time since last: 154600 ns, Reaching safepoint: 66300 ns, At safepoint: 31600 ns, Total: 97900 ns
[2020-04-26T16:28:08.992+0000][1][safepoint    ] Safepoint "RevokeBias", Time since last: 174200 ns, Reaching safepoint: 66200 ns, At safepoint: 31100 ns, Total: 97300 ns
[2020-04-26T16:28:08.992+0000][1][safepoint    ] Safepoint "RevokeBias", Time since last: 162200 ns, Reaching safepoint: 66400 ns, At safepoint: 31500 ns, Total: 97900 ns
[2020-04-26T16:28:08.992+0000][1][safepoint    ] Safepoint "RevokeBias", Time since last: 153700 ns, Reaching safepoint: 66500 ns, At safepoint: 26800 ns, Total: 93300 ns
[2020-04-26T16:28:08.992+0000][1][safepoint    ] Safepoint "RevokeBias", Time since last: 186000 ns, Reaching safepoint: 80300 ns, At safepoint: 31100 ns, Total: 111400 ns
[2020-04-26T16:28:08.993+0000][1][safepoint    ] Safepoint "RevokeBias", Time since last: 153200 ns, Reaching safepoint: 66300 ns, At safepoint: 31800 ns, Total: 98100 ns
[2020-04-26T16:28:08.993+0000][1][safepoint    ] Safepoint "RevokeBias", Time since last: 151400 ns, Reaching safepoint: 66600 ns, At safepoint: 31900 ns, Total: 98500 ns
[2020-04-26T16:28:08.993+0000][1][safepoint    ] Safepoint "RevokeBias", Time since last: 206400 ns, Reaching safepoint: 66900 ns, At safepoint: 31700 ns, Total: 98600 ns
[2020-04-26T16:28:09.994+0000][1][safepoint    ] Safepoint "Cleanup", Time since last: 1000499900 ns, Reaching safepoint: 180800 ns, At safepoint: 48100 ns, Total: 228900 ns
[2020-04-26T16:28:20.998+0000][1][safepoint    ] Safepoint "Cleanup", Time since last: 11003777300 ns, Reaching safepoint: 143400 ns, At safepoint: 33100 ns, Total: 176500 ns
[2020-04-26T16:28:22.999+0000][1][safepoint    ] Safepoint "Cleanup", Time since last: 2000881500 ns, Reaching safepoint: 441100 ns, At safepoint: 140100 ns, Total: 581200 ns
[2020-04-26T16:28:24.000+0000][1][safepoint    ] Safepoint "Cleanup", Time since last: 1000367000 ns, Reaching safepoint: 131300 ns, At safepoint: 30400 ns, Total: 161700 ns
[2020-04-26T16:28:28.488+0000][1][safepoint    ] Safepoint "RevokeBias", Time since last: 4487615400 ns, Reaching safepoint: 158900 ns, At safepoint: 47800 ns, Total: 206700 ns
[2020-04-26T16:28:29.488+0000][1][safepoint    ] Safepoint "Cleanup", Time since last: 1000283600 ns, Reaching safepoint: 256000 ns, At safepoint: 141600 ns, Total: 397600 ns
[2020-04-26T16:28:31.490+0000][1][safepoint    ] Safepoint "Cleanup", Time since last: 2000721300 ns, Reaching safepoint: 328400 ns, At safepoint: 132800 ns, Total: 461200 ns
[2020-04-26T16:28:35.491+0000][1][safepoint    ] Safepoint "Cleanup", Time since last: 4001772500 ns, Reaching safepoint: 134300 ns, At safepoint: 36800 ns, Total: 171100 ns
[2020-04-26T16:28:37.492+0000][1][safepoint    ] Safepoint "Cleanup", Time since last: 2000319800 ns, Reaching safepoint: 222000 ns, At safepoint: 59400 ns, Total: 281400 ns
[2020-04-26T16:28:39.494+0000][1][safepoint    ] Safepoint "Cleanup", Time since last: 2000757500 ns, Reaching safepoint: 631500 ns, At safepoint: 268600 ns, Total: 900100 ns
[2020-04-26T16:28:47.245+0000][1][gc,start     ] GC(25) Pause Young (Allocation Failure)
[2020-04-26T16:28:47.245+0000][1][gc,task      ] GC(25) Using 10 workers of 10 for evacuation
[2020-04-26T16:28:47.254+0000][1][gc,age       ] GC(25) Desired survivor size 8945664 bytes, new threshold 6 (max threshold 6)
[2020-04-26T16:28:47.254+0000][1][gc,age       ] GC(25) Age table with threshold 6 (max threshold 6)
[2020-04-26T16:28:47.254+0000][1][gc,age       ] GC(25) - age   1:     393720 bytes,     393720 total
[2020-04-26T16:28:47.254+0000][1][gc,age       ] GC(25) - age   2:     858536 bytes,    1252256 total
[2020-04-26T16:28:47.254+0000][1][gc,age       ] GC(25) - age   3:     753328 bytes,    2005584 total
[2020-04-26T16:28:47.254+0000][1][gc,age       ] GC(25) - age   4:      41440 bytes,    2047024 total
[2020-04-26T16:28:47.254+0000][1][gc,age       ] GC(25) - age   5:     160760 bytes,    2207784 total
[2020-04-26T16:28:47.254+0000][1][gc,age       ] GC(25) - age   6:     449120 bytes,    2656904 total
[2020-04-26T16:28:47.254+0000][1][gc,heap      ] GC(25) ParNew: 147294K->5725K(157248K)
[2020-04-26T16:28:47.254+0000][1][gc,heap      ] GC(25) CMS: 72047K->75454K(349568K)
[2020-04-26T16:28:47.254+0000][1][gc,metaspace ] GC(25) Metaspace: 94612K->94612K(1136640K)
[2020-04-26T16:28:47.254+0000][1][gc           ] GC(25) Pause Young (Allocation Failure) 214M->79M(494M) 8.872ms
[2020-04-26T16:28:47.254+0000][1][gc,cpu       ] GC(25) User=0.06s Sys=0.01s Real=0.01s
[2020-04-26T16:28:47.254+0000][1][safepoint    ] Safepoint "GenCollectForAllocation", Time since last: 7750844700 ns, Reaching safepoint: 498400 ns, At safepoint: 9010600 ns, Total: 9509000 ns
[2020-04-26T16:28:53.257+0000][1][safepoint    ] Safepoint "Cleanup", Time since last: 6002438500 ns, Reaching safepoint: 589700 ns, At safepoint: 120400 ns, Total: 710100 ns
[2020-04-26T16:28:54.261+0000][1][safepoint    ] Safepoint "Cleanup", Time since last: 1003473700 ns, Reaching safepoint: 126300 ns, At safepoint: 30000 ns, Total: 156300 ns
[2020-04-26T16:29:01.264+0000][1][safepoint    ] Safepoint "Cleanup", Time since last: 7002661700 ns, Reaching safepoint: 126700 ns, At safepoint: 27500 ns, Total: 154200 ns
[2020-04-26T16:29:02.265+0000][1][safepoint    ] Safepoint "Cleanup", Time since last: 1000345800 ns, Reaching safepoint: 489200 ns, At safepoint: 130100 ns, Total: 619300 ns
[2020-04-26T16:29:07.267+0000][1][safepoint    ] Safepoint "Cleanup", Time since last: 5001968800 ns, Reaching safepoint: 432100 ns, At safepoint: 131200 ns, Total: 563300 ns
[2020-04-26T16:29:10.269+0000][1][safepoint    ] Safepoint "Cleanup", Time since last: 3001660200 ns, Reaching safepoint: 464000 ns, At safepoint: 141400 ns, Total: 605400 ns
[2020-04-26T16:29:12.270+0000][1][safepoint    ] Safepoint "Cleanup", Time since last: 2000579500 ns, Reaching safepoint: 167300 ns, At safepoint: 44600 ns, Total: 211900 ns
[2020-04-26T16:29:19.274+0000][1][safepoint    ] Safepoint "Cleanup", Time since last: 7003086900 ns, Reaching safepoint: 448900 ns, At safepoint: 139000 ns, Total: 587900 ns
[2020-04-26T16:29:21.275+0000][1][safepoint    ] Safepoint "Cleanup", Time since last: 2000978300 ns, Reaching safepoint: 455200 ns, At safepoint: 135800 ns, Total: 591000 ns
[2020-04-26T16:29:22.276+0000][1][safepoint    ] Safepoint "Cleanup", Time since last: 1000229300 ns, Reaching safepoint: 145100 ns, At safepoint: 31100 ns, Total: 176200 ns
[2020-04-26T16:29:23.277+0000][1][safepoint    ] Safepoint "Cleanup", Time since last: 1000600800 ns, Reaching safepoint: 226200 ns, At safepoint: 65500 ns, Total: 291700 ns
[2020-04-26T16:29:27.278+0000][1][safepoint    ] Safepoint "Cleanup", Time since last: 4000733100 ns, Reaching safepoint: 530000 ns, At safepoint: 202200 ns, Total: 732200 ns
[2020-04-26T16:29:39.284+0000][1][safepoint    ] Safepoint "Cleanup", Time since last: 12004832300 ns, Reaching safepoint: 490800 ns, At safepoint: 129700 ns, Total: 620500 ns
[2020-04-26T16:29:40.284+0000][1][safepoint    ] Safepoint "Cleanup", Time since last: 1000260900 ns, Reaching safepoint: 145100 ns, At safepoint: 27700 ns, Total: 172800 ns
[2020-04-26T16:29:54.347+0000][1][safepoint    ] Safepoint "RevokeBias", Time since last: 14063217200 ns, Reaching safepoint: 120100 ns, At safepoint: 38400 ns, Total: 158500 ns
[2020-04-26T16:29:54.567+0000][1][safepoint    ] Safepoint "RevokeBias", Time since last: 218944600 ns, Reaching safepoint: 352500 ns, At safepoint: 143000 ns, Total: 495500 ns
[2020-04-26T16:29:54.587+0000][1][safepoint    ] Safepoint "Deoptimize", Time since last: 18548400 ns, Reaching safepoint: 180500 ns, At safepoint: 1008000 ns, Total: 1188500 ns
[2020-04-26T16:29:54.591+0000][1][safepoint    ] Safepoint "RevokeBias", Time since last: 4133000 ns, Reaching safepoint: 291100 ns, At safepoint: 100900 ns, Total: 392000 ns
[2020-04-26T16:29:54.601+0000][1][safepoint    ] Safepoint "RevokeBias", Time since last: 8693900 ns, Reaching safepoint: 520000 ns, At safepoint: 104100 ns, Total: 624100 ns
[2020-04-26T16:29:55.601+0000][1][safepoint    ] Safepoint "Cleanup", Time since last: 1000519600 ns, Reaching safepoint: 234500 ns, At safepoint: 61700 ns, Total: 296200 ns
[2020-04-26T16:29:57.602+0000][1][safepoint    ] Safepoint "Cleanup", Time since last: 2000505700 ns, Reaching safepoint: 133500 ns, At safepoint: 28700 ns, Total: 162200 ns
[2020-04-26T16:30:00.602+0000][1][safepoint    ] Safepoint "Cleanup", Time since last: 3000312300 ns, Reaching safepoint: 129900 ns, At safepoint: 26600 ns, Total: 156500 ns
[2020-04-26T16:30:06.605+0000][1][safepoint    ] Safepoint "Cleanup", Time since last: 6002043400 ns, Reaching safepoint: 135300 ns, At safepoint: 33700 ns, Total: 169000 ns
[2020-04-26T16:30:07.605+0000][1][safepoint    ] Safepoint "Cleanup", Time since last: 1000152200 ns, Reaching safepoint: 147500 ns, At safepoint: 30300 ns, Total: 177800 ns
[2020-04-26T16:30:10.606+0000][1][safepoint    ] Safepoint "Cleanup", Time since last: 3000834000 ns, Reaching safepoint: 462100 ns, At safepoint: 179300 ns, Total: 641400 ns
[2020-04-26T16:30:15.609+0000][1][safepoint    ] Safepoint "Cleanup", Time since last: 5001997100 ns, Reaching safepoint: 136800 ns, At safepoint: 32000 ns, Total: 168800 ns
[2020-04-26T16:30:18.610+0000][1][safepoint    ] Safepoint "Cleanup", Time since last: 3000710900 ns, Reaching safepoint: 376900 ns, At safepoint: 42800 ns, Total: 419700 ns
[2020-04-26T16:30:21.612+0000][1][safepoint    ] Safepoint "Cleanup", Time since last: 3001514700 ns, Reaching safepoint: 481300 ns, At safepoint: 212700 ns, Total: 694000 ns
[2020-04-26T16:30:22.613+0000][1][safepoint    ] Safepoint "Cleanup", Time since last: 1000336500 ns, Reaching safepoint: 498600 ns, At safepoint: 126200 ns, Total: 624800 ns
[2020-04-26T16:30:24.615+0000][1][safepoint    ] Safepoint "Cleanup", Time since last: 2000764100 ns, Reaching safepoint: 624300 ns, At safepoint: 193400 ns, Total: 817700 ns
[2020-04-26T16:30:25.615+0000][1][safepoint    ] Safepoint "Cleanup", Time since last: 1000309300 ns, Reaching safepoint: 331700 ns, At safepoint: 132400 ns, Total: 464100 ns
[2020-04-26T16:30:31.618+0000][1][safepoint    ] Safepoint "Cleanup", Time since last: 6002565500 ns, Reaching safepoint: 316700 ns, At safepoint: 99100 ns, Total: 415800 ns
[2020-04-26T16:30:36.620+0000][1][safepoint    ] Safepoint "Cleanup", Time since last: 5001558800 ns, Reaching safepoint: 274100 ns, At safepoint: 76500 ns, Total: 350600 ns
[2020-04-26T16:30:53.626+0000][1][safepoint    ] Safepoint "Cleanup", Time since last: 17004871300 ns, Reaching safepoint: 525600 ns, At safepoint: 132700 ns, Total: 658300 ns
[2020-04-26T16:30:54.626+0000][1][safepoint    ] Safepoint "Cleanup", Time since last: 1000206600 ns, Reaching safepoint: 131300 ns, At safepoint: 26100 ns, Total: 157400 ns
[2020-04-26T16:30:55.140+0000][1][safepoint    ] Safepoint "RevokeBias", Time since last: 513961700 ns, Reaching safepoint: 128200 ns, At safepoint: 92000 ns, Total: 220200 ns
[2020-04-26T16:30:55.141+0000][1][safepoint    ] Safepoint "RevokeBias", Time since last: 164300 ns, Reaching safepoint: 212000 ns, At safepoint: 75300 ns, Total: 287300 ns
[2020-04-26T16:30:55.141+0000][1][safepoint    ] Safepoint "RevokeBias", Time since last: 412000 ns, Reaching safepoint: 163700 ns, At safepoint: 71000 ns, Total: 234700 ns
[2020-04-26T16:30:55.146+0000][1][safepoint    ] Safepoint "RevokeBias", Time since last: 4276200 ns, Reaching safepoint: 109500 ns, At safepoint: 62300 ns, Total: 171800 ns
[2020-04-26T16:30:55.146+0000][1][safepoint    ] Safepoint "RevokeBias", Time since last: 174400 ns, Reaching safepoint: 167000 ns, At safepoint: 70300 ns, Total: 237300 ns
[2020-04-26T16:30:55.147+0000][1][safepoint    ] Safepoint "RevokeBias", Time since last: 340300 ns, Reaching safepoint: 162800 ns, At safepoint: 68700 ns, Total: 231500 ns
[2020-04-26T16:30:56.147+0000][1][safepoint    ] Safepoint "Cleanup", Time since last: 1000214700 ns, Reaching safepoint: 134200 ns, At safepoint: 38700 ns, Total: 172900 ns
[2020-04-26T16:30:58.144+0000][1][safepoint    ] Safepoint "RevokeBias", Time since last: 1996298500 ns, Reaching safepoint: 229800 ns, At safepoint: 103400 ns, Total: 333200 ns
[2020-04-26T16:30:58.146+0000][1][safepoint    ] Safepoint "RevokeBias", Time since last: 2188300 ns, Reaching safepoint: 179800 ns, At safepoint: 72200 ns, Total: 252000 ns
[2020-04-26T16:30:58.570+0000][1][safepoint    ] Safepoint "RevokeBias", Time since last: 423126000 ns, Reaching safepoint: 345200 ns, At safepoint: 125400 ns, Total: 470600 ns
[2020-04-26T16:30:58.572+0000][1][safepoint    ] Safepoint "RevokeBias", Time since last: 2017700 ns, Reaching safepoint: 148500 ns, At safepoint: 39900 ns, Total: 188400 ns
[2020-04-26T16:30:58.573+0000][1][safepoint    ] Safepoint "RevokeBias", Time since last: 258100 ns, Reaching safepoint: 145900 ns, At safepoint: 95900 ns, Total: 241800 ns
[2020-04-26T16:30:58.573+0000][1][safepoint    ] Safepoint "RevokeBias", Time since last: 261100 ns, Reaching safepoint: 125200 ns, At safepoint: 50700 ns, Total: 175900 ns
[2020-04-26T16:30:58.574+0000][1][safepoint    ] Safepoint "BulkRevokeBias", Time since last: 238300 ns, Reaching safepoint: 104500 ns, At safepoint: 864100 ns, Total: 968600 ns
[2020-04-26T16:30:58.579+0000][1][safepoint    ] Safepoint "RevokeBias", Time since last: 4128000 ns, Reaching safepoint: 276500 ns, At safepoint: 62300 ns, Total: 338800 ns
[2020-04-26T16:30:58.581+0000][1][safepoint    ] Safepoint "RevokeBias", Time since last: 1848100 ns, Reaching safepoint: 101800 ns, At safepoint: 33900 ns, Total: 135700 ns
[2020-04-26T16:30:58.582+0000][1][safepoint    ] Safepoint "RevokeBias", Time since last: 1377700 ns, Reaching safepoint: 153500 ns, At safepoint: 49600 ns, Total: 203100 ns
[2020-04-26T16:30:58.584+0000][1][safepoint    ] Safepoint "RevokeBias", Time since last: 1923300 ns, Reaching safepoint: 191100 ns, At safepoint: 125800 ns, Total: 316900 ns
[2020-04-26T16:30:59.008+0000][1][safepoint    ] Safepoint "RevokeBias", Time since last: 422544400 ns, Reaching safepoint: 433400 ns, At safepoint: 171800 ns, Total: 605200 ns
[2020-04-26T16:30:59.009+0000][1][safepoint    ] Safepoint "RevokeBias", Time since last: 567300 ns, Reaching safepoint: 352500 ns, At safepoint: 161700 ns, Total: 514200 ns
[2020-04-26T16:30:59.010+0000][1][safepoint    ] Safepoint "RevokeBias", Time since last: 592300 ns, Reaching safepoint: 391300 ns, At safepoint: 93300 ns, Total: 484600 ns
[2020-04-26T16:30:59.011+0000][1][safepoint    ] Safepoint "RevokeBias", Time since last: 556700 ns, Reaching safepoint: 361100 ns, At safepoint: 200000 ns, Total: 561100 ns
[2020-04-26T16:30:59.012+0000][1][safepoint    ] Safepoint "RevokeBias", Time since last: 531100 ns, Reaching safepoint: 365300 ns, At safepoint: 215000 ns, Total: 580300 ns
[2020-04-26T16:30:59.013+0000][1][safepoint    ] Safepoint "RevokeBias", Time since last: 565100 ns, Reaching safepoint: 422600 ns, At safepoint: 159100 ns, Total: 581700 ns
[2020-04-26T16:30:59.014+0000][1][safepoint    ] Safepoint "RevokeBias", Time since last: 538400 ns, Reaching safepoint: 436600 ns, At safepoint: 157600 ns, Total: 594200 ns
[2020-04-26T16:30:59.015+0000][1][safepoint    ] Safepoint "RevokeBias", Time since last: 604700 ns, Reaching safepoint: 411600 ns, At safepoint: 157200 ns, Total: 568800 ns
[2020-04-26T16:30:59.016+0000][1][safepoint    ] Safepoint "RevokeBias", Time since last: 562600 ns, Reaching safepoint: 343600 ns, At safepoint: 31000 ns, Total: 374600 ns
[2020-04-26T16:30:59.017+0000][1][safepoint    ] Safepoint "RevokeBias", Time since last: 153400 ns, Reaching safepoint: 68100 ns, At safepoint: 31200 ns, Total: 99300 ns
[2020-04-26T16:31:01.017+0000][1][safepoint    ] Safepoint "Cleanup", Time since last: 2000518300 ns, Reaching safepoint: 145100 ns, At safepoint: 32400 ns, Total: 177500 ns
[2020-04-26T16:31:02.018+0000][1][safepoint    ] Safepoint "Cleanup", Time since last: 1000193900 ns, Reaching safepoint: 156100 ns, At safepoint: 34000 ns, Total: 190100 ns
[2020-04-26T16:31:07.020+0000][1][safepoint    ] Safepoint "Cleanup", Time since last: 5002138900 ns, Reaching safepoint: 225600 ns, At safepoint: 85100 ns, Total: 310700 ns
[2020-04-26T16:31:09.005+0000][1][safepoint    ] Safepoint "RevokeBias", Time since last: 1984494600 ns, Reaching safepoint: 132600 ns, At safepoint: 41600 ns, Total: 174200 ns
[2020-04-26T16:31:10.006+0000][1][safepoint    ] Safepoint "Cleanup", Time since last: 1000563100 ns, Reaching safepoint: 225300 ns, At safepoint: 106900 ns, Total: 332200 ns
[2020-04-26T16:31:22.012+0000][1][safepoint    ] Safepoint "Cleanup", Time since last: 12005372700 ns, Reaching safepoint: 487600 ns, At safepoint: 141600 ns, Total: 629200 ns
[2020-04-26T16:31:23.012+0000][1][safepoint    ] Safepoint "Cleanup", Time since last: 1000304200 ns, Reaching safepoint: 267100 ns, At safepoint: 52800 ns, Total: 319900 ns
[2020-04-26T16:31:28.014+0000][1][safepoint    ] Safepoint "Cleanup", Time since last: 5001412300 ns, Reaching safepoint: 244700 ns, At safepoint: 69000 ns, Total: 313700 ns
[2020-04-26T16:31:28.094+0000][1][gc,start     ] GC(26) Pause Young (Allocation Failure)
[2020-04-26T16:31:28.094+0000][1][gc,task      ] GC(26) Using 10 workers of 10 for evacuation
[2020-04-26T16:31:28.100+0000][1][gc,age       ] GC(26) Desired survivor size 8945664 bytes, new threshold 6 (max threshold 6)
[2020-04-26T16:31:28.100+0000][1][gc,age       ] GC(26) Age table with threshold 6 (max threshold 6)
[2020-04-26T16:31:28.100+0000][1][gc,age       ] GC(26) - age   1:     738664 bytes,     738664 total
[2020-04-26T16:31:28.100+0000][1][gc,age       ] GC(26) - age   2:     209944 bytes,     948608 total
[2020-04-26T16:31:28.100+0000][1][gc,age       ] GC(26) - age   3:     857544 bytes,    1806152 total
[2020-04-26T16:31:28.100+0000][1][gc,age       ] GC(26) - age   4:     709464 bytes,    2515616 total
[2020-04-26T16:31:28.100+0000][1][gc,age       ] GC(26) - age   5:      41440 bytes,    2557056 total
[2020-04-26T16:31:28.100+0000][1][gc,age       ] GC(26) - age   6:     160624 bytes,    2717680 total
[2020-04-26T16:31:28.100+0000][1][gc,heap      ] GC(26) ParNew: 145501K->3491K(157248K)
[2020-04-26T16:31:28.100+0000][1][gc,heap      ] GC(26) CMS: 75454K->75895K(349568K)
[2020-04-26T16:31:28.100+0000][1][gc,metaspace ] GC(26) Metaspace: 94842K->94842K(1136640K)
[2020-04-26T16:31:28.100+0000][1][gc           ] GC(26) Pause Young (Allocation Failure) 215M->77M(494M) 6.031ms
[2020-04-26T16:31:28.100+0000][1][gc,cpu       ] GC(26) User=0.03s Sys=0.00s Real=0.00s
[2020-04-26T16:31:28.100+0000][1][safepoint    ] Safepoint "GenCollectForAllocation", Time since last: 79691700 ns, Reaching safepoint: 288500 ns, At safepoint: 6234100 ns, Total: 6522600 ns
[2020-04-26T16:31:35.103+0000][1][safepoint    ] Safepoint "Cleanup", Time since last: 7002649300 ns, Reaching safepoint: 134300 ns, At safepoint: 33300 ns, Total: 167600 ns
[2020-04-26T16:31:36.103+0000][1][safepoint    ] Safepoint "Cleanup", Time since last: 1000150000 ns, Reaching safepoint: 159300 ns, At safepoint: 36700 ns, Total: 196000 ns
[2020-04-26T16:31:41.106+0000][1][safepoint    ] Safepoint "Cleanup", Time since last: 5002149100 ns, Reaching safepoint: 133900 ns, At safepoint: 32600 ns, Total: 166500 ns
[2020-04-26T16:31:44.107+0000][1][safepoint    ] Safepoint "Cleanup", Time since last: 3000892300 ns, Reaching safepoint: 268300 ns, At safepoint: 72500 ns, Total: 340800 ns
[2020-04-26T16:31:44.614+0000][1][safepoint    ] Safepoint "RevokeBias", Time since last: 506631800 ns, Reaching safepoint: 132000 ns, At safepoint: 44300 ns, Total: 176300 ns
[2020-04-26T16:31:45.615+0000][1][safepoint    ] Safepoint "Cleanup", Time since last: 1000597900 ns, Reaching safepoint: 446800 ns, At safepoint: 212500 ns, Total: 659300 ns
[2020-04-26T16:31:48.617+0000][1][safepoint    ] Safepoint "Cleanup", Time since last: 3001526700 ns, Reaching safepoint: 227300 ns, At safepoint: 45700 ns, Total: 273000 ns
[2020-04-26T16:31:49.617+0000][1][safepoint    ] Safepoint "Cleanup", Time since last: 1000224700 ns, Reaching safepoint: 222800 ns, At safepoint: 96400 ns, Total: 319200 ns
[2020-04-26T16:31:50.619+0000][1][safepoint    ] Safepoint "Cleanup", Time since last: 1000526700 ns, Reaching safepoint: 743300 ns, At safepoint: 209100 ns, Total: 952400 ns
[2020-04-26T16:31:53.620+0000][1][safepoint    ] Safepoint "Cleanup", Time since last: 3000933000 ns, Reaching safepoint: 205600 ns, At safepoint: 40600 ns, Total: 246200 ns
[2020-04-26T16:31:55.622+0000][1][safepoint    ] Safepoint "Cleanup", Time since last: 2000759100 ns, Reaching safepoint: 650700 ns, At safepoint: 316100 ns, Total: 966800 ns
[2020-04-26T16:31:57.188+0000][1][safepoint    ] Safepoint "RevokeBias", Time since last: 1565564900 ns, Reaching safepoint: 156400 ns, At safepoint: 71500 ns, Total: 227900 ns
[2020-04-26T16:31:57.188+0000][1][safepoint    ] Safepoint "BulkRevokeBias", Time since last: 103100 ns, Reaching safepoint: 187800 ns, At safepoint: 579600 ns, Total: 767400 ns
[2020-04-26T16:31:57.189+0000][1][safepoint    ] Safepoint "RevokeBias", Time since last: 296500 ns, Reaching safepoint: 230600 ns, At safepoint: 89600 ns, Total: 320200 ns
[2020-04-26T16:31:57.194+0000][1][safepoint    ] Safepoint "RevokeBias", Time since last: 5149600 ns, Reaching safepoint: 148900 ns, At safepoint: 54100 ns, Total: 203000 ns
[2020-04-26T16:31:57.195+0000][1][safepoint    ] Safepoint "RevokeBias", Time since last: 76700 ns, Reaching safepoint: 98100 ns, At safepoint: 46300 ns, Total: 144400 ns
[2020-04-26T16:31:58.195+0000][1][safepoint    ] Safepoint "Cleanup", Time since last: 1000305800 ns, Reaching safepoint: 139100 ns, At safepoint: 31800 ns, Total: 170900 ns
[2020-04-26T16:32:00.196+0000][1][safepoint    ] Safepoint "Cleanup", Time since last: 2000471100 ns, Reaching safepoint: 418900 ns, At safepoint: 29600 ns, Total: 448500 ns
[2020-04-26T16:32:03.198+0000][1][safepoint    ] Safepoint "Cleanup", Time since last: 3001172500 ns, Reaching safepoint: 651300 ns, At safepoint: 229700 ns, Total: 881000 ns
[2020-04-26T16:32:06.199+0000][1][safepoint    ] Safepoint "Cleanup", Time since last: 3000794700 ns, Reaching safepoint: 294900 ns, At safepoint: 68100 ns, Total: 363000 ns
[2020-04-26T16:32:12.201+0000][1][safepoint    ] Safepoint "Cleanup", Time since last: 6001997200 ns, Reaching safepoint: 145800 ns, At safepoint: 30400 ns, Total: 176200 ns
[2020-04-26T16:32:22.204+0000][1][safepoint    ] Safepoint "Cleanup", Time since last: 10002701100 ns, Reaching safepoint: 154000 ns, At safepoint: 28900 ns, Total: 182900 ns
[2020-04-26T16:32:23.205+0000][1][safepoint    ] Safepoint "Cleanup", Time since last: 1000111100 ns, Reaching safepoint: 158100 ns, At safepoint: 27800 ns, Total: 185900 ns
[2020-04-26T16:32:24.205+0000][1][safepoint    ] Safepoint "Cleanup", Time since last: 1000163900 ns, Reaching safepoint: 138800 ns, At safepoint: 32100 ns, Total: 170900 ns
[2020-04-26T16:32:27.206+0000][1][safepoint    ] Safepoint "Cleanup", Time since last: 3000718000 ns, Reaching safepoint: 467900 ns, At safepoint: 147000 ns, Total: 614900 ns
[2020-04-26T16:32:50.214+0000][1][safepoint    ] Safepoint "Cleanup", Time since last: 23007269200 ns, Reaching safepoint: 137500 ns, At safepoint: 29200 ns, Total: 166700 ns
[2020-04-26T16:32:51.214+0000][1][safepoint    ] Safepoint "Cleanup", Time since last: 1000314000 ns, Reaching safepoint: 141200 ns, At safepoint: 30900 ns, Total: 172100 ns
[2020-04-26T16:32:53.221+0000][1][safepoint    ] Safepoint "RevokeBias", Time since last: 2006361100 ns, Reaching safepoint: 554800 ns, At safepoint: 177400 ns, Total: 732200 ns
[2020-04-26T16:32:53.236+0000][1][safepoint    ] Safepoint "RevokeBias", Time since last: 13536500 ns, Reaching safepoint: 557000 ns, At safepoint: 172100 ns, Total: 729100 ns
[2020-04-26T16:32:57.238+0000][1][safepoint    ] Safepoint "Cleanup", Time since last: 4001343100 ns, Reaching safepoint: 637300 ns, At safepoint: 141700 ns, Total: 779000 ns
[2020-04-26T16:32:59.141+0000][1][safepoint    ] Safepoint "RevokeBias", Time since last: 1903040100 ns, Reaching safepoint: 169400 ns, At safepoint: 79700 ns, Total: 249100 ns
[2020-04-26T16:32:59.141+0000][1][safepoint    ] Safepoint "RevokeBias", Time since last: 205800 ns, Reaching safepoint: 228900 ns, At safepoint: 80000 ns, Total: 308900 ns
[2020-04-26T16:32:59.142+0000][1][safepoint    ] Safepoint "RevokeBias", Time since last: 257400 ns, Reaching safepoint: 229500 ns, At safepoint: 83900 ns, Total: 313400 ns
[2020-04-26T16:32:59.146+0000][1][safepoint    ] Safepoint "RevokeBias", Time since last: 4174400 ns, Reaching safepoint: 114600 ns, At safepoint: 63700 ns, Total: 178300 ns
[2020-04-26T16:32:59.147+0000][1][safepoint    ] Safepoint "RevokeBias", Time since last: 173700 ns, Reaching safepoint: 175500 ns, At safepoint: 61800 ns, Total: 237300 ns
[2020-04-26T16:32:59.147+0000][1][safepoint    ] Safepoint "RevokeBias", Time since last: 375300 ns, Reaching safepoint: 181600 ns, At safepoint: 69900 ns, Total: 251500 ns
[2020-04-26T16:33:00.148+0000][1][safepoint    ] Safepoint "Cleanup", Time since last: 1000241800 ns, Reaching safepoint: 161900 ns, At safepoint: 34800 ns, Total: 196700 ns
[2020-04-26T16:33:01.149+0000][1][safepoint    ] Safepoint "Cleanup", Time since last: 1000477200 ns, Reaching safepoint: 137400 ns, At safepoint: 33900 ns, Total: 171300 ns
[2020-04-26T16:33:02.149+0000][1][safepoint    ] Safepoint "Cleanup", Time since last: 1000161700 ns, Reaching safepoint: 136800 ns, At safepoint: 29700 ns, Total: 166500 ns
[2020-04-26T16:33:03.150+0000][1][safepoint    ] Safepoint "Cleanup", Time since last: 1000233300 ns, Reaching safepoint: 452500 ns, At safepoint: 51000 ns, Total: 503500 ns
[2020-04-26T16:33:04.150+0000][1][safepoint    ] Safepoint "Cleanup", Time since last: 1000510700 ns, Reaching safepoint: 129900 ns, At safepoint: 31400 ns, Total: 161300 ns
[2020-04-26T16:33:05.151+0000][1][safepoint    ] Safepoint "Cleanup", Time since last: 1000141400 ns, Reaching safepoint: 196200 ns, At safepoint: 45900 ns, Total: 242100 ns
[2020-04-26T16:33:06.151+0000][1][safepoint    ] Safepoint "Cleanup", Time since last: 1000331100 ns, Reaching safepoint: 264000 ns, At safepoint: 77100 ns, Total: 341100 ns
[2020-04-26T16:33:07.152+0000][1][safepoint    ] Safepoint "Cleanup", Time since last: 1000306700 ns, Reaching safepoint: 386500 ns, At safepoint: 95600 ns, Total: 482100 ns
[2020-04-26T16:33:08.153+0000][1][safepoint    ] Safepoint "Cleanup", Time since last: 1000475000 ns, Reaching safepoint: 512700 ns, At safepoint: 140000 ns, Total: 652700 ns
[2020-04-26T16:33:09.154+0000][1][safepoint    ] Safepoint "Cleanup", Time since last: 1000344200 ns, Reaching safepoint: 213700 ns, At safepoint: 38700 ns, Total: 252400 ns
[2020-04-26T16:33:10.155+0000][1][safepoint    ] Safepoint "Cleanup", Time since last: 1000275700 ns, Reaching safepoint: 366600 ns, At safepoint: 56400 ns, Total: 423000 ns
[2020-04-26T16:33:11.156+0000][1][safepoint    ] Safepoint "Cleanup", Time since last: 1000325800 ns, Reaching safepoint: 509400 ns, At safepoint: 134700 ns, Total: 644100 ns
[2020-04-26T16:33:12.156+0000][1][safepoint    ] Safepoint "Cleanup", Time since last: 1000563300 ns, Reaching safepoint: 185400 ns, At safepoint: 47000 ns, Total: 232400 ns
[2020-04-26T16:33:13.157+0000][1][safepoint    ] Safepoint "Cleanup", Time since last: 1000572600 ns, Reaching safepoint: 187900 ns, At safepoint: 51400 ns, Total: 239300 ns
[2020-04-26T16:33:14.158+0000][1][safepoint    ] Safepoint "Cleanup", Time since last: 1000249600 ns, Reaching safepoint: 159900 ns, At safepoint: 43400 ns, Total: 203300 ns
[2020-04-26T16:33:15.159+0000][1][safepoint    ] Safepoint "Cleanup", Time since last: 1000416100 ns, Reaching safepoint: 600600 ns, At safepoint: 149700 ns, Total: 750300 ns
[2020-04-26T16:33:16.160+0000][1][safepoint    ] Safepoint "Cleanup", Time since last: 1000400000 ns, Reaching safepoint: 341000 ns, At safepoint: 95000 ns, Total: 436000 ns
[2020-04-26T16:33:17.161+0000][1][safepoint    ] Safepoint "Cleanup", Time since last: 1000751400 ns, Reaching safepoint: 517100 ns, At safepoint: 137300 ns, Total: 654400 ns
[2020-04-26T16:33:18.162+0000][1][safepoint    ] Safepoint "Cleanup", Time since last: 1000347500 ns, Reaching safepoint: 469100 ns, At safepoint: 119800 ns, Total: 588900 ns
[2020-04-26T16:33:19.163+0000][1][safepoint    ] Safepoint "Cleanup", Time since last: 1000379500 ns, Reaching safepoint: 415200 ns, At safepoint: 78300 ns, Total: 493500 ns
[2020-04-26T16:33:20.164+0000][1][safepoint    ] Safepoint "Cleanup", Time since last: 1000688700 ns, Reaching safepoint: 444500 ns, At safepoint: 133900 ns, Total: 578400 ns
[2020-04-26T16:33:21.165+0000][1][safepoint    ] Safepoint "Cleanup", Time since last: 1000621500 ns, Reaching safepoint: 139900 ns, At safepoint: 33300 ns, Total: 173200 ns
[2020-04-26T16:33:22.166+0000][1][safepoint    ] Safepoint "Cleanup", Time since last: 1000546500 ns, Reaching safepoint: 246500 ns, At safepoint: 75900 ns, Total: 322400 ns
[2020-04-26T16:33:23.167+0000][1][safepoint    ] Safepoint "Cleanup", Time since last: 1000293000 ns, Reaching safepoint: 461100 ns, At safepoint: 113000 ns, Total: 574100 ns
[2020-04-26T16:33:24.167+0000][1][safepoint    ] Safepoint "Cleanup", Time since last: 1000264700 ns, Reaching safepoint: 273700 ns, At safepoint: 53500 ns, Total: 327200 ns
[2020-04-26T16:33:25.168+0000][1][safepoint    ] Safepoint "Cleanup", Time since last: 1000379700 ns, Reaching safepoint: 304000 ns, At safepoint: 81300 ns, Total: 385300 ns
[2020-04-26T16:33:26.169+0000][1][safepoint    ] Safepoint "Cleanup", Time since last: 1000587500 ns, Reaching safepoint: 454700 ns, At safepoint: 138300 ns, Total: 593000 ns
[2020-04-26T16:33:27.170+0000][1][safepoint    ] Safepoint "Cleanup", Time since last: 1000632400 ns, Reaching safepoint: 175000 ns, At safepoint: 44100 ns, Total: 219100 ns
[2020-04-26T16:33:28.171+0000][1][safepoint    ] Safepoint "Cleanup", Time since last: 1000546500 ns, Reaching safepoint: 351700 ns, At safepoint: 106900 ns, Total: 458600 ns
[2020-04-26T16:33:29.172+0000][1][safepoint    ] Safepoint "Cleanup", Time since last: 1000417300 ns, Reaching safepoint: 489700 ns, At safepoint: 141200 ns, Total: 630900 ns
[2020-04-26T16:33:30.173+0000][1][safepoint    ] Safepoint "Cleanup", Time since last: 1000314100 ns, Reaching safepoint: 173300 ns, At safepoint: 31100 ns, Total: 204400 ns
[2020-04-26T16:33:31.173+0000][1][safepoint    ] Safepoint "Cleanup", Time since last: 1000150700 ns, Reaching safepoint: 136600 ns, At safepoint: 26600 ns, Total: 163200 ns
[2020-04-26T16:33:32.173+0000][1][safepoint    ] Safepoint "Cleanup", Time since last: 1000170300 ns, Reaching safepoint: 176000 ns, At safepoint: 31500 ns, Total: 207500 ns
[2020-04-26T16:33:33.174+0000][1][safepoint    ] Safepoint "Cleanup", Time since last: 1000564700 ns, Reaching safepoint: 436800 ns, At safepoint: 135500 ns, Total: 572300 ns
[2020-04-26T16:33:34.175+0000][1][safepoint    ] Safepoint "Cleanup", Time since last: 1000357500 ns, Reaching safepoint: 304700 ns, At safepoint: 73200 ns, Total: 377900 ns
[2020-04-26T16:33:35.176+0000][1][safepoint    ] Safepoint "Cleanup", Time since last: 1000368100 ns, Reaching safepoint: 276100 ns, At safepoint: 47300 ns, Total: 323400 ns
[2020-04-26T16:33:36.177+0000][1][safepoint    ] Safepoint "Cleanup", Time since last: 1000625800 ns, Reaching safepoint: 436000 ns, At safepoint: 135800 ns, Total: 571800 ns
[2020-04-26T16:33:37.178+0000][1][safepoint    ] Safepoint "Cleanup", Time since last: 1000402800 ns, Reaching safepoint: 137300 ns, At safepoint: 33100 ns, Total: 170400 ns
[2020-04-26T16:33:38.179+0000][1][safepoint    ] Safepoint "Cleanup", Time since last: 1000791300 ns, Reaching safepoint: 437100 ns, At safepoint: 139300 ns, Total: 576400 ns
[2020-04-26T16:33:39.179+0000][1][safepoint    ] Safepoint "Cleanup", Time since last: 1000229000 ns, Reaching safepoint: 138700 ns, At safepoint: 30000 ns, Total: 168700 ns
[2020-04-26T16:33:40.181+0000][1][safepoint    ] Safepoint "Cleanup", Time since last: 1000656200 ns, Reaching safepoint: 538700 ns, At safepoint: 178200 ns, Total: 716900 ns
[2020-04-26T16:33:41.182+0000][1][safepoint    ] Safepoint "Cleanup", Time since last: 1000381200 ns, Reaching safepoint: 374200 ns, At safepoint: 77600 ns, Total: 451800 ns
[2020-04-26T16:33:42.183+0000][1][safepoint    ] Safepoint "Cleanup", Time since last: 1000413100 ns, Reaching safepoint: 600300 ns, At safepoint: 134000 ns, Total: 734300 ns
[2020-04-26T16:33:43.183+0000][1][safepoint    ] Safepoint "Cleanup", Time since last: 1000262700 ns, Reaching safepoint: 175500 ns, At safepoint: 32100 ns, Total: 207600 ns
[2020-04-26T16:33:44.184+0000][1][safepoint    ] Safepoint "Cleanup", Time since last: 1000208800 ns, Reaching safepoint: 202700 ns, At safepoint: 33700 ns, Total: 236400 ns
[2020-04-26T16:33:45.184+0000][1][safepoint    ] Safepoint "Cleanup", Time since last: 1000226900 ns, Reaching safepoint: 323600 ns, At safepoint: 96800 ns, Total: 420400 ns
[2020-04-26T16:33:46.185+0000][1][safepoint    ] Safepoint "Cleanup", Time since last: 1000297600 ns, Reaching safepoint: 274200 ns, At safepoint: 54600 ns, Total: 328800 ns
[2020-04-26T16:33:47.186+0000][1][safepoint    ] Safepoint "Cleanup", Time since last: 1000329600 ns, Reaching safepoint: 297400 ns, At safepoint: 86300 ns, Total: 383700 ns
[2020-04-26T16:33:48.186+0000][1][safepoint    ] Safepoint "Cleanup", Time since last: 1000390800 ns, Reaching safepoint: 152000 ns, At safepoint: 33800 ns, Total: 185800 ns
[2020-04-26T16:33:49.187+0000][1][safepoint    ] Safepoint "Cleanup", Time since last: 1000271100 ns, Reaching safepoint: 456800 ns, At safepoint: 136000 ns, Total: 592800 ns
[2020-04-26T16:33:50.188+0000][1][safepoint    ] Safepoint "Cleanup", Time since last: 1000231900 ns, Reaching safepoint: 188400 ns, At safepoint: 35300 ns, Total: 223700 ns
[2020-04-26T16:33:51.189+0000][1][safepoint    ] Safepoint "Cleanup", Time since last: 1000367000 ns, Reaching safepoint: 707000 ns, At safepoint: 142200 ns, Total: 849200 ns
[2020-04-26T16:33:52.190+0000][1][safepoint    ] Safepoint "Cleanup", Time since last: 1000327000 ns, Reaching safepoint: 370000 ns, At safepoint: 94800 ns, Total: 464800 ns
[2020-04-26T16:33:53.191+0000][1][safepoint    ] Safepoint "Cleanup", Time since last: 1000783000 ns, Reaching safepoint: 406800 ns, At safepoint: 82800 ns, Total: 489600 ns
[2020-04-26T16:33:54.194+0000][1][safepoint    ] Safepoint "Cleanup", Time since last: 1003213800 ns, Reaching safepoint: 372300 ns, At safepoint: 107100 ns, Total: 479400 ns
[2020-04-26T16:33:55.195+0000][1][safepoint    ] Safepoint "Cleanup", Time since last: 1000352900 ns, Reaching safepoint: 510400 ns, At safepoint: 136100 ns, Total: 646500 ns
[2020-04-26T16:33:56.196+0000][1][safepoint    ] Safepoint "Cleanup", Time since last: 1000311500 ns, Reaching safepoint: 424600 ns, At safepoint: 104900 ns, Total: 529500 ns
[2020-04-26T16:33:57.197+0000][1][safepoint    ] Safepoint "Cleanup", Time since last: 1000512300 ns, Reaching safepoint: 183900 ns, At safepoint: 35900 ns, Total: 219800 ns
[2020-04-26T16:33:58.198+0000][1][safepoint    ] Safepoint "Cleanup", Time since last: 1000433100 ns, Reaching safepoint: 257600 ns, At safepoint: 76800 ns, Total: 334400 ns
[2020-04-26T16:33:59.198+0000][1][safepoint    ] Safepoint "Cleanup", Time since last: 1000186700 ns, Reaching safepoint: 159100 ns, At safepoint: 31200 ns, Total: 190300 ns
[2020-04-26T16:34:00.199+0000][1][safepoint    ] Safepoint "Cleanup", Time since last: 1000288300 ns, Reaching safepoint: 140100 ns, At safepoint: 30900 ns, Total: 171000 ns
[2020-04-26T16:34:01.149+0000][1][safepoint    ] Safepoint "RevokeBias", Time since last: 950137900 ns, Reaching safepoint: 192000 ns, At safepoint: 57800 ns, Total: 249800 ns
[2020-04-26T16:34:01.150+0000][1][safepoint    ] Safepoint "RevokeBias", Time since last: 373200 ns, Reaching safepoint: 212900 ns, At safepoint: 110200 ns, Total: 323100 ns
[2020-04-26T16:34:01.150+0000][1][safepoint    ] Safepoint "RevokeBias", Time since last: 221800 ns, Reaching safepoint: 254600 ns, At safepoint: 128500 ns, Total: 383100 ns
[2020-04-26T16:34:01.158+0000][1][safepoint    ] Safepoint "RevokeBias", Time since last: 7224000 ns, Reaching safepoint: 245100 ns, At safepoint: 117200 ns, Total: 362300 ns
[2020-04-26T16:34:01.160+0000][1][safepoint    ] Safepoint "RevokeBias", Time since last: 1816600 ns, Reaching safepoint: 258700 ns, At safepoint: 52300 ns, Total: 311000 ns
[2020-04-26T16:34:02.161+0000][1][safepoint    ] Safepoint "Cleanup", Time since last: 1000592900 ns, Reaching safepoint: 149000 ns, At safepoint: 38200 ns, Total: 187200 ns
[2020-04-26T16:34:03.161+0000][1][safepoint    ] Safepoint "Cleanup", Time since last: 1000188900 ns, Reaching safepoint: 147800 ns, At safepoint: 34200 ns, Total: 182000 ns
[2020-04-26T16:34:04.162+0000][1][safepoint    ] Safepoint "Cleanup", Time since last: 1000295400 ns, Reaching safepoint: 439700 ns, At safepoint: 129500 ns, Total: 569200 ns
[2020-04-26T16:34:05.163+0000][1][safepoint    ] Safepoint "Cleanup", Time since last: 1000219100 ns, Reaching safepoint: 150500 ns, At safepoint: 132000 ns, Total: 282500 ns
[2020-04-26T16:34:06.163+0000][1][safepoint    ] Safepoint "Cleanup", Time since last: 1000305800 ns, Reaching safepoint: 240500 ns, At safepoint: 49900 ns, Total: 290400 ns
[2020-04-26T16:34:07.164+0000][1][safepoint    ] Safepoint "Cleanup", Time since last: 1000294700 ns, Reaching safepoint: 331400 ns, At safepoint: 78400 ns, Total: 409800 ns
[2020-04-26T16:34:08.165+0000][1][safepoint    ] Safepoint "Cleanup", Time since last: 1000335400 ns, Reaching safepoint: 405900 ns, At safepoint: 113300 ns, Total: 519200 ns
[2020-04-26T16:34:09.165+0000][1][safepoint    ] Safepoint "Cleanup", Time since last: 1000234900 ns, Reaching safepoint: 132700 ns, At safepoint: 27400 ns, Total: 160100 ns
[2020-04-26T16:34:10.166+0000][1][safepoint    ] Safepoint "Cleanup", Time since last: 1000240700 ns, Reaching safepoint: 208000 ns, At safepoint: 35600 ns, Total: 243600 ns
[2020-04-26T16:34:11.167+0000][1][safepoint    ] Safepoint "Cleanup", Time since last: 1000552700 ns, Reaching safepoint: 262100 ns, At safepoint: 77400 ns, Total: 339500 ns
[2020-04-26T16:34:12.167+0000][1][safepoint    ] Safepoint "Cleanup", Time since last: 1000174800 ns, Reaching safepoint: 142400 ns, At safepoint: 29700 ns, Total: 172100 ns
[2020-04-26T16:34:13.168+0000][1][safepoint    ] Safepoint "Cleanup", Time since last: 1000483700 ns, Reaching safepoint: 546400 ns, At safepoint: 132700 ns, Total: 679100 ns
[2020-04-26T16:34:14.169+0000][1][safepoint    ] Safepoint "Cleanup", Time since last: 1000499400 ns, Reaching safepoint: 140100 ns, At safepoint: 31100 ns, Total: 171200 ns
[2020-04-26T16:34:16.134+0000][1][safepoint    ] Safepoint "Cleanup", Time since last: 1965100100 ns, Reaching safepoint: 455500 ns, At safepoint: 98800 ns, Total: 554300 ns
[2020-04-26T16:34:17.135+0000][1][safepoint    ] Safepoint "Cleanup", Time since last: 1000204800 ns, Reaching safepoint: 136900 ns, At safepoint: 30500 ns, Total: 167400 ns
[2020-04-26T16:34:19.089+0000][1][safepoint    ] Safepoint "Cleanup", Time since last: 1953878300 ns, Reaching safepoint: 150800 ns, At safepoint: 29700 ns, Total: 180500 ns
[2020-04-26T16:34:20.089+0000][1][safepoint    ] Safepoint "Cleanup", Time since last: 1000187100 ns, Reaching safepoint: 135000 ns, At safepoint: 29600 ns, Total: 164600 ns
[2020-04-26T16:34:21.090+0000][1][safepoint    ] Safepoint "Cleanup", Time since last: 1000348600 ns, Reaching safepoint: 467000 ns, At safepoint: 209300 ns, Total: 676300 ns
[2020-04-26T16:34:21.095+0000][1][gc,start     ] GC(27) Pause Young (Allocation Failure)
[2020-04-26T16:34:21.095+0000][1][gc,task      ] GC(27) Using 10 workers of 10 for evacuation
[2020-04-26T16:34:21.103+0000][1][gc,age       ] GC(27) Desired survivor size 8945664 bytes, new threshold 6 (max threshold 6)
[2020-04-26T16:34:21.103+0000][1][gc,age       ] GC(27) Age table with threshold 6 (max threshold 6)
[2020-04-26T16:34:21.103+0000][1][gc,age       ] GC(27) - age   1:     719960 bytes,     719960 total
[2020-04-26T16:34:21.103+0000][1][gc,age       ] GC(27) - age   2:     678288 bytes,    1398248 total
[2020-04-26T16:34:21.103+0000][1][gc,age       ] GC(27) - age   3:     209752 bytes,    1608000 total
[2020-04-26T16:34:21.103+0000][1][gc,age       ] GC(27) - age   4:     718256 bytes,    2326256 total
[2020-04-26T16:34:21.103+0000][1][gc,age       ] GC(27) - age   5:     625456 bytes,    2951712 total
[2020-04-26T16:34:21.103+0000][1][gc,age       ] GC(27) - age   6:      41440 bytes,    2993152 total
[2020-04-26T16:34:21.103+0000][1][gc,heap      ] GC(27) ParNew: 143267K->4328K(157248K)
[2020-04-26T16:34:21.103+0000][1][gc,heap      ] GC(27) CMS: 75895K->76053K(349568K)
[2020-04-26T16:34:21.103+0000][1][gc,metaspace ] GC(27) Metaspace: 94999K->94999K(1136640K)
[2020-04-26T16:34:21.103+0000][1][gc           ] GC(27) Pause Young (Allocation Failure) 214M->78M(494M) 7.963ms
[2020-04-26T16:34:21.103+0000][1][gc,cpu       ] GC(27) User=0.06s Sys=0.01s Real=0.01s
[2020-04-26T16:34:21.103+0000][1][safepoint    ] Safepoint "GenCollectForAllocation", Time since last: 4559700 ns, Reaching safepoint: 427500 ns, At safepoint: 8072900 ns, Total: 8500400 ns
[2020-04-26T16:34:22.104+0000][1][safepoint    ] Safepoint "Cleanup", Time since last: 1000318800 ns, Reaching safepoint: 511600 ns, At safepoint: 130800 ns, Total: 642400 ns
[2020-04-26T16:34:23.105+0000][1][safepoint    ] Safepoint "Cleanup", Time since last: 1000192200 ns, Reaching safepoint: 227100 ns, At safepoint: 36600 ns, Total: 263700 ns
[2020-04-26T16:34:24.105+0000][1][safepoint    ] Safepoint "Cleanup", Time since last: 1000343600 ns, Reaching safepoint: 382400 ns, At safepoint: 97100 ns, Total: 479500 ns
[2020-04-26T16:34:25.106+0000][1][safepoint    ] Safepoint "Cleanup", Time since last: 1000555300 ns, Reaching safepoint: 330500 ns, At safepoint: 98200 ns, Total: 428700 ns
[2020-04-26T16:34:26.108+0000][1][safepoint    ] Safepoint "Cleanup", Time since last: 1000630300 ns, Reaching safepoint: 478500 ns, At safepoint: 148700 ns, Total: 627200 ns
[2020-04-26T16:34:27.108+0000][1][safepoint    ] Safepoint "Cleanup", Time since last: 1000253800 ns, Reaching safepoint: 297100 ns, At safepoint: 46500 ns, Total: 343600 ns
[2020-04-26T16:34:28.109+0000][1][safepoint    ] Safepoint "Cleanup", Time since last: 1000212100 ns, Reaching safepoint: 154600 ns, At safepoint: 42900 ns, Total: 197500 ns
[2020-04-26T16:34:29.029+0000][1][safepoint    ] Safepoint "RevokeBias", Time since last: 920609200 ns, Reaching safepoint: 143400 ns, At safepoint: 41300 ns, Total: 184700 ns
[2020-04-26T16:34:29.030+0000][1][safepoint    ] Safepoint "RevokeBias", Time since last: 192000 ns, Reaching safepoint: 79300 ns, At safepoint: 33300 ns, Total: 112600 ns
[2020-04-26T16:34:29.030+0000][1][safepoint    ] Safepoint "RevokeBias", Time since last: 148700 ns, Reaching safepoint: 70800 ns, At safepoint: 32700 ns, Total: 103500 ns
[2020-04-26T16:34:29.030+0000][1][safepoint    ] Safepoint "RevokeBias", Time since last: 162900 ns, Reaching safepoint: 71600 ns, At safepoint: 33400 ns, Total: 105000 ns
[2020-04-26T16:34:29.031+0000][1][safepoint    ] Safepoint "RevokeBias", Time since last: 207200 ns, Reaching safepoint: 71600 ns, At safepoint: 32600 ns, Total: 104200 ns
[2020-04-26T16:34:29.031+0000][1][safepoint    ] Safepoint "RevokeBias", Time since last: 171600 ns, Reaching safepoint: 71400 ns, At safepoint: 32300 ns, Total: 103700 ns
[2020-04-26T16:34:29.032+0000][1][safepoint    ] Safepoint "BulkRevokeBias", Time since last: 158300 ns, Reaching safepoint: 71200 ns, At safepoint: 473500 ns, Total: 544700 ns
[2020-04-26T16:34:30.032+0000][1][safepoint    ] Safepoint "Cleanup", Time since last: 1000233400 ns, Reaching safepoint: 288100 ns, At safepoint: 74400 ns, Total: 362500 ns
[2020-04-26T16:34:31.033+0000][1][safepoint    ] Safepoint "Cleanup", Time since last: 1000366000 ns, Reaching safepoint: 135900 ns, At safepoint: 29600 ns, Total: 165500 ns
[2020-04-26T16:34:32.033+0000][1][safepoint    ] Safepoint "Cleanup", Time since last: 1000501000 ns, Reaching safepoint: 142600 ns, At safepoint: 33000 ns, Total: 175600 ns
[2020-04-26T16:34:33.035+0000][1][safepoint    ] Safepoint "Cleanup", Time since last: 1000542200 ns, Reaching safepoint: 439900 ns, At safepoint: 134300 ns, Total: 574200 ns
[2020-04-26T16:34:34.035+0000][1][safepoint    ] Safepoint "Cleanup", Time since last: 1000284700 ns, Reaching safepoint: 176400 ns, At safepoint: 29900 ns, Total: 206300 ns
[2020-04-26T16:34:35.036+0000][1][safepoint    ] Safepoint "Cleanup", Time since last: 1000327200 ns, Reaching safepoint: 611200 ns, At safepoint: 132300 ns, Total: 743500 ns
[2020-04-26T16:34:36.037+0000][1][safepoint    ] Safepoint "Cleanup", Time since last: 1000390600 ns, Reaching safepoint: 325300 ns, At safepoint: 101100 ns, Total: 426400 ns
[2020-04-26T16:34:37.038+0000][1][safepoint    ] Safepoint "Cleanup", Time since last: 1000451700 ns, Reaching safepoint: 507100 ns, At safepoint: 259000 ns, Total: 766100 ns
[2020-04-26T16:34:38.039+0000][1][safepoint    ] Safepoint "Cleanup", Time since last: 1000494200 ns, Reaching safepoint: 524000 ns, At safepoint: 134900 ns, Total: 658900 ns
[2020-04-26T16:34:39.040+0000][1][safepoint    ] Safepoint "Cleanup", Time since last: 1000292500 ns, Reaching safepoint: 251400 ns, At safepoint: 63100 ns, Total: 314500 ns
[2020-04-26T16:34:40.040+0000][1][safepoint    ] Safepoint "Cleanup", Time since last: 1000283700 ns, Reaching safepoint: 148100 ns, At safepoint: 33400 ns, Total: 181500 ns
[2020-04-26T16:34:41.041+0000][1][safepoint    ] Safepoint "Cleanup", Time since last: 1000116100 ns, Reaching safepoint: 203700 ns, At safepoint: 32900 ns, Total: 236600 ns
[2020-04-26T16:34:42.042+0000][1][safepoint    ] Safepoint "Cleanup", Time since last: 1000281000 ns, Reaching safepoint: 529100 ns, At safepoint: 134100 ns, Total: 663200 ns
[2020-04-26T16:34:43.043+0000][1][safepoint    ] Safepoint "Cleanup", Time since last: 1000443600 ns, Reaching safepoint: 525300 ns, At safepoint: 137100 ns, Total: 662400 ns
[2020-04-26T16:34:44.044+0000][1][safepoint    ] Safepoint "Cleanup", Time since last: 1000377900 ns, Reaching safepoint: 577300 ns, At safepoint: 150600 ns, Total: 727900 ns
[2020-04-26T16:34:45.045+0000][1][safepoint    ] Safepoint "Cleanup", Time since last: 1000693400 ns, Reaching safepoint: 458300 ns, At safepoint: 137600 ns, Total: 595900 ns
[2020-04-26T16:34:46.046+0000][1][safepoint    ] Safepoint "Cleanup", Time since last: 1000457300 ns, Reaching safepoint: 170200 ns, At safepoint: 43300 ns, Total: 213500 ns
[2020-04-26T16:34:47.046+0000][1][safepoint    ] Safepoint "Cleanup", Time since last: 1000218500 ns, Reaching safepoint: 163300 ns, At safepoint: 48200 ns, Total: 211500 ns
[2020-04-26T16:34:48.047+0000][1][safepoint    ] Safepoint "Cleanup", Time since last: 1000601100 ns, Reaching safepoint: 227200 ns, At safepoint: 56700 ns, Total: 283900 ns
[2020-04-26T16:34:49.047+0000][1][safepoint    ] Safepoint "Cleanup", Time since last: 1000129200 ns, Reaching safepoint: 134800 ns, At safepoint: 29700 ns, Total: 164500 ns
[2020-04-26T16:34:50.048+0000][1][safepoint    ] Safepoint "Cleanup", Time since last: 1000162100 ns, Reaching safepoint: 153000 ns, At safepoint: 31000 ns, Total: 184000 ns
[2020-04-26T16:34:51.048+0000][1][safepoint    ] Safepoint "Cleanup", Time since last: 1000133800 ns, Reaching safepoint: 134500 ns, At safepoint: 30000 ns, Total: 164500 ns
[2020-04-26T16:34:52.049+0000][1][safepoint    ] Safepoint "Cleanup", Time since last: 1000279600 ns, Reaching safepoint: 135000 ns, At safepoint: 29800 ns, Total: 164800 ns
[2020-04-26T16:34:53.049+0000][1][safepoint    ] Safepoint "Cleanup", Time since last: 1000565800 ns, Reaching safepoint: 273200 ns, At safepoint: 59200 ns, Total: 332400 ns
[2020-04-26T16:34:54.050+0000][1][safepoint    ] Safepoint "Cleanup", Time since last: 1000476200 ns, Reaching safepoint: 326300 ns, At safepoint: 97800 ns, Total: 424100 ns
[2020-04-26T16:34:55.051+0000][1][safepoint    ] Safepoint "Cleanup", Time since last: 1000170600 ns, Reaching safepoint: 148000 ns, At safepoint: 32000 ns, Total: 180000 ns
[2020-04-26T16:34:56.052+0000][1][safepoint    ] Safepoint "Cleanup", Time since last: 1000509800 ns, Reaching safepoint: 255800 ns, At safepoint: 76800 ns, Total: 332600 ns
[2020-04-26T16:34:57.052+0000][1][safepoint    ] Safepoint "Cleanup", Time since last: 1000231100 ns, Reaching safepoint: 351400 ns, At safepoint: 169700 ns, Total: 521100 ns
[2020-04-26T16:34:58.053+0000][1][safepoint    ] Safepoint "Cleanup", Time since last: 1000243300 ns, Reaching safepoint: 202100 ns, At safepoint: 54200 ns, Total: 256300 ns
[2020-04-26T16:34:59.053+0000][1][safepoint    ] Safepoint "Cleanup", Time since last: 1000491000 ns, Reaching safepoint: 137000 ns, At safepoint: 33300 ns, Total: 170300 ns
[2020-04-26T16:35:00.054+0000][1][safepoint    ] Safepoint "Cleanup", Time since last: 1000271800 ns, Reaching safepoint: 171800 ns, At safepoint: 31700 ns, Total: 203500 ns
[2020-04-26T16:35:01.055+0000][1][safepoint    ] Safepoint "Cleanup", Time since last: 1000402900 ns, Reaching safepoint: 566000 ns, At safepoint: 170500 ns, Total: 736500 ns
[2020-04-26T16:35:02.056+0000][1][safepoint    ] Safepoint "Cleanup", Time since last: 1000342600 ns, Reaching safepoint: 141700 ns, At safepoint: 27600 ns, Total: 169300 ns
[2020-04-26T16:35:02.141+0000][1][safepoint    ] Safepoint "RevokeBias", Time since last: 84967500 ns, Reaching safepoint: 135600 ns, At safepoint: 81800 ns, Total: 217400 ns
[2020-04-26T16:35:02.141+0000][1][safepoint    ] Safepoint "RevokeBias", Time since last: 133300 ns, Reaching safepoint: 187900 ns, At safepoint: 66600 ns, Total: 254500 ns
[2020-04-26T16:35:02.142+0000][1][safepoint    ] Safepoint "RevokeBias", Time since last: 212900 ns, Reaching safepoint: 232500 ns, At safepoint: 59900 ns, Total: 292400 ns
[2020-04-26T16:35:02.146+0000][1][safepoint    ] Safepoint "RevokeBias", Time since last: 4040800 ns, Reaching safepoint: 128700 ns, At safepoint: 63500 ns, Total: 192200 ns
[2020-04-26T16:35:02.146+0000][1][safepoint    ] Safepoint "RevokeBias", Time since last: 147700 ns, Reaching safepoint: 179500 ns, At safepoint: 76900 ns, Total: 256400 ns
[2020-04-26T16:35:02.147+0000][1][safepoint    ] Safepoint "RevokeBias", Time since last: 133500 ns, Reaching safepoint: 280600 ns, At safepoint: 59900 ns, Total: 340500 ns
[2020-04-26T16:35:03.147+0000][1][safepoint    ] Safepoint "Cleanup", Time since last: 1000193000 ns, Reaching safepoint: 186600 ns, At safepoint: 44800 ns, Total: 231400 ns
[2020-04-26T16:35:04.148+0000][1][safepoint    ] Safepoint "Cleanup", Time since last: 1000206300 ns, Reaching safepoint: 138500 ns, At safepoint: 27400 ns, Total: 165900 ns
[2020-04-26T16:35:05.148+0000][1][safepoint    ] Safepoint "Cleanup", Time since last: 1000155100 ns, Reaching safepoint: 140300 ns, At safepoint: 28400 ns, Total: 168700 ns
[2020-04-26T16:35:06.149+0000][1][safepoint    ] Safepoint "Cleanup", Time since last: 1000398700 ns, Reaching safepoint: 628000 ns, At safepoint: 131800 ns, Total: 759800 ns
[2020-04-26T16:35:07.149+0000][1][safepoint    ] Safepoint "Cleanup", Time since last: 1000237000 ns, Reaching safepoint: 135200 ns, At safepoint: 28700 ns, Total: 163900 ns
[2020-04-26T16:35:08.150+0000][1][safepoint    ] Safepoint "Cleanup", Time since last: 1000261400 ns, Reaching safepoint: 536900 ns, At safepoint: 139000 ns, Total: 675900 ns
[2020-04-26T16:35:09.151+0000][1][safepoint    ] Safepoint "Cleanup", Time since last: 1000226500 ns, Reaching safepoint: 141900 ns, At safepoint: 30100 ns, Total: 172000 ns
[2020-04-26T16:35:10.151+0000][1][safepoint    ] Safepoint "Cleanup", Time since last: 1000472600 ns, Reaching safepoint: 146800 ns, At safepoint: 34300 ns, Total: 181100 ns
[2020-04-26T16:35:11.152+0000][1][safepoint    ] Safepoint "Cleanup", Time since last: 1000256200 ns, Reaching safepoint: 459900 ns, At safepoint: 187300 ns, Total: 647200 ns
[2020-04-26T16:35:12.153+0000][1][safepoint    ] Safepoint "Cleanup", Time since last: 1000403500 ns, Reaching safepoint: 354200 ns, At safepoint: 102200 ns, Total: 456400 ns
[2020-04-26T16:35:13.154+0000][1][safepoint    ] Safepoint "Cleanup", Time since last: 1000436000 ns, Reaching safepoint: 534200 ns, At safepoint: 139300 ns, Total: 673500 ns
[2020-04-26T16:35:14.155+0000][1][safepoint    ] Safepoint "Cleanup", Time since last: 1000388300 ns, Reaching safepoint: 473400 ns, At safepoint: 140600 ns, Total: 614000 ns
[2020-04-26T16:35:15.156+0000][1][safepoint    ] Safepoint "Cleanup", Time since last: 1000218500 ns, Reaching safepoint: 138000 ns, At safepoint: 29600 ns, Total: 167600 ns
[2020-04-26T16:35:16.156+0000][1][safepoint    ] Safepoint "Cleanup", Time since last: 1000319700 ns, Reaching safepoint: 136500 ns, At safepoint: 31300 ns, Total: 167800 ns
[2020-04-26T16:35:17.156+0000][1][safepoint    ] Safepoint "Cleanup", Time since last: 1000168800 ns, Reaching safepoint: 138900 ns, At safepoint: 29400 ns, Total: 168300 ns
[2020-04-26T16:35:18.157+0000][1][safepoint    ] Safepoint "Cleanup", Time since last: 1000194700 ns, Reaching safepoint: 142800 ns, At safepoint: 29400 ns, Total: 172200 ns
[2020-04-26T16:35:19.158+0000][1][safepoint    ] Safepoint "Cleanup", Time since last: 1000341400 ns, Reaching safepoint: 478100 ns, At safepoint: 135800 ns, Total: 613900 ns
[2020-04-26T16:35:20.158+0000][1][safepoint    ] Safepoint "Cleanup", Time since last: 1000197200 ns, Reaching safepoint: 141400 ns, At safepoint: 30400 ns, Total: 171800 ns
[2020-04-26T16:35:21.159+0000][1][safepoint    ] Safepoint "Cleanup", Time since last: 1000173000 ns, Reaching safepoint: 140400 ns, At safepoint: 32900 ns, Total: 173300 ns
[2020-04-26T16:35:22.159+0000][1][safepoint    ] Safepoint "Cleanup", Time since last: 1000149100 ns, Reaching safepoint: 137400 ns, At safepoint: 27200 ns, Total: 164600 ns
[2020-04-26T16:35:23.159+0000][1][safepoint    ] Safepoint "Cleanup", Time since last: 1000177200 ns, Reaching safepoint: 150900 ns, At safepoint: 31500 ns, Total: 182400 ns
[2020-04-26T16:35:24.160+0000][1][safepoint    ] Safepoint "Cleanup", Time since last: 1000472600 ns, Reaching safepoint: 209300 ns, At safepoint: 40600 ns, Total: 249900 ns
[2020-04-26T16:35:25.161+0000][1][safepoint    ] Safepoint "Cleanup", Time since last: 1000491500 ns, Reaching safepoint: 310000 ns, At safepoint: 80600 ns, Total: 390600 ns
[2020-04-26T16:35:26.162+0000][1][safepoint    ] Safepoint "Cleanup", Time since last: 1000432600 ns, Reaching safepoint: 449300 ns, At safepoint: 141200 ns, Total: 590500 ns
[2020-04-26T16:35:27.163+0000][1][safepoint    ] Safepoint "Cleanup", Time since last: 1000506500 ns, Reaching safepoint: 181800 ns, At safepoint: 33200 ns, Total: 215000 ns
[2020-04-26T16:35:28.163+0000][1][safepoint    ] Safepoint "Cleanup", Time since last: 1000291100 ns, Reaching safepoint: 514700 ns, At safepoint: 128600 ns, Total: 643300 ns
[2020-04-26T16:35:29.164+0000][1][safepoint    ] Safepoint "Cleanup", Time since last: 1000429100 ns, Reaching safepoint: 145500 ns, At safepoint: 33200 ns, Total: 178700 ns
[2020-04-26T16:35:30.165+0000][1][safepoint    ] Safepoint "Cleanup", Time since last: 1000603500 ns, Reaching safepoint: 148400 ns, At safepoint: 37200 ns, Total: 185600 ns
[2020-04-26T16:35:31.165+0000][1][safepoint    ] Safepoint "Cleanup", Time since last: 1000247300 ns, Reaching safepoint: 137300 ns, At safepoint: 31200 ns, Total: 168500 ns
[2020-04-26T16:35:32.166+0000][1][safepoint    ] Safepoint "Cleanup", Time since last: 1000654500 ns, Reaching safepoint: 145600 ns, At safepoint: 36500 ns, Total: 182100 ns
[2020-04-26T16:35:33.167+0000][1][safepoint    ] Safepoint "Cleanup", Time since last: 1000358000 ns, Reaching safepoint: 163000 ns, At safepoint: 39000 ns, Total: 202000 ns
[2020-04-26T16:35:34.167+0000][1][safepoint    ] Safepoint "Cleanup", Time since last: 1000200300 ns, Reaching safepoint: 190800 ns, At safepoint: 37500 ns, Total: 228300 ns
[2020-04-26T16:35:35.168+0000][1][safepoint    ] Safepoint "Cleanup", Time since last: 1000193200 ns, Reaching safepoint: 157100 ns, At safepoint: 34700 ns, Total: 191800 ns
[2020-04-26T16:35:36.168+0000][1][safepoint    ] Safepoint "Cleanup", Time since last: 1000543700 ns, Reaching safepoint: 179700 ns, At safepoint: 47400 ns, Total: 227100 ns
[2020-04-26T16:35:37.169+0000][1][safepoint    ] Safepoint "Cleanup", Time since last: 1000568700 ns, Reaching safepoint: 462100 ns, At safepoint: 136300 ns, Total: 598400 ns
[2020-04-26T16:35:38.170+0000][1][safepoint    ] Safepoint "Cleanup", Time since last: 1000245100 ns, Reaching safepoint: 137600 ns, At safepoint: 29200 ns, Total: 166800 ns
[2020-04-26T16:35:39.170+0000][1][safepoint    ] Safepoint "Cleanup", Time since last: 1000476600 ns, Reaching safepoint: 137900 ns, At safepoint: 32700 ns, Total: 170600 ns
[2020-04-26T16:35:40.171+0000][1][safepoint    ] Safepoint "Cleanup", Time since last: 1000312900 ns, Reaching safepoint: 277700 ns, At safepoint: 98300 ns, Total: 376000 ns
[2020-04-26T16:35:41.172+0000][1][safepoint    ] Safepoint "Cleanup", Time since last: 1000326100 ns, Reaching safepoint: 393200 ns, At safepoint: 155700 ns, Total: 548900 ns
[2020-04-26T16:35:42.173+0000][1][safepoint    ] Safepoint "Cleanup", Time since last: 1000316200 ns, Reaching safepoint: 374400 ns, At safepoint: 79800 ns, Total: 454200 ns
[2020-04-26T16:35:43.173+0000][1][safepoint    ] Safepoint "Cleanup", Time since last: 1000407200 ns, Reaching safepoint: 135900 ns, At safepoint: 28800 ns, Total: 164700 ns
[2020-04-26T16:35:44.174+0000][1][safepoint    ] Safepoint "Cleanup", Time since last: 1000281100 ns, Reaching safepoint: 458000 ns, At safepoint: 145900 ns, Total: 603900 ns
[2020-04-26T16:35:45.175+0000][1][safepoint    ] Safepoint "Cleanup", Time since last: 1000452000 ns, Reaching safepoint: 512900 ns, At safepoint: 129600 ns, Total: 642500 ns
[2020-04-26T16:35:46.176+0000][1][safepoint    ] Safepoint "Cleanup", Time since last: 1000321400 ns, Reaching safepoint: 191400 ns, At safepoint: 64800 ns, Total: 256200 ns
[2020-04-26T16:35:47.177+0000][1][safepoint    ] Safepoint "Cleanup", Time since last: 1000504100 ns, Reaching safepoint: 162200 ns, At safepoint: 42500 ns, Total: 204700 ns
[2020-04-26T16:35:48.178+0000][1][safepoint    ] Safepoint "Cleanup", Time since last: 1000312900 ns, Reaching safepoint: 524200 ns, At safepoint: 128500 ns, Total: 652700 ns
[2020-04-26T16:35:49.179+0000][1][safepoint    ] Safepoint "Cleanup", Time since last: 1000783300 ns, Reaching safepoint: 350600 ns, At safepoint: 103500 ns, Total: 454100 ns
[2020-04-26T16:35:50.180+0000][1][safepoint    ] Safepoint "Cleanup", Time since last: 1000660800 ns, Reaching safepoint: 145900 ns, At safepoint: 32000 ns, Total: 177900 ns
[2020-04-26T16:35:51.181+0000][1][safepoint    ] Safepoint "Cleanup", Time since last: 1000319000 ns, Reaching safepoint: 561800 ns, At safepoint: 127700 ns, Total: 689500 ns
[2020-04-26T16:35:52.182+0000][1][safepoint    ] Safepoint "Cleanup", Time since last: 1000672800 ns, Reaching safepoint: 585900 ns, At safepoint: 197100 ns, Total: 783000 ns
[2020-04-26T16:35:53.183+0000][1][safepoint    ] Safepoint "Cleanup", Time since last: 1000443500 ns, Reaching safepoint: 504800 ns, At safepoint: 124900 ns, Total: 629700 ns
[2020-04-26T16:35:54.184+0000][1][safepoint    ] Safepoint "Cleanup", Time since last: 1000467100 ns, Reaching safepoint: 176600 ns, At safepoint: 34000 ns, Total: 210600 ns
[2020-04-26T16:35:55.185+0000][1][safepoint    ] Safepoint "Cleanup", Time since last: 1000611100 ns, Reaching safepoint: 394400 ns, At safepoint: 120200 ns, Total: 514600 ns
[2020-04-26T16:35:56.186+0000][1][safepoint    ] Safepoint "Cleanup", Time since last: 1000451100 ns, Reaching safepoint: 460400 ns, At safepoint: 134600 ns, Total: 595000 ns
[2020-04-26T16:35:57.187+0000][1][safepoint    ] Safepoint "Cleanup", Time since last: 1000831300 ns, Reaching safepoint: 394900 ns, At safepoint: 120500 ns, Total: 515400 ns
[2020-04-26T16:35:58.188+0000][1][safepoint    ] Safepoint "Cleanup", Time since last: 1000628400 ns, Reaching safepoint: 148000 ns, At safepoint: 35900 ns, Total: 183900 ns
[2020-04-26T16:35:58.585+0000][1][safepoint    ] Safepoint "RevokeBias", Time since last: 395901800 ns, Reaching safepoint: 328100 ns, At safepoint: 73300 ns, Total: 401400 ns
[2020-04-26T16:35:59.094+0000][1][safepoint    ] Safepoint "RevokeBias", Time since last: 508933200 ns, Reaching safepoint: 140000 ns, At safepoint: 50900 ns, Total: 190900 ns
[2020-04-26T16:35:59.094+0000][1][safepoint    ] Safepoint "RevokeBias", Time since last: 137700 ns, Reaching safepoint: 78800 ns, At safepoint: 44100 ns, Total: 122900 ns
[2020-04-26T16:35:59.099+0000][1][safepoint    ] Safepoint "RevokeBias", Time since last: 4572900 ns, Reaching safepoint: 109400 ns, At safepoint: 33800 ns, Total: 143200 ns
[2020-04-26T16:35:59.099+0000][1][safepoint    ] Safepoint "RevokeBias", Time since last: 188600 ns, Reaching safepoint: 105400 ns, At safepoint: 29500 ns, Total: 134900 ns
[2020-04-26T16:36:00.099+0000][1][safepoint    ] Safepoint "Cleanup", Time since last: 1000155900 ns, Reaching safepoint: 192600 ns, At safepoint: 39800 ns, Total: 232400 ns
[2020-04-26T16:36:01.100+0000][1][safepoint    ] Safepoint "Cleanup", Time since last: 1000451200 ns, Reaching safepoint: 465400 ns, At safepoint: 135800 ns, Total: 601200 ns
[2020-04-26T16:36:02.101+0000][1][safepoint    ] Safepoint "Cleanup", Time since last: 1000527600 ns, Reaching safepoint: 182700 ns, At safepoint: 49400 ns, Total: 232100 ns
[2020-04-26T16:36:03.102+0000][1][safepoint    ] Safepoint "Cleanup", Time since last: 1000215600 ns, Reaching safepoint: 226400 ns, At safepoint: 69400 ns, Total: 295800 ns
[2020-04-26T16:36:04.102+0000][1][safepoint    ] Safepoint "Cleanup", Time since last: 1000256700 ns, Reaching safepoint: 137800 ns, At safepoint: 31900 ns, Total: 169700 ns
[2020-04-26T16:36:04.139+0000][1][safepoint    ] Safepoint "RevokeBias", Time since last: 36648800 ns, Reaching safepoint: 138200 ns, At safepoint: 99100 ns, Total: 237300 ns
[2020-04-26T16:36:04.139+0000][1][safepoint    ] Safepoint "RevokeBias", Time since last: 113700 ns, Reaching safepoint: 182800 ns, At safepoint: 77200 ns, Total: 260000 ns
[2020-04-26T16:36:04.140+0000][1][safepoint    ] Safepoint "BulkRevokeBias", Time since last: 190300 ns, Reaching safepoint: 170700 ns, At safepoint: 603600 ns, Total: 774300 ns
[2020-04-26T16:36:04.141+0000][1][safepoint    ] Safepoint "RevokeBias", Time since last: 361900 ns, Reaching safepoint: 228200 ns, At safepoint: 53200 ns, Total: 281400 ns
[2020-04-26T16:36:04.141+0000][1][safepoint    ] Safepoint "RevokeBias", Time since last: 183800 ns, Reaching safepoint: 77000 ns, At safepoint: 50300 ns, Total: 127300 ns
[2020-04-26T16:36:04.142+0000][1][safepoint    ] Safepoint "BulkRevokeBias", Time since last: 76700 ns, Reaching safepoint: 74000 ns, At safepoint: 578900 ns, Total: 652900 ns
[2020-04-26T16:36:04.142+0000][1][safepoint    ] Safepoint "RevokeBias", Time since last: 48300 ns, Reaching safepoint: 165600 ns, At safepoint: 92000 ns, Total: 257600 ns
[2020-04-26T16:36:04.143+0000][1][safepoint    ] Safepoint "RevokeBias", Time since last: 144200 ns, Reaching safepoint: 168900 ns, At safepoint: 83800 ns, Total: 252700 ns
[2020-04-26T16:36:04.143+0000][1][safepoint    ] Safepoint "RevokeBias", Time since last: 175700 ns, Reaching safepoint: 75800 ns, At safepoint: 64200 ns, Total: 140000 ns
[2020-04-26T16:36:04.143+0000][1][safepoint    ] Safepoint "RevokeBias", Time since last: 153100 ns, Reaching safepoint: 85300 ns, At safepoint: 50700 ns, Total: 136000 ns
[2020-04-26T16:36:04.144+0000][1][safepoint    ] Safepoint "RevokeBias", Time since last: 169700 ns, Reaching safepoint: 165000 ns, At safepoint: 61300 ns, Total: 226300 ns
[2020-04-26T16:36:04.144+0000][1][safepoint    ] Safepoint "RevokeBias", Time since last: 172700 ns, Reaching safepoint: 76000 ns, At safepoint: 35500 ns, Total: 111500 ns
[2020-04-26T16:36:04.144+0000][1][safepoint    ] Safepoint "RevokeBias", Time since last: 174900 ns, Reaching safepoint: 75800 ns, At safepoint: 35600 ns, Total: 111400 ns
[2020-04-26T16:36:04.145+0000][1][safepoint    ] Safepoint "RevokeBias", Time since last: 217400 ns, Reaching safepoint: 91300 ns, At safepoint: 35700 ns, Total: 127000 ns
[2020-04-26T16:36:04.145+0000][1][safepoint    ] Safepoint "RevokeBias", Time since last: 626200 ns, Reaching safepoint: 79800 ns, At safepoint: 35100 ns, Total: 114900 ns
[2020-04-26T16:36:04.151+0000][1][safepoint    ] Safepoint "RevokeBias", Time since last: 5179400 ns, Reaching safepoint: 417500 ns, At safepoint: 70600 ns, Total: 488100 ns
[2020-04-26T16:36:04.152+0000][1][safepoint    ] Safepoint "RevokeBias", Time since last: 508600 ns, Reaching safepoint: 381600 ns, At safepoint: 144900 ns, Total: 526500 ns
[2020-04-26T16:36:05.153+0000][1][safepoint    ] Safepoint "Cleanup", Time since last: 1000572800 ns, Reaching safepoint: 218400 ns, At safepoint: 62000 ns, Total: 280400 ns
[2020-04-26T16:36:06.153+0000][1][safepoint    ] Safepoint "Cleanup", Time since last: 1000165900 ns, Reaching safepoint: 149600 ns, At safepoint: 27400 ns, Total: 177000 ns
[2020-04-26T16:36:07.154+0000][1][safepoint    ] Safepoint "Cleanup", Time since last: 1000298300 ns, Reaching safepoint: 565100 ns, At safepoint: 129800 ns, Total: 694900 ns
[2020-04-26T16:36:08.155+0000][1][safepoint    ] Safepoint "Cleanup", Time since last: 1000654900 ns, Reaching safepoint: 390000 ns, At safepoint: 101000 ns, Total: 491000 ns
[2020-04-26T16:36:09.156+0000][1][safepoint    ] Safepoint "Cleanup", Time since last: 1000497000 ns, Reaching safepoint: 136700 ns, At safepoint: 32100 ns, Total: 168800 ns
[2020-04-26T16:36:10.157+0000][1][safepoint    ] Safepoint "Cleanup", Time since last: 1000176300 ns, Reaching safepoint: 222800 ns, At safepoint: 31400 ns, Total: 254200 ns
[2020-04-26T16:36:11.157+0000][1][safepoint    ] Safepoint "Cleanup", Time since last: 1000227200 ns, Reaching safepoint: 172100 ns, At safepoint: 49100 ns, Total: 221200 ns
[2020-04-26T16:36:12.158+0000][1][safepoint    ] Safepoint "Cleanup", Time since last: 1000547100 ns, Reaching safepoint: 461800 ns, At safepoint: 197600 ns, Total: 659400 ns
[2020-04-26T16:36:13.159+0000][1][safepoint    ] Safepoint "Cleanup", Time since last: 1000524700 ns, Reaching safepoint: 285300 ns, At safepoint: 74900 ns, Total: 360200 ns
[2020-04-26T16:36:14.160+0000][1][safepoint    ] Safepoint "Cleanup", Time since last: 1000343400 ns, Reaching safepoint: 469200 ns, At safepoint: 134300 ns, Total: 603500 ns
[2020-04-26T16:36:15.161+0000][1][safepoint    ] Safepoint "Cleanup", Time since last: 1000721500 ns, Reaching safepoint: 448400 ns, At safepoint: 133900 ns, Total: 582300 ns
[2020-04-26T16:36:16.162+0000][1][safepoint    ] Safepoint "Cleanup", Time since last: 1000422800 ns, Reaching safepoint: 145700 ns, At safepoint: 37600 ns, Total: 183300 ns
[2020-04-26T16:36:17.163+0000][1][safepoint    ] Safepoint "Cleanup", Time since last: 1000350300 ns, Reaching safepoint: 516100 ns, At safepoint: 142700 ns, Total: 658800 ns
[2020-04-26T16:36:18.164+0000][1][safepoint    ] Safepoint "Cleanup", Time since last: 1000685300 ns, Reaching safepoint: 150300 ns, At safepoint: 51900 ns, Total: 202200 ns
[2020-04-26T16:36:19.165+0000][1][safepoint    ] Safepoint "Cleanup", Time since last: 1000362800 ns, Reaching safepoint: 452400 ns, At safepoint: 137700 ns, Total: 590100 ns
[2020-04-26T16:36:20.166+0000][1][safepoint    ] Safepoint "Cleanup", Time since last: 1000365500 ns, Reaching safepoint: 524500 ns, At safepoint: 126600 ns, Total: 651100 ns
[2020-04-26T16:36:21.167+0000][1][safepoint    ] Safepoint "Cleanup", Time since last: 1000442600 ns, Reaching safepoint: 539500 ns, At safepoint: 127100 ns, Total: 666600 ns
[2020-04-26T16:36:22.168+0000][1][safepoint    ] Safepoint "Cleanup", Time since last: 1000558000 ns, Reaching safepoint: 477300 ns, At safepoint: 135600 ns, Total: 612900 ns
[2020-04-26T16:36:23.169+0000][1][safepoint    ] Safepoint "Cleanup", Time since last: 1000713400 ns, Reaching safepoint: 464700 ns, At safepoint: 148500 ns, Total: 613200 ns
[2020-04-26T16:36:24.170+0000][1][safepoint    ] Safepoint "Cleanup", Time since last: 1000310300 ns, Reaching safepoint: 507900 ns, At safepoint: 133200 ns, Total: 641100 ns
[2020-04-26T16:36:25.171+0000][1][safepoint    ] Safepoint "Cleanup", Time since last: 1000331300 ns, Reaching safepoint: 363200 ns, At safepoint: 164200 ns, Total: 527400 ns
[2020-04-26T16:36:26.172+0000][1][safepoint    ] Safepoint "Cleanup", Time since last: 1000521700 ns, Reaching safepoint: 195500 ns, At safepoint: 113100 ns, Total: 308600 ns
[2020-04-26T16:36:27.173+0000][1][safepoint    ] Safepoint "Cleanup", Time since last: 1000357700 ns, Reaching safepoint: 278300 ns, At safepoint: 110700 ns, Total: 389000 ns
[2020-04-26T16:36:28.173+0000][1][safepoint    ] Safepoint "Cleanup", Time since last: 1000135000 ns, Reaching safepoint: 141700 ns, At safepoint: 27400 ns, Total: 169100 ns
[2020-04-26T16:36:29.174+0000][1][safepoint    ] Safepoint "Cleanup", Time since last: 1000352600 ns, Reaching safepoint: 446200 ns, At safepoint: 146500 ns, Total: 592700 ns
[2020-04-26T16:36:30.174+0000][1][safepoint    ] Safepoint "Cleanup", Time since last: 1000209700 ns, Reaching safepoint: 139100 ns, At safepoint: 29200 ns, Total: 168300 ns
[2020-04-26T16:36:31.175+0000][1][safepoint    ] Safepoint "Cleanup", Time since last: 1000277600 ns, Reaching safepoint: 137900 ns, At safepoint: 31400 ns, Total: 169300 ns
[2020-04-26T16:36:32.176+0000][1][safepoint    ] Safepoint "Cleanup", Time since last: 1000290400 ns, Reaching safepoint: 464600 ns, At safepoint: 135500 ns, Total: 600100 ns
[2020-04-26T16:36:33.176+0000][1][safepoint    ] Safepoint "Cleanup", Time since last: 1000309400 ns, Reaching safepoint: 165900 ns, At safepoint: 51700 ns, Total: 217600 ns
[2020-04-26T16:36:34.177+0000][1][safepoint    ] Safepoint "Cleanup", Time since last: 1000229800 ns, Reaching safepoint: 272600 ns, At safepoint: 74500 ns, Total: 347100 ns
[2020-04-26T16:36:35.177+0000][1][safepoint    ] Safepoint "Cleanup", Time since last: 1000248000 ns, Reaching safepoint: 278900 ns, At safepoint: 75800 ns, Total: 354700 ns
[2020-04-26T16:36:36.178+0000][1][safepoint    ] Safepoint "Cleanup", Time since last: 1000297600 ns, Reaching safepoint: 525400 ns, At safepoint: 134800 ns, Total: 660200 ns
[2020-04-26T16:36:37.180+0000][1][safepoint    ] Safepoint "Cleanup", Time since last: 1000616200 ns, Reaching safepoint: 483800 ns, At safepoint: 134100 ns, Total: 617900 ns
[2020-04-26T16:36:38.180+0000][1][safepoint    ] Safepoint "Cleanup", Time since last: 1000271900 ns, Reaching safepoint: 141500 ns, At safepoint: 31500 ns, Total: 173000 ns
[2020-04-26T16:36:39.181+0000][1][safepoint    ] Safepoint "Cleanup", Time since last: 1000478700 ns, Reaching safepoint: 508600 ns, At safepoint: 86100 ns, Total: 594700 ns
[2020-04-26T16:36:40.182+0000][1][safepoint    ] Safepoint "Cleanup", Time since last: 1000215400 ns, Reaching safepoint: 137200 ns, At safepoint: 29100 ns, Total: 166300 ns
[2020-04-26T16:36:41.182+0000][1][safepoint    ] Safepoint "Cleanup", Time since last: 1000127500 ns, Reaching safepoint: 138300 ns, At safepoint: 31700 ns, Total: 170000 ns
[2020-04-26T16:36:42.183+0000][1][safepoint    ] Safepoint "Cleanup", Time since last: 1000567200 ns, Reaching safepoint: 187700 ns, At safepoint: 29100 ns, Total: 216800 ns
[2020-04-26T16:36:43.184+0000][1][safepoint    ] Safepoint "Cleanup", Time since last: 1000361100 ns, Reaching safepoint: 455600 ns, At safepoint: 136000 ns, Total: 591600 ns
[2020-04-26T16:36:44.185+0000][1][safepoint    ] Safepoint "Cleanup", Time since last: 1000406100 ns, Reaching safepoint: 558300 ns, At safepoint: 146500 ns, Total: 704800 ns
[2020-04-26T16:36:45.186+0000][1][safepoint    ] Safepoint "Cleanup", Time since last: 1000462300 ns, Reaching safepoint: 557700 ns, At safepoint: 131700 ns, Total: 689400 ns
[2020-04-26T16:36:46.187+0000][1][safepoint    ] Safepoint "Cleanup", Time since last: 1000686400 ns, Reaching safepoint: 226300 ns, At safepoint: 60700 ns, Total: 287000 ns
[2020-04-26T16:36:47.188+0000][1][safepoint    ] Safepoint "Cleanup", Time since last: 1000490100 ns, Reaching safepoint: 465600 ns, At safepoint: 137300 ns, Total: 602900 ns
[2020-04-26T16:36:48.189+0000][1][safepoint    ] Safepoint "Cleanup", Time since last: 1000432000 ns, Reaching safepoint: 466000 ns, At safepoint: 152400 ns, Total: 618400 ns
[2020-04-26T16:36:49.190+0000][1][safepoint    ] Safepoint "Cleanup", Time since last: 1000564500 ns, Reaching safepoint: 393300 ns, At safepoint: 96700 ns, Total: 490000 ns
[2020-04-26T16:36:50.191+0000][1][safepoint    ] Safepoint "Cleanup", Time since last: 1000402700 ns, Reaching safepoint: 132600 ns, At safepoint: 28300 ns, Total: 160900 ns
[2020-04-26T16:36:51.191+0000][1][safepoint    ] Safepoint "Cleanup", Time since last: 1000190300 ns, Reaching safepoint: 146200 ns, At safepoint: 32500 ns, Total: 178700 ns
[2020-04-26T16:36:52.191+0000][1][safepoint    ] Safepoint "Cleanup", Time since last: 1000194700 ns, Reaching safepoint: 173500 ns, At safepoint: 32500 ns, Total: 206000 ns
[2020-04-26T16:36:53.192+0000][1][safepoint    ] Safepoint "Cleanup", Time since last: 1000140500 ns, Reaching safepoint: 140400 ns, At safepoint: 52700 ns, Total: 193100 ns
[2020-04-26T16:36:54.192+0000][1][safepoint    ] Safepoint "Cleanup", Time since last: 1000329400 ns, Reaching safepoint: 148300 ns, At safepoint: 28900 ns, Total: 177200 ns
[2020-04-26T16:36:55.193+0000][1][safepoint    ] Safepoint "Cleanup", Time since last: 1000194200 ns, Reaching safepoint: 213500 ns, At safepoint: 32900 ns, Total: 246400 ns
[2020-04-26T16:36:56.194+0000][1][safepoint    ] Safepoint "Cleanup", Time since last: 1000353400 ns, Reaching safepoint: 523100 ns, At safepoint: 131400 ns, Total: 654500 ns
[2020-04-26T16:36:57.194+0000][1][safepoint    ] Safepoint "Cleanup", Time since last: 1000567400 ns, Reaching safepoint: 137000 ns, At safepoint: 31700 ns, Total: 168700 ns
[2020-04-26T16:36:58.195+0000][1][safepoint    ] Safepoint "Cleanup", Time since last: 1000294500 ns, Reaching safepoint: 461500 ns, At safepoint: 77700 ns, Total: 539200 ns
[2020-04-26T16:36:59.196+0000][1][safepoint    ] Safepoint "Cleanup", Time since last: 1000180900 ns, Reaching safepoint: 155600 ns, At safepoint: 32100 ns, Total: 187700 ns
[2020-04-26T16:37:00.196+0000][1][safepoint    ] Safepoint "Cleanup", Time since last: 1000173400 ns, Reaching safepoint: 150900 ns, At safepoint: 29600 ns, Total: 180500 ns
[2020-04-26T16:37:01.197+0000][1][safepoint    ] Safepoint "Cleanup", Time since last: 1000396200 ns, Reaching safepoint: 454700 ns, At safepoint: 139700 ns, Total: 594400 ns
[2020-04-26T16:37:02.197+0000][1][safepoint    ] Safepoint "Cleanup", Time since last: 1000328400 ns, Reaching safepoint: 143800 ns, At safepoint: 51600 ns, Total: 195400 ns
[2020-04-26T16:37:03.198+0000][1][safepoint    ] Safepoint "Cleanup", Time since last: 1000345400 ns, Reaching safepoint: 535000 ns, At safepoint: 132600 ns, Total: 667600 ns
[2020-04-26T16:37:04.200+0000][1][safepoint    ] Safepoint "Cleanup", Time since last: 1000446900 ns, Reaching safepoint: 462000 ns, At safepoint: 143100 ns, Total: 605100 ns
[2020-04-26T16:37:04.846+0000][1][gc,start     ] GC(28) Pause Young (Allocation Failure)
[2020-04-26T16:37:04.846+0000][1][gc,task      ] GC(28) Using 10 workers of 10 for evacuation
[2020-04-26T16:37:04.853+0000][1][gc,age       ] GC(28) Desired survivor size 8945664 bytes, new threshold 6 (max threshold 6)
[2020-04-26T16:37:04.853+0000][1][gc,age       ] GC(28) Age table with threshold 6 (max threshold 6)
[2020-04-26T16:37:04.853+0000][1][gc,age       ] GC(28) - age   1:     502984 bytes,     502984 total
[2020-04-26T16:37:04.853+0000][1][gc,age       ] GC(28) - age   2:     421104 bytes,     924088 total
[2020-04-26T16:37:04.853+0000][1][gc,age       ] GC(28) - age   3:     612312 bytes,    1536400 total
[2020-04-26T16:37:04.853+0000][1][gc,age       ] GC(28) - age   4:     165608 bytes,    1702008 total
[2020-04-26T16:37:04.853+0000][1][gc,age       ] GC(28) - age   5:     589888 bytes,    2291896 total
[2020-04-26T16:37:04.853+0000][1][gc,age       ] GC(28) - age   6:     624392 bytes,    2916288 total
[2020-04-26T16:37:04.853+0000][1][gc,heap      ] GC(28) ParNew: 144104K->4411K(157248K)
[2020-04-26T16:37:04.853+0000][1][gc,heap      ] GC(28) CMS: 76053K->76094K(349568K)
[2020-04-26T16:37:04.853+0000][1][gc,metaspace ] GC(28) Metaspace: 95360K->95360K(1136640K)
[2020-04-26T16:37:04.853+0000][1][gc           ] GC(28) Pause Young (Allocation Failure) 214M->78M(494M) 7.640ms
[2020-04-26T16:37:04.853+0000][1][gc,cpu       ] GC(28) User=0.04s Sys=0.01s Real=0.01s
[2020-04-26T16:37:04.853+0000][1][safepoint    ] Safepoint "GenCollectForAllocation", Time since last: 645539900 ns, Reaching safepoint: 455700 ns, At safepoint: 7758400 ns, Total: 8214100 ns
[2020-04-26T16:37:05.855+0000][1][safepoint    ] Safepoint "Cleanup", Time since last: 1000689700 ns, Reaching safepoint: 447700 ns, At safepoint: 133800 ns, Total: 581500 ns
[2020-04-26T16:37:06.149+0000][1][safepoint    ] Safepoint "RevokeBias", Time since last: 293880700 ns, Reaching safepoint: 145700 ns, At safepoint: 68600 ns, Total: 214300 ns
[2020-04-26T16:37:06.149+0000][1][safepoint    ] Safepoint "RevokeBias", Time since last: 166900 ns, Reaching safepoint: 174900 ns, At safepoint: 77600 ns, Total: 252500 ns
[2020-04-26T16:37:06.150+0000][1][safepoint    ] Safepoint "RevokeBias", Time since last: 185300 ns, Reaching safepoint: 259900 ns, At safepoint: 74000 ns, Total: 333900 ns
[2020-04-26T16:37:06.155+0000][1][safepoint    ] Safepoint "RevokeBias", Time since last: 4844300 ns, Reaching safepoint: 133200 ns, At safepoint: 64200 ns, Total: 197400 ns
[2020-04-26T16:37:06.155+0000][1][safepoint    ] Safepoint "RevokeBias", Time since last: 214300 ns, Reaching safepoint: 193400 ns, At safepoint: 94800 ns, Total: 288200 ns
[2020-04-26T16:37:06.155+0000][1][safepoint    ] Safepoint "RevokeBias", Time since last: 54600 ns, Reaching safepoint: 164700 ns, At safepoint: 91200 ns, Total: 255900 ns
[2020-04-26T16:37:07.156+0000][1][safepoint    ] Safepoint "Cleanup", Time since last: 1000094000 ns, Reaching safepoint: 151900 ns, At safepoint: 28700 ns, Total: 180600 ns
[2020-04-26T16:37:08.157+0000][1][safepoint    ] Safepoint "Cleanup", Time since last: 1000358100 ns, Reaching safepoint: 459300 ns, At safepoint: 127200 ns, Total: 586500 ns
[2020-04-26T16:37:09.158+0000][1][safepoint    ] Safepoint "Cleanup", Time since last: 1000465100 ns, Reaching safepoint: 534600 ns, At safepoint: 130100 ns, Total: 664700 ns
[2020-04-26T16:37:10.159+0000][1][safepoint    ] Safepoint "Cleanup", Time since last: 1000535200 ns, Reaching safepoint: 156700 ns, At safepoint: 40500 ns, Total: 197200 ns
[2020-04-26T16:37:11.159+0000][1][safepoint    ] Safepoint "Cleanup", Time since last: 1000376600 ns, Reaching safepoint: 437700 ns, At safepoint: 151000 ns, Total: 588700 ns
[2020-04-26T16:37:12.160+0000][1][safepoint    ] Safepoint "Cleanup", Time since last: 1000195400 ns, Reaching safepoint: 198800 ns, At safepoint: 41400 ns, Total: 240200 ns
[2020-04-26T16:37:13.161+0000][1][safepoint    ] Safepoint "Cleanup", Time since last: 1000227500 ns, Reaching safepoint: 456000 ns, At safepoint: 131100 ns, Total: 587100 ns
[2020-04-26T16:37:14.161+0000][1][safepoint    ] Safepoint "Cleanup", Time since last: 1000178600 ns, Reaching safepoint: 166000 ns, At safepoint: 30000 ns, Total: 196000 ns
[2020-04-26T16:37:15.162+0000][1][safepoint    ] Safepoint "Cleanup", Time since last: 1000234200 ns, Reaching safepoint: 210600 ns, At safepoint: 53200 ns, Total: 263800 ns
[2020-04-26T16:37:16.163+0000][1][safepoint    ] Safepoint "Cleanup", Time since last: 1000383600 ns, Reaching safepoint: 393600 ns, At safepoint: 223500 ns, Total: 617100 ns
[2020-04-26T16:37:17.164+0000][1][safepoint    ] Safepoint "Cleanup", Time since last: 1000401100 ns, Reaching safepoint: 459600 ns, At safepoint: 137700 ns, Total: 597300 ns
[2020-04-26T16:37:18.164+0000][1][safepoint    ] Safepoint "Cleanup", Time since last: 1000238000 ns, Reaching safepoint: 188700 ns, At safepoint: 29200 ns, Total: 217900 ns
[2020-04-26T16:37:19.164+0000][1][safepoint    ] Safepoint "Cleanup", Time since last: 1000168400 ns, Reaching safepoint: 177700 ns, At safepoint: 46300 ns, Total: 224000 ns
[2020-04-26T16:37:20.165+0000][1][safepoint    ] Safepoint "Cleanup", Time since last: 1000378300 ns, Reaching safepoint: 469300 ns, At safepoint: 208400 ns, Total: 677700 ns
[2020-04-26T16:37:21.167+0000][1][safepoint    ] Safepoint "Cleanup", Time since last: 1000703000 ns, Reaching safepoint: 460000 ns, At safepoint: 137400 ns, Total: 597400 ns
[2020-04-26T16:37:22.167+0000][1][safepoint    ] Safepoint "Cleanup", Time since last: 1000366300 ns, Reaching safepoint: 139400 ns, At safepoint: 26800 ns, Total: 166200 ns
[2020-04-26T16:37:23.168+0000][1][safepoint    ] Safepoint "Cleanup", Time since last: 1000530900 ns, Reaching safepoint: 461800 ns, At safepoint: 138100 ns, Total: 599900 ns
[2020-04-26T16:37:24.169+0000][1][safepoint    ] Safepoint "Cleanup", Time since last: 1000768100 ns, Reaching safepoint: 204900 ns, At safepoint: 48700 ns, Total: 253600 ns
[2020-04-26T16:37:25.170+0000][1][safepoint    ] Safepoint "Cleanup", Time since last: 1000444600 ns, Reaching safepoint: 143300 ns, At safepoint: 45500 ns, Total: 188800 ns
[2020-04-26T16:37:26.171+0000][1][safepoint    ] Safepoint "Cleanup", Time since last: 1000462400 ns, Reaching safepoint: 496000 ns, At safepoint: 172500 ns, Total: 668500 ns
[2020-04-26T16:37:27.172+0000][1][safepoint    ] Safepoint "Cleanup", Time since last: 1000318100 ns, Reaching safepoint: 268600 ns, At safepoint: 70700 ns, Total: 339300 ns
[2020-04-26T16:37:28.173+0000][1][safepoint    ] Safepoint "Cleanup", Time since last: 1000408300 ns, Reaching safepoint: 651400 ns, At safepoint: 120300 ns, Total: 771700 ns
[2020-04-26T16:37:29.174+0000][1][safepoint    ] Safepoint "Cleanup", Time since last: 1000250600 ns, Reaching safepoint: 163500 ns, At safepoint: 31400 ns, Total: 194900 ns
[2020-04-26T16:37:30.174+0000][1][safepoint    ] Safepoint "Cleanup", Time since last: 1000526800 ns, Reaching safepoint: 137700 ns, At safepoint: 33200 ns, Total: 170900 ns
[2020-04-26T16:37:31.175+0000][1][safepoint    ] Safepoint "Cleanup", Time since last: 1000575300 ns, Reaching safepoint: 179500 ns, At safepoint: 45800 ns, Total: 225300 ns
[2020-04-26T16:37:32.176+0000][1][safepoint    ] Safepoint "Cleanup", Time since last: 1000325500 ns, Reaching safepoint: 461000 ns, At safepoint: 136900 ns, Total: 597900 ns
[2020-04-26T16:37:33.177+0000][1][safepoint    ] Safepoint "Cleanup", Time since last: 1000673000 ns, Reaching safepoint: 134200 ns, At safepoint: 31600 ns, Total: 165800 ns
[2020-04-26T16:37:34.177+0000][1][safepoint    ] Safepoint "Cleanup", Time since last: 1000150400 ns, Reaching safepoint: 141800 ns, At safepoint: 32700 ns, Total: 174500 ns
[2020-04-26T16:37:35.177+0000][1][safepoint    ] Safepoint "Cleanup", Time since last: 1000172700 ns, Reaching safepoint: 154700 ns, At safepoint: 28800 ns, Total: 183500 ns
[2020-04-26T16:37:36.179+0000][1][safepoint    ] Safepoint "Cleanup", Time since last: 1000342100 ns, Reaching safepoint: 631800 ns, At safepoint: 128000 ns, Total: 759800 ns
[2020-04-26T16:37:37.179+0000][1][safepoint    ] Safepoint "Cleanup", Time since last: 1000231300 ns, Reaching safepoint: 143200 ns, At safepoint: 29800 ns, Total: 173000 ns
[2020-04-26T16:37:38.180+0000][1][safepoint    ] Safepoint "Cleanup", Time since last: 1000306500 ns, Reaching safepoint: 259900 ns, At safepoint: 74200 ns, Total: 334100 ns
[2020-04-26T16:37:39.181+0000][1][safepoint    ] Safepoint "Cleanup", Time since last: 1000577400 ns, Reaching safepoint: 514700 ns, At safepoint: 130000 ns, Total: 644700 ns
[2020-04-26T16:37:40.181+0000][1][safepoint    ] Safepoint "Cleanup", Time since last: 1000353000 ns, Reaching safepoint: 153500 ns, At safepoint: 32600 ns, Total: 186100 ns
[2020-04-26T16:37:41.182+0000][1][safepoint    ] Safepoint "Cleanup", Time since last: 1000627100 ns, Reaching safepoint: 156100 ns, At safepoint: 38300 ns, Total: 194400 ns
[2020-04-26T16:37:42.183+0000][1][safepoint    ] Safepoint "Cleanup", Time since last: 1000477800 ns, Reaching safepoint: 469300 ns, At safepoint: 157800 ns, Total: 627100 ns
[2020-04-26T16:37:43.184+0000][1][safepoint    ] Safepoint "Cleanup", Time since last: 1000578000 ns, Reaching safepoint: 442900 ns, At safepoint: 134600 ns, Total: 577500 ns
[2020-04-26T16:37:44.185+0000][1][safepoint    ] Safepoint "Cleanup", Time since last: 1000377200 ns, Reaching safepoint: 445500 ns, At safepoint: 128000 ns, Total: 573500 ns
[2020-04-26T16:37:45.186+0000][1][safepoint    ] Safepoint "Cleanup", Time since last: 1000346500 ns, Reaching safepoint: 330200 ns, At safepoint: 94900 ns, Total: 425100 ns
[2020-04-26T16:37:46.187+0000][1][safepoint    ] Safepoint "Cleanup", Time since last: 1000464000 ns, Reaching safepoint: 527900 ns, At safepoint: 130800 ns, Total: 658700 ns
[2020-04-26T16:37:47.188+0000][1][safepoint    ] Safepoint "Cleanup", Time since last: 1000417900 ns, Reaching safepoint: 462600 ns, At safepoint: 132600 ns, Total: 595200 ns
[2020-04-26T16:37:48.189+0000][1][safepoint    ] Safepoint "Cleanup", Time since last: 1000431200 ns, Reaching safepoint: 136100 ns, At safepoint: 30600 ns, Total: 166700 ns
[2020-04-26T16:37:49.190+0000][1][safepoint    ] Safepoint "Cleanup", Time since last: 1000381300 ns, Reaching safepoint: 506500 ns, At safepoint: 133400 ns, Total: 639900 ns
[2020-04-26T16:37:50.191+0000][1][safepoint    ] Safepoint "Cleanup", Time since last: 1000412600 ns, Reaching safepoint: 129300 ns, At safepoint: 27800 ns, Total: 157100 ns
[2020-04-26T16:37:51.191+0000][1][safepoint    ] Safepoint "Cleanup", Time since last: 1000443400 ns, Reaching safepoint: 144200 ns, At safepoint: 34900 ns, Total: 179100 ns
[2020-04-26T16:37:52.192+0000][1][safepoint    ] Safepoint "Cleanup", Time since last: 1000307000 ns, Reaching safepoint: 221600 ns, At safepoint: 60200 ns, Total: 281800 ns
[2020-04-26T16:37:53.193+0000][1][safepoint    ] Safepoint "Cleanup", Time since last: 1000851100 ns, Reaching safepoint: 344700 ns, At safepoint: 88400 ns, Total: 433100 ns
[2020-04-26T16:37:54.194+0000][1][safepoint    ] Safepoint "Cleanup", Time since last: 1000713200 ns, Reaching safepoint: 476200 ns, At safepoint: 140100 ns, Total: 616300 ns
[2020-04-26T16:37:55.195+0000][1][safepoint    ] Safepoint "Cleanup", Time since last: 1000207900 ns, Reaching safepoint: 188500 ns, At safepoint: 46100 ns, Total: 234600 ns
[2020-04-26T16:37:56.196+0000][1][safepoint    ] Safepoint "Cleanup", Time since last: 1000623500 ns, Reaching safepoint: 347700 ns, At safepoint: 68400 ns, Total: 416100 ns
[2020-04-26T16:37:57.197+0000][1][safepoint    ] Safepoint "Cleanup", Time since last: 1000588100 ns, Reaching safepoint: 440000 ns, At safepoint: 131500 ns, Total: 571500 ns
[2020-04-26T16:37:58.197+0000][1][safepoint    ] Safepoint "Cleanup", Time since last: 1000316700 ns, Reaching safepoint: 139600 ns, At safepoint: 38100 ns, Total: 177700 ns
[2020-04-26T16:37:59.198+0000][1][safepoint    ] Safepoint "Cleanup", Time since last: 1000159000 ns, Reaching safepoint: 161300 ns, At safepoint: 32700 ns, Total: 194000 ns
[2020-04-26T16:38:00.199+0000][1][safepoint    ] Safepoint "Cleanup", Time since last: 1000425400 ns, Reaching safepoint: 318100 ns, At safepoint: 91100 ns, Total: 409200 ns
[2020-04-26T16:38:01.200+0000][1][safepoint    ] Safepoint "Cleanup", Time since last: 1000378900 ns, Reaching safepoint: 443700 ns, At safepoint: 130800 ns, Total: 574500 ns
[2020-04-26T16:38:02.200+0000][1][safepoint    ] Safepoint "Cleanup", Time since last: 1000201700 ns, Reaching safepoint: 170700 ns, At safepoint: 34900 ns, Total: 205600 ns
[2020-04-26T16:38:03.200+0000][1][safepoint    ] Safepoint "Cleanup", Time since last: 1000188500 ns, Reaching safepoint: 151500 ns, At safepoint: 34600 ns, Total: 186100 ns
[2020-04-26T16:38:04.201+0000][1][safepoint    ] Safepoint "Cleanup", Time since last: 1000271200 ns, Reaching safepoint: 299300 ns, At safepoint: 82200 ns, Total: 381500 ns
[2020-04-26T16:38:05.202+0000][1][safepoint    ] Safepoint "Cleanup", Time since last: 1000599700 ns, Reaching safepoint: 388700 ns, At safepoint: 97600 ns, Total: 486300 ns
[2020-04-26T16:38:06.203+0000][1][safepoint    ] Safepoint "Cleanup", Time since last: 1000649600 ns, Reaching safepoint: 442400 ns, At safepoint: 128100 ns, Total: 570500 ns
[2020-04-26T16:38:07.146+0000][1][safepoint    ] Safepoint "RevokeBias", Time since last: 942487400 ns, Reaching safepoint: 131100 ns, At safepoint: 69200 ns, Total: 200300 ns
[2020-04-26T16:38:07.147+0000][1][safepoint    ] Safepoint "RevokeBias", Time since last: 226100 ns, Reaching safepoint: 238500 ns, At safepoint: 71100 ns, Total: 309600 ns
[2020-04-26T16:38:07.147+0000][1][safepoint    ] Safepoint "RevokeBias", Time since last: 103900 ns, Reaching safepoint: 151100 ns, At safepoint: 78300 ns, Total: 229400 ns
[2020-04-26T16:38:07.152+0000][1][safepoint    ] Safepoint "RevokeBias", Time since last: 5305500 ns, Reaching safepoint: 169700 ns, At safepoint: 60800 ns, Total: 230500 ns
[2020-04-26T16:38:07.158+0000][1][safepoint    ] Safepoint "RevokeBias", Time since last: 5086100 ns, Reaching safepoint: 253900 ns, At safepoint: 104500 ns, Total: 358400 ns
[2020-04-26T16:38:08.159+0000][1][safepoint    ] Safepoint "Cleanup", Time since last: 1000293400 ns, Reaching safepoint: 308100 ns, At safepoint: 118400 ns, Total: 426500 ns
[2020-04-26T16:38:09.159+0000][1][safepoint    ] Safepoint "Cleanup", Time since last: 1000268600 ns, Reaching safepoint: 130800 ns, At safepoint: 28700 ns, Total: 159500 ns
[2020-04-26T16:38:10.160+0000][1][safepoint    ] Safepoint "Cleanup", Time since last: 1000402200 ns, Reaching safepoint: 222800 ns, At safepoint: 62100 ns, Total: 284900 ns
[2020-04-26T16:38:11.160+0000][1][safepoint    ] Safepoint "Cleanup", Time since last: 1000221000 ns, Reaching safepoint: 133500 ns, At safepoint: 33500 ns, Total: 167000 ns
[2020-04-26T16:38:12.161+0000][1][safepoint    ] Safepoint "Cleanup", Time since last: 1000213500 ns, Reaching safepoint: 167600 ns, At safepoint: 79100 ns, Total: 246700 ns
[2020-04-26T16:38:13.161+0000][1][safepoint    ] Safepoint "Cleanup", Time since last: 1000158800 ns, Reaching safepoint: 169500 ns, At safepoint: 52200 ns, Total: 221700 ns
[2020-04-26T16:38:14.161+0000][1][safepoint    ] Safepoint "Cleanup", Time since last: 1000177000 ns, Reaching safepoint: 136100 ns, At safepoint: 28100 ns, Total: 164200 ns
[2020-04-26T16:38:15.162+0000][1][safepoint    ] Safepoint "Cleanup", Time since last: 1000336700 ns, Reaching safepoint: 267100 ns, At safepoint: 73500 ns, Total: 340600 ns
[2020-04-26T16:38:16.163+0000][1][safepoint    ] Safepoint "Cleanup", Time since last: 1000570400 ns, Reaching safepoint: 310400 ns, At safepoint: 90200 ns, Total: 400600 ns
[2020-04-26T16:38:17.163+0000][1][safepoint    ] Safepoint "Cleanup", Time since last: 1000375000 ns, Reaching safepoint: 132900 ns, At safepoint: 30200 ns, Total: 163100 ns
[2020-04-26T16:38:18.164+0000][1][safepoint    ] Safepoint "Cleanup", Time since last: 1000145800 ns, Reaching safepoint: 133900 ns, At safepoint: 26600 ns, Total: 160500 ns
[2020-04-26T16:38:19.165+0000][1][safepoint    ] Safepoint "Cleanup", Time since last: 1000392300 ns, Reaching safepoint: 393400 ns, At safepoint: 126000 ns, Total: 519400 ns
[2020-04-26T16:38:20.165+0000][1][safepoint    ] Safepoint "Cleanup", Time since last: 1000275400 ns, Reaching safepoint: 193200 ns, At safepoint: 67100 ns, Total: 260300 ns
[2020-04-26T16:38:21.166+0000][1][safepoint    ] Safepoint "Cleanup", Time since last: 1000348400 ns, Reaching safepoint: 154900 ns, At safepoint: 30700 ns, Total: 185600 ns
[2020-04-26T16:38:22.166+0000][1][safepoint    ] Safepoint "Cleanup", Time since last: 1000204300 ns, Reaching safepoint: 253700 ns, At safepoint: 68200 ns, Total: 321900 ns
[2020-04-26T16:38:23.167+0000][1][safepoint    ] Safepoint "Cleanup", Time since last: 1000368100 ns, Reaching safepoint: 202500 ns, At safepoint: 44900 ns, Total: 247400 ns
[2020-04-26T16:38:24.167+0000][1][safepoint    ] Safepoint "Cleanup", Time since last: 1000155700 ns, Reaching safepoint: 143500 ns, At safepoint: 33800 ns, Total: 177300 ns
[2020-04-26T16:38:25.168+0000][1][safepoint    ] Safepoint "Cleanup", Time since last: 1000146400 ns, Reaching safepoint: 206200 ns, At safepoint: 30800 ns, Total: 237000 ns
[2020-04-26T16:38:26.171+0000][1][safepoint    ] Safepoint "Cleanup", Time since last: 1003415600 ns, Reaching safepoint: 268300 ns, At safepoint: 76800 ns, Total: 345100 ns
[2020-04-26T16:38:27.172+0000][1][safepoint    ] Safepoint "Cleanup", Time since last: 1000259800 ns, Reaching safepoint: 135200 ns, At safepoint: 47300 ns, Total: 182500 ns
[2020-04-26T16:38:28.173+0000][1][safepoint    ] Safepoint "Cleanup", Time since last: 1000509900 ns, Reaching safepoint: 176200 ns, At safepoint: 37600 ns, Total: 213800 ns
[2020-04-26T16:38:29.173+0000][1][safepoint    ] Safepoint "Cleanup", Time since last: 1000249500 ns, Reaching safepoint: 173300 ns, At safepoint: 49600 ns, Total: 222900 ns
[2020-04-26T16:38:30.174+0000][1][safepoint    ] Safepoint "Cleanup", Time since last: 1000344000 ns, Reaching safepoint: 477600 ns, At safepoint: 134200 ns, Total: 611800 ns
[2020-04-26T16:38:31.174+0000][1][safepoint    ] Safepoint "Cleanup", Time since last: 1000210500 ns, Reaching safepoint: 158400 ns, At safepoint: 30900 ns, Total: 189300 ns
[2020-04-26T16:38:31.349+0000][1][safepoint    ] Safepoint "RevokeBias", Time since last: 174798700 ns, Reaching safepoint: 164300 ns, At safepoint: 53900 ns, Total: 218200 ns
[2020-04-26T16:38:31.354+0000][1][safepoint    ] Safepoint "RevokeBias", Time since last: 4429600 ns, Reaching safepoint: 225700 ns, At safepoint: 75200 ns, Total: 300900 ns
[2020-04-26T16:38:31.358+0000][1][safepoint    ] Safepoint "RevokeBias", Time since last: 3783800 ns, Reaching safepoint: 215700 ns, At safepoint: 71400 ns, Total: 287100 ns
[2020-04-26T16:38:31.359+0000][1][safepoint    ] Safepoint "RevokeBias", Time since last: 316600 ns, Reaching safepoint: 136500 ns, At safepoint: 90800 ns, Total: 227300 ns
[2020-04-26T16:38:31.360+0000][1][safepoint    ] Safepoint "BulkRevokeBias", Time since last: 269900 ns, Reaching safepoint: 207500 ns, At safepoint: 646600 ns, Total: 854100 ns
[2020-04-26T16:38:31.361+0000][1][safepoint    ] Safepoint "RevokeBias", Time since last: 578300 ns, Reaching safepoint: 105200 ns, At safepoint: 69200 ns, Total: 174400 ns
[2020-04-26T16:38:31.362+0000][1][safepoint    ] Safepoint "RevokeBias", Time since last: 849800 ns, Reaching safepoint: 105600 ns, At safepoint: 47500 ns, Total: 153100 ns
[2020-04-26T16:38:31.362+0000][1][safepoint    ] Safepoint "RevokeBias", Time since last: 539800 ns, Reaching safepoint: 104500 ns, At safepoint: 46900 ns, Total: 151400 ns
[2020-04-26T16:38:31.363+0000][1][safepoint    ] Safepoint "RevokeBias", Time since last: 714400 ns, Reaching safepoint: 122700 ns, At safepoint: 49900 ns, Total: 172600 ns
[2020-04-26T16:38:31.604+0000][1][safepoint    ] Safepoint "RevokeBias", Time since last: 240745800 ns, Reaching safepoint: 323900 ns, At safepoint: 105800 ns, Total: 429700 ns
[2020-04-26T16:38:31.609+0000][1][safepoint    ] Safepoint "RevokeBias", Time since last: 4077900 ns, Reaching safepoint: 239400 ns, At safepoint: 141300 ns, Total: 380700 ns
[2020-04-26T16:38:31.610+0000][1][safepoint    ] Safepoint "RevokeBias", Time since last: 418200 ns, Reaching safepoint: 355400 ns, At safepoint: 176100 ns, Total: 531500 ns
[2020-04-26T16:38:31.611+0000][1][safepoint    ] Safepoint "RevokeBias", Time since last: 459100 ns, Reaching safepoint: 224600 ns, At safepoint: 95800 ns, Total: 320400 ns
[2020-04-26T16:38:32.612+0000][1][safepoint    ] Safepoint "Cleanup", Time since last: 1000699700 ns, Reaching safepoint: 446200 ns, At safepoint: 132200 ns, Total: 578400 ns
[2020-04-26T16:38:33.613+0000][1][safepoint    ] Safepoint "Cleanup", Time since last: 1000353100 ns, Reaching safepoint: 531200 ns, At safepoint: 131700 ns, Total: 662900 ns
[2020-04-26T16:38:34.613+0000][1][safepoint    ] Safepoint "Cleanup", Time since last: 1000307900 ns, Reaching safepoint: 140200 ns, At safepoint: 32300 ns, Total: 172500 ns
[2020-04-26T16:38:35.614+0000][1][safepoint    ] Safepoint "Cleanup", Time since last: 1000184300 ns, Reaching safepoint: 138300 ns, At safepoint: 31900 ns, Total: 170200 ns
[2020-04-26T16:38:36.614+0000][1][safepoint    ] Safepoint "Cleanup", Time since last: 1000352200 ns, Reaching safepoint: 131700 ns, At safepoint: 28500 ns, Total: 160200 ns
[2020-04-26T16:38:37.615+0000][1][safepoint    ] Safepoint "Cleanup", Time since last: 1000444000 ns, Reaching safepoint: 235800 ns, At safepoint: 69000 ns, Total: 304800 ns
[2020-04-26T16:38:38.616+0000][1][safepoint    ] Safepoint "Cleanup", Time since last: 1000338200 ns, Reaching safepoint: 433800 ns, At safepoint: 128500 ns, Total: 562300 ns
[2020-04-26T16:38:39.617+0000][1][safepoint    ] Safepoint "Cleanup", Time since last: 1000543300 ns, Reaching safepoint: 219100 ns, At safepoint: 59100 ns, Total: 278200 ns
[2020-04-26T16:38:40.618+0000][1][safepoint    ] Safepoint "Cleanup", Time since last: 1000497600 ns, Reaching safepoint: 334900 ns, At safepoint: 99000 ns, Total: 433900 ns
[2020-04-26T16:38:41.618+0000][1][safepoint    ] Safepoint "Cleanup", Time since last: 1000276800 ns, Reaching safepoint: 140300 ns, At safepoint: 34000 ns, Total: 174300 ns
[2020-04-26T16:38:42.619+0000][1][safepoint    ] Safepoint "Cleanup", Time since last: 1000303100 ns, Reaching safepoint: 468200 ns, At safepoint: 143800 ns, Total: 612000 ns
[2020-04-26T16:38:43.619+0000][1][safepoint    ] Safepoint "Cleanup", Time since last: 1000244700 ns, Reaching safepoint: 164200 ns, At safepoint: 30600 ns, Total: 194800 ns
[2020-04-26T16:38:44.620+0000][1][safepoint    ] Safepoint "Cleanup", Time since last: 1000644000 ns, Reaching safepoint: 135200 ns, At safepoint: 32100 ns, Total: 167300 ns
[2020-04-26T16:38:45.621+0000][1][safepoint    ] Safepoint "Cleanup", Time since last: 1000204500 ns, Reaching safepoint: 134100 ns, At safepoint: 30700 ns, Total: 164800 ns
[2020-04-26T16:38:46.621+0000][1][safepoint    ] Safepoint "Cleanup", Time since last: 1000159100 ns, Reaching safepoint: 136000 ns, At safepoint: 29600 ns, Total: 165600 ns
[2020-04-26T16:38:47.621+0000][1][safepoint    ] Safepoint "Cleanup", Time since last: 1000295300 ns, Reaching safepoint: 226500 ns, At safepoint: 47500 ns, Total: 274000 ns
[2020-04-26T16:38:48.622+0000][1][safepoint    ] Safepoint "Cleanup", Time since last: 1000581300 ns, Reaching safepoint: 211700 ns, At safepoint: 59300 ns, Total: 271000 ns
[2020-04-26T16:38:49.623+0000][1][safepoint    ] Safepoint "Cleanup", Time since last: 1000221000 ns, Reaching safepoint: 142300 ns, At safepoint: 31300 ns, Total: 173600 ns
[2020-04-26T16:38:50.207+0000][1][safepoint    ] Safepoint "RevokeBias", Time since last: 583913800 ns, Reaching safepoint: 131800 ns, At safepoint: 38500 ns, Total: 170300 ns
[2020-04-26T16:38:50.209+0000][1][safepoint    ] Safepoint "RevokeBias", Time since last: 1754700 ns, Reaching safepoint: 121000 ns, At safepoint: 37000 ns, Total: 158000 ns
[2020-04-26T16:38:50.225+0000][1][safepoint    ] Safepoint "RevokeBias", Time since last: 15382700 ns, Reaching safepoint: 331300 ns, At safepoint: 66500 ns, Total: 397800 ns
[2020-04-26T16:38:50.225+0000][1][safepoint    ] Safepoint "RevokeBias", Time since last: 160000 ns, Reaching safepoint: 137100 ns, At safepoint: 57000 ns, Total: 194100 ns
[2020-04-26T16:38:50.228+0000][1][safepoint    ] Safepoint "RevokeBias", Time since last: 3304500 ns, Reaching safepoint: 135400 ns, At safepoint: 43000 ns, Total: 178400 ns
[2020-04-26T16:38:50.229+0000][1][safepoint    ] Safepoint "RevokeBias", Time since last: 135600 ns, Reaching safepoint: 108300 ns, At safepoint: 35900 ns, Total: 144200 ns
[2020-04-26T16:38:50.230+0000][1][safepoint    ] Safepoint "RevokeBias", Time since last: 1318500 ns, Reaching safepoint: 100900 ns, At safepoint: 35200 ns, Total: 136100 ns
[2020-04-26T16:38:50.230+0000][1][safepoint    ] Safepoint "RevokeBias", Time since last: 129900 ns, Reaching safepoint: 79500 ns, At safepoint: 36500 ns, Total: 116000 ns
[2020-04-26T16:38:50.232+0000][1][safepoint    ] Safepoint "RevokeBias", Time since last: 1602900 ns, Reaching safepoint: 134200 ns, At safepoint: 46800 ns, Total: 181000 ns
[2020-04-26T16:38:50.268+0000][1][safepoint    ] Safepoint "RevokeBias", Time since last: 35990400 ns, Reaching safepoint: 165300 ns, At safepoint: 67900 ns, Total: 233200 ns
[2020-04-26T16:38:50.269+0000][1][safepoint    ] Safepoint "RevokeBias", Time since last: 129700 ns, Reaching safepoint: 234200 ns, At safepoint: 63800 ns, Total: 298000 ns
[2020-04-26T16:38:50.269+0000][1][safepoint    ] Safepoint "RevokeBias", Time since last: 158200 ns, Reaching safepoint: 110000 ns, At safepoint: 38200 ns, Total: 148200 ns
[2020-04-26T16:38:50.269+0000][1][safepoint    ] Safepoint "RevokeBias", Time since last: 139400 ns, Reaching safepoint: 82500 ns, At safepoint: 38200 ns, Total: 120700 ns
[2020-04-26T16:38:50.270+0000][1][safepoint    ] Safepoint "RevokeBias", Time since last: 136400 ns, Reaching safepoint: 82600 ns, At safepoint: 48700 ns, Total: 131300 ns
[2020-04-26T16:38:50.270+0000][1][safepoint    ] Safepoint "RevokeBias", Time since last: 132200 ns, Reaching safepoint: 82800 ns, At safepoint: 37900 ns, Total: 120700 ns
[2020-04-26T16:38:50.270+0000][1][safepoint    ] Safepoint "RevokeBias", Time since last: 171700 ns, Reaching safepoint: 73400 ns, At safepoint: 35700 ns, Total: 109100 ns
[2020-04-26T16:38:50.270+0000][1][safepoint    ] Safepoint "RevokeBias", Time since last: 126000 ns, Reaching safepoint: 74200 ns, At safepoint: 34600 ns, Total: 108800 ns
[2020-04-26T16:38:50.271+0000][1][safepoint    ] Safepoint "RevokeBias", Time since last: 128300 ns, Reaching safepoint: 89500 ns, At safepoint: 33300 ns, Total: 122800 ns
[2020-04-26T16:38:50.271+0000][1][safepoint    ] Safepoint "RevokeBias", Time since last: 303100 ns, Reaching safepoint: 115900 ns, At safepoint: 37100 ns, Total: 153000 ns
[2020-04-26T16:38:50.271+0000][1][safepoint    ] Safepoint "RevokeBias", Time since last: 181200 ns, Reaching safepoint: 88800 ns, At safepoint: 38400 ns, Total: 127200 ns
[2020-04-26T16:38:50.272+0000][1][safepoint    ] Safepoint "RevokeBias", Time since last: 203900 ns, Reaching safepoint: 106000 ns, At safepoint: 39200 ns, Total: 145200 ns
[2020-04-26T16:38:50.272+0000][1][safepoint    ] Safepoint "RevokeBias", Time since last: 171700 ns, Reaching safepoint: 117200 ns, At safepoint: 48100 ns, Total: 165300 ns
[2020-04-26T16:38:50.273+0000][1][safepoint    ] Safepoint "RevokeBias", Time since last: 432100 ns, Reaching safepoint: 122500 ns, At safepoint: 56000 ns, Total: 178500 ns
[2020-04-26T16:38:50.276+0000][1][safepoint    ] Safepoint "RevokeBias", Time since last: 3199800 ns, Reaching safepoint: 141400 ns, At safepoint: 42100 ns, Total: 183500 ns
[2020-04-26T16:38:51.277+0000][1][safepoint    ] Safepoint "Cleanup", Time since last: 1000170600 ns, Reaching safepoint: 247300 ns, At safepoint: 52400 ns, Total: 299700 ns
[2020-04-26T16:38:52.277+0000][1][safepoint    ] Safepoint "Cleanup", Time since last: 1000206600 ns, Reaching safepoint: 156800 ns, At safepoint: 44800 ns, Total: 201600 ns
[2020-04-26T16:38:53.278+0000][1][safepoint    ] Safepoint "Cleanup", Time since last: 1000210400 ns, Reaching safepoint: 307700 ns, At safepoint: 72600 ns, Total: 380300 ns
[2020-04-26T16:38:54.279+0000][1][safepoint    ] Safepoint "Cleanup", Time since last: 1000329500 ns, Reaching safepoint: 591900 ns, At safepoint: 133000 ns, Total: 724900 ns
[2020-04-26T16:38:55.279+0000][1][safepoint    ] Safepoint "Cleanup", Time since last: 1000241400 ns, Reaching safepoint: 224400 ns, At safepoint: 54300 ns, Total: 278700 ns
[2020-04-26T16:38:56.283+0000][1][safepoint    ] Safepoint "Cleanup", Time since last: 1003599200 ns, Reaching safepoint: 153400 ns, At safepoint: 38900 ns, Total: 192300 ns
[2020-04-26T16:38:57.284+0000][1][safepoint    ] Safepoint "Cleanup", Time since last: 1000454500 ns, Reaching safepoint: 154300 ns, At safepoint: 35700 ns, Total: 190000 ns
[2020-04-26T16:38:58.285+0000][1][safepoint    ] Safepoint "Cleanup", Time since last: 1000310200 ns, Reaching safepoint: 520900 ns, At safepoint: 138400 ns, Total: 659300 ns
[2020-04-26T16:38:59.285+0000][1][safepoint    ] Safepoint "Cleanup", Time since last: 1000192000 ns, Reaching safepoint: 180700 ns, At safepoint: 46200 ns, Total: 226900 ns
[2020-04-26T16:39:00.015+0000][1][safepoint    ] Safepoint "RevokeBias", Time since last: 729787900 ns, Reaching safepoint: 132000 ns, At safepoint: 53300 ns, Total: 185300 ns
[2020-04-26T16:39:01.016+0000][1][safepoint    ] Safepoint "Cleanup", Time since last: 1000656300 ns, Reaching safepoint: 341200 ns, At safepoint: 151800 ns, Total: 493000 ns
[2020-04-26T16:39:02.017+0000][1][safepoint    ] Safepoint "Cleanup", Time since last: 1000690600 ns, Reaching safepoint: 454500 ns, At safepoint: 140100 ns, Total: 594600 ns
[2020-04-26T16:39:03.018+0000][1][safepoint    ] Safepoint "Cleanup", Time since last: 1000287900 ns, Reaching safepoint: 262800 ns, At safepoint: 69500 ns, Total: 332300 ns
[2020-04-26T16:39:04.018+0000][1][safepoint    ] Safepoint "Cleanup", Time since last: 1000193000 ns, Reaching safepoint: 185300 ns, At safepoint: 57100 ns, Total: 242400 ns
[2020-04-26T16:39:04.224+0000][1][safepoint    ] Safepoint "RevokeBias", Time since last: 205009500 ns, Reaching safepoint: 125000 ns, At safepoint: 38400 ns, Total: 163400 ns
[2020-04-26T16:39:04.224+0000][1][safepoint    ] Safepoint "RevokeBias", Time since last: 619500 ns, Reaching safepoint: 81900 ns, At safepoint: 33000 ns, Total: 114900 ns
[2020-04-26T16:39:04.233+0000][1][safepoint    ] Safepoint "RevokeBias", Time since last: 8533700 ns, Reaching safepoint: 148500 ns, At safepoint: 63900 ns, Total: 212400 ns
[2020-04-26T16:39:04.265+0000][1][safepoint    ] Safepoint "BulkRevokeBias", Time since last: 31277400 ns, Reaching safepoint: 301700 ns, At safepoint: 595700 ns, Total: 897400 ns
[2020-04-26T16:39:04.266+0000][1][safepoint    ] Safepoint "RevokeBias", Time since last: 234400 ns, Reaching safepoint: 183700 ns, At safepoint: 83800 ns, Total: 267500 ns
[2020-04-26T16:39:04.266+0000][1][safepoint    ] Safepoint "RevokeBias", Time since last: 180800 ns, Reaching safepoint: 84900 ns, At safepoint: 45700 ns, Total: 130600 ns
[2020-04-26T16:39:04.266+0000][1][safepoint    ] Safepoint "RevokeBias", Time since last: 207000 ns, Reaching safepoint: 155600 ns, At safepoint: 30600 ns, Total: 186200 ns
[2020-04-26T16:39:04.267+0000][1][safepoint    ] Safepoint "RevokeBias", Time since last: 338000 ns, Reaching safepoint: 69100 ns, At safepoint: 31300 ns, Total: 100400 ns
[2020-04-26T16:39:04.267+0000][1][safepoint    ] Safepoint "RevokeBias", Time since last: 183500 ns, Reaching safepoint: 79300 ns, At safepoint: 30900 ns, Total: 110200 ns
[2020-04-26T16:39:04.267+0000][1][safepoint    ] Safepoint "RevokeBias", Time since last: 185900 ns, Reaching safepoint: 68500 ns, At safepoint: 31100 ns, Total: 99600 ns
[2020-04-26T16:39:04.268+0000][1][safepoint    ] Safepoint "RevokeBias", Time since last: 171400 ns, Reaching safepoint: 68800 ns, At safepoint: 30700 ns, Total: 99500 ns
[2020-04-26T16:39:04.268+0000][1][safepoint    ] Safepoint "RevokeBias", Time since last: 201000 ns, Reaching safepoint: 69000 ns, At safepoint: 30900 ns, Total: 99900 ns
[2020-04-26T16:39:04.268+0000][1][safepoint    ] Safepoint "RevokeBias", Time since last: 181300 ns, Reaching safepoint: 68700 ns, At safepoint: 30700 ns, Total: 99400 ns
[2020-04-26T16:39:04.269+0000][1][safepoint    ] Safepoint "RevokeBias", Time since last: 176100 ns, Reaching safepoint: 68800 ns, At safepoint: 31100 ns, Total: 99900 ns
[2020-04-26T16:39:04.269+0000][1][safepoint    ] Safepoint "RevokeBias", Time since last: 167600 ns, Reaching safepoint: 68800 ns, At safepoint: 30800 ns, Total: 99600 ns
[2020-04-26T16:39:04.269+0000][1][safepoint    ] Safepoint "RevokeBias", Time since last: 168200 ns, Reaching safepoint: 67200 ns, At safepoint: 27800 ns, Total: 95000 ns
[2020-04-26T16:39:04.269+0000][1][safepoint    ] Safepoint "RevokeBias", Time since last: 183300 ns, Reaching safepoint: 67300 ns, At safepoint: 27200 ns, Total: 94500 ns
[2020-04-26T16:39:04.270+0000][1][safepoint    ] Safepoint "RevokeBias", Time since last: 169200 ns, Reaching safepoint: 65800 ns, At safepoint: 27500 ns, Total: 93300 ns
[2020-04-26T16:39:04.270+0000][1][safepoint    ] Safepoint "RevokeBias", Time since last: 158400 ns, Reaching safepoint: 66200 ns, At safepoint: 27200 ns, Total: 93400 ns
[2020-04-26T16:39:04.274+0000][1][safepoint    ] Safepoint "RevokeBias", Time since last: 3832400 ns, Reaching safepoint: 91700 ns, At safepoint: 46200 ns, Total: 137900 ns
[2020-04-26T16:39:05.276+0000][1][safepoint    ] Safepoint "Cleanup", Time since last: 1001685700 ns, Reaching safepoint: 200800 ns, At safepoint: 56700 ns, Total: 257500 ns
[2020-04-26T16:39:06.277+0000][1][safepoint    ] Safepoint "Cleanup", Time since last: 1000323600 ns, Reaching safepoint: 515600 ns, At safepoint: 136300 ns, Total: 651900 ns
[2020-04-26T16:39:07.277+0000][1][safepoint    ] Safepoint "Cleanup", Time since last: 1000302000 ns, Reaching safepoint: 131200 ns, At safepoint: 29200 ns, Total: 160400 ns
[2020-04-26T16:39:08.278+0000][1][safepoint    ] Safepoint "Cleanup", Time since last: 1000344500 ns, Reaching safepoint: 604100 ns, At safepoint: 130800 ns, Total: 734900 ns
[2020-04-26T16:39:08.817+0000][1][safepoint    ] Safepoint "RevokeBias", Time since last: 538086800 ns, Reaching safepoint: 133200 ns, At safepoint: 71400 ns, Total: 204600 ns
[2020-04-26T16:39:09.168+0000][1][safepoint    ] Safepoint "RevokeBias", Time since last: 350793200 ns, Reaching safepoint: 156000 ns, At safepoint: 90100 ns, Total: 246100 ns
[2020-04-26T16:39:09.168+0000][1][safepoint    ] Safepoint "RevokeBias", Time since last: 150500 ns, Reaching safepoint: 206100 ns, At safepoint: 80500 ns, Total: 286600 ns
[2020-04-26T16:39:09.169+0000][1][safepoint    ] Safepoint "BulkRevokeBias", Time since last: 235600 ns, Reaching safepoint: 221500 ns, At safepoint: 682800 ns, Total: 904300 ns
[2020-04-26T16:39:09.176+0000][1][safepoint    ] Safepoint "RevokeBias", Time since last: 6770500 ns, Reaching safepoint: 140800 ns, At safepoint: 78300 ns, Total: 219100 ns
[2020-04-26T16:39:09.177+0000][1][safepoint    ] Safepoint "RevokeBias", Time since last: 100800 ns, Reaching safepoint: 180300 ns, At safepoint: 62400 ns, Total: 242700 ns
[2020-04-26T16:39:09.177+0000][1][safepoint    ] Safepoint "RevokeBias", Time since last: 226600 ns, Reaching safepoint: 214400 ns, At safepoint: 61900 ns, Total: 276300 ns
[2020-04-26T16:39:10.178+0000][1][safepoint    ] Safepoint "Cleanup", Time since last: 1000647300 ns, Reaching safepoint: 527400 ns, At safepoint: 203600 ns, Total: 731000 ns
[2020-04-26T16:39:11.179+0000][1][safepoint    ] Safepoint "Cleanup", Time since last: 1000374900 ns, Reaching safepoint: 133700 ns, At safepoint: 27400 ns, Total: 161100 ns
[2020-04-26T16:39:12.180+0000][1][safepoint    ] Safepoint "Cleanup", Time since last: 1000196400 ns, Reaching safepoint: 359400 ns, At safepoint: 56100 ns, Total: 415500 ns
[2020-04-26T16:39:12.330+0000][1][safepoint    ] Safepoint "RevokeBias", Time since last: 150304700 ns, Reaching safepoint: 245700 ns, At safepoint: 134400 ns, Total: 380100 ns
[2020-04-26T16:39:12.433+0000][1][gc,start     ] GC(29) Pause Young (Allocation Failure)
[2020-04-26T16:39:12.433+0000][1][gc,task      ] GC(29) Using 10 workers of 10 for evacuation
[2020-04-26T16:39:12.435+0000][1][gc,age       ] GC(29) Desired survivor size 8945664 bytes, new threshold 6 (max threshold 6)
[2020-04-26T16:39:12.435+0000][1][gc,age       ] GC(29) Age table with threshold 6 (max threshold 6)
[2020-04-26T16:39:12.436+0000][1][gc,age       ] GC(29) - age   1:     447328 bytes,     447328 total
[2020-04-26T16:39:12.436+0000][1][gc,age       ] GC(29) - age   2:     443424 bytes,     890752 total
[2020-04-26T16:39:12.436+0000][1][gc,age       ] GC(29) - age   3:     420512 bytes,    1311264 total
[2020-04-26T16:39:12.436+0000][1][gc,age       ] GC(29) - age   4:     501904 bytes,    1813168 total
[2020-04-26T16:39:12.436+0000][1][gc,age       ] GC(29) - age   5:     165560 bytes,    1978728 total
[2020-04-26T16:39:12.436+0000][1][gc,age       ] GC(29) - age   6:     589528 bytes,    2568256 total
[2020-04-26T16:39:12.436+0000][1][gc,heap      ] GC(29) ParNew: 144187K->4237K(157248K)
[2020-04-26T16:39:12.436+0000][1][gc,heap      ] GC(29) CMS: 76094K->76715K(349568K)
[2020-04-26T16:39:12.436+0000][1][gc,metaspace ] GC(29) Metaspace: 95887K->95887K(1138688K)
[2020-04-26T16:39:12.436+0000][1][gc           ] GC(29) Pause Young (Allocation Failure) 215M->79M(494M) 2.918ms
[2020-04-26T16:39:12.436+0000][1][gc,cpu       ] GC(29) User=0.02s Sys=0.00s Real=0.00s
[2020-04-26T16:39:12.436+0000][1][safepoint    ] Safepoint "GenCollectForAllocation", Time since last: 102230800 ns, Reaching safepoint: 138400 ns, At safepoint: 2987500 ns, Total: 3125900 ns
[2020-04-26T16:39:12.563+0000][1][safepoint    ] Safepoint "RevokeBias", Time since last: 127420000 ns, Reaching safepoint: 146000 ns, At safepoint: 51800 ns, Total: 197800 ns
[2020-04-26T16:39:13.565+0000][1][safepoint    ] Safepoint "Cleanup", Time since last: 1000612300 ns, Reaching safepoint: 535600 ns, At safepoint: 230100 ns, Total: 765700 ns
[2020-04-26T16:39:14.566+0000][1][safepoint    ] Safepoint "Cleanup", Time since last: 1000447700 ns, Reaching safepoint: 450100 ns, At safepoint: 155200 ns, Total: 605300 ns
[2020-04-26T16:39:15.567+0000][1][safepoint    ] Safepoint "Cleanup", Time since last: 1000470800 ns, Reaching safepoint: 447000 ns, At safepoint: 151300 ns, Total: 598300 ns
[2020-04-26T16:39:16.568+0000][1][safepoint    ] Safepoint "Cleanup", Time since last: 1000419700 ns, Reaching safepoint: 509700 ns, At safepoint: 132700 ns, Total: 642400 ns
[2020-04-26T16:39:17.569+0000][1][safepoint    ] Safepoint "Cleanup", Time since last: 1000392100 ns, Reaching safepoint: 459200 ns, At safepoint: 163700 ns, Total: 622900 ns
[2020-04-26T16:39:18.570+0000][1][safepoint    ] Safepoint "Cleanup", Time since last: 1000601300 ns, Reaching safepoint: 133600 ns, At safepoint: 31900 ns, Total: 165500 ns
[2020-04-26T16:39:19.071+0000][1][safepoint    ] Safepoint "RevokeBias", Time since last: 500945300 ns, Reaching safepoint: 327400 ns, At safepoint: 230300 ns, Total: 557700 ns
[2020-04-26T16:39:19.072+0000][1][safepoint    ] Safepoint "RevokeBias", Time since last: 442400 ns, Reaching safepoint: 285800 ns, At safepoint: 156800 ns, Total: 442600 ns
[2020-04-26T16:39:19.073+0000][1][safepoint    ] Safepoint "RevokeBias", Time since last: 387600 ns, Reaching safepoint: 374500 ns, At safepoint: 127100 ns, Total: 501600 ns
[2020-04-26T16:39:19.074+0000][1][safepoint    ] Safepoint "RevokeBias", Time since last: 418300 ns, Reaching safepoint: 303800 ns, At safepoint: 149700 ns, Total: 453500 ns
[2020-04-26T16:39:19.075+0000][1][safepoint    ] Safepoint "RevokeBias", Time since last: 441500 ns, Reaching safepoint: 267100 ns, At safepoint: 91400 ns, Total: 358500 ns
[2020-04-26T16:39:19.075+0000][1][safepoint    ] Safepoint "RevokeBias", Time since last: 253900 ns, Reaching safepoint: 355300 ns, At safepoint: 101300 ns, Total: 456600 ns
[2020-04-26T16:39:19.076+0000][1][safepoint    ] Safepoint "RevokeBias", Time since last: 269800 ns, Reaching safepoint: 295600 ns, At safepoint: 128500 ns, Total: 424100 ns
[2020-04-26T16:39:19.077+0000][1][safepoint    ] Safepoint "RevokeBias", Time since last: 265000 ns, Reaching safepoint: 299600 ns, At safepoint: 102600 ns, Total: 402200 ns
[2020-04-26T16:39:19.077+0000][1][safepoint    ] Safepoint "RevokeBias", Time since last: 307500 ns, Reaching safepoint: 336500 ns, At safepoint: 113000 ns, Total: 449500 ns
[2020-04-26T16:39:20.078+0000][1][safepoint    ] Safepoint "Cleanup", Time since last: 1000490400 ns, Reaching safepoint: 454500 ns, At safepoint: 168300 ns, Total: 622800 ns
[2020-04-26T16:39:21.079+0000][1][safepoint    ] Safepoint "Cleanup", Time since last: 1000352800 ns, Reaching safepoint: 309300 ns, At safepoint: 87800 ns, Total: 397100 ns
[2020-04-26T16:39:22.080+0000][1][safepoint    ] Safepoint "Cleanup", Time since last: 1000259200 ns, Reaching safepoint: 177000 ns, At safepoint: 29600 ns, Total: 206600 ns
[2020-04-26T16:39:23.080+0000][1][safepoint    ] Safepoint "Cleanup", Time since last: 1000206300 ns, Reaching safepoint: 137100 ns, At safepoint: 31400 ns, Total: 168500 ns
[2020-04-26T16:39:24.081+0000][1][safepoint    ] Safepoint "Cleanup", Time since last: 1000299700 ns, Reaching safepoint: 134200 ns, At safepoint: 28500 ns, Total: 162700 ns
[2020-04-26T16:39:25.081+0000][1][safepoint    ] Safepoint "Cleanup", Time since last: 1000607100 ns, Reaching safepoint: 205700 ns, At safepoint: 74700 ns, Total: 280400 ns
[2020-04-26T16:39:26.082+0000][1][safepoint    ] Safepoint "Cleanup", Time since last: 1000154400 ns, Reaching safepoint: 137200 ns, At safepoint: 35300 ns, Total: 172500 ns
[2020-04-26T16:39:27.082+0000][1][safepoint    ] Safepoint "Cleanup", Time since last: 1000170100 ns, Reaching safepoint: 134100 ns, At safepoint: 29500 ns, Total: 163600 ns
[2020-04-26T16:39:28.082+0000][1][safepoint    ] Safepoint "Cleanup", Time since last: 1000179500 ns, Reaching safepoint: 137700 ns, At safepoint: 29600 ns, Total: 167300 ns
[2020-04-26T16:39:29.083+0000][1][safepoint    ] Safepoint "Cleanup", Time since last: 1000140400 ns, Reaching safepoint: 208200 ns, At safepoint: 55100 ns, Total: 263300 ns
[2020-04-26T16:39:30.084+0000][1][safepoint    ] Safepoint "Cleanup", Time since last: 1000351500 ns, Reaching safepoint: 374300 ns, At safepoint: 181200 ns, Total: 555500 ns
[2020-04-26T16:39:31.084+0000][1][safepoint    ] Safepoint "Cleanup", Time since last: 1000336500 ns, Reaching safepoint: 192200 ns, At safepoint: 38000 ns, Total: 230200 ns
[2020-04-26T16:39:32.085+0000][1][safepoint    ] Safepoint "Cleanup", Time since last: 1000320000 ns, Reaching safepoint: 142700 ns, At safepoint: 30400 ns, Total: 173100 ns
[2020-04-26T16:39:33.086+0000][1][safepoint    ] Safepoint "Cleanup", Time since last: 1000278100 ns, Reaching safepoint: 447000 ns, At safepoint: 130900 ns, Total: 577900 ns
[2020-04-26T16:39:34.087+0000][1][safepoint    ] Safepoint "Cleanup", Time since last: 1000614700 ns, Reaching safepoint: 447500 ns, At safepoint: 135100 ns, Total: 582600 ns
[2020-04-26T16:39:35.088+0000][1][safepoint    ] Safepoint "Cleanup", Time since last: 1000405500 ns, Reaching safepoint: 326800 ns, At safepoint: 82400 ns, Total: 409200 ns
[2020-04-26T16:39:36.090+0000][1][safepoint    ] Safepoint "Cleanup", Time since last: 1000846300 ns, Reaching safepoint: 730100 ns, At safepoint: 254000 ns, Total: 984100 ns
[2020-04-26T16:39:37.090+0000][1][safepoint    ] Safepoint "Cleanup", Time since last: 1000284000 ns, Reaching safepoint: 319300 ns, At safepoint: 76600 ns, Total: 395900 ns
[2020-04-26T16:39:38.091+0000][1][safepoint    ] Safepoint "Cleanup", Time since last: 1000428200 ns, Reaching safepoint: 357500 ns, At safepoint: 107900 ns, Total: 465400 ns
[2020-04-26T16:39:39.092+0000][1][safepoint    ] Safepoint "Cleanup", Time since last: 1000291000 ns, Reaching safepoint: 260200 ns, At safepoint: 69700 ns, Total: 329900 ns
[2020-04-26T16:39:40.092+0000][1][safepoint    ] Safepoint "Cleanup", Time since last: 1000481100 ns, Reaching safepoint: 195400 ns, At safepoint: 51800 ns, Total: 247200 ns
[2020-04-26T16:39:41.093+0000][1][safepoint    ] Safepoint "Cleanup", Time since last: 1000273400 ns, Reaching safepoint: 325200 ns, At safepoint: 95800 ns, Total: 421000 ns
[2020-04-26T16:39:42.094+0000][1][safepoint    ] Safepoint "Cleanup", Time since last: 1000213600 ns, Reaching safepoint: 135800 ns, At safepoint: 30700 ns, Total: 166500 ns
[2020-04-26T16:39:43.094+0000][1][safepoint    ] Safepoint "Cleanup", Time since last: 1000154200 ns, Reaching safepoint: 136200 ns, At safepoint: 29400 ns, Total: 165600 ns
[2020-04-26T16:39:44.094+0000][1][safepoint    ] Safepoint "Cleanup", Time since last: 1000210100 ns, Reaching safepoint: 192100 ns, At safepoint: 51000 ns, Total: 243100 ns
[2020-04-26T16:39:45.095+0000][1][safepoint    ] Safepoint "Cleanup", Time since last: 1000547300 ns, Reaching safepoint: 381400 ns, At safepoint: 116300 ns, Total: 497700 ns
[2020-04-26T16:39:46.096+0000][1][safepoint    ] Safepoint "Cleanup", Time since last: 1000623100 ns, Reaching safepoint: 185200 ns, At safepoint: 48800 ns, Total: 234000 ns
[2020-04-26T16:39:47.097+0000][1][safepoint    ] Safepoint "Cleanup", Time since last: 1000504500 ns, Reaching safepoint: 334200 ns, At safepoint: 98500 ns, Total: 432700 ns
[2020-04-26T16:39:48.098+0000][1][safepoint    ] Safepoint "Cleanup", Time since last: 1000457400 ns, Reaching safepoint: 355100 ns, At safepoint: 117000 ns, Total: 472100 ns
[2020-04-26T16:39:49.099+0000][1][safepoint    ] Safepoint "Cleanup", Time since last: 1000345500 ns, Reaching safepoint: 152400 ns, At safepoint: 36200 ns, Total: 188600 ns
[2020-04-26T16:39:50.100+0000][1][safepoint    ] Safepoint "Cleanup", Time since last: 1000509400 ns, Reaching safepoint: 445700 ns, At safepoint: 137600 ns, Total: 583300 ns
[2020-04-26T16:39:51.101+0000][1][safepoint    ] Safepoint "Cleanup", Time since last: 1000524700 ns, Reaching safepoint: 507200 ns, At safepoint: 134800 ns, Total: 642000 ns
[2020-04-26T16:39:52.102+0000][1][safepoint    ] Safepoint "Cleanup", Time since last: 1000338100 ns, Reaching safepoint: 507600 ns, At safepoint: 161200 ns, Total: 668800 ns
[2020-04-26T16:39:53.103+0000][1][safepoint    ] Safepoint "Cleanup", Time since last: 1000735100 ns, Reaching safepoint: 454900 ns, At safepoint: 141000 ns, Total: 595900 ns
[2020-04-26T16:39:54.104+0000][1][safepoint    ] Safepoint "Cleanup", Time since last: 1000396900 ns, Reaching safepoint: 652500 ns, At safepoint: 130900 ns, Total: 783400 ns
[2020-04-26T16:39:55.105+0000][1][safepoint    ] Safepoint "Cleanup", Time since last: 1000384900 ns, Reaching safepoint: 515200 ns, At safepoint: 129800 ns, Total: 645000 ns
[2020-04-26T16:39:56.106+0000][1][safepoint    ] Safepoint "Cleanup", Time since last: 1000448800 ns, Reaching safepoint: 469800 ns, At safepoint: 139400 ns, Total: 609200 ns
[2020-04-26T16:39:57.108+0000][1][safepoint    ] Safepoint "Cleanup", Time since last: 1000608500 ns, Reaching safepoint: 446600 ns, At safepoint: 131600 ns, Total: 578200 ns
[2020-04-26T16:39:58.108+0000][1][safepoint    ] Safepoint "Cleanup", Time since last: 1000319500 ns, Reaching safepoint: 225600 ns, At safepoint: 63300 ns, Total: 288900 ns
[2020-04-26T16:39:59.109+0000][1][safepoint    ] Safepoint "Cleanup", Time since last: 1000166900 ns, Reaching safepoint: 133400 ns, At safepoint: 28700 ns, Total: 162100 ns
[2020-04-26T16:40:00.109+0000][1][safepoint    ] Safepoint "Cleanup", Time since last: 1000488900 ns, Reaching safepoint: 149500 ns, At safepoint: 38400 ns, Total: 187900 ns
[2020-04-26T16:40:01.110+0000][1][safepoint    ] Safepoint "Cleanup", Time since last: 1000380200 ns, Reaching safepoint: 292200 ns, At safepoint: 39600 ns, Total: 331800 ns
[2020-04-26T16:40:02.111+0000][1][safepoint    ] Safepoint "Cleanup", Time since last: 1000722400 ns, Reaching safepoint: 445600 ns, At safepoint: 135600 ns, Total: 581200 ns
[2020-04-26T16:40:03.113+0000][1][safepoint    ] Safepoint "Cleanup", Time since last: 1000832000 ns, Reaching safepoint: 591700 ns, At safepoint: 124300 ns, Total: 716000 ns
[2020-04-26T16:40:04.113+0000][1][safepoint    ] Safepoint "Cleanup", Time since last: 1000276100 ns, Reaching safepoint: 141400 ns, At safepoint: 32200 ns, Total: 173600 ns
[2020-04-26T16:40:05.114+0000][1][safepoint    ] Safepoint "Cleanup", Time since last: 1000228100 ns, Reaching safepoint: 151000 ns, At safepoint: 32900 ns, Total: 183900 ns
[2020-04-26T16:40:06.114+0000][1][safepoint    ] Safepoint "Cleanup", Time since last: 1000599200 ns, Reaching safepoint: 156800 ns, At safepoint: 39900 ns, Total: 196700 ns
[2020-04-26T16:40:08.076+0000][1][safepoint    ] Safepoint "Cleanup", Time since last: 1961347000 ns, Reaching safepoint: 208000 ns, At safepoint: 33600 ns, Total: 241600 ns
[2020-04-26T16:40:09.077+0000][1][safepoint    ] Safepoint "Cleanup", Time since last: 1000259000 ns, Reaching safepoint: 253900 ns, At safepoint: 68000 ns, Total: 321900 ns
[2020-04-26T16:40:10.187+0000][1][safepoint    ] Safepoint "Cleanup", Time since last: 1109764500 ns, Reaching safepoint: 485500 ns, At safepoint: 136900 ns, Total: 622400 ns
[2020-04-26T16:40:11.136+0000][1][safepoint    ] Safepoint "RevokeBias", Time since last: 948424700 ns, Reaching safepoint: 292900 ns, At safepoint: 73200 ns, Total: 366100 ns
[2020-04-26T16:40:11.136+0000][1][safepoint    ] Safepoint "RevokeBias", Time since last: 254700 ns, Reaching safepoint: 198100 ns, At safepoint: 109500 ns, Total: 307600 ns
[2020-04-26T16:40:11.137+0000][1][safepoint    ] Safepoint "RevokeBias", Time since last: 36000 ns, Reaching safepoint: 159500 ns, At safepoint: 84600 ns, Total: 244100 ns
[2020-04-26T16:40:11.141+0000][1][safepoint    ] Safepoint "RevokeBias", Time since last: 4608000 ns, Reaching safepoint: 123500 ns, At safepoint: 72500 ns, Total: 196000 ns
[2020-04-26T16:40:11.142+0000][1][safepoint    ] Safepoint "RevokeBias", Time since last: 127000 ns, Reaching safepoint: 175800 ns, At safepoint: 67400 ns, Total: 243200 ns
[2020-04-26T16:40:11.142+0000][1][safepoint    ] Safepoint "RevokeBias", Time since last: 196400 ns, Reaching safepoint: 78300 ns, At safepoint: 60300 ns, Total: 138600 ns
[2020-04-26T16:40:12.142+0000][1][safepoint    ] Safepoint "Cleanup", Time since last: 1000145900 ns, Reaching safepoint: 126800 ns, At safepoint: 26800 ns, Total: 153600 ns
[2020-04-26T16:40:13.143+0000][1][safepoint    ] Safepoint "Cleanup", Time since last: 1000153400 ns, Reaching safepoint: 131600 ns, At safepoint: 28300 ns, Total: 159900 ns
[2020-04-26T16:40:14.144+0000][1][safepoint    ] Safepoint "Cleanup", Time since last: 1000277600 ns, Reaching safepoint: 444200 ns, At safepoint: 172400 ns, Total: 616600 ns
[2020-04-26T16:40:14.261+0000][1][safepoint    ] Safepoint "RevokeBias", Time since last: 117236400 ns, Reaching safepoint: 129200 ns, At safepoint: 38700 ns, Total: 167900 ns
[2020-04-26T16:40:14.488+0000][1][safepoint    ] Safepoint "RevokeBias", Time since last: 226681900 ns, Reaching safepoint: 132000 ns, At safepoint: 49700 ns, Total: 181700 ns
[2020-04-26T16:40:15.489+0000][1][safepoint    ] Safepoint "Cleanup", Time since last: 1000344700 ns, Reaching safepoint: 464600 ns, At safepoint: 148900 ns, Total: 613500 ns
[2020-04-26T16:40:16.489+0000][1][safepoint    ] Safepoint "Cleanup", Time since last: 1000304900 ns, Reaching safepoint: 162500 ns, At safepoint: 37000 ns, Total: 199500 ns
[2020-04-26T16:40:17.490+0000][1][safepoint    ] Safepoint "Cleanup", Time since last: 1000509200 ns, Reaching safepoint: 247500 ns, At safepoint: 73000 ns, Total: 320500 ns
[2020-04-26T16:40:18.492+0000][1][safepoint    ] Safepoint "Cleanup", Time since last: 1000674400 ns, Reaching safepoint: 447500 ns, At safepoint: 152800 ns, Total: 600300 ns
[2020-04-26T16:40:19.493+0000][1][safepoint    ] Safepoint "Cleanup", Time since last: 1000593200 ns, Reaching safepoint: 528000 ns, At safepoint: 135300 ns, Total: 663300 ns
[2020-04-26T16:40:20.494+0000][1][safepoint    ] Safepoint "Cleanup", Time since last: 1000409400 ns, Reaching safepoint: 446000 ns, At safepoint: 136400 ns, Total: 582400 ns
[2020-04-26T16:40:21.495+0000][1][safepoint    ] Safepoint "Cleanup", Time since last: 1000749200 ns, Reaching safepoint: 136600 ns, At safepoint: 33600 ns, Total: 170200 ns
[2020-04-26T16:40:22.495+0000][1][safepoint    ] Safepoint "Cleanup", Time since last: 1000329100 ns, Reaching safepoint: 158200 ns, At safepoint: 33400 ns, Total: 191600 ns
[2020-04-26T16:40:23.496+0000][1][safepoint    ] Safepoint "Cleanup", Time since last: 1000320900 ns, Reaching safepoint: 135300 ns, At safepoint: 29600 ns, Total: 164900 ns
[2020-04-26T16:40:24.496+0000][1][safepoint    ] Safepoint "Cleanup", Time since last: 1000178200 ns, Reaching safepoint: 135600 ns, At safepoint: 28100 ns, Total: 163700 ns
[2020-04-26T16:40:25.497+0000][1][safepoint    ] Safepoint "Cleanup", Time since last: 1000691300 ns, Reaching safepoint: 531000 ns, At safepoint: 142100 ns, Total: 673100 ns
[2020-04-26T16:40:26.498+0000][1][safepoint    ] Safepoint "Cleanup", Time since last: 1000341800 ns, Reaching safepoint: 172100 ns, At safepoint: 31300 ns, Total: 203400 ns
[2020-04-26T16:40:27.498+0000][1][safepoint    ] Safepoint "Cleanup", Time since last: 1000246900 ns, Reaching safepoint: 224900 ns, At safepoint: 31800 ns, Total: 256700 ns
[2020-04-26T16:40:28.499+0000][1][safepoint    ] Safepoint "Cleanup", Time since last: 1000255700 ns, Reaching safepoint: 427000 ns, At safepoint: 131700 ns, Total: 558700 ns
[2020-04-26T16:40:29.500+0000][1][safepoint    ] Safepoint "Cleanup", Time since last: 1000413700 ns, Reaching safepoint: 432600 ns, At safepoint: 131600 ns, Total: 564200 ns
[2020-04-26T16:40:30.501+0000][1][safepoint    ] Safepoint "Cleanup", Time since last: 1000402100 ns, Reaching safepoint: 442500 ns, At safepoint: 136000 ns, Total: 578500 ns
[2020-04-26T16:40:31.502+0000][1][safepoint    ] Safepoint "Cleanup", Time since last: 1000570500 ns, Reaching safepoint: 133300 ns, At safepoint: 33000 ns, Total: 166300 ns
[2020-04-26T16:40:32.503+0000][1][safepoint    ] Safepoint "Cleanup", Time since last: 1000515100 ns, Reaching safepoint: 499400 ns, At safepoint: 153700 ns, Total: 653100 ns
[2020-04-26T16:40:33.504+0000][1][safepoint    ] Safepoint "Cleanup", Time since last: 1000591700 ns, Reaching safepoint: 445900 ns, At safepoint: 134500 ns, Total: 580400 ns
[2020-04-26T16:40:34.505+0000][1][safepoint    ] Safepoint "Cleanup", Time since last: 1000410700 ns, Reaching safepoint: 510300 ns, At safepoint: 132600 ns, Total: 642900 ns
[2020-04-26T16:40:35.507+0000][1][safepoint    ] Safepoint "Cleanup", Time since last: 1000727500 ns, Reaching safepoint: 437200 ns, At safepoint: 136000 ns, Total: 573200 ns
[2020-04-26T16:40:36.507+0000][1][safepoint    ] Safepoint "Cleanup", Time since last: 1000444200 ns, Reaching safepoint: 257600 ns, At safepoint: 73400 ns, Total: 331000 ns
[2020-04-26T16:40:37.508+0000][1][safepoint    ] Safepoint "Cleanup", Time since last: 1000351800 ns, Reaching safepoint: 134200 ns, At safepoint: 33700 ns, Total: 167900 ns
[2020-04-26T16:40:38.509+0000][1][safepoint    ] Safepoint "Cleanup", Time since last: 1000265800 ns, Reaching safepoint: 250000 ns, At safepoint: 71200 ns, Total: 321200 ns
[2020-04-26T16:40:39.510+0000][1][safepoint    ] Safepoint "Cleanup", Time since last: 1000497400 ns, Reaching safepoint: 437600 ns, At safepoint: 135800 ns, Total: 573400 ns
[2020-04-26T16:40:40.510+0000][1][safepoint    ] Safepoint "Cleanup", Time since last: 1000314500 ns, Reaching safepoint: 280900 ns, At safepoint: 78900 ns, Total: 359800 ns
[2020-04-26T16:40:41.511+0000][1][safepoint    ] Safepoint "Cleanup", Time since last: 1000181300 ns, Reaching safepoint: 146500 ns, At safepoint: 50400 ns, Total: 196900 ns
[2020-04-26T16:40:42.511+0000][1][safepoint    ] Safepoint "Cleanup", Time since last: 1000372400 ns, Reaching safepoint: 128200 ns, At safepoint: 29800 ns, Total: 158000 ns
[2020-04-26T16:40:43.512+0000][1][safepoint    ] Safepoint "Cleanup", Time since last: 1000619900 ns, Reaching safepoint: 136800 ns, At safepoint: 33000 ns, Total: 169800 ns
[2020-04-26T16:40:44.512+0000][1][safepoint    ] Safepoint "Cleanup", Time since last: 1000321900 ns, Reaching safepoint: 137500 ns, At safepoint: 30700 ns, Total: 168200 ns
[2020-04-26T16:40:45.514+0000][1][safepoint    ] Safepoint "Cleanup", Time since last: 1000378700 ns, Reaching safepoint: 541100 ns, At safepoint: 171300 ns, Total: 712400 ns
[2020-04-26T16:40:46.514+0000][1][safepoint    ] Safepoint "Cleanup", Time since last: 1000249800 ns, Reaching safepoint: 210100 ns, At safepoint: 62100 ns, Total: 272200 ns
[2020-04-26T16:40:46.792+0000][1][safepoint    ] Safepoint "RevokeBias", Time since last: 277576100 ns, Reaching safepoint: 279000 ns, At safepoint: 76600 ns, Total: 355600 ns
[2020-04-26T16:40:47.793+0000][1][safepoint    ] Safepoint "Cleanup", Time since last: 1000392300 ns, Reaching safepoint: 502600 ns, At safepoint: 213600 ns, Total: 716200 ns
[2020-04-26T16:40:48.794+0000][1][safepoint    ] Safepoint "Cleanup", Time since last: 1000854400 ns, Reaching safepoint: 143700 ns, At safepoint: 33800 ns, Total: 177500 ns
[2020-04-26T16:40:49.794+0000][1][safepoint    ] Safepoint "Cleanup", Time since last: 1000142800 ns, Reaching safepoint: 132100 ns, At safepoint: 29400 ns, Total: 161500 ns
[2020-04-26T16:40:50.795+0000][1][safepoint    ] Safepoint "Cleanup", Time since last: 1000531000 ns, Reaching safepoint: 294800 ns, At safepoint: 87300 ns, Total: 382100 ns
[2020-04-26T16:40:51.797+0000][1][safepoint    ] Safepoint "Cleanup", Time since last: 1000551400 ns, Reaching safepoint: 557400 ns, At safepoint: 144700 ns, Total: 702100 ns
[2020-04-26T16:40:52.798+0000][1][safepoint    ] Safepoint "Cleanup", Time since last: 1000349000 ns, Reaching safepoint: 513500 ns, At safepoint: 133700 ns, Total: 647200 ns
[2020-04-26T16:40:53.798+0000][1][safepoint    ] Safepoint "Cleanup", Time since last: 1000305200 ns, Reaching safepoint: 190100 ns, At safepoint: 66900 ns, Total: 257000 ns
[2020-04-26T16:40:54.798+0000][1][safepoint    ] Safepoint "Cleanup", Time since last: 1000162000 ns, Reaching safepoint: 131700 ns, At safepoint: 30900 ns, Total: 162600 ns
[2020-04-26T16:40:55.799+0000][1][safepoint    ] Safepoint "Cleanup", Time since last: 1000189700 ns, Reaching safepoint: 293400 ns, At safepoint: 84600 ns, Total: 378000 ns
[2020-04-26T16:40:56.800+0000][1][safepoint    ] Safepoint "Cleanup", Time since last: 1000364900 ns, Reaching safepoint: 379100 ns, At safepoint: 115800 ns, Total: 494900 ns
[2020-04-26T16:40:57.801+0000][1][safepoint    ] Safepoint "Cleanup", Time since last: 1000488300 ns, Reaching safepoint: 199100 ns, At safepoint: 55600 ns, Total: 254700 ns
[2020-04-26T16:40:58.802+0000][1][safepoint    ] Safepoint "Cleanup", Time since last: 1000416100 ns, Reaching safepoint: 457800 ns, At safepoint: 148200 ns, Total: 606000 ns
[2020-04-26T16:40:59.100+0000][1][safepoint    ] Safepoint "RevokeBias", Time since last: 298461600 ns, Reaching safepoint: 142700 ns, At safepoint: 51300 ns, Total: 194000 ns
[2020-04-26T16:40:59.752+0000][1][safepoint    ] Safepoint "RevokeBias", Time since last: 650953300 ns, Reaching safepoint: 373900 ns, At safepoint: 322400 ns, Total: 696300 ns
[2020-04-26T16:40:59.754+0000][1][safepoint    ] Safepoint "RevokeBias", Time since last: 175800 ns, Reaching safepoint: 248700 ns, At safepoint: 1994600 ns, Total: 2243300 ns
[2020-04-26T16:41:00.755+0000][1][safepoint    ] Safepoint "Cleanup", Time since last: 1000663100 ns, Reaching safepoint: 129400 ns, At safepoint: 32400 ns, Total: 161800 ns
[2020-04-26T16:41:01.756+0000][1][safepoint    ] Safepoint "Cleanup", Time since last: 1000468800 ns, Reaching safepoint: 376900 ns, At safepoint: 97200 ns, Total: 474100 ns
[2020-04-26T16:41:02.757+0000][1][safepoint    ] Safepoint "Cleanup", Time since last: 1000651400 ns, Reaching safepoint: 157900 ns, At safepoint: 42600 ns, Total: 200500 ns
[2020-04-26T16:41:03.758+0000][1][safepoint    ] Safepoint "Cleanup", Time since last: 1000360000 ns, Reaching safepoint: 130600 ns, At safepoint: 30800 ns, Total: 161400 ns
[2020-04-26T16:41:04.758+0000][1][safepoint    ] Safepoint "Cleanup", Time since last: 1000169200 ns, Reaching safepoint: 243000 ns, At safepoint: 62300 ns, Total: 305300 ns
[2020-04-26T16:41:05.759+0000][1][safepoint    ] Safepoint "Cleanup", Time since last: 1000459100 ns, Reaching safepoint: 176300 ns, At safepoint: 48300 ns, Total: 224600 ns
[2020-04-26T16:41:06.571+0000][1][safepoint    ] Safepoint "RevokeBias", Time since last: 812290100 ns, Reaching safepoint: 127700 ns, At safepoint: 44400 ns, Total: 172100 ns
[2020-04-26T16:41:06.572+0000][1][safepoint    ] Safepoint "RevokeBias", Time since last: 478700 ns, Reaching safepoint: 89100 ns, At safepoint: 43600 ns, Total: 132700 ns
[2020-04-26T16:41:06.573+0000][1][safepoint    ] Safepoint "RevokeBias", Time since last: 895100 ns, Reaching safepoint: 86900 ns, At safepoint: 35200 ns, Total: 122100 ns
[2020-04-26T16:41:06.573+0000][1][safepoint    ] Safepoint "RevokeBias", Time since last: 173500 ns, Reaching safepoint: 80200 ns, At safepoint: 34000 ns, Total: 114200 ns
[2020-04-26T16:41:06.802+0000][1][safepoint    ] Safepoint "RevokeBias", Time since last: 229075200 ns, Reaching safepoint: 146100 ns, At safepoint: 41600 ns, Total: 187700 ns
[2020-04-26T16:41:07.804+0000][1][safepoint    ] Safepoint "Cleanup", Time since last: 1000687900 ns, Reaching safepoint: 440800 ns, At safepoint: 216300 ns, Total: 657100 ns
[2020-04-26T16:41:08.805+0000][1][safepoint    ] Safepoint "Cleanup", Time since last: 1000818100 ns, Reaching safepoint: 437100 ns, At safepoint: 145000 ns, Total: 582100 ns
[2020-04-26T16:41:09.806+0000][1][safepoint    ] Safepoint "Cleanup", Time since last: 1000407000 ns, Reaching safepoint: 451200 ns, At safepoint: 142600 ns, Total: 593800 ns
[2020-04-26T16:41:10.807+0000][1][safepoint    ] Safepoint "Cleanup", Time since last: 1000659500 ns, Reaching safepoint: 436900 ns, At safepoint: 133000 ns, Total: 569900 ns
[2020-04-26T16:41:11.808+0000][1][safepoint    ] Safepoint "Cleanup", Time since last: 1000202900 ns, Reaching safepoint: 140900 ns, At safepoint: 33300 ns, Total: 174200 ns
[2020-04-26T16:41:12.809+0000][1][safepoint    ] Safepoint "Cleanup", Time since last: 1000819700 ns, Reaching safepoint: 528900 ns, At safepoint: 144200 ns, Total: 673100 ns
[2020-04-26T16:41:13.143+0000][1][safepoint    ] Safepoint "RevokeBias", Time since last: 333422000 ns, Reaching safepoint: 122000 ns, At safepoint: 57600 ns, Total: 179600 ns
[2020-04-26T16:41:13.143+0000][1][safepoint    ] Safepoint "RevokeBias", Time since last: 264100 ns, Reaching safepoint: 202200 ns, At safepoint: 138600 ns, Total: 340800 ns
[2020-04-26T16:41:13.144+0000][1][safepoint    ] Safepoint "RevokeBias", Time since last: 56500 ns, Reaching safepoint: 249000 ns, At safepoint: 112900 ns, Total: 361900 ns
[2020-04-26T16:41:13.150+0000][1][safepoint    ] Safepoint "RevokeBias", Time since last: 6439600 ns, Reaching safepoint: 140300 ns, At safepoint: 80100 ns, Total: 220400 ns
[2020-04-26T16:41:13.151+0000][1][safepoint    ] Safepoint "RevokeBias", Time since last: 73300 ns, Reaching safepoint: 93200 ns, At safepoint: 71600 ns, Total: 164800 ns
[2020-04-26T16:41:13.151+0000][1][safepoint    ] Safepoint "RevokeBias", Time since last: 333900 ns, Reaching safepoint: 149400 ns, At safepoint: 103000 ns, Total: 252400 ns
[2020-04-26T16:41:14.152+0000][1][safepoint    ] Safepoint "Cleanup", Time since last: 1000595100 ns, Reaching safepoint: 211500 ns, At safepoint: 87000 ns, Total: 298500 ns
[2020-04-26T16:41:15.153+0000][1][safepoint    ] Safepoint "Cleanup", Time since last: 1000301500 ns, Reaching safepoint: 187600 ns, At safepoint: 53700 ns, Total: 241300 ns
[2020-04-26T16:41:16.153+0000][1][safepoint    ] Safepoint "Cleanup", Time since last: 1000290300 ns, Reaching safepoint: 280200 ns, At safepoint: 83100 ns, Total: 363300 ns
[2020-04-26T16:41:17.155+0000][1][safepoint    ] Safepoint "Cleanup", Time since last: 1000584500 ns, Reaching safepoint: 413100 ns, At safepoint: 132900 ns, Total: 546000 ns
[2020-04-26T16:41:18.155+0000][1][safepoint    ] Safepoint "Cleanup", Time since last: 1000315300 ns, Reaching safepoint: 407000 ns, At safepoint: 129300 ns, Total: 536300 ns
[2020-04-26T16:41:19.156+0000][1][safepoint    ] Safepoint "Cleanup", Time since last: 1000365400 ns, Reaching safepoint: 410200 ns, At safepoint: 128700 ns, Total: 538900 ns
[2020-04-26T16:41:20.157+0000][1][safepoint    ] Safepoint "Cleanup", Time since last: 1000522200 ns, Reaching safepoint: 414200 ns, At safepoint: 134200 ns, Total: 548400 ns
[2020-04-26T16:41:21.158+0000][1][safepoint    ] Safepoint "Cleanup", Time since last: 1000362400 ns, Reaching safepoint: 138400 ns, At safepoint: 35300 ns, Total: 173700 ns
[2020-04-26T16:41:22.158+0000][1][safepoint    ] Safepoint "Cleanup", Time since last: 1000151500 ns, Reaching safepoint: 230300 ns, At safepoint: 98600 ns, Total: 328900 ns
[2020-04-26T16:41:23.159+0000][1][safepoint    ] Safepoint "Cleanup", Time since last: 1000397200 ns, Reaching safepoint: 528900 ns, At safepoint: 142200 ns, Total: 671100 ns
[2020-04-26T16:41:24.161+0000][1][safepoint    ] Safepoint "Cleanup", Time since last: 1000439200 ns, Reaching safepoint: 539400 ns, At safepoint: 134600 ns, Total: 674000 ns
[2020-04-26T16:41:25.162+0000][1][safepoint    ] Safepoint "Cleanup", Time since last: 1000350800 ns, Reaching safepoint: 488700 ns, At safepoint: 132000 ns, Total: 620700 ns
[2020-04-26T16:41:26.163+0000][1][safepoint    ] Safepoint "Cleanup", Time since last: 1000347000 ns, Reaching safepoint: 597300 ns, At safepoint: 217900 ns, Total: 815200 ns
[2020-04-26T16:41:27.167+0000][1][safepoint    ] Safepoint "Cleanup", Time since last: 1003964600 ns, Reaching safepoint: 428100 ns, At safepoint: 138200 ns, Total: 566300 ns
[2020-04-26T16:41:28.168+0000][1][safepoint    ] Safepoint "Cleanup", Time since last: 1000580100 ns, Reaching safepoint: 484500 ns, At safepoint: 136700 ns, Total: 621200 ns
[2020-04-26T16:41:29.169+0000][1][safepoint    ] Safepoint "Cleanup", Time since last: 1000176800 ns, Reaching safepoint: 142700 ns, At safepoint: 33700 ns, Total: 176400 ns
[2020-04-26T16:41:30.170+0000][1][safepoint    ] Safepoint "Cleanup", Time since last: 1000566000 ns, Reaching safepoint: 413200 ns, At safepoint: 179500 ns, Total: 592700 ns
[2020-04-26T16:41:31.170+0000][1][safepoint    ] Safepoint "Cleanup", Time since last: 1000271500 ns, Reaching safepoint: 128400 ns, At safepoint: 31200 ns, Total: 159600 ns
[2020-04-26T16:41:32.172+0000][1][safepoint    ] Safepoint "Cleanup", Time since last: 1000668200 ns, Reaching safepoint: 413100 ns, At safepoint: 134200 ns, Total: 547300 ns
[2020-04-26T16:41:33.173+0000][1][safepoint    ] Safepoint "Cleanup", Time since last: 1000614200 ns, Reaching safepoint: 531200 ns, At safepoint: 138100 ns, Total: 669300 ns
[2020-04-26T16:41:34.174+0000][1][safepoint    ] Safepoint "Cleanup", Time since last: 1000325400 ns, Reaching safepoint: 407300 ns, At safepoint: 130700 ns, Total: 538000 ns
[2020-04-26T16:41:35.175+0000][1][safepoint    ] Safepoint "Cleanup", Time since last: 1000601400 ns, Reaching safepoint: 487800 ns, At safepoint: 112300 ns, Total: 600100 ns
[2020-04-26T16:41:36.176+0000][1][safepoint    ] Safepoint "Cleanup", Time since last: 1000407000 ns, Reaching safepoint: 401200 ns, At safepoint: 157700 ns, Total: 558900 ns
[2020-04-26T16:41:37.177+0000][1][safepoint    ] Safepoint "Cleanup", Time since last: 1000361400 ns, Reaching safepoint: 318900 ns, At safepoint: 102800 ns, Total: 421700 ns
[2020-04-26T16:41:38.177+0000][1][safepoint    ] Safepoint "Cleanup", Time since last: 1000149900 ns, Reaching safepoint: 128600 ns, At safepoint: 27800 ns, Total: 156400 ns
[2020-04-26T16:41:39.178+0000][1][safepoint    ] Safepoint "Cleanup", Time since last: 1000233800 ns, Reaching safepoint: 245000 ns, At safepoint: 72600 ns, Total: 317600 ns
[2020-04-26T16:41:40.726+0000][1][safepoint    ] Safepoint "Cleanup", Time since last: 1547854000 ns, Reaching safepoint: 423600 ns, At safepoint: 171500 ns, Total: 595100 ns
[2020-04-26T16:41:41.726+0000][1][safepoint    ] Safepoint "Cleanup", Time since last: 1000248700 ns, Reaching safepoint: 128400 ns, At safepoint: 27500 ns, Total: 155900 ns
[2020-04-26T16:41:42.727+0000][1][safepoint    ] Safepoint "Cleanup", Time since last: 1000464700 ns, Reaching safepoint: 209200 ns, At safepoint: 63600 ns, Total: 272800 ns
[2020-04-26T16:41:43.728+0000][1][safepoint    ] Safepoint "Cleanup", Time since last: 1000228100 ns, Reaching safepoint: 141200 ns, At safepoint: 32700 ns, Total: 173900 ns
[2020-04-26T16:41:44.728+0000][1][safepoint    ] Safepoint "Cleanup", Time since last: 1000257600 ns, Reaching safepoint: 252000 ns, At safepoint: 64200 ns, Total: 316200 ns
[2020-04-26T16:41:45.728+0000][1][safepoint    ] Safepoint "Cleanup", Time since last: 1000217900 ns, Reaching safepoint: 146600 ns, At safepoint: 30000 ns, Total: 176600 ns
[2020-04-26T16:41:46.729+0000][1][safepoint    ] Safepoint "Cleanup", Time since last: 1000336800 ns, Reaching safepoint: 337900 ns, At safepoint: 121200 ns, Total: 459100 ns
[2020-04-26T16:41:47.730+0000][1][safepoint    ] Safepoint "Cleanup", Time since last: 1000212400 ns, Reaching safepoint: 140300 ns, At safepoint: 32700 ns, Total: 173000 ns
[2020-04-26T16:41:48.730+0000][1][safepoint    ] Safepoint "Cleanup", Time since last: 1000620500 ns, Reaching safepoint: 125200 ns, At safepoint: 30800 ns, Total: 156000 ns
[2020-04-26T16:41:49.731+0000][1][safepoint    ] Safepoint "Cleanup", Time since last: 1000400400 ns, Reaching safepoint: 413500 ns, At safepoint: 136900 ns, Total: 550400 ns
[2020-04-26T16:41:50.732+0000][1][safepoint    ] Safepoint "Cleanup", Time since last: 1000387500 ns, Reaching safepoint: 137600 ns, At safepoint: 32400 ns, Total: 170000 ns
[2020-04-26T16:41:51.732+0000][1][safepoint    ] Safepoint "Cleanup", Time since last: 1000200400 ns, Reaching safepoint: 211200 ns, At safepoint: 35400 ns, Total: 246600 ns
[2020-04-26T16:41:52.733+0000][1][safepoint    ] Safepoint "Cleanup", Time since last: 1000675600 ns, Reaching safepoint: 205200 ns, At safepoint: 44900 ns, Total: 250100 ns
[2020-04-26T16:41:53.734+0000][1][safepoint    ] Safepoint "Cleanup", Time since last: 1000552900 ns, Reaching safepoint: 414800 ns, At safepoint: 133800 ns, Total: 548600 ns
[2020-04-26T16:41:54.735+0000][1][safepoint    ] Safepoint "Cleanup", Time since last: 1000675200 ns, Reaching safepoint: 203900 ns, At safepoint: 59500 ns, Total: 263400 ns
[2020-04-26T16:41:55.736+0000][1][safepoint    ] Safepoint "Cleanup", Time since last: 1000342900 ns, Reaching safepoint: 346000 ns, At safepoint: 68000 ns, Total: 414000 ns
[2020-04-26T16:41:56.866+0000][1][safepoint    ] Safepoint "Cleanup", Time since last: 1128668200 ns, Reaching safepoint: 657200 ns, At safepoint: 153800 ns, Total: 811000 ns
[2020-04-26T16:41:57.866+0000][1][safepoint    ] Safepoint "Cleanup", Time since last: 1000247600 ns, Reaching safepoint: 141500 ns, At safepoint: 31100 ns, Total: 172600 ns
[2020-04-26T16:41:58.866+0000][1][safepoint    ] Safepoint "Cleanup", Time since last: 1000136400 ns, Reaching safepoint: 131900 ns, At safepoint: 29600 ns, Total: 161500 ns
[2020-04-26T16:41:59.868+0000][1][safepoint    ] Safepoint "Cleanup", Time since last: 1000422400 ns, Reaching safepoint: 767000 ns, At safepoint: 180400 ns, Total: 947400 ns
[2020-04-26T16:42:00.868+0000][1][safepoint    ] Safepoint "Cleanup", Time since last: 1000343100 ns, Reaching safepoint: 139700 ns, At safepoint: 31600 ns, Total: 171300 ns
[2020-04-26T16:42:01.869+0000][1][safepoint    ] Safepoint "Cleanup", Time since last: 1000153800 ns, Reaching safepoint: 126500 ns, At safepoint: 32600 ns, Total: 159100 ns
[2020-04-26T16:42:02.869+0000][1][safepoint    ] Safepoint "Cleanup", Time since last: 1000553500 ns, Reaching safepoint: 129000 ns, At safepoint: 32700 ns, Total: 161700 ns
[2020-04-26T16:42:03.197+0000][1][gc,start     ] GC(30) Pause Young (Allocation Failure)
[2020-04-26T16:42:03.197+0000][1][gc,task      ] GC(30) Using 10 workers of 10 for evacuation
[2020-04-26T16:42:03.208+0000][1][gc,age       ] GC(30) Desired survivor size 8945664 bytes, new threshold 6 (max threshold 6)
[2020-04-26T16:42:03.208+0000][1][gc,age       ] GC(30) Age table with threshold 6 (max threshold 6)
[2020-04-26T16:42:03.209+0000][1][gc,age       ] GC(30) - age   1:     318720 bytes,     318720 total
[2020-04-26T16:42:03.209+0000][1][gc,age       ] GC(30) - age   2:     379016 bytes,     697736 total
[2020-04-26T16:42:03.209+0000][1][gc,age       ] GC(30) - age   3:     441264 bytes,    1139000 total
[2020-04-26T16:42:03.209+0000][1][gc,age       ] GC(30) - age   4:     404392 bytes,    1543392 total
[2020-04-26T16:42:03.209+0000][1][gc,age       ] GC(30) - age   5:     501784 bytes,    2045176 total
[2020-04-26T16:42:03.209+0000][1][gc,age       ] GC(30) - age   6:     165496 bytes,    2210672 total
[2020-04-26T16:42:03.209+0000][1][gc,heap      ] GC(30) ParNew: 144013K->3128K(157248K)
[2020-04-26T16:42:03.209+0000][1][gc,heap      ] GC(30) CMS: 76715K->77304K(349568K)
[2020-04-26T16:42:03.209+0000][1][gc,metaspace ] GC(30) Metaspace: 96161K->96161K(1138688K)
[2020-04-26T16:42:03.209+0000][1][gc           ] GC(30) Pause Young (Allocation Failure) 215M->78M(494M) 12.182ms
[2020-04-26T16:42:03.209+0000][1][gc,cpu       ] GC(30) User=0.04s Sys=0.01s Real=0.01s
[2020-04-26T16:42:03.209+0000][1][safepoint    ] Safepoint "GenCollectForAllocation", Time since last: 326709700 ns, Reaching safepoint: 657400 ns, At safepoint: 12659100 ns, Total: 13316500 ns
[2020-04-26T16:42:04.210+0000][1][safepoint    ] Safepoint "Cleanup", Time since last: 1000269600 ns, Reaching safepoint: 184900 ns, At safepoint: 57000 ns, Total: 241900 ns
[2020-04-26T16:42:05.211+0000][1][safepoint    ] Safepoint "Cleanup", Time since last: 1000542100 ns, Reaching safepoint: 639000 ns, At safepoint: 203600 ns, Total: 842600 ns
[2020-04-26T16:42:06.212+0000][1][safepoint    ] Safepoint "Cleanup", Time since last: 1000725000 ns, Reaching safepoint: 422500 ns, At safepoint: 118200 ns, Total: 540700 ns
[2020-04-26T16:42:07.213+0000][1][safepoint    ] Safepoint "Cleanup", Time since last: 1000390500 ns, Reaching safepoint: 360400 ns, At safepoint: 178900 ns, Total: 539300 ns
[2020-04-26T16:42:08.214+0000][1][safepoint    ] Safepoint "Cleanup", Time since last: 1000332300 ns, Reaching safepoint: 229800 ns, At safepoint: 68000 ns, Total: 297800 ns
[2020-04-26T16:42:09.215+0000][1][safepoint    ] Safepoint "Cleanup", Time since last: 1000540700 ns, Reaching safepoint: 129400 ns, At safepoint: 48000 ns, Total: 177400 ns
[2020-04-26T16:42:10.215+0000][1][safepoint    ] Safepoint "Cleanup", Time since last: 1000173500 ns, Reaching safepoint: 256800 ns, At safepoint: 84400 ns, Total: 341200 ns
[2020-04-26T16:42:10.372+0000][1][safepoint    ] Safepoint "RevokeBias", Time since last: 156928700 ns, Reaching safepoint: 200900 ns, At safepoint: 77900 ns, Total: 278800 ns
[2020-04-26T16:42:10.375+0000][1][safepoint    ] Safepoint "RevokeBias", Time since last: 2211300 ns, Reaching safepoint: 138300 ns, At safepoint: 58400 ns, Total: 196700 ns
[2020-04-26T16:42:10.375+0000][1][safepoint    ] Safepoint "RevokeBias", Time since last: 263300 ns, Reaching safepoint: 118000 ns, At safepoint: 71200 ns, Total: 189200 ns
[2020-04-26T16:42:10.376+0000][1][safepoint    ] Safepoint "RevokeBias", Time since last: 560800 ns, Reaching safepoint: 118600 ns, At safepoint: 56500 ns, Total: 175100 ns
[2020-04-26T16:42:10.377+0000][1][safepoint    ] Safepoint "RevokeBias", Time since last: 483400 ns, Reaching safepoint: 124000 ns, At safepoint: 82200 ns, Total: 206200 ns
[2020-04-26T16:42:10.377+0000][1][safepoint    ] Safepoint "RevokeBias", Time since last: 225800 ns, Reaching safepoint: 226400 ns, At safepoint: 105800 ns, Total: 332200 ns
[2020-04-26T16:42:10.378+0000][1][safepoint    ] Safepoint "RevokeBias", Time since last: 506000 ns, Reaching safepoint: 101700 ns, At safepoint: 88700 ns, Total: 190400 ns
[2020-04-26T16:42:10.378+0000][1][safepoint    ] Safepoint "RevokeBias", Time since last: 355400 ns, Reaching safepoint: 101800 ns, At safepoint: 69700 ns, Total: 171500 ns
[2020-04-26T16:42:10.379+0000][1][safepoint    ] Safepoint "RevokeBias", Time since last: 160400 ns, Reaching safepoint: 101100 ns, At safepoint: 69300 ns, Total: 170400 ns
[2020-04-26T16:42:10.379+0000][1][safepoint    ] Safepoint "RevokeBias", Time since last: 442600 ns, Reaching safepoint: 102100 ns, At safepoint: 92300 ns, Total: 194400 ns
[2020-04-26T16:42:10.380+0000][1][safepoint    ] Safepoint "RevokeBias", Time since last: 327300 ns, Reaching safepoint: 101400 ns, At safepoint: 88700 ns, Total: 190100 ns
[2020-04-26T16:42:10.381+0000][1][safepoint    ] Safepoint "RevokeBias", Time since last: 201500 ns, Reaching safepoint: 302800 ns, At safepoint: 86300 ns, Total: 389100 ns
[2020-04-26T16:42:10.381+0000][1][safepoint    ] Safepoint "RevokeBias", Time since last: 703800 ns, Reaching safepoint: 125300 ns, At safepoint: 86900 ns, Total: 212200 ns
[2020-04-26T16:42:10.605+0000][1][safepoint    ] Safepoint "RevokeBias", Time since last: 223421400 ns, Reaching safepoint: 120300 ns, At safepoint: 37100 ns, Total: 157400 ns
[2020-04-26T16:42:11.606+0000][1][safepoint    ] Safepoint "Cleanup", Time since last: 1000324100 ns, Reaching safepoint: 456300 ns, At safepoint: 120200 ns, Total: 576500 ns
[2020-04-26T16:42:12.607+0000][1][safepoint    ] Safepoint "Cleanup", Time since last: 1000470600 ns, Reaching safepoint: 503400 ns, At safepoint: 133700 ns, Total: 637100 ns
[2020-04-26T16:42:13.607+0000][1][safepoint    ] Safepoint "Cleanup", Time since last: 1000170000 ns, Reaching safepoint: 168500 ns, At safepoint: 33700 ns, Total: 202200 ns
[2020-04-26T16:42:14.608+0000][1][safepoint    ] Safepoint "Cleanup", Time since last: 1000376400 ns, Reaching safepoint: 415700 ns, At safepoint: 139000 ns, Total: 554700 ns
[2020-04-26T16:42:15.131+0000][1][safepoint    ] Safepoint "BulkRevokeBias", Time since last: 521621600 ns, Reaching safepoint: 123800 ns, At safepoint: 516800 ns, Total: 640600 ns
[2020-04-26T16:42:15.131+0000][1][safepoint    ] Safepoint "RevokeBias", Time since last: 363600 ns, Reaching safepoint: 189900 ns, At safepoint: 72700 ns, Total: 262600 ns
[2020-04-26T16:42:15.136+0000][1][safepoint    ] Safepoint "RevokeBias", Time since last: 4407500 ns, Reaching safepoint: 118600 ns, At safepoint: 70600 ns, Total: 189200 ns
[2020-04-26T16:42:15.136+0000][1][safepoint    ] Safepoint "RevokeBias", Time since last: 158700 ns, Reaching safepoint: 207500 ns, At safepoint: 97800 ns, Total: 305300 ns
[2020-04-26T16:42:15.137+0000][1][safepoint    ] Safepoint "RevokeBias", Time since last: 48400 ns, Reaching safepoint: 263300 ns, At safepoint: 103000 ns, Total: 366300 ns
[2020-04-26T16:42:16.138+0000][1][safepoint    ] Safepoint "Cleanup", Time since last: 1000356500 ns, Reaching safepoint: 454900 ns, At safepoint: 223700 ns, Total: 678600 ns
[2020-04-26T16:42:17.138+0000][1][safepoint    ] Safepoint "Cleanup", Time since last: 1000308900 ns, Reaching safepoint: 152000 ns, At safepoint: 37700 ns, Total: 189700 ns
[2020-04-26T16:42:18.139+0000][1][safepoint    ] Safepoint "Cleanup", Time since last: 1000130000 ns, Reaching safepoint: 130100 ns, At safepoint: 44900 ns, Total: 175000 ns
[2020-04-26T16:42:19.140+0000][1][safepoint    ] Safepoint "Cleanup", Time since last: 1000306800 ns, Reaching safepoint: 494600 ns, At safepoint: 188300 ns, Total: 682900 ns
[2020-04-26T16:42:20.140+0000][1][safepoint    ] Safepoint "Cleanup", Time since last: 1000250700 ns, Reaching safepoint: 212400 ns, At safepoint: 47900 ns, Total: 260300 ns
[2020-04-26T16:42:21.141+0000][1][safepoint    ] Safepoint "Cleanup", Time since last: 1000687300 ns, Reaching safepoint: 421800 ns, At safepoint: 139400 ns, Total: 561200 ns
[2020-04-26T16:42:22.143+0000][1][safepoint    ] Safepoint "Cleanup", Time since last: 1000616400 ns, Reaching safepoint: 496200 ns, At safepoint: 183800 ns, Total: 680000 ns
[2020-04-26T16:42:23.143+0000][1][safepoint    ] Safepoint "Cleanup", Time since last: 1000237400 ns, Reaching safepoint: 351300 ns, At safepoint: 52800 ns, Total: 404100 ns
[2020-04-26T16:42:24.144+0000][1][safepoint    ] Safepoint "Cleanup", Time since last: 1000172900 ns, Reaching safepoint: 124100 ns, At safepoint: 29700 ns, Total: 153800 ns
[2020-04-26T16:42:25.144+0000][1][safepoint    ] Safepoint "Cleanup", Time since last: 1000146300 ns, Reaching safepoint: 128700 ns, At safepoint: 27800 ns, Total: 156500 ns
[2020-04-26T16:42:26.145+0000][1][safepoint    ] Safepoint "Cleanup", Time since last: 1000643600 ns, Reaching safepoint: 434200 ns, At safepoint: 145900 ns, Total: 580100 ns
[2020-04-26T16:42:27.147+0000][1][safepoint    ] Safepoint "Cleanup", Time since last: 1000826000 ns, Reaching safepoint: 462900 ns, At safepoint: 216100 ns, Total: 679000 ns
[2020-04-26T16:42:28.148+0000][1][safepoint    ] Safepoint "Cleanup", Time since last: 1000333100 ns, Reaching safepoint: 400600 ns, At safepoint: 191100 ns, Total: 591700 ns
[2020-04-26T16:42:29.149+0000][1][safepoint    ] Safepoint "Cleanup", Time since last: 1000719800 ns, Reaching safepoint: 497800 ns, At safepoint: 184800 ns, Total: 682600 ns
[2020-04-26T16:42:30.150+0000][1][safepoint    ] Safepoint "Cleanup", Time since last: 1000538000 ns, Reaching safepoint: 437100 ns, At safepoint: 157500 ns, Total: 594600 ns
[2020-04-26T16:42:31.150+0000][1][safepoint    ] Safepoint "Cleanup", Time since last: 1000206300 ns, Reaching safepoint: 141200 ns, At safepoint: 26800 ns, Total: 168000 ns
[2020-04-26T16:42:32.152+0000][1][safepoint    ] Safepoint "Cleanup", Time since last: 1000792300 ns, Reaching safepoint: 336000 ns, At safepoint: 111900 ns, Total: 447900 ns
[2020-04-26T16:42:33.152+0000][1][safepoint    ] Safepoint "Cleanup", Time since last: 1000191000 ns, Reaching safepoint: 183100 ns, At safepoint: 44200 ns, Total: 227300 ns
[2020-04-26T16:42:34.153+0000][1][safepoint    ] Safepoint "Cleanup", Time since last: 1000178100 ns, Reaching safepoint: 333100 ns, At safepoint: 75600 ns, Total: 408700 ns
[2020-04-26T16:42:35.153+0000][1][safepoint    ] Safepoint "Cleanup", Time since last: 1000466200 ns, Reaching safepoint: 214000 ns, At safepoint: 63100 ns, Total: 277100 ns
[2020-04-26T16:42:36.154+0000][1][safepoint    ] Safepoint "Cleanup", Time since last: 1000335200 ns, Reaching safepoint: 437500 ns, At safepoint: 148900 ns, Total: 586400 ns
[2020-04-26T16:42:37.155+0000][1][safepoint    ] Safepoint "Cleanup", Time since last: 1000372200 ns, Reaching safepoint: 504100 ns, At safepoint: 133600 ns, Total: 637700 ns
[2020-04-26T16:42:38.156+0000][1][safepoint    ] Safepoint "Cleanup", Time since last: 1000387600 ns, Reaching safepoint: 315600 ns, At safepoint: 92900 ns, Total: 408500 ns
[2020-04-26T16:42:39.157+0000][1][safepoint    ] Safepoint "Cleanup", Time since last: 1000212700 ns, Reaching safepoint: 132100 ns, At safepoint: 28600 ns, Total: 160700 ns
[2020-04-26T16:42:40.157+0000][1][safepoint    ] Safepoint "Cleanup", Time since last: 1000535400 ns, Reaching safepoint: 176200 ns, At safepoint: 48300 ns, Total: 224500 ns
[2020-04-26T16:42:41.158+0000][1][safepoint    ] Safepoint "Cleanup", Time since last: 1000661600 ns, Reaching safepoint: 126300 ns, At safepoint: 31600 ns, Total: 157900 ns
[2020-04-26T16:42:42.158+0000][1][safepoint    ] Safepoint "Cleanup", Time since last: 1000147300 ns, Reaching safepoint: 141500 ns, At safepoint: 29600 ns, Total: 171100 ns
[2020-04-26T16:42:43.159+0000][1][safepoint    ] Safepoint "Cleanup", Time since last: 1000286500 ns, Reaching safepoint: 520800 ns, At safepoint: 131800 ns, Total: 652600 ns
[2020-04-26T16:42:44.160+0000][1][safepoint    ] Safepoint "Cleanup", Time since last: 1000692600 ns, Reaching safepoint: 130900 ns, At safepoint: 33300 ns, Total: 164200 ns
[2020-04-26T16:42:45.162+0000][1][safepoint    ] Safepoint "Cleanup", Time since last: 1000674500 ns, Reaching safepoint: 508000 ns, At safepoint: 142800 ns, Total: 650800 ns
[2020-04-26T16:42:46.163+0000][1][safepoint    ] Safepoint "Cleanup", Time since last: 1000595500 ns, Reaching safepoint: 488100 ns, At safepoint: 137900 ns, Total: 626000 ns
[2020-04-26T16:42:47.164+0000][1][safepoint    ] Safepoint "Cleanup", Time since last: 1000443800 ns, Reaching safepoint: 486600 ns, At safepoint: 132300 ns, Total: 618900 ns
[2020-04-26T16:42:48.165+0000][1][safepoint    ] Safepoint "Cleanup", Time since last: 1000308900 ns, Reaching safepoint: 292600 ns, At safepoint: 56600 ns, Total: 349200 ns
[2020-04-26T16:42:49.165+0000][1][safepoint    ] Safepoint "Cleanup", Time since last: 1000284100 ns, Reaching safepoint: 437500 ns, At safepoint: 199300 ns, Total: 636800 ns
[2020-04-26T16:42:50.166+0000][1][safepoint    ] Safepoint "Cleanup", Time since last: 1000342400 ns, Reaching safepoint: 160100 ns, At safepoint: 54000 ns, Total: 214100 ns
[2020-04-26T16:42:51.167+0000][1][safepoint    ] Safepoint "Cleanup", Time since last: 1000417400 ns, Reaching safepoint: 507100 ns, At safepoint: 139000 ns, Total: 646100 ns
[2020-04-26T16:42:52.168+0000][1][safepoint    ] Safepoint "Cleanup", Time since last: 1000331800 ns, Reaching safepoint: 485300 ns, At safepoint: 131200 ns, Total: 616500 ns
[2020-04-26T16:42:53.169+0000][1][safepoint    ] Safepoint "Cleanup", Time since last: 1000381100 ns, Reaching safepoint: 420200 ns, At safepoint: 180500 ns, Total: 600700 ns
[2020-04-26T16:42:54.169+0000][1][safepoint    ] Safepoint "Cleanup", Time since last: 1000216800 ns, Reaching safepoint: 124100 ns, At safepoint: 28100 ns, Total: 152200 ns
[2020-04-26T16:42:55.170+0000][1][safepoint    ] Safepoint "Cleanup", Time since last: 1000465900 ns, Reaching safepoint: 315700 ns, At safepoint: 111700 ns, Total: 427400 ns
[2020-04-26T16:42:56.172+0000][1][safepoint    ] Safepoint "Cleanup", Time since last: 1000825100 ns, Reaching safepoint: 433400 ns, At safepoint: 138000 ns, Total: 571400 ns
[2020-04-26T16:42:57.173+0000][1][safepoint    ] Safepoint "Cleanup", Time since last: 1000710400 ns, Reaching safepoint: 604300 ns, At safepoint: 135200 ns, Total: 739500 ns
[2020-04-26T16:42:58.174+0000][1][safepoint    ] Safepoint "Cleanup", Time since last: 1000486200 ns, Reaching safepoint: 165700 ns, At safepoint: 45300 ns, Total: 211000 ns
[2020-04-26T16:42:59.175+0000][1][safepoint    ] Safepoint "Cleanup", Time since last: 1000326000 ns, Reaching safepoint: 543500 ns, At safepoint: 149900 ns, Total: 693400 ns
[2020-04-26T16:43:00.176+0000][1][safepoint    ] Safepoint "Cleanup", Time since last: 1000621600 ns, Reaching safepoint: 420500 ns, At safepoint: 133400 ns, Total: 553900 ns
[2020-04-26T16:43:01.177+0000][1][safepoint    ] Safepoint "Cleanup", Time since last: 1000604500 ns, Reaching safepoint: 259200 ns, At safepoint: 78400 ns, Total: 337600 ns
[2020-04-26T16:43:02.178+0000][1][safepoint    ] Safepoint "Cleanup", Time since last: 1000449900 ns, Reaching safepoint: 239400 ns, At safepoint: 58900 ns, Total: 298300 ns
[2020-04-26T16:43:03.179+0000][1][safepoint    ] Safepoint "Cleanup", Time since last: 1000683100 ns, Reaching safepoint: 140000 ns, At safepoint: 36100 ns, Total: 176100 ns
[2020-04-26T16:43:04.179+0000][1][safepoint    ] Safepoint "Cleanup", Time since last: 1000322900 ns, Reaching safepoint: 500700 ns, At safepoint: 136200 ns, Total: 636900 ns
[2020-04-26T16:43:05.180+0000][1][safepoint    ] Safepoint "Cleanup", Time since last: 1000653000 ns, Reaching safepoint: 152000 ns, At safepoint: 51400 ns, Total: 203400 ns
[2020-04-26T16:43:06.181+0000][1][safepoint    ] Safepoint "Cleanup", Time since last: 1000202200 ns, Reaching safepoint: 141600 ns, At safepoint: 39700 ns, Total: 181300 ns
[2020-04-26T16:43:07.181+0000][1][safepoint    ] Safepoint "Cleanup", Time since last: 1000200300 ns, Reaching safepoint: 235500 ns, At safepoint: 93000 ns, Total: 328500 ns
[2020-04-26T16:43:08.182+0000][1][safepoint    ] Safepoint "Cleanup", Time since last: 1000246200 ns, Reaching safepoint: 192200 ns, At safepoint: 40100 ns, Total: 232300 ns
[2020-04-26T16:43:09.183+0000][1][safepoint    ] Safepoint "Cleanup", Time since last: 1000535800 ns, Reaching safepoint: 297000 ns, At safepoint: 39900 ns, Total: 336900 ns
[2020-04-26T16:43:10.183+0000][1][safepoint    ] Safepoint "Cleanup", Time since last: 1000246700 ns, Reaching safepoint: 247600 ns, At safepoint: 71000 ns, Total: 318600 ns
[2020-04-26T16:43:11.184+0000][1][safepoint    ] Safepoint "Cleanup", Time since last: 1000373600 ns, Reaching safepoint: 148000 ns, At safepoint: 36500 ns, Total: 184500 ns
[2020-04-26T16:43:12.185+0000][1][safepoint    ] Safepoint "Cleanup", Time since last: 1000614100 ns, Reaching safepoint: 126200 ns, At safepoint: 32100 ns, Total: 158300 ns
[2020-04-26T16:43:13.186+0000][1][safepoint    ] Safepoint "Cleanup", Time since last: 1000320200 ns, Reaching safepoint: 549000 ns, At safepoint: 133700 ns, Total: 682700 ns
[2020-04-26T16:43:14.186+0000][1][safepoint    ] Safepoint "Cleanup", Time since last: 1000269300 ns, Reaching safepoint: 336900 ns, At safepoint: 88600 ns, Total: 425500 ns
[2020-04-26T16:43:15.187+0000][1][safepoint    ] Safepoint "Cleanup", Time since last: 1000637000 ns, Reaching safepoint: 434100 ns, At safepoint: 138400 ns, Total: 572500 ns
[2020-04-26T16:43:16.140+0000][1][safepoint    ] Safepoint "RevokeBias", Time since last: 951909600 ns, Reaching safepoint: 128200 ns, At safepoint: 76600 ns, Total: 204800 ns
[2020-04-26T16:43:16.140+0000][1][safepoint    ] Safepoint "RevokeBias", Time since last: 156900 ns, Reaching safepoint: 208200 ns, At safepoint: 62600 ns, Total: 270800 ns
[2020-04-26T16:43:16.140+0000][1][safepoint    ] Safepoint "RevokeBias", Time since last: 153800 ns, Reaching safepoint: 184200 ns, At safepoint: 98500 ns, Total: 282700 ns
[2020-04-26T16:43:16.144+0000][1][safepoint    ] Safepoint "RevokeBias", Time since last: 3520500 ns, Reaching safepoint: 193500 ns, At safepoint: 79200 ns, Total: 272700 ns
[2020-04-26T16:43:16.145+0000][1][safepoint    ] Safepoint "RevokeBias", Time since last: 194600 ns, Reaching safepoint: 86400 ns, At safepoint: 96300 ns, Total: 182700 ns
[2020-04-26T16:43:16.145+0000][1][safepoint    ] Safepoint "RevokeBias", Time since last: 300600 ns, Reaching safepoint: 238100 ns, At safepoint: 88500 ns, Total: 326600 ns
[2020-04-26T16:43:17.146+0000][1][safepoint    ] Safepoint "Cleanup", Time since last: 1000492800 ns, Reaching safepoint: 182200 ns, At safepoint: 68500 ns, Total: 250700 ns
[2020-04-26T16:43:18.147+0000][1][safepoint    ] Safepoint "Cleanup", Time since last: 1000359200 ns, Reaching safepoint: 321700 ns, At safepoint: 126300 ns, Total: 448000 ns
[2020-04-26T16:43:19.148+0000][1][safepoint    ] Safepoint "Cleanup", Time since last: 1000399900 ns, Reaching safepoint: 428100 ns, At safepoint: 129200 ns, Total: 557300 ns
[2020-04-26T16:43:20.148+0000][1][safepoint    ] Safepoint "Cleanup", Time since last: 1000533500 ns, Reaching safepoint: 149500 ns, At safepoint: 40700 ns, Total: 190200 ns
[2020-04-26T16:43:21.149+0000][1][safepoint    ] Safepoint "Cleanup", Time since last: 1000206500 ns, Reaching safepoint: 137800 ns, At safepoint: 36000 ns, Total: 173800 ns
[2020-04-26T16:43:22.149+0000][1][safepoint    ] Safepoint "Cleanup", Time since last: 1000218400 ns, Reaching safepoint: 294900 ns, At safepoint: 102600 ns, Total: 397500 ns
[2020-04-26T16:43:23.150+0000][1][safepoint    ] Safepoint "Cleanup", Time since last: 1000383600 ns, Reaching safepoint: 474500 ns, At safepoint: 128700 ns, Total: 603200 ns
[2020-04-26T16:43:24.151+0000][1][safepoint    ] Safepoint "Cleanup", Time since last: 1000216000 ns, Reaching safepoint: 126000 ns, At safepoint: 13500 ns, Total: 139500 ns
[2020-04-26T16:43:25.151+0000][1][safepoint    ] Safepoint "Cleanup", Time since last: 1000225900 ns, Reaching safepoint: 266500 ns, At safepoint: 80300 ns, Total: 346800 ns
[2020-04-26T16:43:26.152+0000][1][safepoint    ] Safepoint "Cleanup", Time since last: 1000556300 ns, Reaching safepoint: 235700 ns, At safepoint: 135200 ns, Total: 370900 ns
[2020-04-26T16:43:27.153+0000][1][safepoint    ] Safepoint "Cleanup", Time since last: 1000619800 ns, Reaching safepoint: 455700 ns, At safepoint: 135700 ns, Total: 591400 ns
[2020-04-26T16:43:28.154+0000][1][safepoint    ] Safepoint "Cleanup", Time since last: 1000315000 ns, Reaching safepoint: 133000 ns, At safepoint: 28200 ns, Total: 161200 ns
[2020-04-26T16:43:29.155+0000][1][safepoint    ] Safepoint "Cleanup", Time since last: 1000473600 ns, Reaching safepoint: 527100 ns, At safepoint: 129800 ns, Total: 656900 ns
[2020-04-26T16:43:30.156+0000][1][safepoint    ] Safepoint "Cleanup", Time since last: 1000616500 ns, Reaching safepoint: 380900 ns, At safepoint: 120700 ns, Total: 501600 ns
[2020-04-26T16:43:31.158+0000][1][safepoint    ] Safepoint "Cleanup", Time since last: 1000618200 ns, Reaching safepoint: 617900 ns, At safepoint: 139600 ns, Total: 757500 ns
[2020-04-26T16:43:32.158+0000][1][safepoint    ] Safepoint "Cleanup", Time since last: 1000494800 ns, Reaching safepoint: 156000 ns, At safepoint: 42400 ns, Total: 198400 ns
[2020-04-26T16:43:33.159+0000][1][safepoint    ] Safepoint "Cleanup", Time since last: 1000525500 ns, Reaching safepoint: 414600 ns, At safepoint: 131500 ns, Total: 546100 ns
[2020-04-26T16:43:34.160+0000][1][safepoint    ] Safepoint "Cleanup", Time since last: 1000495000 ns, Reaching safepoint: 243100 ns, At safepoint: 72600 ns, Total: 315700 ns
[2020-04-26T16:43:35.161+0000][1][safepoint    ] Safepoint "Cleanup", Time since last: 1000322100 ns, Reaching safepoint: 227700 ns, At safepoint: 69200 ns, Total: 296900 ns
[2020-04-26T16:43:36.161+0000][1][safepoint    ] Safepoint "Cleanup", Time since last: 1000164000 ns, Reaching safepoint: 176300 ns, At safepoint: 35500 ns, Total: 211800 ns
[2020-04-26T16:43:37.162+0000][1][safepoint    ] Safepoint "Cleanup", Time since last: 1000308100 ns, Reaching safepoint: 240500 ns, At safepoint: 35800 ns, Total: 276300 ns
[2020-04-26T16:43:38.162+0000][1][safepoint    ] Safepoint "Cleanup", Time since last: 1000247100 ns, Reaching safepoint: 225700 ns, At safepoint: 53200 ns, Total: 278900 ns
[2020-04-26T16:43:39.163+0000][1][safepoint    ] Safepoint "Cleanup", Time since last: 1000355700 ns, Reaching safepoint: 127300 ns, At safepoint: 31200 ns, Total: 158500 ns
[2020-04-26T16:43:40.163+0000][1][safepoint    ] Safepoint "Cleanup", Time since last: 1000187300 ns, Reaching safepoint: 200200 ns, At safepoint: 41200 ns, Total: 241400 ns
[2020-04-26T16:43:41.164+0000][1][safepoint    ] Safepoint "Cleanup", Time since last: 1000313600 ns, Reaching safepoint: 315100 ns, At safepoint: 66000 ns, Total: 381100 ns
[2020-04-26T16:43:42.164+0000][1][safepoint    ] Safepoint "Cleanup", Time since last: 1000189800 ns, Reaching safepoint: 197900 ns, At safepoint: 36600 ns, Total: 234500 ns
[2020-04-26T16:43:43.165+0000][1][safepoint    ] Safepoint "Cleanup", Time since last: 1000360900 ns, Reaching safepoint: 494000 ns, At safepoint: 135600 ns, Total: 629600 ns
[2020-04-26T16:43:44.166+0000][1][safepoint    ] Safepoint "Cleanup", Time since last: 1000328300 ns, Reaching safepoint: 120100 ns, At safepoint: 26400 ns, Total: 146500 ns
[2020-04-26T16:43:45.167+0000][1][safepoint    ] Safepoint "Cleanup", Time since last: 1000654600 ns, Reaching safepoint: 427300 ns, At safepoint: 141200 ns, Total: 568500 ns
[2020-04-26T16:43:46.168+0000][1][safepoint    ] Safepoint "Cleanup", Time since last: 1000631400 ns, Reaching safepoint: 430300 ns, At safepoint: 136000 ns, Total: 566300 ns
[2020-04-26T16:43:47.169+0000][1][safepoint    ] Safepoint "Cleanup", Time since last: 1000353500 ns, Reaching safepoint: 130000 ns, At safepoint: 30600 ns, Total: 160600 ns
[2020-04-26T16:43:48.169+0000][1][safepoint    ] Safepoint "Cleanup", Time since last: 1000297100 ns, Reaching safepoint: 133500 ns, At safepoint: 31000 ns, Total: 164500 ns
[2020-04-26T16:43:49.170+0000][1][safepoint    ] Safepoint "Cleanup", Time since last: 1000202400 ns, Reaching safepoint: 183200 ns, At safepoint: 49000 ns, Total: 232200 ns
[2020-04-26T16:43:50.170+0000][1][safepoint    ] Safepoint "Cleanup", Time since last: 1000249400 ns, Reaching safepoint: 222400 ns, At safepoint: 51400 ns, Total: 273800 ns
[2020-04-26T16:43:51.171+0000][1][safepoint    ] Safepoint "Cleanup", Time since last: 1000624900 ns, Reaching safepoint: 276700 ns, At safepoint: 73700 ns, Total: 350400 ns
[2020-04-26T16:43:52.172+0000][1][safepoint    ] Safepoint "Cleanup", Time since last: 1000371000 ns, Reaching safepoint: 407200 ns, At safepoint: 130800 ns, Total: 538000 ns
[2020-04-26T16:43:53.173+0000][1][safepoint    ] Safepoint "Cleanup", Time since last: 1000616800 ns, Reaching safepoint: 499700 ns, At safepoint: 134900 ns, Total: 634600 ns
[2020-04-26T16:43:54.174+0000][1][safepoint    ] Safepoint "Cleanup", Time since last: 1000252100 ns, Reaching safepoint: 177300 ns, At safepoint: 34700 ns, Total: 212000 ns
[2020-04-26T16:43:55.174+0000][1][safepoint    ] Safepoint "Cleanup", Time since last: 1000154600 ns, Reaching safepoint: 127300 ns, At safepoint: 29000 ns, Total: 156300 ns
[2020-04-26T16:43:56.175+0000][1][safepoint    ] Safepoint "Cleanup", Time since last: 1000316200 ns, Reaching safepoint: 505000 ns, At safepoint: 130500 ns, Total: 635500 ns
[2020-04-26T16:43:57.176+0000][1][safepoint    ] Safepoint "Cleanup", Time since last: 1000346400 ns, Reaching safepoint: 666800 ns, At safepoint: 173000 ns, Total: 839800 ns
[2020-04-26T16:43:58.177+0000][1][safepoint    ] Safepoint "Cleanup", Time since last: 1000413400 ns, Reaching safepoint: 506900 ns, At safepoint: 133200 ns, Total: 640100 ns
[2020-04-26T16:43:59.178+0000][1][safepoint    ] Safepoint "Cleanup", Time since last: 1000476800 ns, Reaching safepoint: 128600 ns, At safepoint: 31100 ns, Total: 159700 ns
[2020-04-26T16:44:00.179+0000][1][safepoint    ] Safepoint "Cleanup", Time since last: 1000363000 ns, Reaching safepoint: 453800 ns, At safepoint: 125800 ns, Total: 579600 ns
[2020-04-26T16:44:01.180+0000][1][safepoint    ] Safepoint "Cleanup", Time since last: 1000741500 ns, Reaching safepoint: 473300 ns, At safepoint: 134500 ns, Total: 607800 ns
[2020-04-26T16:44:02.181+0000][1][safepoint    ] Safepoint "Cleanup", Time since last: 1000643100 ns, Reaching safepoint: 185100 ns, At safepoint: 28500 ns, Total: 213600 ns
[2020-04-26T16:44:03.181+0000][1][safepoint    ] Safepoint "Cleanup", Time since last: 1000176700 ns, Reaching safepoint: 129000 ns, At safepoint: 32400 ns, Total: 161400 ns
[2020-04-26T16:44:04.182+0000][1][safepoint    ] Safepoint "Cleanup", Time since last: 1000210800 ns, Reaching safepoint: 142400 ns, At safepoint: 80000 ns, Total: 222400 ns
[2020-04-26T16:44:05.183+0000][1][safepoint    ] Safepoint "Cleanup", Time since last: 1000804600 ns, Reaching safepoint: 431800 ns, At safepoint: 124000 ns, Total: 555800 ns
[2020-04-26T16:44:06.184+0000][1][safepoint    ] Safepoint "Cleanup", Time since last: 1000261000 ns, Reaching safepoint: 178100 ns, At safepoint: 36700 ns, Total: 214800 ns
[2020-04-26T16:44:07.184+0000][1][safepoint    ] Safepoint "Cleanup", Time since last: 1000320400 ns, Reaching safepoint: 310400 ns, At safepoint: 92800 ns, Total: 403200 ns
[2020-04-26T16:44:08.185+0000][1][safepoint    ] Safepoint "Cleanup", Time since last: 1000588400 ns, Reaching safepoint: 416300 ns, At safepoint: 132000 ns, Total: 548300 ns
[2020-04-26T16:44:09.186+0000][1][safepoint    ] Safepoint "Cleanup", Time since last: 1000208800 ns, Reaching safepoint: 130300 ns, At safepoint: 28900 ns, Total: 159200 ns
[2020-04-26T16:44:10.187+0000][1][safepoint    ] Safepoint "Cleanup", Time since last: 1000703500 ns, Reaching safepoint: 431500 ns, At safepoint: 136900 ns, Total: 568400 ns
[2020-04-26T16:44:11.188+0000][1][safepoint    ] Safepoint "Cleanup", Time since last: 1000541900 ns, Reaching safepoint: 127100 ns, At safepoint: 31300 ns, Total: 158400 ns
[2020-04-26T16:44:12.188+0000][1][safepoint    ] Safepoint "Cleanup", Time since last: 1000167100 ns, Reaching safepoint: 246000 ns, At safepoint: 70600 ns, Total: 316600 ns
[2020-04-26T16:44:13.189+0000][1][safepoint    ] Safepoint "Cleanup", Time since last: 1000539400 ns, Reaching safepoint: 126700 ns, At safepoint: 31200 ns, Total: 157900 ns
[2020-04-26T16:44:14.190+0000][1][safepoint    ] Safepoint "Cleanup", Time since last: 1000209600 ns, Reaching safepoint: 220400 ns, At safepoint: 63300 ns, Total: 283700 ns
[2020-04-26T16:44:15.190+0000][1][safepoint    ] Safepoint "Cleanup", Time since last: 1000393800 ns, Reaching safepoint: 418600 ns, At safepoint: 148700 ns, Total: 567300 ns
[2020-04-26T16:44:16.191+0000][1][safepoint    ] Safepoint "Cleanup", Time since last: 1000302600 ns, Reaching safepoint: 150900 ns, At safepoint: 33900 ns, Total: 184800 ns
[2020-04-26T16:44:17.192+0000][1][safepoint    ] Safepoint "Cleanup", Time since last: 1000472100 ns, Reaching safepoint: 311200 ns, At safepoint: 95800 ns, Total: 407000 ns
[2020-04-26T16:44:18.152+0000][1][safepoint    ] Safepoint "RevokeBias", Time since last: 959743800 ns, Reaching safepoint: 171900 ns, At safepoint: 120300 ns, Total: 292200 ns
[2020-04-26T16:44:18.152+0000][1][safepoint    ] Safepoint "RevokeBias", Time since last: 62700 ns, Reaching safepoint: 182000 ns, At safepoint: 82600 ns, Total: 264600 ns
[2020-04-26T16:44:18.153+0000][1][safepoint    ] Safepoint "RevokeBias", Time since last: 236600 ns, Reaching safepoint: 167900 ns, At safepoint: 71700 ns, Total: 239600 ns
[2020-04-26T16:44:18.158+0000][1][safepoint    ] Safepoint "RevokeBias", Time since last: 5382400 ns, Reaching safepoint: 166200 ns, At safepoint: 76300 ns, Total: 242500 ns
[2020-04-26T16:44:18.159+0000][1][safepoint    ] Safepoint "RevokeBias", Time since last: 158400 ns, Reaching safepoint: 419900 ns, At safepoint: 235700 ns, Total: 655600 ns
[2020-04-26T16:44:18.160+0000][1][safepoint    ] Safepoint "RevokeBias", Time since last: 176400 ns, Reaching safepoint: 187200 ns, At safepoint: 167100 ns, Total: 354300 ns
[2020-04-26T16:44:19.160+0000][1][safepoint    ] Safepoint "Cleanup", Time since last: 1000337700 ns, Reaching safepoint: 316800 ns, At safepoint: 60000 ns, Total: 376800 ns
[2020-04-26T16:44:20.161+0000][1][safepoint    ] Safepoint "Cleanup", Time since last: 1000188600 ns, Reaching safepoint: 290800 ns, At safepoint: 55200 ns, Total: 346000 ns
[2020-04-26T16:44:21.162+0000][1][safepoint    ] Safepoint "Cleanup", Time since last: 1000528300 ns, Reaching safepoint: 181700 ns, At safepoint: 51500 ns, Total: 233200 ns
[2020-04-26T16:44:22.162+0000][1][safepoint    ] Safepoint "Cleanup", Time since last: 1000200400 ns, Reaching safepoint: 116600 ns, At safepoint: 29900 ns, Total: 146500 ns
[2020-04-26T16:44:23.162+0000][1][safepoint    ] Safepoint "Cleanup", Time since last: 1000241800 ns, Reaching safepoint: 141800 ns, At safepoint: 38100 ns, Total: 179900 ns
[2020-04-26T16:44:24.163+0000][1][safepoint    ] Safepoint "Cleanup", Time since last: 1000433800 ns, Reaching safepoint: 212000 ns, At safepoint: 59100 ns, Total: 271100 ns
[2020-04-26T16:44:25.164+0000][1][safepoint    ] Safepoint "Cleanup", Time since last: 1000526600 ns, Reaching safepoint: 410600 ns, At safepoint: 133200 ns, Total: 543800 ns
[2020-04-26T16:44:26.165+0000][1][safepoint    ] Safepoint "Cleanup", Time since last: 1000293500 ns, Reaching safepoint: 406500 ns, At safepoint: 130000 ns, Total: 536500 ns
[2020-04-26T16:44:27.166+0000][1][safepoint    ] Safepoint "Cleanup", Time since last: 1000325900 ns, Reaching safepoint: 165000 ns, At safepoint: 49400 ns, Total: 214400 ns
[2020-04-26T16:44:28.166+0000][1][safepoint    ] Safepoint "Cleanup", Time since last: 1000207200 ns, Reaching safepoint: 202400 ns, At safepoint: 51100 ns, Total: 253500 ns
[2020-04-26T16:44:29.166+0000][1][safepoint    ] Safepoint "Cleanup", Time since last: 1000161300 ns, Reaching safepoint: 129900 ns, At safepoint: 29500 ns, Total: 159400 ns
[2020-04-26T16:44:30.168+0000][1][safepoint    ] Safepoint "Cleanup", Time since last: 1000588800 ns, Reaching safepoint: 431000 ns, At safepoint: 133600 ns, Total: 564600 ns
[2020-04-26T16:44:31.169+0000][1][safepoint    ] Safepoint "Cleanup", Time since last: 1000564200 ns, Reaching safepoint: 821700 ns, At safepoint: 222600 ns, Total: 1044300 ns
[2020-04-26T16:44:32.170+0000][1][safepoint    ] Safepoint "Cleanup", Time since last: 1000363300 ns, Reaching safepoint: 138500 ns, At safepoint: 24800 ns, Total: 163300 ns
[2020-04-26T16:44:32.722+0000][1][safepoint    ] Safepoint "RevokeBias", Time since last: 552137200 ns, Reaching safepoint: 139600 ns, At safepoint: 47300 ns, Total: 186900 ns
[2020-04-26T16:44:33.723+0000][1][safepoint    ] Safepoint "Cleanup", Time since last: 1000215900 ns, Reaching safepoint: 252000 ns, At safepoint: 98800 ns, Total: 350800 ns
[2020-04-26T16:44:34.723+0000][1][safepoint    ] Safepoint "Cleanup", Time since last: 1000332200 ns, Reaching safepoint: 219600 ns, At safepoint: 53700 ns, Total: 273300 ns
[2020-04-26T16:44:35.724+0000][1][safepoint    ] Safepoint "Cleanup", Time since last: 1000428500 ns, Reaching safepoint: 170100 ns, At safepoint: 46100 ns, Total: 216200 ns
[2020-04-26T16:44:36.725+0000][1][safepoint    ] Safepoint "Cleanup", Time since last: 1000493600 ns, Reaching safepoint: 244300 ns, At safepoint: 73500 ns, Total: 317800 ns
[2020-04-26T16:44:37.725+0000][1][safepoint    ] Safepoint "Cleanup", Time since last: 1000305300 ns, Reaching safepoint: 374000 ns, At safepoint: 107300 ns, Total: 481300 ns
[2020-04-26T16:44:38.726+0000][1][safepoint    ] Safepoint "Cleanup", Time since last: 1000545100 ns, Reaching safepoint: 130600 ns, At safepoint: 33000 ns, Total: 163600 ns
[2020-04-26T16:44:39.727+0000][1][safepoint    ] Safepoint "Cleanup", Time since last: 1000520900 ns, Reaching safepoint: 223400 ns, At safepoint: 64900 ns, Total: 288300 ns
[2020-04-26T16:44:40.728+0000][1][safepoint    ] Safepoint "Cleanup", Time since last: 1000332300 ns, Reaching safepoint: 223800 ns, At safepoint: 65200 ns, Total: 289000 ns
[2020-04-26T16:44:41.728+0000][1][safepoint    ] Safepoint "Cleanup", Time since last: 1000386200 ns, Reaching safepoint: 362000 ns, At safepoint: 113500 ns, Total: 475500 ns
[2020-04-26T16:44:42.729+0000][1][safepoint    ] Safepoint "Cleanup", Time since last: 1000182500 ns, Reaching safepoint: 140200 ns, At safepoint: 33600 ns, Total: 173800 ns
[2020-04-26T16:44:43.730+0000][1][safepoint    ] Safepoint "Cleanup", Time since last: 1000794100 ns, Reaching safepoint: 425600 ns, At safepoint: 145700 ns, Total: 571300 ns
[2020-04-26T16:44:43.964+0000][1][safepoint    ] Safepoint "RevokeBias", Time since last: 233299900 ns, Reaching safepoint: 235900 ns, At safepoint: 94900 ns, Total: 330800 ns
[2020-04-26T16:44:44.965+0000][1][safepoint    ] Safepoint "Cleanup", Time since last: 1000707200 ns, Reaching safepoint: 448100 ns, At safepoint: 205300 ns, Total: 653400 ns
[2020-04-26T16:44:45.966+0000][1][safepoint    ] Safepoint "Cleanup", Time since last: 1000748300 ns, Reaching safepoint: 129800 ns, At safepoint: 32700 ns, Total: 162500 ns
[2020-04-26T16:44:46.967+0000][1][safepoint    ] Safepoint "Cleanup", Time since last: 1000657200 ns, Reaching safepoint: 142200 ns, At safepoint: 37800 ns, Total: 180000 ns
[2020-04-26T16:44:47.967+0000][1][safepoint    ] Safepoint "Cleanup", Time since last: 1000159700 ns, Reaching safepoint: 125700 ns, At safepoint: 30000 ns, Total: 155700 ns
[2020-04-26T16:44:48.968+0000][1][safepoint    ] Safepoint "Cleanup", Time since last: 1000332300 ns, Reaching safepoint: 435500 ns, At safepoint: 140400 ns, Total: 575900 ns
[2020-04-26T16:44:49.969+0000][1][safepoint    ] Safepoint "Cleanup", Time since last: 1000357300 ns, Reaching safepoint: 151000 ns, At safepoint: 42400 ns, Total: 193400 ns
[2020-04-26T16:44:50.969+0000][1][safepoint    ] Safepoint "Cleanup", Time since last: 1000136400 ns, Reaching safepoint: 143700 ns, At safepoint: 34300 ns, Total: 178000 ns
[2020-04-26T16:44:51.970+0000][1][safepoint    ] Safepoint "Cleanup", Time since last: 1000417000 ns, Reaching safepoint: 616100 ns, At safepoint: 135700 ns, Total: 751800 ns
[2020-04-26T16:44:52.971+0000][1][safepoint    ] Safepoint "Cleanup", Time since last: 1000427200 ns, Reaching safepoint: 555500 ns, At safepoint: 138900 ns, Total: 694400 ns
[2020-04-26T16:44:53.972+0000][1][safepoint    ] Safepoint "Cleanup", Time since last: 1000442600 ns, Reaching safepoint: 510600 ns, At safepoint: 140700 ns, Total: 651300 ns
[2020-04-26T16:44:54.922+0000][1][gc,start     ] GC(31) Pause Young (Allocation Failure)
[2020-04-26T16:44:54.922+0000][1][gc,task      ] GC(31) Using 10 workers of 10 for evacuation
[2020-04-26T16:44:54.926+0000][1][gc,age       ] GC(31) Desired survivor size 8945664 bytes, new threshold 6 (max threshold 6)
[2020-04-26T16:44:54.926+0000][1][gc,age       ] GC(31) Age table with threshold 6 (max threshold 6)
[2020-04-26T16:44:54.926+0000][1][gc,age       ] GC(31) - age   1:     219280 bytes,     219280 total
[2020-04-26T16:44:54.926+0000][1][gc,age       ] GC(31) - age   2:     244480 bytes,     463760 total
[2020-04-26T16:44:54.926+0000][1][gc,age       ] GC(31) - age   3:     378952 bytes,     842712 total
[2020-04-26T16:44:54.926+0000][1][gc,age       ] GC(31) - age   4:     441128 bytes,    1283840 total
[2020-04-26T16:44:54.926+0000][1][gc,age       ] GC(31) - age   5:     403712 bytes,    1687552 total
[2020-04-26T16:44:54.926+0000][1][gc,age       ] GC(31) - age   6:     501720 bytes,    2189272 total
[2020-04-26T16:44:54.926+0000][1][gc,heap      ] GC(31) ParNew: 142904K->2843K(157248K)
[2020-04-26T16:44:54.926+0000][1][gc,heap      ] GC(31) CMS: 77304K->77473K(349568K)
[2020-04-26T16:44:54.926+0000][1][gc,metaspace ] GC(31) Metaspace: 96224K->96224K(1138688K)
[2020-04-26T16:44:54.926+0000][1][gc           ] GC(31) Pause Young (Allocation Failure) 215M->78M(494M) 3.721ms
[2020-04-26T16:44:54.926+0000][1][gc,cpu       ] GC(31) User=0.01s Sys=0.00s Real=0.01s
[2020-04-26T16:44:54.926+0000][1][safepoint    ] Safepoint "GenCollectForAllocation", Time since last: 949934600 ns, Reaching safepoint: 152100 ns, At safepoint: 3826800 ns, Total: 3978900 ns
[2020-04-26T16:44:55.927+0000][1][safepoint    ] Safepoint "Cleanup", Time since last: 1000567200 ns, Reaching safepoint: 139200 ns, At safepoint: 35400 ns, Total: 174600 ns
[2020-04-26T16:44:55.998+0000][1][safepoint    ] Safepoint "RevokeBias", Time since last: 70542700 ns, Reaching safepoint: 229600 ns, At safepoint: 112300 ns, Total: 341900 ns
[2020-04-26T16:44:56.999+0000][1][safepoint    ] Safepoint "Cleanup", Time since last: 1000539200 ns, Reaching safepoint: 435900 ns, At safepoint: 288900 ns, Total: 724800 ns
[2020-04-26T16:44:58.000+0000][1][safepoint    ] Safepoint "Cleanup", Time since last: 1000542100 ns, Reaching safepoint: 228900 ns, At safepoint: 74300 ns, Total: 303200 ns
[2020-04-26T16:44:59.000+0000][1][safepoint    ] Safepoint "Cleanup", Time since last: 1000144100 ns, Reaching safepoint: 144300 ns, At safepoint: 45300 ns, Total: 189600 ns
[2020-04-26T16:45:00.001+0000][1][safepoint    ] Safepoint "Cleanup", Time since last: 1000438800 ns, Reaching safepoint: 437900 ns, At safepoint: 140100 ns, Total: 578000 ns
[2020-04-26T16:45:00.612+0000][1][safepoint    ] Safepoint "RevokeBias", Time since last: 610839700 ns, Reaching safepoint: 130000 ns, At safepoint: 57900 ns, Total: 187900 ns
[2020-04-26T16:45:01.614+0000][1][safepoint    ] Safepoint "Cleanup", Time since last: 1000698400 ns, Reaching safepoint: 439600 ns, At safepoint: 207700 ns, Total: 647300 ns
[2020-04-26T16:45:02.614+0000][1][safepoint    ] Safepoint "Cleanup", Time since last: 1000331700 ns, Reaching safepoint: 207200 ns, At safepoint: 60700 ns, Total: 267900 ns
[2020-04-26T16:45:03.615+0000][1][safepoint    ] Safepoint "Cleanup", Time since last: 1000460500 ns, Reaching safepoint: 423100 ns, At safepoint: 135800 ns, Total: 558900 ns
[2020-04-26T16:45:04.616+0000][1][safepoint    ] Safepoint "Cleanup", Time since last: 1000378900 ns, Reaching safepoint: 418900 ns, At safepoint: 132300 ns, Total: 551200 ns
[2020-04-26T16:45:05.617+0000][1][safepoint    ] Safepoint "Cleanup", Time since last: 1000428400 ns, Reaching safepoint: 438400 ns, At safepoint: 147500 ns, Total: 585900 ns
[2020-04-26T16:45:05.661+0000][1][safepoint    ] Safepoint "RevokeBias", Time since last: 43723100 ns, Reaching safepoint: 264300 ns, At safepoint: 58800 ns, Total: 323100 ns
[2020-04-26T16:45:05.663+0000][1][safepoint    ] Safepoint "RevokeBias", Time since last: 1906700 ns, Reaching safepoint: 91200 ns, At safepoint: 38300 ns, Total: 129500 ns
[2020-04-26T16:45:05.664+0000][1][safepoint    ] Safepoint "RevokeBias", Time since last: 390500 ns, Reaching safepoint: 75000 ns, At safepoint: 35500 ns, Total: 110500 ns
[2020-04-26T16:45:05.669+0000][1][safepoint    ] Safepoint "RevokeBias", Time since last: 4991700 ns, Reaching safepoint: 122400 ns, At safepoint: 55200 ns, Total: 177600 ns
[2020-04-26T16:45:05.669+0000][1][safepoint    ] Safepoint "RevokeBias", Time since last: 194200 ns, Reaching safepoint: 86500 ns, At safepoint: 35100 ns, Total: 121600 ns
[2020-04-26T16:45:05.683+0000][1][safepoint    ] Safepoint "RevokeBias", Time since last: 13112300 ns, Reaching safepoint: 234400 ns, At safepoint: 51800 ns, Total: 286200 ns
[2020-04-26T16:45:05.713+0000][1][safepoint    ] Safepoint "RevokeBias", Time since last: 30327500 ns, Reaching safepoint: 118900 ns, At safepoint: 40400 ns, Total: 159300 ns
[2020-04-26T16:45:05.715+0000][1][safepoint    ] Safepoint "RevokeBias", Time since last: 1377600 ns, Reaching safepoint: 91200 ns, At safepoint: 38500 ns, Total: 129700 ns
[2020-04-26T16:45:05.715+0000][1][safepoint    ] Safepoint "RevokeBias", Time since last: 192600 ns, Reaching safepoint: 100700 ns, At safepoint: 46500 ns, Total: 147200 ns
[2020-04-26T16:45:05.715+0000][1][safepoint    ] Safepoint "RevokeBias", Time since last: 231600 ns, Reaching safepoint: 81700 ns, At safepoint: 30600 ns, Total: 112300 ns
[2020-04-26T16:45:05.716+0000][1][safepoint    ] Safepoint "RevokeBias", Time since last: 259500 ns, Reaching safepoint: 64600 ns, At safepoint: 66700 ns, Total: 131300 ns
[2020-04-26T16:45:05.716+0000][1][safepoint    ] Safepoint "RevokeBias", Time since last: 171700 ns, Reaching safepoint: 64500 ns, At safepoint: 30300 ns, Total: 94800 ns
[2020-04-26T16:45:05.716+0000][1][safepoint    ] Safepoint "RevokeBias", Time since last: 175200 ns, Reaching safepoint: 142100 ns, At safepoint: 59300 ns, Total: 201400 ns
[2020-04-26T16:45:05.717+0000][1][safepoint    ] Safepoint "RevokeBias", Time since last: 165600 ns, Reaching safepoint: 81900 ns, At safepoint: 35300 ns, Total: 117200 ns
[2020-04-26T16:45:05.717+0000][1][safepoint    ] Safepoint "RevokeBias", Time since last: 135500 ns, Reaching safepoint: 96500 ns, At safepoint: 33100 ns, Total: 129600 ns
[2020-04-26T16:45:05.717+0000][1][safepoint    ] Safepoint "RevokeBias", Time since last: 197800 ns, Reaching safepoint: 77400 ns, At safepoint: 34400 ns, Total: 111800 ns
[2020-04-26T16:45:05.718+0000][1][safepoint    ] Safepoint "RevokeBias", Time since last: 192300 ns, Reaching safepoint: 68500 ns, At safepoint: 35100 ns, Total: 103600 ns
[2020-04-26T16:45:05.718+0000][1][safepoint    ] Safepoint "RevokeBias", Time since last: 95300 ns, Reaching safepoint: 64500 ns, At safepoint: 30700 ns, Total: 95200 ns
[2020-04-26T16:45:05.718+0000][1][safepoint    ] Safepoint "RevokeBias", Time since last: 111100 ns, Reaching safepoint: 64300 ns, At safepoint: 34200 ns, Total: 98500 ns
[2020-04-26T16:45:05.718+0000][1][safepoint    ] Safepoint "RevokeBias", Time since last: 111000 ns, Reaching safepoint: 64300 ns, At safepoint: 50700 ns, Total: 115000 ns
[2020-04-26T16:45:05.718+0000][1][safepoint    ] Safepoint "RevokeBias", Time since last: 118200 ns, Reaching safepoint: 81300 ns, At safepoint: 30900 ns, Total: 112200 ns
[2020-04-26T16:45:05.719+0000][1][safepoint    ] Safepoint "RevokeBias", Time since last: 144500 ns, Reaching safepoint: 64200 ns, At safepoint: 33300 ns, Total: 97500 ns
[2020-04-26T16:45:05.719+0000][1][safepoint    ] Safepoint "RevokeBias", Time since last: 110300 ns, Reaching safepoint: 100600 ns, At safepoint: 30600 ns, Total: 131200 ns
[2020-04-26T16:45:05.719+0000][1][safepoint    ] Safepoint "RevokeBias", Time since last: 163300 ns, Reaching safepoint: 81000 ns, At safepoint: 30100 ns, Total: 111100 ns
[2020-04-26T16:45:05.719+0000][1][safepoint    ] Safepoint "RevokeBias", Time since last: 110800 ns, Reaching safepoint: 79200 ns, At safepoint: 30600 ns, Total: 109800 ns
[2020-04-26T16:45:05.720+0000][1][safepoint    ] Safepoint "RevokeBias", Time since last: 79100 ns, Reaching safepoint: 64100 ns, At safepoint: 30300 ns, Total: 94400 ns
[2020-04-26T16:45:05.720+0000][1][safepoint    ] Safepoint "RevokeBias", Time since last: 129500 ns, Reaching safepoint: 78500 ns, At safepoint: 29900 ns, Total: 108400 ns
[2020-04-26T16:45:05.720+0000][1][safepoint    ] Safepoint "BulkRevokeBias", Time since last: 101800 ns, Reaching safepoint: 64200 ns, At safepoint: 457300 ns, Total: 521500 ns
[2020-04-26T16:45:05.722+0000][1][safepoint    ] Safepoint "RevokeBias", Time since last: 1550300 ns, Reaching safepoint: 103000 ns, At safepoint: 77900 ns, Total: 180900 ns
[2020-04-26T16:45:05.747+0000][1][safepoint    ] Safepoint "RevokeBias", Time since last: 24875600 ns, Reaching safepoint: 157400 ns, At safepoint: 41800 ns, Total: 199200 ns
[2020-04-26T16:45:05.785+0000][1][safepoint    ] Safepoint "RevokeBias", Time since last: 37918700 ns, Reaching safepoint: 134200 ns, At safepoint: 58600 ns, Total: 192800 ns
[2020-04-26T16:45:05.797+0000][1][safepoint    ] Safepoint "BulkRevokeBias", Time since last: 11077500 ns, Reaching safepoint: 109300 ns, At safepoint: 527200 ns, Total: 636500 ns
[2020-04-26T16:45:05.798+0000][1][safepoint    ] Safepoint "RevokeBias", Time since last: 1172400 ns, Reaching safepoint: 183400 ns, At safepoint: 47700 ns, Total: 231100 ns
[2020-04-26T16:45:05.808+0000][1][safepoint    ] Safepoint "RevokeBias", Time since last: 9645400 ns, Reaching safepoint: 104100 ns, At safepoint: 45700 ns, Total: 149800 ns
[2020-04-26T16:45:05.819+0000][1][safepoint    ] Safepoint "RevokeBias", Time since last: 10310500 ns, Reaching safepoint: 125300 ns, At safepoint: 40700 ns, Total: 166000 ns
[2020-04-26T16:45:05.824+0000][1][safepoint    ] Safepoint "RevokeBias", Time since last: 5242100 ns, Reaching safepoint: 136000 ns, At safepoint: 55200 ns, Total: 191200 ns
[2020-04-26T16:45:05.825+0000][1][safepoint    ] Safepoint "RevokeBias", Time since last: 524300 ns, Reaching safepoint: 175200 ns, At safepoint: 44900 ns, Total: 220100 ns
[2020-04-26T16:45:05.825+0000][1][safepoint    ] Safepoint "RevokeBias", Time since last: 131700 ns, Reaching safepoint: 152200 ns, At safepoint: 43300 ns, Total: 195500 ns
[2020-04-26T16:45:06.722+0000][1][safepoint    ] Safepoint "RevokeBias", Time since last: 896911000 ns, Reaching safepoint: 150400 ns, At safepoint: 44500 ns, Total: 194900 ns
[2020-04-26T16:45:06.723+0000][1][safepoint    ] Safepoint "RevokeBias", Time since last: 138900 ns, Reaching safepoint: 92200 ns, At safepoint: 35300 ns, Total: 127500 ns
[2020-04-26T16:45:06.723+0000][1][safepoint    ] Safepoint "RevokeBias", Time since last: 137000 ns, Reaching safepoint: 69200 ns, At safepoint: 39000 ns, Total: 108200 ns
[2020-04-26T16:45:06.723+0000][1][safepoint    ] Safepoint "RevokeBias", Time since last: 126700 ns, Reaching safepoint: 69500 ns, At safepoint: 33500 ns, Total: 103000 ns
[2020-04-26T16:45:06.723+0000][1][safepoint    ] Safepoint "RevokeBias", Time since last: 204000 ns, Reaching safepoint: 69800 ns, At safepoint: 33900 ns, Total: 103700 ns
[2020-04-26T16:45:07.724+0000][1][safepoint    ] Safepoint "Cleanup", Time since last: 1000257300 ns, Reaching safepoint: 615100 ns, At safepoint: 198100 ns, Total: 813200 ns
[2020-04-26T16:45:08.725+0000][1][safepoint    ] Safepoint "Cleanup", Time since last: 1000301100 ns, Reaching safepoint: 219800 ns, At safepoint: 92100 ns, Total: 311900 ns
[2020-04-26T16:45:09.089+0000][1][safepoint    ] Safepoint "RevokeBias", Time since last: 363298300 ns, Reaching safepoint: 125900 ns, At safepoint: 38800 ns, Total: 164700 ns
[2020-04-26T16:45:09.089+0000][1][safepoint    ] Safepoint "RevokeBias", Time since last: 186500 ns, Reaching safepoint: 65700 ns, At safepoint: 31500 ns, Total: 97200 ns
[2020-04-26T16:45:10.090+0000][1][safepoint    ] Safepoint "Cleanup", Time since last: 1000308100 ns, Reaching safepoint: 288100 ns, At safepoint: 97700 ns, Total: 385800 ns
[2020-04-26T16:45:11.091+0000][1][safepoint    ] Safepoint "Cleanup", Time since last: 1000434300 ns, Reaching safepoint: 429000 ns, At safepoint: 143500 ns, Total: 572500 ns
[2020-04-26T16:45:12.092+0000][1][safepoint    ] Safepoint "Cleanup", Time since last: 1000701900 ns, Reaching safepoint: 436200 ns, At safepoint: 138000 ns, Total: 574200 ns
[2020-04-26T16:45:12.179+0000][1][safepoint    ] Safepoint "RevokeBias", Time since last: 86585900 ns, Reaching safepoint: 118000 ns, At safepoint: 37000 ns, Total: 155000 ns
[2020-04-26T16:45:12.180+0000][1][safepoint    ] Safepoint "RevokeBias", Time since last: 1811400 ns, Reaching safepoint: 95000 ns, At safepoint: 31800 ns, Total: 126800 ns
[2020-04-26T16:45:12.181+0000][1][safepoint    ] Safepoint "RevokeBias", Time since last: 184500 ns, Reaching safepoint: 72700 ns, At safepoint: 32900 ns, Total: 105600 ns
[2020-04-26T16:45:12.181+0000][1][safepoint    ] Safepoint "RevokeBias", Time since last: 273800 ns, Reaching safepoint: 82000 ns, At safepoint: 33100 ns, Total: 115100 ns
[2020-04-26T16:45:12.182+0000][1][safepoint    ] Safepoint "RevokeBias", Time since last: 318100 ns, Reaching safepoint: 68000 ns, At safepoint: 33200 ns, Total: 101200 ns
[2020-04-26T16:45:12.182+0000][1][safepoint    ] Safepoint "RevokeBias", Time since last: 170200 ns, Reaching safepoint: 68100 ns, At safepoint: 33800 ns, Total: 101900 ns
[2020-04-26T16:45:13.182+0000][1][safepoint    ] Safepoint "Cleanup", Time since last: 1000130300 ns, Reaching safepoint: 212700 ns, At safepoint: 50800 ns, Total: 263500 ns
[2020-04-26T16:45:14.183+0000][1][safepoint    ] Safepoint "Cleanup", Time since last: 1000364000 ns, Reaching safepoint: 511000 ns, At safepoint: 129900 ns, Total: 640900 ns
[2020-04-26T16:45:15.184+0000][1][safepoint    ] Safepoint "Cleanup", Time since last: 1000446100 ns, Reaching safepoint: 468400 ns, At safepoint: 134300 ns, Total: 602700 ns
[2020-04-26T16:45:16.186+0000][1][safepoint    ] Safepoint "Cleanup", Time since last: 1000566800 ns, Reaching safepoint: 503900 ns, At safepoint: 133300 ns, Total: 637200 ns
[2020-04-26T16:45:17.187+0000][1][safepoint    ] Safepoint "Cleanup", Time since last: 1000576800 ns, Reaching safepoint: 345700 ns, At safepoint: 109600 ns, Total: 455300 ns
[2020-04-26T16:45:18.187+0000][1][safepoint    ] Safepoint "Cleanup", Time since last: 1000277700 ns, Reaching safepoint: 137400 ns, At safepoint: 30900 ns, Total: 168300 ns
[2020-04-26T16:45:19.144+0000][1][safepoint    ] Safepoint "RevokeBias", Time since last: 956826200 ns, Reaching safepoint: 128100 ns, At safepoint: 80500 ns, Total: 208600 ns
[2020-04-26T16:45:19.145+0000][1][safepoint    ] Safepoint "BulkRevokeBias", Time since last: 137500 ns, Reaching safepoint: 86200 ns, At safepoint: 505300 ns, Total: 591500 ns
[2020-04-26T16:45:19.150+0000][1][safepoint    ] Safepoint "RevokeBias", Time since last: 5064700 ns, Reaching safepoint: 194400 ns, At safepoint: 72100 ns, Total: 266500 ns
[2020-04-26T16:45:19.151+0000][1][safepoint    ] Safepoint "RevokeBias", Time since last: 95700 ns, Reaching safepoint: 250600 ns, At safepoint: 78300 ns, Total: 328900 ns
[2020-04-26T16:45:19.151+0000][1][safepoint    ] Safepoint "RevokeBias", Time since last: 274100 ns, Reaching safepoint: 165500 ns, At safepoint: 77200 ns, Total: 242700 ns
[2020-04-26T16:45:20.152+0000][1][safepoint    ] Safepoint "Cleanup", Time since last: 1000421900 ns, Reaching safepoint: 150300 ns, At safepoint: 38900 ns, Total: 189200 ns
[2020-04-26T16:45:21.153+0000][1][safepoint    ] Safepoint "Cleanup", Time since last: 1000521500 ns, Reaching safepoint: 483500 ns, At safepoint: 136500 ns, Total: 620000 ns
[2020-04-26T16:45:22.154+0000][1][safepoint    ] Safepoint "Cleanup", Time since last: 1000391200 ns, Reaching safepoint: 421500 ns, At safepoint: 130900 ns, Total: 552400 ns
[2020-04-26T16:45:22.165+0000][1][safepoint    ] Safepoint "RevokeBias", Time since last: 10554700 ns, Reaching safepoint: 707600 ns, At safepoint: 329300 ns, Total: 1036900 ns
[2020-04-26T16:45:22.167+0000][1][safepoint    ] Safepoint "RevokeBias", Time since last: 616700 ns, Reaching safepoint: 613100 ns, At safepoint: 306700 ns, Total: 919800 ns
[2020-04-26T16:45:23.168+0000][1][safepoint    ] Safepoint "Cleanup", Time since last: 1000482500 ns, Reaching safepoint: 457700 ns, At safepoint: 138200 ns, Total: 595900 ns
[2020-04-26T16:45:24.168+0000][1][safepoint    ] Safepoint "Cleanup", Time since last: 1000290300 ns, Reaching safepoint: 147000 ns, At safepoint: 33600 ns, Total: 180600 ns
[2020-04-26T16:45:25.170+0000][1][safepoint    ] Safepoint "Cleanup", Time since last: 1000549800 ns, Reaching safepoint: 436200 ns, At safepoint: 138600 ns, Total: 574800 ns
[2020-04-26T16:45:26.171+0000][1][safepoint    ] Safepoint "Cleanup", Time since last: 1000494700 ns, Reaching safepoint: 437100 ns, At safepoint: 140400 ns, Total: 577500 ns
[2020-04-26T16:45:27.171+0000][1][safepoint    ] Safepoint "Cleanup", Time since last: 1000209100 ns, Reaching safepoint: 135900 ns, At safepoint: 29200 ns, Total: 165100 ns
[2020-04-26T16:45:28.172+0000][1][safepoint    ] Safepoint "Cleanup", Time since last: 1000272900 ns, Reaching safepoint: 265500 ns, At safepoint: 40500 ns, Total: 306000 ns
[2020-04-26T16:45:29.172+0000][1][safepoint    ] Safepoint "Cleanup", Time since last: 1000309000 ns, Reaching safepoint: 144000 ns, At safepoint: 31100 ns, Total: 175100 ns
[2020-04-26T16:45:30.173+0000][1][safepoint    ] Safepoint "Cleanup", Time since last: 1000314700 ns, Reaching safepoint: 360000 ns, At safepoint: 105300 ns, Total: 465300 ns
[2020-04-26T16:45:31.174+0000][1][safepoint    ] Safepoint "Cleanup", Time since last: 1000569500 ns, Reaching safepoint: 132900 ns, At safepoint: 37000 ns, Total: 169900 ns
[2020-04-26T16:45:32.174+0000][1][safepoint    ] Safepoint "Cleanup", Time since last: 1000162200 ns, Reaching safepoint: 139900 ns, At safepoint: 34900 ns, Total: 174800 ns
[2020-04-26T16:45:33.140+0000][1][safepoint    ] Safepoint "RevokeBias", Time since last: 965284100 ns, Reaching safepoint: 226700 ns, At safepoint: 104200 ns, Total: 330900 ns
[2020-04-26T16:45:34.140+0000][1][safepoint    ] Safepoint "Cleanup", Time since last: 1000336600 ns, Reaching safepoint: 130900 ns, At safepoint: 31800 ns, Total: 162700 ns
[2020-04-26T16:45:35.141+0000][1][safepoint    ] Safepoint "Cleanup", Time since last: 1000553400 ns, Reaching safepoint: 435500 ns, At safepoint: 138500 ns, Total: 574000 ns
[2020-04-26T16:45:35.723+0000][1][safepoint    ] Safepoint "RevokeBias", Time since last: 581575500 ns, Reaching safepoint: 454000 ns, At safepoint: 181600 ns, Total: 635600 ns
[2020-04-26T16:45:35.725+0000][1][safepoint    ] Safepoint "RevokeBias", Time since last: 812100 ns, Reaching safepoint: 625700 ns, At safepoint: 367800 ns, Total: 993500 ns
[2020-04-26T16:45:35.729+0000][1][safepoint    ] Safepoint "RevokeBias", Time since last: 2169000 ns, Reaching safepoint: 755700 ns, At safepoint: 447300 ns, Total: 1203000 ns
[2020-04-26T16:45:36.729+0000][1][safepoint    ] Safepoint "Cleanup", Time since last: 1000334400 ns, Reaching safepoint: 494700 ns, At safepoint: 98300 ns, Total: 593000 ns
[2020-04-26T16:45:37.730+0000][1][safepoint    ] Safepoint "Cleanup", Time since last: 1000191200 ns, Reaching safepoint: 122900 ns, At safepoint: 28600 ns, Total: 151500 ns
[2020-04-26T16:45:38.731+0000][1][safepoint    ] Safepoint "Cleanup", Time since last: 1000211100 ns, Reaching safepoint: 441900 ns, At safepoint: 81900 ns, Total: 523800 ns
[2020-04-26T16:45:39.731+0000][1][safepoint    ] Safepoint "Cleanup", Time since last: 1000205800 ns, Reaching safepoint: 156400 ns, At safepoint: 36700 ns, Total: 193100 ns
[2020-04-26T16:45:40.732+0000][1][safepoint    ] Safepoint "Cleanup", Time since last: 1000303500 ns, Reaching safepoint: 507700 ns, At safepoint: 130200 ns, Total: 637900 ns
[2020-04-26T16:45:41.733+0000][1][safepoint    ] Safepoint "Cleanup", Time since last: 1000344700 ns, Reaching safepoint: 496500 ns, At safepoint: 135600 ns, Total: 632100 ns
[2020-04-26T16:45:42.733+0000][1][safepoint    ] Safepoint "Cleanup", Time since last: 1000246200 ns, Reaching safepoint: 129800 ns, At safepoint: 32000 ns, Total: 161800 ns
[2020-04-26T16:45:42.863+0000][1][safepoint    ] Safepoint "RevokeBias", Time since last: 130049800 ns, Reaching safepoint: 135500 ns, At safepoint: 42500 ns, Total: 178000 ns
[2020-04-26T16:45:42.864+0000][1][safepoint    ] Safepoint "RevokeBias", Time since last: 724600 ns, Reaching safepoint: 104300 ns, At safepoint: 51000 ns, Total: 155300 ns
[2020-04-26T16:45:42.873+0000][1][safepoint    ] Safepoint "RevokeBias", Time since last: 8865400 ns, Reaching safepoint: 140400 ns, At safepoint: 52900 ns, Total: 193300 ns
[2020-04-26T16:45:42.874+0000][1][safepoint    ] Safepoint "RevokeBias", Time since last: 167500 ns, Reaching safepoint: 84500 ns, At safepoint: 33700 ns, Total: 118200 ns
[2020-04-26T16:45:42.874+0000][1][safepoint    ] Safepoint "RevokeBias", Time since last: 309800 ns, Reaching safepoint: 77000 ns, At safepoint: 33700 ns, Total: 110700 ns
[2020-04-26T16:45:42.903+0000][1][safepoint    ] Safepoint "RevokeBias", Time since last: 28816700 ns, Reaching safepoint: 131900 ns, At safepoint: 39100 ns, Total: 171000 ns
[2020-04-26T16:45:42.903+0000][1][safepoint    ] Safepoint "RevokeBias", Time since last: 175000 ns, Reaching safepoint: 82900 ns, At safepoint: 32700 ns, Total: 115600 ns
[2020-04-26T16:45:42.904+0000][1][safepoint    ] Safepoint "RevokeBias", Time since last: 164200 ns, Reaching safepoint: 69400 ns, At safepoint: 30700 ns, Total: 100100 ns
[2020-04-26T16:45:42.904+0000][1][safepoint    ] Safepoint "RevokeBias", Time since last: 156900 ns, Reaching safepoint: 67800 ns, At safepoint: 29100 ns, Total: 96900 ns
[2020-04-26T16:45:42.904+0000][1][safepoint    ] Safepoint "RevokeBias", Time since last: 172600 ns, Reaching safepoint: 82500 ns, At safepoint: 29900 ns, Total: 112400 ns
[2020-04-26T16:45:42.904+0000][1][safepoint    ] Safepoint "RevokeBias", Time since last: 165200 ns, Reaching safepoint: 66000 ns, At safepoint: 28700 ns, Total: 94700 ns
[2020-04-26T16:45:42.905+0000][1][safepoint    ] Safepoint "RevokeBias", Time since last: 146900 ns, Reaching safepoint: 65900 ns, At safepoint: 28300 ns, Total: 94200 ns
[2020-04-26T16:45:42.905+0000][1][safepoint    ] Safepoint "RevokeBias", Time since last: 246100 ns, Reaching safepoint: 68100 ns, At safepoint: 48600 ns, Total: 116700 ns
[2020-04-26T16:45:42.905+0000][1][safepoint    ] Safepoint "RevokeBias", Time since last: 130200 ns, Reaching safepoint: 66000 ns, At safepoint: 27900 ns, Total: 93900 ns
[2020-04-26T16:45:42.906+0000][1][safepoint    ] Safepoint "RevokeBias", Time since last: 134900 ns, Reaching safepoint: 67500 ns, At safepoint: 28300 ns, Total: 95800 ns
[2020-04-26T16:45:42.906+0000][1][safepoint    ] Safepoint "RevokeBias", Time since last: 161500 ns, Reaching safepoint: 65800 ns, At safepoint: 28100 ns, Total: 93900 ns
[2020-04-26T16:45:42.906+0000][1][safepoint    ] Safepoint "RevokeBias", Time since last: 162500 ns, Reaching safepoint: 65700 ns, At safepoint: 48400 ns, Total: 114100 ns
[2020-04-26T16:45:42.906+0000][1][safepoint    ] Safepoint "RevokeBias", Time since last: 136500 ns, Reaching safepoint: 66000 ns, At safepoint: 27900 ns, Total: 93900 ns
[2020-04-26T16:45:42.908+0000][1][safepoint    ] Safepoint "RevokeBias", Time since last: 1639500 ns, Reaching safepoint: 69900 ns, At safepoint: 29200 ns, Total: 99100 ns
[2020-04-26T16:45:42.908+0000][1][safepoint    ] Safepoint "RevokeBias", Time since last: 170500 ns, Reaching safepoint: 67900 ns, At safepoint: 28100 ns, Total: 96000 ns
[2020-04-26T16:45:42.909+0000][1][safepoint    ] Safepoint "RevokeBias", Time since last: 159400 ns, Reaching safepoint: 66900 ns, At safepoint: 27600 ns, Total: 94500 ns
[2020-04-26T16:45:42.909+0000][1][safepoint    ] Safepoint "RevokeBias", Time since last: 153200 ns, Reaching safepoint: 78600 ns, At safepoint: 30500 ns, Total: 109100 ns
[2020-04-26T16:45:42.909+0000][1][safepoint    ] Safepoint "RevokeBias", Time since last: 167900 ns, Reaching safepoint: 65900 ns, At safepoint: 49900 ns, Total: 115800 ns
[2020-04-26T16:45:42.909+0000][1][safepoint    ] Safepoint "RevokeBias", Time since last: 121900 ns, Reaching safepoint: 151900 ns, At safepoint: 43200 ns, Total: 195100 ns
[2020-04-26T16:45:42.910+0000][1][safepoint    ] Safepoint "RevokeBias", Time since last: 221300 ns, Reaching safepoint: 70300 ns, At safepoint: 33000 ns, Total: 103300 ns
[2020-04-26T16:45:42.910+0000][1][safepoint    ] Safepoint "RevokeBias", Time since last: 265000 ns, Reaching safepoint: 69600 ns, At safepoint: 56700 ns, Total: 126300 ns
[2020-04-26T16:45:42.910+0000][1][safepoint    ] Safepoint "RevokeBias", Time since last: 182100 ns, Reaching safepoint: 68600 ns, At safepoint: 32900 ns, Total: 101500 ns
[2020-04-26T16:45:42.911+0000][1][safepoint    ] Safepoint "RevokeBias", Time since last: 173100 ns, Reaching safepoint: 87700 ns, At safepoint: 34500 ns, Total: 122200 ns
[2020-04-26T16:45:42.911+0000][1][safepoint    ] Safepoint "RevokeBias", Time since last: 160800 ns, Reaching safepoint: 72000 ns, At safepoint: 36400 ns, Total: 108400 ns
[2020-04-26T16:45:42.911+0000][1][safepoint    ] Safepoint "RevokeBias", Time since last: 172500 ns, Reaching safepoint: 72600 ns, At safepoint: 34300 ns, Total: 106900 ns
[2020-04-26T16:45:42.912+0000][1][safepoint    ] Safepoint "RevokeBias", Time since last: 151500 ns, Reaching safepoint: 72300 ns, At safepoint: 34800 ns, Total: 107100 ns
[2020-04-26T16:45:43.913+0000][1][safepoint    ] Safepoint "Cleanup", Time since last: 1001261300 ns, Reaching safepoint: 361200 ns, At safepoint: 125300 ns, Total: 486500 ns
[2020-04-26T16:45:44.914+0000][1][safepoint    ] Safepoint "Cleanup", Time since last: 1000318500 ns, Reaching safepoint: 249000 ns, At safepoint: 48400 ns, Total: 297400 ns
[2020-04-26T16:45:45.914+0000][1][safepoint    ] Safepoint "Cleanup", Time since last: 1000198000 ns, Reaching safepoint: 265200 ns, At safepoint: 38200 ns, Total: 303400 ns
[2020-04-26T16:45:46.915+0000][1][safepoint    ] Safepoint "Cleanup", Time since last: 1000361500 ns, Reaching safepoint: 217200 ns, At safepoint: 60800 ns, Total: 278000 ns
[2020-04-26T16:45:47.915+0000][1][safepoint    ] Safepoint "Cleanup", Time since last: 1000180900 ns, Reaching safepoint: 129500 ns, At safepoint: 33000 ns, Total: 162500 ns
[2020-04-26T16:45:48.916+0000][1][safepoint    ] Safepoint "Cleanup", Time since last: 1000307600 ns, Reaching safepoint: 310300 ns, At safepoint: 100300 ns, Total: 410600 ns
[2020-04-26T16:45:49.916+0000][1][safepoint    ] Safepoint "Cleanup", Time since last: 1000215500 ns, Reaching safepoint: 128200 ns, At safepoint: 30500 ns, Total: 158700 ns
[2020-04-26T16:45:50.917+0000][1][safepoint    ] Safepoint "Cleanup", Time since last: 1000204400 ns, Reaching safepoint: 257200 ns, At safepoint: 70600 ns, Total: 327800 ns
[2020-04-26T16:45:51.918+0000][1][safepoint    ] Safepoint "Cleanup", Time since last: 1000278000 ns, Reaching safepoint: 273200 ns, At safepoint: 79800 ns, Total: 353000 ns
[2020-04-26T16:45:52.918+0000][1][safepoint    ] Safepoint "Cleanup", Time since last: 1000239200 ns, Reaching safepoint: 197600 ns, At safepoint: 54100 ns, Total: 251700 ns
[2020-04-26T16:45:53.919+0000][1][safepoint    ] Safepoint "Cleanup", Time since last: 1000273600 ns, Reaching safepoint: 127800 ns, At safepoint: 29000 ns, Total: 156800 ns
[2020-04-26T16:45:54.919+0000][1][safepoint    ] Safepoint "Cleanup", Time since last: 1000135200 ns, Reaching safepoint: 122100 ns, At safepoint: 28700 ns, Total: 150800 ns
[2020-04-26T16:45:55.920+0000][1][safepoint    ] Safepoint "Cleanup", Time since last: 1000319300 ns, Reaching safepoint: 426000 ns, At safepoint: 130600 ns, Total: 556600 ns
[2020-04-26T16:45:56.921+0000][1][safepoint    ] Safepoint "Cleanup", Time since last: 1000623700 ns, Reaching safepoint: 385200 ns, At safepoint: 123300 ns, Total: 508500 ns
[2020-04-26T16:45:57.921+0000][1][safepoint    ] Safepoint "Cleanup", Time since last: 1000186600 ns, Reaching safepoint: 245700 ns, At safepoint: 32100 ns, Total: 277800 ns
[2020-04-26T16:45:58.922+0000][1][safepoint    ] Safepoint "Cleanup", Time since last: 1000263800 ns, Reaching safepoint: 268400 ns, At safepoint: 73900 ns, Total: 342300 ns
[2020-04-26T16:45:59.923+0000][1][safepoint    ] Safepoint "Cleanup", Time since last: 1000390500 ns, Reaching safepoint: 459100 ns, At safepoint: 134000 ns, Total: 593100 ns
[2020-04-26T16:46:00.923+0000][1][safepoint    ] Safepoint "Cleanup", Time since last: 1000220000 ns, Reaching safepoint: 126200 ns, At safepoint: 28600 ns, Total: 154800 ns
[2020-04-26T16:46:01.924+0000][1][safepoint    ] Safepoint "Cleanup", Time since last: 1000335800 ns, Reaching safepoint: 492900 ns, At safepoint: 130200 ns, Total: 623100 ns
[2020-04-26T16:46:02.925+0000][1][safepoint    ] Safepoint "Cleanup", Time since last: 1000607500 ns, Reaching safepoint: 126400 ns, At safepoint: 31500 ns, Total: 157900 ns
[2020-04-26T16:46:03.926+0000][1][safepoint    ] Safepoint "Cleanup", Time since last: 1000579900 ns, Reaching safepoint: 418100 ns, At safepoint: 144400 ns, Total: 562500 ns
[2020-04-26T16:46:04.927+0000][1][safepoint    ] Safepoint "Cleanup", Time since last: 1000333500 ns, Reaching safepoint: 362000 ns, At safepoint: 119700 ns, Total: 481700 ns
[2020-04-26T16:46:05.927+0000][1][safepoint    ] Safepoint "Cleanup", Time since last: 1000227200 ns, Reaching safepoint: 136700 ns, At safepoint: 32500 ns, Total: 169200 ns
[2020-04-26T16:46:06.928+0000][1][safepoint    ] Safepoint "Cleanup", Time since last: 1000333900 ns, Reaching safepoint: 508400 ns, At safepoint: 131000 ns, Total: 639400 ns
[2020-04-26T16:46:07.929+0000][1][safepoint    ] Safepoint "Cleanup", Time since last: 1000318400 ns, Reaching safepoint: 427400 ns, At safepoint: 177200 ns, Total: 604600 ns
[2020-04-26T16:46:08.930+0000][1][safepoint    ] Safepoint "Cleanup", Time since last: 1000307500 ns, Reaching safepoint: 363800 ns, At safepoint: 93500 ns, Total: 457300 ns
[2020-04-26T16:46:09.931+0000][1][safepoint    ] Safepoint "Cleanup", Time since last: 1000371700 ns, Reaching safepoint: 591500 ns, At safepoint: 133700 ns, Total: 725200 ns
[2020-04-26T16:46:10.932+0000][1][safepoint    ] Safepoint "Cleanup", Time since last: 1000694700 ns, Reaching safepoint: 164200 ns, At safepoint: 36600 ns, Total: 200800 ns
[2020-04-26T16:46:11.933+0000][1][safepoint    ] Safepoint "Cleanup", Time since last: 1000397300 ns, Reaching safepoint: 633400 ns, At safepoint: 147600 ns, Total: 781000 ns
[2020-04-26T16:46:12.934+0000][1][safepoint    ] Safepoint "Cleanup", Time since last: 1000489800 ns, Reaching safepoint: 417000 ns, At safepoint: 132600 ns, Total: 549600 ns
[2020-04-26T16:46:13.935+0000][1][safepoint    ] Safepoint "Cleanup", Time since last: 1000245800 ns, Reaching safepoint: 128200 ns, At safepoint: 32100 ns, Total: 160300 ns
[2020-04-26T16:46:14.936+0000][1][safepoint    ] Safepoint "Cleanup", Time since last: 1000665200 ns, Reaching safepoint: 442900 ns, At safepoint: 138400 ns, Total: 581300 ns
[2020-04-26T16:46:15.936+0000][1][safepoint    ] Safepoint "Cleanup", Time since last: 1000202100 ns, Reaching safepoint: 126900 ns, At safepoint: 32800 ns, Total: 159700 ns
[2020-04-26T16:46:16.937+0000][1][safepoint    ] Safepoint "Cleanup", Time since last: 1000287000 ns, Reaching safepoint: 413000 ns, At safepoint: 142900 ns, Total: 555900 ns
[2020-04-26T16:46:17.938+0000][1][safepoint    ] Safepoint "Cleanup", Time since last: 1000712700 ns, Reaching safepoint: 418500 ns, At safepoint: 133500 ns, Total: 552000 ns
[2020-04-26T16:46:18.939+0000][1][safepoint    ] Safepoint "Cleanup", Time since last: 1000360500 ns, Reaching safepoint: 421400 ns, At safepoint: 145200 ns, Total: 566600 ns
[2020-04-26T16:46:19.940+0000][1][safepoint    ] Safepoint "Cleanup", Time since last: 1000407300 ns, Reaching safepoint: 416000 ns, At safepoint: 182000 ns, Total: 598000 ns
[2020-04-26T16:46:20.941+0000][1][safepoint    ] Safepoint "Cleanup", Time since last: 1000373200 ns, Reaching safepoint: 189200 ns, At safepoint: 28700 ns, Total: 217900 ns
[2020-04-26T16:46:21.133+0000][1][safepoint    ] Safepoint "RevokeBias", Time since last: 191759400 ns, Reaching safepoint: 130100 ns, At safepoint: 73800 ns, Total: 203900 ns
[2020-04-26T16:46:21.133+0000][1][safepoint    ] Safepoint "RevokeBias", Time since last: 42800 ns, Reaching safepoint: 78400 ns, At safepoint: 57000 ns, Total: 135400 ns
[2020-04-26T16:46:21.134+0000][1][safepoint    ] Safepoint "RevokeBias", Time since last: 294300 ns, Reaching safepoint: 180200 ns, At safepoint: 58800 ns, Total: 239000 ns
[2020-04-26T16:46:21.140+0000][1][safepoint    ] Safepoint "RevokeBias", Time since last: 5806200 ns, Reaching safepoint: 233300 ns, At safepoint: 51700 ns, Total: 285000 ns
[2020-04-26T16:46:21.140+0000][1][safepoint    ] Safepoint "RevokeBias", Time since last: 119700 ns, Reaching safepoint: 169800 ns, At safepoint: 43500 ns, Total: 213300 ns
[2020-04-26T16:46:22.141+0000][1][safepoint    ] Safepoint "Cleanup", Time since last: 1001236200 ns, Reaching safepoint: 143000 ns, At safepoint: 44300 ns, Total: 187300 ns
[2020-04-26T16:46:23.142+0000][1][safepoint    ] Safepoint "Cleanup", Time since last: 1000161600 ns, Reaching safepoint: 279600 ns, At safepoint: 105200 ns, Total: 384800 ns
[2020-04-26T16:46:24.143+0000][1][safepoint    ] Safepoint "Cleanup", Time since last: 1000338700 ns, Reaching safepoint: 476900 ns, At safepoint: 183700 ns, Total: 660600 ns
[2020-04-26T16:46:25.143+0000][1][safepoint    ] Safepoint "Cleanup", Time since last: 1000230900 ns, Reaching safepoint: 237300 ns, At safepoint: 37400 ns, Total: 274700 ns
[2020-04-26T16:46:26.144+0000][1][safepoint    ] Safepoint "Cleanup", Time since last: 1000344000 ns, Reaching safepoint: 181000 ns, At safepoint: 34100 ns, Total: 215100 ns
[2020-04-26T16:46:27.145+0000][1][safepoint    ] Safepoint "Cleanup", Time since last: 1000493900 ns, Reaching safepoint: 497800 ns, At safepoint: 134100 ns, Total: 631900 ns
[2020-04-26T16:46:28.146+0000][1][safepoint    ] Safepoint "Cleanup", Time since last: 1000390000 ns, Reaching safepoint: 422900 ns, At safepoint: 182600 ns, Total: 605500 ns
[2020-04-26T16:46:29.146+0000][1][safepoint    ] Safepoint "Cleanup", Time since last: 1000207800 ns, Reaching safepoint: 139100 ns, At safepoint: 28500 ns, Total: 167600 ns
[2020-04-26T16:46:30.148+0000][1][safepoint    ] Safepoint "Cleanup", Time since last: 1000507000 ns, Reaching safepoint: 419800 ns, At safepoint: 134100 ns, Total: 553900 ns
[2020-04-26T16:46:31.149+0000][1][safepoint    ] Safepoint "Cleanup", Time since last: 1000570000 ns, Reaching safepoint: 418700 ns, At safepoint: 132600 ns, Total: 551300 ns
[2020-04-26T16:46:32.149+0000][1][safepoint    ] Safepoint "Cleanup", Time since last: 1000173500 ns, Reaching safepoint: 138100 ns, At safepoint: 36300 ns, Total: 174400 ns
[2020-04-26T16:46:33.150+0000][1][safepoint    ] Safepoint "Cleanup", Time since last: 1000571600 ns, Reaching safepoint: 201200 ns, At safepoint: 103200 ns, Total: 304400 ns
[2020-04-26T16:46:34.151+0000][1][safepoint    ] Safepoint "Cleanup", Time since last: 1000386900 ns, Reaching safepoint: 565900 ns, At safepoint: 154200 ns, Total: 720100 ns
[2020-04-26T16:46:35.152+0000][1][safepoint    ] Safepoint "Cleanup", Time since last: 1000573500 ns, Reaching safepoint: 140300 ns, At safepoint: 36100 ns, Total: 176400 ns
[2020-04-26T16:46:36.153+0000][1][safepoint    ] Safepoint "Cleanup", Time since last: 1000378500 ns, Reaching safepoint: 489100 ns, At safepoint: 136600 ns, Total: 625700 ns
[2020-04-26T16:46:37.092+0000][1][gc,start     ] GC(32) Pause Young (Allocation Failure)
[2020-04-26T16:46:37.092+0000][1][gc,task      ] GC(32) Using 10 workers of 10 for evacuation
[2020-04-26T16:46:37.100+0000][1][gc,age       ] GC(32) Desired survivor size 8945664 bytes, new threshold 6 (max threshold 6)
[2020-04-26T16:46:37.100+0000][1][gc,age       ] GC(32) Age table with threshold 6 (max threshold 6)
[2020-04-26T16:46:37.100+0000][1][gc,age       ] GC(32) - age   1:    1046136 bytes,    1046136 total
[2020-04-26T16:46:37.100+0000][1][gc,age       ] GC(32) - age   2:     143904 bytes,    1190040 total
[2020-04-26T16:46:37.100+0000][1][gc,age       ] GC(32) - age   3:     244280 bytes,    1434320 total
[2020-04-26T16:46:37.100+0000][1][gc,age       ] GC(32) - age   4:     354952 bytes,    1789272 total
[2020-04-26T16:46:37.100+0000][1][gc,age       ] GC(32) - age   5:     432696 bytes,    2221968 total
[2020-04-26T16:46:37.100+0000][1][gc,age       ] GC(32) - age   6:     363040 bytes,    2585008 total
[2020-04-26T16:46:37.100+0000][1][gc,heap      ] GC(32) ParNew: 142619K->3627K(157248K)
[2020-04-26T16:46:37.100+0000][1][gc,heap      ] GC(32) CMS: 77473K->77969K(349568K)
[2020-04-26T16:46:37.100+0000][1][gc,metaspace ] GC(32) Metaspace: 96437K->96437K(1138688K)
[2020-04-26T16:46:37.100+0000][1][gc           ] GC(32) Pause Young (Allocation Failure) 214M->79M(494M) 8.669ms
[2020-04-26T16:46:37.101+0000][1][gc,cpu       ] GC(32) User=0.03s Sys=0.01s Real=0.01s
[2020-04-26T16:46:37.101+0000][1][safepoint    ] Safepoint "GenCollectForAllocation", Time since last: 938750100 ns, Reaching safepoint: 256100 ns, At safepoint: 8867900 ns, Total: 9124000 ns
[2020-04-26T16:46:38.102+0000][1][safepoint    ] Safepoint "Cleanup", Time since last: 1000733000 ns, Reaching safepoint: 433900 ns, At safepoint: 136900 ns, Total: 570800 ns
[2020-04-26T16:46:39.102+0000][1][safepoint    ] Safepoint "Cleanup", Time since last: 1000315300 ns, Reaching safepoint: 131900 ns, At safepoint: 32200 ns, Total: 164100 ns
[2020-04-26T16:46:40.104+0000][1][safepoint    ] Safepoint "Cleanup", Time since last: 1000619200 ns, Reaching safepoint: 415800 ns, At safepoint: 127000 ns, Total: 542800 ns
[2020-04-26T16:46:41.104+0000][1][safepoint    ] Safepoint "Cleanup", Time since last: 1000447200 ns, Reaching safepoint: 260600 ns, At safepoint: 36600 ns, Total: 297200 ns
[2020-04-26T16:46:42.106+0000][1][safepoint    ] Safepoint "Cleanup", Time since last: 1000606700 ns, Reaching safepoint: 453800 ns, At safepoint: 144400 ns, Total: 598200 ns
[2020-04-26T16:46:43.107+0000][1][safepoint    ] Safepoint "Cleanup", Time since last: 1000477400 ns, Reaching safepoint: 441700 ns, At safepoint: 134800 ns, Total: 576500 ns
[2020-04-26T16:46:44.108+0000][1][safepoint    ] Safepoint "Cleanup", Time since last: 1000361100 ns, Reaching safepoint: 438900 ns, At safepoint: 136000 ns, Total: 574900 ns
[2020-04-26T16:46:45.109+0000][1][safepoint    ] Safepoint "Cleanup", Time since last: 1000605400 ns, Reaching safepoint: 411200 ns, At safepoint: 126800 ns, Total: 538000 ns
[2020-04-26T16:46:46.109+0000][1][safepoint    ] Safepoint "Cleanup", Time since last: 1000290300 ns, Reaching safepoint: 258800 ns, At safepoint: 73400 ns, Total: 332200 ns
[2020-04-26T16:46:47.110+0000][1][safepoint    ] Safepoint "Cleanup", Time since last: 1000411800 ns, Reaching safepoint: 439100 ns, At safepoint: 187000 ns, Total: 626100 ns
[2020-04-26T16:46:48.111+0000][1][safepoint    ] Safepoint "Cleanup", Time since last: 1000813400 ns, Reaching safepoint: 136000 ns, At safepoint: 35800 ns, Total: 171800 ns
[2020-04-26T16:46:49.112+0000][1][safepoint    ] Safepoint "Cleanup", Time since last: 1000202200 ns, Reaching safepoint: 162800 ns, At safepoint: 34100 ns, Total: 196900 ns
[2020-04-26T16:46:50.113+0000][1][safepoint    ] Safepoint "Cleanup", Time since last: 1000673400 ns, Reaching safepoint: 432000 ns, At safepoint: 128400 ns, Total: 560400 ns
[2020-04-26T16:46:51.113+0000][1][safepoint    ] Safepoint "Cleanup", Time since last: 1000211600 ns, Reaching safepoint: 190100 ns, At safepoint: 50300 ns, Total: 240400 ns
[2020-04-26T16:46:52.114+0000][1][safepoint    ] Safepoint "Cleanup", Time since last: 1000486700 ns, Reaching safepoint: 150600 ns, At safepoint: 40200 ns, Total: 190800 ns
[2020-04-26T16:46:53.945+0000][1][safepoint    ] Safepoint "Cleanup", Time since last: 1830539400 ns, Reaching safepoint: 436200 ns, At safepoint: 137600 ns, Total: 573800 ns
[2020-04-26T16:46:54.947+0000][1][safepoint    ] Safepoint "Cleanup", Time since last: 1000894300 ns, Reaching safepoint: 434800 ns, At safepoint: 142800 ns, Total: 577600 ns
[2020-04-26T16:46:55.947+0000][1][safepoint    ] Safepoint "Cleanup", Time since last: 1000634400 ns, Reaching safepoint: 128500 ns, At safepoint: 31100 ns, Total: 159600 ns
[2020-04-26T16:46:56.949+0000][1][safepoint    ] Safepoint "Cleanup", Time since last: 1000566500 ns, Reaching safepoint: 428000 ns, At safepoint: 115800 ns, Total: 543800 ns
[2020-04-26T16:46:57.950+0000][1][safepoint    ] Safepoint "Cleanup", Time since last: 1000429300 ns, Reaching safepoint: 402700 ns, At safepoint: 128800 ns, Total: 531500 ns
[2020-04-26T16:46:58.951+0000][1][safepoint    ] Safepoint "Cleanup", Time since last: 1000385300 ns, Reaching safepoint: 454400 ns, At safepoint: 138200 ns, Total: 592600 ns
[2020-04-26T16:46:59.951+0000][1][safepoint    ] Safepoint "Cleanup", Time since last: 1000237400 ns, Reaching safepoint: 161500 ns, At safepoint: 41800 ns, Total: 203300 ns
[2020-04-26T16:47:00.952+0000][1][safepoint    ] Safepoint "Cleanup", Time since last: 1000600300 ns, Reaching safepoint: 126500 ns, At safepoint: 32500 ns, Total: 159000 ns
[2020-04-26T16:47:01.952+0000][1][safepoint    ] Safepoint "Cleanup", Time since last: 1000160500 ns, Reaching safepoint: 128900 ns, At safepoint: 30000 ns, Total: 158900 ns
[2020-04-26T16:47:02.953+0000][1][safepoint    ] Safepoint "Cleanup", Time since last: 1000650500 ns, Reaching safepoint: 441900 ns, At safepoint: 148400 ns, Total: 590300 ns
[2020-04-26T16:47:03.954+0000][1][safepoint    ] Safepoint "Cleanup", Time since last: 1000546400 ns, Reaching safepoint: 499000 ns, At safepoint: 133200 ns, Total: 632200 ns
[2020-04-26T16:47:04.955+0000][1][safepoint    ] Safepoint "Cleanup", Time since last: 1000348600 ns, Reaching safepoint: 504500 ns, At safepoint: 196400 ns, Total: 700900 ns
[2020-04-26T16:47:05.956+0000][1][safepoint    ] Safepoint "Cleanup", Time since last: 1000460000 ns, Reaching safepoint: 133800 ns, At safepoint: 32600 ns, Total: 166400 ns
[2020-04-26T16:47:06.957+0000][1][safepoint    ] Safepoint "Cleanup", Time since last: 1000452900 ns, Reaching safepoint: 435100 ns, At safepoint: 137900 ns, Total: 573000 ns
[2020-04-26T16:47:07.958+0000][1][safepoint    ] Safepoint "Cleanup", Time since last: 1000676000 ns, Reaching safepoint: 265600 ns, At safepoint: 80300 ns, Total: 345900 ns
[2020-04-26T16:47:08.959+0000][1][safepoint    ] Safepoint "Cleanup", Time since last: 1000633900 ns, Reaching safepoint: 435500 ns, At safepoint: 143100 ns, Total: 578600 ns
[2020-04-26T16:47:09.961+0000][1][safepoint    ] Safepoint "Cleanup", Time since last: 1000757500 ns, Reaching safepoint: 422100 ns, At safepoint: 138600 ns, Total: 560700 ns
[2020-04-26T16:47:10.962+0000][1][safepoint    ] Safepoint "Cleanup", Time since last: 1000531800 ns, Reaching safepoint: 348300 ns, At safepoint: 110200 ns, Total: 458500 ns
[2020-04-26T16:47:11.963+0000][1][safepoint    ] Safepoint "Cleanup", Time since last: 1000614700 ns, Reaching safepoint: 622700 ns, At safepoint: 146400 ns, Total: 769100 ns
[2020-04-26T16:47:12.964+0000][1][safepoint    ] Safepoint "Cleanup", Time since last: 1000283600 ns, Reaching safepoint: 159100 ns, At safepoint: 43000 ns, Total: 202100 ns
[2020-04-26T16:47:13.964+0000][1][safepoint    ] Safepoint "Cleanup", Time since last: 1000510000 ns, Reaching safepoint: 127700 ns, At safepoint: 32300 ns, Total: 160000 ns
[2020-04-26T16:47:14.965+0000][1][safepoint    ] Safepoint "Cleanup", Time since last: 1000277400 ns, Reaching safepoint: 125200 ns, At safepoint: 27500 ns, Total: 152700 ns
[2020-04-26T16:47:15.966+0000][1][safepoint    ] Safepoint "Cleanup", Time since last: 1000333700 ns, Reaching safepoint: 422100 ns, At safepoint: 129500 ns, Total: 551600 ns
[2020-04-26T16:47:16.966+0000][1][safepoint    ] Safepoint "Cleanup", Time since last: 1000278000 ns, Reaching safepoint: 474000 ns, At safepoint: 79200 ns, Total: 553200 ns
[2020-04-26T16:47:17.967+0000][1][safepoint    ] Safepoint "Cleanup", Time since last: 1000562100 ns, Reaching safepoint: 128100 ns, At safepoint: 33500 ns, Total: 161600 ns
[2020-04-26T16:47:18.968+0000][1][safepoint    ] Safepoint "Cleanup", Time since last: 1000609800 ns, Reaching safepoint: 229400 ns, At safepoint: 74300 ns, Total: 303700 ns
[2020-04-26T16:47:19.968+0000][1][safepoint    ] Safepoint "Cleanup", Time since last: 1000152500 ns, Reaching safepoint: 138700 ns, At safepoint: 49400 ns, Total: 188100 ns
[2020-04-26T16:47:20.969+0000][1][safepoint    ] Safepoint "Cleanup", Time since last: 1000338400 ns, Reaching safepoint: 436300 ns, At safepoint: 136600 ns, Total: 572900 ns
[2020-04-26T16:47:21.970+0000][1][safepoint    ] Safepoint "Cleanup", Time since last: 1000208700 ns, Reaching safepoint: 180400 ns, At safepoint: 39300 ns, Total: 219700 ns
[2020-04-26T16:47:22.970+0000][1][safepoint    ] Safepoint "Cleanup", Time since last: 1000209300 ns, Reaching safepoint: 174300 ns, At safepoint: 28300 ns, Total: 202600 ns
[2020-04-26T16:47:23.143+0000][1][safepoint    ] Safepoint "RevokeBias", Time since last: 172122800 ns, Reaching safepoint: 280200 ns, At safepoint: 64500 ns, Total: 344700 ns
[2020-04-26T16:47:23.143+0000][1][safepoint    ] Safepoint "RevokeBias", Time since last: 171700 ns, Reaching safepoint: 163500 ns, At safepoint: 106300 ns, Total: 269800 ns
[2020-04-26T16:47:23.143+0000][1][safepoint    ] Safepoint "RevokeBias", Time since last: 34700 ns, Reaching safepoint: 175400 ns, At safepoint: 85900 ns, Total: 261300 ns
[2020-04-26T16:47:23.147+0000][1][safepoint    ] Safepoint "RevokeBias", Time since last: 3705600 ns, Reaching safepoint: 128900 ns, At safepoint: 99200 ns, Total: 228100 ns
[2020-04-26T16:47:23.148+0000][1][safepoint    ] Safepoint "RevokeBias", Time since last: 43300 ns, Reaching safepoint: 215400 ns, At safepoint: 96600 ns, Total: 312000 ns
[2020-04-26T16:47:23.148+0000][1][safepoint    ] Safepoint "RevokeBias", Time since last: 230700 ns, Reaching safepoint: 243200 ns, At safepoint: 79000 ns, Total: 322200 ns
[2020-04-26T16:47:24.148+0000][1][safepoint    ] Safepoint "Cleanup", Time since last: 1000164400 ns, Reaching safepoint: 130000 ns, At safepoint: 29400 ns, Total: 159400 ns
[2020-04-26T16:47:25.149+0000][1][safepoint    ] Safepoint "Cleanup", Time since last: 1000464600 ns, Reaching safepoint: 209900 ns, At safepoint: 60400 ns, Total: 270300 ns
[2020-04-26T16:47:26.150+0000][1][safepoint    ] Safepoint "Cleanup", Time since last: 1000261000 ns, Reaching safepoint: 389300 ns, At safepoint: 119600 ns, Total: 508900 ns
[2020-04-26T16:47:27.150+0000][1][safepoint    ] Safepoint "Cleanup", Time since last: 1000208800 ns, Reaching safepoint: 167900 ns, At safepoint: 52800 ns, Total: 220700 ns
[2020-04-26T16:47:28.151+0000][1][safepoint    ] Safepoint "Cleanup", Time since last: 1000208900 ns, Reaching safepoint: 138600 ns, At safepoint: 30400 ns, Total: 169000 ns
[2020-04-26T16:47:29.151+0000][1][safepoint    ] Safepoint "Cleanup", Time since last: 1000200800 ns, Reaching safepoint: 304600 ns, At safepoint: 69000 ns, Total: 373600 ns
[2020-04-26T16:47:30.152+0000][1][safepoint    ] Safepoint "Cleanup", Time since last: 1000222400 ns, Reaching safepoint: 206100 ns, At safepoint: 55900 ns, Total: 262000 ns
[2020-04-26T16:47:31.153+0000][1][safepoint    ] Safepoint "Cleanup", Time since last: 1000259500 ns, Reaching safepoint: 540600 ns, At safepoint: 159700 ns, Total: 700300 ns
[2020-04-26T16:47:32.153+0000][1][safepoint    ] Safepoint "Cleanup", Time since last: 1000269000 ns, Reaching safepoint: 129400 ns, At safepoint: 29000 ns, Total: 158400 ns
[2020-04-26T16:47:33.154+0000][1][safepoint    ] Safepoint "Cleanup", Time since last: 1000530400 ns, Reaching safepoint: 435500 ns, At safepoint: 138300 ns, Total: 573800 ns
[2020-04-26T16:47:34.155+0000][1][safepoint    ] Safepoint "Cleanup", Time since last: 1000540200 ns, Reaching safepoint: 126300 ns, At safepoint: 31700 ns, Total: 158000 ns
[2020-04-26T16:47:35.156+0000][1][safepoint    ] Safepoint "Cleanup", Time since last: 1000551000 ns, Reaching safepoint: 295500 ns, At safepoint: 75800 ns, Total: 371300 ns
[2020-04-26T16:47:36.157+0000][1][safepoint    ] Safepoint "Cleanup", Time since last: 1000793700 ns, Reaching safepoint: 435100 ns, At safepoint: 142800 ns, Total: 577900 ns
[2020-04-26T16:47:37.158+0000][1][safepoint    ] Safepoint "Cleanup", Time since last: 1000239400 ns, Reaching safepoint: 173300 ns, At safepoint: 45700 ns, Total: 219000 ns
[2020-04-26T16:47:38.159+0000][1][safepoint    ] Safepoint "Cleanup", Time since last: 1000486000 ns, Reaching safepoint: 232000 ns, At safepoint: 68700 ns, Total: 300700 ns
[2020-04-26T16:47:39.159+0000][1][safepoint    ] Safepoint "Cleanup", Time since last: 1000585900 ns, Reaching safepoint: 130400 ns, At safepoint: 32500 ns, Total: 162900 ns
[2020-04-26T16:47:40.160+0000][1][safepoint    ] Safepoint "Cleanup", Time since last: 1000296700 ns, Reaching safepoint: 408900 ns, At safepoint: 129100 ns, Total: 538000 ns
[2020-04-26T16:47:41.161+0000][1][safepoint    ] Safepoint "Cleanup", Time since last: 1000221200 ns, Reaching safepoint: 271400 ns, At safepoint: 62500 ns, Total: 333900 ns
[2020-04-26T16:47:42.161+0000][1][safepoint    ] Safepoint "Cleanup", Time since last: 1000206100 ns, Reaching safepoint: 164900 ns, At safepoint: 59200 ns, Total: 224100 ns
[2020-04-26T16:47:43.161+0000][1][safepoint    ] Safepoint "Cleanup", Time since last: 1000184800 ns, Reaching safepoint: 131000 ns, At safepoint: 30500 ns, Total: 161500 ns
[2020-04-26T16:47:44.163+0000][1][safepoint    ] Safepoint "Cleanup", Time since last: 1000485600 ns, Reaching safepoint: 491600 ns, At safepoint: 216300 ns, Total: 707900 ns
[2020-04-26T16:47:45.163+0000][1][safepoint    ] Safepoint "Cleanup", Time since last: 1000253200 ns, Reaching safepoint: 140500 ns, At safepoint: 55200 ns, Total: 195700 ns
[2020-04-26T16:47:46.164+0000][1][safepoint    ] Safepoint "Cleanup", Time since last: 1000478500 ns, Reaching safepoint: 148400 ns, At safepoint: 40500 ns, Total: 188900 ns
[2020-04-26T16:47:47.164+0000][1][safepoint    ] Safepoint "Cleanup", Time since last: 1000172200 ns, Reaching safepoint: 161100 ns, At safepoint: 40400 ns, Total: 201500 ns
[2020-04-26T16:47:48.165+0000][1][safepoint    ] Safepoint "Cleanup", Time since last: 1000314100 ns, Reaching safepoint: 444900 ns, At safepoint: 155000 ns, Total: 599900 ns
[2020-04-26T16:47:49.165+0000][1][safepoint    ] Safepoint "Cleanup", Time since last: 1000207800 ns, Reaching safepoint: 140600 ns, At safepoint: 35400 ns, Total: 176000 ns
[2020-04-26T16:47:50.166+0000][1][safepoint    ] Safepoint "Cleanup", Time since last: 1000486100 ns, Reaching safepoint: 128000 ns, At safepoint: 31500 ns, Total: 159500 ns
[2020-04-26T16:47:51.166+0000][1][safepoint    ] Safepoint "Cleanup", Time since last: 1000122500 ns, Reaching safepoint: 135800 ns, At safepoint: 32100 ns, Total: 167900 ns
[2020-04-26T16:47:52.167+0000][1][safepoint    ] Safepoint "Cleanup", Time since last: 1000215500 ns, Reaching safepoint: 269100 ns, At safepoint: 62300 ns, Total: 331400 ns
[2020-04-26T16:47:53.167+0000][1][safepoint    ] Safepoint "Cleanup", Time since last: 1000162100 ns, Reaching safepoint: 160000 ns, At safepoint: 40400 ns, Total: 200400 ns
[2020-04-26T16:47:54.168+0000][1][safepoint    ] Safepoint "Cleanup", Time since last: 1000463300 ns, Reaching safepoint: 535700 ns, At safepoint: 143400 ns, Total: 679100 ns
[2020-04-26T16:47:55.169+0000][1][safepoint    ] Safepoint "Cleanup", Time since last: 1000397700 ns, Reaching safepoint: 197700 ns, At safepoint: 51500 ns, Total: 249200 ns
[2020-04-26T16:47:56.170+0000][1][safepoint    ] Safepoint "Cleanup", Time since last: 1000250900 ns, Reaching safepoint: 205100 ns, At safepoint: 59600 ns, Total: 264700 ns
[2020-04-26T16:47:57.170+0000][1][safepoint    ] Safepoint "Cleanup", Time since last: 1000214200 ns, Reaching safepoint: 243100 ns, At safepoint: 35700 ns, Total: 278800 ns
[2020-04-26T16:47:58.170+0000][1][safepoint    ] Safepoint "Cleanup", Time since last: 1000159000 ns, Reaching safepoint: 160400 ns, At safepoint: 29000 ns, Total: 189400 ns
[2020-04-26T16:47:59.171+0000][1][safepoint    ] Safepoint "Cleanup", Time since last: 1000171700 ns, Reaching safepoint: 150200 ns, At safepoint: 35500 ns, Total: 185700 ns
[2020-04-26T16:48:00.172+0000][1][safepoint    ] Safepoint "Cleanup", Time since last: 1000364400 ns, Reaching safepoint: 324300 ns, At safepoint: 116100 ns, Total: 440400 ns
[2020-04-26T16:48:01.173+0000][1][safepoint    ] Safepoint "Cleanup", Time since last: 1000304400 ns, Reaching safepoint: 500200 ns, At safepoint: 219400 ns, Total: 719600 ns
[2020-04-26T16:48:02.174+0000][1][safepoint    ] Safepoint "Cleanup", Time since last: 1000485200 ns, Reaching safepoint: 435200 ns, At safepoint: 148900 ns, Total: 584100 ns
[2020-04-26T16:48:03.175+0000][1][safepoint    ] Safepoint "Cleanup", Time since last: 1000738700 ns, Reaching safepoint: 126400 ns, At safepoint: 30600 ns, Total: 157000 ns
[2020-04-26T16:48:04.175+0000][1][safepoint    ] Safepoint "Cleanup", Time since last: 1000281000 ns, Reaching safepoint: 319500 ns, At safepoint: 99200 ns, Total: 418700 ns
[2020-04-26T16:48:05.176+0000][1][safepoint    ] Safepoint "Cleanup", Time since last: 1000235300 ns, Reaching safepoint: 126300 ns, At safepoint: 31000 ns, Total: 157300 ns
[2020-04-26T16:48:06.176+0000][1][safepoint    ] Safepoint "Cleanup", Time since last: 1000150800 ns, Reaching safepoint: 149400 ns, At safepoint: 35300 ns, Total: 184700 ns
[2020-04-26T16:48:07.177+0000][1][safepoint    ] Safepoint "Cleanup", Time since last: 1000590300 ns, Reaching safepoint: 243500 ns, At safepoint: 74100 ns, Total: 317600 ns
[2020-04-26T16:48:08.178+0000][1][safepoint    ] Safepoint "Cleanup", Time since last: 1000469700 ns, Reaching safepoint: 416200 ns, At safepoint: 131900 ns, Total: 548100 ns
[2020-04-26T16:48:09.179+0000][1][safepoint    ] Safepoint "Cleanup", Time since last: 1000455200 ns, Reaching safepoint: 152700 ns, At safepoint: 45000 ns, Total: 197700 ns
[2020-04-26T16:48:10.180+0000][1][safepoint    ] Safepoint "Cleanup", Time since last: 1000322700 ns, Reaching safepoint: 488400 ns, At safepoint: 131400 ns, Total: 619800 ns
[2020-04-26T16:48:11.180+0000][1][safepoint    ] Safepoint "Cleanup", Time since last: 1000350100 ns, Reaching safepoint: 340700 ns, At safepoint: 101500 ns, Total: 442200 ns
[2020-04-26T16:48:12.181+0000][1][safepoint    ] Safepoint "Cleanup", Time since last: 1000363300 ns, Reaching safepoint: 486500 ns, At safepoint: 128700 ns, Total: 615200 ns
[2020-04-26T16:48:13.182+0000][1][safepoint    ] Safepoint "Cleanup", Time since last: 1000510400 ns, Reaching safepoint: 156700 ns, At safepoint: 41000 ns, Total: 197700 ns
[2020-04-26T16:48:14.183+0000][1][safepoint    ] Safepoint "Cleanup", Time since last: 1000296700 ns, Reaching safepoint: 358100 ns, At safepoint: 76800 ns, Total: 434900 ns
[2020-04-26T16:48:15.184+0000][1][safepoint    ] Safepoint "Cleanup", Time since last: 1000392300 ns, Reaching safepoint: 509700 ns, At safepoint: 130300 ns, Total: 640000 ns
[2020-04-26T16:48:16.185+0000][1][safepoint    ] Safepoint "Cleanup", Time since last: 1000677400 ns, Reaching safepoint: 418600 ns, At safepoint: 134300 ns, Total: 552900 ns
[2020-04-26T16:48:17.186+0000][1][safepoint    ] Safepoint "Cleanup", Time since last: 1000364000 ns, Reaching safepoint: 158900 ns, At safepoint: 39900 ns, Total: 198800 ns
[2020-04-26T16:48:18.186+0000][1][safepoint    ] Safepoint "Cleanup", Time since last: 1000510300 ns, Reaching safepoint: 196500 ns, At safepoint: 56200 ns, Total: 252700 ns
[2020-04-26T16:48:19.187+0000][1][safepoint    ] Safepoint "Cleanup", Time since last: 1000557800 ns, Reaching safepoint: 241700 ns, At safepoint: 111400 ns, Total: 353100 ns
[2020-04-26T16:48:20.188+0000][1][safepoint    ] Safepoint "Cleanup", Time since last: 1000664400 ns, Reaching safepoint: 417000 ns, At safepoint: 134200 ns, Total: 551200 ns
[2020-04-26T16:48:21.190+0000][1][safepoint    ] Safepoint "Cleanup", Time since last: 1000733300 ns, Reaching safepoint: 433300 ns, At safepoint: 139800 ns, Total: 573100 ns
[2020-04-26T16:48:22.190+0000][1][safepoint    ] Safepoint "Cleanup", Time since last: 1000470800 ns, Reaching safepoint: 132200 ns, At safepoint: 32000 ns, Total: 164200 ns
[2020-04-26T16:48:23.192+0000][1][safepoint    ] Safepoint "Cleanup", Time since last: 1000631800 ns, Reaching safepoint: 431700 ns, At safepoint: 137000 ns, Total: 568700 ns
[2020-04-26T16:48:24.167+0000][1][safepoint    ] Safepoint "RevokeBias", Time since last: 974830900 ns, Reaching safepoint: 174800 ns, At safepoint: 122400 ns, Total: 297200 ns
[2020-04-26T16:48:24.167+0000][1][safepoint    ] Safepoint "RevokeBias", Time since last: 174800 ns, Reaching safepoint: 287100 ns, At safepoint: 138900 ns, Total: 426000 ns
[2020-04-26T16:48:24.168+0000][1][safepoint    ] Safepoint "RevokeBias", Time since last: 249000 ns, Reaching safepoint: 108300 ns, At safepoint: 63000 ns, Total: 171300 ns
[2020-04-26T16:48:24.175+0000][1][safepoint    ] Safepoint "RevokeBias", Time since last: 6330400 ns, Reaching safepoint: 453800 ns, At safepoint: 117000 ns, Total: 570800 ns
[2020-04-26T16:48:24.175+0000][1][safepoint    ] Safepoint "RevokeBias", Time since last: 351500 ns, Reaching safepoint: 270300 ns, At safepoint: 83800 ns, Total: 354100 ns
[2020-04-26T16:48:24.176+0000][1][safepoint    ] Safepoint "RevokeBias", Time since last: 305600 ns, Reaching safepoint: 272600 ns, At safepoint: 74300 ns, Total: 346900 ns
[2020-04-26T16:48:25.177+0000][1][safepoint    ] Safepoint "Cleanup", Time since last: 1000231100 ns, Reaching safepoint: 416600 ns, At safepoint: 106700 ns, Total: 523300 ns
[2020-04-26T16:48:26.177+0000][1][safepoint    ] Safepoint "Cleanup", Time since last: 1000300100 ns, Reaching safepoint: 209500 ns, At safepoint: 51000 ns, Total: 260500 ns
[2020-04-26T16:48:27.178+0000][1][safepoint    ] Safepoint "Cleanup", Time since last: 1000427700 ns, Reaching safepoint: 575300 ns, At safepoint: 131000 ns, Total: 706300 ns
[2020-04-26T16:48:28.179+0000][1][safepoint    ] Safepoint "Cleanup", Time since last: 1000269000 ns, Reaching safepoint: 186100 ns, At safepoint: 48700 ns, Total: 234800 ns
[2020-04-26T16:48:29.180+0000][1][safepoint    ] Safepoint "Cleanup", Time since last: 1000522800 ns, Reaching safepoint: 141200 ns, At safepoint: 35000 ns, Total: 176200 ns
[2020-04-26T16:48:30.181+0000][1][safepoint    ] Safepoint "Cleanup", Time since last: 1000528200 ns, Reaching safepoint: 425000 ns, At safepoint: 125900 ns, Total: 550900 ns
[2020-04-26T16:48:31.181+0000][1][safepoint    ] Safepoint "Cleanup", Time since last: 1000218600 ns, Reaching safepoint: 133700 ns, At safepoint: 29100 ns, Total: 162800 ns
[2020-04-26T16:48:32.182+0000][1][safepoint    ] Safepoint "Cleanup", Time since last: 1000304800 ns, Reaching safepoint: 429200 ns, At safepoint: 132300 ns, Total: 561500 ns
[2020-04-26T16:48:33.182+0000][1][safepoint    ] Safepoint "Cleanup", Time since last: 1000236400 ns, Reaching safepoint: 175300 ns, At safepoint: 45400 ns, Total: 220700 ns
[2020-04-26T16:48:34.183+0000][1][safepoint    ] Safepoint "Cleanup", Time since last: 1000368500 ns, Reaching safepoint: 156500 ns, At safepoint: 30900 ns, Total: 187400 ns
[2020-04-26T16:48:35.184+0000][1][safepoint    ] Safepoint "Cleanup", Time since last: 1000222600 ns, Reaching safepoint: 427900 ns, At safepoint: 137600 ns, Total: 565500 ns
[2020-04-26T16:48:36.184+0000][1][safepoint    ] Safepoint "Cleanup", Time since last: 1000443300 ns, Reaching safepoint: 188300 ns, At safepoint: 46600 ns, Total: 234900 ns
[2020-04-26T16:48:37.185+0000][1][safepoint    ] Safepoint "Cleanup", Time since last: 1000441700 ns, Reaching safepoint: 181500 ns, At safepoint: 50000 ns, Total: 231500 ns
[2020-04-26T16:48:38.186+0000][1][safepoint    ] Safepoint "Cleanup", Time since last: 1000579400 ns, Reaching safepoint: 498300 ns, At safepoint: 136800 ns, Total: 635100 ns
[2020-04-26T16:48:39.188+0000][1][safepoint    ] Safepoint "Cleanup", Time since last: 1000607600 ns, Reaching safepoint: 433400 ns, At safepoint: 133100 ns, Total: 566500 ns
[2020-04-26T16:48:40.188+0000][1][safepoint    ] Safepoint "Cleanup", Time since last: 1000505100 ns, Reaching safepoint: 251900 ns, At safepoint: 74900 ns, Total: 326800 ns
[2020-04-26T16:48:41.190+0000][1][safepoint    ] Safepoint "Cleanup", Time since last: 1000640500 ns, Reaching safepoint: 458300 ns, At safepoint: 121200 ns, Total: 579500 ns
[2020-04-26T16:48:42.191+0000][1][safepoint    ] Safepoint "Cleanup", Time since last: 1000481700 ns, Reaching safepoint: 488700 ns, At safepoint: 127700 ns, Total: 616400 ns
[2020-04-26T16:48:43.191+0000][1][safepoint    ] Safepoint "Cleanup", Time since last: 1000386700 ns, Reaching safepoint: 302500 ns, At safepoint: 98800 ns, Total: 401300 ns
[2020-04-26T16:48:44.192+0000][1][safepoint    ] Safepoint "Cleanup", Time since last: 1000233700 ns, Reaching safepoint: 173800 ns, At safepoint: 34800 ns, Total: 208600 ns
[2020-04-26T16:48:45.192+0000][1][safepoint    ] Safepoint "Cleanup", Time since last: 1000195500 ns, Reaching safepoint: 145500 ns, At safepoint: 33900 ns, Total: 179400 ns
[2020-04-26T16:48:46.193+0000][1][safepoint    ] Safepoint "Cleanup", Time since last: 1000161800 ns, Reaching safepoint: 144200 ns, At safepoint: 28700 ns, Total: 172900 ns
[2020-04-26T16:48:47.193+0000][1][safepoint    ] Safepoint "Cleanup", Time since last: 1000209900 ns, Reaching safepoint: 182600 ns, At safepoint: 45300 ns, Total: 227900 ns
[2020-04-26T16:48:48.194+0000][1][safepoint    ] Safepoint "Cleanup", Time since last: 1000293700 ns, Reaching safepoint: 201100 ns, At safepoint: 56000 ns, Total: 257100 ns
[2020-04-26T16:48:49.194+0000][1][safepoint    ] Safepoint "Cleanup", Time since last: 1000263200 ns, Reaching safepoint: 129400 ns, At safepoint: 28600 ns, Total: 158000 ns
[2020-04-26T16:48:50.195+0000][1][safepoint    ] Safepoint "Cleanup", Time since last: 1000176900 ns, Reaching safepoint: 284900 ns, At safepoint: 41000 ns, Total: 325900 ns
[2020-04-26T16:48:51.195+0000][1][safepoint    ] Safepoint "Cleanup", Time since last: 1000635300 ns, Reaching safepoint: 128800 ns, At safepoint: 31400 ns, Total: 160200 ns
[2020-04-26T16:48:52.197+0000][1][safepoint    ] Safepoint "Cleanup", Time since last: 1000692900 ns, Reaching safepoint: 436000 ns, At safepoint: 142300 ns, Total: 578300 ns
[2020-04-26T16:48:53.198+0000][1][safepoint    ] Safepoint "Cleanup", Time since last: 1000680300 ns, Reaching safepoint: 420900 ns, At safepoint: 133100 ns, Total: 554000 ns
[2020-04-26T16:48:54.199+0000][1][safepoint    ] Safepoint "Cleanup", Time since last: 1000579200 ns, Reaching safepoint: 436200 ns, At safepoint: 138200 ns, Total: 574400 ns
[2020-04-26T16:48:55.200+0000][1][safepoint    ] Safepoint "Cleanup", Time since last: 1000575800 ns, Reaching safepoint: 419700 ns, At safepoint: 133000 ns, Total: 552700 ns
[2020-04-26T16:48:56.201+0000][1][safepoint    ] Safepoint "Cleanup", Time since last: 1000647200 ns, Reaching safepoint: 494700 ns, At safepoint: 133500 ns, Total: 628200 ns
[2020-04-26T16:48:57.203+0000][1][safepoint    ] Safepoint "Cleanup", Time since last: 1000596000 ns, Reaching safepoint: 418800 ns, At safepoint: 179700 ns, Total: 598500 ns
[2020-04-26T16:48:58.204+0000][1][safepoint    ] Safepoint "Cleanup", Time since last: 1000368300 ns, Reaching safepoint: 410200 ns, At safepoint: 121600 ns, Total: 531800 ns
[2020-04-26T16:48:59.204+0000][1][safepoint    ] Safepoint "Cleanup", Time since last: 1000218400 ns, Reaching safepoint: 147800 ns, At safepoint: 31700 ns, Total: 179500 ns
[2020-04-26T16:49:00.205+0000][1][safepoint    ] Safepoint "Cleanup", Time since last: 1000584700 ns, Reaching safepoint: 375000 ns, At safepoint: 114700 ns, Total: 489700 ns
[2020-04-26T16:49:01.206+0000][1][safepoint    ] Safepoint "Cleanup", Time since last: 1000464900 ns, Reaching safepoint: 448500 ns, At safepoint: 138700 ns, Total: 587200 ns
[2020-04-26T16:49:02.206+0000][1][safepoint    ] Safepoint "Cleanup", Time since last: 1000200900 ns, Reaching safepoint: 132200 ns, At safepoint: 33100 ns, Total: 165300 ns
[2020-04-26T16:49:03.207+0000][1][safepoint    ] Safepoint "Cleanup", Time since last: 1000374600 ns, Reaching safepoint: 436900 ns, At safepoint: 132900 ns, Total: 569800 ns
[2020-04-26T16:49:04.209+0000][1][safepoint    ] Safepoint "Cleanup", Time since last: 1000495100 ns, Reaching safepoint: 530100 ns, At safepoint: 147900 ns, Total: 678000 ns
[2020-04-26T16:49:05.209+0000][1][safepoint    ] Safepoint "Cleanup", Time since last: 1000242500 ns, Reaching safepoint: 148500 ns, At safepoint: 30000 ns, Total: 178500 ns
[2020-04-26T16:49:06.210+0000][1][safepoint    ] Safepoint "Cleanup", Time since last: 1000539100 ns, Reaching safepoint: 362200 ns, At safepoint: 114700 ns, Total: 476900 ns
[2020-04-26T16:49:07.211+0000][1][safepoint    ] Safepoint "Cleanup", Time since last: 1000626700 ns, Reaching safepoint: 421400 ns, At safepoint: 131300 ns, Total: 552700 ns
[2020-04-26T16:49:08.212+0000][1][safepoint    ] Safepoint "Cleanup", Time since last: 1000570600 ns, Reaching safepoint: 421100 ns, At safepoint: 132200 ns, Total: 553300 ns
[2020-04-26T16:49:10.130+0000][1][safepoint    ] Safepoint "Cleanup", Time since last: 1917164400 ns, Reaching safepoint: 169800 ns, At safepoint: 40000 ns, Total: 209800 ns
[2020-04-26T16:49:11.130+0000][1][safepoint    ] Safepoint "Cleanup", Time since last: 1000183400 ns, Reaching safepoint: 136300 ns, At safepoint: 31100 ns, Total: 167400 ns
[2020-04-26T16:49:12.131+0000][1][safepoint    ] Safepoint "Cleanup", Time since last: 1000247700 ns, Reaching safepoint: 508700 ns, At safepoint: 129700 ns, Total: 638400 ns
[2020-04-26T16:49:13.132+0000][1][safepoint    ] Safepoint "Cleanup", Time since last: 1000523100 ns, Reaching safepoint: 251800 ns, At safepoint: 74400 ns, Total: 326200 ns
[2020-04-26T16:49:14.133+0000][1][safepoint    ] Safepoint "Cleanup", Time since last: 1000341700 ns, Reaching safepoint: 347900 ns, At safepoint: 157200 ns, Total: 505100 ns
[2020-04-26T16:49:15.133+0000][1][safepoint    ] Safepoint "Cleanup", Time since last: 1000288000 ns, Reaching safepoint: 173800 ns, At safepoint: 41400 ns, Total: 215200 ns
[2020-04-26T16:49:16.134+0000][1][safepoint    ] Safepoint "Cleanup", Time since last: 1000269100 ns, Reaching safepoint: 318700 ns, At safepoint: 76500 ns, Total: 395200 ns
[2020-04-26T16:49:17.135+0000][1][safepoint    ] Safepoint "Cleanup", Time since last: 1000694100 ns, Reaching safepoint: 422300 ns, At safepoint: 33400 ns, Total: 455700 ns
[2020-04-26T16:49:18.136+0000][1][safepoint    ] Safepoint "Cleanup", Time since last: 1000441100 ns, Reaching safepoint: 206900 ns, At safepoint: 40700 ns, Total: 247600 ns
[2020-04-26T16:49:19.136+0000][1][safepoint    ] Safepoint "Cleanup", Time since last: 1000211000 ns, Reaching safepoint: 226000 ns, At safepoint: 53400 ns, Total: 279400 ns
[2020-04-26T16:49:20.137+0000][1][safepoint    ] Safepoint "Cleanup", Time since last: 1000515000 ns, Reaching safepoint: 684100 ns, At safepoint: 161800 ns, Total: 845900 ns
[2020-04-26T16:49:21.138+0000][1][safepoint    ] Safepoint "Cleanup", Time since last: 1000289500 ns, Reaching safepoint: 331200 ns, At safepoint: 133600 ns, Total: 464800 ns
[2020-04-26T16:49:22.139+0000][1][safepoint    ] Safepoint "Cleanup", Time since last: 1000360300 ns, Reaching safepoint: 514200 ns, At safepoint: 136200 ns, Total: 650400 ns
[2020-04-26T16:49:23.140+0000][1][safepoint    ] Safepoint "Cleanup", Time since last: 1000543400 ns, Reaching safepoint: 145900 ns, At safepoint: 37300 ns, Total: 183200 ns
[2020-04-26T16:49:24.141+0000][1][safepoint    ] Safepoint "Cleanup", Time since last: 1000271900 ns, Reaching safepoint: 448900 ns, At safepoint: 229900 ns, Total: 678800 ns
[2020-04-26T16:49:25.142+0000][1][safepoint    ] Safepoint "Cleanup", Time since last: 1000519000 ns, Reaching safepoint: 413600 ns, At safepoint: 173800 ns, Total: 587400 ns
[2020-04-26T16:49:26.132+0000][1][safepoint    ] Safepoint "RevokeBias", Time since last: 990223300 ns, Reaching safepoint: 128000 ns, At safepoint: 76500 ns, Total: 204500 ns
[2020-04-26T16:49:26.133+0000][1][safepoint    ] Safepoint "RevokeBias", Time since last: 112800 ns, Reaching safepoint: 170900 ns, At safepoint: 68800 ns, Total: 239700 ns
[2020-04-26T16:49:26.134+0000][1][safepoint    ] Safepoint "BulkRevokeBias", Time since last: 194600 ns, Reaching safepoint: 162200 ns, At safepoint: 501700 ns, Total: 663900 ns
[2020-04-26T16:49:26.139+0000][1][safepoint    ] Safepoint "RevokeBias", Time since last: 5321500 ns, Reaching safepoint: 157000 ns, At safepoint: 68200 ns, Total: 225200 ns
[2020-04-26T16:49:26.140+0000][1][safepoint    ] Safepoint "RevokeBias", Time since last: 191500 ns, Reaching safepoint: 174400 ns, At safepoint: 50100 ns, Total: 224500 ns
[2020-04-26T16:49:27.140+0000][1][safepoint    ] Safepoint "Cleanup", Time since last: 1000251600 ns, Reaching safepoint: 122700 ns, At safepoint: 28300 ns, Total: 151000 ns
[2020-04-26T16:49:28.140+0000][1][safepoint    ] Safepoint "Cleanup", Time since last: 1000346500 ns, Reaching safepoint: 127600 ns, At safepoint: 30600 ns, Total: 158200 ns
[2020-04-26T16:49:28.201+0000][1][gc,start     ] GC(33) Pause Young (Allocation Failure)
[2020-04-26T16:49:28.201+0000][1][gc,task      ] GC(33) Using 10 workers of 10 for evacuation
[2020-04-26T16:49:28.203+0000][1][gc,age       ] GC(33) Desired survivor size 8945664 bytes, new threshold 6 (max threshold 6)
[2020-04-26T16:49:28.203+0000][1][gc,age       ] GC(33) Age table with threshold 6 (max threshold 6)
[2020-04-26T16:49:28.203+0000][1][gc,age       ] GC(33) - age   1:     136344 bytes,     136344 total
[2020-04-26T16:49:28.203+0000][1][gc,age       ] GC(33) - age   2:     983856 bytes,    1120200 total
[2020-04-26T16:49:28.203+0000][1][gc,age       ] GC(33) - age   3:     143904 bytes,    1264104 total
[2020-04-26T16:49:28.203+0000][1][gc,age       ] GC(33) - age   4:     201312 bytes,    1465416 total
[2020-04-26T16:49:28.203+0000][1][gc,age       ] GC(33) - age   5:     354888 bytes,    1820304 total
[2020-04-26T16:49:28.203+0000][1][gc,age       ] GC(33) - age   6:     432696 bytes,    2253000 total
[2020-04-26T16:49:28.203+0000][1][gc,heap      ] GC(33) ParNew: 143403K->3355K(157248K)
[2020-04-26T16:49:28.203+0000][1][gc,heap      ] GC(33) CMS: 77969K->78324K(349568K)
[2020-04-26T16:49:28.203+0000][1][gc,metaspace ] GC(33) Metaspace: 96480K->96480K(1138688K)
[2020-04-26T16:49:28.203+0000][1][gc           ] GC(33) Pause Young (Allocation Failure) 216M->79M(494M) 2.679ms
[2020-04-26T16:49:28.203+0000][1][gc,cpu       ] GC(33) User=0.00s Sys=0.01s Real=0.01s
[2020-04-26T16:49:28.203+0000][1][safepoint    ] Safepoint "GenCollectForAllocation", Time since last: 60127800 ns, Reaching safepoint: 127200 ns, At safepoint: 2760000 ns, Total: 2887200 ns
[2020-04-26T16:49:29.205+0000][1][safepoint    ] Safepoint "Cleanup", Time since last: 1000397100 ns, Reaching safepoint: 565600 ns, At safepoint: 202100 ns, Total: 767700 ns
[2020-04-26T16:49:30.206+0000][1][safepoint    ] Safepoint "Cleanup", Time since last: 1000578300 ns, Reaching safepoint: 229800 ns, At safepoint: 56100 ns, Total: 285900 ns
[2020-04-26T16:49:31.207+0000][1][safepoint    ] Safepoint "Cleanup", Time since last: 1000535700 ns, Reaching safepoint: 437800 ns, At safepoint: 202400 ns, Total: 640200 ns
[2020-04-26T16:49:32.208+0000][1][safepoint    ] Safepoint "Cleanup", Time since last: 1000546000 ns, Reaching safepoint: 409400 ns, At safepoint: 201000 ns, Total: 610400 ns
[2020-04-26T16:49:33.208+0000][1][safepoint    ] Safepoint "Cleanup", Time since last: 1000238800 ns, Reaching safepoint: 127400 ns, At safepoint: 27800 ns, Total: 155200 ns
[2020-04-26T16:49:34.209+0000][1][safepoint    ] Safepoint "Cleanup", Time since last: 1000185700 ns, Reaching safepoint: 142000 ns, At safepoint: 27800 ns, Total: 169800 ns
[2020-04-26T16:49:35.209+0000][1][safepoint    ] Safepoint "Cleanup", Time since last: 1000313000 ns, Reaching safepoint: 133700 ns, At safepoint: 42800 ns, Total: 176500 ns
[2020-04-26T16:49:36.210+0000][1][safepoint    ] Safepoint "Cleanup", Time since last: 1000333900 ns, Reaching safepoint: 152000 ns, At safepoint: 75500 ns, Total: 227500 ns
[2020-04-26T16:49:37.211+0000][1][safepoint    ] Safepoint "Cleanup", Time since last: 1000678300 ns, Reaching safepoint: 622000 ns, At safepoint: 203400 ns, Total: 825400 ns
[2020-04-26T16:49:38.212+0000][1][safepoint    ] Safepoint "Cleanup", Time since last: 1000368000 ns, Reaching safepoint: 140700 ns, At safepoint: 53500 ns, Total: 194200 ns
[2020-04-26T16:49:39.212+0000][1][safepoint    ] Safepoint "Cleanup", Time since last: 1000170400 ns, Reaching safepoint: 149200 ns, At safepoint: 43800 ns, Total: 193000 ns
[2020-04-26T16:49:40.213+0000][1][safepoint    ] Safepoint "Cleanup", Time since last: 1000359700 ns, Reaching safepoint: 149700 ns, At safepoint: 67600 ns, Total: 217300 ns
[2020-04-26T16:49:41.213+0000][1][safepoint    ] Safepoint "Cleanup", Time since last: 1000421300 ns, Reaching safepoint: 215300 ns, At safepoint: 44500 ns, Total: 259800 ns
[2020-04-26T16:49:42.214+0000][1][safepoint    ] Safepoint "Cleanup", Time since last: 1000300300 ns, Reaching safepoint: 431000 ns, At safepoint: 216900 ns, Total: 647900 ns
[2020-04-26T16:49:43.215+0000][1][safepoint    ] Safepoint "Cleanup", Time since last: 1000564600 ns, Reaching safepoint: 145300 ns, At safepoint: 52300 ns, Total: 197600 ns
[2020-04-26T16:49:44.216+0000][1][safepoint    ] Safepoint "Cleanup", Time since last: 1000218200 ns, Reaching safepoint: 261000 ns, At safepoint: 109200 ns, Total: 370200 ns
[2020-04-26T16:49:45.216+0000][1][safepoint    ] Safepoint "Cleanup", Time since last: 1000316800 ns, Reaching safepoint: 132100 ns, At safepoint: 45100 ns, Total: 177200 ns
[2020-04-26T16:49:46.217+0000][1][safepoint    ] Safepoint "Cleanup", Time since last: 1000420100 ns, Reaching safepoint: 133400 ns, At safepoint: 48000 ns, Total: 181400 ns
[2020-04-26T16:49:47.217+0000][1][safepoint    ] Safepoint "Cleanup", Time since last: 1000303700 ns, Reaching safepoint: 141200 ns, At safepoint: 54900 ns, Total: 196100 ns
[2020-04-26T16:49:48.218+0000][1][safepoint    ] Safepoint "Cleanup", Time since last: 1000132900 ns, Reaching safepoint: 208500 ns, At safepoint: 55800 ns, Total: 264300 ns
[2020-04-26T16:49:49.218+0000][1][safepoint    ] Safepoint "Cleanup", Time since last: 1000217200 ns, Reaching safepoint: 177900 ns, At safepoint: 45700 ns, Total: 223600 ns
[2020-04-26T16:49:50.219+0000][1][safepoint    ] Safepoint "Cleanup", Time since last: 1000452100 ns, Reaching safepoint: 438900 ns, At safepoint: 214200 ns, Total: 653100 ns
[2020-04-26T16:49:51.220+0000][1][safepoint    ] Safepoint "Cleanup", Time since last: 1000293400 ns, Reaching safepoint: 155400 ns, At safepoint: 35700 ns, Total: 191100 ns
[2020-04-26T16:49:52.221+0000][1][safepoint    ] Safepoint "Cleanup", Time since last: 1000288100 ns, Reaching safepoint: 494200 ns, At safepoint: 198000 ns, Total: 692200 ns
[2020-04-26T16:49:53.222+0000][1][safepoint    ] Safepoint "Cleanup", Time since last: 1000451000 ns, Reaching safepoint: 424200 ns, At safepoint: 203900 ns, Total: 628100 ns
[2020-04-26T16:49:54.223+0000][1][safepoint    ] Safepoint "Cleanup", Time since last: 1000409300 ns, Reaching safepoint: 523600 ns, At safepoint: 210100 ns, Total: 733700 ns
[2020-04-26T16:49:55.224+0000][1][safepoint    ] Safepoint "Cleanup", Time since last: 1000611600 ns, Reaching safepoint: 434800 ns, At safepoint: 221300 ns, Total: 656100 ns
[2020-04-26T16:49:56.225+0000][1][safepoint    ] Safepoint "Cleanup", Time since last: 1000283900 ns, Reaching safepoint: 129300 ns, At safepoint: 31000 ns, Total: 160300 ns
[2020-04-26T16:49:57.226+0000][1][safepoint    ] Safepoint "Cleanup", Time since last: 1000508200 ns, Reaching safepoint: 503700 ns, At safepoint: 159000 ns, Total: 662700 ns
[2020-04-26T16:49:58.226+0000][1][safepoint    ] Safepoint "Cleanup", Time since last: 1000395600 ns, Reaching safepoint: 188800 ns, At safepoint: 77700 ns, Total: 266500 ns
[2020-04-26T16:49:59.227+0000][1][safepoint    ] Safepoint "Cleanup", Time since last: 1000199900 ns, Reaching safepoint: 169500 ns, At safepoint: 46400 ns, Total: 215900 ns
[2020-04-26T16:50:00.228+0000][1][safepoint    ] Safepoint "Cleanup", Time since last: 1000250800 ns, Reaching safepoint: 417200 ns, At safepoint: 134300 ns, Total: 551500 ns
[2020-04-26T16:50:01.228+0000][1][safepoint    ] Safepoint "Cleanup", Time since last: 1000168900 ns, Reaching safepoint: 132100 ns, At safepoint: 54600 ns, Total: 186700 ns
[2020-04-26T16:50:02.229+0000][1][safepoint    ] Safepoint "Cleanup", Time since last: 1000526100 ns, Reaching safepoint: 141200 ns, At safepoint: 50900 ns, Total: 192100 ns
[2020-04-26T16:50:03.230+0000][1][safepoint    ] Safepoint "Cleanup", Time since last: 1000411700 ns, Reaching safepoint: 437000 ns, At safepoint: 246200 ns, Total: 683200 ns
[2020-04-26T16:50:04.231+0000][1][safepoint    ] Safepoint "Cleanup", Time since last: 1000609900 ns, Reaching safepoint: 689000 ns, At safepoint: 342100 ns, Total: 1031100 ns
[2020-04-26T16:50:05.233+0000][1][safepoint    ] Safepoint "Cleanup", Time since last: 1000381100 ns, Reaching safepoint: 649500 ns, At safepoint: 402400 ns, Total: 1051900 ns
[2020-04-26T16:50:06.234+0000][1][safepoint    ] Safepoint "Cleanup", Time since last: 1000399100 ns, Reaching safepoint: 564900 ns, At safepoint: 152000 ns, Total: 716900 ns
[2020-04-26T16:50:07.235+0000][1][safepoint    ] Safepoint "Cleanup", Time since last: 1000356800 ns, Reaching safepoint: 175600 ns, At safepoint: 50800 ns, Total: 226400 ns
[2020-04-26T16:50:08.235+0000][1][safepoint    ] Safepoint "Cleanup", Time since last: 1000314300 ns, Reaching safepoint: 384900 ns, At safepoint: 151500 ns, Total: 536400 ns
[2020-04-26T16:50:09.236+0000][1][safepoint    ] Safepoint "Cleanup", Time since last: 1000253800 ns, Reaching safepoint: 133500 ns, At safepoint: 44500 ns, Total: 178000 ns
[2020-04-26T16:50:10.236+0000][1][safepoint    ] Safepoint "Cleanup", Time since last: 1000162100 ns, Reaching safepoint: 133600 ns, At safepoint: 41500 ns, Total: 175100 ns
[2020-04-26T16:50:11.237+0000][1][safepoint    ] Safepoint "Cleanup", Time since last: 1000215600 ns, Reaching safepoint: 230700 ns, At safepoint: 45500 ns, Total: 276200 ns
[2020-04-26T16:50:12.237+0000][1][safepoint    ] Safepoint "Cleanup", Time since last: 1000178600 ns, Reaching safepoint: 143600 ns, At safepoint: 46400 ns, Total: 190000 ns
[2020-04-26T16:50:13.238+0000][1][safepoint    ] Safepoint "Cleanup", Time since last: 1000188500 ns, Reaching safepoint: 233700 ns, At safepoint: 45800 ns, Total: 279500 ns
[2020-04-26T16:50:14.238+0000][1][safepoint    ] Safepoint "Cleanup", Time since last: 1000187500 ns, Reaching safepoint: 379500 ns, At safepoint: 78500 ns, Total: 458000 ns
[2020-04-26T16:50:15.240+0000][1][safepoint    ] Safepoint "Cleanup", Time since last: 1000615700 ns, Reaching safepoint: 616300 ns, At safepoint: 214300 ns, Total: 830600 ns
[2020-04-26T16:50:16.241+0000][1][safepoint    ] Safepoint "Cleanup", Time since last: 1000416400 ns, Reaching safepoint: 522500 ns, At safepoint: 217600 ns, Total: 740100 ns
[2020-04-26T16:50:17.242+0000][1][safepoint    ] Safepoint "Cleanup", Time since last: 1000560200 ns, Reaching safepoint: 377400 ns, At safepoint: 108600 ns, Total: 486000 ns
[2020-04-26T16:50:18.243+0000][1][safepoint    ] Safepoint "Cleanup", Time since last: 1000497800 ns, Reaching safepoint: 724200 ns, At safepoint: 202700 ns, Total: 926900 ns
[2020-04-26T16:50:19.244+0000][1][safepoint    ] Safepoint "Cleanup", Time since last: 1000409300 ns, Reaching safepoint: 433800 ns, At safepoint: 197100 ns, Total: 630900 ns
[2020-04-26T16:50:20.245+0000][1][safepoint    ] Safepoint "Cleanup", Time since last: 1000352800 ns, Reaching safepoint: 181400 ns, At safepoint: 55200 ns, Total: 236600 ns
[2020-04-26T16:50:21.245+0000][1][safepoint    ] Safepoint "Cleanup", Time since last: 1000387700 ns, Reaching safepoint: 127100 ns, At safepoint: 68300 ns, Total: 195400 ns
[2020-04-26T16:50:22.246+0000][1][safepoint    ] Safepoint "Cleanup", Time since last: 1000310700 ns, Reaching safepoint: 460000 ns, At safepoint: 231600 ns, Total: 691600 ns
[2020-04-26T16:50:23.248+0000][1][safepoint    ] Safepoint "Cleanup", Time since last: 1000613900 ns, Reaching safepoint: 498900 ns, At safepoint: 271700 ns, Total: 770600 ns
[2020-04-26T16:50:24.249+0000][1][safepoint    ] Safepoint "Cleanup", Time since last: 1000328500 ns, Reaching safepoint: 436700 ns, At safepoint: 186400 ns, Total: 623100 ns
[2020-04-26T16:50:25.250+0000][1][safepoint    ] Safepoint "Cleanup", Time since last: 1000638900 ns, Reaching safepoint: 628400 ns, At safepoint: 365100 ns, Total: 993500 ns
[2020-04-26T16:50:26.252+0000][1][safepoint    ] Safepoint "Cleanup", Time since last: 1000441300 ns, Reaching safepoint: 649500 ns, At safepoint: 250300 ns, Total: 899800 ns
[2020-04-26T16:50:27.253+0000][1][safepoint    ] Safepoint "Cleanup", Time since last: 1000603800 ns, Reaching safepoint: 472900 ns, At safepoint: 209200 ns, Total: 682100 ns
[2020-04-26T16:50:28.145+0000][1][safepoint    ] Safepoint "RevokeBias", Time since last: 891579900 ns, Reaching safepoint: 211100 ns, At safepoint: 64200 ns, Total: 275300 ns
[2020-04-26T16:50:28.145+0000][1][safepoint    ] Safepoint "RevokeBias", Time since last: 168200 ns, Reaching safepoint: 199200 ns, At safepoint: 133400 ns, Total: 332600 ns
[2020-04-26T16:50:28.146+0000][1][safepoint    ] Safepoint "RevokeBias", Time since last: 156000 ns, Reaching safepoint: 318600 ns, At safepoint: 116600 ns, Total: 435200 ns
[2020-04-26T16:50:28.152+0000][1][safepoint    ] Safepoint "RevokeBias", Time since last: 5936600 ns, Reaching safepoint: 125800 ns, At safepoint: 72100 ns, Total: 197900 ns
[2020-04-26T16:50:28.153+0000][1][safepoint    ] Safepoint "RevokeBias", Time since last: 164700 ns, Reaching safepoint: 278700 ns, At safepoint: 84800 ns, Total: 363500 ns
[2020-04-26T16:50:29.154+0000][1][safepoint    ] Safepoint "Cleanup", Time since last: 1000383700 ns, Reaching safepoint: 517200 ns, At safepoint: 205400 ns, Total: 722600 ns
[2020-04-26T16:50:30.154+0000][1][safepoint    ] Safepoint "Cleanup", Time since last: 1000331200 ns, Reaching safepoint: 158500 ns, At safepoint: 37400 ns, Total: 195900 ns
[2020-04-26T16:50:31.155+0000][1][safepoint    ] Safepoint "Cleanup", Time since last: 1000242200 ns, Reaching safepoint: 175600 ns, At safepoint: 44300 ns, Total: 219900 ns
[2020-04-26T16:50:32.155+0000][1][safepoint    ] Safepoint "Cleanup", Time since last: 1000158200 ns, Reaching safepoint: 123200 ns, At safepoint: 26000 ns, Total: 149200 ns
[2020-04-26T16:50:33.156+0000][1][safepoint    ] Safepoint "Cleanup", Time since last: 1000407900 ns, Reaching safepoint: 132200 ns, At safepoint: 33500 ns, Total: 165700 ns
[2020-04-26T16:50:34.156+0000][1][safepoint    ] Safepoint "Cleanup", Time since last: 1000421400 ns, Reaching safepoint: 134400 ns, At safepoint: 31400 ns, Total: 165800 ns
[2020-04-26T16:50:35.157+0000][1][safepoint    ] Safepoint "Cleanup", Time since last: 1000521500 ns, Reaching safepoint: 335500 ns, At safepoint: 108500 ns, Total: 444000 ns
[2020-04-26T16:50:36.158+0000][1][safepoint    ] Safepoint "Cleanup", Time since last: 1000570400 ns, Reaching safepoint: 144300 ns, At safepoint: 37000 ns, Total: 181300 ns
[2020-04-26T16:50:37.159+0000][1][safepoint    ] Safepoint "Cleanup", Time since last: 1000289000 ns, Reaching safepoint: 415100 ns, At safepoint: 128200 ns, Total: 543300 ns
[2020-04-26T16:50:38.159+0000][1][safepoint    ] Safepoint "Cleanup", Time since last: 1000216800 ns, Reaching safepoint: 161300 ns, At safepoint: 78400 ns, Total: 239700 ns
[2020-04-26T16:50:39.160+0000][1][safepoint    ] Safepoint "Cleanup", Time since last: 1000480800 ns, Reaching safepoint: 256300 ns, At safepoint: 71300 ns, Total: 327600 ns
[2020-04-26T16:50:40.161+0000][1][safepoint    ] Safepoint "Cleanup", Time since last: 1000478000 ns, Reaching safepoint: 184600 ns, At safepoint: 53000 ns, Total: 237600 ns
[2020-04-26T16:50:41.162+0000][1][safepoint    ] Safepoint "Cleanup", Time since last: 1000345600 ns, Reaching safepoint: 308500 ns, At safepoint: 101600 ns, Total: 410100 ns
[2020-04-26T16:50:42.162+0000][1][safepoint    ] Safepoint "Cleanup", Time since last: 1000322500 ns, Reaching safepoint: 334400 ns, At safepoint: 142100 ns, Total: 476500 ns
[2020-04-26T16:50:43.163+0000][1][safepoint    ] Safepoint "Cleanup", Time since last: 1000226000 ns, Reaching safepoint: 186500 ns, At safepoint: 31000 ns, Total: 217500 ns
[2020-04-26T16:50:44.163+0000][1][safepoint    ] Safepoint "Cleanup", Time since last: 1000188000 ns, Reaching safepoint: 247000 ns, At safepoint: 57400 ns, Total: 304400 ns
[2020-04-26T16:50:45.164+0000][1][safepoint    ] Safepoint "Cleanup", Time since last: 1000487700 ns, Reaching safepoint: 175800 ns, At safepoint: 47600 ns, Total: 223400 ns
[2020-04-26T16:50:46.165+0000][1][safepoint    ] Safepoint "Cleanup", Time since last: 1000473000 ns, Reaching safepoint: 211600 ns, At safepoint: 59300 ns, Total: 270900 ns
[2020-04-26T16:50:47.165+0000][1][safepoint    ] Safepoint "Cleanup", Time since last: 1000277900 ns, Reaching safepoint: 123800 ns, At safepoint: 26300 ns, Total: 150100 ns
[2020-04-26T16:50:48.166+0000][1][safepoint    ] Safepoint "Cleanup", Time since last: 1000149000 ns, Reaching safepoint: 252700 ns, At safepoint: 66400 ns, Total: 319100 ns
[2020-04-26T16:50:49.167+0000][1][safepoint    ] Safepoint "Cleanup", Time since last: 1000315100 ns, Reaching safepoint: 491100 ns, At safepoint: 128500 ns, Total: 619600 ns
[2020-04-26T16:50:50.167+0000][1][safepoint    ] Safepoint "Cleanup", Time since last: 1000191800 ns, Reaching safepoint: 123700 ns, At safepoint: 29400 ns, Total: 153100 ns
[2020-04-26T16:50:51.168+0000][1][safepoint    ] Safepoint "Cleanup", Time since last: 1000297300 ns, Reaching safepoint: 314100 ns, At safepoint: 145900 ns, Total: 460000 ns
[2020-04-26T16:50:52.168+0000][1][safepoint    ] Safepoint "Cleanup", Time since last: 1000210300 ns, Reaching safepoint: 132500 ns, At safepoint: 29100 ns, Total: 161600 ns
[2020-04-26T16:50:53.168+0000][1][safepoint    ] Safepoint "Cleanup", Time since last: 1000147300 ns, Reaching safepoint: 131800 ns, At safepoint: 30500 ns, Total: 162300 ns
[2020-04-26T16:50:54.169+0000][1][safepoint    ] Safepoint "Cleanup", Time since last: 1000186100 ns, Reaching safepoint: 149800 ns, At safepoint: 32100 ns, Total: 181900 ns
[2020-04-26T16:50:55.169+0000][1][safepoint    ] Safepoint "Cleanup", Time since last: 1000223000 ns, Reaching safepoint: 129600 ns, At safepoint: 35300 ns, Total: 164900 ns
[2020-04-26T16:50:56.170+0000][1][safepoint    ] Safepoint "Cleanup", Time since last: 1000615100 ns, Reaching safepoint: 152500 ns, At safepoint: 34100 ns, Total: 186600 ns
[2020-04-26T16:50:57.171+0000][1][safepoint    ] Safepoint "Cleanup", Time since last: 1000674100 ns, Reaching safepoint: 418600 ns, At safepoint: 132300 ns, Total: 550900 ns
[2020-04-26T16:50:58.172+0000][1][safepoint    ] Safepoint "Cleanup", Time since last: 1000271600 ns, Reaching safepoint: 268500 ns, At safepoint: 36100 ns, Total: 304600 ns
[2020-04-26T16:50:59.172+0000][1][safepoint    ] Safepoint "Cleanup", Time since last: 1000263200 ns, Reaching safepoint: 197300 ns, At safepoint: 51800 ns, Total: 249100 ns
[2020-04-26T16:51:00.173+0000][1][safepoint    ] Safepoint "Cleanup", Time since last: 1000154100 ns, Reaching safepoint: 167200 ns, At safepoint: 29300 ns, Total: 196500 ns
[2020-04-26T16:51:01.173+0000][1][safepoint    ] Safepoint "Cleanup", Time since last: 1000431900 ns, Reaching safepoint: 272100 ns, At safepoint: 61500 ns, Total: 333600 ns
[2020-04-26T16:51:02.174+0000][1][safepoint    ] Safepoint "Cleanup", Time since last: 1000643800 ns, Reaching safepoint: 126300 ns, At safepoint: 30400 ns, Total: 156700 ns
[2020-04-26T16:51:03.175+0000][1][safepoint    ] Safepoint "Cleanup", Time since last: 1000224700 ns, Reaching safepoint: 147200 ns, At safepoint: 72300 ns, Total: 219500 ns
[2020-04-26T16:51:04.176+0000][1][safepoint    ] Safepoint "Cleanup", Time since last: 1000474100 ns, Reaching safepoint: 498100 ns, At safepoint: 137600 ns, Total: 635700 ns
[2020-04-26T16:51:05.177+0000][1][safepoint    ] Safepoint "Cleanup", Time since last: 1000463200 ns, Reaching safepoint: 441300 ns, At safepoint: 136900 ns, Total: 578200 ns
[2020-04-26T16:51:06.178+0000][1][safepoint    ] Safepoint "Cleanup", Time since last: 1000486800 ns, Reaching safepoint: 438100 ns, At safepoint: 183400 ns, Total: 621500 ns
[2020-04-26T16:51:07.178+0000][1][safepoint    ] Safepoint "Cleanup", Time since last: 1000238100 ns, Reaching safepoint: 133500 ns, At safepoint: 30500 ns, Total: 164000 ns
[2020-04-26T16:51:08.503+0000][1][safepoint    ] Safepoint "Cleanup", Time since last: 1324500600 ns, Reaching safepoint: 128200 ns, At safepoint: 26900 ns, Total: 155100 ns
[2020-04-26T16:51:09.504+0000][1][safepoint    ] Safepoint "Cleanup", Time since last: 1000358800 ns, Reaching safepoint: 379500 ns, At safepoint: 125900 ns, Total: 505400 ns
[2020-04-26T16:51:10.505+0000][1][safepoint    ] Safepoint "Cleanup", Time since last: 1000878700 ns, Reaching safepoint: 422300 ns, At safepoint: 138600 ns, Total: 560900 ns
[2020-04-26T16:51:11.507+0000][1][safepoint    ] Safepoint "Cleanup", Time since last: 1000940600 ns, Reaching safepoint: 437500 ns, At safepoint: 141300 ns, Total: 578800 ns
[2020-04-26T16:51:12.508+0000][1][safepoint    ] Safepoint "Cleanup", Time since last: 1000394700 ns, Reaching safepoint: 444500 ns, At safepoint: 195100 ns, Total: 639600 ns
[2020-04-26T16:51:13.509+0000][1][safepoint    ] Safepoint "Cleanup", Time since last: 1000381300 ns, Reaching safepoint: 493200 ns, At safepoint: 184400 ns, Total: 677600 ns
[2020-04-26T16:51:14.510+0000][1][safepoint    ] Safepoint "Cleanup", Time since last: 1000518100 ns, Reaching safepoint: 175800 ns, At safepoint: 46900 ns, Total: 222700 ns
[2020-04-26T16:51:15.511+0000][1][safepoint    ] Safepoint "Cleanup", Time since last: 1000679600 ns, Reaching safepoint: 418500 ns, At safepoint: 131800 ns, Total: 550300 ns
[2020-04-26T16:51:16.512+0000][1][safepoint    ] Safepoint "Cleanup", Time since last: 1000627800 ns, Reaching safepoint: 421000 ns, At safepoint: 133700 ns, Total: 554700 ns
[2020-04-26T16:51:17.513+0000][1][safepoint    ] Safepoint "Cleanup", Time since last: 1000489100 ns, Reaching safepoint: 539900 ns, At safepoint: 129000 ns, Total: 668900 ns
[2020-04-26T16:51:18.514+0000][1][safepoint    ] Safepoint "Cleanup", Time since last: 1000233600 ns, Reaching safepoint: 154600 ns, At safepoint: 29100 ns, Total: 183700 ns
[2020-04-26T16:51:19.514+0000][1][safepoint    ] Safepoint "Cleanup", Time since last: 1000319100 ns, Reaching safepoint: 308800 ns, At safepoint: 95500 ns, Total: 404300 ns
[2020-04-26T16:51:20.515+0000][1][safepoint    ] Safepoint "Cleanup", Time since last: 1000649800 ns, Reaching safepoint: 435400 ns, At safepoint: 136200 ns, Total: 571600 ns
[2020-04-26T16:51:21.517+0000][1][safepoint    ] Safepoint "Cleanup", Time since last: 1000630700 ns, Reaching safepoint: 419900 ns, At safepoint: 131500 ns, Total: 551400 ns
[2020-04-26T16:51:22.517+0000][1][safepoint    ] Safepoint "Cleanup", Time since last: 1000254200 ns, Reaching safepoint: 138800 ns, At safepoint: 28700 ns, Total: 167500 ns
[2020-04-26T16:51:23.518+0000][1][safepoint    ] Safepoint "Cleanup", Time since last: 1000351600 ns, Reaching safepoint: 433400 ns, At safepoint: 150300 ns, Total: 583700 ns
[2020-04-26T16:51:24.519+0000][1][safepoint    ] Safepoint "Cleanup", Time since last: 1000410400 ns, Reaching safepoint: 429700 ns, At safepoint: 138000 ns, Total: 567700 ns
[2020-04-26T16:51:25.520+0000][1][safepoint    ] Safepoint "Cleanup", Time since last: 1000613500 ns, Reaching safepoint: 506600 ns, At safepoint: 130400 ns, Total: 637000 ns
[2020-04-26T16:51:26.522+0000][1][safepoint    ] Safepoint "Cleanup", Time since last: 1000923600 ns, Reaching safepoint: 407600 ns, At safepoint: 148000 ns, Total: 555600 ns
[2020-04-26T16:51:27.522+0000][1][safepoint    ] Safepoint "Cleanup", Time since last: 1000186900 ns, Reaching safepoint: 136200 ns, At safepoint: 31800 ns, Total: 168000 ns
[2020-04-26T16:51:28.523+0000][1][safepoint    ] Safepoint "Cleanup", Time since last: 1000318400 ns, Reaching safepoint: 354800 ns, At safepoint: 138200 ns, Total: 493000 ns
[2020-04-26T16:51:29.524+0000][1][safepoint    ] Safepoint "Cleanup", Time since last: 1000550300 ns, Reaching safepoint: 194300 ns, At safepoint: 45900 ns, Total: 240200 ns
[2020-04-26T16:51:30.146+0000][1][safepoint    ] Safepoint "RevokeBias", Time since last: 622473200 ns, Reaching safepoint: 267400 ns, At safepoint: 70400 ns, Total: 337800 ns
[2020-04-26T16:51:30.147+0000][1][safepoint    ] Safepoint "RevokeBias", Time since last: 346100 ns, Reaching safepoint: 230400 ns, At safepoint: 103400 ns, Total: 333800 ns
[2020-04-26T16:51:30.148+0000][1][safepoint    ] Safepoint "RevokeBias", Time since last: 204700 ns, Reaching safepoint: 206300 ns, At safepoint: 93200 ns, Total: 299500 ns
[2020-04-26T16:51:30.153+0000][1][safepoint    ] Safepoint "RevokeBias", Time since last: 4655600 ns, Reaching safepoint: 293600 ns, At safepoint: 148000 ns, Total: 441600 ns
[2020-04-26T16:51:30.153+0000][1][safepoint    ] Safepoint "RevokeBias", Time since last: 46200 ns, Reaching safepoint: 228500 ns, At safepoint: 163800 ns, Total: 392300 ns
[2020-04-26T16:51:30.154+0000][1][safepoint    ] Safepoint "RevokeBias", Time since last: 299300 ns, Reaching safepoint: 229100 ns, At safepoint: 136100 ns, Total: 365200 ns
[2020-04-26T16:51:31.155+0000][1][safepoint    ] Safepoint "Cleanup", Time since last: 1000283700 ns, Reaching safepoint: 424500 ns, At safepoint: 163200 ns, Total: 587700 ns
[2020-04-26T16:51:32.155+0000][1][safepoint    ] Safepoint "Cleanup", Time since last: 1000174900 ns, Reaching safepoint: 188600 ns, At safepoint: 26400 ns, Total: 215000 ns
[2020-04-26T16:51:33.156+0000][1][safepoint    ] Safepoint "Cleanup", Time since last: 1000237100 ns, Reaching safepoint: 461500 ns, At safepoint: 293000 ns, Total: 754500 ns
[2020-04-26T16:51:34.157+0000][1][safepoint    ] Safepoint "Cleanup", Time since last: 1000350700 ns, Reaching safepoint: 667400 ns, At safepoint: 129300 ns, Total: 796700 ns
[2020-04-26T16:51:35.158+0000][1][safepoint    ] Safepoint "Cleanup", Time since last: 1000625900 ns, Reaching safepoint: 441600 ns, At safepoint: 139500 ns, Total: 581100 ns
[2020-04-26T16:51:36.160+0000][1][safepoint    ] Safepoint "Cleanup", Time since last: 1000529800 ns, Reaching safepoint: 444100 ns, At safepoint: 136100 ns, Total: 580200 ns
[2020-04-26T16:51:37.161+0000][1][safepoint    ] Safepoint "Cleanup", Time since last: 1000473400 ns, Reaching safepoint: 430500 ns, At safepoint: 142300 ns, Total: 572800 ns
[2020-04-26T16:51:38.161+0000][1][safepoint    ] Safepoint "Cleanup", Time since last: 1000645500 ns, Reaching safepoint: 170900 ns, At safepoint: 36900 ns, Total: 207800 ns
[2020-04-26T16:51:39.162+0000][1][safepoint    ] Safepoint "Cleanup", Time since last: 1000258500 ns, Reaching safepoint: 129100 ns, At safepoint: 29100 ns, Total: 158200 ns
[2020-04-26T16:51:40.163+0000][1][safepoint    ] Safepoint "Cleanup", Time since last: 1000544700 ns, Reaching safepoint: 477200 ns, At safepoint: 136300 ns, Total: 613500 ns
[2020-04-26T16:51:41.164+0000][1][safepoint    ] Safepoint "Cleanup", Time since last: 1000418000 ns, Reaching safepoint: 434300 ns, At safepoint: 134800 ns, Total: 569100 ns
[2020-04-26T16:51:42.165+0000][1][safepoint    ] Safepoint "Cleanup", Time since last: 1000304300 ns, Reaching safepoint: 147800 ns, At safepoint: 39000 ns, Total: 186800 ns
[2020-04-26T16:51:43.165+0000][1][safepoint    ] Safepoint "Cleanup", Time since last: 1000441100 ns, Reaching safepoint: 256000 ns, At safepoint: 75500 ns, Total: 331500 ns
[2020-04-26T16:51:44.166+0000][1][safepoint    ] Safepoint "Cleanup", Time since last: 1000557300 ns, Reaching safepoint: 240800 ns, At safepoint: 70000 ns, Total: 310800 ns
[2020-04-26T16:51:45.168+0000][1][safepoint    ] Safepoint "Cleanup", Time since last: 1000821000 ns, Reaching safepoint: 417700 ns, At safepoint: 140600 ns, Total: 558300 ns
[2020-04-26T16:51:46.168+0000][1][safepoint    ] Safepoint "Cleanup", Time since last: 1000316500 ns, Reaching safepoint: 433600 ns, At safepoint: 186900 ns, Total: 620500 ns
[2020-04-26T16:51:47.169+0000][1][safepoint    ] Safepoint "Cleanup", Time since last: 1000586600 ns, Reaching safepoint: 264100 ns, At safepoint: 76500 ns, Total: 340600 ns
[2020-04-26T16:51:48.170+0000][1][safepoint    ] Safepoint "Cleanup", Time since last: 1000351000 ns, Reaching safepoint: 492300 ns, At safepoint: 186300 ns, Total: 678600 ns
[2020-04-26T16:51:49.171+0000][1][safepoint    ] Safepoint "Cleanup", Time since last: 1000333100 ns, Reaching safepoint: 211600 ns, At safepoint: 60100 ns, Total: 271700 ns
[2020-04-26T16:51:50.172+0000][1][safepoint    ] Safepoint "Cleanup", Time since last: 1000267900 ns, Reaching safepoint: 475000 ns, At safepoint: 121100 ns, Total: 596100 ns
[2020-04-26T16:51:51.172+0000][1][safepoint    ] Safepoint "Cleanup", Time since last: 1000195900 ns, Reaching safepoint: 160300 ns, At safepoint: 45400 ns, Total: 205700 ns
[2020-04-26T16:51:52.174+0000][1][safepoint    ] Safepoint "Cleanup", Time since last: 1000576900 ns, Reaching safepoint: 492000 ns, At safepoint: 134000 ns, Total: 626000 ns
[2020-04-26T16:51:53.174+0000][1][safepoint    ] Safepoint "Cleanup", Time since last: 1000345800 ns, Reaching safepoint: 319000 ns, At safepoint: 99600 ns, Total: 418600 ns
[2020-04-26T16:51:54.175+0000][1][safepoint    ] Safepoint "Cleanup", Time since last: 1000550700 ns, Reaching safepoint: 435700 ns, At safepoint: 154200 ns, Total: 589900 ns
[2020-04-26T16:51:55.177+0000][1][safepoint    ] Safepoint "Cleanup", Time since last: 1000695400 ns, Reaching safepoint: 485800 ns, At safepoint: 133500 ns, Total: 619300 ns
[2020-04-26T16:51:56.178+0000][1][safepoint    ] Safepoint "Cleanup", Time since last: 1000387600 ns, Reaching safepoint: 502800 ns, At safepoint: 131800 ns, Total: 634600 ns
[2020-04-26T16:51:57.178+0000][1][safepoint    ] Safepoint "Cleanup", Time since last: 1000251600 ns, Reaching safepoint: 190100 ns, At safepoint: 58500 ns, Total: 248600 ns
[2020-04-26T16:51:58.179+0000][1][safepoint    ] Safepoint "Cleanup", Time since last: 1000300000 ns, Reaching safepoint: 428900 ns, At safepoint: 134800 ns, Total: 563700 ns
[2020-04-26T16:51:59.180+0000][1][safepoint    ] Safepoint "Cleanup", Time since last: 1000228500 ns, Reaching safepoint: 150500 ns, At safepoint: 28000 ns, Total: 178500 ns
[2020-04-26T16:52:00.180+0000][1][safepoint    ] Safepoint "Cleanup", Time since last: 1000556900 ns, Reaching safepoint: 196500 ns, At safepoint: 60500 ns, Total: 257000 ns
[2020-04-26T16:52:01.182+0000][1][safepoint    ] Safepoint "Cleanup", Time since last: 1000835400 ns, Reaching safepoint: 459000 ns, At safepoint: 142600 ns, Total: 601600 ns
[2020-04-26T16:52:02.182+0000][1][safepoint    ] Safepoint "Cleanup", Time since last: 1000233600 ns, Reaching safepoint: 135900 ns, At safepoint: 35400 ns, Total: 171300 ns
[2020-04-26T16:52:03.183+0000][1][safepoint    ] Safepoint "Cleanup", Time since last: 1000499000 ns, Reaching safepoint: 280900 ns, At safepoint: 68600 ns, Total: 349500 ns
[2020-04-26T16:52:04.184+0000][1][safepoint    ] Safepoint "Cleanup", Time since last: 1000590700 ns, Reaching safepoint: 445300 ns, At safepoint: 140700 ns, Total: 586000 ns
[2020-04-26T16:52:05.185+0000][1][safepoint    ] Safepoint "Cleanup", Time since last: 1000235600 ns, Reaching safepoint: 143300 ns, At safepoint: 35000 ns, Total: 178300 ns
[2020-04-26T16:52:06.185+0000][1][safepoint    ] Safepoint "Cleanup", Time since last: 1000180000 ns, Reaching safepoint: 127600 ns, At safepoint: 48200 ns, Total: 175800 ns
[2020-04-26T16:52:07.185+0000][1][safepoint    ] Safepoint "Cleanup", Time since last: 1000142300 ns, Reaching safepoint: 148800 ns, At safepoint: 39000 ns, Total: 187800 ns
[2020-04-26T16:52:08.186+0000][1][safepoint    ] Safepoint "Cleanup", Time since last: 1000134400 ns, Reaching safepoint: 165000 ns, At safepoint: 31800 ns, Total: 196800 ns
[2020-04-26T16:52:09.186+0000][1][safepoint    ] Safepoint "Cleanup", Time since last: 1000483700 ns, Reaching safepoint: 125200 ns, At safepoint: 31900 ns, Total: 157100 ns
[2020-04-26T16:52:10.187+0000][1][safepoint    ] Safepoint "Cleanup", Time since last: 1000158200 ns, Reaching safepoint: 127900 ns, At safepoint: 28700 ns, Total: 156600 ns
[2020-04-26T16:52:11.187+0000][1][safepoint    ] Safepoint "Cleanup", Time since last: 1000165800 ns, Reaching safepoint: 160500 ns, At safepoint: 45000 ns, Total: 205500 ns
[2020-04-26T16:52:12.188+0000][1][safepoint    ] Safepoint "Cleanup", Time since last: 1000642000 ns, Reaching safepoint: 282400 ns, At safepoint: 75200 ns, Total: 357600 ns
[2020-04-26T16:52:13.189+0000][1][safepoint    ] Safepoint "Cleanup", Time since last: 1000298400 ns, Reaching safepoint: 437000 ns, At safepoint: 188300 ns, Total: 625300 ns
[2020-04-26T16:52:14.190+0000][1][safepoint    ] Safepoint "Cleanup", Time since last: 1000342300 ns, Reaching safepoint: 413700 ns, At safepoint: 172700 ns, Total: 586400 ns
[2020-04-26T16:52:15.191+0000][1][safepoint    ] Safepoint "Cleanup", Time since last: 1000682400 ns, Reaching safepoint: 158100 ns, At safepoint: 42000 ns, Total: 200100 ns
[2020-04-26T16:52:16.192+0000][1][safepoint    ] Safepoint "Cleanup", Time since last: 1000716800 ns, Reaching safepoint: 418900 ns, At safepoint: 135800 ns, Total: 554700 ns
[2020-04-26T16:52:17.193+0000][1][safepoint    ] Safepoint "Cleanup", Time since last: 1000554600 ns, Reaching safepoint: 209300 ns, At safepoint: 60500 ns, Total: 269800 ns
[2020-04-26T16:52:18.193+0000][1][safepoint    ] Safepoint "Cleanup", Time since last: 1000163800 ns, Reaching safepoint: 138200 ns, At safepoint: 25300 ns, Total: 163500 ns
[2020-04-26T16:52:19.193+0000][1][safepoint    ] Safepoint "Cleanup", Time since last: 1000198900 ns, Reaching safepoint: 134500 ns, At safepoint: 36700 ns, Total: 171200 ns
[2020-04-26T16:52:20.194+0000][1][safepoint    ] Safepoint "Cleanup", Time since last: 1000302800 ns, Reaching safepoint: 443300 ns, At safepoint: 151300 ns, Total: 594600 ns
[2020-04-26T16:52:21.195+0000][1][safepoint    ] Safepoint "Cleanup", Time since last: 1000382700 ns, Reaching safepoint: 431400 ns, At safepoint: 107200 ns, Total: 538600 ns
[2020-04-26T16:52:22.196+0000][1][safepoint    ] Safepoint "Cleanup", Time since last: 1000584600 ns, Reaching safepoint: 184500 ns, At safepoint: 50800 ns, Total: 235300 ns
[2020-04-26T16:52:23.197+0000][1][safepoint    ] Safepoint "Cleanup", Time since last: 1000613600 ns, Reaching safepoint: 135800 ns, At safepoint: 33600 ns, Total: 169400 ns
[2020-04-26T16:52:24.197+0000][1][safepoint    ] Safepoint "Cleanup", Time since last: 1000331500 ns, Reaching safepoint: 129400 ns, At safepoint: 27100 ns, Total: 156500 ns
[2020-04-26T16:52:25.198+0000][1][safepoint    ] Safepoint "Cleanup", Time since last: 1000362000 ns, Reaching safepoint: 501300 ns, At safepoint: 134800 ns, Total: 636100 ns
[2020-04-26T16:52:26.199+0000][1][safepoint    ] Safepoint "Cleanup", Time since last: 1000471000 ns, Reaching safepoint: 431700 ns, At safepoint: 149500 ns, Total: 581200 ns
[2020-04-26T16:52:27.200+0000][1][safepoint    ] Safepoint "Cleanup", Time since last: 1000435600 ns, Reaching safepoint: 425800 ns, At safepoint: 151900 ns, Total: 577700 ns
[2020-04-26T16:52:27.545+0000][1][gc,start     ] GC(34) Pause Young (Allocation Failure)
[2020-04-26T16:52:27.545+0000][1][gc,task      ] GC(34) Using 10 workers of 10 for evacuation
[2020-04-26T16:52:27.548+0000][1][gc,age       ] GC(34) Desired survivor size 8945664 bytes, new threshold 6 (max threshold 6)
[2020-04-26T16:52:27.548+0000][1][gc,age       ] GC(34) Age table with threshold 6 (max threshold 6)
[2020-04-26T16:52:27.548+0000][1][gc,age       ] GC(34) - age   1:      91152 bytes,      91152 total
[2020-04-26T16:52:27.548+0000][1][gc,age       ] GC(34) - age   2:      70296 bytes,     161448 total
[2020-04-26T16:52:27.548+0000][1][gc,age       ] GC(34) - age   3:     983760 bytes,    1145208 total
[2020-04-26T16:52:27.548+0000][1][gc,age       ] GC(34) - age   4:     103008 bytes,    1248216 total
[2020-04-26T16:52:27.548+0000][1][gc,age       ] GC(34) - age   5:     185152 bytes,    1433368 total
[2020-04-26T16:52:27.548+0000][1][gc,age       ] GC(34) - age   6:     354888 bytes,    1788256 total
[2020-04-26T16:52:27.548+0000][1][gc,heap      ] GC(34) ParNew: 143131K->2257K(157248K)
[2020-04-26T16:52:27.548+0000][1][gc,heap      ] GC(34) CMS: 78324K->78749K(349568K)
[2020-04-26T16:52:27.548+0000][1][gc,metaspace ] GC(34) Metaspace: 96510K->96510K(1138688K)
[2020-04-26T16:52:27.548+0000][1][gc           ] GC(34) Pause Young (Allocation Failure) 216M->79M(494M) 2.809ms
[2020-04-26T16:52:27.548+0000][1][gc,cpu       ] GC(34) User=0.01s Sys=0.00s Real=0.00s
[2020-04-26T16:52:27.548+0000][1][safepoint    ] Safepoint "GenCollectForAllocation", Time since last: 344207800 ns, Reaching safepoint: 127000 ns, At safepoint: 2887200 ns, Total: 3014200 ns
[2020-04-26T16:52:28.548+0000][1][safepoint    ] Safepoint "Cleanup", Time since last: 1000172200 ns, Reaching safepoint: 233500 ns, At safepoint: 41400 ns, Total: 274900 ns
[2020-04-26T16:52:29.548+0000][1][safepoint    ] Safepoint "Cleanup", Time since last: 1000168900 ns, Reaching safepoint: 133100 ns, At safepoint: 30500 ns, Total: 163600 ns
[2020-04-26T16:52:30.550+0000][1][safepoint    ] Safepoint "Cleanup", Time since last: 1000361300 ns, Reaching safepoint: 601700 ns, At safepoint: 133700 ns, Total: 735400 ns
[2020-04-26T16:52:31.550+0000][1][safepoint    ] Safepoint "Cleanup", Time since last: 1000565100 ns, Reaching safepoint: 143000 ns, At safepoint: 31800 ns, Total: 174800 ns
[2020-04-26T16:52:32.142+0000][1][safepoint    ] Safepoint "RevokeBias", Time since last: 591312000 ns, Reaching safepoint: 130300 ns, At safepoint: 98000 ns, Total: 228300 ns
[2020-04-26T16:52:32.142+0000][1][safepoint    ] Safepoint "RevokeBias", Time since last: 181600 ns, Reaching safepoint: 181200 ns, At safepoint: 91300 ns, Total: 272500 ns
[2020-04-26T16:52:32.143+0000][1][safepoint    ] Safepoint "RevokeBias", Time since last: 194100 ns, Reaching safepoint: 233200 ns, At safepoint: 62400 ns, Total: 295600 ns
[2020-04-26T16:52:32.147+0000][1][safepoint    ] Safepoint "RevokeBias", Time since last: 3560600 ns, Reaching safepoint: 112900 ns, At safepoint: 86600 ns, Total: 199500 ns
[2020-04-26T16:52:32.147+0000][1][safepoint    ] Safepoint "RevokeBias", Time since last: 181100 ns, Reaching safepoint: 89300 ns, At safepoint: 92900 ns, Total: 182200 ns
[2020-04-26T16:52:32.147+0000][1][safepoint    ] Safepoint "RevokeBias", Time since last: 181800 ns, Reaching safepoint: 160800 ns, At safepoint: 71100 ns, Total: 231900 ns
[2020-04-26T16:52:33.148+0000][1][safepoint    ] Safepoint "Cleanup", Time since last: 1000163100 ns, Reaching safepoint: 138400 ns, At safepoint: 33400 ns, Total: 171800 ns
[2020-04-26T16:52:34.149+0000][1][safepoint    ] Safepoint "Cleanup", Time since last: 1000326500 ns, Reaching safepoint: 433200 ns, At safepoint: 137400 ns, Total: 570600 ns
[2020-04-26T16:52:35.149+0000][1][safepoint    ] Safepoint "Cleanup", Time since last: 1000332200 ns, Reaching safepoint: 168400 ns, At safepoint: 49500 ns, Total: 217900 ns
[2020-04-26T16:52:36.150+0000][1][safepoint    ] Safepoint "Cleanup", Time since last: 1000314200 ns, Reaching safepoint: 435800 ns, At safepoint: 135600 ns, Total: 571400 ns
[2020-04-26T16:52:37.150+0000][1][safepoint    ] Safepoint "Cleanup", Time since last: 1000301300 ns, Reaching safepoint: 126900 ns, At safepoint: 29000 ns, Total: 155900 ns
[2020-04-26T16:52:38.151+0000][1][safepoint    ] Safepoint "Cleanup", Time since last: 1000163400 ns, Reaching safepoint: 190400 ns, At safepoint: 69600 ns, Total: 260000 ns
[2020-04-26T16:52:39.152+0000][1][safepoint    ] Safepoint "Cleanup", Time since last: 1000298600 ns, Reaching safepoint: 616100 ns, At safepoint: 283300 ns, Total: 899400 ns
[2020-04-26T16:52:40.153+0000][1][safepoint    ] Safepoint "Cleanup", Time since last: 1000362100 ns, Reaching safepoint: 473600 ns, At safepoint: 229900 ns, Total: 703500 ns
[2020-04-26T16:52:41.154+0000][1][safepoint    ] Safepoint "Cleanup", Time since last: 1000545000 ns, Reaching safepoint: 340200 ns, At safepoint: 106900 ns, Total: 447100 ns
[2020-04-26T16:52:42.155+0000][1][safepoint    ] Safepoint "Cleanup", Time since last: 1000519700 ns, Reaching safepoint: 163200 ns, At safepoint: 53200 ns, Total: 216400 ns
[2020-04-26T16:52:43.156+0000][1][safepoint    ] Safepoint "Cleanup", Time since last: 1000283200 ns, Reaching safepoint: 448600 ns, At safepoint: 117000 ns, Total: 565600 ns
[2020-04-26T16:52:44.156+0000][1][safepoint    ] Safepoint "Cleanup", Time since last: 1000334400 ns, Reaching safepoint: 252600 ns, At safepoint: 75400 ns, Total: 328000 ns
[2020-04-26T16:52:45.157+0000][1][safepoint    ] Safepoint "Cleanup", Time since last: 1000164400 ns, Reaching safepoint: 224200 ns, At safepoint: 55000 ns, Total: 279200 ns
[2020-04-26T16:52:46.158+0000][1][safepoint    ] Safepoint "Cleanup", Time since last: 1000530800 ns, Reaching safepoint: 347100 ns, At safepoint: 104700 ns, Total: 451800 ns
[2020-04-26T16:52:47.158+0000][1][safepoint    ] Safepoint "Cleanup", Time since last: 1000174800 ns, Reaching safepoint: 123500 ns, At safepoint: 30800 ns, Total: 154300 ns
[2020-04-26T16:52:48.158+0000][1][safepoint    ] Safepoint "Cleanup", Time since last: 1000129000 ns, Reaching safepoint: 126800 ns, At safepoint: 29300 ns, Total: 156100 ns
[2020-04-26T16:52:49.159+0000][1][safepoint    ] Safepoint "Cleanup", Time since last: 1000237200 ns, Reaching safepoint: 418100 ns, At safepoint: 169100 ns, Total: 587200 ns
[2020-04-26T16:52:50.160+0000][1][safepoint    ] Safepoint "Cleanup", Time since last: 1000629300 ns, Reaching safepoint: 321800 ns, At safepoint: 99000 ns, Total: 420800 ns
[2020-04-26T16:52:51.161+0000][1][safepoint    ] Safepoint "Cleanup", Time since last: 1000501700 ns, Reaching safepoint: 311800 ns, At safepoint: 98400 ns, Total: 410200 ns
[2020-04-26T16:52:52.162+0000][1][safepoint    ] Safepoint "Cleanup", Time since last: 1000543300 ns, Reaching safepoint: 189800 ns, At safepoint: 39000 ns, Total: 228800 ns
[2020-04-26T16:52:53.162+0000][1][safepoint    ] Safepoint "Cleanup", Time since last: 1000261700 ns, Reaching safepoint: 156900 ns, At safepoint: 46600 ns, Total: 203500 ns
[2020-04-26T16:52:54.163+0000][1][safepoint    ] Safepoint "Cleanup", Time since last: 1000145300 ns, Reaching safepoint: 198200 ns, At safepoint: 49100 ns, Total: 247300 ns
[2020-04-26T16:52:55.164+0000][1][safepoint    ] Safepoint "Cleanup", Time since last: 1000319800 ns, Reaching safepoint: 290000 ns, At safepoint: 74200 ns, Total: 364200 ns
[2020-04-26T16:52:56.165+0000][1][safepoint    ] Safepoint "Cleanup", Time since last: 1000389200 ns, Reaching safepoint: 505200 ns, At safepoint: 133400 ns, Total: 638600 ns
[2020-04-26T16:52:57.165+0000][1][safepoint    ] Safepoint "Cleanup", Time since last: 1000548000 ns, Reaching safepoint: 141900 ns, At safepoint: 30700 ns, Total: 172600 ns
[2020-04-26T16:52:58.166+0000][1][safepoint    ] Safepoint "Cleanup", Time since last: 1000288200 ns, Reaching safepoint: 399200 ns, At safepoint: 102400 ns, Total: 501600 ns
[2020-04-26T16:52:59.167+0000][1][safepoint    ] Safepoint "Cleanup", Time since last: 1000326500 ns, Reaching safepoint: 176800 ns, At safepoint: 35600 ns, Total: 212400 ns
[2020-04-26T16:53:00.167+0000][1][safepoint    ] Safepoint "Cleanup", Time since last: 1000319600 ns, Reaching safepoint: 130500 ns, At safepoint: 28200 ns, Total: 158700 ns
[2020-04-26T16:53:01.168+0000][1][safepoint    ] Safepoint "Cleanup", Time since last: 1000284500 ns, Reaching safepoint: 342300 ns, At safepoint: 108800 ns, Total: 451100 ns
[2020-04-26T16:53:02.169+0000][1][safepoint    ] Safepoint "Cleanup", Time since last: 1000680900 ns, Reaching safepoint: 140600 ns, At safepoint: 31200 ns, Total: 171800 ns
[2020-04-26T16:53:03.170+0000][1][safepoint    ] Safepoint "Cleanup", Time since last: 1000708100 ns, Reaching safepoint: 452300 ns, At safepoint: 140800 ns, Total: 593100 ns
[2020-04-26T16:53:04.171+0000][1][safepoint    ] Safepoint "Cleanup", Time since last: 1000654400 ns, Reaching safepoint: 436300 ns, At safepoint: 136300 ns, Total: 572600 ns
[2020-04-26T16:53:05.173+0000][1][safepoint    ] Safepoint "Cleanup", Time since last: 1000739200 ns, Reaching safepoint: 436900 ns, At safepoint: 194300 ns, Total: 631200 ns
[2020-04-26T16:53:06.174+0000][1][safepoint    ] Safepoint "Cleanup", Time since last: 1000391600 ns, Reaching safepoint: 435000 ns, At safepoint: 148100 ns, Total: 583100 ns
[2020-04-26T16:53:07.174+0000][1][safepoint    ] Safepoint "Cleanup", Time since last: 1000222600 ns, Reaching safepoint: 135500 ns, At safepoint: 52100 ns, Total: 187600 ns
[2020-04-26T16:53:08.175+0000][1][safepoint    ] Safepoint "Cleanup", Time since last: 1000515200 ns, Reaching safepoint: 141400 ns, At safepoint: 38600 ns, Total: 180000 ns
[2020-04-26T16:53:09.176+0000][1][safepoint    ] Safepoint "Cleanup", Time since last: 1000421800 ns, Reaching safepoint: 444100 ns, At safepoint: 144400 ns, Total: 588500 ns
[2020-04-26T16:53:10.176+0000][1][safepoint    ] Safepoint "Cleanup", Time since last: 1000225800 ns, Reaching safepoint: 185500 ns, At safepoint: 29600 ns, Total: 215100 ns
[2020-04-26T16:53:11.177+0000][1][safepoint    ] Safepoint "Cleanup", Time since last: 1000547100 ns, Reaching safepoint: 400300 ns, At safepoint: 131900 ns, Total: 532200 ns
[2020-04-26T16:53:12.178+0000][1][safepoint    ] Safepoint "Cleanup", Time since last: 1000395600 ns, Reaching safepoint: 444100 ns, At safepoint: 130000 ns, Total: 574100 ns
[2020-04-26T16:53:13.179+0000][1][safepoint    ] Safepoint "Cleanup", Time since last: 1000393100 ns, Reaching safepoint: 448500 ns, At safepoint: 144500 ns, Total: 593000 ns
[2020-04-26T16:53:14.180+0000][1][safepoint    ] Safepoint "Cleanup", Time since last: 1000207700 ns, Reaching safepoint: 145100 ns, At safepoint: 35000 ns, Total: 180100 ns
[2020-04-26T16:53:15.180+0000][1][safepoint    ] Safepoint "Cleanup", Time since last: 1000368600 ns, Reaching safepoint: 131400 ns, At safepoint: 31400 ns, Total: 162800 ns
[2020-04-26T16:53:16.181+0000][1][safepoint    ] Safepoint "Cleanup", Time since last: 1000564800 ns, Reaching safepoint: 435500 ns, At safepoint: 137300 ns, Total: 572800 ns
[2020-04-26T16:53:17.182+0000][1][safepoint    ] Safepoint "Cleanup", Time since last: 1000316000 ns, Reaching safepoint: 140300 ns, At safepoint: 28800 ns, Total: 169100 ns
[2020-04-26T16:53:18.182+0000][1][safepoint    ] Safepoint "Cleanup", Time since last: 1000496400 ns, Reaching safepoint: 181400 ns, At safepoint: 31300 ns, Total: 212700 ns
[2020-04-26T16:53:19.183+0000][1][safepoint    ] Safepoint "Cleanup", Time since last: 1000206600 ns, Reaching safepoint: 150100 ns, At safepoint: 43300 ns, Total: 193400 ns
[2020-04-26T16:53:20.184+0000][1][safepoint    ] Safepoint "Cleanup", Time since last: 1000481100 ns, Reaching safepoint: 501800 ns, At safepoint: 129800 ns, Total: 631600 ns
[2020-04-26T16:53:21.184+0000][1][safepoint    ] Safepoint "Cleanup", Time since last: 1000240600 ns, Reaching safepoint: 132400 ns, At safepoint: 45700 ns, Total: 178100 ns
[2020-04-26T16:53:22.185+0000][1][safepoint    ] Safepoint "Cleanup", Time since last: 1000328800 ns, Reaching safepoint: 183800 ns, At safepoint: 49900 ns, Total: 233700 ns
[2020-04-26T16:53:23.185+0000][1][safepoint    ] Safepoint "Cleanup", Time since last: 1000366300 ns, Reaching safepoint: 140800 ns, At safepoint: 35600 ns, Total: 176400 ns
[2020-04-26T16:53:24.186+0000][1][safepoint    ] Safepoint "Cleanup", Time since last: 1000142700 ns, Reaching safepoint: 144200 ns, At safepoint: 30400 ns, Total: 174600 ns
[2020-04-26T16:53:25.187+0000][1][safepoint    ] Safepoint "Cleanup", Time since last: 1000622200 ns, Reaching safepoint: 434800 ns, At safepoint: 134300 ns, Total: 569100 ns
[2020-04-26T16:53:26.188+0000][1][safepoint    ] Safepoint "Cleanup", Time since last: 1000382600 ns, Reaching safepoint: 421600 ns, At safepoint: 132500 ns, Total: 554100 ns
[2020-04-26T16:53:27.189+0000][1][safepoint    ] Safepoint "Cleanup", Time since last: 1000639800 ns, Reaching safepoint: 420700 ns, At safepoint: 131300 ns, Total: 552000 ns
[2020-04-26T16:53:28.190+0000][1][safepoint    ] Safepoint "Cleanup", Time since last: 1000487600 ns, Reaching safepoint: 150800 ns, At safepoint: 39200 ns, Total: 190000 ns
[2020-04-26T16:53:29.190+0000][1][safepoint    ] Safepoint "Cleanup", Time since last: 1000300700 ns, Reaching safepoint: 166700 ns, At safepoint: 50300 ns, Total: 217000 ns
[2020-04-26T16:53:30.191+0000][1][safepoint    ] Safepoint "Cleanup", Time since last: 1000551800 ns, Reaching safepoint: 296100 ns, At safepoint: 83900 ns, Total: 380000 ns
[2020-04-26T16:53:31.192+0000][1][safepoint    ] Safepoint "Cleanup", Time since last: 1000220000 ns, Reaching safepoint: 165400 ns, At safepoint: 52300 ns, Total: 217700 ns
[2020-04-26T16:53:32.192+0000][1][safepoint    ] Safepoint "Cleanup", Time since last: 1000257000 ns, Reaching safepoint: 278300 ns, At safepoint: 75100 ns, Total: 353400 ns
[2020-04-26T16:53:33.137+0000][1][safepoint    ] Safepoint "RevokeBias", Time since last: 944924700 ns, Reaching safepoint: 153300 ns, At safepoint: 89500 ns, Total: 242800 ns
[2020-04-26T16:53:33.138+0000][1][safepoint    ] Safepoint "RevokeBias", Time since last: 205000 ns, Reaching safepoint: 259600 ns, At safepoint: 129600 ns, Total: 389200 ns
[2020-04-26T16:53:33.139+0000][1][safepoint    ] Safepoint "BulkRevokeBias", Time since last: 160000 ns, Reaching safepoint: 206500 ns, At safepoint: 594000 ns, Total: 800500 ns
[2020-04-26T16:53:33.145+0000][1][safepoint    ] Safepoint "RevokeBias", Time since last: 6037200 ns, Reaching safepoint: 121400 ns, At safepoint: 76500 ns, Total: 197900 ns
[2020-04-26T16:53:33.146+0000][1][safepoint    ] Safepoint "RevokeBias", Time since last: 135700 ns, Reaching safepoint: 191300 ns, At safepoint: 116300 ns, Total: 307600 ns
[2020-04-26T16:53:33.146+0000][1][safepoint    ] Safepoint "RevokeBias", Time since last: 193700 ns, Reaching safepoint: 162500 ns, At safepoint: 95600 ns, Total: 258100 ns
[2020-04-26T16:53:34.147+0000][1][safepoint    ] Safepoint "Cleanup", Time since last: 1000255800 ns, Reaching safepoint: 342100 ns, At safepoint: 78400 ns, Total: 420500 ns
[2020-04-26T16:53:35.148+0000][1][safepoint    ] Safepoint "Cleanup", Time since last: 1000681600 ns, Reaching safepoint: 429700 ns, At safepoint: 132000 ns, Total: 561700 ns
[2020-04-26T16:53:36.149+0000][1][safepoint    ] Safepoint "Cleanup", Time since last: 1000772900 ns, Reaching safepoint: 431600 ns, At safepoint: 133700 ns, Total: 565300 ns
[2020-04-26T16:53:37.150+0000][1][safepoint    ] Safepoint "Cleanup", Time since last: 1000362000 ns, Reaching safepoint: 175200 ns, At safepoint: 37200 ns, Total: 212400 ns
[2020-04-26T16:53:38.151+0000][1][safepoint    ] Safepoint "Cleanup", Time since last: 1000302700 ns, Reaching safepoint: 497600 ns, At safepoint: 129500 ns, Total: 627100 ns
[2020-04-26T16:53:39.152+0000][1][safepoint    ] Safepoint "Cleanup", Time since last: 1000714600 ns, Reaching safepoint: 458100 ns, At safepoint: 239500 ns, Total: 697600 ns
[2020-04-26T16:53:40.153+0000][1][safepoint    ] Safepoint "Cleanup", Time since last: 1000279800 ns, Reaching safepoint: 208100 ns, At safepoint: 43200 ns, Total: 251300 ns
[2020-04-26T16:53:41.154+0000][1][safepoint    ] Safepoint "Cleanup", Time since last: 1000641400 ns, Reaching safepoint: 432100 ns, At safepoint: 142900 ns, Total: 575000 ns
[2020-04-26T16:53:42.155+0000][1][safepoint    ] Safepoint "Cleanup", Time since last: 1000583900 ns, Reaching safepoint: 135600 ns, At safepoint: 35800 ns, Total: 171400 ns
[2020-04-26T16:53:43.155+0000][1][safepoint    ] Safepoint "Cleanup", Time since last: 1000440900 ns, Reaching safepoint: 149600 ns, At safepoint: 38200 ns, Total: 187800 ns
[2020-04-26T16:53:44.157+0000][1][safepoint    ] Safepoint "Cleanup", Time since last: 1000559900 ns, Reaching safepoint: 442000 ns, At safepoint: 232900 ns, Total: 674900 ns
[2020-04-26T16:53:45.157+0000][1][safepoint    ] Safepoint "Cleanup", Time since last: 1000285200 ns, Reaching safepoint: 229100 ns, At safepoint: 36800 ns, Total: 265900 ns
[2020-04-26T16:53:46.158+0000][1][safepoint    ] Safepoint "Cleanup", Time since last: 1000537300 ns, Reaching safepoint: 192800 ns, At safepoint: 53100 ns, Total: 245900 ns
[2020-04-26T16:53:47.158+0000][1][safepoint    ] Safepoint "Cleanup", Time since last: 1000312300 ns, Reaching safepoint: 124300 ns, At safepoint: 26900 ns, Total: 151200 ns
[2020-04-26T16:53:48.159+0000][1][safepoint    ] Safepoint "Cleanup", Time since last: 1000305400 ns, Reaching safepoint: 123000 ns, At safepoint: 28400 ns, Total: 151400 ns
[2020-04-26T16:53:49.159+0000][1][safepoint    ] Safepoint "Cleanup", Time since last: 1000174100 ns, Reaching safepoint: 128400 ns, At safepoint: 55600 ns, Total: 184000 ns
[2020-04-26T16:53:50.160+0000][1][safepoint    ] Safepoint "Cleanup", Time since last: 1000396100 ns, Reaching safepoint: 487600 ns, At safepoint: 130800 ns, Total: 618400 ns
[2020-04-26T16:53:51.161+0000][1][safepoint    ] Safepoint "Cleanup", Time since last: 1000369000 ns, Reaching safepoint: 429200 ns, At safepoint: 115100 ns, Total: 544300 ns
[2020-04-26T16:53:52.162+0000][1][safepoint    ] Safepoint "Cleanup", Time since last: 1000210800 ns, Reaching safepoint: 127700 ns, At safepoint: 28100 ns, Total: 155800 ns
[2020-04-26T16:53:53.162+0000][1][safepoint    ] Safepoint "Cleanup", Time since last: 1000598400 ns, Reaching safepoint: 134200 ns, At safepoint: 42900 ns, Total: 177100 ns
[2020-04-26T16:53:54.163+0000][1][safepoint    ] Safepoint "Cleanup", Time since last: 1000485100 ns, Reaching safepoint: 129800 ns, At safepoint: 31400 ns, Total: 161200 ns
[2020-04-26T16:53:55.164+0000][1][safepoint    ] Safepoint "Cleanup", Time since last: 1000343600 ns, Reaching safepoint: 325600 ns, At safepoint: 96800 ns, Total: 422400 ns
[2020-04-26T16:53:56.164+0000][1][safepoint    ] Safepoint "Cleanup", Time since last: 1000207600 ns, Reaching safepoint: 130600 ns, At safepoint: 29300 ns, Total: 159900 ns
[2020-04-26T16:53:57.164+0000][1][safepoint    ] Safepoint "Cleanup", Time since last: 1000241400 ns, Reaching safepoint: 140400 ns, At safepoint: 33400 ns, Total: 173800 ns
[2020-04-26T16:53:58.165+0000][1][safepoint    ] Safepoint "Cleanup", Time since last: 1000125800 ns, Reaching safepoint: 134900 ns, At safepoint: 33400 ns, Total: 168300 ns
[2020-04-26T16:53:59.165+0000][1][safepoint    ] Safepoint "Cleanup", Time since last: 1000353400 ns, Reaching safepoint: 129100 ns, At safepoint: 31000 ns, Total: 160100 ns
[2020-04-26T16:54:00.166+0000][1][safepoint    ] Safepoint "Cleanup", Time since last: 1000165100 ns, Reaching safepoint: 129500 ns, At safepoint: 28600 ns, Total: 158100 ns
[2020-04-26T16:54:01.166+0000][1][safepoint    ] Safepoint "Cleanup", Time since last: 1000155000 ns, Reaching safepoint: 127200 ns, At safepoint: 28000 ns, Total: 155200 ns
[2020-04-26T16:54:02.167+0000][1][safepoint    ] Safepoint "Cleanup", Time since last: 1000200400 ns, Reaching safepoint: 312600 ns, At safepoint: 72400 ns, Total: 385000 ns
[2020-04-26T16:54:03.167+0000][1][safepoint    ] Safepoint "Cleanup", Time since last: 1000134600 ns, Reaching safepoint: 160000 ns, At safepoint: 31000 ns, Total: 191000 ns
[2020-04-26T16:54:04.167+0000][1][safepoint    ] Safepoint "Cleanup", Time since last: 1000143400 ns, Reaching safepoint: 122800 ns, At safepoint: 26300 ns, Total: 149100 ns
[2020-04-26T16:54:05.168+0000][1][safepoint    ] Safepoint "Cleanup", Time since last: 1000301900 ns, Reaching safepoint: 441900 ns, At safepoint: 35800 ns, Total: 477700 ns
[2020-04-26T16:54:06.168+0000][1][safepoint    ] Safepoint "Cleanup", Time since last: 1000185600 ns, Reaching safepoint: 133300 ns, At safepoint: 29400 ns, Total: 162700 ns
[2020-04-26T16:54:07.169+0000][1][safepoint    ] Safepoint "Cleanup", Time since last: 1000208100 ns, Reaching safepoint: 199200 ns, At safepoint: 55400 ns, Total: 254600 ns
[2020-04-26T16:54:08.170+0000][1][safepoint    ] Safepoint "Cleanup", Time since last: 1000328900 ns, Reaching safepoint: 446500 ns, At safepoint: 134200 ns, Total: 580700 ns
[2020-04-26T16:54:09.170+0000][1][safepoint    ] Safepoint "Cleanup", Time since last: 1000353000 ns, Reaching safepoint: 145400 ns, At safepoint: 28200 ns, Total: 173600 ns
[2020-04-26T16:54:10.171+0000][1][safepoint    ] Safepoint "Cleanup", Time since last: 1000301300 ns, Reaching safepoint: 500200 ns, At safepoint: 132100 ns, Total: 632300 ns
[2020-04-26T16:54:11.172+0000][1][safepoint    ] Safepoint "Cleanup", Time since last: 1000367400 ns, Reaching safepoint: 427700 ns, At safepoint: 128100 ns, Total: 555800 ns
[2020-04-26T16:54:12.173+0000][1][safepoint    ] Safepoint "Cleanup", Time since last: 1000300000 ns, Reaching safepoint: 310700 ns, At safepoint: 57400 ns, Total: 368100 ns
[2020-04-26T16:54:13.173+0000][1][safepoint    ] Safepoint "Cleanup", Time since last: 1000336500 ns, Reaching safepoint: 127700 ns, At safepoint: 28000 ns, Total: 155700 ns
[2020-04-26T16:54:14.174+0000][1][safepoint    ] Safepoint "Cleanup", Time since last: 1000186200 ns, Reaching safepoint: 130100 ns, At safepoint: 48500 ns, Total: 178600 ns
[2020-04-26T16:54:15.174+0000][1][safepoint    ] Safepoint "Cleanup", Time since last: 1000429600 ns, Reaching safepoint: 242400 ns, At safepoint: 58600 ns, Total: 301000 ns
[2020-04-26T16:54:16.175+0000][1][safepoint    ] Safepoint "Cleanup", Time since last: 1000328400 ns, Reaching safepoint: 523400 ns, At safepoint: 133500 ns, Total: 656900 ns
[2020-04-26T16:54:17.176+0000][1][safepoint    ] Safepoint "Cleanup", Time since last: 1000477600 ns, Reaching safepoint: 437400 ns, At safepoint: 137700 ns, Total: 575100 ns
[2020-04-26T16:54:18.177+0000][1][safepoint    ] Safepoint "Cleanup", Time since last: 1000206000 ns, Reaching safepoint: 142200 ns, At safepoint: 37200 ns, Total: 179400 ns
[2020-04-26T16:54:19.177+0000][1][safepoint    ] Safepoint "Cleanup", Time since last: 1000236000 ns, Reaching safepoint: 333000 ns, At safepoint: 95900 ns, Total: 428900 ns
[2020-04-26T16:54:20.178+0000][1][safepoint    ] Safepoint "Cleanup", Time since last: 1000210700 ns, Reaching safepoint: 127900 ns, At safepoint: 32300 ns, Total: 160200 ns
[2020-04-26T16:54:21.178+0000][1][safepoint    ] Safepoint "Cleanup", Time since last: 1000168200 ns, Reaching safepoint: 131700 ns, At safepoint: 31400 ns, Total: 163100 ns
[2020-04-26T16:54:22.178+0000][1][safepoint    ] Safepoint "Cleanup", Time since last: 1000155600 ns, Reaching safepoint: 131300 ns, At safepoint: 30400 ns, Total: 161700 ns
[2020-04-26T16:54:23.179+0000][1][safepoint    ] Safepoint "Cleanup", Time since last: 1000147000 ns, Reaching safepoint: 131600 ns, At safepoint: 26600 ns, Total: 158200 ns
[2020-04-26T16:54:24.180+0000][1][safepoint    ] Safepoint "Cleanup", Time since last: 1000393200 ns, Reaching safepoint: 516200 ns, At safepoint: 169000 ns, Total: 685200 ns
[2020-04-26T16:54:25.181+0000][1][safepoint    ] Safepoint "Cleanup", Time since last: 1000568500 ns, Reaching safepoint: 437800 ns, At safepoint: 136900 ns, Total: 574700 ns
[2020-04-26T16:54:26.182+0000][1][safepoint    ] Safepoint "Cleanup", Time since last: 1000606800 ns, Reaching safepoint: 253900 ns, At safepoint: 74500 ns, Total: 328400 ns
[2020-04-26T16:54:27.183+0000][1][safepoint    ] Safepoint "Cleanup", Time since last: 1000292900 ns, Reaching safepoint: 637900 ns, At safepoint: 246900 ns, Total: 884800 ns
[2020-04-26T16:54:28.184+0000][1][safepoint    ] Safepoint "Cleanup", Time since last: 1000225100 ns, Reaching safepoint: 371800 ns, At safepoint: 108700 ns, Total: 480500 ns
[2020-04-26T16:54:29.185+0000][1][safepoint    ] Safepoint "Cleanup", Time since last: 1000300700 ns, Reaching safepoint: 428600 ns, At safepoint: 180800 ns, Total: 609400 ns
[2020-04-26T16:54:30.185+0000][1][safepoint    ] Safepoint "Cleanup", Time since last: 1000227000 ns, Reaching safepoint: 226800 ns, At safepoint: 47200 ns, Total: 274000 ns
[2020-04-26T16:54:31.186+0000][1][safepoint    ] Safepoint "Cleanup", Time since last: 1000497200 ns, Reaching safepoint: 137400 ns, At safepoint: 46400 ns, Total: 183800 ns
[2020-04-26T16:54:32.187+0000][1][safepoint    ] Safepoint "Cleanup", Time since last: 1000312900 ns, Reaching safepoint: 377700 ns, At safepoint: 104700 ns, Total: 482400 ns
[2020-04-26T16:54:33.188+0000][1][safepoint    ] Safepoint "Cleanup", Time since last: 1000619700 ns, Reaching safepoint: 422900 ns, At safepoint: 140100 ns, Total: 563000 ns
[2020-04-26T16:54:34.189+0000][1][safepoint    ] Safepoint "Cleanup", Time since last: 1000528100 ns, Reaching safepoint: 193800 ns, At safepoint: 44700 ns, Total: 238500 ns
[2020-04-26T16:54:35.145+0000][1][safepoint    ] Safepoint "RevokeBias", Time since last: 956244400 ns, Reaching safepoint: 125600 ns, At safepoint: 61400 ns, Total: 187000 ns
[2020-04-26T16:54:35.146+0000][1][safepoint    ] Safepoint "RevokeBias", Time since last: 271100 ns, Reaching safepoint: 185700 ns, At safepoint: 59700 ns, Total: 245400 ns
[2020-04-26T16:54:35.151+0000][1][safepoint    ] Safepoint "RevokeBias", Time since last: 5699800 ns, Reaching safepoint: 136100 ns, At safepoint: 61300 ns, Total: 197400 ns
[2020-04-26T16:54:35.152+0000][1][safepoint    ] Safepoint "RevokeBias", Time since last: 241000 ns, Reaching safepoint: 290400 ns, At safepoint: 108900 ns, Total: 399300 ns
[2020-04-26T16:54:36.152+0000][1][safepoint    ] Safepoint "Cleanup", Time since last: 1000162000 ns, Reaching safepoint: 127700 ns, At safepoint: 25400 ns, Total: 153100 ns
[2020-04-26T16:54:37.153+0000][1][safepoint    ] Safepoint "Cleanup", Time since last: 1000292200 ns, Reaching safepoint: 153500 ns, At safepoint: 40000 ns, Total: 193500 ns
[2020-04-26T16:54:38.154+0000][1][safepoint    ] Safepoint "Cleanup", Time since last: 1000299600 ns, Reaching safepoint: 424900 ns, At safepoint: 133700 ns, Total: 558600 ns
[2020-04-26T16:54:39.155+0000][1][safepoint    ] Safepoint "Cleanup", Time since last: 1000442600 ns, Reaching safepoint: 426700 ns, At safepoint: 175300 ns, Total: 602000 ns
[2020-04-26T16:54:40.155+0000][1][safepoint    ] Safepoint "Cleanup", Time since last: 1000272100 ns, Reaching safepoint: 164400 ns, At safepoint: 32200 ns, Total: 196600 ns
[2020-04-26T16:54:41.156+0000][1][safepoint    ] Safepoint "Cleanup", Time since last: 1000156600 ns, Reaching safepoint: 136600 ns, At safepoint: 29200 ns, Total: 165800 ns
[2020-04-26T16:54:42.156+0000][1][safepoint    ] Safepoint "Cleanup", Time since last: 1000174600 ns, Reaching safepoint: 167400 ns, At safepoint: 31100 ns, Total: 198500 ns
[2020-04-26T16:54:43.156+0000][1][safepoint    ] Safepoint "Cleanup", Time since last: 1000353200 ns, Reaching safepoint: 129500 ns, At safepoint: 28300 ns, Total: 157800 ns
[2020-04-26T16:54:44.157+0000][1][safepoint    ] Safepoint "Cleanup", Time since last: 1000118100 ns, Reaching safepoint: 136900 ns, At safepoint: 33400 ns, Total: 170300 ns
[2020-04-26T16:54:45.158+0000][1][safepoint    ] Safepoint "Cleanup", Time since last: 1000498300 ns, Reaching safepoint: 426700 ns, At safepoint: 241200 ns, Total: 667900 ns
[2020-04-26T16:54:46.159+0000][1][safepoint    ] Safepoint "Cleanup", Time since last: 1000554300 ns, Reaching safepoint: 129900 ns, At safepoint: 31300 ns, Total: 161200 ns
[2020-04-26T16:54:47.159+0000][1][safepoint    ] Safepoint "Cleanup", Time since last: 1000581600 ns, Reaching safepoint: 215200 ns, At safepoint: 60400 ns, Total: 275600 ns
[2020-04-26T16:54:48.161+0000][1][safepoint    ] Safepoint "Cleanup", Time since last: 1000507800 ns, Reaching safepoint: 495100 ns, At safepoint: 207100 ns, Total: 702200 ns
[2020-04-26T16:54:49.162+0000][1][safepoint    ] Safepoint "Cleanup", Time since last: 1000344600 ns, Reaching safepoint: 462300 ns, At safepoint: 174400 ns, Total: 636700 ns
[2020-04-26T16:54:50.163+0000][1][safepoint    ] Safepoint "Cleanup", Time since last: 1000638200 ns, Reaching safepoint: 372300 ns, At safepoint: 96000 ns, Total: 468300 ns
[2020-04-26T16:54:51.163+0000][1][safepoint    ] Safepoint "Cleanup", Time since last: 1000301500 ns, Reaching safepoint: 126600 ns, At safepoint: 27600 ns, Total: 154200 ns
[2020-04-26T16:54:52.164+0000][1][safepoint    ] Safepoint "Cleanup", Time since last: 1000453600 ns, Reaching safepoint: 429800 ns, At safepoint: 144800 ns, Total: 574600 ns
[2020-04-26T16:54:53.166+0000][1][safepoint    ] Safepoint "Cleanup", Time since last: 1000658400 ns, Reaching safepoint: 524400 ns, At safepoint: 148100 ns, Total: 672500 ns
[2020-04-26T16:54:54.167+0000][1][safepoint    ] Safepoint "Cleanup", Time since last: 1000405600 ns, Reaching safepoint: 497500 ns, At safepoint: 131700 ns, Total: 629200 ns
[2020-04-26T16:54:55.167+0000][1][safepoint    ] Safepoint "Cleanup", Time since last: 1000197900 ns, Reaching safepoint: 138400 ns, At safepoint: 32500 ns, Total: 170900 ns
[2020-04-26T16:54:56.167+0000][1][safepoint    ] Safepoint "Cleanup", Time since last: 1000164200 ns, Reaching safepoint: 217500 ns, At safepoint: 31100 ns, Total: 248600 ns
[2020-04-26T16:54:57.168+0000][1][safepoint    ] Safepoint "Cleanup", Time since last: 1000471000 ns, Reaching safepoint: 423000 ns, At safepoint: 132000 ns, Total: 555000 ns
[2020-04-26T16:54:58.169+0000][1][safepoint    ] Safepoint "Cleanup", Time since last: 1000291700 ns, Reaching safepoint: 177900 ns, At safepoint: 39800 ns, Total: 217700 ns
[2020-04-26T16:54:59.169+0000][1][safepoint    ] Safepoint "Cleanup", Time since last: 1000222600 ns, Reaching safepoint: 291000 ns, At safepoint: 67900 ns, Total: 358900 ns
[2020-04-26T16:55:00.170+0000][1][safepoint    ] Safepoint "Cleanup", Time since last: 1000259600 ns, Reaching safepoint: 188800 ns, At safepoint: 33600 ns, Total: 222400 ns
[2020-04-26T16:55:01.171+0000][1][safepoint    ] Safepoint "Cleanup", Time since last: 1000404600 ns, Reaching safepoint: 139500 ns, At safepoint: 33900 ns, Total: 173400 ns
[2020-04-26T16:55:02.171+0000][1][safepoint    ] Safepoint "Cleanup", Time since last: 1000267900 ns, Reaching safepoint: 207300 ns, At safepoint: 50000 ns, Total: 257300 ns
[2020-04-26T16:55:03.171+0000][1][safepoint    ] Safepoint "Cleanup", Time since last: 1000219500 ns, Reaching safepoint: 151900 ns, At safepoint: 33700 ns, Total: 185600 ns
[2020-04-26T16:55:04.173+0000][1][safepoint    ] Safepoint "Cleanup", Time since last: 1000365900 ns, Reaching safepoint: 762800 ns, At safepoint: 130700 ns, Total: 893500 ns
[2020-04-26T16:55:05.174+0000][1][safepoint    ] Safepoint "Cleanup", Time since last: 1000564600 ns, Reaching safepoint: 438400 ns, At safepoint: 139600 ns, Total: 578000 ns
[2020-04-26T16:55:06.174+0000][1][safepoint    ] Safepoint "Cleanup", Time since last: 1000382300 ns, Reaching safepoint: 125900 ns, At safepoint: 27600 ns, Total: 153500 ns
[2020-04-26T16:55:07.175+0000][1][safepoint    ] Safepoint "Cleanup", Time since last: 1000178100 ns, Reaching safepoint: 146500 ns, At safepoint: 34200 ns, Total: 180700 ns
[2020-04-26T16:55:08.175+0000][1][safepoint    ] Safepoint "Cleanup", Time since last: 1000438300 ns, Reaching safepoint: 210000 ns, At safepoint: 59000 ns, Total: 269000 ns
[2020-04-26T16:55:09.177+0000][1][safepoint    ] Safepoint "Cleanup", Time since last: 1000512900 ns, Reaching safepoint: 505600 ns, At safepoint: 131700 ns, Total: 637300 ns
[2020-04-26T16:55:10.178+0000][1][safepoint    ] Safepoint "Cleanup", Time since last: 1000659200 ns, Reaching safepoint: 437000 ns, At safepoint: 137400 ns, Total: 574400 ns
[2020-04-26T16:55:11.178+0000][1][safepoint    ] Safepoint "Cleanup", Time since last: 1000242400 ns, Reaching safepoint: 295500 ns, At safepoint: 48700 ns, Total: 344200 ns
[2020-04-26T16:55:12.179+0000][1][safepoint    ] Safepoint "Cleanup", Time since last: 1000515700 ns, Reaching safepoint: 212600 ns, At safepoint: 65900 ns, Total: 278500 ns
[2020-04-26T16:55:13.180+0000][1][safepoint    ] Safepoint "Cleanup", Time since last: 1000170200 ns, Reaching safepoint: 190000 ns, At safepoint: 34300 ns, Total: 224300 ns
[2020-04-26T16:55:14.180+0000][1][safepoint    ] Safepoint "Cleanup", Time since last: 1000149100 ns, Reaching safepoint: 170300 ns, At safepoint: 45900 ns, Total: 216200 ns
[2020-04-26T16:55:15.181+0000][1][safepoint    ] Safepoint "Cleanup", Time since last: 1000332500 ns, Reaching safepoint: 252400 ns, At safepoint: 79000 ns, Total: 331400 ns
[2020-04-26T16:55:16.182+0000][1][safepoint    ] Safepoint "Cleanup", Time since last: 1000326600 ns, Reaching safepoint: 419100 ns, At safepoint: 127600 ns, Total: 546700 ns
[2020-04-26T16:55:17.182+0000][1][safepoint    ] Safepoint "Cleanup", Time since last: 1000537700 ns, Reaching safepoint: 286900 ns, At safepoint: 71000 ns, Total: 357900 ns
[2020-04-26T16:55:18.184+0000][1][safepoint    ] Safepoint "Cleanup", Time since last: 1000521000 ns, Reaching safepoint: 479200 ns, At safepoint: 123200 ns, Total: 602400 ns
[2020-04-26T16:55:19.185+0000][1][safepoint    ] Safepoint "Cleanup", Time since last: 1000379300 ns, Reaching safepoint: 442000 ns, At safepoint: 134500 ns, Total: 576500 ns
[2020-04-26T16:55:20.185+0000][1][safepoint    ] Safepoint "Cleanup", Time since last: 1000237700 ns, Reaching safepoint: 371200 ns, At safepoint: 197200 ns, Total: 568400 ns
[2020-04-26T16:55:21.186+0000][1][safepoint    ] Safepoint "Cleanup", Time since last: 1000365900 ns, Reaching safepoint: 258800 ns, At safepoint: 109400 ns, Total: 368200 ns
[2020-04-26T16:55:21.357+0000][1][gc,start     ] GC(35) Pause Young (Allocation Failure)
[2020-04-26T16:55:21.358+0000][1][gc,task      ] GC(35) Using 10 workers of 10 for evacuation
[2020-04-26T16:55:21.361+0000][1][gc,age       ] GC(35) Desired survivor size 8945664 bytes, new threshold 6 (max threshold 6)
[2020-04-26T16:55:21.361+0000][1][gc,age       ] GC(35) Age table with threshold 6 (max threshold 6)
[2020-04-26T16:55:21.361+0000][1][gc,age       ] GC(35) - age   1:      92704 bytes,      92704 total
[2020-04-26T16:55:21.361+0000][1][gc,age       ] GC(35) - age   2:      26000 bytes,     118704 total
[2020-04-26T16:55:21.361+0000][1][gc,age       ] GC(35) - age   3:      70080 bytes,     188784 total
[2020-04-26T16:55:21.361+0000][1][gc,age       ] GC(35) - age   4:     173032 bytes,     361816 total
[2020-04-26T16:55:21.361+0000][1][gc,age       ] GC(35) - age   5:     102328 bytes,     464144 total
[2020-04-26T16:55:21.361+0000][1][gc,age       ] GC(35) - age   6:     160336 bytes,     624480 total
[2020-04-26T16:55:21.361+0000][1][gc,heap      ] GC(35) ParNew: 141974K->1131K(157248K)
[2020-04-26T16:55:21.361+0000][1][gc,heap      ] GC(35) CMS: 78749K->79098K(349568K)
[2020-04-26T16:55:21.361+0000][1][gc,metaspace ] GC(35) Metaspace: 96580K->96580K(1138688K)
[2020-04-26T16:55:21.361+0000][1][gc           ] GC(35) Pause Young (Allocation Failure) 215M->78M(494M) 3.229ms
[2020-04-26T16:55:21.361+0000][1][gc,cpu       ] GC(35) User=0.01s Sys=0.01s Real=0.00s
[2020-04-26T16:55:21.361+0000][1][safepoint    ] Safepoint "GenCollectForAllocation", Time since last: 171205400 ns, Reaching safepoint: 151900 ns, At safepoint: 3350700 ns, Total: 3502600 ns
[2020-04-26T16:55:22.458+0000][1][safepoint    ] Safepoint "Cleanup", Time since last: 1096593100 ns, Reaching safepoint: 460100 ns, At safepoint: 165100 ns, Total: 625200 ns
[2020-04-26T16:55:23.459+0000][1][safepoint    ] Safepoint "Cleanup", Time since last: 1000674500 ns, Reaching safepoint: 429000 ns, At safepoint: 134200 ns, Total: 563200 ns
[2020-04-26T16:55:24.460+0000][1][safepoint    ] Safepoint "Cleanup", Time since last: 1000184100 ns, Reaching safepoint: 205900 ns, At safepoint: 29800 ns, Total: 235700 ns
[2020-04-26T16:55:25.460+0000][1][safepoint    ] Safepoint "Cleanup", Time since last: 1000346500 ns, Reaching safepoint: 142200 ns, At safepoint: 36800 ns, Total: 179000 ns
[2020-04-26T16:55:26.461+0000][1][safepoint    ] Safepoint "Cleanup", Time since last: 1000279000 ns, Reaching safepoint: 130500 ns, At safepoint: 31000 ns, Total: 161500 ns
[2020-04-26T16:55:27.461+0000][1][safepoint    ] Safepoint "Cleanup", Time since last: 1000207900 ns, Reaching safepoint: 374400 ns, At safepoint: 94300 ns, Total: 468700 ns
[2020-04-26T16:55:28.462+0000][1][safepoint    ] Safepoint "Cleanup", Time since last: 1000210300 ns, Reaching safepoint: 147500 ns, At safepoint: 34600 ns, Total: 182100 ns
[2020-04-26T16:55:29.463+0000][1][safepoint    ] Safepoint "Cleanup", Time since last: 1000369800 ns, Reaching safepoint: 470700 ns, At safepoint: 122300 ns, Total: 593000 ns
[2020-04-26T16:55:30.463+0000][1][safepoint    ] Safepoint "Cleanup", Time since last: 1000580000 ns, Reaching safepoint: 133100 ns, At safepoint: 31300 ns, Total: 164400 ns
[2020-04-26T16:55:31.465+0000][1][safepoint    ] Safepoint "Cleanup", Time since last: 1000483700 ns, Reaching safepoint: 506700 ns, At safepoint: 134500 ns, Total: 641200 ns
[2020-04-26T16:55:32.466+0000][1][safepoint    ] Safepoint "Cleanup", Time since last: 1000664000 ns, Reaching safepoint: 508100 ns, At safepoint: 141800 ns, Total: 649900 ns
[2020-04-26T16:55:33.467+0000][1][safepoint    ] Safepoint "Cleanup", Time since last: 1000708200 ns, Reaching safepoint: 155000 ns, At safepoint: 38800 ns, Total: 193800 ns
[2020-04-26T16:55:34.467+0000][1][safepoint    ] Safepoint "Cleanup", Time since last: 1000153100 ns, Reaching safepoint: 134200 ns, At safepoint: 31800 ns, Total: 166000 ns
[2020-04-26T16:55:35.467+0000][1][safepoint    ] Safepoint "Cleanup", Time since last: 1000153300 ns, Reaching safepoint: 152700 ns, At safepoint: 37200 ns, Total: 189900 ns
[2020-04-26T16:55:36.468+0000][1][safepoint    ] Safepoint "Cleanup", Time since last: 1000401900 ns, Reaching safepoint: 516300 ns, At safepoint: 139200 ns, Total: 655500 ns
[2020-04-26T16:55:37.137+0000][1][safepoint    ] Safepoint "RevokeBias", Time since last: 668033000 ns, Reaching safepoint: 146100 ns, At safepoint: 84600 ns, Total: 230700 ns
[2020-04-26T16:55:37.137+0000][1][safepoint    ] Safepoint "RevokeBias", Time since last: 234200 ns, Reaching safepoint: 278900 ns, At safepoint: 130700 ns, Total: 409600 ns
[2020-04-26T16:55:37.138+0000][1][safepoint    ] Safepoint "RevokeBias", Time since last: 223300 ns, Reaching safepoint: 203800 ns, At safepoint: 137400 ns, Total: 341200 ns
[2020-04-26T16:55:37.142+0000][1][safepoint    ] Safepoint "RevokeBias", Time since last: 3728300 ns, Reaching safepoint: 168700 ns, At safepoint: 129700 ns, Total: 298400 ns
[2020-04-26T16:55:37.142+0000][1][safepoint    ] Safepoint "RevokeBias", Time since last: 81500 ns, Reaching safepoint: 100700 ns, At safepoint: 161600 ns, Total: 262300 ns
[2020-04-26T16:55:37.143+0000][1][safepoint    ] Safepoint "RevokeBias", Time since last: 162100 ns, Reaching safepoint: 322500 ns, At safepoint: 160000 ns, Total: 482500 ns
[2020-04-26T16:55:38.143+0000][1][safepoint    ] Safepoint "Cleanup", Time since last: 1000188600 ns, Reaching safepoint: 251700 ns, At safepoint: 73700 ns, Total: 325400 ns
[2020-04-26T16:55:39.144+0000][1][safepoint    ] Safepoint "Cleanup", Time since last: 1000419500 ns, Reaching safepoint: 436100 ns, At safepoint: 139300 ns, Total: 575400 ns
[2020-04-26T16:55:40.145+0000][1][safepoint    ] Safepoint "Cleanup", Time since last: 1000224500 ns, Reaching safepoint: 346000 ns, At safepoint: 42700 ns, Total: 388700 ns
[2020-04-26T16:55:41.145+0000][1][safepoint    ] Safepoint "Cleanup", Time since last: 1000183600 ns, Reaching safepoint: 133500 ns, At safepoint: 31300 ns, Total: 164800 ns
[2020-04-26T16:55:42.147+0000][1][safepoint    ] Safepoint "Cleanup", Time since last: 1000525800 ns, Reaching safepoint: 423100 ns, At safepoint: 132900 ns, Total: 556000 ns
[2020-04-26T16:55:43.147+0000][1][safepoint    ] Safepoint "Cleanup", Time since last: 1000315200 ns, Reaching safepoint: 239300 ns, At safepoint: 54100 ns, Total: 293400 ns
[2020-04-26T16:55:44.147+0000][1][safepoint    ] Safepoint "Cleanup", Time since last: 1000211200 ns, Reaching safepoint: 149700 ns, At safepoint: 35200 ns, Total: 184900 ns
[2020-04-26T16:55:45.148+0000][1][safepoint    ] Safepoint "Cleanup", Time since last: 1000464400 ns, Reaching safepoint: 156000 ns, At safepoint: 30600 ns, Total: 186600 ns
[2020-04-26T16:55:46.149+0000][1][safepoint    ] Safepoint "Cleanup", Time since last: 1000378600 ns, Reaching safepoint: 129300 ns, At safepoint: 32000 ns, Total: 161300 ns
[2020-04-26T16:55:47.150+0000][1][safepoint    ] Safepoint "Cleanup", Time since last: 1000549800 ns, Reaching safepoint: 368600 ns, At safepoint: 96400 ns, Total: 465000 ns
[2020-04-26T16:55:48.151+0000][1][safepoint    ] Safepoint "Cleanup", Time since last: 1000763100 ns, Reaching safepoint: 424400 ns, At safepoint: 132400 ns, Total: 556800 ns
[2020-04-26T16:55:49.152+0000][1][safepoint    ] Safepoint "Cleanup", Time since last: 1000426300 ns, Reaching safepoint: 130400 ns, At safepoint: 30600 ns, Total: 161000 ns
[2020-04-26T16:55:50.152+0000][1][safepoint    ] Safepoint "Cleanup", Time since last: 1000574300 ns, Reaching safepoint: 152600 ns, At safepoint: 39200 ns, Total: 191800 ns
[2020-04-26T16:55:51.153+0000][1][safepoint    ] Safepoint "Cleanup", Time since last: 1000138700 ns, Reaching safepoint: 135100 ns, At safepoint: 30900 ns, Total: 166000 ns
[2020-04-26T16:55:52.153+0000][1][safepoint    ] Safepoint "Cleanup", Time since last: 1000238500 ns, Reaching safepoint: 253900 ns, At safepoint: 74000 ns, Total: 327900 ns
[2020-04-26T16:55:53.154+0000][1][safepoint    ] Safepoint "Cleanup", Time since last: 1000326100 ns, Reaching safepoint: 499800 ns, At safepoint: 126700 ns, Total: 626500 ns
[2020-04-26T16:55:54.155+0000][1][safepoint    ] Safepoint "Cleanup", Time since last: 1000311300 ns, Reaching safepoint: 204700 ns, At safepoint: 57500 ns, Total: 262200 ns
[2020-04-26T16:55:55.156+0000][1][safepoint    ] Safepoint "Cleanup", Time since last: 1000485700 ns, Reaching safepoint: 319200 ns, At safepoint: 97500 ns, Total: 416700 ns
[2020-04-26T16:55:56.156+0000][1][safepoint    ] Safepoint "Cleanup", Time since last: 1000248400 ns, Reaching safepoint: 130000 ns, At safepoint: 31500 ns, Total: 161500 ns
[2020-04-26T16:55:57.157+0000][1][safepoint    ] Safepoint "Cleanup", Time since last: 1000414100 ns, Reaching safepoint: 438600 ns, At safepoint: 135400 ns, Total: 574000 ns
[2020-04-26T16:55:58.158+0000][1][safepoint    ] Safepoint "Cleanup", Time since last: 1000383900 ns, Reaching safepoint: 499000 ns, At safepoint: 130800 ns, Total: 629800 ns
[2020-04-26T16:55:59.159+0000][1][safepoint    ] Safepoint "Cleanup", Time since last: 1000352800 ns, Reaching safepoint: 489000 ns, At safepoint: 131400 ns, Total: 620400 ns
[2020-04-26T16:56:00.160+0000][1][safepoint    ] Safepoint "Cleanup", Time since last: 1000314200 ns, Reaching safepoint: 186200 ns, At safepoint: 49400 ns, Total: 235600 ns
[2020-04-26T16:56:01.160+0000][1][safepoint    ] Safepoint "Cleanup", Time since last: 1000188500 ns, Reaching safepoint: 192300 ns, At safepoint: 48100 ns, Total: 240400 ns
[2020-04-26T16:56:02.160+0000][1][safepoint    ] Safepoint "Cleanup", Time since last: 1000197600 ns, Reaching safepoint: 132400 ns, At safepoint: 29900 ns, Total: 162300 ns
[2020-04-26T16:56:03.161+0000][1][safepoint    ] Safepoint "Cleanup", Time since last: 1000561200 ns, Reaching safepoint: 325500 ns, At safepoint: 92200 ns, Total: 417700 ns
[2020-04-26T16:56:04.163+0000][1][safepoint    ] Safepoint "Cleanup", Time since last: 1000668100 ns, Reaching safepoint: 549700 ns, At safepoint: 159400 ns, Total: 709100 ns
[2020-04-26T16:56:05.163+0000][1][safepoint    ] Safepoint "Cleanup", Time since last: 1000401300 ns, Reaching safepoint: 152700 ns, At safepoint: 32700 ns, Total: 185400 ns
[2020-04-26T16:56:06.164+0000][1][safepoint    ] Safepoint "Cleanup", Time since last: 1000579900 ns, Reaching safepoint: 128500 ns, At safepoint: 33000 ns, Total: 161500 ns
[2020-04-26T16:56:07.165+0000][1][safepoint    ] Safepoint "Cleanup", Time since last: 1000288200 ns, Reaching safepoint: 500200 ns, At safepoint: 128600 ns, Total: 628800 ns
[2020-04-26T16:56:08.166+0000][1][safepoint    ] Safepoint "Cleanup", Time since last: 1000374600 ns, Reaching safepoint: 421900 ns, At safepoint: 133400 ns, Total: 555300 ns
[2020-04-26T16:56:09.167+0000][1][safepoint    ] Safepoint "Cleanup", Time since last: 1000401600 ns, Reaching safepoint: 615900 ns, At safepoint: 155400 ns, Total: 771300 ns
[2020-04-26T16:56:10.168+0000][1][safepoint    ] Safepoint "Cleanup", Time since last: 1000463000 ns, Reaching safepoint: 560800 ns, At safepoint: 164900 ns, Total: 725700 ns
[2020-04-26T16:56:11.169+0000][1][safepoint    ] Safepoint "Cleanup", Time since last: 1000204800 ns, Reaching safepoint: 135000 ns, At safepoint: 33000 ns, Total: 168000 ns
[2020-04-26T16:56:12.170+0000][1][safepoint    ] Safepoint "Cleanup", Time since last: 1000501100 ns, Reaching safepoint: 376500 ns, At safepoint: 114900 ns, Total: 491400 ns
[2020-04-26T16:56:13.171+0000][1][safepoint    ] Safepoint "Cleanup", Time since last: 1000572400 ns, Reaching safepoint: 423300 ns, At safepoint: 131800 ns, Total: 555100 ns
[2020-04-26T16:56:14.172+0000][1][safepoint    ] Safepoint "Cleanup", Time since last: 1000600900 ns, Reaching safepoint: 132600 ns, At safepoint: 38400 ns, Total: 171000 ns
[2020-04-26T16:56:15.173+0000][1][safepoint    ] Safepoint "Cleanup", Time since last: 1000334100 ns, Reaching safepoint: 426600 ns, At safepoint: 247700 ns, Total: 674300 ns
[2020-04-26T16:56:16.173+0000][1][safepoint    ] Safepoint "Cleanup", Time since last: 1000338300 ns, Reaching safepoint: 173700 ns, At safepoint: 46400 ns, Total: 220100 ns
[2020-04-26T16:56:17.174+0000][1][safepoint    ] Safepoint "Cleanup", Time since last: 1000265200 ns, Reaching safepoint: 276100 ns, At safepoint: 50200 ns, Total: 326300 ns
[2020-04-26T16:56:18.174+0000][1][safepoint    ] Safepoint "Cleanup", Time since last: 1000364600 ns, Reaching safepoint: 194600 ns, At safepoint: 52800 ns, Total: 247400 ns
[2020-04-26T16:56:19.175+0000][1][safepoint    ] Safepoint "Cleanup", Time since last: 1000124300 ns, Reaching safepoint: 136400 ns, At safepoint: 28700 ns, Total: 165100 ns
[2020-04-26T16:56:20.176+0000][1][safepoint    ] Safepoint "Cleanup", Time since last: 1000412700 ns, Reaching safepoint: 513100 ns, At safepoint: 207000 ns, Total: 720100 ns
[2020-04-26T16:56:21.177+0000][1][safepoint    ] Safepoint "Cleanup", Time since last: 1000662000 ns, Reaching safepoint: 127300 ns, At safepoint: 31200 ns, Total: 158500 ns
[2020-04-26T16:56:22.178+0000][1][safepoint    ] Safepoint "Cleanup", Time since last: 1000515100 ns, Reaching safepoint: 423900 ns, At safepoint: 133500 ns, Total: 557400 ns
[2020-04-26T16:56:23.179+0000][1][safepoint    ] Safepoint "Cleanup", Time since last: 1000652200 ns, Reaching safepoint: 423400 ns, At safepoint: 138000 ns, Total: 561400 ns
[2020-04-26T16:56:24.179+0000][1][safepoint    ] Safepoint "Cleanup", Time since last: 1000371000 ns, Reaching safepoint: 141000 ns, At safepoint: 30400 ns, Total: 171400 ns
[2020-04-26T16:56:25.181+0000][1][safepoint    ] Safepoint "Cleanup", Time since last: 1000564700 ns, Reaching safepoint: 425400 ns, At safepoint: 133400 ns, Total: 558800 ns
[2020-04-26T16:56:26.182+0000][1][safepoint    ] Safepoint "Cleanup", Time since last: 1000810800 ns, Reaching safepoint: 500300 ns, At safepoint: 138500 ns, Total: 638800 ns
[2020-04-26T16:56:27.183+0000][1][safepoint    ] Safepoint "Cleanup", Time since last: 1000359400 ns, Reaching safepoint: 463500 ns, At safepoint: 130100 ns, Total: 593600 ns
[2020-04-26T16:56:28.184+0000][1][safepoint    ] Safepoint "Cleanup", Time since last: 1000570500 ns, Reaching safepoint: 129700 ns, At safepoint: 31100 ns, Total: 160800 ns
[2020-04-26T16:56:29.184+0000][1][safepoint    ] Safepoint "Cleanup", Time since last: 1000458300 ns, Reaching safepoint: 128600 ns, At safepoint: 32300 ns, Total: 160900 ns
[2020-04-26T16:56:30.185+0000][1][safepoint    ] Safepoint "Cleanup", Time since last: 1000482900 ns, Reaching safepoint: 141900 ns, At safepoint: 36100 ns, Total: 178000 ns
[2020-04-26T16:56:31.186+0000][1][safepoint    ] Safepoint "Cleanup", Time since last: 1000344900 ns, Reaching safepoint: 420600 ns, At safepoint: 130900 ns, Total: 551500 ns
[2020-04-26T16:56:32.187+0000][1][safepoint    ] Safepoint "Cleanup", Time since last: 1000511700 ns, Reaching safepoint: 447300 ns, At safepoint: 148200 ns, Total: 595500 ns
[2020-04-26T16:56:33.188+0000][1][safepoint    ] Safepoint "Cleanup", Time since last: 1000522600 ns, Reaching safepoint: 465400 ns, At safepoint: 138000 ns, Total: 603400 ns
[2020-04-26T16:56:34.189+0000][1][safepoint    ] Safepoint "Cleanup", Time since last: 1000341600 ns, Reaching safepoint: 153900 ns, At safepoint: 35900 ns, Total: 189800 ns
[2020-04-26T16:56:35.189+0000][1][safepoint    ] Safepoint "Cleanup", Time since last: 1000323800 ns, Reaching safepoint: 420300 ns, At safepoint: 128000 ns, Total: 548300 ns
[2020-04-26T16:56:36.190+0000][1][safepoint    ] Safepoint "Cleanup", Time since last: 1000285600 ns, Reaching safepoint: 157000 ns, At safepoint: 43900 ns, Total: 200900 ns
[2020-04-26T16:56:38.141+0000][1][safepoint    ] Safepoint "Cleanup", Time since last: 1951099100 ns, Reaching safepoint: 156000 ns, At safepoint: 37100 ns, Total: 193100 ns
[2020-04-26T16:56:39.142+0000][1][safepoint    ] Safepoint "Cleanup", Time since last: 1000145500 ns, Reaching safepoint: 136700 ns, At safepoint: 28900 ns, Total: 165600 ns
[2020-04-26T16:56:39.142+0000][1][safepoint    ] Safepoint "RevokeBias", Time since last: 696900 ns, Reaching safepoint: 114500 ns, At safepoint: 56400 ns, Total: 170900 ns
[2020-04-26T16:56:39.143+0000][1][safepoint    ] Safepoint "RevokeBias", Time since last: 38500 ns, Reaching safepoint: 84200 ns, At safepoint: 46800 ns, Total: 131000 ns
[2020-04-26T16:56:39.144+0000][1][safepoint    ] Safepoint "RevokeBias", Time since last: 637300 ns, Reaching safepoint: 224600 ns, At safepoint: 64900 ns, Total: 289500 ns
[2020-04-26T16:56:39.147+0000][1][safepoint    ] Safepoint "RevokeBias", Time since last: 3518800 ns, Reaching safepoint: 124600 ns, At safepoint: 98700 ns, Total: 223300 ns
[2020-04-26T16:56:39.148+0000][1][safepoint    ] Safepoint "RevokeBias", Time since last: 154200 ns, Reaching safepoint: 224500 ns, At safepoint: 109300 ns, Total: 333800 ns
[2020-04-26T16:56:39.148+0000][1][safepoint    ] Safepoint "RevokeBias", Time since last: 98000 ns, Reaching safepoint: 173100 ns, At safepoint: 89200 ns, Total: 262300 ns
[2020-04-26T16:56:40.149+0000][1][safepoint    ] Safepoint "Cleanup", Time since last: 1000497000 ns, Reaching safepoint: 139700 ns, At safepoint: 32000 ns, Total: 171700 ns
[2020-04-26T16:56:41.150+0000][1][safepoint    ] Safepoint "Cleanup", Time since last: 1000530600 ns, Reaching safepoint: 258800 ns, At safepoint: 78600 ns, Total: 337400 ns
[2020-04-26T16:56:42.150+0000][1][safepoint    ] Safepoint "Cleanup", Time since last: 1000228600 ns, Reaching safepoint: 135400 ns, At safepoint: 31500 ns, Total: 166900 ns
[2020-04-26T16:56:43.151+0000][1][safepoint    ] Safepoint "Cleanup", Time since last: 1000491700 ns, Reaching safepoint: 132000 ns, At safepoint: 31700 ns, Total: 163700 ns
[2020-04-26T16:56:44.151+0000][1][safepoint    ] Safepoint "Cleanup", Time since last: 1000245900 ns, Reaching safepoint: 379900 ns, At safepoint: 101000 ns, Total: 480900 ns
[2020-04-26T16:56:45.152+0000][1][safepoint    ] Safepoint "Cleanup", Time since last: 1000343000 ns, Reaching safepoint: 392900 ns, At safepoint: 157400 ns, Total: 550300 ns
[2020-04-26T16:56:46.153+0000][1][safepoint    ] Safepoint "Cleanup", Time since last: 1000273000 ns, Reaching safepoint: 306300 ns, At safepoint: 77600 ns, Total: 383900 ns
[2020-04-26T16:56:47.153+0000][1][safepoint    ] Safepoint "Cleanup", Time since last: 1000289800 ns, Reaching safepoint: 155800 ns, At safepoint: 74500 ns, Total: 230300 ns
[2020-04-26T16:56:48.154+0000][1][safepoint    ] Safepoint "Cleanup", Time since last: 1000286800 ns, Reaching safepoint: 445400 ns, At safepoint: 134200 ns, Total: 579600 ns
[2020-04-26T16:56:49.155+0000][1][safepoint    ] Safepoint "Cleanup", Time since last: 1000275000 ns, Reaching safepoint: 173000 ns, At safepoint: 33900 ns, Total: 206900 ns
[2020-04-26T16:56:50.155+0000][1][safepoint    ] Safepoint "Cleanup", Time since last: 1000140900 ns, Reaching safepoint: 214000 ns, At safepoint: 70200 ns, Total: 284200 ns
[2020-04-26T16:56:51.156+0000][1][safepoint    ] Safepoint "Cleanup", Time since last: 1000685400 ns, Reaching safepoint: 131900 ns, At safepoint: 33000 ns, Total: 164900 ns
[2020-04-26T16:56:52.157+0000][1][safepoint    ] Safepoint "Cleanup", Time since last: 1000308500 ns, Reaching safepoint: 534700 ns, At safepoint: 147800 ns, Total: 682500 ns
[2020-04-26T16:56:53.158+0000][1][safepoint    ] Safepoint "Cleanup", Time since last: 1000283500 ns, Reaching safepoint: 171700 ns, At safepoint: 42300 ns, Total: 214000 ns
[2020-04-26T16:56:54.158+0000][1][safepoint    ] Safepoint "Cleanup", Time since last: 1000282500 ns, Reaching safepoint: 323800 ns, At safepoint: 96200 ns, Total: 420000 ns
[2020-04-26T16:56:55.159+0000][1][safepoint    ] Safepoint "Cleanup", Time since last: 1000575700 ns, Reaching safepoint: 446700 ns, At safepoint: 138100 ns, Total: 584800 ns
[2020-04-26T16:56:56.160+0000][1][safepoint    ] Safepoint "Cleanup", Time since last: 1000360400 ns, Reaching safepoint: 400500 ns, At safepoint: 127500 ns, Total: 528000 ns
[2020-04-26T16:56:57.162+0000][1][safepoint    ] Safepoint "Cleanup", Time since last: 1000767400 ns, Reaching safepoint: 440800 ns, At safepoint: 137900 ns, Total: 578700 ns
[2020-04-26T16:56:58.163+0000][1][safepoint    ] Safepoint "Cleanup", Time since last: 1000694000 ns, Reaching safepoint: 364900 ns, At safepoint: 99000 ns, Total: 463900 ns
[2020-04-26T16:56:59.164+0000][1][safepoint    ] Safepoint "Cleanup", Time since last: 1000335300 ns, Reaching safepoint: 496600 ns, At safepoint: 129200 ns, Total: 625800 ns
[2020-04-26T16:57:00.165+0000][1][safepoint    ] Safepoint "Cleanup", Time since last: 1000307300 ns, Reaching safepoint: 439200 ns, At safepoint: 135500 ns, Total: 574700 ns
[2020-04-26T16:57:01.166+0000][1][safepoint    ] Safepoint "Cleanup", Time since last: 1000369300 ns, Reaching safepoint: 438200 ns, At safepoint: 135000 ns, Total: 573200 ns
[2020-04-26T16:57:02.167+0000][1][safepoint    ] Safepoint "Cleanup", Time since last: 1000358100 ns, Reaching safepoint: 464100 ns, At safepoint: 179600 ns, Total: 643700 ns
[2020-04-26T16:57:03.167+0000][1][safepoint    ] Safepoint "Cleanup", Time since last: 1000360000 ns, Reaching safepoint: 294500 ns, At safepoint: 72100 ns, Total: 366600 ns
[2020-04-26T16:57:04.168+0000][1][safepoint    ] Safepoint "Cleanup", Time since last: 1000316500 ns, Reaching safepoint: 536000 ns, At safepoint: 129600 ns, Total: 665600 ns
[2020-04-26T16:57:05.170+0000][1][safepoint    ] Safepoint "Cleanup", Time since last: 1000696500 ns, Reaching safepoint: 438600 ns, At safepoint: 137200 ns, Total: 575800 ns
[2020-04-26T16:57:06.170+0000][1][safepoint    ] Safepoint "Cleanup", Time since last: 1000458700 ns, Reaching safepoint: 226100 ns, At safepoint: 69900 ns, Total: 296000 ns
[2020-04-26T16:57:07.171+0000][1][safepoint    ] Safepoint "Cleanup", Time since last: 1000561400 ns, Reaching safepoint: 143600 ns, At safepoint: 36600 ns, Total: 180200 ns
[2020-04-26T16:57:08.172+0000][1][safepoint    ] Safepoint "Cleanup", Time since last: 1000579100 ns, Reaching safepoint: 439600 ns, At safepoint: 138200 ns, Total: 577800 ns
[2020-04-26T16:57:09.173+0000][1][safepoint    ] Safepoint "Cleanup", Time since last: 1000408100 ns, Reaching safepoint: 486400 ns, At safepoint: 147300 ns, Total: 633700 ns
[2020-04-26T16:57:10.174+0000][1][safepoint    ] Safepoint "Cleanup", Time since last: 1000611700 ns, Reaching safepoint: 146100 ns, At safepoint: 36400 ns, Total: 182500 ns
[2020-04-26T16:57:11.175+0000][1][safepoint    ] Safepoint "Cleanup", Time since last: 1000545200 ns, Reaching safepoint: 436900 ns, At safepoint: 137100 ns, Total: 574000 ns
[2020-04-26T16:57:12.176+0000][1][safepoint    ] Safepoint "Cleanup", Time since last: 1000479500 ns, Reaching safepoint: 494600 ns, At safepoint: 131200 ns, Total: 625800 ns
[2020-04-26T16:57:13.177+0000][1][safepoint    ] Safepoint "Cleanup", Time since last: 1000381300 ns, Reaching safepoint: 503800 ns, At safepoint: 129700 ns, Total: 633500 ns
[2020-04-26T16:57:14.178+0000][1][safepoint    ] Safepoint "Cleanup", Time since last: 1000346300 ns, Reaching safepoint: 435300 ns, At safepoint: 136000 ns, Total: 571300 ns
[2020-04-26T16:57:15.179+0000][1][safepoint    ] Safepoint "Cleanup", Time since last: 1000701600 ns, Reaching safepoint: 185900 ns, At safepoint: 70900 ns, Total: 256800 ns
[2020-04-26T16:57:16.180+0000][1][safepoint    ] Safepoint "Cleanup", Time since last: 1000484400 ns, Reaching safepoint: 442600 ns, At safepoint: 210400 ns, Total: 653000 ns
[2020-04-26T16:57:17.181+0000][1][safepoint    ] Safepoint "Cleanup", Time since last: 1000386700 ns, Reaching safepoint: 176700 ns, At safepoint: 30600 ns, Total: 207300 ns
[2020-04-26T16:57:18.182+0000][1][safepoint    ] Safepoint "Cleanup", Time since last: 1000319000 ns, Reaching safepoint: 436700 ns, At safepoint: 174800 ns, Total: 611500 ns
[2020-04-26T16:57:19.183+0000][1][safepoint    ] Safepoint "Cleanup", Time since last: 1000437000 ns, Reaching safepoint: 503500 ns, At safepoint: 144100 ns, Total: 647600 ns
[2020-04-26T16:57:20.184+0000][1][safepoint    ] Safepoint "Cleanup", Time since last: 1000313700 ns, Reaching safepoint: 434100 ns, At safepoint: 134700 ns, Total: 568800 ns
[2020-04-26T16:57:21.185+0000][1][safepoint    ] Safepoint "Cleanup", Time since last: 1000398500 ns, Reaching safepoint: 208500 ns, At safepoint: 57300 ns, Total: 265800 ns
[2020-04-26T16:57:22.185+0000][1][safepoint    ] Safepoint "Cleanup", Time since last: 1000530100 ns, Reaching safepoint: 302900 ns, At safepoint: 93800 ns, Total: 396700 ns
[2020-04-26T16:57:23.186+0000][1][safepoint    ] Safepoint "Cleanup", Time since last: 1000337100 ns, Reaching safepoint: 497800 ns, At safepoint: 131100 ns, Total: 628900 ns
[2020-04-26T16:57:24.187+0000][1][safepoint    ] Safepoint "Cleanup", Time since last: 1000407600 ns, Reaching safepoint: 144600 ns, At safepoint: 29700 ns, Total: 174300 ns
[2020-04-26T16:57:25.188+0000][1][safepoint    ] Safepoint "Cleanup", Time since last: 1000570400 ns, Reaching safepoint: 437200 ns, At safepoint: 138100 ns, Total: 575300 ns
[2020-04-26T16:57:26.189+0000][1][safepoint    ] Safepoint "Cleanup", Time since last: 1000299200 ns, Reaching safepoint: 151400 ns, At safepoint: 33800 ns, Total: 185200 ns
[2020-04-26T16:57:27.189+0000][1][safepoint    ] Safepoint "Cleanup", Time since last: 1000166700 ns, Reaching safepoint: 133200 ns, At safepoint: 30100 ns, Total: 163300 ns
[2020-04-26T16:57:28.190+0000][1][safepoint    ] Safepoint "Cleanup", Time since last: 1000560600 ns, Reaching safepoint: 450000 ns, At safepoint: 203600 ns, Total: 653600 ns
[2020-04-26T16:57:29.191+0000][1][safepoint    ] Safepoint "Cleanup", Time since last: 1000567000 ns, Reaching safepoint: 212800 ns, At safepoint: 62300 ns, Total: 275100 ns
[2020-04-26T16:57:30.192+0000][1][safepoint    ] Safepoint "Cleanup", Time since last: 1000463800 ns, Reaching safepoint: 175900 ns, At safepoint: 47600 ns, Total: 223500 ns
[2020-04-26T16:57:31.192+0000][1][safepoint    ] Safepoint "Cleanup", Time since last: 1000507200 ns, Reaching safepoint: 138200 ns, At safepoint: 34400 ns, Total: 172600 ns
[2020-04-26T16:57:32.193+0000][1][safepoint    ] Safepoint "Cleanup", Time since last: 1000285800 ns, Reaching safepoint: 128500 ns, At safepoint: 29400 ns, Total: 157900 ns
[2020-04-26T16:57:33.194+0000][1][safepoint    ] Safepoint "Cleanup", Time since last: 1000252700 ns, Reaching safepoint: 449900 ns, At safepoint: 144600 ns, Total: 594500 ns
[2020-04-26T16:57:34.194+0000][1][safepoint    ] Safepoint "Cleanup", Time since last: 1000336000 ns, Reaching safepoint: 193000 ns, At safepoint: 46800 ns, Total: 239800 ns
[2020-04-26T16:57:35.196+0000][1][safepoint    ] Safepoint "Cleanup", Time since last: 1000619400 ns, Reaching safepoint: 508000 ns, At safepoint: 309300 ns, Total: 817300 ns
[2020-04-26T16:57:36.197+0000][1][safepoint    ] Safepoint "Cleanup", Time since last: 1000407500 ns, Reaching safepoint: 445900 ns, At safepoint: 154300 ns, Total: 600200 ns
[2020-04-26T16:57:37.197+0000][1][safepoint    ] Safepoint "Cleanup", Time since last: 1000374100 ns, Reaching safepoint: 198800 ns, At safepoint: 45500 ns, Total: 244300 ns
[2020-04-26T16:57:38.198+0000][1][safepoint    ] Safepoint "Cleanup", Time since last: 1000288900 ns, Reaching safepoint: 407800 ns, At safepoint: 126700 ns, Total: 534500 ns
[2020-04-26T16:57:39.199+0000][1][safepoint    ] Safepoint "Cleanup", Time since last: 1000210800 ns, Reaching safepoint: 196700 ns, At safepoint: 32200 ns, Total: 228900 ns
[2020-04-26T16:57:40.142+0000][1][safepoint    ] Safepoint "RevokeBias", Time since last: 943340900 ns, Reaching safepoint: 163300 ns, At safepoint: 100100 ns, Total: 263400 ns
[2020-04-26T16:57:40.143+0000][1][safepoint    ] Safepoint "RevokeBias", Time since last: 140400 ns, Reaching safepoint: 313500 ns, At safepoint: 86200 ns, Total: 399700 ns
[2020-04-26T16:57:40.144+0000][1][safepoint    ] Safepoint "BulkRevokeBias", Time since last: 176100 ns, Reaching safepoint: 254700 ns, At safepoint: 611200 ns, Total: 865900 ns
[2020-04-26T16:57:40.150+0000][1][safepoint    ] Safepoint "RevokeBias", Time since last: 6430900 ns, Reaching safepoint: 149000 ns, At safepoint: 82500 ns, Total: 231500 ns
[2020-04-26T16:57:40.151+0000][1][safepoint    ] Safepoint "RevokeBias", Time since last: 168300 ns, Reaching safepoint: 239300 ns, At safepoint: 81000 ns, Total: 320300 ns
[2020-04-26T16:57:40.152+0000][1][safepoint    ] Safepoint "RevokeBias", Time since last: 258100 ns, Reaching safepoint: 226600 ns, At safepoint: 141400 ns, Total: 368000 ns
[2020-04-26T16:57:41.152+0000][1][safepoint    ] Safepoint "Cleanup", Time since last: 1000173600 ns, Reaching safepoint: 133300 ns, At safepoint: 27700 ns, Total: 161000 ns
[2020-04-26T16:57:42.152+0000][1][safepoint    ] Safepoint "Cleanup", Time since last: 1000147200 ns, Reaching safepoint: 130200 ns, At safepoint: 26100 ns, Total: 156300 ns
[2020-04-26T16:57:43.153+0000][1][safepoint    ] Safepoint "Cleanup", Time since last: 1000172300 ns, Reaching safepoint: 148500 ns, At safepoint: 30800 ns, Total: 179300 ns
[2020-04-26T16:57:44.153+0000][1][safepoint    ] Safepoint "Cleanup", Time since last: 1000151300 ns, Reaching safepoint: 134500 ns, At safepoint: 27700 ns, Total: 162200 ns
[2020-04-26T16:57:45.153+0000][1][safepoint    ] Safepoint "Cleanup", Time since last: 1000160400 ns, Reaching safepoint: 130800 ns, At safepoint: 28600 ns, Total: 159400 ns
[2020-04-26T16:57:46.153+0000][1][safepoint    ] Safepoint "Cleanup", Time since last: 1000165100 ns, Reaching safepoint: 130300 ns, At safepoint: 25200 ns, Total: 155500 ns
[2020-04-26T16:57:47.154+0000][1][safepoint    ] Safepoint "Cleanup", Time since last: 1000191700 ns, Reaching safepoint: 128000 ns, At safepoint: 44000 ns, Total: 172000 ns
[2020-04-26T16:57:48.154+0000][1][safepoint    ] Safepoint "Cleanup", Time since last: 1000207900 ns, Reaching safepoint: 162900 ns, At safepoint: 65900 ns, Total: 228800 ns
[2020-04-26T16:57:49.155+0000][1][safepoint    ] Safepoint "Cleanup", Time since last: 1000114500 ns, Reaching safepoint: 132200 ns, At safepoint: 27800 ns, Total: 160000 ns
[2020-04-26T16:57:50.155+0000][1][safepoint    ] Safepoint "Cleanup", Time since last: 1000161000 ns, Reaching safepoint: 133100 ns, At safepoint: 28800 ns, Total: 161900 ns
[2020-04-26T16:57:51.155+0000][1][safepoint    ] Safepoint "Cleanup", Time since last: 1000165100 ns, Reaching safepoint: 130300 ns, At safepoint: 28300 ns, Total: 158600 ns
[2020-04-26T16:57:52.156+0000][1][safepoint    ] Safepoint "Cleanup", Time since last: 1000333500 ns, Reaching safepoint: 166100 ns, At safepoint: 39100 ns, Total: 205200 ns
[2020-04-26T16:57:53.157+0000][1][safepoint    ] Safepoint "Cleanup", Time since last: 1000569500 ns, Reaching safepoint: 304100 ns, At safepoint: 88900 ns, Total: 393000 ns
[2020-04-26T16:57:54.157+0000][1][safepoint    ] Safepoint "Cleanup", Time since last: 1000239000 ns, Reaching safepoint: 128500 ns, At safepoint: 32000 ns, Total: 160500 ns
[2020-04-26T16:57:55.158+0000][1][safepoint    ] Safepoint "Cleanup", Time since last: 1000179800 ns, Reaching safepoint: 187000 ns, At safepoint: 48100 ns, Total: 235100 ns
[2020-04-26T16:57:56.158+0000][1][safepoint    ] Safepoint "Cleanup", Time since last: 1000355500 ns, Reaching safepoint: 205500 ns, At safepoint: 57300 ns, Total: 262800 ns
[2020-04-26T16:57:57.159+0000][1][safepoint    ] Safepoint "Cleanup", Time since last: 1000201100 ns, Reaching safepoint: 133700 ns, At safepoint: 31400 ns, Total: 165100 ns
[2020-04-26T16:57:58.160+0000][1][safepoint    ] Safepoint "Cleanup", Time since last: 1000545000 ns, Reaching safepoint: 561000 ns, At safepoint: 140200 ns, Total: 701200 ns
[2020-04-26T16:57:59.161+0000][1][safepoint    ] Safepoint "Cleanup", Time since last: 1000470000 ns, Reaching safepoint: 428400 ns, At safepoint: 129600 ns, Total: 558000 ns
[2020-04-26T16:58:00.162+0000][1][safepoint    ] Safepoint "Cleanup", Time since last: 1000365200 ns, Reaching safepoint: 445000 ns, At safepoint: 140200 ns, Total: 585200 ns
[2020-04-26T16:58:01.163+0000][1][safepoint    ] Safepoint "Cleanup", Time since last: 1000566500 ns, Reaching safepoint: 217500 ns, At safepoint: 50200 ns, Total: 267700 ns
[2020-04-26T16:58:02.163+0000][1][safepoint    ] Safepoint "Cleanup", Time since last: 1000221300 ns, Reaching safepoint: 232100 ns, At safepoint: 63100 ns, Total: 295200 ns
[2020-04-26T16:58:03.164+0000][1][safepoint    ] Safepoint "Cleanup", Time since last: 1000527200 ns, Reaching safepoint: 214100 ns, At safepoint: 60400 ns, Total: 274500 ns
[2020-04-26T16:58:04.164+0000][1][safepoint    ] Safepoint "Cleanup", Time since last: 1000256000 ns, Reaching safepoint: 192900 ns, At safepoint: 28600 ns, Total: 221500 ns
[2020-04-26T16:58:05.168+0000][1][safepoint    ] Safepoint "Cleanup", Time since last: 1003439000 ns, Reaching safepoint: 513000 ns, At safepoint: 132300 ns, Total: 645300 ns
[2020-04-26T16:58:06.169+0000][1][safepoint    ] Safepoint "Cleanup", Time since last: 1000196400 ns, Reaching safepoint: 133300 ns, At safepoint: 31300 ns, Total: 164600 ns
[2020-04-26T16:58:07.169+0000][1][safepoint    ] Safepoint "Cleanup", Time since last: 1000324000 ns, Reaching safepoint: 163500 ns, At safepoint: 33400 ns, Total: 196900 ns
[2020-04-26T16:58:08.170+0000][1][safepoint    ] Safepoint "Cleanup", Time since last: 1000437300 ns, Reaching safepoint: 223400 ns, At safepoint: 63000 ns, Total: 286400 ns
[2020-04-26T16:58:09.171+0000][1][safepoint    ] Safepoint "Cleanup", Time since last: 1000408700 ns, Reaching safepoint: 137400 ns, At safepoint: 33800 ns, Total: 171200 ns
[2020-04-26T16:58:10.172+0000][1][safepoint    ] Safepoint "Cleanup", Time since last: 1000393600 ns, Reaching safepoint: 521400 ns, At safepoint: 132600 ns, Total: 654000 ns
[2020-04-26T16:58:11.173+0000][1][safepoint    ] Safepoint "Cleanup", Time since last: 1000582400 ns, Reaching safepoint: 176200 ns, At safepoint: 68900 ns, Total: 245100 ns
[2020-04-26T16:58:12.173+0000][1][safepoint    ] Safepoint "Cleanup", Time since last: 1000545700 ns, Reaching safepoint: 155500 ns, At safepoint: 40800 ns, Total: 196300 ns
[2020-04-26T16:58:13.175+0000][1][safepoint    ] Safepoint "Cleanup", Time since last: 1000683800 ns, Reaching safepoint: 573200 ns, At safepoint: 126800 ns, Total: 700000 ns
[2020-04-26T16:58:14.175+0000][1][safepoint    ] Safepoint "Cleanup", Time since last: 1000338300 ns, Reaching safepoint: 328800 ns, At safepoint: 103000 ns, Total: 431800 ns
[2020-04-26T16:58:14.232+0000][1][gc,start     ] GC(36) Pause Young (Allocation Failure)
[2020-04-26T16:58:14.232+0000][1][gc,task      ] GC(36) Using 10 workers of 10 for evacuation
[2020-04-26T16:58:14.241+0000][1][gc,age       ] GC(36) Desired survivor size 8945664 bytes, new threshold 6 (max threshold 6)
[2020-04-26T16:58:14.241+0000][1][gc,age       ] GC(36) Age table with threshold 6 (max threshold 6)
[2020-04-26T16:58:14.241+0000][1][gc,age       ] GC(36) - age   1:      77600 bytes,      77600 total
[2020-04-26T16:58:14.241+0000][1][gc,age       ] GC(36) - age   2:      26192 bytes,     103792 total
[2020-04-26T16:58:14.241+0000][1][gc,age       ] GC(36) - age   3:      26000 bytes,     129792 total
[2020-04-26T16:58:14.241+0000][1][gc,age       ] GC(36) - age   4:      70080 bytes,     199872 total
[2020-04-26T16:58:14.241+0000][1][gc,age       ] GC(36) - age   5:     172944 bytes,     372816 total
[2020-04-26T16:58:14.241+0000][1][gc,age       ] GC(36) - age   6:     102176 bytes,     474992 total
[2020-04-26T16:58:14.241+0000][1][gc,heap      ] GC(36) ParNew: 140907K->651K(157248K)
[2020-04-26T16:58:14.241+0000][1][gc,heap      ] GC(36) CMS: 79098K->79255K(349568K)
[2020-04-26T16:58:14.241+0000][1][gc,metaspace ] GC(36) Metaspace: 96614K->96614K(1138688K)
[2020-04-26T16:58:14.242+0000][1][gc           ] GC(36) Pause Young (Allocation Failure) 214M->78M(494M) 9.871ms
[2020-04-26T16:58:14.242+0000][1][gc,cpu       ] GC(36) User=0.03s Sys=0.01s Real=0.01s
[2020-04-26T16:58:14.242+0000][1][safepoint    ] Safepoint "GenCollectForAllocation", Time since last: 55800600 ns, Reaching safepoint: 488500 ns, At safepoint: 10208500 ns, Total: 10697000 ns
[2020-04-26T16:58:15.242+0000][1][safepoint    ] Safepoint "Cleanup", Time since last: 1000262300 ns, Reaching safepoint: 127400 ns, At safepoint: 27900 ns, Total: 155300 ns
[2020-04-26T16:58:16.243+0000][1][safepoint    ] Safepoint "Cleanup", Time since last: 1000181900 ns, Reaching safepoint: 239200 ns, At safepoint: 29100 ns, Total: 268300 ns
[2020-04-26T16:58:17.244+0000][1][safepoint    ] Safepoint "Cleanup", Time since last: 1000324800 ns, Reaching safepoint: 426900 ns, At safepoint: 129500 ns, Total: 556400 ns
[2020-04-26T16:58:18.244+0000][1][safepoint    ] Safepoint "Cleanup", Time since last: 1000598100 ns, Reaching safepoint: 148300 ns, At safepoint: 39600 ns, Total: 187900 ns
[2020-04-26T16:58:19.245+0000][1][safepoint    ] Safepoint "Cleanup", Time since last: 1000485700 ns, Reaching safepoint: 357300 ns, At safepoint: 165300 ns, Total: 522600 ns
[2020-04-26T16:58:20.246+0000][1][safepoint    ] Safepoint "Cleanup", Time since last: 1000222500 ns, Reaching safepoint: 141600 ns, At safepoint: 33100 ns, Total: 174700 ns
[2020-04-26T16:58:21.247+0000][1][safepoint    ] Safepoint "Cleanup", Time since last: 1000415300 ns, Reaching safepoint: 429800 ns, At safepoint: 140900 ns, Total: 570700 ns
[2020-04-26T16:58:22.248+0000][1][safepoint    ] Safepoint "Cleanup", Time since last: 1000588100 ns, Reaching safepoint: 139300 ns, At safepoint: 34300 ns, Total: 173600 ns
[2020-04-26T16:58:23.249+0000][1][safepoint    ] Safepoint "Cleanup", Time since last: 1000311000 ns, Reaching safepoint: 502300 ns, At safepoint: 204700 ns, Total: 707000 ns
[2020-04-26T16:58:24.250+0000][1][safepoint    ] Safepoint "Cleanup", Time since last: 1000331700 ns, Reaching safepoint: 425200 ns, At safepoint: 140300 ns, Total: 565500 ns
[2020-04-26T16:58:25.251+0000][1][safepoint    ] Safepoint "Cleanup", Time since last: 1000608000 ns, Reaching safepoint: 429100 ns, At safepoint: 115800 ns, Total: 544900 ns
[2020-04-26T16:58:26.252+0000][1][safepoint    ] Safepoint "Cleanup", Time since last: 1000767200 ns, Reaching safepoint: 437500 ns, At safepoint: 212700 ns, Total: 650200 ns
[2020-04-26T16:58:27.253+0000][1][safepoint    ] Safepoint "Cleanup", Time since last: 1000537300 ns, Reaching safepoint: 328400 ns, At safepoint: 147700 ns, Total: 476100 ns
[2020-04-26T16:58:28.254+0000][1][safepoint    ] Safepoint "Cleanup", Time since last: 1000584400 ns, Reaching safepoint: 227600 ns, At safepoint: 44400 ns, Total: 272000 ns
[2020-04-26T16:58:29.255+0000][1][safepoint    ] Safepoint "Cleanup", Time since last: 1000577300 ns, Reaching safepoint: 431800 ns, At safepoint: 204500 ns, Total: 636300 ns
[2020-04-26T16:58:30.256+0000][1][safepoint    ] Safepoint "Cleanup", Time since last: 1000606400 ns, Reaching safepoint: 172100 ns, At safepoint: 65700 ns, Total: 237800 ns
[2020-04-26T16:58:31.257+0000][1][safepoint    ] Safepoint "Cleanup", Time since last: 1000328900 ns, Reaching safepoint: 442300 ns, At safepoint: 254100 ns, Total: 696400 ns
[2020-04-26T16:58:32.258+0000][1][safepoint    ] Safepoint "Cleanup", Time since last: 1000582000 ns, Reaching safepoint: 448200 ns, At safepoint: 210000 ns, Total: 658200 ns
[2020-04-26T16:58:33.259+0000][1][safepoint    ] Safepoint "Cleanup", Time since last: 1000496100 ns, Reaching safepoint: 167800 ns, At safepoint: 63800 ns, Total: 231600 ns
[2020-04-26T16:58:34.260+0000][1][safepoint    ] Safepoint "Cleanup", Time since last: 1000572700 ns, Reaching safepoint: 471600 ns, At safepoint: 206900 ns, Total: 678500 ns
[2020-04-26T16:58:35.262+0000][1][safepoint    ] Safepoint "Cleanup", Time since last: 1000596900 ns, Reaching safepoint: 451200 ns, At safepoint: 205200 ns, Total: 656400 ns
[2020-04-26T16:58:36.263+0000][1][safepoint    ] Safepoint "Cleanup", Time since last: 1000684100 ns, Reaching safepoint: 503200 ns, At safepoint: 206900 ns, Total: 710100 ns
[2020-04-26T16:58:37.264+0000][1][safepoint    ] Safepoint "Cleanup", Time since last: 1000444200 ns, Reaching safepoint: 265800 ns, At safepoint: 79100 ns, Total: 344900 ns
[2020-04-26T16:58:38.264+0000][1][safepoint    ] Safepoint "Cleanup", Time since last: 1000471500 ns, Reaching safepoint: 169300 ns, At safepoint: 64000 ns, Total: 233300 ns
[2020-04-26T16:58:39.265+0000][1][safepoint    ] Safepoint "Cleanup", Time since last: 1000308400 ns, Reaching safepoint: 324100 ns, At safepoint: 99800 ns, Total: 423900 ns
[2020-04-26T16:58:40.266+0000][1][safepoint    ] Safepoint "Cleanup", Time since last: 1000570800 ns, Reaching safepoint: 206600 ns, At safepoint: 57600 ns, Total: 264200 ns
[2020-04-26T16:58:41.267+0000][1][safepoint    ] Safepoint "Cleanup", Time since last: 1000536700 ns, Reaching safepoint: 128600 ns, At safepoint: 31200 ns, Total: 159800 ns
[2020-04-26T16:58:42.144+0000][1][safepoint    ] Safepoint "RevokeBias", Time since last: 877589100 ns, Reaching safepoint: 128700 ns, At safepoint: 64900 ns, Total: 193600 ns
[2020-04-26T16:58:42.145+0000][1][safepoint    ] Safepoint "RevokeBias", Time since last: 134700 ns, Reaching safepoint: 184100 ns, At safepoint: 78500 ns, Total: 262600 ns
[2020-04-26T16:58:42.145+0000][1][safepoint    ] Safepoint "RevokeBias", Time since last: 164400 ns, Reaching safepoint: 163700 ns, At safepoint: 58000 ns, Total: 221700 ns
[2020-04-26T16:58:42.150+0000][1][safepoint    ] Safepoint "RevokeBias", Time since last: 4861800 ns, Reaching safepoint: 144200 ns, At safepoint: 124100 ns, Total: 268300 ns
[2020-04-26T16:58:42.151+0000][1][safepoint    ] Safepoint "RevokeBias", Time since last: 87700 ns, Reaching safepoint: 139900 ns, At safepoint: 102600 ns, Total: 242500 ns
[2020-04-26T16:58:43.152+0000][1][safepoint    ] Safepoint "Cleanup", Time since last: 1000503200 ns, Reaching safepoint: 448200 ns, At safepoint: 344500 ns, Total: 792700 ns
[2020-04-26T16:58:44.153+0000][1][safepoint    ] Safepoint "Cleanup", Time since last: 1000584400 ns, Reaching safepoint: 191200 ns, At safepoint: 48300 ns, Total: 239500 ns
[2020-04-26T16:58:45.154+0000][1][safepoint    ] Safepoint "Cleanup", Time since last: 1000422200 ns, Reaching safepoint: 433400 ns, At safepoint: 147800 ns, Total: 581200 ns
[2020-04-26T16:58:46.154+0000][1][safepoint    ] Safepoint "Cleanup", Time since last: 1000234400 ns, Reaching safepoint: 165900 ns, At safepoint: 34100 ns, Total: 200000 ns
[2020-04-26T16:58:47.155+0000][1][safepoint    ] Safepoint "Cleanup", Time since last: 1000146200 ns, Reaching safepoint: 160400 ns, At safepoint: 47800 ns, Total: 208200 ns
[2020-04-26T16:58:48.156+0000][1][safepoint    ] Safepoint "Cleanup", Time since last: 1000408200 ns, Reaching safepoint: 429100 ns, At safepoint: 142200 ns, Total: 571300 ns
[2020-04-26T16:58:49.156+0000][1][safepoint    ] Safepoint "Cleanup", Time since last: 1000446000 ns, Reaching safepoint: 347700 ns, At safepoint: 83300 ns, Total: 431000 ns
[2020-04-26T16:58:50.157+0000][1][safepoint    ] Safepoint "Cleanup", Time since last: 1000378300 ns, Reaching safepoint: 484700 ns, At safepoint: 169700 ns, Total: 654400 ns
[2020-04-26T16:58:51.158+0000][1][safepoint    ] Safepoint "Cleanup", Time since last: 1000377000 ns, Reaching safepoint: 141300 ns, At safepoint: 38600 ns, Total: 179900 ns
[2020-04-26T16:58:52.158+0000][1][safepoint    ] Safepoint "Cleanup", Time since last: 1000272900 ns, Reaching safepoint: 141300 ns, At safepoint: 33800 ns, Total: 175100 ns
[2020-04-26T16:58:53.159+0000][1][safepoint    ] Safepoint "Cleanup", Time since last: 1000176000 ns, Reaching safepoint: 152100 ns, At safepoint: 31500 ns, Total: 183600 ns
[2020-04-26T16:58:54.160+0000][1][safepoint    ] Safepoint "Cleanup", Time since last: 1000728100 ns, Reaching safepoint: 436900 ns, At safepoint: 142900 ns, Total: 579800 ns
[2020-04-26T16:58:55.161+0000][1][safepoint    ] Safepoint "Cleanup", Time since last: 1000216000 ns, Reaching safepoint: 130700 ns, At safepoint: 29300 ns, Total: 160000 ns
[2020-04-26T16:58:56.162+0000][1][safepoint    ] Safepoint "Cleanup", Time since last: 1000781900 ns, Reaching safepoint: 436900 ns, At safepoint: 142800 ns, Total: 579700 ns
[2020-04-26T16:58:57.163+0000][1][safepoint    ] Safepoint "Cleanup", Time since last: 1000875000 ns, Reaching safepoint: 436400 ns, At safepoint: 144400 ns, Total: 580800 ns
[2020-04-26T16:58:58.165+0000][1][safepoint    ] Safepoint "Cleanup", Time since last: 1000795900 ns, Reaching safepoint: 436200 ns, At safepoint: 142800 ns, Total: 579000 ns
[2020-04-26T16:58:59.165+0000][1][safepoint    ] Safepoint "Cleanup", Time since last: 1000350100 ns, Reaching safepoint: 167900 ns, At safepoint: 35200 ns, Total: 203100 ns
[2020-04-26T16:59:00.166+0000][1][safepoint    ] Safepoint "Cleanup", Time since last: 1000255300 ns, Reaching safepoint: 219100 ns, At safepoint: 61500 ns, Total: 280600 ns
[2020-04-26T16:59:01.167+0000][1][safepoint    ] Safepoint "Cleanup", Time since last: 1000307300 ns, Reaching safepoint: 483600 ns, At safepoint: 131400 ns, Total: 615000 ns
[2020-04-26T16:59:02.167+0000][1][safepoint    ] Safepoint "Cleanup", Time since last: 1000237100 ns, Reaching safepoint: 134800 ns, At safepoint: 28600 ns, Total: 163400 ns
[2020-04-26T16:59:03.167+0000][1][safepoint    ] Safepoint "Cleanup", Time since last: 1000184300 ns, Reaching safepoint: 136500 ns, At safepoint: 33400 ns, Total: 169900 ns
[2020-04-26T16:59:04.169+0000][1][safepoint    ] Safepoint "Cleanup", Time since last: 1000416200 ns, Reaching safepoint: 505900 ns, At safepoint: 141000 ns, Total: 646900 ns
[2020-04-26T16:59:05.170+0000][1][safepoint    ] Safepoint "Cleanup", Time since last: 1000387000 ns, Reaching safepoint: 458200 ns, At safepoint: 136000 ns, Total: 594200 ns
[2020-04-26T16:59:06.170+0000][1][safepoint    ] Safepoint "Cleanup", Time since last: 1000258400 ns, Reaching safepoint: 225600 ns, At safepoint: 60800 ns, Total: 286400 ns
[2020-04-26T16:59:07.171+0000][1][safepoint    ] Safepoint "Cleanup", Time since last: 1000236800 ns, Reaching safepoint: 322000 ns, At safepoint: 98300 ns, Total: 420300 ns
[2020-04-26T16:59:08.171+0000][1][safepoint    ] Safepoint "Cleanup", Time since last: 1000245700 ns, Reaching safepoint: 141900 ns, At safepoint: 29000 ns, Total: 170900 ns
[2020-04-26T16:59:09.172+0000][1][safepoint    ] Safepoint "Cleanup", Time since last: 1000210500 ns, Reaching safepoint: 278100 ns, At safepoint: 32600 ns, Total: 310700 ns
[2020-04-26T16:59:10.172+0000][1][safepoint    ] Safepoint "Cleanup", Time since last: 1000167600 ns, Reaching safepoint: 129500 ns, At safepoint: 26000 ns, Total: 155500 ns
[2020-04-26T16:59:11.173+0000][1][safepoint    ] Safepoint "Cleanup", Time since last: 1000577900 ns, Reaching safepoint: 175800 ns, At safepoint: 47100 ns, Total: 222900 ns
[2020-04-26T16:59:12.174+0000][1][safepoint    ] Safepoint "Cleanup", Time since last: 1000332400 ns, Reaching safepoint: 375600 ns, At safepoint: 98300 ns, Total: 473900 ns
[2020-04-26T16:59:13.174+0000][1][safepoint    ] Safepoint "Cleanup", Time since last: 1000321700 ns, Reaching safepoint: 131200 ns, At safepoint: 32700 ns, Total: 163900 ns
[2020-04-26T16:59:14.175+0000][1][safepoint    ] Safepoint "Cleanup", Time since last: 1000432900 ns, Reaching safepoint: 433200 ns, At safepoint: 136900 ns, Total: 570100 ns
[2020-04-26T16:59:15.176+0000][1][safepoint    ] Safepoint "Cleanup", Time since last: 1000679400 ns, Reaching safepoint: 440000 ns, At safepoint: 138900 ns, Total: 578900 ns
[2020-04-26T16:59:16.178+0000][1][safepoint    ] Safepoint "Cleanup", Time since last: 1000700900 ns, Reaching safepoint: 435800 ns, At safepoint: 138400 ns, Total: 574200 ns
[2020-04-26T16:59:17.179+0000][1][safepoint    ] Safepoint "Cleanup", Time since last: 1000633000 ns, Reaching safepoint: 285700 ns, At safepoint: 75500 ns, Total: 361200 ns
[2020-04-26T16:59:18.180+0000][1][safepoint    ] Safepoint "Cleanup", Time since last: 1000669800 ns, Reaching safepoint: 664900 ns, At safepoint: 147400 ns, Total: 812300 ns
[2020-04-26T16:59:19.181+0000][1][safepoint    ] Safepoint "Cleanup", Time since last: 1000491400 ns, Reaching safepoint: 530300 ns, At safepoint: 144300 ns, Total: 674600 ns
[2020-04-26T16:59:20.183+0000][1][safepoint    ] Safepoint "Cleanup", Time since last: 1000735600 ns, Reaching safepoint: 521500 ns, At safepoint: 146300 ns, Total: 667800 ns
[2020-04-26T16:59:21.184+0000][1][safepoint    ] Safepoint "Cleanup", Time since last: 1000584000 ns, Reaching safepoint: 439400 ns, At safepoint: 144500 ns, Total: 583900 ns
[2020-04-26T16:59:22.184+0000][1][safepoint    ] Safepoint "Cleanup", Time since last: 1000302200 ns, Reaching safepoint: 171600 ns, At safepoint: 45600 ns, Total: 217200 ns
[2020-04-26T16:59:23.185+0000][1][safepoint    ] Safepoint "Cleanup", Time since last: 1000138600 ns, Reaching safepoint: 176800 ns, At safepoint: 40200 ns, Total: 217000 ns
[2020-04-26T16:59:24.186+0000][1][safepoint    ] Safepoint "Cleanup", Time since last: 1000465800 ns, Reaching safepoint: 431000 ns, At safepoint: 135200 ns, Total: 566200 ns
[2020-04-26T16:59:25.187+0000][1][safepoint    ] Safepoint "Cleanup", Time since last: 1000603900 ns, Reaching safepoint: 129600 ns, At safepoint: 32200 ns, Total: 161800 ns
[2020-04-26T16:59:26.188+0000][1][safepoint    ] Safepoint "Cleanup", Time since last: 1000564900 ns, Reaching safepoint: 457900 ns, At safepoint: 156700 ns, Total: 614600 ns
[2020-04-26T16:59:27.189+0000][1][safepoint    ] Safepoint "Cleanup", Time since last: 1000392900 ns, Reaching safepoint: 438700 ns, At safepoint: 150400 ns, Total: 589100 ns
[2020-04-26T16:59:28.190+0000][1][safepoint    ] Safepoint "Cleanup", Time since last: 1000547600 ns, Reaching safepoint: 498800 ns, At safepoint: 134800 ns, Total: 633600 ns
[2020-04-26T16:59:29.190+0000][1][safepoint    ] Safepoint "Cleanup", Time since last: 1000195000 ns, Reaching safepoint: 210100 ns, At safepoint: 68200 ns, Total: 278300 ns
[2020-04-26T16:59:30.191+0000][1][safepoint    ] Safepoint "Cleanup", Time since last: 1000535600 ns, Reaching safepoint: 128600 ns, At safepoint: 31000 ns, Total: 159600 ns
[2020-04-26T16:59:31.192+0000][1][safepoint    ] Safepoint "Cleanup", Time since last: 1000365700 ns, Reaching safepoint: 503400 ns, At safepoint: 133300 ns, Total: 636700 ns
[2020-04-26T16:59:32.193+0000][1][safepoint    ] Safepoint "Cleanup", Time since last: 1000670800 ns, Reaching safepoint: 437600 ns, At safepoint: 138600 ns, Total: 576200 ns
[2020-04-26T16:59:33.194+0000][1][safepoint    ] Safepoint "Cleanup", Time since last: 1000457300 ns, Reaching safepoint: 153200 ns, At safepoint: 30600 ns, Total: 183800 ns
[2020-04-26T16:59:34.195+0000][1][safepoint    ] Safepoint "Cleanup", Time since last: 1000324700 ns, Reaching safepoint: 434500 ns, At safepoint: 141600 ns, Total: 576100 ns
[2020-04-26T16:59:35.195+0000][1][safepoint    ] Safepoint "Cleanup", Time since last: 1000432700 ns, Reaching safepoint: 144000 ns, At safepoint: 30500 ns, Total: 174500 ns
[2020-04-26T16:59:36.196+0000][1][safepoint    ] Safepoint "Cleanup", Time since last: 1000550300 ns, Reaching safepoint: 152300 ns, At safepoint: 40400 ns, Total: 192700 ns
[2020-04-26T16:59:37.197+0000][1][safepoint    ] Safepoint "Cleanup", Time since last: 1000535600 ns, Reaching safepoint: 326300 ns, At safepoint: 99000 ns, Total: 425300 ns
[2020-04-26T16:59:38.198+0000][1][safepoint    ] Safepoint "Cleanup", Time since last: 1000754800 ns, Reaching safepoint: 445800 ns, At safepoint: 148000 ns, Total: 593800 ns
[2020-04-26T16:59:39.200+0000][1][safepoint    ] Safepoint "Cleanup", Time since last: 1000478200 ns, Reaching safepoint: 447500 ns, At safepoint: 141700 ns, Total: 589200 ns
[2020-04-26T16:59:40.200+0000][1][safepoint    ] Safepoint "Cleanup", Time since last: 1000659600 ns, Reaching safepoint: 130100 ns, At safepoint: 31200 ns, Total: 161300 ns
[2020-04-26T16:59:41.201+0000][1][safepoint    ] Safepoint "Cleanup", Time since last: 1000176200 ns, Reaching safepoint: 196400 ns, At safepoint: 48800 ns, Total: 245200 ns
[2020-04-26T16:59:42.202+0000][1][safepoint    ] Safepoint "Cleanup", Time since last: 1000316900 ns, Reaching safepoint: 332900 ns, At safepoint: 112500 ns, Total: 445400 ns
[2020-04-26T16:59:43.143+0000][1][safepoint    ] Safepoint "RevokeBias", Time since last: 941413500 ns, Reaching safepoint: 169500 ns, At safepoint: 66100 ns, Total: 235600 ns
[2020-04-26T16:59:43.144+0000][1][safepoint    ] Safepoint "RevokeBias", Time since last: 91500 ns, Reaching safepoint: 177800 ns, At safepoint: 102500 ns, Total: 280300 ns
[2020-04-26T16:59:43.144+0000][1][safepoint    ] Safepoint "RevokeBias", Time since last: 277100 ns, Reaching safepoint: 191500 ns, At safepoint: 82400 ns, Total: 273900 ns
[2020-04-26T16:59:43.150+0000][1][safepoint    ] Safepoint "RevokeBias", Time since last: 5667200 ns, Reaching safepoint: 187600 ns, At safepoint: 107300 ns, Total: 294900 ns
[2020-04-26T16:59:43.151+0000][1][safepoint    ] Safepoint "RevokeBias", Time since last: 93100 ns, Reaching safepoint: 203800 ns, At safepoint: 234600 ns, Total: 438400 ns
[2020-04-26T16:59:43.151+0000][1][safepoint    ] Safepoint "RevokeBias", Time since last: 318500 ns, Reaching safepoint: 229900 ns, At safepoint: 60800 ns, Total: 290700 ns
[2020-04-26T16:59:44.152+0000][1][safepoint    ] Safepoint "Cleanup", Time since last: 1000443300 ns, Reaching safepoint: 324400 ns, At safepoint: 152000 ns, Total: 476400 ns
[2020-04-26T16:59:45.153+0000][1][safepoint    ] Safepoint "Cleanup", Time since last: 1000595600 ns, Reaching safepoint: 444400 ns, At safepoint: 211900 ns, Total: 656300 ns
[2020-04-26T16:59:46.154+0000][1][safepoint    ] Safepoint "Cleanup", Time since last: 1000527100 ns, Reaching safepoint: 242300 ns, At safepoint: 64400 ns, Total: 306700 ns
[2020-04-26T16:59:47.155+0000][1][safepoint    ] Safepoint "Cleanup", Time since last: 1000492000 ns, Reaching safepoint: 213200 ns, At safepoint: 60000 ns, Total: 273200 ns
[2020-04-26T16:59:48.156+0000][1][safepoint    ] Safepoint "Cleanup", Time since last: 1000531700 ns, Reaching safepoint: 422500 ns, At safepoint: 134100 ns, Total: 556600 ns
[2020-04-26T16:59:49.157+0000][1][safepoint    ] Safepoint "Cleanup", Time since last: 1000331200 ns, Reaching safepoint: 277700 ns, At safepoint: 50100 ns, Total: 327800 ns
[2020-04-26T16:59:50.157+0000][1][safepoint    ] Safepoint "Cleanup", Time since last: 1000341400 ns, Reaching safepoint: 221800 ns, At safepoint: 59500 ns, Total: 281300 ns
[2020-04-26T16:59:51.159+0000][1][safepoint    ] Safepoint "Cleanup", Time since last: 1000673600 ns, Reaching safepoint: 462100 ns, At safepoint: 276000 ns, Total: 738100 ns
[2020-04-26T16:59:52.160+0000][1][safepoint    ] Safepoint "Cleanup", Time since last: 1000489300 ns, Reaching safepoint: 325800 ns, At safepoint: 100000 ns, Total: 425800 ns
[2020-04-26T16:59:53.161+0000][1][safepoint    ] Safepoint "Cleanup", Time since last: 1000647100 ns, Reaching safepoint: 135600 ns, At safepoint: 33500 ns, Total: 169100 ns
[2020-04-26T16:59:54.162+0000][1][safepoint    ] Safepoint "Cleanup", Time since last: 1000386300 ns, Reaching safepoint: 508800 ns, At safepoint: 130600 ns, Total: 639400 ns
[2020-04-26T16:59:55.162+0000][1][safepoint    ] Safepoint "Cleanup", Time since last: 1000460000 ns, Reaching safepoint: 139100 ns, At safepoint: 30300 ns, Total: 169400 ns
[2020-04-26T16:59:56.163+0000][1][safepoint    ] Safepoint "Cleanup", Time since last: 1000256500 ns, Reaching safepoint: 308400 ns, At safepoint: 31400 ns, Total: 339800 ns
[2020-04-26T16:59:57.163+0000][1][safepoint    ] Safepoint "Cleanup", Time since last: 1000193000 ns, Reaching safepoint: 253100 ns, At safepoint: 54200 ns, Total: 307300 ns
[2020-04-26T16:59:58.164+0000][1][safepoint    ] Safepoint "Cleanup", Time since last: 1000303600 ns, Reaching safepoint: 186500 ns, At safepoint: 52400 ns, Total: 238900 ns
[2020-04-26T16:59:59.164+0000][1][safepoint    ] Safepoint "Cleanup", Time since last: 1000163900 ns, Reaching safepoint: 142200 ns, At safepoint: 27100 ns, Total: 169300 ns
[2020-04-26T17:00:00.164+0000][1][safepoint    ] Safepoint "Cleanup", Time since last: 1000171500 ns, Reaching safepoint: 153200 ns, At safepoint: 39100 ns, Total: 192300 ns
[2020-04-26T17:00:01.165+0000][1][safepoint    ] Safepoint "Cleanup", Time since last: 1000521200 ns, Reaching safepoint: 180700 ns, At safepoint: 49100 ns, Total: 229800 ns
[2020-04-26T17:00:02.166+0000][1][safepoint    ] Safepoint "Cleanup", Time since last: 1000533700 ns, Reaching safepoint: 167100 ns, At safepoint: 44500 ns, Total: 211600 ns
[2020-04-26T17:00:03.167+0000][1][safepoint    ] Safepoint "Cleanup", Time since last: 1000316300 ns, Reaching safepoint: 505700 ns, At safepoint: 130300 ns, Total: 636000 ns
[2020-04-26T17:00:04.168+0000][1][safepoint    ] Safepoint "Cleanup", Time since last: 1000382300 ns, Reaching safepoint: 407700 ns, At safepoint: 135700 ns, Total: 543400 ns
[2020-04-26T17:00:05.169+0000][1][safepoint    ] Safepoint "Cleanup", Time since last: 1000502500 ns, Reaching safepoint: 562600 ns, At safepoint: 142600 ns, Total: 705200 ns
[2020-04-26T17:00:06.171+0000][1][safepoint    ] Safepoint "Cleanup", Time since last: 1000871700 ns, Reaching safepoint: 438000 ns, At safepoint: 142000 ns, Total: 580000 ns
[2020-04-26T17:00:07.171+0000][1][safepoint    ] Safepoint "Cleanup", Time since last: 1000673400 ns, Reaching safepoint: 140500 ns, At safepoint: 35100 ns, Total: 175600 ns
[2020-04-26T17:00:08.173+0000][1][safepoint    ] Safepoint "Cleanup", Time since last: 1000795600 ns, Reaching safepoint: 818300 ns, At safepoint: 240600 ns, Total: 1058900 ns
[2020-04-26T17:00:09.174+0000][1][safepoint    ] Safepoint "Cleanup", Time since last: 1000540500 ns, Reaching safepoint: 420800 ns, At safepoint: 133200 ns, Total: 554000 ns
[2020-04-26T17:00:10.175+0000][1][safepoint    ] Safepoint "Cleanup", Time since last: 1000291900 ns, Reaching safepoint: 207700 ns, At safepoint: 57000 ns, Total: 264700 ns
[2020-04-26T17:00:11.176+0000][1][safepoint    ] Safepoint "Cleanup", Time since last: 1000610000 ns, Reaching safepoint: 423200 ns, At safepoint: 133100 ns, Total: 556300 ns
[2020-04-26T17:00:12.176+0000][1][safepoint    ] Safepoint "Cleanup", Time since last: 1000270400 ns, Reaching safepoint: 130900 ns, At safepoint: 31100 ns, Total: 162000 ns
[2020-04-26T17:00:13.177+0000][1][safepoint    ] Safepoint "Cleanup", Time since last: 1000200800 ns, Reaching safepoint: 151300 ns, At safepoint: 31700 ns, Total: 183000 ns
[2020-04-26T17:00:14.178+0000][1][safepoint    ] Safepoint "Cleanup", Time since last: 1000242000 ns, Reaching safepoint: 301200 ns, At safepoint: 92800 ns, Total: 394000 ns
[2020-04-26T17:00:15.178+0000][1][safepoint    ] Safepoint "Cleanup", Time since last: 1000207000 ns, Reaching safepoint: 143700 ns, At safepoint: 29900 ns, Total: 173600 ns
[2020-04-26T17:00:16.179+0000][1][safepoint    ] Safepoint "Cleanup", Time since last: 1000428300 ns, Reaching safepoint: 228900 ns, At safepoint: 63000 ns, Total: 291900 ns
[2020-04-26T17:00:17.179+0000][1][safepoint    ] Safepoint "Cleanup", Time since last: 1000456600 ns, Reaching safepoint: 208500 ns, At safepoint: 61600 ns, Total: 270100 ns
[2020-04-26T17:00:18.180+0000][1][safepoint    ] Safepoint "Cleanup", Time since last: 1000322700 ns, Reaching safepoint: 392100 ns, At safepoint: 134100 ns, Total: 526200 ns
[2020-04-26T17:00:19.181+0000][1][safepoint    ] Safepoint "Cleanup", Time since last: 1000332900 ns, Reaching safepoint: 148600 ns, At safepoint: 36000 ns, Total: 184600 ns
[2020-04-26T17:00:20.181+0000][1][safepoint    ] Safepoint "Cleanup", Time since last: 1000273600 ns, Reaching safepoint: 192500 ns, At safepoint: 53900 ns, Total: 246400 ns
[2020-04-26T17:00:21.182+0000][1][safepoint    ] Safepoint "Cleanup", Time since last: 1000258900 ns, Reaching safepoint: 148300 ns, At safepoint: 33000 ns, Total: 181300 ns
[2020-04-26T17:00:22.182+0000][1][safepoint    ] Safepoint "Cleanup", Time since last: 1000322600 ns, Reaching safepoint: 126500 ns, At safepoint: 28700 ns, Total: 155200 ns
[2020-04-26T17:00:23.183+0000][1][safepoint    ] Safepoint "Cleanup", Time since last: 1000456700 ns, Reaching safepoint: 353700 ns, At safepoint: 115500 ns, Total: 469200 ns
[2020-04-26T17:00:24.184+0000][1][safepoint    ] Safepoint "Cleanup", Time since last: 1000456700 ns, Reaching safepoint: 503800 ns, At safepoint: 132500 ns, Total: 636300 ns
[2020-04-26T17:00:25.428+0000][1][safepoint    ] Safepoint "Cleanup", Time since last: 1244094800 ns, Reaching safepoint: 149800 ns, At safepoint: 44200 ns, Total: 194000 ns
[2020-04-26T17:00:26.429+0000][1][safepoint    ] Safepoint "Cleanup", Time since last: 1000289300 ns, Reaching safepoint: 252100 ns, At safepoint: 64400 ns, Total: 316500 ns
[2020-04-26T17:00:27.429+0000][1][safepoint    ] Safepoint "Cleanup", Time since last: 1000154700 ns, Reaching safepoint: 131400 ns, At safepoint: 43100 ns, Total: 174500 ns
[2020-04-26T17:00:28.430+0000][1][safepoint    ] Safepoint "Cleanup", Time since last: 1000284600 ns, Reaching safepoint: 239100 ns, At safepoint: 87000 ns, Total: 326100 ns
[2020-04-26T17:00:29.431+0000][1][safepoint    ] Safepoint "Cleanup", Time since last: 1000507000 ns, Reaching safepoint: 130600 ns, At safepoint: 32000 ns, Total: 162600 ns
[2020-04-26T17:00:30.431+0000][1][safepoint    ] Safepoint "Cleanup", Time since last: 1000421100 ns, Reaching safepoint: 152200 ns, At safepoint: 39700 ns, Total: 191900 ns
[2020-04-26T17:00:31.432+0000][1][safepoint    ] Safepoint "Cleanup", Time since last: 1000191100 ns, Reaching safepoint: 151000 ns, At safepoint: 34600 ns, Total: 185600 ns
[2020-04-26T17:00:32.432+0000][1][safepoint    ] Safepoint "Cleanup", Time since last: 1000171100 ns, Reaching safepoint: 133200 ns, At safepoint: 31500 ns, Total: 164700 ns
[2020-04-26T17:00:33.433+0000][1][safepoint    ] Safepoint "Cleanup", Time since last: 1000410400 ns, Reaching safepoint: 485700 ns, At safepoint: 237400 ns, Total: 723100 ns
[2020-04-26T17:00:34.434+0000][1][safepoint    ] Safepoint "Cleanup", Time since last: 1000557600 ns, Reaching safepoint: 134400 ns, At safepoint: 32000 ns, Total: 166400 ns
[2020-04-26T17:00:35.435+0000][1][safepoint    ] Safepoint "Cleanup", Time since last: 1000319500 ns, Reaching safepoint: 436800 ns, At safepoint: 104200 ns, Total: 541000 ns
[2020-04-26T17:00:36.435+0000][1][safepoint    ] Safepoint "Cleanup", Time since last: 1000263500 ns, Reaching safepoint: 132800 ns, At safepoint: 33000 ns, Total: 165800 ns
[2020-04-26T17:00:37.435+0000][1][safepoint    ] Safepoint "Cleanup", Time since last: 1000112000 ns, Reaching safepoint: 124600 ns, At safepoint: 28200 ns, Total: 152800 ns
[2020-04-26T17:00:38.436+0000][1][safepoint    ] Safepoint "Cleanup", Time since last: 1000507000 ns, Reaching safepoint: 439700 ns, At safepoint: 142500 ns, Total: 582200 ns
[2020-04-26T17:00:39.437+0000][1][safepoint    ] Safepoint "Cleanup", Time since last: 1000212400 ns, Reaching safepoint: 178000 ns, At safepoint: 44900 ns, Total: 222900 ns
[2020-04-26T17:00:40.437+0000][1][safepoint    ] Safepoint "Cleanup", Time since last: 1000394200 ns, Reaching safepoint: 136200 ns, At safepoint: 32000 ns, Total: 168200 ns
[2020-04-26T17:00:41.439+0000][1][safepoint    ] Safepoint "Cleanup", Time since last: 1000681000 ns, Reaching safepoint: 437700 ns, At safepoint: 136900 ns, Total: 574600 ns
[2020-04-26T17:00:42.439+0000][1][safepoint    ] Safepoint "Cleanup", Time since last: 1000237500 ns, Reaching safepoint: 322200 ns, At safepoint: 93300 ns, Total: 415500 ns
[2020-04-26T17:00:43.440+0000][1][safepoint    ] Safepoint "Cleanup", Time since last: 1000360300 ns, Reaching safepoint: 444200 ns, At safepoint: 143800 ns, Total: 588000 ns
[2020-04-26T17:00:44.441+0000][1][safepoint    ] Safepoint "Cleanup", Time since last: 1000283900 ns, Reaching safepoint: 175300 ns, At safepoint: 35100 ns, Total: 210400 ns
[2020-04-26T17:00:45.155+0000][1][safepoint    ] Safepoint "RevokeBias", Time since last: 713410600 ns, Reaching safepoint: 165200 ns, At safepoint: 121700 ns, Total: 286900 ns
[2020-04-26T17:00:45.155+0000][1][safepoint    ] Safepoint "RevokeBias", Time since last: 74900 ns, Reaching safepoint: 198100 ns, At safepoint: 131900 ns, Total: 330000 ns
[2020-04-26T17:00:45.156+0000][1][safepoint    ] Safepoint "RevokeBias", Time since last: 269800 ns, Reaching safepoint: 260000 ns, At safepoint: 105300 ns, Total: 365300 ns
[2020-04-26T17:00:45.160+0000][1][safepoint    ] Safepoint "RevokeBias", Time since last: 3908900 ns, Reaching safepoint: 221500 ns, At safepoint: 78500 ns, Total: 300000 ns
[2020-04-26T17:00:45.160+0000][1][safepoint    ] Safepoint "RevokeBias", Time since last: 132000 ns, Reaching safepoint: 87000 ns, At safepoint: 70400 ns, Total: 157400 ns
[2020-04-26T17:00:45.160+0000][1][safepoint    ] Safepoint "RevokeBias", Time since last: 133600 ns, Reaching safepoint: 189200 ns, At safepoint: 68400 ns, Total: 257600 ns
[2020-04-26T17:00:46.161+0000][1][safepoint    ] Safepoint "Cleanup", Time since last: 1000172200 ns, Reaching safepoint: 134400 ns, At safepoint: 28800 ns, Total: 163200 ns
[2020-04-26T17:00:47.161+0000][1][safepoint    ] Safepoint "Cleanup", Time since last: 1000500700 ns, Reaching safepoint: 136500 ns, At safepoint: 32300 ns, Total: 168800 ns
[2020-04-26T17:00:48.163+0000][1][safepoint    ] Safepoint "Cleanup", Time since last: 1000528600 ns, Reaching safepoint: 447200 ns, At safepoint: 195500 ns, Total: 642700 ns
[2020-04-26T17:00:49.163+0000][1][safepoint    ] Safepoint "Cleanup", Time since last: 1000503100 ns, Reaching safepoint: 186000 ns, At safepoint: 53800 ns, Total: 239800 ns
[2020-04-26T17:00:50.164+0000][1][safepoint    ] Safepoint "Cleanup", Time since last: 1000127100 ns, Reaching safepoint: 128500 ns, At safepoint: 33100 ns, Total: 161600 ns
[2020-04-26T17:00:51.164+0000][1][safepoint    ] Safepoint "Cleanup", Time since last: 1000319200 ns, Reaching safepoint: 285900 ns, At safepoint: 76200 ns, Total: 362100 ns
[2020-04-26T17:00:52.165+0000][1][safepoint    ] Safepoint "Cleanup", Time since last: 1000329400 ns, Reaching safepoint: 427100 ns, At safepoint: 131100 ns, Total: 558200 ns
[2020-04-26T17:00:53.166+0000][1][safepoint    ] Safepoint "Cleanup", Time since last: 1000303000 ns, Reaching safepoint: 392300 ns, At safepoint: 124100 ns, Total: 516400 ns
[2020-04-26T17:00:54.167+0000][1][safepoint    ] Safepoint "Cleanup", Time since last: 1000254400 ns, Reaching safepoint: 143100 ns, At safepoint: 49400 ns, Total: 192500 ns
[2020-04-26T17:00:55.167+0000][1][safepoint    ] Safepoint "Cleanup", Time since last: 1000211900 ns, Reaching safepoint: 159600 ns, At safepoint: 47400 ns, Total: 207000 ns
[2020-04-26T17:00:56.168+0000][1][safepoint    ] Safepoint "Cleanup", Time since last: 1000770200 ns, Reaching safepoint: 505800 ns, At safepoint: 292700 ns, Total: 798500 ns
[2020-04-26T17:00:57.170+0000][1][safepoint    ] Safepoint "Cleanup", Time since last: 1000444000 ns, Reaching safepoint: 448100 ns, At safepoint: 133700 ns, Total: 581800 ns
[2020-04-26T17:00:58.171+0000][1][safepoint    ] Safepoint "Cleanup", Time since last: 1000700500 ns, Reaching safepoint: 431400 ns, At safepoint: 135400 ns, Total: 566800 ns
[2020-04-26T17:00:59.172+0000][1][safepoint    ] Safepoint "Cleanup", Time since last: 1000693900 ns, Reaching safepoint: 456200 ns, At safepoint: 148200 ns, Total: 604400 ns
[2020-04-26T17:01:00.173+0000][1][safepoint    ] Safepoint "Cleanup", Time since last: 1000295800 ns, Reaching safepoint: 373700 ns, At safepoint: 98200 ns, Total: 471900 ns
[2020-04-26T17:01:01.173+0000][1][safepoint    ] Safepoint "Cleanup", Time since last: 1000196200 ns, Reaching safepoint: 185600 ns, At safepoint: 51200 ns, Total: 236800 ns
[2020-04-26T17:01:02.174+0000][1][safepoint    ] Safepoint "Cleanup", Time since last: 1000291300 ns, Reaching safepoint: 210700 ns, At safepoint: 43000 ns, Total: 253700 ns
[2020-04-26T17:01:03.175+0000][1][safepoint    ] Safepoint "Cleanup", Time since last: 1000286700 ns, Reaching safepoint: 384600 ns, At safepoint: 125800 ns, Total: 510400 ns
[2020-04-26T17:01:04.175+0000][1][safepoint    ] Safepoint "Cleanup", Time since last: 1000384600 ns, Reaching safepoint: 135100 ns, At safepoint: 29000 ns, Total: 164100 ns
[2020-04-26T17:01:05.176+0000][1][safepoint    ] Safepoint "Cleanup", Time since last: 1000604100 ns, Reaching safepoint: 412800 ns, At safepoint: 127900 ns, Total: 540700 ns
[2020-04-26T17:01:06.177+0000][1][safepoint    ] Safepoint "Cleanup", Time since last: 1000305400 ns, Reaching safepoint: 342700 ns, At safepoint: 82200 ns, Total: 424900 ns
[2020-04-26T17:01:07.178+0000][1][safepoint    ] Safepoint "Cleanup", Time since last: 1000291700 ns, Reaching safepoint: 154900 ns, At safepoint: 37600 ns, Total: 192500 ns
[2020-04-26T17:01:08.178+0000][1][safepoint    ] Safepoint "Cleanup", Time since last: 1000262000 ns, Reaching safepoint: 245600 ns, At safepoint: 47200 ns, Total: 292800 ns
[2020-04-26T17:01:09.134+0000][1][gc,start     ] GC(37) Pause Young (Allocation Failure)
[2020-04-26T17:01:09.134+0000][1][gc,task      ] GC(37) Using 10 workers of 10 for evacuation
[2020-04-26T17:01:09.137+0000][1][gc,age       ] GC(37) Desired survivor size 8945664 bytes, new threshold 6 (max threshold 6)
[2020-04-26T17:01:09.137+0000][1][gc,age       ] GC(37) Age table with threshold 6 (max threshold 6)
[2020-04-26T17:01:09.137+0000][1][gc,age       ] GC(37) - age   1:      73432 bytes,      73432 total
[2020-04-26T17:01:09.137+0000][1][gc,age       ] GC(37) - age   2:      11504 bytes,      84936 total
[2020-04-26T17:01:09.137+0000][1][gc,age       ] GC(37) - age   3:      26096 bytes,     111032 total
[2020-04-26T17:01:09.137+0000][1][gc,age       ] GC(37) - age   4:      26000 bytes,     137032 total
[2020-04-26T17:01:09.137+0000][1][gc,age       ] GC(37) - age   5:      70080 bytes,     207112 total
[2020-04-26T17:01:09.137+0000][1][gc,age       ] GC(37) - age   6:     172944 bytes,     380056 total
[2020-04-26T17:01:09.137+0000][1][gc,heap      ] GC(37) ParNew: 140427K->561K(157248K)
[2020-04-26T17:01:09.137+0000][1][gc,heap      ] GC(37) CMS: 79255K->79355K(349568K)
[2020-04-26T17:01:09.137+0000][1][gc,metaspace ] GC(37) Metaspace: 96633K->96633K(1138688K)
[2020-04-26T17:01:09.137+0000][1][gc           ] GC(37) Pause Young (Allocation Failure) 214M->78M(494M) 2.474ms
[2020-04-26T17:01:09.137+0000][1][gc,cpu       ] GC(37) User=0.01s Sys=0.00s Real=0.00s
[2020-04-26T17:01:09.137+0000][1][safepoint    ] Safepoint "GenCollectForAllocation", Time since last: 956145000 ns, Reaching safepoint: 138300 ns, At safepoint: 2566100 ns, Total: 2704400 ns
[2020-04-26T17:01:10.137+0000][1][safepoint    ] Safepoint "Cleanup", Time since last: 1000153500 ns, Reaching safepoint: 153900 ns, At safepoint: 34700 ns, Total: 188600 ns
[2020-04-26T17:01:11.138+0000][1][safepoint    ] Safepoint "Cleanup", Time since last: 1000264300 ns, Reaching safepoint: 521600 ns, At safepoint: 131300 ns, Total: 652900 ns
[2020-04-26T17:01:12.139+0000][1][safepoint    ] Safepoint "Cleanup", Time since last: 1000495400 ns, Reaching safepoint: 510100 ns, At safepoint: 135000 ns, Total: 645100 ns
[2020-04-26T17:01:13.140+0000][1][safepoint    ] Safepoint "Cleanup", Time since last: 1000371000 ns, Reaching safepoint: 443500 ns, At safepoint: 155100 ns, Total: 598600 ns
[2020-04-26T17:01:14.141+0000][1][safepoint    ] Safepoint "Cleanup", Time since last: 1000395900 ns, Reaching safepoint: 330700 ns, At safepoint: 99900 ns, Total: 430600 ns
[2020-04-26T17:01:15.142+0000][1][safepoint    ] Safepoint "Cleanup", Time since last: 1000381200 ns, Reaching safepoint: 134400 ns, At safepoint: 32700 ns, Total: 167100 ns
[2020-04-26T17:01:16.143+0000][1][safepoint    ] Safepoint "Cleanup", Time since last: 1000333600 ns, Reaching safepoint: 587200 ns, At safepoint: 177500 ns, Total: 764700 ns
[2020-04-26T17:01:17.143+0000][1][safepoint    ] Safepoint "Cleanup", Time since last: 1000317800 ns, Reaching safepoint: 141500 ns, At safepoint: 27800 ns, Total: 169300 ns
[2020-04-26T17:01:18.145+0000][1][safepoint    ] Safepoint "Cleanup", Time since last: 1000836800 ns, Reaching safepoint: 453700 ns, At safepoint: 139400 ns, Total: 593100 ns
[2020-04-26T17:01:19.146+0000][1][safepoint    ] Safepoint "Cleanup", Time since last: 1000639900 ns, Reaching safepoint: 140200 ns, At safepoint: 34800 ns, Total: 175000 ns
[2020-04-26T17:01:20.146+0000][1][safepoint    ] Safepoint "Cleanup", Time since last: 1000588100 ns, Reaching safepoint: 261900 ns, At safepoint: 74100 ns, Total: 336000 ns
[2020-04-26T17:01:21.148+0000][1][safepoint    ] Safepoint "Cleanup", Time since last: 1000598900 ns, Reaching safepoint: 492900 ns, At safepoint: 134200 ns, Total: 627100 ns
[2020-04-26T17:01:22.148+0000][1][safepoint    ] Safepoint "Cleanup", Time since last: 1000654500 ns, Reaching safepoint: 133600 ns, At safepoint: 33700 ns, Total: 167300 ns
[2020-04-26T17:01:23.150+0000][1][safepoint    ] Safepoint "Cleanup", Time since last: 1000609600 ns, Reaching safepoint: 449800 ns, At safepoint: 176400 ns, Total: 626200 ns
[2020-04-26T17:01:24.150+0000][1][safepoint    ] Safepoint "Cleanup", Time since last: 1000212900 ns, Reaching safepoint: 151000 ns, At safepoint: 33500 ns, Total: 184500 ns
[2020-04-26T17:01:25.151+0000][1][safepoint    ] Safepoint "Cleanup", Time since last: 1000328700 ns, Reaching safepoint: 130000 ns, At safepoint: 31500 ns, Total: 161500 ns
[2020-04-26T17:01:26.152+0000][1][safepoint    ] Safepoint "Cleanup", Time since last: 1000521100 ns, Reaching safepoint: 443900 ns, At safepoint: 135900 ns, Total: 579800 ns
[2020-04-26T17:01:27.152+0000][1][safepoint    ] Safepoint "Cleanup", Time since last: 1000314700 ns, Reaching safepoint: 138700 ns, At safepoint: 31400 ns, Total: 170100 ns
[2020-04-26T17:01:28.153+0000][1][safepoint    ] Safepoint "Cleanup", Time since last: 1000326600 ns, Reaching safepoint: 615000 ns, At safepoint: 127100 ns, Total: 742100 ns
[2020-04-26T17:01:29.154+0000][1][safepoint    ] Safepoint "Cleanup", Time since last: 1000479200 ns, Reaching safepoint: 504100 ns, At safepoint: 136200 ns, Total: 640300 ns
[2020-04-26T17:01:30.155+0000][1][safepoint    ] Safepoint "Cleanup", Time since last: 1000251200 ns, Reaching safepoint: 140600 ns, At safepoint: 31500 ns, Total: 172100 ns
[2020-04-26T17:01:31.155+0000][1][safepoint    ] Safepoint "Cleanup", Time since last: 1000275200 ns, Reaching safepoint: 284800 ns, At safepoint: 74600 ns, Total: 359400 ns
[2020-04-26T17:01:32.156+0000][1][safepoint    ] Safepoint "Cleanup", Time since last: 1000538700 ns, Reaching safepoint: 131400 ns, At safepoint: 32500 ns, Total: 163900 ns
[2020-04-26T17:01:33.157+0000][1][safepoint    ] Safepoint "Cleanup", Time since last: 1000323200 ns, Reaching safepoint: 542600 ns, At safepoint: 193500 ns, Total: 736100 ns
[2020-04-26T17:01:34.158+0000][1][safepoint    ] Safepoint "Cleanup", Time since last: 1000473100 ns, Reaching safepoint: 430400 ns, At safepoint: 140100 ns, Total: 570500 ns
[2020-04-26T17:01:35.159+0000][1][safepoint    ] Safepoint "Cleanup", Time since last: 1000394400 ns, Reaching safepoint: 433900 ns, At safepoint: 133700 ns, Total: 567600 ns
[2020-04-26T17:01:36.161+0000][1][safepoint    ] Safepoint "Cleanup", Time since last: 1000718000 ns, Reaching safepoint: 470800 ns, At safepoint: 137300 ns, Total: 608100 ns
[2020-04-26T17:01:37.161+0000][1][safepoint    ] Safepoint "Cleanup", Time since last: 1000187100 ns, Reaching safepoint: 339300 ns, At safepoint: 75700 ns, Total: 415000 ns
[2020-04-26T17:01:38.162+0000][1][safepoint    ] Safepoint "Cleanup", Time since last: 1000484400 ns, Reaching safepoint: 431800 ns, At safepoint: 141300 ns, Total: 573100 ns
[2020-04-26T17:01:39.163+0000][1][safepoint    ] Safepoint "Cleanup", Time since last: 1000201400 ns, Reaching safepoint: 165400 ns, At safepoint: 28000 ns, Total: 193400 ns
[2020-04-26T17:01:40.163+0000][1][safepoint    ] Safepoint "Cleanup", Time since last: 1000400900 ns, Reaching safepoint: 149000 ns, At safepoint: 38700 ns, Total: 187700 ns
[2020-04-26T17:01:41.164+0000][1][safepoint    ] Safepoint "Cleanup", Time since last: 1000616000 ns, Reaching safepoint: 148400 ns, At safepoint: 38000 ns, Total: 186400 ns
[2020-04-26T17:01:42.164+0000][1][safepoint    ] Safepoint "Cleanup", Time since last: 1000245100 ns, Reaching safepoint: 142700 ns, At safepoint: 28400 ns, Total: 171100 ns
[2020-04-26T17:01:43.165+0000][1][safepoint    ] Safepoint "Cleanup", Time since last: 1000125300 ns, Reaching safepoint: 152100 ns, At safepoint: 35300 ns, Total: 187400 ns
[2020-04-26T17:01:44.166+0000][1][safepoint    ] Safepoint "Cleanup", Time since last: 1000528000 ns, Reaching safepoint: 430200 ns, At safepoint: 135500 ns, Total: 565700 ns
[2020-04-26T17:01:45.166+0000][1][safepoint    ] Safepoint "Cleanup", Time since last: 1000394400 ns, Reaching safepoint: 239400 ns, At safepoint: 53200 ns, Total: 292600 ns
[2020-04-26T17:01:46.142+0000][1][safepoint    ] Safepoint "RevokeBias", Time since last: 975507100 ns, Reaching safepoint: 129700 ns, At safepoint: 94900 ns, Total: 224600 ns
[2020-04-26T17:01:46.143+0000][1][safepoint    ] Safepoint "RevokeBias", Time since last: 111600 ns, Reaching safepoint: 209900 ns, At safepoint: 76400 ns, Total: 286300 ns
[2020-04-26T17:01:46.143+0000][1][safepoint    ] Safepoint "BulkRevokeBias", Time since last: 138600 ns, Reaching safepoint: 171400 ns, At safepoint: 543000 ns, Total: 714400 ns
[2020-04-26T17:01:46.147+0000][1][safepoint    ] Safepoint "RevokeBias", Time since last: 3605300 ns, Reaching safepoint: 124200 ns, At safepoint: 80500 ns, Total: 204700 ns
[2020-04-26T17:01:46.148+0000][1][safepoint    ] Safepoint "RevokeBias", Time since last: 133300 ns, Reaching safepoint: 178600 ns, At safepoint: 74400 ns, Total: 253000 ns
[2020-04-26T17:01:46.148+0000][1][safepoint    ] Safepoint "RevokeBias", Time since last: 34100 ns, Reaching safepoint: 155100 ns, At safepoint: 83900 ns, Total: 239000 ns
[2020-04-26T17:01:47.148+0000][1][safepoint    ] Safepoint "Cleanup", Time since last: 1000207800 ns, Reaching safepoint: 221300 ns, At safepoint: 60000 ns, Total: 281300 ns
[2020-04-26T17:01:48.150+0000][1][safepoint    ] Safepoint "Cleanup", Time since last: 1000677700 ns, Reaching safepoint: 452400 ns, At safepoint: 146100 ns, Total: 598500 ns
[2020-04-26T17:01:49.151+0000][1][safepoint    ] Safepoint "Cleanup", Time since last: 1000518900 ns, Reaching safepoint: 503900 ns, At safepoint: 130200 ns, Total: 634100 ns
[2020-04-26T17:01:50.152+0000][1][safepoint    ] Safepoint "Cleanup", Time since last: 1000585300 ns, Reaching safepoint: 141700 ns, At safepoint: 35100 ns, Total: 176800 ns
[2020-04-26T17:01:51.153+0000][1][safepoint    ] Safepoint "Cleanup", Time since last: 1000520000 ns, Reaching safepoint: 547700 ns, At safepoint: 130100 ns, Total: 677800 ns
[2020-04-26T17:01:52.154+0000][1][safepoint    ] Safepoint "Cleanup", Time since last: 1000308000 ns, Reaching safepoint: 433800 ns, At safepoint: 132900 ns, Total: 566700 ns
[2020-04-26T17:01:53.154+0000][1][safepoint    ] Safepoint "Cleanup", Time since last: 1000260800 ns, Reaching safepoint: 216500 ns, At safepoint: 47800 ns, Total: 264300 ns
[2020-04-26T17:01:54.155+0000][1][safepoint    ] Safepoint "Cleanup", Time since last: 1000126200 ns, Reaching safepoint: 132600 ns, At safepoint: 28700 ns, Total: 161300 ns
[2020-04-26T17:01:55.155+0000][1][safepoint    ] Safepoint "Cleanup", Time since last: 1000381900 ns, Reaching safepoint: 130900 ns, At safepoint: 30600 ns, Total: 161500 ns
[2020-04-26T17:01:56.156+0000][1][safepoint    ] Safepoint "Cleanup", Time since last: 1000328600 ns, Reaching safepoint: 442200 ns, At safepoint: 134800 ns, Total: 577000 ns
[2020-04-26T17:01:57.157+0000][1][safepoint    ] Safepoint "Cleanup", Time since last: 1000701800 ns, Reaching safepoint: 441700 ns, At safepoint: 134200 ns, Total: 575900 ns
[2020-04-26T17:01:58.158+0000][1][safepoint    ] Safepoint "Cleanup", Time since last: 1000183300 ns, Reaching safepoint: 213900 ns, At safepoint: 27100 ns, Total: 241000 ns
[2020-04-26T17:01:59.159+0000][1][safepoint    ] Safepoint "Cleanup", Time since last: 1000421400 ns, Reaching safepoint: 449200 ns, At safepoint: 130100 ns, Total: 579300 ns
[2020-04-26T17:02:00.159+0000][1][safepoint    ] Safepoint "Cleanup", Time since last: 1000225400 ns, Reaching safepoint: 326600 ns, At safepoint: 101800 ns, Total: 428400 ns
[2020-04-26T17:02:01.160+0000][1][safepoint    ] Safepoint "Cleanup", Time since last: 1000442900 ns, Reaching safepoint: 401800 ns, At safepoint: 98000 ns, Total: 499800 ns
[2020-04-26T17:02:02.161+0000][1][safepoint    ] Safepoint "Cleanup", Time since last: 1000279200 ns, Reaching safepoint: 271900 ns, At safepoint: 77200 ns, Total: 349100 ns
[2020-04-26T17:02:03.161+0000][1][safepoint    ] Safepoint "Cleanup", Time since last: 1000405500 ns, Reaching safepoint: 142500 ns, At safepoint: 36800 ns, Total: 179300 ns
[2020-04-26T17:02:04.162+0000][1][safepoint    ] Safepoint "Cleanup", Time since last: 1000201400 ns, Reaching safepoint: 152100 ns, At safepoint: 30600 ns, Total: 182700 ns
[2020-04-26T17:02:05.163+0000][1][safepoint    ] Safepoint "Cleanup", Time since last: 1000356300 ns, Reaching safepoint: 596800 ns, At safepoint: 130400 ns, Total: 727200 ns
[2020-04-26T17:02:06.164+0000][1][safepoint    ] Safepoint "Cleanup", Time since last: 1000331400 ns, Reaching safepoint: 687600 ns, At safepoint: 135400 ns, Total: 823000 ns
[2020-04-26T17:02:07.198+0000][1][safepoint    ] Safepoint "Cleanup", Time since last: 1033227900 ns, Reaching safepoint: 179700 ns, At safepoint: 33500 ns, Total: 213200 ns
[2020-04-26T17:02:08.199+0000][1][safepoint    ] Safepoint "Cleanup", Time since last: 1000436800 ns, Reaching safepoint: 617200 ns, At safepoint: 135100 ns, Total: 752300 ns
[2020-04-26T17:02:09.199+0000][1][safepoint    ] Safepoint "Cleanup", Time since last: 1000226100 ns, Reaching safepoint: 127600 ns, At safepoint: 31400 ns, Total: 159000 ns
[2020-04-26T17:02:10.200+0000][1][safepoint    ] Safepoint "Cleanup", Time since last: 1000194200 ns, Reaching safepoint: 275000 ns, At safepoint: 80700 ns, Total: 355700 ns
[2020-04-26T17:02:11.201+0000][1][safepoint    ] Safepoint "Cleanup", Time since last: 1000266400 ns, Reaching safepoint: 503700 ns, At safepoint: 124200 ns, Total: 627900 ns
[2020-04-26T17:02:12.201+0000][1][safepoint    ] Safepoint "Cleanup", Time since last: 1000311900 ns, Reaching safepoint: 202100 ns, At safepoint: 28500 ns, Total: 230600 ns
[2020-04-26T17:02:13.202+0000][1][safepoint    ] Safepoint "Cleanup", Time since last: 1000496700 ns, Reaching safepoint: 433100 ns, At safepoint: 134800 ns, Total: 567900 ns
[2020-04-26T17:02:14.202+0000][1][safepoint    ] Safepoint "Cleanup", Time since last: 1000170700 ns, Reaching safepoint: 124000 ns, At safepoint: 45700 ns, Total: 169700 ns
[2020-04-26T17:02:15.204+0000][1][safepoint    ] Safepoint "Cleanup", Time since last: 1000563500 ns, Reaching safepoint: 430100 ns, At safepoint: 142200 ns, Total: 572300 ns
[2020-04-26T17:02:16.205+0000][1][safepoint    ] Safepoint "Cleanup", Time since last: 1000782400 ns, Reaching safepoint: 439100 ns, At safepoint: 141300 ns, Total: 580400 ns
[2020-04-26T17:02:17.206+0000][1][safepoint    ] Safepoint "Cleanup", Time since last: 1000715200 ns, Reaching safepoint: 447600 ns, At safepoint: 138200 ns, Total: 585800 ns
[2020-04-26T17:02:18.207+0000][1][safepoint    ] Safepoint "Cleanup", Time since last: 1000616000 ns, Reaching safepoint: 137100 ns, At safepoint: 32100 ns, Total: 169200 ns
[2020-04-26T17:02:19.208+0000][1][safepoint    ] Safepoint "Cleanup", Time since last: 1000331900 ns, Reaching safepoint: 507300 ns, At safepoint: 48800 ns, Total: 556100 ns
[2020-04-26T17:02:20.209+0000][1][safepoint    ] Safepoint "Cleanup", Time since last: 1000514000 ns, Reaching safepoint: 134400 ns, At safepoint: 33100 ns, Total: 167500 ns
[2020-04-26T17:02:21.210+0000][1][safepoint    ] Safepoint "Cleanup", Time since last: 1000568300 ns, Reaching safepoint: 426500 ns, At safepoint: 133100 ns, Total: 559600 ns
[2020-04-26T17:02:22.211+0000][1][safepoint    ] Safepoint "Cleanup", Time since last: 1000378300 ns, Reaching safepoint: 441200 ns, At safepoint: 160200 ns, Total: 601400 ns
[2020-04-26T17:02:23.211+0000][1][safepoint    ] Safepoint "Cleanup", Time since last: 1000196300 ns, Reaching safepoint: 134800 ns, At safepoint: 29200 ns, Total: 164000 ns
[2020-04-26T17:02:24.212+0000][1][safepoint    ] Safepoint "Cleanup", Time since last: 1000545300 ns, Reaching safepoint: 451900 ns, At safepoint: 145800 ns, Total: 597700 ns
[2020-04-26T17:02:25.213+0000][1][safepoint    ] Safepoint "Cleanup", Time since last: 1000245300 ns, Reaching safepoint: 192600 ns, At safepoint: 31200 ns, Total: 223800 ns
[2020-04-26T17:02:26.213+0000][1][safepoint    ] Safepoint "Cleanup", Time since last: 1000517200 ns, Reaching safepoint: 164600 ns, At safepoint: 44400 ns, Total: 209000 ns
[2020-04-26T17:02:27.214+0000][1][safepoint    ] Safepoint "Cleanup", Time since last: 1000408700 ns, Reaching safepoint: 441100 ns, At safepoint: 183800 ns, Total: 624900 ns
[2020-04-26T17:02:28.216+0000][1][safepoint    ] Safepoint "Cleanup", Time since last: 1000692700 ns, Reaching safepoint: 440100 ns, At safepoint: 142400 ns, Total: 582500 ns
[2020-04-26T17:02:29.216+0000][1][safepoint    ] Safepoint "Cleanup", Time since last: 1000531100 ns, Reaching safepoint: 124400 ns, At safepoint: 30800 ns, Total: 155200 ns
[2020-04-26T17:02:30.217+0000][1][safepoint    ] Safepoint "Cleanup", Time since last: 1000254400 ns, Reaching safepoint: 323700 ns, At safepoint: 64500 ns, Total: 388200 ns
[2020-04-26T17:02:31.218+0000][1][safepoint    ] Safepoint "Cleanup", Time since last: 1000363300 ns, Reaching safepoint: 420900 ns, At safepoint: 133500 ns, Total: 554400 ns
[2020-04-26T17:02:32.219+0000][1][safepoint    ] Safepoint "Cleanup", Time since last: 1000365500 ns, Reaching safepoint: 351600 ns, At safepoint: 110700 ns, Total: 462300 ns
[2020-04-26T17:02:33.220+0000][1][safepoint    ] Safepoint "Cleanup", Time since last: 1000570200 ns, Reaching safepoint: 495400 ns, At safepoint: 141400 ns, Total: 636800 ns
[2020-04-26T17:02:34.221+0000][1][safepoint    ] Safepoint "Cleanup", Time since last: 1000461300 ns, Reaching safepoint: 415300 ns, At safepoint: 132700 ns, Total: 548000 ns
[2020-04-26T17:02:35.221+0000][1][safepoint    ] Safepoint "Cleanup", Time since last: 1000221000 ns, Reaching safepoint: 159800 ns, At safepoint: 36500 ns, Total: 196300 ns
[2020-04-26T17:02:36.222+0000][1][safepoint    ] Safepoint "Cleanup", Time since last: 1000155300 ns, Reaching safepoint: 304300 ns, At safepoint: 63000 ns, Total: 367300 ns
[2020-04-26T17:02:37.223+0000][1][safepoint    ] Safepoint "Cleanup", Time since last: 1000244600 ns, Reaching safepoint: 480700 ns, At safepoint: 63100 ns, Total: 543800 ns
[2020-04-26T17:02:38.224+0000][1][safepoint    ] Safepoint "Cleanup", Time since last: 1000432200 ns, Reaching safepoint: 419300 ns, At safepoint: 162300 ns, Total: 581600 ns
[2020-04-26T17:02:39.225+0000][1][safepoint    ] Safepoint "Cleanup", Time since last: 1000387900 ns, Reaching safepoint: 304000 ns, At safepoint: 72200 ns, Total: 376200 ns
[2020-04-26T17:02:40.226+0000][1][safepoint    ] Safepoint "Cleanup", Time since last: 1000762200 ns, Reaching safepoint: 423400 ns, At safepoint: 138500 ns, Total: 561900 ns
[2020-04-26T17:02:41.226+0000][1][safepoint    ] Safepoint "Cleanup", Time since last: 1000349600 ns, Reaching safepoint: 159300 ns, At safepoint: 48800 ns, Total: 208100 ns
[2020-04-26T17:02:42.227+0000][1][safepoint    ] Safepoint "Cleanup", Time since last: 1000346600 ns, Reaching safepoint: 506500 ns, At safepoint: 138400 ns, Total: 644900 ns
[2020-04-26T17:02:43.228+0000][1][safepoint    ] Safepoint "Cleanup", Time since last: 1000385900 ns, Reaching safepoint: 426000 ns, At safepoint: 179800 ns, Total: 605800 ns
[2020-04-26T17:02:44.229+0000][1][safepoint    ] Safepoint "Cleanup", Time since last: 1000514800 ns, Reaching safepoint: 318900 ns, At safepoint: 97000 ns, Total: 415900 ns
[2020-04-26T17:02:45.230+0000][1][safepoint    ] Safepoint "Cleanup", Time since last: 1000223800 ns, Reaching safepoint: 139600 ns, At safepoint: 34800 ns, Total: 174400 ns
[2020-04-26T17:02:46.230+0000][1][safepoint    ] Safepoint "Cleanup", Time since last: 1000207600 ns, Reaching safepoint: 182100 ns, At safepoint: 64100 ns, Total: 246200 ns
[2020-04-26T17:02:47.231+0000][1][safepoint    ] Safepoint "Cleanup", Time since last: 1000445400 ns, Reaching safepoint: 304900 ns, At safepoint: 90100 ns, Total: 395000 ns
[2020-04-26T17:02:48.140+0000][1][safepoint    ] Safepoint "RevokeBias", Time since last: 908174000 ns, Reaching safepoint: 230300 ns, At safepoint: 78000 ns, Total: 308300 ns
[2020-04-26T17:02:48.140+0000][1][safepoint    ] Safepoint "RevokeBias", Time since last: 196400 ns, Reaching safepoint: 232700 ns, At safepoint: 86100 ns, Total: 318800 ns
[2020-04-26T17:02:48.140+0000][1][safepoint    ] Safepoint "RevokeBias", Time since last: 81000 ns, Reaching safepoint: 155600 ns, At safepoint: 79600 ns, Total: 235200 ns
[2020-04-26T17:02:48.147+0000][1][safepoint    ] Safepoint "RevokeBias", Time since last: 6372700 ns, Reaching safepoint: 163700 ns, At safepoint: 70700 ns, Total: 234400 ns
[2020-04-26T17:02:48.148+0000][1][safepoint    ] Safepoint "RevokeBias", Time since last: 287700 ns, Reaching safepoint: 219600 ns, At safepoint: 137700 ns, Total: 357300 ns
[2020-04-26T17:02:49.148+0000][1][safepoint    ] Safepoint "Cleanup", Time since last: 1000244200 ns, Reaching safepoint: 148000 ns, At safepoint: 33800 ns, Total: 181800 ns
[2020-04-26T17:02:50.148+0000][1][safepoint    ] Safepoint "Cleanup", Time since last: 1000121700 ns, Reaching safepoint: 183900 ns, At safepoint: 46800 ns, Total: 230700 ns
[2020-04-26T17:02:51.149+0000][1][safepoint    ] Safepoint "Cleanup", Time since last: 1000556800 ns, Reaching safepoint: 200500 ns, At safepoint: 57300 ns, Total: 257800 ns
[2020-04-26T17:02:52.150+0000][1][safepoint    ] Safepoint "Cleanup", Time since last: 1000714600 ns, Reaching safepoint: 357100 ns, At safepoint: 111400 ns, Total: 468500 ns
[2020-04-26T17:02:53.152+0000][1][safepoint    ] Safepoint "Cleanup", Time since last: 1000648600 ns, Reaching safepoint: 442900 ns, At safepoint: 137500 ns, Total: 580400 ns
[2020-04-26T17:02:54.152+0000][1][safepoint    ] Safepoint "Cleanup", Time since last: 1000366800 ns, Reaching safepoint: 130200 ns, At safepoint: 25800 ns, Total: 156000 ns
[2020-04-26T17:02:55.153+0000][1][safepoint    ] Safepoint "Cleanup", Time since last: 1000182700 ns, Reaching safepoint: 274100 ns, At safepoint: 77000 ns, Total: 351100 ns
[2020-04-26T17:02:56.154+0000][1][safepoint    ] Safepoint "Cleanup", Time since last: 1000237000 ns, Reaching safepoint: 441600 ns, At safepoint: 137000 ns, Total: 578600 ns
[2020-04-26T17:02:57.155+0000][1][safepoint    ] Safepoint "Cleanup", Time since last: 1000670900 ns, Reaching safepoint: 471000 ns, At safepoint: 119400 ns, Total: 590400 ns
[2020-04-26T17:02:58.156+0000][1][safepoint    ] Safepoint "Cleanup", Time since last: 1000772600 ns, Reaching safepoint: 440800 ns, At safepoint: 133600 ns, Total: 574400 ns
[2020-04-26T17:02:59.156+0000][1][safepoint    ] Safepoint "Cleanup", Time since last: 1000232400 ns, Reaching safepoint: 128300 ns, At safepoint: 27700 ns, Total: 156000 ns
[2020-04-26T17:03:00.157+0000][1][safepoint    ] Safepoint "Cleanup", Time since last: 1000479000 ns, Reaching safepoint: 285600 ns, At safepoint: 84800 ns, Total: 370400 ns
[2020-04-26T17:03:01.158+0000][1][safepoint    ] Safepoint "Cleanup", Time since last: 1000334900 ns, Reaching safepoint: 465600 ns, At safepoint: 180700 ns, Total: 646300 ns
[2020-04-26T17:03:02.159+0000][1][safepoint    ] Safepoint "Cleanup", Time since last: 1000395500 ns, Reaching safepoint: 505800 ns, At safepoint: 133700 ns, Total: 639500 ns
[2020-04-26T17:03:03.160+0000][1][safepoint    ] Safepoint "Cleanup", Time since last: 1000418400 ns, Reaching safepoint: 300000 ns, At safepoint: 85800 ns, Total: 385800 ns
[2020-04-26T17:03:04.161+0000][1][safepoint    ] Safepoint "Cleanup", Time since last: 1000268700 ns, Reaching safepoint: 422700 ns, At safepoint: 113400 ns, Total: 536100 ns
[2020-04-26T17:03:05.162+0000][1][safepoint    ] Safepoint "Cleanup", Time since last: 1000202600 ns, Reaching safepoint: 372000 ns, At safepoint: 93700 ns, Total: 465700 ns
[2020-04-26T17:03:06.163+0000][1][safepoint    ] Safepoint "Cleanup", Time since last: 1000317300 ns, Reaching safepoint: 436500 ns, At safepoint: 274700 ns, Total: 711200 ns
[2020-04-26T17:03:07.163+0000][1][safepoint    ] Safepoint "Cleanup", Time since last: 1000207800 ns, Reaching safepoint: 198500 ns, At safepoint: 57300 ns, Total: 255800 ns
[2020-04-26T17:03:08.163+0000][1][safepoint    ] Safepoint "Cleanup", Time since last: 1000166100 ns, Reaching safepoint: 133300 ns, At safepoint: 29400 ns, Total: 162700 ns
[2020-04-26T17:03:09.164+0000][1][safepoint    ] Safepoint "Cleanup", Time since last: 1000202100 ns, Reaching safepoint: 261500 ns, At safepoint: 77900 ns, Total: 339400 ns
[2020-04-26T17:03:10.165+0000][1][safepoint    ] Safepoint "Cleanup", Time since last: 1000356000 ns, Reaching safepoint: 586400 ns, At safepoint: 144000 ns, Total: 730400 ns
[2020-04-26T17:03:11.166+0000][1][safepoint    ] Safepoint "Cleanup", Time since last: 1000546000 ns, Reaching safepoint: 243900 ns, At safepoint: 69900 ns, Total: 313800 ns
[2020-04-26T17:03:12.167+0000][1][safepoint    ] Safepoint "Cleanup", Time since last: 1000504800 ns, Reaching safepoint: 134700 ns, At safepoint: 31900 ns, Total: 166600 ns
[2020-04-26T17:03:13.167+0000][1][safepoint    ] Safepoint "Cleanup", Time since last: 1000193700 ns, Reaching safepoint: 133000 ns, At safepoint: 29600 ns, Total: 162600 ns
[2020-04-26T17:03:14.167+0000][1][safepoint    ] Safepoint "Cleanup", Time since last: 1000119400 ns, Reaching safepoint: 131300 ns, At safepoint: 27800 ns, Total: 159100 ns
[2020-04-26T17:03:15.168+0000][1][safepoint    ] Safepoint "Cleanup", Time since last: 1000130300 ns, Reaching safepoint: 125500 ns, At safepoint: 34000 ns, Total: 159500 ns
[2020-04-26T17:03:16.168+0000][1][safepoint    ] Safepoint "Cleanup", Time since last: 1000606700 ns, Reaching safepoint: 147400 ns, At safepoint: 39600 ns, Total: 187000 ns
[2020-04-26T17:03:17.169+0000][1][safepoint    ] Safepoint "Cleanup", Time since last: 1000650700 ns, Reaching safepoint: 138400 ns, At safepoint: 34000 ns, Total: 172400 ns
[2020-04-26T17:03:18.170+0000][1][safepoint    ] Safepoint "Cleanup", Time since last: 1000294900 ns, Reaching safepoint: 129900 ns, At safepoint: 27200 ns, Total: 157100 ns
[2020-04-26T17:03:19.170+0000][1][safepoint    ] Safepoint "Cleanup", Time since last: 1000462100 ns, Reaching safepoint: 148300 ns, At safepoint: 30800 ns, Total: 179100 ns
[2020-04-26T17:03:20.171+0000][1][safepoint    ] Safepoint "Cleanup", Time since last: 1000215600 ns, Reaching safepoint: 246500 ns, At safepoint: 70400 ns, Total: 316900 ns
[2020-04-26T17:03:21.172+0000][1][safepoint    ] Safepoint "Cleanup", Time since last: 1000721800 ns, Reaching safepoint: 447400 ns, At safepoint: 143500 ns, Total: 590900 ns
[2020-04-26T17:03:22.173+0000][1][safepoint    ] Safepoint "Cleanup", Time since last: 1000260100 ns, Reaching safepoint: 194300 ns, At safepoint: 45200 ns, Total: 239500 ns
[2020-04-26T17:03:23.173+0000][1][safepoint    ] Safepoint "Cleanup", Time since last: 1000182200 ns, Reaching safepoint: 141700 ns, At safepoint: 49600 ns, Total: 191300 ns
[2020-04-26T17:03:24.174+0000][1][safepoint    ] Safepoint "Cleanup", Time since last: 1000304800 ns, Reaching safepoint: 503700 ns, At safepoint: 129500 ns, Total: 633200 ns
[2020-04-26T17:03:25.175+0000][1][safepoint    ] Safepoint "Cleanup", Time since last: 1000609400 ns, Reaching safepoint: 170500 ns, At safepoint: 37500 ns, Total: 208000 ns
[2020-04-26T17:03:26.175+0000][1][safepoint    ] Safepoint "Cleanup", Time since last: 1000219400 ns, Reaching safepoint: 129500 ns, At safepoint: 27600 ns, Total: 157100 ns
[2020-04-26T17:03:27.175+0000][1][safepoint    ] Safepoint "Cleanup", Time since last: 1000204400 ns, Reaching safepoint: 126700 ns, At safepoint: 25500 ns, Total: 152200 ns
[2020-04-26T17:03:28.176+0000][1][safepoint    ] Safepoint "Cleanup", Time since last: 1000150900 ns, Reaching safepoint: 131700 ns, At safepoint: 26400 ns, Total: 158100 ns
[2020-04-26T17:03:29.176+0000][1][safepoint    ] Safepoint "Cleanup", Time since last: 1000115400 ns, Reaching safepoint: 127300 ns, At safepoint: 28300 ns, Total: 155600 ns
[2020-04-26T17:03:30.177+0000][1][safepoint    ] Safepoint "Cleanup", Time since last: 1000310100 ns, Reaching safepoint: 178800 ns, At safepoint: 34300 ns, Total: 213100 ns
[2020-04-26T17:03:31.177+0000][1][safepoint    ] Safepoint "Cleanup", Time since last: 1000196300 ns, Reaching safepoint: 133200 ns, At safepoint: 29800 ns, Total: 163000 ns
[2020-04-26T17:03:32.177+0000][1][safepoint    ] Safepoint "Cleanup", Time since last: 1000170200 ns, Reaching safepoint: 150900 ns, At safepoint: 35700 ns, Total: 186600 ns
[2020-04-26T17:03:33.178+0000][1][safepoint    ] Safepoint "Cleanup", Time since last: 1000317300 ns, Reaching safepoint: 143800 ns, At safepoint: 26200 ns, Total: 170000 ns
[2020-04-26T17:03:34.178+0000][1][safepoint    ] Safepoint "Cleanup", Time since last: 1000149700 ns, Reaching safepoint: 170000 ns, At safepoint: 47200 ns, Total: 217200 ns
[2020-04-26T17:03:35.179+0000][1][safepoint    ] Safepoint "Cleanup", Time since last: 1000716300 ns, Reaching safepoint: 442100 ns, At safepoint: 140700 ns, Total: 582800 ns
[2020-04-26T17:03:36.181+0000][1][safepoint    ] Safepoint "Cleanup", Time since last: 1000625000 ns, Reaching safepoint: 576900 ns, At safepoint: 142600 ns, Total: 719500 ns
[2020-04-26T17:03:37.181+0000][1][safepoint    ] Safepoint "Cleanup", Time since last: 1000477500 ns, Reaching safepoint: 140800 ns, At safepoint: 31800 ns, Total: 172600 ns
[2020-04-26T17:03:38.182+0000][1][safepoint    ] Safepoint "Cleanup", Time since last: 1000155100 ns, Reaching safepoint: 136800 ns, At safepoint: 48800 ns, Total: 185600 ns
[2020-04-26T17:03:39.595+0000][1][safepoint    ] Safepoint "Cleanup", Time since last: 1412722000 ns, Reaching safepoint: 133700 ns, At safepoint: 32300 ns, Total: 166000 ns
[2020-04-26T17:03:40.595+0000][1][safepoint    ] Safepoint "Cleanup", Time since last: 1000184400 ns, Reaching safepoint: 195100 ns, At safepoint: 30900 ns, Total: 226000 ns
[2020-04-26T17:03:41.596+0000][1][safepoint    ] Safepoint "Cleanup", Time since last: 1000293100 ns, Reaching safepoint: 388700 ns, At safepoint: 97500 ns, Total: 486200 ns
[2020-04-26T17:03:42.597+0000][1][safepoint    ] Safepoint "Cleanup", Time since last: 1000447700 ns, Reaching safepoint: 550000 ns, At safepoint: 268000 ns, Total: 818000 ns
[2020-04-26T17:03:43.598+0000][1][safepoint    ] Safepoint "Cleanup", Time since last: 1000352200 ns, Reaching safepoint: 505300 ns, At safepoint: 199300 ns, Total: 704600 ns
[2020-04-26T17:03:44.600+0000][1][safepoint    ] Safepoint "Cleanup", Time since last: 1000812000 ns, Reaching safepoint: 425500 ns, At safepoint: 131200 ns, Total: 556700 ns
[2020-04-26T17:03:45.601+0000][1][safepoint    ] Safepoint "Cleanup", Time since last: 1000358300 ns, Reaching safepoint: 488900 ns, At safepoint: 136600 ns, Total: 625500 ns
[2020-04-26T17:03:46.601+0000][1][safepoint    ] Safepoint "Cleanup", Time since last: 1000704400 ns, Reaching safepoint: 193500 ns, At safepoint: 54600 ns, Total: 248100 ns
[2020-04-26T17:03:47.603+0000][1][safepoint    ] Safepoint "Cleanup", Time since last: 1000644100 ns, Reaching safepoint: 487100 ns, At safepoint: 129200 ns, Total: 616300 ns
[2020-04-26T17:03:48.604+0000][1][safepoint    ] Safepoint "Cleanup", Time since last: 1000307600 ns, Reaching safepoint: 513000 ns, At safepoint: 130400 ns, Total: 643400 ns
[2020-04-26T17:03:49.604+0000][1][safepoint    ] Safepoint "Cleanup", Time since last: 1000237200 ns, Reaching safepoint: 131500 ns, At safepoint: 29000 ns, Total: 160500 ns
[2020-04-26T17:03:50.144+0000][1][safepoint    ] Safepoint "RevokeBias", Time since last: 539846300 ns, Reaching safepoint: 138800 ns, At safepoint: 82900 ns, Total: 221700 ns
[2020-04-26T17:03:50.145+0000][1][safepoint    ] Safepoint "RevokeBias", Time since last: 222100 ns, Reaching safepoint: 97700 ns, At safepoint: 76000 ns, Total: 173700 ns
[2020-04-26T17:03:50.145+0000][1][safepoint    ] Safepoint "RevokeBias", Time since last: 307500 ns, Reaching safepoint: 182100 ns, At safepoint: 90300 ns, Total: 272400 ns
[2020-04-26T17:03:50.150+0000][1][safepoint    ] Safepoint "RevokeBias", Time since last: 5037700 ns, Reaching safepoint: 111500 ns, At safepoint: 62700 ns, Total: 174200 ns
[2020-04-26T17:03:50.151+0000][1][safepoint    ] Safepoint "RevokeBias", Time since last: 288200 ns, Reaching safepoint: 206900 ns, At safepoint: 70900 ns, Total: 277800 ns
[2020-04-26T17:03:50.151+0000][1][safepoint    ] Safepoint "RevokeBias", Time since last: 104700 ns, Reaching safepoint: 154300 ns, At safepoint: 65600 ns, Total: 219900 ns
[2020-04-26T17:03:51.152+0000][1][safepoint    ] Safepoint "Cleanup", Time since last: 1000220800 ns, Reaching safepoint: 271700 ns, At safepoint: 58000 ns, Total: 329700 ns
[2020-04-26T17:03:52.152+0000][1][safepoint    ] Safepoint "Cleanup", Time since last: 1000157900 ns, Reaching safepoint: 184400 ns, At safepoint: 46600 ns, Total: 231000 ns
[2020-04-26T17:03:53.153+0000][1][safepoint    ] Safepoint "Cleanup", Time since last: 1000381700 ns, Reaching safepoint: 420200 ns, At safepoint: 163700 ns, Total: 583900 ns
[2020-04-26T17:03:54.154+0000][1][safepoint    ] Safepoint "Cleanup", Time since last: 1000336100 ns, Reaching safepoint: 530300 ns, At safepoint: 125400 ns, Total: 655700 ns
[2020-04-26T17:03:55.155+0000][1][safepoint    ] Safepoint "Cleanup", Time since last: 1000575500 ns, Reaching safepoint: 275800 ns, At safepoint: 69800 ns, Total: 345600 ns
[2020-04-26T17:03:56.156+0000][1][safepoint    ] Safepoint "Cleanup", Time since last: 1000547200 ns, Reaching safepoint: 135500 ns, At safepoint: 33200 ns, Total: 168700 ns
[2020-04-26T17:03:57.157+0000][1][safepoint    ] Safepoint "Cleanup", Time since last: 1000502500 ns, Reaching safepoint: 428500 ns, At safepoint: 133300 ns, Total: 561800 ns
[2020-04-26T17:03:58.158+0000][1][safepoint    ] Safepoint "Cleanup", Time since last: 1000381100 ns, Reaching safepoint: 485500 ns, At safepoint: 178000 ns, Total: 663500 ns
[2020-04-26T17:03:59.158+0000][1][safepoint    ] Safepoint "Cleanup", Time since last: 1000349100 ns, Reaching safepoint: 135000 ns, At safepoint: 45900 ns, Total: 180900 ns
[2020-04-26T17:04:00.159+0000][1][safepoint    ] Safepoint "Cleanup", Time since last: 1000356300 ns, Reaching safepoint: 347000 ns, At safepoint: 108200 ns, Total: 455200 ns
[2020-04-26T17:04:01.160+0000][1][safepoint    ] Safepoint "Cleanup", Time since last: 1000705900 ns, Reaching safepoint: 277700 ns, At safepoint: 82900 ns, Total: 360600 ns
[2020-04-26T17:04:02.161+0000][1][safepoint    ] Safepoint "Cleanup", Time since last: 1000508700 ns, Reaching safepoint: 493200 ns, At safepoint: 134400 ns, Total: 627600 ns
[2020-04-26T17:04:03.163+0000][1][safepoint    ] Safepoint "Cleanup", Time since last: 1000754700 ns, Reaching safepoint: 572400 ns, At safepoint: 123900 ns, Total: 696300 ns
[2020-04-26T17:04:03.625+0000][1][gc,start     ] GC(38) Pause Young (Allocation Failure)
[2020-04-26T17:04:03.625+0000][1][gc,task      ] GC(38) Using 10 workers of 10 for evacuation
[2020-04-26T17:04:03.628+0000][1][gc,age       ] GC(38) Desired survivor size 8945664 bytes, new threshold 6 (max threshold 6)
[2020-04-26T17:04:03.628+0000][1][gc,age       ] GC(38) Age table with threshold 6 (max threshold 6)
[2020-04-26T17:04:03.628+0000][1][gc,age       ] GC(38) - age   1:      75824 bytes,      75824 total
[2020-04-26T17:04:03.628+0000][1][gc,age       ] GC(38) - age   2:       6432 bytes,      82256 total
[2020-04-26T17:04:03.628+0000][1][gc,age       ] GC(38) - age   3:      11408 bytes,      93664 total
[2020-04-26T17:04:03.628+0000][1][gc,age       ] GC(38) - age   4:      25456 bytes,     119120 total
[2020-04-26T17:04:03.628+0000][1][gc,age       ] GC(38) - age   5:      26000 bytes,     145120 total
[2020-04-26T17:04:03.628+0000][1][gc,age       ] GC(38) - age   6:      70080 bytes,     215200 total
[2020-04-26T17:04:03.628+0000][1][gc,heap      ] GC(38) ParNew: 140337K->400K(157248K)
[2020-04-26T17:04:03.628+0000][1][gc,heap      ] GC(38) CMS: 79355K->79526K(349568K)
[2020-04-26T17:04:03.628+0000][1][gc,metaspace ] GC(38) Metaspace: 96724K->96724K(1138688K)
[2020-04-26T17:04:03.628+0000][1][gc           ] GC(38) Pause Young (Allocation Failure) 214M->78M(494M) 2.785ms
[2020-04-26T17:04:03.628+0000][1][gc,cpu       ] GC(38) User=0.01s Sys=0.00s Real=0.00s
[2020-04-26T17:04:03.628+0000][1][safepoint    ] Safepoint "GenCollectForAllocation", Time since last: 462014500 ns, Reaching safepoint: 292700 ns, At safepoint: 2901500 ns, Total: 3194200 ns
[2020-04-26T17:04:04.629+0000][1][safepoint    ] Safepoint "Cleanup", Time since last: 1000474000 ns, Reaching safepoint: 284900 ns, At safepoint: 69400 ns, Total: 354300 ns
[2020-04-26T17:04:05.630+0000][1][safepoint    ] Safepoint "Cleanup", Time since last: 1000291500 ns, Reaching safepoint: 359900 ns, At safepoint: 107700 ns, Total: 467600 ns
[2020-04-26T17:04:06.630+0000][1][safepoint    ] Safepoint "Cleanup", Time since last: 1000535000 ns, Reaching safepoint: 138800 ns, At safepoint: 46500 ns, Total: 185300 ns
[2020-04-26T17:04:07.632+0000][1][safepoint    ] Safepoint "Cleanup", Time since last: 1000580900 ns, Reaching safepoint: 472500 ns, At safepoint: 207500 ns, Total: 680000 ns
[2020-04-26T17:04:08.632+0000][1][safepoint    ] Safepoint "Cleanup", Time since last: 1000615300 ns, Reaching safepoint: 143600 ns, At safepoint: 53700 ns, Total: 197300 ns
[2020-04-26T17:04:09.633+0000][1][safepoint    ] Safepoint "Cleanup", Time since last: 1000470500 ns, Reaching safepoint: 366900 ns, At safepoint: 166200 ns, Total: 533100 ns
[2020-04-26T17:04:10.634+0000][1][safepoint    ] Safepoint "Cleanup", Time since last: 1000328500 ns, Reaching safepoint: 445400 ns, At safepoint: 218500 ns, Total: 663900 ns
[2020-04-26T17:04:11.635+0000][1][safepoint    ] Safepoint "Cleanup", Time since last: 1000429700 ns, Reaching safepoint: 179400 ns, At safepoint: 71400 ns, Total: 250800 ns
[2020-04-26T17:04:12.636+0000][1][safepoint    ] Safepoint "Cleanup", Time since last: 1000278400 ns, Reaching safepoint: 322100 ns, At safepoint: 143600 ns, Total: 465700 ns
[2020-04-26T17:04:13.637+0000][1][safepoint    ] Safepoint "Cleanup", Time since last: 1000673400 ns, Reaching safepoint: 131000 ns, At safepoint: 46600 ns, Total: 177600 ns
[2020-04-26T17:04:14.637+0000][1][safepoint    ] Safepoint "Cleanup", Time since last: 1000284900 ns, Reaching safepoint: 189900 ns, At safepoint: 81300 ns, Total: 271200 ns
[2020-04-26T17:04:15.639+0000][1][safepoint    ] Safepoint "Cleanup", Time since last: 1000613000 ns, Reaching safepoint: 428600 ns, At safepoint: 204600 ns, Total: 633200 ns
[2020-04-26T17:04:16.639+0000][1][safepoint    ] Safepoint "Cleanup", Time since last: 1000312900 ns, Reaching safepoint: 251100 ns, At safepoint: 71400 ns, Total: 322500 ns
[2020-04-26T17:04:17.640+0000][1][safepoint    ] Safepoint "Cleanup", Time since last: 1000567700 ns, Reaching safepoint: 135500 ns, At safepoint: 45700 ns, Total: 181200 ns
[2020-04-26T17:04:18.641+0000][1][safepoint    ] Safepoint "Cleanup", Time since last: 1000276500 ns, Reaching safepoint: 327800 ns, At safepoint: 151600 ns, Total: 479400 ns
[2020-04-26T17:04:19.641+0000][1][safepoint    ] Safepoint "Cleanup", Time since last: 1000409100 ns, Reaching safepoint: 211000 ns, At safepoint: 102500 ns, Total: 313500 ns
[2020-04-26T17:04:20.642+0000][1][safepoint    ] Safepoint "Cleanup", Time since last: 1000193800 ns, Reaching safepoint: 135200 ns, At safepoint: 40900 ns, Total: 176100 ns
[2020-04-26T17:04:21.642+0000][1][safepoint    ] Safepoint "Cleanup", Time since last: 1000133500 ns, Reaching safepoint: 207500 ns, At safepoint: 53900 ns, Total: 261400 ns
[2020-04-26T17:04:22.643+0000][1][safepoint    ] Safepoint "Cleanup", Time since last: 1000231800 ns, Reaching safepoint: 328200 ns, At safepoint: 95100 ns, Total: 423300 ns
[2020-04-26T17:04:23.643+0000][1][safepoint    ] Safepoint "Cleanup", Time since last: 1000351300 ns, Reaching safepoint: 136400 ns, At safepoint: 41900 ns, Total: 178300 ns
[2020-04-26T17:04:24.645+0000][1][safepoint    ] Safepoint "Cleanup", Time since last: 1000776100 ns, Reaching safepoint: 820500 ns, At safepoint: 270500 ns, Total: 1091000 ns
[2020-04-26T17:04:25.646+0000][1][safepoint    ] Safepoint "Cleanup", Time since last: 1000452200 ns, Reaching safepoint: 594600 ns, At safepoint: 231400 ns, Total: 826000 ns
[2020-04-26T17:04:26.647+0000][1][safepoint    ] Safepoint "Cleanup", Time since last: 1000368900 ns, Reaching safepoint: 198900 ns, At safepoint: 57200 ns, Total: 256100 ns
[2020-04-26T17:04:27.648+0000][1][safepoint    ] Safepoint "Cleanup", Time since last: 1000224400 ns, Reaching safepoint: 199900 ns, At safepoint: 81800 ns, Total: 281700 ns
[2020-04-26T17:04:28.649+0000][1][safepoint    ] Safepoint "Cleanup", Time since last: 1000386500 ns, Reaching safepoint: 663700 ns, At safepoint: 205700 ns, Total: 869400 ns
[2020-04-26T17:04:29.649+0000][1][safepoint    ] Safepoint "Cleanup", Time since last: 1000328700 ns, Reaching safepoint: 211600 ns, At safepoint: 35700 ns, Total: 247300 ns
[2020-04-26T17:04:30.650+0000][1][safepoint    ] Safepoint "Cleanup", Time since last: 1000214400 ns, Reaching safepoint: 219300 ns, At safepoint: 37900 ns, Total: 257200 ns
[2020-04-26T17:04:31.651+0000][1][safepoint    ] Safepoint "Cleanup", Time since last: 1000537600 ns, Reaching safepoint: 262900 ns, At safepoint: 76500 ns, Total: 339400 ns
[2020-04-26T17:04:32.652+0000][1][safepoint    ] Safepoint "Cleanup", Time since last: 1000598000 ns, Reaching safepoint: 525500 ns, At safepoint: 141200 ns, Total: 666700 ns
[2020-04-26T17:04:33.653+0000][1][safepoint    ] Safepoint "Cleanup", Time since last: 1000261900 ns, Reaching safepoint: 181000 ns, At safepoint: 39400 ns, Total: 220400 ns
[2020-04-26T17:04:34.653+0000][1][safepoint    ] Safepoint "Cleanup", Time since last: 1000242100 ns, Reaching safepoint: 140800 ns, At safepoint: 32700 ns, Total: 173500 ns
[2020-04-26T17:04:35.653+0000][1][safepoint    ] Safepoint "Cleanup", Time since last: 1000353600 ns, Reaching safepoint: 130100 ns, At safepoint: 30200 ns, Total: 160300 ns
[2020-04-26T17:04:36.654+0000][1][safepoint    ] Safepoint "Cleanup", Time since last: 1000205100 ns, Reaching safepoint: 295000 ns, At safepoint: 52700 ns, Total: 347700 ns
[2020-04-26T17:04:37.655+0000][1][safepoint    ] Safepoint "Cleanup", Time since last: 1000301300 ns, Reaching safepoint: 330100 ns, At safepoint: 49100 ns, Total: 379200 ns
[2020-04-26T17:04:38.656+0000][1][safepoint    ] Safepoint "Cleanup", Time since last: 1000231300 ns, Reaching safepoint: 438100 ns, At safepoint: 162600 ns, Total: 600700 ns
[2020-04-26T17:04:39.656+0000][1][safepoint    ] Safepoint "Cleanup", Time since last: 1000310100 ns, Reaching safepoint: 134400 ns, At safepoint: 32000 ns, Total: 166400 ns
[2020-04-26T17:04:40.656+0000][1][safepoint    ] Safepoint "Cleanup", Time since last: 1000185400 ns, Reaching safepoint: 222400 ns, At safepoint: 31300 ns, Total: 253700 ns
[2020-04-26T17:04:41.657+0000][1][safepoint    ] Safepoint "Cleanup", Time since last: 1000133300 ns, Reaching safepoint: 144300 ns, At safepoint: 31000 ns, Total: 175300 ns
[2020-04-26T17:04:42.657+0000][1][safepoint    ] Safepoint "Cleanup", Time since last: 1000234600 ns, Reaching safepoint: 191800 ns, At safepoint: 32000 ns, Total: 223800 ns
[2020-04-26T17:04:43.658+0000][1][safepoint    ] Safepoint "Cleanup", Time since last: 1000374100 ns, Reaching safepoint: 132200 ns, At safepoint: 30900 ns, Total: 163100 ns
[2020-04-26T17:04:44.659+0000][1][safepoint    ] Safepoint "Cleanup", Time since last: 1000341700 ns, Reaching safepoint: 315200 ns, At safepoint: 95500 ns, Total: 410700 ns
[2020-04-26T17:04:46.476+0000][1][safepoint    ] Safepoint "Cleanup", Time since last: 1817239600 ns, Reaching safepoint: 133700 ns, At safepoint: 28600 ns, Total: 162300 ns
[2020-04-26T17:04:47.477+0000][1][safepoint    ] Safepoint "Cleanup", Time since last: 1000721600 ns, Reaching safepoint: 279900 ns, At safepoint: 123200 ns, Total: 403100 ns
[2020-04-26T17:04:48.477+0000][1][safepoint    ] Safepoint "Cleanup", Time since last: 1000177900 ns, Reaching safepoint: 129700 ns, At safepoint: 29600 ns, Total: 159300 ns
[2020-04-26T17:04:49.478+0000][1][safepoint    ] Safepoint "Cleanup", Time since last: 1000333700 ns, Reaching safepoint: 441700 ns, At safepoint: 153300 ns, Total: 595000 ns
[2020-04-26T17:04:50.479+0000][1][safepoint    ] Safepoint "Cleanup", Time since last: 1000230300 ns, Reaching safepoint: 132900 ns, At safepoint: 28000 ns, Total: 160900 ns
[2020-04-26T17:04:51.479+0000][1][safepoint    ] Safepoint "Cleanup", Time since last: 1000153800 ns, Reaching safepoint: 128600 ns, At safepoint: 28400 ns, Total: 157000 ns
[2020-04-26T17:04:52.143+0000][1][safepoint    ] Safepoint "RevokeBias", Time since last: 663387300 ns, Reaching safepoint: 201800 ns, At safepoint: 72900 ns, Total: 274700 ns
[2020-04-26T17:04:52.143+0000][1][safepoint    ] Safepoint "RevokeBias", Time since last: 321700 ns, Reaching safepoint: 230300 ns, At safepoint: 117600 ns, Total: 347900 ns
[2020-04-26T17:04:52.149+0000][1][safepoint    ] Safepoint "RevokeBias", Time since last: 5670500 ns, Reaching safepoint: 170800 ns, At safepoint: 110600 ns, Total: 281400 ns
[2020-04-26T17:04:52.150+0000][1][safepoint    ] Safepoint "RevokeBias", Time since last: 78800 ns, Reaching safepoint: 159700 ns, At safepoint: 83300 ns, Total: 243000 ns
[2020-04-26T17:04:52.150+0000][1][safepoint    ] Safepoint "RevokeBias", Time since last: 207900 ns, Reaching safepoint: 210000 ns, At safepoint: 84900 ns, Total: 294900 ns
[2020-04-26T17:04:53.151+0000][1][safepoint    ] Safepoint "Cleanup", Time since last: 1000386500 ns, Reaching safepoint: 138200 ns, At safepoint: 30300 ns, Total: 168500 ns
[2020-04-26T17:04:54.151+0000][1][safepoint    ] Safepoint "Cleanup", Time since last: 1000246300 ns, Reaching safepoint: 138100 ns, At safepoint: 28200 ns, Total: 166300 ns
[2020-04-26T17:04:55.152+0000][1][safepoint    ] Safepoint "Cleanup", Time since last: 1000348900 ns, Reaching safepoint: 274800 ns, At safepoint: 46900 ns, Total: 321700 ns
[2020-04-26T17:04:56.152+0000][1][safepoint    ] Safepoint "Cleanup", Time since last: 1000518300 ns, Reaching safepoint: 153800 ns, At safepoint: 37400 ns, Total: 191200 ns
[2020-04-26T17:04:57.153+0000][1][safepoint    ] Safepoint "Cleanup", Time since last: 1000241600 ns, Reaching safepoint: 165600 ns, At safepoint: 43400 ns, Total: 209000 ns
[2020-04-26T17:04:58.154+0000][1][safepoint    ] Safepoint "Cleanup", Time since last: 1000485500 ns, Reaching safepoint: 153200 ns, At safepoint: 39500 ns, Total: 192700 ns
[2020-04-26T17:04:59.154+0000][1][safepoint    ] Safepoint "Cleanup", Time since last: 1000236300 ns, Reaching safepoint: 255100 ns, At safepoint: 74300 ns, Total: 329400 ns
[2020-04-26T17:05:00.155+0000][1][safepoint    ] Safepoint "Cleanup", Time since last: 1000198200 ns, Reaching safepoint: 205200 ns, At safepoint: 32500 ns, Total: 237700 ns
[2020-04-26T17:05:01.156+0000][1][safepoint    ] Safepoint "Cleanup", Time since last: 1000459500 ns, Reaching safepoint: 431800 ns, At safepoint: 137700 ns, Total: 569500 ns
[2020-04-26T17:05:02.157+0000][1][safepoint    ] Safepoint "Cleanup", Time since last: 1000627500 ns, Reaching safepoint: 506700 ns, At safepoint: 334200 ns, Total: 840900 ns
[2020-04-26T17:05:03.158+0000][1][safepoint    ] Safepoint "Cleanup", Time since last: 1000588100 ns, Reaching safepoint: 158200 ns, At safepoint: 81200 ns, Total: 239400 ns
[2020-04-26T17:05:04.158+0000][1][safepoint    ] Safepoint "Cleanup", Time since last: 1000314900 ns, Reaching safepoint: 127700 ns, At safepoint: 26900 ns, Total: 154600 ns
[2020-04-26T17:05:05.159+0000][1][safepoint    ] Safepoint "Cleanup", Time since last: 1000445400 ns, Reaching safepoint: 224100 ns, At safepoint: 62800 ns, Total: 286900 ns
[2020-04-26T17:05:06.160+0000][1][safepoint    ] Safepoint "Cleanup", Time since last: 1000445400 ns, Reaching safepoint: 491600 ns, At safepoint: 214600 ns, Total: 706200 ns
[2020-04-26T17:05:07.161+0000][1][safepoint    ] Safepoint "Cleanup", Time since last: 1000399600 ns, Reaching safepoint: 175600 ns, At safepoint: 30800 ns, Total: 206400 ns
[2020-04-26T17:05:08.162+0000][1][safepoint    ] Safepoint "Cleanup", Time since last: 1000682900 ns, Reaching safepoint: 133100 ns, At safepoint: 32600 ns, Total: 165700 ns
[2020-04-26T17:05:09.163+0000][1][safepoint    ] Safepoint "Cleanup", Time since last: 1000364900 ns, Reaching safepoint: 584400 ns, At safepoint: 121900 ns, Total: 706300 ns
[2020-04-26T17:05:10.164+0000][1][safepoint    ] Safepoint "Cleanup", Time since last: 1000601100 ns, Reaching safepoint: 442400 ns, At safepoint: 137100 ns, Total: 579500 ns
[2020-04-26T17:05:11.165+0000][1][safepoint    ] Safepoint "Cleanup", Time since last: 1000259600 ns, Reaching safepoint: 263100 ns, At safepoint: 79200 ns, Total: 342300 ns
[2020-04-26T17:05:12.166+0000][1][safepoint    ] Safepoint "Cleanup", Time since last: 1000495300 ns, Reaching safepoint: 467500 ns, At safepoint: 120000 ns, Total: 587500 ns
[2020-04-26T17:05:13.167+0000][1][safepoint    ] Safepoint "Cleanup", Time since last: 1000405400 ns, Reaching safepoint: 440600 ns, At safepoint: 147200 ns, Total: 587800 ns
[2020-04-26T17:05:14.167+0000][1][safepoint    ] Safepoint "Cleanup", Time since last: 1000489100 ns, Reaching safepoint: 131000 ns, At safepoint: 32500 ns, Total: 163500 ns
[2020-04-26T17:05:15.169+0000][1][safepoint    ] Safepoint "Cleanup", Time since last: 1000691300 ns, Reaching safepoint: 444500 ns, At safepoint: 137300 ns, Total: 581800 ns
[2020-04-26T17:05:16.170+0000][1][safepoint    ] Safepoint "Cleanup", Time since last: 1000732400 ns, Reaching safepoint: 442600 ns, At safepoint: 136600 ns, Total: 579200 ns
[2020-04-26T17:05:17.171+0000][1][safepoint    ] Safepoint "Cleanup", Time since last: 1000577200 ns, Reaching safepoint: 130600 ns, At safepoint: 30400 ns, Total: 161000 ns
[2020-04-26T17:05:18.171+0000][1][safepoint    ] Safepoint "Cleanup", Time since last: 1000611800 ns, Reaching safepoint: 173600 ns, At safepoint: 48100 ns, Total: 221700 ns
[2020-04-26T17:05:19.172+0000][1][safepoint    ] Safepoint "Cleanup", Time since last: 1000330500 ns, Reaching safepoint: 443400 ns, At safepoint: 149500 ns, Total: 592900 ns
[2020-04-26T17:05:20.174+0000][1][safepoint    ] Safepoint "Cleanup", Time since last: 1000583900 ns, Reaching safepoint: 524100 ns, At safepoint: 133000 ns, Total: 657100 ns
[2020-04-26T17:05:21.174+0000][1][safepoint    ] Safepoint "Cleanup", Time since last: 1000360000 ns, Reaching safepoint: 189300 ns, At safepoint: 32400 ns, Total: 221700 ns
[2020-04-26T17:05:22.175+0000][1][safepoint    ] Safepoint "Cleanup", Time since last: 1000367300 ns, Reaching safepoint: 451100 ns, At safepoint: 150700 ns, Total: 601800 ns
[2020-04-26T17:05:23.176+0000][1][safepoint    ] Safepoint "Cleanup", Time since last: 1000505100 ns, Reaching safepoint: 445100 ns, At safepoint: 140500 ns, Total: 585600 ns
[2020-04-26T17:05:24.310+0000][1][safepoint    ] Safepoint "Cleanup", Time since last: 1132905400 ns, Reaching safepoint: 382000 ns, At safepoint: 95900 ns, Total: 477900 ns
[2020-04-26T17:05:25.311+0000][1][safepoint    ] Safepoint "Cleanup", Time since last: 1000365800 ns, Reaching safepoint: 441500 ns, At safepoint: 175400 ns, Total: 616900 ns
[2020-04-26T17:05:26.311+0000][1][safepoint    ] Safepoint "Cleanup", Time since last: 1000245600 ns, Reaching safepoint: 135400 ns, At safepoint: 31700 ns, Total: 167100 ns
[2020-04-26T17:05:27.312+0000][1][safepoint    ] Safepoint "Cleanup", Time since last: 1000579900 ns, Reaching safepoint: 442500 ns, At safepoint: 136300 ns, Total: 578800 ns
[2020-04-26T17:05:28.313+0000][1][safepoint    ] Safepoint "Cleanup", Time since last: 1000658900 ns, Reaching safepoint: 134000 ns, At safepoint: 30600 ns, Total: 164600 ns
[2020-04-26T17:05:29.314+0000][1][safepoint    ] Safepoint "Cleanup", Time since last: 1000360800 ns, Reaching safepoint: 444400 ns, At safepoint: 207100 ns, Total: 651500 ns
[2020-04-26T17:05:30.315+0000][1][safepoint    ] Safepoint "Cleanup", Time since last: 1000809500 ns, Reaching safepoint: 510600 ns, At safepoint: 130800 ns, Total: 641400 ns
[2020-04-26T17:05:31.317+0000][1][safepoint    ] Safepoint "Cleanup", Time since last: 1000516500 ns, Reaching safepoint: 443200 ns, At safepoint: 195300 ns, Total: 638500 ns
[2020-04-26T17:05:32.318+0000][1][safepoint    ] Safepoint "Cleanup", Time since last: 1000367400 ns, Reaching safepoint: 443400 ns, At safepoint: 150800 ns, Total: 594200 ns
[2020-04-26T17:05:33.318+0000][1][safepoint    ] Safepoint "Cleanup", Time since last: 1000593000 ns, Reaching safepoint: 148200 ns, At safepoint: 37400 ns, Total: 185600 ns
[2020-04-26T17:05:34.319+0000][1][safepoint    ] Safepoint "Cleanup", Time since last: 1000446500 ns, Reaching safepoint: 200300 ns, At safepoint: 53400 ns, Total: 253700 ns
[2020-04-26T17:05:35.320+0000][1][safepoint    ] Safepoint "Cleanup", Time since last: 1000604200 ns, Reaching safepoint: 440000 ns, At safepoint: 135400 ns, Total: 575400 ns
[2020-04-26T17:05:36.322+0000][1][safepoint    ] Safepoint "Cleanup", Time since last: 1000805500 ns, Reaching safepoint: 443300 ns, At safepoint: 136600 ns, Total: 579900 ns
[2020-04-26T17:05:37.322+0000][1][safepoint    ] Safepoint "Cleanup", Time since last: 1000433200 ns, Reaching safepoint: 144700 ns, At safepoint: 29000 ns, Total: 173700 ns
[2020-04-26T17:05:38.323+0000][1][safepoint    ] Safepoint "Cleanup", Time since last: 1000418300 ns, Reaching safepoint: 589800 ns, At safepoint: 132000 ns, Total: 721800 ns
[2020-04-26T17:05:39.324+0000][1][safepoint    ] Safepoint "Cleanup", Time since last: 1000365300 ns, Reaching safepoint: 362400 ns, At safepoint: 110200 ns, Total: 472600 ns
[2020-04-26T17:05:40.325+0000][1][safepoint    ] Safepoint "Cleanup", Time since last: 1000329100 ns, Reaching safepoint: 219500 ns, At safepoint: 63300 ns, Total: 282800 ns
[2020-04-26T17:05:41.325+0000][1][safepoint    ] Safepoint "Cleanup", Time since last: 1000207900 ns, Reaching safepoint: 175500 ns, At safepoint: 45200 ns, Total: 220700 ns
[2020-04-26T17:05:42.326+0000][1][safepoint    ] Safepoint "Cleanup", Time since last: 1000296300 ns, Reaching safepoint: 417400 ns, At safepoint: 179200 ns, Total: 596600 ns
[2020-04-26T17:05:43.327+0000][1][safepoint    ] Safepoint "Cleanup", Time since last: 1000410300 ns, Reaching safepoint: 318700 ns, At safepoint: 96400 ns, Total: 415100 ns
[2020-04-26T17:05:44.328+0000][1][safepoint    ] Safepoint "Cleanup", Time since last: 1000278800 ns, Reaching safepoint: 249000 ns, At safepoint: 69100 ns, Total: 318100 ns
[2020-04-26T17:05:45.329+0000][1][safepoint    ] Safepoint "Cleanup", Time since last: 1000389700 ns, Reaching safepoint: 439800 ns, At safepoint: 168100 ns, Total: 607900 ns
[2020-04-26T17:05:46.330+0000][1][safepoint    ] Safepoint "Cleanup", Time since last: 1000362200 ns, Reaching safepoint: 431900 ns, At safepoint: 129500 ns, Total: 561400 ns
[2020-04-26T17:05:47.331+0000][1][safepoint    ] Safepoint "Cleanup", Time since last: 1000570400 ns, Reaching safepoint: 425000 ns, At safepoint: 161900 ns, Total: 586900 ns
[2020-04-26T17:05:48.332+0000][1][safepoint    ] Safepoint "Cleanup", Time since last: 1000711300 ns, Reaching safepoint: 299000 ns, At safepoint: 88000 ns, Total: 387000 ns
[2020-04-26T17:05:49.333+0000][1][safepoint    ] Safepoint "Cleanup", Time since last: 1000420000 ns, Reaching safepoint: 551000 ns, At safepoint: 130900 ns, Total: 681900 ns
[2020-04-26T17:05:50.334+0000][1][safepoint    ] Safepoint "Cleanup", Time since last: 1000668300 ns, Reaching safepoint: 391900 ns, At safepoint: 121300 ns, Total: 513200 ns
[2020-04-26T17:05:51.335+0000][1][safepoint    ] Safepoint "Cleanup", Time since last: 1000411800 ns, Reaching safepoint: 423100 ns, At safepoint: 138600 ns, Total: 561700 ns
[2020-04-26T17:05:52.336+0000][1][safepoint    ] Safepoint "Cleanup", Time since last: 1000657900 ns, Reaching safepoint: 155100 ns, At safepoint: 40900 ns, Total: 196000 ns
[2020-04-26T17:05:53.146+0000][1][safepoint    ] Safepoint "RevokeBias", Time since last: 809486300 ns, Reaching safepoint: 157600 ns, At safepoint: 72200 ns, Total: 229800 ns
[2020-04-26T17:05:53.146+0000][1][safepoint    ] Safepoint "RevokeBias", Time since last: 236500 ns, Reaching safepoint: 208300 ns, At safepoint: 131200 ns, Total: 339500 ns
[2020-04-26T17:05:53.147+0000][1][safepoint    ] Safepoint "BulkRevokeBias", Time since last: 86300 ns, Reaching safepoint: 244800 ns, At safepoint: 601000 ns, Total: 845800 ns
[2020-04-26T17:05:53.152+0000][1][safepoint    ] Safepoint "RevokeBias", Time since last: 4576900 ns, Reaching safepoint: 115900 ns, At safepoint: 119400 ns, Total: 235300 ns
[2020-04-26T17:05:53.152+0000][1][safepoint    ] Safepoint "RevokeBias", Time since last: 57300 ns, Reaching safepoint: 223800 ns, At safepoint: 87800 ns, Total: 311600 ns
[2020-04-26T17:05:53.153+0000][1][safepoint    ] Safepoint "RevokeBias", Time since last: 230700 ns, Reaching safepoint: 394400 ns, At safepoint: 141300 ns, Total: 535700 ns
[2020-04-26T17:05:54.154+0000][1][safepoint    ] Safepoint "Cleanup", Time since last: 1000224500 ns, Reaching safepoint: 244500 ns, At safepoint: 68700 ns, Total: 313200 ns
[2020-04-26T17:05:55.155+0000][1][safepoint    ] Safepoint "Cleanup", Time since last: 1000482200 ns, Reaching safepoint: 506000 ns, At safepoint: 163200 ns, Total: 669200 ns
[2020-04-26T17:05:56.155+0000][1][safepoint    ] Safepoint "Cleanup", Time since last: 1000523500 ns, Reaching safepoint: 133000 ns, At safepoint: 30600 ns, Total: 163600 ns
[2020-04-26T17:05:57.156+0000][1][safepoint    ] Safepoint "Cleanup", Time since last: 1000203100 ns, Reaching safepoint: 128800 ns, At safepoint: 27000 ns, Total: 155800 ns
[2020-04-26T17:05:58.157+0000][1][safepoint    ] Safepoint "Cleanup", Time since last: 1000252100 ns, Reaching safepoint: 442600 ns, At safepoint: 136000 ns, Total: 578600 ns
[2020-04-26T17:05:59.157+0000][1][safepoint    ] Safepoint "Cleanup", Time since last: 1000316500 ns, Reaching safepoint: 130100 ns, At safepoint: 33200 ns, Total: 163300 ns
[2020-04-26T17:06:00.157+0000][1][safepoint    ] Safepoint "Cleanup", Time since last: 1000195100 ns, Reaching safepoint: 135200 ns, At safepoint: 28500 ns, Total: 163700 ns
[2020-04-26T17:06:01.159+0000][1][safepoint    ] Safepoint "Cleanup", Time since last: 1000287900 ns, Reaching safepoint: 564400 ns, At safepoint: 206500 ns, Total: 770900 ns
[2020-04-26T17:06:02.159+0000][1][safepoint    ] Safepoint "Cleanup", Time since last: 1000288600 ns, Reaching safepoint: 224000 ns, At safepoint: 64100 ns, Total: 288100 ns
[2020-04-26T17:06:03.160+0000][1][safepoint    ] Safepoint "Cleanup", Time since last: 1000335400 ns, Reaching safepoint: 187600 ns, At safepoint: 50800 ns, Total: 238400 ns
[2020-04-26T17:06:04.161+0000][1][safepoint    ] Safepoint "Cleanup", Time since last: 1000448500 ns, Reaching safepoint: 427400 ns, At safepoint: 133800 ns, Total: 561200 ns
[2020-04-26T17:06:05.162+0000][1][safepoint    ] Safepoint "Cleanup", Time since last: 1000766500 ns, Reaching safepoint: 145300 ns, At safepoint: 39900 ns, Total: 185200 ns
[2020-04-26T17:06:06.163+0000][1][safepoint    ] Safepoint "Cleanup", Time since last: 1000602000 ns, Reaching safepoint: 217600 ns, At safepoint: 110100 ns, Total: 327700 ns
[2020-04-26T17:06:07.163+0000][1][safepoint    ] Safepoint "Cleanup", Time since last: 1000487400 ns, Reaching safepoint: 129400 ns, At safepoint: 28100 ns, Total: 157500 ns
[2020-04-26T17:06:08.164+0000][1][safepoint    ] Safepoint "Cleanup", Time since last: 1000485800 ns, Reaching safepoint: 261300 ns, At safepoint: 74100 ns, Total: 335400 ns
[2020-04-26T17:06:09.165+0000][1][safepoint    ] Safepoint "Cleanup", Time since last: 1000298500 ns, Reaching safepoint: 437100 ns, At safepoint: 129000 ns, Total: 566100 ns
[2020-04-26T17:06:10.166+0000][1][safepoint    ] Safepoint "Cleanup", Time since last: 1000544300 ns, Reaching safepoint: 147100 ns, At safepoint: 37400 ns, Total: 184500 ns
[2020-04-26T17:06:11.166+0000][1][safepoint    ] Safepoint "Cleanup", Time since last: 1000212800 ns, Reaching safepoint: 150700 ns, At safepoint: 37800 ns, Total: 188500 ns
[2020-04-26T17:06:12.167+0000][1][safepoint    ] Safepoint "Cleanup", Time since last: 1000613000 ns, Reaching safepoint: 137500 ns, At safepoint: 34800 ns, Total: 172300 ns
[2020-04-26T17:06:13.168+0000][1][safepoint    ] Safepoint "Cleanup", Time since last: 1000547300 ns, Reaching safepoint: 135500 ns, At safepoint: 33300 ns, Total: 168800 ns
[2020-04-26T17:06:14.168+0000][1][safepoint    ] Safepoint "Cleanup", Time since last: 1000146200 ns, Reaching safepoint: 168600 ns, At safepoint: 63300 ns, Total: 231900 ns
[2020-04-26T17:06:15.169+0000][1][safepoint    ] Safepoint "Cleanup", Time since last: 1000593000 ns, Reaching safepoint: 441800 ns, At safepoint: 195500 ns, Total: 637300 ns
[2020-04-26T17:06:16.170+0000][1][safepoint    ] Safepoint "Cleanup", Time since last: 1000397900 ns, Reaching safepoint: 505200 ns, At safepoint: 128700 ns, Total: 633900 ns
[2020-04-26T17:06:17.171+0000][1][safepoint    ] Safepoint "Cleanup", Time since last: 1000398900 ns, Reaching safepoint: 504200 ns, At safepoint: 141000 ns, Total: 645200 ns
[2020-04-26T17:06:18.173+0000][1][safepoint    ] Safepoint "Cleanup", Time since last: 1000577700 ns, Reaching safepoint: 648400 ns, At safepoint: 224100 ns, Total: 872500 ns
[2020-04-26T17:06:19.174+0000][1][safepoint    ] Safepoint "Cleanup", Time since last: 1000718600 ns, Reaching safepoint: 448700 ns, At safepoint: 113300 ns, Total: 562000 ns
[2020-04-26T17:06:20.175+0000][1][safepoint    ] Safepoint "Cleanup", Time since last: 1000289200 ns, Reaching safepoint: 299000 ns, At safepoint: 104400 ns, Total: 403400 ns
[2020-04-26T17:06:21.176+0000][1][safepoint    ] Safepoint "Cleanup", Time since last: 1000792900 ns, Reaching safepoint: 443500 ns, At safepoint: 141400 ns, Total: 584900 ns
[2020-04-26T17:06:22.177+0000][1][safepoint    ] Safepoint "Cleanup", Time since last: 1000524100 ns, Reaching safepoint: 256100 ns, At safepoint: 73800 ns, Total: 329900 ns
[2020-04-26T17:06:23.178+0000][1][safepoint    ] Safepoint "Cleanup", Time since last: 1000744200 ns, Reaching safepoint: 132700 ns, At safepoint: 32300 ns, Total: 165000 ns
[2020-04-26T17:06:24.179+0000][1][safepoint    ] Safepoint "Cleanup", Time since last: 1000583300 ns, Reaching safepoint: 442700 ns, At safepoint: 135300 ns, Total: 578000 ns
[2020-04-26T17:06:25.180+0000][1][safepoint    ] Safepoint "Cleanup", Time since last: 1000591800 ns, Reaching safepoint: 132500 ns, At safepoint: 31900 ns, Total: 164400 ns
[2020-04-26T17:06:26.217+0000][1][safepoint    ] Safepoint "Cleanup", Time since last: 1036306000 ns, Reaching safepoint: 515300 ns, At safepoint: 177900 ns, Total: 693200 ns
[2020-04-26T17:06:27.217+0000][1][safepoint    ] Safepoint "Cleanup", Time since last: 1000282000 ns, Reaching safepoint: 172400 ns, At safepoint: 49000 ns, Total: 221400 ns
[2020-04-26T17:06:28.218+0000][1][safepoint    ] Safepoint "Cleanup", Time since last: 1000384000 ns, Reaching safepoint: 444100 ns, At safepoint: 133100 ns, Total: 577200 ns
[2020-04-26T17:06:29.219+0000][1][safepoint    ] Safepoint "Cleanup", Time since last: 1000530900 ns, Reaching safepoint: 447400 ns, At safepoint: 148200 ns, Total: 595600 ns
[2020-04-26T17:06:30.220+0000][1][safepoint    ] Safepoint "Cleanup", Time since last: 1000527900 ns, Reaching safepoint: 285800 ns, At safepoint: 84500 ns, Total: 370300 ns
[2020-04-26T17:06:31.221+0000][1][safepoint    ] Safepoint "Cleanup", Time since last: 1000580400 ns, Reaching safepoint: 444200 ns, At safepoint: 134900 ns, Total: 579100 ns
[2020-04-26T17:06:32.222+0000][1][safepoint    ] Safepoint "Cleanup", Time since last: 1000541300 ns, Reaching safepoint: 461200 ns, At safepoint: 121000 ns, Total: 582200 ns
[2020-04-26T17:06:33.223+0000][1][safepoint    ] Safepoint "Cleanup", Time since last: 1000557400 ns, Reaching safepoint: 149500 ns, At safepoint: 31500 ns, Total: 181000 ns
[2020-04-26T17:06:34.224+0000][1][safepoint    ] Safepoint "Cleanup", Time since last: 1000229300 ns, Reaching safepoint: 134000 ns, At safepoint: 31600 ns, Total: 165600 ns
[2020-04-26T17:06:35.225+0000][1][safepoint    ] Safepoint "Cleanup", Time since last: 1000624600 ns, Reaching safepoint: 443800 ns, At safepoint: 156200 ns, Total: 600000 ns
[2020-04-26T17:06:36.226+0000][1][safepoint    ] Safepoint "Cleanup", Time since last: 1000485000 ns, Reaching safepoint: 240000 ns, At safepoint: 58000 ns, Total: 298000 ns
[2020-04-26T17:06:37.226+0000][1][safepoint    ] Safepoint "Cleanup", Time since last: 1000311400 ns, Reaching safepoint: 327500 ns, At safepoint: 94900 ns, Total: 422400 ns
[2020-04-26T17:06:38.227+0000][1][safepoint    ] Safepoint "Cleanup", Time since last: 1000296400 ns, Reaching safepoint: 177600 ns, At safepoint: 43900 ns, Total: 221500 ns
[2020-04-26T17:06:39.228+0000][1][safepoint    ] Safepoint "Cleanup", Time since last: 1000338600 ns, Reaching safepoint: 558800 ns, At safepoint: 129300 ns, Total: 688100 ns
[2020-04-26T17:06:40.229+0000][1][safepoint    ] Safepoint "Cleanup", Time since last: 1000419400 ns, Reaching safepoint: 537100 ns, At safepoint: 155400 ns, Total: 692500 ns
[2020-04-26T17:06:41.230+0000][1][safepoint    ] Safepoint "Cleanup", Time since last: 1000339400 ns, Reaching safepoint: 439400 ns, At safepoint: 132900 ns, Total: 572300 ns
[2020-04-26T17:06:42.231+0000][1][safepoint    ] Safepoint "Cleanup", Time since last: 1000677500 ns, Reaching safepoint: 452100 ns, At safepoint: 137600 ns, Total: 589700 ns
[2020-04-26T17:06:43.232+0000][1][safepoint    ] Safepoint "Cleanup", Time since last: 1000513700 ns, Reaching safepoint: 373400 ns, At safepoint: 105600 ns, Total: 479000 ns
[2020-04-26T17:06:44.233+0000][1][safepoint    ] Safepoint "Cleanup", Time since last: 1000511400 ns, Reaching safepoint: 449900 ns, At safepoint: 137800 ns, Total: 587700 ns
[2020-04-26T17:06:45.234+0000][1][safepoint    ] Safepoint "Cleanup", Time since last: 1000351900 ns, Reaching safepoint: 451900 ns, At safepoint: 148900 ns, Total: 600800 ns
[2020-04-26T17:06:46.235+0000][1][safepoint    ] Safepoint "Cleanup", Time since last: 1000287300 ns, Reaching safepoint: 130800 ns, At safepoint: 31400 ns, Total: 162200 ns
[2020-04-26T17:06:47.236+0000][1][safepoint    ] Safepoint "Cleanup", Time since last: 1000557500 ns, Reaching safepoint: 505200 ns, At safepoint: 136000 ns, Total: 641200 ns
[2020-04-26T17:06:48.237+0000][1][safepoint    ] Safepoint "Cleanup", Time since last: 1000361200 ns, Reaching safepoint: 433500 ns, At safepoint: 129700 ns, Total: 563200 ns
[2020-04-26T17:06:49.238+0000][1][safepoint    ] Safepoint "Cleanup", Time since last: 1000558600 ns, Reaching safepoint: 422500 ns, At safepoint: 136100 ns, Total: 558600 ns
[2020-04-26T17:06:50.239+0000][1][safepoint    ] Safepoint "Cleanup", Time since last: 1000648800 ns, Reaching safepoint: 427100 ns, At safepoint: 131200 ns, Total: 558300 ns
[2020-04-26T17:06:51.240+0000][1][safepoint    ] Safepoint "Cleanup", Time since last: 1000633000 ns, Reaching safepoint: 429400 ns, At safepoint: 131600 ns, Total: 561000 ns
[2020-04-26T17:06:52.241+0000][1][safepoint    ] Safepoint "Cleanup", Time since last: 1000609900 ns, Reaching safepoint: 425800 ns, At safepoint: 131600 ns, Total: 557400 ns
[2020-04-26T17:06:53.242+0000][1][safepoint    ] Safepoint "Cleanup", Time since last: 1000527700 ns, Reaching safepoint: 177000 ns, At safepoint: 46600 ns, Total: 223600 ns
[2020-04-26T17:06:54.243+0000][1][safepoint    ] Safepoint "Cleanup", Time since last: 1000552600 ns, Reaching safepoint: 424600 ns, At safepoint: 131500 ns, Total: 556100 ns
[2020-04-26T17:06:55.140+0000][1][safepoint    ] Safepoint "RevokeBias", Time since last: 896466900 ns, Reaching safepoint: 166300 ns, At safepoint: 70500 ns, Total: 236800 ns
[2020-04-26T17:06:55.141+0000][1][safepoint    ] Safepoint "RevokeBias", Time since last: 147300 ns, Reaching safepoint: 231000 ns, At safepoint: 106700 ns, Total: 337700 ns
[2020-04-26T17:06:55.141+0000][1][safepoint    ] Safepoint "RevokeBias", Time since last: 131600 ns, Reaching safepoint: 207100 ns, At safepoint: 89900 ns, Total: 297000 ns
[2020-04-26T17:06:55.146+0000][1][safepoint    ] Safepoint "RevokeBias", Time since last: 5084000 ns, Reaching safepoint: 136900 ns, At safepoint: 68600 ns, Total: 205500 ns
[2020-04-26T17:06:55.147+0000][1][safepoint    ] Safepoint "RevokeBias", Time since last: 265100 ns, Reaching safepoint: 226900 ns, At safepoint: 85200 ns, Total: 312100 ns
[2020-04-26T17:06:56.147+0000][1][safepoint    ] Safepoint "Cleanup", Time since last: 1000161100 ns, Reaching safepoint: 149600 ns, At safepoint: 43100 ns, Total: 192700 ns
[2020-04-26T17:06:57.148+0000][1][safepoint    ] Safepoint "Cleanup", Time since last: 1000285100 ns, Reaching safepoint: 259600 ns, At safepoint: 72700 ns, Total: 332300 ns
[2020-04-26T17:06:58.148+0000][1][safepoint    ] Safepoint "Cleanup", Time since last: 1000161800 ns, Reaching safepoint: 153400 ns, At safepoint: 32600 ns, Total: 186000 ns
[2020-04-26T17:06:58.765+0000][1][gc,start     ] GC(39) Pause Young (Allocation Failure)
[2020-04-26T17:06:58.765+0000][1][gc,task      ] GC(39) Using 10 workers of 10 for evacuation
[2020-04-26T17:06:58.769+0000][1][gc,age       ] GC(39) Desired survivor size 8945664 bytes, new threshold 6 (max threshold 6)
[2020-04-26T17:06:58.769+0000][1][gc,age       ] GC(39) Age table with threshold 6 (max threshold 6)
[2020-04-26T17:06:58.769+0000][1][gc,age       ] GC(39) - age   1:      76816 bytes,      76816 total
[2020-04-26T17:06:58.769+0000][1][gc,age       ] GC(39) - age   2:       9168 bytes,      85984 total
[2020-04-26T17:06:58.769+0000][1][gc,age       ] GC(39) - age   3:       6296 bytes,      92280 total
[2020-04-26T17:06:58.769+0000][1][gc,age       ] GC(39) - age   4:      11408 bytes,     103688 total
[2020-04-26T17:06:58.769+0000][1][gc,age       ] GC(39) - age   5:      25456 bytes,     129144 total
[2020-04-26T17:06:58.769+0000][1][gc,age       ] GC(39) - age   6:      26000 bytes,     155144 total
[2020-04-26T17:06:58.769+0000][1][gc,heap      ] GC(39) ParNew: 140176K->237K(157248K)
[2020-04-26T17:06:58.769+0000][1][gc,heap      ] GC(39) CMS: 79526K->79595K(349568K)
[2020-04-26T17:06:58.769+0000][1][gc,metaspace ] GC(39) Metaspace: 96770K->96770K(1138688K)
[2020-04-26T17:06:58.769+0000][1][gc           ] GC(39) Pause Young (Allocation Failure) 214M->77M(494M) 3.908ms
[2020-04-26T17:06:58.769+0000][1][gc,cpu       ] GC(39) User=0.02s Sys=0.01s Real=0.00s
[2020-04-26T17:06:58.769+0000][1][safepoint    ] Safepoint "GenCollectForAllocation", Time since last: 616158700 ns, Reaching safepoint: 450800 ns, At safepoint: 4035000 ns, Total: 4485800 ns
[2020-04-26T17:06:59.769+0000][1][safepoint    ] Safepoint "Cleanup", Time since last: 1000209100 ns, Reaching safepoint: 179900 ns, At safepoint: 33200 ns, Total: 213100 ns
[2020-04-26T17:07:00.770+0000][1][safepoint    ] Safepoint "Cleanup", Time since last: 1000278400 ns, Reaching safepoint: 143500 ns, At safepoint: 28600 ns, Total: 172100 ns
[2020-04-26T17:07:01.770+0000][1][safepoint    ] Safepoint "Cleanup", Time since last: 1000351500 ns, Reaching safepoint: 363900 ns, At safepoint: 112400 ns, Total: 476300 ns
[2020-04-26T17:07:02.771+0000][1][safepoint    ] Safepoint "Cleanup", Time since last: 1000150700 ns, Reaching safepoint: 126600 ns, At safepoint: 26700 ns, Total: 153300 ns
[2020-04-26T17:07:03.772+0000][1][safepoint    ] Safepoint "Cleanup", Time since last: 1000329500 ns, Reaching safepoint: 426700 ns, At safepoint: 199900 ns, Total: 626600 ns
[2020-04-26T17:07:04.772+0000][1][safepoint    ] Safepoint "Cleanup", Time since last: 1000316700 ns, Reaching safepoint: 205500 ns, At safepoint: 29500 ns, Total: 235000 ns
[2020-04-26T17:07:05.773+0000][1][safepoint    ] Safepoint "Cleanup", Time since last: 1000606400 ns, Reaching safepoint: 426200 ns, At safepoint: 131200 ns, Total: 557400 ns
[2020-04-26T17:07:06.775+0000][1][safepoint    ] Safepoint "Cleanup", Time since last: 1000753300 ns, Reaching safepoint: 425700 ns, At safepoint: 131600 ns, Total: 557300 ns
[2020-04-26T17:07:07.775+0000][1][safepoint    ] Safepoint "Cleanup", Time since last: 1000176800 ns, Reaching safepoint: 129900 ns, At safepoint: 32600 ns, Total: 162500 ns
[2020-04-26T17:07:08.776+0000][1][safepoint    ] Safepoint "Cleanup", Time since last: 1000539600 ns, Reaching safepoint: 174700 ns, At safepoint: 30600 ns, Total: 205300 ns
[2020-04-26T17:07:09.780+0000][1][safepoint    ] Safepoint "Cleanup", Time since last: 1003264000 ns, Reaching safepoint: 494800 ns, At safepoint: 148000 ns, Total: 642800 ns
[2020-04-26T17:07:10.781+0000][1][safepoint    ] Safepoint "Cleanup", Time since last: 1000551300 ns, Reaching safepoint: 617100 ns, At safepoint: 216200 ns, Total: 833300 ns
[2020-04-26T17:07:11.782+0000][1][safepoint    ] Safepoint "Cleanup", Time since last: 1000632400 ns, Reaching safepoint: 446300 ns, At safepoint: 231800 ns, Total: 678100 ns
[2020-04-26T17:07:12.783+0000][1][safepoint    ] Safepoint "Cleanup", Time since last: 1000366200 ns, Reaching safepoint: 173000 ns, At safepoint: 40700 ns, Total: 213700 ns
[2020-04-26T17:07:13.784+0000][1][safepoint    ] Safepoint "Cleanup", Time since last: 1000256500 ns, Reaching safepoint: 474600 ns, At safepoint: 139400 ns, Total: 614000 ns
[2020-04-26T17:07:14.785+0000][1][safepoint    ] Safepoint "Cleanup", Time since last: 1000301300 ns, Reaching safepoint: 377000 ns, At safepoint: 111500 ns, Total: 488500 ns
[2020-04-26T17:07:15.785+0000][1][safepoint    ] Safepoint "Cleanup", Time since last: 1000218700 ns, Reaching safepoint: 129700 ns, At safepoint: 27100 ns, Total: 156800 ns
[2020-04-26T17:07:16.786+0000][1][safepoint    ] Safepoint "Cleanup", Time since last: 1000640100 ns, Reaching safepoint: 429600 ns, At safepoint: 131600 ns, Total: 561200 ns
[2020-04-26T17:07:17.787+0000][1][safepoint    ] Safepoint "Cleanup", Time since last: 1000671700 ns, Reaching safepoint: 301100 ns, At safepoint: 133600 ns, Total: 434700 ns
[2020-04-26T17:07:18.789+0000][1][safepoint    ] Safepoint "Cleanup", Time since last: 1000333900 ns, Reaching safepoint: 726900 ns, At safepoint: 197500 ns, Total: 924400 ns
[2020-04-26T17:07:19.790+0000][1][safepoint    ] Safepoint "Cleanup", Time since last: 1000582200 ns, Reaching safepoint: 424100 ns, At safepoint: 132300 ns, Total: 556400 ns
[2020-04-26T17:07:20.790+0000][1][safepoint    ] Safepoint "Cleanup", Time since last: 1000365100 ns, Reaching safepoint: 188200 ns, At safepoint: 53000 ns, Total: 241200 ns
[2020-04-26T17:07:21.792+0000][1][safepoint    ] Safepoint "Cleanup", Time since last: 1000632200 ns, Reaching safepoint: 424200 ns, At safepoint: 132000 ns, Total: 556200 ns
[2020-04-26T17:07:22.792+0000][1][safepoint    ] Safepoint "Cleanup", Time since last: 1000253600 ns, Reaching safepoint: 247800 ns, At safepoint: 66300 ns, Total: 314100 ns
[2020-04-26T17:07:23.793+0000][1][safepoint    ] Safepoint "Cleanup", Time since last: 1000440700 ns, Reaching safepoint: 525400 ns, At safepoint: 136200 ns, Total: 661600 ns
[2020-04-26T17:07:24.794+0000][1][safepoint    ] Safepoint "Cleanup", Time since last: 1000340300 ns, Reaching safepoint: 272700 ns, At safepoint: 92900 ns, Total: 365600 ns
[2020-04-26T17:07:25.794+0000][1][safepoint    ] Safepoint "Cleanup", Time since last: 1000341100 ns, Reaching safepoint: 139400 ns, At safepoint: 35400 ns, Total: 174800 ns
[2020-04-26T17:07:26.795+0000][1][safepoint    ] Safepoint "Cleanup", Time since last: 1000449400 ns, Reaching safepoint: 237800 ns, At safepoint: 78700 ns, Total: 316500 ns
[2020-04-26T17:07:27.796+0000][1][safepoint    ] Safepoint "Cleanup", Time since last: 1000376700 ns, Reaching safepoint: 129900 ns, At safepoint: 31600 ns, Total: 161500 ns
[2020-04-26T17:07:28.796+0000][1][safepoint    ] Safepoint "Cleanup", Time since last: 1000529100 ns, Reaching safepoint: 142000 ns, At safepoint: 35700 ns, Total: 177700 ns
[2020-04-26T17:07:29.798+0000][1][safepoint    ] Safepoint "Cleanup", Time since last: 1000565900 ns, Reaching safepoint: 484900 ns, At safepoint: 129300 ns, Total: 614200 ns
[2020-04-26T17:07:30.799+0000][1][safepoint    ] Safepoint "Cleanup", Time since last: 1000415300 ns, Reaching safepoint: 418400 ns, At safepoint: 107700 ns, Total: 526100 ns
[2020-04-26T17:07:31.799+0000][1][safepoint    ] Safepoint "Cleanup", Time since last: 1000231400 ns, Reaching safepoint: 130800 ns, At safepoint: 28300 ns, Total: 159100 ns
[2020-04-26T17:07:32.800+0000][1][safepoint    ] Safepoint "Cleanup", Time since last: 1000629900 ns, Reaching safepoint: 587900 ns, At safepoint: 139400 ns, Total: 727300 ns
[2020-04-26T17:07:33.802+0000][1][safepoint    ] Safepoint "Cleanup", Time since last: 1000724100 ns, Reaching safepoint: 426400 ns, At safepoint: 132700 ns, Total: 559100 ns
[2020-04-26T17:07:34.802+0000][1][safepoint    ] Safepoint "Cleanup", Time since last: 1000212800 ns, Reaching safepoint: 136100 ns, At safepoint: 29400 ns, Total: 165500 ns
[2020-04-26T17:07:35.803+0000][1][safepoint    ] Safepoint "Cleanup", Time since last: 1000369000 ns, Reaching safepoint: 408400 ns, At safepoint: 94500 ns, Total: 502900 ns
[2020-04-26T17:07:36.804+0000][1][safepoint    ] Safepoint "Cleanup", Time since last: 1000509400 ns, Reaching safepoint: 278100 ns, At safepoint: 82100 ns, Total: 360200 ns
[2020-04-26T17:07:37.805+0000][1][safepoint    ] Safepoint "Cleanup", Time since last: 1000659600 ns, Reaching safepoint: 428000 ns, At safepoint: 134100 ns, Total: 562100 ns
[2020-04-26T17:07:38.805+0000][1][safepoint    ] Safepoint "Cleanup", Time since last: 1000223500 ns, Reaching safepoint: 167000 ns, At safepoint: 31500 ns, Total: 198500 ns
[2020-04-26T17:07:39.806+0000][1][safepoint    ] Safepoint "Cleanup", Time since last: 1000187300 ns, Reaching safepoint: 133800 ns, At safepoint: 29100 ns, Total: 162900 ns
[2020-04-26T17:07:40.807+0000][1][safepoint    ] Safepoint "Cleanup", Time since last: 1000521300 ns, Reaching safepoint: 210400 ns, At safepoint: 58000 ns, Total: 268400 ns
[2020-04-26T17:07:41.807+0000][1][safepoint    ] Safepoint "Cleanup", Time since last: 1000518600 ns, Reaching safepoint: 139200 ns, At safepoint: 34100 ns, Total: 173300 ns
[2020-04-26T17:07:42.808+0000][1][safepoint    ] Safepoint "Cleanup", Time since last: 1000503000 ns, Reaching safepoint: 272400 ns, At safepoint: 42100 ns, Total: 314500 ns
[2020-04-26T17:07:43.808+0000][1][safepoint    ] Safepoint "Cleanup", Time since last: 1000183600 ns, Reaching safepoint: 165900 ns, At safepoint: 47100 ns, Total: 213000 ns
[2020-04-26T17:07:44.809+0000][1][safepoint    ] Safepoint "Cleanup", Time since last: 1000149300 ns, Reaching safepoint: 157100 ns, At safepoint: 54000 ns, Total: 211100 ns
[2020-04-26T17:07:45.810+0000][1][safepoint    ] Safepoint "Cleanup", Time since last: 1000267200 ns, Reaching safepoint: 430800 ns, At safepoint: 132600 ns, Total: 563400 ns
[2020-04-26T17:07:46.810+0000][1][safepoint    ] Safepoint "Cleanup", Time since last: 1000658800 ns, Reaching safepoint: 130900 ns, At safepoint: 31500 ns, Total: 162400 ns
[2020-04-26T17:07:47.811+0000][1][safepoint    ] Safepoint "Cleanup", Time since last: 1000457000 ns, Reaching safepoint: 244600 ns, At safepoint: 68000 ns, Total: 312600 ns
[2020-04-26T17:07:48.812+0000][1][safepoint    ] Safepoint "Cleanup", Time since last: 1000218300 ns, Reaching safepoint: 180400 ns, At safepoint: 31200 ns, Total: 211600 ns
[2020-04-26T17:07:49.812+0000][1][safepoint    ] Safepoint "Cleanup", Time since last: 1000195200 ns, Reaching safepoint: 325000 ns, At safepoint: 66500 ns, Total: 391500 ns
[2020-04-26T17:07:50.813+0000][1][safepoint    ] Safepoint "Cleanup", Time since last: 1000463100 ns, Reaching safepoint: 438900 ns, At safepoint: 146700 ns, Total: 585600 ns
[2020-04-26T17:07:51.814+0000][1][safepoint    ] Safepoint "Cleanup", Time since last: 1000382800 ns, Reaching safepoint: 443500 ns, At safepoint: 137600 ns, Total: 581100 ns
[2020-04-26T17:07:52.815+0000][1][safepoint    ] Safepoint "Cleanup", Time since last: 1000591300 ns, Reaching safepoint: 513200 ns, At safepoint: 131300 ns, Total: 644500 ns
[2020-04-26T17:07:53.817+0000][1][safepoint    ] Safepoint "Cleanup", Time since last: 1000368900 ns, Reaching safepoint: 578900 ns, At safepoint: 181900 ns, Total: 760800 ns
[2020-04-26T17:07:54.817+0000][1][safepoint    ] Safepoint "Cleanup", Time since last: 1000265800 ns, Reaching safepoint: 135600 ns, At safepoint: 33000 ns, Total: 168600 ns
[2020-04-26T17:07:55.818+0000][1][safepoint    ] Safepoint "Cleanup", Time since last: 1000688600 ns, Reaching safepoint: 444800 ns, At safepoint: 136800 ns, Total: 581600 ns
[2020-04-26T17:07:56.149+0000][1][safepoint    ] Safepoint "RevokeBias", Time since last: 330265500 ns, Reaching safepoint: 142000 ns, At safepoint: 60300 ns, Total: 202300 ns
[2020-04-26T17:07:56.149+0000][1][safepoint    ] Safepoint "RevokeBias", Time since last: 233400 ns, Reaching safepoint: 101500 ns, At safepoint: 92100 ns, Total: 193600 ns
[2020-04-26T17:07:56.152+0000][1][safepoint    ] Safepoint "RevokeBias", Time since last: 2778200 ns, Reaching safepoint: 140500 ns, At safepoint: 124700 ns, Total: 265200 ns
[2020-04-26T17:07:56.153+0000][1][safepoint    ] Safepoint "RevokeBias", Time since last: 81900 ns, Reaching safepoint: 202300 ns, At safepoint: 148700 ns, Total: 351000 ns
[2020-04-26T17:07:56.159+0000][1][safepoint    ] Safepoint "RevokeBias", Time since last: 5564200 ns, Reaching safepoint: 250700 ns, At safepoint: 120900 ns, Total: 371600 ns
[2020-04-26T17:07:56.159+0000][1][safepoint    ] Safepoint "RevokeBias", Time since last: 150500 ns, Reaching safepoint: 315000 ns, At safepoint: 65100 ns, Total: 380100 ns
[2020-04-26T17:07:57.160+0000][1][safepoint    ] Safepoint "Cleanup", Time since last: 1000251600 ns, Reaching safepoint: 327000 ns, At safepoint: 140700 ns, Total: 467700 ns
[2020-04-26T17:07:58.161+0000][1][safepoint    ] Safepoint "Cleanup", Time since last: 1000418300 ns, Reaching safepoint: 366800 ns, At safepoint: 125800 ns, Total: 492600 ns
[2020-04-26T17:07:59.161+0000][1][safepoint    ] Safepoint "Cleanup", Time since last: 1000301200 ns, Reaching safepoint: 209100 ns, At safepoint: 32200 ns, Total: 241300 ns
[2020-04-26T17:08:00.162+0000][1][safepoint    ] Safepoint "Cleanup", Time since last: 1000280200 ns, Reaching safepoint: 135300 ns, At safepoint: 34500 ns, Total: 169800 ns
[2020-04-26T17:08:01.163+0000][1][safepoint    ] Safepoint "Cleanup", Time since last: 1000572400 ns, Reaching safepoint: 483600 ns, At safepoint: 132300 ns, Total: 615900 ns
[2020-04-26T17:08:02.164+0000][1][safepoint    ] Safepoint "Cleanup", Time since last: 1000520900 ns, Reaching safepoint: 427700 ns, At safepoint: 132300 ns, Total: 560000 ns
[2020-04-26T17:08:03.165+0000][1][safepoint    ] Safepoint "Cleanup", Time since last: 1000359400 ns, Reaching safepoint: 145400 ns, At safepoint: 30500 ns, Total: 175900 ns
[2020-04-26T17:08:04.165+0000][1][safepoint    ] Safepoint "Cleanup", Time since last: 1000157400 ns, Reaching safepoint: 131000 ns, At safepoint: 27700 ns, Total: 158700 ns
[2020-04-26T17:08:05.166+0000][1][safepoint    ] Safepoint "Cleanup", Time since last: 1000300400 ns, Reaching safepoint: 435700 ns, At safepoint: 132300 ns, Total: 568000 ns
[2020-04-26T17:08:06.167+0000][1][safepoint    ] Safepoint "Cleanup", Time since last: 1000585300 ns, Reaching safepoint: 132600 ns, At safepoint: 34000 ns, Total: 166600 ns
[2020-04-26T17:08:07.167+0000][1][safepoint    ] Safepoint "Cleanup", Time since last: 1000371100 ns, Reaching safepoint: 133400 ns, At safepoint: 32900 ns, Total: 166300 ns
[2020-04-26T17:08:08.168+0000][1][safepoint    ] Safepoint "Cleanup", Time since last: 1000259200 ns, Reaching safepoint: 295200 ns, At safepoint: 84700 ns, Total: 379900 ns
[2020-04-26T17:08:09.169+0000][1][safepoint    ] Safepoint "Cleanup", Time since last: 1000650500 ns, Reaching safepoint: 155200 ns, At safepoint: 36100 ns, Total: 191300 ns
[2020-04-26T17:08:10.170+0000][1][safepoint    ] Safepoint "Cleanup", Time since last: 1000391800 ns, Reaching safepoint: 537400 ns, At safepoint: 142500 ns, Total: 679900 ns
[2020-04-26T17:08:11.171+0000][1][safepoint    ] Safepoint "Cleanup", Time since last: 1000366300 ns, Reaching safepoint: 497800 ns, At safepoint: 128100 ns, Total: 625900 ns
[2020-04-26T17:08:12.171+0000][1][safepoint    ] Safepoint "Cleanup", Time since last: 1000591300 ns, Reaching safepoint: 179900 ns, At safepoint: 45100 ns, Total: 225000 ns
[2020-04-26T17:08:13.172+0000][1][safepoint    ] Safepoint "Cleanup", Time since last: 1000167300 ns, Reaching safepoint: 171400 ns, At safepoint: 41200 ns, Total: 212600 ns
[2020-04-26T17:08:14.173+0000][1][safepoint    ] Safepoint "Cleanup", Time since last: 1000367600 ns, Reaching safepoint: 500900 ns, At safepoint: 134900 ns, Total: 635800 ns
[2020-04-26T17:08:15.174+0000][1][safepoint    ] Safepoint "Cleanup", Time since last: 1000391400 ns, Reaching safepoint: 430900 ns, At safepoint: 128600 ns, Total: 559500 ns
[2020-04-26T17:08:16.174+0000][1][safepoint    ] Safepoint "Cleanup", Time since last: 1000263300 ns, Reaching safepoint: 221000 ns, At safepoint: 49100 ns, Total: 270100 ns
[2020-04-26T17:08:17.175+0000][1][safepoint    ] Safepoint "Cleanup", Time since last: 1000188500 ns, Reaching safepoint: 192900 ns, At safepoint: 31900 ns, Total: 224800 ns
[2020-04-26T17:08:18.175+0000][1][safepoint    ] Safepoint "Cleanup", Time since last: 1000481700 ns, Reaching safepoint: 145400 ns, At safepoint: 30400 ns, Total: 175800 ns
[2020-04-26T17:08:19.177+0000][1][safepoint    ] Safepoint "Cleanup", Time since last: 1000623500 ns, Reaching safepoint: 463900 ns, At safepoint: 132500 ns, Total: 596400 ns
[2020-04-26T17:08:20.178+0000][1][safepoint    ] Safepoint "Cleanup", Time since last: 1000927100 ns, Reaching safepoint: 431000 ns, At safepoint: 165600 ns, Total: 596600 ns
[2020-04-26T17:08:21.179+0000][1][safepoint    ] Safepoint "Cleanup", Time since last: 1000463200 ns, Reaching safepoint: 434900 ns, At safepoint: 138300 ns, Total: 573200 ns
[2020-04-26T17:08:22.180+0000][1][safepoint    ] Safepoint "Cleanup", Time since last: 1000581800 ns, Reaching safepoint: 427300 ns, At safepoint: 132200 ns, Total: 559500 ns
[2020-04-26T17:08:23.181+0000][1][safepoint    ] Safepoint "Cleanup", Time since last: 1000573300 ns, Reaching safepoint: 430700 ns, At safepoint: 129200 ns, Total: 559900 ns
[2020-04-26T17:08:24.182+0000][1][safepoint    ] Safepoint "Cleanup", Time since last: 1000425100 ns, Reaching safepoint: 437600 ns, At safepoint: 141900 ns, Total: 579500 ns
[2020-04-26T17:08:25.184+0000][1][safepoint    ] Safepoint "Cleanup", Time since last: 1000514400 ns, Reaching safepoint: 443100 ns, At safepoint: 132400 ns, Total: 575500 ns
[2020-04-26T17:08:26.185+0000][1][safepoint    ] Safepoint "Cleanup", Time since last: 1000741600 ns, Reaching safepoint: 540600 ns, At safepoint: 212300 ns, Total: 752900 ns
[2020-04-26T17:08:27.187+0000][1][safepoint    ] Safepoint "Cleanup", Time since last: 1000653300 ns, Reaching safepoint: 913200 ns, At safepoint: 264500 ns, Total: 1177700 ns
[2020-04-26T17:08:28.187+0000][1][safepoint    ] Safepoint "Cleanup", Time since last: 1000265200 ns, Reaching safepoint: 249200 ns, At safepoint: 72100 ns, Total: 321300 ns
[2020-04-26T17:08:29.188+0000][1][safepoint    ] Safepoint "Cleanup", Time since last: 1000332100 ns, Reaching safepoint: 530800 ns, At safepoint: 202100 ns, Total: 732900 ns
[2020-04-26T17:08:30.189+0000][1][safepoint    ] Safepoint "Cleanup", Time since last: 1000229600 ns, Reaching safepoint: 144400 ns, At safepoint: 30000 ns, Total: 174400 ns
[2020-04-26T17:08:31.190+0000][1][safepoint    ] Safepoint "Cleanup", Time since last: 1000544200 ns, Reaching safepoint: 130300 ns, At safepoint: 31600 ns, Total: 161900 ns
[2020-04-26T17:08:32.191+0000][1][safepoint    ] Safepoint "Cleanup", Time since last: 1000558700 ns, Reaching safepoint: 319200 ns, At safepoint: 96100 ns, Total: 415300 ns
[2020-04-26T17:08:33.191+0000][1][safepoint    ] Safepoint "Cleanup", Time since last: 1000671000 ns, Reaching safepoint: 187900 ns, At safepoint: 51800 ns, Total: 239700 ns
[2020-04-26T17:08:34.192+0000][1][safepoint    ] Safepoint "Cleanup", Time since last: 1000315900 ns, Reaching safepoint: 142600 ns, At safepoint: 27700 ns, Total: 170300 ns
[2020-04-26T17:08:35.192+0000][1][safepoint    ] Safepoint "Cleanup", Time since last: 1000159000 ns, Reaching safepoint: 128700 ns, At safepoint: 46900 ns, Total: 175600 ns
[2020-04-26T17:08:36.193+0000][1][safepoint    ] Safepoint "Cleanup", Time since last: 1000238700 ns, Reaching safepoint: 300800 ns, At safepoint: 89100 ns, Total: 389900 ns
[2020-04-26T17:08:37.551+0000][1][safepoint    ] Safepoint "Cleanup", Time since last: 1357578900 ns, Reaching safepoint: 137900 ns, At safepoint: 32700 ns, Total: 170600 ns
[2020-04-26T17:08:38.552+0000][1][safepoint    ] Safepoint "Cleanup", Time since last: 1000479600 ns, Reaching safepoint: 330300 ns, At safepoint: 104900 ns, Total: 435200 ns
[2020-04-26T17:08:39.552+0000][1][safepoint    ] Safepoint "Cleanup", Time since last: 1000304300 ns, Reaching safepoint: 309100 ns, At safepoint: 68600 ns, Total: 377700 ns
[2020-04-26T17:08:40.553+0000][1][safepoint    ] Safepoint "Cleanup", Time since last: 1000299000 ns, Reaching safepoint: 523900 ns, At safepoint: 70200 ns, Total: 594100 ns
[2020-04-26T17:08:41.554+0000][1][safepoint    ] Safepoint "Cleanup", Time since last: 1000398600 ns, Reaching safepoint: 549600 ns, At safepoint: 127300 ns, Total: 676900 ns
[2020-04-26T17:08:42.555+0000][1][safepoint    ] Safepoint "Cleanup", Time since last: 1000234200 ns, Reaching safepoint: 214200 ns, At safepoint: 90700 ns, Total: 304900 ns
[2020-04-26T17:08:43.555+0000][1][safepoint    ] Safepoint "Cleanup", Time since last: 1000313900 ns, Reaching safepoint: 209900 ns, At safepoint: 55800 ns, Total: 265700 ns
[2020-04-26T17:08:44.556+0000][1][safepoint    ] Safepoint "Cleanup", Time since last: 1000467900 ns, Reaching safepoint: 454800 ns, At safepoint: 137400 ns, Total: 592200 ns
[2020-04-26T17:08:45.557+0000][1][safepoint    ] Safepoint "Cleanup", Time since last: 1000375100 ns, Reaching safepoint: 170700 ns, At safepoint: 36300 ns, Total: 207000 ns
[2020-04-26T17:08:46.557+0000][1][safepoint    ] Safepoint "Cleanup", Time since last: 1000195500 ns, Reaching safepoint: 154000 ns, At safepoint: 32200 ns, Total: 186200 ns
[2020-04-26T17:08:47.558+0000][1][safepoint    ] Safepoint "Cleanup", Time since last: 1000182400 ns, Reaching safepoint: 176000 ns, At safepoint: 28400 ns, Total: 204400 ns
[2020-04-26T17:08:48.558+0000][1][safepoint    ] Safepoint "Cleanup", Time since last: 1000375100 ns, Reaching safepoint: 244600 ns, At safepoint: 46900 ns, Total: 291500 ns
[2020-04-26T17:08:49.559+0000][1][safepoint    ] Safepoint "Cleanup", Time since last: 1000367100 ns, Reaching safepoint: 248200 ns, At safepoint: 40300 ns, Total: 288500 ns
[2020-04-26T17:08:50.559+0000][1][safepoint    ] Safepoint "Cleanup", Time since last: 1000177600 ns, Reaching safepoint: 137000 ns, At safepoint: 30100 ns, Total: 167100 ns
[2020-04-26T17:08:51.560+0000][1][safepoint    ] Safepoint "Cleanup", Time since last: 1000392300 ns, Reaching safepoint: 438100 ns, At safepoint: 98600 ns, Total: 536700 ns
[2020-04-26T17:08:52.561+0000][1][safepoint    ] Safepoint "Cleanup", Time since last: 1000344200 ns, Reaching safepoint: 135300 ns, At safepoint: 29200 ns, Total: 164500 ns
[2020-04-26T17:08:53.562+0000][1][safepoint    ] Safepoint "Cleanup", Time since last: 1000394800 ns, Reaching safepoint: 450400 ns, At safepoint: 166500 ns, Total: 616900 ns
[2020-04-26T17:08:54.563+0000][1][safepoint    ] Safepoint "Cleanup", Time since last: 1000422900 ns, Reaching safepoint: 578500 ns, At safepoint: 142300 ns, Total: 720800 ns
[2020-04-26T17:08:55.563+0000][1][safepoint    ] Safepoint "Cleanup", Time since last: 1000236600 ns, Reaching safepoint: 134600 ns, At safepoint: 31700 ns, Total: 166300 ns
[2020-04-26T17:08:56.564+0000][1][safepoint    ] Safepoint "Cleanup", Time since last: 1000323300 ns, Reaching safepoint: 452800 ns, At safepoint: 139700 ns, Total: 592500 ns
[2020-04-26T17:08:57.177+0000][1][safepoint    ] Safepoint "RevokeBias", Time since last: 612307100 ns, Reaching safepoint: 143200 ns, At safepoint: 69700 ns, Total: 212900 ns
[2020-04-26T17:08:57.177+0000][1][safepoint    ] Safepoint "RevokeBias", Time since last: 97900 ns, Reaching safepoint: 170900 ns, At safepoint: 59500 ns, Total: 230400 ns
[2020-04-26T17:08:57.178+0000][1][safepoint    ] Safepoint "RevokeBias", Time since last: 132100 ns, Reaching safepoint: 160300 ns, At safepoint: 58500 ns, Total: 218800 ns
[2020-04-26T17:08:57.183+0000][1][safepoint    ] Safepoint "RevokeBias", Time since last: 4758800 ns, Reaching safepoint: 253700 ns, At safepoint: 64800 ns, Total: 318500 ns
[2020-04-26T17:08:57.183+0000][1][safepoint    ] Safepoint "RevokeBias", Time since last: 217500 ns, Reaching safepoint: 211200 ns, At safepoint: 70800 ns, Total: 282000 ns
[2020-04-26T17:08:57.184+0000][1][safepoint    ] Safepoint "RevokeBias", Time since last: 241400 ns, Reaching safepoint: 248100 ns, At safepoint: 65900 ns, Total: 314000 ns
[2020-04-26T17:08:58.185+0000][1][safepoint    ] Safepoint "Cleanup", Time since last: 1000335000 ns, Reaching safepoint: 499500 ns, At safepoint: 209600 ns, Total: 709100 ns
[2020-04-26T17:08:59.185+0000][1][safepoint    ] Safepoint "Cleanup", Time since last: 1000333900 ns, Reaching safepoint: 197500 ns, At safepoint: 65400 ns, Total: 262900 ns
[2020-04-26T17:09:00.186+0000][1][safepoint    ] Safepoint "Cleanup", Time since last: 1000294000 ns, Reaching safepoint: 182400 ns, At safepoint: 43300 ns, Total: 225700 ns
[2020-04-26T17:09:01.187+0000][1][safepoint    ] Safepoint "Cleanup", Time since last: 1000320300 ns, Reaching safepoint: 467900 ns, At safepoint: 134400 ns, Total: 602300 ns
[2020-04-26T17:09:02.188+0000][1][safepoint    ] Safepoint "Cleanup", Time since last: 1000374100 ns, Reaching safepoint: 421800 ns, At safepoint: 137000 ns, Total: 558800 ns
[2020-04-26T17:09:03.188+0000][1][safepoint    ] Safepoint "Cleanup", Time since last: 1000226300 ns, Reaching safepoint: 146100 ns, At safepoint: 33600 ns, Total: 179700 ns
[2020-04-26T17:09:04.189+0000][1][safepoint    ] Safepoint "Cleanup", Time since last: 1000525000 ns, Reaching safepoint: 198000 ns, At safepoint: 45300 ns, Total: 243300 ns
[2020-04-26T17:09:05.190+0000][1][safepoint    ] Safepoint "Cleanup", Time since last: 1000260400 ns, Reaching safepoint: 432900 ns, At safepoint: 131000 ns, Total: 563900 ns
[2020-04-26T17:09:06.191+0000][1][safepoint    ] Safepoint "Cleanup", Time since last: 1000585100 ns, Reaching safepoint: 456500 ns, At safepoint: 215800 ns, Total: 672300 ns
[2020-04-26T17:09:07.192+0000][1][safepoint    ] Safepoint "Cleanup", Time since last: 1000689800 ns, Reaching safepoint: 140400 ns, At safepoint: 48900 ns, Total: 189300 ns
[2020-04-26T17:09:08.193+0000][1][safepoint    ] Safepoint "Cleanup", Time since last: 1000702900 ns, Reaching safepoint: 472000 ns, At safepoint: 137300 ns, Total: 609300 ns
[2020-04-26T17:09:09.194+0000][1][safepoint    ] Safepoint "Cleanup", Time since last: 1000349700 ns, Reaching safepoint: 588800 ns, At safepoint: 135000 ns, Total: 723800 ns
[2020-04-26T17:09:10.195+0000][1][safepoint    ] Safepoint "Cleanup", Time since last: 1000322000 ns, Reaching safepoint: 211600 ns, At safepoint: 58800 ns, Total: 270400 ns
[2020-04-26T17:09:11.196+0000][1][safepoint    ] Safepoint "Cleanup", Time since last: 1000388900 ns, Reaching safepoint: 431400 ns, At safepoint: 130300 ns, Total: 561700 ns
[2020-04-26T17:09:12.196+0000][1][safepoint    ] Safepoint "Cleanup", Time since last: 1000278500 ns, Reaching safepoint: 286400 ns, At safepoint: 70500 ns, Total: 356900 ns
[2020-04-26T17:09:13.198+0000][1][safepoint    ] Safepoint "Cleanup", Time since last: 1000766800 ns, Reaching safepoint: 523600 ns, At safepoint: 173100 ns, Total: 696700 ns
[2020-04-26T17:09:14.198+0000][1][safepoint    ] Safepoint "Cleanup", Time since last: 1000226200 ns, Reaching safepoint: 135300 ns, At safepoint: 44200 ns, Total: 179500 ns
[2020-04-26T17:09:15.199+0000][1][safepoint    ] Safepoint "Cleanup", Time since last: 1000426100 ns, Reaching safepoint: 241400 ns, At safepoint: 60700 ns, Total: 302100 ns
[2020-04-26T17:09:16.200+0000][1][safepoint    ] Safepoint "Cleanup", Time since last: 1000470100 ns, Reaching safepoint: 139600 ns, At safepoint: 34200 ns, Total: 173800 ns
[2020-04-26T17:09:17.200+0000][1][safepoint    ] Safepoint "Cleanup", Time since last: 1000187400 ns, Reaching safepoint: 156400 ns, At safepoint: 32400 ns, Total: 188800 ns
[2020-04-26T17:09:18.201+0000][1][safepoint    ] Safepoint "Cleanup", Time since last: 1000295100 ns, Reaching safepoint: 423700 ns, At safepoint: 139900 ns, Total: 563600 ns
[2020-04-26T17:09:19.202+0000][1][safepoint    ] Safepoint "Cleanup", Time since last: 1000347700 ns, Reaching safepoint: 222200 ns, At safepoint: 65100 ns, Total: 287300 ns
[2020-04-26T17:09:20.203+0000][1][safepoint    ] Safepoint "Cleanup", Time since last: 1000598500 ns, Reaching safepoint: 500200 ns, At safepoint: 205000 ns, Total: 705200 ns
[2020-04-26T17:09:21.203+0000][1][safepoint    ] Safepoint "Cleanup", Time since last: 1000260500 ns, Reaching safepoint: 151000 ns, At safepoint: 34800 ns, Total: 185800 ns
[2020-04-26T17:09:22.204+0000][1][safepoint    ] Safepoint "Cleanup", Time since last: 1000317200 ns, Reaching safepoint: 541400 ns, At safepoint: 127200 ns, Total: 668600 ns
[2020-04-26T17:09:23.273+0000][1][safepoint    ] Safepoint "Cleanup", Time since last: 1068132100 ns, Reaching safepoint: 491500 ns, At safepoint: 150000 ns, Total: 641500 ns
[2020-04-26T17:09:24.274+0000][1][safepoint    ] Safepoint "Cleanup", Time since last: 1000568500 ns, Reaching safepoint: 432900 ns, At safepoint: 111200 ns, Total: 544100 ns
[2020-04-26T17:09:25.275+0000][1][safepoint    ] Safepoint "Cleanup", Time since last: 1000511100 ns, Reaching safepoint: 130700 ns, At safepoint: 31000 ns, Total: 161700 ns
[2020-04-26T17:09:26.276+0000][1][safepoint    ] Safepoint "Cleanup", Time since last: 1000646000 ns, Reaching safepoint: 427100 ns, At safepoint: 131800 ns, Total: 558900 ns
[2020-04-26T17:09:27.277+0000][1][safepoint    ] Safepoint "Cleanup", Time since last: 1000675600 ns, Reaching safepoint: 444500 ns, At safepoint: 202300 ns, Total: 646800 ns
[2020-04-26T17:09:28.278+0000][1][safepoint    ] Safepoint "Cleanup", Time since last: 1000590800 ns, Reaching safepoint: 426500 ns, At safepoint: 140600 ns, Total: 567100 ns
[2020-04-26T17:09:29.279+0000][1][safepoint    ] Safepoint "Cleanup", Time since last: 1000272800 ns, Reaching safepoint: 162100 ns, At safepoint: 39000 ns, Total: 201100 ns
[2020-04-26T17:09:30.280+0000][1][safepoint    ] Safepoint "Cleanup", Time since last: 1000377600 ns, Reaching safepoint: 448100 ns, At safepoint: 145200 ns, Total: 593300 ns
[2020-04-26T17:09:31.281+0000][1][safepoint    ] Safepoint "Cleanup", Time since last: 1000455700 ns, Reaching safepoint: 294900 ns, At safepoint: 62000 ns, Total: 356900 ns
[2020-04-26T17:09:32.281+0000][1][safepoint    ] Safepoint "Cleanup", Time since last: 1000249300 ns, Reaching safepoint: 197600 ns, At safepoint: 53900 ns, Total: 251500 ns
[2020-04-26T17:09:33.282+0000][1][safepoint    ] Safepoint "Cleanup", Time since last: 1000474000 ns, Reaching safepoint: 438000 ns, At safepoint: 151100 ns, Total: 589100 ns
[2020-04-26T17:09:34.283+0000][1][safepoint    ] Safepoint "Cleanup", Time since last: 1000268700 ns, Reaching safepoint: 187300 ns, At safepoint: 62600 ns, Total: 249900 ns
[2020-04-26T17:09:35.283+0000][1][safepoint    ] Safepoint "Cleanup", Time since last: 1000182000 ns, Reaching safepoint: 156600 ns, At safepoint: 29800 ns, Total: 186400 ns
[2020-04-26T17:09:36.284+0000][1][safepoint    ] Safepoint "Cleanup", Time since last: 1000176100 ns, Reaching safepoint: 152200 ns, At safepoint: 32800 ns, Total: 185000 ns
[2020-04-26T17:09:37.284+0000][1][safepoint    ] Safepoint "Cleanup", Time since last: 1000608300 ns, Reaching safepoint: 134400 ns, At safepoint: 31800 ns, Total: 166200 ns
[2020-04-26T17:09:38.285+0000][1][safepoint    ] Safepoint "Cleanup", Time since last: 1000614100 ns, Reaching safepoint: 168900 ns, At safepoint: 43200 ns, Total: 212100 ns
[2020-04-26T17:09:39.286+0000][1][safepoint    ] Safepoint "Cleanup", Time since last: 1000219500 ns, Reaching safepoint: 264400 ns, At safepoint: 49700 ns, Total: 314100 ns
[2020-04-26T17:09:40.287+0000][1][safepoint    ] Safepoint "Cleanup", Time since last: 1000615500 ns, Reaching safepoint: 427900 ns, At safepoint: 139700 ns, Total: 567600 ns
[2020-04-26T17:09:41.287+0000][1][safepoint    ] Safepoint "Cleanup", Time since last: 1000227600 ns, Reaching safepoint: 132100 ns, At safepoint: 45200 ns, Total: 177300 ns
[2020-04-26T17:09:42.288+0000][1][safepoint    ] Safepoint "Cleanup", Time since last: 1000162800 ns, Reaching safepoint: 126000 ns, At safepoint: 26400 ns, Total: 152400 ns
[2020-04-26T17:09:43.288+0000][1][safepoint    ] Safepoint "Cleanup", Time since last: 1000212500 ns, Reaching safepoint: 188100 ns, At safepoint: 37400 ns, Total: 225500 ns
[2020-04-26T17:09:43.651+0000][1][safepoint    ] Safepoint "RevokeBias", Time since last: 362541300 ns, Reaching safepoint: 124000 ns, At safepoint: 47600 ns, Total: 171600 ns
[2020-04-26T17:09:43.654+0000][1][safepoint    ] Safepoint "RevokeBias", Time since last: 2933100 ns, Reaching safepoint: 122300 ns, At safepoint: 35700 ns, Total: 158000 ns
[2020-04-26T17:09:44.655+0000][1][safepoint    ] Safepoint "Cleanup", Time since last: 1001478800 ns, Reaching safepoint: 138000 ns, At safepoint: 32600 ns, Total: 170600 ns
[2020-04-26T17:09:45.656+0000][1][safepoint    ] Safepoint "Cleanup", Time since last: 1000225500 ns, Reaching safepoint: 221600 ns, At safepoint: 68600 ns, Total: 290200 ns
[2020-04-26T17:09:46.657+0000][1][safepoint    ] Safepoint "Cleanup", Time since last: 1000482900 ns, Reaching safepoint: 136900 ns, At safepoint: 32600 ns, Total: 169500 ns
[2020-04-26T17:09:47.657+0000][1][safepoint    ] Safepoint "Cleanup", Time since last: 1000292500 ns, Reaching safepoint: 147500 ns, At safepoint: 27500 ns, Total: 175000 ns
[2020-04-26T17:09:48.658+0000][1][safepoint    ] Safepoint "Cleanup", Time since last: 1000298700 ns, Reaching safepoint: 132300 ns, At safepoint: 32800 ns, Total: 165100 ns
[2020-04-26T17:09:49.658+0000][1][safepoint    ] Safepoint "Cleanup", Time since last: 1000320500 ns, Reaching safepoint: 427900 ns, At safepoint: 134500 ns, Total: 562400 ns
[2020-04-26T17:09:50.659+0000][1][safepoint    ] Safepoint "Cleanup", Time since last: 1000451800 ns, Reaching safepoint: 154400 ns, At safepoint: 58200 ns, Total: 212600 ns
[2020-04-26T17:09:51.659+0000][1][safepoint    ] Safepoint "Cleanup", Time since last: 1000164500 ns, Reaching safepoint: 163900 ns, At safepoint: 27400 ns, Total: 191300 ns
[2020-04-26T17:09:52.660+0000][1][safepoint    ] Safepoint "Cleanup", Time since last: 1000299100 ns, Reaching safepoint: 309800 ns, At safepoint: 48500 ns, Total: 358300 ns
[2020-04-26T17:09:53.661+0000][1][safepoint    ] Safepoint "Cleanup", Time since last: 1000283100 ns, Reaching safepoint: 338800 ns, At safepoint: 94100 ns, Total: 432900 ns
[2020-04-26T17:09:53.931+0000][1][gc,start     ] GC(40) Pause Young (Allocation Failure)
[2020-04-26T17:09:53.932+0000][1][gc,task      ] GC(40) Using 10 workers of 10 for evacuation
[2020-04-26T17:09:53.934+0000][1][gc,age       ] GC(40) Desired survivor size 8945664 bytes, new threshold 6 (max threshold 6)
[2020-04-26T17:09:53.934+0000][1][gc,age       ] GC(40) Age table with threshold 6 (max threshold 6)
[2020-04-26T17:09:53.934+0000][1][gc,age       ] GC(40) - age   1:     117448 bytes,     117448 total
[2020-04-26T17:09:53.934+0000][1][gc,age       ] GC(40) - age   2:      10056 bytes,     127504 total
[2020-04-26T17:09:53.934+0000][1][gc,age       ] GC(40) - age   3:       9168 bytes,     136672 total
[2020-04-26T17:09:53.934+0000][1][gc,age       ] GC(40) - age   4:       2320 bytes,     138992 total
[2020-04-26T17:09:53.934+0000][1][gc,age       ] GC(40) - age   5:      11408 bytes,     150400 total
[2020-04-26T17:09:53.934+0000][1][gc,age       ] GC(40) - age   6:      25456 bytes,     175856 total
[2020-04-26T17:09:53.934+0000][1][gc,heap      ] GC(40) ParNew: 140013K->225K(157248K)
[2020-04-26T17:09:53.934+0000][1][gc,heap      ] GC(40) CMS: 79595K->79620K(349568K)
[2020-04-26T17:09:53.934+0000][1][gc,metaspace ] GC(40) Metaspace: 96862K->96862K(1138688K)
[2020-04-26T17:09:53.934+0000][1][gc           ] GC(40) Pause Young (Allocation Failure) 214M->77M(494M) 2.449ms
[2020-04-26T17:09:53.934+0000][1][gc,cpu       ] GC(40) User=0.00s Sys=0.01s Real=0.01s
[2020-04-26T17:09:53.934+0000][1][safepoint    ] Safepoint "GenCollectForAllocation", Time since last: 270499900 ns, Reaching safepoint: 127200 ns, At safepoint: 2527400 ns, Total: 2654600 ns
[2020-04-26T17:09:54.934+0000][1][safepoint    ] Safepoint "Cleanup", Time since last: 1000195400 ns, Reaching safepoint: 240800 ns, At safepoint: 45900 ns, Total: 286700 ns
[2020-04-26T17:09:55.935+0000][1][safepoint    ] Safepoint "Cleanup", Time since last: 1000520600 ns, Reaching safepoint: 156600 ns, At safepoint: 45700 ns, Total: 202300 ns
[2020-04-26T17:09:56.936+0000][1][safepoint    ] Safepoint "Cleanup", Time since last: 1000177800 ns, Reaching safepoint: 134200 ns, At safepoint: 50900 ns, Total: 185100 ns
[2020-04-26T17:09:57.937+0000][1][safepoint    ] Safepoint "Cleanup", Time since last: 1000595000 ns, Reaching safepoint: 632000 ns, At safepoint: 206100 ns, Total: 838100 ns
[2020-04-26T17:09:58.142+0000][1][safepoint    ] Safepoint "RevokeBias", Time since last: 204436700 ns, Reaching safepoint: 145500 ns, At safepoint: 90100 ns, Total: 235600 ns
[2020-04-26T17:09:58.143+0000][1][safepoint    ] Safepoint "BulkRevokeBias", Time since last: 78200 ns, Reaching safepoint: 135400 ns, At safepoint: 1073100 ns, Total: 1208500 ns
[2020-04-26T17:09:58.148+0000][1][safepoint    ] Safepoint "RevokeBias", Time since last: 4317700 ns, Reaching safepoint: 153200 ns, At safepoint: 100600 ns, Total: 253800 ns
[2020-04-26T17:09:58.148+0000][1][safepoint    ] Safepoint "RevokeBias", Time since last: 46200 ns, Reaching safepoint: 223300 ns, At safepoint: 90800 ns, Total: 314100 ns
[2020-04-26T17:09:58.148+0000][1][safepoint    ] Safepoint "RevokeBias", Time since last: 250000 ns, Reaching safepoint: 202900 ns, At safepoint: 57000 ns, Total: 259900 ns
[2020-04-26T17:09:59.149+0000][1][safepoint    ] Safepoint "Cleanup", Time since last: 1000236200 ns, Reaching safepoint: 146400 ns, At safepoint: 35500 ns, Total: 181900 ns
[2020-04-26T17:10:00.149+0000][1][safepoint    ] Safepoint "Cleanup", Time since last: 1000309200 ns, Reaching safepoint: 188900 ns, At safepoint: 47900 ns, Total: 236800 ns
[2020-04-26T17:10:01.151+0000][1][safepoint    ] Safepoint "Cleanup", Time since last: 1000548100 ns, Reaching safepoint: 448300 ns, At safepoint: 135600 ns, Total: 583900 ns
[2020-04-26T17:10:02.151+0000][1][safepoint    ] Safepoint "Cleanup", Time since last: 1000585500 ns, Reaching safepoint: 134700 ns, At safepoint: 29200 ns, Total: 163900 ns
[2020-04-26T17:10:03.152+0000][1][safepoint    ] Safepoint "Cleanup", Time since last: 1000342800 ns, Reaching safepoint: 337700 ns, At safepoint: 102700 ns, Total: 440400 ns
[2020-04-26T17:10:04.153+0000][1][safepoint    ] Safepoint "Cleanup", Time since last: 1000320700 ns, Reaching safepoint: 194100 ns, At safepoint: 44500 ns, Total: 238600 ns
[2020-04-26T17:10:05.153+0000][1][safepoint    ] Safepoint "Cleanup", Time since last: 1000268800 ns, Reaching safepoint: 441600 ns, At safepoint: 134100 ns, Total: 575700 ns
[2020-04-26T17:10:06.154+0000][1][safepoint    ] Safepoint "Cleanup", Time since last: 1000310000 ns, Reaching safepoint: 144400 ns, At safepoint: 56900 ns, Total: 201300 ns
[2020-04-26T17:10:07.154+0000][1][safepoint    ] Safepoint "Cleanup", Time since last: 1000205000 ns, Reaching safepoint: 129700 ns, At safepoint: 29000 ns, Total: 158700 ns
[2020-04-26T17:10:08.156+0000][1][safepoint    ] Safepoint "Cleanup", Time since last: 1000662200 ns, Reaching safepoint: 437200 ns, At safepoint: 136500 ns, Total: 573700 ns
[2020-04-26T17:10:09.157+0000][1][safepoint    ] Safepoint "Cleanup", Time since last: 1000678700 ns, Reaching safepoint: 450600 ns, At safepoint: 137000 ns, Total: 587600 ns
[2020-04-26T17:10:10.252+0000][1][safepoint    ] Safepoint "Cleanup", Time since last: 1095215500 ns, Reaching safepoint: 151300 ns, At safepoint: 32400 ns, Total: 183700 ns
[2020-04-26T17:10:11.253+0000][1][safepoint    ] Safepoint "Cleanup", Time since last: 1000141200 ns, Reaching safepoint: 194400 ns, At safepoint: 42100 ns, Total: 236500 ns
[2020-04-26T17:10:12.254+0000][1][safepoint    ] Safepoint "Cleanup", Time since last: 1000671300 ns, Reaching safepoint: 446300 ns, At safepoint: 141900 ns, Total: 588200 ns
[2020-04-26T17:10:13.254+0000][1][safepoint    ] Safepoint "Cleanup", Time since last: 1000233000 ns, Reaching safepoint: 164300 ns, At safepoint: 29600 ns, Total: 193900 ns
[2020-04-26T17:10:14.255+0000][1][safepoint    ] Safepoint "Cleanup", Time since last: 1000356200 ns, Reaching safepoint: 259700 ns, At safepoint: 76500 ns, Total: 336200 ns
[2020-04-26T17:10:15.256+0000][1][safepoint    ] Safepoint "Cleanup", Time since last: 1000414300 ns, Reaching safepoint: 448100 ns, At safepoint: 139200 ns, Total: 587300 ns
[2020-04-26T17:10:16.257+0000][1][safepoint    ] Safepoint "Cleanup", Time since last: 1000376600 ns, Reaching safepoint: 503900 ns, At safepoint: 124300 ns, Total: 628200 ns
[2020-04-26T17:10:17.257+0000][1][safepoint    ] Safepoint "Cleanup", Time since last: 1000252400 ns, Reaching safepoint: 146300 ns, At safepoint: 72600 ns, Total: 218900 ns
[2020-04-26T17:10:18.258+0000][1][safepoint    ] Safepoint "Cleanup", Time since last: 1000251300 ns, Reaching safepoint: 519900 ns, At safepoint: 131800 ns, Total: 651700 ns
[2020-04-26T17:10:19.259+0000][1][safepoint    ] Safepoint "Cleanup", Time since last: 1000264900 ns, Reaching safepoint: 192300 ns, At safepoint: 33400 ns, Total: 225700 ns
[2020-04-26T17:10:20.259+0000][1][safepoint    ] Safepoint "Cleanup", Time since last: 1000208200 ns, Reaching safepoint: 140300 ns, At safepoint: 38100 ns, Total: 178400 ns
[2020-04-26T17:10:21.260+0000][1][safepoint    ] Safepoint "Cleanup", Time since last: 1000116200 ns, Reaching safepoint: 127400 ns, At safepoint: 26600 ns, Total: 154000 ns
[2020-04-26T17:10:22.260+0000][1][safepoint    ] Safepoint "Cleanup", Time since last: 1000388200 ns, Reaching safepoint: 138200 ns, At safepoint: 27400 ns, Total: 165600 ns
[2020-04-26T17:10:23.276+0000][1][safepoint    ] Safepoint "Cleanup", Time since last: 1015941600 ns, Reaching safepoint: 136400 ns, At safepoint: 31800 ns, Total: 168200 ns
[2020-04-26T17:10:24.277+0000][1][safepoint    ] Safepoint "Cleanup", Time since last: 1000256300 ns, Reaching safepoint: 155000 ns, At safepoint: 31000 ns, Total: 186000 ns
[2020-04-26T17:10:25.278+0000][1][safepoint    ] Safepoint "Cleanup", Time since last: 1000441600 ns, Reaching safepoint: 443800 ns, At safepoint: 149600 ns, Total: 593400 ns
[2020-04-26T17:10:26.278+0000][1][safepoint    ] Safepoint "Cleanup", Time since last: 1000340500 ns, Reaching safepoint: 129900 ns, At safepoint: 26300 ns, Total: 156200 ns
[2020-04-26T17:10:27.278+0000][1][safepoint    ] Safepoint "Cleanup", Time since last: 1000174300 ns, Reaching safepoint: 148200 ns, At safepoint: 29900 ns, Total: 178100 ns
[2020-04-26T17:10:28.279+0000][1][safepoint    ] Safepoint "Cleanup", Time since last: 1000351800 ns, Reaching safepoint: 169400 ns, At safepoint: 31600 ns, Total: 201000 ns
[2020-04-26T17:10:29.280+0000][1][safepoint    ] Safepoint "Cleanup", Time since last: 1000591600 ns, Reaching safepoint: 134100 ns, At safepoint: 33500 ns, Total: 167600 ns
[2020-04-26T17:10:30.280+0000][1][safepoint    ] Safepoint "Cleanup", Time since last: 1000161700 ns, Reaching safepoint: 263800 ns, At safepoint: 68600 ns, Total: 332400 ns
[2020-04-26T17:10:31.281+0000][1][safepoint    ] Safepoint "Cleanup", Time since last: 1000225200 ns, Reaching safepoint: 173100 ns, At safepoint: 34000 ns, Total: 207100 ns
[2020-04-26T17:10:32.281+0000][1][safepoint    ] Safepoint "Cleanup", Time since last: 1000210700 ns, Reaching safepoint: 130300 ns, At safepoint: 29800 ns, Total: 160100 ns
[2020-04-26T17:10:33.282+0000][1][safepoint    ] Safepoint "Cleanup", Time since last: 1000672500 ns, Reaching safepoint: 185400 ns, At safepoint: 52000 ns, Total: 237400 ns
[2020-04-26T17:10:34.283+0000][1][safepoint    ] Safepoint "Cleanup", Time since last: 1000368000 ns, Reaching safepoint: 170500 ns, At safepoint: 40900 ns, Total: 211400 ns
[2020-04-26T17:10:35.283+0000][1][safepoint    ] Safepoint "Cleanup", Time since last: 1000521900 ns, Reaching safepoint: 145200 ns, At safepoint: 37300 ns, Total: 182500 ns
[2020-04-26T17:10:36.284+0000][1][safepoint    ] Safepoint "Cleanup", Time since last: 1000340500 ns, Reaching safepoint: 167400 ns, At safepoint: 36000 ns, Total: 203400 ns
[2020-04-26T17:10:37.284+0000][1][safepoint    ] Safepoint "Cleanup", Time since last: 1000256000 ns, Reaching safepoint: 310600 ns, At safepoint: 74300 ns, Total: 384900 ns
[2020-04-26T17:10:38.285+0000][1][safepoint    ] Safepoint "Cleanup", Time since last: 1000389700 ns, Reaching safepoint: 424600 ns, At safepoint: 138700 ns, Total: 563300 ns
[2020-04-26T17:10:40.264+0000][1][safepoint    ] Safepoint "Cleanup", Time since last: 1977695300 ns, Reaching safepoint: 363900 ns, At safepoint: 98200 ns, Total: 462100 ns
[2020-04-26T17:10:41.264+0000][1][safepoint    ] Safepoint "Cleanup", Time since last: 1000185900 ns, Reaching safepoint: 133700 ns, At safepoint: 29100 ns, Total: 162800 ns
[2020-04-26T17:10:42.265+0000][1][safepoint    ] Safepoint "Cleanup", Time since last: 1000426100 ns, Reaching safepoint: 186500 ns, At safepoint: 50000 ns, Total: 236500 ns
[2020-04-26T17:10:43.265+0000][1][safepoint    ] Safepoint "Cleanup", Time since last: 1000439700 ns, Reaching safepoint: 185900 ns, At safepoint: 41200 ns, Total: 227100 ns
[2020-04-26T17:10:44.266+0000][1][safepoint    ] Safepoint "Cleanup", Time since last: 1000310500 ns, Reaching safepoint: 250100 ns, At safepoint: 72200 ns, Total: 322300 ns
[2020-04-26T17:10:45.267+0000][1][safepoint    ] Safepoint "Cleanup", Time since last: 1000557900 ns, Reaching safepoint: 431900 ns, At safepoint: 132700 ns, Total: 564600 ns
[2020-04-26T17:10:46.268+0000][1][safepoint    ] Safepoint "Cleanup", Time since last: 1000552000 ns, Reaching safepoint: 185400 ns, At safepoint: 49700 ns, Total: 235100 ns
[2020-04-26T17:10:47.269+0000][1][safepoint    ] Safepoint "Cleanup", Time since last: 1000539300 ns, Reaching safepoint: 429900 ns, At safepoint: 131100 ns, Total: 561000 ns
[2020-04-26T17:10:48.270+0000][1][safepoint    ] Safepoint "Cleanup", Time since last: 1000367300 ns, Reaching safepoint: 249800 ns, At safepoint: 69900 ns, Total: 319700 ns
[2020-04-26T17:10:49.270+0000][1][safepoint    ] Safepoint "Cleanup", Time since last: 1000186400 ns, Reaching safepoint: 370400 ns, At safepoint: 64000 ns, Total: 434400 ns
[2020-04-26T17:10:50.271+0000][1][safepoint    ] Safepoint "Cleanup", Time since last: 1000331000 ns, Reaching safepoint: 722500 ns, At safepoint: 199200 ns, Total: 921700 ns
[2020-04-26T17:10:51.272+0000][1][safepoint    ] Safepoint "Cleanup", Time since last: 1000217900 ns, Reaching safepoint: 150000 ns, At safepoint: 30000 ns, Total: 180000 ns
[2020-04-26T17:10:52.272+0000][1][safepoint    ] Safepoint "Cleanup", Time since last: 1000293000 ns, Reaching safepoint: 137700 ns, At safepoint: 33300 ns, Total: 171000 ns
[2020-04-26T17:10:53.273+0000][1][safepoint    ] Safepoint "Cleanup", Time since last: 1000174600 ns, Reaching safepoint: 163100 ns, At safepoint: 36100 ns, Total: 199200 ns
[2020-04-26T17:10:54.273+0000][1][safepoint    ] Safepoint "Cleanup", Time since last: 1000151700 ns, Reaching safepoint: 147000 ns, At safepoint: 33500 ns, Total: 180500 ns
[2020-04-26T17:10:55.273+0000][1][safepoint    ] Safepoint "Cleanup", Time since last: 1000203300 ns, Reaching safepoint: 155400 ns, At safepoint: 30400 ns, Total: 185800 ns
[2020-04-26T17:10:56.274+0000][1][safepoint    ] Safepoint "Cleanup", Time since last: 1000105900 ns, Reaching safepoint: 121300 ns, At safepoint: 24800 ns, Total: 146100 ns
[2020-04-26T17:10:57.274+0000][1][safepoint    ] Safepoint "Cleanup", Time since last: 1000278500 ns, Reaching safepoint: 343000 ns, At safepoint: 100500 ns, Total: 443500 ns
[2020-04-26T17:10:58.275+0000][1][safepoint    ] Safepoint "Cleanup", Time since last: 1000259000 ns, Reaching safepoint: 421700 ns, At safepoint: 125800 ns, Total: 547500 ns
[2020-04-26T17:10:59.276+0000][1][safepoint    ] Safepoint "Cleanup", Time since last: 1000174100 ns, Reaching safepoint: 136600 ns, At safepoint: 28200 ns, Total: 164800 ns
[2020-04-26T17:11:00.148+0000][1][safepoint    ] Safepoint "RevokeBias", Time since last: 872040500 ns, Reaching safepoint: 136800 ns, At safepoint: 71100 ns, Total: 207900 ns
[2020-04-26T17:11:00.148+0000][1][safepoint    ] Safepoint "RevokeBias", Time since last: 183500 ns, Reaching safepoint: 216100 ns, At safepoint: 138700 ns, Total: 354800 ns
[2020-04-26T17:11:00.155+0000][1][safepoint    ] Safepoint "RevokeBias", Time since last: 6525200 ns, Reaching safepoint: 150300 ns, At safepoint: 73000 ns, Total: 223300 ns
[2020-04-26T17:11:00.156+0000][1][safepoint    ] Safepoint "RevokeBias", Time since last: 120400 ns, Reaching safepoint: 246000 ns, At safepoint: 78000 ns, Total: 324000 ns
[2020-04-26T17:11:00.156+0000][1][safepoint    ] Safepoint "RevokeBias", Time since last: 475200 ns, Reaching safepoint: 219700 ns, At safepoint: 133400 ns, Total: 353100 ns
[2020-04-26T17:11:01.160+0000][1][safepoint    ] Safepoint "Cleanup", Time since last: 1003273400 ns, Reaching safepoint: 136200 ns, At safepoint: 34100 ns, Total: 170300 ns
[2020-04-26T17:11:02.161+0000][1][safepoint    ] Safepoint "Cleanup", Time since last: 1000469200 ns, Reaching safepoint: 248900 ns, At safepoint: 70100 ns, Total: 319000 ns
[2020-04-26T17:11:03.161+0000][1][safepoint    ] Safepoint "Cleanup", Time since last: 1000475300 ns, Reaching safepoint: 149200 ns, At safepoint: 37600 ns, Total: 186800 ns
[2020-04-26T17:11:04.162+0000][1][safepoint    ] Safepoint "Cleanup", Time since last: 1000126800 ns, Reaching safepoint: 139100 ns, At safepoint: 33300 ns, Total: 172400 ns
[2020-04-26T17:11:05.162+0000][1][safepoint    ] Safepoint "Cleanup", Time since last: 1000594200 ns, Reaching safepoint: 199100 ns, At safepoint: 25000 ns, Total: 224100 ns
[2020-04-26T17:11:06.163+0000][1][safepoint    ] Safepoint "Cleanup", Time since last: 1000249700 ns, Reaching safepoint: 161100 ns, At safepoint: 41400 ns, Total: 202500 ns
[2020-04-26T17:11:07.164+0000][1][safepoint    ] Safepoint "Cleanup", Time since last: 1000520800 ns, Reaching safepoint: 133500 ns, At safepoint: 30400 ns, Total: 163900 ns
[2020-04-26T17:11:08.164+0000][1][safepoint    ] Safepoint "Cleanup", Time since last: 1000446800 ns, Reaching safepoint: 152400 ns, At safepoint: 37900 ns, Total: 190300 ns
[2020-04-26T17:11:09.165+0000][1][safepoint    ] Safepoint "Cleanup", Time since last: 1000285200 ns, Reaching safepoint: 448400 ns, At safepoint: 136800 ns, Total: 585200 ns
[2020-04-26T17:11:10.166+0000][1][safepoint    ] Safepoint "Cleanup", Time since last: 1000338700 ns, Reaching safepoint: 140400 ns, At safepoint: 27200 ns, Total: 167600 ns
[2020-04-26T17:11:11.166+0000][1][safepoint    ] Safepoint "Cleanup", Time since last: 1000454500 ns, Reaching safepoint: 214700 ns, At safepoint: 58800 ns, Total: 273500 ns
[2020-04-26T17:11:12.167+0000][1][safepoint    ] Safepoint "Cleanup", Time since last: 1000428300 ns, Reaching safepoint: 426200 ns, At safepoint: 135500 ns, Total: 561700 ns
[2020-04-26T17:11:13.168+0000][1][safepoint    ] Safepoint "Cleanup", Time since last: 1000496100 ns, Reaching safepoint: 157900 ns, At safepoint: 40600 ns, Total: 198500 ns
[2020-04-26T17:11:14.169+0000][1][safepoint    ] Safepoint "Cleanup", Time since last: 1000412800 ns, Reaching safepoint: 434700 ns, At safepoint: 135500 ns, Total: 570200 ns
[2020-04-26T17:11:15.170+0000][1][safepoint    ] Safepoint "Cleanup", Time since last: 1000338500 ns, Reaching safepoint: 597200 ns, At safepoint: 197100 ns, Total: 794300 ns
[2020-04-26T17:11:16.171+0000][1][safepoint    ] Safepoint "Cleanup", Time since last: 1000361700 ns, Reaching safepoint: 429500 ns, At safepoint: 128500 ns, Total: 558000 ns
[2020-04-26T17:11:17.172+0000][1][safepoint    ] Safepoint "Cleanup", Time since last: 1000387700 ns, Reaching safepoint: 520600 ns, At safepoint: 167500 ns, Total: 688100 ns
[2020-04-26T17:11:18.173+0000][1][safepoint    ] Safepoint "Cleanup", Time since last: 1000596200 ns, Reaching safepoint: 577500 ns, At safepoint: 167900 ns, Total: 745400 ns
[2020-04-26T17:11:19.175+0000][1][safepoint    ] Safepoint "Cleanup", Time since last: 1000368100 ns, Reaching safepoint: 602800 ns, At safepoint: 253300 ns, Total: 856100 ns
[2020-04-26T17:11:20.176+0000][1][safepoint    ] Safepoint "Cleanup", Time since last: 1000668000 ns, Reaching safepoint: 241800 ns, At safepoint: 71200 ns, Total: 313000 ns
[2020-04-26T17:11:21.177+0000][1][safepoint    ] Safepoint "Cleanup", Time since last: 1000336800 ns, Reaching safepoint: 525700 ns, At safepoint: 132500 ns, Total: 658200 ns
[2020-04-26T17:11:22.177+0000][1][safepoint    ] Safepoint "Cleanup", Time since last: 1000237400 ns, Reaching safepoint: 130000 ns, At safepoint: 39200 ns, Total: 169200 ns
[2020-04-26T17:11:23.178+0000][1][safepoint    ] Safepoint "Cleanup", Time since last: 1000216600 ns, Reaching safepoint: 254100 ns, At safepoint: 77000 ns, Total: 331100 ns
[2020-04-26T17:11:24.179+0000][1][safepoint    ] Safepoint "Cleanup", Time since last: 1000433300 ns, Reaching safepoint: 632600 ns, At safepoint: 148300 ns, Total: 780900 ns
[2020-04-26T17:11:25.179+0000][1][safepoint    ] Safepoint "Cleanup", Time since last: 1000320500 ns, Reaching safepoint: 131200 ns, At safepoint: 31400 ns, Total: 162600 ns
[2020-04-26T17:11:26.180+0000][1][safepoint    ] Safepoint "Cleanup", Time since last: 1000453200 ns, Reaching safepoint: 180700 ns, At safepoint: 41000 ns, Total: 221700 ns
[2020-04-26T17:11:27.181+0000][1][safepoint    ] Safepoint "Cleanup", Time since last: 1000383800 ns, Reaching safepoint: 480200 ns, At safepoint: 189600 ns, Total: 669800 ns
[2020-04-26T17:11:28.182+0000][1][safepoint    ] Safepoint "Cleanup", Time since last: 1000665100 ns, Reaching safepoint: 571200 ns, At safepoint: 197000 ns, Total: 768200 ns
[2020-04-26T17:11:29.184+0000][1][safepoint    ] Safepoint "Cleanup", Time since last: 1000616900 ns, Reaching safepoint: 437900 ns, At safepoint: 144100 ns, Total: 582000 ns
[2020-04-26T17:11:30.266+0000][1][safepoint    ] Safepoint "Cleanup", Time since last: 1081533300 ns, Reaching safepoint: 435700 ns, At safepoint: 132000 ns, Total: 567700 ns
[2020-04-26T17:11:31.267+0000][1][safepoint    ] Safepoint "Cleanup", Time since last: 1000745000 ns, Reaching safepoint: 436600 ns, At safepoint: 131700 ns, Total: 568300 ns
[2020-04-26T17:11:32.268+0000][1][safepoint    ] Safepoint "Cleanup", Time since last: 1000293200 ns, Reaching safepoint: 170000 ns, At safepoint: 41600 ns, Total: 211600 ns
[2020-04-26T17:11:33.269+0000][1][safepoint    ] Safepoint "Cleanup", Time since last: 1000749700 ns, Reaching safepoint: 439800 ns, At safepoint: 142300 ns, Total: 582100 ns
[2020-04-26T17:11:34.270+0000][1][safepoint    ] Safepoint "Cleanup", Time since last: 1000610900 ns, Reaching safepoint: 438500 ns, At safepoint: 135400 ns, Total: 573900 ns
[2020-04-26T17:11:35.272+0000][1][safepoint    ] Safepoint "Cleanup", Time since last: 1000814800 ns, Reaching safepoint: 518600 ns, At safepoint: 213000 ns, Total: 731600 ns
[2020-04-26T17:11:36.272+0000][1][safepoint    ] Safepoint "Cleanup", Time since last: 1000629200 ns, Reaching safepoint: 179100 ns, At safepoint: 65000 ns, Total: 244100 ns
[2020-04-26T17:11:37.273+0000][1][safepoint    ] Safepoint "Cleanup", Time since last: 1000345000 ns, Reaching safepoint: 557700 ns, At safepoint: 129700 ns, Total: 687400 ns
[2020-04-26T17:11:38.274+0000][1][safepoint    ] Safepoint "Cleanup", Time since last: 1000243700 ns, Reaching safepoint: 133100 ns, At safepoint: 32100 ns, Total: 165200 ns
[2020-04-26T17:11:39.275+0000][1][safepoint    ] Safepoint "Cleanup", Time since last: 1000305400 ns, Reaching safepoint: 432900 ns, At safepoint: 129500 ns, Total: 562400 ns
[2020-04-26T17:11:40.275+0000][1][safepoint    ] Safepoint "Cleanup", Time since last: 1000168400 ns, Reaching safepoint: 144400 ns, At safepoint: 28800 ns, Total: 173200 ns
[2020-04-26T17:11:41.276+0000][1][safepoint    ] Safepoint "Cleanup", Time since last: 1000282900 ns, Reaching safepoint: 131300 ns, At safepoint: 27400 ns, Total: 158700 ns
[2020-04-26T17:11:42.277+0000][1][safepoint    ] Safepoint "Cleanup", Time since last: 1000619300 ns, Reaching safepoint: 287200 ns, At safepoint: 83900 ns, Total: 371100 ns
[2020-04-26T17:11:43.278+0000][1][safepoint    ] Safepoint "Cleanup", Time since last: 1000671800 ns, Reaching safepoint: 331900 ns, At safepoint: 104300 ns, Total: 436200 ns
[2020-04-26T17:11:44.278+0000][1][safepoint    ] Safepoint "Cleanup", Time since last: 1000349700 ns, Reaching safepoint: 253400 ns, At safepoint: 74200 ns, Total: 327600 ns
[2020-04-26T17:11:45.279+0000][1][safepoint    ] Safepoint "Cleanup", Time since last: 1000342000 ns, Reaching safepoint: 522300 ns, At safepoint: 130900 ns, Total: 653200 ns
[2020-04-26T17:11:46.280+0000][1][safepoint    ] Safepoint "Cleanup", Time since last: 1000332100 ns, Reaching safepoint: 328000 ns, At safepoint: 93700 ns, Total: 421700 ns
[2020-04-26T17:11:47.281+0000][1][safepoint    ] Safepoint "Cleanup", Time since last: 1000340000 ns, Reaching safepoint: 291600 ns, At safepoint: 86800 ns, Total: 378400 ns
[2020-04-26T17:11:48.282+0000][1][safepoint    ] Safepoint "Cleanup", Time since last: 1000354900 ns, Reaching safepoint: 461600 ns, At safepoint: 133300 ns, Total: 594900 ns
[2020-04-26T17:11:49.283+0000][1][safepoint    ] Safepoint "Cleanup", Time since last: 1000594100 ns, Reaching safepoint: 232200 ns, At safepoint: 61100 ns, Total: 293300 ns
[2020-04-26T17:11:50.283+0000][1][safepoint    ] Safepoint "Cleanup", Time since last: 1000559400 ns, Reaching safepoint: 226500 ns, At safepoint: 65000 ns, Total: 291500 ns
[2020-04-26T17:11:51.285+0000][1][safepoint    ] Safepoint "Cleanup", Time since last: 1000416200 ns, Reaching safepoint: 519500 ns, At safepoint: 156200 ns, Total: 675700 ns
[2020-04-26T17:11:52.286+0000][1][safepoint    ] Safepoint "Cleanup", Time since last: 1000482200 ns, Reaching safepoint: 399700 ns, At safepoint: 163300 ns, Total: 563000 ns
[2020-04-26T17:11:53.287+0000][1][safepoint    ] Safepoint "Cleanup", Time since last: 1000573500 ns, Reaching safepoint: 243700 ns, At safepoint: 69600 ns, Total: 313300 ns
[2020-04-26T17:11:54.288+0000][1][safepoint    ] Safepoint "Cleanup", Time since last: 1000642200 ns, Reaching safepoint: 332500 ns, At safepoint: 103300 ns, Total: 435800 ns
[2020-04-26T17:11:55.288+0000][1][safepoint    ] Safepoint "Cleanup", Time since last: 1000505000 ns, Reaching safepoint: 145100 ns, At safepoint: 35000 ns, Total: 180100 ns
[2020-04-26T17:11:56.289+0000][1][safepoint    ] Safepoint "Cleanup", Time since last: 1000128000 ns, Reaching safepoint: 130900 ns, At safepoint: 29200 ns, Total: 160100 ns
[2020-04-26T17:11:57.289+0000][1][safepoint    ] Safepoint "Cleanup", Time since last: 1000276000 ns, Reaching safepoint: 304400 ns, At safepoint: 88000 ns, Total: 392400 ns
[2020-04-26T17:11:58.290+0000][1][safepoint    ] Safepoint "Cleanup", Time since last: 1000348900 ns, Reaching safepoint: 296100 ns, At safepoint: 108500 ns, Total: 404600 ns
[2020-04-26T17:11:59.290+0000][1][safepoint    ] Safepoint "Cleanup", Time since last: 1000219500 ns, Reaching safepoint: 186400 ns, At safepoint: 41200 ns, Total: 227600 ns
[2020-04-26T17:12:00.291+0000][1][safepoint    ] Safepoint "Cleanup", Time since last: 1000374100 ns, Reaching safepoint: 380200 ns, At safepoint: 59400 ns, Total: 439600 ns
[2020-04-26T17:12:01.292+0000][1][safepoint    ] Safepoint "Cleanup", Time since last: 1000565800 ns, Reaching safepoint: 190100 ns, At safepoint: 50200 ns, Total: 240300 ns
[2020-04-26T17:12:02.144+0000][1][safepoint    ] Safepoint "RevokeBias", Time since last: 852076400 ns, Reaching safepoint: 274800 ns, At safepoint: 99500 ns, Total: 374300 ns
[2020-04-26T17:12:02.145+0000][1][safepoint    ] Safepoint "RevokeBias", Time since last: 262800 ns, Reaching safepoint: 204700 ns, At safepoint: 115100 ns, Total: 319800 ns
[2020-04-26T17:12:02.146+0000][1][safepoint    ] Safepoint "RevokeBias", Time since last: 146800 ns, Reaching safepoint: 416600 ns, At safepoint: 171300 ns, Total: 587900 ns
[2020-04-26T17:12:02.158+0000][1][safepoint    ] Safepoint "RevokeBias", Time since last: 11858400 ns, Reaching safepoint: 436000 ns, At safepoint: 258700 ns, Total: 694700 ns
[2020-04-26T17:12:02.159+0000][1][safepoint    ] Safepoint "RevokeBias", Time since last: 130400 ns, Reaching safepoint: 221900 ns, At safepoint: 116100 ns, Total: 338000 ns
[2020-04-26T17:12:02.159+0000][1][safepoint    ] Safepoint "RevokeBias", Time since last: 40300 ns, Reaching safepoint: 172400 ns, At safepoint: 90100 ns, Total: 262500 ns
[2020-04-26T17:12:03.159+0000][1][safepoint    ] Safepoint "Cleanup", Time since last: 1000130100 ns, Reaching safepoint: 147200 ns, At safepoint: 34100 ns, Total: 181300 ns
[2020-04-26T17:12:04.160+0000][1][safepoint    ] Safepoint "Cleanup", Time since last: 1000160000 ns, Reaching safepoint: 151600 ns, At safepoint: 29100 ns, Total: 180700 ns
[2020-04-26T17:12:05.160+0000][1][safepoint    ] Safepoint "Cleanup", Time since last: 1000145800 ns, Reaching safepoint: 213000 ns, At safepoint: 37100 ns, Total: 250100 ns
[2020-04-26T17:12:06.161+0000][1][safepoint    ] Safepoint "Cleanup", Time since last: 1000129400 ns, Reaching safepoint: 173300 ns, At safepoint: 29100 ns, Total: 202400 ns
[2020-04-26T17:12:07.161+0000][1][safepoint    ] Safepoint "Cleanup", Time since last: 1000171500 ns, Reaching safepoint: 149000 ns, At safepoint: 30600 ns, Total: 179600 ns
[2020-04-26T17:12:08.161+0000][1][safepoint    ] Safepoint "Cleanup", Time since last: 1000220700 ns, Reaching safepoint: 149600 ns, At safepoint: 33700 ns, Total: 183300 ns
[2020-04-26T17:12:09.162+0000][1][safepoint    ] Safepoint "Cleanup", Time since last: 1000127500 ns, Reaching safepoint: 130200 ns, At safepoint: 29600 ns, Total: 159800 ns
[2020-04-26T17:12:10.163+0000][1][safepoint    ] Safepoint "Cleanup", Time since last: 1000313900 ns, Reaching safepoint: 446100 ns, At safepoint: 246800 ns, Total: 692900 ns
[2020-04-26T17:12:11.163+0000][1][safepoint    ] Safepoint "Cleanup", Time since last: 1000742000 ns, Reaching safepoint: 147300 ns, At safepoint: 34300 ns, Total: 181600 ns
[2020-04-26T17:12:12.164+0000][1][safepoint    ] Safepoint "Cleanup", Time since last: 1000151200 ns, Reaching safepoint: 137000 ns, At safepoint: 42000 ns, Total: 179000 ns
[2020-04-26T17:12:13.164+0000][1][safepoint    ] Safepoint "Cleanup", Time since last: 1000130100 ns, Reaching safepoint: 161100 ns, At safepoint: 37800 ns, Total: 198900 ns
[2020-04-26T17:12:14.165+0000][1][safepoint    ] Safepoint "Cleanup", Time since last: 1000197900 ns, Reaching safepoint: 137600 ns, At safepoint: 31000 ns, Total: 168600 ns
[2020-04-26T17:12:15.165+0000][1][safepoint    ] Safepoint "Cleanup", Time since last: 1000256000 ns, Reaching safepoint: 130200 ns, At safepoint: 29700 ns, Total: 159900 ns
[2020-04-26T17:12:16.166+0000][1][safepoint    ] Safepoint "Cleanup", Time since last: 1000426300 ns, Reaching safepoint: 330000 ns, At safepoint: 99800 ns, Total: 429800 ns
[2020-04-26T17:12:17.166+0000][1][safepoint    ] Safepoint "Cleanup", Time since last: 1000276500 ns, Reaching safepoint: 151600 ns, At safepoint: 31500 ns, Total: 183100 ns
[2020-04-26T17:12:18.167+0000][1][safepoint    ] Safepoint "Cleanup", Time since last: 1000223700 ns, Reaching safepoint: 332900 ns, At safepoint: 78200 ns, Total: 411100 ns
[2020-04-26T17:12:19.167+0000][1][safepoint    ] Safepoint "Cleanup", Time since last: 1000196900 ns, Reaching safepoint: 146500 ns, At safepoint: 31000 ns, Total: 177500 ns
[2020-04-26T17:12:20.168+0000][1][safepoint    ] Safepoint "Cleanup", Time since last: 1000304500 ns, Reaching safepoint: 133700 ns, At safepoint: 32900 ns, Total: 166600 ns
[2020-04-26T17:12:21.169+0000][1][safepoint    ] Safepoint "Cleanup", Time since last: 1000443000 ns, Reaching safepoint: 445600 ns, At safepoint: 150800 ns, Total: 596400 ns
[2020-04-26T17:12:22.169+0000][1][safepoint    ] Safepoint "Cleanup", Time since last: 1000247100 ns, Reaching safepoint: 128700 ns, At safepoint: 28400 ns, Total: 157100 ns
[2020-04-26T17:12:23.171+0000][1][safepoint    ] Safepoint "Cleanup", Time since last: 1000824700 ns, Reaching safepoint: 448500 ns, At safepoint: 142200 ns, Total: 590700 ns
[2020-04-26T17:12:24.171+0000][1][safepoint    ] Safepoint "Cleanup", Time since last: 1000562800 ns, Reaching safepoint: 178900 ns, At safepoint: 48100 ns, Total: 227000 ns
[2020-04-26T17:12:25.172+0000][1][safepoint    ] Safepoint "Cleanup", Time since last: 1000686500 ns, Reaching safepoint: 136000 ns, At safepoint: 34100 ns, Total: 170100 ns
[2020-04-26T17:12:26.174+0000][1][safepoint    ] Safepoint "Cleanup", Time since last: 1000777600 ns, Reaching safepoint: 447300 ns, At safepoint: 146300 ns, Total: 593600 ns
[2020-04-26T17:12:27.175+0000][1][safepoint    ] Safepoint "Cleanup", Time since last: 1000718600 ns, Reaching safepoint: 350000 ns, At safepoint: 109900 ns, Total: 459900 ns
[2020-04-26T17:12:28.176+0000][1][safepoint    ] Safepoint "Cleanup", Time since last: 1000364900 ns, Reaching safepoint: 445700 ns, At safepoint: 142900 ns, Total: 588600 ns
[2020-04-26T17:12:29.176+0000][1][safepoint    ] Safepoint "Cleanup", Time since last: 1000344700 ns, Reaching safepoint: 186200 ns, At safepoint: 49100 ns, Total: 235300 ns
[2020-04-26T17:12:30.177+0000][1][safepoint    ] Safepoint "Cleanup", Time since last: 1000250700 ns, Reaching safepoint: 132500 ns, At safepoint: 32100 ns, Total: 164600 ns
[2020-04-26T17:12:31.178+0000][1][safepoint    ] Safepoint "Cleanup", Time since last: 1000330500 ns, Reaching safepoint: 504700 ns, At safepoint: 132300 ns, Total: 637000 ns
[2020-04-26T17:12:32.178+0000][1][safepoint    ] Safepoint "Cleanup", Time since last: 1000291600 ns, Reaching safepoint: 214500 ns, At safepoint: 46900 ns, Total: 261400 ns
[2020-04-26T17:12:33.794+0000][1][safepoint    ] Safepoint "Cleanup", Time since last: 1615686800 ns, Reaching safepoint: 329900 ns, At safepoint: 99300 ns, Total: 429200 ns
[2020-04-26T17:12:34.795+0000][1][safepoint    ] Safepoint "Cleanup", Time since last: 1000675100 ns, Reaching safepoint: 233500 ns, At safepoint: 65100 ns, Total: 298600 ns
[2020-04-26T17:12:35.796+0000][1][safepoint    ] Safepoint "Cleanup", Time since last: 1000175600 ns, Reaching safepoint: 129600 ns, At safepoint: 25700 ns, Total: 155300 ns
[2020-04-26T17:12:36.797+0000][1][safepoint    ] Safepoint "Cleanup", Time since last: 1000584800 ns, Reaching safepoint: 446400 ns, At safepoint: 137600 ns, Total: 584000 ns
[2020-04-26T17:12:37.798+0000][1][safepoint    ] Safepoint "Cleanup", Time since last: 1000547400 ns, Reaching safepoint: 160100 ns, At safepoint: 41500 ns, Total: 201600 ns
[2020-04-26T17:12:38.798+0000][1][safepoint    ] Safepoint "Cleanup", Time since last: 1000290600 ns, Reaching safepoint: 143500 ns, At safepoint: 34400 ns, Total: 177900 ns
[2020-04-26T17:12:39.799+0000][1][safepoint    ] Safepoint "Cleanup", Time since last: 1000320200 ns, Reaching safepoint: 473000 ns, At safepoint: 85300 ns, Total: 558300 ns
[2020-04-26T17:12:40.800+0000][1][safepoint    ] Safepoint "Cleanup", Time since last: 1000398300 ns, Reaching safepoint: 208300 ns, At safepoint: 57300 ns, Total: 265600 ns
[2020-04-26T17:12:41.800+0000][1][safepoint    ] Safepoint "Cleanup", Time since last: 1000234500 ns, Reaching safepoint: 143400 ns, At safepoint: 30500 ns, Total: 173900 ns
[2020-04-26T17:12:42.800+0000][1][safepoint    ] Safepoint "Cleanup", Time since last: 1000168700 ns, Reaching safepoint: 136500 ns, At safepoint: 31700 ns, Total: 168200 ns
[2020-04-26T17:12:43.801+0000][1][safepoint    ] Safepoint "Cleanup", Time since last: 1000339600 ns, Reaching safepoint: 369400 ns, At safepoint: 83800 ns, Total: 453200 ns
[2020-04-26T17:12:44.802+0000][1][safepoint    ] Safepoint "Cleanup", Time since last: 1000372300 ns, Reaching safepoint: 330700 ns, At safepoint: 98800 ns, Total: 429500 ns
[2020-04-26T17:12:45.803+0000][1][safepoint    ] Safepoint "Cleanup", Time since last: 1000720900 ns, Reaching safepoint: 429300 ns, At safepoint: 141100 ns, Total: 570400 ns
[2020-04-26T17:12:46.804+0000][1][safepoint    ] Safepoint "Cleanup", Time since last: 1000227600 ns, Reaching safepoint: 132400 ns, At safepoint: 31300 ns, Total: 163700 ns
[2020-04-26T17:12:47.804+0000][1][safepoint    ] Safepoint "Cleanup", Time since last: 1000140300 ns, Reaching safepoint: 134000 ns, At safepoint: 33400 ns, Total: 167400 ns
[2020-04-26T17:12:48.805+0000][1][safepoint    ] Safepoint "Cleanup", Time since last: 1000597000 ns, Reaching safepoint: 242900 ns, At safepoint: 77900 ns, Total: 320800 ns
[2020-04-26T17:12:49.061+0000][1][gc,start     ] GC(41) Pause Young (Allocation Failure)
[2020-04-26T17:12:49.061+0000][1][gc,task      ] GC(41) Using 10 workers of 10 for evacuation
[2020-04-26T17:12:49.063+0000][1][gc,age       ] GC(41) Desired survivor size 8945664 bytes, new threshold 6 (max threshold 6)
[2020-04-26T17:12:49.063+0000][1][gc,age       ] GC(41) Age table with threshold 6 (max threshold 6)
[2020-04-26T17:12:49.063+0000][1][gc,age       ] GC(41) - age   1:     115808 bytes,     115808 total
[2020-04-26T17:12:49.063+0000][1][gc,age       ] GC(41) - age   2:      51128 bytes,     166936 total
[2020-04-26T17:12:49.063+0000][1][gc,age       ] GC(41) - age   3:       9928 bytes,     176864 total
[2020-04-26T17:12:49.063+0000][1][gc,age       ] GC(41) - age   4:       9168 bytes,     186032 total
[2020-04-26T17:12:49.063+0000][1][gc,age       ] GC(41) - age   5:       2320 bytes,     188352 total
[2020-04-26T17:12:49.063+0000][1][gc,age       ] GC(41) - age   6:      11408 bytes,     199760 total
[2020-04-26T17:12:49.063+0000][1][gc,heap      ] GC(41) ParNew: 140001K->255K(157248K)
[2020-04-26T17:12:49.063+0000][1][gc,heap      ] GC(41) CMS: 79620K->79645K(349568K)
[2020-04-26T17:12:49.063+0000][1][gc,metaspace ] GC(41) Metaspace: 96892K->96892K(1138688K)
[2020-04-26T17:12:49.063+0000][1][gc           ] GC(41) Pause Young (Allocation Failure) 214M->78M(494M) 2.331ms
[2020-04-26T17:12:49.063+0000][1][gc,cpu       ] GC(41) User=0.00s Sys=0.00s Real=0.01s
[2020-04-26T17:12:49.063+0000][1][safepoint    ] Safepoint "GenCollectForAllocation", Time since last: 256012500 ns, Reaching safepoint: 143700 ns, At safepoint: 2404600 ns, Total: 2548300 ns
[2020-04-26T17:12:50.065+0000][1][safepoint    ] Safepoint "Cleanup", Time since last: 1000374300 ns, Reaching safepoint: 557900 ns, At safepoint: 211700 ns, Total: 769600 ns
[2020-04-26T17:12:51.065+0000][1][safepoint    ] Safepoint "Cleanup", Time since last: 1000517700 ns, Reaching safepoint: 161800 ns, At safepoint: 62300 ns, Total: 224100 ns
[2020-04-26T17:12:52.067+0000][1][safepoint    ] Safepoint "Cleanup", Time since last: 1000670000 ns, Reaching safepoint: 642200 ns, At safepoint: 208000 ns, Total: 850200 ns
[2020-04-26T17:12:53.068+0000][1][safepoint    ] Safepoint "Cleanup", Time since last: 1000442800 ns, Reaching safepoint: 448900 ns, At safepoint: 227700 ns, Total: 676600 ns
[2020-04-26T17:12:54.069+0000][1][safepoint    ] Safepoint "Cleanup", Time since last: 1000219800 ns, Reaching safepoint: 288100 ns, At safepoint: 44200 ns, Total: 332300 ns
[2020-04-26T17:12:54.463+0000][1][safepoint    ] Safepoint "RevokeBias", Time since last: 394096500 ns, Reaching safepoint: 125700 ns, At safepoint: 52600 ns, Total: 178300 ns
[2020-04-26T17:12:55.463+0000][1][safepoint    ] Safepoint "Cleanup", Time since last: 1000170000 ns, Reaching safepoint: 135500 ns, At safepoint: 25900 ns, Total: 161400 ns
[2020-04-26T17:12:56.464+0000][1][safepoint    ] Safepoint "Cleanup", Time since last: 1000283000 ns, Reaching safepoint: 223600 ns, At safepoint: 60900 ns, Total: 284500 ns
[2020-04-26T17:12:57.465+0000][1][safepoint    ] Safepoint "Cleanup", Time since last: 1000692400 ns, Reaching safepoint: 431900 ns, At safepoint: 133200 ns, Total: 565100 ns
[2020-04-26T17:12:58.465+0000][1][safepoint    ] Safepoint "Cleanup", Time since last: 1000219900 ns, Reaching safepoint: 129100 ns, At safepoint: 27600 ns, Total: 156700 ns
[2020-04-26T17:12:59.466+0000][1][safepoint    ] Safepoint "Cleanup", Time since last: 1000197900 ns, Reaching safepoint: 143800 ns, At safepoint: 28800 ns, Total: 172600 ns
[2020-04-26T17:13:00.466+0000][1][safepoint    ] Safepoint "Cleanup", Time since last: 1000590300 ns, Reaching safepoint: 191000 ns, At safepoint: 51600 ns, Total: 242600 ns
[2020-04-26T17:13:01.467+0000][1][safepoint    ] Safepoint "Cleanup", Time since last: 1000324600 ns, Reaching safepoint: 485600 ns, At safepoint: 126200 ns, Total: 611800 ns
[2020-04-26T17:13:02.468+0000][1][safepoint    ] Safepoint "Cleanup", Time since last: 1000574000 ns, Reaching safepoint: 129100 ns, At safepoint: 30500 ns, Total: 159600 ns
[2020-04-26T17:13:03.148+0000][1][safepoint    ] Safepoint "RevokeBias", Time since last: 679515500 ns, Reaching safepoint: 152100 ns, At safepoint: 66000 ns, Total: 218100 ns
[2020-04-26T17:13:03.148+0000][1][safepoint    ] Safepoint "RevokeBias", Time since last: 216700 ns, Reaching safepoint: 168500 ns, At safepoint: 58700 ns, Total: 227200 ns
[2020-04-26T17:13:03.153+0000][1][safepoint    ] Safepoint "RevokeBias", Time since last: 4856800 ns, Reaching safepoint: 130200 ns, At safepoint: 81100 ns, Total: 211300 ns
[2020-04-26T17:13:03.154+0000][1][safepoint    ] Safepoint "RevokeBias", Time since last: 185800 ns, Reaching safepoint: 141800 ns, At safepoint: 113600 ns, Total: 255400 ns
[2020-04-26T17:13:03.154+0000][1][safepoint    ] Safepoint "RevokeBias", Time since last: 208700 ns, Reaching safepoint: 206000 ns, At safepoint: 111800 ns, Total: 317800 ns
[2020-04-26T17:13:04.155+0000][1][safepoint    ] Safepoint "Cleanup", Time since last: 1000328300 ns, Reaching safepoint: 445500 ns, At safepoint: 220100 ns, Total: 665600 ns
[2020-04-26T17:13:05.156+0000][1][safepoint    ] Safepoint "Cleanup", Time since last: 1000586400 ns, Reaching safepoint: 195800 ns, At safepoint: 52300 ns, Total: 248100 ns
[2020-04-26T17:13:06.157+0000][1][safepoint    ] Safepoint "Cleanup", Time since last: 1000212000 ns, Reaching safepoint: 203900 ns, At safepoint: 49900 ns, Total: 253800 ns
[2020-04-26T17:13:07.157+0000][1][safepoint    ] Safepoint "Cleanup", Time since last: 1000167600 ns, Reaching safepoint: 176400 ns, At safepoint: 32500 ns, Total: 208900 ns
[2020-04-26T17:13:08.158+0000][1][safepoint    ] Safepoint "Cleanup", Time since last: 1000298000 ns, Reaching safepoint: 282700 ns, At safepoint: 91900 ns, Total: 374600 ns
[2020-04-26T17:13:09.159+0000][1][safepoint    ] Safepoint "Cleanup", Time since last: 1000305900 ns, Reaching safepoint: 622000 ns, At safepoint: 128400 ns, Total: 750400 ns
[2020-04-26T17:13:10.160+0000][1][safepoint    ] Safepoint "Cleanup", Time since last: 1000788000 ns, Reaching safepoint: 476500 ns, At safepoint: 161400 ns, Total: 637900 ns
[2020-04-26T17:13:11.161+0000][1][safepoint    ] Safepoint "Cleanup", Time since last: 1000334800 ns, Reaching safepoint: 223900 ns, At safepoint: 49400 ns, Total: 273300 ns
[2020-04-26T17:13:12.161+0000][1][safepoint    ] Safepoint "Cleanup", Time since last: 1000130200 ns, Reaching safepoint: 136600 ns, At safepoint: 29900 ns, Total: 166500 ns
[2020-04-26T17:13:13.161+0000][1][safepoint    ] Safepoint "Cleanup", Time since last: 1000185700 ns, Reaching safepoint: 135900 ns, At safepoint: 27400 ns, Total: 163300 ns
[2020-04-26T17:13:14.163+0000][1][safepoint    ] Safepoint "Cleanup", Time since last: 1000566100 ns, Reaching safepoint: 521400 ns, At safepoint: 142700 ns, Total: 664100 ns
[2020-04-26T17:13:15.163+0000][1][safepoint    ] Safepoint "Cleanup", Time since last: 1000289300 ns, Reaching safepoint: 230800 ns, At safepoint: 48600 ns, Total: 279400 ns
[2020-04-26T17:13:16.139+0000][1][safepoint    ] Safepoint "RevokeBias", Time since last: 975431600 ns, Reaching safepoint: 135000 ns, At safepoint: 42800 ns, Total: 177800 ns
[2020-04-26T17:13:17.140+0000][1][safepoint    ] Safepoint "Cleanup", Time since last: 1000556100 ns, Reaching safepoint: 201800 ns, At safepoint: 53100 ns, Total: 254900 ns
[2020-04-26T17:13:18.140+0000][1][safepoint    ] Safepoint "Cleanup", Time since last: 1000176100 ns, Reaching safepoint: 167000 ns, At safepoint: 35100 ns, Total: 202100 ns
[2020-04-26T17:13:19.141+0000][1][safepoint    ] Safepoint "Cleanup", Time since last: 1000557600 ns, Reaching safepoint: 457000 ns, At safepoint: 144400 ns, Total: 601400 ns
[2020-04-26T17:13:20.142+0000][1][safepoint    ] Safepoint "Cleanup", Time since last: 1000417000 ns, Reaching safepoint: 452500 ns, At safepoint: 133700 ns, Total: 586200 ns
[2020-04-26T17:13:21.143+0000][1][safepoint    ] Safepoint "Cleanup", Time since last: 1000423000 ns, Reaching safepoint: 285200 ns, At safepoint: 71000 ns, Total: 356200 ns
[2020-04-26T17:13:22.144+0000][1][safepoint    ] Safepoint "Cleanup", Time since last: 1000477500 ns, Reaching safepoint: 242700 ns, At safepoint: 38300 ns, Total: 281000 ns
[2020-04-26T17:13:23.145+0000][1][safepoint    ] Safepoint "Cleanup", Time since last: 1000383000 ns, Reaching safepoint: 505400 ns, At safepoint: 130900 ns, Total: 636300 ns
[2020-04-26T17:13:24.145+0000][1][safepoint    ] Safepoint "Cleanup", Time since last: 1000251100 ns, Reaching safepoint: 135500 ns, At safepoint: 29600 ns, Total: 165100 ns
[2020-04-26T17:13:25.146+0000][1][safepoint    ] Safepoint "Cleanup", Time since last: 1000463100 ns, Reaching safepoint: 383500 ns, At safepoint: 95400 ns, Total: 478900 ns
[2020-04-26T17:13:26.147+0000][1][safepoint    ] Safepoint "Cleanup", Time since last: 1000253400 ns, Reaching safepoint: 145400 ns, At safepoint: 30400 ns, Total: 175800 ns
[2020-04-26T17:13:27.147+0000][1][safepoint    ] Safepoint "Cleanup", Time since last: 1000187700 ns, Reaching safepoint: 135900 ns, At safepoint: 41600 ns, Total: 177500 ns
[2020-04-26T17:13:28.148+0000][1][safepoint    ] Safepoint "Cleanup", Time since last: 1000526500 ns, Reaching safepoint: 135300 ns, At safepoint: 32600 ns, Total: 167900 ns
[2020-04-26T17:13:29.149+0000][1][safepoint    ] Safepoint "Cleanup", Time since last: 1000368900 ns, Reaching safepoint: 455500 ns, At safepoint: 192600 ns, Total: 648100 ns
[2020-04-26T17:13:29.306+0000][1][safepoint    ] Safepoint "BulkRevokeBias", Time since last: 156747200 ns, Reaching safepoint: 189700 ns, At safepoint: 761400 ns, Total: 951100 ns
[2020-04-26T17:13:30.307+0000][1][safepoint    ] Safepoint "Cleanup", Time since last: 1000180200 ns, Reaching safepoint: 157400 ns, At safepoint: 59500 ns, Total: 216900 ns
[2020-04-26T17:13:31.308+0000][1][safepoint    ] Safepoint "Cleanup", Time since last: 1000408500 ns, Reaching safepoint: 534800 ns, At safepoint: 228800 ns, Total: 763600 ns
[2020-04-26T17:13:32.309+0000][1][safepoint    ] Safepoint "Cleanup", Time since last: 1000650700 ns, Reaching safepoint: 434400 ns, At safepoint: 135000 ns, Total: 569400 ns
[2020-04-26T17:13:33.311+0000][1][safepoint    ] Safepoint "Cleanup", Time since last: 1000736100 ns, Reaching safepoint: 449400 ns, At safepoint: 139300 ns, Total: 588700 ns
[2020-04-26T17:13:34.312+0000][1][safepoint    ] Safepoint "Cleanup", Time since last: 1000531900 ns, Reaching safepoint: 558000 ns, At safepoint: 129800 ns, Total: 687800 ns
[2020-04-26T17:13:35.313+0000][1][safepoint    ] Safepoint "Cleanup", Time since last: 1000429800 ns, Reaching safepoint: 573500 ns, At safepoint: 216800 ns, Total: 790300 ns
[2020-04-26T17:13:36.314+0000][1][safepoint    ] Safepoint "Cleanup", Time since last: 1000418200 ns, Reaching safepoint: 453700 ns, At safepoint: 144400 ns, Total: 598100 ns
[2020-04-26T17:13:37.315+0000][1][safepoint    ] Safepoint "Cleanup", Time since last: 1000503800 ns, Reaching safepoint: 532800 ns, At safepoint: 138200 ns, Total: 671000 ns
[2020-04-26T17:13:38.316+0000][1][safepoint    ] Safepoint "Cleanup", Time since last: 1000679300 ns, Reaching safepoint: 537900 ns, At safepoint: 143400 ns, Total: 681300 ns
[2020-04-26T17:13:39.318+0000][1][safepoint    ] Safepoint "Cleanup", Time since last: 1000454100 ns, Reaching safepoint: 536200 ns, At safepoint: 137300 ns, Total: 673500 ns
[2020-04-26T17:13:40.319+0000][1][safepoint    ] Safepoint "Cleanup", Time since last: 1000724400 ns, Reaching safepoint: 543000 ns, At safepoint: 139900 ns, Total: 682900 ns
[2020-04-26T17:13:41.320+0000][1][safepoint    ] Safepoint "Cleanup", Time since last: 1000360900 ns, Reaching safepoint: 469200 ns, At safepoint: 135800 ns, Total: 605000 ns
[2020-04-26T17:13:42.321+0000][1][safepoint    ] Safepoint "Cleanup", Time since last: 1000450900 ns, Reaching safepoint: 517100 ns, At safepoint: 135300 ns, Total: 652400 ns
[2020-04-26T17:13:43.322+0000][1][safepoint    ] Safepoint "Cleanup", Time since last: 1000657200 ns, Reaching safepoint: 454200 ns, At safepoint: 138700 ns, Total: 592900 ns
[2020-04-26T17:13:44.323+0000][1][safepoint    ] Safepoint "Cleanup", Time since last: 1000309500 ns, Reaching safepoint: 522300 ns, At safepoint: 185300 ns, Total: 707600 ns
[2020-04-26T17:13:45.324+0000][1][safepoint    ] Safepoint "Cleanup", Time since last: 1000550400 ns, Reaching safepoint: 132600 ns, At safepoint: 33600 ns, Total: 166200 ns
[2020-04-26T17:13:46.325+0000][1][safepoint    ] Safepoint "Cleanup", Time since last: 1000357900 ns, Reaching safepoint: 510200 ns, At safepoint: 135300 ns, Total: 645500 ns
[2020-04-26T17:13:47.326+0000][1][safepoint    ] Safepoint "Cleanup", Time since last: 1000857500 ns, Reaching safepoint: 279000 ns, At safepoint: 80600 ns, Total: 359600 ns
[2020-04-26T17:13:48.327+0000][1][safepoint    ] Safepoint "Cleanup", Time since last: 1000385400 ns, Reaching safepoint: 438300 ns, At safepoint: 135400 ns, Total: 573700 ns
[2020-04-26T17:13:49.328+0000][1][safepoint    ] Safepoint "Cleanup", Time since last: 1000553800 ns, Reaching safepoint: 177800 ns, At safepoint: 45800 ns, Total: 223600 ns
[2020-04-26T17:13:50.329+0000][1][safepoint    ] Safepoint "Cleanup", Time since last: 1000511100 ns, Reaching safepoint: 502300 ns, At safepoint: 132400 ns, Total: 634700 ns
[2020-04-26T17:13:51.330+0000][1][safepoint    ] Safepoint "Cleanup", Time since last: 1000609300 ns, Reaching safepoint: 455900 ns, At safepoint: 132400 ns, Total: 588300 ns
[2020-04-26T17:13:52.331+0000][1][safepoint    ] Safepoint "Cleanup", Time since last: 1000389000 ns, Reaching safepoint: 316000 ns, At safepoint: 101600 ns, Total: 417600 ns
[2020-04-26T17:13:53.332+0000][1][safepoint    ] Safepoint "Cleanup", Time since last: 1000274000 ns, Reaching safepoint: 239400 ns, At safepoint: 51000 ns, Total: 290400 ns
[2020-04-26T17:13:54.332+0000][1][safepoint    ] Safepoint "Cleanup", Time since last: 1000267500 ns, Reaching safepoint: 390400 ns, At safepoint: 79200 ns, Total: 469600 ns
[2020-04-26T17:13:55.333+0000][1][safepoint    ] Safepoint "Cleanup", Time since last: 1000251200 ns, Reaching safepoint: 419800 ns, At safepoint: 100900 ns, Total: 520700 ns
[2020-04-26T17:13:56.335+0000][1][safepoint    ] Safepoint "Cleanup", Time since last: 1000752800 ns, Reaching safepoint: 445800 ns, At safepoint: 140200 ns, Total: 586000 ns
[2020-04-26T17:13:57.336+0000][1][safepoint    ] Safepoint "Cleanup", Time since last: 1000355500 ns, Reaching safepoint: 507400 ns, At safepoint: 131400 ns, Total: 638800 ns
[2020-04-26T17:13:58.336+0000][1][safepoint    ] Safepoint "Cleanup", Time since last: 1000646300 ns, Reaching safepoint: 133900 ns, At safepoint: 31700 ns, Total: 165600 ns
[2020-04-26T17:13:59.337+0000][1][safepoint    ] Safepoint "Cleanup", Time since last: 1000182900 ns, Reaching safepoint: 128200 ns, At safepoint: 28300 ns, Total: 156500 ns
[2020-04-26T17:14:00.338+0000][1][safepoint    ] Safepoint "Cleanup", Time since last: 1000309700 ns, Reaching safepoint: 517400 ns, At safepoint: 132400 ns, Total: 649800 ns
[2020-04-26T17:14:01.338+0000][1][safepoint    ] Safepoint "Cleanup", Time since last: 1000493200 ns, Reaching safepoint: 145900 ns, At safepoint: 37800 ns, Total: 183700 ns
[2020-04-26T17:14:02.339+0000][1][safepoint    ] Safepoint "Cleanup", Time since last: 1000607400 ns, Reaching safepoint: 147500 ns, At safepoint: 37100 ns, Total: 184600 ns
[2020-04-26T17:14:03.339+0000][1][safepoint    ] Safepoint "Cleanup", Time since last: 1000187900 ns, Reaching safepoint: 130800 ns, At safepoint: 30500 ns, Total: 161300 ns
[2020-04-26T17:14:04.340+0000][1][safepoint    ] Safepoint "Cleanup", Time since last: 1000335600 ns, Reaching safepoint: 131900 ns, At safepoint: 26300 ns, Total: 158200 ns
[2020-04-26T17:14:05.141+0000][1][safepoint    ] Safepoint "RevokeBias", Time since last: 800444600 ns, Reaching safepoint: 127100 ns, At safepoint: 68600 ns, Total: 195700 ns
[2020-04-26T17:14:05.141+0000][1][safepoint    ] Safepoint "RevokeBias", Time since last: 176500 ns, Reaching safepoint: 175700 ns, At safepoint: 49300 ns, Total: 225000 ns
[2020-04-26T17:14:05.146+0000][1][safepoint    ] Safepoint "RevokeBias", Time since last: 4663700 ns, Reaching safepoint: 202300 ns, At safepoint: 55600 ns, Total: 257900 ns
[2020-04-26T17:14:05.146+0000][1][safepoint    ] Safepoint "RevokeBias", Time since last: 136400 ns, Reaching safepoint: 304800 ns, At safepoint: 52400 ns, Total: 357200 ns
[2020-04-26T17:14:06.147+0000][1][safepoint    ] Safepoint "Cleanup", Time since last: 1000338900 ns, Reaching safepoint: 335800 ns, At safepoint: 107200 ns, Total: 443000 ns
[2020-04-26T17:14:07.148+0000][1][safepoint    ] Safepoint "Cleanup", Time since last: 1000246600 ns, Reaching safepoint: 355900 ns, At safepoint: 87400 ns, Total: 443300 ns
[2020-04-26T17:14:08.149+0000][1][safepoint    ] Safepoint "Cleanup", Time since last: 1000533600 ns, Reaching safepoint: 431200 ns, At safepoint: 130400 ns, Total: 561600 ns
[2020-04-26T17:14:09.150+0000][1][safepoint    ] Safepoint "Cleanup", Time since last: 1000342200 ns, Reaching safepoint: 501600 ns, At safepoint: 98600 ns, Total: 600200 ns
[2020-04-26T17:14:10.151+0000][1][safepoint    ] Safepoint "Cleanup", Time since last: 1000620100 ns, Reaching safepoint: 428100 ns, At safepoint: 133000 ns, Total: 561100 ns
[2020-04-26T17:14:11.152+0000][1][safepoint    ] Safepoint "Cleanup", Time since last: 1000298800 ns, Reaching safepoint: 253300 ns, At safepoint: 74300 ns, Total: 327600 ns
[2020-04-26T17:14:12.153+0000][1][safepoint    ] Safepoint "Cleanup", Time since last: 1000359400 ns, Reaching safepoint: 520700 ns, At safepoint: 137900 ns, Total: 658600 ns
[2020-04-26T17:14:13.154+0000][1][safepoint    ] Safepoint "Cleanup", Time since last: 1000423400 ns, Reaching safepoint: 445300 ns, At safepoint: 148200 ns, Total: 593500 ns
[2020-04-26T17:14:14.154+0000][1][safepoint    ] Safepoint "Cleanup", Time since last: 1000363400 ns, Reaching safepoint: 253300 ns, At safepoint: 71700 ns, Total: 325000 ns
[2020-04-26T17:14:15.155+0000][1][safepoint    ] Safepoint "Cleanup", Time since last: 1000395700 ns, Reaching safepoint: 429500 ns, At safepoint: 132700 ns, Total: 562200 ns
[2020-04-26T17:14:16.157+0000][1][safepoint    ] Safepoint "Cleanup", Time since last: 1000697300 ns, Reaching safepoint: 516000 ns, At safepoint: 136900 ns, Total: 652900 ns
[2020-04-26T17:14:17.158+0000][1][safepoint    ] Safepoint "Cleanup", Time since last: 1000577900 ns, Reaching safepoint: 450200 ns, At safepoint: 129600 ns, Total: 579800 ns
[2020-04-26T17:14:18.159+0000][1][safepoint    ] Safepoint "Cleanup", Time since last: 1000347700 ns, Reaching safepoint: 440000 ns, At safepoint: 127300 ns, Total: 567300 ns
[2020-04-26T17:14:19.159+0000][1][safepoint    ] Safepoint "Cleanup", Time since last: 1000200300 ns, Reaching safepoint: 271300 ns, At safepoint: 64500 ns, Total: 335800 ns
[2020-04-26T17:14:20.161+0000][1][safepoint    ] Safepoint "Cleanup", Time since last: 1000707800 ns, Reaching safepoint: 454400 ns, At safepoint: 266200 ns, Total: 720600 ns
[2020-04-26T17:14:21.162+0000][1][safepoint    ] Safepoint "Cleanup", Time since last: 1000613000 ns, Reaching safepoint: 450500 ns, At safepoint: 136900 ns, Total: 587400 ns
[2020-04-26T17:14:22.163+0000][1][safepoint    ] Safepoint "Cleanup", Time since last: 1000565100 ns, Reaching safepoint: 135800 ns, At safepoint: 45900 ns, Total: 181700 ns
[2020-04-26T17:14:23.163+0000][1][safepoint    ] Safepoint "Cleanup", Time since last: 1000166900 ns, Reaching safepoint: 169800 ns, At safepoint: 56600 ns, Total: 226400 ns
[2020-04-26T17:14:24.164+0000][1][safepoint    ] Safepoint "Cleanup", Time since last: 1000445100 ns, Reaching safepoint: 130800 ns, At safepoint: 32300 ns, Total: 163100 ns
[2020-04-26T17:14:25.164+0000][1][safepoint    ] Safepoint "Cleanup", Time since last: 1000241500 ns, Reaching safepoint: 269000 ns, At safepoint: 78100 ns, Total: 347100 ns
[2020-04-26T17:14:26.165+0000][1][safepoint    ] Safepoint "Cleanup", Time since last: 1000517300 ns, Reaching safepoint: 431800 ns, At safepoint: 133100 ns, Total: 564900 ns
[2020-04-26T17:14:27.166+0000][1][safepoint    ] Safepoint "Cleanup", Time since last: 1000308200 ns, Reaching safepoint: 241300 ns, At safepoint: 72800 ns, Total: 314100 ns
[2020-04-26T17:14:28.167+0000][1][safepoint    ] Safepoint "Cleanup", Time since last: 1000478300 ns, Reaching safepoint: 512600 ns, At safepoint: 132500 ns, Total: 645100 ns
[2020-04-26T17:14:29.168+0000][1][safepoint    ] Safepoint "Cleanup", Time since last: 1000246500 ns, Reaching safepoint: 125100 ns, At safepoint: 27100 ns, Total: 152200 ns
[2020-04-26T17:14:30.169+0000][1][safepoint    ] Safepoint "Cleanup", Time since last: 1000481700 ns, Reaching safepoint: 494800 ns, At safepoint: 131800 ns, Total: 626600 ns
[2020-04-26T17:14:31.170+0000][1][safepoint    ] Safepoint "Cleanup", Time since last: 1000580800 ns, Reaching safepoint: 430900 ns, At safepoint: 170700 ns, Total: 601600 ns
[2020-04-26T17:14:32.171+0000][1][safepoint    ] Safepoint "Cleanup", Time since last: 1000360300 ns, Reaching safepoint: 433000 ns, At safepoint: 132100 ns, Total: 565100 ns
[2020-04-26T17:14:33.171+0000][1][safepoint    ] Safepoint "Cleanup", Time since last: 1000371600 ns, Reaching safepoint: 130000 ns, At safepoint: 29200 ns, Total: 159200 ns
[2020-04-26T17:14:34.172+0000][1][safepoint    ] Safepoint "Cleanup", Time since last: 1000171000 ns, Reaching safepoint: 132500 ns, At safepoint: 30500 ns, Total: 163000 ns
[2020-04-26T17:14:35.172+0000][1][safepoint    ] Safepoint "Cleanup", Time since last: 1000241800 ns, Reaching safepoint: 237300 ns, At safepoint: 53700 ns, Total: 291000 ns
[2020-04-26T17:14:36.173+0000][1][safepoint    ] Safepoint "Cleanup", Time since last: 1000552300 ns, Reaching safepoint: 448400 ns, At safepoint: 136500 ns, Total: 584900 ns
[2020-04-26T17:14:37.174+0000][1][safepoint    ] Safepoint "Cleanup", Time since last: 1000545800 ns, Reaching safepoint: 133000 ns, At safepoint: 31900 ns, Total: 164900 ns
[2020-04-26T17:14:38.175+0000][1][safepoint    ] Safepoint "Cleanup", Time since last: 1000645300 ns, Reaching safepoint: 450800 ns, At safepoint: 136900 ns, Total: 587700 ns
[2020-04-26T17:14:39.176+0000][1][safepoint    ] Safepoint "Cleanup", Time since last: 1000317600 ns, Reaching safepoint: 156400 ns, At safepoint: 30000 ns, Total: 186400 ns
[2020-04-26T17:14:40.658+0000][1][safepoint    ] Safepoint "Cleanup", Time since last: 1482503000 ns, Reaching safepoint: 197500 ns, At safepoint: 30200 ns, Total: 227700 ns
[2020-04-26T17:14:41.659+0000][1][safepoint    ] Safepoint "Cleanup", Time since last: 1000361100 ns, Reaching safepoint: 154900 ns, At safepoint: 44700 ns, Total: 199600 ns
[2020-04-26T17:14:42.659+0000][1][safepoint    ] Safepoint "Cleanup", Time since last: 1000160000 ns, Reaching safepoint: 191700 ns, At safepoint: 52300 ns, Total: 244000 ns
[2020-04-26T17:14:43.661+0000][1][safepoint    ] Safepoint "Cleanup", Time since last: 1000558100 ns, Reaching safepoint: 449900 ns, At safepoint: 134400 ns, Total: 584300 ns
[2020-04-26T17:14:44.661+0000][1][safepoint    ] Safepoint "Cleanup", Time since last: 1000575200 ns, Reaching safepoint: 137900 ns, At safepoint: 32700 ns, Total: 170600 ns
[2020-04-26T17:14:45.662+0000][1][safepoint    ] Safepoint "Cleanup", Time since last: 1000452300 ns, Reaching safepoint: 175600 ns, At safepoint: 39500 ns, Total: 215100 ns
[2020-04-26T17:14:46.663+0000][1][safepoint    ] Safepoint "Cleanup", Time since last: 1000582700 ns, Reaching safepoint: 132300 ns, At safepoint: 31300 ns, Total: 163600 ns
[2020-04-26T17:14:47.663+0000][1][safepoint    ] Safepoint "Cleanup", Time since last: 1000261500 ns, Reaching safepoint: 258900 ns, At safepoint: 70500 ns, Total: 329400 ns
[2020-04-26T17:14:48.664+0000][1][safepoint    ] Safepoint "Cleanup", Time since last: 1000244500 ns, Reaching safepoint: 222200 ns, At safepoint: 60200 ns, Total: 282400 ns
[2020-04-26T17:14:49.665+0000][1][safepoint    ] Safepoint "Cleanup", Time since last: 1000532800 ns, Reaching safepoint: 450100 ns, At safepoint: 135800 ns, Total: 585900 ns
[2020-04-26T17:14:50.667+0000][1][safepoint    ] Safepoint "Cleanup", Time since last: 1000788300 ns, Reaching safepoint: 627300 ns, At safepoint: 205900 ns, Total: 833200 ns
[2020-04-26T17:14:51.668+0000][1][safepoint    ] Safepoint "Cleanup", Time since last: 1000764400 ns, Reaching safepoint: 450400 ns, At safepoint: 135800 ns, Total: 586200 ns
[2020-04-26T17:14:52.669+0000][1][safepoint    ] Safepoint "Cleanup", Time since last: 1000547600 ns, Reaching safepoint: 296600 ns, At safepoint: 72500 ns, Total: 369100 ns
[2020-04-26T17:14:53.670+0000][1][safepoint    ] Safepoint "Cleanup", Time since last: 1000328300 ns, Reaching safepoint: 466100 ns, At safepoint: 142000 ns, Total: 608100 ns
[2020-04-26T17:14:54.671+0000][1][safepoint    ] Safepoint "Cleanup", Time since last: 1000557000 ns, Reaching safepoint: 136300 ns, At safepoint: 32000 ns, Total: 168300 ns
[2020-04-26T17:14:55.671+0000][1][safepoint    ] Safepoint "Cleanup", Time since last: 1000511800 ns, Reaching safepoint: 136900 ns, At safepoint: 34500 ns, Total: 171400 ns
[2020-04-26T17:14:56.672+0000][1][safepoint    ] Safepoint "Cleanup", Time since last: 1000318500 ns, Reaching safepoint: 128200 ns, At safepoint: 28200 ns, Total: 156400 ns
[2020-04-26T17:14:57.672+0000][1][safepoint    ] Safepoint "Cleanup", Time since last: 1000327200 ns, Reaching safepoint: 135300 ns, At safepoint: 38400 ns, Total: 173700 ns
[2020-04-26T17:14:58.673+0000][1][safepoint    ] Safepoint "Cleanup", Time since last: 1000184400 ns, Reaching safepoint: 173600 ns, At safepoint: 27100 ns, Total: 200700 ns
[2020-04-26T17:14:59.673+0000][1][safepoint    ] Safepoint "Cleanup", Time since last: 1000117300 ns, Reaching safepoint: 131000 ns, At safepoint: 28200 ns, Total: 159200 ns
[2020-04-26T17:15:00.674+0000][1][safepoint    ] Safepoint "Cleanup", Time since last: 1000321300 ns, Reaching safepoint: 434100 ns, At safepoint: 154900 ns, Total: 589000 ns
[2020-04-26T17:15:00.871+0000][1][safepoint    ] Safepoint "RevokeBias", Time since last: 196603500 ns, Reaching safepoint: 145000 ns, At safepoint: 84300 ns, Total: 229300 ns
[2020-04-26T17:15:01.872+0000][1][safepoint    ] Safepoint "Cleanup", Time since last: 1000698300 ns, Reaching safepoint: 578900 ns, At safepoint: 220600 ns, Total: 799500 ns
[2020-04-26T17:15:02.873+0000][1][safepoint    ] Safepoint "Cleanup", Time since last: 1000247600 ns, Reaching safepoint: 175600 ns, At safepoint: 30300 ns, Total: 205900 ns
[2020-04-26T17:15:03.873+0000][1][safepoint    ] Safepoint "Cleanup", Time since last: 1000159800 ns, Reaching safepoint: 191000 ns, At safepoint: 43400 ns, Total: 234400 ns
[2020-04-26T17:15:04.874+0000][1][safepoint    ] Safepoint "Cleanup", Time since last: 1000387900 ns, Reaching safepoint: 129900 ns, At safepoint: 28800 ns, Total: 158700 ns
[2020-04-26T17:15:05.874+0000][1][safepoint    ] Safepoint "Cleanup", Time since last: 1000301100 ns, Reaching safepoint: 430900 ns, At safepoint: 131300 ns, Total: 562200 ns
[2020-04-26T17:15:06.875+0000][1][safepoint    ] Safepoint "Cleanup", Time since last: 1000622700 ns, Reaching safepoint: 376600 ns, At safepoint: 97500 ns, Total: 474100 ns
[2020-04-26T17:15:07.194+0000][1][safepoint    ] Safepoint "RevokeBias", Time since last: 318264700 ns, Reaching safepoint: 132200 ns, At safepoint: 70200 ns, Total: 202400 ns
[2020-04-26T17:15:07.194+0000][1][safepoint    ] Safepoint "RevokeBias", Time since last: 138000 ns, Reaching safepoint: 91800 ns, At safepoint: 62900 ns, Total: 154700 ns
[2020-04-26T17:15:07.195+0000][1][safepoint    ] Safepoint "RevokeBias", Time since last: 33400 ns, Reaching safepoint: 200300 ns, At safepoint: 76300 ns, Total: 276600 ns
[2020-04-26T17:15:07.200+0000][1][safepoint    ] Safepoint "RevokeBias", Time since last: 4781000 ns, Reaching safepoint: 191400 ns, At safepoint: 91500 ns, Total: 282900 ns
[2020-04-26T17:15:07.200+0000][1][safepoint    ] Safepoint "RevokeBias", Time since last: 56800 ns, Reaching safepoint: 224100 ns, At safepoint: 78600 ns, Total: 302700 ns
[2020-04-26T17:15:07.200+0000][1][safepoint    ] Safepoint "RevokeBias", Time since last: 204700 ns, Reaching safepoint: 186500 ns, At safepoint: 63600 ns, Total: 250100 ns
[2020-04-26T17:15:08.201+0000][1][safepoint    ] Safepoint "Cleanup", Time since last: 1000466300 ns, Reaching safepoint: 152500 ns, At safepoint: 39600 ns, Total: 192100 ns
[2020-04-26T17:15:09.202+0000][1][safepoint    ] Safepoint "Cleanup", Time since last: 1000175900 ns, Reaching safepoint: 316300 ns, At safepoint: 88600 ns, Total: 404900 ns
[2020-04-26T17:15:10.202+0000][1][safepoint    ] Safepoint "Cleanup", Time since last: 1000188100 ns, Reaching safepoint: 139600 ns, At safepoint: 29500 ns, Total: 169100 ns
[2020-04-26T17:15:11.202+0000][1][safepoint    ] Safepoint "Cleanup", Time since last: 1000168900 ns, Reaching safepoint: 203000 ns, At safepoint: 25500 ns, Total: 228500 ns
[2020-04-26T17:15:12.203+0000][1][safepoint    ] Safepoint "Cleanup", Time since last: 1000395000 ns, Reaching safepoint: 463100 ns, At safepoint: 131000 ns, Total: 594100 ns
[2020-04-26T17:15:13.205+0000][1][safepoint    ] Safepoint "Cleanup", Time since last: 1000572400 ns, Reaching safepoint: 491300 ns, At safepoint: 133500 ns, Total: 624800 ns
[2020-04-26T17:15:14.205+0000][1][safepoint    ] Safepoint "Cleanup", Time since last: 1000248700 ns, Reaching safepoint: 130100 ns, At safepoint: 28100 ns, Total: 158200 ns
[2020-04-26T17:15:15.205+0000][1][safepoint    ] Safepoint "Cleanup", Time since last: 1000200700 ns, Reaching safepoint: 125700 ns, At safepoint: 42000 ns, Total: 167700 ns
[2020-04-26T17:15:16.207+0000][1][safepoint    ] Safepoint "Cleanup", Time since last: 1000310700 ns, Reaching safepoint: 510000 ns, At safepoint: 306000 ns, Total: 816000 ns
[2020-04-26T17:15:17.208+0000][1][safepoint    ] Safepoint "Cleanup", Time since last: 1000519100 ns, Reaching safepoint: 626500 ns, At safepoint: 207100 ns, Total: 833600 ns
[2020-04-26T17:15:18.209+0000][1][safepoint    ] Safepoint "Cleanup", Time since last: 1000436100 ns, Reaching safepoint: 420700 ns, At safepoint: 128400 ns, Total: 549100 ns
[2020-04-26T17:15:19.209+0000][1][safepoint    ] Safepoint "Cleanup", Time since last: 1000178500 ns, Reaching safepoint: 134600 ns, At safepoint: 44900 ns, Total: 179500 ns
[2020-04-26T17:15:20.210+0000][1][safepoint    ] Safepoint "Cleanup", Time since last: 1000457200 ns, Reaching safepoint: 381100 ns, At safepoint: 112200 ns, Total: 493300 ns
[2020-04-26T17:15:21.211+0000][1][safepoint    ] Safepoint "Cleanup", Time since last: 1000334500 ns, Reaching safepoint: 508600 ns, At safepoint: 201900 ns, Total: 710500 ns
[2020-04-26T17:15:22.212+0000][1][safepoint    ] Safepoint "Cleanup", Time since last: 1000359400 ns, Reaching safepoint: 515600 ns, At safepoint: 132300 ns, Total: 647900 ns
[2020-04-26T17:15:23.213+0000][1][safepoint    ] Safepoint "Cleanup", Time since last: 1000391800 ns, Reaching safepoint: 428000 ns, At safepoint: 207100 ns, Total: 635100 ns
[2020-04-26T17:15:24.214+0000][1][safepoint    ] Safepoint "Cleanup", Time since last: 1000531200 ns, Reaching safepoint: 550500 ns, At safepoint: 133900 ns, Total: 684400 ns
[2020-04-26T17:15:25.215+0000][1][safepoint    ] Safepoint "Cleanup", Time since last: 1000342400 ns, Reaching safepoint: 503100 ns, At safepoint: 182700 ns, Total: 685800 ns
[2020-04-26T17:15:26.217+0000][1][safepoint    ] Safepoint "Cleanup", Time since last: 1000619600 ns, Reaching safepoint: 427000 ns, At safepoint: 132800 ns, Total: 559800 ns
[2020-04-26T17:15:27.218+0000][1][safepoint    ] Safepoint "Cleanup", Time since last: 1000388200 ns, Reaching safepoint: 426900 ns, At safepoint: 133900 ns, Total: 560800 ns
[2020-04-26T17:15:28.219+0000][1][safepoint    ] Safepoint "Cleanup", Time since last: 1000689600 ns, Reaching safepoint: 428700 ns, At safepoint: 132700 ns, Total: 561400 ns
[2020-04-26T17:15:29.220+0000][1][safepoint    ] Safepoint "Cleanup", Time since last: 1000326100 ns, Reaching safepoint: 528600 ns, At safepoint: 135300 ns, Total: 663900 ns
[2020-04-26T17:15:30.221+0000][1][safepoint    ] Safepoint "Cleanup", Time since last: 1000326200 ns, Reaching safepoint: 433400 ns, At safepoint: 142300 ns, Total: 575700 ns
[2020-04-26T17:15:31.222+0000][1][safepoint    ] Safepoint "Cleanup", Time since last: 1000459500 ns, Reaching safepoint: 431700 ns, At safepoint: 131100 ns, Total: 562800 ns
[2020-04-26T17:15:32.223+0000][1][safepoint    ] Safepoint "Cleanup", Time since last: 1000361400 ns, Reaching safepoint: 510200 ns, At safepoint: 133000 ns, Total: 643200 ns
[2020-04-26T17:15:33.224+0000][1][safepoint    ] Safepoint "Cleanup", Time since last: 1000497700 ns, Reaching safepoint: 221300 ns, At safepoint: 48800 ns, Total: 270100 ns
[2020-04-26T17:15:34.225+0000][1][safepoint    ] Safepoint "Cleanup", Time since last: 1000535900 ns, Reaching safepoint: 496900 ns, At safepoint: 134300 ns, Total: 631200 ns
[2020-04-26T17:15:35.226+0000][1][safepoint    ] Safepoint "Cleanup", Time since last: 1000596600 ns, Reaching safepoint: 426000 ns, At safepoint: 137800 ns, Total: 563800 ns
[2020-04-26T17:15:36.226+0000][1][safepoint    ] Safepoint "Cleanup", Time since last: 1000370400 ns, Reaching safepoint: 139200 ns, At safepoint: 32700 ns, Total: 171900 ns
[2020-04-26T17:15:37.227+0000][1][safepoint    ] Safepoint "Cleanup", Time since last: 1000334100 ns, Reaching safepoint: 173800 ns, At safepoint: 45600 ns, Total: 219400 ns
[2020-04-26T17:15:38.228+0000][1][safepoint    ] Safepoint "Cleanup", Time since last: 1000241400 ns, Reaching safepoint: 238900 ns, At safepoint: 69100 ns, Total: 308000 ns
[2020-04-26T17:15:39.228+0000][1][safepoint    ] Safepoint "Cleanup", Time since last: 1000319100 ns, Reaching safepoint: 447500 ns, At safepoint: 165000 ns, Total: 612500 ns
[2020-04-26T17:15:40.229+0000][1][safepoint    ] Safepoint "Cleanup", Time since last: 1000368700 ns, Reaching safepoint: 248900 ns, At safepoint: 47000 ns, Total: 295900 ns
[2020-04-26T17:15:41.229+0000][1][safepoint    ] Safepoint "Cleanup", Time since last: 1000222900 ns, Reaching safepoint: 133500 ns, At safepoint: 31900 ns, Total: 165400 ns
[2020-04-26T17:15:42.230+0000][1][safepoint    ] Safepoint "Cleanup", Time since last: 1000391200 ns, Reaching safepoint: 191700 ns, At safepoint: 46000 ns, Total: 237700 ns
[2020-04-26T17:15:43.231+0000][1][safepoint    ] Safepoint "Cleanup", Time since last: 1000286300 ns, Reaching safepoint: 150200 ns, At safepoint: 35900 ns, Total: 186100 ns
[2020-04-26T17:15:44.228+0000][1][gc,start     ] GC(42) Pause Young (Allocation Failure)
[2020-04-26T17:15:44.228+0000][1][gc,task      ] GC(42) Using 10 workers of 10 for evacuation
[2020-04-26T17:15:44.236+0000][1][gc,age       ] GC(42) Desired survivor size 8945664 bytes, new threshold 6 (max threshold 6)
[2020-04-26T17:15:44.236+0000][1][gc,age       ] GC(42) Age table with threshold 6 (max threshold 6)
[2020-04-26T17:15:44.236+0000][1][gc,age       ] GC(42) - age   1:     137096 bytes,     137096 total
[2020-04-26T17:15:44.236+0000][1][gc,age       ] GC(42) - age   2:      49064 bytes,     186160 total
[2020-04-26T17:15:44.236+0000][1][gc,age       ] GC(42) - age   3:      51064 bytes,     237224 total
[2020-04-26T17:15:44.236+0000][1][gc,age       ] GC(42) - age   4:       9896 bytes,     247120 total
[2020-04-26T17:15:44.236+0000][1][gc,age       ] GC(42) - age   5:       8528 bytes,     255648 total
[2020-04-26T17:15:44.236+0000][1][gc,age       ] GC(42) - age   6:       2320 bytes,     257968 total
[2020-04-26T17:15:44.236+0000][1][gc,heap      ] GC(42) ParNew: 140031K->312K(157248K)
[2020-04-26T17:15:44.236+0000][1][gc,heap      ] GC(42) CMS: 79645K->79656K(349568K)
[2020-04-26T17:15:44.236+0000][1][gc,metaspace ] GC(42) Metaspace: 96907K->96907K(1138688K)
[2020-04-26T17:15:44.236+0000][1][gc           ] GC(42) Pause Young (Allocation Failure) 214M->78M(494M) 8.502ms
[2020-04-26T17:15:44.236+0000][1][gc,cpu       ] GC(42) User=0.02s Sys=0.01s Real=0.01s
[2020-04-26T17:15:44.236+0000][1][safepoint    ] Safepoint "GenCollectForAllocation", Time since last: 996435900 ns, Reaching safepoint: 506800 ns, At safepoint: 8830600 ns, Total: 9337400 ns
[2020-04-26T17:15:45.238+0000][1][safepoint    ] Safepoint "Cleanup", Time since last: 1000648300 ns, Reaching safepoint: 449900 ns, At safepoint: 135500 ns, Total: 585400 ns
[2020-04-26T17:15:46.239+0000][1][safepoint    ] Safepoint "Cleanup", Time since last: 1000568300 ns, Reaching safepoint: 469000 ns, At safepoint: 143100 ns, Total: 612100 ns
[2020-04-26T17:15:47.240+0000][1][safepoint    ] Safepoint "Cleanup", Time since last: 1000545100 ns, Reaching safepoint: 432600 ns, At safepoint: 137300 ns, Total: 569900 ns
[2020-04-26T17:15:48.241+0000][1][safepoint    ] Safepoint "Cleanup", Time since last: 1000467800 ns, Reaching safepoint: 453600 ns, At safepoint: 132500 ns, Total: 586100 ns
[2020-04-26T17:15:49.242+0000][1][safepoint    ] Safepoint "Cleanup", Time since last: 1000299700 ns, Reaching safepoint: 515000 ns, At safepoint: 109800 ns, Total: 624800 ns
[2020-04-26T17:15:50.243+0000][1][safepoint    ] Safepoint "Cleanup", Time since last: 1000634100 ns, Reaching safepoint: 221200 ns, At safepoint: 61000 ns, Total: 282200 ns
[2020-04-26T17:15:51.244+0000][1][safepoint    ] Safepoint "Cleanup", Time since last: 1000565300 ns, Reaching safepoint: 179600 ns, At safepoint: 47000 ns, Total: 226600 ns
[2020-04-26T17:15:52.244+0000][1][safepoint    ] Safepoint "Cleanup", Time since last: 1000201100 ns, Reaching safepoint: 151000 ns, At safepoint: 28700 ns, Total: 179700 ns
[2020-04-26T17:15:53.245+0000][1][safepoint    ] Safepoint "Cleanup", Time since last: 1000603300 ns, Reaching safepoint: 476100 ns, At safepoint: 131800 ns, Total: 607900 ns
[2020-04-26T17:15:54.246+0000][1][safepoint    ] Safepoint "Cleanup", Time since last: 1000246200 ns, Reaching safepoint: 287400 ns, At safepoint: 67300 ns, Total: 354700 ns
[2020-04-26T17:15:55.246+0000][1][safepoint    ] Safepoint "Cleanup", Time since last: 1000157100 ns, Reaching safepoint: 127400 ns, At safepoint: 29200 ns, Total: 156600 ns
[2020-04-26T17:15:56.246+0000][1][safepoint    ] Safepoint "Cleanup", Time since last: 1000150700 ns, Reaching safepoint: 146300 ns, At safepoint: 35500 ns, Total: 181800 ns
[2020-04-26T17:15:57.247+0000][1][safepoint    ] Safepoint "Cleanup", Time since last: 1000170800 ns, Reaching safepoint: 183800 ns, At safepoint: 40700 ns, Total: 224500 ns
[2020-04-26T17:15:59.018+0000][1][safepoint    ] Safepoint "Cleanup", Time since last: 1771314500 ns, Reaching safepoint: 221600 ns, At safepoint: 61200 ns, Total: 282800 ns
[2020-04-26T17:16:00.019+0000][1][safepoint    ] Safepoint "Cleanup", Time since last: 1000310000 ns, Reaching safepoint: 144600 ns, At safepoint: 28000 ns, Total: 172600 ns
[2020-04-26T17:16:01.020+0000][1][safepoint    ] Safepoint "Cleanup", Time since last: 1000362000 ns, Reaching safepoint: 451000 ns, At safepoint: 138500 ns, Total: 589500 ns
[2020-04-26T17:16:02.021+0000][1][safepoint    ] Safepoint "Cleanup", Time since last: 1000304000 ns, Reaching safepoint: 298500 ns, At safepoint: 84100 ns, Total: 382600 ns
[2020-04-26T17:16:03.021+0000][1][safepoint    ] Safepoint "Cleanup", Time since last: 1000473800 ns, Reaching safepoint: 259600 ns, At safepoint: 73200 ns, Total: 332800 ns
[2020-04-26T17:16:04.023+0000][1][safepoint    ] Safepoint "Cleanup", Time since last: 1000618400 ns, Reaching safepoint: 438600 ns, At safepoint: 187800 ns, Total: 626400 ns
[2020-04-26T17:16:05.024+0000][1][safepoint    ] Safepoint "Cleanup", Time since last: 1000437000 ns, Reaching safepoint: 432000 ns, At safepoint: 129400 ns, Total: 561400 ns
[2020-04-26T17:16:06.024+0000][1][safepoint    ] Safepoint "Cleanup", Time since last: 1000291000 ns, Reaching safepoint: 127200 ns, At safepoint: 30500 ns, Total: 157700 ns
[2020-04-26T17:16:07.024+0000][1][safepoint    ] Safepoint "Cleanup", Time since last: 1000168700 ns, Reaching safepoint: 197700 ns, At safepoint: 53700 ns, Total: 251400 ns
[2020-04-26T17:16:08.025+0000][1][safepoint    ] Safepoint "Cleanup", Time since last: 1000121900 ns, Reaching safepoint: 172700 ns, At safepoint: 25300 ns, Total: 198000 ns
[2020-04-26T17:16:09.026+0000][1][safepoint    ] Safepoint "Cleanup", Time since last: 1000582000 ns, Reaching safepoint: 431200 ns, At safepoint: 140200 ns, Total: 571400 ns
[2020-04-26T17:16:09.142+0000][1][safepoint    ] Safepoint "RevokeBias", Time since last: 115985200 ns, Reaching safepoint: 126900 ns, At safepoint: 39600 ns, Total: 166500 ns
[2020-04-26T17:16:09.143+0000][1][safepoint    ] Safepoint "RevokeBias", Time since last: 570300 ns, Reaching safepoint: 213300 ns, At safepoint: 62700 ns, Total: 276000 ns
[2020-04-26T17:16:09.143+0000][1][safepoint    ] Safepoint "RevokeBias", Time since last: 72900 ns, Reaching safepoint: 167500 ns, At safepoint: 107700 ns, Total: 275200 ns
[2020-04-26T17:16:09.147+0000][1][safepoint    ] Safepoint "RevokeBias", Time since last: 3275500 ns, Reaching safepoint: 108100 ns, At safepoint: 58300 ns, Total: 166400 ns
[2020-04-26T17:16:09.147+0000][1][safepoint    ] Safepoint "RevokeBias", Time since last: 268400 ns, Reaching safepoint: 171700 ns, At safepoint: 60300 ns, Total: 232000 ns
[2020-04-26T17:16:09.249+0000][1][safepoint    ] Safepoint "RevokeBias", Time since last: 101130200 ns, Reaching safepoint: 217400 ns, At safepoint: 79600 ns, Total: 297000 ns
[2020-04-26T17:16:10.250+0000][1][safepoint    ] Safepoint "Cleanup", Time since last: 1000445000 ns, Reaching safepoint: 530700 ns, At safepoint: 139100 ns, Total: 669800 ns
[2020-04-26T17:16:11.250+0000][1][safepoint    ] Safepoint "Cleanup", Time since last: 1000358300 ns, Reaching safepoint: 286400 ns, At safepoint: 66900 ns, Total: 353300 ns
[2020-04-26T17:16:12.251+0000][1][safepoint    ] Safepoint "Cleanup", Time since last: 1000241300 ns, Reaching safepoint: 328500 ns, At safepoint: 45700 ns, Total: 374200 ns
[2020-04-26T17:16:13.252+0000][1][safepoint    ] Safepoint "Cleanup", Time since last: 1000550700 ns, Reaching safepoint: 602000 ns, At safepoint: 145400 ns, Total: 747400 ns
[2020-04-26T17:16:14.253+0000][1][safepoint    ] Safepoint "Cleanup", Time since last: 1000423300 ns, Reaching safepoint: 502300 ns, At safepoint: 132800 ns, Total: 635100 ns
[2020-04-26T17:16:15.254+0000][1][safepoint    ] Safepoint "Cleanup", Time since last: 1000214800 ns, Reaching safepoint: 141600 ns, At safepoint: 27600 ns, Total: 169200 ns
[2020-04-26T17:16:16.255+0000][1][safepoint    ] Safepoint "Cleanup", Time since last: 1000504000 ns, Reaching safepoint: 449500 ns, At safepoint: 112800 ns, Total: 562300 ns
[2020-04-26T17:16:17.256+0000][1][safepoint    ] Safepoint "Cleanup", Time since last: 1000518700 ns, Reaching safepoint: 427100 ns, At safepoint: 131400 ns, Total: 558500 ns
[2020-04-26T17:16:18.257+0000][1][safepoint    ] Safepoint "Cleanup", Time since last: 1000343500 ns, Reaching safepoint: 275900 ns, At safepoint: 71100 ns, Total: 347000 ns
[2020-04-26T17:16:19.257+0000][1][safepoint    ] Safepoint "Cleanup", Time since last: 1000189000 ns, Reaching safepoint: 134200 ns, At safepoint: 30900 ns, Total: 165100 ns
[2020-04-26T17:16:20.258+0000][1][safepoint    ] Safepoint "Cleanup", Time since last: 1000291500 ns, Reaching safepoint: 157500 ns, At safepoint: 39700 ns, Total: 197200 ns
[2020-04-26T17:16:21.258+0000][1][safepoint    ] Safepoint "Cleanup", Time since last: 1000342500 ns, Reaching safepoint: 457500 ns, At safepoint: 131500 ns, Total: 589000 ns
[2020-04-26T17:16:22.260+0000][1][safepoint    ] Safepoint "Cleanup", Time since last: 1000630500 ns, Reaching safepoint: 436500 ns, At safepoint: 135400 ns, Total: 571900 ns
[2020-04-26T17:16:23.261+0000][1][safepoint    ] Safepoint "Cleanup", Time since last: 1000654100 ns, Reaching safepoint: 517300 ns, At safepoint: 133800 ns, Total: 651100 ns
[2020-04-26T17:16:24.261+0000][1][safepoint    ] Safepoint "Cleanup", Time since last: 1000319300 ns, Reaching safepoint: 173000 ns, At safepoint: 42000 ns, Total: 215000 ns
[2020-04-26T17:16:25.262+0000][1][safepoint    ] Safepoint "Cleanup", Time since last: 1000422300 ns, Reaching safepoint: 260000 ns, At safepoint: 67300 ns, Total: 327300 ns
[2020-04-26T17:16:26.263+0000][1][safepoint    ] Safepoint "Cleanup", Time since last: 1000637400 ns, Reaching safepoint: 304500 ns, At safepoint: 61800 ns, Total: 366300 ns
[2020-04-26T17:16:27.264+0000][1][safepoint    ] Safepoint "Cleanup", Time since last: 1000223100 ns, Reaching safepoint: 220700 ns, At safepoint: 66700 ns, Total: 287400 ns
[2020-04-26T17:16:28.265+0000][1][safepoint    ] Safepoint "Cleanup", Time since last: 1000324000 ns, Reaching safepoint: 419400 ns, At safepoint: 124200 ns, Total: 543600 ns
[2020-04-26T17:16:29.265+0000][1][safepoint    ] Safepoint "Cleanup", Time since last: 1000469800 ns, Reaching safepoint: 245300 ns, At safepoint: 73500 ns, Total: 318800 ns
[2020-04-26T17:16:30.266+0000][1][safepoint    ] Safepoint "Cleanup", Time since last: 1000571200 ns, Reaching safepoint: 132400 ns, At safepoint: 30900 ns, Total: 163300 ns
[2020-04-26T17:16:31.267+0000][1][safepoint    ] Safepoint "Cleanup", Time since last: 1000323300 ns, Reaching safepoint: 496100 ns, At safepoint: 130700 ns, Total: 626800 ns
[2020-04-26T17:16:32.268+0000][1][safepoint    ] Safepoint "Cleanup", Time since last: 1000689100 ns, Reaching safepoint: 450700 ns, At safepoint: 137300 ns, Total: 588000 ns
[2020-04-26T17:16:33.269+0000][1][safepoint    ] Safepoint "Cleanup", Time since last: 1000232600 ns, Reaching safepoint: 152300 ns, At safepoint: 27300 ns, Total: 179600 ns
[2020-04-26T17:16:34.270+0000][1][safepoint    ] Safepoint "Cleanup", Time since last: 1000665800 ns, Reaching safepoint: 439600 ns, At safepoint: 134000 ns, Total: 573600 ns
[2020-04-26T17:16:35.271+0000][1][safepoint    ] Safepoint "Cleanup", Time since last: 1000804900 ns, Reaching safepoint: 428800 ns, At safepoint: 133100 ns, Total: 561900 ns
[2020-04-26T17:16:36.273+0000][1][safepoint    ] Safepoint "Cleanup", Time since last: 1000573000 ns, Reaching safepoint: 457500 ns, At safepoint: 248000 ns, Total: 705500 ns
[2020-04-26T17:16:37.274+0000][1][safepoint    ] Safepoint "Cleanup", Time since last: 1000359500 ns, Reaching safepoint: 509200 ns, At safepoint: 130400 ns, Total: 639600 ns
[2020-04-26T17:16:38.275+0000][1][safepoint    ] Safepoint "Cleanup", Time since last: 1000718700 ns, Reaching safepoint: 428700 ns, At safepoint: 135800 ns, Total: 564500 ns
[2020-04-26T17:16:39.276+0000][1][safepoint    ] Safepoint "Cleanup", Time since last: 1000257300 ns, Reaching safepoint: 255600 ns, At safepoint: 74100 ns, Total: 329700 ns
[2020-04-26T17:16:40.277+0000][1][safepoint    ] Safepoint "Cleanup", Time since last: 1000554600 ns, Reaching safepoint: 507900 ns, At safepoint: 133200 ns, Total: 641100 ns
[2020-04-26T17:16:41.278+0000][1][safepoint    ] Safepoint "Cleanup", Time since last: 1000723200 ns, Reaching safepoint: 498500 ns, At safepoint: 136900 ns, Total: 635400 ns
[2020-04-26T17:16:42.279+0000][1][safepoint    ] Safepoint "Cleanup", Time since last: 1000260900 ns, Reaching safepoint: 174100 ns, At safepoint: 48600 ns, Total: 222700 ns
[2020-04-26T17:16:43.279+0000][1][safepoint    ] Safepoint "Cleanup", Time since last: 1000375600 ns, Reaching safepoint: 275300 ns, At safepoint: 77900 ns, Total: 353200 ns
[2020-04-26T17:16:44.280+0000][1][safepoint    ] Safepoint "Cleanup", Time since last: 1000508900 ns, Reaching safepoint: 422600 ns, At safepoint: 131600 ns, Total: 554200 ns
[2020-04-26T17:16:45.281+0000][1][safepoint    ] Safepoint "Cleanup", Time since last: 1000233200 ns, Reaching safepoint: 133600 ns, At safepoint: 32100 ns, Total: 165700 ns
[2020-04-26T17:16:46.281+0000][1][safepoint    ] Safepoint "Cleanup", Time since last: 1000161600 ns, Reaching safepoint: 135100 ns, At safepoint: 31200 ns, Total: 166300 ns
[2020-04-26T17:16:47.282+0000][1][safepoint    ] Safepoint "Cleanup", Time since last: 1000257100 ns, Reaching safepoint: 297000 ns, At safepoint: 70500 ns, Total: 367500 ns
[2020-04-26T17:16:48.282+0000][1][safepoint    ] Safepoint "Cleanup", Time since last: 1000207900 ns, Reaching safepoint: 148300 ns, At safepoint: 37800 ns, Total: 186100 ns
[2020-04-26T17:16:49.283+0000][1][safepoint    ] Safepoint "Cleanup", Time since last: 1000449100 ns, Reaching safepoint: 169400 ns, At safepoint: 45900 ns, Total: 215300 ns
[2020-04-26T17:16:50.220+0000][1][safepoint    ] Safepoint "BulkRevokeBias", Time since last: 936657000 ns, Reaching safepoint: 128400 ns, At safepoint: 500300 ns, Total: 628700 ns
[2020-04-26T17:16:51.221+0000][1][safepoint    ] Safepoint "Cleanup", Time since last: 1000440200 ns, Reaching safepoint: 251500 ns, At safepoint: 72600 ns, Total: 324100 ns
[2020-04-26T17:16:52.222+0000][1][safepoint    ] Safepoint "Cleanup", Time since last: 1000526700 ns, Reaching safepoint: 252100 ns, At safepoint: 77800 ns, Total: 329900 ns
[2020-04-26T17:16:53.222+0000][1][safepoint    ] Safepoint "Cleanup", Time since last: 1000412800 ns, Reaching safepoint: 135100 ns, At safepoint: 31600 ns, Total: 166700 ns
[2020-04-26T17:16:54.223+0000][1][safepoint    ] Safepoint "Cleanup", Time since last: 1000330100 ns, Reaching safepoint: 428600 ns, At safepoint: 145200 ns, Total: 573800 ns
[2020-04-26T17:16:55.224+0000][1][safepoint    ] Safepoint "Cleanup", Time since last: 1000566000 ns, Reaching safepoint: 162700 ns, At safepoint: 41600 ns, Total: 204300 ns
[2020-04-26T17:16:56.225+0000][1][safepoint    ] Safepoint "Cleanup", Time since last: 1000309700 ns, Reaching safepoint: 448300 ns, At safepoint: 183100 ns, Total: 631400 ns
[2020-04-26T17:16:56.842+0000][1][safepoint    ] Safepoint "RevokeBias", Time since last: 617338700 ns, Reaching safepoint: 141200 ns, At safepoint: 37500 ns, Total: 178700 ns
[2020-04-26T17:16:57.843+0000][1][safepoint    ] Safepoint "Cleanup", Time since last: 1000549800 ns, Reaching safepoint: 142000 ns, At safepoint: 38200 ns, Total: 180200 ns
[2020-04-26T17:16:58.844+0000][1][safepoint    ] Safepoint "Cleanup", Time since last: 1000319200 ns, Reaching safepoint: 510400 ns, At safepoint: 131100 ns, Total: 641500 ns
[2020-04-26T17:16:59.845+0000][1][safepoint    ] Safepoint "Cleanup", Time since last: 1000306500 ns, Reaching safepoint: 151800 ns, At safepoint: 35900 ns, Total: 187700 ns
[2020-04-26T17:17:00.846+0000][1][safepoint    ] Safepoint "Cleanup", Time since last: 1000513700 ns, Reaching safepoint: 334000 ns, At safepoint: 98500 ns, Total: 432500 ns
[2020-04-26T17:17:01.847+0000][1][safepoint    ] Safepoint "Cleanup", Time since last: 1000442200 ns, Reaching safepoint: 462100 ns, At safepoint: 144200 ns, Total: 606300 ns
[2020-04-26T17:17:02.848+0000][1][safepoint    ] Safepoint "Cleanup", Time since last: 1000425900 ns, Reaching safepoint: 434700 ns, At safepoint: 150100 ns, Total: 584800 ns
[2020-04-26T17:17:03.848+0000][1][safepoint    ] Safepoint "Cleanup", Time since last: 1000199900 ns, Reaching safepoint: 143700 ns, At safepoint: 30400 ns, Total: 174100 ns
[2020-04-26T17:17:04.849+0000][1][safepoint    ] Safepoint "Cleanup", Time since last: 1000567100 ns, Reaching safepoint: 433300 ns, At safepoint: 131000 ns, Total: 564300 ns
[2020-04-26T17:17:05.850+0000][1][safepoint    ] Safepoint "Cleanup", Time since last: 1000413800 ns, Reaching safepoint: 181400 ns, At safepoint: 35800 ns, Total: 217200 ns
[2020-04-26T17:17:06.851+0000][1][safepoint    ] Safepoint "Cleanup", Time since last: 1000520800 ns, Reaching safepoint: 431100 ns, At safepoint: 207800 ns, Total: 638900 ns
[2020-04-26T17:17:07.852+0000][1][safepoint    ] Safepoint "Cleanup", Time since last: 1000538500 ns, Reaching safepoint: 133700 ns, At safepoint: 31100 ns, Total: 164800 ns
[2020-04-26T17:17:08.853+0000][1][safepoint    ] Safepoint "Cleanup", Time since last: 1000308900 ns, Reaching safepoint: 505900 ns, At safepoint: 178500 ns, Total: 684400 ns
[2020-04-26T17:17:09.853+0000][1][safepoint    ] Safepoint "Cleanup", Time since last: 1000328500 ns, Reaching safepoint: 175400 ns, At safepoint: 41800 ns, Total: 217200 ns
[2020-04-26T17:17:10.854+0000][1][safepoint    ] Safepoint "Cleanup", Time since last: 1000396000 ns, Reaching safepoint: 440300 ns, At safepoint: 283600 ns, Total: 723900 ns
[2020-04-26T17:17:11.146+0000][1][safepoint    ] Safepoint "RevokeBias", Time since last: 291396400 ns, Reaching safepoint: 129500 ns, At safepoint: 68300 ns, Total: 197800 ns
[2020-04-26T17:17:11.146+0000][1][safepoint    ] Safepoint "RevokeBias", Time since last: 178300 ns, Reaching safepoint: 175100 ns, At safepoint: 49600 ns, Total: 224700 ns
[2020-04-26T17:17:11.150+0000][1][safepoint    ] Safepoint "RevokeBias", Time since last: 3566300 ns, Reaching safepoint: 216900 ns, At safepoint: 128900 ns, Total: 345800 ns
[2020-04-26T17:17:11.151+0000][1][safepoint    ] Safepoint "RevokeBias", Time since last: 207200 ns, Reaching safepoint: 164900 ns, At safepoint: 70000 ns, Total: 234900 ns
[2020-04-26T17:17:11.151+0000][1][safepoint    ] Safepoint "RevokeBias", Time since last: 189600 ns, Reaching safepoint: 159000 ns, At safepoint: 123900 ns, Total: 282900 ns
[2020-04-26T17:17:12.152+0000][1][safepoint    ] Safepoint "Cleanup", Time since last: 1000482400 ns, Reaching safepoint: 176200 ns, At safepoint: 42000 ns, Total: 218200 ns
[2020-04-26T17:17:13.153+0000][1][safepoint    ] Safepoint "Cleanup", Time since last: 1000310800 ns, Reaching safepoint: 513000 ns, At safepoint: 107800 ns, Total: 620800 ns
[2020-04-26T17:17:14.153+0000][1][safepoint    ] Safepoint "Cleanup", Time since last: 1000151100 ns, Reaching safepoint: 127200 ns, At safepoint: 30300 ns, Total: 157500 ns
[2020-04-26T17:17:15.154+0000][1][safepoint    ] Safepoint "Cleanup", Time since last: 1000477800 ns, Reaching safepoint: 131400 ns, At safepoint: 30000 ns, Total: 161400 ns
[2020-04-26T17:17:16.155+0000][1][safepoint    ] Safepoint "Cleanup", Time since last: 1000316900 ns, Reaching safepoint: 443200 ns, At safepoint: 134600 ns, Total: 577800 ns
[2020-04-26T17:17:17.155+0000][1][safepoint    ] Safepoint "Cleanup", Time since last: 1000505500 ns, Reaching safepoint: 360100 ns, At safepoint: 92800 ns, Total: 452900 ns
[2020-04-26T17:17:18.156+0000][1][safepoint    ] Safepoint "Cleanup", Time since last: 1000280200 ns, Reaching safepoint: 330500 ns, At safepoint: 36400 ns, Total: 366900 ns
[2020-04-26T17:17:19.157+0000][1][safepoint    ] Safepoint "Cleanup", Time since last: 1000349400 ns, Reaching safepoint: 457400 ns, At safepoint: 310900 ns, Total: 768300 ns
[2020-04-26T17:17:20.158+0000][1][safepoint    ] Safepoint "Cleanup", Time since last: 1000213400 ns, Reaching safepoint: 129000 ns, At safepoint: 26600 ns, Total: 155600 ns
[2020-04-26T17:17:20.576+0000][1][safepoint    ] Safepoint "RevokeBias", Time since last: 418564500 ns, Reaching safepoint: 130900 ns, At safepoint: 59200 ns, Total: 190100 ns
[2020-04-26T17:17:20.578+0000][1][safepoint    ] Safepoint "RevokeBias", Time since last: 1372600 ns, Reaching safepoint: 85000 ns, At safepoint: 35200 ns, Total: 120200 ns
[2020-04-26T17:17:20.578+0000][1][safepoint    ] Safepoint "RevokeBias", Time since last: 494900 ns, Reaching safepoint: 91400 ns, At safepoint: 34300 ns, Total: 125700 ns
[2020-04-26T17:17:20.579+0000][1][safepoint    ] Safepoint "RevokeBias", Time since last: 158900 ns, Reaching safepoint: 76700 ns, At safepoint: 33700 ns, Total: 110400 ns
[2020-04-26T17:17:20.606+0000][1][safepoint    ] Safepoint "RevokeBias", Time since last: 27025300 ns, Reaching safepoint: 134300 ns, At safepoint: 35800 ns, Total: 170100 ns
[2020-04-26T17:17:20.609+0000][1][safepoint    ] Safepoint "RevokeBias", Time since last: 2308200 ns, Reaching safepoint: 205600 ns, At safepoint: 91800 ns, Total: 297400 ns
[2020-04-26T17:17:20.620+0000][1][safepoint    ] Safepoint "RevokeBias", Time since last: 11559700 ns, Reaching safepoint: 118000 ns, At safepoint: 35500 ns, Total: 153500 ns
[2020-04-26T17:17:20.621+0000][1][safepoint    ] Safepoint "RevokeBias", Time since last: 191300 ns, Reaching safepoint: 81200 ns, At safepoint: 42200 ns, Total: 123400 ns
[2020-04-26T17:17:20.621+0000][1][safepoint    ] Safepoint "RevokeBias", Time since last: 124200 ns, Reaching safepoint: 69700 ns, At safepoint: 28600 ns, Total: 98300 ns
[2020-04-26T17:17:20.621+0000][1][safepoint    ] Safepoint "RevokeBias", Time since last: 129800 ns, Reaching safepoint: 66900 ns, At safepoint: 28200 ns, Total: 95100 ns
[2020-04-26T17:17:20.621+0000][1][safepoint    ] Safepoint "RevokeBias", Time since last: 152000 ns, Reaching safepoint: 66500 ns, At safepoint: 27700 ns, Total: 94200 ns
[2020-04-26T17:17:20.631+0000][1][safepoint    ] Safepoint "RevokeBias", Time since last: 9777900 ns, Reaching safepoint: 109500 ns, At safepoint: 49900 ns, Total: 159400 ns
[2020-04-26T17:17:20.644+0000][1][safepoint    ] Safepoint "RevokeBias", Time since last: 12145500 ns, Reaching safepoint: 294800 ns, At safepoint: 161300 ns, Total: 456100 ns
[2020-04-26T17:17:20.651+0000][1][safepoint    ] Safepoint "RevokeBias", Time since last: 6662800 ns, Reaching safepoint: 274000 ns, At safepoint: 127200 ns, Total: 401200 ns
[2020-04-26T17:17:20.652+0000][1][safepoint    ] Safepoint "RevokeBias", Time since last: 1265500 ns, Reaching safepoint: 128700 ns, At safepoint: 110900 ns, Total: 239600 ns
[2020-04-26T17:17:20.654+0000][1][safepoint    ] Safepoint "RevokeBias", Time since last: 1395300 ns, Reaching safepoint: 153000 ns, At safepoint: 43000 ns, Total: 196000 ns
[2020-04-26T17:17:20.654+0000][1][safepoint    ] Safepoint "RevokeBias", Time since last: 206400 ns, Reaching safepoint: 121700 ns, At safepoint: 41200 ns, Total: 162900 ns
[2020-04-26T17:17:20.655+0000][1][safepoint    ] Safepoint "RevokeBias", Time since last: 147100 ns, Reaching safepoint: 188100 ns, At safepoint: 27500 ns, Total: 215600 ns
[2020-04-26T17:17:20.655+0000][1][safepoint    ] Safepoint "RevokeBias", Time since last: 200400 ns, Reaching safepoint: 118600 ns, At safepoint: 42300 ns, Total: 160900 ns
[2020-04-26T17:17:20.692+0000][1][safepoint    ] Safepoint "RevokeBias", Time since last: 36382100 ns, Reaching safepoint: 135700 ns, At safepoint: 63400 ns, Total: 199100 ns
[2020-04-26T17:17:20.692+0000][1][safepoint    ] Safepoint "RevokeBias", Time since last: 171400 ns, Reaching safepoint: 177000 ns, At safepoint: 59500 ns, Total: 236500 ns
[2020-04-26T17:17:20.692+0000][1][safepoint    ] Safepoint "RevokeBias", Time since last: 84000 ns, Reaching safepoint: 71700 ns, At safepoint: 43900 ns, Total: 115600 ns
[2020-04-26T17:17:20.693+0000][1][safepoint    ] Safepoint "RevokeBias", Time since last: 277100 ns, Reaching safepoint: 98600 ns, At safepoint: 31500 ns, Total: 130100 ns
[2020-04-26T17:17:20.693+0000][1][safepoint    ] Safepoint "RevokeBias", Time since last: 125100 ns, Reaching safepoint: 69900 ns, At safepoint: 30000 ns, Total: 99900 ns
[2020-04-26T17:17:20.693+0000][1][safepoint    ] Safepoint "RevokeBias", Time since last: 126700 ns, Reaching safepoint: 69300 ns, At safepoint: 29200 ns, Total: 98500 ns
[2020-04-26T17:17:20.693+0000][1][safepoint    ] Safepoint "RevokeBias", Time since last: 148500 ns, Reaching safepoint: 69800 ns, At safepoint: 37900 ns, Total: 107700 ns
[2020-04-26T17:17:20.695+0000][1][safepoint    ] Safepoint "RevokeBias", Time since last: 1332000 ns, Reaching safepoint: 85100 ns, At safepoint: 50500 ns, Total: 135600 ns
[2020-04-26T17:17:20.703+0000][1][safepoint    ] Safepoint "RevokeBias", Time since last: 7974100 ns, Reaching safepoint: 132700 ns, At safepoint: 37400 ns, Total: 170100 ns
[2020-04-26T17:17:20.733+0000][1][safepoint    ] Safepoint "RevokeBias", Time since last: 30042800 ns, Reaching safepoint: 141400 ns, At safepoint: 46600 ns, Total: 188000 ns
[2020-04-26T17:17:20.734+0000][1][safepoint    ] Safepoint "RevokeBias", Time since last: 450100 ns, Reaching safepoint: 246300 ns, At safepoint: 94300 ns, Total: 340600 ns
[2020-04-26T17:17:20.745+0000][1][safepoint    ] Safepoint "RevokeBias", Time since last: 10059400 ns, Reaching safepoint: 307500 ns, At safepoint: 134500 ns, Total: 442000 ns
[2020-04-26T17:17:20.745+0000][1][safepoint    ] Safepoint "RevokeBias", Time since last: 230800 ns, Reaching safepoint: 249400 ns, At safepoint: 96000 ns, Total: 345400 ns
[2020-04-26T17:17:20.749+0000][1][safepoint    ] Safepoint "Deoptimize", Time since last: 2322900 ns, Reaching safepoint: 150200 ns, At safepoint: 953500 ns, Total: 1103700 ns
[2020-04-26T17:17:20.750+0000][1][safepoint    ] Safepoint "Deoptimize", Time since last: 576600 ns, Reaching safepoint: 169400 ns, At safepoint: 970600 ns, Total: 1140000 ns
[2020-04-26T17:17:20.764+0000][1][safepoint    ] Safepoint "RevokeBias", Time since last: 13344800 ns, Reaching safepoint: 141700 ns, At safepoint: 33500 ns, Total: 175200 ns
[2020-04-26T17:17:20.769+0000][1][safepoint    ] Safepoint "RevokeBias", Time since last: 5313700 ns, Reaching safepoint: 119500 ns, At safepoint: 33700 ns, Total: 153200 ns
[2020-04-26T17:17:20.769+0000][1][safepoint    ] Safepoint "RevokeBias", Time since last: 80800 ns, Reaching safepoint: 77700 ns, At safepoint: 30100 ns, Total: 107800 ns
[2020-04-26T17:17:20.888+0000][1][safepoint    ] Safepoint "RevokeBias", Time since last: 117673100 ns, Reaching safepoint: 327400 ns, At safepoint: 130000 ns, Total: 457400 ns
[2020-04-26T17:17:20.898+0000][1][safepoint    ] Safepoint "RevokeBias", Time since last: 9774500 ns, Reaching safepoint: 176600 ns, At safepoint: 59500 ns, Total: 236100 ns
[2020-04-26T17:17:20.898+0000][1][safepoint    ] Safepoint "RevokeBias", Time since last: 245900 ns, Reaching safepoint: 128100 ns, At safepoint: 54100 ns, Total: 182200 ns
[2020-04-26T17:17:20.898+0000][1][safepoint    ] Safepoint "RevokeBias", Time since last: 236200 ns, Reaching safepoint: 119200 ns, At safepoint: 54200 ns, Total: 173400 ns
[2020-04-26T17:17:20.899+0000][1][safepoint    ] Safepoint "RevokeBias", Time since last: 230600 ns, Reaching safepoint: 118900 ns, At safepoint: 53700 ns, Total: 172600 ns
[2020-04-26T17:17:20.899+0000][1][safepoint    ] Safepoint "RevokeBias", Time since last: 230200 ns, Reaching safepoint: 118800 ns, At safepoint: 53900 ns, Total: 172700 ns
[2020-04-26T17:17:20.900+0000][1][safepoint    ] Safepoint "RevokeBias", Time since last: 227300 ns, Reaching safepoint: 118600 ns, At safepoint: 58300 ns, Total: 176900 ns
[2020-04-26T17:17:20.900+0000][1][safepoint    ] Safepoint "RevokeBias", Time since last: 236100 ns, Reaching safepoint: 118900 ns, At safepoint: 53700 ns, Total: 172600 ns
[2020-04-26T17:17:20.900+0000][1][safepoint    ] Safepoint "RevokeBias", Time since last: 228900 ns, Reaching safepoint: 119200 ns, At safepoint: 53500 ns, Total: 172700 ns
[2020-04-26T17:17:20.901+0000][1][safepoint    ] Safepoint "RevokeBias", Time since last: 244200 ns, Reaching safepoint: 119600 ns, At safepoint: 53600 ns, Total: 173200 ns
[2020-04-26T17:17:20.901+0000][1][safepoint    ] Safepoint "RevokeBias", Time since last: 232600 ns, Reaching safepoint: 118600 ns, At safepoint: 53300 ns, Total: 171900 ns
[2020-04-26T17:17:20.902+0000][1][safepoint    ] Safepoint "RevokeBias", Time since last: 234300 ns, Reaching safepoint: 139300 ns, At safepoint: 61000 ns, Total: 200300 ns
[2020-04-26T17:17:20.943+0000][1][safepoint    ] Safepoint "RevokeBias", Time since last: 41097400 ns, Reaching safepoint: 128100 ns, At safepoint: 47800 ns, Total: 175900 ns
[2020-04-26T17:17:21.115+0000][1][safepoint    ] Safepoint "RevokeBias", Time since last: 171571800 ns, Reaching safepoint: 128900 ns, At safepoint: 43300 ns, Total: 172200 ns
[2020-04-26T17:17:21.116+0000][1][safepoint    ] Safepoint "RevokeBias", Time since last: 1403000 ns, Reaching safepoint: 81200 ns, At safepoint: 31700 ns, Total: 112900 ns
[2020-04-26T17:17:21.121+0000][1][safepoint    ] Safepoint "RevokeBias", Time since last: 4923900 ns, Reaching safepoint: 213000 ns, At safepoint: 84800 ns, Total: 297800 ns
[2020-04-26T17:17:21.155+0000][1][safepoint    ] Safepoint "RevokeBias", Time since last: 33570300 ns, Reaching safepoint: 169200 ns, At safepoint: 47800 ns, Total: 217000 ns
[2020-04-26T17:17:21.156+0000][1][safepoint    ] Safepoint "RevokeBias", Time since last: 207300 ns, Reaching safepoint: 91600 ns, At safepoint: 43300 ns, Total: 134900 ns
[2020-04-26T17:17:21.156+0000][1][safepoint    ] Safepoint "RevokeBias", Time since last: 181700 ns, Reaching safepoint: 84400 ns, At safepoint: 41900 ns, Total: 126300 ns
[2020-04-26T17:17:21.156+0000][1][safepoint    ] Safepoint "RevokeBias", Time since last: 198300 ns, Reaching safepoint: 82300 ns, At safepoint: 41700 ns, Total: 124000 ns
[2020-04-26T17:17:21.158+0000][1][safepoint    ] Safepoint "RevokeBias", Time since last: 1652800 ns, Reaching safepoint: 376700 ns, At safepoint: 156100 ns, Total: 532800 ns
[2020-04-26T17:17:21.196+0000][1][safepoint    ] Safepoint "RevokeBias", Time since last: 37374100 ns, Reaching safepoint: 201900 ns, At safepoint: 90300 ns, Total: 292200 ns
[2020-04-26T17:17:21.198+0000][1][safepoint    ] Safepoint "RevokeBias", Time since last: 1885100 ns, Reaching safepoint: 234700 ns, At safepoint: 150800 ns, Total: 385500 ns
[2020-04-26T17:17:21.200+0000][1][gc,start     ] GC(43) Pause Young (Allocation Failure)
[2020-04-26T17:17:21.200+0000][1][gc,task      ] GC(43) Using 10 workers of 10 for evacuation
[2020-04-26T17:17:21.204+0000][1][gc,age       ] GC(43) Desired survivor size 8945664 bytes, new threshold 6 (max threshold 6)
[2020-04-26T17:17:21.204+0000][1][gc,age       ] GC(43) Age table with threshold 6 (max threshold 6)
[2020-04-26T17:17:21.204+0000][1][gc,age       ] GC(43) - age   1:    1270760 bytes,    1270760 total
[2020-04-26T17:17:21.204+0000][1][gc,age       ] GC(43) - age   2:      70336 bytes,    1341096 total
[2020-04-26T17:17:21.204+0000][1][gc,age       ] GC(43) - age   3:      49000 bytes,    1390096 total
[2020-04-26T17:17:21.204+0000][1][gc,age       ] GC(43) - age   4:      47904 bytes,    1438000 total
[2020-04-26T17:17:21.204+0000][1][gc,age       ] GC(43) - age   5:       9896 bytes,    1447896 total
[2020-04-26T17:17:21.204+0000][1][gc,age       ] GC(43) - age   6:       8528 bytes,    1456424 total
[2020-04-26T17:17:21.204+0000][1][gc,heap      ] GC(43) ParNew: 140088K->1495K(157248K)
[2020-04-26T17:17:21.204+0000][1][gc,heap      ] GC(43) CMS: 79656K->79658K(349568K)
[2020-04-26T17:17:21.204+0000][1][gc,metaspace ] GC(43) Metaspace: 97243K->97243K(1138688K)
[2020-04-26T17:17:21.204+0000][1][gc           ] GC(43) Pause Young (Allocation Failure) 214M->79M(494M) 3.884ms
[2020-04-26T17:17:21.204+0000][1][gc,cpu       ] GC(43) User=0.01s Sys=0.00s Real=0.01s
[2020-04-26T17:17:21.204+0000][1][safepoint    ] Safepoint "GenCollectForAllocation", Time since last: 1392800 ns, Reaching safepoint: 124100 ns, At safepoint: 4011700 ns, Total: 4135800 ns
[2020-04-26T17:17:21.213+0000][1][safepoint    ] Safepoint "RevokeBias", Time since last: 9227800 ns, Reaching safepoint: 142500 ns, At safepoint: 77200 ns, Total: 219700 ns
[2020-04-26T17:17:21.214+0000][1][safepoint    ] Safepoint "RevokeBias", Time since last: 130900 ns, Reaching safepoint: 127700 ns, At safepoint: 132500 ns, Total: 260200 ns
[2020-04-26T17:17:21.232+0000][1][safepoint    ] Safepoint "RevokeBias", Time since last: 18399200 ns, Reaching safepoint: 226000 ns, At safepoint: 76800 ns, Total: 302800 ns
[2020-04-26T17:17:21.846+0000][1][safepoint    ] Safepoint "RevokeBias", Time since last: 613707700 ns, Reaching safepoint: 208000 ns, At safepoint: 52000 ns, Total: 260000 ns
[2020-04-26T17:17:21.847+0000][1][safepoint    ] Safepoint "RevokeBias", Time since last: 816600 ns, Reaching safepoint: 179900 ns, At safepoint: 77200 ns, Total: 257100 ns
[2020-04-26T17:17:22.198+0000][1][safepoint    ] Safepoint "RevokeBias", Time since last: 350623100 ns, Reaching safepoint: 129600 ns, At safepoint: 37400 ns, Total: 167000 ns
[2020-04-26T17:17:22.198+0000][1][safepoint    ] Safepoint "RevokeBias", Time since last: 167000 ns, Reaching safepoint: 75100 ns, At safepoint: 32900 ns, Total: 108000 ns
[2020-04-26T17:17:22.199+0000][1][safepoint    ] Safepoint "RevokeBias", Time since last: 154200 ns, Reaching safepoint: 68700 ns, At safepoint: 32200 ns, Total: 100900 ns
[2020-04-26T17:17:23.200+0000][1][safepoint    ] Safepoint "Cleanup", Time since last: 1000649800 ns, Reaching safepoint: 476900 ns, At safepoint: 214100 ns, Total: 691000 ns
[2020-04-26T17:17:24.200+0000][1][safepoint    ] Safepoint "Cleanup", Time since last: 1000240200 ns, Reaching safepoint: 142800 ns, At safepoint: 32200 ns, Total: 175000 ns
[2020-04-26T17:17:24.329+0000][1][safepoint    ] Safepoint "RevokeBias", Time since last: 128196100 ns, Reaching safepoint: 451300 ns, At safepoint: 234400 ns, Total: 685700 ns
[2020-04-26T17:17:25.331+0000][1][safepoint    ] Safepoint "Cleanup", Time since last: 1000659800 ns, Reaching safepoint: 448000 ns, At safepoint: 206000 ns, Total: 654000 ns
[2020-04-26T17:17:26.332+0000][1][safepoint    ] Safepoint "Cleanup", Time since last: 1000435300 ns, Reaching safepoint: 680200 ns, At safepoint: 226300 ns, Total: 906500 ns
[2020-04-26T17:17:27.333+0000][1][safepoint    ] Safepoint "Cleanup", Time since last: 1000375500 ns, Reaching safepoint: 178200 ns, At safepoint: 42300 ns, Total: 220500 ns
[2020-04-26T17:17:28.334+0000][1][safepoint    ] Safepoint "Cleanup", Time since last: 1000313600 ns, Reaching safepoint: 571300 ns, At safepoint: 200800 ns, Total: 772100 ns
[2020-04-26T17:17:29.334+0000][1][safepoint    ] Safepoint "Cleanup", Time since last: 1000184400 ns, Reaching safepoint: 121700 ns, At safepoint: 46500 ns, Total: 168200 ns
[2020-04-26T17:17:30.335+0000][1][safepoint    ] Safepoint "Cleanup", Time since last: 1000495800 ns, Reaching safepoint: 589600 ns, At safepoint: 206400 ns, Total: 796000 ns
[2020-04-26T17:17:31.336+0000][1][safepoint    ] Safepoint "Cleanup", Time since last: 1000402700 ns, Reaching safepoint: 518100 ns, At safepoint: 205800 ns, Total: 723900 ns
[2020-04-26T17:17:32.338+0000][1][safepoint    ] Safepoint "Cleanup", Time since last: 1000683100 ns, Reaching safepoint: 369500 ns, At safepoint: 104900 ns, Total: 474400 ns
[2020-04-26T17:17:33.339+0000][1][safepoint    ] Safepoint "Cleanup", Time since last: 1000510900 ns, Reaching safepoint: 540900 ns, At safepoint: 167600 ns, Total: 708500 ns
[2020-04-26T17:17:34.340+0000][1][safepoint    ] Safepoint "Cleanup", Time since last: 1000333800 ns, Reaching safepoint: 390200 ns, At safepoint: 110100 ns, Total: 500300 ns
[2020-04-26T17:17:35.341+0000][1][safepoint    ] Safepoint "Cleanup", Time since last: 1000370800 ns, Reaching safepoint: 512800 ns, At safepoint: 203300 ns, Total: 716100 ns
[2020-04-26T17:17:36.342+0000][1][safepoint    ] Safepoint "Cleanup", Time since last: 1000709600 ns, Reaching safepoint: 658300 ns, At safepoint: 204900 ns, Total: 863200 ns
[2020-04-26T17:17:37.343+0000][1][safepoint    ] Safepoint "Cleanup", Time since last: 1000642700 ns, Reaching safepoint: 197100 ns, At safepoint: 54200 ns, Total: 251300 ns
[2020-04-26T17:17:38.344+0000][1][safepoint    ] Safepoint "Cleanup", Time since last: 1000211100 ns, Reaching safepoint: 154700 ns, At safepoint: 45500 ns, Total: 200200 ns
[2020-04-26T17:17:39.344+0000][1][safepoint    ] Safepoint "Cleanup", Time since last: 1000502000 ns, Reaching safepoint: 134900 ns, At safepoint: 46700 ns, Total: 181600 ns
[2020-04-26T17:17:40.345+0000][1][safepoint    ] Safepoint "Cleanup", Time since last: 1000283000 ns, Reaching safepoint: 157700 ns, At safepoint: 59500 ns, Total: 217200 ns
[2020-04-26T17:17:41.345+0000][1][safepoint    ] Safepoint "Cleanup", Time since last: 1000283600 ns, Reaching safepoint: 159000 ns, At safepoint: 62500 ns, Total: 221500 ns
[2020-04-26T17:17:42.346+0000][1][safepoint    ] Safepoint "Cleanup", Time since last: 1000188300 ns, Reaching safepoint: 153200 ns, At safepoint: 46800 ns, Total: 200000 ns
[2020-04-26T17:17:43.346+0000][1][safepoint    ] Safepoint "Cleanup", Time since last: 1000316500 ns, Reaching safepoint: 269400 ns, At safepoint: 63600 ns, Total: 333000 ns
[2020-04-26T17:17:44.347+0000][1][safepoint    ] Safepoint "Cleanup", Time since last: 1000355600 ns, Reaching safepoint: 130100 ns, At safepoint: 42400 ns, Total: 172500 ns
[2020-04-26T17:17:45.347+0000][1][safepoint    ] Safepoint "Cleanup", Time since last: 1000214000 ns, Reaching safepoint: 194000 ns, At safepoint: 73700 ns, Total: 267700 ns
[2020-04-26T17:17:46.348+0000][1][safepoint    ] Safepoint "Cleanup", Time since last: 1000294300 ns, Reaching safepoint: 214100 ns, At safepoint: 76900 ns, Total: 291000 ns
[2020-04-26T17:17:47.349+0000][1][safepoint    ] Safepoint "Cleanup", Time since last: 1000698100 ns, Reaching safepoint: 560000 ns, At safepoint: 221700 ns, Total: 781700 ns
[2020-04-26T17:17:48.351+0000][1][safepoint    ] Safepoint "Cleanup", Time since last: 1000492700 ns, Reaching safepoint: 455400 ns, At safepoint: 287000 ns, Total: 742400 ns
[2020-04-26T17:17:49.351+0000][1][safepoint    ] Safepoint "Cleanup", Time since last: 1000334000 ns, Reaching safepoint: 135800 ns, At safepoint: 44300 ns, Total: 180100 ns
[2020-04-26T17:17:50.352+0000][1][safepoint    ] Safepoint "Cleanup", Time since last: 1000354800 ns, Reaching safepoint: 439100 ns, At safepoint: 204000 ns, Total: 643100 ns
[2020-04-26T17:17:51.200+0000][1][safepoint    ] Safepoint "RevokeBias", Time since last: 846426300 ns, Reaching safepoint: 727200 ns, At safepoint: 164200 ns, Total: 891400 ns
[2020-04-26T17:17:51.201+0000][1][safepoint    ] Safepoint "RevokeBias", Time since last: 577900 ns, Reaching safepoint: 282500 ns, At safepoint: 194100 ns, Total: 476600 ns
[2020-04-26T17:17:52.201+0000][1][safepoint    ] Safepoint "Cleanup", Time since last: 1000399400 ns, Reaching safepoint: 195300 ns, At safepoint: 51400 ns, Total: 246700 ns
[2020-04-26T17:17:52.305+0000][1][safepoint    ] Safepoint "RevokeBias", Time since last: 103413800 ns, Reaching safepoint: 165100 ns, At safepoint: 70600 ns, Total: 235700 ns
[2020-04-26T17:17:53.306+0000][1][safepoint    ] Safepoint "Cleanup", Time since last: 1000400900 ns, Reaching safepoint: 544600 ns, At safepoint: 148600 ns, Total: 693200 ns
[2020-04-26T17:17:54.307+0000][1][safepoint    ] Safepoint "Cleanup", Time since last: 1000673700 ns, Reaching safepoint: 529400 ns, At safepoint: 136100 ns, Total: 665500 ns
[2020-04-26T17:17:55.309+0000][1][safepoint    ] Safepoint "Cleanup", Time since last: 1000581800 ns, Reaching safepoint: 529300 ns, At safepoint: 134600 ns, Total: 663900 ns
[2020-04-26T17:17:56.309+0000][1][safepoint    ] Safepoint "Cleanup", Time since last: 1000237700 ns, Reaching safepoint: 152600 ns, At safepoint: 39100 ns, Total: 191700 ns
[2020-04-26T17:17:57.310+0000][1][safepoint    ] Safepoint "Cleanup", Time since last: 1000543600 ns, Reaching safepoint: 435600 ns, At safepoint: 134600 ns, Total: 570200 ns
[2020-04-26T17:17:58.311+0000][1][safepoint    ] Safepoint "Cleanup", Time since last: 1000524700 ns, Reaching safepoint: 133600 ns, At safepoint: 32400 ns, Total: 166000 ns
[2020-04-26T17:17:59.311+0000][1][safepoint    ] Safepoint "Cleanup", Time since last: 1000121600 ns, Reaching safepoint: 129600 ns, At safepoint: 29300 ns, Total: 158900 ns
[2020-04-26T17:18:00.311+0000][1][safepoint    ] Safepoint "Cleanup", Time since last: 1000146800 ns, Reaching safepoint: 143500 ns, At safepoint: 43400 ns, Total: 186900 ns
[2020-04-26T17:18:01.313+0000][1][safepoint    ] Safepoint "Cleanup", Time since last: 1000411800 ns, Reaching safepoint: 532500 ns, At safepoint: 286700 ns, Total: 819200 ns
[2020-04-26T17:18:02.313+0000][1][safepoint    ] Safepoint "Cleanup", Time since last: 1000201100 ns, Reaching safepoint: 140300 ns, At safepoint: 34900 ns, Total: 175200 ns
[2020-04-26T17:18:03.314+0000][1][safepoint    ] Safepoint "Cleanup", Time since last: 1000273000 ns, Reaching safepoint: 227400 ns, At safepoint: 82900 ns, Total: 310300 ns
[2020-04-26T17:18:04.314+0000][1][safepoint    ] Safepoint "Cleanup", Time since last: 1000163000 ns, Reaching safepoint: 156100 ns, At safepoint: 31600 ns, Total: 187700 ns
[2020-04-26T17:18:05.315+0000][1][safepoint    ] Safepoint "Cleanup", Time since last: 1000316800 ns, Reaching safepoint: 352000 ns, At safepoint: 108200 ns, Total: 460200 ns
[2020-04-26T17:18:06.316+0000][1][safepoint    ] Safepoint "Cleanup", Time since last: 1000464200 ns, Reaching safepoint: 301700 ns, At safepoint: 73600 ns, Total: 375300 ns
[2020-04-26T17:18:07.316+0000][1][safepoint    ] Safepoint "Cleanup", Time since last: 1000188200 ns, Reaching safepoint: 135100 ns, At safepoint: 31200 ns, Total: 166300 ns
[2020-04-26T17:18:08.316+0000][1][safepoint    ] Safepoint "Cleanup", Time since last: 1000182700 ns, Reaching safepoint: 142500 ns, At safepoint: 35300 ns, Total: 177800 ns
[2020-04-26T17:18:09.317+0000][1][safepoint    ] Safepoint "Cleanup", Time since last: 1000586400 ns, Reaching safepoint: 151100 ns, At safepoint: 36900 ns, Total: 188000 ns
[2020-04-26T17:18:10.318+0000][1][safepoint    ] Safepoint "Cleanup", Time since last: 1000337100 ns, Reaching safepoint: 147200 ns, At safepoint: 41300 ns, Total: 188500 ns
[2020-04-26T17:18:11.319+0000][1][safepoint    ] Safepoint "Cleanup", Time since last: 1000337900 ns, Reaching safepoint: 449200 ns, At safepoint: 223100 ns, Total: 672300 ns
[2020-04-26T17:18:12.320+0000][1][safepoint    ] Safepoint "Cleanup", Time since last: 1000363200 ns, Reaching safepoint: 459200 ns, At safepoint: 175300 ns, Total: 634500 ns
[2020-04-26T17:18:13.141+0000][1][safepoint    ] Safepoint "RevokeBias", Time since last: 821155400 ns, Reaching safepoint: 127300 ns, At safepoint: 66500 ns, Total: 193800 ns
[2020-04-26T17:18:13.141+0000][1][safepoint    ] Safepoint "RevokeBias", Time since last: 166000 ns, Reaching safepoint: 177000 ns, At safepoint: 67900 ns, Total: 244900 ns
[2020-04-26T17:18:13.142+0000][1][safepoint    ] Safepoint "RevokeBias", Time since last: 241400 ns, Reaching safepoint: 170100 ns, At safepoint: 56900 ns, Total: 227000 ns
[2020-04-26T17:18:13.147+0000][1][safepoint    ] Safepoint "RevokeBias", Time since last: 4970000 ns, Reaching safepoint: 114600 ns, At safepoint: 64200 ns, Total: 178800 ns
[2020-04-26T17:18:13.147+0000][1][safepoint    ] Safepoint "RevokeBias", Time since last: 183600 ns, Reaching safepoint: 170400 ns, At safepoint: 77400 ns, Total: 247800 ns
[2020-04-26T17:18:13.148+0000][1][safepoint    ] Safepoint "RevokeBias", Time since last: 183400 ns, Reaching safepoint: 175900 ns, At safepoint: 56600 ns, Total: 232500 ns
[2020-04-26T17:18:14.149+0000][1][safepoint    ] Safepoint "Cleanup", Time since last: 1000356100 ns, Reaching safepoint: 362400 ns, At safepoint: 92900 ns, Total: 455300 ns
[2020-04-26T17:18:15.150+0000][1][safepoint    ] Safepoint "Cleanup", Time since last: 1000639000 ns, Reaching safepoint: 447500 ns, At safepoint: 136800 ns, Total: 584300 ns
[2020-04-26T17:18:16.151+0000][1][safepoint    ] Safepoint "Cleanup", Time since last: 1000694800 ns, Reaching safepoint: 443700 ns, At safepoint: 142800 ns, Total: 586500 ns
[2020-04-26T17:18:17.152+0000][1][safepoint    ] Safepoint "Cleanup", Time since last: 1000382600 ns, Reaching safepoint: 448800 ns, At safepoint: 133300 ns, Total: 582100 ns
[2020-04-26T17:18:18.153+0000][1][safepoint    ] Safepoint "Cleanup", Time since last: 1000633700 ns, Reaching safepoint: 430400 ns, At safepoint: 133500 ns, Total: 563900 ns
[2020-04-26T17:18:19.154+0000][1][safepoint    ] Safepoint "Cleanup", Time since last: 1000398100 ns, Reaching safepoint: 514400 ns, At safepoint: 137400 ns, Total: 651800 ns
[2020-04-26T17:18:20.156+0000][1][safepoint    ] Safepoint "Cleanup", Time since last: 1000639500 ns, Reaching safepoint: 450500 ns, At safepoint: 133600 ns, Total: 584100 ns
[2020-04-26T17:18:21.157+0000][1][safepoint    ] Safepoint "Cleanup", Time since last: 1000864000 ns, Reaching safepoint: 445400 ns, At safepoint: 139900 ns, Total: 585300 ns
[2020-04-26T17:18:22.158+0000][1][safepoint    ] Safepoint "Cleanup", Time since last: 1000544000 ns, Reaching safepoint: 329800 ns, At safepoint: 98100 ns, Total: 427900 ns
[2020-04-26T17:18:23.159+0000][1][safepoint    ] Safepoint "Cleanup", Time since last: 1000767900 ns, Reaching safepoint: 449200 ns, At safepoint: 181200 ns, Total: 630400 ns
[2020-04-26T17:18:24.161+0000][1][safepoint    ] Safepoint "Cleanup", Time since last: 1000565700 ns, Reaching safepoint: 618500 ns, At safepoint: 130000 ns, Total: 748500 ns
[2020-04-26T17:18:25.162+0000][1][safepoint    ] Safepoint "Cleanup", Time since last: 1000406600 ns, Reaching safepoint: 450000 ns, At safepoint: 157900 ns, Total: 607900 ns
[2020-04-26T17:18:26.162+0000][1][safepoint    ] Safepoint "Cleanup", Time since last: 1000271400 ns, Reaching safepoint: 138300 ns, At safepoint: 37600 ns, Total: 175900 ns
[2020-04-26T17:18:27.163+0000][1][safepoint    ] Safepoint "Cleanup", Time since last: 1000379600 ns, Reaching safepoint: 482900 ns, At safepoint: 220800 ns, Total: 703700 ns
[2020-04-26T17:18:28.164+0000][1][safepoint    ] Safepoint "Cleanup", Time since last: 1000230500 ns, Reaching safepoint: 213000 ns, At safepoint: 43500 ns, Total: 256500 ns
[2020-04-26T17:18:29.165+0000][1][safepoint    ] Safepoint "Cleanup", Time since last: 1000432700 ns, Reaching safepoint: 447100 ns, At safepoint: 156200 ns, Total: 603300 ns
[2020-04-26T17:18:30.166+0000][1][safepoint    ] Safepoint "Cleanup", Time since last: 1000545600 ns, Reaching safepoint: 363000 ns, At safepoint: 112500 ns, Total: 475500 ns
[2020-04-26T17:18:31.166+0000][1][safepoint    ] Safepoint "Cleanup", Time since last: 1000242500 ns, Reaching safepoint: 154200 ns, At safepoint: 36000 ns, Total: 190200 ns
[2020-04-26T17:18:32.167+0000][1][safepoint    ] Safepoint "Cleanup", Time since last: 1000196300 ns, Reaching safepoint: 168000 ns, At safepoint: 32200 ns, Total: 200200 ns
[2020-04-26T17:18:33.167+0000][1][safepoint    ] Safepoint "Cleanup", Time since last: 1000457100 ns, Reaching safepoint: 330400 ns, At safepoint: 81400 ns, Total: 411800 ns
[2020-04-26T17:18:34.168+0000][1][safepoint    ] Safepoint "Cleanup", Time since last: 1000447800 ns, Reaching safepoint: 290100 ns, At safepoint: 83700 ns, Total: 373800 ns
[2020-04-26T17:18:35.170+0000][1][safepoint    ] Safepoint "Cleanup", Time since last: 1000623200 ns, Reaching safepoint: 448600 ns, At safepoint: 135400 ns, Total: 584000 ns
[2020-04-26T17:18:36.171+0000][1][safepoint    ] Safepoint "Cleanup", Time since last: 1000570400 ns, Reaching safepoint: 447700 ns, At safepoint: 135300 ns, Total: 583000 ns
[2020-04-26T17:18:37.171+0000][1][safepoint    ] Safepoint "Cleanup", Time since last: 1000479500 ns, Reaching safepoint: 134200 ns, At safepoint: 32200 ns, Total: 166400 ns
[2020-04-26T17:18:38.172+0000][1][safepoint    ] Safepoint "Cleanup", Time since last: 1000300700 ns, Reaching safepoint: 478400 ns, At safepoint: 168400 ns, Total: 646800 ns
[2020-04-26T17:18:39.173+0000][1][safepoint    ] Safepoint "Cleanup", Time since last: 1000609300 ns, Reaching safepoint: 464000 ns, At safepoint: 139000 ns, Total: 603000 ns
[2020-04-26T17:18:40.175+0000][1][safepoint    ] Safepoint "Cleanup", Time since last: 1000774600 ns, Reaching safepoint: 456800 ns, At safepoint: 135700 ns, Total: 592500 ns
[2020-04-26T17:18:41.176+0000][1][safepoint    ] Safepoint "Cleanup", Time since last: 1000593100 ns, Reaching safepoint: 185000 ns, At safepoint: 48500 ns, Total: 233500 ns
[2020-04-26T17:18:42.177+0000][1][safepoint    ] Safepoint "Cleanup", Time since last: 1000428700 ns, Reaching safepoint: 450800 ns, At safepoint: 153100 ns, Total: 603900 ns
[2020-04-26T17:18:43.177+0000][1][safepoint    ] Safepoint "Cleanup", Time since last: 1000564500 ns, Reaching safepoint: 132000 ns, At safepoint: 30900 ns, Total: 162900 ns
[2020-04-26T17:18:44.179+0000][1][safepoint    ] Safepoint "Cleanup", Time since last: 1000707500 ns, Reaching safepoint: 409100 ns, At safepoint: 105400 ns, Total: 514500 ns
[2020-04-26T17:18:45.179+0000][1][safepoint    ] Safepoint "Cleanup", Time since last: 1000273300 ns, Reaching safepoint: 308600 ns, At safepoint: 71500 ns, Total: 380100 ns
[2020-04-26T17:18:46.180+0000][1][safepoint    ] Safepoint "Cleanup", Time since last: 1000577800 ns, Reaching safepoint: 474500 ns, At safepoint: 146800 ns, Total: 621300 ns
[2020-04-26T17:18:47.181+0000][1][safepoint    ] Safepoint "Cleanup", Time since last: 1000364200 ns, Reaching safepoint: 334700 ns, At safepoint: 95800 ns, Total: 430500 ns
[2020-04-26T17:18:48.182+0000][1][safepoint    ] Safepoint "Cleanup", Time since last: 1000219800 ns, Reaching safepoint: 132000 ns, At safepoint: 30600 ns, Total: 162600 ns
[2020-04-26T17:18:49.182+0000][1][safepoint    ] Safepoint "Cleanup", Time since last: 1000150000 ns, Reaching safepoint: 205200 ns, At safepoint: 50800 ns, Total: 256000 ns
[2020-04-26T17:18:50.183+0000][1][safepoint    ] Safepoint "Cleanup", Time since last: 1000552100 ns, Reaching safepoint: 511500 ns, At safepoint: 122000 ns, Total: 633500 ns
[2020-04-26T17:18:51.184+0000][1][safepoint    ] Safepoint "Cleanup", Time since last: 1000498200 ns, Reaching safepoint: 202400 ns, At safepoint: 55100 ns, Total: 257500 ns
[2020-04-26T17:18:52.185+0000][1][safepoint    ] Safepoint "Cleanup", Time since last: 1000292200 ns, Reaching safepoint: 301900 ns, At safepoint: 62600 ns, Total: 364500 ns
[2020-04-26T17:18:53.185+0000][1][safepoint    ] Safepoint "Cleanup", Time since last: 1000453200 ns, Reaching safepoint: 157900 ns, At safepoint: 32700 ns, Total: 190600 ns
[2020-04-26T17:18:54.186+0000][1][safepoint    ] Safepoint "Cleanup", Time since last: 1000292300 ns, Reaching safepoint: 511400 ns, At safepoint: 125600 ns, Total: 637000 ns
[2020-04-26T17:18:55.187+0000][1][safepoint    ] Safepoint "Cleanup", Time since last: 1000605500 ns, Reaching safepoint: 148700 ns, At safepoint: 36800 ns, Total: 185500 ns
[2020-04-26T17:18:56.188+0000][1][safepoint    ] Safepoint "Cleanup", Time since last: 1000249100 ns, Reaching safepoint: 266500 ns, At safepoint: 60300 ns, Total: 326800 ns
[2020-04-26T17:18:57.189+0000][1][safepoint    ] Safepoint "Cleanup", Time since last: 1000761400 ns, Reaching safepoint: 449500 ns, At safepoint: 142000 ns, Total: 591500 ns
[2020-04-26T17:18:58.190+0000][1][safepoint    ] Safepoint "Cleanup", Time since last: 1000785400 ns, Reaching safepoint: 448400 ns, At safepoint: 136100 ns, Total: 584500 ns
[2020-04-26T17:18:59.191+0000][1][safepoint    ] Safepoint "Cleanup", Time since last: 1000239100 ns, Reaching safepoint: 136600 ns, At safepoint: 29100 ns, Total: 165700 ns
[2020-04-26T17:19:00.191+0000][1][safepoint    ] Safepoint "Cleanup", Time since last: 1000268600 ns, Reaching safepoint: 390000 ns, At safepoint: 68000 ns, Total: 458000 ns
[2020-04-26T17:19:01.192+0000][1][safepoint    ] Safepoint "Cleanup", Time since last: 1000263200 ns, Reaching safepoint: 321700 ns, At safepoint: 54200 ns, Total: 375900 ns
[2020-04-26T17:19:02.193+0000][1][safepoint    ] Safepoint "Cleanup", Time since last: 1000292100 ns, Reaching safepoint: 175100 ns, At safepoint: 41900 ns, Total: 217000 ns
[2020-04-26T17:19:03.193+0000][1][safepoint    ] Safepoint "Cleanup", Time since last: 1000165900 ns, Reaching safepoint: 135200 ns, At safepoint: 29800 ns, Total: 165000 ns
[2020-04-26T17:19:04.193+0000][1][safepoint    ] Safepoint "Cleanup", Time since last: 1000123100 ns, Reaching safepoint: 134800 ns, At safepoint: 28900 ns, Total: 163700 ns
[2020-04-26T17:19:05.194+0000][1][safepoint    ] Safepoint "Cleanup", Time since last: 1000192200 ns, Reaching safepoint: 295100 ns, At safepoint: 47400 ns, Total: 342500 ns
[2020-04-26T17:19:06.194+0000][1][safepoint    ] Safepoint "Cleanup", Time since last: 1000497600 ns, Reaching safepoint: 158200 ns, At safepoint: 40400 ns, Total: 198600 ns
[2020-04-26T17:19:07.195+0000][1][safepoint    ] Safepoint "Cleanup", Time since last: 1000218900 ns, Reaching safepoint: 229300 ns, At safepoint: 61100 ns, Total: 290400 ns
[2020-04-26T17:19:08.196+0000][1][safepoint    ] Safepoint "Cleanup", Time since last: 1000458900 ns, Reaching safepoint: 530900 ns, At safepoint: 142500 ns, Total: 673400 ns
[2020-04-26T17:19:09.197+0000][1][safepoint    ] Safepoint "Cleanup", Time since last: 1000375700 ns, Reaching safepoint: 476000 ns, At safepoint: 139500 ns, Total: 615500 ns
[2020-04-26T17:19:10.198+0000][1][safepoint    ] Safepoint "Cleanup", Time since last: 1000223500 ns, Reaching safepoint: 153800 ns, At safepoint: 34600 ns, Total: 188400 ns
[2020-04-26T17:19:11.198+0000][1][safepoint    ] Safepoint "Cleanup", Time since last: 1000257400 ns, Reaching safepoint: 221300 ns, At safepoint: 58500 ns, Total: 279800 ns
[2020-04-26T17:19:12.199+0000][1][safepoint    ] Safepoint "Cleanup", Time since last: 1000294500 ns, Reaching safepoint: 158200 ns, At safepoint: 47500 ns, Total: 205700 ns
[2020-04-26T17:19:13.199+0000][1][safepoint    ] Safepoint "Cleanup", Time since last: 1000341800 ns, Reaching safepoint: 128700 ns, At safepoint: 28900 ns, Total: 157600 ns
[2020-04-26T17:19:14.199+0000][1][safepoint    ] Safepoint "Cleanup", Time since last: 1000184100 ns, Reaching safepoint: 167900 ns, At safepoint: 47400 ns, Total: 215300 ns
[2020-04-26T17:19:15.152+0000][1][safepoint    ] Safepoint "RevokeBias", Time since last: 952286100 ns, Reaching safepoint: 130800 ns, At safepoint: 82000 ns, Total: 212800 ns
[2020-04-26T17:19:15.152+0000][1][safepoint    ] Safepoint "RevokeBias", Time since last: 120200 ns, Reaching safepoint: 133200 ns, At safepoint: 72900 ns, Total: 206100 ns
[2020-04-26T17:19:15.153+0000][1][safepoint    ] Safepoint "RevokeBias", Time since last: 148900 ns, Reaching safepoint: 179800 ns, At safepoint: 60700 ns, Total: 240500 ns
[2020-04-26T17:19:15.157+0000][1][safepoint    ] Safepoint "RevokeBias", Time since last: 4426700 ns, Reaching safepoint: 129000 ns, At safepoint: 65800 ns, Total: 194800 ns
[2020-04-26T17:19:15.158+0000][1][safepoint    ] Safepoint "RevokeBias", Time since last: 148700 ns, Reaching safepoint: 193300 ns, At safepoint: 57800 ns, Total: 251100 ns
[2020-04-26T17:19:15.158+0000][1][safepoint    ] Safepoint "RevokeBias", Time since last: 183600 ns, Reaching safepoint: 166800 ns, At safepoint: 56600 ns, Total: 223400 ns
[2020-04-26T17:19:16.159+0000][1][safepoint    ] Safepoint "Cleanup", Time since last: 1000535400 ns, Reaching safepoint: 612800 ns, At safepoint: 220800 ns, Total: 833600 ns
[2020-04-26T17:19:17.160+0000][1][safepoint    ] Safepoint "Cleanup", Time since last: 1000485600 ns, Reaching safepoint: 151400 ns, At safepoint: 41900 ns, Total: 193300 ns
[2020-04-26T17:19:18.161+0000][1][safepoint    ] Safepoint "Cleanup", Time since last: 1000324700 ns, Reaching safepoint: 447100 ns, At safepoint: 160800 ns, Total: 607900 ns
[2020-04-26T17:19:19.161+0000][1][safepoint    ] Safepoint "Cleanup", Time since last: 1000211300 ns, Reaching safepoint: 133000 ns, At safepoint: 27900 ns, Total: 160900 ns
[2020-04-26T17:19:20.162+0000][1][safepoint    ] Safepoint "Cleanup", Time since last: 1000248400 ns, Reaching safepoint: 430000 ns, At safepoint: 127300 ns, Total: 557300 ns
[2020-04-26T17:19:21.163+0000][1][safepoint    ] Safepoint "Cleanup", Time since last: 1000251500 ns, Reaching safepoint: 345500 ns, At safepoint: 58800 ns, Total: 404300 ns
[2020-04-26T17:19:22.163+0000][1][safepoint    ] Safepoint "Cleanup", Time since last: 1000192600 ns, Reaching safepoint: 151400 ns, At safepoint: 28600 ns, Total: 180000 ns
[2020-04-26T17:19:23.164+0000][1][safepoint    ] Safepoint "Cleanup", Time since last: 1000139400 ns, Reaching safepoint: 204800 ns, At safepoint: 37600 ns, Total: 242400 ns
[2020-04-26T17:19:24.164+0000][1][safepoint    ] Safepoint "Cleanup", Time since last: 1000370000 ns, Reaching safepoint: 148300 ns, At safepoint: 47100 ns, Total: 195400 ns
[2020-04-26T17:19:25.165+0000][1][safepoint    ] Safepoint "Cleanup", Time since last: 1000406900 ns, Reaching safepoint: 577800 ns, At safepoint: 148500 ns, Total: 726300 ns
[2020-04-26T17:19:26.166+0000][1][safepoint    ] Safepoint "Cleanup", Time since last: 1000743700 ns, Reaching safepoint: 141100 ns, At safepoint: 34700 ns, Total: 175800 ns
[2020-04-26T17:19:27.167+0000][1][safepoint    ] Safepoint "Cleanup", Time since last: 1000294400 ns, Reaching safepoint: 382200 ns, At safepoint: 93000 ns, Total: 475200 ns
[2020-04-26T17:19:28.168+0000][1][safepoint    ] Safepoint "Cleanup", Time since last: 1000401000 ns, Reaching safepoint: 452700 ns, At safepoint: 151600 ns, Total: 604300 ns
[2020-04-26T17:19:29.169+0000][1][safepoint    ] Safepoint "Cleanup", Time since last: 1000394600 ns, Reaching safepoint: 548600 ns, At safepoint: 138500 ns, Total: 687100 ns
[2020-04-26T17:19:30.171+0000][1][safepoint    ] Safepoint "Cleanup", Time since last: 1000740900 ns, Reaching safepoint: 493800 ns, At safepoint: 140800 ns, Total: 634600 ns
[2020-04-26T17:19:31.171+0000][1][safepoint    ] Safepoint "Cleanup", Time since last: 1000660200 ns, Reaching safepoint: 212900 ns, At safepoint: 57700 ns, Total: 270600 ns
[2020-04-26T17:19:32.173+0000][1][safepoint    ] Safepoint "Cleanup", Time since last: 1000786800 ns, Reaching safepoint: 499000 ns, At safepoint: 140300 ns, Total: 639300 ns
[2020-04-26T17:19:33.174+0000][1][safepoint    ] Safepoint "Cleanup", Time since last: 1000726200 ns, Reaching safepoint: 263700 ns, At safepoint: 76900 ns, Total: 340600 ns
[2020-04-26T17:19:34.175+0000][1][safepoint    ] Safepoint "Cleanup", Time since last: 1000693100 ns, Reaching safepoint: 465100 ns, At safepoint: 145800 ns, Total: 610900 ns
[2020-04-26T17:19:35.176+0000][1][safepoint    ] Safepoint "Cleanup", Time since last: 1000453700 ns, Reaching safepoint: 466700 ns, At safepoint: 141600 ns, Total: 608300 ns
[2020-04-26T17:19:36.177+0000][1][safepoint    ] Safepoint "Cleanup", Time since last: 1000371300 ns, Reaching safepoint: 284100 ns, At safepoint: 81500 ns, Total: 365600 ns
[2020-04-26T17:19:37.178+0000][1][safepoint    ] Safepoint "Cleanup", Time since last: 1000550600 ns, Reaching safepoint: 145200 ns, At safepoint: 45300 ns, Total: 190500 ns
[2020-04-26T17:19:38.179+0000][1][safepoint    ] Safepoint "Cleanup", Time since last: 1000737500 ns, Reaching safepoint: 440200 ns, At safepoint: 213900 ns, Total: 654100 ns
[2020-04-26T17:19:39.180+0000][1][safepoint    ] Safepoint "Cleanup", Time since last: 1000641600 ns, Reaching safepoint: 145800 ns, At safepoint: 32300 ns, Total: 178100 ns
[2020-04-26T17:19:40.181+0000][1][safepoint    ] Safepoint "Cleanup", Time since last: 1000670100 ns, Reaching safepoint: 434400 ns, At safepoint: 210200 ns, Total: 644600 ns
[2020-04-26T17:19:41.182+0000][1][safepoint    ] Safepoint "Cleanup", Time since last: 1000252200 ns, Reaching safepoint: 198700 ns, At safepoint: 45300 ns, Total: 244000 ns
[2020-04-26T17:19:42.184+0000][1][safepoint    ] Safepoint "Cleanup", Time since last: 1000720700 ns, Reaching safepoint: 836300 ns, At safepoint: 216200 ns, Total: 1052500 ns
[2020-04-26T17:19:43.184+0000][1][safepoint    ] Safepoint "Cleanup", Time since last: 1000256000 ns, Reaching safepoint: 163400 ns, At safepoint: 35700 ns, Total: 199100 ns
[2020-04-26T17:19:44.185+0000][1][safepoint    ] Safepoint "Cleanup", Time since last: 1000516700 ns, Reaching safepoint: 433700 ns, At safepoint: 132800 ns, Total: 566500 ns
[2020-04-26T17:19:45.186+0000][1][safepoint    ] Safepoint "Cleanup", Time since last: 1000305500 ns, Reaching safepoint: 127000 ns, At safepoint: 26000 ns, Total: 153000 ns
[2020-04-26T17:19:46.187+0000][1][safepoint    ] Safepoint "Cleanup", Time since last: 1000577700 ns, Reaching safepoint: 417900 ns, At safepoint: 189700 ns, Total: 607600 ns
[2020-04-26T17:19:47.187+0000][1][safepoint    ] Safepoint "Cleanup", Time since last: 1000226600 ns, Reaching safepoint: 142100 ns, At safepoint: 30000 ns, Total: 172100 ns
[2020-04-26T17:19:48.188+0000][1][safepoint    ] Safepoint "Cleanup", Time since last: 1000283600 ns, Reaching safepoint: 449500 ns, At safepoint: 135500 ns, Total: 585000 ns
[2020-04-26T17:19:49.189+0000][1][safepoint    ] Safepoint "Cleanup", Time since last: 1000656200 ns, Reaching safepoint: 455200 ns, At safepoint: 141900 ns, Total: 597100 ns
[2020-04-26T17:19:50.190+0000][1][safepoint    ] Safepoint "Cleanup", Time since last: 1000312400 ns, Reaching safepoint: 255400 ns, At safepoint: 115300 ns, Total: 370700 ns
[2020-04-26T17:19:51.504+0000][1][safepoint    ] Safepoint "Cleanup", Time since last: 1313753200 ns, Reaching safepoint: 353200 ns, At safepoint: 98100 ns, Total: 451300 ns
[2020-04-26T17:19:52.505+0000][1][safepoint    ] Safepoint "Cleanup", Time since last: 1000369600 ns, Reaching safepoint: 231400 ns, At safepoint: 89300 ns, Total: 320700 ns
[2020-04-26T17:19:53.505+0000][1][safepoint    ] Safepoint "Cleanup", Time since last: 1000247100 ns, Reaching safepoint: 136700 ns, At safepoint: 32800 ns, Total: 169500 ns
[2020-04-26T17:19:54.506+0000][1][safepoint    ] Safepoint "Cleanup", Time since last: 1000272800 ns, Reaching safepoint: 275500 ns, At safepoint: 118100 ns, Total: 393600 ns
[2020-04-26T17:19:55.507+0000][1][safepoint    ] Safepoint "Cleanup", Time since last: 1000555800 ns, Reaching safepoint: 602800 ns, At safepoint: 141600 ns, Total: 744400 ns
[2020-04-26T17:19:56.509+0000][1][safepoint    ] Safepoint "Cleanup", Time since last: 1000825500 ns, Reaching safepoint: 432300 ns, At safepoint: 138100 ns, Total: 570400 ns
[2020-04-26T17:19:57.509+0000][1][safepoint    ] Safepoint "Cleanup", Time since last: 1000237900 ns, Reaching safepoint: 179200 ns, At safepoint: 35600 ns, Total: 214800 ns
[2020-04-26T17:19:58.510+0000][1][safepoint    ] Safepoint "Cleanup", Time since last: 1000594500 ns, Reaching safepoint: 386400 ns, At safepoint: 124100 ns, Total: 510500 ns
[2020-04-26T17:19:59.469+0000][1][gc,start     ] GC(44) Pause Young (Allocation Failure)
[2020-04-26T17:19:59.469+0000][1][gc,task      ] GC(44) Using 10 workers of 10 for evacuation
[2020-04-26T17:19:59.471+0000][1][gc,age       ] GC(44) Desired survivor size 8945664 bytes, new threshold 6 (max threshold 6)
[2020-04-26T17:19:59.471+0000][1][gc,age       ] GC(44) Age table with threshold 6 (max threshold 6)
[2020-04-26T17:19:59.471+0000][1][gc,age       ] GC(44) - age   1:     151904 bytes,     151904 total
[2020-04-26T17:19:59.471+0000][1][gc,age       ] GC(44) - age   2:    1152016 bytes,    1303920 total
[2020-04-26T17:19:59.471+0000][1][gc,age       ] GC(44) - age   3:      70280 bytes,    1374200 total
[2020-04-26T17:19:59.471+0000][1][gc,age       ] GC(44) - age   4:      32880 bytes,    1407080 total
[2020-04-26T17:19:59.471+0000][1][gc,age       ] GC(44) - age   5:      47904 bytes,    1454984 total
[2020-04-26T17:19:59.471+0000][1][gc,age       ] GC(44) - age   6:       9896 bytes,    1464880 total
[2020-04-26T17:19:59.471+0000][1][gc,heap      ] GC(44) ParNew: 141271K->1605K(157248K)
[2020-04-26T17:19:59.471+0000][1][gc,heap      ] GC(44) CMS: 79658K->79667K(349568K)
[2020-04-26T17:19:59.471+0000][1][gc,metaspace ] GC(44) Metaspace: 97265K->97265K(1138688K)
[2020-04-26T17:19:59.471+0000][1][gc           ] GC(44) Pause Young (Allocation Failure) 215M->79M(494M) 2.526ms
[2020-04-26T17:19:59.471+0000][1][gc,cpu       ] GC(44) User=0.01s Sys=0.00s Real=0.00s
[2020-04-26T17:19:59.471+0000][1][safepoint    ] Safepoint "GenCollectForAllocation", Time since last: 958196500 ns, Reaching safepoint: 264500 ns, At safepoint: 2670900 ns, Total: 2935400 ns
[2020-04-26T17:20:00.472+0000][1][safepoint    ] Safepoint "Cleanup", Time since last: 1000136300 ns, Reaching safepoint: 134800 ns, At safepoint: 44200 ns, Total: 179000 ns
[2020-04-26T17:20:01.472+0000][1][safepoint    ] Safepoint "Cleanup", Time since last: 1000154500 ns, Reaching safepoint: 249500 ns, At safepoint: 81700 ns, Total: 331200 ns
[2020-04-26T17:20:02.472+0000][1][safepoint    ] Safepoint "Cleanup", Time since last: 1000154600 ns, Reaching safepoint: 125700 ns, At safepoint: 40000 ns, Total: 165700 ns
[2020-04-26T17:20:03.473+0000][1][safepoint    ] Safepoint "Cleanup", Time since last: 1000105700 ns, Reaching safepoint: 126300 ns, At safepoint: 27000 ns, Total: 153300 ns
[2020-04-26T17:20:04.473+0000][1][safepoint    ] Safepoint "Cleanup", Time since last: 1000162300 ns, Reaching safepoint: 379000 ns, At safepoint: 51100 ns, Total: 430100 ns
[2020-04-26T17:20:05.474+0000][1][safepoint    ] Safepoint "Cleanup", Time since last: 1000181200 ns, Reaching safepoint: 129600 ns, At safepoint: 28600 ns, Total: 158200 ns
[2020-04-26T17:20:06.474+0000][1][safepoint    ] Safepoint "Cleanup", Time since last: 1000156800 ns, Reaching safepoint: 181900 ns, At safepoint: 55000 ns, Total: 236900 ns
[2020-04-26T17:20:07.474+0000][1][safepoint    ] Safepoint "Cleanup", Time since last: 1000153000 ns, Reaching safepoint: 136900 ns, At safepoint: 38800 ns, Total: 175700 ns
[2020-04-26T17:20:08.475+0000][1][safepoint    ] Safepoint "Cleanup", Time since last: 1000219500 ns, Reaching safepoint: 141700 ns, At safepoint: 46800 ns, Total: 188500 ns
[2020-04-26T17:20:09.475+0000][1][safepoint    ] Safepoint "Cleanup", Time since last: 1000126200 ns, Reaching safepoint: 176100 ns, At safepoint: 63900 ns, Total: 240000 ns
[2020-04-26T17:20:10.475+0000][1][safepoint    ] Safepoint "Cleanup", Time since last: 1000159100 ns, Reaching safepoint: 126200 ns, At safepoint: 41700 ns, Total: 167900 ns
[2020-04-26T17:20:11.476+0000][1][safepoint    ] Safepoint "Cleanup", Time since last: 1000165500 ns, Reaching safepoint: 124900 ns, At safepoint: 37900 ns, Total: 162800 ns
[2020-04-26T17:20:12.476+0000][1][safepoint    ] Safepoint "Cleanup", Time since last: 1000175300 ns, Reaching safepoint: 131200 ns, At safepoint: 43500 ns, Total: 174700 ns
[2020-04-26T17:20:13.476+0000][1][safepoint    ] Safepoint "Cleanup", Time since last: 1000163600 ns, Reaching safepoint: 148200 ns, At safepoint: 41700 ns, Total: 189900 ns
[2020-04-26T17:20:14.477+0000][1][safepoint    ] Safepoint "Cleanup", Time since last: 1000269200 ns, Reaching safepoint: 476500 ns, At safepoint: 148700 ns, Total: 625200 ns
[2020-04-26T17:20:15.479+0000][1][safepoint    ] Safepoint "Cleanup", Time since last: 1000549700 ns, Reaching safepoint: 485300 ns, At safepoint: 195400 ns, Total: 680700 ns
[2020-04-26T17:20:16.479+0000][1][safepoint    ] Safepoint "Cleanup", Time since last: 1000347900 ns, Reaching safepoint: 238900 ns, At safepoint: 103900 ns, Total: 342800 ns
[2020-04-26T17:20:17.146+0000][1][safepoint    ] Safepoint "RevokeBias", Time since last: 667009200 ns, Reaching safepoint: 132400 ns, At safepoint: 52800 ns, Total: 185200 ns
[2020-04-26T17:20:17.147+0000][1][safepoint    ] Safepoint "RevokeBias", Time since last: 167400 ns, Reaching safepoint: 119700 ns, At safepoint: 47500 ns, Total: 167200 ns
[2020-04-26T17:20:17.147+0000][1][safepoint    ] Safepoint "RevokeBias", Time since last: 428300 ns, Reaching safepoint: 79300 ns, At safepoint: 60600 ns, Total: 139900 ns
[2020-04-26T17:20:17.151+0000][1][safepoint    ] Safepoint "RevokeBias", Time since last: 3291500 ns, Reaching safepoint: 245300 ns, At safepoint: 67700 ns, Total: 313000 ns
[2020-04-26T17:20:17.152+0000][1][safepoint    ] Safepoint "BulkRevokeBias", Time since last: 152500 ns, Reaching safepoint: 168400 ns, At safepoint: 507700 ns, Total: 676100 ns
[2020-04-26T17:20:18.153+0000][1][safepoint    ] Safepoint "Cleanup", Time since last: 1000505600 ns, Reaching safepoint: 172400 ns, At safepoint: 40900 ns, Total: 213300 ns
[2020-04-26T17:20:19.153+0000][1][safepoint    ] Safepoint "Cleanup", Time since last: 1000378700 ns, Reaching safepoint: 326500 ns, At safepoint: 108600 ns, Total: 435100 ns
[2020-04-26T17:20:20.154+0000][1][safepoint    ] Safepoint "Cleanup", Time since last: 1000483000 ns, Reaching safepoint: 254800 ns, At safepoint: 70400 ns, Total: 325200 ns
[2020-04-26T17:20:21.155+0000][1][safepoint    ] Safepoint "Cleanup", Time since last: 1000272700 ns, Reaching safepoint: 219700 ns, At safepoint: 60100 ns, Total: 279800 ns
[2020-04-26T17:20:22.155+0000][1][safepoint    ] Safepoint "Cleanup", Time since last: 1000197700 ns, Reaching safepoint: 135100 ns, At safepoint: 27000 ns, Total: 162100 ns
[2020-04-26T17:20:23.156+0000][1][safepoint    ] Safepoint "Cleanup", Time since last: 1000136000 ns, Reaching safepoint: 237800 ns, At safepoint: 99200 ns, Total: 337000 ns
[2020-04-26T17:20:24.157+0000][1][safepoint    ] Safepoint "Cleanup", Time since last: 1000354300 ns, Reaching safepoint: 579100 ns, At safepoint: 217400 ns, Total: 796500 ns
[2020-04-26T17:20:25.158+0000][1][safepoint    ] Safepoint "Cleanup", Time since last: 1000748700 ns, Reaching safepoint: 300000 ns, At safepoint: 93400 ns, Total: 393400 ns
[2020-04-26T17:20:26.158+0000][1][safepoint    ] Safepoint "Cleanup", Time since last: 1000169300 ns, Reaching safepoint: 139800 ns, At safepoint: 33300 ns, Total: 173100 ns
[2020-04-26T17:20:27.159+0000][1][safepoint    ] Safepoint "Cleanup", Time since last: 1000287200 ns, Reaching safepoint: 468000 ns, At safepoint: 211300 ns, Total: 679300 ns
[2020-04-26T17:20:28.160+0000][1][safepoint    ] Safepoint "Cleanup", Time since last: 1000326700 ns, Reaching safepoint: 208900 ns, At safepoint: 63000 ns, Total: 271900 ns
[2020-04-26T17:20:29.160+0000][1][safepoint    ] Safepoint "Cleanup", Time since last: 1000485100 ns, Reaching safepoint: 177300 ns, At safepoint: 38100 ns, Total: 215400 ns
[2020-04-26T17:20:30.161+0000][1][safepoint    ] Safepoint "Cleanup", Time since last: 1000161500 ns, Reaching safepoint: 146400 ns, At safepoint: 37100 ns, Total: 183500 ns
[2020-04-26T17:20:31.161+0000][1][safepoint    ] Safepoint "Cleanup", Time since last: 1000245800 ns, Reaching safepoint: 152700 ns, At safepoint: 29400 ns, Total: 182100 ns
[2020-04-26T17:20:32.076+0000][1][safepoint    ] Safepoint "RevokeBias", Time since last: 914430000 ns, Reaching safepoint: 128400 ns, At safepoint: 42600 ns, Total: 171000 ns
[2020-04-26T17:20:32.076+0000][1][safepoint    ] Safepoint "RevokeBias", Time since last: 536900 ns, Reaching safepoint: 79400 ns, At safepoint: 33000 ns, Total: 112400 ns
[2020-04-26T17:20:32.109+0000][1][safepoint    ] Safepoint "RevokeBias", Time since last: 32006800 ns, Reaching safepoint: 229800 ns, At safepoint: 78600 ns, Total: 308400 ns
[2020-04-26T17:20:32.142+0000][1][safepoint    ] Safepoint "RevokeBias", Time since last: 33076900 ns, Reaching safepoint: 160200 ns, At safepoint: 91000 ns, Total: 251200 ns
[2020-04-26T17:20:32.169+0000][1][safepoint    ] Safepoint "RevokeBias", Time since last: 27057300 ns, Reaching safepoint: 123300 ns, At safepoint: 36100 ns, Total: 159400 ns
[2020-04-26T17:20:32.170+0000][1][safepoint    ] Safepoint "RevokeBias", Time since last: 248600 ns, Reaching safepoint: 81500 ns, At safepoint: 32300 ns, Total: 113800 ns
[2020-04-26T17:20:32.170+0000][1][safepoint    ] Safepoint "RevokeBias", Time since last: 175100 ns, Reaching safepoint: 68500 ns, At safepoint: 31500 ns, Total: 100000 ns
[2020-04-26T17:20:32.170+0000][1][safepoint    ] Safepoint "RevokeBias", Time since last: 146600 ns, Reaching safepoint: 70300 ns, At safepoint: 31700 ns, Total: 102000 ns
[2020-04-26T17:20:32.170+0000][1][safepoint    ] Safepoint "RevokeBias", Time since last: 108600 ns, Reaching safepoint: 87900 ns, At safepoint: 28700 ns, Total: 116600 ns
[2020-04-26T17:20:32.171+0000][1][safepoint    ] Safepoint "RevokeBias", Time since last: 163100 ns, Reaching safepoint: 68000 ns, At safepoint: 31200 ns, Total: 99200 ns
[2020-04-26T17:20:32.171+0000][1][safepoint    ] Safepoint "RevokeBias", Time since last: 147100 ns, Reaching safepoint: 69500 ns, At safepoint: 31200 ns, Total: 100700 ns
[2020-04-26T17:20:32.171+0000][1][safepoint    ] Safepoint "RevokeBias", Time since last: 138400 ns, Reaching safepoint: 68100 ns, At safepoint: 31200 ns, Total: 99300 ns
[2020-04-26T17:20:32.172+0000][1][safepoint    ] Safepoint "RevokeBias", Time since last: 246000 ns, Reaching safepoint: 69400 ns, At safepoint: 67500 ns, Total: 136900 ns
[2020-04-26T17:20:32.172+0000][1][safepoint    ] Safepoint "RevokeBias", Time since last: 185900 ns, Reaching safepoint: 68600 ns, At safepoint: 31300 ns, Total: 99900 ns
[2020-04-26T17:20:32.172+0000][1][safepoint    ] Safepoint "RevokeBias", Time since last: 147500 ns, Reaching safepoint: 69500 ns, At safepoint: 31200 ns, Total: 100700 ns
[2020-04-26T17:20:32.172+0000][1][safepoint    ] Safepoint "RevokeBias", Time since last: 124500 ns, Reaching safepoint: 66500 ns, At safepoint: 28400 ns, Total: 94900 ns
[2020-04-26T17:20:32.173+0000][1][safepoint    ] Safepoint "RevokeBias", Time since last: 203200 ns, Reaching safepoint: 101100 ns, At safepoint: 31400 ns, Total: 132500 ns
[2020-04-26T17:20:32.174+0000][1][safepoint    ] Safepoint "RevokeBias", Time since last: 1416600 ns, Reaching safepoint: 79600 ns, At safepoint: 52300 ns, Total: 131900 ns
[2020-04-26T17:20:32.207+0000][1][safepoint    ] Safepoint "RevokeBias", Time since last: 32877400 ns, Reaching safepoint: 157100 ns, At safepoint: 62300 ns, Total: 219400 ns
[2020-04-26T17:20:32.218+0000][1][safepoint    ] Safepoint "RevokeBias", Time since last: 9956100 ns, Reaching safepoint: 208700 ns, At safepoint: 142500 ns, Total: 351200 ns
[2020-04-26T17:20:32.218+0000][1][safepoint    ] Safepoint "RevokeBias", Time since last: 180300 ns, Reaching safepoint: 188700 ns, At safepoint: 169000 ns, Total: 357700 ns
[2020-04-26T17:20:32.235+0000][1][safepoint    ] Safepoint "RevokeBias", Time since last: 16282500 ns, Reaching safepoint: 199400 ns, At safepoint: 37100 ns, Total: 236500 ns
[2020-04-26T17:20:32.347+0000][1][safepoint    ] Safepoint "RevokeBias", Time since last: 111640300 ns, Reaching safepoint: 215600 ns, At safepoint: 65400 ns, Total: 281000 ns
[2020-04-26T17:20:32.348+0000][1][safepoint    ] Safepoint "RevokeBias", Time since last: 1023300 ns, Reaching safepoint: 224200 ns, At safepoint: 79500 ns, Total: 303700 ns
[2020-04-26T17:20:32.391+0000][1][safepoint    ] Safepoint "RevokeBias", Time since last: 42579100 ns, Reaching safepoint: 163000 ns, At safepoint: 55100 ns, Total: 218100 ns
[2020-04-26T17:20:32.581+0000][1][safepoint    ] Safepoint "RevokeBias", Time since last: 189764200 ns, Reaching safepoint: 262000 ns, At safepoint: 97400 ns, Total: 359400 ns
[2020-04-26T17:20:32.582+0000][1][safepoint    ] Safepoint "RevokeBias", Time since last: 868100 ns, Reaching safepoint: 142700 ns, At safepoint: 69200 ns, Total: 211900 ns
[2020-04-26T17:20:32.590+0000][1][safepoint    ] Safepoint "RevokeBias", Time since last: 7806600 ns, Reaching safepoint: 332600 ns, At safepoint: 165600 ns, Total: 498200 ns
[2020-04-26T17:20:32.628+0000][1][safepoint    ] Safepoint "RevokeBias", Time since last: 37394600 ns, Reaching safepoint: 132600 ns, At safepoint: 38700 ns, Total: 171300 ns
[2020-04-26T17:20:32.628+0000][1][safepoint    ] Safepoint "RevokeBias", Time since last: 188400 ns, Reaching safepoint: 84700 ns, At safepoint: 32200 ns, Total: 116900 ns
[2020-04-26T17:20:32.628+0000][1][safepoint    ] Safepoint "RevokeBias", Time since last: 169900 ns, Reaching safepoint: 70500 ns, At safepoint: 31300 ns, Total: 101800 ns
[2020-04-26T17:20:32.629+0000][1][safepoint    ] Safepoint "RevokeBias", Time since last: 184300 ns, Reaching safepoint: 68300 ns, At safepoint: 30900 ns, Total: 99200 ns
[2020-04-26T17:20:32.630+0000][1][safepoint    ] Safepoint "RevokeBias", Time since last: 1189200 ns, Reaching safepoint: 224700 ns, At safepoint: 48600 ns, Total: 273300 ns
[2020-04-26T17:20:32.663+0000][1][safepoint    ] Safepoint "RevokeBias", Time since last: 33053500 ns, Reaching safepoint: 171800 ns, At safepoint: 81500 ns, Total: 253300 ns
[2020-04-26T17:20:32.673+0000][1][safepoint    ] Safepoint "RevokeBias", Time since last: 9549300 ns, Reaching safepoint: 159200 ns, At safepoint: 125200 ns, Total: 284400 ns
[2020-04-26T17:20:32.674+0000][1][safepoint    ] Safepoint "RevokeBias", Time since last: 173900 ns, Reaching safepoint: 175100 ns, At safepoint: 109100 ns, Total: 284200 ns
[2020-04-26T17:20:32.691+0000][1][safepoint    ] Safepoint "RevokeBias", Time since last: 17021200 ns, Reaching safepoint: 123600 ns, At safepoint: 34100 ns, Total: 157700 ns
[2020-04-26T17:20:33.303+0000][1][safepoint    ] Safepoint "RevokeBias", Time since last: 611243400 ns, Reaching safepoint: 399000 ns, At safepoint: 112900 ns, Total: 511900 ns
[2020-04-26T17:20:33.665+0000][1][safepoint    ] Safepoint "RevokeBias", Time since last: 361652700 ns, Reaching safepoint: 513100 ns, At safepoint: 170500 ns, Total: 683600 ns
[2020-04-26T17:20:33.666+0000][1][safepoint    ] Safepoint "RevokeBias", Time since last: 573400 ns, Reaching safepoint: 431100 ns, At safepoint: 157900 ns, Total: 589000 ns
[2020-04-26T17:20:33.667+0000][1][safepoint    ] Safepoint "RevokeBias", Time since last: 536400 ns, Reaching safepoint: 351700 ns, At safepoint: 160500 ns, Total: 512200 ns
[2020-04-26T17:20:34.496+0000][1][safepoint    ] Safepoint "RevokeBias", Time since last: 827808000 ns, Reaching safepoint: 402800 ns, At safepoint: 140000 ns, Total: 542800 ns
[2020-04-26T17:20:35.497+0000][1][safepoint    ] Safepoint "Cleanup", Time since last: 1000382500 ns, Reaching safepoint: 453000 ns, At safepoint: 237500 ns, Total: 690500 ns
[2020-04-26T17:20:36.498+0000][1][safepoint    ] Safepoint "Cleanup", Time since last: 1000643100 ns, Reaching safepoint: 435500 ns, At safepoint: 208500 ns, Total: 644000 ns
[2020-04-26T17:20:37.499+0000][1][safepoint    ] Safepoint "Cleanup", Time since last: 1000541100 ns, Reaching safepoint: 200900 ns, At safepoint: 76600 ns, Total: 277500 ns
[2020-04-26T17:20:38.499+0000][1][safepoint    ] Safepoint "Cleanup", Time since last: 1000146100 ns, Reaching safepoint: 135600 ns, At safepoint: 30700 ns, Total: 166300 ns
[2020-04-26T17:20:39.500+0000][1][safepoint    ] Safepoint "Cleanup", Time since last: 1000343500 ns, Reaching safepoint: 759100 ns, At safepoint: 214500 ns, Total: 973600 ns
[2020-04-26T17:20:40.502+0000][1][safepoint    ] Safepoint "Cleanup", Time since last: 1000480700 ns, Reaching safepoint: 575900 ns, At safepoint: 135500 ns, Total: 711400 ns
[2020-04-26T17:20:41.503+0000][1][safepoint    ] Safepoint "Cleanup", Time since last: 1000571000 ns, Reaching safepoint: 477200 ns, At safepoint: 131800 ns, Total: 609000 ns
[2020-04-26T17:20:42.504+0000][1][safepoint    ] Safepoint "Cleanup", Time since last: 1000617000 ns, Reaching safepoint: 139300 ns, At safepoint: 35200 ns, Total: 174500 ns
[2020-04-26T17:20:43.504+0000][1][safepoint    ] Safepoint "Cleanup", Time since last: 1000347800 ns, Reaching safepoint: 475200 ns, At safepoint: 121000 ns, Total: 596200 ns
[2020-04-26T17:20:44.506+0000][1][safepoint    ] Safepoint "Cleanup", Time since last: 1000362800 ns, Reaching safepoint: 708000 ns, At safepoint: 201000 ns, Total: 909000 ns
[2020-04-26T17:20:45.507+0000][1][safepoint    ] Safepoint "Cleanup", Time since last: 1000728700 ns, Reaching safepoint: 506300 ns, At safepoint: 155900 ns, Total: 662200 ns
[2020-04-26T17:20:46.508+0000][1][safepoint    ] Safepoint "Cleanup", Time since last: 1000327800 ns, Reaching safepoint: 248700 ns, At safepoint: 39700 ns, Total: 288400 ns
[2020-04-26T17:20:47.509+0000][1][safepoint    ] Safepoint "Cleanup", Time since last: 1000666500 ns, Reaching safepoint: 130800 ns, At safepoint: 31000 ns, Total: 161800 ns
[2020-04-26T17:20:48.509+0000][1][safepoint    ] Safepoint "Cleanup", Time since last: 1000212800 ns, Reaching safepoint: 139500 ns, At safepoint: 31100 ns, Total: 170600 ns
[2020-04-26T17:20:49.510+0000][1][safepoint    ] Safepoint "Cleanup", Time since last: 1000628900 ns, Reaching safepoint: 150800 ns, At safepoint: 30200 ns, Total: 181000 ns
[2020-04-26T17:20:50.511+0000][1][safepoint    ] Safepoint "Cleanup", Time since last: 1000363100 ns, Reaching safepoint: 460000 ns, At safepoint: 141400 ns, Total: 601400 ns
[2020-04-26T17:20:51.511+0000][1][safepoint    ] Safepoint "Cleanup", Time since last: 1000390200 ns, Reaching safepoint: 154400 ns, At safepoint: 35900 ns, Total: 190300 ns
[2020-04-26T17:20:52.512+0000][1][safepoint    ] Safepoint "Cleanup", Time since last: 1000638800 ns, Reaching safepoint: 157900 ns, At safepoint: 37200 ns, Total: 195100 ns
[2020-04-26T17:20:53.513+0000][1][safepoint    ] Safepoint "Cleanup", Time since last: 1000174800 ns, Reaching safepoint: 140000 ns, At safepoint: 40500 ns, Total: 180500 ns
[2020-04-26T17:20:54.513+0000][1][safepoint    ] Safepoint "Cleanup", Time since last: 1000147300 ns, Reaching safepoint: 135500 ns, At safepoint: 31600 ns, Total: 167100 ns
[2020-04-26T17:20:55.513+0000][1][safepoint    ] Safepoint "Cleanup", Time since last: 1000194200 ns, Reaching safepoint: 233300 ns, At safepoint: 30700 ns, Total: 264000 ns
[2020-04-26T17:20:56.514+0000][1][safepoint    ] Safepoint "Cleanup", Time since last: 1000205100 ns, Reaching safepoint: 170200 ns, At safepoint: 33300 ns, Total: 203500 ns
[2020-04-26T17:20:57.515+0000][1][safepoint    ] Safepoint "Cleanup", Time since last: 1000679900 ns, Reaching safepoint: 261900 ns, At safepoint: 75500 ns, Total: 337400 ns
[2020-04-26T17:20:58.516+0000][1][safepoint    ] Safepoint "Cleanup", Time since last: 1000343300 ns, Reaching safepoint: 430500 ns, At safepoint: 106100 ns, Total: 536600 ns
[2020-04-26T17:20:59.516+0000][1][safepoint    ] Safepoint "Cleanup", Time since last: 1000255000 ns, Reaching safepoint: 245800 ns, At safepoint: 75800 ns, Total: 321600 ns
[2020-04-26T17:21:00.517+0000][1][safepoint    ] Safepoint "Cleanup", Time since last: 1000338900 ns, Reaching safepoint: 253900 ns, At safepoint: 54000 ns, Total: 307900 ns
[2020-04-26T17:21:01.517+0000][1][safepoint    ] Safepoint "Cleanup", Time since last: 1000176700 ns, Reaching safepoint: 136800 ns, At safepoint: 28900 ns, Total: 165700 ns
[2020-04-26T17:21:02.518+0000][1][safepoint    ] Safepoint "Cleanup", Time since last: 1000323800 ns, Reaching safepoint: 522200 ns, At safepoint: 123900 ns, Total: 646100 ns
[2020-04-26T17:21:02.664+0000][1][safepoint    ] Safepoint "RevokeBias", Time since last: 145531400 ns, Reaching safepoint: 134000 ns, At safepoint: 58100 ns, Total: 192100 ns
[2020-04-26T17:21:02.664+0000][1][safepoint    ] Safepoint "RevokeBias", Time since last: 173800 ns, Reaching safepoint: 151600 ns, At safepoint: 69700 ns, Total: 221300 ns
[2020-04-26T17:21:03.665+0000][1][safepoint    ] Safepoint "Cleanup", Time since last: 1000280300 ns, Reaching safepoint: 500300 ns, At safepoint: 105500 ns, Total: 605800 ns
[2020-04-26T17:21:04.666+0000][1][safepoint    ] Safepoint "Cleanup", Time since last: 1000352500 ns, Reaching safepoint: 277100 ns, At safepoint: 78900 ns, Total: 356000 ns
[2020-04-26T17:21:05.666+0000][1][safepoint    ] Safepoint "Cleanup", Time since last: 1000176800 ns, Reaching safepoint: 156100 ns, At safepoint: 35400 ns, Total: 191500 ns
[2020-04-26T17:21:06.667+0000][1][safepoint    ] Safepoint "Cleanup", Time since last: 1000480000 ns, Reaching safepoint: 148600 ns, At safepoint: 36200 ns, Total: 184800 ns
[2020-04-26T17:21:07.667+0000][1][safepoint    ] Safepoint "Cleanup", Time since last: 1000222000 ns, Reaching safepoint: 231400 ns, At safepoint: 30700 ns, Total: 262100 ns
[2020-04-26T17:21:08.669+0000][1][safepoint    ] Safepoint "Cleanup", Time since last: 1000603000 ns, Reaching safepoint: 454400 ns, At safepoint: 135700 ns, Total: 590100 ns
[2020-04-26T17:21:09.670+0000][1][safepoint    ] Safepoint "Cleanup", Time since last: 1000461700 ns, Reaching safepoint: 786700 ns, At safepoint: 174100 ns, Total: 960800 ns
[2020-04-26T17:21:10.671+0000][1][safepoint    ] Safepoint "Cleanup", Time since last: 1000306000 ns, Reaching safepoint: 210000 ns, At safepoint: 33600 ns, Total: 243600 ns
[2020-04-26T17:21:11.671+0000][1][safepoint    ] Safepoint "Cleanup", Time since last: 1000340000 ns, Reaching safepoint: 434400 ns, At safepoint: 132700 ns, Total: 567100 ns
[2020-04-26T17:21:12.673+0000][1][safepoint    ] Safepoint "Cleanup", Time since last: 1000412500 ns, Reaching safepoint: 506400 ns, At safepoint: 179100 ns, Total: 685500 ns
[2020-04-26T17:21:13.674+0000][1][safepoint    ] Safepoint "Cleanup", Time since last: 1000618400 ns, Reaching safepoint: 468900 ns, At safepoint: 167200 ns, Total: 636100 ns
[2020-04-26T17:21:14.674+0000][1][safepoint    ] Safepoint "Cleanup", Time since last: 1000533400 ns, Reaching safepoint: 139700 ns, At safepoint: 30600 ns, Total: 170300 ns
[2020-04-26T17:21:15.675+0000][1][safepoint    ] Safepoint "Cleanup", Time since last: 1000432200 ns, Reaching safepoint: 217600 ns, At safepoint: 48000 ns, Total: 265600 ns
[2020-04-26T17:21:16.676+0000][1][safepoint    ] Safepoint "Cleanup", Time since last: 1000682300 ns, Reaching safepoint: 433600 ns, At safepoint: 131500 ns, Total: 565100 ns
[2020-04-26T17:21:17.677+0000][1][safepoint    ] Safepoint "Cleanup", Time since last: 1000432800 ns, Reaching safepoint: 460500 ns, At safepoint: 147800 ns, Total: 608300 ns
[2020-04-26T17:21:18.678+0000][1][safepoint    ] Safepoint "Cleanup", Time since last: 1000392700 ns, Reaching safepoint: 135800 ns, At safepoint: 32300 ns, Total: 168100 ns
[2020-04-26T17:21:19.146+0000][1][safepoint    ] Safepoint "RevokeBias", Time since last: 467541000 ns, Reaching safepoint: 221800 ns, At safepoint: 96900 ns, Total: 318700 ns
[2020-04-26T17:21:19.146+0000][1][safepoint    ] Safepoint "RevokeBias", Time since last: 65000 ns, Reaching safepoint: 234100 ns, At safepoint: 128800 ns, Total: 362900 ns
[2020-04-26T17:21:19.147+0000][1][safepoint    ] Safepoint "RevokeBias", Time since last: 154600 ns, Reaching safepoint: 152700 ns, At safepoint: 108200 ns, Total: 260900 ns
[2020-04-26T17:21:19.152+0000][1][safepoint    ] Safepoint "RevokeBias", Time since last: 4643800 ns, Reaching safepoint: 155100 ns, At safepoint: 71700 ns, Total: 226800 ns
[2020-04-26T17:21:19.152+0000][1][safepoint    ] Safepoint "RevokeBias", Time since last: 77900 ns, Reaching safepoint: 96600 ns, At safepoint: 73300 ns, Total: 169900 ns
[2020-04-26T17:21:19.152+0000][1][safepoint    ] Safepoint "RevokeBias", Time since last: 318600 ns, Reaching safepoint: 193000 ns, At safepoint: 61100 ns, Total: 254100 ns
[2020-04-26T17:21:20.155+0000][1][safepoint    ] Safepoint "Cleanup", Time since last: 1002654800 ns, Reaching safepoint: 169700 ns, At safepoint: 29500 ns, Total: 199200 ns
[2020-04-26T17:21:21.156+0000][1][safepoint    ] Safepoint "Cleanup", Time since last: 1000460200 ns, Reaching safepoint: 214400 ns, At safepoint: 89800 ns, Total: 304200 ns
[2020-04-26T17:21:22.157+0000][1][safepoint    ] Safepoint "Cleanup", Time since last: 1000225800 ns, Reaching safepoint: 425700 ns, At safepoint: 130300 ns, Total: 556000 ns
[2020-04-26T17:21:22.324+0000][1][safepoint    ] Safepoint "RevokeBias", Time since last: 166504000 ns, Reaching safepoint: 451900 ns, At safepoint: 253300 ns, Total: 705200 ns
[2020-04-26T17:21:23.324+0000][1][safepoint    ] Safepoint "Cleanup", Time since last: 1000293300 ns, Reaching safepoint: 126900 ns, At safepoint: 26200 ns, Total: 153100 ns
[2020-04-26T17:21:24.325+0000][1][safepoint    ] Safepoint "Cleanup", Time since last: 1000272300 ns, Reaching safepoint: 509600 ns, At safepoint: 134900 ns, Total: 644500 ns
[2020-04-26T17:21:25.326+0000][1][safepoint    ] Safepoint "Cleanup", Time since last: 1000698600 ns, Reaching safepoint: 282700 ns, At safepoint: 87900 ns, Total: 370600 ns
[2020-04-26T17:21:26.327+0000][1][safepoint    ] Safepoint "Cleanup", Time since last: 1000177400 ns, Reaching safepoint: 127700 ns, At safepoint: 27300 ns, Total: 155000 ns
[2020-04-26T17:21:27.328+0000][1][safepoint    ] Safepoint "Cleanup", Time since last: 1000358900 ns, Reaching safepoint: 521800 ns, At safepoint: 147800 ns, Total: 669600 ns
[2020-04-26T17:21:28.328+0000][1][safepoint    ] Safepoint "Cleanup", Time since last: 1000218300 ns, Reaching safepoint: 226000 ns, At safepoint: 59600 ns, Total: 285600 ns
[2020-04-26T17:21:29.329+0000][1][safepoint    ] Safepoint "Cleanup", Time since last: 1000373700 ns, Reaching safepoint: 132100 ns, At safepoint: 31000 ns, Total: 163100 ns
[2020-04-26T17:21:30.329+0000][1][safepoint    ] Safepoint "Cleanup", Time since last: 1000317600 ns, Reaching safepoint: 163600 ns, At safepoint: 42700 ns, Total: 206300 ns
[2020-04-26T17:21:31.330+0000][1][safepoint    ] Safepoint "Cleanup", Time since last: 1000159000 ns, Reaching safepoint: 166300 ns, At safepoint: 23600 ns, Total: 189900 ns
[2020-04-26T17:21:32.330+0000][1][safepoint    ] Safepoint "Cleanup", Time since last: 1000302800 ns, Reaching safepoint: 133100 ns, At safepoint: 29600 ns, Total: 162700 ns
[2020-04-26T17:21:33.331+0000][1][safepoint    ] Safepoint "Cleanup", Time since last: 1000444300 ns, Reaching safepoint: 191800 ns, At safepoint: 43600 ns, Total: 235400 ns
[2020-04-26T17:21:34.332+0000][1][safepoint    ] Safepoint "Cleanup", Time since last: 1000202300 ns, Reaching safepoint: 359200 ns, At safepoint: 98000 ns, Total: 457200 ns
[2020-04-26T17:21:35.332+0000][1][safepoint    ] Safepoint "Cleanup", Time since last: 1000301500 ns, Reaching safepoint: 441700 ns, At safepoint: 172000 ns, Total: 613700 ns
[2020-04-26T17:21:36.333+0000][1][safepoint    ] Safepoint "Cleanup", Time since last: 1000311900 ns, Reaching safepoint: 136300 ns, At safepoint: 29200 ns, Total: 165500 ns
[2020-04-26T17:21:37.334+0000][1][safepoint    ] Safepoint "Cleanup", Time since last: 1000565100 ns, Reaching safepoint: 252500 ns, At safepoint: 73800 ns, Total: 326300 ns
[2020-04-26T17:21:38.334+0000][1][safepoint    ] Safepoint "Cleanup", Time since last: 1000147000 ns, Reaching safepoint: 236500 ns, At safepoint: 42300 ns, Total: 278800 ns
[2020-04-26T17:21:39.335+0000][1][safepoint    ] Safepoint "Cleanup", Time since last: 1000185600 ns, Reaching safepoint: 148200 ns, At safepoint: 44700 ns, Total: 192900 ns
[2020-04-26T17:21:39.552+0000][1][gc,start     ] GC(45) Pause Young (Allocation Failure)
[2020-04-26T17:21:39.552+0000][1][gc,task      ] GC(45) Using 10 workers of 10 for evacuation
[2020-04-26T17:21:39.560+0000][1][gc,age       ] GC(45) Desired survivor size 8945664 bytes, new threshold 6 (max threshold 6)
[2020-04-26T17:21:39.560+0000][1][gc,age       ] GC(45) Age table with threshold 6 (max threshold 6)
[2020-04-26T17:21:39.560+0000][1][gc,age       ] GC(45) - age   1:     344096 bytes,     344096 total
[2020-04-26T17:21:39.560+0000][1][gc,age       ] GC(45) - age   2:      13720 bytes,     357816 total
[2020-04-26T17:21:39.560+0000][1][gc,age       ] GC(45) - age   3:     959792 bytes,    1317608 total
[2020-04-26T17:21:39.560+0000][1][gc,age       ] GC(45) - age   4:      45568 bytes,    1363176 total
[2020-04-26T17:21:39.560+0000][1][gc,age       ] GC(45) - age   5:      32848 bytes,    1396024 total
[2020-04-26T17:21:39.560+0000][1][gc,age       ] GC(45) - age   6:      47904 bytes,    1443928 total
[2020-04-26T17:21:39.560+0000][1][gc,heap      ] GC(45) ParNew: 141381K->1650K(157248K)
[2020-04-26T17:21:39.560+0000][1][gc,heap      ] GC(45) CMS: 79667K->79676K(349568K)
[2020-04-26T17:21:39.560+0000][1][gc,metaspace ] GC(45) Metaspace: 97363K->97363K(1138688K)
[2020-04-26T17:21:39.560+0000][1][gc           ] GC(45) Pause Young (Allocation Failure) 215M->79M(494M) 8.558ms
[2020-04-26T17:21:39.561+0000][1][gc,cpu       ] GC(45) User=0.01s Sys=0.02s Real=0.01s
[2020-04-26T17:21:39.561+0000][1][safepoint    ] Safepoint "GenCollectForAllocation", Time since last: 216692200 ns, Reaching safepoint: 447000 ns, At safepoint: 8950700 ns, Total: 9397700 ns
[2020-04-26T17:21:40.561+0000][1][safepoint    ] Safepoint "Cleanup", Time since last: 1000549500 ns, Reaching safepoint: 148400 ns, At safepoint: 31900 ns, Total: 180300 ns
[2020-04-26T17:21:41.562+0000][1][safepoint    ] Safepoint "Cleanup", Time since last: 1000127600 ns, Reaching safepoint: 165200 ns, At safepoint: 38400 ns, Total: 203600 ns
[2020-04-26T17:21:42.563+0000][1][safepoint    ] Safepoint "Cleanup", Time since last: 1000282500 ns, Reaching safepoint: 746600 ns, At safepoint: 134500 ns, Total: 881100 ns
[2020-04-26T17:21:43.564+0000][1][safepoint    ] Safepoint "Cleanup", Time since last: 1000683200 ns, Reaching safepoint: 149400 ns, At safepoint: 29600 ns, Total: 179000 ns
[2020-04-26T17:21:44.565+0000][1][safepoint    ] Safepoint "Cleanup", Time since last: 1000221000 ns, Reaching safepoint: 429300 ns, At safepoint: 109400 ns, Total: 538700 ns
[2020-04-26T17:21:45.565+0000][1][safepoint    ] Safepoint "Cleanup", Time since last: 1000508600 ns, Reaching safepoint: 273000 ns, At safepoint: 80400 ns, Total: 353400 ns
[2020-04-26T17:21:46.566+0000][1][safepoint    ] Safepoint "Cleanup", Time since last: 1000305200 ns, Reaching safepoint: 208400 ns, At safepoint: 51100 ns, Total: 259500 ns
[2020-04-26T17:21:47.567+0000][1][safepoint    ] Safepoint "Cleanup", Time since last: 1000539100 ns, Reaching safepoint: 185600 ns, At safepoint: 49300 ns, Total: 234900 ns
[2020-04-26T17:21:48.567+0000][1][safepoint    ] Safepoint "Cleanup", Time since last: 1000229500 ns, Reaching safepoint: 295600 ns, At safepoint: 71200 ns, Total: 366800 ns
[2020-04-26T17:21:49.568+0000][1][safepoint    ] Safepoint "Cleanup", Time since last: 1000351300 ns, Reaching safepoint: 546600 ns, At safepoint: 209400 ns, Total: 756000 ns
[2020-04-26T17:21:50.570+0000][1][safepoint    ] Safepoint "Cleanup", Time since last: 1000470100 ns, Reaching safepoint: 462700 ns, At safepoint: 154900 ns, Total: 617600 ns
[2020-04-26T17:21:51.570+0000][1][safepoint    ] Safepoint "Cleanup", Time since last: 1000246500 ns, Reaching safepoint: 149400 ns, At safepoint: 38200 ns, Total: 187600 ns
[2020-04-26T17:21:52.571+0000][1][safepoint    ] Safepoint "Cleanup", Time since last: 1000231100 ns, Reaching safepoint: 429600 ns, At safepoint: 73000 ns, Total: 502600 ns
[2020-04-26T17:21:53.572+0000][1][safepoint    ] Safepoint "Cleanup", Time since last: 1000687100 ns, Reaching safepoint: 183200 ns, At safepoint: 49300 ns, Total: 232500 ns
[2020-04-26T17:21:54.572+0000][1][safepoint    ] Safepoint "Cleanup", Time since last: 1000182700 ns, Reaching safepoint: 241800 ns, At safepoint: 42900 ns, Total: 284700 ns
[2020-04-26T17:21:55.573+0000][1][safepoint    ] Safepoint "Cleanup", Time since last: 1000613600 ns, Reaching safepoint: 453200 ns, At safepoint: 138700 ns, Total: 591900 ns
[2020-04-26T17:21:56.574+0000][1][safepoint    ] Safepoint "Cleanup", Time since last: 1000548100 ns, Reaching safepoint: 176000 ns, At safepoint: 52800 ns, Total: 228800 ns
[2020-04-26T17:21:57.575+0000][1][safepoint    ] Safepoint "Cleanup", Time since last: 1000456900 ns, Reaching safepoint: 436500 ns, At safepoint: 149000 ns, Total: 585500 ns
[2020-04-26T17:21:58.576+0000][1][safepoint    ] Safepoint "Cleanup", Time since last: 1000387200 ns, Reaching safepoint: 452400 ns, At safepoint: 134700 ns, Total: 587100 ns
[2020-04-26T17:21:59.577+0000][1][safepoint    ] Safepoint "Cleanup", Time since last: 1000217100 ns, Reaching safepoint: 154600 ns, At safepoint: 42400 ns, Total: 197000 ns
[2020-04-26T17:22:00.577+0000][1][safepoint    ] Safepoint "Cleanup", Time since last: 1000139900 ns, Reaching safepoint: 155900 ns, At safepoint: 37300 ns, Total: 193200 ns
[2020-04-26T17:22:01.577+0000][1][safepoint    ] Safepoint "Cleanup", Time since last: 1000222700 ns, Reaching safepoint: 214200 ns, At safepoint: 41600 ns, Total: 255800 ns
[2020-04-26T17:22:02.578+0000][1][safepoint    ] Safepoint "Cleanup", Time since last: 1000346300 ns, Reaching safepoint: 454400 ns, At safepoint: 135300 ns, Total: 589700 ns
[2020-04-26T17:22:03.579+0000][1][safepoint    ] Safepoint "Cleanup", Time since last: 1000370500 ns, Reaching safepoint: 517300 ns, At safepoint: 132000 ns, Total: 649300 ns
[2020-04-26T17:22:04.581+0000][1][safepoint    ] Safepoint "Cleanup", Time since last: 1000354000 ns, Reaching safepoint: 723000 ns, At safepoint: 203400 ns, Total: 926400 ns
[2020-04-26T17:22:05.581+0000][1][safepoint    ] Safepoint "Cleanup", Time since last: 1000227900 ns, Reaching safepoint: 137000 ns, At safepoint: 60100 ns, Total: 197100 ns
[2020-04-26T17:22:06.582+0000][1][safepoint    ] Safepoint "Cleanup", Time since last: 1000310200 ns, Reaching safepoint: 346900 ns, At safepoint: 102800 ns, Total: 449700 ns
[2020-04-26T17:22:07.582+0000][1][safepoint    ] Safepoint "Cleanup", Time since last: 1000260600 ns, Reaching safepoint: 148400 ns, At safepoint: 29500 ns, Total: 177900 ns
[2020-04-26T17:22:08.583+0000][1][safepoint    ] Safepoint "Cleanup", Time since last: 1000466500 ns, Reaching safepoint: 141700 ns, At safepoint: 34800 ns, Total: 176500 ns
[2020-04-26T17:22:09.584+0000][1][safepoint    ] Safepoint "Cleanup", Time since last: 1000423400 ns, Reaching safepoint: 213400 ns, At safepoint: 55200 ns, Total: 268600 ns
[2020-04-26T17:22:10.584+0000][1][safepoint    ] Safepoint "Cleanup", Time since last: 1000197400 ns, Reaching safepoint: 152000 ns, At safepoint: 32800 ns, Total: 184800 ns
[2020-04-26T17:22:11.585+0000][1][safepoint    ] Safepoint "Cleanup", Time since last: 1000696400 ns, Reaching safepoint: 647700 ns, At safepoint: 145500 ns, Total: 793200 ns
[2020-04-26T17:22:12.586+0000][1][safepoint    ] Safepoint "Cleanup", Time since last: 1000500400 ns, Reaching safepoint: 139100 ns, At safepoint: 33600 ns, Total: 172700 ns
[2020-04-26T17:22:13.587+0000][1][safepoint    ] Safepoint "Cleanup", Time since last: 1000311200 ns, Reaching safepoint: 523400 ns, At safepoint: 129000 ns, Total: 652400 ns
[2020-04-26T17:22:14.588+0000][1][safepoint    ] Safepoint "Cleanup", Time since last: 1000351600 ns, Reaching safepoint: 137100 ns, At safepoint: 30300 ns, Total: 167400 ns
[2020-04-26T17:22:15.589+0000][1][safepoint    ] Safepoint "Cleanup", Time since last: 1000728700 ns, Reaching safepoint: 490200 ns, At safepoint: 143800 ns, Total: 634000 ns
[2020-04-26T17:22:16.589+0000][1][safepoint    ] Safepoint "Cleanup", Time since last: 1000191500 ns, Reaching safepoint: 134600 ns, At safepoint: 29900 ns, Total: 164500 ns
[2020-04-26T17:22:17.590+0000][1][safepoint    ] Safepoint "Cleanup", Time since last: 1000414800 ns, Reaching safepoint: 455300 ns, At safepoint: 139300 ns, Total: 594600 ns
[2020-04-26T17:22:18.591+0000][1][safepoint    ] Safepoint "Cleanup", Time since last: 1000406500 ns, Reaching safepoint: 518100 ns, At safepoint: 129400 ns, Total: 647500 ns
[2020-04-26T17:22:19.593+0000][1][safepoint    ] Safepoint "Cleanup", Time since last: 1000354900 ns, Reaching safepoint: 627200 ns, At safepoint: 242200 ns, Total: 869400 ns
[2020-04-26T17:22:20.265+0000][1][safepoint    ] Safepoint "RevokeBias", Time since last: 671852700 ns, Reaching safepoint: 152100 ns, At safepoint: 78200 ns, Total: 230300 ns
[2020-04-26T17:22:20.265+0000][1][safepoint    ] Safepoint "RevokeBias", Time since last: 182000 ns, Reaching safepoint: 104900 ns, At safepoint: 86400 ns, Total: 191300 ns
[2020-04-26T17:22:20.265+0000][1][safepoint    ] Safepoint "RevokeBias", Time since last: 89600 ns, Reaching safepoint: 244600 ns, At safepoint: 95900 ns, Total: 340500 ns
[2020-04-26T17:22:20.270+0000][1][safepoint    ] Safepoint "RevokeBias", Time since last: 4323800 ns, Reaching safepoint: 131500 ns, At safepoint: 52900 ns, Total: 184400 ns
[2020-04-26T17:22:20.270+0000][1][safepoint    ] Safepoint "RevokeBias", Time since last: 98300 ns, Reaching safepoint: 169700 ns, At safepoint: 72200 ns, Total: 241900 ns
[2020-04-26T17:22:20.271+0000][1][safepoint    ] Safepoint "RevokeBias", Time since last: 174700 ns, Reaching safepoint: 181100 ns, At safepoint: 60700 ns, Total: 241800 ns
[2020-04-26T17:22:21.271+0000][1][safepoint    ] Safepoint "Cleanup", Time since last: 1000250800 ns, Reaching safepoint: 262100 ns, At safepoint: 75000 ns, Total: 337100 ns
[2020-04-26T17:22:22.272+0000][1][safepoint    ] Safepoint "Cleanup", Time since last: 1000267600 ns, Reaching safepoint: 227500 ns, At safepoint: 66300 ns, Total: 293800 ns
[2020-04-26T17:22:23.272+0000][1][safepoint    ] Safepoint "Cleanup", Time since last: 1000152000 ns, Reaching safepoint: 129500 ns, At safepoint: 32200 ns, Total: 161700 ns
[2020-04-26T17:22:24.273+0000][1][safepoint    ] Safepoint "Cleanup", Time since last: 1000471900 ns, Reaching safepoint: 132400 ns, At safepoint: 41000 ns, Total: 173400 ns
[2020-04-26T17:22:25.274+0000][1][safepoint    ] Safepoint "Cleanup", Time since last: 1000270700 ns, Reaching safepoint: 511800 ns, At safepoint: 132300 ns, Total: 644100 ns
[2020-04-26T17:22:26.275+0000][1][safepoint    ] Safepoint "Cleanup", Time since last: 1000670600 ns, Reaching safepoint: 476300 ns, At safepoint: 152300 ns, Total: 628600 ns
[2020-04-26T17:22:27.276+0000][1][safepoint    ] Safepoint "Cleanup", Time since last: 1000736200 ns, Reaching safepoint: 431300 ns, At safepoint: 139400 ns, Total: 570700 ns
[2020-04-26T17:22:28.278+0000][1][safepoint    ] Safepoint "Cleanup", Time since last: 1000542700 ns, Reaching safepoint: 661500 ns, At safepoint: 143700 ns, Total: 805200 ns
[2020-04-26T17:22:29.279+0000][1][safepoint    ] Safepoint "Cleanup", Time since last: 1000491000 ns, Reaching safepoint: 662900 ns, At safepoint: 199300 ns, Total: 862200 ns
[2020-04-26T17:22:29.302+0000][1][safepoint    ] Safepoint "RevokeBias", Time since last: 22922400 ns, Reaching safepoint: 273300 ns, At safepoint: 52500 ns, Total: 325800 ns
[2020-04-26T17:22:30.303+0000][1][safepoint    ] Safepoint "Cleanup", Time since last: 1000206200 ns, Reaching safepoint: 183400 ns, At safepoint: 43400 ns, Total: 226800 ns
[2020-04-26T17:22:31.304+0000][1][safepoint    ] Safepoint "Cleanup", Time since last: 1000415300 ns, Reaching safepoint: 633800 ns, At safepoint: 203900 ns, Total: 837700 ns
[2020-04-26T17:22:32.305+0000][1][safepoint    ] Safepoint "Cleanup", Time since last: 1000372200 ns, Reaching safepoint: 384200 ns, At safepoint: 32800 ns, Total: 417000 ns
[2020-04-26T17:22:33.305+0000][1][safepoint    ] Safepoint "Cleanup", Time since last: 1000253700 ns, Reaching safepoint: 157200 ns, At safepoint: 34800 ns, Total: 192000 ns
[2020-04-26T17:22:34.306+0000][1][safepoint    ] Safepoint "Cleanup", Time since last: 1000193500 ns, Reaching safepoint: 181100 ns, At safepoint: 31900 ns, Total: 213000 ns
[2020-04-26T17:22:35.307+0000][1][safepoint    ] Safepoint "Cleanup", Time since last: 1000626300 ns, Reaching safepoint: 311600 ns, At safepoint: 90500 ns, Total: 402100 ns
[2020-04-26T17:22:36.307+0000][1][safepoint    ] Safepoint "Cleanup", Time since last: 1000210500 ns, Reaching safepoint: 149400 ns, At safepoint: 34000 ns, Total: 183400 ns
[2020-04-26T17:22:37.308+0000][1][safepoint    ] Safepoint "Cleanup", Time since last: 1000267700 ns, Reaching safepoint: 347900 ns, At safepoint: 77000 ns, Total: 424900 ns
[2020-04-26T17:22:38.309+0000][1][safepoint    ] Safepoint "Cleanup", Time since last: 1000588100 ns, Reaching safepoint: 263400 ns, At safepoint: 74200 ns, Total: 337600 ns
[2020-04-26T17:22:39.309+0000][1][safepoint    ] Safepoint "Cleanup", Time since last: 1000463500 ns, Reaching safepoint: 157300 ns, At safepoint: 32800 ns, Total: 190100 ns
[2020-04-26T17:22:40.310+0000][1][safepoint    ] Safepoint "Cleanup", Time since last: 1000154600 ns, Reaching safepoint: 291500 ns, At safepoint: 48600 ns, Total: 340100 ns
[2020-04-26T17:22:41.310+0000][1][safepoint    ] Safepoint "Cleanup", Time since last: 1000255300 ns, Reaching safepoint: 291300 ns, At safepoint: 41500 ns, Total: 332800 ns
[2020-04-26T17:22:42.312+0000][1][safepoint    ] Safepoint "Cleanup", Time since last: 1000681600 ns, Reaching safepoint: 453800 ns, At safepoint: 137500 ns, Total: 591300 ns
[2020-04-26T17:22:43.312+0000][1][safepoint    ] Safepoint "Cleanup", Time since last: 1000304500 ns, Reaching safepoint: 319300 ns, At safepoint: 42000 ns, Total: 361300 ns
[2020-04-26T17:22:44.313+0000][1][safepoint    ] Safepoint "Cleanup", Time since last: 1000623400 ns, Reaching safepoint: 361300 ns, At safepoint: 98500 ns, Total: 459800 ns
[2020-04-26T17:22:45.315+0000][1][safepoint    ] Safepoint "Cleanup", Time since last: 1000682800 ns, Reaching safepoint: 454600 ns, At safepoint: 139300 ns, Total: 593900 ns
[2020-04-26T17:22:46.315+0000][1][safepoint    ] Safepoint "Cleanup", Time since last: 1000251400 ns, Reaching safepoint: 141100 ns, At safepoint: 34700 ns, Total: 175800 ns
[2020-04-26T17:22:47.316+0000][1][safepoint    ] Safepoint "Cleanup", Time since last: 1000313400 ns, Reaching safepoint: 155300 ns, At safepoint: 39600 ns, Total: 194900 ns
[2020-04-26T17:22:48.316+0000][1][safepoint    ] Safepoint "Cleanup", Time since last: 1000215300 ns, Reaching safepoint: 134800 ns, At safepoint: 34800 ns, Total: 169600 ns
[2020-04-26T17:22:49.316+0000][1][safepoint    ] Safepoint "Cleanup", Time since last: 1000157200 ns, Reaching safepoint: 137100 ns, At safepoint: 29500 ns, Total: 166600 ns
[2020-04-26T17:22:50.318+0000][1][safepoint    ] Safepoint "Cleanup", Time since last: 1000575300 ns, Reaching safepoint: 453700 ns, At safepoint: 136000 ns, Total: 589700 ns
[2020-04-26T17:22:51.318+0000][1][safepoint    ] Safepoint "Cleanup", Time since last: 1000685300 ns, Reaching safepoint: 143800 ns, At safepoint: 40300 ns, Total: 184100 ns
[2020-04-26T17:22:52.319+0000][1][safepoint    ] Safepoint "Cleanup", Time since last: 1000350600 ns, Reaching safepoint: 452000 ns, At safepoint: 151600 ns, Total: 603600 ns
[2020-04-26T17:22:53.320+0000][1][safepoint    ] Safepoint "Cleanup", Time since last: 1000210200 ns, Reaching safepoint: 126100 ns, At safepoint: 24600 ns, Total: 150700 ns
[2020-04-26T17:22:54.335+0000][1][safepoint    ] Safepoint "Cleanup", Time since last: 1014472200 ns, Reaching safepoint: 516500 ns, At safepoint: 133000 ns, Total: 649500 ns
[2020-04-26T17:22:55.335+0000][1][safepoint    ] Safepoint "Cleanup", Time since last: 1000229400 ns, Reaching safepoint: 181700 ns, At safepoint: 48700 ns, Total: 230400 ns
[2020-04-26T17:22:56.336+0000][1][safepoint    ] Safepoint "Cleanup", Time since last: 1000136500 ns, Reaching safepoint: 237300 ns, At safepoint: 32400 ns, Total: 269700 ns
[2020-04-26T17:22:57.336+0000][1][safepoint    ] Safepoint "Cleanup", Time since last: 1000336300 ns, Reaching safepoint: 126900 ns, At safepoint: 27100 ns, Total: 154000 ns
[2020-04-26T17:22:58.336+0000][1][safepoint    ] Safepoint "Cleanup", Time since last: 1000144900 ns, Reaching safepoint: 128400 ns, At safepoint: 25800 ns, Total: 154200 ns
[2020-04-26T17:22:59.337+0000][1][safepoint    ] Safepoint "Cleanup", Time since last: 1000149800 ns, Reaching safepoint: 135200 ns, At safepoint: 26600 ns, Total: 161800 ns
[2020-04-26T17:23:00.337+0000][1][safepoint    ] Safepoint "Cleanup", Time since last: 1000197200 ns, Reaching safepoint: 282300 ns, At safepoint: 65700 ns, Total: 348000 ns
[2020-04-26T17:23:01.338+0000][1][safepoint    ] Safepoint "Cleanup", Time since last: 1000323400 ns, Reaching safepoint: 135400 ns, At safepoint: 31000 ns, Total: 166400 ns
[2020-04-26T17:23:02.338+0000][1][safepoint    ] Safepoint "Cleanup", Time since last: 1000149700 ns, Reaching safepoint: 234900 ns, At safepoint: 37900 ns, Total: 272800 ns
[2020-04-26T17:23:03.339+0000][1][safepoint    ] Safepoint "Cleanup", Time since last: 1000485600 ns, Reaching safepoint: 366000 ns, At safepoint: 134300 ns, Total: 500300 ns
[2020-04-26T17:23:04.340+0000][1][safepoint    ] Safepoint "Cleanup", Time since last: 1000364800 ns, Reaching safepoint: 255100 ns, At safepoint: 69300 ns, Total: 324400 ns
[2020-04-26T17:23:05.341+0000][1][safepoint    ] Safepoint "Cleanup", Time since last: 1000709300 ns, Reaching safepoint: 444200 ns, At safepoint: 136800 ns, Total: 581000 ns
[2020-04-26T17:23:06.342+0000][1][safepoint    ] Safepoint "Cleanup", Time since last: 1000236200 ns, Reaching safepoint: 336200 ns, At safepoint: 59500 ns, Total: 395700 ns
[2020-04-26T17:23:07.343+0000][1][safepoint    ] Safepoint "Cleanup", Time since last: 1000499500 ns, Reaching safepoint: 353900 ns, At safepoint: 96000 ns, Total: 449900 ns
[2020-04-26T17:23:08.343+0000][1][safepoint    ] Safepoint "Cleanup", Time since last: 1000371500 ns, Reaching safepoint: 139400 ns, At safepoint: 36000 ns, Total: 175400 ns
[2020-04-26T17:23:09.344+0000][1][safepoint    ] Safepoint "Cleanup", Time since last: 1000459300 ns, Reaching safepoint: 233200 ns, At safepoint: 56100 ns, Total: 289300 ns
[2020-04-26T17:23:10.345+0000][1][safepoint    ] Safepoint "Cleanup", Time since last: 1000562000 ns, Reaching safepoint: 433700 ns, At safepoint: 131500 ns, Total: 565200 ns
[2020-04-26T17:23:11.346+0000][1][safepoint    ] Safepoint "Cleanup", Time since last: 1000474700 ns, Reaching safepoint: 287900 ns, At safepoint: 31900 ns, Total: 319800 ns
[2020-04-26T17:23:12.350+0000][1][safepoint    ] Safepoint "Cleanup", Time since last: 1003185200 ns, Reaching safepoint: 522200 ns, At safepoint: 137200 ns, Total: 659400 ns
[2020-04-26T17:23:13.351+0000][1][safepoint    ] Safepoint "Cleanup", Time since last: 1000414800 ns, Reaching safepoint: 520800 ns, At safepoint: 141400 ns, Total: 662200 ns
[2020-04-26T17:23:14.352+0000][1][safepoint    ] Safepoint "Cleanup", Time since last: 1000454600 ns, Reaching safepoint: 200900 ns, At safepoint: 35000 ns, Total: 235900 ns
[2020-04-26T17:23:15.353+0000][1][safepoint    ] Safepoint "Cleanup", Time since last: 1000293100 ns, Reaching safepoint: 492700 ns, At safepoint: 213000 ns, Total: 705700 ns
[2020-04-26T17:23:16.354+0000][1][safepoint    ] Safepoint "Cleanup", Time since last: 1000587400 ns, Reaching safepoint: 435600 ns, At safepoint: 130500 ns, Total: 566100 ns
[2020-04-26T17:23:17.355+0000][1][safepoint    ] Safepoint "Cleanup", Time since last: 1000677200 ns, Reaching safepoint: 454100 ns, At safepoint: 130800 ns, Total: 584900 ns
[2020-04-26T17:23:18.356+0000][1][safepoint    ] Safepoint "Cleanup", Time since last: 1000673900 ns, Reaching safepoint: 433900 ns, At safepoint: 132400 ns, Total: 566300 ns
[2020-04-26T17:23:19.357+0000][1][safepoint    ] Safepoint "Cleanup", Time since last: 1000487000 ns, Reaching safepoint: 243900 ns, At safepoint: 58000 ns, Total: 301900 ns
[2020-04-26T17:23:20.357+0000][1][safepoint    ] Safepoint "Cleanup", Time since last: 1000160600 ns, Reaching safepoint: 152100 ns, At safepoint: 43000 ns, Total: 195100 ns
[2020-04-26T17:23:21.358+0000][1][safepoint    ] Safepoint "Cleanup", Time since last: 1000273200 ns, Reaching safepoint: 243300 ns, At safepoint: 57900 ns, Total: 301200 ns
[2020-04-26T17:23:22.150+0000][1][safepoint    ] Safepoint "RevokeBias", Time since last: 792077900 ns, Reaching safepoint: 221900 ns, At safepoint: 97600 ns, Total: 319500 ns
[2020-04-26T17:23:22.151+0000][1][safepoint    ] Safepoint "RevokeBias", Time since last: 415200 ns, Reaching safepoint: 312200 ns, At safepoint: 186900 ns, Total: 499100 ns
[2020-04-26T17:23:22.152+0000][1][safepoint    ] Safepoint "RevokeBias", Time since last: 95000 ns, Reaching safepoint: 181500 ns, At safepoint: 131500 ns, Total: 313000 ns
[2020-04-26T17:23:22.158+0000][1][safepoint    ] Safepoint "RevokeBias", Time since last: 5605600 ns, Reaching safepoint: 211700 ns, At safepoint: 87700 ns, Total: 299400 ns
[2020-04-26T17:23:22.158+0000][1][safepoint    ] Safepoint "RevokeBias", Time since last: 66200 ns, Reaching safepoint: 160700 ns, At safepoint: 84700 ns, Total: 245400 ns
[2020-04-26T17:23:22.158+0000][1][safepoint    ] Safepoint "RevokeBias", Time since last: 240400 ns, Reaching safepoint: 215400 ns, At safepoint: 85600 ns, Total: 301000 ns
[2020-04-26T17:23:23.159+0000][1][safepoint    ] Safepoint "Cleanup", Time since last: 1000370100 ns, Reaching safepoint: 222000 ns, At safepoint: 61000 ns, Total: 283000 ns
[2020-04-26T17:23:24.160+0000][1][safepoint    ] Safepoint "Cleanup", Time since last: 1000308000 ns, Reaching safepoint: 444500 ns, At safepoint: 127900 ns, Total: 572400 ns
[2020-04-26T17:23:25.161+0000][1][safepoint    ] Safepoint "Cleanup", Time since last: 1000430100 ns, Reaching safepoint: 472500 ns, At safepoint: 134200 ns, Total: 606700 ns
[2020-04-26T17:23:26.162+0000][1][safepoint    ] Safepoint "Cleanup", Time since last: 1000556600 ns, Reaching safepoint: 527000 ns, At safepoint: 128400 ns, Total: 655400 ns
[2020-04-26T17:23:27.164+0000][1][safepoint    ] Safepoint "Cleanup", Time since last: 1000567200 ns, Reaching safepoint: 752500 ns, At safepoint: 214400 ns, Total: 966900 ns
[2020-04-26T17:23:28.165+0000][1][safepoint    ] Safepoint "Cleanup", Time since last: 1000385900 ns, Reaching safepoint: 518000 ns, At safepoint: 126900 ns, Total: 644900 ns
[2020-04-26T17:23:29.165+0000][1][safepoint    ] Safepoint "Cleanup", Time since last: 1000233000 ns, Reaching safepoint: 132700 ns, At safepoint: 28600 ns, Total: 161300 ns
[2020-04-26T17:23:30.166+0000][1][safepoint    ] Safepoint "Cleanup", Time since last: 1000529600 ns, Reaching safepoint: 400700 ns, At safepoint: 121700 ns, Total: 522400 ns
[2020-04-26T17:23:31.167+0000][1][safepoint    ] Safepoint "Cleanup", Time since last: 1000332600 ns, Reaching safepoint: 432800 ns, At safepoint: 128700 ns, Total: 561500 ns
[2020-04-26T17:23:31.398+0000][1][safepoint    ] Safepoint "BulkRevokeBias", Time since last: 228990500 ns, Reaching safepoint: 135200 ns, At safepoint: 1248900 ns, Total: 1384100 ns
[2020-04-26T17:23:31.399+0000][1][safepoint    ] Safepoint "RevokeBias", Time since last: 851200 ns, Reaching safepoint: 209900 ns, At safepoint: 50300 ns, Total: 260200 ns
[2020-04-26T17:23:31.425+0000][1][safepoint    ] Safepoint "RevokeBias", Time since last: 25697700 ns, Reaching safepoint: 138700 ns, At safepoint: 49000 ns, Total: 187700 ns
[2020-04-26T17:23:31.456+0000][1][safepoint    ] Safepoint "RevokeBias", Time since last: 31313100 ns, Reaching safepoint: 183600 ns, At safepoint: 54300 ns, Total: 237900 ns
[2020-04-26T17:23:31.483+0000][1][safepoint    ] Safepoint "RevokeBias", Time since last: 26784400 ns, Reaching safepoint: 142600 ns, At safepoint: 34000 ns, Total: 176600 ns
[2020-04-26T17:23:31.483+0000][1][safepoint    ] Safepoint "RevokeBias", Time since last: 165600 ns, Reaching safepoint: 78500 ns, At safepoint: 30400 ns, Total: 108900 ns
[2020-04-26T17:23:31.484+0000][1][safepoint    ] Safepoint "RevokeBias", Time since last: 100700 ns, Reaching safepoint: 69700 ns, At safepoint: 29000 ns, Total: 98700 ns
[2020-04-26T17:23:31.484+0000][1][safepoint    ] Safepoint "RevokeBias", Time since last: 76700 ns, Reaching safepoint: 71600 ns, At safepoint: 28500 ns, Total: 100100 ns
[2020-04-26T17:23:31.484+0000][1][safepoint    ] Safepoint "RevokeBias", Time since last: 101900 ns, Reaching safepoint: 71500 ns, At safepoint: 28300 ns, Total: 99800 ns
[2020-04-26T17:23:31.484+0000][1][safepoint    ] Safepoint "RevokeBias", Time since last: 123200 ns, Reaching safepoint: 69400 ns, At safepoint: 28100 ns, Total: 97500 ns
[2020-04-26T17:23:31.484+0000][1][safepoint    ] Safepoint "RevokeBias", Time since last: 107300 ns, Reaching safepoint: 80500 ns, At safepoint: 30700 ns, Total: 111200 ns
[2020-04-26T17:23:31.485+0000][1][safepoint    ] Safepoint "RevokeBias", Time since last: 129700 ns, Reaching safepoint: 72100 ns, At safepoint: 33500 ns, Total: 105600 ns
[2020-04-26T17:23:31.485+0000][1][safepoint    ] Safepoint "RevokeBias", Time since last: 174800 ns, Reaching safepoint: 73100 ns, At safepoint: 33100 ns, Total: 106200 ns
[2020-04-26T17:23:31.485+0000][1][safepoint    ] Safepoint "RevokeBias", Time since last: 125800 ns, Reaching safepoint: 76400 ns, At safepoint: 30300 ns, Total: 106700 ns
[2020-04-26T17:23:31.485+0000][1][safepoint    ] Safepoint "RevokeBias", Time since last: 119300 ns, Reaching safepoint: 73800 ns, At safepoint: 33400 ns, Total: 107200 ns
[2020-04-26T17:23:31.486+0000][1][safepoint    ] Safepoint "RevokeBias", Time since last: 134900 ns, Reaching safepoint: 72300 ns, At safepoint: 33400 ns, Total: 105700 ns
[2020-04-26T17:23:31.486+0000][1][safepoint    ] Safepoint "RevokeBias", Time since last: 133300 ns, Reaching safepoint: 70600 ns, At safepoint: 29800 ns, Total: 100400 ns
[2020-04-26T17:23:31.487+0000][1][safepoint    ] Safepoint "RevokeBias", Time since last: 1259800 ns, Reaching safepoint: 81300 ns, At safepoint: 53300 ns, Total: 134600 ns
[2020-04-26T17:23:31.518+0000][1][safepoint    ] Safepoint "RevokeBias", Time since last: 30272300 ns, Reaching safepoint: 151000 ns, At safepoint: 90700 ns, Total: 241700 ns
[2020-04-26T17:23:31.528+0000][1][safepoint    ] Safepoint "RevokeBias", Time since last: 9701500 ns, Reaching safepoint: 138400 ns, At safepoint: 78000 ns, Total: 216400 ns
[2020-04-26T17:23:31.528+0000][1][safepoint    ] Safepoint "RevokeBias", Time since last: 163700 ns, Reaching safepoint: 250000 ns, At safepoint: 123400 ns, Total: 373400 ns
[2020-04-26T17:23:31.544+0000][1][safepoint    ] Safepoint "RevokeBias", Time since last: 15756500 ns, Reaching safepoint: 143900 ns, At safepoint: 36100 ns, Total: 180000 ns
[2020-04-26T17:23:31.655+0000][1][safepoint    ] Safepoint "RevokeBias", Time since last: 110420700 ns, Reaching safepoint: 155000 ns, At safepoint: 38100 ns, Total: 193100 ns
[2020-04-26T17:23:31.823+0000][1][safepoint    ] Safepoint "RevokeBias", Time since last: 168519400 ns, Reaching safepoint: 145300 ns, At safepoint: 39000 ns, Total: 184300 ns
[2020-04-26T17:23:31.824+0000][1][safepoint    ] Safepoint "RevokeBias", Time since last: 566800 ns, Reaching safepoint: 108800 ns, At safepoint: 35900 ns, Total: 144700 ns
[2020-04-26T17:23:31.829+0000][1][safepoint    ] Safepoint "RevokeBias", Time since last: 4654300 ns, Reaching safepoint: 133200 ns, At safepoint: 57500 ns, Total: 190700 ns
[2020-04-26T17:23:31.858+0000][1][safepoint    ] Safepoint "RevokeBias", Time since last: 29296300 ns, Reaching safepoint: 130400 ns, At safepoint: 38300 ns, Total: 168700 ns
[2020-04-26T17:23:31.859+0000][1][safepoint    ] Safepoint "RevokeBias", Time since last: 139300 ns, Reaching safepoint: 95600 ns, At safepoint: 33700 ns, Total: 129300 ns
[2020-04-26T17:23:31.859+0000][1][safepoint    ] Safepoint "RevokeBias", Time since last: 142700 ns, Reaching safepoint: 72800 ns, At safepoint: 32600 ns, Total: 105400 ns
[2020-04-26T17:23:31.859+0000][1][safepoint    ] Safepoint "RevokeBias", Time since last: 134800 ns, Reaching safepoint: 70500 ns, At safepoint: 32300 ns, Total: 102800 ns
[2020-04-26T17:23:31.860+0000][1][safepoint    ] Safepoint "RevokeBias", Time since last: 1111900 ns, Reaching safepoint: 84100 ns, At safepoint: 65400 ns, Total: 149500 ns
[2020-04-26T17:23:31.892+0000][1][safepoint    ] Safepoint "RevokeBias", Time since last: 31264500 ns, Reaching safepoint: 178900 ns, At safepoint: 76700 ns, Total: 255600 ns
[2020-04-26T17:23:31.892+0000][1][safepoint    ] Safepoint "RevokeBias", Time since last: 172800 ns, Reaching safepoint: 96100 ns, At safepoint: 48900 ns, Total: 145000 ns
[2020-04-26T17:23:31.893+0000][1][safepoint    ] Safepoint "RevokeBias", Time since last: 229500 ns, Reaching safepoint: 95700 ns, At safepoint: 55900 ns, Total: 151600 ns
[2020-04-26T17:23:31.893+0000][1][safepoint    ] Safepoint "RevokeBias", Time since last: 498100 ns, Reaching safepoint: 211800 ns, At safepoint: 75400 ns, Total: 287200 ns
[2020-04-26T17:23:31.909+0000][1][safepoint    ] Safepoint "RevokeBias", Time since last: 15530700 ns, Reaching safepoint: 134000 ns, At safepoint: 90800 ns, Total: 224800 ns
[2020-04-26T17:23:31.910+0000][1][safepoint    ] Safepoint "RevokeBias", Time since last: 146100 ns, Reaching safepoint: 173800 ns, At safepoint: 77900 ns, Total: 251700 ns
[2020-04-26T17:23:31.925+0000][1][safepoint    ] Safepoint "RevokeBias", Time since last: 15477900 ns, Reaching safepoint: 124400 ns, At safepoint: 53400 ns, Total: 177800 ns
[2020-04-26T17:23:32.532+0000][1][safepoint    ] Safepoint "RevokeBias", Time since last: 606047400 ns, Reaching safepoint: 218700 ns, At safepoint: 55100 ns, Total: 273800 ns
[2020-04-26T17:23:32.536+0000][1][safepoint    ] Safepoint "RevokeBias", Time since last: 4039200 ns, Reaching safepoint: 177300 ns, At safepoint: 59400 ns, Total: 236700 ns
[2020-04-26T17:23:32.536+0000][1][safepoint    ] Safepoint "RevokeBias", Time since last: 227300 ns, Reaching safepoint: 107000 ns, At safepoint: 49000 ns, Total: 156000 ns
[2020-04-26T17:23:32.537+0000][1][gc,start     ] GC(46) Pause Young (Allocation Failure)
[2020-04-26T17:23:32.537+0000][1][gc,task      ] GC(46) Using 10 workers of 10 for evacuation
[2020-04-26T17:23:32.540+0000][1][gc,age       ] GC(46) Desired survivor size 8945664 bytes, new threshold 6 (max threshold 6)
[2020-04-26T17:23:32.540+0000][1][gc,age       ] GC(46) Age table with threshold 6 (max threshold 6)
[2020-04-26T17:23:32.540+0000][1][gc,age       ] GC(46) - age   1:     421912 bytes,     421912 total
[2020-04-26T17:23:32.540+0000][1][gc,age       ] GC(46) - age   2:      33264 bytes,     455176 total
[2020-04-26T17:23:32.540+0000][1][gc,age       ] GC(46) - age   3:      13480 bytes,     468656 total
[2020-04-26T17:23:32.540+0000][1][gc,age       ] GC(46) - age   4:     959104 bytes,    1427760 total
[2020-04-26T17:23:32.540+0000][1][gc,age       ] GC(46) - age   5:      45024 bytes,    1472784 total
[2020-04-26T17:23:32.540+0000][1][gc,age       ] GC(46) - age   6:      24416 bytes,    1497200 total
[2020-04-26T17:23:32.540+0000][1][gc,heap      ] GC(46) ParNew: 141423K->1756K(157248K)
[2020-04-26T17:23:32.540+0000][1][gc,heap      ] GC(46) CMS: 79676K->79723K(349568K)
[2020-04-26T17:23:32.540+0000][1][gc,metaspace ] GC(46) Metaspace: 97503K->97503K(1138688K)
[2020-04-26T17:23:32.540+0000][1][gc           ] GC(46) Pause Young (Allocation Failure) 215M->79M(494M) 3.080ms
[2020-04-26T17:23:32.540+0000][1][gc,cpu       ] GC(46) User=0.01s Sys=0.00s Real=0.00s
[2020-04-26T17:23:32.540+0000][1][safepoint    ] Safepoint "GenCollectForAllocation", Time since last: 290000 ns, Reaching safepoint: 74400 ns, At safepoint: 3177800 ns, Total: 3252200 ns
[2020-04-26T17:23:32.894+0000][1][safepoint    ] Safepoint "RevokeBias", Time since last: 353906500 ns, Reaching safepoint: 268500 ns, At safepoint: 96500 ns, Total: 365000 ns
[2020-04-26T17:23:32.895+0000][1][safepoint    ] Safepoint "RevokeBias", Time since last: 333900 ns, Reaching safepoint: 182600 ns, At safepoint: 86100 ns, Total: 268700 ns
[2020-04-26T17:23:32.895+0000][1][safepoint    ] Safepoint "RevokeBias", Time since last: 323900 ns, Reaching safepoint: 180200 ns, At safepoint: 106500 ns, Total: 286700 ns
[2020-04-26T17:23:33.896+0000][1][safepoint    ] Safepoint "Cleanup", Time since last: 1000232700 ns, Reaching safepoint: 170700 ns, At safepoint: 44700 ns, Total: 215400 ns
[2020-04-26T17:23:34.658+0000][1][safepoint    ] Safepoint "RevokeBias", Time since last: 761873800 ns, Reaching safepoint: 174100 ns, At safepoint: 46200 ns, Total: 220300 ns
[2020-04-26T17:23:35.659+0000][1][safepoint    ] Safepoint "Cleanup", Time since last: 1000512600 ns, Reaching safepoint: 486200 ns, At safepoint: 258000 ns, Total: 744200 ns
[2020-04-26T17:23:36.660+0000][1][safepoint    ] Safepoint "Cleanup", Time since last: 1000647500 ns, Reaching safepoint: 132500 ns, At safepoint: 46000 ns, Total: 178500 ns
[2020-04-26T17:23:37.661+0000][1][safepoint    ] Safepoint "Cleanup", Time since last: 1000570500 ns, Reaching safepoint: 562600 ns, At safepoint: 192200 ns, Total: 754800 ns
[2020-04-26T17:23:38.663+0000][1][safepoint    ] Safepoint "Cleanup", Time since last: 1000710000 ns, Reaching safepoint: 451800 ns, At safepoint: 272000 ns, Total: 723800 ns
[2020-04-26T17:23:39.663+0000][1][safepoint    ] Safepoint "Cleanup", Time since last: 1000313100 ns, Reaching safepoint: 134400 ns, At safepoint: 45900 ns, Total: 180300 ns
[2020-04-26T17:23:40.663+0000][1][safepoint    ] Safepoint "Cleanup", Time since last: 1000150500 ns, Reaching safepoint: 134900 ns, At safepoint: 44200 ns, Total: 179100 ns
[2020-04-26T17:23:41.664+0000][1][safepoint    ] Safepoint "Cleanup", Time since last: 1000244000 ns, Reaching safepoint: 148100 ns, At safepoint: 44000 ns, Total: 192100 ns
[2020-04-26T17:23:42.665+0000][1][safepoint    ] Safepoint "Cleanup", Time since last: 1000328600 ns, Reaching safepoint: 299000 ns, At safepoint: 120400 ns, Total: 419400 ns
[2020-04-26T17:23:43.666+0000][1][safepoint    ] Safepoint "Cleanup", Time since last: 1000695000 ns, Reaching safepoint: 634500 ns, At safepoint: 205600 ns, Total: 840100 ns
[2020-04-26T17:23:44.667+0000][1][safepoint    ] Safepoint "Cleanup", Time since last: 1000648300 ns, Reaching safepoint: 140200 ns, At safepoint: 50200 ns, Total: 190400 ns
[2020-04-26T17:23:45.668+0000][1][safepoint    ] Safepoint "Cleanup", Time since last: 1000498600 ns, Reaching safepoint: 227400 ns, At safepoint: 92900 ns, Total: 320300 ns
[2020-04-26T17:23:46.478+0000][1][safepoint    ] Safepoint "RevokeBias", Time since last: 809659300 ns, Reaching safepoint: 124300 ns, At safepoint: 66500 ns, Total: 190800 ns
[2020-04-26T17:23:46.495+0000][1][safepoint    ] Safepoint "RevokeBias", Time since last: 17382900 ns, Reaching safepoint: 124500 ns, At safepoint: 34500 ns, Total: 159000 ns
[2020-04-26T17:23:46.496+0000][1][safepoint    ] Safepoint "RevokeBias", Time since last: 311000 ns, Reaching safepoint: 93100 ns, At safepoint: 33600 ns, Total: 126700 ns
[2020-04-26T17:23:46.496+0000][1][safepoint    ] Safepoint "RevokeBias", Time since last: 421200 ns, Reaching safepoint: 73900 ns, At safepoint: 47300 ns, Total: 121200 ns
[2020-04-26T17:23:46.507+0000][1][safepoint    ] Safepoint "RevokeBias", Time since last: 10898600 ns, Reaching safepoint: 85300 ns, At safepoint: 34600 ns, Total: 119900 ns
[2020-04-26T17:23:46.508+0000][1][safepoint    ] Safepoint "RevokeBias", Time since last: 168000 ns, Reaching safepoint: 76600 ns, At safepoint: 32800 ns, Total: 109400 ns
[2020-04-26T17:23:46.508+0000][1][safepoint    ] Safepoint "RevokeBias", Time since last: 164100 ns, Reaching safepoint: 71300 ns, At safepoint: 32100 ns, Total: 103400 ns
[2020-04-26T17:23:46.508+0000][1][safepoint    ] Safepoint "RevokeBias", Time since last: 162300 ns, Reaching safepoint: 70800 ns, At safepoint: 32000 ns, Total: 102800 ns
[2020-04-26T17:23:46.508+0000][1][safepoint    ] Safepoint "RevokeBias", Time since last: 170100 ns, Reaching safepoint: 84900 ns, At safepoint: 31400 ns, Total: 116300 ns
[2020-04-26T17:23:46.509+0000][1][safepoint    ] Safepoint "RevokeBias", Time since last: 146000 ns, Reaching safepoint: 78600 ns, At safepoint: 30000 ns, Total: 108600 ns
[2020-04-26T17:23:46.518+0000][1][safepoint    ] Safepoint "RevokeBias", Time since last: 8989600 ns, Reaching safepoint: 86200 ns, At safepoint: 34400 ns, Total: 120600 ns
[2020-04-26T17:23:46.518+0000][1][safepoint    ] Safepoint "RevokeBias", Time since last: 277600 ns, Reaching safepoint: 75500 ns, At safepoint: 32900 ns, Total: 108400 ns
[2020-04-26T17:23:46.519+0000][1][safepoint    ] Safepoint "RevokeBias", Time since last: 417300 ns, Reaching safepoint: 71000 ns, At safepoint: 32600 ns, Total: 103600 ns
[2020-04-26T17:23:46.519+0000][1][safepoint    ] Safepoint "BulkRevokeBias", Time since last: 182100 ns, Reaching safepoint: 74900 ns, At safepoint: 484100 ns, Total: 559000 ns
[2020-04-26T17:23:46.520+0000][1][safepoint    ] Safepoint "BulkRevokeBias", Time since last: 160300 ns, Reaching safepoint: 73900 ns, At safepoint: 448100 ns, Total: 522000 ns
[2020-04-26T17:23:46.528+0000][1][safepoint    ] Safepoint "RevokeBias", Time since last: 7788300 ns, Reaching safepoint: 119200 ns, At safepoint: 87400 ns, Total: 206600 ns
[2020-04-26T17:23:46.554+0000][1][safepoint    ] Safepoint "RevokeBias", Time since last: 26102100 ns, Reaching safepoint: 127300 ns, At safepoint: 37700 ns, Total: 165000 ns
[2020-04-26T17:23:46.555+0000][1][safepoint    ] Safepoint "RevokeBias", Time since last: 185500 ns, Reaching safepoint: 85500 ns, At safepoint: 33000 ns, Total: 118500 ns
[2020-04-26T17:23:46.555+0000][1][safepoint    ] Safepoint "RevokeBias", Time since last: 316200 ns, Reaching safepoint: 158900 ns, At safepoint: 58700 ns, Total: 217600 ns
[2020-04-26T17:23:46.555+0000][1][safepoint    ] Safepoint "RevokeBias", Time since last: 244600 ns, Reaching safepoint: 70800 ns, At safepoint: 32200 ns, Total: 103000 ns
[2020-04-26T17:23:46.556+0000][1][safepoint    ] Safepoint "RevokeBias", Time since last: 186500 ns, Reaching safepoint: 72200 ns, At safepoint: 32600 ns, Total: 104800 ns
[2020-04-26T17:23:46.557+0000][1][safepoint    ] Safepoint "RevokeBias", Time since last: 1223200 ns, Reaching safepoint: 94100 ns, At safepoint: 49800 ns, Total: 143900 ns
[2020-04-26T17:23:46.589+0000][1][safepoint    ] Safepoint "RevokeBias", Time since last: 31191100 ns, Reaching safepoint: 201300 ns, At safepoint: 154600 ns, Total: 355900 ns
[2020-04-26T17:23:46.599+0000][1][safepoint    ] Safepoint "RevokeBias", Time since last: 9585100 ns, Reaching safepoint: 242500 ns, At safepoint: 142400 ns, Total: 384900 ns
[2020-04-26T17:23:46.599+0000][1][safepoint    ] Safepoint "RevokeBias", Time since last: 165700 ns, Reaching safepoint: 94900 ns, At safepoint: 61700 ns, Total: 156600 ns
[2020-04-26T17:23:46.614+0000][1][safepoint    ] Safepoint "RevokeBias", Time since last: 14356400 ns, Reaching safepoint: 235900 ns, At safepoint: 61400 ns, Total: 297300 ns
[2020-04-26T17:23:46.726+0000][1][safepoint    ] Safepoint "RevokeBias", Time since last: 112580900 ns, Reaching safepoint: 159700 ns, At safepoint: 48800 ns, Total: 208500 ns
[2020-04-26T17:23:46.728+0000][1][safepoint    ] Safepoint "RevokeBias", Time since last: 1093500 ns, Reaching safepoint: 189200 ns, At safepoint: 71300 ns, Total: 260500 ns
[2020-04-26T17:23:46.766+0000][1][safepoint    ] Safepoint "RevokeBias", Time since last: 37895200 ns, Reaching safepoint: 160600 ns, At safepoint: 55400 ns, Total: 216000 ns
[2020-04-26T17:23:46.943+0000][1][safepoint    ] Safepoint "RevokeBias", Time since last: 176797100 ns, Reaching safepoint: 143100 ns, At safepoint: 45500 ns, Total: 188600 ns
[2020-04-26T17:23:46.944+0000][1][safepoint    ] Safepoint "RevokeBias", Time since last: 779300 ns, Reaching safepoint: 92300 ns, At safepoint: 37400 ns, Total: 129700 ns
[2020-04-26T17:23:46.949+0000][1][safepoint    ] Safepoint "RevokeBias", Time since last: 4826000 ns, Reaching safepoint: 272900 ns, At safepoint: 107200 ns, Total: 380100 ns
[2020-04-26T17:23:46.978+0000][1][safepoint    ] Safepoint "RevokeBias", Time since last: 28834000 ns, Reaching safepoint: 123300 ns, At safepoint: 52900 ns, Total: 176200 ns
[2020-04-26T17:23:46.978+0000][1][safepoint    ] Safepoint "RevokeBias", Time since last: 200500 ns, Reaching safepoint: 97400 ns, At safepoint: 33800 ns, Total: 131200 ns
[2020-04-26T17:23:46.979+0000][1][safepoint    ] Safepoint "RevokeBias", Time since last: 167700 ns, Reaching safepoint: 73700 ns, At safepoint: 33100 ns, Total: 106800 ns
[2020-04-26T17:23:46.979+0000][1][safepoint    ] Safepoint "RevokeBias", Time since last: 152900 ns, Reaching safepoint: 70700 ns, At safepoint: 45400 ns, Total: 116100 ns
[2020-04-26T17:23:46.980+0000][1][safepoint    ] Safepoint "RevokeBias", Time since last: 1175200 ns, Reaching safepoint: 82700 ns, At safepoint: 48800 ns, Total: 131500 ns
[2020-04-26T17:23:47.010+0000][1][safepoint    ] Safepoint "RevokeBias", Time since last: 30000600 ns, Reaching safepoint: 145100 ns, At safepoint: 72700 ns, Total: 217800 ns
[2020-04-26T17:23:47.020+0000][1][safepoint    ] Safepoint "RevokeBias", Time since last: 8957500 ns, Reaching safepoint: 232100 ns, At safepoint: 88400 ns, Total: 320500 ns
[2020-04-26T17:23:47.020+0000][1][safepoint    ] Safepoint "RevokeBias", Time since last: 137700 ns, Reaching safepoint: 177700 ns, At safepoint: 71100 ns, Total: 248800 ns
[2020-04-26T17:23:47.036+0000][1][safepoint    ] Safepoint "RevokeBias", Time since last: 16150100 ns, Reaching safepoint: 125600 ns, At safepoint: 37300 ns, Total: 162900 ns
[2020-04-26T17:23:47.644+0000][1][safepoint    ] Safepoint "RevokeBias", Time since last: 607382000 ns, Reaching safepoint: 137500 ns, At safepoint: 44800 ns, Total: 182300 ns
[2020-04-26T17:23:47.645+0000][1][safepoint    ] Safepoint "RevokeBias", Time since last: 624500 ns, Reaching safepoint: 102800 ns, At safepoint: 49200 ns, Total: 152000 ns
[2020-04-26T17:23:48.010+0000][1][safepoint    ] Safepoint "RevokeBias", Time since last: 365612000 ns, Reaching safepoint: 134400 ns, At safepoint: 41900 ns, Total: 176300 ns
[2020-04-26T17:23:48.011+0000][1][safepoint    ] Safepoint "RevokeBias", Time since last: 195900 ns, Reaching safepoint: 89900 ns, At safepoint: 37300 ns, Total: 127200 ns
[2020-04-26T17:23:48.011+0000][1][safepoint    ] Safepoint "RevokeBias", Time since last: 160700 ns, Reaching safepoint: 82000 ns, At safepoint: 33700 ns, Total: 115700 ns
[2020-04-26T17:23:49.012+0000][1][safepoint    ] Safepoint "Cleanup", Time since last: 1000181600 ns, Reaching safepoint: 201300 ns, At safepoint: 42100 ns, Total: 243400 ns
[2020-04-26T17:23:49.671+0000][1][safepoint    ] Safepoint "RevokeBias", Time since last: 658925500 ns, Reaching safepoint: 143900 ns, At safepoint: 42600 ns, Total: 186500 ns
[2020-04-26T17:23:50.671+0000][1][safepoint    ] Safepoint "Cleanup", Time since last: 1000187000 ns, Reaching safepoint: 152900 ns, At safepoint: 38600 ns, Total: 191500 ns
[2020-04-26T17:23:51.671+0000][1][safepoint    ] Safepoint "Cleanup", Time since last: 1000213700 ns, Reaching safepoint: 150700 ns, At safepoint: 43100 ns, Total: 193800 ns
[2020-04-26T17:23:52.672+0000][1][safepoint    ] Safepoint "Cleanup", Time since last: 1000225600 ns, Reaching safepoint: 382300 ns, At safepoint: 146600 ns, Total: 528900 ns
[2020-04-26T17:23:53.674+0000][1][safepoint    ] Safepoint "Cleanup", Time since last: 1000790700 ns, Reaching safepoint: 702700 ns, At safepoint: 216500 ns, Total: 919200 ns
[2020-04-26T17:23:54.675+0000][1][safepoint    ] Safepoint "Cleanup", Time since last: 1000467800 ns, Reaching safepoint: 767700 ns, At safepoint: 200700 ns, Total: 968400 ns
[2020-04-26T17:23:55.677+0000][1][safepoint    ] Safepoint "Cleanup", Time since last: 1000729900 ns, Reaching safepoint: 611500 ns, At safepoint: 148600 ns, Total: 760100 ns
[2020-04-26T17:23:56.678+0000][1][safepoint    ] Safepoint "Cleanup", Time since last: 1000280000 ns, Reaching safepoint: 332200 ns, At safepoint: 96900 ns, Total: 429100 ns
[2020-04-26T17:23:57.679+0000][1][safepoint    ] Safepoint "Cleanup", Time since last: 1000439300 ns, Reaching safepoint: 438300 ns, At safepoint: 139300 ns, Total: 577600 ns
[2020-04-26T17:23:58.680+0000][1][safepoint    ] Safepoint "Cleanup", Time since last: 1000554700 ns, Reaching safepoint: 511000 ns, At safepoint: 134400 ns, Total: 645400 ns
[2020-04-26T17:23:59.680+0000][1][safepoint    ] Safepoint "Cleanup", Time since last: 1000288500 ns, Reaching safepoint: 149300 ns, At safepoint: 51900 ns, Total: 201200 ns
[2020-04-26T17:24:00.681+0000][1][safepoint    ] Safepoint "Cleanup", Time since last: 1000239300 ns, Reaching safepoint: 181100 ns, At safepoint: 42700 ns, Total: 223800 ns
[2020-04-26T17:24:01.681+0000][1][safepoint    ] Safepoint "Cleanup", Time since last: 1000271600 ns, Reaching safepoint: 408900 ns, At safepoint: 47900 ns, Total: 456800 ns
[2020-04-26T17:24:02.683+0000][1][safepoint    ] Safepoint "Cleanup", Time since last: 1000412600 ns, Reaching safepoint: 615100 ns, At safepoint: 286000 ns, Total: 901100 ns
[2020-04-26T17:24:03.684+0000][1][safepoint    ] Safepoint "Cleanup", Time since last: 1000404200 ns, Reaching safepoint: 378800 ns, At safepoint: 56600 ns, Total: 435400 ns
[2020-04-26T17:24:04.684+0000][1][safepoint    ] Safepoint "Cleanup", Time since last: 1000227400 ns, Reaching safepoint: 138500 ns, At safepoint: 30000 ns, Total: 168500 ns
[2020-04-26T17:24:05.685+0000][1][safepoint    ] Safepoint "Cleanup", Time since last: 1000271500 ns, Reaching safepoint: 324100 ns, At safepoint: 47700 ns, Total: 371800 ns
[2020-04-26T17:24:06.685+0000][1][safepoint    ] Safepoint "Cleanup", Time since last: 1000275500 ns, Reaching safepoint: 295500 ns, At safepoint: 64100 ns, Total: 359600 ns
[2020-04-26T17:24:07.686+0000][1][safepoint    ] Safepoint "Cleanup", Time since last: 1000218000 ns, Reaching safepoint: 194200 ns, At safepoint: 34500 ns, Total: 228700 ns
[2020-04-26T17:24:08.686+0000][1][safepoint    ] Safepoint "Cleanup", Time since last: 1000149900 ns, Reaching safepoint: 131500 ns, At safepoint: 29800 ns, Total: 161300 ns
[2020-04-26T17:24:09.687+0000][1][safepoint    ] Safepoint "Cleanup", Time since last: 1000235300 ns, Reaching safepoint: 263400 ns, At safepoint: 110600 ns, Total: 374000 ns
[2020-04-26T17:24:10.687+0000][1][safepoint    ] Safepoint "Cleanup", Time since last: 1000324600 ns, Reaching safepoint: 131500 ns, At safepoint: 31800 ns, Total: 163300 ns
[2020-04-26T17:24:11.688+0000][1][safepoint    ] Safepoint "Cleanup", Time since last: 1000489100 ns, Reaching safepoint: 278800 ns, At safepoint: 76900 ns, Total: 355700 ns
[2020-04-26T17:24:12.689+0000][1][safepoint    ] Safepoint "Cleanup", Time since last: 1000356600 ns, Reaching safepoint: 450200 ns, At safepoint: 214300 ns, Total: 664500 ns
[2020-04-26T17:24:13.690+0000][1][safepoint    ] Safepoint "Cleanup", Time since last: 1000634900 ns, Reaching safepoint: 338100 ns, At safepoint: 151600 ns, Total: 489700 ns
[2020-04-26T17:24:14.691+0000][1][safepoint    ] Safepoint "Cleanup", Time since last: 1000404200 ns, Reaching safepoint: 737100 ns, At safepoint: 212700 ns, Total: 949800 ns
[2020-04-26T17:24:15.692+0000][1][safepoint    ] Safepoint "Cleanup", Time since last: 1000276600 ns, Reaching safepoint: 249900 ns, At safepoint: 81600 ns, Total: 331500 ns
[2020-04-26T17:24:16.693+0000][1][safepoint    ] Safepoint "Cleanup", Time since last: 1000227900 ns, Reaching safepoint: 470000 ns, At safepoint: 89100 ns, Total: 559100 ns
[2020-04-26T17:24:17.011+0000][1][safepoint    ] Safepoint "RevokeBias", Time since last: 317651900 ns, Reaching safepoint: 174000 ns, At safepoint: 49000 ns, Total: 223000 ns
[2020-04-26T17:24:17.011+0000][1][safepoint    ] Safepoint "RevokeBias", Time since last: 322000 ns, Reaching safepoint: 111300 ns, At safepoint: 56500 ns, Total: 167800 ns
[2020-04-26T17:24:18.012+0000][1][safepoint    ] Safepoint "Cleanup", Time since last: 1000644300 ns, Reaching safepoint: 454800 ns, At safepoint: 142200 ns, Total: 597000 ns
[2020-04-26T17:24:19.013+0000][1][safepoint    ] Safepoint "Cleanup", Time since last: 1000618700 ns, Reaching safepoint: 336000 ns, At safepoint: 100300 ns, Total: 436300 ns
[2020-04-26T17:24:20.015+0000][1][safepoint    ] Safepoint "Cleanup", Time since last: 1000692300 ns, Reaching safepoint: 457200 ns, At safepoint: 137500 ns, Total: 594700 ns
[2020-04-26T17:24:21.015+0000][1][safepoint    ] Safepoint "Cleanup", Time since last: 1000263800 ns, Reaching safepoint: 269100 ns, At safepoint: 52900 ns, Total: 322000 ns
[2020-04-26T17:24:22.016+0000][1][safepoint    ] Safepoint "Cleanup", Time since last: 1000175300 ns, Reaching safepoint: 259600 ns, At safepoint: 44200 ns, Total: 303800 ns
[2020-04-26T17:24:22.342+0000][1][safepoint    ] Safepoint "RevokeBias", Time since last: 325722600 ns, Reaching safepoint: 458700 ns, At safepoint: 300700 ns, Total: 759400 ns
[2020-04-26T17:24:23.343+0000][1][safepoint    ] Safepoint "Cleanup", Time since last: 1000727100 ns, Reaching safepoint: 232700 ns, At safepoint: 64800 ns, Total: 297500 ns
[2020-04-26T17:24:24.133+0000][1][safepoint    ] Safepoint "RevokeBias", Time since last: 789692600 ns, Reaching safepoint: 167300 ns, At safepoint: 82900 ns, Total: 250200 ns
[2020-04-26T17:24:24.134+0000][1][safepoint    ] Safepoint "RevokeBias", Time since last: 176000 ns, Reaching safepoint: 249500 ns, At safepoint: 80000 ns, Total: 329500 ns
[2020-04-26T17:24:24.140+0000][1][safepoint    ] Safepoint "RevokeBias", Time since last: 5951000 ns, Reaching safepoint: 148400 ns, At safepoint: 80800 ns, Total: 229200 ns
[2020-04-26T17:24:24.140+0000][1][safepoint    ] Safepoint "RevokeBias", Time since last: 163500 ns, Reaching safepoint: 196200 ns, At safepoint: 129600 ns, Total: 325800 ns
[2020-04-26T17:24:24.141+0000][1][safepoint    ] Safepoint "RevokeBias", Time since last: 71200 ns, Reaching safepoint: 342000 ns, At safepoint: 190500 ns, Total: 532500 ns
[2020-04-26T17:24:25.141+0000][1][safepoint    ] Safepoint "Cleanup", Time since last: 1000196400 ns, Reaching safepoint: 132200 ns, At safepoint: 29100 ns, Total: 161300 ns
[2020-04-26T17:24:26.143+0000][1][safepoint    ] Safepoint "Cleanup", Time since last: 1000560100 ns, Reaching safepoint: 433600 ns, At safepoint: 184600 ns, Total: 618200 ns
[2020-04-26T17:24:27.144+0000][1][safepoint    ] Safepoint "Cleanup", Time since last: 1000517200 ns, Reaching safepoint: 439800 ns, At safepoint: 186300 ns, Total: 626100 ns
[2020-04-26T17:24:28.144+0000][1][safepoint    ] Safepoint "Cleanup", Time since last: 1000235600 ns, Reaching safepoint: 251800 ns, At safepoint: 84300 ns, Total: 336100 ns
[2020-04-26T17:24:29.146+0000][1][safepoint    ] Safepoint "Cleanup", Time since last: 1000631400 ns, Reaching safepoint: 509100 ns, At safepoint: 133600 ns, Total: 642700 ns
[2020-04-26T17:24:30.146+0000][1][safepoint    ] Safepoint "Cleanup", Time since last: 1000561100 ns, Reaching safepoint: 192800 ns, At safepoint: 54900 ns, Total: 247700 ns
[2020-04-26T17:24:31.147+0000][1][safepoint    ] Safepoint "Cleanup", Time since last: 1000160900 ns, Reaching safepoint: 155100 ns, At safepoint: 44700 ns, Total: 199800 ns
[2020-04-26T17:24:32.148+0000][1][safepoint    ] Safepoint "Cleanup", Time since last: 1000381900 ns, Reaching safepoint: 433000 ns, At safepoint: 135600 ns, Total: 568600 ns
[2020-04-26T17:24:33.149+0000][1][safepoint    ] Safepoint "Cleanup", Time since last: 1000660700 ns, Reaching safepoint: 194200 ns, At safepoint: 52100 ns, Total: 246300 ns
[2020-04-26T17:24:34.150+0000][1][safepoint    ] Safepoint "Cleanup", Time since last: 1000311700 ns, Reaching safepoint: 511200 ns, At safepoint: 129600 ns, Total: 640800 ns
[2020-04-26T17:24:35.150+0000][1][safepoint    ] Safepoint "Cleanup", Time since last: 1000340000 ns, Reaching safepoint: 302100 ns, At safepoint: 90000 ns, Total: 392100 ns
[2020-04-26T17:24:36.151+0000][1][safepoint    ] Safepoint "Cleanup", Time since last: 1000613100 ns, Reaching safepoint: 324000 ns, At safepoint: 102200 ns, Total: 426200 ns
[2020-04-26T17:24:37.153+0000][1][safepoint    ] Safepoint "Cleanup", Time since last: 1000698900 ns, Reaching safepoint: 478100 ns, At safepoint: 134300 ns, Total: 612400 ns
[2020-04-26T17:24:38.153+0000][1][safepoint    ] Safepoint "Cleanup", Time since last: 1000169700 ns, Reaching safepoint: 135900 ns, At safepoint: 29500 ns, Total: 165400 ns
[2020-04-26T17:24:39.154+0000][1][safepoint    ] Safepoint "Cleanup", Time since last: 1000281600 ns, Reaching safepoint: 568900 ns, At safepoint: 133400 ns, Total: 702300 ns
[2020-04-26T17:24:40.154+0000][1][safepoint    ] Safepoint "Cleanup", Time since last: 1000346000 ns, Reaching safepoint: 130800 ns, At safepoint: 28400 ns, Total: 159200 ns
[2020-04-26T17:24:41.156+0000][1][safepoint    ] Safepoint "Cleanup", Time since last: 1000631000 ns, Reaching safepoint: 440900 ns, At safepoint: 152600 ns, Total: 593500 ns
[2020-04-26T17:24:42.157+0000][1][safepoint    ] Safepoint "Cleanup", Time since last: 1000522100 ns, Reaching safepoint: 551500 ns, At safepoint: 135200 ns, Total: 686700 ns
[2020-04-26T17:24:43.158+0000][1][safepoint    ] Safepoint "Cleanup", Time since last: 1000288300 ns, Reaching safepoint: 254700 ns, At safepoint: 60300 ns, Total: 315000 ns
[2020-04-26T17:24:44.159+0000][1][safepoint    ] Safepoint "Cleanup", Time since last: 1000564600 ns, Reaching safepoint: 661700 ns, At safepoint: 157700 ns, Total: 819400 ns
[2020-04-26T17:24:45.160+0000][1][safepoint    ] Safepoint "Cleanup", Time since last: 1000660400 ns, Reaching safepoint: 283000 ns, At safepoint: 68300 ns, Total: 351300 ns
[2020-04-26T17:24:46.161+0000][1][safepoint    ] Safepoint "Cleanup", Time since last: 1000340200 ns, Reaching safepoint: 507200 ns, At safepoint: 130000 ns, Total: 637200 ns
[2020-04-26T17:24:47.161+0000][1][safepoint    ] Safepoint "Cleanup", Time since last: 1000312900 ns, Reaching safepoint: 209200 ns, At safepoint: 63400 ns, Total: 272600 ns
[2020-04-26T17:24:48.163+0000][1][safepoint    ] Safepoint "Cleanup", Time since last: 1000447200 ns, Reaching safepoint: 482100 ns, At safepoint: 130600 ns, Total: 612700 ns
[2020-04-26T17:24:49.163+0000][1][safepoint    ] Safepoint "Cleanup", Time since last: 1000447100 ns, Reaching safepoint: 369000 ns, At safepoint: 114800 ns, Total: 483800 ns
[2020-04-26T17:24:50.165+0000][1][safepoint    ] Safepoint "Cleanup", Time since last: 1000675200 ns, Reaching safepoint: 337700 ns, At safepoint: 100000 ns, Total: 437700 ns
[2020-04-26T17:24:51.165+0000][1][safepoint    ] Safepoint "Cleanup", Time since last: 1000259800 ns, Reaching safepoint: 130600 ns, At safepoint: 32500 ns, Total: 163100 ns
[2020-04-26T17:24:52.166+0000][1][safepoint    ] Safepoint "Cleanup", Time since last: 1000605600 ns, Reaching safepoint: 186800 ns, At safepoint: 50000 ns, Total: 236800 ns
[2020-04-26T17:24:53.166+0000][1][safepoint    ] Safepoint "Cleanup", Time since last: 1000301900 ns, Reaching safepoint: 144400 ns, At safepoint: 29400 ns, Total: 173800 ns
[2020-04-26T17:24:54.167+0000][1][safepoint    ] Safepoint "Cleanup", Time since last: 1000536800 ns, Reaching safepoint: 133100 ns, At safepoint: 32900 ns, Total: 166000 ns
[2020-04-26T17:24:55.168+0000][1][safepoint    ] Safepoint "Cleanup", Time since last: 1000670900 ns, Reaching safepoint: 430900 ns, At safepoint: 134400 ns, Total: 565300 ns
[2020-04-26T17:24:56.170+0000][1][safepoint    ] Safepoint "Cleanup", Time since last: 1000724200 ns, Reaching safepoint: 434500 ns, At safepoint: 134200 ns, Total: 568700 ns
[2020-04-26T17:24:57.031+0000][1][safepoint    ] Safepoint "RevokeBias", Time since last: 861578400 ns, Reaching safepoint: 131100 ns, At safepoint: 58900 ns, Total: 190000 ns
[2020-04-26T17:24:57.032+0000][1][safepoint    ] Safepoint "RevokeBias", Time since last: 541400 ns, Reaching safepoint: 87400 ns, At safepoint: 35400 ns, Total: 122800 ns
[2020-04-26T17:24:57.056+0000][1][safepoint    ] Safepoint "RevokeBias", Time since last: 23466600 ns, Reaching safepoint: 189500 ns, At safepoint: 54000 ns, Total: 243500 ns
[2020-04-26T17:24:57.057+0000][1][safepoint    ] Safepoint "RevokeBias", Time since last: 700900 ns, Reaching safepoint: 147700 ns, At safepoint: 46500 ns, Total: 194200 ns
[2020-04-26T17:24:57.068+0000][1][safepoint    ] Safepoint "RevokeBias", Time since last: 11253800 ns, Reaching safepoint: 88700 ns, At safepoint: 33300 ns, Total: 122000 ns
[2020-04-26T17:24:57.068+0000][1][safepoint    ] Safepoint "RevokeBias", Time since last: 167400 ns, Reaching safepoint: 71500 ns, At safepoint: 31200 ns, Total: 102700 ns
[2020-04-26T17:24:57.068+0000][1][safepoint    ] Safepoint "RevokeBias", Time since last: 152700 ns, Reaching safepoint: 68900 ns, At safepoint: 30800 ns, Total: 99700 ns
[2020-04-26T17:24:57.069+0000][1][safepoint    ] Safepoint "RevokeBias", Time since last: 147200 ns, Reaching safepoint: 82200 ns, At safepoint: 30500 ns, Total: 112700 ns
[2020-04-26T17:24:57.069+0000][1][safepoint    ] Safepoint "RevokeBias", Time since last: 165900 ns, Reaching safepoint: 68500 ns, At safepoint: 30500 ns, Total: 99000 ns
[2020-04-26T17:24:57.069+0000][1][safepoint    ] Safepoint "RevokeBias", Time since last: 186500 ns, Reaching safepoint: 70000 ns, At safepoint: 30700 ns, Total: 100700 ns
[2020-04-26T17:24:57.078+0000][1][safepoint    ] Safepoint "RevokeBias", Time since last: 8969700 ns, Reaching safepoint: 75500 ns, At safepoint: 30200 ns, Total: 105700 ns
[2020-04-26T17:24:57.079+0000][1][safepoint    ] Safepoint "RevokeBias", Time since last: 278800 ns, Reaching safepoint: 87000 ns, At safepoint: 28600 ns, Total: 115600 ns
[2020-04-26T17:24:57.079+0000][1][safepoint    ] Safepoint "RevokeBias", Time since last: 391400 ns, Reaching safepoint: 68900 ns, At safepoint: 29100 ns, Total: 98000 ns
[2020-04-26T17:24:57.080+0000][1][safepoint    ] Safepoint "RevokeBias", Time since last: 158400 ns, Reaching safepoint: 70700 ns, At safepoint: 27700 ns, Total: 98400 ns
[2020-04-26T17:24:57.080+0000][1][safepoint    ] Safepoint "RevokeBias", Time since last: 139500 ns, Reaching safepoint: 85200 ns, At safepoint: 28000 ns, Total: 113200 ns
[2020-04-26T17:24:57.082+0000][1][safepoint    ] Safepoint "RevokeBias", Time since last: 1960000 ns, Reaching safepoint: 72100 ns, At safepoint: 31900 ns, Total: 104000 ns
[2020-04-26T17:24:57.082+0000][1][safepoint    ] Safepoint "RevokeBias", Time since last: 141400 ns, Reaching safepoint: 72000 ns, At safepoint: 31600 ns, Total: 103600 ns
[2020-04-26T17:24:57.084+0000][1][safepoint    ] Safepoint "RevokeBias", Time since last: 2004800 ns, Reaching safepoint: 74300 ns, At safepoint: 32600 ns, Total: 106900 ns
[2020-04-26T17:24:57.084+0000][1][safepoint    ] Safepoint "RevokeBias", Time since last: 143400 ns, Reaching safepoint: 72200 ns, At safepoint: 32000 ns, Total: 104200 ns
[2020-04-26T17:24:57.089+0000][1][safepoint    ] Safepoint "RevokeBias", Time since last: 3899500 ns, Reaching safepoint: 124400 ns, At safepoint: 79500 ns, Total: 203900 ns
[2020-04-26T17:24:57.116+0000][1][safepoint    ] Safepoint "RevokeBias", Time since last: 27727800 ns, Reaching safepoint: 129600 ns, At safepoint: 39000 ns, Total: 168600 ns
[2020-04-26T17:24:57.117+0000][1][safepoint    ] Safepoint "RevokeBias", Time since last: 164000 ns, Reaching safepoint: 87300 ns, At safepoint: 44800 ns, Total: 132100 ns
[2020-04-26T17:24:57.117+0000][1][safepoint    ] Safepoint "RevokeBias", Time since last: 127400 ns, Reaching safepoint: 72600 ns, At safepoint: 32000 ns, Total: 104600 ns
[2020-04-26T17:24:57.117+0000][1][safepoint    ] Safepoint "RevokeBias", Time since last: 231300 ns, Reaching safepoint: 71300 ns, At safepoint: 32100 ns, Total: 103400 ns
[2020-04-26T17:24:57.118+0000][1][safepoint    ] Safepoint "RevokeBias", Time since last: 169400 ns, Reaching safepoint: 71400 ns, At safepoint: 31600 ns, Total: 103000 ns
[2020-04-26T17:24:57.118+0000][1][safepoint    ] Safepoint "RevokeBias", Time since last: 137000 ns, Reaching safepoint: 70200 ns, At safepoint: 31200 ns, Total: 101400 ns
[2020-04-26T17:24:57.118+0000][1][safepoint    ] Safepoint "RevokeBias", Time since last: 146200 ns, Reaching safepoint: 71900 ns, At safepoint: 31900 ns, Total: 103800 ns
[2020-04-26T17:24:57.120+0000][1][safepoint    ] Safepoint "BulkRevokeBias", Time since last: 1172700 ns, Reaching safepoint: 83500 ns, At safepoint: 515500 ns, Total: 599000 ns
[2020-04-26T17:24:57.122+0000][1][safepoint    ] Safepoint "RevokeBias", Time since last: 1741600 ns, Reaching safepoint: 182100 ns, At safepoint: 61200 ns, Total: 243300 ns
[2020-04-26T17:24:57.148+0000][1][gc,start     ] GC(47) Pause Young (Allocation Failure)
[2020-04-26T17:24:57.148+0000][1][gc,task      ] GC(47) Using 10 workers of 10 for evacuation
[2020-04-26T17:24:57.151+0000][1][gc,age       ] GC(47) Desired survivor size 8945664 bytes, new threshold 6 (max threshold 6)
[2020-04-26T17:24:57.151+0000][1][gc,age       ] GC(47) Age table with threshold 6 (max threshold 6)
[2020-04-26T17:24:57.151+0000][1][gc,age       ] GC(47) - age   1:     215368 bytes,     215368 total
[2020-04-26T17:24:57.151+0000][1][gc,age       ] GC(47) - age   2:      87296 bytes,     302664 total
[2020-04-26T17:24:57.151+0000][1][gc,age       ] GC(47) - age   3:      31296 bytes,     333960 total
[2020-04-26T17:24:57.151+0000][1][gc,age       ] GC(47) - age   4:      12896 bytes,     346856 total
[2020-04-26T17:24:57.151+0000][1][gc,age       ] GC(47) - age   5:     949488 bytes,    1296344 total
[2020-04-26T17:24:57.151+0000][1][gc,age       ] GC(47) - age   6:      45024 bytes,    1341368 total
[2020-04-26T17:24:57.151+0000][1][gc,heap      ] GC(47) ParNew: 141532K->1547K(157248K)
[2020-04-26T17:24:57.151+0000][1][gc,heap      ] GC(47) CMS: 79723K->79747K(349568K)
[2020-04-26T17:24:57.151+0000][1][gc,metaspace ] GC(47) Metaspace: 97704K->97704K(1140736K)
[2020-04-26T17:24:57.151+0000][1][gc           ] GC(47) Pause Young (Allocation Failure) 216M->79M(494M) 2.956ms
[2020-04-26T17:24:57.151+0000][1][gc,cpu       ] GC(47) User=0.01s Sys=0.00s Real=0.00s
[2020-04-26T17:24:57.151+0000][1][safepoint    ] Safepoint "GenCollectForAllocation", Time since last: 26047100 ns, Reaching safepoint: 154600 ns, At safepoint: 3048500 ns, Total: 3203100 ns
[2020-04-26T17:24:57.158+0000][1][safepoint    ] Safepoint "RevokeBias", Time since last: 6607500 ns, Reaching safepoint: 162600 ns, At safepoint: 113200 ns, Total: 275800 ns
[2020-04-26T17:24:57.168+0000][1][safepoint    ] Safepoint "RevokeBias", Time since last: 9570900 ns, Reaching safepoint: 185800 ns, At safepoint: 65400 ns, Total: 251200 ns
[2020-04-26T17:24:57.168+0000][1][safepoint    ] Safepoint "RevokeBias", Time since last: 200200 ns, Reaching safepoint: 192900 ns, At safepoint: 58200 ns, Total: 251100 ns
[2020-04-26T17:24:57.183+0000][1][safepoint    ] Safepoint "RevokeBias", Time since last: 14255900 ns, Reaching safepoint: 136700 ns, At safepoint: 40500 ns, Total: 177200 ns
[2020-04-26T17:24:57.296+0000][1][safepoint    ] Safepoint "RevokeBias", Time since last: 112828900 ns, Reaching safepoint: 127400 ns, At safepoint: 34400 ns, Total: 161800 ns
[2020-04-26T17:24:57.297+0000][1][safepoint    ] Safepoint "RevokeBias", Time since last: 903600 ns, Reaching safepoint: 96100 ns, At safepoint: 57600 ns, Total: 153700 ns
[2020-04-26T17:24:57.333+0000][1][safepoint    ] Safepoint "RevokeBias", Time since last: 36548200 ns, Reaching safepoint: 128800 ns, At safepoint: 40800 ns, Total: 169600 ns
[2020-04-26T17:24:57.522+0000][1][safepoint    ] Safepoint "RevokeBias", Time since last: 187778300 ns, Reaching safepoint: 254700 ns, At safepoint: 76800 ns, Total: 331500 ns
[2020-04-26T17:24:57.524+0000][1][safepoint    ] Safepoint "BulkRevokeBias", Time since last: 1004600 ns, Reaching safepoint: 174900 ns, At safepoint: 872200 ns, Total: 1047100 ns
[2020-04-26T17:24:57.532+0000][1][safepoint    ] Safepoint "RevokeBias", Time since last: 7762100 ns, Reaching safepoint: 145200 ns, At safepoint: 141100 ns, Total: 286300 ns
[2020-04-26T17:24:57.564+0000][1][safepoint    ] Safepoint "RevokeBias", Time since last: 31915700 ns, Reaching safepoint: 276600 ns, At safepoint: 99100 ns, Total: 375700 ns
[2020-04-26T17:24:57.564+0000][1][safepoint    ] Safepoint "RevokeBias", Time since last: 190900 ns, Reaching safepoint: 96300 ns, At safepoint: 51400 ns, Total: 147700 ns
[2020-04-26T17:24:57.565+0000][1][safepoint    ] Safepoint "RevokeBias", Time since last: 180800 ns, Reaching safepoint: 71000 ns, At safepoint: 45800 ns, Total: 116800 ns
[2020-04-26T17:24:57.565+0000][1][safepoint    ] Safepoint "RevokeBias", Time since last: 176900 ns, Reaching safepoint: 69300 ns, At safepoint: 46000 ns, Total: 115300 ns
[2020-04-26T17:24:57.566+0000][1][safepoint    ] Safepoint "RevokeBias", Time since last: 1188000 ns, Reaching safepoint: 107800 ns, At safepoint: 39800 ns, Total: 147600 ns
[2020-04-26T17:24:57.597+0000][1][safepoint    ] Safepoint "RevokeBias", Time since last: 30923100 ns, Reaching safepoint: 238600 ns, At safepoint: 85300 ns, Total: 323900 ns
[2020-04-26T17:24:57.607+0000][1][safepoint    ] Safepoint "RevokeBias", Time since last: 9158200 ns, Reaching safepoint: 134500 ns, At safepoint: 71700 ns, Total: 206200 ns
[2020-04-26T17:24:57.607+0000][1][safepoint    ] Safepoint "RevokeBias", Time since last: 149500 ns, Reaching safepoint: 121600 ns, At safepoint: 62200 ns, Total: 183800 ns
[2020-04-26T17:24:57.624+0000][1][safepoint    ] Safepoint "RevokeBias", Time since last: 17049500 ns, Reaching safepoint: 130500 ns, At safepoint: 51400 ns, Total: 181900 ns
[2020-04-26T17:24:58.232+0000][1][safepoint    ] Safepoint "RevokeBias", Time since last: 607212200 ns, Reaching safepoint: 135000 ns, At safepoint: 41500 ns, Total: 176500 ns
[2020-04-26T17:24:58.232+0000][1][safepoint    ] Safepoint "RevokeBias", Time since last: 506300 ns, Reaching safepoint: 91900 ns, At safepoint: 34300 ns, Total: 126200 ns
[2020-04-26T17:24:58.599+0000][1][safepoint    ] Safepoint "RevokeBias", Time since last: 365461100 ns, Reaching safepoint: 512400 ns, At safepoint: 180100 ns, Total: 692500 ns
[2020-04-26T17:24:58.600+0000][1][safepoint    ] Safepoint "RevokeBias", Time since last: 626900 ns, Reaching safepoint: 423300 ns, At safepoint: 167500 ns, Total: 590800 ns
[2020-04-26T17:24:58.601+0000][1][safepoint    ] Safepoint "RevokeBias", Time since last: 539400 ns, Reaching safepoint: 408200 ns, At safepoint: 168900 ns, Total: 577100 ns
[2020-04-26T17:24:59.601+0000][1][safepoint    ] Safepoint "Cleanup", Time since last: 1000315600 ns, Reaching safepoint: 140600 ns, At safepoint: 33300 ns, Total: 173900 ns
[2020-04-26T17:24:59.739+0000][1][safepoint    ] Safepoint "RevokeBias", Time since last: 136909800 ns, Reaching safepoint: 287500 ns, At safepoint: 40900 ns, Total: 328400 ns
[2020-04-26T17:25:00.739+0000][1][safepoint    ] Safepoint "Cleanup", Time since last: 1000273600 ns, Reaching safepoint: 313300 ns, At safepoint: 60300 ns, Total: 373600 ns
[2020-04-26T17:25:01.740+0000][1][safepoint    ] Safepoint "Cleanup", Time since last: 1000270000 ns, Reaching safepoint: 539800 ns, At safepoint: 212900 ns, Total: 752700 ns
[2020-04-26T17:25:02.741+0000][1][safepoint    ] Safepoint "Cleanup", Time since last: 1000398800 ns, Reaching safepoint: 570300 ns, At safepoint: 221600 ns, Total: 791900 ns
[2020-04-26T17:25:03.743+0000][1][safepoint    ] Safepoint "Cleanup", Time since last: 1000608000 ns, Reaching safepoint: 358000 ns, At safepoint: 207700 ns, Total: 565700 ns
[2020-04-26T17:25:04.743+0000][1][safepoint    ] Safepoint "Cleanup", Time since last: 1000306100 ns, Reaching safepoint: 179900 ns, At safepoint: 70900 ns, Total: 250800 ns
[2020-04-26T17:25:05.744+0000][1][safepoint    ] Safepoint "Cleanup", Time since last: 1000309800 ns, Reaching safepoint: 382500 ns, At safepoint: 174500 ns, Total: 557000 ns
[2020-04-26T17:25:06.744+0000][1][safepoint    ] Safepoint "Cleanup", Time since last: 1000234100 ns, Reaching safepoint: 144600 ns, At safepoint: 33500 ns, Total: 178100 ns
[2020-04-26T17:25:07.745+0000][1][safepoint    ] Safepoint "Cleanup", Time since last: 1000467800 ns, Reaching safepoint: 147600 ns, At safepoint: 50300 ns, Total: 197900 ns
[2020-04-26T17:25:08.746+0000][1][safepoint    ] Safepoint "Cleanup", Time since last: 1000235200 ns, Reaching safepoint: 455300 ns, At safepoint: 156300 ns, Total: 611600 ns
[2020-04-26T17:25:09.747+0000][1][safepoint    ] Safepoint "Cleanup", Time since last: 1000515700 ns, Reaching safepoint: 249900 ns, At safepoint: 104000 ns, Total: 353900 ns
[2020-04-26T17:25:10.748+0000][1][safepoint    ] Safepoint "Cleanup", Time since last: 1000449600 ns, Reaching safepoint: 558700 ns, At safepoint: 216000 ns, Total: 774700 ns
[2020-04-26T17:25:11.749+0000][1][safepoint    ] Safepoint "Cleanup", Time since last: 1000747200 ns, Reaching safepoint: 443500 ns, At safepoint: 204900 ns, Total: 648400 ns
[2020-04-26T17:25:12.750+0000][1][safepoint    ] Safepoint "Cleanup", Time since last: 1000579800 ns, Reaching safepoint: 200300 ns, At safepoint: 70400 ns, Total: 270700 ns
[2020-04-26T17:25:13.751+0000][1][safepoint    ] Safepoint "Cleanup", Time since last: 1000302100 ns, Reaching safepoint: 224900 ns, At safepoint: 89800 ns, Total: 314700 ns
[2020-04-26T17:25:14.752+0000][1][safepoint    ] Safepoint "Cleanup", Time since last: 1000564600 ns, Reaching safepoint: 159800 ns, At safepoint: 65000 ns, Total: 224800 ns
[2020-04-26T17:25:15.752+0000][1][safepoint    ] Safepoint "Cleanup", Time since last: 1000186900 ns, Reaching safepoint: 201600 ns, At safepoint: 43600 ns, Total: 245200 ns
[2020-04-26T17:25:16.753+0000][1][safepoint    ] Safepoint "Cleanup", Time since last: 1000511700 ns, Reaching safepoint: 167500 ns, At safepoint: 51100 ns, Total: 218600 ns
[2020-04-26T17:25:17.754+0000][1][safepoint    ] Safepoint "Cleanup", Time since last: 1000269400 ns, Reaching safepoint: 455500 ns, At safepoint: 106900 ns, Total: 562400 ns
[2020-04-26T17:25:18.755+0000][1][safepoint    ] Safepoint "Cleanup", Time since last: 1000317900 ns, Reaching safepoint: 455200 ns, At safepoint: 118700 ns, Total: 573900 ns
[2020-04-26T17:25:19.755+0000][1][safepoint    ] Safepoint "Cleanup", Time since last: 1000226700 ns, Reaching safepoint: 197200 ns, At safepoint: 34100 ns, Total: 231300 ns
[2020-04-26T17:25:20.756+0000][1][safepoint    ] Safepoint "Cleanup", Time since last: 1000542300 ns, Reaching safepoint: 183800 ns, At safepoint: 71500 ns, Total: 255300 ns
[2020-04-26T17:25:21.757+0000][1][safepoint    ] Safepoint "Cleanup", Time since last: 1000616200 ns, Reaching safepoint: 440800 ns, At safepoint: 209400 ns, Total: 650200 ns
[2020-04-26T17:25:22.758+0000][1][safepoint    ] Safepoint "Cleanup", Time since last: 1000357700 ns, Reaching safepoint: 448700 ns, At safepoint: 168900 ns, Total: 617600 ns
[2020-04-26T17:25:23.759+0000][1][safepoint    ] Safepoint "Cleanup", Time since last: 1000316700 ns, Reaching safepoint: 138700 ns, At safepoint: 42700 ns, Total: 181400 ns
[2020-04-26T17:25:24.759+0000][1][safepoint    ] Safepoint "Cleanup", Time since last: 1000313700 ns, Reaching safepoint: 167400 ns, At safepoint: 51300 ns, Total: 218700 ns
[2020-04-26T17:25:25.185+0000][1][safepoint    ] Safepoint "RevokeBias", Time since last: 426029100 ns, Reaching safepoint: 158000 ns, At safepoint: 88700 ns, Total: 246700 ns
[2020-04-26T17:25:25.186+0000][1][safepoint    ] Safepoint "RevokeBias", Time since last: 172600 ns, Reaching safepoint: 214900 ns, At safepoint: 76100 ns, Total: 291000 ns
[2020-04-26T17:25:25.186+0000][1][safepoint    ] Safepoint "RevokeBias", Time since last: 45800 ns, Reaching safepoint: 182400 ns, At safepoint: 71200 ns, Total: 253600 ns
[2020-04-26T17:25:25.191+0000][1][safepoint    ] Safepoint "RevokeBias", Time since last: 4760500 ns, Reaching safepoint: 124100 ns, At safepoint: 91200 ns, Total: 215300 ns
[2020-04-26T17:25:25.192+0000][1][safepoint    ] Safepoint "RevokeBias", Time since last: 95300 ns, Reaching safepoint: 179200 ns, At safepoint: 66600 ns, Total: 245800 ns
[2020-04-26T17:25:26.193+0000][1][safepoint    ] Safepoint "Cleanup", Time since last: 1000668200 ns, Reaching safepoint: 514900 ns, At safepoint: 205500 ns, Total: 720400 ns
[2020-04-26T17:25:27.194+0000][1][safepoint    ] Safepoint "Cleanup", Time since last: 1000301000 ns, Reaching safepoint: 459000 ns, At safepoint: 132900 ns, Total: 591900 ns
[2020-04-26T17:25:27.599+0000][1][safepoint    ] Safepoint "RevokeBias", Time since last: 404463100 ns, Reaching safepoint: 438200 ns, At safepoint: 200800 ns, Total: 639000 ns
[2020-04-26T17:25:27.600+0000][1][safepoint    ] Safepoint "RevokeBias", Time since last: 606900 ns, Reaching safepoint: 386700 ns, At safepoint: 302700 ns, Total: 689400 ns
[2020-04-26T17:25:28.601+0000][1][safepoint    ] Safepoint "Cleanup", Time since last: 1000508200 ns, Reaching safepoint: 333900 ns, At safepoint: 103000 ns, Total: 436900 ns
[2020-04-26T17:25:29.602+0000][1][safepoint    ] Safepoint "Cleanup", Time since last: 1000428300 ns, Reaching safepoint: 466100 ns, At safepoint: 141400 ns, Total: 607500 ns
[2020-04-26T17:25:30.604+0000][1][safepoint    ] Safepoint "Cleanup", Time since last: 1000627400 ns, Reaching safepoint: 617900 ns, At safepoint: 148500 ns, Total: 766400 ns
[2020-04-26T17:25:31.605+0000][1][safepoint    ] Safepoint "Cleanup", Time since last: 1000669200 ns, Reaching safepoint: 464400 ns, At safepoint: 166900 ns, Total: 631300 ns
[2020-04-26T17:25:32.606+0000][1][safepoint    ] Safepoint "Cleanup", Time since last: 1000571300 ns, Reaching safepoint: 460900 ns, At safepoint: 154000 ns, Total: 614900 ns
[2020-04-26T17:25:33.607+0000][1][safepoint    ] Safepoint "Cleanup", Time since last: 1000590400 ns, Reaching safepoint: 462800 ns, At safepoint: 137300 ns, Total: 600100 ns
[2020-04-26T17:25:34.608+0000][1][safepoint    ] Safepoint "Cleanup", Time since last: 1000580600 ns, Reaching safepoint: 242300 ns, At safepoint: 55400 ns, Total: 297700 ns
[2020-04-26T17:25:35.609+0000][1][safepoint    ] Safepoint "Cleanup", Time since last: 1000467300 ns, Reaching safepoint: 256200 ns, At safepoint: 70700 ns, Total: 326900 ns
[2020-04-26T17:25:36.610+0000][1][safepoint    ] Safepoint "Cleanup", Time since last: 1000523500 ns, Reaching safepoint: 371000 ns, At safepoint: 109600 ns, Total: 480600 ns
[2020-04-26T17:25:37.611+0000][1][safepoint    ] Safepoint "Cleanup", Time since last: 1000573300 ns, Reaching safepoint: 220400 ns, At safepoint: 48400 ns, Total: 268800 ns
[2020-04-26T17:25:38.611+0000][1][safepoint    ] Safepoint "Cleanup", Time since last: 1000232100 ns, Reaching safepoint: 325000 ns, At safepoint: 93600 ns, Total: 418600 ns
[2020-04-26T17:25:39.612+0000][1][safepoint    ] Safepoint "Cleanup", Time since last: 1000196000 ns, Reaching safepoint: 314500 ns, At safepoint: 57700 ns, Total: 372200 ns
[2020-04-26T17:25:40.613+0000][1][safepoint    ] Safepoint "Cleanup", Time since last: 1000430600 ns, Reaching safepoint: 315200 ns, At safepoint: 80000 ns, Total: 395200 ns
[2020-04-26T17:25:41.613+0000][1][safepoint    ] Safepoint "Cleanup", Time since last: 1000192500 ns, Reaching safepoint: 134800 ns, At safepoint: 31000 ns, Total: 165800 ns
[2020-04-26T17:25:42.614+0000][1][safepoint    ] Safepoint "Cleanup", Time since last: 1000523300 ns, Reaching safepoint: 479800 ns, At safepoint: 140300 ns, Total: 620100 ns
[2020-04-26T17:25:43.616+0000][1][safepoint    ] Safepoint "Cleanup", Time since last: 1000588700 ns, Reaching safepoint: 459900 ns, At safepoint: 149200 ns, Total: 609100 ns
[2020-04-26T17:25:44.616+0000][1][safepoint    ] Safepoint "Cleanup", Time since last: 1000279300 ns, Reaching safepoint: 224900 ns, At safepoint: 47600 ns, Total: 272500 ns
[2020-04-26T17:25:45.617+0000][1][safepoint    ] Safepoint "Cleanup", Time since last: 1000231800 ns, Reaching safepoint: 197200 ns, At safepoint: 38100 ns, Total: 235300 ns
[2020-04-26T17:25:46.617+0000][1][safepoint    ] Safepoint "Cleanup", Time since last: 1000213500 ns, Reaching safepoint: 244800 ns, At safepoint: 48200 ns, Total: 293000 ns
[2020-04-26T17:25:47.618+0000][1][safepoint    ] Safepoint "Cleanup", Time since last: 1000316300 ns, Reaching safepoint: 382700 ns, At safepoint: 55800 ns, Total: 438500 ns
[2020-04-26T17:25:48.618+0000][1][safepoint    ] Safepoint "Cleanup", Time since last: 1000366800 ns, Reaching safepoint: 189700 ns, At safepoint: 43800 ns, Total: 233500 ns
[2020-04-26T17:25:49.620+0000][1][safepoint    ] Safepoint "Cleanup", Time since last: 1000582100 ns, Reaching safepoint: 463200 ns, At safepoint: 138300 ns, Total: 601500 ns
[2020-04-26T17:25:50.620+0000][1][safepoint    ] Safepoint "Cleanup", Time since last: 1000537700 ns, Reaching safepoint: 252200 ns, At safepoint: 58200 ns, Total: 310400 ns
[2020-04-26T17:25:51.621+0000][1][safepoint    ] Safepoint "Cleanup", Time since last: 1000357700 ns, Reaching safepoint: 345900 ns, At safepoint: 100700 ns, Total: 446600 ns
[2020-04-26T17:25:52.622+0000][1][safepoint    ] Safepoint "Cleanup", Time since last: 1000588900 ns, Reaching safepoint: 136500 ns, At safepoint: 31500 ns, Total: 168000 ns
[2020-04-26T17:25:53.623+0000][1][safepoint    ] Safepoint "Cleanup", Time since last: 1000383800 ns, Reaching safepoint: 667400 ns, At safepoint: 338200 ns, Total: 1005600 ns
[2020-04-26T17:25:54.624+0000][1][safepoint    ] Safepoint "Cleanup", Time since last: 1000590700 ns, Reaching safepoint: 140400 ns, At safepoint: 32000 ns, Total: 172400 ns
[2020-04-26T17:25:56.477+0000][1][safepoint    ] Safepoint "Cleanup", Time since last: 1852940200 ns, Reaching safepoint: 162400 ns, At safepoint: 30600 ns, Total: 193000 ns
[2020-04-26T17:25:57.478+0000][1][safepoint    ] Safepoint "Cleanup", Time since last: 1000476700 ns, Reaching safepoint: 249700 ns, At safepoint: 74400 ns, Total: 324100 ns
[2020-04-26T17:25:58.479+0000][1][safepoint    ] Safepoint "Cleanup", Time since last: 1000210300 ns, Reaching safepoint: 394300 ns, At safepoint: 93800 ns, Total: 488100 ns
[2020-04-26T17:25:59.479+0000][1][safepoint    ] Safepoint "Cleanup", Time since last: 1000217400 ns, Reaching safepoint: 138000 ns, At safepoint: 38800 ns, Total: 176800 ns
[2020-04-26T17:26:00.480+0000][1][safepoint    ] Safepoint "Cleanup", Time since last: 1000161200 ns, Reaching safepoint: 285600 ns, At safepoint: 90500 ns, Total: 376100 ns
[2020-04-26T17:26:01.480+0000][1][safepoint    ] Safepoint "Cleanup", Time since last: 1000344400 ns, Reaching safepoint: 173400 ns, At safepoint: 36600 ns, Total: 210000 ns
[2020-04-26T17:26:02.481+0000][1][safepoint    ] Safepoint "Cleanup", Time since last: 1000171000 ns, Reaching safepoint: 243700 ns, At safepoint: 77300 ns, Total: 321000 ns
[2020-04-26T17:26:03.481+0000][1][safepoint    ] Safepoint "Cleanup", Time since last: 1000251500 ns, Reaching safepoint: 421200 ns, At safepoint: 74600 ns, Total: 495800 ns
[2020-04-26T17:26:04.483+0000][1][safepoint    ] Safepoint "Cleanup", Time since last: 1000623100 ns, Reaching safepoint: 551700 ns, At safepoint: 156300 ns, Total: 708000 ns
[2020-04-26T17:26:05.483+0000][1][safepoint    ] Safepoint "Cleanup", Time since last: 1000282500 ns, Reaching safepoint: 274000 ns, At safepoint: 46900 ns, Total: 320900 ns
[2020-04-26T17:26:06.484+0000][1][safepoint    ] Safepoint "Cleanup", Time since last: 1000251800 ns, Reaching safepoint: 247800 ns, At safepoint: 62700 ns, Total: 310500 ns
[2020-04-26T17:26:07.485+0000][1][safepoint    ] Safepoint "Cleanup", Time since last: 1000321300 ns, Reaching safepoint: 523500 ns, At safepoint: 160700 ns, Total: 684200 ns
[2020-04-26T17:26:08.486+0000][1][safepoint    ] Safepoint "Cleanup", Time since last: 1000348400 ns, Reaching safepoint: 426900 ns, At safepoint: 172200 ns, Total: 599100 ns
[2020-04-26T17:26:09.487+0000][1][safepoint    ] Safepoint "Cleanup", Time since last: 1000579200 ns, Reaching safepoint: 171300 ns, At safepoint: 45000 ns, Total: 216300 ns
[2020-04-26T17:26:10.488+0000][1][safepoint    ] Safepoint "Cleanup", Time since last: 1000561000 ns, Reaching safepoint: 434500 ns, At safepoint: 134000 ns, Total: 568500 ns
[2020-04-26T17:26:11.489+0000][1][safepoint    ] Safepoint "Cleanup", Time since last: 1000584400 ns, Reaching safepoint: 485600 ns, At safepoint: 147800 ns, Total: 633400 ns
[2020-04-26T17:26:12.490+0000][1][safepoint    ] Safepoint "Cleanup", Time since last: 1000496700 ns, Reaching safepoint: 182500 ns, At safepoint: 46300 ns, Total: 228800 ns
[2020-04-26T17:26:13.491+0000][1][safepoint    ] Safepoint "Cleanup", Time since last: 1000545900 ns, Reaching safepoint: 452100 ns, At safepoint: 139800 ns, Total: 591900 ns
[2020-04-26T17:26:14.492+0000][1][safepoint    ] Safepoint "Cleanup", Time since last: 1000433800 ns, Reaching safepoint: 133300 ns, At safepoint: 29400 ns, Total: 162700 ns
[2020-04-26T17:26:15.493+0000][1][safepoint    ] Safepoint "Cleanup", Time since last: 1000695400 ns, Reaching safepoint: 439700 ns, At safepoint: 111000 ns, Total: 550700 ns
[2020-04-26T17:26:16.493+0000][1][safepoint    ] Safepoint "Cleanup", Time since last: 1000335000 ns, Reaching safepoint: 203700 ns, At safepoint: 52300 ns, Total: 256000 ns
[2020-04-26T17:26:17.494+0000][1][safepoint    ] Safepoint "Cleanup", Time since last: 1000209000 ns, Reaching safepoint: 235800 ns, At safepoint: 50800 ns, Total: 286600 ns
[2020-04-26T17:26:18.494+0000][1][safepoint    ] Safepoint "Cleanup", Time since last: 1000151900 ns, Reaching safepoint: 178600 ns, At safepoint: 32200 ns, Total: 210800 ns
[2020-04-26T17:26:19.495+0000][1][safepoint    ] Safepoint "Cleanup", Time since last: 1000397700 ns, Reaching safepoint: 540800 ns, At safepoint: 143100 ns, Total: 683900 ns
[2020-04-26T17:26:20.496+0000][1][safepoint    ] Safepoint "Cleanup", Time since last: 1000211800 ns, Reaching safepoint: 127000 ns, At safepoint: 28400 ns, Total: 155400 ns
[2020-04-26T17:26:21.497+0000][1][safepoint    ] Safepoint "Cleanup", Time since last: 1000229500 ns, Reaching safepoint: 482200 ns, At safepoint: 110700 ns, Total: 592900 ns
[2020-04-26T17:26:22.353+0000][1][safepoint    ] Safepoint "RevokeBias", Time since last: 856536800 ns, Reaching safepoint: 274300 ns, At safepoint: 139900 ns, Total: 414200 ns
[2020-04-26T17:26:23.354+0000][1][safepoint    ] Safepoint "Cleanup", Time since last: 1000455100 ns, Reaching safepoint: 129500 ns, At safepoint: 32300 ns, Total: 161800 ns
[2020-04-26T17:26:24.355+0000][1][safepoint    ] Safepoint "Cleanup", Time since last: 1000301700 ns, Reaching safepoint: 431300 ns, At safepoint: 145100 ns, Total: 576400 ns
[2020-04-26T17:26:25.356+0000][1][safepoint    ] Safepoint "Cleanup", Time since last: 1000527000 ns, Reaching safepoint: 166700 ns, At safepoint: 43300 ns, Total: 210000 ns
[2020-04-26T17:26:26.149+0000][1][safepoint    ] Safepoint "RevokeBias", Time since last: 792921000 ns, Reaching safepoint: 132700 ns, At safepoint: 82800 ns, Total: 215500 ns
[2020-04-26T17:26:26.149+0000][1][safepoint    ] Safepoint "RevokeBias", Time since last: 70500 ns, Reaching safepoint: 91500 ns, At safepoint: 58600 ns, Total: 150100 ns
[2020-04-26T17:26:26.156+0000][1][safepoint    ] Safepoint "BulkRevokeBias", Time since last: 6142200 ns, Reaching safepoint: 129500 ns, At safepoint: 545800 ns, Total: 675300 ns
[2020-04-26T17:26:26.157+0000][1][safepoint    ] Safepoint "RevokeBias", Time since last: 725000 ns, Reaching safepoint: 203400 ns, At safepoint: 49700 ns, Total: 253100 ns
[2020-04-26T17:26:27.157+0000][1][safepoint    ] Safepoint "Cleanup", Time since last: 1000254100 ns, Reaching safepoint: 167800 ns, At safepoint: 43300 ns, Total: 211100 ns
[2020-04-26T17:26:28.158+0000][1][safepoint    ] Safepoint "Cleanup", Time since last: 1000487800 ns, Reaching safepoint: 176000 ns, At safepoint: 45200 ns, Total: 221200 ns
[2020-04-26T17:26:29.159+0000][1][safepoint    ] Safepoint "Cleanup", Time since last: 1000655900 ns, Reaching safepoint: 524700 ns, At safepoint: 138900 ns, Total: 663600 ns
[2020-04-26T17:26:30.160+0000][1][safepoint    ] Safepoint "Cleanup", Time since last: 1000286600 ns, Reaching safepoint: 155200 ns, At safepoint: 38900 ns, Total: 194100 ns
[2020-04-26T17:26:31.160+0000][1][safepoint    ] Safepoint "Cleanup", Time since last: 1000145000 ns, Reaching safepoint: 152500 ns, At safepoint: 29100 ns, Total: 181600 ns
[2020-04-26T17:26:32.161+0000][1][safepoint    ] Safepoint "Cleanup", Time since last: 1000214000 ns, Reaching safepoint: 315600 ns, At safepoint: 44000 ns, Total: 359600 ns
[2020-04-26T17:26:33.162+0000][1][safepoint    ] Safepoint "Cleanup", Time since last: 1000386300 ns, Reaching safepoint: 438600 ns, At safepoint: 183700 ns, Total: 622300 ns
[2020-04-26T17:26:34.163+0000][1][safepoint    ] Safepoint "Cleanup", Time since last: 1000570300 ns, Reaching safepoint: 242000 ns, At safepoint: 61100 ns, Total: 303100 ns
[2020-04-26T17:26:35.163+0000][1][safepoint    ] Safepoint "Cleanup", Time since last: 1000548300 ns, Reaching safepoint: 190100 ns, At safepoint: 50200 ns, Total: 240300 ns
[2020-04-26T17:26:36.164+0000][1][safepoint    ] Safepoint "Cleanup", Time since last: 1000321900 ns, Reaching safepoint: 193500 ns, At safepoint: 37000 ns, Total: 230500 ns
[2020-04-26T17:26:37.165+0000][1][safepoint    ] Safepoint "Cleanup", Time since last: 1000339300 ns, Reaching safepoint: 775900 ns, At safepoint: 217600 ns, Total: 993500 ns
[2020-04-26T17:26:38.166+0000][1][safepoint    ] Safepoint "Cleanup", Time since last: 1000586900 ns, Reaching safepoint: 434800 ns, At safepoint: 133500 ns, Total: 568300 ns
[2020-04-26T17:26:39.167+0000][1][safepoint    ] Safepoint "Cleanup", Time since last: 1000396000 ns, Reaching safepoint: 530800 ns, At safepoint: 130400 ns, Total: 661200 ns
[2020-04-26T17:26:40.168+0000][1][safepoint    ] Safepoint "Cleanup", Time since last: 1000240600 ns, Reaching safepoint: 173700 ns, At safepoint: 28200 ns, Total: 201900 ns
[2020-04-26T17:26:41.169+0000][1][safepoint    ] Safepoint "Cleanup", Time since last: 1000389700 ns, Reaching safepoint: 141500 ns, At safepoint: 57000 ns, Total: 198500 ns
[2020-04-26T17:26:42.169+0000][1][safepoint    ] Safepoint "Cleanup", Time since last: 1000617800 ns, Reaching safepoint: 136200 ns, At safepoint: 32700 ns, Total: 168900 ns
[2020-04-26T17:26:43.170+0000][1][safepoint    ] Safepoint "Cleanup", Time since last: 1000523300 ns, Reaching safepoint: 470500 ns, At safepoint: 114200 ns, Total: 584700 ns
[2020-04-26T17:26:44.172+0000][1][safepoint    ] Safepoint "Cleanup", Time since last: 1000432600 ns, Reaching safepoint: 756500 ns, At safepoint: 269000 ns, Total: 1025500 ns
[2020-04-26T17:26:45.173+0000][1][safepoint    ] Safepoint "Cleanup", Time since last: 1000483800 ns, Reaching safepoint: 234200 ns, At safepoint: 39900 ns, Total: 274100 ns
[2020-04-26T17:26:46.174+0000][1][safepoint    ] Safepoint "Cleanup", Time since last: 1000774500 ns, Reaching safepoint: 508700 ns, At safepoint: 147000 ns, Total: 655700 ns
[2020-04-26T17:26:47.175+0000][1][safepoint    ] Safepoint "Cleanup", Time since last: 1000402700 ns, Reaching safepoint: 274600 ns, At safepoint: 81600 ns, Total: 356200 ns
[2020-04-26T17:26:48.176+0000][1][safepoint    ] Safepoint "Cleanup", Time since last: 1000291800 ns, Reaching safepoint: 574900 ns, At safepoint: 132300 ns, Total: 707200 ns
[2020-04-26T17:26:49.176+0000][1][safepoint    ] Safepoint "Cleanup", Time since last: 1000257700 ns, Reaching safepoint: 201500 ns, At safepoint: 35500 ns, Total: 237000 ns
[2020-04-26T17:26:50.177+0000][1][safepoint    ] Safepoint "Cleanup", Time since last: 1000478300 ns, Reaching safepoint: 509700 ns, At safepoint: 137100 ns, Total: 646800 ns
[2020-04-26T17:26:51.178+0000][1][safepoint    ] Safepoint "Cleanup", Time since last: 1000236000 ns, Reaching safepoint: 134000 ns, At safepoint: 37300 ns, Total: 171300 ns
[2020-04-26T17:26:52.179+0000][1][safepoint    ] Safepoint "Cleanup", Time since last: 1000645700 ns, Reaching safepoint: 133400 ns, At safepoint: 32800 ns, Total: 166200 ns
[2020-04-26T17:26:53.179+0000][1][safepoint    ] Safepoint "Cleanup", Time since last: 1000168300 ns, Reaching safepoint: 137600 ns, At safepoint: 30300 ns, Total: 167900 ns
[2020-04-26T17:26:54.345+0000][1][safepoint    ] Safepoint "Cleanup", Time since last: 1165755700 ns, Reaching safepoint: 149400 ns, At safepoint: 35600 ns, Total: 185000 ns
[2020-04-26T17:26:54.820+0000][1][gc,start     ] GC(48) Pause Young (Allocation Failure)
[2020-04-26T17:26:54.820+0000][1][gc,task      ] GC(48) Using 10 workers of 10 for evacuation
[2020-04-26T17:26:54.822+0000][1][gc,age       ] GC(48) Desired survivor size 8945664 bytes, new threshold 6 (max threshold 6)
[2020-04-26T17:26:54.822+0000][1][gc,age       ] GC(48) Age table with threshold 6 (max threshold 6)
[2020-04-26T17:26:54.822+0000][1][gc,age       ] GC(48) - age   1:     370496 bytes,     370496 total
[2020-04-26T17:26:54.822+0000][1][gc,age       ] GC(48) - age   2:      84520 bytes,     455016 total
[2020-04-26T17:26:54.822+0000][1][gc,age       ] GC(48) - age   3:      67040 bytes,     522056 total
[2020-04-26T17:26:54.822+0000][1][gc,age       ] GC(48) - age   4:      30968 bytes,     553024 total
[2020-04-26T17:26:54.822+0000][1][gc,age       ] GC(48) - age   5:      12896 bytes,     565920 total
[2020-04-26T17:26:54.822+0000][1][gc,age       ] GC(48) - age   6:     949424 bytes,    1515344 total
[2020-04-26T17:26:54.822+0000][1][gc,heap      ] GC(48) ParNew: 141323K->1704K(157248K)
[2020-04-26T17:26:54.822+0000][1][gc,heap      ] GC(48) CMS: 79747K->79791K(349568K)
[2020-04-26T17:26:54.822+0000][1][gc,metaspace ] GC(48) Metaspace: 97761K->97761K(1140736K)
[2020-04-26T17:26:54.822+0000][1][gc           ] GC(48) Pause Young (Allocation Failure) 215M->79M(494M) 2.673ms
[2020-04-26T17:26:54.822+0000][1][gc,cpu       ] GC(48) User=0.01s Sys=0.00s Real=0.00s
[2020-04-26T17:26:54.823+0000][1][safepoint    ] Safepoint "GenCollectForAllocation", Time since last: 474700800 ns, Reaching safepoint: 132000 ns, At safepoint: 2750100 ns, Total: 2882100 ns
[2020-04-26T17:26:55.823+0000][1][safepoint    ] Safepoint "Cleanup", Time since last: 1000199800 ns, Reaching safepoint: 291500 ns, At safepoint: 86600 ns, Total: 378100 ns
[2020-04-26T17:26:56.824+0000][1][safepoint    ] Safepoint "Cleanup", Time since last: 1000312900 ns, Reaching safepoint: 149900 ns, At safepoint: 53600 ns, Total: 203500 ns
[2020-04-26T17:26:57.825+0000][1][safepoint    ] Safepoint "Cleanup", Time since last: 1000707500 ns, Reaching safepoint: 432500 ns, At safepoint: 207800 ns, Total: 640300 ns
[2020-04-26T17:26:58.825+0000][1][safepoint    ] Safepoint "Cleanup", Time since last: 1000257900 ns, Reaching safepoint: 155900 ns, At safepoint: 34000 ns, Total: 189900 ns
[2020-04-26T17:26:59.827+0000][1][safepoint    ] Safepoint "Cleanup", Time since last: 1000358400 ns, Reaching safepoint: 555100 ns, At safepoint: 261300 ns, Total: 816400 ns
[2020-04-26T17:27:00.827+0000][1][safepoint    ] Safepoint "Cleanup", Time since last: 1000597900 ns, Reaching safepoint: 133200 ns, At safepoint: 27100 ns, Total: 160300 ns
[2020-04-26T17:27:01.828+0000][1][safepoint    ] Safepoint "Cleanup", Time since last: 1000290000 ns, Reaching safepoint: 371400 ns, At safepoint: 86100 ns, Total: 457500 ns
[2020-04-26T17:27:02.829+0000][1][safepoint    ] Safepoint "Cleanup", Time since last: 1000712200 ns, Reaching safepoint: 263500 ns, At safepoint: 78200 ns, Total: 341700 ns
[2020-04-26T17:27:03.830+0000][1][safepoint    ] Safepoint "Cleanup", Time since last: 1000305600 ns, Reaching safepoint: 341500 ns, At safepoint: 75500 ns, Total: 417000 ns
[2020-04-26T17:27:04.830+0000][1][safepoint    ] Safepoint "Cleanup", Time since last: 1000213300 ns, Reaching safepoint: 143500 ns, At safepoint: 55600 ns, Total: 199100 ns
[2020-04-26T17:27:05.831+0000][1][safepoint    ] Safepoint "Cleanup", Time since last: 1000609700 ns, Reaching safepoint: 221900 ns, At safepoint: 60300 ns, Total: 282200 ns
[2020-04-26T17:27:06.832+0000][1][safepoint    ] Safepoint "Cleanup", Time since last: 1000378100 ns, Reaching safepoint: 141000 ns, At safepoint: 31700 ns, Total: 172700 ns
[2020-04-26T17:27:07.904+0000][1][safepoint    ] Safepoint "Cleanup", Time since last: 1071910600 ns, Reaching safepoint: 485000 ns, At safepoint: 185600 ns, Total: 670600 ns
[2020-04-26T17:27:08.905+0000][1][safepoint    ] Safepoint "Cleanup", Time since last: 1000420800 ns, Reaching safepoint: 456300 ns, At safepoint: 130500 ns, Total: 586800 ns
[2020-04-26T17:27:09.907+0000][1][safepoint    ] Safepoint "Cleanup", Time since last: 1000422800 ns, Reaching safepoint: 825000 ns, At safepoint: 207500 ns, Total: 1032500 ns
[2020-04-26T17:27:10.907+0000][1][safepoint    ] Safepoint "Cleanup", Time since last: 1000209700 ns, Reaching safepoint: 130800 ns, At safepoint: 27800 ns, Total: 158600 ns
[2020-04-26T17:27:11.907+0000][1][safepoint    ] Safepoint "Cleanup", Time since last: 1000132800 ns, Reaching safepoint: 129100 ns, At safepoint: 27500 ns, Total: 156600 ns
[2020-04-26T17:27:12.909+0000][1][safepoint    ] Safepoint "Cleanup", Time since last: 1000312300 ns, Reaching safepoint: 698100 ns, At safepoint: 195700 ns, Total: 893800 ns
[2020-04-26T17:27:13.910+0000][1][safepoint    ] Safepoint "Cleanup", Time since last: 1000535200 ns, Reaching safepoint: 518100 ns, At safepoint: 132200 ns, Total: 650300 ns
[2020-04-26T17:27:14.911+0000][1][safepoint    ] Safepoint "Cleanup", Time since last: 1000625100 ns, Reaching safepoint: 511800 ns, At safepoint: 137800 ns, Total: 649600 ns
[2020-04-26T17:27:15.912+0000][1][safepoint    ] Safepoint "Cleanup", Time since last: 1000253500 ns, Reaching safepoint: 308500 ns, At safepoint: 76600 ns, Total: 385100 ns
[2020-04-26T17:27:16.913+0000][1][safepoint    ] Safepoint "Cleanup", Time since last: 1000321500 ns, Reaching safepoint: 563300 ns, At safepoint: 128200 ns, Total: 691500 ns
[2020-04-26T17:27:17.914+0000][1][safepoint    ] Safepoint "Cleanup", Time since last: 1000481100 ns, Reaching safepoint: 437400 ns, At safepoint: 138600 ns, Total: 576000 ns
[2020-04-26T17:27:18.915+0000][1][safepoint    ] Safepoint "Cleanup", Time since last: 1000485700 ns, Reaching safepoint: 436700 ns, At safepoint: 132800 ns, Total: 569500 ns
[2020-04-26T17:27:19.916+0000][1][safepoint    ] Safepoint "Cleanup", Time since last: 1000646700 ns, Reaching safepoint: 456400 ns, At safepoint: 137000 ns, Total: 593400 ns
[2020-04-26T17:27:20.917+0000][1][safepoint    ] Safepoint "Cleanup", Time since last: 1000420000 ns, Reaching safepoint: 221000 ns, At safepoint: 59900 ns, Total: 280900 ns
[2020-04-26T17:27:21.917+0000][1][safepoint    ] Safepoint "Cleanup", Time since last: 1000244800 ns, Reaching safepoint: 140900 ns, At safepoint: 26900 ns, Total: 167800 ns
[2020-04-26T17:27:22.918+0000][1][safepoint    ] Safepoint "Cleanup", Time since last: 1000598900 ns, Reaching safepoint: 435900 ns, At safepoint: 133300 ns, Total: 569200 ns
[2020-04-26T17:27:23.920+0000][1][safepoint    ] Safepoint "Cleanup", Time since last: 1000528100 ns, Reaching safepoint: 442200 ns, At safepoint: 169000 ns, Total: 611200 ns
[2020-04-26T17:27:24.920+0000][1][safepoint    ] Safepoint "Cleanup", Time since last: 1000345300 ns, Reaching safepoint: 288300 ns, At safepoint: 69000 ns, Total: 357300 ns
[2020-04-26T17:27:25.921+0000][1][safepoint    ] Safepoint "Cleanup", Time since last: 1000270600 ns, Reaching safepoint: 276000 ns, At safepoint: 71900 ns, Total: 347900 ns
[2020-04-26T17:27:26.922+0000][1][safepoint    ] Safepoint "Cleanup", Time since last: 1000246600 ns, Reaching safepoint: 365800 ns, At safepoint: 91500 ns, Total: 457300 ns
[2020-04-26T17:27:27.147+0000][1][safepoint    ] Safepoint "RevokeBias", Time since last: 224914900 ns, Reaching safepoint: 141200 ns, At safepoint: 85200 ns, Total: 226400 ns
[2020-04-26T17:27:27.147+0000][1][safepoint    ] Safepoint "RevokeBias", Time since last: 84700 ns, Reaching safepoint: 239700 ns, At safepoint: 65600 ns, Total: 305300 ns
[2020-04-26T17:27:27.153+0000][1][safepoint    ] Safepoint "RevokeBias", Time since last: 5183400 ns, Reaching safepoint: 492200 ns, At safepoint: 152200 ns, Total: 644400 ns
[2020-04-26T17:27:27.153+0000][1][safepoint    ] Safepoint "RevokeBias", Time since last: 71900 ns, Reaching safepoint: 244200 ns, At safepoint: 142200 ns, Total: 386400 ns
[2020-04-26T17:27:27.154+0000][1][safepoint    ] Safepoint "RevokeBias", Time since last: 77900 ns, Reaching safepoint: 283100 ns, At safepoint: 120900 ns, Total: 404000 ns
[2020-04-26T17:27:28.155+0000][1][safepoint    ] Safepoint "Cleanup", Time since last: 1000242300 ns, Reaching safepoint: 359000 ns, At safepoint: 101300 ns, Total: 460300 ns
[2020-04-26T17:27:29.156+0000][1][safepoint    ] Safepoint "Cleanup", Time since last: 1000351600 ns, Reaching safepoint: 608800 ns, At safepoint: 179200 ns, Total: 788000 ns
[2020-04-26T17:27:30.156+0000][1][safepoint    ] Safepoint "Cleanup", Time since last: 1000235100 ns, Reaching safepoint: 223900 ns, At safepoint: 38900 ns, Total: 262800 ns
[2020-04-26T17:27:31.157+0000][1][safepoint    ] Safepoint "Cleanup", Time since last: 1000345500 ns, Reaching safepoint: 130200 ns, At safepoint: 26900 ns, Total: 157100 ns
[2020-04-26T17:27:32.157+0000][1][safepoint    ] Safepoint "Cleanup", Time since last: 1000426100 ns, Reaching safepoint: 231400 ns, At safepoint: 76700 ns, Total: 308100 ns
[2020-04-26T17:27:33.159+0000][1][safepoint    ] Safepoint "Cleanup", Time since last: 1000671400 ns, Reaching safepoint: 464200 ns, At safepoint: 199500 ns, Total: 663700 ns
[2020-04-26T17:27:34.160+0000][1][safepoint    ] Safepoint "Cleanup", Time since last: 1000472500 ns, Reaching safepoint: 525200 ns, At safepoint: 144800 ns, Total: 670000 ns
[2020-04-26T17:27:35.161+0000][1][safepoint    ] Safepoint "Cleanup", Time since last: 1000598400 ns, Reaching safepoint: 459100 ns, At safepoint: 137200 ns, Total: 596300 ns
[2020-04-26T17:27:36.162+0000][1][safepoint    ] Safepoint "Cleanup", Time since last: 1000547900 ns, Reaching safepoint: 250700 ns, At safepoint: 60000 ns, Total: 310700 ns
[2020-04-26T17:27:37.162+0000][1][safepoint    ] Safepoint "Cleanup", Time since last: 1000202700 ns, Reaching safepoint: 232900 ns, At safepoint: 40800 ns, Total: 273700 ns
[2020-04-26T17:27:38.163+0000][1][safepoint    ] Safepoint "Cleanup", Time since last: 1000329000 ns, Reaching safepoint: 462900 ns, At safepoint: 132200 ns, Total: 595100 ns
[2020-04-26T17:27:39.164+0000][1][safepoint    ] Safepoint "Cleanup", Time since last: 1000427600 ns, Reaching safepoint: 442000 ns, At safepoint: 138700 ns, Total: 580700 ns
[2020-04-26T17:27:40.166+0000][1][safepoint    ] Safepoint "Cleanup", Time since last: 1000695300 ns, Reaching safepoint: 445800 ns, At safepoint: 133900 ns, Total: 579700 ns
[2020-04-26T17:27:41.166+0000][1][safepoint    ] Safepoint "Cleanup", Time since last: 1000343600 ns, Reaching safepoint: 308000 ns, At safepoint: 142200 ns, Total: 450200 ns
[2020-04-26T17:27:42.168+0000][1][safepoint    ] Safepoint "Cleanup", Time since last: 1000514500 ns, Reaching safepoint: 661100 ns, At safepoint: 174300 ns, Total: 835400 ns
[2020-04-26T17:27:43.168+0000][1][safepoint    ] Safepoint "Cleanup", Time since last: 1000338500 ns, Reaching safepoint: 276300 ns, At safepoint: 72700 ns, Total: 349000 ns
[2020-04-26T17:27:44.169+0000][1][safepoint    ] Safepoint "Cleanup", Time since last: 1000328000 ns, Reaching safepoint: 131600 ns, At safepoint: 28300 ns, Total: 159900 ns
[2020-04-26T17:27:45.170+0000][1][safepoint    ] Safepoint "Cleanup", Time since last: 1000282200 ns, Reaching safepoint: 458800 ns, At safepoint: 137800 ns, Total: 596600 ns
[2020-04-26T17:27:46.171+0000][1][safepoint    ] Safepoint "Cleanup", Time since last: 1000469600 ns, Reaching safepoint: 858300 ns, At safepoint: 144900 ns, Total: 1003200 ns
[2020-04-26T17:27:47.172+0000][1][safepoint    ] Safepoint "Cleanup", Time since last: 1000340900 ns, Reaching safepoint: 348600 ns, At safepoint: 76600 ns, Total: 425200 ns
[2020-04-26T17:27:48.173+0000][1][safepoint    ] Safepoint "Cleanup", Time since last: 1000586700 ns, Reaching safepoint: 439600 ns, At safepoint: 133000 ns, Total: 572600 ns
[2020-04-26T17:27:49.174+0000][1][safepoint    ] Safepoint "Cleanup", Time since last: 1000499300 ns, Reaching safepoint: 281200 ns, At safepoint: 77100 ns, Total: 358300 ns
[2020-04-26T17:27:50.175+0000][1][safepoint    ] Safepoint "Cleanup", Time since last: 1000356800 ns, Reaching safepoint: 460700 ns, At safepoint: 134800 ns, Total: 595500 ns
[2020-04-26T17:27:51.176+0000][1][safepoint    ] Safepoint "Cleanup", Time since last: 1000603400 ns, Reaching safepoint: 452400 ns, At safepoint: 135000 ns, Total: 587400 ns
[2020-04-26T17:27:52.177+0000][1][safepoint    ] Safepoint "Cleanup", Time since last: 1000513500 ns, Reaching safepoint: 464500 ns, At safepoint: 144800 ns, Total: 609300 ns
[2020-04-26T17:27:53.178+0000][1][safepoint    ] Safepoint "Cleanup", Time since last: 1000207200 ns, Reaching safepoint: 130000 ns, At safepoint: 30300 ns, Total: 160300 ns
[2020-04-26T17:27:54.179+0000][1][safepoint    ] Safepoint "Cleanup", Time since last: 1000277900 ns, Reaching safepoint: 508800 ns, At safepoint: 129300 ns, Total: 638100 ns
[2020-04-26T17:27:55.180+0000][1][safepoint    ] Safepoint "Cleanup", Time since last: 1000579700 ns, Reaching safepoint: 632900 ns, At safepoint: 123500 ns, Total: 756400 ns
[2020-04-26T17:27:56.181+0000][1][safepoint    ] Safepoint "Cleanup", Time since last: 1000338700 ns, Reaching safepoint: 435000 ns, At safepoint: 131500 ns, Total: 566500 ns
[2020-04-26T17:27:57.181+0000][1][safepoint    ] Safepoint "Cleanup", Time since last: 1000292200 ns, Reaching safepoint: 144100 ns, At safepoint: 30500 ns, Total: 174600 ns
[2020-04-26T17:27:58.182+0000][1][safepoint    ] Safepoint "Cleanup", Time since last: 1000187900 ns, Reaching safepoint: 168900 ns, At safepoint: 33800 ns, Total: 202700 ns
[2020-04-26T17:27:59.182+0000][1][safepoint    ] Safepoint "Cleanup", Time since last: 1000185800 ns, Reaching safepoint: 261600 ns, At safepoint: 74600 ns, Total: 336200 ns
[2020-04-26T17:28:00.183+0000][1][safepoint    ] Safepoint "Cleanup", Time since last: 1000265600 ns, Reaching safepoint: 150900 ns, At safepoint: 45800 ns, Total: 196700 ns
[2020-04-26T17:28:01.183+0000][1][safepoint    ] Safepoint "Cleanup", Time since last: 1000211000 ns, Reaching safepoint: 167700 ns, At safepoint: 40800 ns, Total: 208500 ns
[2020-04-26T17:28:02.184+0000][1][safepoint    ] Safepoint "Cleanup", Time since last: 1000389300 ns, Reaching safepoint: 462900 ns, At safepoint: 127700 ns, Total: 590600 ns
[2020-04-26T17:28:03.185+0000][1][safepoint    ] Safepoint "Cleanup", Time since last: 1000585900 ns, Reaching safepoint: 157500 ns, At safepoint: 33600 ns, Total: 191100 ns
[2020-04-26T17:28:04.186+0000][1][safepoint    ] Safepoint "Cleanup", Time since last: 1000480100 ns, Reaching safepoint: 206200 ns, At safepoint: 35000 ns, Total: 241200 ns
[2020-04-26T17:28:05.187+0000][1][safepoint    ] Safepoint "Cleanup", Time since last: 1000538900 ns, Reaching safepoint: 463000 ns, At safepoint: 137800 ns, Total: 600800 ns
[2020-04-26T17:28:06.187+0000][1][safepoint    ] Safepoint "Cleanup", Time since last: 1000386800 ns, Reaching safepoint: 135000 ns, At safepoint: 31300 ns, Total: 166300 ns
[2020-04-26T17:28:08.172+0000][1][safepoint    ] Safepoint "Cleanup", Time since last: 1983897100 ns, Reaching safepoint: 399600 ns, At safepoint: 94200 ns, Total: 493800 ns
[2020-04-26T17:28:09.172+0000][1][safepoint    ] Safepoint "Cleanup", Time since last: 1000248000 ns, Reaching safepoint: 253100 ns, At safepoint: 55200 ns, Total: 308300 ns
[2020-04-26T17:28:10.173+0000][1][safepoint    ] Safepoint "Cleanup", Time since last: 1000320400 ns, Reaching safepoint: 259700 ns, At safepoint: 73800 ns, Total: 333500 ns
[2020-04-26T17:28:11.174+0000][1][safepoint    ] Safepoint "Cleanup", Time since last: 1000417200 ns, Reaching safepoint: 445300 ns, At safepoint: 156100 ns, Total: 601400 ns
[2020-04-26T17:28:12.175+0000][1][safepoint    ] Safepoint "Cleanup", Time since last: 1000372200 ns, Reaching safepoint: 182100 ns, At safepoint: 56800 ns, Total: 238900 ns
[2020-04-26T17:28:13.175+0000][1][safepoint    ] Safepoint "Cleanup", Time since last: 1000350100 ns, Reaching safepoint: 130500 ns, At safepoint: 26600 ns, Total: 157100 ns
[2020-04-26T17:28:14.176+0000][1][safepoint    ] Safepoint "Cleanup", Time since last: 1000577400 ns, Reaching safepoint: 550600 ns, At safepoint: 133500 ns, Total: 684100 ns
[2020-04-26T17:28:15.177+0000][1][safepoint    ] Safepoint "Cleanup", Time since last: 1000252900 ns, Reaching safepoint: 164700 ns, At safepoint: 37000 ns, Total: 201700 ns
[2020-04-26T17:28:16.178+0000][1][safepoint    ] Safepoint "Cleanup", Time since last: 1000322900 ns, Reaching safepoint: 427100 ns, At safepoint: 103400 ns, Total: 530500 ns
[2020-04-26T17:28:17.179+0000][1][safepoint    ] Safepoint "Cleanup", Time since last: 1000725000 ns, Reaching safepoint: 526300 ns, At safepoint: 139000 ns, Total: 665300 ns
[2020-04-26T17:28:18.180+0000][1][safepoint    ] Safepoint "Cleanup", Time since last: 1000449600 ns, Reaching safepoint: 473100 ns, At safepoint: 143000 ns, Total: 616100 ns
[2020-04-26T17:28:19.181+0000][1][safepoint    ] Safepoint "Cleanup", Time since last: 1000607400 ns, Reaching safepoint: 461300 ns, At safepoint: 138100 ns, Total: 599400 ns
[2020-04-26T17:28:20.182+0000][1][safepoint    ] Safepoint "Cleanup", Time since last: 1000357400 ns, Reaching safepoint: 457300 ns, At safepoint: 148700 ns, Total: 606000 ns
[2020-04-26T17:28:21.183+0000][1][safepoint    ] Safepoint "Cleanup", Time since last: 1000401200 ns, Reaching safepoint: 459300 ns, At safepoint: 154100 ns, Total: 613400 ns
[2020-04-26T17:28:22.184+0000][1][safepoint    ] Safepoint "Cleanup", Time since last: 1000360100 ns, Reaching safepoint: 133400 ns, At safepoint: 28100 ns, Total: 161500 ns
[2020-04-26T17:28:23.184+0000][1][safepoint    ] Safepoint "Cleanup", Time since last: 1000127200 ns, Reaching safepoint: 129500 ns, At safepoint: 26500 ns, Total: 156000 ns
[2020-04-26T17:28:24.184+0000][1][safepoint    ] Safepoint "Cleanup", Time since last: 1000177100 ns, Reaching safepoint: 139100 ns, At safepoint: 29400 ns, Total: 168500 ns
[2020-04-26T17:28:25.185+0000][1][safepoint    ] Safepoint "Cleanup", Time since last: 1000179000 ns, Reaching safepoint: 136000 ns, At safepoint: 28900 ns, Total: 164900 ns
[2020-04-26T17:28:26.185+0000][1][safepoint    ] Safepoint "Cleanup", Time since last: 1000212800 ns, Reaching safepoint: 139700 ns, At safepoint: 31800 ns, Total: 171500 ns
[2020-04-26T17:28:27.186+0000][1][safepoint    ] Safepoint "Cleanup", Time since last: 1000526300 ns, Reaching safepoint: 457600 ns, At safepoint: 137600 ns, Total: 595200 ns
[2020-04-26T17:28:28.187+0000][1][safepoint    ] Safepoint "Cleanup", Time since last: 1000236600 ns, Reaching safepoint: 188200 ns, At safepoint: 56300 ns, Total: 244500 ns
[2020-04-26T17:28:29.148+0000][1][safepoint    ] Safepoint "RevokeBias", Time since last: 961312700 ns, Reaching safepoint: 216300 ns, At safepoint: 93300 ns, Total: 309600 ns
[2020-04-26T17:28:29.149+0000][1][safepoint    ] Safepoint "RevokeBias", Time since last: 54100 ns, Reaching safepoint: 99300 ns, At safepoint: 123200 ns, Total: 222500 ns
[2020-04-26T17:28:29.149+0000][1][safepoint    ] Safepoint "RevokeBias", Time since last: 111500 ns, Reaching safepoint: 186600 ns, At safepoint: 66600 ns, Total: 253200 ns
[2020-04-26T17:28:29.154+0000][1][safepoint    ] Safepoint "RevokeBias", Time since last: 4331700 ns, Reaching safepoint: 119800 ns, At safepoint: 90900 ns, Total: 210700 ns
[2020-04-26T17:28:29.154+0000][1][safepoint    ] Safepoint "RevokeBias", Time since last: 125300 ns, Reaching safepoint: 198900 ns, At safepoint: 92900 ns, Total: 291800 ns
[2020-04-26T17:28:30.155+0000][1][safepoint    ] Safepoint "Cleanup", Time since last: 1000443400 ns, Reaching safepoint: 184100 ns, At safepoint: 40200 ns, Total: 224300 ns
[2020-04-26T17:28:31.155+0000][1][safepoint    ] Safepoint "Cleanup", Time since last: 1000332500 ns, Reaching safepoint: 358000 ns, At safepoint: 143600 ns, Total: 501600 ns
[2020-04-26T17:28:32.156+0000][1][safepoint    ] Safepoint "Cleanup", Time since last: 1000248500 ns, Reaching safepoint: 182100 ns, At safepoint: 47700 ns, Total: 229800 ns
[2020-04-26T17:28:33.157+0000][1][safepoint    ] Safepoint "Cleanup", Time since last: 1000508500 ns, Reaching safepoint: 354300 ns, At safepoint: 103700 ns, Total: 458000 ns
[2020-04-26T17:28:34.158+0000][1][safepoint    ] Safepoint "Cleanup", Time since last: 1000283900 ns, Reaching safepoint: 374200 ns, At safepoint: 89600 ns, Total: 463800 ns
[2020-04-26T17:28:35.158+0000][1][safepoint    ] Safepoint "Cleanup", Time since last: 1000249600 ns, Reaching safepoint: 193900 ns, At safepoint: 57400 ns, Total: 251300 ns
[2020-04-26T17:28:36.159+0000][1][safepoint    ] Safepoint "Cleanup", Time since last: 1000325700 ns, Reaching safepoint: 193200 ns, At safepoint: 43200 ns, Total: 236400 ns
[2020-04-26T17:28:37.159+0000][1][safepoint    ] Safepoint "Cleanup", Time since last: 1000239500 ns, Reaching safepoint: 142000 ns, At safepoint: 34000 ns, Total: 176000 ns
[2020-04-26T17:28:38.159+0000][1][safepoint    ] Safepoint "Cleanup", Time since last: 1000188300 ns, Reaching safepoint: 136400 ns, At safepoint: 27800 ns, Total: 164200 ns
[2020-04-26T17:28:39.160+0000][1][safepoint    ] Safepoint "Cleanup", Time since last: 1000361300 ns, Reaching safepoint: 366500 ns, At safepoint: 106800 ns, Total: 473300 ns
[2020-04-26T17:28:40.161+0000][1][safepoint    ] Safepoint "Cleanup", Time since last: 1000281000 ns, Reaching safepoint: 249300 ns, At safepoint: 34200 ns, Total: 283500 ns
[2020-04-26T17:28:41.162+0000][1][safepoint    ] Safepoint "Cleanup", Time since last: 1000411300 ns, Reaching safepoint: 459200 ns, At safepoint: 142300 ns, Total: 601500 ns
[2020-04-26T17:28:42.162+0000][1][safepoint    ] Safepoint "Cleanup", Time since last: 1000314900 ns, Reaching safepoint: 187200 ns, At safepoint: 51600 ns, Total: 238800 ns
[2020-04-26T17:28:43.163+0000][1][safepoint    ] Safepoint "Cleanup", Time since last: 1000627600 ns, Reaching safepoint: 164600 ns, At safepoint: 44900 ns, Total: 209500 ns
[2020-04-26T17:28:44.164+0000][1][safepoint    ] Safepoint "Cleanup", Time since last: 1000438800 ns, Reaching safepoint: 206100 ns, At safepoint: 41100 ns, Total: 247200 ns
[2020-04-26T17:28:45.165+0000][1][safepoint    ] Safepoint "Cleanup", Time since last: 1000440200 ns, Reaching safepoint: 214700 ns, At safepoint: 58000 ns, Total: 272700 ns
[2020-04-26T17:28:46.165+0000][1][safepoint    ] Safepoint "Cleanup", Time since last: 1000221800 ns, Reaching safepoint: 281000 ns, At safepoint: 83300 ns, Total: 364300 ns
[2020-04-26T17:28:47.166+0000][1][safepoint    ] Safepoint "Cleanup", Time since last: 1000486400 ns, Reaching safepoint: 234400 ns, At safepoint: 66400 ns, Total: 300800 ns
[2020-04-26T17:28:48.166+0000][1][safepoint    ] Safepoint "Cleanup", Time since last: 1000174900 ns, Reaching safepoint: 131200 ns, At safepoint: 29300 ns, Total: 160500 ns
[2020-04-26T17:28:49.167+0000][1][safepoint    ] Safepoint "Cleanup", Time since last: 1000316700 ns, Reaching safepoint: 408700 ns, At safepoint: 128500 ns, Total: 537200 ns
[2020-04-26T17:28:50.168+0000][1][safepoint    ] Safepoint "Cleanup", Time since last: 1000533800 ns, Reaching safepoint: 504800 ns, At safepoint: 55200 ns, Total: 560000 ns
[2020-04-26T17:28:51.169+0000][1][safepoint    ] Safepoint "Cleanup", Time since last: 1000147000 ns, Reaching safepoint: 174000 ns, At safepoint: 44500 ns, Total: 218500 ns
[2020-04-26T17:28:52.169+0000][1][safepoint    ] Safepoint "Cleanup", Time since last: 1000277400 ns, Reaching safepoint: 396500 ns, At safepoint: 117900 ns, Total: 514400 ns
[2020-04-26T17:28:53.170+0000][1][safepoint    ] Safepoint "Cleanup", Time since last: 1000296600 ns, Reaching safepoint: 211700 ns, At safepoint: 66200 ns, Total: 277900 ns
[2020-04-26T17:28:54.171+0000][1][safepoint    ] Safepoint "Cleanup", Time since last: 1000288900 ns, Reaching safepoint: 502600 ns, At safepoint: 102800 ns, Total: 605400 ns
[2020-04-26T17:28:55.171+0000][1][safepoint    ] Safepoint "Cleanup", Time since last: 1000344100 ns, Reaching safepoint: 151100 ns, At safepoint: 36700 ns, Total: 187800 ns
[2020-04-26T17:28:56.172+0000][1][safepoint    ] Safepoint "Cleanup", Time since last: 1000349200 ns, Reaching safepoint: 438100 ns, At safepoint: 130300 ns, Total: 568400 ns
[2020-04-26T17:28:57.174+0000][1][safepoint    ] Safepoint "Cleanup", Time since last: 1000738800 ns, Reaching safepoint: 458000 ns, At safepoint: 136500 ns, Total: 594500 ns
[2020-04-26T17:28:58.175+0000][1][safepoint    ] Safepoint "Cleanup", Time since last: 1000404500 ns, Reaching safepoint: 406900 ns, At safepoint: 130000 ns, Total: 536900 ns
[2020-04-26T17:28:59.176+0000][1][safepoint    ] Safepoint "Cleanup", Time since last: 1000527000 ns, Reaching safepoint: 632300 ns, At safepoint: 172600 ns, Total: 804900 ns
[2020-04-26T17:29:00.177+0000][1][safepoint    ] Safepoint "Cleanup", Time since last: 1000425400 ns, Reaching safepoint: 410100 ns, At safepoint: 118600 ns, Total: 528700 ns
[2020-04-26T17:29:01.177+0000][1][safepoint    ] Safepoint "Cleanup", Time since last: 1000293900 ns, Reaching safepoint: 144400 ns, At safepoint: 28800 ns, Total: 173200 ns
[2020-04-26T17:29:02.178+0000][1][safepoint    ] Safepoint "Cleanup", Time since last: 1000408700 ns, Reaching safepoint: 449700 ns, At safepoint: 170100 ns, Total: 619800 ns
[2020-04-26T17:29:03.179+0000][1][safepoint    ] Safepoint "Cleanup", Time since last: 1000400000 ns, Reaching safepoint: 454400 ns, At safepoint: 135600 ns, Total: 590000 ns
[2020-04-26T17:29:04.181+0000][1][safepoint    ] Safepoint "Cleanup", Time since last: 1000607600 ns, Reaching safepoint: 436900 ns, At safepoint: 130600 ns, Total: 567500 ns
[2020-04-26T17:29:05.181+0000][1][safepoint    ] Safepoint "Cleanup", Time since last: 1000371800 ns, Reaching safepoint: 275800 ns, At safepoint: 79300 ns, Total: 355100 ns
[2020-04-26T17:29:06.182+0000][1][safepoint    ] Safepoint "Cleanup", Time since last: 1000654400 ns, Reaching safepoint: 164800 ns, At safepoint: 36600 ns, Total: 201400 ns
[2020-04-26T17:29:08.163+0000][1][safepoint    ] Safepoint "Cleanup", Time since last: 1980657900 ns, Reaching safepoint: 330400 ns, At safepoint: 102000 ns, Total: 432400 ns
[2020-04-26T17:29:09.164+0000][1][safepoint    ] Safepoint "Cleanup", Time since last: 1000619800 ns, Reaching safepoint: 332200 ns, At safepoint: 97800 ns, Total: 430000 ns
[2020-04-26T17:29:10.165+0000][1][safepoint    ] Safepoint "Cleanup", Time since last: 1000536100 ns, Reaching safepoint: 151800 ns, At safepoint: 30400 ns, Total: 182200 ns
[2020-04-26T17:29:11.166+0000][1][safepoint    ] Safepoint "Cleanup", Time since last: 1000608200 ns, Reaching safepoint: 460000 ns, At safepoint: 137400 ns, Total: 597400 ns
[2020-04-26T17:29:12.167+0000][1][safepoint    ] Safepoint "Cleanup", Time since last: 1000466900 ns, Reaching safepoint: 566400 ns, At safepoint: 136000 ns, Total: 702400 ns
[2020-04-26T17:29:13.168+0000][1][safepoint    ] Safepoint "Cleanup", Time since last: 1000471900 ns, Reaching safepoint: 384000 ns, At safepoint: 94100 ns, Total: 478100 ns
[2020-04-26T17:29:14.170+0000][1][safepoint    ] Safepoint "Cleanup", Time since last: 1000734000 ns, Reaching safepoint: 477400 ns, At safepoint: 139100 ns, Total: 616500 ns
[2020-04-26T17:29:15.171+0000][1][safepoint    ] Safepoint "Cleanup", Time since last: 1000282600 ns, Reaching safepoint: 624800 ns, At safepoint: 127100 ns, Total: 751900 ns
[2020-04-26T17:29:16.172+0000][1][safepoint    ] Safepoint "Cleanup", Time since last: 1000724200 ns, Reaching safepoint: 460500 ns, At safepoint: 138800 ns, Total: 599300 ns
[2020-04-26T17:29:17.173+0000][1][safepoint    ] Safepoint "Cleanup", Time since last: 1000428200 ns, Reaching safepoint: 472100 ns, At safepoint: 153000 ns, Total: 625100 ns
[2020-04-26T17:29:18.174+0000][1][safepoint    ] Safepoint "Cleanup", Time since last: 1000447900 ns, Reaching safepoint: 593800 ns, At safepoint: 137500 ns, Total: 731300 ns
[2020-04-26T17:29:19.175+0000][1][safepoint    ] Safepoint "Cleanup", Time since last: 1000404700 ns, Reaching safepoint: 521200 ns, At safepoint: 127200 ns, Total: 648400 ns
[2020-04-26T17:29:20.176+0000][1][safepoint    ] Safepoint "Cleanup", Time since last: 1000406300 ns, Reaching safepoint: 462900 ns, At safepoint: 146900 ns, Total: 609800 ns
[2020-04-26T17:29:21.177+0000][1][safepoint    ] Safepoint "Cleanup", Time since last: 1000237200 ns, Reaching safepoint: 226000 ns, At safepoint: 38600 ns, Total: 264600 ns
[2020-04-26T17:29:22.178+0000][1][safepoint    ] Safepoint "Cleanup", Time since last: 1000253200 ns, Reaching safepoint: 345400 ns, At safepoint: 79500 ns, Total: 424900 ns
[2020-04-26T17:29:23.178+0000][1][safepoint    ] Safepoint "Cleanup", Time since last: 1000203400 ns, Reaching safepoint: 142800 ns, At safepoint: 30400 ns, Total: 173200 ns
[2020-04-26T17:29:24.179+0000][1][safepoint    ] Safepoint "Cleanup", Time since last: 1000417200 ns, Reaching safepoint: 475400 ns, At safepoint: 153300 ns, Total: 628700 ns
[2020-04-26T17:29:25.180+0000][1][safepoint    ] Safepoint "Cleanup", Time since last: 1000395600 ns, Reaching safepoint: 524600 ns, At safepoint: 129700 ns, Total: 654300 ns
[2020-04-26T17:29:26.181+0000][1][safepoint    ] Safepoint "Cleanup", Time since last: 1000413900 ns, Reaching safepoint: 474200 ns, At safepoint: 178700 ns, Total: 652900 ns
[2020-04-26T17:29:27.182+0000][1][safepoint    ] Safepoint "Cleanup", Time since last: 1000220100 ns, Reaching safepoint: 225900 ns, At safepoint: 56400 ns, Total: 282300 ns
[2020-04-26T17:29:28.183+0000][1][safepoint    ] Safepoint "Cleanup", Time since last: 1000356700 ns, Reaching safepoint: 608700 ns, At safepoint: 141000 ns, Total: 749700 ns
[2020-04-26T17:29:29.184+0000][1][safepoint    ] Safepoint "Cleanup", Time since last: 1000283000 ns, Reaching safepoint: 454300 ns, At safepoint: 134900 ns, Total: 589200 ns
[2020-04-26T17:29:30.141+0000][1][safepoint    ] Safepoint "RevokeBias", Time since last: 957450300 ns, Reaching safepoint: 169400 ns, At safepoint: 145200 ns, Total: 314600 ns
[2020-04-26T17:29:30.142+0000][1][safepoint    ] Safepoint "RevokeBias", Time since last: 47600 ns, Reaching safepoint: 293200 ns, At safepoint: 158700 ns, Total: 451900 ns
[2020-04-26T17:29:30.142+0000][1][safepoint    ] Safepoint "RevokeBias", Time since last: 138900 ns, Reaching safepoint: 350300 ns, At safepoint: 123800 ns, Total: 474100 ns
[2020-04-26T17:29:30.152+0000][1][safepoint    ] Safepoint "RevokeBias", Time since last: 8693700 ns, Reaching safepoint: 282600 ns, At safepoint: 139400 ns, Total: 422000 ns
[2020-04-26T17:29:30.152+0000][1][safepoint    ] Safepoint "RevokeBias", Time since last: 46800 ns, Reaching safepoint: 139200 ns, At safepoint: 122300 ns, Total: 261500 ns
[2020-04-26T17:29:30.152+0000][1][safepoint    ] Safepoint "RevokeBias", Time since last: 123000 ns, Reaching safepoint: 271200 ns, At safepoint: 131600 ns, Total: 402800 ns
[2020-04-26T17:29:31.155+0000][1][safepoint    ] Safepoint "Cleanup", Time since last: 1001965700 ns, Reaching safepoint: 264200 ns, At safepoint: 36900 ns, Total: 301100 ns
[2020-04-26T17:29:32.155+0000][1][safepoint    ] Safepoint "Cleanup", Time since last: 1000200400 ns, Reaching safepoint: 147300 ns, At safepoint: 55200 ns, Total: 202500 ns
[2020-04-26T17:29:33.156+0000][1][safepoint    ] Safepoint "Cleanup", Time since last: 1000223800 ns, Reaching safepoint: 427800 ns, At safepoint: 268500 ns, Total: 696300 ns
[2020-04-26T17:29:34.157+0000][1][safepoint    ] Safepoint "Cleanup", Time since last: 1000740000 ns, Reaching safepoint: 457900 ns, At safepoint: 265400 ns, Total: 723300 ns
[2020-04-26T17:29:35.159+0000][1][safepoint    ] Safepoint "Cleanup", Time since last: 1000672900 ns, Reaching safepoint: 459200 ns, At safepoint: 223800 ns, Total: 683000 ns
[2020-04-26T17:29:36.159+0000][1][safepoint    ] Safepoint "Cleanup", Time since last: 1000333300 ns, Reaching safepoint: 149300 ns, At safepoint: 32500 ns, Total: 181800 ns
[2020-04-26T17:29:37.160+0000][1][safepoint    ] Safepoint "Cleanup", Time since last: 1000195000 ns, Reaching safepoint: 140100 ns, At safepoint: 34000 ns, Total: 174100 ns
[2020-04-26T17:29:38.160+0000][1][safepoint    ] Safepoint "Cleanup", Time since last: 1000185800 ns, Reaching safepoint: 192400 ns, At safepoint: 32200 ns, Total: 224600 ns
[2020-04-26T17:29:39.162+0000][1][safepoint    ] Safepoint "Cleanup", Time since last: 1000776200 ns, Reaching safepoint: 453300 ns, At safepoint: 135800 ns, Total: 589100 ns
[2020-04-26T17:29:40.163+0000][1][safepoint    ] Safepoint "Cleanup", Time since last: 1000398700 ns, Reaching safepoint: 978200 ns, At safepoint: 142500 ns, Total: 1120700 ns
[2020-04-26T17:29:41.164+0000][1][safepoint    ] Safepoint "Cleanup", Time since last: 1000592300 ns, Reaching safepoint: 520000 ns, At safepoint: 129500 ns, Total: 649500 ns
[2020-04-26T17:29:42.165+0000][1][safepoint    ] Safepoint "Cleanup", Time since last: 1000291700 ns, Reaching safepoint: 133400 ns, At safepoint: 31100 ns, Total: 164500 ns
[2020-04-26T17:29:43.166+0000][1][safepoint    ] Safepoint "Cleanup", Time since last: 1000617300 ns, Reaching safepoint: 455400 ns, At safepoint: 138300 ns, Total: 593700 ns
[2020-04-26T17:29:43.917+0000][1][safepoint    ] Safepoint "RevokeBias", Time since last: 751372000 ns, Reaching safepoint: 146000 ns, At safepoint: 38700 ns, Total: 184700 ns
[2020-04-26T17:29:43.918+0000][1][safepoint    ] Safepoint "RevokeBias", Time since last: 444200 ns, Reaching safepoint: 91400 ns, At safepoint: 33500 ns, Total: 124900 ns
[2020-04-26T17:29:44.919+0000][1][safepoint    ] Safepoint "Cleanup", Time since last: 1000768900 ns, Reaching safepoint: 452500 ns, At safepoint: 144300 ns, Total: 596800 ns
[2020-04-26T17:29:45.920+0000][1][safepoint    ] Safepoint "Cleanup", Time since last: 1000236800 ns, Reaching safepoint: 233300 ns, At safepoint: 72100 ns, Total: 305400 ns
[2020-04-26T17:29:46.921+0000][1][safepoint    ] Safepoint "Cleanup", Time since last: 1000417100 ns, Reaching safepoint: 611100 ns, At safepoint: 174000 ns, Total: 785100 ns
[2020-04-26T17:29:47.922+0000][1][safepoint    ] Safepoint "Cleanup", Time since last: 1000556000 ns, Reaching safepoint: 351100 ns, At safepoint: 107500 ns, Total: 458600 ns
[2020-04-26T17:29:48.923+0000][1][safepoint    ] Safepoint "Cleanup", Time since last: 1000468500 ns, Reaching safepoint: 522100 ns, At safepoint: 134900 ns, Total: 657000 ns
[2020-04-26T17:29:49.924+0000][1][safepoint    ] Safepoint "Cleanup", Time since last: 1000446100 ns, Reaching safepoint: 260000 ns, At safepoint: 52400 ns, Total: 312400 ns
[2020-04-26T17:29:49.977+0000][1][gc,start     ] GC(49) Pause Young (Allocation Failure)
[2020-04-26T17:29:49.977+0000][1][gc,task      ] GC(49) Using 10 workers of 10 for evacuation
[2020-04-26T17:29:49.981+0000][1][gc,age       ] GC(49) Desired survivor size 8945664 bytes, new threshold 6 (max threshold 6)
[2020-04-26T17:29:49.981+0000][1][gc,age       ] GC(49) Age table with threshold 6 (max threshold 6)
[2020-04-26T17:29:49.981+0000][1][gc,age       ] GC(49) - age   1:      74048 bytes,      74048 total
[2020-04-26T17:29:49.981+0000][1][gc,age       ] GC(49) - age   2:     308152 bytes,     382200 total
[2020-04-26T17:29:49.981+0000][1][gc,age       ] GC(49) - age   3:      84488 bytes,     466688 total
[2020-04-26T17:29:49.981+0000][1][gc,age       ] GC(49) - age   4:      66976 bytes,     533664 total
[2020-04-26T17:29:49.981+0000][1][gc,age       ] GC(49) - age   5:      30256 bytes,     563920 total
[2020-04-26T17:29:49.981+0000][1][gc,age       ] GC(49) - age   6:      12864 bytes,     576784 total
[2020-04-26T17:29:49.981+0000][1][gc,heap      ] GC(49) ParNew: 141480K->1032K(157248K)
[2020-04-26T17:29:49.981+0000][1][gc,heap      ] GC(49) CMS: 79791K->80720K(349568K)
[2020-04-26T17:29:49.981+0000][1][gc,metaspace ] GC(49) Metaspace: 97779K->97779K(1140736K)
[2020-04-26T17:29:49.982+0000][1][gc           ] GC(49) Pause Young (Allocation Failure) 216M->79M(494M) 4.336ms
[2020-04-26T17:29:49.982+0000][1][gc,cpu       ] GC(49) User=0.02s Sys=0.01s Real=0.00s
[2020-04-26T17:29:49.982+0000][1][safepoint    ] Safepoint "GenCollectForAllocation", Time since last: 52875300 ns, Reaching safepoint: 229400 ns, At safepoint: 4477700 ns, Total: 4707100 ns
[2020-04-26T17:29:50.982+0000][1][safepoint    ] Safepoint "Cleanup", Time since last: 1000324600 ns, Reaching safepoint: 326800 ns, At safepoint: 95300 ns, Total: 422100 ns
[2020-04-26T17:29:51.983+0000][1][safepoint    ] Safepoint "Cleanup", Time since last: 1000241900 ns, Reaching safepoint: 225000 ns, At safepoint: 56800 ns, Total: 281800 ns
[2020-04-26T17:29:52.983+0000][1][safepoint    ] Safepoint "Cleanup", Time since last: 1000146500 ns, Reaching safepoint: 135500 ns, At safepoint: 39800 ns, Total: 175300 ns
[2020-04-26T17:29:53.984+0000][1][safepoint    ] Safepoint "Cleanup", Time since last: 1000345500 ns, Reaching safepoint: 261900 ns, At safepoint: 50700 ns, Total: 312600 ns
[2020-04-26T17:29:54.985+0000][1][safepoint    ] Safepoint "Cleanup", Time since last: 1000247000 ns, Reaching safepoint: 252200 ns, At safepoint: 112100 ns, Total: 364300 ns
[2020-04-26T17:29:55.985+0000][1][safepoint    ] Safepoint "Cleanup", Time since last: 1000226600 ns, Reaching safepoint: 176400 ns, At safepoint: 48600 ns, Total: 225000 ns
[2020-04-26T17:29:56.986+0000][1][safepoint    ] Safepoint "Cleanup", Time since last: 1000460100 ns, Reaching safepoint: 505900 ns, At safepoint: 215900 ns, Total: 721800 ns
[2020-04-26T17:29:58.966+0000][1][safepoint    ] Safepoint "Cleanup", Time since last: 1979436900 ns, Reaching safepoint: 131300 ns, At safepoint: 29700 ns, Total: 161000 ns
[2020-04-26T17:29:59.966+0000][1][safepoint    ] Safepoint "Cleanup", Time since last: 1000166200 ns, Reaching safepoint: 134600 ns, At safepoint: 30100 ns, Total: 164700 ns
[2020-04-26T17:29:59.990+0000][1][safepoint    ] Safepoint "RevokeBias", Time since last: 23306600 ns, Reaching safepoint: 133200 ns, At safepoint: 84800 ns, Total: 218000 ns
[2020-04-26T17:29:59.990+0000][1][safepoint    ] Safepoint "RevokeBias", Time since last: 202800 ns, Reaching safepoint: 112800 ns, At safepoint: 49100 ns, Total: 161900 ns
[2020-04-26T17:29:59.991+0000][1][safepoint    ] Safepoint "RevokeBias", Time since last: 751800 ns, Reaching safepoint: 77900 ns, At safepoint: 34400 ns, Total: 112300 ns
[2020-04-26T17:29:59.991+0000][1][safepoint    ] Safepoint "RevokeBias", Time since last: 179100 ns, Reaching safepoint: 73100 ns, At safepoint: 33500 ns, Total: 106600 ns
[2020-04-26T17:29:59.991+0000][1][safepoint    ] Safepoint "RevokeBias", Time since last: 168600 ns, Reaching safepoint: 73700 ns, At safepoint: 33000 ns, Total: 106700 ns
[2020-04-26T17:29:59.992+0000][1][safepoint    ] Safepoint "RevokeBias", Time since last: 162600 ns, Reaching safepoint: 73900 ns, At safepoint: 32800 ns, Total: 106700 ns
[2020-04-26T17:29:59.992+0000][1][safepoint    ] Safepoint "RevokeBias", Time since last: 160400 ns, Reaching safepoint: 86200 ns, At safepoint: 32000 ns, Total: 118200 ns
[2020-04-26T17:29:59.992+0000][1][safepoint    ] Safepoint "RevokeBias", Time since last: 168100 ns, Reaching safepoint: 72500 ns, At safepoint: 32900 ns, Total: 105400 ns
[2020-04-26T17:29:59.993+0000][1][safepoint    ] Safepoint "RevokeBias", Time since last: 187800 ns, Reaching safepoint: 73800 ns, At safepoint: 44500 ns, Total: 118300 ns
[2020-04-26T17:30:00.003+0000][1][safepoint    ] Safepoint "RevokeBias", Time since last: 10062100 ns, Reaching safepoint: 144400 ns, At safepoint: 54000 ns, Total: 198400 ns
[2020-04-26T17:30:00.003+0000][1][safepoint    ] Safepoint "RevokeBias", Time since last: 380800 ns, Reaching safepoint: 119100 ns, At safepoint: 47700 ns, Total: 166800 ns
[2020-04-26T17:30:00.774+0000][1][safepoint    ] Safepoint "RevokeBias", Time since last: 770459200 ns, Reaching safepoint: 359100 ns, At safepoint: 99300 ns, Total: 458400 ns
[2020-04-26T17:30:01.775+0000][1][safepoint    ] Safepoint "Cleanup", Time since last: 1000401100 ns, Reaching safepoint: 163300 ns, At safepoint: 39200 ns, Total: 202500 ns
[2020-04-26T17:30:02.775+0000][1][safepoint    ] Safepoint "Cleanup", Time since last: 1000174300 ns, Reaching safepoint: 145700 ns, At safepoint: 44100 ns, Total: 189800 ns
[2020-04-26T17:30:03.776+0000][1][safepoint    ] Safepoint "Cleanup", Time since last: 1000317700 ns, Reaching safepoint: 516400 ns, At safepoint: 271800 ns, Total: 788200 ns
[2020-04-26T17:30:04.777+0000][1][safepoint    ] Safepoint "Cleanup", Time since last: 1000244500 ns, Reaching safepoint: 260100 ns, At safepoint: 109900 ns, Total: 370000 ns
[2020-04-26T17:30:05.777+0000][1][safepoint    ] Safepoint "Cleanup", Time since last: 1000192100 ns, Reaching safepoint: 144300 ns, At safepoint: 53100 ns, Total: 197400 ns
[2020-04-26T17:30:06.778+0000][1][safepoint    ] Safepoint "Cleanup", Time since last: 1000189800 ns, Reaching safepoint: 152200 ns, At safepoint: 41600 ns, Total: 193800 ns
[2020-04-26T17:30:07.779+0000][1][safepoint    ] Safepoint "Cleanup", Time since last: 1000416100 ns, Reaching safepoint: 535000 ns, At safepoint: 210000 ns, Total: 745000 ns
[2020-04-26T17:30:08.780+0000][1][safepoint    ] Safepoint "Cleanup", Time since last: 1000485500 ns, Reaching safepoint: 253900 ns, At safepoint: 109700 ns, Total: 363600 ns
[2020-04-26T17:30:09.780+0000][1][safepoint    ] Safepoint "Cleanup", Time since last: 1000200600 ns, Reaching safepoint: 150900 ns, At safepoint: 32000 ns, Total: 182900 ns
[2020-04-26T17:30:10.781+0000][1][safepoint    ] Safepoint "Cleanup", Time since last: 1000370900 ns, Reaching safepoint: 446700 ns, At safepoint: 231300 ns, Total: 678000 ns
[2020-04-26T17:30:11.782+0000][1][safepoint    ] Safepoint "Cleanup", Time since last: 1000227800 ns, Reaching safepoint: 137000 ns, At safepoint: 30500 ns, Total: 167500 ns
[2020-04-26T17:30:12.782+0000][1][safepoint    ] Safepoint "Cleanup", Time since last: 1000280500 ns, Reaching safepoint: 237200 ns, At safepoint: 96700 ns, Total: 333900 ns
[2020-04-26T17:30:13.783+0000][1][safepoint    ] Safepoint "Cleanup", Time since last: 1000230300 ns, Reaching safepoint: 147800 ns, At safepoint: 48000 ns, Total: 195800 ns
[2020-04-26T17:30:14.784+0000][1][safepoint    ] Safepoint "Cleanup", Time since last: 1000334900 ns, Reaching safepoint: 571600 ns, At safepoint: 165700 ns, Total: 737300 ns
[2020-04-26T17:30:15.784+0000][1][safepoint    ] Safepoint "Cleanup", Time since last: 1000225600 ns, Reaching safepoint: 130900 ns, At safepoint: 44100 ns, Total: 175000 ns
[2020-04-26T17:30:16.785+0000][1][safepoint    ] Safepoint "Cleanup", Time since last: 1000349900 ns, Reaching safepoint: 569000 ns, At safepoint: 155600 ns, Total: 724600 ns
[2020-04-26T17:30:17.786+0000][1][safepoint    ] Safepoint "Cleanup", Time since last: 1000484000 ns, Reaching safepoint: 287300 ns, At safepoint: 126600 ns, Total: 413900 ns
[2020-04-26T17:30:18.787+0000][1][safepoint    ] Safepoint "Cleanup", Time since last: 1000295500 ns, Reaching safepoint: 221900 ns, At safepoint: 72800 ns, Total: 294700 ns
[2020-04-26T17:30:19.788+0000][1][safepoint    ] Safepoint "Cleanup", Time since last: 1000310700 ns, Reaching safepoint: 553300 ns, At safepoint: 124800 ns, Total: 678100 ns
[2020-04-26T17:30:20.788+0000][1][safepoint    ] Safepoint "Cleanup", Time since last: 1000234500 ns, Reaching safepoint: 148800 ns, At safepoint: 43300 ns, Total: 192100 ns
[2020-04-26T17:30:21.789+0000][1][safepoint    ] Safepoint "Cleanup", Time since last: 1000522300 ns, Reaching safepoint: 132400 ns, At safepoint: 46900 ns, Total: 179300 ns
[2020-04-26T17:30:22.789+0000][1][safepoint    ] Safepoint "Cleanup", Time since last: 1000177700 ns, Reaching safepoint: 142600 ns, At safepoint: 47500 ns, Total: 190100 ns
[2020-04-26T17:30:23.790+0000][1][safepoint    ] Safepoint "Cleanup", Time since last: 1000306100 ns, Reaching safepoint: 436400 ns, At safepoint: 218700 ns, Total: 655100 ns
[2020-04-26T17:30:24.791+0000][1][safepoint    ] Safepoint "Cleanup", Time since last: 1000492800 ns, Reaching safepoint: 377000 ns, At safepoint: 169000 ns, Total: 546000 ns
[2020-04-26T17:30:25.792+0000][1][safepoint    ] Safepoint "Cleanup", Time since last: 1000461800 ns, Reaching safepoint: 419900 ns, At safepoint: 161400 ns, Total: 581300 ns
[2020-04-26T17:30:26.793+0000][1][safepoint    ] Safepoint "Cleanup", Time since last: 1000560000 ns, Reaching safepoint: 442000 ns, At safepoint: 214300 ns, Total: 656300 ns
[2020-04-26T17:30:27.794+0000][1][safepoint    ] Safepoint "Cleanup", Time since last: 1000352800 ns, Reaching safepoint: 144100 ns, At safepoint: 39100 ns, Total: 183200 ns
[2020-04-26T17:30:28.974+0000][1][safepoint    ] Safepoint "Cleanup", Time since last: 1179575400 ns, Reaching safepoint: 261800 ns, At safepoint: 76800 ns, Total: 338600 ns
[2020-04-26T17:30:29.974+0000][1][safepoint    ] Safepoint "Cleanup", Time since last: 1000142700 ns, Reaching safepoint: 137600 ns, At safepoint: 31400 ns, Total: 169000 ns
[2020-04-26T17:30:30.975+0000][1][safepoint    ] Safepoint "Cleanup", Time since last: 1000219100 ns, Reaching safepoint: 162700 ns, At safepoint: 33600 ns, Total: 196300 ns
[2020-04-26T17:30:31.975+0000][1][safepoint    ] Safepoint "Cleanup", Time since last: 1000162200 ns, Reaching safepoint: 183000 ns, At safepoint: 35700 ns, Total: 218700 ns
[2020-04-26T17:30:32.193+0000][1][safepoint    ] Safepoint "BulkRevokeBias", Time since last: 216134100 ns, Reaching safepoint: 461500 ns, At safepoint: 1672000 ns, Total: 2133500 ns
[2020-04-26T17:30:32.194+0000][1][safepoint    ] Safepoint "RevokeBias", Time since last: 227200 ns, Reaching safepoint: 184300 ns, At safepoint: 94800 ns, Total: 279100 ns
[2020-04-26T17:30:32.194+0000][1][safepoint    ] Safepoint "RevokeBias", Time since last: 200000 ns, Reaching safepoint: 301200 ns, At safepoint: 102800 ns, Total: 404000 ns
[2020-04-26T17:30:32.204+0000][1][safepoint    ] Safepoint "RevokeBias", Time since last: 8988200 ns, Reaching safepoint: 220100 ns, At safepoint: 128000 ns, Total: 348100 ns
[2020-04-26T17:30:32.204+0000][1][safepoint    ] Safepoint "RevokeBias", Time since last: 74700 ns, Reaching safepoint: 322600 ns, At safepoint: 154700 ns, Total: 477300 ns
[2020-04-26T17:30:33.205+0000][1][safepoint    ] Safepoint "Cleanup", Time since last: 1000136100 ns, Reaching safepoint: 146000 ns, At safepoint: 39200 ns, Total: 185200 ns
[2020-04-26T17:30:34.205+0000][1][safepoint    ] Safepoint "Cleanup", Time since last: 1000335700 ns, Reaching safepoint: 188300 ns, At safepoint: 33800 ns, Total: 222100 ns
[2020-04-26T17:30:35.205+0000][1][safepoint    ] Safepoint "Cleanup", Time since last: 1000159600 ns, Reaching safepoint: 190400 ns, At safepoint: 40000 ns, Total: 230400 ns
[2020-04-26T17:30:36.206+0000][1][safepoint    ] Safepoint "Cleanup", Time since last: 1000210500 ns, Reaching safepoint: 150700 ns, At safepoint: 41600 ns, Total: 192300 ns
[2020-04-26T17:30:37.207+0000][1][safepoint    ] Safepoint "Cleanup", Time since last: 1000246900 ns, Reaching safepoint: 428600 ns, At safepoint: 126600 ns, Total: 555200 ns
[2020-04-26T17:30:38.207+0000][1][safepoint    ] Safepoint "Cleanup", Time since last: 1000298900 ns, Reaching safepoint: 150800 ns, At safepoint: 31200 ns, Total: 182000 ns
[2020-04-26T17:30:39.208+0000][1][safepoint    ] Safepoint "Cleanup", Time since last: 1000275100 ns, Reaching safepoint: 564400 ns, At safepoint: 128200 ns, Total: 692600 ns
[2020-04-26T17:30:40.209+0000][1][safepoint    ] Safepoint "Cleanup", Time since last: 1000675900 ns, Reaching safepoint: 465400 ns, At safepoint: 144700 ns, Total: 610100 ns
[2020-04-26T17:30:41.210+0000][1][safepoint    ] Safepoint "Cleanup", Time since last: 1000337300 ns, Reaching safepoint: 381500 ns, At safepoint: 111100 ns, Total: 492600 ns
[2020-04-26T17:30:42.211+0000][1][safepoint    ] Safepoint "Cleanup", Time since last: 1000196000 ns, Reaching safepoint: 132300 ns, At safepoint: 26700 ns, Total: 159000 ns
[2020-04-26T17:30:43.212+0000][1][safepoint    ] Safepoint "Cleanup", Time since last: 1000437300 ns, Reaching safepoint: 451900 ns, At safepoint: 138600 ns, Total: 590500 ns
[2020-04-26T17:30:44.213+0000][1][safepoint    ] Safepoint "Cleanup", Time since last: 1000597400 ns, Reaching safepoint: 497200 ns, At safepoint: 136700 ns, Total: 633900 ns
[2020-04-26T17:30:45.213+0000][1][safepoint    ] Safepoint "Cleanup", Time since last: 1000256500 ns, Reaching safepoint: 277700 ns, At safepoint: 73400 ns, Total: 351100 ns
[2020-04-26T17:30:46.214+0000][1][safepoint    ] Safepoint "Cleanup", Time since last: 1000147300 ns, Reaching safepoint: 234600 ns, At safepoint: 43000 ns, Total: 277600 ns
[2020-04-26T17:30:47.842+0000][1][safepoint    ] Safepoint "Cleanup", Time since last: 1627908100 ns, Reaching safepoint: 157200 ns, At safepoint: 38600 ns, Total: 195800 ns
[2020-04-26T17:30:48.843+0000][1][safepoint    ] Safepoint "Cleanup", Time since last: 1000210700 ns, Reaching safepoint: 638100 ns, At safepoint: 76200 ns, Total: 714300 ns
[2020-04-26T17:30:49.844+0000][1][safepoint    ] Safepoint "Cleanup", Time since last: 1000434400 ns, Reaching safepoint: 189800 ns, At safepoint: 38900 ns, Total: 228700 ns
[2020-04-26T17:30:50.845+0000][1][safepoint    ] Safepoint "Cleanup", Time since last: 1000520600 ns, Reaching safepoint: 445400 ns, At safepoint: 132100 ns, Total: 577500 ns
[2020-04-26T17:30:51.846+0000][1][safepoint    ] Safepoint "Cleanup", Time since last: 1000640800 ns, Reaching safepoint: 179900 ns, At safepoint: 51500 ns, Total: 231400 ns
[2020-04-26T17:30:52.846+0000][1][safepoint    ] Safepoint "Cleanup", Time since last: 1000288300 ns, Reaching safepoint: 373500 ns, At safepoint: 154200 ns, Total: 527700 ns
[2020-04-26T17:30:53.847+0000][1][safepoint    ] Safepoint "Cleanup", Time since last: 1000312800 ns, Reaching safepoint: 631900 ns, At safepoint: 161700 ns, Total: 793600 ns
[2020-04-26T17:30:54.849+0000][1][safepoint    ] Safepoint "Cleanup", Time since last: 1000410100 ns, Reaching safepoint: 941500 ns, At safepoint: 181800 ns, Total: 1123300 ns
[2020-04-26T17:30:55.850+0000][1][safepoint    ] Safepoint "Cleanup", Time since last: 1000362600 ns, Reaching safepoint: 133900 ns, At safepoint: 30700 ns, Total: 164600 ns
[2020-04-26T17:30:56.850+0000][1][safepoint    ] Safepoint "Cleanup", Time since last: 1000194800 ns, Reaching safepoint: 224800 ns, At safepoint: 42500 ns, Total: 267300 ns
[2020-04-26T17:30:57.850+0000][1][safepoint    ] Safepoint "Cleanup", Time since last: 1000209600 ns, Reaching safepoint: 186600 ns, At safepoint: 43000 ns, Total: 229600 ns
[2020-04-26T17:30:58.851+0000][1][safepoint    ] Safepoint "Cleanup", Time since last: 1000406200 ns, Reaching safepoint: 131400 ns, At safepoint: 28800 ns, Total: 160200 ns
[2020-04-26T17:30:59.851+0000][1][safepoint    ] Safepoint "Cleanup", Time since last: 1000146700 ns, Reaching safepoint: 181800 ns, At safepoint: 44700 ns, Total: 226500 ns
[2020-04-26T17:31:00.852+0000][1][safepoint    ] Safepoint "Cleanup", Time since last: 1000212700 ns, Reaching safepoint: 253900 ns, At safepoint: 90300 ns, Total: 344200 ns
[2020-04-26T17:31:01.773+0000][1][safepoint    ] Safepoint "RevokeBias", Time since last: 921233600 ns, Reaching safepoint: 162400 ns, At safepoint: 57200 ns, Total: 219600 ns
[2020-04-26T17:31:02.777+0000][1][safepoint    ] Safepoint "Cleanup", Time since last: 1002585900 ns, Reaching safepoint: 456100 ns, At safepoint: 135300 ns, Total: 591400 ns
[2020-04-26T17:31:03.777+0000][1][safepoint    ] Safepoint "Cleanup", Time since last: 1000559800 ns, Reaching safepoint: 191100 ns, At safepoint: 48600 ns, Total: 239700 ns
[2020-04-26T17:31:04.778+0000][1][safepoint    ] Safepoint "Cleanup", Time since last: 1000251200 ns, Reaching safepoint: 190700 ns, At safepoint: 55600 ns, Total: 246300 ns
[2020-04-26T17:31:05.779+0000][1][safepoint    ] Safepoint "Cleanup", Time since last: 1000318400 ns, Reaching safepoint: 539800 ns, At safepoint: 210000 ns, Total: 749800 ns
[2020-04-26T17:31:06.780+0000][1][safepoint    ] Safepoint "Cleanup", Time since last: 1000287400 ns, Reaching safepoint: 483000 ns, At safepoint: 55000 ns, Total: 538000 ns
[2020-04-26T17:31:07.780+0000][1][safepoint    ] Safepoint "Cleanup", Time since last: 1000255800 ns, Reaching safepoint: 148400 ns, At safepoint: 34100 ns, Total: 182500 ns
[2020-04-26T17:31:08.781+0000][1][safepoint    ] Safepoint "Cleanup", Time since last: 1000344400 ns, Reaching safepoint: 587100 ns, At safepoint: 137600 ns, Total: 724700 ns
[2020-04-26T17:31:09.782+0000][1][safepoint    ] Safepoint "Cleanup", Time since last: 1000398800 ns, Reaching safepoint: 348100 ns, At safepoint: 153900 ns, Total: 502000 ns
[2020-04-26T17:31:10.783+0000][1][safepoint    ] Safepoint "Cleanup", Time since last: 1000275700 ns, Reaching safepoint: 201100 ns, At safepoint: 49900 ns, Total: 251000 ns
[2020-04-26T17:31:11.783+0000][1][safepoint    ] Safepoint "Cleanup", Time since last: 1000207000 ns, Reaching safepoint: 149700 ns, At safepoint: 31600 ns, Total: 181300 ns
[2020-04-26T17:31:12.784+0000][1][safepoint    ] Safepoint "Cleanup", Time since last: 1000584700 ns, Reaching safepoint: 443100 ns, At safepoint: 133600 ns, Total: 576700 ns
[2020-04-26T17:31:13.785+0000][1][safepoint    ] Safepoint "Cleanup", Time since last: 1000501700 ns, Reaching safepoint: 226900 ns, At safepoint: 30400 ns, Total: 257300 ns
[2020-04-26T17:31:14.785+0000][1][safepoint    ] Safepoint "Cleanup", Time since last: 1000216500 ns, Reaching safepoint: 148400 ns, At safepoint: 32000 ns, Total: 180400 ns
[2020-04-26T17:31:15.786+0000][1][safepoint    ] Safepoint "Cleanup", Time since last: 1000127800 ns, Reaching safepoint: 143100 ns, At safepoint: 31500 ns, Total: 174600 ns
[2020-04-26T17:31:16.786+0000][1][safepoint    ] Safepoint "Cleanup", Time since last: 1000241300 ns, Reaching safepoint: 137900 ns, At safepoint: 31000 ns, Total: 168900 ns
[2020-04-26T17:31:17.787+0000][1][safepoint    ] Safepoint "Cleanup", Time since last: 1000253900 ns, Reaching safepoint: 136700 ns, At safepoint: 32800 ns, Total: 169500 ns
[2020-04-26T17:31:18.787+0000][1][safepoint    ] Safepoint "Cleanup", Time since last: 1000328700 ns, Reaching safepoint: 465900 ns, At safepoint: 186400 ns, Total: 652300 ns
[2020-04-26T17:31:19.788+0000][1][safepoint    ] Safepoint "Cleanup", Time since last: 1000306300 ns, Reaching safepoint: 133300 ns, At safepoint: 27400 ns, Total: 160700 ns
[2020-04-26T17:31:20.788+0000][1][safepoint    ] Safepoint "Cleanup", Time since last: 1000168200 ns, Reaching safepoint: 135100 ns, At safepoint: 29100 ns, Total: 164200 ns
[2020-04-26T17:31:21.789+0000][1][safepoint    ] Safepoint "Cleanup", Time since last: 1000175200 ns, Reaching safepoint: 146100 ns, At safepoint: 29400 ns, Total: 175500 ns
[2020-04-26T17:31:22.789+0000][1][safepoint    ] Safepoint "Cleanup", Time since last: 1000156700 ns, Reaching safepoint: 172800 ns, At safepoint: 38400 ns, Total: 211200 ns
[2020-04-26T17:31:23.790+0000][1][safepoint    ] Safepoint "Cleanup", Time since last: 1000303900 ns, Reaching safepoint: 439200 ns, At safepoint: 129200 ns, Total: 568400 ns
[2020-04-26T17:31:24.790+0000][1][safepoint    ] Safepoint "Cleanup", Time since last: 1000382300 ns, Reaching safepoint: 134300 ns, At safepoint: 28900 ns, Total: 163200 ns
[2020-04-26T17:31:25.791+0000][1][safepoint    ] Safepoint "Cleanup", Time since last: 1000233700 ns, Reaching safepoint: 417300 ns, At safepoint: 158700 ns, Total: 576000 ns
[2020-04-26T17:31:26.792+0000][1][safepoint    ] Safepoint "Cleanup", Time since last: 1000247400 ns, Reaching safepoint: 147300 ns, At safepoint: 27600 ns, Total: 174900 ns
[2020-04-26T17:31:27.792+0000][1][safepoint    ] Safepoint "Cleanup", Time since last: 1000312200 ns, Reaching safepoint: 158900 ns, At safepoint: 45500 ns, Total: 204400 ns
[2020-04-26T17:31:28.793+0000][1][safepoint    ] Safepoint "Cleanup", Time since last: 1000377500 ns, Reaching safepoint: 452300 ns, At safepoint: 138100 ns, Total: 590400 ns
[2020-04-26T17:31:29.794+0000][1][safepoint    ] Safepoint "Cleanup", Time since last: 1000675500 ns, Reaching safepoint: 466000 ns, At safepoint: 132500 ns, Total: 598500 ns
[2020-04-26T17:31:30.796+0000][1][safepoint    ] Safepoint "Cleanup", Time since last: 1000662200 ns, Reaching safepoint: 446600 ns, At safepoint: 133700 ns, Total: 580300 ns
[2020-04-26T17:31:31.796+0000][1][safepoint    ] Safepoint "Cleanup", Time since last: 1000316900 ns, Reaching safepoint: 389100 ns, At safepoint: 111100 ns, Total: 500200 ns
[2020-04-26T17:31:32.798+0000][1][safepoint    ] Safepoint "Cleanup", Time since last: 1000772100 ns, Reaching safepoint: 497700 ns, At safepoint: 146900 ns, Total: 644600 ns
[2020-04-26T17:31:33.800+0000][1][safepoint    ] Safepoint "Cleanup", Time since last: 1000652700 ns, Reaching safepoint: 850700 ns, At safepoint: 185100 ns, Total: 1035800 ns
[2020-04-26T17:31:34.135+0000][1][safepoint    ] Safepoint "RevokeBias", Time since last: 334826200 ns, Reaching safepoint: 135100 ns, At safepoint: 70000 ns, Total: 205100 ns
[2020-04-26T17:31:34.135+0000][1][safepoint    ] Safepoint "RevokeBias", Time since last: 229900 ns, Reaching safepoint: 248900 ns, At safepoint: 81900 ns, Total: 330800 ns
[2020-04-26T17:31:34.140+0000][1][safepoint    ] Safepoint "RevokeBias", Time since last: 4729500 ns, Reaching safepoint: 360300 ns, At safepoint: 145800 ns, Total: 506100 ns
[2020-04-26T17:31:34.141+0000][1][safepoint    ] Safepoint "RevokeBias", Time since last: 54300 ns, Reaching safepoint: 98000 ns, At safepoint: 111800 ns, Total: 209800 ns
[2020-04-26T17:31:34.141+0000][1][safepoint    ] Safepoint "RevokeBias", Time since last: 68700 ns, Reaching safepoint: 225000 ns, At safepoint: 102300 ns, Total: 327300 ns
[2020-04-26T17:31:35.142+0000][1][safepoint    ] Safepoint "Cleanup", Time since last: 1000499300 ns, Reaching safepoint: 155800 ns, At safepoint: 41300 ns, Total: 197100 ns
[2020-04-26T17:31:36.144+0000][1][safepoint    ] Safepoint "Cleanup", Time since last: 1000543900 ns, Reaching safepoint: 989900 ns, At safepoint: 221800 ns, Total: 1211700 ns
[2020-04-26T17:31:37.144+0000][1][safepoint    ] Safepoint "Cleanup", Time since last: 1000274000 ns, Reaching safepoint: 317000 ns, At safepoint: 55000 ns, Total: 372000 ns
[2020-04-26T17:31:38.145+0000][1][safepoint    ] Safepoint "Cleanup", Time since last: 1000538300 ns, Reaching safepoint: 136500 ns, At safepoint: 31600 ns, Total: 168100 ns
[2020-04-26T17:31:39.145+0000][1][safepoint    ] Safepoint "Cleanup", Time since last: 1000234700 ns, Reaching safepoint: 277000 ns, At safepoint: 62900 ns, Total: 339900 ns
[2020-04-26T17:31:40.147+0000][1][safepoint    ] Safepoint "Cleanup", Time since last: 1000594500 ns, Reaching safepoint: 461800 ns, At safepoint: 142100 ns, Total: 603900 ns
[2020-04-26T17:31:41.148+0000][1][safepoint    ] Safepoint "Cleanup", Time since last: 1000735600 ns, Reaching safepoint: 436500 ns, At safepoint: 133600 ns, Total: 570100 ns
[2020-04-26T17:31:42.149+0000][1][safepoint    ] Safepoint "Cleanup", Time since last: 1000360500 ns, Reaching safepoint: 167200 ns, At safepoint: 34600 ns, Total: 201800 ns
[2020-04-26T17:31:43.149+0000][1][safepoint    ] Safepoint "Cleanup", Time since last: 1000365500 ns, Reaching safepoint: 135100 ns, At safepoint: 32500 ns, Total: 167600 ns
[2020-04-26T17:31:44.150+0000][1][safepoint    ] Safepoint "Cleanup", Time since last: 1000454900 ns, Reaching safepoint: 141300 ns, At safepoint: 40800 ns, Total: 182100 ns
[2020-04-26T17:31:45.150+0000][1][safepoint    ] Safepoint "Cleanup", Time since last: 1000252200 ns, Reaching safepoint: 352500 ns, At safepoint: 95100 ns, Total: 447600 ns
[2020-04-26T17:31:46.151+0000][1][safepoint    ] Safepoint "Cleanup", Time since last: 1000311900 ns, Reaching safepoint: 293100 ns, At safepoint: 86400 ns, Total: 379500 ns
[2020-04-26T17:31:47.151+0000][1][safepoint    ] Safepoint "Cleanup", Time since last: 1000203800 ns, Reaching safepoint: 157500 ns, At safepoint: 30700 ns, Total: 188200 ns
[2020-04-26T17:31:48.153+0000][1][safepoint    ] Safepoint "Cleanup", Time since last: 1000616100 ns, Reaching safepoint: 689800 ns, At safepoint: 144800 ns, Total: 834600 ns
[2020-04-26T17:31:49.154+0000][1][safepoint    ] Safepoint "Cleanup", Time since last: 1000302100 ns, Reaching safepoint: 337800 ns, At safepoint: 100100 ns, Total: 437900 ns
[2020-04-26T17:31:50.155+0000][1][safepoint    ] Safepoint "Cleanup", Time since last: 1000411100 ns, Reaching safepoint: 503700 ns, At safepoint: 142900 ns, Total: 646600 ns
[2020-04-26T17:31:51.156+0000][1][safepoint    ] Safepoint "Cleanup", Time since last: 1000428900 ns, Reaching safepoint: 446700 ns, At safepoint: 145300 ns, Total: 592000 ns
[2020-04-26T17:31:52.157+0000][1][safepoint    ] Safepoint "Cleanup", Time since last: 1000555300 ns, Reaching safepoint: 183200 ns, At safepoint: 47600 ns, Total: 230800 ns
[2020-04-26T17:31:53.157+0000][1][safepoint    ] Safepoint "Cleanup", Time since last: 1000135200 ns, Reaching safepoint: 134700 ns, At safepoint: 35200 ns, Total: 169900 ns
[2020-04-26T17:31:54.158+0000][1][safepoint    ] Safepoint "Cleanup", Time since last: 1000559800 ns, Reaching safepoint: 463200 ns, At safepoint: 135600 ns, Total: 598800 ns
[2020-04-26T17:31:55.159+0000][1][safepoint    ] Safepoint "Cleanup", Time since last: 1000656800 ns, Reaching safepoint: 455900 ns, At safepoint: 142200 ns, Total: 598100 ns
[2020-04-26T17:31:56.160+0000][1][safepoint    ] Safepoint "Cleanup", Time since last: 1000465200 ns, Reaching safepoint: 459600 ns, At safepoint: 169000 ns, Total: 628600 ns
[2020-04-26T17:31:57.161+0000][1][safepoint    ] Safepoint "Cleanup", Time since last: 1000382500 ns, Reaching safepoint: 518600 ns, At safepoint: 130300 ns, Total: 648900 ns
[2020-04-26T17:31:58.163+0000][1][safepoint    ] Safepoint "Cleanup", Time since last: 1000490700 ns, Reaching safepoint: 466000 ns, At safepoint: 139300 ns, Total: 605300 ns
[2020-04-26T17:31:59.164+0000][1][safepoint    ] Safepoint "Cleanup", Time since last: 1000665100 ns, Reaching safepoint: 328900 ns, At safepoint: 101600 ns, Total: 430500 ns
[2020-04-26T17:32:00.165+0000][1][safepoint    ] Safepoint "Cleanup", Time since last: 1000599700 ns, Reaching safepoint: 459000 ns, At safepoint: 140200 ns, Total: 599200 ns
[2020-04-26T17:32:01.166+0000][1][safepoint    ] Safepoint "Cleanup", Time since last: 1000373500 ns, Reaching safepoint: 342300 ns, At safepoint: 95800 ns, Total: 438100 ns
[2020-04-26T17:32:02.167+0000][1][safepoint    ] Safepoint "Cleanup", Time since last: 1000352500 ns, Reaching safepoint: 532300 ns, At safepoint: 129500 ns, Total: 661800 ns
[2020-04-26T17:32:03.167+0000][1][safepoint    ] Safepoint "Cleanup", Time since last: 1000597600 ns, Reaching safepoint: 164600 ns, At safepoint: 44900 ns, Total: 209500 ns
[2020-04-26T17:32:04.168+0000][1][safepoint    ] Safepoint "Cleanup", Time since last: 1000343300 ns, Reaching safepoint: 440000 ns, At safepoint: 132400 ns, Total: 572400 ns
[2020-04-26T17:32:05.169+0000][1][safepoint    ] Safepoint "Cleanup", Time since last: 1000529500 ns, Reaching safepoint: 153300 ns, At safepoint: 39100 ns, Total: 192400 ns
[2020-04-26T17:32:06.170+0000][1][safepoint    ] Safepoint "Cleanup", Time since last: 1000500300 ns, Reaching safepoint: 226600 ns, At safepoint: 61600 ns, Total: 288200 ns
[2020-04-26T17:32:07.170+0000][1][safepoint    ] Safepoint "Cleanup", Time since last: 1000190300 ns, Reaching safepoint: 277700 ns, At safepoint: 82100 ns, Total: 359800 ns
[2020-04-26T17:32:08.171+0000][1][safepoint    ] Safepoint "Cleanup", Time since last: 1000149100 ns, Reaching safepoint: 173400 ns, At safepoint: 35300 ns, Total: 208700 ns
[2020-04-26T17:32:09.171+0000][1][safepoint    ] Safepoint "Cleanup", Time since last: 1000485600 ns, Reaching safepoint: 135400 ns, At safepoint: 31700 ns, Total: 167100 ns
[2020-04-26T17:32:10.172+0000][1][safepoint    ] Safepoint "Cleanup", Time since last: 1000527200 ns, Reaching safepoint: 134300 ns, At safepoint: 31800 ns, Total: 166100 ns
[2020-04-26T17:32:11.173+0000][1][safepoint    ] Safepoint "Cleanup", Time since last: 1000367500 ns, Reaching safepoint: 675100 ns, At safepoint: 84500 ns, Total: 759600 ns
[2020-04-26T17:32:12.174+0000][1][safepoint    ] Safepoint "Cleanup", Time since last: 1000269200 ns, Reaching safepoint: 133200 ns, At safepoint: 29800 ns, Total: 163000 ns
[2020-04-26T17:32:13.175+0000][1][safepoint    ] Safepoint "Cleanup", Time since last: 1000593200 ns, Reaching safepoint: 436300 ns, At safepoint: 135500 ns, Total: 571800 ns
[2020-04-26T17:32:14.176+0000][1][safepoint    ] Safepoint "Cleanup", Time since last: 1000495700 ns, Reaching safepoint: 279100 ns, At safepoint: 48200 ns, Total: 327300 ns
[2020-04-26T17:32:15.176+0000][1][safepoint    ] Safepoint "Cleanup", Time since last: 1000325100 ns, Reaching safepoint: 171300 ns, At safepoint: 33000 ns, Total: 204300 ns
[2020-04-26T17:32:16.177+0000][1][safepoint    ] Safepoint "Cleanup", Time since last: 1000332800 ns, Reaching safepoint: 506900 ns, At safepoint: 146200 ns, Total: 653100 ns
[2020-04-26T17:32:17.178+0000][1][safepoint    ] Safepoint "Cleanup", Time since last: 1000505700 ns, Reaching safepoint: 306300 ns, At safepoint: 90800 ns, Total: 397100 ns
[2020-04-26T17:32:18.179+0000][1][safepoint    ] Safepoint "Cleanup", Time since last: 1000277600 ns, Reaching safepoint: 337900 ns, At safepoint: 122000 ns, Total: 459900 ns
[2020-04-26T17:32:20.000+0000][1][safepoint    ] Safepoint "Cleanup", Time since last: 1820765900 ns, Reaching safepoint: 457200 ns, At safepoint: 144200 ns, Total: 601400 ns
[2020-04-26T17:32:21.002+0000][1][safepoint    ] Safepoint "Cleanup", Time since last: 1000857500 ns, Reaching safepoint: 448500 ns, At safepoint: 139200 ns, Total: 587700 ns
[2020-04-26T17:32:22.003+0000][1][safepoint    ] Safepoint "Cleanup", Time since last: 1000459700 ns, Reaching safepoint: 575400 ns, At safepoint: 203500 ns, Total: 778900 ns
[2020-04-26T17:32:23.003+0000][1][safepoint    ] Safepoint "Cleanup", Time since last: 1000268800 ns, Reaching safepoint: 135600 ns, At safepoint: 33000 ns, Total: 168600 ns
[2020-04-26T17:32:24.004+0000][1][safepoint    ] Safepoint "Cleanup", Time since last: 1000318700 ns, Reaching safepoint: 457600 ns, At safepoint: 132700 ns, Total: 590300 ns
[2020-04-26T17:32:25.005+0000][1][safepoint    ] Safepoint "Cleanup", Time since last: 1000254400 ns, Reaching safepoint: 133400 ns, At safepoint: 29800 ns, Total: 163200 ns
[2020-04-26T17:32:26.005+0000][1][safepoint    ] Safepoint "Cleanup", Time since last: 1000468500 ns, Reaching safepoint: 189000 ns, At safepoint: 50500 ns, Total: 239500 ns
[2020-04-26T17:32:27.006+0000][1][safepoint    ] Safepoint "Cleanup", Time since last: 1000347300 ns, Reaching safepoint: 154300 ns, At safepoint: 29300 ns, Total: 183600 ns
[2020-04-26T17:32:28.007+0000][1][safepoint    ] Safepoint "Cleanup", Time since last: 1000433100 ns, Reaching safepoint: 362700 ns, At safepoint: 87700 ns, Total: 450400 ns
[2020-04-26T17:32:29.008+0000][1][safepoint    ] Safepoint "Cleanup", Time since last: 1000374000 ns, Reaching safepoint: 539900 ns, At safepoint: 127900 ns, Total: 667800 ns
[2020-04-26T17:32:30.008+0000][1][safepoint    ] Safepoint "Cleanup", Time since last: 1000262600 ns, Reaching safepoint: 179200 ns, At safepoint: 46200 ns, Total: 225400 ns
[2020-04-26T17:32:31.009+0000][1][safepoint    ] Safepoint "Cleanup", Time since last: 1000537900 ns, Reaching safepoint: 436500 ns, At safepoint: 131700 ns, Total: 568200 ns
[2020-04-26T17:32:32.010+0000][1][safepoint    ] Safepoint "Cleanup", Time since last: 1000425700 ns, Reaching safepoint: 145000 ns, At safepoint: 37400 ns, Total: 182400 ns
[2020-04-26T17:32:33.010+0000][1][safepoint    ] Safepoint "Cleanup", Time since last: 1000178100 ns, Reaching safepoint: 172400 ns, At safepoint: 29800 ns, Total: 202200 ns
[2020-04-26T17:32:34.011+0000][1][safepoint    ] Safepoint "Cleanup", Time since last: 1000307800 ns, Reaching safepoint: 125000 ns, At safepoint: 25300 ns, Total: 150300 ns
[2020-04-26T17:32:35.011+0000][1][safepoint    ] Safepoint "Cleanup", Time since last: 1000414900 ns, Reaching safepoint: 196900 ns, At safepoint: 43900 ns, Total: 240800 ns
[2020-04-26T17:32:35.143+0000][1][safepoint    ] Safepoint "RevokeBias", Time since last: 131515600 ns, Reaching safepoint: 149300 ns, At safepoint: 87000 ns, Total: 236300 ns
[2020-04-26T17:32:35.144+0000][1][safepoint    ] Safepoint "RevokeBias", Time since last: 131400 ns, Reaching safepoint: 173400 ns, At safepoint: 60300 ns, Total: 233700 ns
[2020-04-26T17:32:35.148+0000][1][safepoint    ] Safepoint "RevokeBias", Time since last: 4154400 ns, Reaching safepoint: 125200 ns, At safepoint: 77300 ns, Total: 202500 ns
[2020-04-26T17:32:35.148+0000][1][safepoint    ] Safepoint "RevokeBias", Time since last: 207200 ns, Reaching safepoint: 227600 ns, At safepoint: 77100 ns, Total: 304700 ns
[2020-04-26T17:32:36.150+0000][1][safepoint    ] Safepoint "Cleanup", Time since last: 1001065300 ns, Reaching safepoint: 264600 ns, At safepoint: 50900 ns, Total: 315500 ns
[2020-04-26T17:32:37.150+0000][1][safepoint    ] Safepoint "Cleanup", Time since last: 1000147700 ns, Reaching safepoint: 148200 ns, At safepoint: 45000 ns, Total: 193200 ns
[2020-04-26T17:32:38.151+0000][1][safepoint    ] Safepoint "Cleanup", Time since last: 1000204600 ns, Reaching safepoint: 138400 ns, At safepoint: 31400 ns, Total: 169800 ns
[2020-04-26T17:32:39.151+0000][1][safepoint    ] Safepoint "Cleanup", Time since last: 1000301200 ns, Reaching safepoint: 525400 ns, At safepoint: 131300 ns, Total: 656700 ns
[2020-04-26T17:32:40.127+0000][1][gc,start     ] GC(50) Pause Young (Allocation Failure)
[2020-04-26T17:32:40.128+0000][1][gc,task      ] GC(50) Using 10 workers of 10 for evacuation
[2020-04-26T17:32:40.134+0000][1][gc,age       ] GC(50) Desired survivor size 8945664 bytes, new threshold 6 (max threshold 6)
[2020-04-26T17:32:40.134+0000][1][gc,age       ] GC(50) Age table with threshold 6 (max threshold 6)
[2020-04-26T17:32:40.134+0000][1][gc,age       ] GC(50) - age   1:      83168 bytes,      83168 total
[2020-04-26T17:32:40.134+0000][1][gc,age       ] GC(50) - age   2:       6576 bytes,      89744 total
[2020-04-26T17:32:40.134+0000][1][gc,age       ] GC(50) - age   3:     301856 bytes,     391600 total
[2020-04-26T17:32:40.134+0000][1][gc,age       ] GC(50) - age   4:      61504 bytes,     453104 total
[2020-04-26T17:32:40.134+0000][1][gc,age       ] GC(50) - age   5:      41768 bytes,     494872 total
[2020-04-26T17:32:40.134+0000][1][gc,age       ] GC(50) - age   6:      30256 bytes,     525128 total
[2020-04-26T17:32:40.134+0000][1][gc,heap      ] GC(50) ParNew: 140808K->709K(157248K)
[2020-04-26T17:32:40.134+0000][1][gc,heap      ] GC(50) CMS: 80720K->80733K(349568K)
[2020-04-26T17:32:40.134+0000][1][gc,metaspace ] GC(50) Metaspace: 97798K->97798K(1140736K)
[2020-04-26T17:32:40.134+0000][1][gc           ] GC(50) Pause Young (Allocation Failure) 216M->79M(494M) 6.487ms
[2020-04-26T17:32:40.134+0000][1][gc,cpu       ] GC(50) User=0.02s Sys=0.00s Real=0.01s
[2020-04-26T17:32:40.134+0000][1][safepoint    ] Safepoint "GenCollectForAllocation", Time since last: 975449300 ns, Reaching safepoint: 387100 ns, At safepoint: 6662500 ns, Total: 7049600 ns
[2020-04-26T17:32:41.135+0000][1][safepoint    ] Safepoint "Cleanup", Time since last: 1000488500 ns, Reaching safepoint: 178300 ns, At safepoint: 37900 ns, Total: 216200 ns
[2020-04-26T17:32:42.135+0000][1][safepoint    ] Safepoint "Cleanup", Time since last: 1000250600 ns, Reaching safepoint: 207100 ns, At safepoint: 55300 ns, Total: 262400 ns
[2020-04-26T17:32:43.136+0000][1][safepoint    ] Safepoint "Cleanup", Time since last: 1000407000 ns, Reaching safepoint: 472400 ns, At safepoint: 147900 ns, Total: 620300 ns
[2020-04-26T17:32:44.137+0000][1][safepoint    ] Safepoint "Cleanup", Time since last: 1000293400 ns, Reaching safepoint: 148900 ns, At safepoint: 25900 ns, Total: 174800 ns
[2020-04-26T17:32:45.138+0000][1][safepoint    ] Safepoint "Cleanup", Time since last: 1000292800 ns, Reaching safepoint: 668800 ns, At safepoint: 200600 ns, Total: 869400 ns
[2020-04-26T17:32:46.139+0000][1][safepoint    ] Safepoint "Cleanup", Time since last: 1000558200 ns, Reaching safepoint: 483200 ns, At safepoint: 139000 ns, Total: 622200 ns
[2020-04-26T17:32:47.140+0000][1][safepoint    ] Safepoint "Cleanup", Time since last: 1000325600 ns, Reaching safepoint: 453800 ns, At safepoint: 137800 ns, Total: 591600 ns
[2020-04-26T17:32:48.142+0000][1][safepoint    ] Safepoint "Cleanup", Time since last: 1001028100 ns, Reaching safepoint: 589300 ns, At safepoint: 175100 ns, Total: 764400 ns
[2020-04-26T17:32:49.143+0000][1][safepoint    ] Safepoint "Cleanup", Time since last: 1000475300 ns, Reaching safepoint: 510100 ns, At safepoint: 140800 ns, Total: 650900 ns
[2020-04-26T17:32:50.144+0000][1][safepoint    ] Safepoint "Cleanup", Time since last: 1000482600 ns, Reaching safepoint: 461800 ns, At safepoint: 138900 ns, Total: 600700 ns
[2020-04-26T17:32:51.145+0000][1][safepoint    ] Safepoint "Cleanup", Time since last: 1000342800 ns, Reaching safepoint: 237300 ns, At safepoint: 49600 ns, Total: 286900 ns
[2020-04-26T17:32:52.146+0000][1][safepoint    ] Safepoint "Cleanup", Time since last: 1000318200 ns, Reaching safepoint: 554600 ns, At safepoint: 134200 ns, Total: 688800 ns
[2020-04-26T17:32:53.146+0000][1][safepoint    ] Safepoint "Cleanup", Time since last: 1000621100 ns, Reaching safepoint: 136800 ns, At safepoint: 32200 ns, Total: 169000 ns
[2020-04-26T17:32:54.148+0000][1][safepoint    ] Safepoint "Cleanup", Time since last: 1000679900 ns, Reaching safepoint: 468500 ns, At safepoint: 139800 ns, Total: 608300 ns
[2020-04-26T17:32:55.149+0000][1][safepoint    ] Safepoint "Cleanup", Time since last: 1000392700 ns, Reaching safepoint: 538300 ns, At safepoint: 173700 ns, Total: 712000 ns
[2020-04-26T17:32:56.150+0000][1][safepoint    ] Safepoint "Cleanup", Time since last: 1000479800 ns, Reaching safepoint: 443100 ns, At safepoint: 132600 ns, Total: 575700 ns
[2020-04-26T17:32:57.151+0000][1][safepoint    ] Safepoint "Cleanup", Time since last: 1000439700 ns, Reaching safepoint: 358900 ns, At safepoint: 100800 ns, Total: 459700 ns
[2020-04-26T17:32:58.151+0000][1][safepoint    ] Safepoint "Cleanup", Time since last: 1000281200 ns, Reaching safepoint: 246500 ns, At safepoint: 71000 ns, Total: 317500 ns
[2020-04-26T17:32:59.152+0000][1][safepoint    ] Safepoint "Cleanup", Time since last: 1000208600 ns, Reaching safepoint: 150800 ns, At safepoint: 30900 ns, Total: 181700 ns
[2020-04-26T17:33:00.152+0000][1][safepoint    ] Safepoint "Cleanup", Time since last: 1000309000 ns, Reaching safepoint: 196100 ns, At safepoint: 51800 ns, Total: 247900 ns
[2020-04-26T17:33:01.153+0000][1][safepoint    ] Safepoint "Cleanup", Time since last: 1000357200 ns, Reaching safepoint: 488500 ns, At safepoint: 165700 ns, Total: 654200 ns
[2020-04-26T17:33:02.154+0000][1][safepoint    ] Safepoint "Cleanup", Time since last: 1000313300 ns, Reaching safepoint: 515700 ns, At safepoint: 127900 ns, Total: 643600 ns
[2020-04-26T17:33:03.155+0000][1][safepoint    ] Safepoint "Cleanup", Time since last: 1000300300 ns, Reaching safepoint: 286000 ns, At safepoint: 74400 ns, Total: 360400 ns
[2020-04-26T17:33:04.156+0000][1][safepoint    ] Safepoint "Cleanup", Time since last: 1000323900 ns, Reaching safepoint: 274800 ns, At safepoint: 38200 ns, Total: 313000 ns
[2020-04-26T17:33:05.157+0000][1][safepoint    ] Safepoint "Cleanup", Time since last: 1000352000 ns, Reaching safepoint: 510900 ns, At safepoint: 128600 ns, Total: 639500 ns
[2020-04-26T17:33:06.157+0000][1][safepoint    ] Safepoint "Cleanup", Time since last: 1000456500 ns, Reaching safepoint: 331500 ns, At safepoint: 107000 ns, Total: 438500 ns
[2020-04-26T17:33:07.158+0000][1][safepoint    ] Safepoint "Cleanup", Time since last: 1000306000 ns, Reaching safepoint: 321100 ns, At safepoint: 89100 ns, Total: 410200 ns
[2020-04-26T17:33:08.195+0000][1][safepoint    ] Safepoint "Cleanup", Time since last: 1035888000 ns, Reaching safepoint: 461800 ns, At safepoint: 132400 ns, Total: 594200 ns
[2020-04-26T17:33:09.195+0000][1][safepoint    ] Safepoint "Cleanup", Time since last: 1000399000 ns, Reaching safepoint: 149400 ns, At safepoint: 27100 ns, Total: 176500 ns
[2020-04-26T17:33:10.196+0000][1][safepoint    ] Safepoint "Cleanup", Time since last: 1000336600 ns, Reaching safepoint: 536700 ns, At safepoint: 134800 ns, Total: 671500 ns
[2020-04-26T17:33:11.197+0000][1][safepoint    ] Safepoint "Cleanup", Time since last: 1000303600 ns, Reaching safepoint: 277000 ns, At safepoint: 77500 ns, Total: 354500 ns
[2020-04-26T17:33:12.197+0000][1][safepoint    ] Safepoint "Cleanup", Time since last: 1000133900 ns, Reaching safepoint: 126200 ns, At safepoint: 26600 ns, Total: 152800 ns
[2020-04-26T17:33:13.198+0000][1][safepoint    ] Safepoint "Cleanup", Time since last: 1000331600 ns, Reaching safepoint: 455000 ns, At safepoint: 211400 ns, Total: 666400 ns
[2020-04-26T17:33:14.199+0000][1][safepoint    ] Safepoint "Cleanup", Time since last: 1000463500 ns, Reaching safepoint: 524300 ns, At safepoint: 131700 ns, Total: 656000 ns
[2020-04-26T17:33:14.940+0000][1][safepoint    ] Safepoint "RevokeBias", Time since last: 740867800 ns, Reaching safepoint: 194900 ns, At safepoint: 50400 ns, Total: 245300 ns
[2020-04-26T17:33:14.941+0000][1][safepoint    ] Safepoint "RevokeBias", Time since last: 837300 ns, Reaching safepoint: 82200 ns, At safepoint: 34100 ns, Total: 116300 ns
[2020-04-26T17:33:14.964+0000][1][safepoint    ] Safepoint "RevokeBias", Time since last: 22534300 ns, Reaching safepoint: 126000 ns, At safepoint: 50300 ns, Total: 176300 ns
[2020-04-26T17:33:14.985+0000][1][safepoint    ] Safepoint "RevokeBias", Time since last: 20934000 ns, Reaching safepoint: 122900 ns, At safepoint: 51900 ns, Total: 174800 ns
[2020-04-26T17:33:14.985+0000][1][safepoint    ] Safepoint "RevokeBias", Time since last: 203400 ns, Reaching safepoint: 81100 ns, At safepoint: 47600 ns, Total: 128700 ns
[2020-04-26T17:33:14.986+0000][1][safepoint    ] Safepoint "RevokeBias", Time since last: 172700 ns, Reaching safepoint: 202400 ns, At safepoint: 48000 ns, Total: 250400 ns
[2020-04-26T17:33:14.988+0000][1][safepoint    ] Safepoint "RevokeBias", Time since last: 1929900 ns, Reaching safepoint: 109500 ns, At safepoint: 47700 ns, Total: 157200 ns
[2020-04-26T17:33:14.988+0000][1][safepoint    ] Safepoint "RevokeBias", Time since last: 128100 ns, Reaching safepoint: 80500 ns, At safepoint: 32500 ns, Total: 113000 ns
[2020-04-26T17:33:14.990+0000][1][safepoint    ] Safepoint "RevokeBias", Time since last: 2085800 ns, Reaching safepoint: 76200 ns, At safepoint: 32800 ns, Total: 109000 ns
[2020-04-26T17:33:14.991+0000][1][safepoint    ] Safepoint "RevokeBias", Time since last: 154400 ns, Reaching safepoint: 74400 ns, At safepoint: 31700 ns, Total: 106100 ns
[2020-04-26T17:33:14.995+0000][1][safepoint    ] Safepoint "RevokeBias", Time since last: 3671900 ns, Reaching safepoint: 115300 ns, At safepoint: 66500 ns, Total: 181800 ns
[2020-04-26T17:33:15.020+0000][1][safepoint    ] Safepoint "RevokeBias", Time since last: 25051300 ns, Reaching safepoint: 216200 ns, At safepoint: 78300 ns, Total: 294500 ns
[2020-04-26T17:33:15.020+0000][1][safepoint    ] Safepoint "RevokeBias", Time since last: 233600 ns, Reaching safepoint: 86700 ns, At safepoint: 33600 ns, Total: 120300 ns
[2020-04-26T17:33:15.020+0000][1][safepoint    ] Safepoint "RevokeBias", Time since last: 134300 ns, Reaching safepoint: 73200 ns, At safepoint: 32100 ns, Total: 105300 ns
[2020-04-26T17:33:15.021+0000][1][safepoint    ] Safepoint "RevokeBias", Time since last: 284600 ns, Reaching safepoint: 71500 ns, At safepoint: 31900 ns, Total: 103400 ns
[2020-04-26T17:33:15.021+0000][1][safepoint    ] Safepoint "RevokeBias", Time since last: 139200 ns, Reaching safepoint: 72200 ns, At safepoint: 31600 ns, Total: 103800 ns
[2020-04-26T17:33:15.021+0000][1][safepoint    ] Safepoint "RevokeBias", Time since last: 132400 ns, Reaching safepoint: 70900 ns, At safepoint: 31500 ns, Total: 102400 ns
[2020-04-26T17:33:15.022+0000][1][safepoint    ] Safepoint "RevokeBias", Time since last: 177000 ns, Reaching safepoint: 87600 ns, At safepoint: 30900 ns, Total: 118500 ns
[2020-04-26T17:33:15.023+0000][1][safepoint    ] Safepoint "RevokeBias", Time since last: 1193900 ns, Reaching safepoint: 82000 ns, At safepoint: 37000 ns, Total: 119000 ns
[2020-04-26T17:33:15.054+0000][1][safepoint    ] Safepoint "RevokeBias", Time since last: 31259900 ns, Reaching safepoint: 161200 ns, At safepoint: 105700 ns, Total: 266900 ns
[2020-04-26T17:33:15.065+0000][1][safepoint    ] Safepoint "RevokeBias", Time since last: 10019300 ns, Reaching safepoint: 338800 ns, At safepoint: 128000 ns, Total: 466800 ns
[2020-04-26T17:33:15.065+0000][1][safepoint    ] Safepoint "RevokeBias", Time since last: 159400 ns, Reaching safepoint: 118600 ns, At safepoint: 86400 ns, Total: 205000 ns
[2020-04-26T17:33:15.083+0000][1][safepoint    ] Safepoint "RevokeBias", Time since last: 17105600 ns, Reaching safepoint: 176000 ns, At safepoint: 34100 ns, Total: 210100 ns
[2020-04-26T17:33:15.212+0000][1][safepoint    ] Safepoint "RevokeBias", Time since last: 128900700 ns, Reaching safepoint: 274800 ns, At safepoint: 92500 ns, Total: 367300 ns
[2020-04-26T17:33:15.214+0000][1][safepoint    ] Safepoint "RevokeBias", Time since last: 1603400 ns, Reaching safepoint: 333600 ns, At safepoint: 157200 ns, Total: 490800 ns
[2020-04-26T17:33:15.256+0000][1][safepoint    ] Safepoint "RevokeBias", Time since last: 41574400 ns, Reaching safepoint: 260000 ns, At safepoint: 55200 ns, Total: 315200 ns
[2020-04-26T17:33:15.431+0000][1][safepoint    ] Safepoint "RevokeBias", Time since last: 174534400 ns, Reaching safepoint: 132900 ns, At safepoint: 42700 ns, Total: 175600 ns
[2020-04-26T17:33:15.432+0000][1][safepoint    ] Safepoint "RevokeBias", Time since last: 875400 ns, Reaching safepoint: 103200 ns, At safepoint: 47200 ns, Total: 150400 ns
[2020-04-26T17:33:15.437+0000][1][safepoint    ] Safepoint "RevokeBias", Time since last: 4502900 ns, Reaching safepoint: 275400 ns, At safepoint: 80000 ns, Total: 355400 ns
[2020-04-26T17:33:15.466+0000][1][safepoint    ] Safepoint "RevokeBias", Time since last: 29168500 ns, Reaching safepoint: 137700 ns, At safepoint: 36000 ns, Total: 173700 ns
[2020-04-26T17:33:15.466+0000][1][safepoint    ] Safepoint "RevokeBias", Time since last: 133000 ns, Reaching safepoint: 79700 ns, At safepoint: 32900 ns, Total: 112600 ns
[2020-04-26T17:33:15.466+0000][1][safepoint    ] Safepoint "RevokeBias", Time since last: 117800 ns, Reaching safepoint: 72300 ns, At safepoint: 32200 ns, Total: 104500 ns
[2020-04-26T17:33:15.467+0000][1][safepoint    ] Safepoint "RevokeBias", Time since last: 163200 ns, Reaching safepoint: 70200 ns, At safepoint: 32100 ns, Total: 102300 ns
[2020-04-26T17:33:15.468+0000][1][safepoint    ] Safepoint "RevokeBias", Time since last: 886300 ns, Reaching safepoint: 76300 ns, At safepoint: 37100 ns, Total: 113400 ns
[2020-04-26T17:33:15.499+0000][1][safepoint    ] Safepoint "RevokeBias", Time since last: 30966800 ns, Reaching safepoint: 128100 ns, At safepoint: 61100 ns, Total: 189200 ns
[2020-04-26T17:33:15.508+0000][1][safepoint    ] Safepoint "BulkRevokeBias", Time since last: 8463500 ns, Reaching safepoint: 223200 ns, At safepoint: 580400 ns, Total: 803600 ns
[2020-04-26T17:33:15.508+0000][1][safepoint    ] Safepoint "RevokeBias", Time since last: 178200 ns, Reaching safepoint: 85100 ns, At safepoint: 55400 ns, Total: 140500 ns
[2020-04-26T17:33:15.525+0000][1][safepoint    ] Safepoint "BulkRevokeBias", Time since last: 16150500 ns, Reaching safepoint: 140200 ns, At safepoint: 479400 ns, Total: 619600 ns
[2020-04-26T17:33:15.553+0000][1][safepoint    ] Safepoint "RevokeBias", Time since last: 27535900 ns, Reaching safepoint: 126000 ns, At safepoint: 47500 ns, Total: 173500 ns
[2020-04-26T17:33:16.136+0000][1][safepoint    ] Safepoint "RevokeBias", Time since last: 582515300 ns, Reaching safepoint: 212900 ns, At safepoint: 41700 ns, Total: 254600 ns
[2020-04-26T17:33:16.136+0000][1][safepoint    ] Safepoint "RevokeBias", Time since last: 689500 ns, Reaching safepoint: 157500 ns, At safepoint: 42700 ns, Total: 200200 ns
[2020-04-26T17:33:16.499+0000][1][safepoint    ] Safepoint "RevokeBias", Time since last: 362284500 ns, Reaching safepoint: 141400 ns, At safepoint: 41800 ns, Total: 183200 ns
[2020-04-26T17:33:16.499+0000][1][safepoint    ] Safepoint "RevokeBias", Time since last: 161000 ns, Reaching safepoint: 94100 ns, At safepoint: 35000 ns, Total: 129100 ns
[2020-04-26T17:33:16.499+0000][1][safepoint    ] Safepoint "RevokeBias", Time since last: 151500 ns, Reaching safepoint: 83700 ns, At safepoint: 36100 ns, Total: 119800 ns
[2020-04-26T17:33:17.500+0000][1][safepoint    ] Safepoint "Cleanup", Time since last: 1000318000 ns, Reaching safepoint: 491200 ns, At safepoint: 175700 ns, Total: 666900 ns
[2020-04-26T17:33:18.501+0000][1][safepoint    ] Safepoint "Cleanup", Time since last: 1000210200 ns, Reaching safepoint: 268100 ns, At safepoint: 87100 ns, Total: 355200 ns
[2020-04-26T17:33:19.501+0000][1][safepoint    ] Safepoint "Cleanup", Time since last: 1000197500 ns, Reaching safepoint: 156900 ns, At safepoint: 44400 ns, Total: 201300 ns
[2020-04-26T17:33:20.188+0000][1][safepoint    ] Safepoint "RevokeBias", Time since last: 685957300 ns, Reaching safepoint: 131800 ns, At safepoint: 42300 ns, Total: 174100 ns
[2020-04-26T17:33:21.188+0000][1][safepoint    ] Safepoint "Cleanup", Time since last: 1000281400 ns, Reaching safepoint: 256400 ns, At safepoint: 77500 ns, Total: 333900 ns
[2020-04-26T17:33:22.189+0000][1][safepoint    ] Safepoint "Cleanup", Time since last: 1000197700 ns, Reaching safepoint: 168200 ns, At safepoint: 38800 ns, Total: 207000 ns
[2020-04-26T17:33:23.189+0000][1][safepoint    ] Safepoint "Cleanup", Time since last: 1000172300 ns, Reaching safepoint: 301600 ns, At safepoint: 112100 ns, Total: 413700 ns
[2020-04-26T17:33:24.190+0000][1][safepoint    ] Safepoint "Cleanup", Time since last: 1000332500 ns, Reaching safepoint: 137700 ns, At safepoint: 42500 ns, Total: 180200 ns
[2020-04-26T17:33:25.191+0000][1][safepoint    ] Safepoint "Cleanup", Time since last: 1000297100 ns, Reaching safepoint: 672600 ns, At safepoint: 218100 ns, Total: 890700 ns
[2020-04-26T17:33:26.192+0000][1][safepoint    ] Safepoint "Cleanup", Time since last: 1000651800 ns, Reaching safepoint: 270300 ns, At safepoint: 75800 ns, Total: 346100 ns
[2020-04-26T17:33:27.193+0000][1][safepoint    ] Safepoint "Cleanup", Time since last: 1000789500 ns, Reaching safepoint: 328200 ns, At safepoint: 100100 ns, Total: 428300 ns
[2020-04-26T17:33:29.083+0000][1][safepoint    ] Safepoint "Cleanup", Time since last: 1889025600 ns, Reaching safepoint: 522800 ns, At safepoint: 130700 ns, Total: 653500 ns
[2020-04-26T17:33:30.083+0000][1][safepoint    ] Safepoint "Cleanup", Time since last: 1000247600 ns, Reaching safepoint: 149800 ns, At safepoint: 36600 ns, Total: 186400 ns
[2020-04-26T17:33:31.085+0000][1][safepoint    ] Safepoint "Cleanup", Time since last: 1000696400 ns, Reaching safepoint: 486700 ns, At safepoint: 134200 ns, Total: 620900 ns
[2020-04-26T17:33:32.086+0000][1][safepoint    ] Safepoint "Cleanup", Time since last: 1000692100 ns, Reaching safepoint: 255100 ns, At safepoint: 76100 ns, Total: 331200 ns
[2020-04-26T17:33:33.087+0000][1][safepoint    ] Safepoint "Cleanup", Time since last: 1000619500 ns, Reaching safepoint: 438000 ns, At safepoint: 132600 ns, Total: 570600 ns
[2020-04-26T17:33:34.088+0000][1][safepoint    ] Safepoint "Cleanup", Time since last: 1000510900 ns, Reaching safepoint: 461200 ns, At safepoint: 134400 ns, Total: 595600 ns
[2020-04-26T17:33:35.089+0000][1][safepoint    ] Safepoint "Cleanup", Time since last: 1000396000 ns, Reaching safepoint: 438700 ns, At safepoint: 130800 ns, Total: 569500 ns
[2020-04-26T17:33:36.090+0000][1][safepoint    ] Safepoint "Cleanup", Time since last: 1000636200 ns, Reaching safepoint: 500000 ns, At safepoint: 106900 ns, Total: 606900 ns
[2020-04-26T17:33:37.091+0000][1][safepoint    ] Safepoint "Cleanup", Time since last: 1000701400 ns, Reaching safepoint: 354800 ns, At safepoint: 105200 ns, Total: 460000 ns
[2020-04-26T17:33:37.138+0000][1][safepoint    ] Safepoint "RevokeBias", Time since last: 46454400 ns, Reaching safepoint: 147400 ns, At safepoint: 66200 ns, Total: 213600 ns
[2020-04-26T17:33:37.139+0000][1][safepoint    ] Safepoint "BulkRevokeBias", Time since last: 213300 ns, Reaching safepoint: 238200 ns, At safepoint: 598700 ns, Total: 836900 ns
[2020-04-26T17:33:37.143+0000][1][safepoint    ] Safepoint "RevokeBias", Time since last: 3408100 ns, Reaching safepoint: 256900 ns, At safepoint: 93300 ns, Total: 350200 ns
[2020-04-26T17:33:37.144+0000][1][safepoint    ] Safepoint "RevokeBias", Time since last: 1005500 ns, Reaching safepoint: 396900 ns, At safepoint: 83700 ns, Total: 480600 ns
[2020-04-26T17:33:38.145+0000][1][safepoint    ] Safepoint "Cleanup", Time since last: 1000308000 ns, Reaching safepoint: 600200 ns, At safepoint: 207900 ns, Total: 808100 ns
[2020-04-26T17:33:39.147+0000][1][safepoint    ] Safepoint "Cleanup", Time since last: 1000699600 ns, Reaching safepoint: 467100 ns, At safepoint: 140100 ns, Total: 607200 ns
[2020-04-26T17:33:40.147+0000][1][safepoint    ] Safepoint "Cleanup", Time since last: 1000192200 ns, Reaching safepoint: 444100 ns, At safepoint: 170800 ns, Total: 614900 ns
[2020-04-26T17:33:41.149+0000][1][safepoint    ] Safepoint "Cleanup", Time since last: 1000604300 ns, Reaching safepoint: 446800 ns, At safepoint: 134100 ns, Total: 580900 ns
[2020-04-26T17:33:42.149+0000][1][safepoint    ] Safepoint "Cleanup", Time since last: 1000194600 ns, Reaching safepoint: 188200 ns, At safepoint: 27600 ns, Total: 215800 ns
[2020-04-26T17:33:43.150+0000][1][safepoint    ] Safepoint "Cleanup", Time since last: 1000345300 ns, Reaching safepoint: 690800 ns, At safepoint: 149700 ns, Total: 840500 ns
[2020-04-26T17:33:44.151+0000][1][safepoint    ] Safepoint "Cleanup", Time since last: 1000288800 ns, Reaching safepoint: 321800 ns, At safepoint: 43700 ns, Total: 365500 ns
[2020-04-26T17:33:45.152+0000][1][safepoint    ] Safepoint "Cleanup", Time since last: 1000314600 ns, Reaching safepoint: 980900 ns, At safepoint: 184900 ns, Total: 1165800 ns
[2020-04-26T17:33:45.500+0000][1][safepoint    ] Safepoint "RevokeBias", Time since last: 347040800 ns, Reaching safepoint: 597900 ns, At safepoint: 270400 ns, Total: 868300 ns
[2020-04-26T17:33:45.502+0000][1][safepoint    ] Safepoint "RevokeBias", Time since last: 722100 ns, Reaching safepoint: 512500 ns, At safepoint: 243100 ns, Total: 755600 ns
[2020-04-26T17:33:46.503+0000][1][safepoint    ] Safepoint "Cleanup", Time since last: 1000726700 ns, Reaching safepoint: 558900 ns, At safepoint: 138400 ns, Total: 697300 ns
[2020-04-26T17:33:47.504+0000][1][safepoint    ] Safepoint "Cleanup", Time since last: 1000343300 ns, Reaching safepoint: 530800 ns, At safepoint: 129500 ns, Total: 660300 ns
[2020-04-26T17:33:48.506+0000][1][safepoint    ] Safepoint "Cleanup", Time since last: 1000692500 ns, Reaching safepoint: 616400 ns, At safepoint: 153800 ns, Total: 770200 ns
[2020-04-26T17:33:49.507+0000][1][safepoint    ] Safepoint "Cleanup", Time since last: 1000610700 ns, Reaching safepoint: 463200 ns, At safepoint: 144700 ns, Total: 607900 ns
[2020-04-26T17:33:50.508+0000][1][safepoint    ] Safepoint "Cleanup", Time since last: 1000628400 ns, Reaching safepoint: 459400 ns, At safepoint: 144000 ns, Total: 603400 ns
[2020-04-26T17:33:51.509+0000][1][safepoint    ] Safepoint "Cleanup", Time since last: 1000514600 ns, Reaching safepoint: 457800 ns, At safepoint: 139100 ns, Total: 596900 ns
[2020-04-26T17:33:52.393+0000][1][safepoint    ] Safepoint "RevokeBias", Time since last: 882914500 ns, Reaching safepoint: 785000 ns, At safepoint: 279600 ns, Total: 1064600 ns
[2020-04-26T17:33:53.394+0000][1][safepoint    ] Safepoint "Cleanup", Time since last: 1000334400 ns, Reaching safepoint: 280800 ns, At safepoint: 80100 ns, Total: 360900 ns
[2020-04-26T17:33:54.394+0000][1][safepoint    ] Safepoint "Cleanup", Time since last: 1000186200 ns, Reaching safepoint: 143800 ns, At safepoint: 40100 ns, Total: 183900 ns
[2020-04-26T17:33:55.395+0000][1][safepoint    ] Safepoint "Cleanup", Time since last: 1000258700 ns, Reaching safepoint: 429600 ns, At safepoint: 129500 ns, Total: 559100 ns
[2020-04-26T17:33:56.396+0000][1][safepoint    ] Safepoint "Cleanup", Time since last: 1000423800 ns, Reaching safepoint: 513800 ns, At safepoint: 135200 ns, Total: 649000 ns
[2020-04-26T17:33:57.396+0000][1][safepoint    ] Safepoint "Cleanup", Time since last: 1000206400 ns, Reaching safepoint: 146000 ns, At safepoint: 37900 ns, Total: 183900 ns
[2020-04-26T17:33:58.397+0000][1][safepoint    ] Safepoint "Cleanup", Time since last: 1000272400 ns, Reaching safepoint: 198300 ns, At safepoint: 38900 ns, Total: 237200 ns
[2020-04-26T17:33:59.397+0000][1][safepoint    ] Safepoint "Cleanup", Time since last: 1000167500 ns, Reaching safepoint: 133500 ns, At safepoint: 29300 ns, Total: 162800 ns
[2020-04-26T17:34:00.398+0000][1][safepoint    ] Safepoint "Cleanup", Time since last: 1000255000 ns, Reaching safepoint: 257900 ns, At safepoint: 73800 ns, Total: 331700 ns
[2020-04-26T17:34:01.399+0000][1][safepoint    ] Safepoint "Cleanup", Time since last: 1000487500 ns, Reaching safepoint: 472800 ns, At safepoint: 197200 ns, Total: 670000 ns
[2020-04-26T17:34:02.400+0000][1][safepoint    ] Safepoint "Cleanup", Time since last: 1000619900 ns, Reaching safepoint: 173600 ns, At safepoint: 45000 ns, Total: 218600 ns
[2020-04-26T17:34:03.401+0000][1][safepoint    ] Safepoint "Cleanup", Time since last: 1000324900 ns, Reaching safepoint: 461500 ns, At safepoint: 138800 ns, Total: 600300 ns
[2020-04-26T17:34:05.036+0000][1][safepoint    ] Safepoint "Cleanup", Time since last: 1634996100 ns, Reaching safepoint: 159700 ns, At safepoint: 40800 ns, Total: 200500 ns
[2020-04-26T17:34:06.037+0000][1][safepoint    ] Safepoint "Cleanup", Time since last: 1000632200 ns, Reaching safepoint: 149300 ns, At safepoint: 30400 ns, Total: 179700 ns
[2020-04-26T17:34:07.037+0000][1][safepoint    ] Safepoint "Cleanup", Time since last: 1000304700 ns, Reaching safepoint: 134100 ns, At safepoint: 26700 ns, Total: 160800 ns
[2020-04-26T17:34:08.038+0000][1][safepoint    ] Safepoint "Cleanup", Time since last: 1000171900 ns, Reaching safepoint: 143600 ns, At safepoint: 26000 ns, Total: 169600 ns
[2020-04-26T17:34:09.039+0000][1][safepoint    ] Safepoint "Cleanup", Time since last: 1000636100 ns, Reaching safepoint: 710400 ns, At safepoint: 158700 ns, Total: 869100 ns
[2020-04-26T17:34:10.040+0000][1][safepoint    ] Safepoint "Cleanup", Time since last: 1000249700 ns, Reaching safepoint: 246700 ns, At safepoint: 65000 ns, Total: 311700 ns
[2020-04-26T17:34:11.040+0000][1][safepoint    ] Safepoint "Cleanup", Time since last: 1000282300 ns, Reaching safepoint: 128800 ns, At safepoint: 30000 ns, Total: 158800 ns
[2020-04-26T17:34:12.041+0000][1][safepoint    ] Safepoint "Cleanup", Time since last: 1000388300 ns, Reaching safepoint: 520300 ns, At safepoint: 135000 ns, Total: 655300 ns
[2020-04-26T17:34:13.042+0000][1][safepoint    ] Safepoint "Cleanup", Time since last: 1000199500 ns, Reaching safepoint: 156300 ns, At safepoint: 30500 ns, Total: 186800 ns
[2020-04-26T17:34:14.042+0000][1][safepoint    ] Safepoint "Cleanup", Time since last: 1000178700 ns, Reaching safepoint: 161500 ns, At safepoint: 32900 ns, Total: 194400 ns
[2020-04-26T17:34:15.043+0000][1][safepoint    ] Safepoint "Cleanup", Time since last: 1000644200 ns, Reaching safepoint: 472800 ns, At safepoint: 142700 ns, Total: 615500 ns
[2020-04-26T17:34:16.044+0000][1][safepoint    ] Safepoint "Cleanup", Time since last: 1000555000 ns, Reaching safepoint: 189100 ns, At safepoint: 50500 ns, Total: 239600 ns
[2020-04-26T17:34:17.045+0000][1][safepoint    ] Safepoint "Cleanup", Time since last: 1000533900 ns, Reaching safepoint: 560700 ns, At safepoint: 131900 ns, Total: 692600 ns
[2020-04-26T17:34:18.046+0000][1][safepoint    ] Safepoint "Cleanup", Time since last: 1000408000 ns, Reaching safepoint: 479300 ns, At safepoint: 140900 ns, Total: 620200 ns
[2020-04-26T17:34:19.047+0000][1][safepoint    ] Safepoint "Cleanup", Time since last: 1000563000 ns, Reaching safepoint: 133700 ns, At safepoint: 31900 ns, Total: 165600 ns
[2020-04-26T17:34:20.047+0000][1][safepoint    ] Safepoint "Cleanup", Time since last: 1000190200 ns, Reaching safepoint: 136500 ns, At safepoint: 27200 ns, Total: 163700 ns
[2020-04-26T17:34:21.048+0000][1][safepoint    ] Safepoint "Cleanup", Time since last: 1000244600 ns, Reaching safepoint: 132300 ns, At safepoint: 28900 ns, Total: 161200 ns
[2020-04-26T17:34:22.049+0000][1][safepoint    ] Safepoint "Cleanup", Time since last: 1000538200 ns, Reaching safepoint: 330100 ns, At safepoint: 96400 ns, Total: 426500 ns
[2020-04-26T17:34:23.049+0000][1][safepoint    ] Safepoint "Cleanup", Time since last: 1000198300 ns, Reaching safepoint: 141300 ns, At safepoint: 24900 ns, Total: 166200 ns
[2020-04-26T17:34:24.050+0000][1][safepoint    ] Safepoint "Cleanup", Time since last: 1000226900 ns, Reaching safepoint: 507600 ns, At safepoint: 128400 ns, Total: 636000 ns
[2020-04-26T17:34:25.051+0000][1][safepoint    ] Safepoint "Cleanup", Time since last: 1000651000 ns, Reaching safepoint: 437700 ns, At safepoint: 133000 ns, Total: 570700 ns
[2020-04-26T17:34:25.540+0000][1][gc,start     ] GC(51) Pause Young (Allocation Failure)
[2020-04-26T17:34:25.540+0000][1][gc,task      ] GC(51) Using 10 workers of 10 for evacuation
[2020-04-26T17:34:25.545+0000][1][gc,age       ] GC(51) Desired survivor size 8945664 bytes, new threshold 6 (max threshold 6)
[2020-04-26T17:34:25.545+0000][1][gc,age       ] GC(51) Age table with threshold 6 (max threshold 6)
[2020-04-26T17:34:25.545+0000][1][gc,age       ] GC(51) - age   1:     361600 bytes,     361600 total
[2020-04-26T17:34:25.545+0000][1][gc,age       ] GC(51) - age   2:      10536 bytes,     372136 total
[2020-04-26T17:34:25.545+0000][1][gc,age       ] GC(51) - age   3:       6544 bytes,     378680 total
[2020-04-26T17:34:25.545+0000][1][gc,age       ] GC(51) - age   4:      19120 bytes,     397800 total
[2020-04-26T17:34:25.545+0000][1][gc,age       ] GC(51) - age   5:      61032 bytes,     458832 total
[2020-04-26T17:34:25.545+0000][1][gc,age       ] GC(51) - age   6:      41128 bytes,     499960 total
[2020-04-26T17:34:25.545+0000][1][gc,heap      ] GC(51) ParNew: 140485K->733K(157248K)
[2020-04-26T17:34:25.545+0000][1][gc,heap      ] GC(51) CMS: 80733K->80763K(349568K)
[2020-04-26T17:34:25.545+0000][1][gc,metaspace ] GC(51) Metaspace: 97879K->97879K(1140736K)
[2020-04-26T17:34:25.545+0000][1][gc           ] GC(51) Pause Young (Allocation Failure) 216M->79M(494M) 5.120ms
[2020-04-26T17:34:25.545+0000][1][gc,cpu       ] GC(51) User=0.01s Sys=0.01s Real=0.01s
[2020-04-26T17:34:25.545+0000][1][safepoint    ] Safepoint "GenCollectForAllocation", Time since last: 488219500 ns, Reaching safepoint: 262900 ns, At safepoint: 5276600 ns, Total: 5539500 ns
[2020-04-26T17:34:26.545+0000][1][safepoint    ] Safepoint "Cleanup", Time since last: 1000230400 ns, Reaching safepoint: 149900 ns, At safepoint: 30300 ns, Total: 180200 ns
[2020-04-26T17:34:27.546+0000][1][safepoint    ] Safepoint "Cleanup", Time since last: 1000535600 ns, Reaching safepoint: 139000 ns, At safepoint: 47300 ns, Total: 186300 ns
[2020-04-26T17:34:28.546+0000][1][safepoint    ] Safepoint "Cleanup", Time since last: 1000166500 ns, Reaching safepoint: 139200 ns, At safepoint: 42100 ns, Total: 181300 ns
[2020-04-26T17:34:29.547+0000][1][safepoint    ] Safepoint "Cleanup", Time since last: 1000153300 ns, Reaching safepoint: 140500 ns, At safepoint: 41100 ns, Total: 181600 ns
[2020-04-26T17:34:30.547+0000][1][safepoint    ] Safepoint "Cleanup", Time since last: 1000188800 ns, Reaching safepoint: 144400 ns, At safepoint: 48000 ns, Total: 192400 ns
[2020-04-26T17:34:31.548+0000][1][safepoint    ] Safepoint "Cleanup", Time since last: 1000630700 ns, Reaching safepoint: 137400 ns, At safepoint: 44900 ns, Total: 182300 ns
[2020-04-26T17:34:32.549+0000][1][safepoint    ] Safepoint "Cleanup", Time since last: 1000397900 ns, Reaching safepoint: 542600 ns, At safepoint: 209500 ns, Total: 752100 ns
[2020-04-26T17:34:33.550+0000][1][safepoint    ] Safepoint "Cleanup", Time since last: 1000247300 ns, Reaching safepoint: 223700 ns, At safepoint: 25600 ns, Total: 249300 ns
[2020-04-26T17:34:34.550+0000][1][safepoint    ] Safepoint "Cleanup", Time since last: 1000335900 ns, Reaching safepoint: 266800 ns, At safepoint: 114500 ns, Total: 381300 ns
[2020-04-26T17:34:35.551+0000][1][safepoint    ] Safepoint "Cleanup", Time since last: 1000712500 ns, Reaching safepoint: 152300 ns, At safepoint: 51700 ns, Total: 204000 ns
[2020-04-26T17:34:36.553+0000][1][safepoint    ] Safepoint "Cleanup", Time since last: 1000718100 ns, Reaching safepoint: 716100 ns, At safepoint: 302300 ns, Total: 1018400 ns
[2020-04-26T17:34:37.553+0000][1][safepoint    ] Safepoint "Cleanup", Time since last: 1000288400 ns, Reaching safepoint: 144700 ns, At safepoint: 32300 ns, Total: 177000 ns
[2020-04-26T17:34:38.554+0000][1][safepoint    ] Safepoint "Cleanup", Time since last: 1000146100 ns, Reaching safepoint: 133300 ns, At safepoint: 26200 ns, Total: 159500 ns
[2020-04-26T17:34:39.145+0000][1][safepoint    ] Safepoint "RevokeBias", Time since last: 591020900 ns, Reaching safepoint: 137800 ns, At safepoint: 70000 ns, Total: 207800 ns
[2020-04-26T17:34:39.145+0000][1][safepoint    ] Safepoint "RevokeBias", Time since last: 170000 ns, Reaching safepoint: 217200 ns, At safepoint: 61300 ns, Total: 278500 ns
[2020-04-26T17:34:39.149+0000][1][safepoint    ] Safepoint "RevokeBias", Time since last: 3253400 ns, Reaching safepoint: 125400 ns, At safepoint: 84300 ns, Total: 209700 ns
[2020-04-26T17:34:39.149+0000][1][safepoint    ] Safepoint "RevokeBias", Time since last: 106200 ns, Reaching safepoint: 177000 ns, At safepoint: 95800 ns, Total: 272800 ns
[2020-04-26T17:34:39.150+0000][1][safepoint    ] Safepoint "RevokeBias", Time since last: 196300 ns, Reaching safepoint: 227500 ns, At safepoint: 76400 ns, Total: 303900 ns
[2020-04-26T17:34:40.151+0000][1][safepoint    ] Safepoint "Cleanup", Time since last: 1000455600 ns, Reaching safepoint: 443500 ns, At safepoint: 205200 ns, Total: 648700 ns
[2020-04-26T17:34:41.152+0000][1][safepoint    ] Safepoint "Cleanup", Time since last: 1000330900 ns, Reaching safepoint: 467100 ns, At safepoint: 154700 ns, Total: 621800 ns
[2020-04-26T17:34:42.153+0000][1][safepoint    ] Safepoint "Cleanup", Time since last: 1000398100 ns, Reaching safepoint: 341300 ns, At safepoint: 76800 ns, Total: 418100 ns
[2020-04-26T17:34:43.154+0000][1][safepoint    ] Safepoint "Cleanup", Time since last: 1000339100 ns, Reaching safepoint: 437500 ns, At safepoint: 166500 ns, Total: 604000 ns
[2020-04-26T17:34:44.155+0000][1][safepoint    ] Safepoint "Cleanup", Time since last: 1000357800 ns, Reaching safepoint: 456400 ns, At safepoint: 177900 ns, Total: 634300 ns
[2020-04-26T17:34:45.156+0000][1][safepoint    ] Safepoint "Cleanup", Time since last: 1000572800 ns, Reaching safepoint: 341600 ns, At safepoint: 146600 ns, Total: 488200 ns
[2020-04-26T17:34:46.157+0000][1][safepoint    ] Safepoint "Cleanup", Time since last: 1000324900 ns, Reaching safepoint: 713100 ns, At safepoint: 139300 ns, Total: 852400 ns
[2020-04-26T17:34:47.158+0000][1][safepoint    ] Safepoint "Cleanup", Time since last: 1000297600 ns, Reaching safepoint: 558300 ns, At safepoint: 123100 ns, Total: 681400 ns
[2020-04-26T17:34:48.163+0000][1][safepoint    ] Safepoint "Cleanup", Time since last: 1004254500 ns, Reaching safepoint: 598400 ns, At safepoint: 171000 ns, Total: 769400 ns
[2020-04-26T17:34:49.163+0000][1][safepoint    ] Safepoint "Cleanup", Time since last: 1000385900 ns, Reaching safepoint: 130000 ns, At safepoint: 30000 ns, Total: 160000 ns
[2020-04-26T17:34:50.164+0000][1][safepoint    ] Safepoint "Cleanup", Time since last: 1000284900 ns, Reaching safepoint: 129900 ns, At safepoint: 28800 ns, Total: 158700 ns
[2020-04-26T17:34:51.165+0000][1][safepoint    ] Safepoint "Cleanup", Time since last: 1000530800 ns, Reaching safepoint: 164400 ns, At safepoint: 33900 ns, Total: 198300 ns
[2020-04-26T17:34:52.165+0000][1][safepoint    ] Safepoint "Cleanup", Time since last: 1000355700 ns, Reaching safepoint: 446700 ns, At safepoint: 135700 ns, Total: 582400 ns
[2020-04-26T17:34:53.167+0000][1][safepoint    ] Safepoint "Cleanup", Time since last: 1000513300 ns, Reaching safepoint: 434200 ns, At safepoint: 183900 ns, Total: 618100 ns
[2020-04-26T17:34:54.168+0000][1][safepoint    ] Safepoint "Cleanup", Time since last: 1000367100 ns, Reaching safepoint: 518400 ns, At safepoint: 134800 ns, Total: 653200 ns
[2020-04-26T17:34:55.168+0000][1][safepoint    ] Safepoint "Cleanup", Time since last: 1000511500 ns, Reaching safepoint: 161600 ns, At safepoint: 42600 ns, Total: 204200 ns
[2020-04-26T17:34:56.169+0000][1][safepoint    ] Safepoint "Cleanup", Time since last: 1000235500 ns, Reaching safepoint: 503600 ns, At safepoint: 131900 ns, Total: 635500 ns
[2020-04-26T17:34:57.170+0000][1][safepoint    ] Safepoint "Cleanup", Time since last: 1000446200 ns, Reaching safepoint: 240600 ns, At safepoint: 36500 ns, Total: 277100 ns
[2020-04-26T17:34:58.170+0000][1][safepoint    ] Safepoint "Cleanup", Time since last: 1000220400 ns, Reaching safepoint: 206800 ns, At safepoint: 35300 ns, Total: 242100 ns
[2020-04-26T17:34:59.171+0000][1][safepoint    ] Safepoint "Cleanup", Time since last: 1000380400 ns, Reaching safepoint: 375900 ns, At safepoint: 93700 ns, Total: 469600 ns
[2020-04-26T17:35:00.172+0000][1][safepoint    ] Safepoint "Cleanup", Time since last: 1000546600 ns, Reaching safepoint: 163900 ns, At safepoint: 34100 ns, Total: 198000 ns
[2020-04-26T17:35:01.172+0000][1][safepoint    ] Safepoint "Cleanup", Time since last: 1000209800 ns, Reaching safepoint: 141100 ns, At safepoint: 56600 ns, Total: 197700 ns
[2020-04-26T17:35:02.173+0000][1][safepoint    ] Safepoint "Cleanup", Time since last: 1000514700 ns, Reaching safepoint: 339100 ns, At safepoint: 98200 ns, Total: 437300 ns
[2020-04-26T17:35:03.174+0000][1][safepoint    ] Safepoint "Cleanup", Time since last: 1000324300 ns, Reaching safepoint: 178500 ns, At safepoint: 32600 ns, Total: 211100 ns
[2020-04-26T17:35:04.175+0000][1][safepoint    ] Safepoint "Cleanup", Time since last: 1000495600 ns, Reaching safepoint: 576000 ns, At safepoint: 204600 ns, Total: 780600 ns
[2020-04-26T17:35:05.176+0000][1][safepoint    ] Safepoint "Cleanup", Time since last: 1000479600 ns, Reaching safepoint: 132800 ns, At safepoint: 27200 ns, Total: 160000 ns
[2020-04-26T17:35:06.176+0000][1][safepoint    ] Safepoint "Cleanup", Time since last: 1000169500 ns, Reaching safepoint: 211600 ns, At safepoint: 56800 ns, Total: 268400 ns
[2020-04-26T17:35:07.177+0000][1][safepoint    ] Safepoint "Cleanup", Time since last: 1000132700 ns, Reaching safepoint: 218700 ns, At safepoint: 40800 ns, Total: 259500 ns
[2020-04-26T17:35:08.177+0000][1][safepoint    ] Safepoint "Cleanup", Time since last: 1000146900 ns, Reaching safepoint: 140000 ns, At safepoint: 47600 ns, Total: 187600 ns
[2020-04-26T17:35:09.178+0000][1][safepoint    ] Safepoint "Cleanup", Time since last: 1000357700 ns, Reaching safepoint: 432600 ns, At safepoint: 136300 ns, Total: 568900 ns
[2020-04-26T17:35:10.179+0000][1][safepoint    ] Safepoint "Cleanup", Time since last: 1000658400 ns, Reaching safepoint: 164300 ns, At safepoint: 33500 ns, Total: 197800 ns
[2020-04-26T17:35:11.179+0000][1][safepoint    ] Safepoint "Cleanup", Time since last: 1000241900 ns, Reaching safepoint: 146800 ns, At safepoint: 29700 ns, Total: 176500 ns
[2020-04-26T17:35:12.180+0000][1][safepoint    ] Safepoint "Cleanup", Time since last: 1000182900 ns, Reaching safepoint: 146400 ns, At safepoint: 29400 ns, Total: 175800 ns
[2020-04-26T17:35:13.181+0000][1][safepoint    ] Safepoint "Cleanup", Time since last: 1000523800 ns, Reaching safepoint: 436100 ns, At safepoint: 130200 ns, Total: 566300 ns
[2020-04-26T17:35:14.182+0000][1][safepoint    ] Safepoint "Cleanup", Time since last: 1000440100 ns, Reaching safepoint: 457400 ns, At safepoint: 142400 ns, Total: 599800 ns
[2020-04-26T17:35:15.183+0000][1][safepoint    ] Safepoint "Cleanup", Time since last: 1000420400 ns, Reaching safepoint: 327600 ns, At safepoint: 147600 ns, Total: 475200 ns
[2020-04-26T17:35:16.183+0000][1][safepoint    ] Safepoint "Cleanup", Time since last: 1000260200 ns, Reaching safepoint: 231900 ns, At safepoint: 62000 ns, Total: 293900 ns
[2020-04-26T17:35:17.184+0000][1][safepoint    ] Safepoint "Cleanup", Time since last: 1000460800 ns, Reaching safepoint: 578600 ns, At safepoint: 143800 ns, Total: 722400 ns
[2020-04-26T17:35:18.185+0000][1][safepoint    ] Safepoint "Cleanup", Time since last: 1000577600 ns, Reaching safepoint: 455200 ns, At safepoint: 136400 ns, Total: 591600 ns
[2020-04-26T17:35:19.187+0000][1][safepoint    ] Safepoint "Cleanup", Time since last: 1000675000 ns, Reaching safepoint: 507900 ns, At safepoint: 136900 ns, Total: 644800 ns
[2020-04-26T17:35:20.188+0000][1][safepoint    ] Safepoint "Cleanup", Time since last: 1000703400 ns, Reaching safepoint: 157600 ns, At safepoint: 40400 ns, Total: 198000 ns
[2020-04-26T17:35:21.189+0000][1][safepoint    ] Safepoint "Cleanup", Time since last: 1000642800 ns, Reaching safepoint: 314600 ns, At safepoint: 94600 ns, Total: 409200 ns
[2020-04-26T17:35:22.190+0000][1][safepoint    ] Safepoint "Cleanup", Time since last: 1000722500 ns, Reaching safepoint: 144700 ns, At safepoint: 36900 ns, Total: 181600 ns
[2020-04-26T17:35:23.190+0000][1][safepoint    ] Safepoint "Cleanup", Time since last: 1000546200 ns, Reaching safepoint: 162300 ns, At safepoint: 32900 ns, Total: 195200 ns
[2020-04-26T17:35:24.192+0000][1][safepoint    ] Safepoint "Cleanup", Time since last: 1000772200 ns, Reaching safepoint: 455700 ns, At safepoint: 136000 ns, Total: 591700 ns
[2020-04-26T17:35:25.193+0000][1][safepoint    ] Safepoint "Cleanup", Time since last: 1000399700 ns, Reaching safepoint: 559300 ns, At safepoint: 132900 ns, Total: 692200 ns
[2020-04-26T17:35:26.194+0000][1][safepoint    ] Safepoint "Cleanup", Time since last: 1000435500 ns, Reaching safepoint: 456500 ns, At safepoint: 134600 ns, Total: 591100 ns
[2020-04-26T17:35:27.195+0000][1][safepoint    ] Safepoint "Cleanup", Time since last: 1000703900 ns, Reaching safepoint: 455800 ns, At safepoint: 140600 ns, Total: 596400 ns
[2020-04-26T17:35:28.197+0000][1][safepoint    ] Safepoint "Cleanup", Time since last: 1000854800 ns, Reaching safepoint: 460800 ns, At safepoint: 151800 ns, Total: 612600 ns
[2020-04-26T17:35:29.197+0000][1][safepoint    ] Safepoint "Cleanup", Time since last: 1000220300 ns, Reaching safepoint: 136200 ns, At safepoint: 27200 ns, Total: 163400 ns
[2020-04-26T17:35:30.198+0000][1][safepoint    ] Safepoint "Cleanup", Time since last: 1000227400 ns, Reaching safepoint: 264500 ns, At safepoint: 74600 ns, Total: 339100 ns
[2020-04-26T17:35:31.198+0000][1][safepoint    ] Safepoint "Cleanup", Time since last: 1000149900 ns, Reaching safepoint: 229700 ns, At safepoint: 27100 ns, Total: 256800 ns
[2020-04-26T17:35:32.199+0000][1][safepoint    ] Safepoint "Cleanup", Time since last: 1000360100 ns, Reaching safepoint: 459200 ns, At safepoint: 182500 ns, Total: 641700 ns
[2020-04-26T17:35:32.607+0000][1][safepoint    ] Safepoint "RevokeBias", Time since last: 407985800 ns, Reaching safepoint: 127600 ns, At safepoint: 42200 ns, Total: 169800 ns
[2020-04-26T17:35:32.608+0000][1][safepoint    ] Safepoint "RevokeBias", Time since last: 1216200 ns, Reaching safepoint: 94700 ns, At safepoint: 47500 ns, Total: 142200 ns
[2020-04-26T17:35:32.609+0000][1][safepoint    ] Safepoint "RevokeBias", Time since last: 160700 ns, Reaching safepoint: 72800 ns, At safepoint: 55200 ns, Total: 128000 ns
[2020-04-26T17:35:33.610+0000][1][safepoint    ] Safepoint "Cleanup", Time since last: 1000612300 ns, Reaching safepoint: 450200 ns, At safepoint: 137400 ns, Total: 587600 ns
[2020-04-26T17:35:34.611+0000][1][safepoint    ] Safepoint "Cleanup", Time since last: 1000372300 ns, Reaching safepoint: 433000 ns, At safepoint: 130300 ns, Total: 563300 ns
[2020-04-26T17:35:35.612+0000][1][safepoint    ] Safepoint "Cleanup", Time since last: 1000604100 ns, Reaching safepoint: 445500 ns, At safepoint: 134000 ns, Total: 579500 ns
[2020-04-26T17:35:36.613+0000][1][safepoint    ] Safepoint "Cleanup", Time since last: 1000426900 ns, Reaching safepoint: 457200 ns, At safepoint: 237900 ns, Total: 695100 ns
[2020-04-26T17:35:37.614+0000][1][safepoint    ] Safepoint "Cleanup", Time since last: 1000657300 ns, Reaching safepoint: 448300 ns, At safepoint: 133200 ns, Total: 581500 ns
[2020-04-26T17:35:38.615+0000][1][safepoint    ] Safepoint "Cleanup", Time since last: 1000432200 ns, Reaching safepoint: 325700 ns, At safepoint: 95700 ns, Total: 421400 ns
[2020-04-26T17:35:39.616+0000][1][safepoint    ] Safepoint "Cleanup", Time since last: 1000476300 ns, Reaching safepoint: 360000 ns, At safepoint: 101900 ns, Total: 461900 ns
[2020-04-26T17:35:40.617+0000][1][safepoint    ] Safepoint "Cleanup", Time since last: 1000559800 ns, Reaching safepoint: 435200 ns, At safepoint: 133100 ns, Total: 568300 ns
[2020-04-26T17:35:41.132+0000][1][safepoint    ] Safepoint "RevokeBias", Time since last: 514194900 ns, Reaching safepoint: 320100 ns, At safepoint: 143300 ns, Total: 463400 ns
[2020-04-26T17:35:41.132+0000][1][safepoint    ] Safepoint "RevokeBias", Time since last: 116800 ns, Reaching safepoint: 160900 ns, At safepoint: 134300 ns, Total: 295200 ns
[2020-04-26T17:35:41.133+0000][1][safepoint    ] Safepoint "RevokeBias", Time since last: 197400 ns, Reaching safepoint: 179800 ns, At safepoint: 87400 ns, Total: 267200 ns
[2020-04-26T17:35:41.138+0000][1][safepoint    ] Safepoint "RevokeBias", Time since last: 4342200 ns, Reaching safepoint: 213300 ns, At safepoint: 71500 ns, Total: 284800 ns
[2020-04-26T17:35:41.138+0000][1][safepoint    ] Safepoint "RevokeBias", Time since last: 87900 ns, Reaching safepoint: 172500 ns, At safepoint: 57200 ns, Total: 229700 ns
[2020-04-26T17:35:41.138+0000][1][safepoint    ] Safepoint "RevokeBias", Time since last: 142300 ns, Reaching safepoint: 164900 ns, At safepoint: 58100 ns, Total: 223000 ns
[2020-04-26T17:35:42.139+0000][1][safepoint    ] Safepoint "Cleanup", Time since last: 1000485900 ns, Reaching safepoint: 528500 ns, At safepoint: 204800 ns, Total: 733300 ns
[2020-04-26T17:35:43.140+0000][1][safepoint    ] Safepoint "Cleanup", Time since last: 1000278600 ns, Reaching safepoint: 145500 ns, At safepoint: 35200 ns, Total: 180700 ns
[2020-04-26T17:35:44.141+0000][1][safepoint    ] Safepoint "Cleanup", Time since last: 1000391500 ns, Reaching safepoint: 581600 ns, At safepoint: 170100 ns, Total: 751700 ns
[2020-04-26T17:35:45.142+0000][1][safepoint    ] Safepoint "Cleanup", Time since last: 1000582900 ns, Reaching safepoint: 655100 ns, At safepoint: 141300 ns, Total: 796400 ns
[2020-04-26T17:35:46.143+0000][1][safepoint    ] Safepoint "Cleanup", Time since last: 1000615100 ns, Reaching safepoint: 240700 ns, At safepoint: 95500 ns, Total: 336200 ns
[2020-04-26T17:35:47.145+0000][1][safepoint    ] Safepoint "Cleanup", Time since last: 1000444400 ns, Reaching safepoint: 560100 ns, At safepoint: 141300 ns, Total: 701400 ns
[2020-04-26T17:35:48.145+0000][1][safepoint    ] Safepoint "Cleanup", Time since last: 1000494300 ns, Reaching safepoint: 177400 ns, At safepoint: 45700 ns, Total: 223100 ns
[2020-04-26T17:35:49.146+0000][1][safepoint    ] Safepoint "Cleanup", Time since last: 1000161600 ns, Reaching safepoint: 530000 ns, At safepoint: 103200 ns, Total: 633200 ns
[2020-04-26T17:35:50.147+0000][1][safepoint    ] Safepoint "Cleanup", Time since last: 1000228800 ns, Reaching safepoint: 442700 ns, At safepoint: 124000 ns, Total: 566700 ns
[2020-04-26T17:35:51.148+0000][1][safepoint    ] Safepoint "Cleanup", Time since last: 1000358300 ns, Reaching safepoint: 430200 ns, At safepoint: 158700 ns, Total: 588900 ns
[2020-04-26T17:35:52.148+0000][1][safepoint    ] Safepoint "Cleanup", Time since last: 1000379300 ns, Reaching safepoint: 192400 ns, At safepoint: 35500 ns, Total: 227900 ns
[2020-04-26T17:35:53.150+0000][1][safepoint    ] Safepoint "Cleanup", Time since last: 1000473800 ns, Reaching safepoint: 808900 ns, At safepoint: 251400 ns, Total: 1060300 ns
[2020-04-26T17:35:54.150+0000][1][safepoint    ] Safepoint "Cleanup", Time since last: 1000234200 ns, Reaching safepoint: 145700 ns, At safepoint: 32600 ns, Total: 178300 ns
[2020-04-26T17:35:55.151+0000][1][safepoint    ] Safepoint "Cleanup", Time since last: 1000310500 ns, Reaching safepoint: 198000 ns, At safepoint: 57500 ns, Total: 255500 ns
[2020-04-26T17:35:56.151+0000][1][safepoint    ] Safepoint "Cleanup", Time since last: 1000217900 ns, Reaching safepoint: 203500 ns, At safepoint: 60300 ns, Total: 263800 ns
[2020-04-26T17:35:57.152+0000][1][safepoint    ] Safepoint "Cleanup", Time since last: 1000708500 ns, Reaching safepoint: 186100 ns, At safepoint: 61400 ns, Total: 247500 ns
[2020-04-26T17:35:58.153+0000][1][safepoint    ] Safepoint "Cleanup", Time since last: 1000441400 ns, Reaching safepoint: 459000 ns, At safepoint: 149300 ns, Total: 608300 ns
[2020-04-26T17:35:59.154+0000][1][safepoint    ] Safepoint "Cleanup", Time since last: 1000363900 ns, Reaching safepoint: 158000 ns, At safepoint: 45700 ns, Total: 203700 ns
[2020-04-26T17:36:00.154+0000][1][safepoint    ] Safepoint "Cleanup", Time since last: 1000216300 ns, Reaching safepoint: 144000 ns, At safepoint: 32100 ns, Total: 176100 ns
[2020-04-26T17:36:01.155+0000][1][safepoint    ] Safepoint "Cleanup", Time since last: 1000361700 ns, Reaching safepoint: 439300 ns, At safepoint: 135600 ns, Total: 574900 ns
[2020-04-26T17:36:02.156+0000][1][safepoint    ] Safepoint "Cleanup", Time since last: 1000398000 ns, Reaching safepoint: 534800 ns, At safepoint: 133400 ns, Total: 668200 ns
[2020-04-26T17:36:03.157+0000][1][safepoint    ] Safepoint "Cleanup", Time since last: 1000395300 ns, Reaching safepoint: 455800 ns, At safepoint: 192500 ns, Total: 648300 ns
[2020-04-26T17:36:04.158+0000][1][safepoint    ] Safepoint "Cleanup", Time since last: 1000400900 ns, Reaching safepoint: 449400 ns, At safepoint: 148100 ns, Total: 597500 ns
[2020-04-26T17:36:05.160+0000][1][safepoint    ] Safepoint "Cleanup", Time since last: 1000535800 ns, Reaching safepoint: 670600 ns, At safepoint: 205700 ns, Total: 876300 ns
[2020-04-26T17:36:06.160+0000][1][safepoint    ] Safepoint "Cleanup", Time since last: 1000252900 ns, Reaching safepoint: 139300 ns, At safepoint: 29600 ns, Total: 168900 ns
[2020-04-26T17:36:07.161+0000][1][safepoint    ] Safepoint "Cleanup", Time since last: 1000431300 ns, Reaching safepoint: 584700 ns, At safepoint: 131300 ns, Total: 716000 ns
[2020-04-26T17:36:08.163+0000][1][safepoint    ] Safepoint "Cleanup", Time since last: 1000649900 ns, Reaching safepoint: 505900 ns, At safepoint: 135500 ns, Total: 641400 ns
[2020-04-26T17:36:09.164+0000][1][safepoint    ] Safepoint "Cleanup", Time since last: 1000312700 ns, Reaching safepoint: 457900 ns, At safepoint: 135500 ns, Total: 593400 ns
[2020-04-26T17:36:10.165+0000][1][safepoint    ] Safepoint "Cleanup", Time since last: 1000632000 ns, Reaching safepoint: 419000 ns, At safepoint: 123100 ns, Total: 542100 ns
[2020-04-26T17:36:11.165+0000][1][safepoint    ] Safepoint "Cleanup", Time since last: 1000317100 ns, Reaching safepoint: 332000 ns, At safepoint: 54800 ns, Total: 386800 ns
[2020-04-26T17:36:12.166+0000][1][safepoint    ] Safepoint "Cleanup", Time since last: 1000600200 ns, Reaching safepoint: 141500 ns, At safepoint: 33600 ns, Total: 175100 ns
[2020-04-26T17:36:13.167+0000][1][safepoint    ] Safepoint "Cleanup", Time since last: 1000181900 ns, Reaching safepoint: 169900 ns, At safepoint: 37800 ns, Total: 207700 ns
[2020-04-26T17:36:14.168+0000][1][safepoint    ] Safepoint "Cleanup", Time since last: 1000299400 ns, Reaching safepoint: 542900 ns, At safepoint: 138100 ns, Total: 681000 ns
[2020-04-26T17:36:15.168+0000][1][safepoint    ] Safepoint "Cleanup", Time since last: 1000285400 ns, Reaching safepoint: 138100 ns, At safepoint: 32500 ns, Total: 170600 ns
[2020-04-26T17:36:16.168+0000][1][safepoint    ] Safepoint "Cleanup", Time since last: 1000177600 ns, Reaching safepoint: 206500 ns, At safepoint: 57900 ns, Total: 264400 ns
[2020-04-26T17:36:17.169+0000][1][safepoint    ] Safepoint "Cleanup", Time since last: 1000516200 ns, Reaching safepoint: 165200 ns, At safepoint: 38000 ns, Total: 203200 ns
[2020-04-26T17:36:18.170+0000][1][safepoint    ] Safepoint "Cleanup", Time since last: 1000640800 ns, Reaching safepoint: 455700 ns, At safepoint: 141300 ns, Total: 597000 ns
[2020-04-26T17:36:19.172+0000][1][safepoint    ] Safepoint "Cleanup", Time since last: 1000461000 ns, Reaching safepoint: 455200 ns, At safepoint: 153900 ns, Total: 609100 ns
[2020-04-26T17:36:20.172+0000][1][safepoint    ] Safepoint "Cleanup", Time since last: 1000408700 ns, Reaching safepoint: 158600 ns, At safepoint: 41500 ns, Total: 200100 ns
[2020-04-26T17:36:21.173+0000][1][safepoint    ] Safepoint "Cleanup", Time since last: 1000481900 ns, Reaching safepoint: 513200 ns, At safepoint: 135300 ns, Total: 648500 ns
[2020-04-26T17:36:22.174+0000][1][safepoint    ] Safepoint "Cleanup", Time since last: 1000365300 ns, Reaching safepoint: 204200 ns, At safepoint: 57400 ns, Total: 261600 ns
[2020-04-26T17:36:23.174+0000][1][safepoint    ] Safepoint "Cleanup", Time since last: 1000174300 ns, Reaching safepoint: 207500 ns, At safepoint: 53400 ns, Total: 260900 ns
[2020-04-26T17:36:23.942+0000][1][safepoint    ] Safepoint "RevokeBias", Time since last: 767135300 ns, Reaching safepoint: 138600 ns, At safepoint: 51500 ns, Total: 190100 ns
[2020-04-26T17:36:23.942+0000][1][safepoint    ] Safepoint "RevokeBias", Time since last: 536800 ns, Reaching safepoint: 100400 ns, At safepoint: 47000 ns, Total: 147400 ns
[2020-04-26T17:36:23.966+0000][1][safepoint    ] Safepoint "RevokeBias", Time since last: 23821300 ns, Reaching safepoint: 134500 ns, At safepoint: 67500 ns, Total: 202000 ns
[2020-04-26T17:36:23.967+0000][1][safepoint    ] Safepoint "RevokeBias", Time since last: 664500 ns, Reaching safepoint: 171400 ns, At safepoint: 28000 ns, Total: 199400 ns
[2020-04-26T17:36:23.979+0000][1][safepoint    ] Safepoint "RevokeBias", Time since last: 11643900 ns, Reaching safepoint: 116900 ns, At safepoint: 35800 ns, Total: 152700 ns
[2020-04-26T17:36:23.979+0000][1][safepoint    ] Safepoint "RevokeBias", Time since last: 172800 ns, Reaching safepoint: 82700 ns, At safepoint: 32600 ns, Total: 115300 ns
[2020-04-26T17:36:23.980+0000][1][safepoint    ] Safepoint "RevokeBias", Time since last: 122300 ns, Reaching safepoint: 72600 ns, At safepoint: 34200 ns, Total: 106800 ns
[2020-04-26T17:36:23.980+0000][1][safepoint    ] Safepoint "RevokeBias", Time since last: 142000 ns, Reaching safepoint: 70700 ns, At safepoint: 33100 ns, Total: 103800 ns
[2020-04-26T17:36:23.980+0000][1][safepoint    ] Safepoint "RevokeBias", Time since last: 122200 ns, Reaching safepoint: 71200 ns, At safepoint: 32200 ns, Total: 103400 ns
[2020-04-26T17:36:23.980+0000][1][safepoint    ] Safepoint "RevokeBias", Time since last: 155900 ns, Reaching safepoint: 72000 ns, At safepoint: 31900 ns, Total: 103900 ns
[2020-04-26T17:36:23.989+0000][1][safepoint    ] Safepoint "RevokeBias", Time since last: 8709100 ns, Reaching safepoint: 79400 ns, At safepoint: 73100 ns, Total: 152500 ns
[2020-04-26T17:36:23.990+0000][1][safepoint    ] Safepoint "RevokeBias", Time since last: 302600 ns, Reaching safepoint: 250600 ns, At safepoint: 59800 ns, Total: 310400 ns
[2020-04-26T17:36:23.991+0000][1][safepoint    ] Safepoint "RevokeBias", Time since last: 559700 ns, Reaching safepoint: 199000 ns, At safepoint: 58900 ns, Total: 257900 ns
[2020-04-26T17:36:23.991+0000][1][safepoint    ] Safepoint "RevokeBias", Time since last: 176300 ns, Reaching safepoint: 80900 ns, At safepoint: 33400 ns, Total: 114300 ns
[2020-04-26T17:36:23.991+0000][1][safepoint    ] Safepoint "RevokeBias", Time since last: 129300 ns, Reaching safepoint: 90000 ns, At safepoint: 31400 ns, Total: 121400 ns
[2020-04-26T17:36:23.993+0000][1][safepoint    ] Safepoint "RevokeBias", Time since last: 1904400 ns, Reaching safepoint: 88900 ns, At safepoint: 31600 ns, Total: 120500 ns
[2020-04-26T17:36:23.993+0000][1][safepoint    ] Safepoint "RevokeBias", Time since last: 107600 ns, Reaching safepoint: 72400 ns, At safepoint: 32100 ns, Total: 104500 ns
[2020-04-26T17:36:23.995+0000][1][safepoint    ] Safepoint "RevokeBias", Time since last: 1675000 ns, Reaching safepoint: 87500 ns, At safepoint: 31300 ns, Total: 118800 ns
[2020-04-26T17:36:23.995+0000][1][safepoint    ] Safepoint "RevokeBias", Time since last: 106900 ns, Reaching safepoint: 72300 ns, At safepoint: 31900 ns, Total: 104200 ns
[2020-04-26T17:36:23.999+0000][1][safepoint    ] Safepoint "RevokeBias", Time since last: 3313300 ns, Reaching safepoint: 226600 ns, At safepoint: 52300 ns, Total: 278900 ns
[2020-04-26T17:36:24.025+0000][1][safepoint    ] Safepoint "RevokeBias", Time since last: 26338400 ns, Reaching safepoint: 122500 ns, At safepoint: 36800 ns, Total: 159300 ns
[2020-04-26T17:36:24.026+0000][1][safepoint    ] Safepoint "RevokeBias", Time since last: 167800 ns, Reaching safepoint: 80400 ns, At safepoint: 32800 ns, Total: 113200 ns
[2020-04-26T17:36:24.026+0000][1][safepoint    ] Safepoint "RevokeBias", Time since last: 140300 ns, Reaching safepoint: 72100 ns, At safepoint: 32400 ns, Total: 104500 ns
[2020-04-26T17:36:24.026+0000][1][safepoint    ] Safepoint "RevokeBias", Time since last: 264300 ns, Reaching safepoint: 71000 ns, At safepoint: 32300 ns, Total: 103300 ns
[2020-04-26T17:36:24.027+0000][1][safepoint    ] Safepoint "RevokeBias", Time since last: 163100 ns, Reaching safepoint: 71600 ns, At safepoint: 32200 ns, Total: 103800 ns
[2020-04-26T17:36:24.027+0000][1][safepoint    ] Safepoint "RevokeBias", Time since last: 174300 ns, Reaching safepoint: 70200 ns, At safepoint: 32100 ns, Total: 102300 ns
[2020-04-26T17:36:24.027+0000][1][safepoint    ] Safepoint "RevokeBias", Time since last: 191900 ns, Reaching safepoint: 76700 ns, At safepoint: 31600 ns, Total: 108300 ns
[2020-04-26T17:36:24.029+0000][1][safepoint    ] Safepoint "RevokeBias", Time since last: 1374500 ns, Reaching safepoint: 81300 ns, At safepoint: 50200 ns, Total: 131500 ns
[2020-04-26T17:36:24.062+0000][1][safepoint    ] Safepoint "BulkRevokeBias", Time since last: 32815300 ns, Reaching safepoint: 180300 ns, At safepoint: 564700 ns, Total: 745000 ns
[2020-04-26T17:36:24.073+0000][1][safepoint    ] Safepoint "RevokeBias", Time since last: 10035500 ns, Reaching safepoint: 278600 ns, At safepoint: 138600 ns, Total: 417200 ns
[2020-04-26T17:36:24.073+0000][1][safepoint    ] Safepoint "RevokeBias", Time since last: 247100 ns, Reaching safepoint: 384100 ns, At safepoint: 111800 ns, Total: 495900 ns
[2020-04-26T17:36:24.090+0000][1][safepoint    ] Safepoint "RevokeBias", Time since last: 16519500 ns, Reaching safepoint: 148800 ns, At safepoint: 41400 ns, Total: 190200 ns
[2020-04-26T17:36:24.208+0000][1][safepoint    ] Safepoint "RevokeBias", Time since last: 117354700 ns, Reaching safepoint: 178400 ns, At safepoint: 46600 ns, Total: 225000 ns
[2020-04-26T17:36:24.209+0000][1][safepoint    ] Safepoint "RevokeBias", Time since last: 814700 ns, Reaching safepoint: 139300 ns, At safepoint: 52700 ns, Total: 192000 ns
[2020-04-26T17:36:24.248+0000][1][safepoint    ] Safepoint "RevokeBias", Time since last: 39535200 ns, Reaching safepoint: 164000 ns, At safepoint: 65200 ns, Total: 229200 ns
[2020-04-26T17:36:24.416+0000][1][safepoint    ] Safepoint "RevokeBias", Time since last: 167727100 ns, Reaching safepoint: 134100 ns, At safepoint: 46900 ns, Total: 181000 ns
[2020-04-26T17:36:24.417+0000][1][safepoint    ] Safepoint "RevokeBias", Time since last: 500100 ns, Reaching safepoint: 89100 ns, At safepoint: 36100 ns, Total: 125200 ns
[2020-04-26T17:36:24.422+0000][1][safepoint    ] Safepoint "BulkRevokeBias", Time since last: 4332400 ns, Reaching safepoint: 142400 ns, At safepoint: 580900 ns, Total: 723300 ns
[2020-04-26T17:36:24.453+0000][1][safepoint    ] Safepoint "RevokeBias", Time since last: 30393300 ns, Reaching safepoint: 188700 ns, At safepoint: 35100 ns, Total: 223800 ns
[2020-04-26T17:36:24.453+0000][1][safepoint    ] Safepoint "RevokeBias", Time since last: 173000 ns, Reaching safepoint: 78000 ns, At safepoint: 33300 ns, Total: 111300 ns
[2020-04-26T17:36:24.453+0000][1][safepoint    ] Safepoint "RevokeBias", Time since last: 160500 ns, Reaching safepoint: 74500 ns, At safepoint: 32400 ns, Total: 106900 ns
[2020-04-26T17:36:24.454+0000][1][safepoint    ] Safepoint "RevokeBias", Time since last: 172000 ns, Reaching safepoint: 71800 ns, At safepoint: 32500 ns, Total: 104300 ns
[2020-04-26T17:36:24.455+0000][1][safepoint    ] Safepoint "RevokeBias", Time since last: 975100 ns, Reaching safepoint: 77200 ns, At safepoint: 37900 ns, Total: 115100 ns
[2020-04-26T17:36:24.458+0000][1][safepoint    ] Safepoint "RevokeBias", Time since last: 2633100 ns, Reaching safepoint: 298100 ns, At safepoint: 101200 ns, Total: 399300 ns
[2020-04-26T17:36:24.493+0000][1][safepoint    ] Safepoint "RevokeBias", Time since last: 34828800 ns, Reaching safepoint: 443800 ns, At safepoint: 128500 ns, Total: 572300 ns
[2020-04-26T17:36:24.502+0000][1][gc,start     ] GC(52) Pause Young (Allocation Failure)
[2020-04-26T17:36:24.502+0000][1][gc,task      ] GC(52) Using 10 workers of 10 for evacuation
[2020-04-26T17:36:24.505+0000][1][gc,age       ] GC(52) Desired survivor size 8945664 bytes, new threshold 6 (max threshold 6)
[2020-04-26T17:36:24.505+0000][1][gc,age       ] GC(52) Age table with threshold 6 (max threshold 6)
[2020-04-26T17:36:24.505+0000][1][gc,age       ] GC(52) - age   1:     344632 bytes,     344632 total
[2020-04-26T17:36:24.505+0000][1][gc,age       ] GC(52) - age   2:      24272 bytes,     368904 total
[2020-04-26T17:36:24.505+0000][1][gc,age       ] GC(52) - age   3:      10408 bytes,     379312 total
[2020-04-26T17:36:24.505+0000][1][gc,age       ] GC(52) - age   4:       3944 bytes,     383256 total
[2020-04-26T17:36:24.505+0000][1][gc,age       ] GC(52) - age   5:      18984 bytes,     402240 total
[2020-04-26T17:36:24.505+0000][1][gc,age       ] GC(52) - age   6:      60488 bytes,     462728 total
[2020-04-26T17:36:24.505+0000][1][gc,heap      ] GC(52) ParNew: 140509K->739K(157248K)
[2020-04-26T17:36:24.505+0000][1][gc,heap      ] GC(52) CMS: 80763K->80804K(349568K)
[2020-04-26T17:36:24.505+0000][1][gc,metaspace ] GC(52) Metaspace: 97969K->97969K(1140736K)
[2020-04-26T17:36:24.505+0000][1][gc           ] GC(52) Pause Young (Allocation Failure) 216M->79M(494M) 2.501ms
[2020-04-26T17:36:24.505+0000][1][gc,cpu       ] GC(52) User=0.00s Sys=0.01s Real=0.01s
[2020-04-26T17:36:24.505+0000][1][safepoint    ] Safepoint "GenCollectForAllocation", Time since last: 9220500 ns, Reaching safepoint: 141100 ns, At safepoint: 2609400 ns, Total: 2750500 ns
[2020-04-26T17:36:24.506+0000][1][safepoint    ] Safepoint "RevokeBias", Time since last: 891300 ns, Reaching safepoint: 107200 ns, At safepoint: 79000 ns, Total: 186200 ns
[2020-04-26T17:36:24.506+0000][1][safepoint    ] Safepoint "RevokeBias", Time since last: 148300 ns, Reaching safepoint: 124400 ns, At safepoint: 64300 ns, Total: 188700 ns
[2020-04-26T17:36:24.527+0000][1][safepoint    ] Safepoint "BulkRevokeBias", Time since last: 19157000 ns, Reaching safepoint: 349400 ns, At safepoint: 924500 ns, Total: 1273900 ns
[2020-04-26T17:36:24.528+0000][1][safepoint    ] Safepoint "RevokeBias", Time since last: 769500 ns, Reaching safepoint: 131600 ns, At safepoint: 35600 ns, Total: 167200 ns
[2020-04-26T17:36:25.134+0000][1][safepoint    ] Safepoint "RevokeBias", Time since last: 605793500 ns, Reaching safepoint: 143500 ns, At safepoint: 42200 ns, Total: 185700 ns
[2020-04-26T17:36:25.134+0000][1][safepoint    ] Safepoint "RevokeBias", Time since last: 542700 ns, Reaching safepoint: 83500 ns, At safepoint: 34600 ns, Total: 118100 ns
[2020-04-26T17:36:25.332+0000][1][safepoint    ] Safepoint "RevokeBias", Time since last: 197381300 ns, Reaching safepoint: 139500 ns, At safepoint: 43400 ns, Total: 182900 ns
[2020-04-26T17:36:25.494+0000][1][safepoint    ] Safepoint "RevokeBias", Time since last: 161116400 ns, Reaching safepoint: 514100 ns, At safepoint: 171600 ns, Total: 685700 ns
[2020-04-26T17:36:25.497+0000][1][safepoint    ] Safepoint "BulkRevokeBias", Time since last: 585500 ns, Reaching safepoint: 441700 ns, At safepoint: 1976600 ns, Total: 2418300 ns
[2020-04-26T17:36:25.498+0000][1][safepoint    ] Safepoint "RevokeBias", Time since last: 557700 ns, Reaching safepoint: 487100 ns, At safepoint: 163600 ns, Total: 650700 ns
[2020-04-26T17:36:26.498+0000][1][safepoint    ] Safepoint "Cleanup", Time since last: 1000261700 ns, Reaching safepoint: 178200 ns, At safepoint: 47800 ns, Total: 226000 ns
[2020-04-26T17:36:26.499+0000][1][safepoint    ] Safepoint "RevokeBias", Time since last: 290700 ns, Reaching safepoint: 89300 ns, At safepoint: 40800 ns, Total: 130100 ns
[2020-04-26T17:36:27.500+0000][1][safepoint    ] Safepoint "Cleanup", Time since last: 1000421900 ns, Reaching safepoint: 135600 ns, At safepoint: 44300 ns, Total: 179900 ns
[2020-04-26T17:36:28.500+0000][1][safepoint    ] Safepoint "Cleanup", Time since last: 1000326000 ns, Reaching safepoint: 420100 ns, At safepoint: 206400 ns, Total: 626500 ns
[2020-04-26T17:36:29.501+0000][1][safepoint    ] Safepoint "Cleanup", Time since last: 1000353200 ns, Reaching safepoint: 294600 ns, At safepoint: 125200 ns, Total: 419800 ns
[2020-04-26T17:36:30.502+0000][1][safepoint    ] Safepoint "Cleanup", Time since last: 1000345800 ns, Reaching safepoint: 460300 ns, At safepoint: 211600 ns, Total: 671900 ns
[2020-04-26T17:36:31.504+0000][1][safepoint    ] Safepoint "Cleanup", Time since last: 1000681400 ns, Reaching safepoint: 540900 ns, At safepoint: 213500 ns, Total: 754400 ns
[2020-04-26T17:36:32.505+0000][1][safepoint    ] Safepoint "Cleanup", Time since last: 1000598000 ns, Reaching safepoint: 677900 ns, At safepoint: 323400 ns, Total: 1001300 ns
[2020-04-26T17:36:33.507+0000][1][safepoint    ] Safepoint "Cleanup", Time since last: 1000554500 ns, Reaching safepoint: 465400 ns, At safepoint: 210400 ns, Total: 675800 ns
[2020-04-26T17:36:34.508+0000][1][safepoint    ] Safepoint "Cleanup", Time since last: 1000454700 ns, Reaching safepoint: 710900 ns, At safepoint: 261200 ns, Total: 972100 ns
[2020-04-26T17:36:35.509+0000][1][safepoint    ] Safepoint "Cleanup", Time since last: 1000364100 ns, Reaching safepoint: 150400 ns, At safepoint: 43600 ns, Total: 194000 ns
[2020-04-26T17:36:36.510+0000][1][safepoint    ] Safepoint "Cleanup", Time since last: 1000379900 ns, Reaching safepoint: 848100 ns, At safepoint: 206800 ns, Total: 1054900 ns
[2020-04-26T17:36:37.512+0000][1][safepoint    ] Safepoint "Cleanup", Time since last: 1000683500 ns, Reaching safepoint: 640800 ns, At safepoint: 261800 ns, Total: 902600 ns
[2020-04-26T17:36:38.513+0000][1][safepoint    ] Safepoint "Cleanup", Time since last: 1000724800 ns, Reaching safepoint: 672600 ns, At safepoint: 210200 ns, Total: 882800 ns
[2020-04-26T17:36:39.514+0000][1][safepoint    ] Safepoint "Cleanup", Time since last: 1000338000 ns, Reaching safepoint: 391100 ns, At safepoint: 154000 ns, Total: 545100 ns
[2020-04-26T17:36:40.515+0000][1][safepoint    ] Safepoint "Cleanup", Time since last: 1000601100 ns, Reaching safepoint: 241200 ns, At safepoint: 100700 ns, Total: 341900 ns
[2020-04-26T17:36:41.516+0000][1][safepoint    ] Safepoint "Cleanup", Time since last: 1000295600 ns, Reaching safepoint: 271100 ns, At safepoint: 119200 ns, Total: 390300 ns
[2020-04-26T17:36:42.517+0000][1][safepoint    ] Safepoint "Cleanup", Time since last: 1000596600 ns, Reaching safepoint: 449400 ns, At safepoint: 214100 ns, Total: 663500 ns
[2020-04-26T17:36:43.136+0000][1][safepoint    ] Safepoint "RevokeBias", Time since last: 618699700 ns, Reaching safepoint: 134100 ns, At safepoint: 68700 ns, Total: 202800 ns
[2020-04-26T17:36:43.137+0000][1][safepoint    ] Safepoint "BulkRevokeBias", Time since last: 197100 ns, Reaching safepoint: 173100 ns, At safepoint: 482800 ns, Total: 655900 ns
[2020-04-26T17:36:43.144+0000][1][safepoint    ] Safepoint "RevokeBias", Time since last: 7145200 ns, Reaching safepoint: 180100 ns, At safepoint: 128900 ns, Total: 309000 ns
[2020-04-26T17:36:43.144+0000][1][safepoint    ] Safepoint "RevokeBias", Time since last: 102800 ns, Reaching safepoint: 146600 ns, At safepoint: 75200 ns, Total: 221800 ns
[2020-04-26T17:36:43.977+0000][1][safepoint    ] Safepoint "RevokeBias", Time since last: 832135200 ns, Reaching safepoint: 145000 ns, At safepoint: 44900 ns, Total: 189900 ns
[2020-04-26T17:36:43.978+0000][1][safepoint    ] Safepoint "RevokeBias", Time since last: 715800 ns, Reaching safepoint: 92600 ns, At safepoint: 34900 ns, Total: 127500 ns
[2020-04-26T17:36:43.999+0000][1][safepoint    ] Safepoint "RevokeBias", Time since last: 21115100 ns, Reaching safepoint: 117000 ns, At safepoint: 35800 ns, Total: 152800 ns
[2020-04-26T17:36:43.999+0000][1][safepoint    ] Safepoint "RevokeBias", Time since last: 248700 ns, Reaching safepoint: 89400 ns, At safepoint: 31400 ns, Total: 120800 ns
[2020-04-26T17:36:44.000+0000][1][safepoint    ] Safepoint "RevokeBias", Time since last: 349900 ns, Reaching safepoint: 70000 ns, At safepoint: 29900 ns, Total: 99900 ns
[2020-04-26T17:36:44.011+0000][1][safepoint    ] Safepoint "RevokeBias", Time since last: 11415000 ns, Reaching safepoint: 92400 ns, At safepoint: 32900 ns, Total: 125300 ns
[2020-04-26T17:36:44.011+0000][1][safepoint    ] Safepoint "RevokeBias", Time since last: 130500 ns, Reaching safepoint: 74800 ns, At safepoint: 29700 ns, Total: 104500 ns
[2020-04-26T17:36:44.012+0000][1][safepoint    ] Safepoint "RevokeBias", Time since last: 108600 ns, Reaching safepoint: 70700 ns, At safepoint: 28500 ns, Total: 99200 ns
[2020-04-26T17:36:44.012+0000][1][safepoint    ] Safepoint "RevokeBias", Time since last: 106400 ns, Reaching safepoint: 69300 ns, At safepoint: 28300 ns, Total: 97600 ns
[2020-04-26T17:36:44.012+0000][1][safepoint    ] Safepoint "RevokeBias", Time since last: 79700 ns, Reaching safepoint: 68900 ns, At safepoint: 28300 ns, Total: 97200 ns
[2020-04-26T17:36:44.012+0000][1][safepoint    ] Safepoint "RevokeBias", Time since last: 100500 ns, Reaching safepoint: 70000 ns, At safepoint: 28500 ns, Total: 98500 ns
[2020-04-26T17:36:44.021+0000][1][safepoint    ] Safepoint "RevokeBias", Time since last: 8727500 ns, Reaching safepoint: 74600 ns, At safepoint: 29400 ns, Total: 104000 ns
[2020-04-26T17:36:44.021+0000][1][safepoint    ] Safepoint "RevokeBias", Time since last: 187600 ns, Reaching safepoint: 71300 ns, At safepoint: 29000 ns, Total: 100300 ns
[2020-04-26T17:36:44.022+0000][1][safepoint    ] Safepoint "RevokeBias", Time since last: 391600 ns, Reaching safepoint: 153700 ns, At safepoint: 115600 ns, Total: 269300 ns
[2020-04-26T17:36:44.023+0000][1][safepoint    ] Safepoint "BulkRevokeBias", Time since last: 128100 ns, Reaching safepoint: 145700 ns, At safepoint: 595300 ns, Total: 741000 ns
[2020-04-26T17:36:44.023+0000][1][safepoint    ] Safepoint "RevokeBias", Time since last: 194000 ns, Reaching safepoint: 78500 ns, At safepoint: 48100 ns, Total: 126600 ns
[2020-04-26T17:36:44.026+0000][1][safepoint    ] Safepoint "BulkRevokeBias", Time since last: 2160300 ns, Reaching safepoint: 81200 ns, At safepoint: 478500 ns, Total: 559700 ns
[2020-04-26T17:36:44.032+0000][1][safepoint    ] Safepoint "RevokeBias", Time since last: 5842700 ns, Reaching safepoint: 135800 ns, At safepoint: 134100 ns, Total: 269900 ns
[2020-04-26T17:36:44.059+0000][1][safepoint    ] Safepoint "RevokeBias", Time since last: 26845400 ns, Reaching safepoint: 138900 ns, At safepoint: 35500 ns, Total: 174400 ns
[2020-04-26T17:36:44.059+0000][1][safepoint    ] Safepoint "RevokeBias", Time since last: 151100 ns, Reaching safepoint: 75600 ns, At safepoint: 30700 ns, Total: 106300 ns
[2020-04-26T17:36:44.060+0000][1][safepoint    ] Safepoint "BulkRevokeBias", Time since last: 229900 ns, Reaching safepoint: 69700 ns, At safepoint: 487700 ns, Total: 557400 ns
[2020-04-26T17:36:44.061+0000][1][safepoint    ] Safepoint "BulkRevokeBias", Time since last: 140400 ns, Reaching safepoint: 70800 ns, At safepoint: 447200 ns, Total: 518000 ns
[2020-04-26T17:36:44.061+0000][1][safepoint    ] Safepoint "RevokeBias", Time since last: 108800 ns, Reaching safepoint: 87800 ns, At safepoint: 29600 ns, Total: 117400 ns
[2020-04-26T17:36:44.062+0000][1][safepoint    ] Safepoint "RevokeBias", Time since last: 1101000 ns, Reaching safepoint: 75500 ns, At safepoint: 33100 ns, Total: 108600 ns
[2020-04-26T17:36:44.092+0000][1][safepoint    ] Safepoint "RevokeBias", Time since last: 29480200 ns, Reaching safepoint: 156300 ns, At safepoint: 94500 ns, Total: 250800 ns
[2020-04-26T17:36:44.103+0000][1][safepoint    ] Safepoint "RevokeBias", Time since last: 10805000 ns, Reaching safepoint: 148300 ns, At safepoint: 99200 ns, Total: 247500 ns
[2020-04-26T17:36:44.104+0000][1][safepoint    ] Safepoint "RevokeBias", Time since last: 166200 ns, Reaching safepoint: 283900 ns, At safepoint: 120700 ns, Total: 404600 ns
[2020-04-26T17:36:44.121+0000][1][safepoint    ] Safepoint "RevokeBias", Time since last: 16740400 ns, Reaching safepoint: 151600 ns, At safepoint: 38600 ns, Total: 190200 ns
[2020-04-26T17:36:44.230+0000][1][safepoint    ] Safepoint "RevokeBias", Time since last: 108974600 ns, Reaching safepoint: 131200 ns, At safepoint: 40000 ns, Total: 171200 ns
[2020-04-26T17:36:44.230+0000][1][safepoint    ] Safepoint "RevokeBias", Time since last: 630500 ns, Reaching safepoint: 78400 ns, At safepoint: 51300 ns, Total: 129700 ns
[2020-04-26T17:36:44.266+0000][1][safepoint    ] Safepoint "RevokeBias", Time since last: 35656100 ns, Reaching safepoint: 128900 ns, At safepoint: 80200 ns, Total: 209100 ns
[2020-04-26T17:36:44.455+0000][1][safepoint    ] Safepoint "RevokeBias", Time since last: 188464800 ns, Reaching safepoint: 220800 ns, At safepoint: 78200 ns, Total: 299000 ns
[2020-04-26T17:36:44.456+0000][1][safepoint    ] Safepoint "RevokeBias", Time since last: 822000 ns, Reaching safepoint: 145000 ns, At safepoint: 71700 ns, Total: 216700 ns
[2020-04-26T17:36:44.464+0000][1][safepoint    ] Safepoint "RevokeBias", Time since last: 7186300 ns, Reaching safepoint: 280000 ns, At safepoint: 69600 ns, Total: 349600 ns
[2020-04-26T17:36:44.496+0000][1][safepoint    ] Safepoint "RevokeBias", Time since last: 31974400 ns, Reaching safepoint: 128300 ns, At safepoint: 35700 ns, Total: 164000 ns
[2020-04-26T17:36:44.496+0000][1][safepoint    ] Safepoint "RevokeBias", Time since last: 204200 ns, Reaching safepoint: 84100 ns, At safepoint: 32600 ns, Total: 116700 ns
[2020-04-26T17:36:44.496+0000][1][safepoint    ] Safepoint "RevokeBias", Time since last: 171800 ns, Reaching safepoint: 71400 ns, At safepoint: 31100 ns, Total: 102500 ns
[2020-04-26T17:36:44.497+0000][1][safepoint    ] Safepoint "RevokeBias", Time since last: 241500 ns, Reaching safepoint: 158800 ns, At safepoint: 44800 ns, Total: 203600 ns
[2020-04-26T17:36:44.498+0000][1][safepoint    ] Safepoint "RevokeBias", Time since last: 1022200 ns, Reaching safepoint: 77500 ns, At safepoint: 36700 ns, Total: 114200 ns
[2020-04-26T17:36:44.532+0000][1][safepoint    ] Safepoint "RevokeBias", Time since last: 33194400 ns, Reaching safepoint: 265000 ns, At safepoint: 149300 ns, Total: 414300 ns
[2020-04-26T17:36:44.541+0000][1][safepoint    ] Safepoint "RevokeBias", Time since last: 9198500 ns, Reaching safepoint: 156000 ns, At safepoint: 70000 ns, Total: 226000 ns
[2020-04-26T17:36:44.542+0000][1][safepoint    ] Safepoint "RevokeBias", Time since last: 263500 ns, Reaching safepoint: 247000 ns, At safepoint: 84100 ns, Total: 331100 ns
[2020-04-26T17:36:44.561+0000][1][safepoint    ] Safepoint "RevokeBias", Time since last: 19023200 ns, Reaching safepoint: 151100 ns, At safepoint: 35500 ns, Total: 186600 ns
[2020-04-26T17:36:45.168+0000][1][safepoint    ] Safepoint "RevokeBias", Time since last: 607399000 ns, Reaching safepoint: 131600 ns, At safepoint: 40200 ns, Total: 171800 ns
[2020-04-26T17:36:45.169+0000][1][safepoint    ] Safepoint "RevokeBias", Time since last: 484100 ns, Reaching safepoint: 80400 ns, At safepoint: 33000 ns, Total: 113400 ns
[2020-04-26T17:36:45.352+0000][1][safepoint    ] Safepoint "RevokeBias", Time since last: 182837600 ns, Reaching safepoint: 130500 ns, At safepoint: 41500 ns, Total: 172000 ns
[2020-04-26T17:36:45.532+0000][1][safepoint    ] Safepoint "RevokeBias", Time since last: 179666800 ns, Reaching safepoint: 135800 ns, At safepoint: 44600 ns, Total: 180400 ns
[2020-04-26T17:36:45.532+0000][1][safepoint    ] Safepoint "RevokeBias", Time since last: 184500 ns, Reaching safepoint: 88000 ns, At safepoint: 37900 ns, Total: 125900 ns
[2020-04-26T17:36:45.532+0000][1][safepoint    ] Safepoint "RevokeBias", Time since last: 174700 ns, Reaching safepoint: 88200 ns, At safepoint: 34800 ns, Total: 123000 ns
[2020-04-26T17:36:46.534+0000][1][safepoint    ] Safepoint "Cleanup", Time since last: 1000499100 ns, Reaching safepoint: 521700 ns, At safepoint: 206700 ns, Total: 728400 ns
[2020-04-26T17:36:47.535+0000][1][safepoint    ] Safepoint "Cleanup", Time since last: 1000453600 ns, Reaching safepoint: 481300 ns, At safepoint: 200700 ns, Total: 682000 ns
[2020-04-26T17:36:48.535+0000][1][safepoint    ] Safepoint "Cleanup", Time since last: 1000232000 ns, Reaching safepoint: 267100 ns, At safepoint: 63800 ns, Total: 330900 ns
[2020-04-26T17:36:49.536+0000][1][safepoint    ] Safepoint "Cleanup", Time since last: 1000572000 ns, Reaching safepoint: 264300 ns, At safepoint: 116000 ns, Total: 380300 ns
[2020-04-26T17:36:50.538+0000][1][safepoint    ] Safepoint "Cleanup", Time since last: 1000422100 ns, Reaching safepoint: 584900 ns, At safepoint: 231700 ns, Total: 816600 ns
[2020-04-26T17:36:51.539+0000][1][safepoint    ] Safepoint "Cleanup", Time since last: 1000478800 ns, Reaching safepoint: 453200 ns, At safepoint: 211200 ns, Total: 664400 ns
[2020-04-26T17:36:52.540+0000][1][safepoint    ] Safepoint "Cleanup", Time since last: 1000551900 ns, Reaching safepoint: 424400 ns, At safepoint: 161300 ns, Total: 585700 ns
[2020-04-26T17:36:53.541+0000][1][safepoint    ] Safepoint "Cleanup", Time since last: 1000441400 ns, Reaching safepoint: 521800 ns, At safepoint: 202800 ns, Total: 724600 ns
[2020-04-26T17:36:54.542+0000][1][safepoint    ] Safepoint "Cleanup", Time since last: 1000440800 ns, Reaching safepoint: 154700 ns, At safepoint: 47000 ns, Total: 201700 ns
[2020-04-26T17:36:55.542+0000][1][safepoint    ] Safepoint "Cleanup", Time since last: 1000180600 ns, Reaching safepoint: 167500 ns, At safepoint: 45300 ns, Total: 212800 ns
[2020-04-26T17:36:56.543+0000][1][safepoint    ] Safepoint "Cleanup", Time since last: 1000256000 ns, Reaching safepoint: 155000 ns, At safepoint: 96700 ns, Total: 251700 ns
[2020-04-26T17:36:57.543+0000][1][safepoint    ] Safepoint "Cleanup", Time since last: 1000583300 ns, Reaching safepoint: 161700 ns, At safepoint: 58700 ns, Total: 220400 ns
[2020-04-26T17:36:58.544+0000][1][safepoint    ] Safepoint "Cleanup", Time since last: 1000289300 ns, Reaching safepoint: 135500 ns, At safepoint: 46000 ns, Total: 181500 ns
[2020-04-26T17:36:59.544+0000][1][safepoint    ] Safepoint "Cleanup", Time since last: 1000175100 ns, Reaching safepoint: 140700 ns, At safepoint: 54700 ns, Total: 195400 ns
[2020-04-26T17:37:00.545+0000][1][safepoint    ] Safepoint "Cleanup", Time since last: 1000385400 ns, Reaching safepoint: 138200 ns, At safepoint: 44400 ns, Total: 182600 ns
[2020-04-26T17:37:01.546+0000][1][safepoint    ] Safepoint "Cleanup", Time since last: 1000472200 ns, Reaching safepoint: 454700 ns, At safepoint: 215400 ns, Total: 670100 ns
[2020-04-26T17:37:02.546+0000][1][safepoint    ] Safepoint "Cleanup", Time since last: 1000300900 ns, Reaching safepoint: 134700 ns, At safepoint: 45100 ns, Total: 179800 ns
[2020-04-26T17:37:03.547+0000][1][safepoint    ] Safepoint "Cleanup", Time since last: 1000173300 ns, Reaching safepoint: 135800 ns, At safepoint: 44600 ns, Total: 180400 ns
[2020-04-26T17:37:04.233+0000][1][safepoint    ] Safepoint "RevokeBias", Time since last: 686464300 ns, Reaching safepoint: 126600 ns, At safepoint: 40500 ns, Total: 167100 ns
[2020-04-26T17:37:04.234+0000][1][safepoint    ] Safepoint "RevokeBias", Time since last: 475600 ns, Reaching safepoint: 68700 ns, At safepoint: 31300 ns, Total: 100000 ns
[2020-04-26T17:37:04.257+0000][1][safepoint    ] Safepoint "RevokeBias", Time since last: 22563200 ns, Reaching safepoint: 136900 ns, At safepoint: 45800 ns, Total: 182700 ns
[2020-04-26T17:37:04.257+0000][1][safepoint    ] Safepoint "RevokeBias", Time since last: 302600 ns, Reaching safepoint: 101200 ns, At safepoint: 43700 ns, Total: 144900 ns
[2020-04-26T17:37:04.258+0000][1][safepoint    ] Safepoint "RevokeBias", Time since last: 371500 ns, Reaching safepoint: 86100 ns, At safepoint: 42200 ns, Total: 128300 ns
[2020-04-26T17:37:04.258+0000][1][safepoint    ] Safepoint "RevokeBias", Time since last: 183800 ns, Reaching safepoint: 217800 ns, At safepoint: 83100 ns, Total: 300900 ns
[2020-04-26T17:37:04.270+0000][1][safepoint    ] Safepoint "RevokeBias", Time since last: 11933700 ns, Reaching safepoint: 139200 ns, At safepoint: 39200 ns, Total: 178400 ns
[2020-04-26T17:37:04.271+0000][1][safepoint    ] Safepoint "RevokeBias", Time since last: 223600 ns, Reaching safepoint: 94600 ns, At safepoint: 32900 ns, Total: 127500 ns
[2020-04-26T17:37:04.271+0000][1][safepoint    ] Safepoint "RevokeBias", Time since last: 158700 ns, Reaching safepoint: 86300 ns, At safepoint: 31500 ns, Total: 117800 ns
[2020-04-26T17:37:04.271+0000][1][safepoint    ] Safepoint "RevokeBias", Time since last: 155400 ns, Reaching safepoint: 83800 ns, At safepoint: 31900 ns, Total: 115700 ns
[2020-04-26T17:37:04.271+0000][1][safepoint    ] Safepoint "RevokeBias", Time since last: 126300 ns, Reaching safepoint: 82100 ns, At safepoint: 28300 ns, Total: 110400 ns
[2020-04-26T17:37:04.272+0000][1][safepoint    ] Safepoint "RevokeBias", Time since last: 202900 ns, Reaching safepoint: 84800 ns, At safepoint: 31600 ns, Total: 116400 ns
[2020-04-26T17:37:04.275+0000][1][safepoint    ] Safepoint "RevokeBias", Time since last: 3068000 ns, Reaching safepoint: 73600 ns, At safepoint: 33200 ns, Total: 106800 ns
[2020-04-26T17:37:04.282+0000][1][safepoint    ] Safepoint "RevokeBias", Time since last: 6641400 ns, Reaching safepoint: 87200 ns, At safepoint: 32000 ns, Total: 119200 ns
[2020-04-26T17:37:04.282+0000][1][safepoint    ] Safepoint "RevokeBias", Time since last: 252400 ns, Reaching safepoint: 71200 ns, At safepoint: 32200 ns, Total: 103400 ns
[2020-04-26T17:37:04.283+0000][1][safepoint    ] Safepoint "RevokeBias", Time since last: 446100 ns, Reaching safepoint: 72900 ns, At safepoint: 99600 ns, Total: 172500 ns
[2020-04-26T17:37:04.283+0000][1][safepoint    ] Safepoint "RevokeBias", Time since last: 183800 ns, Reaching safepoint: 75900 ns, At safepoint: 47200 ns, Total: 123100 ns
[2020-04-26T17:37:04.283+0000][1][safepoint    ] Safepoint "RevokeBias", Time since last: 168100 ns, Reaching safepoint: 73000 ns, At safepoint: 48300 ns, Total: 121300 ns
[2020-04-26T17:37:04.285+0000][1][safepoint    ] Safepoint "RevokeBias", Time since last: 1925300 ns, Reaching safepoint: 78800 ns, At safepoint: 33700 ns, Total: 112500 ns
[2020-04-26T17:37:04.285+0000][1][safepoint    ] Safepoint "RevokeBias", Time since last: 165400 ns, Reaching safepoint: 73700 ns, At safepoint: 32400 ns, Total: 106100 ns
[2020-04-26T17:37:04.288+0000][1][safepoint    ] Safepoint "RevokeBias", Time since last: 2051700 ns, Reaching safepoint: 72500 ns, At safepoint: 30000 ns, Total: 102500 ns
[2020-04-26T17:37:04.288+0000][1][safepoint    ] Safepoint "RevokeBias", Time since last: 160800 ns, Reaching safepoint: 72200 ns, At safepoint: 32300 ns, Total: 104500 ns
[2020-04-26T17:37:04.292+0000][1][safepoint    ] Safepoint "RevokeBias", Time since last: 3595600 ns, Reaching safepoint: 198300 ns, At safepoint: 89800 ns, Total: 288100 ns
[2020-04-26T17:37:04.318+0000][1][safepoint    ] Safepoint "RevokeBias", Time since last: 26262900 ns, Reaching safepoint: 139300 ns, At safepoint: 33900 ns, Total: 173200 ns
[2020-04-26T17:37:04.319+0000][1][safepoint    ] Safepoint "RevokeBias", Time since last: 194600 ns, Reaching safepoint: 80700 ns, At safepoint: 30300 ns, Total: 111000 ns
[2020-04-26T17:37:04.319+0000][1][safepoint    ] Safepoint "RevokeBias", Time since last: 139000 ns, Reaching safepoint: 69800 ns, At safepoint: 28300 ns, Total: 98100 ns
[2020-04-26T17:37:04.319+0000][1][safepoint    ] Safepoint "RevokeBias", Time since last: 249900 ns, Reaching safepoint: 68500 ns, At safepoint: 28000 ns, Total: 96500 ns
[2020-04-26T17:37:04.319+0000][1][safepoint    ] Safepoint "RevokeBias", Time since last: 145500 ns, Reaching safepoint: 69100 ns, At safepoint: 28200 ns, Total: 97300 ns
[2020-04-26T17:37:04.320+0000][1][safepoint    ] Safepoint "RevokeBias", Time since last: 158600 ns, Reaching safepoint: 67700 ns, At safepoint: 27500 ns, Total: 95200 ns
[2020-04-26T17:37:04.320+0000][1][safepoint    ] Safepoint "RevokeBias", Time since last: 174800 ns, Reaching safepoint: 69300 ns, At safepoint: 27700 ns, Total: 97000 ns
[2020-04-26T17:37:04.321+0000][1][safepoint    ] Safepoint "RevokeBias", Time since last: 1170900 ns, Reaching safepoint: 160400 ns, At safepoint: 49300 ns, Total: 209700 ns
[2020-04-26T17:37:04.352+0000][1][safepoint    ] Safepoint "RevokeBias", Time since last: 30397200 ns, Reaching safepoint: 164200 ns, At safepoint: 105700 ns, Total: 269900 ns
[2020-04-26T17:37:04.363+0000][1][safepoint    ] Safepoint "RevokeBias", Time since last: 10784400 ns, Reaching safepoint: 312500 ns, At safepoint: 112100 ns, Total: 424600 ns
[2020-04-26T17:37:04.364+0000][1][safepoint    ] Safepoint "RevokeBias", Time since last: 181700 ns, Reaching safepoint: 124700 ns, At safepoint: 76200 ns, Total: 200900 ns
[2020-04-26T17:37:04.384+0000][1][safepoint    ] Safepoint "RevokeBias", Time since last: 20086500 ns, Reaching safepoint: 143900 ns, At safepoint: 38000 ns, Total: 181900 ns
[2020-04-26T17:37:04.511+0000][1][safepoint    ] Safepoint "RevokeBias", Time since last: 126662300 ns, Reaching safepoint: 227500 ns, At safepoint: 42700 ns, Total: 270200 ns
[2020-04-26T17:37:04.511+0000][1][safepoint    ] Safepoint "RevokeBias", Time since last: 592200 ns, Reaching safepoint: 98500 ns, At safepoint: 36700 ns, Total: 135200 ns
[2020-04-26T17:37:04.552+0000][1][safepoint    ] Safepoint "RevokeBias", Time since last: 39869800 ns, Reaching safepoint: 149500 ns, At safepoint: 98300 ns, Total: 247800 ns
[2020-04-26T17:37:04.722+0000][1][safepoint    ] Safepoint "RevokeBias", Time since last: 170473200 ns, Reaching safepoint: 313800 ns, At safepoint: 43500 ns, Total: 357300 ns
[2020-04-26T17:37:04.723+0000][1][safepoint    ] Safepoint "RevokeBias", Time since last: 674800 ns, Reaching safepoint: 107800 ns, At safepoint: 51400 ns, Total: 159200 ns
[2020-04-26T17:37:04.729+0000][1][safepoint    ] Safepoint "RevokeBias", Time since last: 5180300 ns, Reaching safepoint: 198300 ns, At safepoint: 98200 ns, Total: 296500 ns
[2020-04-26T17:37:04.765+0000][1][safepoint    ] Safepoint "RevokeBias", Time since last: 35899900 ns, Reaching safepoint: 140900 ns, At safepoint: 44600 ns, Total: 185500 ns
[2020-04-26T17:37:04.765+0000][1][safepoint    ] Safepoint "RevokeBias", Time since last: 178100 ns, Reaching safepoint: 92400 ns, At safepoint: 37500 ns, Total: 129900 ns
[2020-04-26T17:37:04.765+0000][1][safepoint    ] Safepoint "RevokeBias", Time since last: 170100 ns, Reaching safepoint: 102800 ns, At safepoint: 35900 ns, Total: 138700 ns
[2020-04-26T17:37:04.766+0000][1][safepoint    ] Safepoint "RevokeBias", Time since last: 203800 ns, Reaching safepoint: 72800 ns, At safepoint: 34200 ns, Total: 107000 ns
[2020-04-26T17:37:04.767+0000][1][safepoint    ] Safepoint "RevokeBias", Time since last: 999300 ns, Reaching safepoint: 81900 ns, At safepoint: 53200 ns, Total: 135100 ns
[2020-04-26T17:37:04.768+0000][1][gc,start     ] GC(53) Pause Young (Allocation Failure)
[2020-04-26T17:37:04.768+0000][1][gc,task      ] GC(53) Using 10 workers of 10 for evacuation
[2020-04-26T17:37:04.770+0000][1][gc,age       ] GC(53) Desired survivor size 8945664 bytes, new threshold 6 (max threshold 6)
[2020-04-26T17:37:04.770+0000][1][gc,age       ] GC(53) Age table with threshold 6 (max threshold 6)
[2020-04-26T17:37:04.770+0000][1][gc,age       ] GC(53) - age   1:     177088 bytes,     177088 total
[2020-04-26T17:37:04.770+0000][1][gc,age       ] GC(53) - age   2:      17840 bytes,     194928 total
[2020-04-26T17:37:04.770+0000][1][gc,age       ] GC(53) - age   3:      22680 bytes,     217608 total
[2020-04-26T17:37:04.770+0000][1][gc,age       ] GC(53) - age   4:      10048 bytes,     227656 total
[2020-04-26T17:37:04.770+0000][1][gc,age       ] GC(53) - age   5:       3944 bytes,     231600 total
[2020-04-26T17:37:04.770+0000][1][gc,age       ] GC(53) - age   6:      18920 bytes,     250520 total
[2020-04-26T17:37:04.770+0000][1][gc,heap      ] GC(53) ParNew: 140506K->483K(157248K)
[2020-04-26T17:37:04.770+0000][1][gc,heap      ] GC(53) CMS: 80804K->80864K(349568K)
[2020-04-26T17:37:04.770+0000][1][gc,metaspace ] GC(53) Metaspace: 98144K->98144K(1140736K)
[2020-04-26T17:37:04.770+0000][1][gc           ] GC(53) Pause Young (Allocation Failure) 216M->79M(494M) 2.630ms
[2020-04-26T17:37:04.770+0000][1][gc,cpu       ] GC(53) User=0.00s Sys=0.00s Real=0.00s
[2020-04-26T17:37:04.770+0000][1][safepoint    ] Safepoint "GenCollectForAllocation", Time since last: 477600 ns, Reaching safepoint: 180500 ns, At safepoint: 2798800 ns, Total: 2979300 ns
[2020-04-26T17:37:04.808+0000][1][safepoint    ] Safepoint "RevokeBias", Time since last: 37406600 ns, Reaching safepoint: 163600 ns, At safepoint: 85300 ns, Total: 248900 ns
[2020-04-26T17:37:04.818+0000][1][safepoint    ] Safepoint "RevokeBias", Time since last: 9570400 ns, Reaching safepoint: 140000 ns, At safepoint: 92000 ns, Total: 232000 ns
[2020-04-26T17:37:04.819+0000][1][safepoint    ] Safepoint "BulkRevokeBias", Time since last: 144100 ns, Reaching safepoint: 233200 ns, At safepoint: 803600 ns, Total: 1036800 ns
[2020-04-26T17:37:04.839+0000][1][safepoint    ] Safepoint "RevokeBias", Time since last: 19471000 ns, Reaching safepoint: 184300 ns, At safepoint: 56700 ns, Total: 241000 ns
[2020-04-26T17:37:05.369+0000][1][safepoint    ] Safepoint "RevokeBias", Time since last: 529992500 ns, Reaching safepoint: 164800 ns, At safepoint: 43000 ns, Total: 207800 ns
[2020-04-26T17:37:05.451+0000][1][safepoint    ] Safepoint "RevokeBias", Time since last: 82032100 ns, Reaching safepoint: 128100 ns, At safepoint: 37000 ns, Total: 165100 ns
[2020-04-26T17:37:05.452+0000][1][safepoint    ] Safepoint "RevokeBias", Time since last: 574000 ns, Reaching safepoint: 104800 ns, At safepoint: 36100 ns, Total: 140900 ns
[2020-04-26T17:37:05.808+0000][1][safepoint    ] Safepoint "RevokeBias", Time since last: 356130500 ns, Reaching safepoint: 175800 ns, At safepoint: 44600 ns, Total: 220400 ns
[2020-04-26T17:37:05.808+0000][1][safepoint    ] Safepoint "RevokeBias", Time since last: 136200 ns, Reaching safepoint: 95600 ns, At safepoint: 36700 ns, Total: 132300 ns
[2020-04-26T17:37:05.809+0000][1][safepoint    ] Safepoint "RevokeBias", Time since last: 140800 ns, Reaching safepoint: 75600 ns, At safepoint: 34600 ns, Total: 110200 ns
[2020-04-26T17:37:06.810+0000][1][safepoint    ] Safepoint "Cleanup", Time since last: 1000614000 ns, Reaching safepoint: 640400 ns, At safepoint: 203300 ns, Total: 843700 ns
[2020-04-26T17:37:07.811+0000][1][safepoint    ] Safepoint "Cleanup", Time since last: 1000303000 ns, Reaching safepoint: 165800 ns, At safepoint: 43100 ns, Total: 208900 ns
[2020-04-26T17:37:08.811+0000][1][safepoint    ] Safepoint "Cleanup", Time since last: 1000298700 ns, Reaching safepoint: 298700 ns, At safepoint: 48100 ns, Total: 346800 ns
[2020-04-26T17:37:09.812+0000][1][safepoint    ] Safepoint "Cleanup", Time since last: 1000376100 ns, Reaching safepoint: 503700 ns, At safepoint: 202800 ns, Total: 706500 ns
[2020-04-26T17:37:10.814+0000][1][safepoint    ] Safepoint "Cleanup", Time since last: 1000458800 ns, Reaching safepoint: 457600 ns, At safepoint: 272100 ns, Total: 729700 ns
[2020-04-26T17:37:11.815+0000][1][safepoint    ] Safepoint "Cleanup", Time since last: 1000404600 ns, Reaching safepoint: 529900 ns, At safepoint: 201800 ns, Total: 731700 ns
[2020-04-26T17:37:12.042+0000][1][safepoint    ] Safepoint "RevokeBias", Time since last: 227089700 ns, Reaching safepoint: 211600 ns, At safepoint: 75000 ns, Total: 286600 ns
[2020-04-26T17:37:12.043+0000][1][safepoint    ] Safepoint "RevokeBias", Time since last: 865200 ns, Reaching safepoint: 143600 ns, At safepoint: 70700 ns, Total: 214300 ns
[2020-04-26T17:37:12.067+0000][1][safepoint    ] Safepoint "RevokeBias", Time since last: 23764800 ns, Reaching safepoint: 123100 ns, At safepoint: 58800 ns, Total: 181900 ns
[2020-04-26T17:37:12.068+0000][1][safepoint    ] Safepoint "RevokeBias", Time since last: 354700 ns, Reaching safepoint: 174700 ns, At safepoint: 94200 ns, Total: 268900 ns
[2020-04-26T17:37:12.068+0000][1][safepoint    ] Safepoint "RevokeBias", Time since last: 355600 ns, Reaching safepoint: 105300 ns, At safepoint: 45500 ns, Total: 150800 ns
[2020-04-26T17:37:12.080+0000][1][safepoint    ] Safepoint "RevokeBias", Time since last: 11688600 ns, Reaching safepoint: 98400 ns, At safepoint: 37600 ns, Total: 136000 ns
[2020-04-26T17:37:12.080+0000][1][safepoint    ] Safepoint "RevokeBias", Time since last: 146800 ns, Reaching safepoint: 121200 ns, At safepoint: 29100 ns, Total: 150300 ns
[2020-04-26T17:37:12.081+0000][1][safepoint    ] Safepoint "RevokeBias", Time since last: 170300 ns, Reaching safepoint: 72100 ns, At safepoint: 28900 ns, Total: 101000 ns
[2020-04-26T17:37:12.081+0000][1][safepoint    ] Safepoint "RevokeBias", Time since last: 122800 ns, Reaching safepoint: 69100 ns, At safepoint: 28600 ns, Total: 97700 ns
[2020-04-26T17:37:12.081+0000][1][safepoint    ] Safepoint "RevokeBias", Time since last: 160300 ns, Reaching safepoint: 84500 ns, At safepoint: 29000 ns, Total: 113500 ns
[2020-04-26T17:37:12.081+0000][1][safepoint    ] Safepoint "RevokeBias", Time since last: 142200 ns, Reaching safepoint: 70600 ns, At safepoint: 28500 ns, Total: 99100 ns
[2020-04-26T17:37:12.090+0000][1][safepoint    ] Safepoint "RevokeBias", Time since last: 8895500 ns, Reaching safepoint: 106900 ns, At safepoint: 32900 ns, Total: 139800 ns
[2020-04-26T17:37:12.091+0000][1][safepoint    ] Safepoint "RevokeBias", Time since last: 232600 ns, Reaching safepoint: 75800 ns, At safepoint: 29500 ns, Total: 105300 ns
[2020-04-26T17:37:12.091+0000][1][safepoint    ] Safepoint "RevokeBias", Time since last: 484200 ns, Reaching safepoint: 96600 ns, At safepoint: 46800 ns, Total: 143400 ns
[2020-04-26T17:37:12.092+0000][1][safepoint    ] Safepoint "RevokeBias", Time since last: 202500 ns, Reaching safepoint: 167300 ns, At safepoint: 81800 ns, Total: 249100 ns
[2020-04-26T17:37:12.092+0000][1][safepoint    ] Safepoint "RevokeBias", Time since last: 131600 ns, Reaching safepoint: 71900 ns, At safepoint: 45600 ns, Total: 117500 ns
[2020-04-26T17:37:12.094+0000][1][safepoint    ] Safepoint "RevokeBias", Time since last: 2016700 ns, Reaching safepoint: 77100 ns, At safepoint: 30200 ns, Total: 107300 ns
[2020-04-26T17:37:12.094+0000][1][safepoint    ] Safepoint "RevokeBias", Time since last: 138400 ns, Reaching safepoint: 72100 ns, At safepoint: 28700 ns, Total: 100800 ns
[2020-04-26T17:37:12.096+0000][1][safepoint    ] Safepoint "RevokeBias", Time since last: 1867900 ns, Reaching safepoint: 72300 ns, At safepoint: 29000 ns, Total: 101300 ns
[2020-04-26T17:37:12.097+0000][1][safepoint    ] Safepoint "RevokeBias", Time since last: 146200 ns, Reaching safepoint: 70700 ns, At safepoint: 28600 ns, Total: 99300 ns
[2020-04-26T17:37:12.101+0000][1][safepoint    ] Safepoint "RevokeBias", Time since last: 3853800 ns, Reaching safepoint: 193900 ns, At safepoint: 69300 ns, Total: 263200 ns
[2020-04-26T17:37:12.128+0000][1][safepoint    ] Safepoint "RevokeBias", Time since last: 26791400 ns, Reaching safepoint: 126000 ns, At safepoint: 33400 ns, Total: 159400 ns
[2020-04-26T17:37:12.128+0000][1][safepoint    ] Safepoint "RevokeBias", Time since last: 146700 ns, Reaching safepoint: 76900 ns, At safepoint: 29700 ns, Total: 106600 ns
[2020-04-26T17:37:12.128+0000][1][safepoint    ] Safepoint "RevokeBias", Time since last: 116500 ns, Reaching safepoint: 71000 ns, At safepoint: 28300 ns, Total: 99300 ns
[2020-04-26T17:37:12.128+0000][1][safepoint    ] Safepoint "RevokeBias", Time since last: 233500 ns, Reaching safepoint: 70200 ns, At safepoint: 28600 ns, Total: 98800 ns
[2020-04-26T17:37:12.129+0000][1][safepoint    ] Safepoint "RevokeBias", Time since last: 151900 ns, Reaching safepoint: 80800 ns, At safepoint: 33500 ns, Total: 114300 ns
[2020-04-26T17:37:12.129+0000][1][safepoint    ] Safepoint "RevokeBias", Time since last: 135100 ns, Reaching safepoint: 69300 ns, At safepoint: 29400 ns, Total: 98700 ns
[2020-04-26T17:37:12.129+0000][1][safepoint    ] Safepoint "RevokeBias", Time since last: 154500 ns, Reaching safepoint: 92300 ns, At safepoint: 42600 ns, Total: 134900 ns
[2020-04-26T17:37:12.131+0000][1][safepoint    ] Safepoint "RevokeBias", Time since last: 1191200 ns, Reaching safepoint: 84100 ns, At safepoint: 35700 ns, Total: 119800 ns
[2020-04-26T17:37:12.160+0000][1][safepoint    ] Safepoint "RevokeBias", Time since last: 29171200 ns, Reaching safepoint: 144000 ns, At safepoint: 73700 ns, Total: 217700 ns
[2020-04-26T17:37:12.174+0000][1][safepoint    ] Safepoint "RevokeBias", Time since last: 13442000 ns, Reaching safepoint: 149100 ns, At safepoint: 67000 ns, Total: 216100 ns
[2020-04-26T17:37:12.174+0000][1][safepoint    ] Safepoint "RevokeBias", Time since last: 222400 ns, Reaching safepoint: 242300 ns, At safepoint: 71700 ns, Total: 314000 ns
[2020-04-26T17:37:12.188+0000][1][safepoint    ] Safepoint "RevokeBias", Time since last: 14032900 ns, Reaching safepoint: 144700 ns, At safepoint: 36300 ns, Total: 181000 ns
[2020-04-26T17:37:12.302+0000][1][safepoint    ] Safepoint "RevokeBias", Time since last: 113134800 ns, Reaching safepoint: 165700 ns, At safepoint: 44900 ns, Total: 210600 ns
[2020-04-26T17:37:12.303+0000][1][safepoint    ] Safepoint "RevokeBias", Time since last: 948700 ns, Reaching safepoint: 196100 ns, At safepoint: 48700 ns, Total: 244800 ns
[2020-04-26T17:37:12.344+0000][1][safepoint    ] Safepoint "RevokeBias", Time since last: 41063000 ns, Reaching safepoint: 131800 ns, At safepoint: 46400 ns, Total: 178200 ns
[2020-04-26T17:37:12.523+0000][1][safepoint    ] Safepoint "RevokeBias", Time since last: 178991500 ns, Reaching safepoint: 140500 ns, At safepoint: 41500 ns, Total: 182000 ns
[2020-04-26T17:37:12.524+0000][1][safepoint    ] Safepoint "RevokeBias", Time since last: 526300 ns, Reaching safepoint: 92100 ns, At safepoint: 35100 ns, Total: 127200 ns
[2020-04-26T17:37:12.529+0000][1][safepoint    ] Safepoint "RevokeBias", Time since last: 4708900 ns, Reaching safepoint: 163700 ns, At safepoint: 74200 ns, Total: 237900 ns
[2020-04-26T17:37:12.560+0000][1][safepoint    ] Safepoint "RevokeBias", Time since last: 31271700 ns, Reaching safepoint: 172800 ns, At safepoint: 45900 ns, Total: 218700 ns
[2020-04-26T17:37:12.561+0000][1][safepoint    ] Safepoint "RevokeBias", Time since last: 239000 ns, Reaching safepoint: 105600 ns, At safepoint: 34600 ns, Total: 140200 ns
[2020-04-26T17:37:12.561+0000][1][safepoint    ] Safepoint "RevokeBias", Time since last: 233500 ns, Reaching safepoint: 124800 ns, At safepoint: 53400 ns, Total: 178200 ns
[2020-04-26T17:37:12.561+0000][1][safepoint    ] Safepoint "RevokeBias", Time since last: 155300 ns, Reaching safepoint: 88000 ns, At safepoint: 32600 ns, Total: 120600 ns
[2020-04-26T17:37:12.563+0000][1][safepoint    ] Safepoint "RevokeBias", Time since last: 1028300 ns, Reaching safepoint: 118200 ns, At safepoint: 33600 ns, Total: 151800 ns
[2020-04-26T17:37:12.596+0000][1][safepoint    ] Safepoint "RevokeBias", Time since last: 32746500 ns, Reaching safepoint: 134500 ns, At safepoint: 83600 ns, Total: 218100 ns
[2020-04-26T17:37:12.606+0000][1][safepoint    ] Safepoint "RevokeBias", Time since last: 9687500 ns, Reaching safepoint: 161000 ns, At safepoint: 85100 ns, Total: 246100 ns
[2020-04-26T17:37:12.606+0000][1][safepoint    ] Safepoint "RevokeBias", Time since last: 153900 ns, Reaching safepoint: 177500 ns, At safepoint: 53500 ns, Total: 231000 ns
[2020-04-26T17:37:12.624+0000][1][safepoint    ] Safepoint "RevokeBias", Time since last: 18143400 ns, Reaching safepoint: 188400 ns, At safepoint: 40500 ns, Total: 228900 ns
[2020-04-26T17:37:13.234+0000][1][safepoint    ] Safepoint "RevokeBias", Time since last: 608956900 ns, Reaching safepoint: 580300 ns, At safepoint: 180200 ns, Total: 760500 ns
[2020-04-26T17:37:13.236+0000][1][safepoint    ] Safepoint "RevokeBias", Time since last: 1796400 ns, Reaching safepoint: 445200 ns, At safepoint: 172200 ns, Total: 617400 ns
[2020-04-26T17:37:13.596+0000][1][safepoint    ] Safepoint "RevokeBias", Time since last: 359513700 ns, Reaching safepoint: 131900 ns, At safepoint: 41000 ns, Total: 172900 ns
[2020-04-26T17:37:13.596+0000][1][safepoint    ] Safepoint "RevokeBias", Time since last: 184100 ns, Reaching safepoint: 87100 ns, At safepoint: 37200 ns, Total: 124300 ns
[2020-04-26T17:37:13.597+0000][1][safepoint    ] Safepoint "RevokeBias", Time since last: 171000 ns, Reaching safepoint: 89700 ns, At safepoint: 37300 ns, Total: 127000 ns
[2020-04-26T17:37:14.598+0000][1][safepoint    ] Safepoint "Cleanup", Time since last: 1000812600 ns, Reaching safepoint: 619400 ns, At safepoint: 222100 ns, Total: 841500 ns
[2020-04-26T17:37:15.379+0000][1][safepoint    ] Safepoint "RevokeBias", Time since last: 780139000 ns, Reaching safepoint: 180000 ns, At safepoint: 64200 ns, Total: 244200 ns
[2020-04-26T17:37:16.379+0000][1][safepoint    ] Safepoint "Cleanup", Time since last: 1000289000 ns, Reaching safepoint: 135600 ns, At safepoint: 30500 ns, Total: 166100 ns
[2020-04-26T17:37:17.380+0000][1][safepoint    ] Safepoint "Cleanup", Time since last: 1000312900 ns, Reaching safepoint: 508500 ns, At safepoint: 134100 ns, Total: 642600 ns
[2020-04-26T17:37:18.381+0000][1][safepoint    ] Safepoint "Cleanup", Time since last: 1000645700 ns, Reaching safepoint: 175600 ns, At safepoint: 49300 ns, Total: 224900 ns
[2020-04-26T17:37:19.382+0000][1][safepoint    ] Safepoint "Cleanup", Time since last: 1000396700 ns, Reaching safepoint: 701400 ns, At safepoint: 267800 ns, Total: 969200 ns
[2020-04-26T17:37:20.384+0000][1][safepoint    ] Safepoint "Cleanup", Time since last: 1000333700 ns, Reaching safepoint: 641400 ns, At safepoint: 204400 ns, Total: 845800 ns
[2020-04-26T17:37:21.384+0000][1][safepoint    ] Safepoint "Cleanup", Time since last: 1000427400 ns, Reaching safepoint: 363400 ns, At safepoint: 105200 ns, Total: 468600 ns
[2020-04-26T17:37:22.386+0000][1][safepoint    ] Safepoint "Cleanup", Time since last: 1000562600 ns, Reaching safepoint: 445100 ns, At safepoint: 134300 ns, Total: 579400 ns
[2020-04-26T17:37:22.420+0000][1][safepoint    ] Safepoint "RevokeBias", Time since last: 34525300 ns, Reaching safepoint: 137900 ns, At safepoint: 57700 ns, Total: 195600 ns
[2020-04-26T17:37:22.421+0000][1][safepoint    ] Safepoint "RevokeBias", Time since last: 580300 ns, Reaching safepoint: 185600 ns, At safepoint: 52500 ns, Total: 238100 ns
[2020-04-26T17:37:22.444+0000][1][safepoint    ] Safepoint "RevokeBias", Time since last: 22219900 ns, Reaching safepoint: 128000 ns, At safepoint: 36100 ns, Total: 164100 ns
[2020-04-26T17:37:22.444+0000][1][safepoint    ] Safepoint "RevokeBias", Time since last: 348400 ns, Reaching safepoint: 114900 ns, At safepoint: 44100 ns, Total: 159000 ns
[2020-04-26T17:37:22.445+0000][1][safepoint    ] Safepoint "RevokeBias", Time since last: 432700 ns, Reaching safepoint: 69600 ns, At safepoint: 29100 ns, Total: 98700 ns
[2020-04-26T17:37:22.459+0000][1][safepoint    ] Safepoint "RevokeBias", Time since last: 14596300 ns, Reaching safepoint: 126100 ns, At safepoint: 49100 ns, Total: 175200 ns
[2020-04-26T17:37:22.475+0000][1][safepoint    ] Safepoint "RevokeBias", Time since last: 15090300 ns, Reaching safepoint: 223300 ns, At safepoint: 105800 ns, Total: 329100 ns
[2020-04-26T17:37:22.501+0000][1][safepoint    ] Safepoint "RevokeBias", Time since last: 26390500 ns, Reaching safepoint: 218400 ns, At safepoint: 42900 ns, Total: 261300 ns
[2020-04-26T17:37:22.502+0000][1][safepoint    ] Safepoint "RevokeBias", Time since last: 286900 ns, Reaching safepoint: 165100 ns, At safepoint: 34300 ns, Total: 199400 ns
[2020-04-26T17:37:22.502+0000][1][safepoint    ] Safepoint "RevokeBias", Time since last: 141700 ns, Reaching safepoint: 160200 ns, At safepoint: 40100 ns, Total: 200300 ns
[2020-04-26T17:37:22.503+0000][1][safepoint    ] Safepoint "RevokeBias", Time since last: 144600 ns, Reaching safepoint: 234400 ns, At safepoint: 37000 ns, Total: 271400 ns
[2020-04-26T17:37:22.503+0000][1][safepoint    ] Safepoint "RevokeBias", Time since last: 158600 ns, Reaching safepoint: 100300 ns, At safepoint: 33100 ns, Total: 133400 ns
[2020-04-26T17:37:22.503+0000][1][safepoint    ] Safepoint "RevokeBias", Time since last: 280500 ns, Reaching safepoint: 81900 ns, At safepoint: 34600 ns, Total: 116500 ns
[2020-04-26T17:37:22.504+0000][1][safepoint    ] Safepoint "RevokeBias", Time since last: 216600 ns, Reaching safepoint: 86400 ns, At safepoint: 37100 ns, Total: 123500 ns
[2020-04-26T17:37:22.504+0000][1][safepoint    ] Safepoint "RevokeBias", Time since last: 140700 ns, Reaching safepoint: 87700 ns, At safepoint: 38000 ns, Total: 125700 ns
[2020-04-26T17:37:22.504+0000][1][safepoint    ] Safepoint "RevokeBias", Time since last: 306000 ns, Reaching safepoint: 85400 ns, At safepoint: 36100 ns, Total: 121500 ns
[2020-04-26T17:37:22.505+0000][1][safepoint    ] Safepoint "RevokeBias", Time since last: 160200 ns, Reaching safepoint: 79500 ns, At safepoint: 36200 ns, Total: 115700 ns
[2020-04-26T17:37:22.505+0000][1][safepoint    ] Safepoint "RevokeBias", Time since last: 138400 ns, Reaching safepoint: 95000 ns, At safepoint: 32700 ns, Total: 127700 ns
[2020-04-26T17:37:22.505+0000][1][safepoint    ] Safepoint "RevokeBias", Time since last: 141200 ns, Reaching safepoint: 75800 ns, At safepoint: 31500 ns, Total: 107300 ns
[2020-04-26T17:37:22.506+0000][1][safepoint    ] Safepoint "RevokeBias", Time since last: 155400 ns, Reaching safepoint: 127600 ns, At safepoint: 71800 ns, Total: 199400 ns
[2020-04-26T17:37:22.507+0000][1][safepoint    ] Safepoint "RevokeBias", Time since last: 1288700 ns, Reaching safepoint: 158900 ns, At safepoint: 64700 ns, Total: 223600 ns
[2020-04-26T17:37:22.542+0000][1][safepoint    ] Safepoint "RevokeBias", Time since last: 34094800 ns, Reaching safepoint: 220400 ns, At safepoint: 125500 ns, Total: 345900 ns
[2020-04-26T17:37:22.553+0000][1][safepoint    ] Safepoint "RevokeBias", Time since last: 10866000 ns, Reaching safepoint: 398400 ns, At safepoint: 247600 ns, Total: 646000 ns
[2020-04-26T17:37:22.554+0000][1][safepoint    ] Safepoint "RevokeBias", Time since last: 249200 ns, Reaching safepoint: 223000 ns, At safepoint: 159400 ns, Total: 382400 ns
[2020-04-26T17:37:22.572+0000][1][safepoint    ] Safepoint "RevokeBias", Time since last: 17598600 ns, Reaching safepoint: 223500 ns, At safepoint: 91300 ns, Total: 314800 ns
[2020-04-26T17:37:22.676+0000][1][safepoint    ] Safepoint "RevokeBias", Time since last: 104042300 ns, Reaching safepoint: 164200 ns, At safepoint: 42900 ns, Total: 207100 ns
[2020-04-26T17:37:22.677+0000][1][safepoint    ] Safepoint "RevokeBias", Time since last: 604000 ns, Reaching safepoint: 100300 ns, At safepoint: 36800 ns, Total: 137100 ns
[2020-04-26T17:37:22.870+0000][1][safepoint    ] Safepoint "RevokeBias", Time since last: 193413700 ns, Reaching safepoint: 132600 ns, At safepoint: 39500 ns, Total: 172100 ns
[2020-04-26T17:37:22.871+0000][1][safepoint    ] Safepoint "RevokeBias", Time since last: 444800 ns, Reaching safepoint: 84000 ns, At safepoint: 32700 ns, Total: 116700 ns
[2020-04-26T17:37:22.875+0000][1][safepoint    ] Safepoint "RevokeBias", Time since last: 4446600 ns, Reaching safepoint: 250300 ns, At safepoint: 70500 ns, Total: 320800 ns
[2020-04-26T17:37:22.906+0000][1][safepoint    ] Safepoint "RevokeBias", Time since last: 30373200 ns, Reaching safepoint: 141000 ns, At safepoint: 50400 ns, Total: 191400 ns
[2020-04-26T17:37:22.906+0000][1][safepoint    ] Safepoint "RevokeBias", Time since last: 155400 ns, Reaching safepoint: 85100 ns, At safepoint: 54400 ns, Total: 139500 ns
[2020-04-26T17:37:22.907+0000][1][safepoint    ] Safepoint "RevokeBias", Time since last: 145400 ns, Reaching safepoint: 86600 ns, At safepoint: 29400 ns, Total: 116000 ns
[2020-04-26T17:37:22.907+0000][1][safepoint    ] Safepoint "RevokeBias", Time since last: 140900 ns, Reaching safepoint: 170900 ns, At safepoint: 56800 ns, Total: 227700 ns
[2020-04-26T17:37:22.908+0000][1][safepoint    ] Safepoint "RevokeBias", Time since last: 1168800 ns, Reaching safepoint: 108800 ns, At safepoint: 39300 ns, Total: 148100 ns
[2020-04-26T17:37:22.942+0000][1][safepoint    ] Safepoint "RevokeBias", Time since last: 32948400 ns, Reaching safepoint: 207100 ns, At safepoint: 106000 ns, Total: 313100 ns
[2020-04-26T17:37:22.959+0000][1][safepoint    ] Safepoint "RevokeBias", Time since last: 16914100 ns, Reaching safepoint: 176100 ns, At safepoint: 83600 ns, Total: 259700 ns
[2020-04-26T17:37:22.959+0000][1][safepoint    ] Safepoint "RevokeBias", Time since last: 140700 ns, Reaching safepoint: 186500 ns, At safepoint: 61600 ns, Total: 248100 ns
[2020-04-26T17:37:22.978+0000][1][safepoint    ] Safepoint "RevokeBias", Time since last: 18425600 ns, Reaching safepoint: 141100 ns, At safepoint: 40100 ns, Total: 181200 ns
[2020-04-26T17:37:22.982+0000][1][gc,start     ] GC(54) Pause Young (Allocation Failure)
[2020-04-26T17:37:22.982+0000][1][gc,task      ] GC(54) Using 10 workers of 10 for evacuation
[2020-04-26T17:37:22.985+0000][1][gc,age       ] GC(54) Desired survivor size 8945664 bytes, new threshold 6 (max threshold 6)
[2020-04-26T17:37:22.985+0000][1][gc,age       ] GC(54) Age table with threshold 6 (max threshold 6)
[2020-04-26T17:37:22.985+0000][1][gc,age       ] GC(54) - age   1:     413856 bytes,     413856 total
[2020-04-26T17:37:22.985+0000][1][gc,age       ] GC(54) - age   2:      78792 bytes,     492648 total
[2020-04-26T17:37:22.985+0000][1][gc,age       ] GC(54) - age   3:      17640 bytes,     510288 total
[2020-04-26T17:37:22.985+0000][1][gc,age       ] GC(54) - age   4:      22496 bytes,     532784 total
[2020-04-26T17:37:22.985+0000][1][gc,age       ] GC(54) - age   5:      10048 bytes,     542832 total
[2020-04-26T17:37:22.985+0000][1][gc,age       ] GC(54) - age   6:       3944 bytes,     546776 total
[2020-04-26T17:37:22.985+0000][1][gc,heap      ] GC(54) ParNew: 140259K->644K(157248K)
[2020-04-26T17:37:22.985+0000][1][gc,heap      ] GC(54) CMS: 80864K->80883K(349568K)
[2020-04-26T17:37:22.985+0000][1][gc,metaspace ] GC(54) Metaspace: 98290K->98290K(1140736K)
[2020-04-26T17:37:22.985+0000][1][gc           ] GC(54) Pause Young (Allocation Failure) 215M->79M(494M) 2.795ms
[2020-04-26T17:37:22.985+0000][1][gc,cpu       ] GC(54) User=0.01s Sys=0.00s Real=0.01s
[2020-04-26T17:37:22.985+0000][1][safepoint    ] Safepoint "GenCollectForAllocation", Time since last: 4396000 ns, Reaching safepoint: 150200 ns, At safepoint: 2940100 ns, Total: 3090300 ns
[2020-04-26T17:37:23.587+0000][1][safepoint    ] Safepoint "RevokeBias", Time since last: 601540200 ns, Reaching safepoint: 162100 ns, At safepoint: 38900 ns, Total: 201000 ns
[2020-04-26T17:37:23.588+0000][1][safepoint    ] Safepoint "RevokeBias", Time since last: 574800 ns, Reaching safepoint: 135200 ns, At safepoint: 57700 ns, Total: 192900 ns
[2020-04-26T17:37:23.942+0000][1][safepoint    ] Safepoint "RevokeBias", Time since last: 353900500 ns, Reaching safepoint: 257600 ns, At safepoint: 95200 ns, Total: 352800 ns
[2020-04-26T17:37:23.943+0000][1][safepoint    ] Safepoint "RevokeBias", Time since last: 333800 ns, Reaching safepoint: 251500 ns, At safepoint: 84300 ns, Total: 335800 ns
[2020-04-26T17:37:23.944+0000][1][safepoint    ] Safepoint "BulkRevokeBias", Time since last: 342400 ns, Reaching safepoint: 179500 ns, At safepoint: 1075300 ns, Total: 1254800 ns
[2020-04-26T17:37:24.945+0000][1][safepoint    ] Safepoint "Cleanup", Time since last: 1000438600 ns, Reaching safepoint: 223400 ns, At safepoint: 43200 ns, Total: 266600 ns
[2020-04-26T17:37:24.945+0000][1][safepoint    ] Safepoint "RevokeBias", Time since last: 192100 ns, Reaching safepoint: 78400 ns, At safepoint: 36900 ns, Total: 115300 ns
[2020-04-26T17:37:25.394+0000][1][safepoint    ] Safepoint "BulkRevokeBias", Time since last: 446986100 ns, Reaching safepoint: 471300 ns, At safepoint: 1308900 ns, Total: 1780200 ns
[2020-04-26T17:37:26.394+0000][1][safepoint    ] Safepoint "Cleanup", Time since last: 1000305700 ns, Reaching safepoint: 132400 ns, At safepoint: 30100 ns, Total: 162500 ns
[2020-04-26T17:37:27.395+0000][1][safepoint    ] Safepoint "Cleanup", Time since last: 1000257200 ns, Reaching safepoint: 366900 ns, At safepoint: 218000 ns, Total: 584900 ns
[2020-04-26T17:37:28.397+0000][1][safepoint    ] Safepoint "Cleanup", Time since last: 1000753500 ns, Reaching safepoint: 634900 ns, At safepoint: 220400 ns, Total: 855300 ns
[2020-04-26T17:37:29.398+0000][1][safepoint    ] Safepoint "Cleanup", Time since last: 1000716100 ns, Reaching safepoint: 137500 ns, At safepoint: 46100 ns, Total: 183600 ns
[2020-04-26T17:37:30.398+0000][1][safepoint    ] Safepoint "Cleanup", Time since last: 1000158800 ns, Reaching safepoint: 128200 ns, At safepoint: 45900 ns, Total: 174100 ns
[2020-04-26T17:37:31.400+0000][1][safepoint    ] Safepoint "Cleanup", Time since last: 1000633500 ns, Reaching safepoint: 659800 ns, At safepoint: 217100 ns, Total: 876900 ns
[2020-04-26T17:37:32.401+0000][1][safepoint    ] Safepoint "Cleanup", Time since last: 1000577900 ns, Reaching safepoint: 439700 ns, At safepoint: 205600 ns, Total: 645300 ns
[2020-04-26T17:37:33.329+0000][1][safepoint    ] Safepoint "RevokeBias", Time since last: 927837000 ns, Reaching safepoint: 146200 ns, At safepoint: 46700 ns, Total: 192900 ns
[2020-04-26T17:37:33.330+0000][1][safepoint    ] Safepoint "RevokeBias", Time since last: 542000 ns, Reaching safepoint: 93500 ns, At safepoint: 56000 ns, Total: 149500 ns
[2020-04-26T17:37:33.353+0000][1][safepoint    ] Safepoint "RevokeBias", Time since last: 22824900 ns, Reaching safepoint: 239200 ns, At safepoint: 32900 ns, Total: 272100 ns
[2020-04-26T17:37:33.353+0000][1][safepoint    ] Safepoint "RevokeBias", Time since last: 258700 ns, Reaching safepoint: 85800 ns, At safepoint: 32600 ns, Total: 118400 ns
[2020-04-26T17:37:33.354+0000][1][safepoint    ] Safepoint "RevokeBias", Time since last: 393200 ns, Reaching safepoint: 69400 ns, At safepoint: 31400 ns, Total: 100800 ns
[2020-04-26T17:37:33.365+0000][1][safepoint    ] Safepoint "RevokeBias", Time since last: 11242200 ns, Reaching safepoint: 105000 ns, At safepoint: 128000 ns, Total: 233000 ns
[2020-04-26T17:37:33.366+0000][1][safepoint    ] Safepoint "RevokeBias", Time since last: 233100 ns, Reaching safepoint: 143600 ns, At safepoint: 143200 ns, Total: 286800 ns
[2020-04-26T17:37:33.366+0000][1][safepoint    ] Safepoint "RevokeBias", Time since last: 163300 ns, Reaching safepoint: 70300 ns, At safepoint: 43000 ns, Total: 113300 ns
[2020-04-26T17:37:33.366+0000][1][safepoint    ] Safepoint "RevokeBias", Time since last: 260300 ns, Reaching safepoint: 73100 ns, At safepoint: 46300 ns, Total: 119400 ns
[2020-04-26T17:37:33.367+0000][1][safepoint    ] Safepoint "RevokeBias", Time since last: 175400 ns, Reaching safepoint: 71500 ns, At safepoint: 46900 ns, Total: 118400 ns
[2020-04-26T17:37:33.367+0000][1][safepoint    ] Safepoint "RevokeBias", Time since last: 164000 ns, Reaching safepoint: 85900 ns, At safepoint: 47500 ns, Total: 133400 ns
[2020-04-26T17:37:33.367+0000][1][safepoint    ] Safepoint "RevokeBias", Time since last: 193200 ns, Reaching safepoint: 86900 ns, At safepoint: 47300 ns, Total: 134200 ns
[2020-04-26T17:37:33.377+0000][1][safepoint    ] Safepoint "RevokeBias", Time since last: 9887900 ns, Reaching safepoint: 98500 ns, At safepoint: 34100 ns, Total: 132600 ns
[2020-04-26T17:37:33.378+0000][1][safepoint    ] Safepoint "RevokeBias", Time since last: 265300 ns, Reaching safepoint: 72500 ns, At safepoint: 32800 ns, Total: 105300 ns
[2020-04-26T17:37:33.378+0000][1][safepoint    ] Safepoint "RevokeBias", Time since last: 420200 ns, Reaching safepoint: 76400 ns, At safepoint: 31100 ns, Total: 107500 ns
[2020-04-26T17:37:33.378+0000][1][safepoint    ] Safepoint "RevokeBias", Time since last: 169900 ns, Reaching safepoint: 72700 ns, At safepoint: 31800 ns, Total: 104500 ns
[2020-04-26T17:37:33.379+0000][1][safepoint    ] Safepoint "RevokeBias", Time since last: 150700 ns, Reaching safepoint: 71900 ns, At safepoint: 31600 ns, Total: 103500 ns
[2020-04-26T17:37:33.381+0000][1][safepoint    ] Safepoint "RevokeBias", Time since last: 1982300 ns, Reaching safepoint: 72500 ns, At safepoint: 32600 ns, Total: 105100 ns
[2020-04-26T17:37:33.381+0000][1][safepoint    ] Safepoint "RevokeBias", Time since last: 150100 ns, Reaching safepoint: 72600 ns, At safepoint: 31400 ns, Total: 104000 ns
[2020-04-26T17:37:33.383+0000][1][safepoint    ] Safepoint "RevokeBias", Time since last: 2087500 ns, Reaching safepoint: 85600 ns, At safepoint: 33700 ns, Total: 119300 ns
[2020-04-26T17:37:33.383+0000][1][safepoint    ] Safepoint "RevokeBias", Time since last: 156800 ns, Reaching safepoint: 74000 ns, At safepoint: 31900 ns, Total: 105900 ns
[2020-04-26T17:37:33.387+0000][1][safepoint    ] Safepoint "RevokeBias", Time since last: 3704000 ns, Reaching safepoint: 230600 ns, At safepoint: 66700 ns, Total: 297300 ns
[2020-04-26T17:37:33.414+0000][1][safepoint    ] Safepoint "RevokeBias", Time since last: 26150600 ns, Reaching safepoint: 222500 ns, At safepoint: 102800 ns, Total: 325300 ns
[2020-04-26T17:37:33.414+0000][1][safepoint    ] Safepoint "RevokeBias", Time since last: 189900 ns, Reaching safepoint: 90200 ns, At safepoint: 44900 ns, Total: 135100 ns
[2020-04-26T17:37:33.415+0000][1][safepoint    ] Safepoint "RevokeBias", Time since last: 159300 ns, Reaching safepoint: 102800 ns, At safepoint: 62500 ns, Total: 165300 ns
[2020-04-26T17:37:33.415+0000][1][safepoint    ] Safepoint "RevokeBias", Time since last: 361400 ns, Reaching safepoint: 103800 ns, At safepoint: 47800 ns, Total: 151600 ns
[2020-04-26T17:37:33.415+0000][1][safepoint    ] Safepoint "RevokeBias", Time since last: 145800 ns, Reaching safepoint: 88700 ns, At safepoint: 31500 ns, Total: 120200 ns
[2020-04-26T17:37:33.416+0000][1][safepoint    ] Safepoint "RevokeBias", Time since last: 170400 ns, Reaching safepoint: 179600 ns, At safepoint: 78300 ns, Total: 257900 ns
[2020-04-26T17:37:33.416+0000][1][safepoint    ] Safepoint "RevokeBias", Time since last: 155800 ns, Reaching safepoint: 71200 ns, At safepoint: 29900 ns, Total: 101100 ns
[2020-04-26T17:37:33.417+0000][1][safepoint    ] Safepoint "RevokeBias", Time since last: 1010600 ns, Reaching safepoint: 79600 ns, At safepoint: 36200 ns, Total: 115800 ns
[2020-04-26T17:37:33.449+0000][1][safepoint    ] Safepoint "RevokeBias", Time since last: 31366600 ns, Reaching safepoint: 264800 ns, At safepoint: 115900 ns, Total: 380700 ns
[2020-04-26T17:37:33.460+0000][1][safepoint    ] Safepoint "RevokeBias", Time since last: 10529800 ns, Reaching safepoint: 313600 ns, At safepoint: 131300 ns, Total: 444900 ns
[2020-04-26T17:37:33.460+0000][1][safepoint    ] Safepoint "RevokeBias", Time since last: 223000 ns, Reaching safepoint: 216900 ns, At safepoint: 72000 ns, Total: 288900 ns
[2020-04-26T17:37:33.476+0000][1][safepoint    ] Safepoint "RevokeBias", Time since last: 15821300 ns, Reaching safepoint: 144400 ns, At safepoint: 43800 ns, Total: 188200 ns
[2020-04-26T17:37:33.590+0000][1][safepoint    ] Safepoint "RevokeBias", Time since last: 113607900 ns, Reaching safepoint: 223800 ns, At safepoint: 79500 ns, Total: 303300 ns
[2020-04-26T17:37:33.592+0000][1][safepoint    ] Safepoint "BulkRevokeBias", Time since last: 1075700 ns, Reaching safepoint: 154900 ns, At safepoint: 904400 ns, Total: 1059300 ns
[2020-04-26T17:37:33.796+0000][1][safepoint    ] Safepoint "RevokeBias", Time since last: 203557300 ns, Reaching safepoint: 135600 ns, At safepoint: 46100 ns, Total: 181700 ns
[2020-04-26T17:37:33.797+0000][1][safepoint    ] Safepoint "RevokeBias", Time since last: 598300 ns, Reaching safepoint: 182600 ns, At safepoint: 35600 ns, Total: 218200 ns
[2020-04-26T17:37:33.802+0000][1][safepoint    ] Safepoint "RevokeBias", Time since last: 4363500 ns, Reaching safepoint: 135400 ns, At safepoint: 61000 ns, Total: 196400 ns
[2020-04-26T17:37:33.834+0000][1][safepoint    ] Safepoint "RevokeBias", Time since last: 32149400 ns, Reaching safepoint: 122600 ns, At safepoint: 36900 ns, Total: 159500 ns
[2020-04-26T17:37:33.834+0000][1][safepoint    ] Safepoint "RevokeBias", Time since last: 165700 ns, Reaching safepoint: 71500 ns, At safepoint: 29800 ns, Total: 101300 ns
[2020-04-26T17:37:33.834+0000][1][safepoint    ] Safepoint "RevokeBias", Time since last: 161400 ns, Reaching safepoint: 68600 ns, At safepoint: 28200 ns, Total: 96800 ns
[2020-04-26T17:37:33.835+0000][1][safepoint    ] Safepoint "RevokeBias", Time since last: 178100 ns, Reaching safepoint: 66800 ns, At safepoint: 28600 ns, Total: 95400 ns
[2020-04-26T17:37:33.836+0000][1][safepoint    ] Safepoint "RevokeBias", Time since last: 1117500 ns, Reaching safepoint: 182400 ns, At safepoint: 54500 ns, Total: 236900 ns
[2020-04-26T17:37:33.867+0000][1][safepoint    ] Safepoint "RevokeBias", Time since last: 31128000 ns, Reaching safepoint: 143900 ns, At safepoint: 101200 ns, Total: 245100 ns
[2020-04-26T17:37:33.878+0000][1][safepoint    ] Safepoint "RevokeBias", Time since last: 9962000 ns, Reaching safepoint: 260700 ns, At safepoint: 94800 ns, Total: 355500 ns
[2020-04-26T17:37:33.878+0000][1][safepoint    ] Safepoint "RevokeBias", Time since last: 220500 ns, Reaching safepoint: 173500 ns, At safepoint: 67600 ns, Total: 241100 ns
[2020-04-26T17:37:33.895+0000][1][safepoint    ] Safepoint "RevokeBias", Time since last: 16946800 ns, Reaching safepoint: 124800 ns, At safepoint: 34700 ns, Total: 159500 ns
[2020-04-26T17:37:34.512+0000][1][safepoint    ] Safepoint "RevokeBias", Time since last: 616594500 ns, Reaching safepoint: 160500 ns, At safepoint: 45900 ns, Total: 206400 ns
[2020-04-26T17:37:34.513+0000][1][safepoint    ] Safepoint "RevokeBias", Time since last: 595500 ns, Reaching safepoint: 90100 ns, At safepoint: 39900 ns, Total: 130000 ns
[2020-04-26T17:37:34.869+0000][1][safepoint    ] Safepoint "BulkRevokeBias", Time since last: 354625000 ns, Reaching safepoint: 283500 ns, At safepoint: 1052400 ns, Total: 1335900 ns
[2020-04-26T17:37:34.869+0000][1][safepoint    ] Safepoint "RevokeBias", Time since last: 214200 ns, Reaching safepoint: 89600 ns, At safepoint: 36200 ns, Total: 125800 ns
[2020-04-26T17:37:34.869+0000][1][safepoint    ] Safepoint "RevokeBias", Time since last: 166200 ns, Reaching safepoint: 71700 ns, At safepoint: 32400 ns, Total: 104100 ns
[2020-04-26T17:37:35.404+0000][1][safepoint    ] Safepoint "RevokeBias", Time since last: 534614700 ns, Reaching safepoint: 131600 ns, At safepoint: 53000 ns, Total: 184600 ns
[2020-04-26T17:37:35.871+0000][1][safepoint    ] Safepoint "RevokeBias", Time since last: 466389800 ns, Reaching safepoint: 575600 ns, At safepoint: 169400 ns, Total: 745000 ns
[2020-04-26T17:37:36.873+0000][1][safepoint    ] Safepoint "Cleanup", Time since last: 1000810400 ns, Reaching safepoint: 484900 ns, At safepoint: 205100 ns, Total: 690000 ns
[2020-04-26T17:37:37.873+0000][1][safepoint    ] Safepoint "Cleanup", Time since last: 1000300600 ns, Reaching safepoint: 164800 ns, At safepoint: 43700 ns, Total: 208500 ns
[2020-04-26T17:37:38.874+0000][1][safepoint    ] Safepoint "Cleanup", Time since last: 1000254200 ns, Reaching safepoint: 295700 ns, At safepoint: 69100 ns, Total: 364800 ns
[2020-04-26T17:37:39.874+0000][1][safepoint    ] Safepoint "Cleanup", Time since last: 1000223400 ns, Reaching safepoint: 138600 ns, At safepoint: 43200 ns, Total: 181800 ns
[2020-04-26T17:37:40.876+0000][1][safepoint    ] Safepoint "Cleanup", Time since last: 1000541300 ns, Reaching safepoint: 730600 ns, At safepoint: 236100 ns, Total: 966700 ns
[2020-04-26T17:37:41.876+0000][1][safepoint    ] Safepoint "Cleanup", Time since last: 1000329000 ns, Reaching safepoint: 229100 ns, At safepoint: 94100 ns, Total: 323200 ns
[2020-04-26T17:37:42.877+0000][1][safepoint    ] Safepoint "Cleanup", Time since last: 1000388300 ns, Reaching safepoint: 331000 ns, At safepoint: 152200 ns, Total: 483200 ns
[2020-04-26T17:37:43.878+0000][1][safepoint    ] Safepoint "Cleanup", Time since last: 1000605800 ns, Reaching safepoint: 159300 ns, At safepoint: 75100 ns, Total: 234400 ns
[2020-04-26T17:37:44.879+0000][1][safepoint    ] Safepoint "Cleanup", Time since last: 1000621200 ns, Reaching safepoint: 134600 ns, At safepoint: 45700 ns, Total: 180300 ns
[2020-04-26T17:37:45.141+0000][1][safepoint    ] Safepoint "RevokeBias", Time since last: 261605500 ns, Reaching safepoint: 164500 ns, At safepoint: 72400 ns, Total: 236900 ns
[2020-04-26T17:37:45.142+0000][1][safepoint    ] Safepoint "RevokeBias", Time since last: 593200 ns, Reaching safepoint: 211200 ns, At safepoint: 82300 ns, Total: 293500 ns
[2020-04-26T17:37:45.147+0000][1][safepoint    ] Safepoint "RevokeBias", Time since last: 5482800 ns, Reaching safepoint: 177900 ns, At safepoint: 100600 ns, Total: 278500 ns
[2020-04-26T17:37:45.148+0000][1][safepoint    ] Safepoint "RevokeBias", Time since last: 343900 ns, Reaching safepoint: 290500 ns, At safepoint: 94400 ns, Total: 384900 ns
[2020-04-26T17:37:45.357+0000][1][safepoint    ] Safepoint "RevokeBias", Time since last: 208621100 ns, Reaching safepoint: 160200 ns, At safepoint: 60500 ns, Total: 220700 ns
[2020-04-26T17:37:45.358+0000][1][safepoint    ] Safepoint "RevokeBias", Time since last: 540400 ns, Reaching safepoint: 79900 ns, At safepoint: 52500 ns, Total: 132400 ns
[2020-04-26T17:37:45.380+0000][1][safepoint    ] Safepoint "RevokeBias", Time since last: 22534400 ns, Reaching safepoint: 159200 ns, At safepoint: 35100 ns, Total: 194300 ns
[2020-04-26T17:37:45.381+0000][1][safepoint    ] Safepoint "BulkRevokeBias", Time since last: 294800 ns, Reaching safepoint: 86400 ns, At safepoint: 510300 ns, Total: 596700 ns
[2020-04-26T17:37:45.382+0000][1][safepoint    ] Safepoint "RevokeBias", Time since last: 253800 ns, Reaching safepoint: 70700 ns, At safepoint: 32200 ns, Total: 102900 ns
[2020-04-26T17:37:45.382+0000][1][safepoint    ] Safepoint "RevokeBias", Time since last: 234400 ns, Reaching safepoint: 70400 ns, At safepoint: 31900 ns, Total: 102300 ns
[2020-04-26T17:37:45.393+0000][1][safepoint    ] Safepoint "RevokeBias", Time since last: 11020200 ns, Reaching safepoint: 80900 ns, At safepoint: 32700 ns, Total: 113600 ns
[2020-04-26T17:37:45.393+0000][1][safepoint    ] Safepoint "RevokeBias", Time since last: 178600 ns, Reaching safepoint: 73500 ns, At safepoint: 31800 ns, Total: 105300 ns
[2020-04-26T17:37:45.394+0000][1][safepoint    ] Safepoint "RevokeBias", Time since last: 178700 ns, Reaching safepoint: 71400 ns, At safepoint: 31000 ns, Total: 102400 ns
[2020-04-26T17:37:45.394+0000][1][safepoint    ] Safepoint "RevokeBias", Time since last: 153900 ns, Reaching safepoint: 70300 ns, At safepoint: 31100 ns, Total: 101400 ns
[2020-04-26T17:37:45.394+0000][1][safepoint    ] Safepoint "RevokeBias", Time since last: 174400 ns, Reaching safepoint: 69000 ns, At safepoint: 31000 ns, Total: 100000 ns
[2020-04-26T17:37:45.395+0000][1][safepoint    ] Safepoint "RevokeBias", Time since last: 192300 ns, Reaching safepoint: 70500 ns, At safepoint: 41500 ns, Total: 112000 ns
[2020-04-26T17:37:45.404+0000][1][safepoint    ] Safepoint "RevokeBias", Time since last: 9195700 ns, Reaching safepoint: 83200 ns, At safepoint: 32200 ns, Total: 115400 ns
[2020-04-26T17:37:45.405+0000][1][safepoint    ] Safepoint "BulkRevokeBias", Time since last: 250600 ns, Reaching safepoint: 74300 ns, At safepoint: 486100 ns, Total: 560400 ns
[2020-04-26T17:37:45.406+0000][1][safepoint    ] Safepoint "BulkRevokeBias", Time since last: 494900 ns, Reaching safepoint: 73300 ns, At safepoint: 506500 ns, Total: 579800 ns
[2020-04-26T17:37:45.406+0000][1][safepoint    ] Safepoint "RevokeBias", Time since last: 124300 ns, Reaching safepoint: 73100 ns, At safepoint: 31900 ns, Total: 105000 ns
[2020-04-26T17:37:45.406+0000][1][safepoint    ] Safepoint "RevokeBias", Time since last: 157300 ns, Reaching safepoint: 70500 ns, At safepoint: 31300 ns, Total: 101800 ns
[2020-04-26T17:37:45.408+0000][1][safepoint    ] Safepoint "RevokeBias", Time since last: 1986100 ns, Reaching safepoint: 70300 ns, At safepoint: 39400 ns, Total: 109700 ns
[2020-04-26T17:37:45.409+0000][1][safepoint    ] Safepoint "RevokeBias", Time since last: 155000 ns, Reaching safepoint: 69500 ns, At safepoint: 30800 ns, Total: 100300 ns
[2020-04-26T17:37:45.411+0000][1][safepoint    ] Safepoint "RevokeBias", Time since last: 2374000 ns, Reaching safepoint: 189000 ns, At safepoint: 67600 ns, Total: 256600 ns
[2020-04-26T17:37:45.412+0000][1][safepoint    ] Safepoint "RevokeBias", Time since last: 149400 ns, Reaching safepoint: 223200 ns, At safepoint: 95800 ns, Total: 319000 ns
[2020-04-26T17:37:45.416+0000][1][safepoint    ] Safepoint "RevokeBias", Time since last: 4273000 ns, Reaching safepoint: 225000 ns, At safepoint: 99800 ns, Total: 324800 ns
[2020-04-26T17:37:45.442+0000][1][safepoint    ] Safepoint "RevokeBias", Time since last: 25393300 ns, Reaching safepoint: 122600 ns, At safepoint: 58200 ns, Total: 180800 ns
[2020-04-26T17:37:45.442+0000][1][safepoint    ] Safepoint "RevokeBias", Time since last: 221800 ns, Reaching safepoint: 242500 ns, At safepoint: 32400 ns, Total: 274900 ns
[2020-04-26T17:37:45.443+0000][1][safepoint    ] Safepoint "RevokeBias", Time since last: 264000 ns, Reaching safepoint: 69600 ns, At safepoint: 28600 ns, Total: 98200 ns
[2020-04-26T17:37:45.443+0000][1][safepoint    ] Safepoint "BulkRevokeBias", Time since last: 152500 ns, Reaching safepoint: 70600 ns, At safepoint: 501700 ns, Total: 572300 ns
[2020-04-26T17:37:45.444+0000][1][safepoint    ] Safepoint "RevokeBias", Time since last: 185700 ns, Reaching safepoint: 70900 ns, At safepoint: 31900 ns, Total: 102800 ns
[2020-04-26T17:37:45.444+0000][1][safepoint    ] Safepoint "RevokeBias", Time since last: 260500 ns, Reaching safepoint: 70000 ns, At safepoint: 31300 ns, Total: 101300 ns
[2020-04-26T17:37:45.445+0000][1][safepoint    ] Safepoint "BulkRevokeBias", Time since last: 227100 ns, Reaching safepoint: 141900 ns, At safepoint: 434700 ns, Total: 576600 ns
[2020-04-26T17:37:45.445+0000][1][safepoint    ] Safepoint "RevokeBias", Time since last: 191000 ns, Reaching safepoint: 71300 ns, At safepoint: 32600 ns, Total: 103900 ns
[2020-04-26T17:37:45.446+0000][1][safepoint    ] Safepoint "RevokeBias", Time since last: 202500 ns, Reaching safepoint: 71100 ns, At safepoint: 31900 ns, Total: 103000 ns
[2020-04-26T17:37:45.447+0000][1][safepoint    ] Safepoint "RevokeBias", Time since last: 1162700 ns, Reaching safepoint: 328100 ns, At safepoint: 84400 ns, Total: 412500 ns
[2020-04-26T17:37:45.478+0000][1][safepoint    ] Safepoint "RevokeBias", Time since last: 30864900 ns, Reaching safepoint: 269900 ns, At safepoint: 106700 ns, Total: 376600 ns
[2020-04-26T17:37:45.487+0000][1][safepoint    ] Safepoint "RevokeBias", Time since last: 8769800 ns, Reaching safepoint: 181300 ns, At safepoint: 92000 ns, Total: 273300 ns
[2020-04-26T17:37:45.488+0000][1][safepoint    ] Safepoint "RevokeBias", Time since last: 499700 ns, Reaching safepoint: 243200 ns, At safepoint: 180500 ns, Total: 423700 ns
[2020-04-26T17:37:45.489+0000][1][safepoint    ] Safepoint "RevokeBias", Time since last: 498300 ns, Reaching safepoint: 377400 ns, At safepoint: 167600 ns, Total: 545000 ns
[2020-04-26T17:37:45.504+0000][1][safepoint    ] Safepoint "RevokeBias", Time since last: 14091700 ns, Reaching safepoint: 145400 ns, At safepoint: 37000 ns, Total: 182400 ns
[2020-04-26T17:37:45.637+0000][1][safepoint    ] Safepoint "RevokeBias", Time since last: 133029000 ns, Reaching safepoint: 405700 ns, At safepoint: 117700 ns, Total: 523400 ns
[2020-04-26T17:37:45.640+0000][1][safepoint    ] Safepoint "RevokeBias", Time since last: 1670800 ns, Reaching safepoint: 515200 ns, At safepoint: 215700 ns, Total: 730900 ns
[2020-04-26T17:37:45.848+0000][1][safepoint    ] Safepoint "BulkRevokeBias", Time since last: 208105900 ns, Reaching safepoint: 138900 ns, At safepoint: 531600 ns, Total: 670500 ns
[2020-04-26T17:37:45.849+0000][1][safepoint    ] Safepoint "RevokeBias", Time since last: 557400 ns, Reaching safepoint: 177100 ns, At safepoint: 63100 ns, Total: 240200 ns
[2020-04-26T17:37:45.854+0000][1][safepoint    ] Safepoint "RevokeBias", Time since last: 4060900 ns, Reaching safepoint: 277400 ns, At safepoint: 73100 ns, Total: 350500 ns
[2020-04-26T17:37:45.883+0000][1][safepoint    ] Safepoint "RevokeBias", Time since last: 28860200 ns, Reaching safepoint: 298400 ns, At safepoint: 49500 ns, Total: 347900 ns
[2020-04-26T17:37:45.883+0000][1][safepoint    ] Safepoint "RevokeBias", Time since last: 205100 ns, Reaching safepoint: 78700 ns, At safepoint: 47000 ns, Total: 125700 ns
[2020-04-26T17:37:45.884+0000][1][safepoint    ] Safepoint "RevokeBias", Time since last: 173900 ns, Reaching safepoint: 211200 ns, At safepoint: 45100 ns, Total: 256300 ns
[2020-04-26T17:37:45.884+0000][1][safepoint    ] Safepoint "RevokeBias", Time since last: 263100 ns, Reaching safepoint: 104800 ns, At safepoint: 59200 ns, Total: 164000 ns
[2020-04-26T17:37:45.885+0000][1][safepoint    ] Safepoint "RevokeBias", Time since last: 951700 ns, Reaching safepoint: 78300 ns, At safepoint: 35800 ns, Total: 114100 ns
[2020-04-26T17:37:45.915+0000][1][safepoint    ] Safepoint "RevokeBias", Time since last: 29659200 ns, Reaching safepoint: 204500 ns, At safepoint: 102000 ns, Total: 306500 ns
[2020-04-26T17:37:45.924+0000][1][safepoint    ] Safepoint "RevokeBias", Time since last: 8721800 ns, Reaching safepoint: 182100 ns, At safepoint: 63500 ns, Total: 245600 ns
[2020-04-26T17:37:45.924+0000][1][safepoint    ] Safepoint "RevokeBias", Time since last: 168200 ns, Reaching safepoint: 87000 ns, At safepoint: 63300 ns, Total: 150300 ns
[2020-04-26T17:37:45.942+0000][1][safepoint    ] Safepoint "RevokeBias", Time since last: 17875500 ns, Reaching safepoint: 118500 ns, At safepoint: 45600 ns, Total: 164100 ns
[2020-04-26T17:37:46.556+0000][1][safepoint    ] Safepoint "RevokeBias", Time since last: 613040500 ns, Reaching safepoint: 178000 ns, At safepoint: 48900 ns, Total: 226900 ns
[2020-04-26T17:37:46.556+0000][1][safepoint    ] Safepoint "RevokeBias", Time since last: 629200 ns, Reaching safepoint: 139900 ns, At safepoint: 37700 ns, Total: 177600 ns
[2020-04-26T17:37:46.916+0000][1][safepoint    ] Safepoint "RevokeBias", Time since last: 359025000 ns, Reaching safepoint: 519800 ns, At safepoint: 164900 ns, Total: 684700 ns
[2020-04-26T17:37:46.917+0000][1][safepoint    ] Safepoint "RevokeBias", Time since last: 580900 ns, Reaching safepoint: 432200 ns, At safepoint: 158900 ns, Total: 591100 ns
[2020-04-26T17:37:46.918+0000][1][safepoint    ] Safepoint "RevokeBias", Time since last: 545600 ns, Reaching safepoint: 429100 ns, At safepoint: 157400 ns, Total: 586500 ns
[2020-04-26T17:37:47.919+0000][1][safepoint    ] Safepoint "Cleanup", Time since last: 1000314500 ns, Reaching safepoint: 183400 ns, At safepoint: 46700 ns, Total: 230100 ns
[2020-04-26T17:37:48.919+0000][1][safepoint    ] Safepoint "Cleanup", Time since last: 1000177000 ns, Reaching safepoint: 269200 ns, At safepoint: 70800 ns, Total: 340000 ns
[2020-04-26T17:37:49.270+0000][1][safepoint    ] Safepoint "RevokeBias", Time since last: 350017100 ns, Reaching safepoint: 200500 ns, At safepoint: 105300 ns, Total: 305800 ns
[2020-04-26T17:37:50.270+0000][1][safepoint    ] Safepoint "Cleanup", Time since last: 1000521200 ns, Reaching safepoint: 141600 ns, At safepoint: 43400 ns, Total: 185000 ns
[2020-04-26T17:37:50.420+0000][1][safepoint    ] Safepoint "RevokeBias", Time since last: 148562500 ns, Reaching safepoint: 517600 ns, At safepoint: 168500 ns, Total: 686100 ns
[2020-04-26T17:37:51.420+0000][1][safepoint    ] Safepoint "Cleanup", Time since last: 1000344900 ns, Reaching safepoint: 245100 ns, At safepoint: 38600 ns, Total: 283700 ns
[2020-04-26T17:37:52.421+0000][1][safepoint    ] Safepoint "Cleanup", Time since last: 1000264200 ns, Reaching safepoint: 520700 ns, At safepoint: 199900 ns, Total: 720600 ns
[2020-04-26T17:37:53.422+0000][1][safepoint    ] Safepoint "Cleanup", Time since last: 1000295400 ns, Reaching safepoint: 295600 ns, At safepoint: 58000 ns, Total: 353600 ns
[2020-04-26T17:37:54.124+0000][1][safepoint    ] Safepoint "RevokeBias", Time since last: 702248400 ns, Reaching safepoint: 133900 ns, At safepoint: 37300 ns, Total: 171200 ns
[2020-04-26T17:37:54.125+0000][1][safepoint    ] Safepoint "RevokeBias", Time since last: 519200 ns, Reaching safepoint: 92200 ns, At safepoint: 50300 ns, Total: 142500 ns
[2020-04-26T17:37:54.144+0000][1][safepoint    ] Safepoint "RevokeBias", Time since last: 18934000 ns, Reaching safepoint: 141000 ns, At safepoint: 35900 ns, Total: 176900 ns
[2020-04-26T17:37:54.145+0000][1][safepoint    ] Safepoint "RevokeBias", Time since last: 376300 ns, Reaching safepoint: 106000 ns, At safepoint: 46900 ns, Total: 152900 ns
[2020-04-26T17:37:54.145+0000][1][safepoint    ] Safepoint "RevokeBias", Time since last: 339700 ns, Reaching safepoint: 72500 ns, At safepoint: 30500 ns, Total: 103000 ns
[2020-04-26T17:37:54.160+0000][1][safepoint    ] Safepoint "RevokeBias", Time since last: 15107500 ns, Reaching safepoint: 105300 ns, At safepoint: 35400 ns, Total: 140700 ns
[2020-04-26T17:37:54.175+0000][1][safepoint    ] Safepoint "RevokeBias", Time since last: 13849300 ns, Reaching safepoint: 237900 ns, At safepoint: 50400 ns, Total: 288300 ns
[2020-04-26T17:37:54.177+0000][1][gc,start     ] GC(55) Pause Young (Allocation Failure)
[2020-04-26T17:37:54.177+0000][1][gc,task      ] GC(55) Using 10 workers of 10 for evacuation
[2020-04-26T17:37:54.179+0000][1][gc,age       ] GC(55) Desired survivor size 8945664 bytes, new threshold 6 (max threshold 6)
[2020-04-26T17:37:54.179+0000][1][gc,age       ] GC(55) Age table with threshold 6 (max threshold 6)
[2020-04-26T17:37:54.179+0000][1][gc,age       ] GC(55) - age   1:     533040 bytes,     533040 total
[2020-04-26T17:37:54.179+0000][1][gc,age       ] GC(55) - age   2:      61240 bytes,     594280 total
[2020-04-26T17:37:54.179+0000][1][gc,age       ] GC(55) - age   3:      50968 bytes,     645248 total
[2020-04-26T17:37:54.179+0000][1][gc,age       ] GC(55) - age   4:      16928 bytes,     662176 total
[2020-04-26T17:37:54.179+0000][1][gc,age       ] GC(55) - age   5:      22464 bytes,     684640 total
[2020-04-26T17:37:54.179+0000][1][gc,age       ] GC(55) - age   6:      10016 bytes,     694656 total
[2020-04-26T17:37:54.179+0000][1][gc,heap      ] GC(55) ParNew: 140420K->896K(157248K)
[2020-04-26T17:37:54.179+0000][1][gc,heap      ] GC(55) CMS: 80883K->80887K(349568K)
[2020-04-26T17:37:54.179+0000][1][gc,metaspace ] GC(55) Metaspace: 98482K->98482K(1140736K)
[2020-04-26T17:37:54.179+0000][1][gc           ] GC(55) Pause Young (Allocation Failure) 216M->79M(494M) 2.926ms
[2020-04-26T17:37:54.179+0000][1][gc,cpu       ] GC(55) User=0.01s Sys=0.00s Real=0.00s
[2020-04-26T17:37:54.180+0000][1][safepoint    ] Safepoint "GenCollectForAllocation", Time since last: 1848300 ns, Reaching safepoint: 130800 ns, At safepoint: 3012100 ns, Total: 3142900 ns
[2020-04-26T17:37:54.208+0000][1][safepoint    ] Safepoint "RevokeBias", Time since last: 28497200 ns, Reaching safepoint: 127100 ns, At safepoint: 35100 ns, Total: 162200 ns
[2020-04-26T17:37:54.209+0000][1][safepoint    ] Safepoint "RevokeBias", Time since last: 220400 ns, Reaching safepoint: 93300 ns, At safepoint: 30200 ns, Total: 123500 ns
[2020-04-26T17:37:54.209+0000][1][safepoint    ] Safepoint "RevokeBias", Time since last: 154800 ns, Reaching safepoint: 68900 ns, At safepoint: 28200 ns, Total: 97100 ns
[2020-04-26T17:37:54.209+0000][1][safepoint    ] Safepoint "RevokeBias", Time since last: 142500 ns, Reaching safepoint: 69700 ns, At safepoint: 27800 ns, Total: 97500 ns
[2020-04-26T17:37:54.209+0000][1][safepoint    ] Safepoint "RevokeBias", Time since last: 137400 ns, Reaching safepoint: 69000 ns, At safepoint: 27600 ns, Total: 96600 ns
[2020-04-26T17:37:54.210+0000][1][safepoint    ] Safepoint "BulkRevokeBias", Time since last: 149900 ns, Reaching safepoint: 84600 ns, At safepoint: 468100 ns, Total: 552700 ns
[2020-04-26T17:37:54.211+0000][1][safepoint    ] Safepoint "BulkRevokeBias", Time since last: 147100 ns, Reaching safepoint: 71100 ns, At safepoint: 446300 ns, Total: 517400 ns
[2020-04-26T17:37:54.211+0000][1][safepoint    ] Safepoint "BulkRevokeBias", Time since last: 141200 ns, Reaching safepoint: 72700 ns, At safepoint: 348300 ns, Total: 421000 ns
[2020-04-26T17:37:54.212+0000][1][safepoint    ] Safepoint "RevokeBias", Time since last: 246700 ns, Reaching safepoint: 76400 ns, At safepoint: 28400 ns, Total: 104800 ns
[2020-04-26T17:37:54.212+0000][1][safepoint    ] Safepoint "RevokeBias", Time since last: 149500 ns, Reaching safepoint: 69700 ns, At safepoint: 28100 ns, Total: 97800 ns
[2020-04-26T17:37:54.212+0000][1][safepoint    ] Safepoint "RevokeBias", Time since last: 144300 ns, Reaching safepoint: 69400 ns, At safepoint: 27800 ns, Total: 97200 ns
[2020-04-26T17:37:54.212+0000][1][safepoint    ] Safepoint "RevokeBias", Time since last: 163900 ns, Reaching safepoint: 68100 ns, At safepoint: 27800 ns, Total: 95900 ns
[2020-04-26T17:37:54.213+0000][1][safepoint    ] Safepoint "RevokeBias", Time since last: 146400 ns, Reaching safepoint: 138600 ns, At safepoint: 29000 ns, Total: 167600 ns
[2020-04-26T17:37:54.214+0000][1][safepoint    ] Safepoint "RevokeBias", Time since last: 1042700 ns, Reaching safepoint: 74300 ns, At safepoint: 47100 ns, Total: 121400 ns
[2020-04-26T17:37:54.245+0000][1][safepoint    ] Safepoint "RevokeBias", Time since last: 31103400 ns, Reaching safepoint: 177600 ns, At safepoint: 95000 ns, Total: 272600 ns
[2020-04-26T17:37:54.256+0000][1][safepoint    ] Safepoint "RevokeBias", Time since last: 10781700 ns, Reaching safepoint: 252900 ns, At safepoint: 100000 ns, Total: 352900 ns
[2020-04-26T17:37:54.257+0000][1][safepoint    ] Safepoint "RevokeBias", Time since last: 150900 ns, Reaching safepoint: 291000 ns, At safepoint: 79300 ns, Total: 370300 ns
[2020-04-26T17:37:54.273+0000][1][safepoint    ] Safepoint "RevokeBias", Time since last: 16000300 ns, Reaching safepoint: 129800 ns, At safepoint: 80100 ns, Total: 209900 ns
[2020-04-26T17:37:54.397+0000][1][safepoint    ] Safepoint "RevokeBias", Time since last: 123131100 ns, Reaching safepoint: 304900 ns, At safepoint: 95700 ns, Total: 400600 ns
[2020-04-26T17:37:54.398+0000][1][safepoint    ] Safepoint "RevokeBias", Time since last: 1411000 ns, Reaching safepoint: 335900 ns, At safepoint: 177000 ns, Total: 512900 ns
[2020-04-26T17:37:54.599+0000][1][safepoint    ] Safepoint "RevokeBias", Time since last: 200545000 ns, Reaching safepoint: 135600 ns, At safepoint: 40900 ns, Total: 176500 ns
[2020-04-26T17:37:54.600+0000][1][safepoint    ] Safepoint "RevokeBias", Time since last: 581100 ns, Reaching safepoint: 88900 ns, At safepoint: 33800 ns, Total: 122700 ns
[2020-04-26T17:37:54.604+0000][1][safepoint    ] Safepoint "RevokeBias", Time since last: 4129800 ns, Reaching safepoint: 263600 ns, At safepoint: 69200 ns, Total: 332800 ns
[2020-04-26T17:37:54.634+0000][1][safepoint    ] Safepoint "RevokeBias", Time since last: 29843600 ns, Reaching safepoint: 136000 ns, At safepoint: 52000 ns, Total: 188000 ns
[2020-04-26T17:37:54.635+0000][1][safepoint    ] Safepoint "RevokeBias", Time since last: 170900 ns, Reaching safepoint: 92500 ns, At safepoint: 48300 ns, Total: 140800 ns
[2020-04-26T17:37:54.635+0000][1][safepoint    ] Safepoint "RevokeBias", Time since last: 161200 ns, Reaching safepoint: 84400 ns, At safepoint: 47400 ns, Total: 131800 ns
[2020-04-26T17:37:54.635+0000][1][safepoint    ] Safepoint "RevokeBias", Time since last: 161200 ns, Reaching safepoint: 99500 ns, At safepoint: 47600 ns, Total: 147100 ns
[2020-04-26T17:37:54.637+0000][1][safepoint    ] Safepoint "RevokeBias", Time since last: 1435800 ns, Reaching safepoint: 73600 ns, At safepoint: 31700 ns, Total: 105300 ns
[2020-04-26T17:37:54.671+0000][1][safepoint    ] Safepoint "RevokeBias", Time since last: 33608500 ns, Reaching safepoint: 234100 ns, At safepoint: 120400 ns, Total: 354500 ns
[2020-04-26T17:37:54.681+0000][1][safepoint    ] Safepoint "RevokeBias", Time since last: 9793100 ns, Reaching safepoint: 142100 ns, At safepoint: 99400 ns, Total: 241500 ns
[2020-04-26T17:37:54.681+0000][1][safepoint    ] Safepoint "RevokeBias", Time since last: 186100 ns, Reaching safepoint: 125600 ns, At safepoint: 75000 ns, Total: 200600 ns
[2020-04-26T17:37:54.698+0000][1][safepoint    ] Safepoint "RevokeBias", Time since last: 16962000 ns, Reaching safepoint: 212400 ns, At safepoint: 33300 ns, Total: 245700 ns
[2020-04-26T17:37:55.310+0000][1][safepoint    ] Safepoint "RevokeBias", Time since last: 611697000 ns, Reaching safepoint: 165500 ns, At safepoint: 40900 ns, Total: 206400 ns
[2020-04-26T17:37:55.311+0000][1][safepoint    ] Safepoint "RevokeBias", Time since last: 569900 ns, Reaching safepoint: 102100 ns, At safepoint: 50500 ns, Total: 152600 ns
[2020-04-26T17:37:55.421+0000][1][safepoint    ] Safepoint "RevokeBias", Time since last: 109394400 ns, Reaching safepoint: 194700 ns, At safepoint: 57500 ns, Total: 252200 ns
[2020-04-26T17:37:55.671+0000][1][safepoint    ] Safepoint "RevokeBias", Time since last: 249847300 ns, Reaching safepoint: 146300 ns, At safepoint: 43700 ns, Total: 190000 ns
[2020-04-26T17:37:55.671+0000][1][safepoint    ] Safepoint "RevokeBias", Time since last: 134100 ns, Reaching safepoint: 94800 ns, At safepoint: 35300 ns, Total: 130100 ns
[2020-04-26T17:37:55.671+0000][1][safepoint    ] Safepoint "RevokeBias", Time since last: 125600 ns, Reaching safepoint: 75200 ns, At safepoint: 33200 ns, Total: 108400 ns
[2020-04-26T17:37:56.672+0000][1][safepoint    ] Safepoint "Cleanup", Time since last: 1000356600 ns, Reaching safepoint: 139200 ns, At safepoint: 43100 ns, Total: 182300 ns
[2020-04-26T17:37:57.672+0000][1][safepoint    ] Safepoint "Cleanup", Time since last: 1000296300 ns, Reaching safepoint: 155200 ns, At safepoint: 45000 ns, Total: 200200 ns
[2020-04-26T17:37:58.673+0000][1][safepoint    ] Safepoint "Cleanup", Time since last: 1000362500 ns, Reaching safepoint: 381300 ns, At safepoint: 233900 ns, Total: 615200 ns
[2020-04-26T17:37:59.674+0000][1][safepoint    ] Safepoint "Cleanup", Time since last: 1000201000 ns, Reaching safepoint: 149200 ns, At safepoint: 27700 ns, Total: 176900 ns
[2020-04-26T17:38:00.674+0000][1][safepoint    ] Safepoint "Cleanup", Time since last: 1000468700 ns, Reaching safepoint: 151300 ns, At safepoint: 53000 ns, Total: 204300 ns
[2020-04-26T17:38:01.676+0000][1][safepoint    ] Safepoint "Cleanup", Time since last: 1000584300 ns, Reaching safepoint: 654200 ns, At safepoint: 307500 ns, Total: 961700 ns
[2020-04-26T17:38:02.677+0000][1][safepoint    ] Safepoint "Cleanup", Time since last: 1000684800 ns, Reaching safepoint: 456100 ns, At safepoint: 206800 ns, Total: 662900 ns
[2020-04-26T17:38:03.678+0000][1][safepoint    ] Safepoint "Cleanup", Time since last: 1000419800 ns, Reaching safepoint: 560500 ns, At safepoint: 259600 ns, Total: 820100 ns
[2020-04-26T17:38:04.680+0000][1][safepoint    ] Safepoint "Cleanup", Time since last: 1000447600 ns, Reaching safepoint: 592200 ns, At safepoint: 230800 ns, Total: 823000 ns
[2020-04-26T17:38:05.680+0000][1][safepoint    ] Safepoint "Cleanup", Time since last: 1000259500 ns, Reaching safepoint: 136400 ns, At safepoint: 33500 ns, Total: 169900 ns
[2020-04-26T17:38:06.681+0000][1][safepoint    ] Safepoint "Cleanup", Time since last: 1000368000 ns, Reaching safepoint: 177000 ns, At safepoint: 67700 ns, Total: 244700 ns
[2020-04-26T17:38:07.682+0000][1][safepoint    ] Safepoint "Cleanup", Time since last: 1000347800 ns, Reaching safepoint: 297100 ns, At safepoint: 131900 ns, Total: 429000 ns
[2020-04-26T17:38:08.851+0000][1][safepoint    ] Safepoint "RevokeBias", Time since last: 1169065900 ns, Reaching safepoint: 136200 ns, At safepoint: 37100 ns, Total: 173300 ns
[2020-04-26T17:38:08.851+0000][1][safepoint    ] Safepoint "RevokeBias", Time since last: 516600 ns, Reaching safepoint: 93700 ns, At safepoint: 34100 ns, Total: 127800 ns
[2020-04-26T17:38:08.878+0000][1][safepoint    ] Safepoint "BulkRevokeBias", Time since last: 25775300 ns, Reaching safepoint: 184900 ns, At safepoint: 584200 ns, Total: 769100 ns
[2020-04-26T17:38:08.878+0000][1][safepoint    ] Safepoint "RevokeBias", Time since last: 199600 ns, Reaching safepoint: 118400 ns, At safepoint: 60300 ns, Total: 178700 ns
[2020-04-26T17:38:08.879+0000][1][safepoint    ] Safepoint "RevokeBias", Time since last: 193300 ns, Reaching safepoint: 212300 ns, At safepoint: 46700 ns, Total: 259000 ns
[2020-04-26T17:38:08.879+0000][1][safepoint    ] Safepoint "RevokeBias", Time since last: 337800 ns, Reaching safepoint: 70600 ns, At safepoint: 31500 ns, Total: 102100 ns
[2020-04-26T17:38:08.890+0000][1][safepoint    ] Safepoint "RevokeBias", Time since last: 10968200 ns, Reaching safepoint: 108200 ns, At safepoint: 34100 ns, Total: 142300 ns
[2020-04-26T17:38:08.891+0000][1][safepoint    ] Safepoint "RevokeBias", Time since last: 152200 ns, Reaching safepoint: 76900 ns, At safepoint: 32100 ns, Total: 109000 ns
[2020-04-26T17:38:08.891+0000][1][safepoint    ] Safepoint "RevokeBias", Time since last: 148000 ns, Reaching safepoint: 72500 ns, At safepoint: 31700 ns, Total: 104200 ns
[2020-04-26T17:38:08.891+0000][1][safepoint    ] Safepoint "RevokeBias", Time since last: 146100 ns, Reaching safepoint: 71900 ns, At safepoint: 31900 ns, Total: 103800 ns
[2020-04-26T17:38:08.891+0000][1][safepoint    ] Safepoint "RevokeBias", Time since last: 147500 ns, Reaching safepoint: 87400 ns, At safepoint: 31100 ns, Total: 118500 ns
[2020-04-26T17:38:08.892+0000][1][safepoint    ] Safepoint "RevokeBias", Time since last: 168700 ns, Reaching safepoint: 71800 ns, At safepoint: 31800 ns, Total: 103600 ns
[2020-04-26T17:38:08.902+0000][1][safepoint    ] Safepoint "RevokeBias", Time since last: 9975500 ns, Reaching safepoint: 77600 ns, At safepoint: 33000 ns, Total: 110600 ns
[2020-04-26T17:38:08.902+0000][1][safepoint    ] Safepoint "RevokeBias", Time since last: 224000 ns, Reaching safepoint: 74300 ns, At safepoint: 31900 ns, Total: 106200 ns
[2020-04-26T17:38:08.903+0000][1][safepoint    ] Safepoint "RevokeBias", Time since last: 380600 ns, Reaching safepoint: 124000 ns, At safepoint: 43600 ns, Total: 167600 ns
[2020-04-26T17:38:08.903+0000][1][safepoint    ] Safepoint "RevokeBias", Time since last: 158300 ns, Reaching safepoint: 72500 ns, At safepoint: 31600 ns, Total: 104100 ns
[2020-04-26T17:38:08.903+0000][1][safepoint    ] Safepoint "RevokeBias", Time since last: 142100 ns, Reaching safepoint: 71800 ns, At safepoint: 31600 ns, Total: 103400 ns
[2020-04-26T17:38:08.905+0000][1][safepoint    ] Safepoint "RevokeBias", Time since last: 1866800 ns, Reaching safepoint: 73500 ns, At safepoint: 31900 ns, Total: 105400 ns
[2020-04-26T17:38:08.905+0000][1][safepoint    ] Safepoint "RevokeBias", Time since last: 173000 ns, Reaching safepoint: 91700 ns, At safepoint: 30700 ns, Total: 122400 ns
[2020-04-26T17:38:08.907+0000][1][safepoint    ] Safepoint "RevokeBias", Time since last: 1907900 ns, Reaching safepoint: 71400 ns, At safepoint: 32000 ns, Total: 103400 ns
[2020-04-26T17:38:08.908+0000][1][safepoint    ] Safepoint "RevokeBias", Time since last: 134900 ns, Reaching safepoint: 71300 ns, At safepoint: 32000 ns, Total: 103300 ns
[2020-04-26T17:38:08.911+0000][1][safepoint    ] Safepoint "RevokeBias", Time since last: 3678800 ns, Reaching safepoint: 97100 ns, At safepoint: 66900 ns, Total: 164000 ns
[2020-04-26T17:38:08.938+0000][1][safepoint    ] Safepoint "RevokeBias", Time since last: 26329900 ns, Reaching safepoint: 302500 ns, At safepoint: 94300 ns, Total: 396800 ns
[2020-04-26T17:38:08.939+0000][1][safepoint    ] Safepoint "RevokeBias", Time since last: 190400 ns, Reaching safepoint: 90800 ns, At safepoint: 34300 ns, Total: 125100 ns
[2020-04-26T17:38:08.939+0000][1][safepoint    ] Safepoint "RevokeBias", Time since last: 164400 ns, Reaching safepoint: 79400 ns, At safepoint: 33500 ns, Total: 112900 ns
[2020-04-26T17:38:08.939+0000][1][safepoint    ] Safepoint "RevokeBias", Time since last: 287400 ns, Reaching safepoint: 73400 ns, At safepoint: 32800 ns, Total: 106200 ns
[2020-04-26T17:38:08.939+0000][1][safepoint    ] Safepoint "RevokeBias", Time since last: 181700 ns, Reaching safepoint: 72100 ns, At safepoint: 32400 ns, Total: 104500 ns
[2020-04-26T17:38:08.940+0000][1][safepoint    ] Safepoint "RevokeBias", Time since last: 204500 ns, Reaching safepoint: 72300 ns, At safepoint: 32800 ns, Total: 105100 ns
[2020-04-26T17:38:08.940+0000][1][safepoint    ] Safepoint "RevokeBias", Time since last: 205400 ns, Reaching safepoint: 73100 ns, At safepoint: 32400 ns, Total: 105500 ns
[2020-04-26T17:38:08.941+0000][1][safepoint    ] Safepoint "RevokeBias", Time since last: 1124300 ns, Reaching safepoint: 96900 ns, At safepoint: 38700 ns, Total: 135600 ns
[2020-04-26T17:38:08.975+0000][1][safepoint    ] Safepoint "RevokeBias", Time since last: 32982200 ns, Reaching safepoint: 218500 ns, At safepoint: 95800 ns, Total: 314300 ns
[2020-04-26T17:38:08.995+0000][1][safepoint    ] Safepoint "RevokeBias", Time since last: 19842100 ns, Reaching safepoint: 153300 ns, At safepoint: 100300 ns, Total: 253600 ns
[2020-04-26T17:38:08.995+0000][1][safepoint    ] Safepoint "RevokeBias", Time since last: 158800 ns, Reaching safepoint: 210600 ns, At safepoint: 103500 ns, Total: 314100 ns
[2020-04-26T17:38:09.009+0000][1][safepoint    ] Safepoint "RevokeBias", Time since last: 13520500 ns, Reaching safepoint: 132500 ns, At safepoint: 54700 ns, Total: 187200 ns
[2020-04-26T17:38:09.118+0000][1][safepoint    ] Safepoint "RevokeBias", Time since last: 108556300 ns, Reaching safepoint: 190500 ns, At safepoint: 62600 ns, Total: 253100 ns
[2020-04-26T17:38:09.119+0000][1][safepoint    ] Safepoint "RevokeBias", Time since last: 989100 ns, Reaching safepoint: 140000 ns, At safepoint: 83300 ns, Total: 223300 ns
[2020-04-26T17:38:09.314+0000][1][safepoint    ] Safepoint "RevokeBias", Time since last: 194031300 ns, Reaching safepoint: 421300 ns, At safepoint: 151500 ns, Total: 572800 ns
[2020-04-26T17:38:09.315+0000][1][safepoint    ] Safepoint "RevokeBias", Time since last: 1408600 ns, Reaching safepoint: 328600 ns, At safepoint: 103300 ns, Total: 431900 ns
[2020-04-26T17:38:09.324+0000][1][safepoint    ] Safepoint "RevokeBias", Time since last: 8292500 ns, Reaching safepoint: 225800 ns, At safepoint: 140300 ns, Total: 366100 ns
[2020-04-26T17:38:09.354+0000][1][safepoint    ] Safepoint "RevokeBias", Time since last: 30190200 ns, Reaching safepoint: 133400 ns, At safepoint: 37800 ns, Total: 171200 ns
[2020-04-26T17:38:09.355+0000][1][safepoint    ] Safepoint "RevokeBias", Time since last: 141600 ns, Reaching safepoint: 84000 ns, At safepoint: 34600 ns, Total: 118600 ns
[2020-04-26T17:38:09.355+0000][1][safepoint    ] Safepoint "RevokeBias", Time since last: 96800 ns, Reaching safepoint: 72500 ns, At safepoint: 29900 ns, Total: 102400 ns
[2020-04-26T17:38:09.355+0000][1][safepoint    ] Safepoint "RevokeBias", Time since last: 135800 ns, Reaching safepoint: 73300 ns, At safepoint: 33300 ns, Total: 106600 ns
[2020-04-26T17:38:09.356+0000][1][safepoint    ] Safepoint "RevokeBias", Time since last: 853700 ns, Reaching safepoint: 79600 ns, At safepoint: 38900 ns, Total: 118500 ns
[2020-04-26T17:38:09.385+0000][1][safepoint    ] Safepoint "RevokeBias", Time since last: 28612600 ns, Reaching safepoint: 158400 ns, At safepoint: 64200 ns, Total: 222600 ns
[2020-04-26T17:38:09.402+0000][1][safepoint    ] Safepoint "RevokeBias", Time since last: 16965000 ns, Reaching safepoint: 138700 ns, At safepoint: 62300 ns, Total: 201000 ns
[2020-04-26T17:38:09.403+0000][1][safepoint    ] Safepoint "RevokeBias", Time since last: 116100 ns, Reaching safepoint: 238100 ns, At safepoint: 99700 ns, Total: 337800 ns
[2020-04-26T17:38:09.420+0000][1][safepoint    ] Safepoint "RevokeBias", Time since last: 16861200 ns, Reaching safepoint: 128200 ns, At safepoint: 68500 ns, Total: 196700 ns
[2020-04-26T17:38:10.034+0000][1][safepoint    ] Safepoint "RevokeBias", Time since last: 614340000 ns, Reaching safepoint: 145300 ns, At safepoint: 38600 ns, Total: 183900 ns
[2020-04-26T17:38:10.035+0000][1][safepoint    ] Safepoint "RevokeBias", Time since last: 573700 ns, Reaching safepoint: 139000 ns, At safepoint: 40900 ns, Total: 179900 ns
[2020-04-26T17:38:10.385+0000][1][safepoint    ] Safepoint "RevokeBias", Time since last: 350215000 ns, Reaching safepoint: 166800 ns, At safepoint: 44400 ns, Total: 211200 ns
[2020-04-26T17:38:10.386+0000][1][safepoint    ] Safepoint "RevokeBias", Time since last: 148900 ns, Reaching safepoint: 93500 ns, At safepoint: 36100 ns, Total: 129600 ns
[2020-04-26T17:38:10.386+0000][1][safepoint    ] Safepoint "RevokeBias", Time since last: 123200 ns, Reaching safepoint: 72200 ns, At safepoint: 36500 ns, Total: 108700 ns
[2020-04-26T17:38:10.429+0000][1][safepoint    ] Safepoint "RevokeBias", Time since last: 43275800 ns, Reaching safepoint: 310900 ns, At safepoint: 64600 ns, Total: 375500 ns
[2020-04-26T17:38:11.430+0000][1][safepoint    ] Safepoint "Cleanup", Time since last: 1000366900 ns, Reaching safepoint: 466700 ns, At safepoint: 136500 ns, Total: 603200 ns
[2020-04-26T17:38:12.431+0000][1][safepoint    ] Safepoint "Cleanup", Time since last: 1000338500 ns, Reaching safepoint: 356300 ns, At safepoint: 104700 ns, Total: 461000 ns
[2020-04-26T17:38:13.432+0000][1][safepoint    ] Safepoint "Cleanup", Time since last: 1000222900 ns, Reaching safepoint: 145400 ns, At safepoint: 34100 ns, Total: 179500 ns
[2020-04-26T17:38:14.433+0000][1][safepoint    ] Safepoint "Cleanup", Time since last: 1000678800 ns, Reaching safepoint: 643600 ns, At safepoint: 230600 ns, Total: 874200 ns
[2020-04-26T17:38:15.435+0000][1][safepoint    ] Safepoint "Cleanup", Time since last: 1000417100 ns, Reaching safepoint: 707400 ns, At safepoint: 200400 ns, Total: 907800 ns
[2020-04-26T17:38:16.353+0000][1][safepoint    ] Safepoint "RevokeBias", Time since last: 918317100 ns, Reaching safepoint: 214100 ns, At safepoint: 78100 ns, Total: 292200 ns
[2020-04-26T17:38:16.354+0000][1][safepoint    ] Safepoint "RevokeBias", Time since last: 776900 ns, Reaching safepoint: 265000 ns, At safepoint: 128500 ns, Total: 393500 ns
[2020-04-26T17:38:16.379+0000][1][safepoint    ] Safepoint "RevokeBias", Time since last: 24913400 ns, Reaching safepoint: 132300 ns, At safepoint: 50200 ns, Total: 182500 ns
[2020-04-26T17:38:16.380+0000][1][safepoint    ] Safepoint "RevokeBias", Time since last: 301000 ns, Reaching safepoint: 102800 ns, At safepoint: 47100 ns, Total: 149900 ns
[2020-04-26T17:38:16.381+0000][1][safepoint    ] Safepoint "RevokeBias", Time since last: 498500 ns, Reaching safepoint: 259200 ns, At safepoint: 63500 ns, Total: 322700 ns
[2020-04-26T17:38:16.393+0000][1][safepoint    ] Safepoint "RevokeBias", Time since last: 11776200 ns, Reaching safepoint: 193100 ns, At safepoint: 72300 ns, Total: 265400 ns
[2020-04-26T17:38:16.393+0000][1][safepoint    ] Safepoint "RevokeBias", Time since last: 207100 ns, Reaching safepoint: 140600 ns, At safepoint: 56900 ns, Total: 197500 ns
[2020-04-26T17:38:16.393+0000][1][safepoint    ] Safepoint "RevokeBias", Time since last: 163900 ns, Reaching safepoint: 146800 ns, At safepoint: 55000 ns, Total: 201800 ns
[2020-04-26T17:38:16.394+0000][1][safepoint    ] Safepoint "RevokeBias", Time since last: 230400 ns, Reaching safepoint: 121700 ns, At safepoint: 65000 ns, Total: 186700 ns
[2020-04-26T17:38:16.394+0000][1][safepoint    ] Safepoint "RevokeBias", Time since last: 189400 ns, Reaching safepoint: 99600 ns, At safepoint: 53000 ns, Total: 152600 ns
[2020-04-26T17:38:16.395+0000][1][safepoint    ] Safepoint "RevokeBias", Time since last: 173200 ns, Reaching safepoint: 84400 ns, At safepoint: 51700 ns, Total: 136100 ns
[2020-04-26T17:38:16.404+0000][1][safepoint    ] Safepoint "RevokeBias", Time since last: 9471100 ns, Reaching safepoint: 115700 ns, At safepoint: 55400 ns, Total: 171100 ns
[2020-04-26T17:38:16.405+0000][1][safepoint    ] Safepoint "RevokeBias", Time since last: 238100 ns, Reaching safepoint: 111800 ns, At safepoint: 50600 ns, Total: 162400 ns
[2020-04-26T17:38:16.405+0000][1][safepoint    ] Safepoint "RevokeBias", Time since last: 373100 ns, Reaching safepoint: 85000 ns, At safepoint: 52400 ns, Total: 137400 ns
[2020-04-26T17:38:16.405+0000][1][safepoint    ] Safepoint "RevokeBias", Time since last: 183200 ns, Reaching safepoint: 71000 ns, At safepoint: 31900 ns, Total: 102900 ns
[2020-04-26T17:38:16.406+0000][1][safepoint    ] Safepoint "RevokeBias", Time since last: 138400 ns, Reaching safepoint: 83000 ns, At safepoint: 49300 ns, Total: 132300 ns
[2020-04-26T17:38:16.408+0000][1][safepoint    ] Safepoint "RevokeBias", Time since last: 2127900 ns, Reaching safepoint: 87200 ns, At safepoint: 52300 ns, Total: 139500 ns
[2020-04-26T17:38:16.408+0000][1][safepoint    ] Safepoint "RevokeBias", Time since last: 165800 ns, Reaching safepoint: 70700 ns, At safepoint: 51100 ns, Total: 121800 ns
[2020-04-26T17:38:16.410+0000][1][safepoint    ] Safepoint "RevokeBias", Time since last: 2096700 ns, Reaching safepoint: 76400 ns, At safepoint: 53500 ns, Total: 129900 ns
[2020-04-26T17:38:16.411+0000][1][safepoint    ] Safepoint "RevokeBias", Time since last: 167200 ns, Reaching safepoint: 71900 ns, At safepoint: 46500 ns, Total: 118400 ns
[2020-04-26T17:38:16.415+0000][1][safepoint    ] Safepoint "RevokeBias", Time since last: 3872300 ns, Reaching safepoint: 303300 ns, At safepoint: 91100 ns, Total: 394400 ns
[2020-04-26T17:38:16.441+0000][1][safepoint    ] Safepoint "RevokeBias", Time since last: 25509700 ns, Reaching safepoint: 166200 ns, At safepoint: 39800 ns, Total: 206000 ns
[2020-04-26T17:38:16.441+0000][1][safepoint    ] Safepoint "RevokeBias", Time since last: 168600 ns, Reaching safepoint: 120100 ns, At safepoint: 52500 ns, Total: 172600 ns
[2020-04-26T17:38:16.441+0000][1][safepoint    ] Safepoint "RevokeBias", Time since last: 115500 ns, Reaching safepoint: 123600 ns, At safepoint: 35100 ns, Total: 158700 ns
[2020-04-26T17:38:16.442+0000][1][safepoint    ] Safepoint "RevokeBias", Time since last: 335000 ns, Reaching safepoint: 81000 ns, At safepoint: 31200 ns, Total: 112200 ns
[2020-04-26T17:38:16.442+0000][1][safepoint    ] Safepoint "RevokeBias", Time since last: 125400 ns, Reaching safepoint: 80500 ns, At safepoint: 35200 ns, Total: 115700 ns
[2020-04-26T17:38:16.442+0000][1][safepoint    ] Safepoint "RevokeBias", Time since last: 146100 ns, Reaching safepoint: 79000 ns, At safepoint: 34000 ns, Total: 113000 ns
[2020-04-26T17:38:16.444+0000][1][safepoint    ] Safepoint "BulkRevokeBias", Time since last: 115600 ns, Reaching safepoint: 80700 ns, At safepoint: 1096000 ns, Total: 1176700 ns
[2020-04-26T17:38:16.445+0000][1][safepoint    ] Safepoint "RevokeBias", Time since last: 1224600 ns, Reaching safepoint: 189600 ns, At safepoint: 45700 ns, Total: 235300 ns
[2020-04-26T17:38:16.476+0000][1][safepoint    ] Safepoint "RevokeBias", Time since last: 30900700 ns, Reaching safepoint: 198700 ns, At safepoint: 123200 ns, Total: 321900 ns
[2020-04-26T17:38:16.486+0000][1][safepoint    ] Safepoint "RevokeBias", Time since last: 9349400 ns, Reaching safepoint: 294800 ns, At safepoint: 201100 ns, Total: 495900 ns
[2020-04-26T17:38:16.487+0000][1][safepoint    ] Safepoint "RevokeBias", Time since last: 270900 ns, Reaching safepoint: 225900 ns, At safepoint: 109300 ns, Total: 335200 ns
[2020-04-26T17:38:16.504+0000][1][safepoint    ] Safepoint "RevokeBias", Time since last: 17206200 ns, Reaching safepoint: 145300 ns, At safepoint: 42300 ns, Total: 187600 ns
[2020-04-26T17:38:16.507+0000][1][gc,start     ] GC(56) Pause Young (Allocation Failure)
[2020-04-26T17:38:16.507+0000][1][gc,task      ] GC(56) Using 10 workers of 10 for evacuation
[2020-04-26T17:38:16.510+0000][1][gc,age       ] GC(56) Desired survivor size 8945664 bytes, new threshold 6 (max threshold 6)
[2020-04-26T17:38:16.510+0000][1][gc,age       ] GC(56) Age table with threshold 6 (max threshold 6)
[2020-04-26T17:38:16.510+0000][1][gc,age       ] GC(56) - age   1:     328744 bytes,     328744 total
[2020-04-26T17:38:16.510+0000][1][gc,age       ] GC(56) - age   2:      81648 bytes,     410392 total
[2020-04-26T17:38:16.510+0000][1][gc,age       ] GC(56) - age   3:      61176 bytes,     471568 total
[2020-04-26T17:38:16.510+0000][1][gc,age       ] GC(56) - age   4:      50808 bytes,     522376 total
[2020-04-26T17:38:16.510+0000][1][gc,age       ] GC(56) - age   5:      16928 bytes,     539304 total
[2020-04-26T17:38:16.510+0000][1][gc,age       ] GC(56) - age   6:      22464 bytes,     561768 total
[2020-04-26T17:38:16.510+0000][1][gc,heap      ] GC(56) ParNew: 140672K->852K(157248K)
[2020-04-26T17:38:16.510+0000][1][gc,heap      ] GC(56) CMS: 80887K->80897K(349568K)
[2020-04-26T17:38:16.510+0000][1][gc,metaspace ] GC(56) Metaspace: 98657K->98657K(1140736K)
[2020-04-26T17:38:16.510+0000][1][gc           ] GC(56) Pause Young (Allocation Failure) 216M->79M(494M) 2.622ms
[2020-04-26T17:38:16.510+0000][1][gc,cpu       ] GC(56) User=0.01s Sys=0.00s Real=0.00s
[2020-04-26T17:38:16.510+0000][1][safepoint    ] Safepoint "GenCollectForAllocation", Time since last: 3149500 ns, Reaching safepoint: 133200 ns, At safepoint: 2716400 ns, Total: 2849600 ns
[2020-04-26T17:38:16.633+0000][1][safepoint    ] Safepoint "RevokeBias", Time since last: 122741700 ns, Reaching safepoint: 273400 ns, At safepoint: 75000 ns, Total: 348400 ns
[2020-04-26T17:38:16.634+0000][1][safepoint    ] Safepoint "RevokeBias", Time since last: 995900 ns, Reaching safepoint: 146000 ns, At safepoint: 70800 ns, Total: 216800 ns
[2020-04-26T17:38:16.848+0000][1][safepoint    ] Safepoint "RevokeBias", Time since last: 213772700 ns, Reaching safepoint: 134900 ns, At safepoint: 43900 ns, Total: 178800 ns
[2020-04-26T17:38:16.849+0000][1][safepoint    ] Safepoint "RevokeBias", Time since last: 502500 ns, Reaching safepoint: 84600 ns, At safepoint: 35000 ns, Total: 119600 ns
[2020-04-26T17:38:16.853+0000][1][safepoint    ] Safepoint "RevokeBias", Time since last: 3588400 ns, Reaching safepoint: 158200 ns, At safepoint: 56100 ns, Total: 214300 ns
[2020-04-26T17:38:16.885+0000][1][safepoint    ] Safepoint "RevokeBias", Time since last: 31615100 ns, Reaching safepoint: 178800 ns, At safepoint: 51100 ns, Total: 229900 ns
[2020-04-26T17:38:16.885+0000][1][safepoint    ] Safepoint "RevokeBias", Time since last: 207600 ns, Reaching safepoint: 138300 ns, At safepoint: 61900 ns, Total: 200200 ns
[2020-04-26T17:38:16.885+0000][1][safepoint    ] Safepoint "RevokeBias", Time since last: 178500 ns, Reaching safepoint: 151100 ns, At safepoint: 32700 ns, Total: 183800 ns
[2020-04-26T17:38:16.886+0000][1][safepoint    ] Safepoint "RevokeBias", Time since last: 195500 ns, Reaching safepoint: 72600 ns, At safepoint: 32400 ns, Total: 105000 ns
[2020-04-26T17:38:16.887+0000][1][safepoint    ] Safepoint "RevokeBias", Time since last: 858300 ns, Reaching safepoint: 77300 ns, At safepoint: 38600 ns, Total: 115900 ns
[2020-04-26T17:38:16.917+0000][1][safepoint    ] Safepoint "RevokeBias", Time since last: 29766900 ns, Reaching safepoint: 254800 ns, At safepoint: 122800 ns, Total: 377600 ns
[2020-04-26T17:38:16.927+0000][1][safepoint    ] Safepoint "BulkRevokeBias", Time since last: 9266400 ns, Reaching safepoint: 150600 ns, At safepoint: 868100 ns, Total: 1018700 ns
[2020-04-26T17:38:16.928+0000][1][safepoint    ] Safepoint "BulkRevokeBias", Time since last: 146200 ns, Reaching safepoint: 186900 ns, At safepoint: 591800 ns, Total: 778700 ns
[2020-04-26T17:38:16.947+0000][1][safepoint    ] Safepoint "BulkRevokeBias", Time since last: 16992100 ns, Reaching safepoint: 243400 ns, At safepoint: 1405500 ns, Total: 1648900 ns
[2020-04-26T17:38:16.976+0000][1][safepoint    ] Safepoint "RevokeBias", Time since last: 29191400 ns, Reaching safepoint: 151900 ns, At safepoint: 61800 ns, Total: 213700 ns
[2020-04-26T17:38:17.554+0000][1][safepoint    ] Safepoint "RevokeBias", Time since last: 577336800 ns, Reaching safepoint: 151800 ns, At safepoint: 42700 ns, Total: 194500 ns
[2020-04-26T17:38:17.554+0000][1][safepoint    ] Safepoint "RevokeBias", Time since last: 535100 ns, Reaching safepoint: 108200 ns, At safepoint: 38900 ns, Total: 147100 ns
[2020-04-26T17:38:17.918+0000][1][safepoint    ] Safepoint "RevokeBias", Time since last: 363007000 ns, Reaching safepoint: 565300 ns, At safepoint: 194500 ns, Total: 759800 ns
[2020-04-26T17:38:17.919+0000][1][safepoint    ] Safepoint "RevokeBias", Time since last: 649300 ns, Reaching safepoint: 403100 ns, At safepoint: 175400 ns, Total: 578500 ns
[2020-04-26T17:38:17.920+0000][1][safepoint    ] Safepoint "RevokeBias", Time since last: 626800 ns, Reaching safepoint: 380800 ns, At safepoint: 218300 ns, Total: 599100 ns
[2020-04-26T17:38:18.922+0000][1][safepoint    ] Safepoint "Cleanup", Time since last: 1000750400 ns, Reaching safepoint: 663200 ns, At safepoint: 305800 ns, Total: 969000 ns
[2020-04-26T17:38:19.924+0000][1][safepoint    ] Safepoint "Cleanup", Time since last: 1000675100 ns, Reaching safepoint: 438300 ns, At safepoint: 209400 ns, Total: 647700 ns
[2020-04-26T17:38:20.447+0000][1][safepoint    ] Safepoint "RevokeBias", Time since last: 522608800 ns, Reaching safepoint: 428300 ns, At safepoint: 212700 ns, Total: 641000 ns
[2020-04-26T17:38:21.448+0000][1][safepoint    ] Safepoint "Cleanup", Time since last: 1000687500 ns, Reaching safepoint: 439200 ns, At safepoint: 236400 ns, Total: 675600 ns
[2020-04-26T17:38:22.449+0000][1][safepoint    ] Safepoint "Cleanup", Time since last: 1000267200 ns, Reaching safepoint: 164600 ns, At safepoint: 35200 ns, Total: 199800 ns
[2020-04-26T17:38:23.450+0000][1][safepoint    ] Safepoint "Cleanup", Time since last: 1000351200 ns, Reaching safepoint: 434700 ns, At safepoint: 197600 ns, Total: 632300 ns
[2020-04-26T17:38:24.451+0000][1][safepoint    ] Safepoint "Cleanup", Time since last: 1000370000 ns, Reaching safepoint: 451800 ns, At safepoint: 212100 ns, Total: 663900 ns
[2020-04-26T17:38:24.814+0000][1][safepoint    ] Safepoint "RevokeBias", Time since last: 362888200 ns, Reaching safepoint: 177800 ns, At safepoint: 60600 ns, Total: 238400 ns
[2020-04-26T17:38:24.815+0000][1][safepoint    ] Safepoint "RevokeBias", Time since last: 583900 ns, Reaching safepoint: 139800 ns, At safepoint: 49800 ns, Total: 189600 ns
[2020-04-26T17:38:24.837+0000][1][safepoint    ] Safepoint "RevokeBias", Time since last: 21927600 ns, Reaching safepoint: 119600 ns, At safepoint: 49900 ns, Total: 169500 ns
[2020-04-26T17:38:24.837+0000][1][safepoint    ] Safepoint "RevokeBias", Time since last: 357300 ns, Reaching safepoint: 105300 ns, At safepoint: 48100 ns, Total: 153400 ns
[2020-04-26T17:38:24.838+0000][1][safepoint    ] Safepoint "RevokeBias", Time since last: 355300 ns, Reaching safepoint: 87700 ns, At safepoint: 46700 ns, Total: 134400 ns
[2020-04-26T17:38:24.838+0000][1][safepoint    ] Safepoint "RevokeBias", Time since last: 203400 ns, Reaching safepoint: 86700 ns, At safepoint: 32100 ns, Total: 118800 ns
[2020-04-26T17:38:24.849+0000][1][safepoint    ] Safepoint "RevokeBias", Time since last: 11309400 ns, Reaching safepoint: 94400 ns, At safepoint: 53700 ns, Total: 148100 ns
[2020-04-26T17:38:24.850+0000][1][safepoint    ] Safepoint "RevokeBias", Time since last: 166700 ns, Reaching safepoint: 74700 ns, At safepoint: 31900 ns, Total: 106600 ns
[2020-04-26T17:38:24.850+0000][1][safepoint    ] Safepoint "RevokeBias", Time since last: 169300 ns, Reaching safepoint: 70900 ns, At safepoint: 31200 ns, Total: 102100 ns
[2020-04-26T17:38:24.850+0000][1][safepoint    ] Safepoint "RevokeBias", Time since last: 163800 ns, Reaching safepoint: 70300 ns, At safepoint: 31100 ns, Total: 101400 ns
[2020-04-26T17:38:24.850+0000][1][safepoint    ] Safepoint "RevokeBias", Time since last: 162500 ns, Reaching safepoint: 73200 ns, At safepoint: 30700 ns, Total: 103900 ns
[2020-04-26T17:38:24.851+0000][1][safepoint    ] Safepoint "RevokeBias", Time since last: 180300 ns, Reaching safepoint: 70500 ns, At safepoint: 30800 ns, Total: 101300 ns
[2020-04-26T17:38:24.854+0000][1][safepoint    ] Safepoint "RevokeBias", Time since last: 3187400 ns, Reaching safepoint: 83100 ns, At safepoint: 48100 ns, Total: 131200 ns
[2020-04-26T17:38:24.861+0000][1][safepoint    ] Safepoint "RevokeBias", Time since last: 6582800 ns, Reaching safepoint: 122100 ns, At safepoint: 65400 ns, Total: 187500 ns
[2020-04-26T17:38:24.861+0000][1][safepoint    ] Safepoint "RevokeBias", Time since last: 333500 ns, Reaching safepoint: 82400 ns, At safepoint: 47500 ns, Total: 129900 ns
[2020-04-26T17:38:24.862+0000][1][safepoint    ] Safepoint "RevokeBias", Time since last: 399900 ns, Reaching safepoint: 81000 ns, At safepoint: 27800 ns, Total: 108800 ns
[2020-04-26T17:38:24.862+0000][1][safepoint    ] Safepoint "RevokeBias", Time since last: 186400 ns, Reaching safepoint: 80900 ns, At safepoint: 46200 ns, Total: 127100 ns
[2020-04-26T17:38:24.862+0000][1][safepoint    ] Safepoint "RevokeBias", Time since last: 151700 ns, Reaching safepoint: 92600 ns, At safepoint: 46900 ns, Total: 139500 ns
[2020-04-26T17:38:24.865+0000][1][safepoint    ] Safepoint "RevokeBias", Time since last: 1961500 ns, Reaching safepoint: 81300 ns, At safepoint: 46700 ns, Total: 128000 ns
[2020-04-26T17:38:24.865+0000][1][safepoint    ] Safepoint "RevokeBias", Time since last: 152300 ns, Reaching safepoint: 80100 ns, At safepoint: 46200 ns, Total: 126300 ns
[2020-04-26T17:38:24.867+0000][1][safepoint    ] Safepoint "RevokeBias", Time since last: 1915800 ns, Reaching safepoint: 80200 ns, At safepoint: 27100 ns, Total: 107300 ns
[2020-04-26T17:38:24.867+0000][1][safepoint    ] Safepoint "RevokeBias", Time since last: 168900 ns, Reaching safepoint: 80200 ns, At safepoint: 45700 ns, Total: 125900 ns
[2020-04-26T17:38:24.871+0000][1][safepoint    ] Safepoint "RevokeBias", Time since last: 3559300 ns, Reaching safepoint: 212400 ns, At safepoint: 85700 ns, Total: 298100 ns
[2020-04-26T17:38:24.897+0000][1][safepoint    ] Safepoint "RevokeBias", Time since last: 26238900 ns, Reaching safepoint: 117700 ns, At safepoint: 32600 ns, Total: 150300 ns
[2020-04-26T17:38:24.898+0000][1][safepoint    ] Safepoint "RevokeBias", Time since last: 178600 ns, Reaching safepoint: 76300 ns, At safepoint: 28800 ns, Total: 105100 ns
[2020-04-26T17:38:24.898+0000][1][safepoint    ] Safepoint "RevokeBias", Time since last: 140300 ns, Reaching safepoint: 69800 ns, At safepoint: 28300 ns, Total: 98100 ns
[2020-04-26T17:38:24.898+0000][1][safepoint    ] Safepoint "RevokeBias", Time since last: 249500 ns, Reaching safepoint: 69100 ns, At safepoint: 28300 ns, Total: 97400 ns
[2020-04-26T17:38:24.898+0000][1][safepoint    ] Safepoint "RevokeBias", Time since last: 146800 ns, Reaching safepoint: 69000 ns, At safepoint: 37200 ns, Total: 106200 ns
[2020-04-26T17:38:24.899+0000][1][safepoint    ] Safepoint "RevokeBias", Time since last: 158500 ns, Reaching safepoint: 68300 ns, At safepoint: 27900 ns, Total: 96200 ns
[2020-04-26T17:38:24.899+0000][1][safepoint    ] Safepoint "RevokeBias", Time since last: 176300 ns, Reaching safepoint: 69700 ns, At safepoint: 27900 ns, Total: 97600 ns
[2020-04-26T17:38:24.900+0000][1][safepoint    ] Safepoint "RevokeBias", Time since last: 912600 ns, Reaching safepoint: 72500 ns, At safepoint: 33000 ns, Total: 105500 ns
[2020-04-26T17:38:24.932+0000][1][safepoint    ] Safepoint "RevokeBias", Time since last: 31386200 ns, Reaching safepoint: 202800 ns, At safepoint: 89900 ns, Total: 292700 ns
[2020-04-26T17:38:24.943+0000][1][safepoint    ] Safepoint "RevokeBias", Time since last: 11332200 ns, Reaching safepoint: 156000 ns, At safepoint: 85000 ns, Total: 241000 ns
[2020-04-26T17:38:24.944+0000][1][safepoint    ] Safepoint "RevokeBias", Time since last: 195700 ns, Reaching safepoint: 225800 ns, At safepoint: 131700 ns, Total: 357500 ns
[2020-04-26T17:38:24.960+0000][1][safepoint    ] Safepoint "RevokeBias", Time since last: 16101200 ns, Reaching safepoint: 170800 ns, At safepoint: 45700 ns, Total: 216500 ns
[2020-04-26T17:38:25.067+0000][1][safepoint    ] Safepoint "RevokeBias", Time since last: 107100600 ns, Reaching safepoint: 149000 ns, At safepoint: 42300 ns, Total: 191300 ns
[2020-04-26T17:38:25.068+0000][1][safepoint    ] Safepoint "RevokeBias", Time since last: 588300 ns, Reaching safepoint: 82500 ns, At safepoint: 34100 ns, Total: 116600 ns
[2020-04-26T17:38:25.265+0000][1][safepoint    ] Safepoint "RevokeBias", Time since last: 196423200 ns, Reaching safepoint: 136400 ns, At safepoint: 45000 ns, Total: 181400 ns
[2020-04-26T17:38:25.265+0000][1][safepoint    ] Safepoint "RevokeBias", Time since last: 490400 ns, Reaching safepoint: 90000 ns, At safepoint: 35100 ns, Total: 125100 ns
[2020-04-26T17:38:25.269+0000][1][safepoint    ] Safepoint "RevokeBias", Time since last: 3709900 ns, Reaching safepoint: 128800 ns, At safepoint: 73500 ns, Total: 202300 ns
[2020-04-26T17:38:25.298+0000][1][safepoint    ] Safepoint "RevokeBias", Time since last: 28395900 ns, Reaching safepoint: 124100 ns, At safepoint: 33400 ns, Total: 157500 ns
[2020-04-26T17:38:25.298+0000][1][safepoint    ] Safepoint "RevokeBias", Time since last: 120400 ns, Reaching safepoint: 71900 ns, At safepoint: 28800 ns, Total: 100700 ns
[2020-04-26T17:38:25.298+0000][1][safepoint    ] Safepoint "RevokeBias", Time since last: 104900 ns, Reaching safepoint: 68000 ns, At safepoint: 27700 ns, Total: 95700 ns
[2020-04-26T17:38:25.298+0000][1][safepoint    ] Safepoint "RevokeBias", Time since last: 119000 ns, Reaching safepoint: 66700 ns, At safepoint: 27100 ns, Total: 93800 ns
[2020-04-26T17:38:25.299+0000][1][safepoint    ] Safepoint "RevokeBias", Time since last: 868900 ns, Reaching safepoint: 72600 ns, At safepoint: 52100 ns, Total: 124700 ns
[2020-04-26T17:38:25.330+0000][1][safepoint    ] Safepoint "RevokeBias", Time since last: 30314700 ns, Reaching safepoint: 130600 ns, At safepoint: 125400 ns, Total: 256000 ns
[2020-04-26T17:38:25.339+0000][1][safepoint    ] Safepoint "RevokeBias", Time since last: 8986100 ns, Reaching safepoint: 210600 ns, At safepoint: 85500 ns, Total: 296100 ns
[2020-04-26T17:38:25.340+0000][1][safepoint    ] Safepoint "RevokeBias", Time since last: 166700 ns, Reaching safepoint: 181500 ns, At safepoint: 54000 ns, Total: 235500 ns
[2020-04-26T17:38:25.358+0000][1][safepoint    ] Safepoint "RevokeBias", Time since last: 17592400 ns, Reaching safepoint: 161500 ns, At safepoint: 50600 ns, Total: 212100 ns
[2020-04-26T17:38:25.448+0000][1][safepoint    ] Safepoint "RevokeBias", Time since last: 90003800 ns, Reaching safepoint: 135000 ns, At safepoint: 40100 ns, Total: 175100 ns
[2020-04-26T17:38:25.970+0000][1][safepoint    ] Safepoint "RevokeBias", Time since last: 522480900 ns, Reaching safepoint: 134800 ns, At safepoint: 45000 ns, Total: 179800 ns
[2020-04-26T17:38:25.971+0000][1][safepoint    ] Safepoint "BulkRevokeBias", Time since last: 499300 ns, Reaching safepoint: 93300 ns, At safepoint: 477700 ns, Total: 571000 ns
[2020-04-26T17:38:26.330+0000][1][safepoint    ] Safepoint "RevokeBias", Time since last: 358445400 ns, Reaching safepoint: 146300 ns, At safepoint: 39300 ns, Total: 185600 ns
[2020-04-26T17:38:26.330+0000][1][safepoint    ] Safepoint "RevokeBias", Time since last: 149000 ns, Reaching safepoint: 76400 ns, At safepoint: 32000 ns, Total: 108400 ns
[2020-04-26T17:38:26.331+0000][1][safepoint    ] Safepoint "RevokeBias", Time since last: 119300 ns, Reaching safepoint: 69500 ns, At safepoint: 29800 ns, Total: 99300 ns
[2020-04-26T17:38:27.332+0000][1][safepoint    ] Safepoint "Cleanup", Time since last: 1000316000 ns, Reaching safepoint: 441500 ns, At safepoint: 202600 ns, Total: 644100 ns
[2020-04-26T17:38:28.333+0000][1][safepoint    ] Safepoint "Cleanup", Time since last: 1000696400 ns, Reaching safepoint: 508500 ns, At safepoint: 207500 ns, Total: 716000 ns
[2020-04-26T17:38:29.333+0000][1][safepoint    ] Safepoint "Cleanup", Time since last: 1000254400 ns, Reaching safepoint: 144100 ns, At safepoint: 36600 ns, Total: 180700 ns
[2020-04-26T17:38:30.334+0000][1][safepoint    ] Safepoint "Cleanup", Time since last: 1000330900 ns, Reaching safepoint: 495900 ns, At safepoint: 221000 ns, Total: 716900 ns
[2020-04-26T17:38:31.335+0000][1][safepoint    ] Safepoint "Cleanup", Time since last: 1000700300 ns, Reaching safepoint: 250000 ns, At safepoint: 103800 ns, Total: 353800 ns
[2020-04-26T17:38:32.337+0000][1][safepoint    ] Safepoint "Cleanup", Time since last: 1000581000 ns, Reaching safepoint: 520000 ns, At safepoint: 204200 ns, Total: 724200 ns
[2020-04-26T17:38:33.338+0000][1][safepoint    ] Safepoint "Cleanup", Time since last: 1000432200 ns, Reaching safepoint: 467900 ns, At safepoint: 220400 ns, Total: 688300 ns
[2020-04-26T17:38:34.339+0000][1][safepoint    ] Safepoint "Cleanup", Time since last: 1000775500 ns, Reaching safepoint: 506500 ns, At safepoint: 274400 ns, Total: 780900 ns
[2020-04-26T17:38:35.341+0000][1][safepoint    ] Safepoint "Cleanup", Time since last: 1000843200 ns, Reaching safepoint: 447000 ns, At safepoint: 211500 ns, Total: 658500 ns
[2020-04-26T17:38:36.342+0000][1][safepoint    ] Safepoint "Cleanup", Time since last: 1000463800 ns, Reaching safepoint: 504500 ns, At safepoint: 269500 ns, Total: 774000 ns
[2020-04-26T17:38:37.343+0000][1][safepoint    ] Safepoint "Cleanup", Time since last: 1000332000 ns, Reaching safepoint: 283300 ns, At safepoint: 117300 ns, Total: 400600 ns
[2020-04-26T17:38:38.344+0000][1][safepoint    ] Safepoint "Cleanup", Time since last: 1000356600 ns, Reaching safepoint: 367600 ns, At safepoint: 84600 ns, Total: 452200 ns
[2020-04-26T17:38:39.344+0000][1][safepoint    ] Safepoint "Cleanup", Time since last: 1000239100 ns, Reaching safepoint: 140500 ns, At safepoint: 43400 ns, Total: 183900 ns
[2020-04-26T17:38:40.345+0000][1][safepoint    ] Safepoint "Cleanup", Time since last: 1000328500 ns, Reaching safepoint: 357300 ns, At safepoint: 159700 ns, Total: 517000 ns
[2020-04-26T17:38:41.346+0000][1][safepoint    ] Safepoint "Cleanup", Time since last: 1000374200 ns, Reaching safepoint: 630500 ns, At safepoint: 220700 ns, Total: 851200 ns
[2020-04-26T17:38:42.347+0000][1][safepoint    ] Safepoint "Cleanup", Time since last: 1000249500 ns, Reaching safepoint: 136100 ns, At safepoint: 28800 ns, Total: 164900 ns
[2020-04-26T17:38:43.348+0000][1][safepoint    ] Safepoint "Cleanup", Time since last: 1000330000 ns, Reaching safepoint: 529400 ns, At safepoint: 196600 ns, Total: 726000 ns
[2020-04-26T17:38:44.349+0000][1][safepoint    ] Safepoint "Cleanup", Time since last: 1000472900 ns, Reaching safepoint: 524400 ns, At safepoint: 221000 ns, Total: 745400 ns
[2020-04-26T17:38:45.350+0000][1][safepoint    ] Safepoint "Cleanup", Time since last: 1000412000 ns, Reaching safepoint: 435300 ns, At safepoint: 220800 ns, Total: 656100 ns
[2020-04-26T17:38:46.351+0000][1][safepoint    ] Safepoint "Cleanup", Time since last: 1000357000 ns, Reaching safepoint: 517700 ns, At safepoint: 207100 ns, Total: 724800 ns
[2020-04-26T17:38:47.155+0000][1][safepoint    ] Safepoint "RevokeBias", Time since last: 803534900 ns, Reaching safepoint: 131900 ns, At safepoint: 42700 ns, Total: 174600 ns
[2020-04-26T17:38:47.159+0000][1][safepoint    ] Safepoint "RevokeBias", Time since last: 4388300 ns, Reaching safepoint: 216700 ns, At safepoint: 122400 ns, Total: 339100 ns
[2020-04-26T17:38:47.160+0000][1][safepoint    ] Safepoint "RevokeBias", Time since last: 49300 ns, Reaching safepoint: 137500 ns, At safepoint: 194700 ns, Total: 332200 ns
[2020-04-26T17:38:47.160+0000][1][safepoint    ] Safepoint "RevokeBias", Time since last: 92000 ns, Reaching safepoint: 164100 ns, At safepoint: 101100 ns, Total: 265200 ns
[2020-04-26T17:38:47.908+0000][1][safepoint    ] Safepoint "RevokeBias", Time since last: 747662000 ns, Reaching safepoint: 275800 ns, At safepoint: 94400 ns, Total: 370200 ns
[2020-04-26T17:38:47.909+0000][1][safepoint    ] Safepoint "RevokeBias", Time since last: 846200 ns, Reaching safepoint: 147100 ns, At safepoint: 101300 ns, Total: 248400 ns
[2020-04-26T17:38:47.930+0000][1][safepoint    ] Safepoint "RevokeBias", Time since last: 20820400 ns, Reaching safepoint: 119600 ns, At safepoint: 34700 ns, Total: 154300 ns
[2020-04-26T17:38:47.931+0000][1][safepoint    ] Safepoint "RevokeBias", Time since last: 229500 ns, Reaching safepoint: 78300 ns, At safepoint: 28800 ns, Total: 107100 ns
[2020-04-26T17:38:47.931+0000][1][safepoint    ] Safepoint "RevokeBias", Time since last: 344500 ns, Reaching safepoint: 67900 ns, At safepoint: 28500 ns, Total: 96400 ns
[2020-04-26T17:38:47.943+0000][1][safepoint    ] Safepoint "RevokeBias", Time since last: 12073200 ns, Reaching safepoint: 122800 ns, At safepoint: 35500 ns, Total: 158300 ns
[2020-04-26T17:38:47.944+0000][1][safepoint    ] Safepoint "RevokeBias", Time since last: 211700 ns, Reaching safepoint: 79200 ns, At safepoint: 32600 ns, Total: 111800 ns
[2020-04-26T17:38:47.944+0000][1][safepoint    ] Safepoint "RevokeBias", Time since last: 184600 ns, Reaching safepoint: 71800 ns, At safepoint: 32000 ns, Total: 103800 ns
[2020-04-26T17:38:47.944+0000][1][safepoint    ] Safepoint "RevokeBias", Time since last: 155100 ns, Reaching safepoint: 101800 ns, At safepoint: 31300 ns, Total: 133100 ns
[2020-04-26T17:38:47.945+0000][1][safepoint    ] Safepoint "RevokeBias", Time since last: 179300 ns, Reaching safepoint: 69900 ns, At safepoint: 31800 ns, Total: 101700 ns
[2020-04-26T17:38:47.945+0000][1][safepoint    ] Safepoint "RevokeBias", Time since last: 192500 ns, Reaching safepoint: 71100 ns, At safepoint: 31800 ns, Total: 102900 ns
[2020-04-26T17:38:47.955+0000][1][safepoint    ] Safepoint "RevokeBias", Time since last: 9695500 ns, Reaching safepoint: 111000 ns, At safepoint: 53800 ns, Total: 164800 ns
[2020-04-26T17:38:47.955+0000][1][safepoint    ] Safepoint "RevokeBias", Time since last: 248400 ns, Reaching safepoint: 87400 ns, At safepoint: 51100 ns, Total: 138500 ns
[2020-04-26T17:38:47.956+0000][1][safepoint    ] Safepoint "RevokeBias", Time since last: 436300 ns, Reaching safepoint: 84900 ns, At safepoint: 51000 ns, Total: 135900 ns
[2020-04-26T17:38:47.956+0000][1][safepoint    ] Safepoint "RevokeBias", Time since last: 183000 ns, Reaching safepoint: 87200 ns, At safepoint: 74400 ns, Total: 161600 ns
[2020-04-26T17:38:47.956+0000][1][safepoint    ] Safepoint "RevokeBias", Time since last: 150500 ns, Reaching safepoint: 103200 ns, At safepoint: 71300 ns, Total: 174500 ns
[2020-04-26T17:38:47.959+0000][1][safepoint    ] Safepoint "RevokeBias", Time since last: 2168600 ns, Reaching safepoint: 86000 ns, At safepoint: 51100 ns, Total: 137100 ns
[2020-04-26T17:38:47.959+0000][1][safepoint    ] Safepoint "RevokeBias", Time since last: 170200 ns, Reaching safepoint: 82700 ns, At safepoint: 50900 ns, Total: 133600 ns
[2020-04-26T17:38:47.961+0000][1][safepoint    ] Safepoint "RevokeBias", Time since last: 1876100 ns, Reaching safepoint: 82800 ns, At safepoint: 50700 ns, Total: 133500 ns
[2020-04-26T17:38:47.961+0000][1][safepoint    ] Safepoint "RevokeBias", Time since last: 167000 ns, Reaching safepoint: 97200 ns, At safepoint: 49400 ns, Total: 146600 ns
[2020-04-26T17:38:47.966+0000][1][safepoint    ] Safepoint "RevokeBias", Time since last: 4103100 ns, Reaching safepoint: 167500 ns, At safepoint: 179500 ns, Total: 347000 ns
[2020-04-26T17:38:47.992+0000][1][safepoint    ] Safepoint "RevokeBias", Time since last: 26633100 ns, Reaching safepoint: 129200 ns, At safepoint: 56500 ns, Total: 185700 ns
[2020-04-26T17:38:47.993+0000][1][safepoint    ] Safepoint "RevokeBias", Time since last: 196900 ns, Reaching safepoint: 95800 ns, At safepoint: 32600 ns, Total: 128400 ns
[2020-04-26T17:38:47.993+0000][1][safepoint    ] Safepoint "RevokeBias", Time since last: 102100 ns, Reaching safepoint: 71400 ns, At safepoint: 29700 ns, Total: 101100 ns
[2020-04-26T17:38:47.993+0000][1][safepoint    ] Safepoint "RevokeBias", Time since last: 230200 ns, Reaching safepoint: 72200 ns, At safepoint: 31800 ns, Total: 104000 ns
[2020-04-26T17:38:47.994+0000][1][safepoint    ] Safepoint "RevokeBias", Time since last: 127000 ns, Reaching safepoint: 71400 ns, At safepoint: 31800 ns, Total: 103200 ns
[2020-04-26T17:38:47.994+0000][1][safepoint    ] Safepoint "RevokeBias", Time since last: 148900 ns, Reaching safepoint: 86000 ns, At safepoint: 31000 ns, Total: 117000 ns
[2020-04-26T17:38:47.994+0000][1][safepoint    ] Safepoint "RevokeBias", Time since last: 145500 ns, Reaching safepoint: 72400 ns, At safepoint: 32000 ns, Total: 104400 ns
[2020-04-26T17:38:47.995+0000][1][safepoint    ] Safepoint "RevokeBias", Time since last: 1060200 ns, Reaching safepoint: 85600 ns, At safepoint: 86200 ns, Total: 171800 ns
[2020-04-26T17:38:48.027+0000][1][safepoint    ] Safepoint "RevokeBias", Time since last: 31497300 ns, Reaching safepoint: 355400 ns, At safepoint: 120100 ns, Total: 475500 ns
[2020-04-26T17:38:48.038+0000][1][safepoint    ] Safepoint "RevokeBias", Time since last: 10678500 ns, Reaching safepoint: 211800 ns, At safepoint: 89600 ns, Total: 301400 ns
[2020-04-26T17:38:48.039+0000][1][safepoint    ] Safepoint "RevokeBias", Time since last: 151900 ns, Reaching safepoint: 231300 ns, At safepoint: 136300 ns, Total: 367600 ns
[2020-04-26T17:38:48.056+0000][1][safepoint    ] Safepoint "RevokeBias", Time since last: 16834000 ns, Reaching safepoint: 181400 ns, At safepoint: 100600 ns, Total: 282000 ns
[2020-04-26T17:38:48.177+0000][1][safepoint    ] Safepoint "RevokeBias", Time since last: 120763100 ns, Reaching safepoint: 298200 ns, At safepoint: 92200 ns, Total: 390400 ns
[2020-04-26T17:38:48.179+0000][1][safepoint    ] Safepoint "RevokeBias", Time since last: 1213300 ns, Reaching safepoint: 184400 ns, At safepoint: 126900 ns, Total: 311300 ns
[2020-04-26T17:38:48.379+0000][1][safepoint    ] Safepoint "RevokeBias", Time since last: 199915000 ns, Reaching safepoint: 140500 ns, At safepoint: 39100 ns, Total: 179600 ns
[2020-04-26T17:38:48.379+0000][1][safepoint    ] Safepoint "RevokeBias", Time since last: 555600 ns, Reaching safepoint: 92500 ns, At safepoint: 47300 ns, Total: 139800 ns
[2020-04-26T17:38:48.383+0000][1][gc,start     ] GC(57) Pause Young (Allocation Failure)
[2020-04-26T17:38:48.383+0000][1][gc,task      ] GC(57) Using 10 workers of 10 for evacuation
[2020-04-26T17:38:48.385+0000][1][gc,age       ] GC(57) Desired survivor size 8945664 bytes, new threshold 6 (max threshold 6)
[2020-04-26T17:38:48.385+0000][1][gc,age       ] GC(57) Age table with threshold 6 (max threshold 6)
[2020-04-26T17:38:48.385+0000][1][gc,age       ] GC(57) - age   1:     179536 bytes,     179536 total
[2020-04-26T17:38:48.385+0000][1][gc,age       ] GC(57) - age   2:      68792 bytes,     248328 total
[2020-04-26T17:38:48.385+0000][1][gc,age       ] GC(57) - age   3:      59640 bytes,     307968 total
[2020-04-26T17:38:48.385+0000][1][gc,age       ] GC(57) - age   4:      61032 bytes,     369000 total
[2020-04-26T17:38:48.385+0000][1][gc,age       ] GC(57) - age   5:      50744 bytes,     419744 total
[2020-04-26T17:38:48.385+0000][1][gc,age       ] GC(57) - age   6:      16896 bytes,     436640 total
[2020-04-26T17:38:48.385+0000][1][gc,heap      ] GC(57) ParNew: 140628K->723K(157248K)
[2020-04-26T17:38:48.385+0000][1][gc,heap      ] GC(57) CMS: 80897K->80920K(349568K)
[2020-04-26T17:38:48.385+0000][1][gc,metaspace ] GC(57) Metaspace: 98766K->98766K(1140736K)
[2020-04-26T17:38:48.385+0000][1][gc           ] GC(57) Pause Young (Allocation Failure) 216M->79M(494M) 2.562ms
[2020-04-26T17:38:48.385+0000][1][gc,cpu       ] GC(57) User=0.01s Sys=0.01s Real=0.00s
[2020-04-26T17:38:48.385+0000][1][safepoint    ] Safepoint "GenCollectForAllocation", Time since last: 3178000 ns, Reaching safepoint: 200700 ns, At safepoint: 2642800 ns, Total: 2843500 ns
[2020-04-26T17:38:48.387+0000][1][safepoint    ] Safepoint "BulkRevokeBias", Time since last: 741600 ns, Reaching safepoint: 175000 ns, At safepoint: 507700 ns, Total: 682700 ns
[2020-04-26T17:38:48.415+0000][1][safepoint    ] Safepoint "RevokeBias", Time since last: 27592500 ns, Reaching safepoint: 119100 ns, At safepoint: 36100 ns, Total: 155200 ns
[2020-04-26T17:38:48.415+0000][1][safepoint    ] Safepoint "RevokeBias", Time since last: 181500 ns, Reaching safepoint: 77300 ns, At safepoint: 32800 ns, Total: 110100 ns
[2020-04-26T17:38:48.415+0000][1][safepoint    ] Safepoint "RevokeBias", Time since last: 119800 ns, Reaching safepoint: 70300 ns, At safepoint: 31500 ns, Total: 101800 ns
[2020-04-26T17:38:48.415+0000][1][safepoint    ] Safepoint "RevokeBias", Time since last: 121900 ns, Reaching safepoint: 69900 ns, At safepoint: 31200 ns, Total: 101100 ns
[2020-04-26T17:38:48.416+0000][1][safepoint    ] Safepoint "RevokeBias", Time since last: 824600 ns, Reaching safepoint: 77400 ns, At safepoint: 37900 ns, Total: 115300 ns
[2020-04-26T17:38:48.418+0000][1][safepoint    ] Safepoint "RevokeBias", Time since last: 1550800 ns, Reaching safepoint: 170200 ns, At safepoint: 67800 ns, Total: 238000 ns
[2020-04-26T17:38:48.449+0000][1][safepoint    ] Safepoint "BulkRevokeBias", Time since last: 30275100 ns, Reaching safepoint: 159600 ns, At safepoint: 580000 ns, Total: 739600 ns
[2020-04-26T17:38:48.458+0000][1][safepoint    ] Safepoint "RevokeBias", Time since last: 9187800 ns, Reaching safepoint: 159700 ns, At safepoint: 62200 ns, Total: 221900 ns
[2020-04-26T17:38:48.459+0000][1][safepoint    ] Safepoint "RevokeBias", Time since last: 243700 ns, Reaching safepoint: 100000 ns, At safepoint: 55100 ns, Total: 155100 ns
[2020-04-26T17:38:48.476+0000][1][safepoint    ] Safepoint "RevokeBias", Time since last: 16986500 ns, Reaching safepoint: 113300 ns, At safepoint: 36300 ns, Total: 149600 ns
[2020-04-26T17:38:49.100+0000][1][safepoint    ] Safepoint "RevokeBias", Time since last: 623282200 ns, Reaching safepoint: 223100 ns, At safepoint: 77400 ns, Total: 300500 ns
[2020-04-26T17:38:49.101+0000][1][safepoint    ] Safepoint "RevokeBias", Time since last: 789000 ns, Reaching safepoint: 151500 ns, At safepoint: 70300 ns, Total: 221800 ns
[2020-04-26T17:38:49.449+0000][1][safepoint    ] Safepoint "RevokeBias", Time since last: 348219100 ns, Reaching safepoint: 149900 ns, At safepoint: 51000 ns, Total: 200900 ns
[2020-04-26T17:38:49.449+0000][1][safepoint    ] Safepoint "RevokeBias", Time since last: 173400 ns, Reaching safepoint: 101000 ns, At safepoint: 45600 ns, Total: 146600 ns
[2020-04-26T17:38:49.450+0000][1][safepoint    ] Safepoint "RevokeBias", Time since last: 162300 ns, Reaching safepoint: 99400 ns, At safepoint: 42400 ns, Total: 141800 ns
[2020-04-26T17:38:50.451+0000][1][safepoint    ] Safepoint "Cleanup", Time since last: 1000297200 ns, Reaching safepoint: 449500 ns, At safepoint: 209400 ns, Total: 658900 ns
[2020-04-26T17:38:50.474+0000][1][safepoint    ] Safepoint "RevokeBias", Time since last: 23062300 ns, Reaching safepoint: 532400 ns, At safepoint: 178200 ns, Total: 710600 ns
[2020-04-26T17:38:51.475+0000][1][safepoint    ] Safepoint "Cleanup", Time since last: 1000460800 ns, Reaching safepoint: 366500 ns, At safepoint: 102600 ns, Total: 469100 ns
[2020-04-26T17:38:52.476+0000][1][safepoint    ] Safepoint "Cleanup", Time since last: 1000396700 ns, Reaching safepoint: 338400 ns, At safepoint: 158800 ns, Total: 497200 ns
[2020-04-26T17:38:53.477+0000][1][safepoint    ] Safepoint "Cleanup", Time since last: 1000325100 ns, Reaching safepoint: 452500 ns, At safepoint: 177400 ns, Total: 629900 ns
[2020-04-26T17:38:54.478+0000][1][safepoint    ] Safepoint "Cleanup", Time since last: 1000423700 ns, Reaching safepoint: 451800 ns, At safepoint: 286200 ns, Total: 738000 ns
[2020-04-26T17:38:55.480+0000][1][safepoint    ] Safepoint "Cleanup", Time since last: 1000457100 ns, Reaching safepoint: 524600 ns, At safepoint: 209800 ns, Total: 734400 ns
[2020-04-26T17:38:56.481+0000][1][safepoint    ] Safepoint "Cleanup", Time since last: 1000833600 ns, Reaching safepoint: 452500 ns, At safepoint: 144400 ns, Total: 596900 ns
[2020-04-26T17:38:57.481+0000][1][safepoint    ] Safepoint "Cleanup", Time since last: 1000365500 ns, Reaching safepoint: 147900 ns, At safepoint: 31300 ns, Total: 179200 ns
[2020-04-26T17:38:58.483+0000][1][safepoint    ] Safepoint "Cleanup", Time since last: 1000575900 ns, Reaching safepoint: 546700 ns, At safepoint: 138200 ns, Total: 684900 ns
[2020-04-26T17:38:59.483+0000][1][safepoint    ] Safepoint "Cleanup", Time since last: 1000228400 ns, Reaching safepoint: 158500 ns, At safepoint: 30500 ns, Total: 189000 ns
[2020-04-26T17:39:00.484+0000][1][safepoint    ] Safepoint "Cleanup", Time since last: 1000407800 ns, Reaching safepoint: 454700 ns, At safepoint: 176100 ns, Total: 630800 ns
[2020-04-26T17:39:01.485+0000][1][safepoint    ] Safepoint "Cleanup", Time since last: 1000753700 ns, Reaching safepoint: 262700 ns, At safepoint: 78800 ns, Total: 341500 ns
[2020-04-26T17:39:02.486+0000][1][safepoint    ] Safepoint "Cleanup", Time since last: 1000179200 ns, Reaching safepoint: 128400 ns, At safepoint: 26100 ns, Total: 154500 ns
[2020-04-26T17:39:03.486+0000][1][safepoint    ] Safepoint "Cleanup", Time since last: 1000165000 ns, Reaching safepoint: 164400 ns, At safepoint: 48800 ns, Total: 213200 ns
[2020-04-26T17:39:04.487+0000][1][safepoint    ] Safepoint "Cleanup", Time since last: 1000257100 ns, Reaching safepoint: 336300 ns, At safepoint: 84600 ns, Total: 420900 ns
[2020-04-26T17:39:05.488+0000][1][safepoint    ] Safepoint "Cleanup", Time since last: 1000718400 ns, Reaching safepoint: 460000 ns, At safepoint: 158000 ns, Total: 618000 ns
[2020-04-26T17:39:06.489+0000][1][safepoint    ] Safepoint "Cleanup", Time since last: 1000317900 ns, Reaching safepoint: 134500 ns, At safepoint: 29300 ns, Total: 163800 ns
[2020-04-26T17:39:07.490+0000][1][safepoint    ] Safepoint "Cleanup", Time since last: 1000344300 ns, Reaching safepoint: 524400 ns, At safepoint: 130100 ns, Total: 654500 ns
[2020-04-26T17:39:08.491+0000][1][safepoint    ] Safepoint "Cleanup", Time since last: 1000329900 ns, Reaching safepoint: 676200 ns, At safepoint: 148900 ns, Total: 825100 ns
[2020-04-26T17:39:09.492+0000][1][safepoint    ] Safepoint "Cleanup", Time since last: 1000510700 ns, Reaching safepoint: 763900 ns, At safepoint: 204000 ns, Total: 967900 ns
[2020-04-26T17:39:10.493+0000][1][safepoint    ] Safepoint "Cleanup", Time since last: 1000386600 ns, Reaching safepoint: 170000 ns, At safepoint: 45500 ns, Total: 215500 ns
[2020-04-26T17:39:11.494+0000][1][safepoint    ] Safepoint "Cleanup", Time since last: 1000312200 ns, Reaching safepoint: 556000 ns, At safepoint: 133900 ns, Total: 689900 ns
[2020-04-26T17:39:12.495+0000][1][safepoint    ] Safepoint "Cleanup", Time since last: 1000733600 ns, Reaching safepoint: 640100 ns, At safepoint: 202600 ns, Total: 842700 ns
[2020-04-26T17:39:14.131+0000][1][safepoint    ] Safepoint "Cleanup", Time since last: 1635274000 ns, Reaching safepoint: 265500 ns, At safepoint: 73200 ns, Total: 338700 ns
[2020-04-26T17:39:15.132+0000][1][safepoint    ] Safepoint "Cleanup", Time since last: 1000483100 ns, Reaching safepoint: 518200 ns, At safepoint: 206700 ns, Total: 724900 ns
[2020-04-26T17:39:16.133+0000][1][safepoint    ] Safepoint "Cleanup", Time since last: 1000372000 ns, Reaching safepoint: 127500 ns, At safepoint: 26900 ns, Total: 154400 ns
[2020-04-26T17:39:17.133+0000][1][safepoint    ] Safepoint "Cleanup", Time since last: 1000196900 ns, Reaching safepoint: 154300 ns, At safepoint: 49100 ns, Total: 203400 ns
[2020-04-26T17:39:18.134+0000][1][safepoint    ] Safepoint "Cleanup", Time since last: 1000614900 ns, Reaching safepoint: 435100 ns, At safepoint: 131900 ns, Total: 567000 ns
[2020-04-26T17:39:18.449+0000][1][safepoint    ] Safepoint "RevokeBias", Time since last: 314547100 ns, Reaching safepoint: 332600 ns, At safepoint: 99900 ns, Total: 432500 ns
[2020-04-26T17:39:18.450+0000][1][safepoint    ] Safepoint "RevokeBias", Time since last: 346900 ns, Reaching safepoint: 166200 ns, At safepoint: 107300 ns, Total: 273500 ns
[2020-04-26T17:39:19.451+0000][1][safepoint    ] Safepoint "Cleanup", Time since last: 1000297900 ns, Reaching safepoint: 378500 ns, At safepoint: 95500 ns, Total: 474000 ns
[2020-04-26T17:39:20.451+0000][1][safepoint    ] Safepoint "Cleanup", Time since last: 1000248700 ns, Reaching safepoint: 263300 ns, At safepoint: 78800 ns, Total: 342100 ns
[2020-04-26T17:39:21.452+0000][1][safepoint    ] Safepoint "Cleanup", Time since last: 1000238400 ns, Reaching safepoint: 332700 ns, At safepoint: 95400 ns, Total: 428100 ns
[2020-04-26T17:39:22.421+0000][1][safepoint    ] Safepoint "RevokeBias", Time since last: 968093700 ns, Reaching safepoint: 517600 ns, At safepoint: 196100 ns, Total: 713700 ns
[2020-04-26T17:39:23.422+0000][1][safepoint    ] Safepoint "Cleanup", Time since last: 1000624600 ns, Reaching safepoint: 435300 ns, At safepoint: 133300 ns, Total: 568600 ns
[2020-04-26T17:39:24.423+0000][1][safepoint    ] Safepoint "Cleanup", Time since last: 1000540600 ns, Reaching safepoint: 547700 ns, At safepoint: 131400 ns, Total: 679100 ns
[2020-04-26T17:39:25.424+0000][1][safepoint    ] Safepoint "Cleanup", Time since last: 1000381400 ns, Reaching safepoint: 435800 ns, At safepoint: 132400 ns, Total: 568200 ns
[2020-04-26T17:39:26.425+0000][1][safepoint    ] Safepoint "Cleanup", Time since last: 1000362300 ns, Reaching safepoint: 329000 ns, At safepoint: 95100 ns, Total: 424100 ns
[2020-04-26T17:39:27.426+0000][1][safepoint    ] Safepoint "Cleanup", Time since last: 1000581600 ns, Reaching safepoint: 437000 ns, At safepoint: 131900 ns, Total: 568900 ns
[2020-04-26T17:39:28.427+0000][1][safepoint    ] Safepoint "Cleanup", Time since last: 1000348000 ns, Reaching safepoint: 476600 ns, At safepoint: 167000 ns, Total: 643600 ns
[2020-04-26T17:39:29.427+0000][1][safepoint    ] Safepoint "Cleanup", Time since last: 1000231900 ns, Reaching safepoint: 227600 ns, At safepoint: 29300 ns, Total: 256900 ns
[2020-04-26T17:39:30.428+0000][1][safepoint    ] Safepoint "Cleanup", Time since last: 1000315600 ns, Reaching safepoint: 512300 ns, At safepoint: 130000 ns, Total: 642300 ns
[2020-04-26T17:39:31.026+0000][1][safepoint    ] Safepoint "RevokeBias", Time since last: 597069000 ns, Reaching safepoint: 143000 ns, At safepoint: 41200 ns, Total: 184200 ns
[2020-04-26T17:39:31.026+0000][1][safepoint    ] Safepoint "RevokeBias", Time since last: 467100 ns, Reaching safepoint: 86700 ns, At safepoint: 32700 ns, Total: 119400 ns
[2020-04-26T17:39:31.044+0000][1][safepoint    ] Safepoint "RevokeBias", Time since last: 17031100 ns, Reaching safepoint: 260500 ns, At safepoint: 77800 ns, Total: 338300 ns
[2020-04-26T17:39:31.044+0000][1][safepoint    ] Safepoint "RevokeBias", Time since last: 474100 ns, Reaching safepoint: 185600 ns, At safepoint: 65500 ns, Total: 251100 ns
[2020-04-26T17:39:31.056+0000][1][safepoint    ] Safepoint "RevokeBias", Time since last: 11610100 ns, Reaching safepoint: 109700 ns, At safepoint: 53300 ns, Total: 163000 ns
[2020-04-26T17:39:31.056+0000][1][safepoint    ] Safepoint "RevokeBias", Time since last: 150300 ns, Reaching safepoint: 93200 ns, At safepoint: 50700 ns, Total: 143900 ns
[2020-04-26T17:39:31.057+0000][1][safepoint    ] Safepoint "RevokeBias", Time since last: 144300 ns, Reaching safepoint: 116800 ns, At safepoint: 30300 ns, Total: 147100 ns
[2020-04-26T17:39:31.057+0000][1][safepoint    ] Safepoint "RevokeBias", Time since last: 176600 ns, Reaching safepoint: 83200 ns, At safepoint: 30900 ns, Total: 114100 ns
[2020-04-26T17:39:31.057+0000][1][safepoint    ] Safepoint "RevokeBias", Time since last: 186300 ns, Reaching safepoint: 81800 ns, At safepoint: 50000 ns, Total: 131800 ns
[2020-04-26T17:39:31.058+0000][1][safepoint    ] Safepoint "RevokeBias", Time since last: 183700 ns, Reaching safepoint: 69300 ns, At safepoint: 50200 ns, Total: 119500 ns
[2020-04-26T17:39:31.067+0000][1][safepoint    ] Safepoint "RevokeBias", Time since last: 9682500 ns, Reaching safepoint: 79300 ns, At safepoint: 50700 ns, Total: 130000 ns
[2020-04-26T17:39:31.068+0000][1][safepoint    ] Safepoint "RevokeBias", Time since last: 258500 ns, Reaching safepoint: 76000 ns, At safepoint: 52000 ns, Total: 128000 ns
[2020-04-26T17:39:31.068+0000][1][safepoint    ] Safepoint "RevokeBias", Time since last: 384900 ns, Reaching safepoint: 86100 ns, At safepoint: 50100 ns, Total: 136200 ns
[2020-04-26T17:39:31.069+0000][1][safepoint    ] Safepoint "BulkRevokeBias", Time since last: 149300 ns, Reaching safepoint: 69800 ns, At safepoint: 536500 ns, Total: 606300 ns
[2020-04-26T17:39:31.069+0000][1][safepoint    ] Safepoint "RevokeBias", Time since last: 142600 ns, Reaching safepoint: 69900 ns, At safepoint: 31500 ns, Total: 101400 ns
[2020-04-26T17:39:31.072+0000][1][safepoint    ] Safepoint "BulkRevokeBias", Time since last: 1952000 ns, Reaching safepoint: 69200 ns, At safepoint: 507400 ns, Total: 576600 ns
[2020-04-26T17:39:31.077+0000][1][safepoint    ] Safepoint "RevokeBias", Time since last: 5033100 ns, Reaching safepoint: 105100 ns, At safepoint: 65800 ns, Total: 170900 ns
[2020-04-26T17:39:31.103+0000][1][safepoint    ] Safepoint "BulkRevokeBias", Time since last: 25620700 ns, Reaching safepoint: 130200 ns, At safepoint: 507000 ns, Total: 637200 ns
[2020-04-26T17:39:31.104+0000][1][safepoint    ] Safepoint "RevokeBias", Time since last: 140700 ns, Reaching safepoint: 94400 ns, At safepoint: 38000 ns, Total: 132400 ns
[2020-04-26T17:39:31.104+0000][1][safepoint    ] Safepoint "RevokeBias", Time since last: 237500 ns, Reaching safepoint: 75500 ns, At safepoint: 33200 ns, Total: 108700 ns
[2020-04-26T17:39:31.104+0000][1][safepoint    ] Safepoint "RevokeBias", Time since last: 171400 ns, Reaching safepoint: 72400 ns, At safepoint: 32600 ns, Total: 105000 ns
[2020-04-26T17:39:31.104+0000][1][safepoint    ] Safepoint "RevokeBias", Time since last: 157100 ns, Reaching safepoint: 74400 ns, At safepoint: 32400 ns, Total: 106800 ns
[2020-04-26T17:39:31.106+0000][1][safepoint    ] Safepoint "RevokeBias", Time since last: 1025800 ns, Reaching safepoint: 99900 ns, At safepoint: 53200 ns, Total: 153100 ns
[2020-04-26T17:39:31.135+0000][1][safepoint    ] Safepoint "RevokeBias", Time since last: 29166600 ns, Reaching safepoint: 153800 ns, At safepoint: 81400 ns, Total: 235200 ns
[2020-04-26T17:39:31.144+0000][1][safepoint    ] Safepoint "RevokeBias", Time since last: 8547000 ns, Reaching safepoint: 257200 ns, At safepoint: 116200 ns, Total: 373400 ns
[2020-04-26T17:39:31.145+0000][1][safepoint    ] Safepoint "RevokeBias", Time since last: 155200 ns, Reaching safepoint: 315800 ns, At safepoint: 149800 ns, Total: 465600 ns
[2020-04-26T17:39:31.161+0000][1][safepoint    ] Safepoint "RevokeBias", Time since last: 16465200 ns, Reaching safepoint: 132200 ns, At safepoint: 38200 ns, Total: 170400 ns
[2020-04-26T17:39:31.273+0000][1][safepoint    ] Safepoint "RevokeBias", Time since last: 111257700 ns, Reaching safepoint: 149900 ns, At safepoint: 36400 ns, Total: 186300 ns
[2020-04-26T17:39:31.273+0000][1][safepoint    ] Safepoint "RevokeBias", Time since last: 550000 ns, Reaching safepoint: 89200 ns, At safepoint: 34100 ns, Total: 123300 ns
[2020-04-26T17:39:31.305+0000][1][safepoint    ] Safepoint "RevokeBias", Time since last: 31263900 ns, Reaching safepoint: 130200 ns, At safepoint: 42100 ns, Total: 172300 ns
[2020-04-26T17:39:31.484+0000][1][safepoint    ] Safepoint "BulkRevokeBias", Time since last: 177125500 ns, Reaching safepoint: 454200 ns, At safepoint: 2098200 ns, Total: 2552400 ns
[2020-04-26T17:39:31.487+0000][1][safepoint    ] Safepoint "RevokeBias", Time since last: 1640400 ns, Reaching safepoint: 445200 ns, At safepoint: 162800 ns, Total: 608000 ns
[2020-04-26T17:39:31.503+0000][1][safepoint    ] Safepoint "RevokeBias", Time since last: 15536500 ns, Reaching safepoint: 490800 ns, At safepoint: 198200 ns, Total: 689000 ns
[2020-04-26T17:39:31.535+0000][1][safepoint    ] Safepoint "RevokeBias", Time since last: 32137500 ns, Reaching safepoint: 129300 ns, At safepoint: 34800 ns, Total: 164100 ns
[2020-04-26T17:39:31.536+0000][1][safepoint    ] Safepoint "BulkRevokeBias", Time since last: 144900 ns, Reaching safepoint: 74900 ns, At safepoint: 477100 ns, Total: 552000 ns
[2020-04-26T17:39:31.536+0000][1][safepoint    ] Safepoint "RevokeBias", Time since last: 174400 ns, Reaching safepoint: 71000 ns, At safepoint: 32000 ns, Total: 103000 ns
[2020-04-26T17:39:31.537+0000][1][safepoint    ] Safepoint "BulkRevokeBias", Time since last: 163200 ns, Reaching safepoint: 69400 ns, At safepoint: 433400 ns, Total: 502800 ns
[2020-04-26T17:39:31.538+0000][1][safepoint    ] Safepoint "RevokeBias", Time since last: 1013600 ns, Reaching safepoint: 112200 ns, At safepoint: 34800 ns, Total: 147000 ns
[2020-04-26T17:39:31.570+0000][1][safepoint    ] Safepoint "RevokeBias", Time since last: 32139700 ns, Reaching safepoint: 156500 ns, At safepoint: 101500 ns, Total: 258000 ns
[2020-04-26T17:39:31.580+0000][1][safepoint    ] Safepoint "RevokeBias", Time since last: 8939400 ns, Reaching safepoint: 128800 ns, At safepoint: 68100 ns, Total: 196900 ns
[2020-04-26T17:39:31.580+0000][1][safepoint    ] Safepoint "RevokeBias", Time since last: 182500 ns, Reaching safepoint: 86100 ns, At safepoint: 57000 ns, Total: 143100 ns
[2020-04-26T17:39:31.597+0000][1][safepoint    ] Safepoint "RevokeBias", Time since last: 16681900 ns, Reaching safepoint: 122500 ns, At safepoint: 36900 ns, Total: 159400 ns
[2020-04-26T17:39:32.201+0000][1][safepoint    ] Safepoint "RevokeBias", Time since last: 604046600 ns, Reaching safepoint: 507400 ns, At safepoint: 178100 ns, Total: 685500 ns
[2020-04-26T17:39:32.204+0000][1][safepoint    ] Safepoint "RevokeBias", Time since last: 1909700 ns, Reaching safepoint: 618700 ns, At safepoint: 205100 ns, Total: 823800 ns
[2020-04-26T17:39:32.572+0000][1][safepoint    ] Safepoint "RevokeBias", Time since last: 366660500 ns, Reaching safepoint: 514100 ns, At safepoint: 176400 ns, Total: 690500 ns
[2020-04-26T17:39:32.573+0000][1][safepoint    ] Safepoint "RevokeBias", Time since last: 618900 ns, Reaching safepoint: 402600 ns, At safepoint: 165200 ns, Total: 567800 ns
[2020-04-26T17:39:32.574+0000][1][safepoint    ] Safepoint "RevokeBias", Time since last: 534600 ns, Reaching safepoint: 355600 ns, At safepoint: 164600 ns, Total: 520200 ns
[2020-04-26T17:39:33.574+0000][1][safepoint    ] Safepoint "Cleanup", Time since last: 1000272100 ns, Reaching safepoint: 159800 ns, At safepoint: 38800 ns, Total: 198600 ns
[2020-04-26T17:39:34.576+0000][1][safepoint    ] Safepoint "Cleanup", Time since last: 1000662600 ns, Reaching safepoint: 502700 ns, At safepoint: 276100 ns, Total: 778800 ns
[2020-04-26T17:39:35.532+0000][1][safepoint    ] Safepoint "RevokeBias", Time since last: 956219600 ns, Reaching safepoint: 135900 ns, At safepoint: 43000 ns, Total: 178900 ns
[2020-04-26T17:39:36.534+0000][1][safepoint    ] Safepoint "Cleanup", Time since last: 1000767500 ns, Reaching safepoint: 669900 ns, At safepoint: 249100 ns, Total: 919000 ns
[2020-04-26T17:39:37.535+0000][1][safepoint    ] Safepoint "Cleanup", Time since last: 1000290500 ns, Reaching safepoint: 442500 ns, At safepoint: 169700 ns, Total: 612200 ns
[2020-04-26T17:39:38.536+0000][1][safepoint    ] Safepoint "Cleanup", Time since last: 1000446100 ns, Reaching safepoint: 459200 ns, At safepoint: 208500 ns, Total: 667700 ns
[2020-04-26T17:39:39.537+0000][1][safepoint    ] Safepoint "Cleanup", Time since last: 1000586200 ns, Reaching safepoint: 341000 ns, At safepoint: 153400 ns, Total: 494400 ns
[2020-04-26T17:39:40.537+0000][1][safepoint    ] Safepoint "Cleanup", Time since last: 1000170300 ns, Reaching safepoint: 132100 ns, At safepoint: 31100 ns, Total: 163200 ns
[2020-04-26T17:39:41.538+0000][1][safepoint    ] Safepoint "Cleanup", Time since last: 1000150700 ns, Reaching safepoint: 136100 ns, At safepoint: 30700 ns, Total: 166800 ns
[2020-04-26T17:39:42.538+0000][1][safepoint    ] Safepoint "Cleanup", Time since last: 1000170900 ns, Reaching safepoint: 175600 ns, At safepoint: 62400 ns, Total: 238000 ns
[2020-04-26T17:39:43.495+0000][1][safepoint    ] Safepoint "RevokeBias", Time since last: 956696800 ns, Reaching safepoint: 125300 ns, At safepoint: 34900 ns, Total: 160200 ns
[2020-04-26T17:39:43.495+0000][1][safepoint    ] Safepoint "RevokeBias", Time since last: 415800 ns, Reaching safepoint: 78300 ns, At safepoint: 31100 ns, Total: 109400 ns
[2020-04-26T17:39:43.517+0000][1][safepoint    ] Safepoint "RevokeBias", Time since last: 21491900 ns, Reaching safepoint: 176100 ns, At safepoint: 53300 ns, Total: 229400 ns
[2020-04-26T17:39:43.517+0000][1][safepoint    ] Safepoint "RevokeBias", Time since last: 277300 ns, Reaching safepoint: 86800 ns, At safepoint: 34500 ns, Total: 121300 ns
[2020-04-26T17:39:43.518+0000][1][safepoint    ] Safepoint "RevokeBias", Time since last: 273100 ns, Reaching safepoint: 70400 ns, At safepoint: 30000 ns, Total: 100400 ns
[2020-04-26T17:39:43.528+0000][1][safepoint    ] Safepoint "RevokeBias", Time since last: 9560400 ns, Reaching safepoint: 90500 ns, At safepoint: 30800 ns, Total: 121300 ns
[2020-04-26T17:39:43.528+0000][1][safepoint    ] Safepoint "RevokeBias", Time since last: 140800 ns, Reaching safepoint: 75100 ns, At safepoint: 30000 ns, Total: 105100 ns
[2020-04-26T17:39:43.528+0000][1][safepoint    ] Safepoint "RevokeBias", Time since last: 76000 ns, Reaching safepoint: 71700 ns, At safepoint: 28600 ns, Total: 100300 ns
[2020-04-26T17:39:43.528+0000][1][safepoint    ] Safepoint "RevokeBias", Time since last: 72700 ns, Reaching safepoint: 71000 ns, At safepoint: 28300 ns, Total: 99300 ns
[2020-04-26T17:39:43.528+0000][1][safepoint    ] Safepoint "RevokeBias", Time since last: 115600 ns, Reaching safepoint: 69300 ns, At safepoint: 28300 ns, Total: 97600 ns
[2020-04-26T17:39:43.529+0000][1][safepoint    ] Safepoint "RevokeBias", Time since last: 99200 ns, Reaching safepoint: 70500 ns, At safepoint: 28100 ns, Total: 98600 ns
[2020-04-26T17:39:43.538+0000][1][safepoint    ] Safepoint "RevokeBias", Time since last: 8832800 ns, Reaching safepoint: 156300 ns, At safepoint: 43200 ns, Total: 199500 ns
[2020-04-26T17:39:43.538+0000][1][safepoint    ] Safepoint "RevokeBias", Time since last: 207300 ns, Reaching safepoint: 124900 ns, At safepoint: 39200 ns, Total: 164100 ns
[2020-04-26T17:39:43.539+0000][1][safepoint    ] Safepoint "RevokeBias", Time since last: 482400 ns, Reaching safepoint: 196200 ns, At safepoint: 84700 ns, Total: 280900 ns
[2020-04-26T17:39:43.539+0000][1][safepoint    ] Safepoint "RevokeBias", Time since last: 212100 ns, Reaching safepoint: 93200 ns, At safepoint: 53000 ns, Total: 146200 ns
[2020-04-26T17:39:43.539+0000][1][safepoint    ] Safepoint "RevokeBias", Time since last: 87400 ns, Reaching safepoint: 106600 ns, At safepoint: 49600 ns, Total: 156200 ns
[2020-04-26T17:39:43.541+0000][1][safepoint    ] Safepoint "RevokeBias", Time since last: 1787300 ns, Reaching safepoint: 82000 ns, At safepoint: 34500 ns, Total: 116500 ns
[2020-04-26T17:39:43.541+0000][1][safepoint    ] Safepoint "RevokeBias", Time since last: 88300 ns, Reaching safepoint: 72900 ns, At safepoint: 50200 ns, Total: 123100 ns
[2020-04-26T17:39:43.543+0000][1][safepoint    ] Safepoint "RevokeBias", Time since last: 1600600 ns, Reaching safepoint: 74900 ns, At safepoint: 50200 ns, Total: 125100 ns
[2020-04-26T17:39:43.543+0000][1][safepoint    ] Safepoint "RevokeBias", Time since last: 113000 ns, Reaching safepoint: 75500 ns, At safepoint: 33900 ns, Total: 109400 ns
[2020-04-26T17:39:43.547+0000][1][safepoint    ] Safepoint "RevokeBias", Time since last: 3793800 ns, Reaching safepoint: 177000 ns, At safepoint: 89500 ns, Total: 266500 ns
[2020-04-26T17:39:43.572+0000][1][safepoint    ] Safepoint "RevokeBias", Time since last: 24868300 ns, Reaching safepoint: 120700 ns, At safepoint: 34000 ns, Total: 154700 ns
[2020-04-26T17:39:43.573+0000][1][safepoint    ] Safepoint "RevokeBias", Time since last: 209300 ns, Reaching safepoint: 111600 ns, At safepoint: 46100 ns, Total: 157700 ns
[2020-04-26T17:39:43.573+0000][1][safepoint    ] Safepoint "RevokeBias", Time since last: 75400 ns, Reaching safepoint: 153700 ns, At safepoint: 43800 ns, Total: 197500 ns
[2020-04-26T17:39:43.574+0000][1][safepoint    ] Safepoint "RevokeBias", Time since last: 243200 ns, Reaching safepoint: 153900 ns, At safepoint: 43400 ns, Total: 197300 ns
[2020-04-26T17:39:43.574+0000][1][safepoint    ] Safepoint "RevokeBias", Time since last: 79900 ns, Reaching safepoint: 69900 ns, At safepoint: 28700 ns, Total: 98600 ns
[2020-04-26T17:39:43.574+0000][1][safepoint    ] Safepoint "RevokeBias", Time since last: 87400 ns, Reaching safepoint: 69100 ns, At safepoint: 28500 ns, Total: 97600 ns
[2020-04-26T17:39:43.574+0000][1][safepoint    ] Safepoint "RevokeBias", Time since last: 99100 ns, Reaching safepoint: 70600 ns, At safepoint: 28500 ns, Total: 99100 ns
[2020-04-26T17:39:43.575+0000][1][safepoint    ] Safepoint "RevokeBias", Time since last: 810000 ns, Reaching safepoint: 76100 ns, At safepoint: 34400 ns, Total: 110500 ns
[2020-04-26T17:39:43.605+0000][1][safepoint    ] Safepoint "RevokeBias", Time since last: 30020100 ns, Reaching safepoint: 205300 ns, At safepoint: 83500 ns, Total: 288800 ns
[2020-04-26T17:39:43.614+0000][1][gc,start     ] GC(58) Pause Young (Allocation Failure)
[2020-04-26T17:39:43.614+0000][1][gc,task      ] GC(58) Using 10 workers of 10 for evacuation
[2020-04-26T17:39:43.617+0000][1][gc,age       ] GC(58) Desired survivor size 8945664 bytes, new threshold 6 (max threshold 6)
[2020-04-26T17:39:43.617+0000][1][gc,age       ] GC(58) Age table with threshold 6 (max threshold 6)
[2020-04-26T17:39:43.617+0000][1][gc,age       ] GC(58) - age   1:     184392 bytes,     184392 total
[2020-04-26T17:39:43.617+0000][1][gc,age       ] GC(58) - age   2:      51192 bytes,     235584 total
[2020-04-26T17:39:43.617+0000][1][gc,age       ] GC(58) - age   3:      60608 bytes,     296192 total
[2020-04-26T17:39:43.617+0000][1][gc,age       ] GC(58) - age   4:      59016 bytes,     355208 total
[2020-04-26T17:39:43.617+0000][1][gc,age       ] GC(58) - age   5:      61032 bytes,     416240 total
[2020-04-26T17:39:43.617+0000][1][gc,age       ] GC(58) - age   6:      49592 bytes,     465832 total
[2020-04-26T17:39:43.617+0000][1][gc,heap      ] GC(58) ParNew: 140499K->603K(157248K)
[2020-04-26T17:39:43.617+0000][1][gc,heap      ] GC(58) CMS: 80920K->80937K(349568K)
[2020-04-26T17:39:43.617+0000][1][gc,metaspace ] GC(58) Metaspace: 98829K->98829K(1140736K)
[2020-04-26T17:39:43.617+0000][1][gc           ] GC(58) Pause Young (Allocation Failure) 216M->79M(494M) 2.678ms
[2020-04-26T17:39:43.617+0000][1][gc,cpu       ] GC(58) User=0.00s Sys=0.00s Real=0.00s
[2020-04-26T17:39:43.617+0000][1][safepoint    ] Safepoint "GenCollectForAllocation", Time since last: 8552500 ns, Reaching safepoint: 152800 ns, At safepoint: 2803500 ns, Total: 2956300 ns
[2020-04-26T17:39:43.618+0000][1][safepoint    ] Safepoint "RevokeBias", Time since last: 914100 ns, Reaching safepoint: 315700 ns, At safepoint: 105100 ns, Total: 420800 ns
[2020-04-26T17:39:43.619+0000][1][safepoint    ] Safepoint "RevokeBias", Time since last: 129200 ns, Reaching safepoint: 169600 ns, At safepoint: 73000 ns, Total: 242600 ns
[2020-04-26T17:39:43.635+0000][1][safepoint    ] Safepoint "RevokeBias", Time since last: 15837000 ns, Reaching safepoint: 130300 ns, At safepoint: 53300 ns, Total: 183600 ns
[2020-04-26T17:39:43.741+0000][1][safepoint    ] Safepoint "RevokeBias", Time since last: 106519800 ns, Reaching safepoint: 137700 ns, At safepoint: 37400 ns, Total: 175100 ns
[2020-04-26T17:39:43.742+0000][1][safepoint    ] Safepoint "RevokeBias", Time since last: 639400 ns, Reaching safepoint: 97700 ns, At safepoint: 34800 ns, Total: 132500 ns
[2020-04-26T17:39:43.932+0000][1][safepoint    ] Safepoint "RevokeBias", Time since last: 189378300 ns, Reaching safepoint: 129600 ns, At safepoint: 36400 ns, Total: 166000 ns
[2020-04-26T17:39:43.932+0000][1][safepoint    ] Safepoint "RevokeBias", Time since last: 588400 ns, Reaching safepoint: 127900 ns, At safepoint: 52200 ns, Total: 180100 ns
[2020-04-26T17:39:43.936+0000][1][safepoint    ] Safepoint "RevokeBias", Time since last: 3835400 ns, Reaching safepoint: 129900 ns, At safepoint: 56100 ns, Total: 186000 ns
[2020-04-26T17:39:43.965+0000][1][safepoint    ] Safepoint "RevokeBias", Time since last: 28832800 ns, Reaching safepoint: 132200 ns, At safepoint: 36900 ns, Total: 169100 ns
[2020-04-26T17:39:43.966+0000][1][safepoint    ] Safepoint "RevokeBias", Time since last: 187700 ns, Reaching safepoint: 98200 ns, At safepoint: 51600 ns, Total: 149800 ns
[2020-04-26T17:39:43.966+0000][1][safepoint    ] Safepoint "RevokeBias", Time since last: 148800 ns, Reaching safepoint: 72100 ns, At safepoint: 51700 ns, Total: 123800 ns
[2020-04-26T17:39:43.966+0000][1][safepoint    ] Safepoint "RevokeBias", Time since last: 148500 ns, Reaching safepoint: 82200 ns, At safepoint: 34400 ns, Total: 116600 ns
[2020-04-26T17:39:43.967+0000][1][safepoint    ] Safepoint "RevokeBias", Time since last: 926700 ns, Reaching safepoint: 80900 ns, At safepoint: 38000 ns, Total: 118900 ns
[2020-04-26T17:39:43.997+0000][1][safepoint    ] Safepoint "RevokeBias", Time since last: 29460100 ns, Reaching safepoint: 187800 ns, At safepoint: 75900 ns, Total: 263700 ns
[2020-04-26T17:39:44.006+0000][1][safepoint    ] Safepoint "RevokeBias", Time since last: 8799000 ns, Reaching safepoint: 351600 ns, At safepoint: 116900 ns, Total: 468500 ns
[2020-04-26T17:39:44.007+0000][1][safepoint    ] Safepoint "RevokeBias", Time since last: 169200 ns, Reaching safepoint: 243800 ns, At safepoint: 74800 ns, Total: 318600 ns
[2020-04-26T17:39:44.023+0000][1][safepoint    ] Safepoint "RevokeBias", Time since last: 15644700 ns, Reaching safepoint: 232200 ns, At safepoint: 93500 ns, Total: 325700 ns
[2020-04-26T17:39:44.620+0000][1][safepoint    ] Safepoint "RevokeBias", Time since last: 597515900 ns, Reaching safepoint: 147500 ns, At safepoint: 39100 ns, Total: 186600 ns
[2020-04-26T17:39:44.621+0000][1][safepoint    ] Safepoint "RevokeBias", Time since last: 482700 ns, Reaching safepoint: 100800 ns, At safepoint: 35400 ns, Total: 136200 ns
[2020-04-26T17:39:44.998+0000][1][safepoint    ] Safepoint "RevokeBias", Time since last: 376207900 ns, Reaching safepoint: 374700 ns, At safepoint: 122200 ns, Total: 496900 ns
[2020-04-26T17:39:44.999+0000][1][safepoint    ] Safepoint "RevokeBias", Time since last: 417600 ns, Reaching safepoint: 320600 ns, At safepoint: 104800 ns, Total: 425400 ns
[2020-04-26T17:39:44.999+0000][1][safepoint    ] Safepoint "RevokeBias", Time since last: 380100 ns, Reaching safepoint: 237200 ns, At safepoint: 129400 ns, Total: 366600 ns
[2020-04-26T17:39:45.535+0000][1][safepoint    ] Safepoint "RevokeBias", Time since last: 535693000 ns, Reaching safepoint: 135700 ns, At safepoint: 44700 ns, Total: 180400 ns
[2020-04-26T17:39:46.536+0000][1][safepoint    ] Safepoint "Cleanup", Time since last: 1000363500 ns, Reaching safepoint: 695200 ns, At safepoint: 149200 ns, Total: 844400 ns
[2020-04-26T17:39:47.537+0000][1][safepoint    ] Safepoint "Cleanup", Time since last: 1000566900 ns, Reaching safepoint: 139800 ns, At safepoint: 32900 ns, Total: 172700 ns
[2020-04-26T17:39:48.538+0000][1][safepoint    ] Safepoint "Cleanup", Time since last: 1000273800 ns, Reaching safepoint: 186000 ns, At safepoint: 37900 ns, Total: 223900 ns
[2020-04-26T17:39:49.130+0000][1][safepoint    ] Safepoint "RevokeBias", Time since last: 592084800 ns, Reaching safepoint: 144100 ns, At safepoint: 61700 ns, Total: 205800 ns
[2020-04-26T17:39:49.130+0000][1][safepoint    ] Safepoint "RevokeBias", Time since last: 136700 ns, Reaching safepoint: 243200 ns, At safepoint: 63100 ns, Total: 306300 ns
[2020-04-26T17:39:49.134+0000][1][safepoint    ] Safepoint "RevokeBias", Time since last: 3724900 ns, Reaching safepoint: 213300 ns, At safepoint: 104100 ns, Total: 317400 ns
[2020-04-26T17:39:49.135+0000][1][safepoint    ] Safepoint "RevokeBias", Time since last: 61900 ns, Reaching safepoint: 172500 ns, At safepoint: 84200 ns, Total: 256700 ns
[2020-04-26T17:39:49.750+0000][1][safepoint    ] Safepoint "RevokeBias", Time since last: 614775900 ns, Reaching safepoint: 256100 ns, At safepoint: 118900 ns, Total: 375000 ns
[2020-04-26T17:39:49.772+0000][1][safepoint    ] Safepoint "RevokeBias", Time since last: 21655300 ns, Reaching safepoint: 113200 ns, At safepoint: 106200 ns, Total: 219400 ns
[2020-04-26T17:39:49.772+0000][1][safepoint    ] Safepoint "RevokeBias", Time since last: 204600 ns, Reaching safepoint: 97000 ns, At safepoint: 93600 ns, Total: 190600 ns
[2020-04-26T17:39:49.801+0000][1][safepoint    ] Safepoint "RevokeBias", Time since last: 28719300 ns, Reaching safepoint: 132200 ns, At safepoint: 66700 ns, Total: 198900 ns
[2020-04-26T17:39:49.826+0000][1][safepoint    ] Safepoint "RevokeBias", Time since last: 25211500 ns, Reaching safepoint: 124900 ns, At safepoint: 36200 ns, Total: 161100 ns
[2020-04-26T17:39:49.827+0000][1][safepoint    ] Safepoint "RevokeBias", Time since last: 237800 ns, Reaching safepoint: 98400 ns, At safepoint: 31900 ns, Total: 130300 ns
[2020-04-26T17:39:49.827+0000][1][safepoint    ] Safepoint "RevokeBias", Time since last: 169000 ns, Reaching safepoint: 71100 ns, At safepoint: 31500 ns, Total: 102600 ns
[2020-04-26T17:39:49.827+0000][1][safepoint    ] Safepoint "RevokeBias", Time since last: 155900 ns, Reaching safepoint: 71900 ns, At safepoint: 31500 ns, Total: 103400 ns
[2020-04-26T17:39:49.828+0000][1][safepoint    ] Safepoint "RevokeBias", Time since last: 150600 ns, Reaching safepoint: 71700 ns, At safepoint: 31800 ns, Total: 103500 ns
[2020-04-26T17:39:49.828+0000][1][safepoint    ] Safepoint "RevokeBias", Time since last: 166100 ns, Reaching safepoint: 70400 ns, At safepoint: 31500 ns, Total: 101900 ns
[2020-04-26T17:39:49.828+0000][1][safepoint    ] Safepoint "RevokeBias", Time since last: 155700 ns, Reaching safepoint: 72300 ns, At safepoint: 31600 ns, Total: 103900 ns
[2020-04-26T17:39:49.828+0000][1][safepoint    ] Safepoint "RevokeBias", Time since last: 150300 ns, Reaching safepoint: 72300 ns, At safepoint: 31300 ns, Total: 103600 ns
[2020-04-26T17:39:49.829+0000][1][safepoint    ] Safepoint "RevokeBias", Time since last: 239600 ns, Reaching safepoint: 71700 ns, At safepoint: 43900 ns, Total: 115600 ns
[2020-04-26T17:39:49.829+0000][1][safepoint    ] Safepoint "RevokeBias", Time since last: 161800 ns, Reaching safepoint: 71100 ns, At safepoint: 31400 ns, Total: 102500 ns
[2020-04-26T17:39:49.829+0000][1][safepoint    ] Safepoint "RevokeBias", Time since last: 157800 ns, Reaching safepoint: 71200 ns, At safepoint: 31400 ns, Total: 102600 ns
[2020-04-26T17:39:49.830+0000][1][safepoint    ] Safepoint "RevokeBias", Time since last: 175200 ns, Reaching safepoint: 70700 ns, At safepoint: 31600 ns, Total: 102300 ns
[2020-04-26T17:39:49.830+0000][1][safepoint    ] Safepoint "RevokeBias", Time since last: 183900 ns, Reaching safepoint: 88000 ns, At safepoint: 31100 ns, Total: 119100 ns
[2020-04-26T17:39:49.831+0000][1][safepoint    ] Safepoint "RevokeBias", Time since last: 860400 ns, Reaching safepoint: 118500 ns, At safepoint: 36400 ns, Total: 154900 ns
[2020-04-26T17:39:49.862+0000][1][safepoint    ] Safepoint "RevokeBias", Time since last: 30714200 ns, Reaching safepoint: 289400 ns, At safepoint: 90800 ns, Total: 380200 ns
[2020-04-26T17:39:49.872+0000][1][safepoint    ] Safepoint "RevokeBias", Time since last: 9552000 ns, Reaching safepoint: 216200 ns, At safepoint: 97100 ns, Total: 313300 ns
[2020-04-26T17:39:49.872+0000][1][safepoint    ] Safepoint "RevokeBias", Time since last: 134600 ns, Reaching safepoint: 235600 ns, At safepoint: 98300 ns, Total: 333900 ns
[2020-04-26T17:39:49.886+0000][1][safepoint    ] Safepoint "RevokeBias", Time since last: 13504300 ns, Reaching safepoint: 133400 ns, At safepoint: 38100 ns, Total: 171500 ns
[2020-04-26T17:39:49.998+0000][1][safepoint    ] Safepoint "RevokeBias", Time since last: 112125600 ns, Reaching safepoint: 136900 ns, At safepoint: 44300 ns, Total: 181200 ns
[2020-04-26T17:39:50.000+0000][1][safepoint    ] Safepoint "BulkRevokeBias", Time since last: 644200 ns, Reaching safepoint: 88600 ns, At safepoint: 543400 ns, Total: 632000 ns
[2020-04-26T17:39:50.197+0000][1][safepoint    ] Safepoint "RevokeBias", Time since last: 196883600 ns, Reaching safepoint: 126600 ns, At safepoint: 35800 ns, Total: 162400 ns
[2020-04-26T17:39:50.197+0000][1][safepoint    ] Safepoint "RevokeBias", Time since last: 462400 ns, Reaching safepoint: 85900 ns, At safepoint: 33000 ns, Total: 118900 ns
[2020-04-26T17:39:50.201+0000][1][safepoint    ] Safepoint "RevokeBias", Time since last: 3806900 ns, Reaching safepoint: 253300 ns, At safepoint: 54700 ns, Total: 308000 ns
[2020-04-26T17:39:50.228+0000][1][safepoint    ] Safepoint "RevokeBias", Time since last: 26493700 ns, Reaching safepoint: 143900 ns, At safepoint: 38100 ns, Total: 182000 ns
[2020-04-26T17:39:50.228+0000][1][safepoint    ] Safepoint "RevokeBias", Time since last: 167300 ns, Reaching safepoint: 94500 ns, At safepoint: 31000 ns, Total: 125500 ns
[2020-04-26T17:39:50.229+0000][1][safepoint    ] Safepoint "RevokeBias", Time since last: 151500 ns, Reaching safepoint: 84900 ns, At safepoint: 29800 ns, Total: 114700 ns
[2020-04-26T17:39:50.229+0000][1][safepoint    ] Safepoint "RevokeBias", Time since last: 165600 ns, Reaching safepoint: 97700 ns, At safepoint: 28800 ns, Total: 126500 ns
[2020-04-26T17:39:50.230+0000][1][safepoint    ] Safepoint "RevokeBias", Time since last: 971400 ns, Reaching safepoint: 91900 ns, At safepoint: 34800 ns, Total: 126700 ns
[2020-04-26T17:39:50.265+0000][1][safepoint    ] Safepoint "RevokeBias", Time since last: 35136000 ns, Reaching safepoint: 299400 ns, At safepoint: 112400 ns, Total: 411800 ns
[2020-04-26T17:39:50.281+0000][1][safepoint    ] Safepoint "RevokeBias", Time since last: 15070300 ns, Reaching safepoint: 129900 ns, At safepoint: 97100 ns, Total: 227000 ns
[2020-04-26T17:39:50.281+0000][1][safepoint    ] Safepoint "RevokeBias", Time since last: 139500 ns, Reaching safepoint: 91600 ns, At safepoint: 56800 ns, Total: 148400 ns
[2020-04-26T17:39:50.296+0000][1][safepoint    ] Safepoint "RevokeBias", Time since last: 14674100 ns, Reaching safepoint: 118600 ns, At safepoint: 34900 ns, Total: 153500 ns
[2020-04-26T17:39:50.537+0000][1][safepoint    ] Safepoint "RevokeBias", Time since last: 240940600 ns, Reaching safepoint: 131900 ns, At safepoint: 38300 ns, Total: 170200 ns
[2020-04-26T17:39:50.930+0000][1][safepoint    ] Safepoint "RevokeBias", Time since last: 392775600 ns, Reaching safepoint: 251000 ns, At safepoint: 97200 ns, Total: 348200 ns
[2020-04-26T17:39:50.931+0000][1][safepoint    ] Safepoint "RevokeBias", Time since last: 740100 ns, Reaching safepoint: 151000 ns, At safepoint: 67200 ns, Total: 218200 ns
[2020-04-26T17:39:51.267+0000][1][safepoint    ] Safepoint "RevokeBias", Time since last: 335006900 ns, Reaching safepoint: 512800 ns, At safepoint: 171100 ns, Total: 683900 ns
[2020-04-26T17:39:51.268+0000][1][safepoint    ] Safepoint "RevokeBias", Time since last: 595200 ns, Reaching safepoint: 448200 ns, At safepoint: 174100 ns, Total: 622300 ns
[2020-04-26T17:39:51.269+0000][1][safepoint    ] Safepoint "RevokeBias", Time since last: 564900 ns, Reaching safepoint: 352200 ns, At safepoint: 158000 ns, Total: 510200 ns
[2020-04-26T17:39:52.270+0000][1][safepoint    ] Safepoint "Cleanup", Time since last: 1000297100 ns, Reaching safepoint: 150600 ns, At safepoint: 31000 ns, Total: 181600 ns
[2020-04-26T17:39:53.270+0000][1][safepoint    ] Safepoint "Cleanup", Time since last: 1000189600 ns, Reaching safepoint: 148400 ns, At safepoint: 47500 ns, Total: 195900 ns
[2020-04-26T17:39:54.271+0000][1][safepoint    ] Safepoint "Cleanup", Time since last: 1000300700 ns, Reaching safepoint: 611400 ns, At safepoint: 221600 ns, Total: 833000 ns
[2020-04-26T17:39:55.272+0000][1][safepoint    ] Safepoint "Cleanup", Time since last: 1000218100 ns, Reaching safepoint: 157200 ns, At safepoint: 54300 ns, Total: 211500 ns
[2020-04-26T17:39:56.272+0000][1][safepoint    ] Safepoint "Cleanup", Time since last: 1000237700 ns, Reaching safepoint: 177200 ns, At safepoint: 47800 ns, Total: 225000 ns
[2020-04-26T17:39:57.273+0000][1][safepoint    ] Safepoint "Cleanup", Time since last: 1000224700 ns, Reaching safepoint: 245700 ns, At safepoint: 90300 ns, Total: 336000 ns
[2020-04-26T17:39:58.274+0000][1][safepoint    ] Safepoint "Cleanup", Time since last: 1000566800 ns, Reaching safepoint: 441100 ns, At safepoint: 201700 ns, Total: 642800 ns
[2020-04-26T17:39:59.274+0000][1][safepoint    ] Safepoint "Cleanup", Time since last: 1000245200 ns, Reaching safepoint: 138100 ns, At safepoint: 53800 ns, Total: 191900 ns
[2020-04-26T17:40:00.275+0000][1][safepoint    ] Safepoint "Cleanup", Time since last: 1000171600 ns, Reaching safepoint: 157700 ns, At safepoint: 30400 ns, Total: 188100 ns
[2020-04-26T17:40:01.275+0000][1][safepoint    ] Safepoint "Cleanup", Time since last: 1000176600 ns, Reaching safepoint: 136200 ns, At safepoint: 40300 ns, Total: 176500 ns
[2020-04-26T17:40:02.244+0000][1][safepoint    ] Safepoint "RevokeBias", Time since last: 968830200 ns, Reaching safepoint: 128000 ns, At safepoint: 36500 ns, Total: 164500 ns
[2020-04-26T17:40:02.244+0000][1][safepoint    ] Safepoint "RevokeBias", Time since last: 472500 ns, Reaching safepoint: 87000 ns, At safepoint: 33100 ns, Total: 120100 ns
[2020-04-26T17:40:02.265+0000][1][safepoint    ] Safepoint "RevokeBias", Time since last: 20150400 ns, Reaching safepoint: 212700 ns, At safepoint: 36600 ns, Total: 249300 ns
[2020-04-26T17:40:02.265+0000][1][safepoint    ] Safepoint "RevokeBias", Time since last: 475300 ns, Reaching safepoint: 89500 ns, At safepoint: 59300 ns, Total: 148800 ns
[2020-04-26T17:40:02.266+0000][1][safepoint    ] Safepoint "RevokeBias", Time since last: 500500 ns, Reaching safepoint: 70800 ns, At safepoint: 54700 ns, Total: 125500 ns
[2020-04-26T17:40:02.266+0000][1][safepoint    ] Safepoint "RevokeBias", Time since last: 273700 ns, Reaching safepoint: 69500 ns, At safepoint: 31100 ns, Total: 100600 ns
[2020-04-26T17:40:02.278+0000][1][safepoint    ] Safepoint "RevokeBias", Time since last: 11212700 ns, Reaching safepoint: 101500 ns, At safepoint: 53700 ns, Total: 155200 ns
[2020-04-26T17:40:02.278+0000][1][safepoint    ] Safepoint "RevokeBias", Time since last: 151000 ns, Reaching safepoint: 92500 ns, At safepoint: 51200 ns, Total: 143700 ns
[2020-04-26T17:40:02.278+0000][1][safepoint    ] Safepoint "RevokeBias", Time since last: 114200 ns, Reaching safepoint: 89200 ns, At safepoint: 50800 ns, Total: 140000 ns
[2020-04-26T17:40:02.279+0000][1][safepoint    ] Safepoint "RevokeBias", Time since last: 139100 ns, Reaching safepoint: 70000 ns, At safepoint: 49700 ns, Total: 119700 ns
[2020-04-26T17:40:02.279+0000][1][safepoint    ] Safepoint "RevokeBias", Time since last: 161800 ns, Reaching safepoint: 85100 ns, At safepoint: 32700 ns, Total: 117800 ns
[2020-04-26T17:40:02.279+0000][1][safepoint    ] Safepoint "RevokeBias", Time since last: 187600 ns, Reaching safepoint: 124900 ns, At safepoint: 44300 ns, Total: 169200 ns
[2020-04-26T17:40:02.282+0000][1][safepoint    ] Safepoint "RevokeBias", Time since last: 3011300 ns, Reaching safepoint: 88600 ns, At safepoint: 44900 ns, Total: 133500 ns
[2020-04-26T17:40:02.289+0000][1][safepoint    ] Safepoint "RevokeBias", Time since last: 6052200 ns, Reaching safepoint: 98000 ns, At safepoint: 32600 ns, Total: 130600 ns
[2020-04-26T17:40:02.289+0000][1][safepoint    ] Safepoint "RevokeBias", Time since last: 194400 ns, Reaching safepoint: 73600 ns, At safepoint: 30200 ns, Total: 103800 ns
[2020-04-26T17:40:02.290+0000][1][safepoint    ] Safepoint "RevokeBias", Time since last: 515500 ns, Reaching safepoint: 93300 ns, At safepoint: 48400 ns, Total: 141700 ns
[2020-04-26T17:40:02.290+0000][1][safepoint    ] Safepoint "RevokeBias", Time since last: 165600 ns, Reaching safepoint: 72900 ns, At safepoint: 30200 ns, Total: 103100 ns
[2020-04-26T17:40:02.290+0000][1][safepoint    ] Safepoint "RevokeBias", Time since last: 133900 ns, Reaching safepoint: 70500 ns, At safepoint: 29600 ns, Total: 100100 ns
[2020-04-26T17:40:02.292+0000][1][safepoint    ] Safepoint "RevokeBias", Time since last: 1803300 ns, Reaching safepoint: 75200 ns, At safepoint: 32100 ns, Total: 107300 ns
[2020-04-26T17:40:02.292+0000][1][safepoint    ] Safepoint "RevokeBias", Time since last: 111400 ns, Reaching safepoint: 70400 ns, At safepoint: 37400 ns, Total: 107800 ns
[2020-04-26T17:40:02.294+0000][1][safepoint    ] Safepoint "RevokeBias", Time since last: 1884700 ns, Reaching safepoint: 71800 ns, At safepoint: 29900 ns, Total: 101700 ns
[2020-04-26T17:40:02.294+0000][1][safepoint    ] Safepoint "RevokeBias", Time since last: 109300 ns, Reaching safepoint: 69900 ns, At safepoint: 29000 ns, Total: 98900 ns
[2020-04-26T17:40:02.298+0000][1][safepoint    ] Safepoint "RevokeBias", Time since last: 3498900 ns, Reaching safepoint: 213000 ns, At safepoint: 73700 ns, Total: 286700 ns
[2020-04-26T17:40:02.323+0000][1][safepoint    ] Safepoint "RevokeBias", Time since last: 25032100 ns, Reaching safepoint: 122200 ns, At safepoint: 48600 ns, Total: 170800 ns
[2020-04-26T17:40:02.324+0000][1][safepoint    ] Safepoint "RevokeBias", Time since last: 238700 ns, Reaching safepoint: 117800 ns, At safepoint: 73100 ns, Total: 190900 ns
[2020-04-26T17:40:02.324+0000][1][safepoint    ] Safepoint "RevokeBias", Time since last: 167400 ns, Reaching safepoint: 156500 ns, At safepoint: 42800 ns, Total: 199300 ns
[2020-04-26T17:40:02.325+0000][1][safepoint    ] Safepoint "RevokeBias", Time since last: 318200 ns, Reaching safepoint: 182300 ns, At safepoint: 43700 ns, Total: 226000 ns
[2020-04-26T17:40:02.325+0000][1][safepoint    ] Safepoint "RevokeBias", Time since last: 179100 ns, Reaching safepoint: 168600 ns, At safepoint: 78300 ns, Total: 246900 ns
[2020-04-26T17:40:02.326+0000][1][safepoint    ] Safepoint "RevokeBias", Time since last: 179600 ns, Reaching safepoint: 167900 ns, At safepoint: 80400 ns, Total: 248300 ns
[2020-04-26T17:40:02.326+0000][1][safepoint    ] Safepoint "RevokeBias", Time since last: 201600 ns, Reaching safepoint: 85200 ns, At safepoint: 77800 ns, Total: 163000 ns
[2020-04-26T17:40:02.327+0000][1][safepoint    ] Safepoint "RevokeBias", Time since last: 1065300 ns, Reaching safepoint: 78600 ns, At safepoint: 33900 ns, Total: 112500 ns
[2020-04-26T17:40:02.363+0000][1][safepoint    ] Safepoint "RevokeBias", Time since last: 35677400 ns, Reaching safepoint: 277000 ns, At safepoint: 134900 ns, Total: 411900 ns
[2020-04-26T17:40:02.374+0000][1][safepoint    ] Safepoint "RevokeBias", Time since last: 9795900 ns, Reaching safepoint: 353700 ns, At safepoint: 133400 ns, Total: 487100 ns
[2020-04-26T17:40:02.374+0000][1][safepoint    ] Safepoint "RevokeBias", Time since last: 212500 ns, Reaching safepoint: 250500 ns, At safepoint: 115100 ns, Total: 365600 ns
[2020-04-26T17:40:02.390+0000][1][safepoint    ] Safepoint "RevokeBias", Time since last: 15930800 ns, Reaching safepoint: 129200 ns, At safepoint: 35400 ns, Total: 164600 ns
[2020-04-26T17:40:02.495+0000][1][safepoint    ] Safepoint "RevokeBias", Time since last: 104383500 ns, Reaching safepoint: 142500 ns, At safepoint: 41800 ns, Total: 184300 ns
[2020-04-26T17:40:02.496+0000][1][safepoint    ] Safepoint "RevokeBias", Time since last: 655100 ns, Reaching safepoint: 103200 ns, At safepoint: 35800 ns, Total: 139000 ns
[2020-04-26T17:40:02.680+0000][1][safepoint    ] Safepoint "RevokeBias", Time since last: 184177700 ns, Reaching safepoint: 134000 ns, At safepoint: 36200 ns, Total: 170200 ns
[2020-04-26T17:40:02.681+0000][1][safepoint    ] Safepoint "RevokeBias", Time since last: 485000 ns, Reaching safepoint: 94300 ns, At safepoint: 34800 ns, Total: 129100 ns
[2020-04-26T17:40:02.685+0000][1][safepoint    ] Safepoint "RevokeBias", Time since last: 3923300 ns, Reaching safepoint: 229000 ns, At safepoint: 74800 ns, Total: 303800 ns
[2020-04-26T17:40:02.695+0000][1][gc,start     ] GC(59) Pause Young (Allocation Failure)
[2020-04-26T17:40:02.695+0000][1][gc,task      ] GC(59) Using 10 workers of 10 for evacuation
[2020-04-26T17:40:02.697+0000][1][gc,age       ] GC(59) Desired survivor size 8945664 bytes, new threshold 6 (max threshold 6)
[2020-04-26T17:40:02.697+0000][1][gc,age       ] GC(59) Age table with threshold 6 (max threshold 6)
[2020-04-26T17:40:02.698+0000][1][gc,age       ] GC(59) - age   1:     213008 bytes,     213008 total
[2020-04-26T17:40:02.698+0000][1][gc,age       ] GC(59) - age   2:      49608 bytes,     262616 total
[2020-04-26T17:40:02.698+0000][1][gc,age       ] GC(59) - age   3:      40720 bytes,     303336 total
[2020-04-26T17:40:02.698+0000][1][gc,age       ] GC(59) - age   4:      60480 bytes,     363816 total
[2020-04-26T17:40:02.698+0000][1][gc,age       ] GC(59) - age   5:      58992 bytes,     422808 total
[2020-04-26T17:40:02.698+0000][1][gc,age       ] GC(59) - age   6:      61032 bytes,     483840 total
[2020-04-26T17:40:02.698+0000][1][gc,heap      ] GC(59) ParNew: 140379K->646K(157248K)
[2020-04-26T17:40:02.698+0000][1][gc,heap      ] GC(59) CMS: 80937K->80987K(349568K)
[2020-04-26T17:40:02.698+0000][1][gc,metaspace ] GC(59) Metaspace: 98946K->98946K(1140736K)
[2020-04-26T17:40:02.698+0000][1][gc           ] GC(59) Pause Young (Allocation Failure) 216M->79M(494M) 2.807ms
[2020-04-26T17:40:02.698+0000][1][gc,cpu       ] GC(59) User=0.01s Sys=0.00s Real=0.00s
[2020-04-26T17:40:02.698+0000][1][safepoint    ] Safepoint "GenCollectForAllocation", Time since last: 9914400 ns, Reaching safepoint: 158100 ns, At safepoint: 2910300 ns, Total: 3068400 ns
[2020-04-26T17:40:02.718+0000][1][safepoint    ] Safepoint "RevokeBias", Time since last: 19794000 ns, Reaching safepoint: 138000 ns, At safepoint: 36900 ns, Total: 174900 ns
[2020-04-26T17:40:02.718+0000][1][safepoint    ] Safepoint "RevokeBias", Time since last: 194800 ns, Reaching safepoint: 92400 ns, At safepoint: 29300 ns, Total: 121700 ns
[2020-04-26T17:40:02.718+0000][1][safepoint    ] Safepoint "RevokeBias", Time since last: 206200 ns, Reaching safepoint: 102000 ns, At safepoint: 45200 ns, Total: 147200 ns
[2020-04-26T17:40:02.719+0000][1][safepoint    ] Safepoint "RevokeBias", Time since last: 186700 ns, Reaching safepoint: 83900 ns, At safepoint: 27900 ns, Total: 111800 ns
[2020-04-26T17:40:02.720+0000][1][safepoint    ] Safepoint "BulkRevokeBias", Time since last: 912500 ns, Reaching safepoint: 89000 ns, At safepoint: 497500 ns, Total: 586500 ns
[2020-04-26T17:40:02.722+0000][1][safepoint    ] Safepoint "RevokeBias", Time since last: 1588400 ns, Reaching safepoint: 91800 ns, At safepoint: 30100 ns, Total: 121900 ns
[2020-04-26T17:40:02.751+0000][1][safepoint    ] Safepoint "RevokeBias", Time since last: 28714600 ns, Reaching safepoint: 184400 ns, At safepoint: 121200 ns, Total: 305600 ns
[2020-04-26T17:40:02.761+0000][1][safepoint    ] Safepoint "RevokeBias", Time since last: 10041400 ns, Reaching safepoint: 280200 ns, At safepoint: 256600 ns, Total: 536800 ns
[2020-04-26T17:40:02.762+0000][1][safepoint    ] Safepoint "RevokeBias", Time since last: 203400 ns, Reaching safepoint: 263700 ns, At safepoint: 139800 ns, Total: 403500 ns
[2020-04-26T17:40:02.780+0000][1][safepoint    ] Safepoint "RevokeBias", Time since last: 17482000 ns, Reaching safepoint: 133000 ns, At safepoint: 37400 ns, Total: 170400 ns
[2020-04-26T17:40:03.392+0000][1][safepoint    ] Safepoint "RevokeBias", Time since last: 612234300 ns, Reaching safepoint: 128500 ns, At safepoint: 35900 ns, Total: 164400 ns
[2020-04-26T17:40:03.393+0000][1][safepoint    ] Safepoint "RevokeBias", Time since last: 799200 ns, Reaching safepoint: 185700 ns, At safepoint: 66500 ns, Total: 252200 ns
[2020-04-26T17:40:03.752+0000][1][safepoint    ] Safepoint "RevokeBias", Time since last: 357866400 ns, Reaching safepoint: 329400 ns, At safepoint: 128800 ns, Total: 458200 ns
[2020-04-26T17:40:03.752+0000][1][safepoint    ] Safepoint "RevokeBias", Time since last: 423600 ns, Reaching safepoint: 280500 ns, At safepoint: 113500 ns, Total: 394000 ns
[2020-04-26T17:40:03.753+0000][1][safepoint    ] Safepoint "RevokeBias", Time since last: 402700 ns, Reaching safepoint: 235100 ns, At safepoint: 108600 ns, Total: 343700 ns
[2020-04-26T17:40:04.754+0000][1][safepoint    ] Safepoint "Cleanup", Time since last: 1000304800 ns, Reaching safepoint: 174100 ns, At safepoint: 44200 ns, Total: 218300 ns
[2020-04-26T17:40:05.549+0000][1][safepoint    ] Safepoint "RevokeBias", Time since last: 794463300 ns, Reaching safepoint: 533500 ns, At safepoint: 180700 ns, Total: 714200 ns
[2020-04-26T17:40:06.550+0000][1][safepoint    ] Safepoint "Cleanup", Time since last: 1000449400 ns, Reaching safepoint: 539800 ns, At safepoint: 205000 ns, Total: 744800 ns
[2020-04-26T17:40:07.551+0000][1][safepoint    ] Safepoint "Cleanup", Time since last: 1000569400 ns, Reaching safepoint: 537100 ns, At safepoint: 217600 ns, Total: 754700 ns
[2020-04-26T17:40:08.553+0000][1][safepoint    ] Safepoint "Cleanup", Time since last: 1000771800 ns, Reaching safepoint: 528700 ns, At safepoint: 211500 ns, Total: 740200 ns
[2020-04-26T17:40:09.553+0000][1][safepoint    ] Safepoint "Cleanup", Time since last: 1000335300 ns, Reaching safepoint: 231500 ns, At safepoint: 107900 ns, Total: 339400 ns
[2020-04-26T17:40:10.554+0000][1][safepoint    ] Safepoint "Cleanup", Time since last: 1000550100 ns, Reaching safepoint: 148100 ns, At safepoint: 51100 ns, Total: 199200 ns
[2020-04-26T17:40:11.555+0000][1][safepoint    ] Safepoint "Cleanup", Time since last: 1000190800 ns, Reaching safepoint: 246400 ns, At safepoint: 57000 ns, Total: 303400 ns
[2020-04-26T17:40:12.556+0000][1][safepoint    ] Safepoint "Cleanup", Time since last: 1000540600 ns, Reaching safepoint: 194800 ns, At safepoint: 70700 ns, Total: 265500 ns
[2020-04-26T17:40:13.556+0000][1][safepoint    ] Safepoint "Cleanup", Time since last: 1000506900 ns, Reaching safepoint: 238400 ns, At safepoint: 91600 ns, Total: 330000 ns
[2020-04-26T17:40:14.558+0000][1][safepoint    ] Safepoint "Cleanup", Time since last: 1000771200 ns, Reaching safepoint: 662200 ns, At safepoint: 361000 ns, Total: 1023200 ns
[2020-04-26T17:40:15.559+0000][1][safepoint    ] Safepoint "Cleanup", Time since last: 1000388700 ns, Reaching safepoint: 457000 ns, At safepoint: 200600 ns, Total: 657600 ns
[2020-04-26T17:40:16.560+0000][1][safepoint    ] Safepoint "Cleanup", Time since last: 1000386700 ns, Reaching safepoint: 441300 ns, At safepoint: 238300 ns, Total: 679600 ns
[2020-04-26T17:40:17.561+0000][1][safepoint    ] Safepoint "Cleanup", Time since last: 1000433700 ns, Reaching safepoint: 197000 ns, At safepoint: 72100 ns, Total: 269100 ns
[2020-04-26T17:40:18.159+0000][1][safepoint    ] Safepoint "RevokeBias", Time since last: 597951400 ns, Reaching safepoint: 147000 ns, At safepoint: 59700 ns, Total: 206700 ns
[2020-04-26T17:40:18.160+0000][1][safepoint    ] Safepoint "RevokeBias", Time since last: 555700 ns, Reaching safepoint: 101800 ns, At safepoint: 57700 ns, Total: 159500 ns
[2020-04-26T17:40:18.183+0000][1][safepoint    ] Safepoint "RevokeBias", Time since last: 22811100 ns, Reaching safepoint: 136600 ns, At safepoint: 48900 ns, Total: 185500 ns
[2020-04-26T17:40:18.183+0000][1][safepoint    ] Safepoint "RevokeBias", Time since last: 337700 ns, Reaching safepoint: 246200 ns, At safepoint: 57900 ns, Total: 304100 ns
[2020-04-26T17:40:18.185+0000][1][safepoint    ] Safepoint "BulkRevokeBias", Time since last: 494000 ns, Reaching safepoint: 155900 ns, At safepoint: 502300 ns, Total: 658200 ns
[2020-04-26T17:40:18.196+0000][1][safepoint    ] Safepoint "RevokeBias", Time since last: 11589700 ns, Reaching safepoint: 96900 ns, At safepoint: 34400 ns, Total: 131300 ns
[2020-04-26T17:40:18.197+0000][1][safepoint    ] Safepoint "RevokeBias", Time since last: 165100 ns, Reaching safepoint: 77300 ns, At safepoint: 31600 ns, Total: 108900 ns
[2020-04-26T17:40:18.197+0000][1][safepoint    ] Safepoint "RevokeBias", Time since last: 163700 ns, Reaching safepoint: 71000 ns, At safepoint: 31000 ns, Total: 102000 ns
[2020-04-26T17:40:18.198+0000][1][safepoint    ] Safepoint "BulkRevokeBias", Time since last: 148100 ns, Reaching safepoint: 70800 ns, At safepoint: 490400 ns, Total: 561200 ns
[2020-04-26T17:40:18.198+0000][1][safepoint    ] Safepoint "RevokeBias", Time since last: 157600 ns, Reaching safepoint: 70500 ns, At safepoint: 31700 ns, Total: 102200 ns
[2020-04-26T17:40:18.198+0000][1][safepoint    ] Safepoint "RevokeBias", Time since last: 182700 ns, Reaching safepoint: 70200 ns, At safepoint: 31200 ns, Total: 101400 ns
[2020-04-26T17:40:18.207+0000][1][safepoint    ] Safepoint "RevokeBias", Time since last: 9137800 ns, Reaching safepoint: 78100 ns, At safepoint: 32200 ns, Total: 110300 ns
[2020-04-26T17:40:18.208+0000][1][safepoint    ] Safepoint "RevokeBias", Time since last: 228000 ns, Reaching safepoint: 85600 ns, At safepoint: 30400 ns, Total: 116000 ns
[2020-04-26T17:40:18.208+0000][1][safepoint    ] Safepoint "RevokeBias", Time since last: 397100 ns, Reaching safepoint: 72900 ns, At safepoint: 31200 ns, Total: 104100 ns
[2020-04-26T17:40:18.209+0000][1][safepoint    ] Safepoint "RevokeBias", Time since last: 167900 ns, Reaching safepoint: 70300 ns, At safepoint: 31000 ns, Total: 101300 ns
[2020-04-26T17:40:18.209+0000][1][safepoint    ] Safepoint "RevokeBias", Time since last: 144200 ns, Reaching safepoint: 85500 ns, At safepoint: 30200 ns, Total: 115700 ns
[2020-04-26T17:40:18.211+0000][1][safepoint    ] Safepoint "RevokeBias", Time since last: 1893300 ns, Reaching safepoint: 120700 ns, At safepoint: 30800 ns, Total: 151500 ns
[2020-04-26T17:40:18.211+0000][1][safepoint    ] Safepoint "RevokeBias", Time since last: 116800 ns, Reaching safepoint: 69800 ns, At safepoint: 30700 ns, Total: 100500 ns
[2020-04-26T17:40:18.213+0000][1][safepoint    ] Safepoint "RevokeBias", Time since last: 1843000 ns, Reaching safepoint: 71700 ns, At safepoint: 32000 ns, Total: 103700 ns
[2020-04-26T17:40:18.213+0000][1][safepoint    ] Safepoint "RevokeBias", Time since last: 171200 ns, Reaching safepoint: 69800 ns, At safepoint: 31100 ns, Total: 100900 ns
[2020-04-26T17:40:18.217+0000][1][safepoint    ] Safepoint "RevokeBias", Time since last: 3196600 ns, Reaching safepoint: 210800 ns, At safepoint: 52800 ns, Total: 263600 ns
[2020-04-26T17:40:18.242+0000][1][safepoint    ] Safepoint "RevokeBias", Time since last: 25446900 ns, Reaching safepoint: 180300 ns, At safepoint: 57900 ns, Total: 238200 ns
[2020-04-26T17:40:18.243+0000][1][safepoint    ] Safepoint "RevokeBias", Time since last: 171900 ns, Reaching safepoint: 108400 ns, At safepoint: 60200 ns, Total: 168600 ns
[2020-04-26T17:40:18.243+0000][1][safepoint    ] Safepoint "RevokeBias", Time since last: 169500 ns, Reaching safepoint: 69900 ns, At safepoint: 50900 ns, Total: 120800 ns
[2020-04-26T17:40:18.243+0000][1][safepoint    ] Safepoint "RevokeBias", Time since last: 281600 ns, Reaching safepoint: 86300 ns, At safepoint: 50600 ns, Total: 136900 ns
[2020-04-26T17:40:18.244+0000][1][safepoint    ] Safepoint "RevokeBias", Time since last: 194400 ns, Reaching safepoint: 85000 ns, At safepoint: 49900 ns, Total: 134900 ns
[2020-04-26T17:40:18.244+0000][1][safepoint    ] Safepoint "RevokeBias", Time since last: 189400 ns, Reaching safepoint: 85400 ns, At safepoint: 50300 ns, Total: 135700 ns
[2020-04-26T17:40:18.244+0000][1][safepoint    ] Safepoint "RevokeBias", Time since last: 202700 ns, Reaching safepoint: 86900 ns, At safepoint: 50300 ns, Total: 137200 ns
[2020-04-26T17:40:18.246+0000][1][safepoint    ] Safepoint "RevokeBias", Time since last: 1060000 ns, Reaching safepoint: 241400 ns, At safepoint: 73200 ns, Total: 314600 ns
[2020-04-26T17:40:18.276+0000][1][safepoint    ] Safepoint "RevokeBias", Time since last: 30286900 ns, Reaching safepoint: 245600 ns, At safepoint: 103800 ns, Total: 349400 ns
[2020-04-26T17:40:18.286+0000][1][safepoint    ] Safepoint "RevokeBias", Time since last: 9668000 ns, Reaching safepoint: 173000 ns, At safepoint: 77200 ns, Total: 250200 ns
[2020-04-26T17:40:18.287+0000][1][safepoint    ] Safepoint "RevokeBias", Time since last: 151000 ns, Reaching safepoint: 233800 ns, At safepoint: 106900 ns, Total: 340700 ns
[2020-04-26T17:40:18.303+0000][1][safepoint    ] Safepoint "RevokeBias", Time since last: 16167600 ns, Reaching safepoint: 130100 ns, At safepoint: 38100 ns, Total: 168200 ns
[2020-04-26T17:40:18.423+0000][1][safepoint    ] Safepoint "RevokeBias", Time since last: 119192600 ns, Reaching safepoint: 374200 ns, At safepoint: 87500 ns, Total: 461700 ns
[2020-04-26T17:40:18.425+0000][1][safepoint    ] Safepoint "RevokeBias", Time since last: 1399700 ns, Reaching safepoint: 194800 ns, At safepoint: 84500 ns, Total: 279300 ns
[2020-04-26T17:40:18.643+0000][1][safepoint    ] Safepoint "RevokeBias", Time since last: 218312900 ns, Reaching safepoint: 228400 ns, At safepoint: 75900 ns, Total: 304300 ns
[2020-04-26T17:40:18.644+0000][1][safepoint    ] Safepoint "RevokeBias", Time since last: 751200 ns, Reaching safepoint: 144600 ns, At safepoint: 67900 ns, Total: 212500 ns
[2020-04-26T17:40:18.651+0000][1][safepoint    ] Safepoint "RevokeBias", Time since last: 6377300 ns, Reaching safepoint: 310300 ns, At safepoint: 162700 ns, Total: 473000 ns
[2020-04-26T17:40:18.685+0000][1][safepoint    ] Safepoint "RevokeBias", Time since last: 33975000 ns, Reaching safepoint: 126700 ns, At safepoint: 36200 ns, Total: 162900 ns
[2020-04-26T17:40:18.685+0000][1][safepoint    ] Safepoint "RevokeBias", Time since last: 146900 ns, Reaching safepoint: 77700 ns, At safepoint: 32400 ns, Total: 110100 ns
[2020-04-26T17:40:18.686+0000][1][safepoint    ] Safepoint "RevokeBias", Time since last: 113000 ns, Reaching safepoint: 70400 ns, At safepoint: 31200 ns, Total: 101600 ns
[2020-04-26T17:40:18.686+0000][1][safepoint    ] Safepoint "RevokeBias", Time since last: 119100 ns, Reaching safepoint: 69500 ns, At safepoint: 31200 ns, Total: 100700 ns
[2020-04-26T17:40:18.687+0000][1][safepoint    ] Safepoint "RevokeBias", Time since last: 1430700 ns, Reaching safepoint: 87800 ns, At safepoint: 58600 ns, Total: 146400 ns
[2020-04-26T17:40:18.717+0000][1][safepoint    ] Safepoint "RevokeBias", Time since last: 29477900 ns, Reaching safepoint: 173900 ns, At safepoint: 96700 ns, Total: 270600 ns
[2020-04-26T17:40:18.732+0000][1][safepoint    ] Safepoint "RevokeBias", Time since last: 14929100 ns, Reaching safepoint: 127100 ns, At safepoint: 60000 ns, Total: 187100 ns
[2020-04-26T17:40:18.733+0000][1][safepoint    ] Safepoint "RevokeBias", Time since last: 180300 ns, Reaching safepoint: 195300 ns, At safepoint: 75200 ns, Total: 270500 ns
[2020-04-26T17:40:18.748+0000][1][safepoint    ] Safepoint "RevokeBias", Time since last: 15462000 ns, Reaching safepoint: 146900 ns, At safepoint: 70200 ns, Total: 217100 ns
[2020-04-26T17:40:19.371+0000][1][safepoint    ] Safepoint "RevokeBias", Time since last: 622813000 ns, Reaching safepoint: 248700 ns, At safepoint: 61600 ns, Total: 310300 ns
[2020-04-26T17:40:19.372+0000][1][safepoint    ] Safepoint "RevokeBias", Time since last: 704800 ns, Reaching safepoint: 122500 ns, At safepoint: 54300 ns, Total: 176800 ns
[2020-04-26T17:40:19.718+0000][1][safepoint    ] Safepoint "RevokeBias", Time since last: 345258300 ns, Reaching safepoint: 434700 ns, At safepoint: 180600 ns, Total: 615300 ns
[2020-04-26T17:40:19.719+0000][1][safepoint    ] Safepoint "RevokeBias", Time since last: 588800 ns, Reaching safepoint: 346700 ns, At safepoint: 147000 ns, Total: 493700 ns
[2020-04-26T17:40:19.720+0000][1][safepoint    ] Safepoint "RevokeBias", Time since last: 541800 ns, Reaching safepoint: 351500 ns, At safepoint: 159700 ns, Total: 511200 ns
[2020-04-26T17:40:20.559+0000][1][safepoint    ] Safepoint "RevokeBias", Time since last: 838470900 ns, Reaching safepoint: 146500 ns, At safepoint: 45300 ns, Total: 191800 ns
[2020-04-26T17:40:21.559+0000][1][safepoint    ] Safepoint "Cleanup", Time since last: 1000173600 ns, Reaching safepoint: 132200 ns, At safepoint: 27700 ns, Total: 159900 ns
[2020-04-26T17:40:22.560+0000][1][safepoint    ] Safepoint "Cleanup", Time since last: 1000652000 ns, Reaching safepoint: 327900 ns, At safepoint: 100600 ns, Total: 428500 ns
[2020-04-26T17:40:23.041+0000][1][safepoint    ] Safepoint "RevokeBias", Time since last: 480741000 ns, Reaching safepoint: 230100 ns, At safepoint: 76700 ns, Total: 306800 ns
[2020-04-26T17:40:24.042+0000][1][safepoint    ] Safepoint "Cleanup", Time since last: 1000369400 ns, Reaching safepoint: 139400 ns, At safepoint: 28500 ns, Total: 167900 ns
[2020-04-26T17:40:25.043+0000][1][safepoint    ] Safepoint "Cleanup", Time since last: 1000313400 ns, Reaching safepoint: 402600 ns, At safepoint: 101700 ns, Total: 504300 ns
[2020-04-26T17:40:26.044+0000][1][safepoint    ] Safepoint "Cleanup", Time since last: 1000500800 ns, Reaching safepoint: 536400 ns, At safepoint: 148900 ns, Total: 685300 ns
[2020-04-26T17:40:27.045+0000][1][safepoint    ] Safepoint "Cleanup", Time since last: 1000598000 ns, Reaching safepoint: 206400 ns, At safepoint: 41100 ns, Total: 247500 ns
[2020-04-26T17:40:28.045+0000][1][safepoint    ] Safepoint "Cleanup", Time since last: 1000213400 ns, Reaching safepoint: 146200 ns, At safepoint: 29300 ns, Total: 175500 ns
[2020-04-26T17:40:29.046+0000][1][safepoint    ] Safepoint "Cleanup", Time since last: 1000217600 ns, Reaching safepoint: 148800 ns, At safepoint: 83900 ns, Total: 232700 ns
[2020-04-26T17:40:30.046+0000][1][safepoint    ] Safepoint "Cleanup", Time since last: 1000408500 ns, Reaching safepoint: 188000 ns, At safepoint: 33900 ns, Total: 221900 ns
[2020-04-26T17:40:31.047+0000][1][safepoint    ] Safepoint "Cleanup", Time since last: 1000319300 ns, Reaching safepoint: 528800 ns, At safepoint: 133600 ns, Total: 662400 ns
[2020-04-26T17:40:31.167+0000][1][safepoint    ] Safepoint "RevokeBias", Time since last: 119399600 ns, Reaching safepoint: 138300 ns, At safepoint: 46100 ns, Total: 184400 ns
[2020-04-26T17:40:31.168+0000][1][safepoint    ] Safepoint "RevokeBias", Time since last: 548500 ns, Reaching safepoint: 98900 ns, At safepoint: 54200 ns, Total: 153100 ns
[2020-04-26T17:40:31.176+0000][1][safepoint    ] Safepoint "RevokeBias", Time since last: 8382400 ns, Reaching safepoint: 162300 ns, At safepoint: 50300 ns, Total: 212600 ns
[2020-04-26T17:40:31.176+0000][1][safepoint    ] Safepoint "RevokeBias", Time since last: 123500 ns, Reaching safepoint: 85300 ns, At safepoint: 34900 ns, Total: 120200 ns
[2020-04-26T17:40:31.177+0000][1][safepoint    ] Safepoint "RevokeBias", Time since last: 687700 ns, Reaching safepoint: 99200 ns, At safepoint: 54200 ns, Total: 153400 ns
[2020-04-26T17:40:31.178+0000][1][safepoint    ] Safepoint "RevokeBias", Time since last: 203600 ns, Reaching safepoint: 150100 ns, At safepoint: 49900 ns, Total: 200000 ns
[2020-04-26T17:40:31.179+0000][1][safepoint    ] Safepoint "RevokeBias", Time since last: 1140200 ns, Reaching safepoint: 100200 ns, At safepoint: 35300 ns, Total: 135500 ns
[2020-04-26T17:40:31.179+0000][1][safepoint    ] Safepoint "RevokeBias", Time since last: 154700 ns, Reaching safepoint: 95100 ns, At safepoint: 32300 ns, Total: 127400 ns
[2020-04-26T17:40:31.180+0000][1][safepoint    ] Safepoint "RevokeBias", Time since last: 156200 ns, Reaching safepoint: 73400 ns, At safepoint: 33000 ns, Total: 106400 ns
[2020-04-26T17:40:31.180+0000][1][safepoint    ] Safepoint "RevokeBias", Time since last: 158600 ns, Reaching safepoint: 73600 ns, At safepoint: 36700 ns, Total: 110300 ns
[2020-04-26T17:40:31.180+0000][1][safepoint    ] Safepoint "RevokeBias", Time since last: 162200 ns, Reaching safepoint: 73200 ns, At safepoint: 35100 ns, Total: 108300 ns
[2020-04-26T17:40:31.217+0000][1][safepoint    ] Safepoint "RevokeBias", Time since last: 36977900 ns, Reaching safepoint: 130500 ns, At safepoint: 34900 ns, Total: 165400 ns
[2020-04-26T17:40:31.218+0000][1][safepoint    ] Safepoint "RevokeBias", Time since last: 213900 ns, Reaching safepoint: 101800 ns, At safepoint: 29600 ns, Total: 131400 ns
[2020-04-26T17:40:31.218+0000][1][safepoint    ] Safepoint "RevokeBias", Time since last: 147600 ns, Reaching safepoint: 84500 ns, At safepoint: 28400 ns, Total: 112900 ns
[2020-04-26T17:40:31.218+0000][1][safepoint    ] Safepoint "RevokeBias", Time since last: 144900 ns, Reaching safepoint: 83800 ns, At safepoint: 28100 ns, Total: 111900 ns
[2020-04-26T17:40:31.218+0000][1][safepoint    ] Safepoint "RevokeBias", Time since last: 150500 ns, Reaching safepoint: 68900 ns, At safepoint: 27900 ns, Total: 96800 ns
[2020-04-26T17:40:31.219+0000][1][safepoint    ] Safepoint "RevokeBias", Time since last: 136200 ns, Reaching safepoint: 82700 ns, At safepoint: 28200 ns, Total: 110900 ns
[2020-04-26T17:40:31.219+0000][1][safepoint    ] Safepoint "RevokeBias", Time since last: 141000 ns, Reaching safepoint: 69000 ns, At safepoint: 28200 ns, Total: 97200 ns
[2020-04-26T17:40:31.219+0000][1][safepoint    ] Safepoint "RevokeBias", Time since last: 142400 ns, Reaching safepoint: 69100 ns, At safepoint: 27900 ns, Total: 97000 ns
[2020-04-26T17:40:31.219+0000][1][safepoint    ] Safepoint "RevokeBias", Time since last: 157900 ns, Reaching safepoint: 68100 ns, At safepoint: 27800 ns, Total: 95900 ns
[2020-04-26T17:40:31.220+0000][1][safepoint    ] Safepoint "RevokeBias", Time since last: 144500 ns, Reaching safepoint: 81000 ns, At safepoint: 28000 ns, Total: 109000 ns
[2020-04-26T17:40:31.220+0000][1][safepoint    ] Safepoint "RevokeBias", Time since last: 138300 ns, Reaching safepoint: 70000 ns, At safepoint: 28200 ns, Total: 98200 ns
[2020-04-26T17:40:31.220+0000][1][safepoint    ] Safepoint "RevokeBias", Time since last: 237900 ns, Reaching safepoint: 69300 ns, At safepoint: 28200 ns, Total: 97500 ns
[2020-04-26T17:40:31.220+0000][1][safepoint    ] Safepoint "RevokeBias", Time since last: 149500 ns, Reaching safepoint: 69000 ns, At safepoint: 27700 ns, Total: 96700 ns
[2020-04-26T17:40:31.221+0000][1][safepoint    ] Safepoint "BulkRevokeBias", Time since last: 152200 ns, Reaching safepoint: 75600 ns, At safepoint: 480600 ns, Total: 556200 ns
[2020-04-26T17:40:31.221+0000][1][safepoint    ] Safepoint "RevokeBias", Time since last: 156000 ns, Reaching safepoint: 70100 ns, At safepoint: 29500 ns, Total: 99600 ns
[2020-04-26T17:40:31.222+0000][1][safepoint    ] Safepoint "RevokeBias", Time since last: 160000 ns, Reaching safepoint: 84700 ns, At safepoint: 28500 ns, Total: 113200 ns
[2020-04-26T17:40:31.222+0000][1][safepoint    ] Safepoint "RevokeBias", Time since last: 158400 ns, Reaching safepoint: 69600 ns, At safepoint: 28000 ns, Total: 97600 ns
[2020-04-26T17:40:32.225+0000][1][safepoint    ] Safepoint "Cleanup", Time since last: 1002465300 ns, Reaching safepoint: 213400 ns, At safepoint: 47500 ns, Total: 260900 ns
[2020-04-26T17:40:33.225+0000][1][safepoint    ] Safepoint "Cleanup", Time since last: 1000216900 ns, Reaching safepoint: 140700 ns, At safepoint: 33100 ns, Total: 173800 ns
[2020-04-26T17:40:34.225+0000][1][safepoint    ] Safepoint "Cleanup", Time since last: 1000192900 ns, Reaching safepoint: 188700 ns, At safepoint: 51000 ns, Total: 239700 ns
[2020-04-26T17:40:35.226+0000][1][safepoint    ] Safepoint "Cleanup", Time since last: 1000297900 ns, Reaching safepoint: 135200 ns, At safepoint: 29200 ns, Total: 164400 ns
[2020-04-26T17:40:36.227+0000][1][safepoint    ] Safepoint "Cleanup", Time since last: 1000188800 ns, Reaching safepoint: 342300 ns, At safepoint: 97000 ns, Total: 439300 ns
[2020-04-26T17:40:37.227+0000][1][safepoint    ] Safepoint "Cleanup", Time since last: 1000322800 ns, Reaching safepoint: 183400 ns, At safepoint: 53800 ns, Total: 237200 ns
[2020-04-26T17:40:37.288+0000][1][safepoint    ] Safepoint "RevokeBias", Time since last: 61055500 ns, Reaching safepoint: 227500 ns, At safepoint: 85200 ns, Total: 312700 ns
[2020-04-26T17:40:37.290+0000][1][safepoint    ] Safepoint "RevokeBias", Time since last: 1024600 ns, Reaching safepoint: 168400 ns, At safepoint: 77500 ns, Total: 245900 ns
[2020-04-26T17:40:37.290+0000][1][safepoint    ] Safepoint "RevokeBias", Time since last: 361700 ns, Reaching safepoint: 202100 ns, At safepoint: 76400 ns, Total: 278500 ns
[2020-04-26T17:40:37.307+0000][1][safepoint    ] Safepoint "RevokeBias", Time since last: 16793100 ns, Reaching safepoint: 242100 ns, At safepoint: 83000 ns, Total: 325100 ns
[2020-04-26T17:40:37.334+0000][1][safepoint    ] Safepoint "RevokeBias", Time since last: 26679200 ns, Reaching safepoint: 135800 ns, At safepoint: 41900 ns, Total: 177700 ns
[2020-04-26T17:40:37.337+0000][1][safepoint    ] Safepoint "RevokeBias", Time since last: 1905000 ns, Reaching safepoint: 225900 ns, At safepoint: 101300 ns, Total: 327200 ns
[2020-04-26T17:40:37.380+0000][1][safepoint    ] Safepoint "RevokeBias", Time since last: 42996200 ns, Reaching safepoint: 143700 ns, At safepoint: 34600 ns, Total: 178300 ns
[2020-04-26T17:40:37.387+0000][1][safepoint    ] Safepoint "RevokeBias", Time since last: 7182900 ns, Reaching safepoint: 91200 ns, At safepoint: 31800 ns, Total: 123000 ns
[2020-04-26T17:40:37.401+0000][1][safepoint    ] Safepoint "RevokeBias", Time since last: 14127900 ns, Reaching safepoint: 110700 ns, At safepoint: 48900 ns, Total: 159600 ns
[2020-04-26T17:40:37.406+0000][1][safepoint    ] Safepoint "RevokeBias", Time since last: 4094200 ns, Reaching safepoint: 149900 ns, At safepoint: 49300 ns, Total: 199200 ns
[2020-04-26T17:40:37.406+0000][1][safepoint    ] Safepoint "BulkRevokeBias", Time since last: 123400 ns, Reaching safepoint: 113900 ns, At safepoint: 523700 ns, Total: 637600 ns
[2020-04-26T17:40:38.336+0000][1][safepoint    ] Safepoint "RevokeBias", Time since last: 929929000 ns, Reaching safepoint: 151900 ns, At safepoint: 43800 ns, Total: 195700 ns
[2020-04-26T17:40:38.337+0000][1][safepoint    ] Safepoint "RevokeBias", Time since last: 106100 ns, Reaching safepoint: 87100 ns, At safepoint: 33600 ns, Total: 120700 ns
[2020-04-26T17:40:38.337+0000][1][safepoint    ] Safepoint "RevokeBias", Time since last: 81700 ns, Reaching safepoint: 72800 ns, At safepoint: 31000 ns, Total: 103800 ns
[2020-04-26T17:40:39.338+0000][1][safepoint    ] Safepoint "Cleanup", Time since last: 1000305700 ns, Reaching safepoint: 389900 ns, At safepoint: 197500 ns, Total: 587400 ns
[2020-04-26T17:40:40.339+0000][1][safepoint    ] Safepoint "Cleanup", Time since last: 1000455500 ns, Reaching safepoint: 438000 ns, At safepoint: 323000 ns, Total: 761000 ns
[2020-04-26T17:40:40.572+0000][1][safepoint    ] Safepoint "RevokeBias", Time since last: 232964700 ns, Reaching safepoint: 146100 ns, At safepoint: 51000 ns, Total: 197100 ns
[2020-04-26T17:40:41.573+0000][1][safepoint    ] Safepoint "Cleanup", Time since last: 1000201200 ns, Reaching safepoint: 152500 ns, At safepoint: 32000 ns, Total: 184500 ns
[2020-04-26T17:40:42.573+0000][1][safepoint    ] Safepoint "Cleanup", Time since last: 1000234200 ns, Reaching safepoint: 418500 ns, At safepoint: 107000 ns, Total: 525500 ns
[2020-04-26T17:40:43.574+0000][1][safepoint    ] Safepoint "Cleanup", Time since last: 1000379200 ns, Reaching safepoint: 441600 ns, At safepoint: 208100 ns, Total: 649700 ns
[2020-04-26T17:40:44.576+0000][1][safepoint    ] Safepoint "Cleanup", Time since last: 1000694200 ns, Reaching safepoint: 705100 ns, At safepoint: 277000 ns, Total: 982100 ns
[2020-04-26T17:40:45.575+0000][1][gc,start     ] GC(60) Pause Young (Allocation Failure)
[2020-04-26T17:40:45.575+0000][1][gc,task      ] GC(60) Using 10 workers of 10 for evacuation
[2020-04-26T17:40:45.585+0000][1][gc,age       ] GC(60) Desired survivor size 8945664 bytes, new threshold 6 (max threshold 6)
[2020-04-26T17:40:45.585+0000][1][gc,age       ] GC(60) Age table with threshold 6 (max threshold 6)
[2020-04-26T17:40:45.585+0000][1][gc,age       ] GC(60) - age   1:     379296 bytes,     379296 total
[2020-04-26T17:40:45.585+0000][1][gc,age       ] GC(60) - age   2:      66184 bytes,     445480 total
[2020-04-26T17:40:45.585+0000][1][gc,age       ] GC(60) - age   3:      40248 bytes,     485728 total
[2020-04-26T17:40:45.585+0000][1][gc,age       ] GC(60) - age   4:      40656 bytes,     526384 total
[2020-04-26T17:40:45.585+0000][1][gc,age       ] GC(60) - age   5:      60480 bytes,     586864 total
[2020-04-26T17:40:45.585+0000][1][gc,age       ] GC(60) - age   6:      59016 bytes,     645880 total
[2020-04-26T17:40:45.585+0000][1][gc,heap      ] GC(60) ParNew: 140422K->865K(157248K)
[2020-04-26T17:40:45.585+0000][1][gc,heap      ] GC(60) CMS: 80987K->81048K(349568K)
[2020-04-26T17:40:45.585+0000][1][gc,metaspace ] GC(60) Metaspace: 99039K->99039K(1140736K)
[2020-04-26T17:40:45.585+0000][1][gc           ] GC(60) Pause Young (Allocation Failure) 216M->79M(494M) 10.053ms
[2020-04-26T17:40:45.585+0000][1][gc,cpu       ] GC(60) User=0.03s Sys=0.02s Real=0.01s
[2020-04-26T17:40:45.585+0000][1][safepoint    ] Safepoint "GenCollectForAllocation", Time since last: 998660600 ns, Reaching safepoint: 443100 ns, At safepoint: 10166000 ns, Total: 10609100 ns
[2020-04-26T17:40:46.586+0000][1][safepoint    ] Safepoint "Cleanup", Time since last: 1000154500 ns, Reaching safepoint: 133200 ns, At safepoint: 30900 ns, Total: 164100 ns
[2020-04-26T17:40:47.587+0000][1][safepoint    ] Safepoint "Cleanup", Time since last: 1000398700 ns, Reaching safepoint: 517300 ns, At safepoint: 136400 ns, Total: 653700 ns
[2020-04-26T17:40:48.587+0000][1][safepoint    ] Safepoint "Cleanup", Time since last: 1000315800 ns, Reaching safepoint: 133700 ns, At safepoint: 30400 ns, Total: 164100 ns
[2020-04-26T17:40:50.152+0000][1][safepoint    ] Safepoint "Cleanup", Time since last: 1564550000 ns, Reaching safepoint: 155100 ns, At safepoint: 29800 ns, Total: 184900 ns
[2020-04-26T17:40:50.161+0000][1][safepoint    ] Safepoint "RevokeBias", Time since last: 8900000 ns, Reaching safepoint: 206100 ns, At safepoint: 88000 ns, Total: 294100 ns
[2020-04-26T17:40:50.161+0000][1][safepoint    ] Safepoint "RevokeBias", Time since last: 62200 ns, Reaching safepoint: 119200 ns, At safepoint: 61200 ns, Total: 180400 ns
[2020-04-26T17:40:50.166+0000][1][safepoint    ] Safepoint "RevokeBias", Time since last: 3983100 ns, Reaching safepoint: 203600 ns, At safepoint: 84400 ns, Total: 288000 ns
[2020-04-26T17:40:50.166+0000][1][safepoint    ] Safepoint "RevokeBias", Time since last: 48400 ns, Reaching safepoint: 125500 ns, At safepoint: 69200 ns, Total: 194700 ns
[2020-04-26T17:40:50.166+0000][1][safepoint    ] Safepoint "RevokeBias", Time since last: 114200 ns, Reaching safepoint: 180800 ns, At safepoint: 90700 ns, Total: 271500 ns
[2020-04-26T17:40:51.167+0000][1][safepoint    ] Safepoint "Cleanup", Time since last: 1000470400 ns, Reaching safepoint: 329100 ns, At safepoint: 98100 ns, Total: 427200 ns
[2020-04-26T17:40:52.168+0000][1][safepoint    ] Safepoint "Cleanup", Time since last: 1000687200 ns, Reaching safepoint: 456700 ns, At safepoint: 144300 ns, Total: 601000 ns
[2020-04-26T17:40:52.431+0000][1][safepoint    ] Safepoint "BulkRevokeBias", Time since last: 259708100 ns, Reaching safepoint: 528600 ns, At safepoint: 2187800 ns, Total: 2716400 ns
[2020-04-26T17:40:53.431+0000][1][safepoint    ] Safepoint "Cleanup", Time since last: 1000314200 ns, Reaching safepoint: 134200 ns, At safepoint: 29600 ns, Total: 163800 ns
[2020-04-26T17:40:54.432+0000][1][safepoint    ] Safepoint "Cleanup", Time since last: 1000183900 ns, Reaching safepoint: 153400 ns, At safepoint: 34200 ns, Total: 187600 ns
[2020-04-26T17:40:55.432+0000][1][safepoint    ] Safepoint "Cleanup", Time since last: 1000176900 ns, Reaching safepoint: 178300 ns, At safepoint: 33900 ns, Total: 212200 ns
[2020-04-26T17:40:56.433+0000][1][safepoint    ] Safepoint "Cleanup", Time since last: 1000353700 ns, Reaching safepoint: 548100 ns, At safepoint: 130200 ns, Total: 678300 ns
[2020-04-26T17:40:57.434+0000][1][safepoint    ] Safepoint "Cleanup", Time since last: 1000410000 ns, Reaching safepoint: 439000 ns, At safepoint: 143400 ns, Total: 582400 ns
[2020-04-26T17:40:58.435+0000][1][safepoint    ] Safepoint "Cleanup", Time since last: 1000529100 ns, Reaching safepoint: 160200 ns, At safepoint: 40000 ns, Total: 200200 ns
[2020-04-26T17:40:59.435+0000][1][safepoint    ] Safepoint "Cleanup", Time since last: 1000194900 ns, Reaching safepoint: 135400 ns, At safepoint: 30600 ns, Total: 166000 ns
[2020-04-26T17:41:00.436+0000][1][safepoint    ] Safepoint "Cleanup", Time since last: 1000336100 ns, Reaching safepoint: 522000 ns, At safepoint: 131600 ns, Total: 653600 ns
[2020-04-26T17:41:00.606+0000][1][safepoint    ] Safepoint "RevokeBias", Time since last: 169841800 ns, Reaching safepoint: 131600 ns, At safepoint: 44900 ns, Total: 176500 ns
[2020-04-26T17:41:00.607+0000][1][safepoint    ] Safepoint "RevokeBias", Time since last: 485200 ns, Reaching safepoint: 89700 ns, At safepoint: 33500 ns, Total: 123200 ns
[2020-04-26T17:41:00.629+0000][1][safepoint    ] Safepoint "RevokeBias", Time since last: 21635500 ns, Reaching safepoint: 125700 ns, At safepoint: 37100 ns, Total: 162800 ns
[2020-04-26T17:41:00.629+0000][1][safepoint    ] Safepoint "RevokeBias", Time since last: 248200 ns, Reaching safepoint: 94300 ns, At safepoint: 31700 ns, Total: 126000 ns
[2020-04-26T17:41:00.630+0000][1][safepoint    ] Safepoint "BulkRevokeBias", Time since last: 349600 ns, Reaching safepoint: 87000 ns, At safepoint: 475800 ns, Total: 562800 ns
[2020-04-26T17:41:00.645+0000][1][safepoint    ] Safepoint "RevokeBias", Time since last: 15139000 ns, Reaching safepoint: 188600 ns, At safepoint: 39300 ns, Total: 227900 ns
[2020-04-26T17:41:00.659+0000][1][safepoint    ] Safepoint "RevokeBias", Time since last: 13252100 ns, Reaching safepoint: 215500 ns, At safepoint: 91400 ns, Total: 306900 ns
[2020-04-26T17:41:00.685+0000][1][safepoint    ] Safepoint "RevokeBias", Time since last: 25817000 ns, Reaching safepoint: 126100 ns, At safepoint: 50400 ns, Total: 176500 ns
[2020-04-26T17:41:00.685+0000][1][safepoint    ] Safepoint "RevokeBias", Time since last: 220300 ns, Reaching safepoint: 173300 ns, At safepoint: 45600 ns, Total: 218900 ns
[2020-04-26T17:41:00.685+0000][1][safepoint    ] Safepoint "RevokeBias", Time since last: 123700 ns, Reaching safepoint: 95800 ns, At safepoint: 29000 ns, Total: 124800 ns
[2020-04-26T17:41:00.686+0000][1][safepoint    ] Safepoint "RevokeBias", Time since last: 116500 ns, Reaching safepoint: 70700 ns, At safepoint: 28500 ns, Total: 99200 ns
[2020-04-26T17:41:00.686+0000][1][safepoint    ] Safepoint "RevokeBias", Time since last: 110500 ns, Reaching safepoint: 70000 ns, At safepoint: 28400 ns, Total: 98400 ns
[2020-04-26T17:41:00.686+0000][1][safepoint    ] Safepoint "RevokeBias", Time since last: 125500 ns, Reaching safepoint: 68800 ns, At safepoint: 28700 ns, Total: 97500 ns
[2020-04-26T17:41:00.686+0000][1][safepoint    ] Safepoint "RevokeBias", Time since last: 118900 ns, Reaching safepoint: 70300 ns, At safepoint: 39100 ns, Total: 109400 ns
[2020-04-26T17:41:00.687+0000][1][safepoint    ] Safepoint "RevokeBias", Time since last: 113200 ns, Reaching safepoint: 70600 ns, At safepoint: 28200 ns, Total: 98800 ns
[2020-04-26T17:41:00.687+0000][1][safepoint    ] Safepoint "RevokeBias", Time since last: 201500 ns, Reaching safepoint: 70200 ns, At safepoint: 28300 ns, Total: 98500 ns
[2020-04-26T17:41:00.687+0000][1][safepoint    ] Safepoint "RevokeBias", Time since last: 120400 ns, Reaching safepoint: 69300 ns, At safepoint: 28600 ns, Total: 97900 ns
[2020-04-26T17:41:00.687+0000][1][safepoint    ] Safepoint "RevokeBias", Time since last: 116800 ns, Reaching safepoint: 69600 ns, At safepoint: 28300 ns, Total: 97900 ns
[2020-04-26T17:41:00.688+0000][1][safepoint    ] Safepoint "RevokeBias", Time since last: 210900 ns, Reaching safepoint: 133400 ns, At safepoint: 31400 ns, Total: 164800 ns
[2020-04-26T17:41:00.688+0000][1][safepoint    ] Safepoint "RevokeBias", Time since last: 144700 ns, Reaching safepoint: 129500 ns, At safepoint: 44800 ns, Total: 174300 ns
[2020-04-26T17:41:00.690+0000][1][safepoint    ] Safepoint "RevokeBias", Time since last: 1456100 ns, Reaching safepoint: 130900 ns, At safepoint: 56900 ns, Total: 187800 ns
[2020-04-26T17:41:00.698+0000][1][safepoint    ] Safepoint "RevokeBias", Time since last: 8291500 ns, Reaching safepoint: 234800 ns, At safepoint: 103000 ns, Total: 337800 ns
[2020-04-26T17:41:00.725+0000][1][safepoint    ] Safepoint "RevokeBias", Time since last: 26253100 ns, Reaching safepoint: 330500 ns, At safepoint: 131400 ns, Total: 461900 ns
[2020-04-26T17:41:00.737+0000][1][safepoint    ] Safepoint "RevokeBias", Time since last: 11433000 ns, Reaching safepoint: 473600 ns, At safepoint: 194100 ns, Total: 667700 ns
[2020-04-26T17:41:00.738+0000][1][safepoint    ] Safepoint "RevokeBias", Time since last: 275400 ns, Reaching safepoint: 289000 ns, At safepoint: 110100 ns, Total: 399100 ns
[2020-04-26T17:41:00.757+0000][1][safepoint    ] Safepoint "RevokeBias", Time since last: 19343700 ns, Reaching safepoint: 188000 ns, At safepoint: 54000 ns, Total: 242000 ns
[2020-04-26T17:41:00.876+0000][1][safepoint    ] Safepoint "RevokeBias", Time since last: 118795700 ns, Reaching safepoint: 249600 ns, At safepoint: 73200 ns, Total: 322800 ns
[2020-04-26T17:41:00.878+0000][1][safepoint    ] Safepoint "RevokeBias", Time since last: 914800 ns, Reaching safepoint: 160800 ns, At safepoint: 68600 ns, Total: 229400 ns
[2020-04-26T17:41:00.915+0000][1][safepoint    ] Safepoint "RevokeBias", Time since last: 37391800 ns, Reaching safepoint: 125100 ns, At safepoint: 47200 ns, Total: 172300 ns
[2020-04-26T17:41:01.084+0000][1][safepoint    ] Safepoint "BulkRevokeBias", Time since last: 168630600 ns, Reaching safepoint: 136900 ns, At safepoint: 517600 ns, Total: 654500 ns
[2020-04-26T17:41:01.085+0000][1][safepoint    ] Safepoint "RevokeBias", Time since last: 503900 ns, Reaching safepoint: 188300 ns, At safepoint: 57400 ns, Total: 245700 ns
[2020-04-26T17:41:01.090+0000][1][safepoint    ] Safepoint "RevokeBias", Time since last: 4193100 ns, Reaching safepoint: 248700 ns, At safepoint: 172200 ns, Total: 420900 ns
[2020-04-26T17:41:01.117+0000][1][safepoint    ] Safepoint "RevokeBias", Time since last: 26597100 ns, Reaching safepoint: 128600 ns, At safepoint: 33500 ns, Total: 162100 ns
[2020-04-26T17:41:01.117+0000][1][safepoint    ] Safepoint "RevokeBias", Time since last: 209600 ns, Reaching safepoint: 82700 ns, At safepoint: 31900 ns, Total: 114600 ns
[2020-04-26T17:41:01.117+0000][1][safepoint    ] Safepoint "RevokeBias", Time since last: 134600 ns, Reaching safepoint: 84500 ns, At safepoint: 29100 ns, Total: 113600 ns
[2020-04-26T17:41:01.117+0000][1][safepoint    ] Safepoint "RevokeBias", Time since last: 158500 ns, Reaching safepoint: 67800 ns, At safepoint: 28500 ns, Total: 96300 ns
[2020-04-26T17:41:01.118+0000][1][safepoint    ] Safepoint "RevokeBias", Time since last: 789700 ns, Reaching safepoint: 72100 ns, At safepoint: 32900 ns, Total: 105000 ns
[2020-04-26T17:41:01.148+0000][1][safepoint    ] Safepoint "RevokeBias", Time since last: 29582400 ns, Reaching safepoint: 162800 ns, At safepoint: 77000 ns, Total: 239800 ns
[2020-04-26T17:41:01.158+0000][1][safepoint    ] Safepoint "RevokeBias", Time since last: 9327000 ns, Reaching safepoint: 252900 ns, At safepoint: 95500 ns, Total: 348400 ns
[2020-04-26T17:41:01.158+0000][1][safepoint    ] Safepoint "RevokeBias", Time since last: 318000 ns, Reaching safepoint: 185800 ns, At safepoint: 53900 ns, Total: 239700 ns
[2020-04-26T17:41:01.176+0000][1][safepoint    ] Safepoint "RevokeBias", Time since last: 16999600 ns, Reaching safepoint: 133400 ns, At safepoint: 33300 ns, Total: 166700 ns
[2020-04-26T17:41:01.781+0000][1][safepoint    ] Safepoint "RevokeBias", Time since last: 605244900 ns, Reaching safepoint: 152200 ns, At safepoint: 42800 ns, Total: 195000 ns
[2020-04-26T17:41:02.148+0000][1][safepoint    ] Safepoint "RevokeBias", Time since last: 367039800 ns, Reaching safepoint: 155000 ns, At safepoint: 42000 ns, Total: 197000 ns
[2020-04-26T17:41:02.148+0000][1][safepoint    ] Safepoint "RevokeBias", Time since last: 172600 ns, Reaching safepoint: 84100 ns, At safepoint: 31600 ns, Total: 115700 ns
[2020-04-26T17:41:02.149+0000][1][safepoint    ] Safepoint "RevokeBias", Time since last: 141100 ns, Reaching safepoint: 70400 ns, At safepoint: 29300 ns, Total: 99700 ns
[2020-04-26T17:41:03.150+0000][1][safepoint    ] Safepoint "Cleanup", Time since last: 1000384700 ns, Reaching safepoint: 477800 ns, At safepoint: 201600 ns, Total: 679400 ns
[2020-04-26T17:41:04.150+0000][1][safepoint    ] Safepoint "Cleanup", Time since last: 1000303100 ns, Reaching safepoint: 140000 ns, At safepoint: 31200 ns, Total: 171200 ns
[2020-04-26T17:41:05.151+0000][1][safepoint    ] Safepoint "Cleanup", Time since last: 1000332600 ns, Reaching safepoint: 529600 ns, At safepoint: 229500 ns, Total: 759100 ns
[2020-04-26T17:41:05.600+0000][1][safepoint    ] Safepoint "RevokeBias", Time since last: 448395700 ns, Reaching safepoint: 247400 ns, At safepoint: 59800 ns, Total: 307200 ns
[2020-04-26T17:41:06.601+0000][1][safepoint    ] Safepoint "Cleanup", Time since last: 1000301100 ns, Reaching safepoint: 296700 ns, At safepoint: 69100 ns, Total: 365800 ns
[2020-04-26T17:41:07.602+0000][1][safepoint    ] Safepoint "Cleanup", Time since last: 1000392700 ns, Reaching safepoint: 458200 ns, At safepoint: 224900 ns, Total: 683100 ns
[2020-04-26T17:41:08.603+0000][1][safepoint    ] Safepoint "Cleanup", Time since last: 1000410200 ns, Reaching safepoint: 704500 ns, At safepoint: 204900 ns, Total: 909400 ns
[2020-04-26T17:41:09.604+0000][1][safepoint    ] Safepoint "Cleanup", Time since last: 1000176900 ns, Reaching safepoint: 179800 ns, At safepoint: 46900 ns, Total: 226700 ns
[2020-04-26T17:41:10.605+0000][1][safepoint    ] Safepoint "Cleanup", Time since last: 1000319500 ns, Reaching safepoint: 696900 ns, At safepoint: 200900 ns, Total: 897800 ns
[2020-04-26T17:41:11.605+0000][1][safepoint    ] Safepoint "Cleanup", Time since last: 1000177300 ns, Reaching safepoint: 135100 ns, At safepoint: 44900 ns, Total: 180000 ns
[2020-04-26T17:41:12.606+0000][1][safepoint    ] Safepoint "Cleanup", Time since last: 1000675700 ns, Reaching safepoint: 458400 ns, At safepoint: 142600 ns, Total: 601000 ns
[2020-04-26T17:41:13.782+0000][1][safepoint    ] Safepoint "RevokeBias", Time since last: 1175330000 ns, Reaching safepoint: 277700 ns, At safepoint: 98700 ns, Total: 376400 ns
[2020-04-26T17:41:13.783+0000][1][safepoint    ] Safepoint "RevokeBias", Time since last: 988100 ns, Reaching safepoint: 183800 ns, At safepoint: 88800 ns, Total: 272600 ns
[2020-04-26T17:41:13.807+0000][1][safepoint    ] Safepoint "RevokeBias", Time since last: 23481400 ns, Reaching safepoint: 231300 ns, At safepoint: 115200 ns, Total: 346500 ns
[2020-04-26T17:41:13.808+0000][1][safepoint    ] Safepoint "RevokeBias", Time since last: 346700 ns, Reaching safepoint: 182800 ns, At safepoint: 48600 ns, Total: 231400 ns
[2020-04-26T17:41:13.808+0000][1][safepoint    ] Safepoint "RevokeBias", Time since last: 429100 ns, Reaching safepoint: 180000 ns, At safepoint: 46600 ns, Total: 226600 ns
[2020-04-26T17:41:13.821+0000][1][safepoint    ] Safepoint "RevokeBias", Time since last: 12196000 ns, Reaching safepoint: 253200 ns, At safepoint: 96400 ns, Total: 349600 ns
[2020-04-26T17:41:13.822+0000][1][safepoint    ] Safepoint "RevokeBias", Time since last: 273900 ns, Reaching safepoint: 254800 ns, At safepoint: 36100 ns, Total: 290900 ns
[2020-04-26T17:41:13.822+0000][1][safepoint    ] Safepoint "RevokeBias", Time since last: 200900 ns, Reaching safepoint: 110300 ns, At safepoint: 89000 ns, Total: 199300 ns
[2020-04-26T17:41:13.822+0000][1][safepoint    ] Safepoint "RevokeBias", Time since last: 177300 ns, Reaching safepoint: 111500 ns, At safepoint: 33700 ns, Total: 145200 ns
[2020-04-26T17:41:13.823+0000][1][safepoint    ] Safepoint "BulkRevokeBias", Time since last: 134100 ns, Reaching safepoint: 183900 ns, At safepoint: 721400 ns, Total: 905300 ns
[2020-04-26T17:41:13.824+0000][1][safepoint    ] Safepoint "RevokeBias", Time since last: 223800 ns, Reaching safepoint: 119000 ns, At safepoint: 47300 ns, Total: 166300 ns
[2020-04-26T17:41:13.833+0000][1][safepoint    ] Safepoint "BulkRevokeBias", Time since last: 8417500 ns, Reaching safepoint: 84300 ns, At safepoint: 573700 ns, Total: 658000 ns
[2020-04-26T17:41:13.833+0000][1][safepoint    ] Safepoint "RevokeBias", Time since last: 195700 ns, Reaching safepoint: 74400 ns, At safepoint: 29900 ns, Total: 104300 ns
[2020-04-26T17:41:13.834+0000][1][safepoint    ] Safepoint "RevokeBias", Time since last: 373900 ns, Reaching safepoint: 69300 ns, At safepoint: 55100 ns, Total: 124400 ns
[2020-04-26T17:41:13.834+0000][1][safepoint    ] Safepoint "RevokeBias", Time since last: 160500 ns, Reaching safepoint: 68700 ns, At safepoint: 47100 ns, Total: 115800 ns
[2020-04-26T17:41:13.834+0000][1][safepoint    ] Safepoint "RevokeBias", Time since last: 121700 ns, Reaching safepoint: 68200 ns, At safepoint: 33600 ns, Total: 101800 ns
[2020-04-26T17:41:13.836+0000][1][safepoint    ] Safepoint "RevokeBias", Time since last: 1636700 ns, Reaching safepoint: 147200 ns, At safepoint: 81600 ns, Total: 228800 ns
[2020-04-26T17:41:13.836+0000][1][safepoint    ] Safepoint "RevokeBias", Time since last: 126400 ns, Reaching safepoint: 71900 ns, At safepoint: 48300 ns, Total: 120200 ns
[2020-04-26T17:41:13.838+0000][1][safepoint    ] Safepoint "RevokeBias", Time since last: 1973800 ns, Reaching safepoint: 122700 ns, At safepoint: 45700 ns, Total: 168400 ns
[2020-04-26T17:41:13.839+0000][1][safepoint    ] Safepoint "RevokeBias", Time since last: 91900 ns, Reaching safepoint: 74000 ns, At safepoint: 29100 ns, Total: 103100 ns
[2020-04-26T17:41:13.842+0000][1][safepoint    ] Safepoint "RevokeBias", Time since last: 3525900 ns, Reaching safepoint: 190900 ns, At safepoint: 91600 ns, Total: 282500 ns
[2020-04-26T17:41:13.870+0000][1][safepoint    ] Safepoint "RevokeBias", Time since last: 27585400 ns, Reaching safepoint: 203700 ns, At safepoint: 38200 ns, Total: 241900 ns
[2020-04-26T17:41:13.871+0000][1][safepoint    ] Safepoint "RevokeBias", Time since last: 233600 ns, Reaching safepoint: 103000 ns, At safepoint: 90600 ns, Total: 193600 ns
[2020-04-26T17:41:13.871+0000][1][safepoint    ] Safepoint "RevokeBias", Time since last: 192900 ns, Reaching safepoint: 72200 ns, At safepoint: 31300 ns, Total: 103500 ns
[2020-04-26T17:41:13.871+0000][1][safepoint    ] Safepoint "RevokeBias", Time since last: 255600 ns, Reaching safepoint: 111100 ns, At safepoint: 29700 ns, Total: 140800 ns
[2020-04-26T17:41:13.872+0000][1][safepoint    ] Safepoint "RevokeBias", Time since last: 166100 ns, Reaching safepoint: 71500 ns, At safepoint: 29000 ns, Total: 100500 ns
[2020-04-26T17:41:13.872+0000][1][safepoint    ] Safepoint "RevokeBias", Time since last: 208500 ns, Reaching safepoint: 84700 ns, At safepoint: 28900 ns, Total: 113600 ns
[2020-04-26T17:41:13.872+0000][1][safepoint    ] Safepoint "RevokeBias", Time since last: 158000 ns, Reaching safepoint: 69200 ns, At safepoint: 28100 ns, Total: 97300 ns
[2020-04-26T17:41:13.874+0000][1][safepoint    ] Safepoint "RevokeBias", Time since last: 1376200 ns, Reaching safepoint: 93500 ns, At safepoint: 35900 ns, Total: 129400 ns
[2020-04-26T17:41:13.901+0000][1][safepoint    ] Safepoint "RevokeBias", Time since last: 27613200 ns, Reaching safepoint: 158400 ns, At safepoint: 64200 ns, Total: 222600 ns
[2020-04-26T17:41:13.911+0000][1][safepoint    ] Safepoint "RevokeBias", Time since last: 9324800 ns, Reaching safepoint: 147500 ns, At safepoint: 94400 ns, Total: 241900 ns
[2020-04-26T17:41:13.911+0000][1][safepoint    ] Safepoint "RevokeBias", Time since last: 110700 ns, Reaching safepoint: 188000 ns, At safepoint: 60200 ns, Total: 248200 ns
[2020-04-26T17:41:13.925+0000][1][safepoint    ] Safepoint "RevokeBias", Time since last: 13069800 ns, Reaching safepoint: 203300 ns, At safepoint: 48900 ns, Total: 252200 ns
[2020-04-26T17:41:14.043+0000][1][safepoint    ] Safepoint "RevokeBias", Time since last: 118346400 ns, Reaching safepoint: 128100 ns, At safepoint: 43600 ns, Total: 171700 ns
[2020-04-26T17:41:14.044+0000][1][safepoint    ] Safepoint "RevokeBias", Time since last: 614500 ns, Reaching safepoint: 84400 ns, At safepoint: 34600 ns, Total: 119000 ns
[2020-04-26T17:41:14.075+0000][1][safepoint    ] Safepoint "RevokeBias", Time since last: 30549500 ns, Reaching safepoint: 135100 ns, At safepoint: 41600 ns, Total: 176700 ns
[2020-04-26T17:41:14.248+0000][1][safepoint    ] Safepoint "RevokeBias", Time since last: 173247700 ns, Reaching safepoint: 171500 ns, At safepoint: 43400 ns, Total: 214900 ns
[2020-04-26T17:41:14.249+0000][1][safepoint    ] Safepoint "RevokeBias", Time since last: 593400 ns, Reaching safepoint: 145000 ns, At safepoint: 39500 ns, Total: 184500 ns
[2020-04-26T17:41:14.254+0000][1][safepoint    ] Safepoint "RevokeBias", Time since last: 4445700 ns, Reaching safepoint: 288500 ns, At safepoint: 72700 ns, Total: 361200 ns
[2020-04-26T17:41:14.283+0000][1][safepoint    ] Safepoint "RevokeBias", Time since last: 28933700 ns, Reaching safepoint: 148200 ns, At safepoint: 37400 ns, Total: 185600 ns
[2020-04-26T17:41:14.283+0000][1][safepoint    ] Safepoint "RevokeBias", Time since last: 137800 ns, Reaching safepoint: 153600 ns, At safepoint: 65800 ns, Total: 219400 ns
[2020-04-26T17:41:14.283+0000][1][safepoint    ] Safepoint "RevokeBias", Time since last: 123700 ns, Reaching safepoint: 97600 ns, At safepoint: 38100 ns, Total: 135700 ns
[2020-04-26T17:41:14.284+0000][1][safepoint    ] Safepoint "RevokeBias", Time since last: 130300 ns, Reaching safepoint: 86900 ns, At safepoint: 36500 ns, Total: 123400 ns
[2020-04-26T17:41:14.285+0000][1][safepoint    ] Safepoint "RevokeBias", Time since last: 1245700 ns, Reaching safepoint: 88100 ns, At safepoint: 36200 ns, Total: 124300 ns
[2020-04-26T17:41:14.316+0000][1][safepoint    ] Safepoint "RevokeBias", Time since last: 30930300 ns, Reaching safepoint: 281200 ns, At safepoint: 91600 ns, Total: 372800 ns
[2020-04-26T17:41:14.327+0000][1][safepoint    ] Safepoint "RevokeBias", Time since last: 10518600 ns, Reaching safepoint: 146300 ns, At safepoint: 96500 ns, Total: 242800 ns
[2020-04-26T17:41:14.328+0000][1][safepoint    ] Safepoint "RevokeBias", Time since last: 139500 ns, Reaching safepoint: 157200 ns, At safepoint: 98300 ns, Total: 255500 ns
[2020-04-26T17:41:14.345+0000][1][safepoint    ] Safepoint "BulkRevokeBias", Time since last: 16683000 ns, Reaching safepoint: 169700 ns, At safepoint: 1022100 ns, Total: 1191800 ns
[2020-04-26T17:41:14.346+0000][1][safepoint    ] Safepoint "RevokeBias", Time since last: 725300 ns, Reaching safepoint: 101700 ns, At safepoint: 46300 ns, Total: 148000 ns
[2020-04-26T17:41:14.960+0000][1][safepoint    ] Safepoint "RevokeBias", Time since last: 613645000 ns, Reaching safepoint: 149200 ns, At safepoint: 44900 ns, Total: 194100 ns
[2020-04-26T17:41:14.961+0000][1][safepoint    ] Safepoint "RevokeBias", Time since last: 598700 ns, Reaching safepoint: 121800 ns, At safepoint: 60900 ns, Total: 182700 ns
[2020-04-26T17:41:15.318+0000][1][safepoint    ] Safepoint "RevokeBias", Time since last: 356247500 ns, Reaching safepoint: 517600 ns, At safepoint: 170800 ns, Total: 688400 ns
[2020-04-26T17:41:15.321+0000][1][safepoint    ] Safepoint "BulkRevokeBias", Time since last: 577800 ns, Reaching safepoint: 440000 ns, At safepoint: 2124200 ns, Total: 2564200 ns
[2020-04-26T17:41:15.322+0000][1][safepoint    ] Safepoint "RevokeBias", Time since last: 377300 ns, Reaching safepoint: 493600 ns, At safepoint: 162800 ns, Total: 656400 ns
[2020-04-26T17:41:15.613+0000][1][safepoint    ] Safepoint "RevokeBias", Time since last: 290381500 ns, Reaching safepoint: 305000 ns, At safepoint: 86800 ns, Total: 391800 ns
[2020-04-26T17:41:16.324+0000][1][safepoint    ] Safepoint "RevokeBias", Time since last: 710498500 ns, Reaching safepoint: 531500 ns, At safepoint: 173600 ns, Total: 705100 ns
[2020-04-26T17:41:17.325+0000][1][safepoint    ] Safepoint "Cleanup", Time since last: 1000513500 ns, Reaching safepoint: 546200 ns, At safepoint: 209600 ns, Total: 755800 ns
[2020-04-26T17:41:18.326+0000][1][safepoint    ] Safepoint "Cleanup", Time since last: 1000263300 ns, Reaching safepoint: 148100 ns, At safepoint: 45800 ns, Total: 193900 ns
[2020-04-26T17:41:19.159+0000][1][gc,start     ] GC(61) Pause Young (Allocation Failure)
[2020-04-26T17:41:19.159+0000][1][gc,task      ] GC(61) Using 10 workers of 10 for evacuation
[2020-04-26T17:41:19.162+0000][1][gc,age       ] GC(61) Desired survivor size 8945664 bytes, new threshold 6 (max threshold 6)
[2020-04-26T17:41:19.162+0000][1][gc,age       ] GC(61) Age table with threshold 6 (max threshold 6)
[2020-04-26T17:41:19.162+0000][1][gc,age       ] GC(61) - age   1:     318360 bytes,     318360 total
[2020-04-26T17:41:19.162+0000][1][gc,age       ] GC(61) - age   2:     109720 bytes,     428080 total
[2020-04-26T17:41:19.162+0000][1][gc,age       ] GC(61) - age   3:      55336 bytes,     483416 total
[2020-04-26T17:41:19.162+0000][1][gc,age       ] GC(61) - age   4:      39992 bytes,     523408 total
[2020-04-26T17:41:19.162+0000][1][gc,age       ] GC(61) - age   5:      40272 bytes,     563680 total
[2020-04-26T17:41:19.162+0000][1][gc,age       ] GC(61) - age   6:      60480 bytes,     624160 total
[2020-04-26T17:41:19.162+0000][1][gc,heap      ] GC(61) ParNew: 140641K->925K(157248K)
[2020-04-26T17:41:19.162+0000][1][gc,heap      ] GC(61) CMS: 81048K->81099K(349568K)
[2020-04-26T17:41:19.162+0000][1][gc,metaspace ] GC(61) Metaspace: 99140K->99140K(1140736K)
[2020-04-26T17:41:19.162+0000][1][gc           ] GC(61) Pause Young (Allocation Failure) 216M->80M(494M) 2.576ms
[2020-04-26T17:41:19.162+0000][1][gc,cpu       ] GC(61) User=0.01s Sys=0.00s Real=0.00s
[2020-04-26T17:41:19.162+0000][1][safepoint    ] Safepoint "GenCollectForAllocation", Time since last: 833190300 ns, Reaching safepoint: 165700 ns, At safepoint: 2645500 ns, Total: 2811200 ns
[2020-04-26T17:41:20.162+0000][1][safepoint    ] Safepoint "Cleanup", Time since last: 1000156600 ns, Reaching safepoint: 147900 ns, At safepoint: 32300 ns, Total: 180200 ns
[2020-04-26T17:41:21.163+0000][1][safepoint    ] Safepoint "Cleanup", Time since last: 1000402400 ns, Reaching safepoint: 454300 ns, At safepoint: 107600 ns, Total: 561900 ns
[2020-04-26T17:41:21.611+0000][1][safepoint    ] Safepoint "RevokeBias", Time since last: 447396400 ns, Reaching safepoint: 131800 ns, At safepoint: 58400 ns, Total: 190200 ns
[2020-04-26T17:41:21.611+0000][1][safepoint    ] Safepoint "RevokeBias", Time since last: 469000 ns, Reaching safepoint: 87000 ns, At safepoint: 37100 ns, Total: 124100 ns
[2020-04-26T17:41:21.635+0000][1][safepoint    ] Safepoint "RevokeBias", Time since last: 23358900 ns, Reaching safepoint: 122400 ns, At safepoint: 36600 ns, Total: 159000 ns
[2020-04-26T17:41:21.635+0000][1][safepoint    ] Safepoint "RevokeBias", Time since last: 303800 ns, Reaching safepoint: 89500 ns, At safepoint: 32400 ns, Total: 121900 ns
[2020-04-26T17:41:21.636+0000][1][safepoint    ] Safepoint "RevokeBias", Time since last: 380400 ns, Reaching safepoint: 70000 ns, At safepoint: 32800 ns, Total: 102800 ns
[2020-04-26T17:41:21.648+0000][1][safepoint    ] Safepoint "RevokeBias", Time since last: 11826700 ns, Reaching safepoint: 93300 ns, At safepoint: 33800 ns, Total: 127100 ns
[2020-04-26T17:41:21.648+0000][1][safepoint    ] Safepoint "RevokeBias", Time since last: 182200 ns, Reaching safepoint: 77200 ns, At safepoint: 32100 ns, Total: 109300 ns
[2020-04-26T17:41:21.648+0000][1][safepoint    ] Safepoint "RevokeBias", Time since last: 154300 ns, Reaching safepoint: 72000 ns, At safepoint: 31700 ns, Total: 103700 ns
[2020-04-26T17:41:21.648+0000][1][safepoint    ] Safepoint "RevokeBias", Time since last: 154400 ns, Reaching safepoint: 71600 ns, At safepoint: 31400 ns, Total: 103000 ns
[2020-04-26T17:41:21.649+0000][1][safepoint    ] Safepoint "RevokeBias", Time since last: 161900 ns, Reaching safepoint: 67900 ns, At safepoint: 28400 ns, Total: 96300 ns
[2020-04-26T17:41:21.649+0000][1][safepoint    ] Safepoint "RevokeBias", Time since last: 216900 ns, Reaching safepoint: 68700 ns, At safepoint: 28100 ns, Total: 96800 ns
[2020-04-26T17:41:21.659+0000][1][safepoint    ] Safepoint "RevokeBias", Time since last: 10039700 ns, Reaching safepoint: 93700 ns, At safepoint: 51300 ns, Total: 145000 ns
[2020-04-26T17:41:21.659+0000][1][safepoint    ] Safepoint "RevokeBias", Time since last: 224300 ns, Reaching safepoint: 85400 ns, At safepoint: 31000 ns, Total: 116400 ns
[2020-04-26T17:41:21.660+0000][1][safepoint    ] Safepoint "RevokeBias", Time since last: 428700 ns, Reaching safepoint: 70200 ns, At safepoint: 30800 ns, Total: 101000 ns
[2020-04-26T17:41:21.660+0000][1][safepoint    ] Safepoint "RevokeBias", Time since last: 206500 ns, Reaching safepoint: 69000 ns, At safepoint: 30400 ns, Total: 99400 ns
[2020-04-26T17:41:21.661+0000][1][safepoint    ] Safepoint "RevokeBias", Time since last: 177400 ns, Reaching safepoint: 107600 ns, At safepoint: 29400 ns, Total: 137000 ns
[2020-04-26T17:41:21.663+0000][1][safepoint    ] Safepoint "RevokeBias", Time since last: 2102000 ns, Reaching safepoint: 83000 ns, At safepoint: 50100 ns, Total: 133100 ns
[2020-04-26T17:41:21.663+0000][1][safepoint    ] Safepoint "RevokeBias", Time since last: 163700 ns, Reaching safepoint: 81900 ns, At safepoint: 49200 ns, Total: 131100 ns
[2020-04-26T17:41:21.665+0000][1][safepoint    ] Safepoint "RevokeBias", Time since last: 2157800 ns, Reaching safepoint: 82400 ns, At safepoint: 49200 ns, Total: 131600 ns
[2020-04-26T17:41:21.666+0000][1][safepoint    ] Safepoint "RevokeBias", Time since last: 169000 ns, Reaching safepoint: 81700 ns, At safepoint: 49100 ns, Total: 130800 ns
[2020-04-26T17:41:21.670+0000][1][safepoint    ] Safepoint "RevokeBias", Time since last: 3653100 ns, Reaching safepoint: 243700 ns, At safepoint: 89600 ns, Total: 333300 ns
[2020-04-26T17:41:21.696+0000][1][safepoint    ] Safepoint "RevokeBias", Time since last: 25867500 ns, Reaching safepoint: 147300 ns, At safepoint: 35200 ns, Total: 182500 ns
[2020-04-26T17:41:21.696+0000][1][safepoint    ] Safepoint "RevokeBias", Time since last: 128200 ns, Reaching safepoint: 77700 ns, At safepoint: 29400 ns, Total: 107100 ns
[2020-04-26T17:41:21.696+0000][1][safepoint    ] Safepoint "RevokeBias", Time since last: 103600 ns, Reaching safepoint: 69300 ns, At safepoint: 28200 ns, Total: 97500 ns
[2020-04-26T17:41:21.697+0000][1][safepoint    ] Safepoint "RevokeBias", Time since last: 213600 ns, Reaching safepoint: 69200 ns, At safepoint: 28600 ns, Total: 97800 ns
[2020-04-26T17:41:21.697+0000][1][safepoint    ] Safepoint "RevokeBias", Time since last: 107700 ns, Reaching safepoint: 68700 ns, At safepoint: 33000 ns, Total: 101700 ns
[2020-04-26T17:41:21.697+0000][1][safepoint    ] Safepoint "RevokeBias", Time since last: 106700 ns, Reaching safepoint: 68200 ns, At safepoint: 27700 ns, Total: 95900 ns
[2020-04-26T17:41:21.697+0000][1][safepoint    ] Safepoint "RevokeBias", Time since last: 163000 ns, Reaching safepoint: 69800 ns, At safepoint: 27700 ns, Total: 97500 ns
[2020-04-26T17:41:21.698+0000][1][safepoint    ] Safepoint "RevokeBias", Time since last: 810700 ns, Reaching safepoint: 72700 ns, At safepoint: 33400 ns, Total: 106100 ns
[2020-04-26T17:41:21.728+0000][1][safepoint    ] Safepoint "RevokeBias", Time since last: 29192600 ns, Reaching safepoint: 134400 ns, At safepoint: 72200 ns, Total: 206600 ns
[2020-04-26T17:41:21.737+0000][1][safepoint    ] Safepoint "RevokeBias", Time since last: 9101500 ns, Reaching safepoint: 264300 ns, At safepoint: 100900 ns, Total: 365200 ns
[2020-04-26T17:41:21.737+0000][1][safepoint    ] Safepoint "RevokeBias", Time since last: 177900 ns, Reaching safepoint: 193100 ns, At safepoint: 104300 ns, Total: 297400 ns
[2020-04-26T17:41:21.752+0000][1][safepoint    ] Safepoint "RevokeBias", Time since last: 14063400 ns, Reaching safepoint: 236900 ns, At safepoint: 95000 ns, Total: 331900 ns
[2020-04-26T17:41:21.866+0000][1][safepoint    ] Safepoint "RevokeBias", Time since last: 113682700 ns, Reaching safepoint: 161400 ns, At safepoint: 54000 ns, Total: 215400 ns
[2020-04-26T17:41:21.867+0000][1][safepoint    ] Safepoint "RevokeBias", Time since last: 658700 ns, Reaching safepoint: 98800 ns, At safepoint: 44200 ns, Total: 143000 ns
[2020-04-26T17:41:22.058+0000][1][safepoint    ] Safepoint "RevokeBias", Time since last: 191428500 ns, Reaching safepoint: 162400 ns, At safepoint: 44000 ns, Total: 206400 ns
[2020-04-26T17:41:22.059+0000][1][safepoint    ] Safepoint "RevokeBias", Time since last: 552100 ns, Reaching safepoint: 116400 ns, At safepoint: 38800 ns, Total: 155200 ns
[2020-04-26T17:41:22.064+0000][1][safepoint    ] Safepoint "RevokeBias", Time since last: 4416000 ns, Reaching safepoint: 155300 ns, At safepoint: 92000 ns, Total: 247300 ns
[2020-04-26T17:41:22.094+0000][1][safepoint    ] Safepoint "RevokeBias", Time since last: 30653900 ns, Reaching safepoint: 146100 ns, At safepoint: 37500 ns, Total: 183600 ns
[2020-04-26T17:41:22.095+0000][1][safepoint    ] Safepoint "RevokeBias", Time since last: 128000 ns, Reaching safepoint: 81700 ns, At safepoint: 31800 ns, Total: 113500 ns
[2020-04-26T17:41:22.095+0000][1][safepoint    ] Safepoint "RevokeBias", Time since last: 116500 ns, Reaching safepoint: 71900 ns, At safepoint: 32800 ns, Total: 104700 ns
[2020-04-26T17:41:22.095+0000][1][safepoint    ] Safepoint "RevokeBias", Time since last: 128400 ns, Reaching safepoint: 71200 ns, At safepoint: 29900 ns, Total: 101100 ns
[2020-04-26T17:41:22.096+0000][1][safepoint    ] Safepoint "RevokeBias", Time since last: 1112200 ns, Reaching safepoint: 132400 ns, At safepoint: 64100 ns, Total: 196500 ns
[2020-04-26T17:41:22.132+0000][1][safepoint    ] Safepoint "RevokeBias", Time since last: 35411500 ns, Reaching safepoint: 205300 ns, At safepoint: 81300 ns, Total: 286600 ns
[2020-04-26T17:41:22.143+0000][1][safepoint    ] Safepoint "RevokeBias", Time since last: 10263700 ns, Reaching safepoint: 190600 ns, At safepoint: 79000 ns, Total: 269600 ns
[2020-04-26T17:41:22.143+0000][1][safepoint    ] Safepoint "RevokeBias", Time since last: 180300 ns, Reaching safepoint: 201600 ns, At safepoint: 58900 ns, Total: 260500 ns
[2020-04-26T17:41:22.170+0000][1][safepoint    ] Safepoint "RevokeBias", Time since last: 26432900 ns, Reaching safepoint: 131300 ns, At safepoint: 39800 ns, Total: 171100 ns
[2020-04-26T17:41:22.809+0000][1][safepoint    ] Safepoint "RevokeBias", Time since last: 638885700 ns, Reaching safepoint: 454800 ns, At safepoint: 173700 ns, Total: 628500 ns
[2020-04-26T17:41:22.811+0000][1][safepoint    ] Safepoint "RevokeBias", Time since last: 1555100 ns, Reaching safepoint: 404800 ns, At safepoint: 224100 ns, Total: 628900 ns
[2020-04-26T17:41:23.133+0000][1][safepoint    ] Safepoint "RevokeBias", Time since last: 320720400 ns, Reaching safepoint: 303000 ns, At safepoint: 142700 ns, Total: 445700 ns
[2020-04-26T17:41:23.133+0000][1][safepoint    ] Safepoint "RevokeBias", Time since last: 318500 ns, Reaching safepoint: 387200 ns, At safepoint: 109200 ns, Total: 496400 ns
[2020-04-26T17:41:23.134+0000][1][safepoint    ] Safepoint "RevokeBias", Time since last: 301200 ns, Reaching safepoint: 257400 ns, At safepoint: 84300 ns, Total: 341700 ns
[2020-04-26T17:41:24.135+0000][1][safepoint    ] Safepoint "Cleanup", Time since last: 1000347400 ns, Reaching safepoint: 461900 ns, At safepoint: 228000 ns, Total: 689900 ns
[2020-04-26T17:41:25.136+0000][1][safepoint    ] Safepoint "Cleanup", Time since last: 1000479800 ns, Reaching safepoint: 446800 ns, At safepoint: 248600 ns, Total: 695400 ns
[2020-04-26T17:41:25.622+0000][1][safepoint    ] Safepoint "RevokeBias", Time since last: 485452700 ns, Reaching safepoint: 133600 ns, At safepoint: 39400 ns, Total: 173000 ns
[2020-04-26T17:41:26.623+0000][1][safepoint    ] Safepoint "Cleanup", Time since last: 1000286400 ns, Reaching safepoint: 560000 ns, At safepoint: 130200 ns, Total: 690200 ns
[2020-04-26T17:41:27.623+0000][1][safepoint    ] Safepoint "Cleanup", Time since last: 1000218400 ns, Reaching safepoint: 172800 ns, At safepoint: 34600 ns, Total: 207400 ns
[2020-04-26T17:41:28.624+0000][1][safepoint    ] Safepoint "Cleanup", Time since last: 1000324500 ns, Reaching safepoint: 318000 ns, At safepoint: 70800 ns, Total: 388800 ns
[2020-04-26T17:41:29.625+0000][1][safepoint    ] Safepoint "Cleanup", Time since last: 1000286800 ns, Reaching safepoint: 271000 ns, At safepoint: 113600 ns, Total: 384600 ns
[2020-04-26T17:41:30.626+0000][1][safepoint    ] Safepoint "Cleanup", Time since last: 1000337700 ns, Reaching safepoint: 444700 ns, At safepoint: 203800 ns, Total: 648500 ns
[2020-04-26T17:41:31.627+0000][1][safepoint    ] Safepoint "Cleanup", Time since last: 1000655500 ns, Reaching safepoint: 198000 ns, At safepoint: 50600 ns, Total: 248600 ns
[2020-04-26T17:41:32.628+0000][1][safepoint    ] Safepoint "Cleanup", Time since last: 1000718200 ns, Reaching safepoint: 515500 ns, At safepoint: 138200 ns, Total: 653700 ns
[2020-04-26T17:41:33.629+0000][1][safepoint    ] Safepoint "Cleanup", Time since last: 1000620700 ns, Reaching safepoint: 462900 ns, At safepoint: 137900 ns, Total: 600800 ns
[2020-04-26T17:41:34.630+0000][1][safepoint    ] Safepoint "Cleanup", Time since last: 1000445200 ns, Reaching safepoint: 456900 ns, At safepoint: 128400 ns, Total: 585300 ns
[2020-04-26T17:41:35.632+0000][1][safepoint    ] Safepoint "Cleanup", Time since last: 1000371600 ns, Reaching safepoint: 828200 ns, At safepoint: 212200 ns, Total: 1040400 ns
[2020-04-26T17:41:36.640+0000][1][safepoint    ] Safepoint "Cleanup", Time since last: 1008238600 ns, Reaching safepoint: 427200 ns, At safepoint: 122000 ns, Total: 549200 ns
[2020-04-26T17:41:37.641+0000][1][safepoint    ] Safepoint "Cleanup", Time since last: 1000339300 ns, Reaching safepoint: 133200 ns, At safepoint: 26300 ns, Total: 159500 ns
[2020-04-26T17:41:38.642+0000][1][safepoint    ] Safepoint "Cleanup", Time since last: 1000522300 ns, Reaching safepoint: 149800 ns, At safepoint: 34900 ns, Total: 184700 ns
[2020-04-26T17:41:39.643+0000][1][safepoint    ] Safepoint "Cleanup", Time since last: 1000381700 ns, Reaching safepoint: 433800 ns, At safepoint: 182800 ns, Total: 616600 ns
[2020-04-26T17:41:40.643+0000][1][safepoint    ] Safepoint "Cleanup", Time since last: 1000261800 ns, Reaching safepoint: 246100 ns, At safepoint: 66100 ns, Total: 312200 ns
[2020-04-26T17:41:41.644+0000][1][safepoint    ] Safepoint "Cleanup", Time since last: 1000214000 ns, Reaching safepoint: 165000 ns, At safepoint: 25900 ns, Total: 190900 ns
[2020-04-26T17:41:42.644+0000][1][safepoint    ] Safepoint "Cleanup", Time since last: 1000143900 ns, Reaching safepoint: 172000 ns, At safepoint: 46000 ns, Total: 218000 ns
[2020-04-26T17:41:43.645+0000][1][safepoint    ] Safepoint "Cleanup", Time since last: 1000220300 ns, Reaching safepoint: 426300 ns, At safepoint: 272900 ns, Total: 699200 ns
[2020-04-26T17:41:44.646+0000][1][safepoint    ] Safepoint "Cleanup", Time since last: 1000360800 ns, Reaching safepoint: 433800 ns, At safepoint: 129100 ns, Total: 562900 ns
[2020-04-26T17:41:45.647+0000][1][safepoint    ] Safepoint "Cleanup", Time since last: 1000623200 ns, Reaching safepoint: 150400 ns, At safepoint: 38100 ns, Total: 188500 ns
[2020-04-26T17:41:46.648+0000][1][safepoint    ] Safepoint "Cleanup", Time since last: 1000515100 ns, Reaching safepoint: 444100 ns, At safepoint: 134600 ns, Total: 578700 ns
[2020-04-26T17:41:47.648+0000][1][safepoint    ] Safepoint "Cleanup", Time since last: 1000473000 ns, Reaching safepoint: 142800 ns, At safepoint: 25700 ns, Total: 168500 ns
[2020-04-26T17:41:48.649+0000][1][safepoint    ] Safepoint "Cleanup", Time since last: 1000634900 ns, Reaching safepoint: 384800 ns, At safepoint: 119300 ns, Total: 504100 ns
[2020-04-26T17:41:49.650+0000][1][safepoint    ] Safepoint "Cleanup", Time since last: 1000508200 ns, Reaching safepoint: 182600 ns, At safepoint: 46700 ns, Total: 229300 ns
[2020-04-26T17:41:50.651+0000][1][safepoint    ] Safepoint "Cleanup", Time since last: 1000547400 ns, Reaching safepoint: 154400 ns, At safepoint: 35600 ns, Total: 190000 ns
[2020-04-26T17:41:51.652+0000][1][safepoint    ] Safepoint "Cleanup", Time since last: 1000505900 ns, Reaching safepoint: 449400 ns, At safepoint: 140200 ns, Total: 589600 ns
[2020-04-26T17:41:52.132+0000][1][safepoint    ] Safepoint "RevokeBias", Time since last: 479808100 ns, Reaching safepoint: 192900 ns, At safepoint: 59300 ns, Total: 252200 ns
[2020-04-26T17:41:52.132+0000][1][safepoint    ] Safepoint "RevokeBias", Time since last: 50100 ns, Reaching safepoint: 90200 ns, At safepoint: 57200 ns, Total: 147400 ns
[2020-04-26T17:41:52.133+0000][1][safepoint    ] Safepoint "RevokeBias", Time since last: 59200 ns, Reaching safepoint: 217400 ns, At safepoint: 77400 ns, Total: 294800 ns
[2020-04-26T17:41:52.133+0000][1][safepoint    ] Safepoint "RevokeBias", Time since last: 177800 ns, Reaching safepoint: 170200 ns, At safepoint: 101400 ns, Total: 271600 ns
[2020-04-26T17:41:52.139+0000][1][safepoint    ] Safepoint "RevokeBias", Time since last: 5989900 ns, Reaching safepoint: 185500 ns, At safepoint: 65700 ns, Total: 251200 ns
[2020-04-26T17:41:52.140+0000][1][safepoint    ] Safepoint "RevokeBias", Time since last: 664200 ns, Reaching safepoint: 249700 ns, At safepoint: 76800 ns, Total: 326500 ns
[2020-04-26T17:41:52.144+0000][1][safepoint    ] Safepoint "RevokeBias", Time since last: 3458000 ns, Reaching safepoint: 241500 ns, At safepoint: 65100 ns, Total: 306600 ns
[2020-04-26T17:41:52.144+0000][1][safepoint    ] Safepoint "RevokeBias", Time since last: 67500 ns, Reaching safepoint: 167300 ns, At safepoint: 73000 ns, Total: 240300 ns
[2020-04-26T17:41:52.145+0000][1][safepoint    ] Safepoint "RevokeBias", Time since last: 263500 ns, Reaching safepoint: 172400 ns, At safepoint: 61500 ns, Total: 233900 ns
[2020-04-26T17:41:52.437+0000][1][safepoint    ] Safepoint "RevokeBias", Time since last: 291631100 ns, Reaching safepoint: 472600 ns, At safepoint: 333000 ns, Total: 805600 ns
[2020-04-26T17:41:53.439+0000][1][safepoint    ] Safepoint "Cleanup", Time since last: 1000791700 ns, Reaching safepoint: 371300 ns, At safepoint: 112000 ns, Total: 483300 ns
[2020-04-26T17:41:54.440+0000][1][safepoint    ] Safepoint "Cleanup", Time since last: 1000661300 ns, Reaching safepoint: 439200 ns, At safepoint: 131600 ns, Total: 570800 ns
[2020-04-26T17:41:55.441+0000][1][safepoint    ] Safepoint "Cleanup", Time since last: 1000665000 ns, Reaching safepoint: 459300 ns, At safepoint: 136300 ns, Total: 595600 ns
[2020-04-26T17:41:56.442+0000][1][safepoint    ] Safepoint "Cleanup", Time since last: 1000343500 ns, Reaching safepoint: 453200 ns, At safepoint: 129800 ns, Total: 583000 ns
[2020-04-26T17:41:57.443+0000][1][safepoint    ] Safepoint "Cleanup", Time since last: 1000552100 ns, Reaching safepoint: 487200 ns, At safepoint: 125400 ns, Total: 612600 ns
[2020-04-26T17:41:58.444+0000][1][safepoint    ] Safepoint "Cleanup", Time since last: 1000238100 ns, Reaching safepoint: 155100 ns, At safepoint: 31200 ns, Total: 186300 ns
[2020-04-26T17:41:59.444+0000][1][safepoint    ] Safepoint "Cleanup", Time since last: 1000174900 ns, Reaching safepoint: 134800 ns, At safepoint: 30000 ns, Total: 164800 ns
[2020-04-26T17:41:59.897+0000][1][safepoint    ] Safepoint "RevokeBias", Time since last: 452358900 ns, Reaching safepoint: 260000 ns, At safepoint: 91800 ns, Total: 351800 ns
[2020-04-26T17:41:59.898+0000][1][safepoint    ] Safepoint "RevokeBias", Time since last: 944700 ns, Reaching safepoint: 181900 ns, At safepoint: 87400 ns, Total: 269300 ns
[2020-04-26T17:41:59.945+0000][1][safepoint    ] Safepoint "RevokeBias", Time since last: 47283300 ns, Reaching safepoint: 175800 ns, At safepoint: 52600 ns, Total: 228400 ns
[2020-04-26T17:41:59.946+0000][1][safepoint    ] Safepoint "RevokeBias", Time since last: 267400 ns, Reaching safepoint: 129500 ns, At safepoint: 32800 ns, Total: 162300 ns
[2020-04-26T17:41:59.946+0000][1][safepoint    ] Safepoint "RevokeBias", Time since last: 113900 ns, Reaching safepoint: 91500 ns, At safepoint: 30100 ns, Total: 121600 ns
[2020-04-26T17:41:59.946+0000][1][safepoint    ] Safepoint "RevokeBias", Time since last: 110000 ns, Reaching safepoint: 72500 ns, At safepoint: 29100 ns, Total: 101600 ns
[2020-04-26T17:41:59.946+0000][1][safepoint    ] Safepoint "RevokeBias", Time since last: 116600 ns, Reaching safepoint: 71600 ns, At safepoint: 29200 ns, Total: 100800 ns
[2020-04-26T17:41:59.947+0000][1][safepoint    ] Safepoint "RevokeBias", Time since last: 100500 ns, Reaching safepoint: 71400 ns, At safepoint: 28900 ns, Total: 100300 ns
[2020-04-26T17:41:59.947+0000][1][safepoint    ] Safepoint "RevokeBias", Time since last: 103800 ns, Reaching safepoint: 71200 ns, At safepoint: 28900 ns, Total: 100100 ns
[2020-04-26T17:41:59.947+0000][1][safepoint    ] Safepoint "RevokeBias", Time since last: 102000 ns, Reaching safepoint: 70900 ns, At safepoint: 28500 ns, Total: 99400 ns
[2020-04-26T17:41:59.947+0000][1][safepoint    ] Safepoint "RevokeBias", Time since last: 122300 ns, Reaching safepoint: 70300 ns, At safepoint: 28900 ns, Total: 99200 ns
[2020-04-26T17:41:59.947+0000][1][safepoint    ] Safepoint "RevokeBias", Time since last: 116900 ns, Reaching safepoint: 73400 ns, At safepoint: 28700 ns, Total: 102100 ns
[2020-04-26T17:41:59.948+0000][1][safepoint    ] Safepoint "RevokeBias", Time since last: 100400 ns, Reaching safepoint: 72500 ns, At safepoint: 28900 ns, Total: 101400 ns
[2020-04-26T17:41:59.948+0000][1][safepoint    ] Safepoint "RevokeBias", Time since last: 214800 ns, Reaching safepoint: 89000 ns, At safepoint: 28900 ns, Total: 117900 ns
[2020-04-26T17:41:59.948+0000][1][safepoint    ] Safepoint "RevokeBias", Time since last: 108600 ns, Reaching safepoint: 70800 ns, At safepoint: 28400 ns, Total: 99200 ns
[2020-04-26T17:41:59.948+0000][1][safepoint    ] Safepoint "RevokeBias", Time since last: 104400 ns, Reaching safepoint: 70700 ns, At safepoint: 28600 ns, Total: 99300 ns
[2020-04-26T17:41:59.949+0000][1][safepoint    ] Safepoint "RevokeBias", Time since last: 126000 ns, Reaching safepoint: 69900 ns, At safepoint: 28400 ns, Total: 98300 ns
[2020-04-26T17:41:59.949+0000][1][safepoint    ] Safepoint "RevokeBias", Time since last: 123500 ns, Reaching safepoint: 69900 ns, At safepoint: 28300 ns, Total: 98200 ns
[2020-04-26T17:41:59.949+0000][1][safepoint    ] Safepoint "RevokeBias", Time since last: 121900 ns, Reaching safepoint: 72200 ns, At safepoint: 28900 ns, Total: 101100 ns
[2020-04-26T17:42:00.951+0000][1][safepoint    ] Safepoint "Cleanup", Time since last: 1001531500 ns, Reaching safepoint: 185600 ns, At safepoint: 37400 ns, Total: 223000 ns
[2020-04-26T17:42:01.951+0000][1][safepoint    ] Safepoint "Cleanup", Time since last: 1000210000 ns, Reaching safepoint: 241100 ns, At safepoint: 39800 ns, Total: 280900 ns
[2020-04-26T17:42:02.952+0000][1][safepoint    ] Safepoint "Cleanup", Time since last: 1000207300 ns, Reaching safepoint: 180100 ns, At safepoint: 35200 ns, Total: 215300 ns
[2020-04-26T17:42:03.952+0000][1][safepoint    ] Safepoint "Cleanup", Time since last: 1000269100 ns, Reaching safepoint: 258400 ns, At safepoint: 79100 ns, Total: 337500 ns
[2020-04-26T17:42:04.953+0000][1][safepoint    ] Safepoint "Cleanup", Time since last: 1000341000 ns, Reaching safepoint: 472900 ns, At safepoint: 136000 ns, Total: 608900 ns
[2020-04-26T17:42:05.274+0000][1][safepoint    ] Safepoint "RevokeBias", Time since last: 320652100 ns, Reaching safepoint: 158300 ns, At safepoint: 48500 ns, Total: 206800 ns
[2020-04-26T17:42:05.275+0000][1][safepoint    ] Safepoint "RevokeBias", Time since last: 626100 ns, Reaching safepoint: 96500 ns, At safepoint: 44300 ns, Total: 140800 ns
[2020-04-26T17:42:05.275+0000][1][safepoint    ] Safepoint "RevokeBias", Time since last: 239100 ns, Reaching safepoint: 97300 ns, At safepoint: 44000 ns, Total: 141300 ns
[2020-04-26T17:42:05.315+0000][1][safepoint    ] Safepoint "RevokeBias", Time since last: 39465100 ns, Reaching safepoint: 125600 ns, At safepoint: 59000 ns, Total: 184600 ns
[2020-04-26T17:42:05.318+0000][1][safepoint    ] Safepoint "RevokeBias", Time since last: 2059800 ns, Reaching safepoint: 320800 ns, At safepoint: 136100 ns, Total: 456900 ns
[2020-04-26T17:42:05.359+0000][1][safepoint    ] Safepoint "BulkRevokeBias", Time since last: 40467600 ns, Reaching safepoint: 151200 ns, At safepoint: 500600 ns, Total: 651800 ns
[2020-04-26T17:42:05.367+0000][1][safepoint    ] Safepoint "BulkRevokeBias", Time since last: 8011200 ns, Reaching safepoint: 101900 ns, At safepoint: 491400 ns, Total: 593300 ns
[2020-04-26T17:42:05.383+0000][1][safepoint    ] Safepoint "BulkRevokeBias", Time since last: 15039300 ns, Reaching safepoint: 110200 ns, At safepoint: 565500 ns, Total: 675700 ns
[2020-04-26T17:42:05.387+0000][1][safepoint    ] Safepoint "RevokeBias", Time since last: 4074800 ns, Reaching safepoint: 128700 ns, At safepoint: 36300 ns, Total: 165000 ns
[2020-04-26T17:42:05.423+0000][1][safepoint    ] Safepoint "RevokeBias", Time since last: 35242000 ns, Reaching safepoint: 162700 ns, At safepoint: 74600 ns, Total: 237300 ns
[2020-04-26T17:42:05.655+0000][1][safepoint    ] Safepoint "RevokeBias", Time since last: 231955200 ns, Reaching safepoint: 155700 ns, At safepoint: 47000 ns, Total: 202700 ns
[2020-04-26T17:42:06.317+0000][1][safepoint    ] Safepoint "RevokeBias", Time since last: 662335700 ns, Reaching safepoint: 155700 ns, At safepoint: 37000 ns, Total: 192700 ns
[2020-04-26T17:42:06.318+0000][1][safepoint    ] Safepoint "RevokeBias", Time since last: 175700 ns, Reaching safepoint: 98000 ns, At safepoint: 43300 ns, Total: 141300 ns
[2020-04-26T17:42:06.318+0000][1][safepoint    ] Safepoint "RevokeBias", Time since last: 185600 ns, Reaching safepoint: 77100 ns, At safepoint: 34200 ns, Total: 111300 ns
[2020-04-26T17:42:07.319+0000][1][safepoint    ] Safepoint "Cleanup", Time since last: 1000237200 ns, Reaching safepoint: 358900 ns, At safepoint: 68200 ns, Total: 427100 ns
[2020-04-26T17:42:08.319+0000][1][safepoint    ] Safepoint "Cleanup", Time since last: 1000250300 ns, Reaching safepoint: 150500 ns, At safepoint: 47600 ns, Total: 198100 ns
[2020-04-26T17:42:09.320+0000][1][safepoint    ] Safepoint "Cleanup", Time since last: 1000332600 ns, Reaching safepoint: 388900 ns, At safepoint: 174300 ns, Total: 563200 ns
[2020-04-26T17:42:10.231+0000][1][safepoint    ] Safepoint "RevokeBias", Time since last: 910640900 ns, Reaching safepoint: 131300 ns, At safepoint: 42400 ns, Total: 173700 ns
[2020-04-26T17:42:10.231+0000][1][safepoint    ] Safepoint "RevokeBias", Time since last: 520800 ns, Reaching safepoint: 86700 ns, At safepoint: 33600 ns, Total: 120300 ns
[2020-04-26T17:42:10.254+0000][1][safepoint    ] Safepoint "RevokeBias", Time since last: 21995700 ns, Reaching safepoint: 172900 ns, At safepoint: 36700 ns, Total: 209600 ns
[2020-04-26T17:42:10.254+0000][1][safepoint    ] Safepoint "RevokeBias", Time since last: 233300 ns, Reaching safepoint: 95100 ns, At safepoint: 32400 ns, Total: 127500 ns
[2020-04-26T17:42:10.254+0000][1][safepoint    ] Safepoint "RevokeBias", Time since last: 377200 ns, Reaching safepoint: 90800 ns, At safepoint: 32700 ns, Total: 123500 ns
[2020-04-26T17:42:10.266+0000][1][safepoint    ] Safepoint "RevokeBias", Time since last: 11756100 ns, Reaching safepoint: 92500 ns, At safepoint: 34200 ns, Total: 126700 ns
[2020-04-26T17:42:10.267+0000][1][safepoint    ] Safepoint "RevokeBias", Time since last: 193700 ns, Reaching safepoint: 73500 ns, At safepoint: 31900 ns, Total: 105400 ns
[2020-04-26T17:42:10.267+0000][1][safepoint    ] Safepoint "RevokeBias", Time since last: 149300 ns, Reaching safepoint: 70900 ns, At safepoint: 31400 ns, Total: 102300 ns
[2020-04-26T17:42:10.267+0000][1][safepoint    ] Safepoint "RevokeBias", Time since last: 149800 ns, Reaching safepoint: 70800 ns, At safepoint: 31300 ns, Total: 102100 ns
[2020-04-26T17:42:10.267+0000][1][safepoint    ] Safepoint "RevokeBias", Time since last: 159600 ns, Reaching safepoint: 69900 ns, At safepoint: 45300 ns, Total: 115200 ns
[2020-04-26T17:42:10.268+0000][1][safepoint    ] Safepoint "RevokeBias", Time since last: 189500 ns, Reaching safepoint: 85000 ns, At safepoint: 30600 ns, Total: 115600 ns
[2020-04-26T17:42:10.271+0000][1][safepoint    ] Safepoint "RevokeBias", Time since last: 3211100 ns, Reaching safepoint: 84100 ns, At safepoint: 30900 ns, Total: 115000 ns
[2020-04-26T17:42:10.278+0000][1][safepoint    ] Safepoint "RevokeBias", Time since last: 6756300 ns, Reaching safepoint: 75900 ns, At safepoint: 32700 ns, Total: 108600 ns
[2020-04-26T17:42:10.278+0000][1][safepoint    ] Safepoint "RevokeBias", Time since last: 229500 ns, Reaching safepoint: 73900 ns, At safepoint: 32000 ns, Total: 105900 ns
[2020-04-26T17:42:10.279+0000][1][safepoint    ] Safepoint "RevokeBias", Time since last: 386900 ns, Reaching safepoint: 88600 ns, At safepoint: 31600 ns, Total: 120200 ns
[2020-04-26T17:42:10.279+0000][1][safepoint    ] Safepoint "RevokeBias", Time since last: 175000 ns, Reaching safepoint: 72600 ns, At safepoint: 32100 ns, Total: 104700 ns
[2020-04-26T17:42:10.280+0000][1][safepoint    ] Safepoint "BulkRevokeBias", Time since last: 156400 ns, Reaching safepoint: 71900 ns, At safepoint: 516000 ns, Total: 587900 ns
[2020-04-26T17:42:10.282+0000][1][safepoint    ] Safepoint "RevokeBias", Time since last: 1930100 ns, Reaching safepoint: 74300 ns, At safepoint: 33600 ns, Total: 107900 ns
[2020-04-26T17:42:10.285+0000][1][safepoint    ] Safepoint "RevokeBias", Time since last: 3444600 ns, Reaching safepoint: 105800 ns, At safepoint: 54300 ns, Total: 160100 ns
[2020-04-26T17:42:10.311+0000][1][safepoint    ] Safepoint "RevokeBias", Time since last: 25836400 ns, Reaching safepoint: 123400 ns, At safepoint: 51800 ns, Total: 175200 ns
[2020-04-26T17:42:10.312+0000][1][safepoint    ] Safepoint "BulkRevokeBias", Time since last: 140100 ns, Reaching safepoint: 83200 ns, At safepoint: 530400 ns, Total: 613600 ns
[2020-04-26T17:42:10.313+0000][1][safepoint    ] Safepoint "RevokeBias", Time since last: 194500 ns, Reaching safepoint: 161500 ns, At safepoint: 91000 ns, Total: 252500 ns
[2020-04-26T17:42:10.313+0000][1][safepoint    ] Safepoint "RevokeBias", Time since last: 193900 ns, Reaching safepoint: 74100 ns, At safepoint: 47300 ns, Total: 121400 ns
[2020-04-26T17:42:10.313+0000][1][safepoint    ] Safepoint "RevokeBias", Time since last: 251700 ns, Reaching safepoint: 73300 ns, At safepoint: 47800 ns, Total: 121100 ns
[2020-04-26T17:42:10.314+0000][1][safepoint    ] Safepoint "RevokeBias", Time since last: 818900 ns, Reaching safepoint: 78300 ns, At safepoint: 39500 ns, Total: 117800 ns
[2020-04-26T17:42:10.344+0000][1][safepoint    ] Safepoint "RevokeBias", Time since last: 29371200 ns, Reaching safepoint: 159900 ns, At safepoint: 97100 ns, Total: 257000 ns
[2020-04-26T17:42:10.344+0000][1][gc,start     ] GC(62) Pause Young (Allocation Failure)
[2020-04-26T17:42:10.344+0000][1][gc,task      ] GC(62) Using 10 workers of 10 for evacuation
[2020-04-26T17:42:10.347+0000][1][gc,age       ] GC(62) Desired survivor size 8945664 bytes, new threshold 6 (max threshold 6)
[2020-04-26T17:42:10.347+0000][1][gc,age       ] GC(62) Age table with threshold 6 (max threshold 6)
[2020-04-26T17:42:10.347+0000][1][gc,age       ] GC(62) - age   1:     204504 bytes,     204504 total
[2020-04-26T17:42:10.347+0000][1][gc,age       ] GC(62) - age   2:      29448 bytes,     233952 total
[2020-04-26T17:42:10.347+0000][1][gc,age       ] GC(62) - age   3:      54000 bytes,     287952 total
[2020-04-26T17:42:10.347+0000][1][gc,age       ] GC(62) - age   4:      54920 bytes,     342872 total
[2020-04-26T17:42:10.347+0000][1][gc,age       ] GC(62) - age   5:      39696 bytes,     382568 total
[2020-04-26T17:42:10.347+0000][1][gc,age       ] GC(62) - age   6:      40272 bytes,     422840 total
[2020-04-26T17:42:10.347+0000][1][gc,heap      ] GC(62) ParNew: 140701K->644K(157248K)
[2020-04-26T17:42:10.347+0000][1][gc,heap      ] GC(62) CMS: 81099K->81160K(349568K)
[2020-04-26T17:42:10.347+0000][1][gc,metaspace ] GC(62) Metaspace: 99193K->99193K(1140736K)
[2020-04-26T17:42:10.347+0000][1][gc           ] GC(62) Pause Young (Allocation Failure) 216M->79M(494M) 2.977ms
[2020-04-26T17:42:10.347+0000][1][gc,cpu       ] GC(62) User=0.01s Sys=0.01s Real=0.00s
[2020-04-26T17:42:10.347+0000][1][safepoint    ] Safepoint "GenCollectForAllocation", Time since last: 134800 ns, Reaching safepoint: 84200 ns, At safepoint: 3049200 ns, Total: 3133400 ns
[2020-04-26T17:42:10.358+0000][1][safepoint    ] Safepoint "RevokeBias", Time since last: 10351000 ns, Reaching safepoint: 143900 ns, At safepoint: 77100 ns, Total: 221000 ns
[2020-04-26T17:42:10.358+0000][1][safepoint    ] Safepoint "RevokeBias", Time since last: 187500 ns, Reaching safepoint: 95600 ns, At safepoint: 61000 ns, Total: 156600 ns
[2020-04-26T17:42:10.373+0000][1][safepoint    ] Safepoint "RevokeBias", Time since last: 14250800 ns, Reaching safepoint: 176200 ns, At safepoint: 37900 ns, Total: 214100 ns
[2020-04-26T17:42:10.487+0000][1][safepoint    ] Safepoint "RevokeBias", Time since last: 114465000 ns, Reaching safepoint: 222200 ns, At safepoint: 109900 ns, Total: 332100 ns
[2020-04-26T17:42:10.489+0000][1][safepoint    ] Safepoint "RevokeBias", Time since last: 990000 ns, Reaching safepoint: 147100 ns, At safepoint: 100100 ns, Total: 247200 ns
[2020-04-26T17:42:10.541+0000][1][safepoint    ] Safepoint "RevokeBias", Time since last: 52186300 ns, Reaching safepoint: 132500 ns, At safepoint: 50700 ns, Total: 183200 ns
[2020-04-26T17:42:10.729+0000][1][safepoint    ] Safepoint "RevokeBias", Time since last: 187080600 ns, Reaching safepoint: 342200 ns, At safepoint: 102600 ns, Total: 444800 ns
[2020-04-26T17:42:10.729+0000][1][safepoint    ] Safepoint "RevokeBias", Time since last: 752500 ns, Reaching safepoint: 146700 ns, At safepoint: 69400 ns, Total: 216100 ns
[2020-04-26T17:42:10.735+0000][1][safepoint    ] Safepoint "RevokeBias", Time since last: 5281500 ns, Reaching safepoint: 345900 ns, At safepoint: 120300 ns, Total: 466200 ns
[2020-04-26T17:42:10.768+0000][1][safepoint    ] Safepoint "RevokeBias", Time since last: 32306200 ns, Reaching safepoint: 138300 ns, At safepoint: 50200 ns, Total: 188500 ns
[2020-04-26T17:42:10.768+0000][1][safepoint    ] Safepoint "RevokeBias", Time since last: 184200 ns, Reaching safepoint: 182500 ns, At safepoint: 43800 ns, Total: 226300 ns
[2020-04-26T17:42:10.768+0000][1][safepoint    ] Safepoint "RevokeBias", Time since last: 168000 ns, Reaching safepoint: 68800 ns, At safepoint: 43000 ns, Total: 111800 ns
[2020-04-26T17:42:10.769+0000][1][safepoint    ] Safepoint "RevokeBias", Time since last: 193700 ns, Reaching safepoint: 81800 ns, At safepoint: 42400 ns, Total: 124200 ns
[2020-04-26T17:42:10.770+0000][1][safepoint    ] Safepoint "RevokeBias", Time since last: 879200 ns, Reaching safepoint: 73500 ns, At safepoint: 46600 ns, Total: 120100 ns
[2020-04-26T17:42:10.801+0000][1][safepoint    ] Safepoint "BulkRevokeBias", Time since last: 30698900 ns, Reaching safepoint: 146800 ns, At safepoint: 551900 ns, Total: 698700 ns
[2020-04-26T17:42:10.810+0000][1][safepoint    ] Safepoint "RevokeBias", Time since last: 8983500 ns, Reaching safepoint: 203700 ns, At safepoint: 59900 ns, Total: 263600 ns
[2020-04-26T17:42:10.811+0000][1][safepoint    ] Safepoint "RevokeBias", Time since last: 141800 ns, Reaching safepoint: 180700 ns, At safepoint: 58700 ns, Total: 239400 ns
[2020-04-26T17:42:10.828+0000][1][safepoint    ] Safepoint "RevokeBias", Time since last: 17437100 ns, Reaching safepoint: 133600 ns, At safepoint: 49900 ns, Total: 183500 ns
[2020-04-26T17:42:11.449+0000][1][safepoint    ] Safepoint "RevokeBias", Time since last: 619861400 ns, Reaching safepoint: 460500 ns, At safepoint: 231000 ns, Total: 691500 ns
[2020-04-26T17:42:11.451+0000][1][safepoint    ] Safepoint "RevokeBias", Time since last: 1540300 ns, Reaching safepoint: 449200 ns, At safepoint: 199500 ns, Total: 648700 ns
[2020-04-26T17:42:11.801+0000][1][safepoint    ] Safepoint "RevokeBias", Time since last: 349722500 ns, Reaching safepoint: 394500 ns, At safepoint: 139500 ns, Total: 534000 ns
[2020-04-26T17:42:11.802+0000][1][safepoint    ] Safepoint "RevokeBias", Time since last: 181000 ns, Reaching safepoint: 185100 ns, At safepoint: 47800 ns, Total: 232900 ns
[2020-04-26T17:42:11.802+0000][1][safepoint    ] Safepoint "RevokeBias", Time since last: 181900 ns, Reaching safepoint: 81600 ns, At safepoint: 38100 ns, Total: 119700 ns
[2020-04-26T17:42:12.803+0000][1][safepoint    ] Safepoint "Cleanup", Time since last: 1000647900 ns, Reaching safepoint: 445500 ns, At safepoint: 283000 ns, Total: 728500 ns
[2020-04-26T17:42:13.805+0000][1][safepoint    ] Safepoint "Cleanup", Time since last: 1000412600 ns, Reaching safepoint: 705000 ns, At safepoint: 274100 ns, Total: 979100 ns
[2020-04-26T17:42:14.806+0000][1][safepoint    ] Safepoint "Cleanup", Time since last: 1000351300 ns, Reaching safepoint: 339800 ns, At safepoint: 103500 ns, Total: 443300 ns
[2020-04-26T17:42:15.671+0000][1][safepoint    ] Safepoint "RevokeBias", Time since last: 864445800 ns, Reaching safepoint: 503900 ns, At safepoint: 163800 ns, Total: 667700 ns
[2020-04-26T17:42:16.671+0000][1][safepoint    ] Safepoint "Cleanup", Time since last: 1000346700 ns, Reaching safepoint: 184400 ns, At safepoint: 44300 ns, Total: 228700 ns
[2020-04-26T17:42:17.672+0000][1][safepoint    ] Safepoint "Cleanup", Time since last: 1000453700 ns, Reaching safepoint: 292200 ns, At safepoint: 96100 ns, Total: 388300 ns
[2020-04-26T17:42:18.674+0000][1][safepoint    ] Safepoint "Cleanup", Time since last: 1000644100 ns, Reaching safepoint: 471000 ns, At safepoint: 277100 ns, Total: 748100 ns
[2020-04-26T17:42:19.675+0000][1][safepoint    ] Safepoint "Cleanup", Time since last: 1000832500 ns, Reaching safepoint: 651700 ns, At safepoint: 387400 ns, Total: 1039100 ns
[2020-04-26T17:42:20.676+0000][1][safepoint    ] Safepoint "Cleanup", Time since last: 1000574800 ns, Reaching safepoint: 358500 ns, At safepoint: 85900 ns, Total: 444400 ns
[2020-04-26T17:42:21.678+0000][1][safepoint    ] Safepoint "Cleanup", Time since last: 1000618100 ns, Reaching safepoint: 648000 ns, At safepoint: 247700 ns, Total: 895700 ns
[2020-04-26T17:42:22.679+0000][1][safepoint    ] Safepoint "Cleanup", Time since last: 1000462600 ns, Reaching safepoint: 462800 ns, At safepoint: 217600 ns, Total: 680400 ns
[2020-04-26T17:42:23.680+0000][1][safepoint    ] Safepoint "Cleanup", Time since last: 1000546800 ns, Reaching safepoint: 460500 ns, At safepoint: 261400 ns, Total: 721900 ns
[2020-04-26T17:42:24.681+0000][1][safepoint    ] Safepoint "Cleanup", Time since last: 1000333300 ns, Reaching safepoint: 441500 ns, At safepoint: 206600 ns, Total: 648100 ns
[2020-04-26T17:42:25.682+0000][1][safepoint    ] Safepoint "Cleanup", Time since last: 1000282000 ns, Reaching safepoint: 162300 ns, At safepoint: 41600 ns, Total: 203900 ns
[2020-04-26T17:42:26.683+0000][1][safepoint    ] Safepoint "Cleanup", Time since last: 1000492900 ns, Reaching safepoint: 728600 ns, At safepoint: 197900 ns, Total: 926500 ns
[2020-04-26T17:42:27.007+0000][1][safepoint    ] Safepoint "RevokeBias", Time since last: 323453300 ns, Reaching safepoint: 129000 ns, At safepoint: 36300 ns, Total: 165300 ns
[2020-04-26T17:42:27.008+0000][1][safepoint    ] Safepoint "BulkRevokeBias", Time since last: 457500 ns, Reaching safepoint: 69300 ns, At safepoint: 472800 ns, Total: 542100 ns
[2020-04-26T17:42:27.031+0000][1][safepoint    ] Safepoint "RevokeBias", Time since last: 22541100 ns, Reaching safepoint: 164500 ns, At safepoint: 76100 ns, Total: 240600 ns
[2020-04-26T17:42:27.031+0000][1][safepoint    ] Safepoint "RevokeBias", Time since last: 292500 ns, Reaching safepoint: 132700 ns, At safepoint: 33600 ns, Total: 166300 ns
[2020-04-26T17:42:27.032+0000][1][safepoint    ] Safepoint "RevokeBias", Time since last: 281000 ns, Reaching safepoint: 112400 ns, At safepoint: 30600 ns, Total: 143000 ns
[2020-04-26T17:42:27.032+0000][1][safepoint    ] Safepoint "RevokeBias", Time since last: 141800 ns, Reaching safepoint: 69000 ns, At safepoint: 30700 ns, Total: 99700 ns
[2020-04-26T17:42:27.044+0000][1][safepoint    ] Safepoint "RevokeBias", Time since last: 11562800 ns, Reaching safepoint: 116400 ns, At safepoint: 48900 ns, Total: 165300 ns
[2020-04-26T17:42:27.044+0000][1][safepoint    ] Safepoint "RevokeBias", Time since last: 160200 ns, Reaching safepoint: 88200 ns, At safepoint: 50100 ns, Total: 138300 ns
[2020-04-26T17:42:27.044+0000][1][safepoint    ] Safepoint "RevokeBias", Time since last: 181000 ns, Reaching safepoint: 69400 ns, At safepoint: 49400 ns, Total: 118800 ns
[2020-04-26T17:42:27.044+0000][1][safepoint    ] Safepoint "RevokeBias", Time since last: 179700 ns, Reaching safepoint: 69200 ns, At safepoint: 49400 ns, Total: 118600 ns
[2020-04-26T17:42:27.045+0000][1][safepoint    ] Safepoint "RevokeBias", Time since last: 169900 ns, Reaching safepoint: 68200 ns, At safepoint: 49600 ns, Total: 117800 ns
[2020-04-26T17:42:27.045+0000][1][safepoint    ] Safepoint "RevokeBias", Time since last: 171000 ns, Reaching safepoint: 83000 ns, At safepoint: 49400 ns, Total: 132400 ns
[2020-04-26T17:42:27.049+0000][1][safepoint    ] Safepoint "RevokeBias", Time since last: 3306700 ns, Reaching safepoint: 132100 ns, At safepoint: 79400 ns, Total: 211500 ns
[2020-04-26T17:42:27.056+0000][1][safepoint    ] Safepoint "RevokeBias", Time since last: 6956200 ns, Reaching safepoint: 193700 ns, At safepoint: 67000 ns, Total: 260700 ns
[2020-04-26T17:42:27.056+0000][1][safepoint    ] Safepoint "RevokeBias", Time since last: 292000 ns, Reaching safepoint: 90500 ns, At safepoint: 51200 ns, Total: 141700 ns
[2020-04-26T17:42:27.057+0000][1][safepoint    ] Safepoint "RevokeBias", Time since last: 442000 ns, Reaching safepoint: 84300 ns, At safepoint: 46800 ns, Total: 131100 ns
[2020-04-26T17:42:27.057+0000][1][safepoint    ] Safepoint "RevokeBias", Time since last: 123600 ns, Reaching safepoint: 80700 ns, At safepoint: 45900 ns, Total: 126600 ns
[2020-04-26T17:42:27.057+0000][1][safepoint    ] Safepoint "RevokeBias", Time since last: 129700 ns, Reaching safepoint: 79600 ns, At safepoint: 45400 ns, Total: 125000 ns
[2020-04-26T17:42:27.059+0000][1][safepoint    ] Safepoint "RevokeBias", Time since last: 1838500 ns, Reaching safepoint: 66900 ns, At safepoint: 40500 ns, Total: 107400 ns
[2020-04-26T17:42:27.059+0000][1][safepoint    ] Safepoint "RevokeBias", Time since last: 120700 ns, Reaching safepoint: 79300 ns, At safepoint: 48400 ns, Total: 127700 ns
[2020-04-26T17:42:27.061+0000][1][safepoint    ] Safepoint "RevokeBias", Time since last: 1666000 ns, Reaching safepoint: 66000 ns, At safepoint: 40000 ns, Total: 106000 ns
[2020-04-26T17:42:27.061+0000][1][safepoint    ] Safepoint "RevokeBias", Time since last: 114900 ns, Reaching safepoint: 65400 ns, At safepoint: 66100 ns, Total: 131500 ns
[2020-04-26T17:42:27.065+0000][1][safepoint    ] Safepoint "RevokeBias", Time since last: 3465000 ns, Reaching safepoint: 239100 ns, At safepoint: 99900 ns, Total: 339000 ns
[2020-04-26T17:42:27.092+0000][1][safepoint    ] Safepoint "RevokeBias", Time since last: 26196800 ns, Reaching safepoint: 129700 ns, At safepoint: 49500 ns, Total: 179200 ns
[2020-04-26T17:42:27.092+0000][1][safepoint    ] Safepoint "RevokeBias", Time since last: 174800 ns, Reaching safepoint: 219700 ns, At safepoint: 47200 ns, Total: 266900 ns
[2020-04-26T17:42:27.092+0000][1][safepoint    ] Safepoint "RevokeBias", Time since last: 136400 ns, Reaching safepoint: 72200 ns, At safepoint: 31400 ns, Total: 103600 ns
[2020-04-26T17:42:27.093+0000][1][safepoint    ] Safepoint "RevokeBias", Time since last: 286700 ns, Reaching safepoint: 72600 ns, At safepoint: 32700 ns, Total: 105300 ns
[2020-04-26T17:42:27.093+0000][1][safepoint    ] Safepoint "RevokeBias", Time since last: 107400 ns, Reaching safepoint: 71900 ns, At safepoint: 32200 ns, Total: 104100 ns
[2020-04-26T17:42:27.093+0000][1][safepoint    ] Safepoint "RevokeBias", Time since last: 120400 ns, Reaching safepoint: 71100 ns, At safepoint: 31700 ns, Total: 102800 ns
[2020-04-26T17:42:27.093+0000][1][safepoint    ] Safepoint "RevokeBias", Time since last: 149800 ns, Reaching safepoint: 72800 ns, At safepoint: 31500 ns, Total: 104300 ns
[2020-04-26T17:42:27.094+0000][1][safepoint    ] Safepoint "RevokeBias", Time since last: 905300 ns, Reaching safepoint: 78800 ns, At safepoint: 39600 ns, Total: 118400 ns
[2020-04-26T17:42:27.126+0000][1][safepoint    ] Safepoint "RevokeBias", Time since last: 31030500 ns, Reaching safepoint: 181800 ns, At safepoint: 103400 ns, Total: 285200 ns
[2020-04-26T17:42:27.135+0000][1][safepoint    ] Safepoint "RevokeBias", Time since last: 9272000 ns, Reaching safepoint: 149300 ns, At safepoint: 60300 ns, Total: 209600 ns
[2020-04-26T17:42:27.136+0000][1][safepoint    ] Safepoint "RevokeBias", Time since last: 167500 ns, Reaching safepoint: 189300 ns, At safepoint: 66200 ns, Total: 255500 ns
[2020-04-26T17:42:27.152+0000][1][safepoint    ] Safepoint "RevokeBias", Time since last: 15689000 ns, Reaching safepoint: 134000 ns, At safepoint: 37800 ns, Total: 171800 ns
[2020-04-26T17:42:27.262+0000][1][safepoint    ] Safepoint "RevokeBias", Time since last: 110351800 ns, Reaching safepoint: 133400 ns, At safepoint: 43500 ns, Total: 176900 ns
[2020-04-26T17:42:27.263+0000][1][safepoint    ] Safepoint "RevokeBias", Time since last: 589900 ns, Reaching safepoint: 83900 ns, At safepoint: 33700 ns, Total: 117600 ns
[2020-04-26T17:42:27.298+0000][1][safepoint    ] Safepoint "RevokeBias", Time since last: 35445900 ns, Reaching safepoint: 216400 ns, At safepoint: 77100 ns, Total: 293500 ns
[2020-04-26T17:42:27.472+0000][1][safepoint    ] Safepoint "RevokeBias", Time since last: 173356900 ns, Reaching safepoint: 137100 ns, At safepoint: 44400 ns, Total: 181500 ns
[2020-04-26T17:42:27.473+0000][1][safepoint    ] Safepoint "RevokeBias", Time since last: 552000 ns, Reaching safepoint: 88500 ns, At safepoint: 50700 ns, Total: 139200 ns
[2020-04-26T17:42:27.477+0000][1][safepoint    ] Safepoint "BulkRevokeBias", Time since last: 3315600 ns, Reaching safepoint: 221600 ns, At safepoint: 520200 ns, Total: 741800 ns
[2020-04-26T17:42:27.506+0000][1][safepoint    ] Safepoint "RevokeBias", Time since last: 28983700 ns, Reaching safepoint: 127400 ns, At safepoint: 50300 ns, Total: 177700 ns
[2020-04-26T17:42:27.506+0000][1][safepoint    ] Safepoint "RevokeBias", Time since last: 134300 ns, Reaching safepoint: 168400 ns, At safepoint: 57000 ns, Total: 225400 ns
[2020-04-26T17:42:27.507+0000][1][safepoint    ] Safepoint "RevokeBias", Time since last: 154900 ns, Reaching safepoint: 72600 ns, At safepoint: 31900 ns, Total: 104500 ns
[2020-04-26T17:42:27.507+0000][1][safepoint    ] Safepoint "RevokeBias", Time since last: 163300 ns, Reaching safepoint: 70900 ns, At safepoint: 31800 ns, Total: 102700 ns
[2020-04-26T17:42:27.508+0000][1][safepoint    ] Safepoint "RevokeBias", Time since last: 838200 ns, Reaching safepoint: 77100 ns, At safepoint: 36600 ns, Total: 113700 ns
[2020-04-26T17:42:27.509+0000][1][safepoint    ] Safepoint "RevokeBias", Time since last: 1418300 ns, Reaching safepoint: 80600 ns, At safepoint: 48300 ns, Total: 128900 ns
[2020-04-26T17:42:27.537+0000][1][safepoint    ] Safepoint "RevokeBias", Time since last: 27578700 ns, Reaching safepoint: 137100 ns, At safepoint: 71400 ns, Total: 208500 ns
[2020-04-26T17:42:27.547+0000][1][safepoint    ] Safepoint "RevokeBias", Time since last: 9453600 ns, Reaching safepoint: 147800 ns, At safepoint: 69900 ns, Total: 217700 ns
[2020-04-26T17:42:27.547+0000][1][safepoint    ] Safepoint "RevokeBias", Time since last: 200700 ns, Reaching safepoint: 111000 ns, At safepoint: 106800 ns, Total: 217800 ns
[2020-04-26T17:42:27.566+0000][1][safepoint    ] Safepoint "RevokeBias", Time since last: 18241900 ns, Reaching safepoint: 126400 ns, At safepoint: 63700 ns, Total: 190100 ns
[2020-04-26T17:42:28.172+0000][1][safepoint    ] Safepoint "RevokeBias", Time since last: 606482700 ns, Reaching safepoint: 157300 ns, At safepoint: 40800 ns, Total: 198100 ns
[2020-04-26T17:42:28.537+0000][1][safepoint    ] Safepoint "RevokeBias", Time since last: 364695500 ns, Reaching safepoint: 190500 ns, At safepoint: 44500 ns, Total: 235000 ns
[2020-04-26T17:42:28.538+0000][1][safepoint    ] Safepoint "RevokeBias", Time since last: 156600 ns, Reaching safepoint: 101900 ns, At safepoint: 37600 ns, Total: 139500 ns
[2020-04-26T17:42:28.538+0000][1][safepoint    ] Safepoint "RevokeBias", Time since last: 128200 ns, Reaching safepoint: 93100 ns, At safepoint: 38000 ns, Total: 131100 ns
[2020-04-26T17:42:29.539+0000][1][safepoint    ] Safepoint "Cleanup", Time since last: 1000509900 ns, Reaching safepoint: 693900 ns, At safepoint: 214500 ns, Total: 908400 ns
[2020-04-26T17:42:30.541+0000][1][safepoint    ] Safepoint "Cleanup", Time since last: 1000681100 ns, Reaching safepoint: 657500 ns, At safepoint: 321500 ns, Total: 979000 ns
[2020-04-26T17:42:30.679+0000][1][safepoint    ] Safepoint "RevokeBias", Time since last: 138376700 ns, Reaching safepoint: 148100 ns, At safepoint: 40000 ns, Total: 188100 ns
[2020-04-26T17:42:31.681+0000][1][safepoint    ] Safepoint "Cleanup", Time since last: 1000355500 ns, Reaching safepoint: 583700 ns, At safepoint: 218500 ns, Total: 802200 ns
[2020-04-26T17:42:32.682+0000][1][safepoint    ] Safepoint "Cleanup", Time since last: 1000367400 ns, Reaching safepoint: 459500 ns, At safepoint: 135500 ns, Total: 595000 ns
[2020-04-26T17:42:33.683+0000][1][safepoint    ] Safepoint "Cleanup", Time since last: 1000788500 ns, Reaching safepoint: 504200 ns, At safepoint: 149800 ns, Total: 654000 ns
[2020-04-26T17:42:34.684+0000][1][safepoint    ] Safepoint "Cleanup", Time since last: 1000354300 ns, Reaching safepoint: 527100 ns, At safepoint: 129500 ns, Total: 656600 ns
[2020-04-26T17:42:35.684+0000][1][safepoint    ] Safepoint "Cleanup", Time since last: 1000224000 ns, Reaching safepoint: 185500 ns, At safepoint: 42700 ns, Total: 228200 ns
[2020-04-26T17:42:36.685+0000][1][safepoint    ] Safepoint "Cleanup", Time since last: 1000273000 ns, Reaching safepoint: 511300 ns, At safepoint: 129100 ns, Total: 640400 ns
[2020-04-26T17:42:37.180+0000][1][safepoint    ] Safepoint "RevokeBias", Time since last: 493717100 ns, Reaching safepoint: 404800 ns, At safepoint: 171500 ns, Total: 576300 ns
[2020-04-26T17:42:38.181+0000][1][safepoint    ] Safepoint "Cleanup", Time since last: 1000344400 ns, Reaching safepoint: 493900 ns, At safepoint: 137800 ns, Total: 631700 ns
[2020-04-26T17:42:39.181+0000][1][safepoint    ] Safepoint "Cleanup", Time since last: 1000300300 ns, Reaching safepoint: 161400 ns, At safepoint: 35500 ns, Total: 196900 ns
[2020-04-26T17:42:40.182+0000][1][safepoint    ] Safepoint "Cleanup", Time since last: 1000177200 ns, Reaching safepoint: 285000 ns, At safepoint: 94800 ns, Total: 379800 ns
[2020-04-26T17:42:41.182+0000][1][safepoint    ] Safepoint "Cleanup", Time since last: 1000228700 ns, Reaching safepoint: 152600 ns, At safepoint: 30000 ns, Total: 182600 ns
[2020-04-26T17:42:42.183+0000][1][safepoint    ] Safepoint "Cleanup", Time since last: 1000603200 ns, Reaching safepoint: 461200 ns, At safepoint: 136000 ns, Total: 597200 ns
[2020-04-26T17:42:43.184+0000][1][safepoint    ] Safepoint "Cleanup", Time since last: 1000298100 ns, Reaching safepoint: 152000 ns, At safepoint: 51200 ns, Total: 203200 ns
[2020-04-26T17:42:44.184+0000][1][safepoint    ] Safepoint "Cleanup", Time since last: 1000174600 ns, Reaching safepoint: 252500 ns, At safepoint: 54300 ns, Total: 306800 ns
[2020-04-26T17:42:45.185+0000][1][safepoint    ] Safepoint "Cleanup", Time since last: 1000530800 ns, Reaching safepoint: 233100 ns, At safepoint: 44200 ns, Total: 277300 ns
[2020-04-26T17:42:46.186+0000][1][safepoint    ] Safepoint "Cleanup", Time since last: 1000331700 ns, Reaching safepoint: 341800 ns, At safepoint: 127700 ns, Total: 469500 ns
[2020-04-26T17:42:47.187+0000][1][safepoint    ] Safepoint "Cleanup", Time since last: 1000479000 ns, Reaching safepoint: 558000 ns, At safepoint: 139100 ns, Total: 697100 ns
[2020-04-26T17:42:48.188+0000][1][safepoint    ] Safepoint "Cleanup", Time since last: 1000658900 ns, Reaching safepoint: 532900 ns, At safepoint: 134700 ns, Total: 667600 ns
[2020-04-26T17:42:49.189+0000][1][safepoint    ] Safepoint "Cleanup", Time since last: 1000582100 ns, Reaching safepoint: 304300 ns, At safepoint: 89400 ns, Total: 393700 ns
[2020-04-26T17:42:50.190+0000][1][safepoint    ] Safepoint "Cleanup", Time since last: 1000179300 ns, Reaching safepoint: 173500 ns, At safepoint: 78500 ns, Total: 252000 ns
[2020-04-26T17:42:51.191+0000][1][safepoint    ] Safepoint "Cleanup", Time since last: 1000289900 ns, Reaching safepoint: 303600 ns, At safepoint: 87900 ns, Total: 391500 ns
[2020-04-26T17:42:52.191+0000][1][safepoint    ] Safepoint "Cleanup", Time since last: 1000244200 ns, Reaching safepoint: 150600 ns, At safepoint: 65800 ns, Total: 216400 ns
[2020-04-26T17:42:53.192+0000][1][safepoint    ] Safepoint "Cleanup", Time since last: 1000569300 ns, Reaching safepoint: 440900 ns, At safepoint: 136600 ns, Total: 577500 ns
[2020-04-26T17:42:54.151+0000][1][safepoint    ] Safepoint "RevokeBias", Time since last: 958393000 ns, Reaching safepoint: 134000 ns, At safepoint: 57000 ns, Total: 191000 ns
[2020-04-26T17:42:54.151+0000][1][safepoint    ] Safepoint "RevokeBias", Time since last: 248900 ns, Reaching safepoint: 239000 ns, At safepoint: 61800 ns, Total: 300800 ns
[2020-04-26T17:42:54.155+0000][1][safepoint    ] Safepoint "RevokeBias", Time since last: 3728000 ns, Reaching safepoint: 251200 ns, At safepoint: 149800 ns, Total: 401000 ns
[2020-04-26T17:42:54.156+0000][1][safepoint    ] Safepoint "BulkRevokeBias", Time since last: 66300 ns, Reaching safepoint: 96600 ns, At safepoint: 525400 ns, Total: 622000 ns
[2020-04-26T17:42:54.157+0000][1][safepoint    ] Safepoint "RevokeBias", Time since last: 383000 ns, Reaching safepoint: 251000 ns, At safepoint: 98200 ns, Total: 349200 ns
[2020-04-26T17:42:55.158+0000][1][safepoint    ] Safepoint "Cleanup", Time since last: 1000546200 ns, Reaching safepoint: 163800 ns, At safepoint: 42600 ns, Total: 206400 ns
[2020-04-26T17:42:56.158+0000][1][safepoint    ] Safepoint "Cleanup", Time since last: 1000152800 ns, Reaching safepoint: 132500 ns, At safepoint: 27100 ns, Total: 159600 ns
[2020-04-26T17:42:57.159+0000][1][safepoint    ] Safepoint "Cleanup", Time since last: 1000653800 ns, Reaching safepoint: 373300 ns, At safepoint: 119300 ns, Total: 492600 ns
[2020-04-26T17:42:57.537+0000][1][safepoint    ] Safepoint "RevokeBias", Time since last: 378020200 ns, Reaching safepoint: 131700 ns, At safepoint: 44100 ns, Total: 175800 ns
[2020-04-26T17:42:57.538+0000][1][safepoint    ] Safepoint "RevokeBias", Time since last: 160900 ns, Reaching safepoint: 89500 ns, At safepoint: 54200 ns, Total: 143700 ns
[2020-04-26T17:42:58.188+0000][1][gc,start     ] GC(63) Pause Young (Allocation Failure)
[2020-04-26T17:42:58.188+0000][1][gc,task      ] GC(63) Using 10 workers of 10 for evacuation
[2020-04-26T17:42:58.190+0000][1][gc,age       ] GC(63) Desired survivor size 8945664 bytes, new threshold 6 (max threshold 6)
[2020-04-26T17:42:58.190+0000][1][gc,age       ] GC(63) Age table with threshold 6 (max threshold 6)
[2020-04-26T17:42:58.190+0000][1][gc,age       ] GC(63) - age   1:     381680 bytes,     381680 total
[2020-04-26T17:42:58.190+0000][1][gc,age       ] GC(63) - age   2:      91272 bytes,     472952 total
[2020-04-26T17:42:58.190+0000][1][gc,age       ] GC(63) - age   3:      20856 bytes,     493808 total
[2020-04-26T17:42:58.190+0000][1][gc,age       ] GC(63) - age   4:      54000 bytes,     547808 total
[2020-04-26T17:42:58.190+0000][1][gc,age       ] GC(63) - age   5:      54920 bytes,     602728 total
[2020-04-26T17:42:58.190+0000][1][gc,age       ] GC(63) - age   6:      39696 bytes,     642424 total
[2020-04-26T17:42:58.190+0000][1][gc,heap      ] GC(63) ParNew: 140420K->965K(157248K)
[2020-04-26T17:42:58.190+0000][1][gc,heap      ] GC(63) CMS: 81160K->81200K(349568K)
[2020-04-26T17:42:58.190+0000][1][gc,metaspace ] GC(63) Metaspace: 99277K->99277K(1140736K)
[2020-04-26T17:42:58.190+0000][1][gc           ] GC(63) Pause Young (Allocation Failure) 216M->80M(494M) 2.761ms
[2020-04-26T17:42:58.190+0000][1][gc,cpu       ] GC(63) User=0.01s Sys=0.00s Real=0.00s
[2020-04-26T17:42:58.190+0000][1][safepoint    ] Safepoint "GenCollectForAllocation", Time since last: 649861300 ns, Reaching safepoint: 155200 ns, At safepoint: 2849400 ns, Total: 3004600 ns
[2020-04-26T17:42:59.191+0000][1][safepoint    ] Safepoint "Cleanup", Time since last: 1000186000 ns, Reaching safepoint: 156500 ns, At safepoint: 34300 ns, Total: 190800 ns
[2020-04-26T17:43:00.191+0000][1][safepoint    ] Safepoint "Cleanup", Time since last: 1000129900 ns, Reaching safepoint: 133600 ns, At safepoint: 30400 ns, Total: 164000 ns
[2020-04-26T17:43:01.191+0000][1][safepoint    ] Safepoint "Cleanup", Time since last: 1000161800 ns, Reaching safepoint: 150600 ns, At safepoint: 28400 ns, Total: 179000 ns
[2020-04-26T17:43:02.192+0000][1][safepoint    ] Safepoint "Cleanup", Time since last: 1000626900 ns, Reaching safepoint: 189400 ns, At safepoint: 44700 ns, Total: 234100 ns
[2020-04-26T17:43:03.193+0000][1][safepoint    ] Safepoint "Cleanup", Time since last: 1000577800 ns, Reaching safepoint: 488800 ns, At safepoint: 157200 ns, Total: 646000 ns
[2020-04-26T17:43:04.194+0000][1][safepoint    ] Safepoint "Cleanup", Time since last: 1000361300 ns, Reaching safepoint: 456600 ns, At safepoint: 162900 ns, Total: 619500 ns
[2020-04-26T17:43:05.195+0000][1][safepoint    ] Safepoint "Cleanup", Time since last: 1000182500 ns, Reaching safepoint: 144800 ns, At safepoint: 37300 ns, Total: 182100 ns
[2020-04-26T17:43:06.195+0000][1][safepoint    ] Safepoint "Cleanup", Time since last: 1000215200 ns, Reaching safepoint: 361600 ns, At safepoint: 47000 ns, Total: 408600 ns
[2020-04-26T17:43:07.196+0000][1][safepoint    ] Safepoint "Cleanup", Time since last: 1000289600 ns, Reaching safepoint: 427400 ns, At safepoint: 104400 ns, Total: 531800 ns
[2020-04-26T17:43:08.197+0000][1][safepoint    ] Safepoint "Cleanup", Time since last: 1000504900 ns, Reaching safepoint: 285200 ns, At safepoint: 82300 ns, Total: 367500 ns
[2020-04-26T17:43:09.198+0000][1][safepoint    ] Safepoint "Cleanup", Time since last: 1000566100 ns, Reaching safepoint: 326200 ns, At safepoint: 96700 ns, Total: 422900 ns
[2020-04-26T17:43:10.199+0000][1][safepoint    ] Safepoint "Cleanup", Time since last: 1000561500 ns, Reaching safepoint: 177300 ns, At safepoint: 46700 ns, Total: 224000 ns
[2020-04-26T17:43:11.200+0000][1][safepoint    ] Safepoint "Cleanup", Time since last: 1000325000 ns, Reaching safepoint: 451800 ns, At safepoint: 138000 ns, Total: 589800 ns
[2020-04-26T17:43:12.200+0000][1][safepoint    ] Safepoint "Cleanup", Time since last: 1000299700 ns, Reaching safepoint: 301300 ns, At safepoint: 41800 ns, Total: 343100 ns
[2020-04-26T17:43:13.201+0000][1][safepoint    ] Safepoint "Cleanup", Time since last: 1000291600 ns, Reaching safepoint: 374300 ns, At safepoint: 235100 ns, Total: 609400 ns
[2020-04-26T17:43:14.202+0000][1][safepoint    ] Safepoint "Cleanup", Time since last: 1000301600 ns, Reaching safepoint: 231400 ns, At safepoint: 64500 ns, Total: 295900 ns
[2020-04-26T17:43:15.203+0000][1][safepoint    ] Safepoint "Cleanup", Time since last: 1000497300 ns, Reaching safepoint: 286300 ns, At safepoint: 55600 ns, Total: 341900 ns
[2020-04-26T17:43:16.734+0000][1][safepoint    ] Safepoint "Cleanup", Time since last: 1530876900 ns, Reaching safepoint: 511100 ns, At safepoint: 134300 ns, Total: 645400 ns
[2020-04-26T17:43:17.735+0000][1][safepoint    ] Safepoint "Cleanup", Time since last: 1000627400 ns, Reaching safepoint: 209600 ns, At safepoint: 56900 ns, Total: 266500 ns
[2020-04-26T17:43:18.736+0000][1][safepoint    ] Safepoint "Cleanup", Time since last: 1000752400 ns, Reaching safepoint: 364700 ns, At safepoint: 110400 ns, Total: 475100 ns
[2020-04-26T17:43:19.737+0000][1][safepoint    ] Safepoint "Cleanup", Time since last: 1000354700 ns, Reaching safepoint: 137300 ns, At safepoint: 35200 ns, Total: 172500 ns
[2020-04-26T17:43:20.737+0000][1][safepoint    ] Safepoint "Cleanup", Time since last: 1000255700 ns, Reaching safepoint: 206000 ns, At safepoint: 47400 ns, Total: 253400 ns
[2020-04-26T17:43:21.738+0000][1][safepoint    ] Safepoint "Cleanup", Time since last: 1000277800 ns, Reaching safepoint: 506700 ns, At safepoint: 130800 ns, Total: 637500 ns
[2020-04-26T17:43:22.448+0000][1][safepoint    ] Safepoint "RevokeBias", Time since last: 709019200 ns, Reaching safepoint: 441300 ns, At safepoint: 295100 ns, Total: 736400 ns
[2020-04-26T17:43:23.449+0000][1][safepoint    ] Safepoint "Cleanup", Time since last: 1000622400 ns, Reaching safepoint: 187300 ns, At safepoint: 53400 ns, Total: 240700 ns
[2020-04-26T17:43:24.449+0000][1][safepoint    ] Safepoint "Cleanup", Time since last: 1000178800 ns, Reaching safepoint: 154300 ns, At safepoint: 29000 ns, Total: 183300 ns
[2020-04-26T17:43:25.450+0000][1][safepoint    ] Safepoint "Cleanup", Time since last: 1000175500 ns, Reaching safepoint: 131000 ns, At safepoint: 28200 ns, Total: 159200 ns
[2020-04-26T17:43:26.451+0000][1][safepoint    ] Safepoint "Cleanup", Time since last: 1000316800 ns, Reaching safepoint: 435300 ns, At safepoint: 132300 ns, Total: 567600 ns
[2020-04-26T17:43:27.451+0000][1][safepoint    ] Safepoint "Cleanup", Time since last: 1000194000 ns, Reaching safepoint: 136500 ns, At safepoint: 30700 ns, Total: 167200 ns
[2020-04-26T17:43:28.451+0000][1][safepoint    ] Safepoint "Cleanup", Time since last: 1000219200 ns, Reaching safepoint: 153500 ns, At safepoint: 33900 ns, Total: 187400 ns
[2020-04-26T17:43:29.452+0000][1][safepoint    ] Safepoint "Cleanup", Time since last: 1000179700 ns, Reaching safepoint: 140800 ns, At safepoint: 32300 ns, Total: 173100 ns
[2020-04-26T17:43:30.452+0000][1][safepoint    ] Safepoint "Cleanup", Time since last: 1000168100 ns, Reaching safepoint: 152100 ns, At safepoint: 31900 ns, Total: 184000 ns
[2020-04-26T17:43:31.727+0000][1][safepoint    ] Safepoint "Cleanup", Time since last: 1275104000 ns, Reaching safepoint: 140100 ns, At safepoint: 28500 ns, Total: 168600 ns
[2020-04-26T17:43:32.728+0000][1][safepoint    ] Safepoint "Cleanup", Time since last: 1000191700 ns, Reaching safepoint: 134600 ns, At safepoint: 41600 ns, Total: 176200 ns
[2020-04-26T17:43:33.728+0000][1][safepoint    ] Safepoint "Cleanup", Time since last: 1000146600 ns, Reaching safepoint: 131000 ns, At safepoint: 25800 ns, Total: 156800 ns
[2020-04-26T17:43:34.728+0000][1][safepoint    ] Safepoint "Cleanup", Time since last: 1000132700 ns, Reaching safepoint: 171000 ns, At safepoint: 34500 ns, Total: 205500 ns
[2020-04-26T17:43:35.729+0000][1][safepoint    ] Safepoint "Cleanup", Time since last: 1000137300 ns, Reaching safepoint: 204400 ns, At safepoint: 36000 ns, Total: 240400 ns
[2020-04-26T17:43:36.729+0000][1][safepoint    ] Safepoint "Cleanup", Time since last: 1000233900 ns, Reaching safepoint: 187700 ns, At safepoint: 48100 ns, Total: 235800 ns
[2020-04-26T17:43:37.730+0000][1][safepoint    ] Safepoint "Cleanup", Time since last: 1000575500 ns, Reaching safepoint: 381300 ns, At safepoint: 97700 ns, Total: 479000 ns
[2020-04-26T17:43:38.731+0000][1][safepoint    ] Safepoint "Cleanup", Time since last: 1000460000 ns, Reaching safepoint: 215400 ns, At safepoint: 58000 ns, Total: 273400 ns
[2020-04-26T17:43:39.732+0000][1][safepoint    ] Safepoint "Cleanup", Time since last: 1000548700 ns, Reaching safepoint: 486300 ns, At safepoint: 144100 ns, Total: 630400 ns
[2020-04-26T17:43:40.734+0000][1][safepoint    ] Safepoint "Cleanup", Time since last: 1000545500 ns, Reaching safepoint: 725300 ns, At safepoint: 199200 ns, Total: 924500 ns
[2020-04-26T17:43:41.734+0000][1][safepoint    ] Safepoint "Cleanup", Time since last: 1000258800 ns, Reaching safepoint: 154400 ns, At safepoint: 43800 ns, Total: 198200 ns
[2020-04-26T17:43:42.735+0000][1][safepoint    ] Safepoint "Cleanup", Time since last: 1000203200 ns, Reaching safepoint: 281400 ns, At safepoint: 79100 ns, Total: 360500 ns
[2020-04-26T17:43:43.736+0000][1][safepoint    ] Safepoint "Cleanup", Time since last: 1000653000 ns, Reaching safepoint: 439100 ns, At safepoint: 130200 ns, Total: 569300 ns
[2020-04-26T17:43:44.737+0000][1][safepoint    ] Safepoint "Cleanup", Time since last: 1000538600 ns, Reaching safepoint: 468400 ns, At safepoint: 144300 ns, Total: 612700 ns
[2020-04-26T17:43:45.738+0000][1][safepoint    ] Safepoint "Cleanup", Time since last: 1000329500 ns, Reaching safepoint: 140500 ns, At safepoint: 79500 ns, Total: 220000 ns
[2020-04-26T17:43:46.738+0000][1][safepoint    ] Safepoint "Cleanup", Time since last: 1000218700 ns, Reaching safepoint: 158400 ns, At safepoint: 37800 ns, Total: 196200 ns
[2020-04-26T17:43:47.739+0000][1][safepoint    ] Safepoint "Cleanup", Time since last: 1000532300 ns, Reaching safepoint: 495200 ns, At safepoint: 228800 ns, Total: 724000 ns
[2020-04-26T17:43:48.740+0000][1][safepoint    ] Safepoint "Cleanup", Time since last: 1000292500 ns, Reaching safepoint: 147400 ns, At safepoint: 33600 ns, Total: 181000 ns
[2020-04-26T17:43:49.741+0000][1][safepoint    ] Safepoint "Cleanup", Time since last: 1000392200 ns, Reaching safepoint: 803900 ns, At safepoint: 240400 ns, Total: 1044300 ns
[2020-04-26T17:43:50.742+0000][1][safepoint    ] Safepoint "Cleanup", Time since last: 1000330700 ns, Reaching safepoint: 468500 ns, At safepoint: 200100 ns, Total: 668600 ns
[2020-04-26T17:43:51.743+0000][1][safepoint    ] Safepoint "Cleanup", Time since last: 1000297400 ns, Reaching safepoint: 213200 ns, At safepoint: 40900 ns, Total: 254100 ns
[2020-04-26T17:43:52.744+0000][1][safepoint    ] Safepoint "Cleanup", Time since last: 1000371000 ns, Reaching safepoint: 435200 ns, At safepoint: 150000 ns, Total: 585200 ns
[2020-04-26T17:43:54.595+0000][1][safepoint    ] Safepoint "Cleanup", Time since last: 1851435000 ns, Reaching safepoint: 185500 ns, At safepoint: 47300 ns, Total: 232800 ns
[2020-04-26T17:43:55.596+0000][1][safepoint    ] Safepoint "Cleanup", Time since last: 1000293200 ns, Reaching safepoint: 247800 ns, At safepoint: 57900 ns, Total: 305700 ns
[2020-04-26T17:43:56.147+0000][1][safepoint    ] Safepoint "RevokeBias", Time since last: 550726800 ns, Reaching safepoint: 152800 ns, At safepoint: 85100 ns, Total: 237900 ns
[2020-04-26T17:43:56.147+0000][1][safepoint    ] Safepoint "RevokeBias", Time since last: 141500 ns, Reaching safepoint: 77800 ns, At safepoint: 73200 ns, Total: 151000 ns
[2020-04-26T17:43:56.152+0000][1][safepoint    ] Safepoint "RevokeBias", Time since last: 4154900 ns, Reaching safepoint: 122600 ns, At safepoint: 68300 ns, Total: 190900 ns
[2020-04-26T17:43:56.152+0000][1][safepoint    ] Safepoint "RevokeBias", Time since last: 108500 ns, Reaching safepoint: 203600 ns, At safepoint: 74700 ns, Total: 278300 ns
[2020-04-26T17:43:57.153+0000][1][safepoint    ] Safepoint "Cleanup", Time since last: 1000618200 ns, Reaching safepoint: 471300 ns, At safepoint: 273400 ns, Total: 744700 ns
[2020-04-26T17:43:58.154+0000][1][safepoint    ] Safepoint "Cleanup", Time since last: 1000396300 ns, Reaching safepoint: 459200 ns, At safepoint: 139700 ns, Total: 598900 ns
[2020-04-26T17:43:59.155+0000][1][safepoint    ] Safepoint "Cleanup", Time since last: 1000684800 ns, Reaching safepoint: 158300 ns, At safepoint: 32400 ns, Total: 190700 ns
[2020-04-26T17:44:00.156+0000][1][safepoint    ] Safepoint "Cleanup", Time since last: 1000242800 ns, Reaching safepoint: 369500 ns, At safepoint: 110100 ns, Total: 479600 ns
[2020-04-26T17:44:01.157+0000][1][safepoint    ] Safepoint "Cleanup", Time since last: 1000565300 ns, Reaching safepoint: 381800 ns, At safepoint: 97800 ns, Total: 479600 ns
[2020-04-26T17:44:02.158+0000][1][safepoint    ] Safepoint "Cleanup", Time since last: 1000590400 ns, Reaching safepoint: 289700 ns, At safepoint: 90300 ns, Total: 380000 ns
[2020-04-26T17:44:03.159+0000][1][safepoint    ] Safepoint "Cleanup", Time since last: 1000292600 ns, Reaching safepoint: 265100 ns, At safepoint: 63900 ns, Total: 329000 ns
[2020-04-26T17:44:04.160+0000][1][safepoint    ] Safepoint "Cleanup", Time since last: 1000447700 ns, Reaching safepoint: 652900 ns, At safepoint: 206200 ns, Total: 859100 ns
[2020-04-26T17:44:05.161+0000][1][safepoint    ] Safepoint "Cleanup", Time since last: 1000667000 ns, Reaching safepoint: 163000 ns, At safepoint: 33800 ns, Total: 196800 ns
[2020-04-26T17:44:06.161+0000][1][safepoint    ] Safepoint "Cleanup", Time since last: 1000456300 ns, Reaching safepoint: 154200 ns, At safepoint: 38200 ns, Total: 192400 ns
[2020-04-26T17:44:07.162+0000][1][safepoint    ] Safepoint "Cleanup", Time since last: 1000143500 ns, Reaching safepoint: 157000 ns, At safepoint: 59200 ns, Total: 216200 ns
[2020-04-26T17:44:08.180+0000][1][safepoint    ] Safepoint "Cleanup", Time since last: 1018238400 ns, Reaching safepoint: 152400 ns, At safepoint: 29300 ns, Total: 181700 ns
[2020-04-26T17:44:09.181+0000][1][safepoint    ] Safepoint "Cleanup", Time since last: 1000142000 ns, Reaching safepoint: 190800 ns, At safepoint: 52900 ns, Total: 243700 ns
[2020-04-26T17:44:10.181+0000][1][safepoint    ] Safepoint "Cleanup", Time since last: 1000183500 ns, Reaching safepoint: 140000 ns, At safepoint: 28300 ns, Total: 168300 ns
[2020-04-26T17:44:11.182+0000][1][safepoint    ] Safepoint "Cleanup", Time since last: 1000466100 ns, Reaching safepoint: 159700 ns, At safepoint: 41000 ns, Total: 200700 ns
[2020-04-26T17:44:12.182+0000][1][safepoint    ] Safepoint "Cleanup", Time since last: 1000160800 ns, Reaching safepoint: 134000 ns, At safepoint: 28900 ns, Total: 162900 ns
[2020-04-26T17:44:13.182+0000][1][safepoint    ] Safepoint "Cleanup", Time since last: 1000318400 ns, Reaching safepoint: 139100 ns, At safepoint: 32200 ns, Total: 171300 ns
[2020-04-26T17:44:14.183+0000][1][safepoint    ] Safepoint "Cleanup", Time since last: 1000152500 ns, Reaching safepoint: 170800 ns, At safepoint: 24700 ns, Total: 195500 ns
[2020-04-26T17:44:15.183+0000][1][safepoint    ] Safepoint "Cleanup", Time since last: 1000197000 ns, Reaching safepoint: 421700 ns, At safepoint: 90600 ns, Total: 512300 ns
[2020-04-26T17:44:16.184+0000][1][safepoint    ] Safepoint "Cleanup", Time since last: 1000295000 ns, Reaching safepoint: 455500 ns, At safepoint: 194700 ns, Total: 650200 ns
[2020-04-26T17:44:17.185+0000][1][safepoint    ] Safepoint "Cleanup", Time since last: 1000322100 ns, Reaching safepoint: 140000 ns, At safepoint: 30800 ns, Total: 170800 ns
[2020-04-26T17:44:18.185+0000][1][safepoint    ] Safepoint "Cleanup", Time since last: 1000206500 ns, Reaching safepoint: 161400 ns, At safepoint: 40300 ns, Total: 201700 ns
[2020-04-26T17:44:19.187+0000][1][safepoint    ] Safepoint "Cleanup", Time since last: 1000729700 ns, Reaching safepoint: 660100 ns, At safepoint: 132100 ns, Total: 792200 ns
[2020-04-26T17:44:20.187+0000][1][safepoint    ] Safepoint "Cleanup", Time since last: 1000235100 ns, Reaching safepoint: 139800 ns, At safepoint: 29700 ns, Total: 169500 ns
[2020-04-26T17:44:21.187+0000][1][safepoint    ] Safepoint "Cleanup", Time since last: 1000158000 ns, Reaching safepoint: 146100 ns, At safepoint: 32000 ns, Total: 178100 ns
[2020-04-26T17:44:22.188+0000][1][safepoint    ] Safepoint "Cleanup", Time since last: 1000335400 ns, Reaching safepoint: 237700 ns, At safepoint: 38000 ns, Total: 275700 ns
[2020-04-26T17:44:23.467+0000][1][safepoint    ] Safepoint "Cleanup", Time since last: 1278222200 ns, Reaching safepoint: 179300 ns, At safepoint: 46500 ns, Total: 225800 ns
[2020-04-26T17:44:24.467+0000][1][safepoint    ] Safepoint "Cleanup", Time since last: 1000198600 ns, Reaching safepoint: 198100 ns, At safepoint: 52900 ns, Total: 251000 ns
[2020-04-26T17:44:25.468+0000][1][safepoint    ] Safepoint "Cleanup", Time since last: 1000342900 ns, Reaching safepoint: 470700 ns, At safepoint: 150900 ns, Total: 621600 ns
[2020-04-26T17:44:26.469+0000][1][safepoint    ] Safepoint "Cleanup", Time since last: 1000726300 ns, Reaching safepoint: 393100 ns, At safepoint: 119800 ns, Total: 512900 ns
[2020-04-26T17:44:27.470+0000][1][safepoint    ] Safepoint "Cleanup", Time since last: 1000355800 ns, Reaching safepoint: 212700 ns, At safepoint: 66500 ns, Total: 279200 ns
[2020-04-26T17:44:28.470+0000][1][safepoint    ] Safepoint "Cleanup", Time since last: 1000360000 ns, Reaching safepoint: 219500 ns, At safepoint: 53500 ns, Total: 273000 ns
[2020-04-26T17:44:29.471+0000][1][safepoint    ] Safepoint "Cleanup", Time since last: 1000339100 ns, Reaching safepoint: 136900 ns, At safepoint: 29700 ns, Total: 166600 ns
[2020-04-26T17:44:30.472+0000][1][safepoint    ] Safepoint "Cleanup", Time since last: 1000403100 ns, Reaching safepoint: 576600 ns, At safepoint: 142200 ns, Total: 718800 ns
[2020-04-26T17:44:31.473+0000][1][safepoint    ] Safepoint "Cleanup", Time since last: 1000487800 ns, Reaching safepoint: 218600 ns, At safepoint: 48700 ns, Total: 267300 ns
[2020-04-26T17:44:32.474+0000][1][safepoint    ] Safepoint "Cleanup", Time since last: 1000671900 ns, Reaching safepoint: 459300 ns, At safepoint: 135300 ns, Total: 594600 ns
[2020-04-26T17:44:33.475+0000][1][safepoint    ] Safepoint "Cleanup", Time since last: 1000715700 ns, Reaching safepoint: 469400 ns, At safepoint: 137100 ns, Total: 606500 ns
[2020-04-26T17:44:34.476+0000][1][safepoint    ] Safepoint "Cleanup", Time since last: 1000315800 ns, Reaching safepoint: 151800 ns, At safepoint: 51700 ns, Total: 203500 ns
[2020-04-26T17:44:35.477+0000][1][safepoint    ] Safepoint "Cleanup", Time since last: 1000648900 ns, Reaching safepoint: 151100 ns, At safepoint: 37000 ns, Total: 188100 ns
[2020-04-26T17:44:36.477+0000][1][safepoint    ] Safepoint "Cleanup", Time since last: 1000158500 ns, Reaching safepoint: 133000 ns, At safepoint: 27000 ns, Total: 160000 ns
[2020-04-26T17:44:37.478+0000][1][safepoint    ] Safepoint "Cleanup", Time since last: 1000548400 ns, Reaching safepoint: 460000 ns, At safepoint: 135100 ns, Total: 595100 ns
[2020-04-26T17:44:38.479+0000][1][safepoint    ] Safepoint "Cleanup", Time since last: 1000664400 ns, Reaching safepoint: 144700 ns, At safepoint: 34800 ns, Total: 179500 ns
[2020-04-26T17:44:39.480+0000][1][safepoint    ] Safepoint "Cleanup", Time since last: 1000533700 ns, Reaching safepoint: 142100 ns, At safepoint: 33700 ns, Total: 175800 ns
[2020-04-26T17:44:40.480+0000][1][safepoint    ] Safepoint "Cleanup", Time since last: 1000240700 ns, Reaching safepoint: 182900 ns, At safepoint: 34100 ns, Total: 217000 ns
[2020-04-26T17:44:41.481+0000][1][safepoint    ] Safepoint "Cleanup", Time since last: 1000253700 ns, Reaching safepoint: 312000 ns, At safepoint: 70700 ns, Total: 382700 ns
[2020-04-26T17:44:42.482+0000][1][safepoint    ] Safepoint "Cleanup", Time since last: 1000686600 ns, Reaching safepoint: 470900 ns, At safepoint: 145300 ns, Total: 616200 ns
[2020-04-26T17:44:43.483+0000][1][safepoint    ] Safepoint "Cleanup", Time since last: 1000272200 ns, Reaching safepoint: 140300 ns, At safepoint: 31500 ns, Total: 171800 ns
[2020-04-26T17:44:44.484+0000][1][safepoint    ] Safepoint "Cleanup", Time since last: 1000519800 ns, Reaching safepoint: 462200 ns, At safepoint: 136200 ns, Total: 598400 ns
[2020-04-26T17:44:45.485+0000][1][safepoint    ] Safepoint "Cleanup", Time since last: 1000353300 ns, Reaching safepoint: 357700 ns, At safepoint: 69200 ns, Total: 426900 ns
[2020-04-26T17:44:47.211+0000][1][safepoint    ] Safepoint "Cleanup", Time since last: 1725748600 ns, Reaching safepoint: 499300 ns, At safepoint: 156000 ns, Total: 655300 ns
[2020-04-26T17:44:48.212+0000][1][safepoint    ] Safepoint "Cleanup", Time since last: 1000314500 ns, Reaching safepoint: 218500 ns, At safepoint: 30300 ns, Total: 248800 ns
[2020-04-26T17:44:49.213+0000][1][safepoint    ] Safepoint "Cleanup", Time since last: 1000338800 ns, Reaching safepoint: 778400 ns, At safepoint: 205500 ns, Total: 983900 ns
[2020-04-26T17:44:50.213+0000][1][safepoint    ] Safepoint "Cleanup", Time since last: 1000241500 ns, Reaching safepoint: 175500 ns, At safepoint: 43700 ns, Total: 219200 ns
[2020-04-26T17:44:51.214+0000][1][safepoint    ] Safepoint "Cleanup", Time since last: 1000463900 ns, Reaching safepoint: 316300 ns, At safepoint: 129300 ns, Total: 445600 ns
[2020-04-26T17:44:52.215+0000][1][safepoint    ] Safepoint "Cleanup", Time since last: 1000156600 ns, Reaching safepoint: 167100 ns, At safepoint: 48900 ns, Total: 216000 ns
[2020-04-26T17:44:53.216+0000][1][safepoint    ] Safepoint "Cleanup", Time since last: 1000281600 ns, Reaching safepoint: 515800 ns, At safepoint: 130800 ns, Total: 646600 ns
[2020-04-26T17:44:54.216+0000][1][safepoint    ] Safepoint "Cleanup", Time since last: 1000207300 ns, Reaching safepoint: 249200 ns, At safepoint: 35400 ns, Total: 284600 ns
[2020-04-26T17:44:55.216+0000][1][safepoint    ] Safepoint "Cleanup", Time since last: 1000210200 ns, Reaching safepoint: 233300 ns, At safepoint: 34300 ns, Total: 267600 ns
[2020-04-26T17:44:56.218+0000][1][safepoint    ] Safepoint "Cleanup", Time since last: 1000605100 ns, Reaching safepoint: 463200 ns, At safepoint: 137300 ns, Total: 600500 ns
[2020-04-26T17:44:57.219+0000][1][safepoint    ] Safepoint "Cleanup", Time since last: 1000383600 ns, Reaching safepoint: 493000 ns, At safepoint: 95200 ns, Total: 588200 ns
[2020-04-26T17:44:58.143+0000][1][safepoint    ] Safepoint "RevokeBias", Time since last: 924470100 ns, Reaching safepoint: 133700 ns, At safepoint: 92900 ns, Total: 226600 ns
[2020-04-26T17:44:58.144+0000][1][safepoint    ] Safepoint "RevokeBias", Time since last: 67400 ns, Reaching safepoint: 96000 ns, At safepoint: 93900 ns, Total: 189900 ns
[2020-04-26T17:44:58.144+0000][1][safepoint    ] Safepoint "RevokeBias", Time since last: 242200 ns, Reaching safepoint: 76700 ns, At safepoint: 79400 ns, Total: 156100 ns
[2020-04-26T17:44:58.149+0000][1][safepoint    ] Safepoint "RevokeBias", Time since last: 4697000 ns, Reaching safepoint: 173500 ns, At safepoint: 68700 ns, Total: 242200 ns
[2020-04-26T17:44:58.150+0000][1][safepoint    ] Safepoint "RevokeBias", Time since last: 210100 ns, Reaching safepoint: 369200 ns, At safepoint: 123900 ns, Total: 493100 ns
[2020-04-26T17:44:59.150+0000][1][safepoint    ] Safepoint "Cleanup", Time since last: 1000161200 ns, Reaching safepoint: 151400 ns, At safepoint: 34800 ns, Total: 186200 ns
[2020-04-26T17:45:00.150+0000][1][safepoint    ] Safepoint "Cleanup", Time since last: 1000193100 ns, Reaching safepoint: 189000 ns, At safepoint: 36900 ns, Total: 225900 ns
[2020-04-26T17:45:01.152+0000][1][safepoint    ] Safepoint "Cleanup", Time since last: 1000783800 ns, Reaching safepoint: 453900 ns, At safepoint: 138100 ns, Total: 592000 ns
[2020-04-26T17:45:02.152+0000][1][safepoint    ] Safepoint "Cleanup", Time since last: 1000356900 ns, Reaching safepoint: 151900 ns, At safepoint: 37000 ns, Total: 188900 ns
[2020-04-26T17:45:03.153+0000][1][safepoint    ] Safepoint "Cleanup", Time since last: 1000133900 ns, Reaching safepoint: 168500 ns, At safepoint: 39400 ns, Total: 207900 ns
[2020-04-26T17:45:04.153+0000][1][safepoint    ] Safepoint "Cleanup", Time since last: 1000207300 ns, Reaching safepoint: 408100 ns, At safepoint: 53800 ns, Total: 461900 ns
[2020-04-26T17:45:05.154+0000][1][safepoint    ] Safepoint "Cleanup", Time since last: 1000557600 ns, Reaching safepoint: 174900 ns, At safepoint: 39500 ns, Total: 214400 ns
[2020-04-26T17:45:06.155+0000][1][safepoint    ] Safepoint "Cleanup", Time since last: 1000253500 ns, Reaching safepoint: 346200 ns, At safepoint: 174600 ns, Total: 520800 ns
[2020-04-26T17:45:07.155+0000][1][safepoint    ] Safepoint "Cleanup", Time since last: 1000226000 ns, Reaching safepoint: 132800 ns, At safepoint: 30500 ns, Total: 163300 ns
[2020-04-26T17:45:08.157+0000][1][safepoint    ] Safepoint "Cleanup", Time since last: 1000802600 ns, Reaching safepoint: 467200 ns, At safepoint: 148500 ns, Total: 615700 ns
[2020-04-26T17:45:09.158+0000][1][safepoint    ] Safepoint "Cleanup", Time since last: 1000358500 ns, Reaching safepoint: 348900 ns, At safepoint: 102500 ns, Total: 451400 ns
[2020-04-26T17:45:10.159+0000][1][safepoint    ] Safepoint "Cleanup", Time since last: 1000566200 ns, Reaching safepoint: 468700 ns, At safepoint: 139100 ns, Total: 607800 ns
[2020-04-26T17:45:11.160+0000][1][safepoint    ] Safepoint "Cleanup", Time since last: 1000753300 ns, Reaching safepoint: 466100 ns, At safepoint: 137500 ns, Total: 603600 ns
[2020-04-26T17:45:12.160+0000][1][safepoint    ] Safepoint "Cleanup", Time since last: 1000223900 ns, Reaching safepoint: 170600 ns, At safepoint: 34400 ns, Total: 205000 ns
[2020-04-26T17:45:13.161+0000][1][safepoint    ] Safepoint "Cleanup", Time since last: 1000144000 ns, Reaching safepoint: 137400 ns, At safepoint: 32300 ns, Total: 169700 ns
[2020-04-26T17:45:14.161+0000][1][safepoint    ] Safepoint "Cleanup", Time since last: 1000408800 ns, Reaching safepoint: 205800 ns, At safepoint: 60400 ns, Total: 266200 ns
[2020-04-26T17:45:15.162+0000][1][safepoint    ] Safepoint "Cleanup", Time since last: 1000257500 ns, Reaching safepoint: 185000 ns, At safepoint: 49000 ns, Total: 234000 ns
[2020-04-26T17:45:16.163+0000][1][safepoint    ] Safepoint "Cleanup", Time since last: 1000223400 ns, Reaching safepoint: 242700 ns, At safepoint: 96100 ns, Total: 338800 ns
[2020-04-26T17:45:17.164+0000][1][safepoint    ] Safepoint "Cleanup", Time since last: 1000610100 ns, Reaching safepoint: 468200 ns, At safepoint: 138800 ns, Total: 607000 ns
[2020-04-26T17:45:18.164+0000][1][safepoint    ] Safepoint "Cleanup", Time since last: 1000506600 ns, Reaching safepoint: 157300 ns, At safepoint: 39400 ns, Total: 196700 ns
[2020-04-26T17:45:19.166+0000][1][safepoint    ] Safepoint "Cleanup", Time since last: 1000565800 ns, Reaching safepoint: 466400 ns, At safepoint: 134200 ns, Total: 600600 ns
[2020-04-26T17:45:20.166+0000][1][safepoint    ] Safepoint "Cleanup", Time since last: 1000508900 ns, Reaching safepoint: 203100 ns, At safepoint: 57900 ns, Total: 261000 ns
[2020-04-26T17:45:21.167+0000][1][safepoint    ] Safepoint "Cleanup", Time since last: 1000173300 ns, Reaching safepoint: 183900 ns, At safepoint: 34500 ns, Total: 218400 ns
[2020-04-26T17:45:22.167+0000][1][safepoint    ] Safepoint "Cleanup", Time since last: 1000264800 ns, Reaching safepoint: 184500 ns, At safepoint: 44400 ns, Total: 228900 ns
[2020-04-26T17:45:23.457+0000][1][safepoint    ] Safepoint "Cleanup", Time since last: 1289672300 ns, Reaching safepoint: 322600 ns, At safepoint: 99700 ns, Total: 422300 ns
[2020-04-26T17:45:24.458+0000][1][safepoint    ] Safepoint "Cleanup", Time since last: 1000205500 ns, Reaching safepoint: 137700 ns, At safepoint: 28200 ns, Total: 165900 ns
[2020-04-26T17:45:25.459+0000][1][safepoint    ] Safepoint "Cleanup", Time since last: 1000667100 ns, Reaching safepoint: 446800 ns, At safepoint: 141100 ns, Total: 587900 ns
[2020-04-26T17:45:26.460+0000][1][safepoint    ] Safepoint "Cleanup", Time since last: 1000616900 ns, Reaching safepoint: 146300 ns, At safepoint: 38500 ns, Total: 184800 ns
[2020-04-26T17:45:27.461+0000][1][safepoint    ] Safepoint "Cleanup", Time since last: 1000315700 ns, Reaching safepoint: 347200 ns, At safepoint: 104600 ns, Total: 451800 ns
[2020-04-26T17:45:28.462+0000][1][safepoint    ] Safepoint "Cleanup", Time since last: 1000397200 ns, Reaching safepoint: 439200 ns, At safepoint: 130600 ns, Total: 569800 ns
[2020-04-26T17:45:29.462+0000][1][safepoint    ] Safepoint "Cleanup", Time since last: 1000419900 ns, Reaching safepoint: 261000 ns, At safepoint: 74500 ns, Total: 335500 ns
[2020-04-26T17:45:30.463+0000][1][safepoint    ] Safepoint "Cleanup", Time since last: 1000564900 ns, Reaching safepoint: 140400 ns, At safepoint: 32300 ns, Total: 172700 ns
[2020-04-26T17:45:31.464+0000][1][safepoint    ] Safepoint "Cleanup", Time since last: 1000595400 ns, Reaching safepoint: 135400 ns, At safepoint: 31200 ns, Total: 166600 ns
[2020-04-26T17:45:32.465+0000][1][safepoint    ] Safepoint "Cleanup", Time since last: 1000584800 ns, Reaching safepoint: 137400 ns, At safepoint: 32100 ns, Total: 169500 ns
[2020-04-26T17:45:33.466+0000][1][safepoint    ] Safepoint "Cleanup", Time since last: 1000395000 ns, Reaching safepoint: 436700 ns, At safepoint: 134400 ns, Total: 571100 ns
[2020-04-26T17:45:34.466+0000][1][safepoint    ] Safepoint "Cleanup", Time since last: 1000377900 ns, Reaching safepoint: 471000 ns, At safepoint: 133800 ns, Total: 604800 ns
[2020-04-26T17:45:35.467+0000][1][safepoint    ] Safepoint "Cleanup", Time since last: 1000359500 ns, Reaching safepoint: 157600 ns, At safepoint: 40000 ns, Total: 197600 ns
[2020-04-26T17:45:36.467+0000][1][safepoint    ] Safepoint "Cleanup", Time since last: 1000249800 ns, Reaching safepoint: 135100 ns, At safepoint: 29000 ns, Total: 164100 ns
[2020-04-26T17:45:38.185+0000][1][safepoint    ] Safepoint "Cleanup", Time since last: 1717558800 ns, Reaching safepoint: 240600 ns, At safepoint: 47700 ns, Total: 288300 ns
[2020-04-26T17:45:39.187+0000][1][safepoint    ] Safepoint "Cleanup", Time since last: 1000659700 ns, Reaching safepoint: 467000 ns, At safepoint: 138900 ns, Total: 605900 ns
[2020-04-26T17:45:40.187+0000][1][safepoint    ] Safepoint "Cleanup", Time since last: 1000421400 ns, Reaching safepoint: 303800 ns, At safepoint: 89700 ns, Total: 393500 ns
[2020-04-26T17:45:41.189+0000][1][safepoint    ] Safepoint "Cleanup", Time since last: 1000614300 ns, Reaching safepoint: 467800 ns, At safepoint: 134000 ns, Total: 601800 ns
[2020-04-26T17:45:42.190+0000][1][safepoint    ] Safepoint "Cleanup", Time since last: 1000746000 ns, Reaching safepoint: 466500 ns, At safepoint: 139500 ns, Total: 606000 ns
[2020-04-26T17:45:43.191+0000][1][safepoint    ] Safepoint "Cleanup", Time since last: 1000353700 ns, Reaching safepoint: 416600 ns, At safepoint: 103300 ns, Total: 519900 ns
[2020-04-26T17:45:44.192+0000][1][safepoint    ] Safepoint "Cleanup", Time since last: 1000271200 ns, Reaching safepoint: 315300 ns, At safepoint: 98000 ns, Total: 413300 ns
[2020-04-26T17:45:45.192+0000][1][safepoint    ] Safepoint "Cleanup", Time since last: 1000224000 ns, Reaching safepoint: 171700 ns, At safepoint: 38400 ns, Total: 210100 ns
[2020-04-26T17:45:46.193+0000][1][safepoint    ] Safepoint "Cleanup", Time since last: 1000539900 ns, Reaching safepoint: 192400 ns, At safepoint: 50000 ns, Total: 242400 ns
[2020-04-26T17:45:47.194+0000][1][safepoint    ] Safepoint "Cleanup", Time since last: 1000421400 ns, Reaching safepoint: 466100 ns, At safepoint: 142200 ns, Total: 608300 ns
[2020-04-26T17:45:48.195+0000][1][safepoint    ] Safepoint "Cleanup", Time since last: 1000648900 ns, Reaching safepoint: 465700 ns, At safepoint: 138300 ns, Total: 604000 ns
[2020-04-26T17:45:49.197+0000][1][safepoint    ] Safepoint "Cleanup", Time since last: 1000882500 ns, Reaching safepoint: 466500 ns, At safepoint: 145100 ns, Total: 611600 ns
[2020-04-26T17:45:50.198+0000][1][safepoint    ] Safepoint "Cleanup", Time since last: 1000388600 ns, Reaching safepoint: 471100 ns, At safepoint: 157600 ns, Total: 628700 ns
[2020-04-26T17:45:50.856+0000][1][gc,start     ] GC(64) Pause Young (Allocation Failure)
[2020-04-26T17:45:50.856+0000][1][gc,task      ] GC(64) Using 10 workers of 10 for evacuation
[2020-04-26T17:45:50.867+0000][1][gc,age       ] GC(64) Desired survivor size 8945664 bytes, new threshold 6 (max threshold 6)
[2020-04-26T17:45:50.867+0000][1][gc,age       ] GC(64) Age table with threshold 6 (max threshold 6)
[2020-04-26T17:45:50.867+0000][1][gc,age       ] GC(64) - age   1:      83448 bytes,      83448 total
[2020-04-26T17:45:50.867+0000][1][gc,age       ] GC(64) - age   2:     253128 bytes,     336576 total
[2020-04-26T17:45:50.867+0000][1][gc,age       ] GC(64) - age   3:      91048 bytes,     427624 total
[2020-04-26T17:45:50.867+0000][1][gc,age       ] GC(64) - age   4:      20824 bytes,     448448 total
[2020-04-26T17:45:50.867+0000][1][gc,age       ] GC(64) - age   5:      54000 bytes,     502448 total
[2020-04-26T17:45:50.867+0000][1][gc,age       ] GC(64) - age   6:      54920 bytes,     557368 total
[2020-04-26T17:45:50.867+0000][1][gc,heap      ] GC(64) ParNew: 140741K->775K(157248K)
[2020-04-26T17:45:50.867+0000][1][gc,heap      ] GC(64) CMS: 81200K->81241K(349568K)
[2020-04-26T17:45:50.867+0000][1][gc,metaspace ] GC(64) Metaspace: 99281K->99281K(1140736K)
[2020-04-26T17:45:50.867+0000][1][gc           ] GC(64) Pause Young (Allocation Failure) 216M->80M(494M) 11.394ms
[2020-04-26T17:45:50.867+0000][1][gc,cpu       ] GC(64) User=0.02s Sys=0.02s Real=0.01s
[2020-04-26T17:45:50.868+0000][1][safepoint    ] Safepoint "GenCollectForAllocation", Time since last: 657759200 ns, Reaching safepoint: 561600 ns, At safepoint: 11764900 ns, Total: 12326500 ns
[2020-04-26T17:45:51.869+0000][1][safepoint    ] Safepoint "Cleanup", Time since last: 1000791000 ns, Reaching safepoint: 158300 ns, At safepoint: 38600 ns, Total: 196900 ns
[2020-04-26T17:45:52.869+0000][1][safepoint    ] Safepoint "Cleanup", Time since last: 1000435800 ns, Reaching safepoint: 159300 ns, At safepoint: 41000 ns, Total: 200300 ns
[2020-04-26T17:45:53.870+0000][1][safepoint    ] Safepoint "Cleanup", Time since last: 1000242300 ns, Reaching safepoint: 488700 ns, At safepoint: 143600 ns, Total: 632300 ns
[2020-04-26T17:45:54.871+0000][1][safepoint    ] Safepoint "Cleanup", Time since last: 1000359900 ns, Reaching safepoint: 514900 ns, At safepoint: 132600 ns, Total: 647500 ns
[2020-04-26T17:45:55.872+0000][1][safepoint    ] Safepoint "Cleanup", Time since last: 1000476300 ns, Reaching safepoint: 626400 ns, At safepoint: 197900 ns, Total: 824300 ns
[2020-04-26T17:45:56.873+0000][1][safepoint    ] Safepoint "Cleanup", Time since last: 1000416500 ns, Reaching safepoint: 204900 ns, At safepoint: 51300 ns, Total: 256200 ns
[2020-04-26T17:45:57.873+0000][1][safepoint    ] Safepoint "Cleanup", Time since last: 1000183500 ns, Reaching safepoint: 145500 ns, At safepoint: 35500 ns, Total: 181000 ns
[2020-04-26T17:45:58.874+0000][1][safepoint    ] Safepoint "Cleanup", Time since last: 1000464200 ns, Reaching safepoint: 148800 ns, At safepoint: 36900 ns, Total: 185700 ns
[2020-04-26T17:45:59.179+0000][1][safepoint    ] Safepoint "RevokeBias", Time since last: 303995400 ns, Reaching safepoint: 333800 ns, At safepoint: 145700 ns, Total: 479500 ns
[2020-04-26T17:45:59.179+0000][1][safepoint    ] Safepoint "RevokeBias", Time since last: 125600 ns, Reaching safepoint: 598700 ns, At safepoint: 138300 ns, Total: 737000 ns
[2020-04-26T17:45:59.189+0000][1][safepoint    ] Safepoint "RevokeBias", Time since last: 9166200 ns, Reaching safepoint: 330600 ns, At safepoint: 70300 ns, Total: 400900 ns
[2020-04-26T17:45:59.197+0000][1][safepoint    ] Safepoint "RevokeBias", Time since last: 7715500 ns, Reaching safepoint: 348000 ns, At safepoint: 87900 ns, Total: 435900 ns
[2020-04-26T17:45:59.209+0000][1][safepoint    ] Safepoint "RevokeBias", Time since last: 11708800 ns, Reaching safepoint: 436500 ns, At safepoint: 94300 ns, Total: 530800 ns
[2020-04-26T17:46:00.213+0000][1][safepoint    ] Safepoint "Cleanup", Time since last: 1003309300 ns, Reaching safepoint: 311200 ns, At safepoint: 70400 ns, Total: 381600 ns
[2020-04-26T17:46:01.214+0000][1][safepoint    ] Safepoint "Cleanup", Time since last: 1000538200 ns, Reaching safepoint: 138400 ns, At safepoint: 34100 ns, Total: 172500 ns
[2020-04-26T17:46:02.215+0000][1][safepoint    ] Safepoint "Cleanup", Time since last: 1000647200 ns, Reaching safepoint: 463200 ns, At safepoint: 137100 ns, Total: 600300 ns
[2020-04-26T17:46:03.216+0000][1][safepoint    ] Safepoint "Cleanup", Time since last: 1000444900 ns, Reaching safepoint: 459600 ns, At safepoint: 134400 ns, Total: 594000 ns
[2020-04-26T17:46:04.217+0000][1][safepoint    ] Safepoint "Cleanup", Time since last: 1000442700 ns, Reaching safepoint: 459500 ns, At safepoint: 242300 ns, Total: 701800 ns
[2020-04-26T17:46:05.218+0000][1][safepoint    ] Safepoint "Cleanup", Time since last: 1000609500 ns, Reaching safepoint: 439000 ns, At safepoint: 132000 ns, Total: 571000 ns
[2020-04-26T17:46:06.219+0000][1][safepoint    ] Safepoint "Cleanup", Time since last: 1000380300 ns, Reaching safepoint: 515500 ns, At safepoint: 127500 ns, Total: 643000 ns
[2020-04-26T17:46:07.220+0000][1][safepoint    ] Safepoint "Cleanup", Time since last: 1000496500 ns, Reaching safepoint: 171300 ns, At safepoint: 43800 ns, Total: 215100 ns
[2020-04-26T17:46:08.221+0000][1][safepoint    ] Safepoint "Cleanup", Time since last: 1000700100 ns, Reaching safepoint: 467500 ns, At safepoint: 146900 ns, Total: 614400 ns
[2020-04-26T17:46:09.222+0000][1][safepoint    ] Safepoint "Cleanup", Time since last: 1000221700 ns, Reaching safepoint: 134700 ns, At safepoint: 28100 ns, Total: 162800 ns
[2020-04-26T17:46:10.222+0000][1][safepoint    ] Safepoint "Cleanup", Time since last: 1000299400 ns, Reaching safepoint: 170700 ns, At safepoint: 32000 ns, Total: 202700 ns
[2020-04-26T17:46:11.223+0000][1][safepoint    ] Safepoint "Cleanup", Time since last: 1000172300 ns, Reaching safepoint: 288000 ns, At safepoint: 56600 ns, Total: 344600 ns
[2020-04-26T17:46:12.224+0000][1][safepoint    ] Safepoint "Cleanup", Time since last: 1000328600 ns, Reaching safepoint: 459100 ns, At safepoint: 183900 ns, Total: 643000 ns
[2020-04-26T17:46:13.225+0000][1][safepoint    ] Safepoint "Cleanup", Time since last: 1000523300 ns, Reaching safepoint: 620900 ns, At safepoint: 167600 ns, Total: 788500 ns
[2020-04-26T17:46:14.226+0000][1][safepoint    ] Safepoint "Cleanup", Time since last: 1000361500 ns, Reaching safepoint: 135300 ns, At safepoint: 29000 ns, Total: 164300 ns
[2020-04-26T17:46:15.226+0000][1][safepoint    ] Safepoint "Cleanup", Time since last: 1000474800 ns, Reaching safepoint: 266500 ns, At safepoint: 53700 ns, Total: 320200 ns
[2020-04-26T17:46:16.228+0000][1][safepoint    ] Safepoint "Cleanup", Time since last: 1000657100 ns, Reaching safepoint: 462000 ns, At safepoint: 143100 ns, Total: 605100 ns
[2020-04-26T17:46:17.229+0000][1][safepoint    ] Safepoint "Cleanup", Time since last: 1000720400 ns, Reaching safepoint: 462800 ns, At safepoint: 142200 ns, Total: 605000 ns
[2020-04-26T17:46:18.230+0000][1][safepoint    ] Safepoint "Cleanup", Time since last: 1000491600 ns, Reaching safepoint: 461200 ns, At safepoint: 140700 ns, Total: 601900 ns
[2020-04-26T17:46:19.231+0000][1][safepoint    ] Safepoint "Cleanup", Time since last: 1000426300 ns, Reaching safepoint: 460500 ns, At safepoint: 155300 ns, Total: 615800 ns
[2020-04-26T17:46:20.232+0000][1][safepoint    ] Safepoint "Cleanup", Time since last: 1000315400 ns, Reaching safepoint: 140500 ns, At safepoint: 30900 ns, Total: 171400 ns
[2020-04-26T17:46:21.232+0000][1][safepoint    ] Safepoint "Cleanup", Time since last: 1000343300 ns, Reaching safepoint: 137400 ns, At safepoint: 33300 ns, Total: 170700 ns
[2020-04-26T17:46:22.233+0000][1][safepoint    ] Safepoint "Cleanup", Time since last: 1000339500 ns, Reaching safepoint: 554000 ns, At safepoint: 129500 ns, Total: 683500 ns
[2020-04-26T17:46:23.234+0000][1][safepoint    ] Safepoint "Cleanup", Time since last: 1000426200 ns, Reaching safepoint: 460100 ns, At safepoint: 137000 ns, Total: 597100 ns
[2020-04-26T17:46:24.235+0000][1][safepoint    ] Safepoint "Cleanup", Time since last: 1000513000 ns, Reaching safepoint: 462800 ns, At safepoint: 159600 ns, Total: 622400 ns
[2020-04-26T17:46:25.236+0000][1][safepoint    ] Safepoint "Cleanup", Time since last: 1000303900 ns, Reaching safepoint: 261600 ns, At safepoint: 74000 ns, Total: 335600 ns
[2020-04-26T17:46:26.237+0000][1][safepoint    ] Safepoint "Cleanup", Time since last: 1000412700 ns, Reaching safepoint: 465700 ns, At safepoint: 221200 ns, Total: 686900 ns
[2020-04-26T17:46:27.238+0000][1][safepoint    ] Safepoint "Cleanup", Time since last: 1000321600 ns, Reaching safepoint: 231000 ns, At safepoint: 73600 ns, Total: 304600 ns
[2020-04-26T17:46:28.238+0000][1][safepoint    ] Safepoint "Cleanup", Time since last: 1000168100 ns, Reaching safepoint: 143100 ns, At safepoint: 28200 ns, Total: 171300 ns
[2020-04-26T17:46:29.239+0000][1][safepoint    ] Safepoint "Cleanup", Time since last: 1000218100 ns, Reaching safepoint: 406500 ns, At safepoint: 98800 ns, Total: 505300 ns
[2020-04-26T17:46:30.240+0000][1][safepoint    ] Safepoint "Cleanup", Time since last: 1000436700 ns, Reaching safepoint: 527900 ns, At safepoint: 133300 ns, Total: 661200 ns
[2020-04-26T17:46:31.241+0000][1][safepoint    ] Safepoint "Cleanup", Time since last: 1000341800 ns, Reaching safepoint: 426300 ns, At safepoint: 225500 ns, Total: 651800 ns
[2020-04-26T17:46:32.242+0000][1][safepoint    ] Safepoint "Cleanup", Time since last: 1000303400 ns, Reaching safepoint: 259800 ns, At safepoint: 60500 ns, Total: 320300 ns
[2020-04-26T17:46:33.242+0000][1][safepoint    ] Safepoint "Cleanup", Time since last: 1000345500 ns, Reaching safepoint: 455300 ns, At safepoint: 135500 ns, Total: 590800 ns
[2020-04-26T17:46:34.243+0000][1][safepoint    ] Safepoint "Cleanup", Time since last: 1000685400 ns, Reaching safepoint: 152200 ns, At safepoint: 40800 ns, Total: 193000 ns
[2020-04-26T17:46:35.245+0000][1][safepoint    ] Safepoint "Cleanup", Time since last: 1000623500 ns, Reaching safepoint: 442200 ns, At safepoint: 212000 ns, Total: 654200 ns
[2020-04-26T17:46:36.245+0000][1][safepoint    ] Safepoint "Cleanup", Time since last: 1000203700 ns, Reaching safepoint: 172800 ns, At safepoint: 40900 ns, Total: 213700 ns
[2020-04-26T17:46:38.192+0000][1][safepoint    ] Safepoint "Cleanup", Time since last: 1946508700 ns, Reaching safepoint: 302000 ns, At safepoint: 84500 ns, Total: 386500 ns
[2020-04-26T17:46:39.192+0000][1][safepoint    ] Safepoint "Cleanup", Time since last: 1000265900 ns, Reaching safepoint: 137800 ns, At safepoint: 38900 ns, Total: 176700 ns
[2020-04-26T17:46:40.193+0000][1][safepoint    ] Safepoint "Cleanup", Time since last: 1000508000 ns, Reaching safepoint: 136700 ns, At safepoint: 31000 ns, Total: 167700 ns
[2020-04-26T17:46:41.194+0000][1][safepoint    ] Safepoint "Cleanup", Time since last: 1000186200 ns, Reaching safepoint: 309500 ns, At safepoint: 72600 ns, Total: 382100 ns
[2020-04-26T17:46:42.195+0000][1][safepoint    ] Safepoint "Cleanup", Time since last: 1000562400 ns, Reaching safepoint: 463500 ns, At safepoint: 137800 ns, Total: 601300 ns
[2020-04-26T17:46:43.196+0000][1][safepoint    ] Safepoint "Cleanup", Time since last: 1000632900 ns, Reaching safepoint: 463700 ns, At safepoint: 140000 ns, Total: 603700 ns
[2020-04-26T17:46:44.197+0000][1][safepoint    ] Safepoint "Cleanup", Time since last: 1000522300 ns, Reaching safepoint: 158900 ns, At safepoint: 39100 ns, Total: 198000 ns
[2020-04-26T17:46:45.198+0000][1][safepoint    ] Safepoint "Cleanup", Time since last: 1000493100 ns, Reaching safepoint: 464600 ns, At safepoint: 147000 ns, Total: 611600 ns
[2020-04-26T17:46:46.199+0000][1][safepoint    ] Safepoint "Cleanup", Time since last: 1000637200 ns, Reaching safepoint: 258400 ns, At safepoint: 58500 ns, Total: 316900 ns
[2020-04-26T17:46:47.200+0000][1][safepoint    ] Safepoint "Cleanup", Time since last: 1000592900 ns, Reaching safepoint: 254800 ns, At safepoint: 58300 ns, Total: 313100 ns
[2020-04-26T17:46:48.200+0000][1][safepoint    ] Safepoint "Cleanup", Time since last: 1000357300 ns, Reaching safepoint: 183200 ns, At safepoint: 56000 ns, Total: 239200 ns
[2020-04-26T17:46:49.201+0000][1][safepoint    ] Safepoint "Cleanup", Time since last: 1000262800 ns, Reaching safepoint: 145900 ns, At safepoint: 33800 ns, Total: 179700 ns
[2020-04-26T17:46:50.201+0000][1][safepoint    ] Safepoint "Cleanup", Time since last: 1000483900 ns, Reaching safepoint: 159400 ns, At safepoint: 32700 ns, Total: 192100 ns
[2020-04-26T17:46:51.202+0000][1][safepoint    ] Safepoint "Cleanup", Time since last: 1000514300 ns, Reaching safepoint: 137400 ns, At safepoint: 30800 ns, Total: 168200 ns
[2020-04-26T17:46:52.089+0000][1][safepoint    ] Safepoint "RevokeBias", Time since last: 886689100 ns, Reaching safepoint: 140900 ns, At safepoint: 41400 ns, Total: 182300 ns
[2020-04-26T17:46:52.090+0000][1][safepoint    ] Safepoint "RevokeBias", Time since last: 451200 ns, Reaching safepoint: 95700 ns, At safepoint: 49500 ns, Total: 145200 ns
[2020-04-26T17:46:52.108+0000][1][safepoint    ] Safepoint "RevokeBias", Time since last: 17841700 ns, Reaching safepoint: 121100 ns, At safepoint: 47300 ns, Total: 168400 ns
[2020-04-26T17:46:52.108+0000][1][safepoint    ] Safepoint "RevokeBias", Time since last: 442700 ns, Reaching safepoint: 85000 ns, At safepoint: 33300 ns, Total: 118300 ns
[2020-04-26T17:46:52.120+0000][1][safepoint    ] Safepoint "RevokeBias", Time since last: 11298200 ns, Reaching safepoint: 117500 ns, At safepoint: 34300 ns, Total: 151800 ns
[2020-04-26T17:46:52.120+0000][1][safepoint    ] Safepoint "RevokeBias", Time since last: 114700 ns, Reaching safepoint: 80900 ns, At safepoint: 29800 ns, Total: 110700 ns
[2020-04-26T17:46:52.120+0000][1][safepoint    ] Safepoint "RevokeBias", Time since last: 146800 ns, Reaching safepoint: 70900 ns, At safepoint: 28700 ns, Total: 99600 ns
[2020-04-26T17:46:52.120+0000][1][safepoint    ] Safepoint "RevokeBias", Time since last: 117100 ns, Reaching safepoint: 70900 ns, At safepoint: 28100 ns, Total: 99000 ns
[2020-04-26T17:46:52.120+0000][1][safepoint    ] Safepoint "RevokeBias", Time since last: 110000 ns, Reaching safepoint: 69400 ns, At safepoint: 28000 ns, Total: 97400 ns
[2020-04-26T17:46:52.121+0000][1][safepoint    ] Safepoint "RevokeBias", Time since last: 119400 ns, Reaching safepoint: 70400 ns, At safepoint: 28200 ns, Total: 98600 ns
[2020-04-26T17:46:52.130+0000][1][safepoint    ] Safepoint "RevokeBias", Time since last: 9373700 ns, Reaching safepoint: 76000 ns, At safepoint: 28800 ns, Total: 104800 ns
[2020-04-26T17:46:52.130+0000][1][safepoint    ] Safepoint "RevokeBias", Time since last: 204100 ns, Reaching safepoint: 71400 ns, At safepoint: 28400 ns, Total: 99800 ns
[2020-04-26T17:46:52.131+0000][1][safepoint    ] Safepoint "RevokeBias", Time since last: 397200 ns, Reaching safepoint: 70600 ns, At safepoint: 28600 ns, Total: 99200 ns
[2020-04-26T17:46:52.131+0000][1][safepoint    ] Safepoint "RevokeBias", Time since last: 157000 ns, Reaching safepoint: 70000 ns, At safepoint: 27800 ns, Total: 97800 ns
[2020-04-26T17:46:52.131+0000][1][safepoint    ] Safepoint "RevokeBias", Time since last: 138000 ns, Reaching safepoint: 69300 ns, At safepoint: 27900 ns, Total: 97200 ns
[2020-04-26T17:46:52.134+0000][1][safepoint    ] Safepoint "RevokeBias", Time since last: 2076300 ns, Reaching safepoint: 72500 ns, At safepoint: 28900 ns, Total: 101400 ns
[2020-04-26T17:46:52.134+0000][1][safepoint    ] Safepoint "RevokeBias", Time since last: 106100 ns, Reaching safepoint: 69900 ns, At safepoint: 28200 ns, Total: 98100 ns
[2020-04-26T17:46:52.136+0000][1][safepoint    ] Safepoint "RevokeBias", Time since last: 1936500 ns, Reaching safepoint: 69300 ns, At safepoint: 28100 ns, Total: 97400 ns
[2020-04-26T17:46:52.136+0000][1][safepoint    ] Safepoint "RevokeBias", Time since last: 136600 ns, Reaching safepoint: 69200 ns, At safepoint: 27800 ns, Total: 97000 ns
[2020-04-26T17:46:52.139+0000][1][safepoint    ] Safepoint "RevokeBias", Time since last: 3146700 ns, Reaching safepoint: 173200 ns, At safepoint: 49900 ns, Total: 223100 ns
[2020-04-26T17:46:52.165+0000][1][safepoint    ] Safepoint "RevokeBias", Time since last: 25265200 ns, Reaching safepoint: 125000 ns, At safepoint: 51900 ns, Total: 176900 ns
[2020-04-26T17:46:52.165+0000][1][safepoint    ] Safepoint "RevokeBias", Time since last: 184100 ns, Reaching safepoint: 177300 ns, At safepoint: 46600 ns, Total: 223900 ns
[2020-04-26T17:46:52.166+0000][1][safepoint    ] Safepoint "RevokeBias", Time since last: 124100 ns, Reaching safepoint: 72500 ns, At safepoint: 48600 ns, Total: 121100 ns
[2020-04-26T17:46:52.166+0000][1][safepoint    ] Safepoint "RevokeBias", Time since last: 282800 ns, Reaching safepoint: 73300 ns, At safepoint: 56600 ns, Total: 129900 ns
[2020-04-26T17:46:52.166+0000][1][safepoint    ] Safepoint "RevokeBias", Time since last: 184500 ns, Reaching safepoint: 88600 ns, At safepoint: 49500 ns, Total: 138100 ns
[2020-04-26T17:46:52.167+0000][1][safepoint    ] Safepoint "RevokeBias", Time since last: 192100 ns, Reaching safepoint: 159100 ns, At safepoint: 63800 ns, Total: 222900 ns
[2020-04-26T17:46:52.167+0000][1][safepoint    ] Safepoint "RevokeBias", Time since last: 187100 ns, Reaching safepoint: 74100 ns, At safepoint: 32800 ns, Total: 106900 ns
[2020-04-26T17:46:52.168+0000][1][safepoint    ] Safepoint "RevokeBias", Time since last: 873100 ns, Reaching safepoint: 76900 ns, At safepoint: 37400 ns, Total: 114300 ns
[2020-04-26T17:46:52.198+0000][1][safepoint    ] Safepoint "RevokeBias", Time since last: 29538300 ns, Reaching safepoint: 151800 ns, At safepoint: 78700 ns, Total: 230500 ns
[2020-04-26T17:46:52.207+0000][1][safepoint    ] Safepoint "RevokeBias", Time since last: 9327000 ns, Reaching safepoint: 228100 ns, At safepoint: 113800 ns, Total: 341900 ns
[2020-04-26T17:46:52.208+0000][1][safepoint    ] Safepoint "RevokeBias", Time since last: 155100 ns, Reaching safepoint: 322400 ns, At safepoint: 210700 ns, Total: 533100 ns
[2020-04-26T17:46:52.225+0000][1][safepoint    ] Safepoint "RevokeBias", Time since last: 16758300 ns, Reaching safepoint: 141700 ns, At safepoint: 79100 ns, Total: 220800 ns
[2020-04-26T17:46:52.336+0000][1][safepoint    ] Safepoint "RevokeBias", Time since last: 110585500 ns, Reaching safepoint: 145200 ns, At safepoint: 49900 ns, Total: 195100 ns
[2020-04-26T17:46:52.337+0000][1][safepoint    ] Safepoint "RevokeBias", Time since last: 745000 ns, Reaching safepoint: 99800 ns, At safepoint: 40400 ns, Total: 140200 ns
[2020-04-26T17:46:52.404+0000][1][safepoint    ] Safepoint "RevokeBias", Time since last: 66730700 ns, Reaching safepoint: 153800 ns, At safepoint: 39500 ns, Total: 193300 ns
[2020-04-26T17:46:52.582+0000][1][safepoint    ] Safepoint "BulkRevokeBias", Time since last: 177544100 ns, Reaching safepoint: 136300 ns, At safepoint: 512900 ns, Total: 649200 ns
[2020-04-26T17:46:52.582+0000][1][safepoint    ] Safepoint "RevokeBias", Time since last: 412300 ns, Reaching safepoint: 98600 ns, At safepoint: 34200 ns, Total: 132800 ns
[2020-04-26T17:46:52.587+0000][1][safepoint    ] Safepoint "RevokeBias", Time since last: 4261600 ns, Reaching safepoint: 152600 ns, At safepoint: 72100 ns, Total: 224700 ns
[2020-04-26T17:46:52.617+0000][1][safepoint    ] Safepoint "RevokeBias", Time since last: 29862600 ns, Reaching safepoint: 123600 ns, At safepoint: 38800 ns, Total: 162400 ns
[2020-04-26T17:46:52.617+0000][1][safepoint    ] Safepoint "RevokeBias", Time since last: 201700 ns, Reaching safepoint: 81900 ns, At safepoint: 33300 ns, Total: 115200 ns
[2020-04-26T17:46:52.618+0000][1][safepoint    ] Safepoint "RevokeBias", Time since last: 196500 ns, Reaching safepoint: 71100 ns, At safepoint: 32400 ns, Total: 103500 ns
[2020-04-26T17:46:52.618+0000][1][safepoint    ] Safepoint "RevokeBias", Time since last: 209200 ns, Reaching safepoint: 69800 ns, At safepoint: 32200 ns, Total: 102000 ns
[2020-04-26T17:46:52.619+0000][1][safepoint    ] Safepoint "RevokeBias", Time since last: 907600 ns, Reaching safepoint: 92600 ns, At safepoint: 53300 ns, Total: 145900 ns
[2020-04-26T17:46:52.654+0000][1][safepoint    ] Safepoint "RevokeBias", Time since last: 34420900 ns, Reaching safepoint: 197700 ns, At safepoint: 124400 ns, Total: 322100 ns
[2020-04-26T17:46:52.671+0000][1][safepoint    ] Safepoint "RevokeBias", Time since last: 17443400 ns, Reaching safepoint: 166000 ns, At safepoint: 113300 ns, Total: 279300 ns
[2020-04-26T17:46:52.672+0000][1][safepoint    ] Safepoint "RevokeBias", Time since last: 120900 ns, Reaching safepoint: 196100 ns, At safepoint: 65400 ns, Total: 261500 ns
[2020-04-26T17:46:52.688+0000][1][safepoint    ] Safepoint "RevokeBias", Time since last: 16215100 ns, Reaching safepoint: 131400 ns, At safepoint: 36400 ns, Total: 167800 ns
[2020-04-26T17:46:53.315+0000][1][safepoint    ] Safepoint "RevokeBias", Time since last: 626346600 ns, Reaching safepoint: 209300 ns, At safepoint: 77200 ns, Total: 286500 ns
[2020-04-26T17:46:53.316+0000][1][safepoint    ] Safepoint "RevokeBias", Time since last: 800400 ns, Reaching safepoint: 151300 ns, At safepoint: 75800 ns, Total: 227100 ns
[2020-04-26T17:46:53.654+0000][1][safepoint    ] Safepoint "RevokeBias", Time since last: 337854400 ns, Reaching safepoint: 312200 ns, At safepoint: 104700 ns, Total: 416900 ns
[2020-04-26T17:46:53.655+0000][1][safepoint    ] Safepoint "RevokeBias", Time since last: 374100 ns, Reaching safepoint: 194200 ns, At safepoint: 88500 ns, Total: 282700 ns
[2020-04-26T17:46:53.655+0000][1][safepoint    ] Safepoint "RevokeBias", Time since last: 297400 ns, Reaching safepoint: 184500 ns, At safepoint: 102100 ns, Total: 286600 ns
[2020-04-26T17:46:54.657+0000][1][safepoint    ] Safepoint "Cleanup", Time since last: 1000493100 ns, Reaching safepoint: 772400 ns, At safepoint: 217900 ns, Total: 990300 ns
[2020-04-26T17:46:55.657+0000][1][safepoint    ] Safepoint "Cleanup", Time since last: 1000346500 ns, Reaching safepoint: 148700 ns, At safepoint: 42300 ns, Total: 191000 ns
[2020-04-26T17:46:55.926+0000][1][safepoint    ] Safepoint "RevokeBias", Time since last: 268290900 ns, Reaching safepoint: 136000 ns, At safepoint: 42300 ns, Total: 178300 ns
[2020-04-26T17:46:56.927+0000][1][safepoint    ] Safepoint "Cleanup", Time since last: 1000626100 ns, Reaching safepoint: 187500 ns, At safepoint: 69700 ns, Total: 257200 ns
[2020-04-26T17:46:57.928+0000][1][safepoint    ] Safepoint "Cleanup", Time since last: 1000660600 ns, Reaching safepoint: 475900 ns, At safepoint: 215900 ns, Total: 691800 ns
[2020-04-26T17:46:58.929+0000][1][safepoint    ] Safepoint "Cleanup", Time since last: 1000498900 ns, Reaching safepoint: 445300 ns, At safepoint: 228500 ns, Total: 673800 ns
[2020-04-26T17:46:59.930+0000][1][safepoint    ] Safepoint "Cleanup", Time since last: 1000283000 ns, Reaching safepoint: 391900 ns, At safepoint: 59700 ns, Total: 451600 ns
[2020-04-26T17:47:00.931+0000][1][safepoint    ] Safepoint "Cleanup", Time since last: 1000423000 ns, Reaching safepoint: 303000 ns, At safepoint: 52900 ns, Total: 355900 ns
[2020-04-26T17:47:01.138+0000][1][safepoint    ] Safepoint "RevokeBias", Time since last: 206995400 ns, Reaching safepoint: 131800 ns, At safepoint: 63900 ns, Total: 195700 ns
[2020-04-26T17:47:01.138+0000][1][safepoint    ] Safepoint "RevokeBias", Time since last: 59100 ns, Reaching safepoint: 84700 ns, At safepoint: 74200 ns, Total: 158900 ns
[2020-04-26T17:47:01.139+0000][1][safepoint    ] Safepoint "RevokeBias", Time since last: 269300 ns, Reaching safepoint: 192000 ns, At safepoint: 70500 ns, Total: 262500 ns
[2020-04-26T17:47:01.143+0000][1][safepoint    ] Safepoint "RevokeBias", Time since last: 4055500 ns, Reaching safepoint: 255700 ns, At safepoint: 94000 ns, Total: 349700 ns
[2020-04-26T17:47:01.143+0000][1][safepoint    ] Safepoint "RevokeBias", Time since last: 83700 ns, Reaching safepoint: 160500 ns, At safepoint: 132400 ns, Total: 292900 ns
[2020-04-26T17:47:01.144+0000][1][safepoint    ] Safepoint "RevokeBias", Time since last: 110700 ns, Reaching safepoint: 165900 ns, At safepoint: 70300 ns, Total: 236200 ns
[2020-04-26T17:47:02.144+0000][1][safepoint    ] Safepoint "Cleanup", Time since last: 1000185300 ns, Reaching safepoint: 149600 ns, At safepoint: 29300 ns, Total: 178900 ns
[2020-04-26T17:47:03.145+0000][1][safepoint    ] Safepoint "Cleanup", Time since last: 1000548400 ns, Reaching safepoint: 178000 ns, At safepoint: 47600 ns, Total: 225600 ns
[2020-04-26T17:47:04.146+0000][1][safepoint    ] Safepoint "Cleanup", Time since last: 1000403500 ns, Reaching safepoint: 437400 ns, At safepoint: 132500 ns, Total: 569900 ns
[2020-04-26T17:47:05.147+0000][1][safepoint    ] Safepoint "Cleanup", Time since last: 1000577000 ns, Reaching safepoint: 136400 ns, At safepoint: 32700 ns, Total: 169100 ns
[2020-04-26T17:47:06.148+0000][1][safepoint    ] Safepoint "Cleanup", Time since last: 1000614400 ns, Reaching safepoint: 444700 ns, At safepoint: 140200 ns, Total: 584900 ns
[2020-04-26T17:47:07.148+0000][1][safepoint    ] Safepoint "Cleanup", Time since last: 1000282000 ns, Reaching safepoint: 272300 ns, At safepoint: 63000 ns, Total: 335300 ns
[2020-04-26T17:47:08.149+0000][1][safepoint    ] Safepoint "Cleanup", Time since last: 1000240800 ns, Reaching safepoint: 177700 ns, At safepoint: 90500 ns, Total: 268200 ns
[2020-04-26T17:47:09.149+0000][1][safepoint    ] Safepoint "Cleanup", Time since last: 1000257800 ns, Reaching safepoint: 174600 ns, At safepoint: 32200 ns, Total: 206800 ns
[2020-04-26T17:47:10.150+0000][1][safepoint    ] Safepoint "Cleanup", Time since last: 1000439900 ns, Reaching safepoint: 434500 ns, At safepoint: 135300 ns, Total: 569800 ns
[2020-04-26T17:47:11.152+0000][1][safepoint    ] Safepoint "Cleanup", Time since last: 1000656500 ns, Reaching safepoint: 446700 ns, At safepoint: 131700 ns, Total: 578400 ns
[2020-04-26T17:47:12.153+0000][1][safepoint    ] Safepoint "Cleanup", Time since last: 1000360000 ns, Reaching safepoint: 596200 ns, At safepoint: 130100 ns, Total: 726300 ns
[2020-04-26T17:47:13.153+0000][1][safepoint    ] Safepoint "Cleanup", Time since last: 1000281500 ns, Reaching safepoint: 167900 ns, At safepoint: 30900 ns, Total: 198800 ns
[2020-04-26T17:47:14.154+0000][1][safepoint    ] Safepoint "Cleanup", Time since last: 1000185200 ns, Reaching safepoint: 171900 ns, At safepoint: 33200 ns, Total: 205100 ns
[2020-04-26T17:47:15.155+0000][1][safepoint    ] Safepoint "Cleanup", Time since last: 1000347500 ns, Reaching safepoint: 486900 ns, At safepoint: 177600 ns, Total: 664500 ns
[2020-04-26T17:47:16.156+0000][1][safepoint    ] Safepoint "Cleanup", Time since last: 1000507600 ns, Reaching safepoint: 301000 ns, At safepoint: 90200 ns, Total: 391200 ns
[2020-04-26T17:47:17.156+0000][1][safepoint    ] Safepoint "Cleanup", Time since last: 1000346300 ns, Reaching safepoint: 327100 ns, At safepoint: 94800 ns, Total: 421900 ns
[2020-04-26T17:47:18.157+0000][1][safepoint    ] Safepoint "Cleanup", Time since last: 1000294800 ns, Reaching safepoint: 221600 ns, At safepoint: 60100 ns, Total: 281700 ns
[2020-04-26T17:47:19.158+0000][1][safepoint    ] Safepoint "Cleanup", Time since last: 1000445800 ns, Reaching safepoint: 217700 ns, At safepoint: 48900 ns, Total: 266600 ns
[2020-04-26T17:47:20.159+0000][1][safepoint    ] Safepoint "Cleanup", Time since last: 1000568600 ns, Reaching safepoint: 438300 ns, At safepoint: 131500 ns, Total: 569800 ns
[2020-04-26T17:47:21.160+0000][1][safepoint    ] Safepoint "Cleanup", Time since last: 1000501800 ns, Reaching safepoint: 213300 ns, At safepoint: 48200 ns, Total: 261500 ns
[2020-04-26T17:47:22.160+0000][1][safepoint    ] Safepoint "Cleanup", Time since last: 1000591800 ns, Reaching safepoint: 282000 ns, At safepoint: 82500 ns, Total: 364500 ns
[2020-04-26T17:47:22.655+0000][1][safepoint    ] Safepoint "RevokeBias", Time since last: 493644100 ns, Reaching safepoint: 470900 ns, At safepoint: 235900 ns, Total: 706800 ns
[2020-04-26T17:47:22.656+0000][1][safepoint    ] Safepoint "RevokeBias", Time since last: 671000 ns, Reaching safepoint: 446600 ns, At safepoint: 257300 ns, Total: 703900 ns
[2020-04-26T17:47:22.659+0000][1][gc,start     ] GC(65) Pause Young (Allocation Failure)
[2020-04-26T17:47:22.659+0000][1][gc,task      ] GC(65) Using 10 workers of 10 for evacuation
[2020-04-26T17:47:22.666+0000][1][gc,age       ] GC(65) Desired survivor size 8945664 bytes, new threshold 6 (max threshold 6)
[2020-04-26T17:47:22.666+0000][1][gc,age       ] GC(65) Age table with threshold 6 (max threshold 6)
[2020-04-26T17:47:22.666+0000][1][gc,age       ] GC(65) - age   1:    7337656 bytes,    7337656 total
[2020-04-26T17:47:22.666+0000][1][gc,age       ] GC(65) - age   2:      17096 bytes,    7354752 total
[2020-04-26T17:47:22.666+0000][1][gc,age       ] GC(65) - age   3:      16640 bytes,    7371392 total
[2020-04-26T17:47:22.666+0000][1][gc,age       ] GC(65) - age   4:      91048 bytes,    7462440 total
[2020-04-26T17:47:22.666+0000][1][gc,age       ] GC(65) - age   5:      20760 bytes,    7483200 total
[2020-04-26T17:47:22.666+0000][1][gc,age       ] GC(65) - age   6:      54000 bytes,    7537200 total
[2020-04-26T17:47:22.666+0000][1][gc,heap      ] GC(65) ParNew: 140551K->7573K(157248K)
[2020-04-26T17:47:22.666+0000][1][gc,heap      ] GC(65) CMS: 81241K->81296K(349568K)
[2020-04-26T17:47:22.666+0000][1][gc,metaspace ] GC(65) Metaspace: 99380K->99380K(1140736K)
[2020-04-26T17:47:22.666+0000][1][gc           ] GC(65) Pause Young (Allocation Failure) 216M->86M(494M) 7.235ms
[2020-04-26T17:47:22.666+0000][1][gc,cpu       ] GC(65) User=0.01s Sys=0.03s Real=0.01s
[2020-04-26T17:47:22.666+0000][1][safepoint    ] Safepoint "GenCollectForAllocation", Time since last: 2112200 ns, Reaching safepoint: 378500 ns, At safepoint: 7337000 ns, Total: 7715500 ns
[2020-04-26T17:47:23.667+0000][1][safepoint    ] Safepoint "Cleanup", Time since last: 1000558400 ns, Reaching safepoint: 140600 ns, At safepoint: 34300 ns, Total: 174900 ns
[2020-04-26T17:47:24.668+0000][1][safepoint    ] Safepoint "Cleanup", Time since last: 1000637700 ns, Reaching safepoint: 457600 ns, At safepoint: 133300 ns, Total: 590900 ns
[2020-04-26T17:47:25.668+0000][1][safepoint    ] Safepoint "Cleanup", Time since last: 1000250300 ns, Reaching safepoint: 182100 ns, At safepoint: 44600 ns, Total: 226700 ns
[2020-04-26T17:47:26.669+0000][1][safepoint    ] Safepoint "Cleanup", Time since last: 1000274400 ns, Reaching safepoint: 563500 ns, At safepoint: 136200 ns, Total: 699700 ns
[2020-04-26T17:47:27.671+0000][1][safepoint    ] Safepoint "Cleanup", Time since last: 1000590000 ns, Reaching safepoint: 435800 ns, At safepoint: 130300 ns, Total: 566100 ns
[2020-04-26T17:47:28.671+0000][1][safepoint    ] Safepoint "Cleanup", Time since last: 1000619800 ns, Reaching safepoint: 168600 ns, At safepoint: 43100 ns, Total: 211700 ns
[2020-04-26T17:47:29.672+0000][1][safepoint    ] Safepoint "Cleanup", Time since last: 1000435300 ns, Reaching safepoint: 185100 ns, At safepoint: 44200 ns, Total: 229300 ns
[2020-04-26T17:47:30.673+0000][1][safepoint    ] Safepoint "Cleanup", Time since last: 1000442100 ns, Reaching safepoint: 377000 ns, At safepoint: 113300 ns, Total: 490300 ns
[2020-04-26T17:47:31.674+0000][1][safepoint    ] Safepoint "Cleanup", Time since last: 1000513600 ns, Reaching safepoint: 205800 ns, At safepoint: 45900 ns, Total: 251700 ns
[2020-04-26T17:47:32.675+0000][1][safepoint    ] Safepoint "Cleanup", Time since last: 1000275000 ns, Reaching safepoint: 431300 ns, At safepoint: 128500 ns, Total: 559800 ns
[2020-04-26T17:47:33.675+0000][1][safepoint    ] Safepoint "Cleanup", Time since last: 1000265600 ns, Reaching safepoint: 281900 ns, At safepoint: 51500 ns, Total: 333400 ns
[2020-04-26T17:47:34.676+0000][1][safepoint    ] Safepoint "Cleanup", Time since last: 1000327300 ns, Reaching safepoint: 326400 ns, At safepoint: 107100 ns, Total: 433500 ns
[2020-04-26T17:47:35.677+0000][1][safepoint    ] Safepoint "Cleanup", Time since last: 1000508200 ns, Reaching safepoint: 148300 ns, At safepoint: 37100 ns, Total: 185400 ns
[2020-04-26T17:47:36.677+0000][1][safepoint    ] Safepoint "Cleanup", Time since last: 1000357600 ns, Reaching safepoint: 132200 ns, At safepoint: 29100 ns, Total: 161300 ns
[2020-04-26T17:47:37.678+0000][1][safepoint    ] Safepoint "Cleanup", Time since last: 1000302400 ns, Reaching safepoint: 467400 ns, At safepoint: 142900 ns, Total: 610300 ns
[2020-04-26T17:47:38.679+0000][1][safepoint    ] Safepoint "Cleanup", Time since last: 1000560400 ns, Reaching safepoint: 152400 ns, At safepoint: 38200 ns, Total: 190600 ns
[2020-04-26T17:47:39.680+0000][1][safepoint    ] Safepoint "Cleanup", Time since last: 1000530900 ns, Reaching safepoint: 706500 ns, At safepoint: 204800 ns, Total: 911300 ns
[2020-04-26T17:47:40.682+0000][1][safepoint    ] Safepoint "Cleanup", Time since last: 1000553200 ns, Reaching safepoint: 519700 ns, At safepoint: 201700 ns, Total: 721400 ns
[2020-04-26T17:47:41.683+0000][1][safepoint    ] Safepoint "Cleanup", Time since last: 1000729500 ns, Reaching safepoint: 673900 ns, At safepoint: 224900 ns, Total: 898800 ns
[2020-04-26T17:47:42.685+0000][1][safepoint    ] Safepoint "Cleanup", Time since last: 1000666400 ns, Reaching safepoint: 633500 ns, At safepoint: 199900 ns, Total: 833400 ns
[2020-04-26T17:47:43.685+0000][1][safepoint    ] Safepoint "Cleanup", Time since last: 1000466800 ns, Reaching safepoint: 138300 ns, At safepoint: 47000 ns, Total: 185300 ns
[2020-04-26T17:47:44.686+0000][1][safepoint    ] Safepoint "Cleanup", Time since last: 1000346100 ns, Reaching safepoint: 440900 ns, At safepoint: 202600 ns, Total: 643500 ns
[2020-04-26T17:47:45.687+0000][1][safepoint    ] Safepoint "Cleanup", Time since last: 1000356500 ns, Reaching safepoint: 224000 ns, At safepoint: 65300 ns, Total: 289300 ns
[2020-04-26T17:47:46.688+0000][1][safepoint    ] Safepoint "Cleanup", Time since last: 1000622600 ns, Reaching safepoint: 161700 ns, At safepoint: 49400 ns, Total: 211100 ns
[2020-04-26T17:47:47.689+0000][1][safepoint    ] Safepoint "Cleanup", Time since last: 1000565600 ns, Reaching safepoint: 342900 ns, At safepoint: 84000 ns, Total: 426900 ns
[2020-04-26T17:47:48.689+0000][1][safepoint    ] Safepoint "Cleanup", Time since last: 1000179700 ns, Reaching safepoint: 135900 ns, At safepoint: 41700 ns, Total: 177600 ns
[2020-04-26T17:47:49.690+0000][1][safepoint    ] Safepoint "Cleanup", Time since last: 1000153900 ns, Reaching safepoint: 138700 ns, At safepoint: 41600 ns, Total: 180300 ns
[2020-04-26T17:47:50.691+0000][1][safepoint    ] Safepoint "Cleanup", Time since last: 1000531100 ns, Reaching safepoint: 358200 ns, At safepoint: 86900 ns, Total: 445100 ns
[2020-04-26T17:47:51.692+0000][1][safepoint    ] Safepoint "Cleanup", Time since last: 1000589200 ns, Reaching safepoint: 701800 ns, At safepoint: 201400 ns, Total: 903200 ns
[2020-04-26T17:47:52.465+0000][1][safepoint    ] Safepoint "RevokeBias", Time since last: 771941900 ns, Reaching safepoint: 536400 ns, At safepoint: 244700 ns, Total: 781100 ns
[2020-04-26T17:47:53.466+0000][1][safepoint    ] Safepoint "Cleanup", Time since last: 1000663600 ns, Reaching safepoint: 449900 ns, At safepoint: 120500 ns, Total: 570400 ns
[2020-04-26T17:47:54.467+0000][1][safepoint    ] Safepoint "Cleanup", Time since last: 1000279100 ns, Reaching safepoint: 207300 ns, At safepoint: 56200 ns, Total: 263500 ns
[2020-04-26T17:47:55.467+0000][1][safepoint    ] Safepoint "Cleanup", Time since last: 1000218600 ns, Reaching safepoint: 168600 ns, At safepoint: 43800 ns, Total: 212400 ns
[2020-04-26T17:47:56.468+0000][1][safepoint    ] Safepoint "Cleanup", Time since last: 1000312300 ns, Reaching safepoint: 327200 ns, At safepoint: 86300 ns, Total: 413500 ns
[2020-04-26T17:47:57.468+0000][1][safepoint    ] Safepoint "Cleanup", Time since last: 1000507100 ns, Reaching safepoint: 216100 ns, At safepoint: 58000 ns, Total: 274100 ns
[2020-04-26T17:47:58.469+0000][1][safepoint    ] Safepoint "Cleanup", Time since last: 1000352600 ns, Reaching safepoint: 125600 ns, At safepoint: 25800 ns, Total: 151400 ns
[2020-04-26T17:47:59.469+0000][1][safepoint    ] Safepoint "Cleanup", Time since last: 1000145600 ns, Reaching safepoint: 131000 ns, At safepoint: 28300 ns, Total: 159300 ns
[2020-04-26T17:48:00.470+0000][1][safepoint    ] Safepoint "Cleanup", Time since last: 1000298100 ns, Reaching safepoint: 189000 ns, At safepoint: 51400 ns, Total: 240400 ns
[2020-04-26T17:48:01.471+0000][1][safepoint    ] Safepoint "Cleanup", Time since last: 1000572800 ns, Reaching safepoint: 437700 ns, At safepoint: 130900 ns, Total: 568600 ns
[2020-04-26T17:48:02.472+0000][1][safepoint    ] Safepoint "Cleanup", Time since last: 1000541300 ns, Reaching safepoint: 245500 ns, At safepoint: 67800 ns, Total: 313300 ns
[2020-04-26T17:48:03.169+0000][1][safepoint    ] Safepoint "RevokeBias", Time since last: 696770600 ns, Reaching safepoint: 153800 ns, At safepoint: 70300 ns, Total: 224100 ns
[2020-04-26T17:48:03.169+0000][1][safepoint    ] Safepoint "RevokeBias", Time since last: 264200 ns, Reaching safepoint: 169600 ns, At safepoint: 87900 ns, Total: 257500 ns
[2020-04-26T17:48:03.175+0000][1][safepoint    ] Safepoint "RevokeBias", Time since last: 5500100 ns, Reaching safepoint: 160000 ns, At safepoint: 75700 ns, Total: 235700 ns
[2020-04-26T17:48:03.175+0000][1][safepoint    ] Safepoint "RevokeBias", Time since last: 145600 ns, Reaching safepoint: 90100 ns, At safepoint: 64900 ns, Total: 155000 ns
[2020-04-26T17:48:03.176+0000][1][safepoint    ] Safepoint "RevokeBias", Time since last: 138800 ns, Reaching safepoint: 183700 ns, At safepoint: 60000 ns, Total: 243700 ns
[2020-04-26T17:48:04.176+0000][1][safepoint    ] Safepoint "Cleanup", Time since last: 1000417000 ns, Reaching safepoint: 191000 ns, At safepoint: 73900 ns, Total: 264900 ns
[2020-04-26T17:48:05.177+0000][1][safepoint    ] Safepoint "Cleanup", Time since last: 1000195300 ns, Reaching safepoint: 145100 ns, At safepoint: 27600 ns, Total: 172700 ns
[2020-04-26T17:48:06.178+0000][1][safepoint    ] Safepoint "Cleanup", Time since last: 1000257900 ns, Reaching safepoint: 442400 ns, At safepoint: 134300 ns, Total: 576700 ns
[2020-04-26T17:48:07.179+0000][1][safepoint    ] Safepoint "Cleanup", Time since last: 1000453300 ns, Reaching safepoint: 512100 ns, At safepoint: 138700 ns, Total: 650800 ns
[2020-04-26T17:48:08.179+0000][1][safepoint    ] Safepoint "Cleanup", Time since last: 1000184100 ns, Reaching safepoint: 149700 ns, At safepoint: 32600 ns, Total: 182300 ns
[2020-04-26T17:48:09.180+0000][1][safepoint    ] Safepoint "Cleanup", Time since last: 1000451600 ns, Reaching safepoint: 133500 ns, At safepoint: 31500 ns, Total: 165000 ns
[2020-04-26T17:48:10.180+0000][1][safepoint    ] Safepoint "Cleanup", Time since last: 1000173500 ns, Reaching safepoint: 159900 ns, At safepoint: 35200 ns, Total: 195100 ns
[2020-04-26T17:48:11.180+0000][1][safepoint    ] Safepoint "Cleanup", Time since last: 1000176300 ns, Reaching safepoint: 130200 ns, At safepoint: 35600 ns, Total: 165800 ns
[2020-04-26T17:48:12.181+0000][1][safepoint    ] Safepoint "Cleanup", Time since last: 1000220200 ns, Reaching safepoint: 151600 ns, At safepoint: 37400 ns, Total: 189000 ns
[2020-04-26T17:48:13.182+0000][1][safepoint    ] Safepoint "Cleanup", Time since last: 1000301300 ns, Reaching safepoint: 436400 ns, At safepoint: 192600 ns, Total: 629000 ns
[2020-04-26T17:48:14.182+0000][1][safepoint    ] Safepoint "Cleanup", Time since last: 1000340300 ns, Reaching safepoint: 264900 ns, At safepoint: 69600 ns, Total: 334500 ns
[2020-04-26T17:48:15.184+0000][1][safepoint    ] Safepoint "Cleanup", Time since last: 1000751900 ns, Reaching safepoint: 356100 ns, At safepoint: 108800 ns, Total: 464900 ns
[2020-04-26T17:48:16.185+0000][1][safepoint    ] Safepoint "Cleanup", Time since last: 1000363400 ns, Reaching safepoint: 514400 ns, At safepoint: 129400 ns, Total: 643800 ns
[2020-04-26T17:48:17.185+0000][1][safepoint    ] Safepoint "Cleanup", Time since last: 1000673300 ns, Reaching safepoint: 135600 ns, At safepoint: 33500 ns, Total: 169100 ns
[2020-04-26T17:48:18.186+0000][1][safepoint    ] Safepoint "Cleanup", Time since last: 1000525000 ns, Reaching safepoint: 182100 ns, At safepoint: 47900 ns, Total: 230000 ns
[2020-04-26T17:48:19.187+0000][1][safepoint    ] Safepoint "Cleanup", Time since last: 1000251400 ns, Reaching safepoint: 373400 ns, At safepoint: 105100 ns, Total: 478500 ns
[2020-04-26T17:48:20.188+0000][1][safepoint    ] Safepoint "Cleanup", Time since last: 1000750500 ns, Reaching safepoint: 437400 ns, At safepoint: 131400 ns, Total: 568800 ns
[2020-04-26T17:48:21.189+0000][1][safepoint    ] Safepoint "Cleanup", Time since last: 1000197100 ns, Reaching safepoint: 132900 ns, At safepoint: 32600 ns, Total: 165500 ns
[2020-04-26T17:48:22.190+0000][1][safepoint    ] Safepoint "Cleanup", Time since last: 1000576600 ns, Reaching safepoint: 449100 ns, At safepoint: 142300 ns, Total: 591400 ns
[2020-04-26T17:48:23.191+0000][1][safepoint    ] Safepoint "Cleanup", Time since last: 1000507800 ns, Reaching safepoint: 475600 ns, At safepoint: 130600 ns, Total: 606200 ns
[2020-04-26T17:48:24.192+0000][1][safepoint    ] Safepoint "Cleanup", Time since last: 1000546800 ns, Reaching safepoint: 544300 ns, At safepoint: 148500 ns, Total: 692800 ns
[2020-04-26T17:48:25.193+0000][1][safepoint    ] Safepoint "Cleanup", Time since last: 1000279200 ns, Reaching safepoint: 198900 ns, At safepoint: 38700 ns, Total: 237600 ns
[2020-04-26T17:48:26.194+0000][1][safepoint    ] Safepoint "Cleanup", Time since last: 1000738800 ns, Reaching safepoint: 435800 ns, At safepoint: 138900 ns, Total: 574700 ns
[2020-04-26T17:48:27.195+0000][1][safepoint    ] Safepoint "Cleanup", Time since last: 1000622600 ns, Reaching safepoint: 269400 ns, At safepoint: 79600 ns, Total: 349000 ns
[2020-04-26T17:48:28.195+0000][1][safepoint    ] Safepoint "Cleanup", Time since last: 1000199300 ns, Reaching safepoint: 131100 ns, At safepoint: 27600 ns, Total: 158700 ns
[2020-04-26T17:48:29.196+0000][1][safepoint    ] Safepoint "Cleanup", Time since last: 1000319500 ns, Reaching safepoint: 131400 ns, At safepoint: 27400 ns, Total: 158800 ns
[2020-04-26T17:48:30.197+0000][1][safepoint    ] Safepoint "Cleanup", Time since last: 1000288300 ns, Reaching safepoint: 595600 ns, At safepoint: 128200 ns, Total: 723800 ns
[2020-04-26T17:48:31.198+0000][1][safepoint    ] Safepoint "Cleanup", Time since last: 1000477200 ns, Reaching safepoint: 179500 ns, At safepoint: 39100 ns, Total: 218600 ns
[2020-04-26T17:48:32.199+0000][1][safepoint    ] Safepoint "Cleanup", Time since last: 1000626600 ns, Reaching safepoint: 306600 ns, At safepoint: 76600 ns, Total: 383200 ns
[2020-04-26T17:48:33.199+0000][1][safepoint    ] Safepoint "Cleanup", Time since last: 1000643400 ns, Reaching safepoint: 143300 ns, At safepoint: 34800 ns, Total: 178100 ns
[2020-04-26T17:48:34.200+0000][1][safepoint    ] Safepoint "Cleanup", Time since last: 1000315400 ns, Reaching safepoint: 511800 ns, At safepoint: 127700 ns, Total: 639500 ns
[2020-04-26T17:48:35.201+0000][1][safepoint    ] Safepoint "Cleanup", Time since last: 1000346400 ns, Reaching safepoint: 291900 ns, At safepoint: 67900 ns, Total: 359800 ns
[2020-04-26T17:48:36.202+0000][1][safepoint    ] Safepoint "Cleanup", Time since last: 1000425000 ns, Reaching safepoint: 432600 ns, At safepoint: 149000 ns, Total: 581600 ns
[2020-04-26T17:48:37.203+0000][1][safepoint    ] Safepoint "Cleanup", Time since last: 1000396800 ns, Reaching safepoint: 780300 ns, At safepoint: 221900 ns, Total: 1002200 ns
[2020-04-26T17:48:38.204+0000][1][safepoint    ] Safepoint "Cleanup", Time since last: 1000489800 ns, Reaching safepoint: 250500 ns, At safepoint: 75700 ns, Total: 326200 ns
[2020-04-26T17:48:39.205+0000][1][safepoint    ] Safepoint "Cleanup", Time since last: 1000306200 ns, Reaching safepoint: 343400 ns, At safepoint: 133800 ns, Total: 477200 ns
[2020-04-26T17:48:40.206+0000][1][safepoint    ] Safepoint "Cleanup", Time since last: 1000298500 ns, Reaching safepoint: 573800 ns, At safepoint: 126900 ns, Total: 700700 ns
[2020-04-26T17:48:41.207+0000][1][safepoint    ] Safepoint "Cleanup", Time since last: 1000506500 ns, Reaching safepoint: 647600 ns, At safepoint: 130500 ns, Total: 778100 ns
[2020-04-26T17:48:42.208+0000][1][safepoint    ] Safepoint "Cleanup", Time since last: 1000534100 ns, Reaching safepoint: 169300 ns, At safepoint: 45400 ns, Total: 214700 ns
[2020-04-26T17:48:43.209+0000][1][safepoint    ] Safepoint "Cleanup", Time since last: 1000304300 ns, Reaching safepoint: 130100 ns, At safepoint: 26500 ns, Total: 156600 ns
[2020-04-26T17:48:44.209+0000][1][safepoint    ] Safepoint "Cleanup", Time since last: 1000295000 ns, Reaching safepoint: 131200 ns, At safepoint: 29400 ns, Total: 160600 ns
[2020-04-26T17:48:45.210+0000][1][safepoint    ] Safepoint "Cleanup", Time since last: 1000260700 ns, Reaching safepoint: 493500 ns, At safepoint: 123300 ns, Total: 616800 ns
[2020-04-26T17:48:46.210+0000][1][safepoint    ] Safepoint "Cleanup", Time since last: 1000308900 ns, Reaching safepoint: 190800 ns, At safepoint: 63400 ns, Total: 254200 ns
[2020-04-26T17:48:47.211+0000][1][safepoint    ] Safepoint "Cleanup", Time since last: 1000585900 ns, Reaching safepoint: 304500 ns, At safepoint: 88900 ns, Total: 393400 ns
[2020-04-26T17:48:48.213+0000][1][safepoint    ] Safepoint "Cleanup", Time since last: 1000592600 ns, Reaching safepoint: 438900 ns, At safepoint: 210800 ns, Total: 649700 ns
[2020-04-26T17:48:49.214+0000][1][safepoint    ] Safepoint "Cleanup", Time since last: 1000371400 ns, Reaching safepoint: 435700 ns, At safepoint: 178300 ns, Total: 614000 ns
[2020-04-26T17:48:50.214+0000][1][safepoint    ] Safepoint "Cleanup", Time since last: 1000247800 ns, Reaching safepoint: 134100 ns, At safepoint: 27600 ns, Total: 161700 ns
[2020-04-26T17:48:51.215+0000][1][safepoint    ] Safepoint "Cleanup", Time since last: 1000575400 ns, Reaching safepoint: 437400 ns, At safepoint: 131900 ns, Total: 569300 ns
[2020-04-26T17:48:52.216+0000][1][safepoint    ] Safepoint "Cleanup", Time since last: 1000657400 ns, Reaching safepoint: 150600 ns, At safepoint: 37100 ns, Total: 187700 ns
[2020-04-26T17:48:53.473+0000][1][safepoint    ] Safepoint "Cleanup", Time since last: 1256593400 ns, Reaching safepoint: 474100 ns, At safepoint: 134100 ns, Total: 608200 ns
[2020-04-26T17:48:54.474+0000][1][safepoint    ] Safepoint "Cleanup", Time since last: 1000510800 ns, Reaching safepoint: 143300 ns, At safepoint: 34200 ns, Total: 177500 ns
[2020-04-26T17:48:55.474+0000][1][safepoint    ] Safepoint "Cleanup", Time since last: 1000302400 ns, Reaching safepoint: 127700 ns, At safepoint: 27200 ns, Total: 154900 ns
[2020-04-26T17:48:56.475+0000][1][safepoint    ] Safepoint "Cleanup", Time since last: 1000180700 ns, Reaching safepoint: 176600 ns, At safepoint: 44300 ns, Total: 220900 ns
[2020-04-26T17:48:57.476+0000][1][safepoint    ] Safepoint "Cleanup", Time since last: 1000349100 ns, Reaching safepoint: 461400 ns, At safepoint: 138000 ns, Total: 599400 ns
[2020-04-26T17:48:58.476+0000][1][safepoint    ] Safepoint "Cleanup", Time since last: 1000559700 ns, Reaching safepoint: 164300 ns, At safepoint: 33700 ns, Total: 198000 ns
[2020-04-26T17:48:59.477+0000][1][safepoint    ] Safepoint "Cleanup", Time since last: 1000153600 ns, Reaching safepoint: 140600 ns, At safepoint: 29900 ns, Total: 170500 ns
[2020-04-26T17:49:00.477+0000][1][safepoint    ] Safepoint "Cleanup", Time since last: 1000247400 ns, Reaching safepoint: 165600 ns, At safepoint: 41600 ns, Total: 207200 ns
[2020-04-26T17:49:01.478+0000][1][safepoint    ] Safepoint "Cleanup", Time since last: 1000517900 ns, Reaching safepoint: 517900 ns, At safepoint: 131000 ns, Total: 648900 ns
[2020-04-26T17:49:02.480+0000][1][safepoint    ] Safepoint "Cleanup", Time since last: 1000675200 ns, Reaching safepoint: 521500 ns, At safepoint: 131000 ns, Total: 652500 ns
[2020-04-26T17:49:03.481+0000][1][safepoint    ] Safepoint "Cleanup", Time since last: 1000834400 ns, Reaching safepoint: 458200 ns, At safepoint: 142400 ns, Total: 600600 ns
[2020-04-26T17:49:04.482+0000][1][safepoint    ] Safepoint "Cleanup", Time since last: 1000398300 ns, Reaching safepoint: 136900 ns, At safepoint: 31700 ns, Total: 168600 ns
[2020-04-26T17:49:05.143+0000][1][safepoint    ] Safepoint "RevokeBias", Time since last: 660693900 ns, Reaching safepoint: 226100 ns, At safepoint: 73900 ns, Total: 300000 ns
[2020-04-26T17:49:05.143+0000][1][safepoint    ] Safepoint "RevokeBias", Time since last: 253500 ns, Reaching safepoint: 206900 ns, At safepoint: 113100 ns, Total: 320000 ns
[2020-04-26T17:49:05.147+0000][1][safepoint    ] Safepoint "RevokeBias", Time since last: 3751300 ns, Reaching safepoint: 142800 ns, At safepoint: 61100 ns, Total: 203900 ns
[2020-04-26T17:49:05.148+0000][1][safepoint    ] Safepoint "RevokeBias", Time since last: 62400 ns, Reaching safepoint: 216000 ns, At safepoint: 60600 ns, Total: 276600 ns
[2020-04-26T17:49:05.148+0000][1][safepoint    ] Safepoint "RevokeBias", Time since last: 291300 ns, Reaching safepoint: 178700 ns, At safepoint: 57500 ns, Total: 236200 ns
[2020-04-26T17:49:06.149+0000][1][safepoint    ] Safepoint "Cleanup", Time since last: 1001079400 ns, Reaching safepoint: 173100 ns, At safepoint: 44000 ns, Total: 217100 ns
[2020-04-26T17:49:07.151+0000][1][safepoint    ] Safepoint "Cleanup", Time since last: 1000669900 ns, Reaching safepoint: 469700 ns, At safepoint: 220300 ns, Total: 690000 ns
[2020-04-26T17:49:08.151+0000][1][safepoint    ] Safepoint "Cleanup", Time since last: 1000333000 ns, Reaching safepoint: 229300 ns, At safepoint: 64600 ns, Total: 293900 ns
[2020-04-26T17:49:09.152+0000][1][safepoint    ] Safepoint "Cleanup", Time since last: 1000297800 ns, Reaching safepoint: 146000 ns, At safepoint: 39100 ns, Total: 185100 ns
[2020-04-26T17:49:10.153+0000][1][safepoint    ] Safepoint "Cleanup", Time since last: 1000479900 ns, Reaching safepoint: 488500 ns, At safepoint: 131400 ns, Total: 619900 ns
[2020-04-26T17:49:11.154+0000][1][safepoint    ] Safepoint "Cleanup", Time since last: 1000599200 ns, Reaching safepoint: 439600 ns, At safepoint: 131500 ns, Total: 571100 ns
[2020-04-26T17:49:12.155+0000][1][safepoint    ] Safepoint "Cleanup", Time since last: 1000566900 ns, Reaching safepoint: 440600 ns, At safepoint: 134400 ns, Total: 575000 ns
[2020-04-26T17:49:13.156+0000][1][safepoint    ] Safepoint "Cleanup", Time since last: 1000582700 ns, Reaching safepoint: 188600 ns, At safepoint: 47800 ns, Total: 236400 ns
[2020-04-26T17:49:14.156+0000][1][safepoint    ] Safepoint "Cleanup", Time since last: 1000129100 ns, Reaching safepoint: 172700 ns, At safepoint: 30500 ns, Total: 203200 ns
[2020-04-26T17:49:15.157+0000][1][safepoint    ] Safepoint "Cleanup", Time since last: 1000477900 ns, Reaching safepoint: 148800 ns, At safepoint: 38000 ns, Total: 186800 ns
[2020-04-26T17:49:16.158+0000][1][safepoint    ] Safepoint "Cleanup", Time since last: 1000569300 ns, Reaching safepoint: 328900 ns, At safepoint: 96400 ns, Total: 425300 ns
[2020-04-26T17:49:17.159+0000][1][safepoint    ] Safepoint "Cleanup", Time since last: 1000484900 ns, Reaching safepoint: 174800 ns, At safepoint: 38300 ns, Total: 213100 ns
[2020-04-26T17:49:18.159+0000][1][safepoint    ] Safepoint "Cleanup", Time since last: 1000344900 ns, Reaching safepoint: 132800 ns, At safepoint: 30700 ns, Total: 163500 ns
[2020-04-26T17:49:19.160+0000][1][safepoint    ] Safepoint "Cleanup", Time since last: 1000328700 ns, Reaching safepoint: 317200 ns, At safepoint: 92600 ns, Total: 409800 ns
[2020-04-26T17:49:20.161+0000][1][safepoint    ] Safepoint "Cleanup", Time since last: 1000630400 ns, Reaching safepoint: 279100 ns, At safepoint: 74700 ns, Total: 353800 ns
[2020-04-26T17:49:21.162+0000][1][safepoint    ] Safepoint "Cleanup", Time since last: 1000834900 ns, Reaching safepoint: 436900 ns, At safepoint: 138100 ns, Total: 575000 ns
[2020-04-26T17:49:22.163+0000][1][safepoint    ] Safepoint "Cleanup", Time since last: 1000815400 ns, Reaching safepoint: 157300 ns, At safepoint: 41600 ns, Total: 198900 ns
[2020-04-26T17:49:23.165+0000][1][safepoint    ] Safepoint "Cleanup", Time since last: 1000363300 ns, Reaching safepoint: 527500 ns, At safepoint: 138700 ns, Total: 666200 ns
[2020-04-26T17:49:24.165+0000][1][safepoint    ] Safepoint "Cleanup", Time since last: 1000192300 ns, Reaching safepoint: 153700 ns, At safepoint: 31200 ns, Total: 184900 ns
[2020-04-26T17:49:25.165+0000][1][safepoint    ] Safepoint "Cleanup", Time since last: 1000261900 ns, Reaching safepoint: 155500 ns, At safepoint: 43100 ns, Total: 198600 ns
[2020-04-26T17:49:26.166+0000][1][safepoint    ] Safepoint "Cleanup", Time since last: 1000203800 ns, Reaching safepoint: 257500 ns, At safepoint: 68100 ns, Total: 325600 ns
[2020-04-26T17:49:27.166+0000][1][safepoint    ] Safepoint "Cleanup", Time since last: 1000191100 ns, Reaching safepoint: 136200 ns, At safepoint: 30000 ns, Total: 166200 ns
[2020-04-26T17:49:28.167+0000][1][safepoint    ] Safepoint "Cleanup", Time since last: 1000174500 ns, Reaching safepoint: 134500 ns, At safepoint: 28800 ns, Total: 163300 ns
[2020-04-26T17:49:29.168+0000][1][safepoint    ] Safepoint "Cleanup", Time since last: 1000470500 ns, Reaching safepoint: 401000 ns, At safepoint: 126900 ns, Total: 527900 ns
[2020-04-26T17:49:30.168+0000][1][safepoint    ] Safepoint "Cleanup", Time since last: 1000285400 ns, Reaching safepoint: 282500 ns, At safepoint: 54300 ns, Total: 336800 ns
[2020-04-26T17:49:31.170+0000][1][safepoint    ] Safepoint "Cleanup", Time since last: 1000774900 ns, Reaching safepoint: 436200 ns, At safepoint: 136800 ns, Total: 573000 ns
[2020-04-26T17:49:32.170+0000][1][safepoint    ] Safepoint "Cleanup", Time since last: 1000211500 ns, Reaching safepoint: 138900 ns, At safepoint: 35700 ns, Total: 174600 ns
[2020-04-26T17:49:33.170+0000][1][safepoint    ] Safepoint "Cleanup", Time since last: 1000205300 ns, Reaching safepoint: 299400 ns, At safepoint: 41700 ns, Total: 341100 ns
[2020-04-26T17:49:34.171+0000][1][safepoint    ] Safepoint "Cleanup", Time since last: 1000243800 ns, Reaching safepoint: 136600 ns, At safepoint: 31000 ns, Total: 167600 ns
[2020-04-26T17:49:35.171+0000][1][safepoint    ] Safepoint "Cleanup", Time since last: 1000286000 ns, Reaching safepoint: 162200 ns, At safepoint: 30200 ns, Total: 192400 ns
[2020-04-26T17:49:36.172+0000][1][safepoint    ] Safepoint "Cleanup", Time since last: 1000515800 ns, Reaching safepoint: 438100 ns, At safepoint: 131900 ns, Total: 570000 ns
[2020-04-26T17:49:37.173+0000][1][safepoint    ] Safepoint "Cleanup", Time since last: 1000609200 ns, Reaching safepoint: 328400 ns, At safepoint: 96800 ns, Total: 425200 ns
[2020-04-26T17:49:38.175+0000][1][safepoint    ] Safepoint "Cleanup", Time since last: 1000624900 ns, Reaching safepoint: 437100 ns, At safepoint: 131600 ns, Total: 568700 ns
[2020-04-26T17:49:39.175+0000][1][safepoint    ] Safepoint "Cleanup", Time since last: 1000315800 ns, Reaching safepoint: 151100 ns, At safepoint: 38400 ns, Total: 189500 ns
[2020-04-26T17:49:40.176+0000][1][safepoint    ] Safepoint "Cleanup", Time since last: 1000454400 ns, Reaching safepoint: 146600 ns, At safepoint: 35200 ns, Total: 181800 ns
[2020-04-26T17:49:41.296+0000][1][safepoint    ] Safepoint "Cleanup", Time since last: 1119880200 ns, Reaching safepoint: 334300 ns, At safepoint: 106800 ns, Total: 441100 ns
[2020-04-26T17:49:42.297+0000][1][safepoint    ] Safepoint "Cleanup", Time since last: 1000439600 ns, Reaching safepoint: 154800 ns, At safepoint: 36800 ns, Total: 191600 ns
[2020-04-26T17:49:43.298+0000][1][safepoint    ] Safepoint "Cleanup", Time since last: 1000324900 ns, Reaching safepoint: 446300 ns, At safepoint: 145400 ns, Total: 591700 ns
[2020-04-26T17:49:44.299+0000][1][safepoint    ] Safepoint "Cleanup", Time since last: 1000443800 ns, Reaching safepoint: 453300 ns, At safepoint: 136800 ns, Total: 590100 ns
[2020-04-26T17:49:45.300+0000][1][safepoint    ] Safepoint "Cleanup", Time since last: 1000447400 ns, Reaching safepoint: 455500 ns, At safepoint: 143000 ns, Total: 598500 ns
[2020-04-26T17:49:46.301+0000][1][safepoint    ] Safepoint "Cleanup", Time since last: 1000386200 ns, Reaching safepoint: 530500 ns, At safepoint: 133500 ns, Total: 664000 ns
[2020-04-26T17:49:47.301+0000][1][safepoint    ] Safepoint "Cleanup", Time since last: 1000236600 ns, Reaching safepoint: 134800 ns, At safepoint: 32400 ns, Total: 167200 ns
[2020-04-26T17:49:48.302+0000][1][safepoint    ] Safepoint "Cleanup", Time since last: 1000248700 ns, Reaching safepoint: 236700 ns, At safepoint: 63300 ns, Total: 300000 ns
[2020-04-26T17:49:49.303+0000][1][safepoint    ] Safepoint "Cleanup", Time since last: 1000375300 ns, Reaching safepoint: 512900 ns, At safepoint: 137700 ns, Total: 650600 ns
[2020-04-26T17:49:50.304+0000][1][safepoint    ] Safepoint "Cleanup", Time since last: 1000589300 ns, Reaching safepoint: 459700 ns, At safepoint: 197800 ns, Total: 657500 ns
[2020-04-26T17:49:51.305+0000][1][safepoint    ] Safepoint "Cleanup", Time since last: 1000357800 ns, Reaching safepoint: 406500 ns, At safepoint: 117800 ns, Total: 524300 ns
[2020-04-26T17:49:52.305+0000][1][safepoint    ] Safepoint "Cleanup", Time since last: 1000239200 ns, Reaching safepoint: 148400 ns, At safepoint: 34700 ns, Total: 183100 ns
[2020-04-26T17:49:53.306+0000][1][safepoint    ] Safepoint "Cleanup", Time since last: 1000185000 ns, Reaching safepoint: 374300 ns, At safepoint: 51600 ns, Total: 425900 ns
[2020-04-26T17:49:54.307+0000][1][safepoint    ] Safepoint "Cleanup", Time since last: 1000341300 ns, Reaching safepoint: 564600 ns, At safepoint: 121000 ns, Total: 685600 ns
[2020-04-26T17:49:55.309+0000][1][safepoint    ] Safepoint "Cleanup", Time since last: 1000710200 ns, Reaching safepoint: 695400 ns, At safepoint: 139900 ns, Total: 835300 ns
[2020-04-26T17:49:56.309+0000][1][safepoint    ] Safepoint "Cleanup", Time since last: 1000741700 ns, Reaching safepoint: 172700 ns, At safepoint: 44400 ns, Total: 217100 ns
[2020-04-26T17:49:57.311+0000][1][safepoint    ] Safepoint "Cleanup", Time since last: 1000571200 ns, Reaching safepoint: 438500 ns, At safepoint: 132000 ns, Total: 570500 ns
[2020-04-26T17:49:57.721+0000][1][safepoint    ] Safepoint "RevokeBias", Time since last: 410271600 ns, Reaching safepoint: 138300 ns, At safepoint: 54600 ns, Total: 192900 ns
[2020-04-26T17:49:57.722+0000][1][safepoint    ] Safepoint "RevokeBias", Time since last: 463100 ns, Reaching safepoint: 114600 ns, At safepoint: 36600 ns, Total: 151200 ns
[2020-04-26T17:49:57.745+0000][1][safepoint    ] Safepoint "RevokeBias", Time since last: 22617100 ns, Reaching safepoint: 177200 ns, At safepoint: 105700 ns, Total: 282900 ns
[2020-04-26T17:49:57.745+0000][1][safepoint    ] Safepoint "RevokeBias", Time since last: 630500 ns, Reaching safepoint: 153900 ns, At safepoint: 50900 ns, Total: 204800 ns
[2020-04-26T17:49:57.758+0000][1][safepoint    ] Safepoint "RevokeBias", Time since last: 12784700 ns, Reaching safepoint: 135300 ns, At safepoint: 41200 ns, Total: 176500 ns
[2020-04-26T17:49:57.759+0000][1][safepoint    ] Safepoint "RevokeBias", Time since last: 169100 ns, Reaching safepoint: 115800 ns, At safepoint: 35400 ns, Total: 151200 ns
[2020-04-26T17:49:57.759+0000][1][safepoint    ] Safepoint "RevokeBias", Time since last: 145100 ns, Reaching safepoint: 75700 ns, At safepoint: 33400 ns, Total: 109100 ns
[2020-04-26T17:49:57.759+0000][1][safepoint    ] Safepoint "RevokeBias", Time since last: 139800 ns, Reaching safepoint: 74900 ns, At safepoint: 32800 ns, Total: 107700 ns
[2020-04-26T17:49:57.759+0000][1][safepoint    ] Safepoint "RevokeBias", Time since last: 155500 ns, Reaching safepoint: 72800 ns, At safepoint: 32900 ns, Total: 105700 ns
[2020-04-26T17:49:57.760+0000][1][safepoint    ] Safepoint "RevokeBias", Time since last: 194200 ns, Reaching safepoint: 75100 ns, At safepoint: 32900 ns, Total: 108000 ns
[2020-04-26T17:49:57.771+0000][1][safepoint    ] Safepoint "RevokeBias", Time since last: 10590500 ns, Reaching safepoint: 142800 ns, At safepoint: 42100 ns, Total: 184900 ns
[2020-04-26T17:49:57.771+0000][1][safepoint    ] Safepoint "RevokeBias", Time since last: 242700 ns, Reaching safepoint: 86500 ns, At safepoint: 35800 ns, Total: 122300 ns
[2020-04-26T17:49:57.772+0000][1][safepoint    ] Safepoint "RevokeBias", Time since last: 496000 ns, Reaching safepoint: 87100 ns, At safepoint: 36700 ns, Total: 123800 ns
[2020-04-26T17:49:57.772+0000][1][safepoint    ] Safepoint "RevokeBias", Time since last: 176400 ns, Reaching safepoint: 75000 ns, At safepoint: 33400 ns, Total: 108400 ns
[2020-04-26T17:49:57.772+0000][1][safepoint    ] Safepoint "RevokeBias", Time since last: 136100 ns, Reaching safepoint: 73500 ns, At safepoint: 33100 ns, Total: 106600 ns
[2020-04-26T17:49:57.774+0000][1][safepoint    ] Safepoint "RevokeBias", Time since last: 2042700 ns, Reaching safepoint: 76900 ns, At safepoint: 33500 ns, Total: 110400 ns
[2020-04-26T17:49:57.774+0000][1][safepoint    ] Safepoint "RevokeBias", Time since last: 144600 ns, Reaching safepoint: 73300 ns, At safepoint: 33000 ns, Total: 106300 ns
[2020-04-26T17:49:57.777+0000][1][safepoint    ] Safepoint "RevokeBias", Time since last: 1961200 ns, Reaching safepoint: 78800 ns, At safepoint: 34300 ns, Total: 113100 ns
[2020-04-26T17:49:57.777+0000][1][safepoint    ] Safepoint "RevokeBias", Time since last: 157500 ns, Reaching safepoint: 73900 ns, At safepoint: 33100 ns, Total: 107000 ns
[2020-04-26T17:49:57.783+0000][1][safepoint    ] Safepoint "RevokeBias", Time since last: 5431100 ns, Reaching safepoint: 217700 ns, At safepoint: 135400 ns, Total: 353100 ns
[2020-04-26T17:49:57.811+0000][1][safepoint    ] Safepoint "RevokeBias", Time since last: 28193400 ns, Reaching safepoint: 148300 ns, At safepoint: 55400 ns, Total: 203700 ns
[2020-04-26T17:49:57.811+0000][1][safepoint    ] Safepoint "RevokeBias", Time since last: 136000 ns, Reaching safepoint: 150600 ns, At safepoint: 62200 ns, Total: 212800 ns
[2020-04-26T17:49:57.812+0000][1][safepoint    ] Safepoint "RevokeBias", Time since last: 144900 ns, Reaching safepoint: 121300 ns, At safepoint: 53200 ns, Total: 174500 ns
[2020-04-26T17:49:57.812+0000][1][safepoint    ] Safepoint "RevokeBias", Time since last: 314900 ns, Reaching safepoint: 110500 ns, At safepoint: 50700 ns, Total: 161200 ns
[2020-04-26T17:49:57.813+0000][1][safepoint    ] Safepoint "RevokeBias", Time since last: 172600 ns, Reaching safepoint: 151300 ns, At safepoint: 87100 ns, Total: 238400 ns
[2020-04-26T17:49:57.813+0000][1][safepoint    ] Safepoint "RevokeBias", Time since last: 241000 ns, Reaching safepoint: 168100 ns, At safepoint: 61300 ns, Total: 229400 ns
[2020-04-26T17:49:57.814+0000][1][safepoint    ] Safepoint "RevokeBias", Time since last: 319700 ns, Reaching safepoint: 136600 ns, At safepoint: 67300 ns, Total: 203900 ns
[2020-04-26T17:49:57.815+0000][1][safepoint    ] Safepoint "RevokeBias", Time since last: 1586300 ns, Reaching safepoint: 212400 ns, At safepoint: 53300 ns, Total: 265700 ns
[2020-04-26T17:49:57.850+0000][1][safepoint    ] Safepoint "RevokeBias", Time since last: 34655000 ns, Reaching safepoint: 258800 ns, At safepoint: 113500 ns, Total: 372300 ns
[2020-04-26T17:49:57.860+0000][1][gc,start     ] GC(66) Pause Young (Allocation Failure)
[2020-04-26T17:49:57.860+0000][1][gc,task      ] GC(66) Using 10 workers of 10 for evacuation
[2020-04-26T17:49:57.864+0000][1][gc,age       ] GC(66) Desired survivor size 8945664 bytes, new threshold 6 (max threshold 6)
[2020-04-26T17:49:57.864+0000][1][gc,age       ] GC(66) Age table with threshold 6 (max threshold 6)
[2020-04-26T17:49:57.864+0000][1][gc,age       ] GC(66) - age   1:     168072 bytes,     168072 total
[2020-04-26T17:49:57.864+0000][1][gc,age       ] GC(66) - age   2:    7036960 bytes,    7205032 total
[2020-04-26T17:49:57.864+0000][1][gc,age       ] GC(66) - age   3:      17064 bytes,    7222096 total
[2020-04-26T17:49:57.864+0000][1][gc,age       ] GC(66) - age   4:      15608 bytes,    7237704 total
[2020-04-26T17:49:57.864+0000][1][gc,age       ] GC(66) - age   5:      91016 bytes,    7328720 total
[2020-04-26T17:49:57.864+0000][1][gc,age       ] GC(66) - age   6:      20728 bytes,    7349448 total
[2020-04-26T17:49:57.864+0000][1][gc,heap      ] GC(66) ParNew: 147349K->7451K(157248K)
[2020-04-26T17:49:57.864+0000][1][gc,heap      ] GC(66) CMS: 81296K->81350K(349568K)
[2020-04-26T17:49:57.864+0000][1][gc,metaspace ] GC(66) Metaspace: 99467K->99467K(1140736K)
[2020-04-26T17:49:57.864+0000][1][gc           ] GC(66) Pause Young (Allocation Failure) 223M->86M(494M) 3.913ms
[2020-04-26T17:49:57.864+0000][1][gc,cpu       ] GC(66) User=0.01s Sys=0.00s Real=0.01s
[2020-04-26T17:49:57.864+0000][1][safepoint    ] Safepoint "GenCollectForAllocation", Time since last: 9300700 ns, Reaching safepoint: 217600 ns, At safepoint: 4111300 ns, Total: 4328900 ns
[2020-04-26T17:49:57.866+0000][1][safepoint    ] Safepoint "RevokeBias", Time since last: 1006400 ns, Reaching safepoint: 422900 ns, At safepoint: 169600 ns, Total: 592500 ns
[2020-04-26T17:49:57.866+0000][1][safepoint    ] Safepoint "RevokeBias", Time since last: 187300 ns, Reaching safepoint: 217100 ns, At safepoint: 116200 ns, Total: 333300 ns
[2020-04-26T17:49:57.881+0000][1][safepoint    ] Safepoint "RevokeBias", Time since last: 14118500 ns, Reaching safepoint: 351300 ns, At safepoint: 116500 ns, Total: 467800 ns
[2020-04-26T17:49:57.983+0000][1][safepoint    ] Safepoint "RevokeBias", Time since last: 102470000 ns, Reaching safepoint: 165000 ns, At safepoint: 42900 ns, Total: 207900 ns
[2020-04-26T17:49:58.174+0000][1][safepoint    ] Safepoint "RevokeBias", Time since last: 190718100 ns, Reaching safepoint: 137900 ns, At safepoint: 36100 ns, Total: 174000 ns
[2020-04-26T17:49:58.175+0000][1][safepoint    ] Safepoint "RevokeBias", Time since last: 455200 ns, Reaching safepoint: 93300 ns, At safepoint: 49600 ns, Total: 142900 ns
[2020-04-26T17:49:58.179+0000][1][safepoint    ] Safepoint "RevokeBias", Time since last: 3558500 ns, Reaching safepoint: 212700 ns, At safepoint: 89500 ns, Total: 302200 ns
[2020-04-26T17:49:58.207+0000][1][safepoint    ] Safepoint "RevokeBias", Time since last: 27805800 ns, Reaching safepoint: 130400 ns, At safepoint: 49100 ns, Total: 179500 ns
[2020-04-26T17:49:58.208+0000][1][safepoint    ] Safepoint "BulkRevokeBias", Time since last: 174100 ns, Reaching safepoint: 85200 ns, At safepoint: 516200 ns, Total: 601400 ns
[2020-04-26T17:49:58.208+0000][1][safepoint    ] Safepoint "RevokeBias", Time since last: 177700 ns, Reaching safepoint: 75100 ns, At safepoint: 33500 ns, Total: 108600 ns
[2020-04-26T17:49:58.209+0000][1][safepoint    ] Safepoint "BulkRevokeBias", Time since last: 161400 ns, Reaching safepoint: 73500 ns, At safepoint: 460100 ns, Total: 533600 ns
[2020-04-26T17:49:58.210+0000][1][safepoint    ] Safepoint "RevokeBias", Time since last: 916900 ns, Reaching safepoint: 212400 ns, At safepoint: 62600 ns, Total: 275000 ns
[2020-04-26T17:49:58.241+0000][1][safepoint    ] Safepoint "RevokeBias", Time since last: 31096700 ns, Reaching safepoint: 171100 ns, At safepoint: 83500 ns, Total: 254600 ns
[2020-04-26T17:49:58.258+0000][1][safepoint    ] Safepoint "RevokeBias", Time since last: 16279900 ns, Reaching safepoint: 296000 ns, At safepoint: 130100 ns, Total: 426100 ns
[2020-04-26T17:49:58.258+0000][1][safepoint    ] Safepoint "RevokeBias", Time since last: 168900 ns, Reaching safepoint: 135300 ns, At safepoint: 86400 ns, Total: 221700 ns
[2020-04-26T17:49:58.274+0000][1][safepoint    ] Safepoint "RevokeBias", Time since last: 15628600 ns, Reaching safepoint: 139900 ns, At safepoint: 53400 ns, Total: 193300 ns
[2020-04-26T17:49:58.875+0000][1][safepoint    ] Safepoint "RevokeBias", Time since last: 600930200 ns, Reaching safepoint: 146400 ns, At safepoint: 37900 ns, Total: 184300 ns
[2020-04-26T17:49:58.876+0000][1][safepoint    ] Safepoint "RevokeBias", Time since last: 514000 ns, Reaching safepoint: 101600 ns, At safepoint: 35400 ns, Total: 137000 ns
[2020-04-26T17:49:59.241+0000][1][safepoint    ] Safepoint "RevokeBias", Time since last: 365160500 ns, Reaching safepoint: 144200 ns, At safepoint: 38800 ns, Total: 183000 ns
[2020-04-26T17:49:59.241+0000][1][safepoint    ] Safepoint "RevokeBias", Time since last: 143700 ns, Reaching safepoint: 92600 ns, At safepoint: 33000 ns, Total: 125600 ns
[2020-04-26T17:49:59.242+0000][1][safepoint    ] Safepoint "RevokeBias", Time since last: 174400 ns, Reaching safepoint: 69400 ns, At safepoint: 32500 ns, Total: 101900 ns
[2020-04-26T17:50:00.242+0000][1][safepoint    ] Safepoint "Cleanup", Time since last: 1000255600 ns, Reaching safepoint: 161100 ns, At safepoint: 56300 ns, Total: 217400 ns
[2020-04-26T17:50:01.109+0000][1][safepoint    ] Safepoint "BulkRevokeBias", Time since last: 866560100 ns, Reaching safepoint: 138700 ns, At safepoint: 541100 ns, Total: 679800 ns
[2020-04-26T17:50:02.110+0000][1][safepoint    ] Safepoint "Cleanup", Time since last: 1000517900 ns, Reaching safepoint: 144200 ns, At safepoint: 48900 ns, Total: 193100 ns
[2020-04-26T17:50:03.111+0000][1][safepoint    ] Safepoint "Cleanup", Time since last: 1000399000 ns, Reaching safepoint: 526400 ns, At safepoint: 201900 ns, Total: 728300 ns
[2020-04-26T17:50:04.112+0000][1][safepoint    ] Safepoint "Cleanup", Time since last: 1000259300 ns, Reaching safepoint: 212400 ns, At safepoint: 58200 ns, Total: 270600 ns
[2020-04-26T17:50:05.113+0000][1][safepoint    ] Safepoint "Cleanup", Time since last: 1000339700 ns, Reaching safepoint: 349300 ns, At safepoint: 195000 ns, Total: 544300 ns
[2020-04-26T17:50:06.114+0000][1][safepoint    ] Safepoint "Cleanup", Time since last: 1000481600 ns, Reaching safepoint: 554100 ns, At safepoint: 207700 ns, Total: 761800 ns
[2020-04-26T17:50:06.155+0000][1][safepoint    ] Safepoint "RevokeBias", Time since last: 41378700 ns, Reaching safepoint: 152800 ns, At safepoint: 79200 ns, Total: 232000 ns
[2020-04-26T17:50:06.156+0000][1][safepoint    ] Safepoint "RevokeBias", Time since last: 152800 ns, Reaching safepoint: 180900 ns, At safepoint: 61400 ns, Total: 242300 ns
[2020-04-26T17:50:06.161+0000][1][safepoint    ] Safepoint "RevokeBias", Time since last: 4582100 ns, Reaching safepoint: 179000 ns, At safepoint: 99600 ns, Total: 278600 ns
[2020-04-26T17:50:06.162+0000][1][safepoint    ] Safepoint "BulkRevokeBias", Time since last: 81800 ns, Reaching safepoint: 223500 ns, At safepoint: 978100 ns, Total: 1201600 ns
[2020-04-26T17:50:06.163+0000][1][safepoint    ] Safepoint "RevokeBias", Time since last: 166300 ns, Reaching safepoint: 272900 ns, At safepoint: 99900 ns, Total: 372800 ns
[2020-04-26T17:50:07.164+0000][1][safepoint    ] Safepoint "Cleanup", Time since last: 1000256500 ns, Reaching safepoint: 560100 ns, At safepoint: 255100 ns, Total: 815200 ns
[2020-04-26T17:50:08.165+0000][1][safepoint    ] Safepoint "Cleanup", Time since last: 1000456600 ns, Reaching safepoint: 456000 ns, At safepoint: 136800 ns, Total: 592800 ns
[2020-04-26T17:50:09.166+0000][1][safepoint    ] Safepoint "Cleanup", Time since last: 1000545200 ns, Reaching safepoint: 390800 ns, At safepoint: 116800 ns, Total: 507600 ns
[2020-04-26T17:50:10.167+0000][1][safepoint    ] Safepoint "Cleanup", Time since last: 1000601400 ns, Reaching safepoint: 466900 ns, At safepoint: 138500 ns, Total: 605400 ns
[2020-04-26T17:50:11.168+0000][1][safepoint    ] Safepoint "Cleanup", Time since last: 1000388100 ns, Reaching safepoint: 264900 ns, At safepoint: 72100 ns, Total: 337000 ns
[2020-04-26T17:50:12.168+0000][1][safepoint    ] Safepoint "Cleanup", Time since last: 1000169800 ns, Reaching safepoint: 145600 ns, At safepoint: 41200 ns, Total: 186800 ns
[2020-04-26T17:50:13.168+0000][1][safepoint    ] Safepoint "Cleanup", Time since last: 1000195200 ns, Reaching safepoint: 129300 ns, At safepoint: 28100 ns, Total: 157400 ns
[2020-04-26T17:50:14.169+0000][1][safepoint    ] Safepoint "Cleanup", Time since last: 1000161200 ns, Reaching safepoint: 137900 ns, At safepoint: 44600 ns, Total: 182500 ns
[2020-04-26T17:50:15.170+0000][1][safepoint    ] Safepoint "Cleanup", Time since last: 1000669100 ns, Reaching safepoint: 661900 ns, At safepoint: 338100 ns, Total: 1000000 ns
[2020-04-26T17:50:16.171+0000][1][safepoint    ] Safepoint "Cleanup", Time since last: 1000377400 ns, Reaching safepoint: 165400 ns, At safepoint: 32300 ns, Total: 197700 ns
[2020-04-26T17:50:17.172+0000][1][safepoint    ] Safepoint "Cleanup", Time since last: 1000427800 ns, Reaching safepoint: 132000 ns, At safepoint: 32100 ns, Total: 164100 ns
[2020-04-26T17:50:18.172+0000][1][safepoint    ] Safepoint "Cleanup", Time since last: 1000136100 ns, Reaching safepoint: 183400 ns, At safepoint: 32300 ns, Total: 215700 ns
[2020-04-26T17:50:19.172+0000][1][safepoint    ] Safepoint "Cleanup", Time since last: 1000357200 ns, Reaching safepoint: 141500 ns, At safepoint: 31100 ns, Total: 172600 ns
[2020-04-26T17:50:20.174+0000][1][safepoint    ] Safepoint "Cleanup", Time since last: 1000675000 ns, Reaching safepoint: 467100 ns, At safepoint: 138900 ns, Total: 606000 ns
[2020-04-26T17:50:21.174+0000][1][safepoint    ] Safepoint "Cleanup", Time since last: 1000356900 ns, Reaching safepoint: 313400 ns, At safepoint: 95500 ns, Total: 408900 ns
[2020-04-26T17:50:22.175+0000][1][safepoint    ] Safepoint "Cleanup", Time since last: 1000193400 ns, Reaching safepoint: 157100 ns, At safepoint: 31900 ns, Total: 189000 ns
[2020-04-26T17:50:23.175+0000][1][safepoint    ] Safepoint "Cleanup", Time since last: 1000228500 ns, Reaching safepoint: 307800 ns, At safepoint: 75800 ns, Total: 383600 ns
[2020-04-26T17:50:24.176+0000][1][safepoint    ] Safepoint "Cleanup", Time since last: 1000214500 ns, Reaching safepoint: 244600 ns, At safepoint: 65300 ns, Total: 309900 ns
[2020-04-26T17:50:25.177+0000][1][safepoint    ] Safepoint "Cleanup", Time since last: 1000402300 ns, Reaching safepoint: 151800 ns, At safepoint: 39700 ns, Total: 191500 ns
[2020-04-26T17:50:26.177+0000][1][safepoint    ] Safepoint "Cleanup", Time since last: 1000161600 ns, Reaching safepoint: 207100 ns, At safepoint: 40900 ns, Total: 248000 ns
[2020-04-26T17:50:27.177+0000][1][safepoint    ] Safepoint "Cleanup", Time since last: 1000143500 ns, Reaching safepoint: 139200 ns, At safepoint: 31800 ns, Total: 171000 ns
[2020-04-26T17:50:28.178+0000][1][safepoint    ] Safepoint "Cleanup", Time since last: 1000131000 ns, Reaching safepoint: 136700 ns, At safepoint: 32700 ns, Total: 169400 ns
[2020-04-26T17:50:28.241+0000][1][safepoint    ] Safepoint "RevokeBias", Time since last: 63546300 ns, Reaching safepoint: 155700 ns, At safepoint: 86400 ns, Total: 242100 ns
[2020-04-26T17:50:28.242+0000][1][safepoint    ] Safepoint "RevokeBias", Time since last: 324200 ns, Reaching safepoint: 249800 ns, At safepoint: 76000 ns, Total: 325800 ns
[2020-04-26T17:50:28.242+0000][1][safepoint    ] Safepoint "RevokeBias", Time since last: 162300 ns, Reaching safepoint: 86200 ns, At safepoint: 98100 ns, Total: 184300 ns
[2020-04-26T17:50:29.248+0000][1][safepoint    ] Safepoint "Cleanup", Time since last: 1005080400 ns, Reaching safepoint: 140800 ns, At safepoint: 32300 ns, Total: 173100 ns
[2020-04-26T17:50:30.248+0000][1][safepoint    ] Safepoint "Cleanup", Time since last: 1000132100 ns, Reaching safepoint: 136400 ns, At safepoint: 29700 ns, Total: 166100 ns
[2020-04-26T17:50:31.249+0000][1][safepoint    ] Safepoint "Cleanup", Time since last: 1000282400 ns, Reaching safepoint: 473100 ns, At safepoint: 225600 ns, Total: 698700 ns
[2020-04-26T17:50:32.249+0000][1][safepoint    ] Safepoint "Cleanup", Time since last: 1000218900 ns, Reaching safepoint: 177200 ns, At safepoint: 46700 ns, Total: 223900 ns
[2020-04-26T17:50:33.250+0000][1][safepoint    ] Safepoint "Cleanup", Time since last: 1000234100 ns, Reaching safepoint: 232200 ns, At safepoint: 69300 ns, Total: 301500 ns
[2020-04-26T17:50:34.251+0000][1][safepoint    ] Safepoint "Cleanup", Time since last: 1000278200 ns, Reaching safepoint: 292300 ns, At safepoint: 56100 ns, Total: 348400 ns
[2020-04-26T17:50:35.251+0000][1][safepoint    ] Safepoint "Cleanup", Time since last: 1000328700 ns, Reaching safepoint: 380700 ns, At safepoint: 112000 ns, Total: 492700 ns
[2020-04-26T17:50:36.253+0000][1][safepoint    ] Safepoint "Cleanup", Time since last: 1000639800 ns, Reaching safepoint: 468800 ns, At safepoint: 168800 ns, Total: 637600 ns
[2020-04-26T17:50:37.253+0000][1][safepoint    ] Safepoint "Cleanup", Time since last: 1000625900 ns, Reaching safepoint: 156100 ns, At safepoint: 40200 ns, Total: 196300 ns
[2020-04-26T17:50:38.254+0000][1][safepoint    ] Safepoint "Cleanup", Time since last: 1000439400 ns, Reaching safepoint: 361700 ns, At safepoint: 89900 ns, Total: 451600 ns
[2020-04-26T17:50:39.256+0000][1][safepoint    ] Safepoint "Cleanup", Time since last: 1000706400 ns, Reaching safepoint: 443500 ns, At safepoint: 141300 ns, Total: 584800 ns
[2020-04-26T17:50:40.256+0000][1][safepoint    ] Safepoint "Cleanup", Time since last: 1000246800 ns, Reaching safepoint: 345100 ns, At safepoint: 93600 ns, Total: 438700 ns
[2020-04-26T17:50:41.257+0000][1][safepoint    ] Safepoint "Cleanup", Time since last: 1000283000 ns, Reaching safepoint: 311400 ns, At safepoint: 95700 ns, Total: 407100 ns
[2020-04-26T17:50:42.257+0000][1][safepoint    ] Safepoint "Cleanup", Time since last: 1000234500 ns, Reaching safepoint: 146000 ns, At safepoint: 46600 ns, Total: 192600 ns
[2020-04-26T17:50:43.258+0000][1][safepoint    ] Safepoint "Cleanup", Time since last: 1000182600 ns, Reaching safepoint: 216500 ns, At safepoint: 56700 ns, Total: 273200 ns
[2020-04-26T17:50:44.258+0000][1][safepoint    ] Safepoint "Cleanup", Time since last: 1000230000 ns, Reaching safepoint: 288900 ns, At safepoint: 41700 ns, Total: 330600 ns
[2020-04-26T17:50:45.259+0000][1][safepoint    ] Safepoint "Cleanup", Time since last: 1000381000 ns, Reaching safepoint: 521300 ns, At safepoint: 130300 ns, Total: 651600 ns
[2020-04-26T17:50:46.261+0000][1][safepoint    ] Safepoint "Cleanup", Time since last: 1000610500 ns, Reaching safepoint: 505900 ns, At safepoint: 135000 ns, Total: 640900 ns
[2020-04-26T17:50:47.261+0000][1][safepoint    ] Safepoint "Cleanup", Time since last: 1000530600 ns, Reaching safepoint: 134200 ns, At safepoint: 30900 ns, Total: 165100 ns
[2020-04-26T17:50:48.262+0000][1][safepoint    ] Safepoint "Cleanup", Time since last: 1000475900 ns, Reaching safepoint: 142700 ns, At safepoint: 34100 ns, Total: 176800 ns
[2020-04-26T17:50:49.263+0000][1][safepoint    ] Safepoint "Cleanup", Time since last: 1000254700 ns, Reaching safepoint: 324900 ns, At safepoint: 69900 ns, Total: 394800 ns
[2020-04-26T17:50:50.264+0000][1][safepoint    ] Safepoint "Cleanup", Time since last: 1000286400 ns, Reaching safepoint: 438700 ns, At safepoint: 194500 ns, Total: 633200 ns
[2020-04-26T17:50:51.265+0000][1][safepoint    ] Safepoint "Cleanup", Time since last: 1000556900 ns, Reaching safepoint: 444500 ns, At safepoint: 135500 ns, Total: 580000 ns
[2020-04-26T17:50:52.266+0000][1][safepoint    ] Safepoint "Cleanup", Time since last: 1000646100 ns, Reaching safepoint: 465000 ns, At safepoint: 140000 ns, Total: 605000 ns
[2020-04-26T17:50:52.478+0000][1][safepoint    ] Safepoint "RevokeBias", Time since last: 210692400 ns, Reaching safepoint: 539100 ns, At safepoint: 256400 ns, Total: 795500 ns
[2020-04-26T17:50:53.478+0000][1][safepoint    ] Safepoint "Cleanup", Time since last: 1000306700 ns, Reaching safepoint: 137200 ns, At safepoint: 43500 ns, Total: 180700 ns
[2020-04-26T17:50:54.478+0000][1][safepoint    ] Safepoint "Cleanup", Time since last: 1000167700 ns, Reaching safepoint: 256300 ns, At safepoint: 42000 ns, Total: 298300 ns
[2020-04-26T17:50:56.329+0000][1][safepoint    ] Safepoint "Cleanup", Time since last: 1850558800 ns, Reaching safepoint: 154400 ns, At safepoint: 32100 ns, Total: 186500 ns
[2020-04-26T17:50:57.330+0000][1][safepoint    ] Safepoint "Cleanup", Time since last: 1000577600 ns, Reaching safepoint: 443700 ns, At safepoint: 134800 ns, Total: 578500 ns
[2020-04-26T17:50:58.331+0000][1][safepoint    ] Safepoint "Cleanup", Time since last: 1000168200 ns, Reaching safepoint: 129100 ns, At safepoint: 26700 ns, Total: 155800 ns
[2020-04-26T17:50:59.331+0000][1][safepoint    ] Safepoint "Cleanup", Time since last: 1000167300 ns, Reaching safepoint: 136200 ns, At safepoint: 29100 ns, Total: 165300 ns
[2020-04-26T17:51:00.332+0000][1][safepoint    ] Safepoint "Cleanup", Time since last: 1000565200 ns, Reaching safepoint: 409700 ns, At safepoint: 123800 ns, Total: 533500 ns
[2020-04-26T17:51:01.333+0000][1][safepoint    ] Safepoint "Cleanup", Time since last: 1000367100 ns, Reaching safepoint: 313700 ns, At safepoint: 91700 ns, Total: 405400 ns
[2020-04-26T17:51:02.334+0000][1][safepoint    ] Safepoint "Cleanup", Time since last: 1000512600 ns, Reaching safepoint: 227400 ns, At safepoint: 61800 ns, Total: 289200 ns
[2020-04-26T17:51:03.335+0000][1][safepoint    ] Safepoint "Cleanup", Time since last: 1000607600 ns, Reaching safepoint: 445500 ns, At safepoint: 133400 ns, Total: 578900 ns
[2020-04-26T17:51:04.336+0000][1][safepoint    ] Safepoint "Cleanup", Time since last: 1000619400 ns, Reaching safepoint: 452200 ns, At safepoint: 115200 ns, Total: 567400 ns
[2020-04-26T17:51:05.337+0000][1][safepoint    ] Safepoint "Cleanup", Time since last: 1000394500 ns, Reaching safepoint: 455200 ns, At safepoint: 143200 ns, Total: 598400 ns
[2020-04-26T17:51:06.338+0000][1][safepoint    ] Safepoint "Cleanup", Time since last: 1000337900 ns, Reaching safepoint: 135500 ns, At safepoint: 30900 ns, Total: 166400 ns
[2020-04-26T17:51:07.339+0000][1][safepoint    ] Safepoint "Cleanup", Time since last: 1000294900 ns, Reaching safepoint: 521000 ns, At safepoint: 102600 ns, Total: 623600 ns
[2020-04-26T17:51:08.137+0000][1][safepoint    ] Safepoint "RevokeBias", Time since last: 798408400 ns, Reaching safepoint: 135000 ns, At safepoint: 57700 ns, Total: 192700 ns
[2020-04-26T17:51:08.138+0000][1][safepoint    ] Safepoint "RevokeBias", Time since last: 233900 ns, Reaching safepoint: 181300 ns, At safepoint: 59200 ns, Total: 240500 ns
[2020-04-26T17:51:08.142+0000][1][safepoint    ] Safepoint "RevokeBias", Time since last: 3795200 ns, Reaching safepoint: 158500 ns, At safepoint: 53700 ns, Total: 212200 ns
[2020-04-26T17:51:08.142+0000][1][safepoint    ] Safepoint "RevokeBias", Time since last: 253000 ns, Reaching safepoint: 203600 ns, At safepoint: 61400 ns, Total: 265000 ns
[2020-04-26T17:51:09.143+0000][1][safepoint    ] Safepoint "Cleanup", Time since last: 1000230700 ns, Reaching safepoint: 501400 ns, At safepoint: 59100 ns, Total: 560500 ns
[2020-04-26T17:51:10.144+0000][1][safepoint    ] Safepoint "Cleanup", Time since last: 1000629200 ns, Reaching safepoint: 245000 ns, At safepoint: 69300 ns, Total: 314300 ns
[2020-04-26T17:51:11.144+0000][1][safepoint    ] Safepoint "Cleanup", Time since last: 1000259900 ns, Reaching safepoint: 264500 ns, At safepoint: 51900 ns, Total: 316400 ns
[2020-04-26T17:51:12.145+0000][1][safepoint    ] Safepoint "Cleanup", Time since last: 1000240300 ns, Reaching safepoint: 187400 ns, At safepoint: 50100 ns, Total: 237500 ns
[2020-04-26T17:51:13.145+0000][1][safepoint    ] Safepoint "Cleanup", Time since last: 1000158100 ns, Reaching safepoint: 130800 ns, At safepoint: 28900 ns, Total: 159700 ns
[2020-04-26T17:51:14.145+0000][1][safepoint    ] Safepoint "Cleanup", Time since last: 1000112900 ns, Reaching safepoint: 140800 ns, At safepoint: 34000 ns, Total: 174800 ns
[2020-04-26T17:51:15.147+0000][1][safepoint    ] Safepoint "Cleanup", Time since last: 1000408400 ns, Reaching safepoint: 462100 ns, At safepoint: 276000 ns, Total: 738100 ns
[2020-04-26T17:51:16.147+0000][1][safepoint    ] Safepoint "Cleanup", Time since last: 1000407700 ns, Reaching safepoint: 364100 ns, At safepoint: 72500 ns, Total: 436600 ns
[2020-04-26T17:51:17.148+0000][1][safepoint    ] Safepoint "Cleanup", Time since last: 1000284200 ns, Reaching safepoint: 436900 ns, At safepoint: 110100 ns, Total: 547000 ns
[2020-04-26T17:51:18.149+0000][1][safepoint    ] Safepoint "Cleanup", Time since last: 1000458000 ns, Reaching safepoint: 300400 ns, At safepoint: 98000 ns, Total: 398400 ns
[2020-04-26T17:51:19.150+0000][1][safepoint    ] Safepoint "Cleanup", Time since last: 1000332200 ns, Reaching safepoint: 519200 ns, At safepoint: 129200 ns, Total: 648400 ns
[2020-04-26T17:51:20.151+0000][1][safepoint    ] Safepoint "Cleanup", Time since last: 1000370800 ns, Reaching safepoint: 458200 ns, At safepoint: 257000 ns, Total: 715200 ns
[2020-04-26T17:51:21.152+0000][1][safepoint    ] Safepoint "Cleanup", Time since last: 1000267300 ns, Reaching safepoint: 149300 ns, At safepoint: 41300 ns, Total: 190600 ns
[2020-04-26T17:51:22.153+0000][1][safepoint    ] Safepoint "Cleanup", Time since last: 1000349300 ns, Reaching safepoint: 503000 ns, At safepoint: 154000 ns, Total: 657000 ns
[2020-04-26T17:51:23.154+0000][1][safepoint    ] Safepoint "Cleanup", Time since last: 1000608000 ns, Reaching safepoint: 468400 ns, At safepoint: 138700 ns, Total: 607100 ns
[2020-04-26T17:51:24.155+0000][1][safepoint    ] Safepoint "Cleanup", Time since last: 1000382000 ns, Reaching safepoint: 433900 ns, At safepoint: 130800 ns, Total: 564700 ns
[2020-04-26T17:51:25.156+0000][1][safepoint    ] Safepoint "Cleanup", Time since last: 1000594900 ns, Reaching safepoint: 605700 ns, At safepoint: 132500 ns, Total: 738200 ns
[2020-04-26T17:51:26.157+0000][1][safepoint    ] Safepoint "Cleanup", Time since last: 1000635000 ns, Reaching safepoint: 442800 ns, At safepoint: 138100 ns, Total: 580900 ns
[2020-04-26T17:51:27.158+0000][1][safepoint    ] Safepoint "Cleanup", Time since last: 1000278500 ns, Reaching safepoint: 142200 ns, At safepoint: 35000 ns, Total: 177200 ns
[2020-04-26T17:51:28.158+0000][1][safepoint    ] Safepoint "Cleanup", Time since last: 1000166800 ns, Reaching safepoint: 143000 ns, At safepoint: 35800 ns, Total: 178800 ns
[2020-04-26T17:51:29.159+0000][1][safepoint    ] Safepoint "Cleanup", Time since last: 1000550300 ns, Reaching safepoint: 431700 ns, At safepoint: 134300 ns, Total: 566000 ns
[2020-04-26T17:51:30.160+0000][1][safepoint    ] Safepoint "Cleanup", Time since last: 1000373400 ns, Reaching safepoint: 507400 ns, At safepoint: 187900 ns, Total: 695300 ns
[2020-04-26T17:51:31.161+0000][1][safepoint    ] Safepoint "Cleanup", Time since last: 1000230900 ns, Reaching safepoint: 136000 ns, At safepoint: 33600 ns, Total: 169600 ns
[2020-04-26T17:51:32.162+0000][1][safepoint    ] Safepoint "Cleanup", Time since last: 1000264200 ns, Reaching safepoint: 358700 ns, At safepoint: 86500 ns, Total: 445200 ns
[2020-04-26T17:51:33.163+0000][1][safepoint    ] Safepoint "Cleanup", Time since last: 1000696900 ns, Reaching safepoint: 740600 ns, At safepoint: 122500 ns, Total: 863100 ns
[2020-04-26T17:51:34.164+0000][1][safepoint    ] Safepoint "Cleanup", Time since last: 1000778900 ns, Reaching safepoint: 458400 ns, At safepoint: 142700 ns, Total: 601100 ns
[2020-04-26T17:51:35.166+0000][1][safepoint    ] Safepoint "Cleanup", Time since last: 1000745800 ns, Reaching safepoint: 435400 ns, At safepoint: 134800 ns, Total: 570200 ns
[2020-04-26T17:51:36.167+0000][1][safepoint    ] Safepoint "Cleanup", Time since last: 1000678700 ns, Reaching safepoint: 387000 ns, At safepoint: 95000 ns, Total: 482000 ns
[2020-04-26T17:51:37.192+0000][1][safepoint    ] Safepoint "Cleanup", Time since last: 1024754900 ns, Reaching safepoint: 437400 ns, At safepoint: 131000 ns, Total: 568400 ns
[2020-04-26T17:51:38.193+0000][1][safepoint    ] Safepoint "Cleanup", Time since last: 1000547700 ns, Reaching safepoint: 514100 ns, At safepoint: 131800 ns, Total: 645900 ns
[2020-04-26T17:51:39.195+0000][1][safepoint    ] Safepoint "Cleanup", Time since last: 1000664800 ns, Reaching safepoint: 437400 ns, At safepoint: 132100 ns, Total: 569500 ns
[2020-04-26T17:51:40.196+0000][1][safepoint    ] Safepoint "Cleanup", Time since last: 1000482500 ns, Reaching safepoint: 470500 ns, At safepoint: 138600 ns, Total: 609100 ns
[2020-04-26T17:51:41.197+0000][1][safepoint    ] Safepoint "Cleanup", Time since last: 1000551200 ns, Reaching safepoint: 153500 ns, At safepoint: 38400 ns, Total: 191900 ns
[2020-04-26T17:51:42.197+0000][1][safepoint    ] Safepoint "Cleanup", Time since last: 1000313800 ns, Reaching safepoint: 517600 ns, At safepoint: 128500 ns, Total: 646100 ns
[2020-04-26T17:51:43.198+0000][1][safepoint    ] Safepoint "Cleanup", Time since last: 1000272500 ns, Reaching safepoint: 207500 ns, At safepoint: 60500 ns, Total: 268000 ns
[2020-04-26T17:51:44.199+0000][1][safepoint    ] Safepoint "Cleanup", Time since last: 1000551600 ns, Reaching safepoint: 443700 ns, At safepoint: 139800 ns, Total: 583500 ns
[2020-04-26T17:51:45.200+0000][1][safepoint    ] Safepoint "Cleanup", Time since last: 1000426900 ns, Reaching safepoint: 445200 ns, At safepoint: 129900 ns, Total: 575100 ns
[2020-04-26T17:51:46.201+0000][1][safepoint    ] Safepoint "Cleanup", Time since last: 1000562600 ns, Reaching safepoint: 142900 ns, At safepoint: 34400 ns, Total: 177300 ns
[2020-04-26T17:51:47.202+0000][1][safepoint    ] Safepoint "Cleanup", Time since last: 1000266700 ns, Reaching safepoint: 328800 ns, At safepoint: 98300 ns, Total: 427100 ns
[2020-04-26T17:51:48.203+0000][1][safepoint    ] Safepoint "Cleanup", Time since last: 1000290100 ns, Reaching safepoint: 501300 ns, At safepoint: 188100 ns, Total: 689400 ns
[2020-04-26T17:51:49.204+0000][1][safepoint    ] Safepoint "Cleanup", Time since last: 1000544700 ns, Reaching safepoint: 514600 ns, At safepoint: 131400 ns, Total: 646000 ns
[2020-04-26T17:51:50.205+0000][1][safepoint    ] Safepoint "Cleanup", Time since last: 1000703200 ns, Reaching safepoint: 437800 ns, At safepoint: 131600 ns, Total: 569400 ns
[2020-04-26T17:51:51.206+0000][1][safepoint    ] Safepoint "Cleanup", Time since last: 1000614200 ns, Reaching safepoint: 153100 ns, At safepoint: 31900 ns, Total: 185000 ns
[2020-04-26T17:51:52.207+0000][1][safepoint    ] Safepoint "Cleanup", Time since last: 1000541900 ns, Reaching safepoint: 200300 ns, At safepoint: 53100 ns, Total: 253400 ns
[2020-04-26T17:51:53.208+0000][1][safepoint    ] Safepoint "Cleanup", Time since last: 1000561000 ns, Reaching safepoint: 452200 ns, At safepoint: 295700 ns, Total: 747900 ns
[2020-04-26T17:51:54.209+0000][1][safepoint    ] Safepoint "Cleanup", Time since last: 1000510900 ns, Reaching safepoint: 383700 ns, At safepoint: 94800 ns, Total: 478500 ns
[2020-04-26T17:51:55.209+0000][1][safepoint    ] Safepoint "Cleanup", Time since last: 1000305000 ns, Reaching safepoint: 146500 ns, At safepoint: 29000 ns, Total: 175500 ns
[2020-04-26T17:51:56.210+0000][1][safepoint    ] Safepoint "Cleanup", Time since last: 1000236600 ns, Reaching safepoint: 234400 ns, At safepoint: 63900 ns, Total: 298300 ns
[2020-04-26T17:51:57.211+0000][1][safepoint    ] Safepoint "Cleanup", Time since last: 1000599000 ns, Reaching safepoint: 458200 ns, At safepoint: 130200 ns, Total: 588400 ns
[2020-04-26T17:51:58.212+0000][1][safepoint    ] Safepoint "Cleanup", Time since last: 1000510800 ns, Reaching safepoint: 187900 ns, At safepoint: 49100 ns, Total: 237000 ns
[2020-04-26T17:51:59.212+0000][1][safepoint    ] Safepoint "Cleanup", Time since last: 1000168700 ns, Reaching safepoint: 255400 ns, At safepoint: 37800 ns, Total: 293200 ns
[2020-04-26T17:52:00.213+0000][1][safepoint    ] Safepoint "Cleanup", Time since last: 1000382600 ns, Reaching safepoint: 522800 ns, At safepoint: 131600 ns, Total: 654400 ns
[2020-04-26T17:52:01.214+0000][1][safepoint    ] Safepoint "Cleanup", Time since last: 1000292200 ns, Reaching safepoint: 285800 ns, At safepoint: 79900 ns, Total: 365700 ns
[2020-04-26T17:52:02.214+0000][1][safepoint    ] Safepoint "Cleanup", Time since last: 1000135700 ns, Reaching safepoint: 151500 ns, At safepoint: 27400 ns, Total: 178900 ns
[2020-04-26T17:52:03.216+0000][1][safepoint    ] Safepoint "Cleanup", Time since last: 1000705100 ns, Reaching safepoint: 518100 ns, At safepoint: 254300 ns, Total: 772400 ns
[2020-04-26T17:52:04.217+0000][1][safepoint    ] Safepoint "Cleanup", Time since last: 1000499700 ns, Reaching safepoint: 527000 ns, At safepoint: 149900 ns, Total: 676900 ns
[2020-04-26T17:52:05.218+0000][1][safepoint    ] Safepoint "Cleanup", Time since last: 1000579800 ns, Reaching safepoint: 450700 ns, At safepoint: 269500 ns, Total: 720200 ns
[2020-04-26T17:52:06.212+0000][1][gc,start     ] GC(67) Pause Young (Allocation Failure)
[2020-04-26T17:52:06.212+0000][1][gc,task      ] GC(67) Using 10 workers of 10 for evacuation
[2020-04-26T17:52:06.222+0000][1][gc,age       ] GC(67) Desired survivor size 8945664 bytes, new threshold 6 (max threshold 6)
[2020-04-26T17:52:06.222+0000][1][gc,age       ] GC(67) Age table with threshold 6 (max threshold 6)
[2020-04-26T17:52:06.222+0000][1][gc,age       ] GC(67) - age   1:     315072 bytes,     315072 total
[2020-04-26T17:52:06.222+0000][1][gc,age       ] GC(67) - age   2:      18968 bytes,     334040 total
[2020-04-26T17:52:06.222+0000][1][gc,age       ] GC(67) - age   3:    7034704 bytes,    7368744 total
[2020-04-26T17:52:06.222+0000][1][gc,age       ] GC(67) - age   4:      17032 bytes,    7385776 total
[2020-04-26T17:52:06.222+0000][1][gc,age       ] GC(67) - age   5:      15552 bytes,    7401328 total
[2020-04-26T17:52:06.222+0000][1][gc,age       ] GC(67) - age   6:      90688 bytes,    7492016 total
[2020-04-26T17:52:06.223+0000][1][gc,heap      ] GC(67) ParNew: 147227K->7411K(157248K)
[2020-04-26T17:52:06.223+0000][1][gc,heap      ] GC(67) CMS: 81350K->81371K(349568K)
[2020-04-26T17:52:06.223+0000][1][gc,metaspace ] GC(67) Metaspace: 99553K->99553K(1140736K)
[2020-04-26T17:52:06.223+0000][1][gc           ] GC(67) Pause Young (Allocation Failure) 223M->86M(494M) 10.768ms
[2020-04-26T17:52:06.223+0000][1][gc,cpu       ] GC(67) User=0.03s Sys=0.02s Real=0.02s
[2020-04-26T17:52:06.224+0000][1][safepoint    ] Safepoint "GenCollectForAllocation", Time since last: 993242500 ns, Reaching safepoint: 470100 ns, At safepoint: 11612500 ns, Total: 12082600 ns
[2020-04-26T17:52:07.224+0000][1][safepoint    ] Safepoint "Cleanup", Time since last: 1000373000 ns, Reaching safepoint: 136600 ns, At safepoint: 30500 ns, Total: 167100 ns
[2020-04-26T17:52:08.225+0000][1][safepoint    ] Safepoint "Cleanup", Time since last: 1000679900 ns, Reaching safepoint: 444700 ns, At safepoint: 128400 ns, Total: 573100 ns
[2020-04-26T17:52:09.226+0000][1][safepoint    ] Safepoint "Cleanup", Time since last: 1000338100 ns, Reaching safepoint: 180700 ns, At safepoint: 32600 ns, Total: 213300 ns
[2020-04-26T17:52:10.146+0000][1][safepoint    ] Safepoint "RevokeBias", Time since last: 919356500 ns, Reaching safepoint: 223200 ns, At safepoint: 95600 ns, Total: 318800 ns
[2020-04-26T17:52:10.146+0000][1][safepoint    ] Safepoint "RevokeBias", Time since last: 86100 ns, Reaching safepoint: 135200 ns, At safepoint: 142700 ns, Total: 277900 ns
[2020-04-26T17:52:10.146+0000][1][safepoint    ] Safepoint "RevokeBias", Time since last: 195100 ns, Reaching safepoint: 184700 ns, At safepoint: 89300 ns, Total: 274000 ns
[2020-04-26T17:52:10.150+0000][1][safepoint    ] Safepoint "RevokeBias", Time since last: 3362700 ns, Reaching safepoint: 127000 ns, At safepoint: 62200 ns, Total: 189200 ns
[2020-04-26T17:52:10.150+0000][1][safepoint    ] Safepoint "RevokeBias", Time since last: 39200 ns, Reaching safepoint: 224900 ns, At safepoint: 62600 ns, Total: 287500 ns
[2020-04-26T17:52:10.151+0000][1][safepoint    ] Safepoint "RevokeBias", Time since last: 231300 ns, Reaching safepoint: 181100 ns, At safepoint: 58300 ns, Total: 239400 ns
[2020-04-26T17:52:11.157+0000][1][safepoint    ] Safepoint "Cleanup", Time since last: 1005351200 ns, Reaching safepoint: 603900 ns, At safepoint: 195700 ns, Total: 799600 ns
[2020-04-26T17:52:12.158+0000][1][safepoint    ] Safepoint "Cleanup", Time since last: 1000560500 ns, Reaching safepoint: 178600 ns, At safepoint: 44900 ns, Total: 223500 ns
[2020-04-26T17:52:13.158+0000][1][safepoint    ] Safepoint "Cleanup", Time since last: 1000277200 ns, Reaching safepoint: 140800 ns, At safepoint: 30800 ns, Total: 171600 ns
[2020-04-26T17:52:14.159+0000][1][safepoint    ] Safepoint "Cleanup", Time since last: 1000283500 ns, Reaching safepoint: 132600 ns, At safepoint: 28000 ns, Total: 160600 ns
[2020-04-26T17:52:15.159+0000][1][safepoint    ] Safepoint "Cleanup", Time since last: 1000274500 ns, Reaching safepoint: 398900 ns, At safepoint: 117700 ns, Total: 516600 ns
[2020-04-26T17:52:16.160+0000][1][safepoint    ] Safepoint "Cleanup", Time since last: 1000460500 ns, Reaching safepoint: 265500 ns, At safepoint: 74500 ns, Total: 340000 ns
[2020-04-26T17:52:17.161+0000][1][safepoint    ] Safepoint "Cleanup", Time since last: 1000172300 ns, Reaching safepoint: 129600 ns, At safepoint: 27200 ns, Total: 156800 ns
[2020-04-26T17:52:18.161+0000][1][safepoint    ] Safepoint "Cleanup", Time since last: 1000113500 ns, Reaching safepoint: 148300 ns, At safepoint: 32300 ns, Total: 180600 ns
[2020-04-26T17:52:19.162+0000][1][safepoint    ] Safepoint "Cleanup", Time since last: 1000548800 ns, Reaching safepoint: 455700 ns, At safepoint: 212500 ns, Total: 668200 ns
[2020-04-26T17:52:20.163+0000][1][safepoint    ] Safepoint "Cleanup", Time since last: 1000277800 ns, Reaching safepoint: 241800 ns, At safepoint: 56700 ns, Total: 298500 ns
[2020-04-26T17:52:21.164+0000][1][safepoint    ] Safepoint "Cleanup", Time since last: 1000385400 ns, Reaching safepoint: 415200 ns, At safepoint: 116500 ns, Total: 531700 ns
[2020-04-26T17:52:22.164+0000][1][safepoint    ] Safepoint "Cleanup", Time since last: 1000271700 ns, Reaching safepoint: 164600 ns, At safepoint: 30600 ns, Total: 195200 ns
[2020-04-26T17:52:23.165+0000][1][safepoint    ] Safepoint "Cleanup", Time since last: 1000260900 ns, Reaching safepoint: 501000 ns, At safepoint: 128200 ns, Total: 629200 ns
[2020-04-26T17:52:24.166+0000][1][safepoint    ] Safepoint "Cleanup", Time since last: 1000242300 ns, Reaching safepoint: 321700 ns, At safepoint: 123400 ns, Total: 445100 ns
[2020-04-26T17:52:25.167+0000][1][safepoint    ] Safepoint "Cleanup", Time since last: 1000382300 ns, Reaching safepoint: 408500 ns, At safepoint: 231000 ns, Total: 639500 ns
[2020-04-26T17:52:26.168+0000][1][safepoint    ] Safepoint "Cleanup", Time since last: 1000519500 ns, Reaching safepoint: 436500 ns, At safepoint: 131900 ns, Total: 568400 ns
[2020-04-26T17:52:27.168+0000][1][safepoint    ] Safepoint "Cleanup", Time since last: 1000554400 ns, Reaching safepoint: 132200 ns, At safepoint: 32100 ns, Total: 164300 ns
[2020-04-26T17:52:28.169+0000][1][safepoint    ] Safepoint "Cleanup", Time since last: 1000219800 ns, Reaching safepoint: 323200 ns, At safepoint: 92300 ns, Total: 415500 ns
[2020-04-26T17:52:29.169+0000][1][safepoint    ] Safepoint "Cleanup", Time since last: 1000216200 ns, Reaching safepoint: 154700 ns, At safepoint: 34100 ns, Total: 188800 ns
[2020-04-26T17:52:30.170+0000][1][safepoint    ] Safepoint "Cleanup", Time since last: 1000321600 ns, Reaching safepoint: 132300 ns, At safepoint: 27700 ns, Total: 160000 ns
[2020-04-26T17:52:31.170+0000][1][safepoint    ] Safepoint "Cleanup", Time since last: 1000146300 ns, Reaching safepoint: 149800 ns, At safepoint: 26500 ns, Total: 176300 ns
[2020-04-26T17:52:32.171+0000][1][safepoint    ] Safepoint "Cleanup", Time since last: 1000194000 ns, Reaching safepoint: 537700 ns, At safepoint: 125600 ns, Total: 663300 ns
[2020-04-26T17:52:33.172+0000][1][safepoint    ] Safepoint "Cleanup", Time since last: 1000432400 ns, Reaching safepoint: 132600 ns, At safepoint: 29100 ns, Total: 161700 ns
[2020-04-26T17:52:34.172+0000][1][safepoint    ] Safepoint "Cleanup", Time since last: 1000224300 ns, Reaching safepoint: 142800 ns, At safepoint: 42900 ns, Total: 185700 ns
[2020-04-26T17:52:35.173+0000][1][safepoint    ] Safepoint "Cleanup", Time since last: 1000407600 ns, Reaching safepoint: 416200 ns, At safepoint: 103200 ns, Total: 519400 ns
[2020-04-26T17:52:36.173+0000][1][safepoint    ] Safepoint "Cleanup", Time since last: 1000212300 ns, Reaching safepoint: 133700 ns, At safepoint: 30500 ns, Total: 164200 ns
[2020-04-26T17:52:37.174+0000][1][safepoint    ] Safepoint "Cleanup", Time since last: 1000353700 ns, Reaching safepoint: 286200 ns, At safepoint: 85200 ns, Total: 371400 ns
[2020-04-26T17:52:38.220+0000][1][safepoint    ] Safepoint "Cleanup", Time since last: 1045669800 ns, Reaching safepoint: 443700 ns, At safepoint: 188600 ns, Total: 632300 ns
[2020-04-26T17:52:39.222+0000][1][safepoint    ] Safepoint "Cleanup", Time since last: 1000476500 ns, Reaching safepoint: 525900 ns, At safepoint: 134500 ns, Total: 660400 ns
[2020-04-26T17:52:40.222+0000][1][safepoint    ] Safepoint "Cleanup", Time since last: 1000534400 ns, Reaching safepoint: 227400 ns, At safepoint: 67300 ns, Total: 294700 ns
[2020-04-26T17:52:41.224+0000][1][safepoint    ] Safepoint "Cleanup", Time since last: 1000698900 ns, Reaching safepoint: 460800 ns, At safepoint: 137800 ns, Total: 598600 ns
[2020-04-26T17:52:42.225+0000][1][safepoint    ] Safepoint "Cleanup", Time since last: 1000444100 ns, Reaching safepoint: 462300 ns, At safepoint: 139200 ns, Total: 601500 ns
[2020-04-26T17:52:43.226+0000][1][safepoint    ] Safepoint "Cleanup", Time since last: 1000459400 ns, Reaching safepoint: 443300 ns, At safepoint: 142900 ns, Total: 586200 ns
[2020-04-26T17:52:44.227+0000][1][safepoint    ] Safepoint "Cleanup", Time since last: 1000417500 ns, Reaching safepoint: 505200 ns, At safepoint: 127800 ns, Total: 633000 ns
[2020-04-26T17:52:45.228+0000][1][safepoint    ] Safepoint "Cleanup", Time since last: 1000615800 ns, Reaching safepoint: 438500 ns, At safepoint: 132700 ns, Total: 571200 ns
[2020-04-26T17:52:46.229+0000][1][safepoint    ] Safepoint "Cleanup", Time since last: 1000404100 ns, Reaching safepoint: 456000 ns, At safepoint: 105700 ns, Total: 561700 ns
[2020-04-26T17:52:47.230+0000][1][safepoint    ] Safepoint "Cleanup", Time since last: 1000440000 ns, Reaching safepoint: 201000 ns, At safepoint: 38100 ns, Total: 239100 ns
[2020-04-26T17:52:48.231+0000][1][safepoint    ] Safepoint "Cleanup", Time since last: 1000629600 ns, Reaching safepoint: 536300 ns, At safepoint: 123400 ns, Total: 659700 ns
[2020-04-26T17:52:49.232+0000][1][safepoint    ] Safepoint "Cleanup", Time since last: 1000264200 ns, Reaching safepoint: 265700 ns, At safepoint: 70500 ns, Total: 336200 ns
[2020-04-26T17:52:50.233+0000][1][safepoint    ] Safepoint "Cleanup", Time since last: 1000626900 ns, Reaching safepoint: 209500 ns, At safepoint: 58900 ns, Total: 268400 ns
[2020-04-26T17:52:51.234+0000][1][safepoint    ] Safepoint "Cleanup", Time since last: 1000591400 ns, Reaching safepoint: 439200 ns, At safepoint: 132600 ns, Total: 571800 ns
[2020-04-26T17:52:52.235+0000][1][safepoint    ] Safepoint "Cleanup", Time since last: 1000405300 ns, Reaching safepoint: 448500 ns, At safepoint: 176800 ns, Total: 625300 ns
[2020-04-26T17:52:53.235+0000][1][safepoint    ] Safepoint "Cleanup", Time since last: 1000545000 ns, Reaching safepoint: 184800 ns, At safepoint: 48400 ns, Total: 233200 ns
[2020-04-26T17:52:54.236+0000][1][safepoint    ] Safepoint "Cleanup", Time since last: 1000259700 ns, Reaching safepoint: 129600 ns, At safepoint: 28200 ns, Total: 157800 ns
[2020-04-26T17:52:55.237+0000][1][safepoint    ] Safepoint "Cleanup", Time since last: 1000275700 ns, Reaching safepoint: 555100 ns, At safepoint: 129600 ns, Total: 684700 ns
[2020-04-26T17:52:56.238+0000][1][safepoint    ] Safepoint "Cleanup", Time since last: 1000610800 ns, Reaching safepoint: 524800 ns, At safepoint: 132000 ns, Total: 656800 ns
[2020-04-26T17:52:57.239+0000][1][safepoint    ] Safepoint "Cleanup", Time since last: 1000618600 ns, Reaching safepoint: 246900 ns, At safepoint: 69400 ns, Total: 316300 ns
[2020-04-26T17:52:58.240+0000][1][safepoint    ] Safepoint "Cleanup", Time since last: 1000549200 ns, Reaching safepoint: 316100 ns, At safepoint: 90900 ns, Total: 407000 ns
[2020-04-26T17:52:59.240+0000][1][safepoint    ] Safepoint "Cleanup", Time since last: 1000211300 ns, Reaching safepoint: 137400 ns, At safepoint: 29100 ns, Total: 166500 ns
[2020-04-26T17:53:00.241+0000][1][safepoint    ] Safepoint "Cleanup", Time since last: 1000373000 ns, Reaching safepoint: 545900 ns, At safepoint: 86700 ns, Total: 632600 ns
[2020-04-26T17:53:01.242+0000][1][safepoint    ] Safepoint "Cleanup", Time since last: 1000366200 ns, Reaching safepoint: 376000 ns, At safepoint: 45600 ns, Total: 421600 ns
[2020-04-26T17:53:02.243+0000][1][safepoint    ] Safepoint "Cleanup", Time since last: 1000597300 ns, Reaching safepoint: 133900 ns, At safepoint: 31100 ns, Total: 165000 ns
[2020-04-26T17:53:03.244+0000][1][safepoint    ] Safepoint "Cleanup", Time since last: 1000349300 ns, Reaching safepoint: 505400 ns, At safepoint: 129200 ns, Total: 634600 ns
[2020-04-26T17:53:04.387+0000][1][safepoint    ] Safepoint "Cleanup", Time since last: 1142392700 ns, Reaching safepoint: 468300 ns, At safepoint: 129000 ns, Total: 597300 ns
[2020-04-26T17:53:05.388+0000][1][safepoint    ] Safepoint "Cleanup", Time since last: 1000476500 ns, Reaching safepoint: 651200 ns, At safepoint: 185100 ns, Total: 836300 ns
[2020-04-26T17:53:06.389+0000][1][safepoint    ] Safepoint "Cleanup", Time since last: 1000394100 ns, Reaching safepoint: 232600 ns, At safepoint: 59700 ns, Total: 292300 ns
[2020-04-26T17:53:07.390+0000][1][safepoint    ] Safepoint "Cleanup", Time since last: 1000347600 ns, Reaching safepoint: 255300 ns, At safepoint: 83600 ns, Total: 338900 ns
[2020-04-26T17:53:08.391+0000][1][safepoint    ] Safepoint "Cleanup", Time since last: 1000470500 ns, Reaching safepoint: 579600 ns, At safepoint: 134300 ns, Total: 713900 ns
[2020-04-26T17:53:09.392+0000][1][safepoint    ] Safepoint "Cleanup", Time since last: 1000780600 ns, Reaching safepoint: 468500 ns, At safepoint: 148100 ns, Total: 616600 ns
[2020-04-26T17:53:10.393+0000][1][safepoint    ] Safepoint "Cleanup", Time since last: 1000318100 ns, Reaching safepoint: 273700 ns, At safepoint: 88800 ns, Total: 362500 ns
[2020-04-26T17:53:11.394+0000][1][safepoint    ] Safepoint "Cleanup", Time since last: 1000611200 ns, Reaching safepoint: 274700 ns, At safepoint: 77600 ns, Total: 352300 ns
[2020-04-26T17:53:12.144+0000][1][safepoint    ] Safepoint "RevokeBias", Time since last: 750164500 ns, Reaching safepoint: 131100 ns, At safepoint: 56700 ns, Total: 187800 ns
[2020-04-26T17:53:12.145+0000][1][safepoint    ] Safepoint "RevokeBias", Time since last: 256700 ns, Reaching safepoint: 193000 ns, At safepoint: 86000 ns, Total: 279000 ns
[2020-04-26T17:53:12.149+0000][1][safepoint    ] Safepoint "RevokeBias", Time since last: 4063200 ns, Reaching safepoint: 123100 ns, At safepoint: 54600 ns, Total: 177700 ns
[2020-04-26T17:53:12.149+0000][1][safepoint    ] Safepoint "RevokeBias", Time since last: 160400 ns, Reaching safepoint: 210100 ns, At safepoint: 112000 ns, Total: 322100 ns
[2020-04-26T17:53:13.150+0000][1][safepoint    ] Safepoint "Cleanup", Time since last: 1000462300 ns, Reaching safepoint: 219100 ns, At safepoint: 59000 ns, Total: 278100 ns
[2020-04-26T17:53:14.151+0000][1][safepoint    ] Safepoint "Cleanup", Time since last: 1000517100 ns, Reaching safepoint: 198900 ns, At safepoint: 51800 ns, Total: 250700 ns
[2020-04-26T17:53:15.152+0000][1][safepoint    ] Safepoint "Cleanup", Time since last: 1000254000 ns, Reaching safepoint: 278400 ns, At safepoint: 116000 ns, Total: 394400 ns
[2020-04-26T17:53:16.152+0000][1][safepoint    ] Safepoint "Cleanup", Time since last: 1000530400 ns, Reaching safepoint: 173800 ns, At safepoint: 36700 ns, Total: 210500 ns
[2020-04-26T17:53:17.153+0000][1][safepoint    ] Safepoint "Cleanup", Time since last: 1000462500 ns, Reaching safepoint: 142200 ns, At safepoint: 62900 ns, Total: 205100 ns
[2020-04-26T17:53:18.154+0000][1][safepoint    ] Safepoint "Cleanup", Time since last: 1000238700 ns, Reaching safepoint: 439700 ns, At safepoint: 245400 ns, Total: 685100 ns
[2020-04-26T17:53:19.155+0000][1][safepoint    ] Safepoint "Cleanup", Time since last: 1000309800 ns, Reaching safepoint: 582000 ns, At safepoint: 122900 ns, Total: 704900 ns
[2020-04-26T17:53:20.156+0000][1][safepoint    ] Safepoint "Cleanup", Time since last: 1000302500 ns, Reaching safepoint: 200900 ns, At safepoint: 53200 ns, Total: 254100 ns
[2020-04-26T17:53:21.157+0000][1][safepoint    ] Safepoint "Cleanup", Time since last: 1000468200 ns, Reaching safepoint: 457600 ns, At safepoint: 361200 ns, Total: 818800 ns
[2020-04-26T17:53:22.158+0000][1][safepoint    ] Safepoint "Cleanup", Time since last: 1000500200 ns, Reaching safepoint: 463200 ns, At safepoint: 188500 ns, Total: 651700 ns
[2020-04-26T17:53:23.159+0000][1][safepoint    ] Safepoint "Cleanup", Time since last: 1000396900 ns, Reaching safepoint: 143100 ns, At safepoint: 35600 ns, Total: 178700 ns
[2020-04-26T17:53:24.159+0000][1][safepoint    ] Safepoint "Cleanup", Time since last: 1000260600 ns, Reaching safepoint: 349600 ns, At safepoint: 76300 ns, Total: 425900 ns
[2020-04-26T17:53:25.160+0000][1][safepoint    ] Safepoint "Cleanup", Time since last: 1000645900 ns, Reaching safepoint: 292200 ns, At safepoint: 83100 ns, Total: 375300 ns
[2020-04-26T17:53:26.161+0000][1][safepoint    ] Safepoint "Cleanup", Time since last: 1000588500 ns, Reaching safepoint: 478500 ns, At safepoint: 138500 ns, Total: 617000 ns
[2020-04-26T17:53:27.162+0000][1][safepoint    ] Safepoint "Cleanup", Time since last: 1000260900 ns, Reaching safepoint: 299200 ns, At safepoint: 80100 ns, Total: 379300 ns
[2020-04-26T17:53:28.163+0000][1][safepoint    ] Safepoint "Cleanup", Time since last: 1000653200 ns, Reaching safepoint: 144000 ns, At safepoint: 34300 ns, Total: 178300 ns
[2020-04-26T17:53:29.163+0000][1][safepoint    ] Safepoint "Cleanup", Time since last: 1000298100 ns, Reaching safepoint: 137600 ns, At safepoint: 27700 ns, Total: 165300 ns
[2020-04-26T17:53:30.164+0000][1][safepoint    ] Safepoint "Cleanup", Time since last: 1000647200 ns, Reaching safepoint: 257700 ns, At safepoint: 74400 ns, Total: 332100 ns
[2020-04-26T17:53:31.165+0000][1][safepoint    ] Safepoint "Cleanup", Time since last: 1000554500 ns, Reaching safepoint: 226400 ns, At safepoint: 61100 ns, Total: 287500 ns
[2020-04-26T17:53:32.166+0000][1][safepoint    ] Safepoint "Cleanup", Time since last: 1000341600 ns, Reaching safepoint: 382200 ns, At safepoint: 146000 ns, Total: 528200 ns
[2020-04-26T17:53:33.167+0000][1][safepoint    ] Safepoint "Cleanup", Time since last: 1000515900 ns, Reaching safepoint: 167800 ns, At safepoint: 41900 ns, Total: 209700 ns
[2020-04-26T17:53:34.168+0000][1][safepoint    ] Safepoint "Cleanup", Time since last: 1000631200 ns, Reaching safepoint: 163200 ns, At safepoint: 35600 ns, Total: 198800 ns
[2020-04-26T17:53:35.168+0000][1][safepoint    ] Safepoint "Cleanup", Time since last: 1000373900 ns, Reaching safepoint: 156200 ns, At safepoint: 38400 ns, Total: 194600 ns
[2020-04-26T17:53:36.169+0000][1][safepoint    ] Safepoint "Cleanup", Time since last: 1000463300 ns, Reaching safepoint: 222900 ns, At safepoint: 68500 ns, Total: 291400 ns
[2020-04-26T17:53:37.169+0000][1][safepoint    ] Safepoint "Cleanup", Time since last: 1000254300 ns, Reaching safepoint: 169000 ns, At safepoint: 52600 ns, Total: 221600 ns
[2020-04-26T17:53:38.170+0000][1][safepoint    ] Safepoint "Cleanup", Time since last: 1000236100 ns, Reaching safepoint: 180300 ns, At safepoint: 34300 ns, Total: 214600 ns
[2020-04-26T17:53:39.170+0000][1][safepoint    ] Safepoint "Cleanup", Time since last: 1000149600 ns, Reaching safepoint: 145900 ns, At safepoint: 32800 ns, Total: 178700 ns
[2020-04-26T17:53:40.171+0000][1][safepoint    ] Safepoint "Cleanup", Time since last: 1000336700 ns, Reaching safepoint: 492700 ns, At safepoint: 143000 ns, Total: 635700 ns
[2020-04-26T17:53:41.172+0000][1][safepoint    ] Safepoint "Cleanup", Time since last: 1000181100 ns, Reaching safepoint: 135100 ns, At safepoint: 31600 ns, Total: 166700 ns
[2020-04-26T17:53:42.172+0000][1][safepoint    ] Safepoint "Cleanup", Time since last: 1000431400 ns, Reaching safepoint: 190100 ns, At safepoint: 49900 ns, Total: 240000 ns
[2020-04-26T17:53:43.173+0000][1][safepoint    ] Safepoint "Cleanup", Time since last: 1000247000 ns, Reaching safepoint: 148600 ns, At safepoint: 31800 ns, Total: 180400 ns
[2020-04-26T17:53:44.173+0000][1][safepoint    ] Safepoint "Cleanup", Time since last: 1000212000 ns, Reaching safepoint: 137400 ns, At safepoint: 31300 ns, Total: 168700 ns
[2020-04-26T17:53:45.173+0000][1][safepoint    ] Safepoint "Cleanup", Time since last: 1000159800 ns, Reaching safepoint: 193700 ns, At safepoint: 48800 ns, Total: 242500 ns
[2020-04-26T17:53:46.174+0000][1][safepoint    ] Safepoint "Cleanup", Time since last: 1000177700 ns, Reaching safepoint: 139700 ns, At safepoint: 32700 ns, Total: 172400 ns
[2020-04-26T17:53:47.174+0000][1][safepoint    ] Safepoint "Cleanup", Time since last: 1000133900 ns, Reaching safepoint: 137700 ns, At safepoint: 31200 ns, Total: 168900 ns
[2020-04-26T17:53:48.175+0000][1][safepoint    ] Safepoint "Cleanup", Time since last: 1000226300 ns, Reaching safepoint: 202200 ns, At safepoint: 37400 ns, Total: 239600 ns
[2020-04-26T17:53:49.176+0000][1][safepoint    ] Safepoint "Cleanup", Time since last: 1000617200 ns, Reaching safepoint: 514600 ns, At safepoint: 134900 ns, Total: 649500 ns
[2020-04-26T17:53:50.176+0000][1][safepoint    ] Safepoint "Cleanup", Time since last: 1000470000 ns, Reaching safepoint: 160800 ns, At safepoint: 41100 ns, Total: 201900 ns
[2020-04-26T17:53:51.177+0000][1][safepoint    ] Safepoint "Cleanup", Time since last: 1000455000 ns, Reaching safepoint: 423900 ns, At safepoint: 128100 ns, Total: 552000 ns
[2020-04-26T17:53:52.178+0000][1][safepoint    ] Safepoint "Cleanup", Time since last: 1000352300 ns, Reaching safepoint: 401400 ns, At safepoint: 83500 ns, Total: 484900 ns
[2020-04-26T17:53:53.179+0000][1][safepoint    ] Safepoint "Cleanup", Time since last: 1000382500 ns, Reaching safepoint: 269600 ns, At safepoint: 78800 ns, Total: 348400 ns
[2020-04-26T17:53:54.180+0000][1][safepoint    ] Safepoint "Cleanup", Time since last: 1000340600 ns, Reaching safepoint: 137200 ns, At safepoint: 27700 ns, Total: 164900 ns
[2020-04-26T17:53:55.180+0000][1][safepoint    ] Safepoint "Cleanup", Time since last: 1000200500 ns, Reaching safepoint: 140700 ns, At safepoint: 33600 ns, Total: 174300 ns
[2020-04-26T17:53:56.181+0000][1][safepoint    ] Safepoint "Cleanup", Time since last: 1000491700 ns, Reaching safepoint: 478200 ns, At safepoint: 148900 ns, Total: 627100 ns
[2020-04-26T17:53:57.182+0000][1][safepoint    ] Safepoint "Cleanup", Time since last: 1000302100 ns, Reaching safepoint: 258400 ns, At safepoint: 69200 ns, Total: 327600 ns
[2020-04-26T17:53:58.183+0000][1][safepoint    ] Safepoint "Cleanup", Time since last: 1000425900 ns, Reaching safepoint: 568300 ns, At safepoint: 139800 ns, Total: 708100 ns
[2020-04-26T17:53:59.183+0000][1][safepoint    ] Safepoint "Cleanup", Time since last: 1000271800 ns, Reaching safepoint: 257900 ns, At safepoint: 82300 ns, Total: 340200 ns
[2020-04-26T17:54:00.184+0000][1][safepoint    ] Safepoint "Cleanup", Time since last: 1000192500 ns, Reaching safepoint: 150500 ns, At safepoint: 40800 ns, Total: 191300 ns
[2020-04-26T17:54:01.184+0000][1][safepoint    ] Safepoint "Cleanup", Time since last: 1000155300 ns, Reaching safepoint: 149400 ns, At safepoint: 30100 ns, Total: 179500 ns
[2020-04-26T17:54:02.185+0000][1][safepoint    ] Safepoint "Cleanup", Time since last: 1000214000 ns, Reaching safepoint: 342700 ns, At safepoint: 40500 ns, Total: 383200 ns
[2020-04-26T17:54:03.186+0000][1][safepoint    ] Safepoint "Cleanup", Time since last: 1000568500 ns, Reaching safepoint: 446200 ns, At safepoint: 138200 ns, Total: 584400 ns
[2020-04-26T17:54:04.187+0000][1][safepoint    ] Safepoint "Cleanup", Time since last: 1000499800 ns, Reaching safepoint: 305600 ns, At safepoint: 49800 ns, Total: 355400 ns
[2020-04-26T17:54:05.187+0000][1][safepoint    ] Safepoint "Cleanup", Time since last: 1000498500 ns, Reaching safepoint: 145500 ns, At safepoint: 34000 ns, Total: 179500 ns
[2020-04-26T17:54:06.188+0000][1][safepoint    ] Safepoint "Cleanup", Time since last: 1000274800 ns, Reaching safepoint: 340900 ns, At safepoint: 98700 ns, Total: 439600 ns
[2020-04-26T17:54:07.189+0000][1][safepoint    ] Safepoint "Cleanup", Time since last: 1000437300 ns, Reaching safepoint: 373000 ns, At safepoint: 81600 ns, Total: 454600 ns
[2020-04-26T17:54:08.210+0000][1][safepoint    ] Safepoint "Cleanup", Time since last: 1020620200 ns, Reaching safepoint: 226700 ns, At safepoint: 63700 ns, Total: 290400 ns
[2020-04-26T17:54:09.211+0000][1][safepoint    ] Safepoint "Cleanup", Time since last: 1000355100 ns, Reaching safepoint: 335600 ns, At safepoint: 95700 ns, Total: 431300 ns
[2020-04-26T17:54:10.212+0000][1][safepoint    ] Safepoint "Cleanup", Time since last: 1000738100 ns, Reaching safepoint: 446300 ns, At safepoint: 134800 ns, Total: 581100 ns
[2020-04-26T17:54:11.212+0000][1][safepoint    ] Safepoint "Cleanup", Time since last: 1000207100 ns, Reaching safepoint: 137500 ns, At safepoint: 31600 ns, Total: 169100 ns
[2020-04-26T17:54:12.213+0000][1][safepoint    ] Safepoint "Cleanup", Time since last: 1000408400 ns, Reaching safepoint: 446900 ns, At safepoint: 147300 ns, Total: 594200 ns
[2020-04-26T17:54:13.144+0000][1][safepoint    ] Safepoint "RevokeBias", Time since last: 930868100 ns, Reaching safepoint: 156900 ns, At safepoint: 52500 ns, Total: 209400 ns
[2020-04-26T17:54:13.145+0000][1][safepoint    ] Safepoint "RevokeBias", Time since last: 101200 ns, Reaching safepoint: 164300 ns, At safepoint: 79300 ns, Total: 243600 ns
[2020-04-26T17:54:13.146+0000][1][safepoint    ] Safepoint "BulkRevokeBias", Time since last: 319600 ns, Reaching safepoint: 162300 ns, At safepoint: 470700 ns, Total: 633000 ns
[2020-04-26T17:54:13.150+0000][1][safepoint    ] Safepoint "RevokeBias", Time since last: 3614700 ns, Reaching safepoint: 143600 ns, At safepoint: 67800 ns, Total: 211400 ns
[2020-04-26T17:54:13.150+0000][1][safepoint    ] Safepoint "RevokeBias", Time since last: 100100 ns, Reaching safepoint: 192000 ns, At safepoint: 72200 ns, Total: 264200 ns
[2020-04-26T17:54:13.150+0000][1][safepoint    ] Safepoint "RevokeBias", Time since last: 248500 ns, Reaching safepoint: 97100 ns, At safepoint: 60000 ns, Total: 157100 ns
[2020-04-26T17:54:14.151+0000][1][safepoint    ] Safepoint "Cleanup", Time since last: 1000149300 ns, Reaching safepoint: 178400 ns, At safepoint: 28300 ns, Total: 206700 ns
[2020-04-26T17:54:15.152+0000][1][safepoint    ] Safepoint "Cleanup", Time since last: 1000348100 ns, Reaching safepoint: 452900 ns, At safepoint: 138500 ns, Total: 591400 ns
[2020-04-26T17:54:16.153+0000][1][safepoint    ] Safepoint "Cleanup", Time since last: 1000390800 ns, Reaching safepoint: 367900 ns, At safepoint: 330200 ns, Total: 698100 ns
[2020-04-26T17:54:17.330+0000][1][safepoint    ] Safepoint "Cleanup", Time since last: 1176272400 ns, Reaching safepoint: 431600 ns, At safepoint: 183400 ns, Total: 615000 ns
[2020-04-26T17:54:18.331+0000][1][safepoint    ] Safepoint "Cleanup", Time since last: 1000386200 ns, Reaching safepoint: 434000 ns, At safepoint: 133700 ns, Total: 567700 ns
[2020-04-26T17:54:19.331+0000][1][safepoint    ] Safepoint "Cleanup", Time since last: 1000398400 ns, Reaching safepoint: 124400 ns, At safepoint: 28700 ns, Total: 153100 ns
[2020-04-26T17:54:20.332+0000][1][safepoint    ] Safepoint "Cleanup", Time since last: 1000287500 ns, Reaching safepoint: 376400 ns, At safepoint: 119800 ns, Total: 496200 ns
[2020-04-26T17:54:21.332+0000][1][safepoint    ] Safepoint "Cleanup", Time since last: 1000232200 ns, Reaching safepoint: 136400 ns, At safepoint: 42500 ns, Total: 178900 ns
[2020-04-26T17:54:22.333+0000][1][safepoint    ] Safepoint "Cleanup", Time since last: 1000332300 ns, Reaching safepoint: 437300 ns, At safepoint: 134000 ns, Total: 571300 ns
[2020-04-26T17:54:23.334+0000][1][safepoint    ] Safepoint "Cleanup", Time since last: 1000382100 ns, Reaching safepoint: 466000 ns, At safepoint: 168400 ns, Total: 634400 ns
[2020-04-26T17:54:24.335+0000][1][safepoint    ] Safepoint "Cleanup", Time since last: 1000377300 ns, Reaching safepoint: 494700 ns, At safepoint: 198500 ns, Total: 693200 ns
[2020-04-26T17:54:25.336+0000][1][safepoint    ] Safepoint "Cleanup", Time since last: 1000360100 ns, Reaching safepoint: 154300 ns, At safepoint: 50200 ns, Total: 204500 ns
[2020-04-26T17:54:26.337+0000][1][safepoint    ] Safepoint "Cleanup", Time since last: 1000523600 ns, Reaching safepoint: 148300 ns, At safepoint: 46100 ns, Total: 194400 ns
[2020-04-26T17:54:27.338+0000][1][safepoint    ] Safepoint "Cleanup", Time since last: 1000477900 ns, Reaching safepoint: 595600 ns, At safepoint: 204400 ns, Total: 800000 ns
[2020-04-26T17:54:28.339+0000][1][safepoint    ] Safepoint "Cleanup", Time since last: 1000597900 ns, Reaching safepoint: 461800 ns, At safepoint: 204900 ns, Total: 666700 ns
[2020-04-26T17:54:29.340+0000][1][safepoint    ] Safepoint "Cleanup", Time since last: 1000388900 ns, Reaching safepoint: 514600 ns, At safepoint: 245000 ns, Total: 759600 ns
[2020-04-26T17:54:30.342+0000][1][safepoint    ] Safepoint "Cleanup", Time since last: 1000642600 ns, Reaching safepoint: 453600 ns, At safepoint: 205100 ns, Total: 658700 ns
[2020-04-26T17:54:31.343+0000][1][safepoint    ] Safepoint "Cleanup", Time since last: 1000500400 ns, Reaching safepoint: 714100 ns, At safepoint: 215900 ns, Total: 930000 ns
[2020-04-26T17:54:32.344+0000][1][safepoint    ] Safepoint "Cleanup", Time since last: 1000304000 ns, Reaching safepoint: 137400 ns, At safepoint: 29000 ns, Total: 166400 ns
[2020-04-26T17:54:33.345+0000][1][safepoint    ] Safepoint "Cleanup", Time since last: 1000245800 ns, Reaching safepoint: 775300 ns, At safepoint: 124100 ns, Total: 899400 ns
[2020-04-26T17:54:34.345+0000][1][safepoint    ] Safepoint "Cleanup", Time since last: 1000248300 ns, Reaching safepoint: 134100 ns, At safepoint: 31400 ns, Total: 165500 ns
[2020-04-26T17:54:35.346+0000][1][safepoint    ] Safepoint "Cleanup", Time since last: 1000226200 ns, Reaching safepoint: 162700 ns, At safepoint: 59800 ns, Total: 222500 ns
[2020-04-26T17:54:36.346+0000][1][safepoint    ] Safepoint "Cleanup", Time since last: 1000229000 ns, Reaching safepoint: 402100 ns, At safepoint: 112000 ns, Total: 514100 ns
[2020-04-26T17:54:37.347+0000][1][safepoint    ] Safepoint "Cleanup", Time since last: 1000311900 ns, Reaching safepoint: 288300 ns, At safepoint: 67900 ns, Total: 356200 ns
[2020-04-26T17:54:38.348+0000][1][safepoint    ] Safepoint "Cleanup", Time since last: 1000704100 ns, Reaching safepoint: 434800 ns, At safepoint: 139000 ns, Total: 573800 ns
[2020-04-26T17:54:39.349+0000][1][safepoint    ] Safepoint "Cleanup", Time since last: 1000279800 ns, Reaching safepoint: 215500 ns, At safepoint: 51300 ns, Total: 266800 ns
[2020-04-26T17:54:40.349+0000][1][safepoint    ] Safepoint "Cleanup", Time since last: 1000207400 ns, Reaching safepoint: 147800 ns, At safepoint: 30200 ns, Total: 178000 ns
[2020-04-26T17:54:41.350+0000][1][safepoint    ] Safepoint "Cleanup", Time since last: 1000175300 ns, Reaching safepoint: 171700 ns, At safepoint: 64400 ns, Total: 236100 ns
[2020-04-26T17:54:42.350+0000][1][safepoint    ] Safepoint "Cleanup", Time since last: 1000274000 ns, Reaching safepoint: 276600 ns, At safepoint: 75100 ns, Total: 351700 ns
[2020-04-26T17:54:43.351+0000][1][safepoint    ] Safepoint "Cleanup", Time since last: 1000250900 ns, Reaching safepoint: 273000 ns, At safepoint: 57900 ns, Total: 330900 ns
[2020-04-26T17:54:44.352+0000][1][safepoint    ] Safepoint "Cleanup", Time since last: 1000591700 ns, Reaching safepoint: 138200 ns, At safepoint: 47900 ns, Total: 186100 ns
[2020-04-26T17:54:45.352+0000][1][safepoint    ] Safepoint "Cleanup", Time since last: 1000250400 ns, Reaching safepoint: 430900 ns, At safepoint: 232700 ns, Total: 663600 ns
[2020-04-26T17:54:46.354+0000][1][safepoint    ] Safepoint "Cleanup", Time since last: 1000562200 ns, Reaching safepoint: 537400 ns, At safepoint: 271100 ns, Total: 808500 ns
[2020-04-26T17:54:47.355+0000][1][safepoint    ] Safepoint "Cleanup", Time since last: 1000582300 ns, Reaching safepoint: 464000 ns, At safepoint: 132900 ns, Total: 596900 ns
[2020-04-26T17:54:48.356+0000][1][safepoint    ] Safepoint "Cleanup", Time since last: 1000321500 ns, Reaching safepoint: 292200 ns, At safepoint: 128500 ns, Total: 420700 ns
[2020-04-26T17:54:49.356+0000][1][safepoint    ] Safepoint "Cleanup", Time since last: 1000198500 ns, Reaching safepoint: 126300 ns, At safepoint: 27500 ns, Total: 153800 ns
[2020-04-26T17:54:50.357+0000][1][safepoint    ] Safepoint "Cleanup", Time since last: 1000540200 ns, Reaching safepoint: 569900 ns, At safepoint: 142300 ns, Total: 712200 ns
[2020-04-26T17:54:51.358+0000][1][safepoint    ] Safepoint "Cleanup", Time since last: 1000311000 ns, Reaching safepoint: 290600 ns, At safepoint: 93700 ns, Total: 384300 ns
[2020-04-26T17:54:52.359+0000][1][safepoint    ] Safepoint "Cleanup", Time since last: 1000315600 ns, Reaching safepoint: 498100 ns, At safepoint: 193700 ns, Total: 691800 ns
[2020-04-26T17:54:53.360+0000][1][safepoint    ] Safepoint "Cleanup", Time since last: 1000390800 ns, Reaching safepoint: 522300 ns, At safepoint: 141900 ns, Total: 664200 ns
[2020-04-26T17:54:54.361+0000][1][safepoint    ] Safepoint "Cleanup", Time since last: 1000400800 ns, Reaching safepoint: 557000 ns, At safepoint: 135500 ns, Total: 692500 ns
[2020-04-26T17:54:55.362+0000][1][safepoint    ] Safepoint "Cleanup", Time since last: 1000317100 ns, Reaching safepoint: 154900 ns, At safepoint: 29000 ns, Total: 183900 ns
[2020-04-26T17:54:56.362+0000][1][safepoint    ] Safepoint "Cleanup", Time since last: 1000172600 ns, Reaching safepoint: 147200 ns, At safepoint: 34100 ns, Total: 181300 ns
[2020-04-26T17:54:57.363+0000][1][safepoint    ] Safepoint "Cleanup", Time since last: 1000475100 ns, Reaching safepoint: 236700 ns, At safepoint: 188500 ns, Total: 425200 ns
[2020-04-26T17:54:58.357+0000][1][gc,start     ] GC(68) Pause Young (Allocation Failure)
[2020-04-26T17:54:58.357+0000][1][gc,task      ] GC(68) Using 10 workers of 10 for evacuation
[2020-04-26T17:54:58.365+0000][1][gc,age       ] GC(68) Desired survivor size 8945664 bytes, new threshold 6 (max threshold 6)
[2020-04-26T17:54:58.365+0000][1][gc,age       ] GC(68) Age table with threshold 6 (max threshold 6)
[2020-04-26T17:54:58.365+0000][1][gc,age       ] GC(68) - age   1:     113848 bytes,     113848 total
[2020-04-26T17:54:58.365+0000][1][gc,age       ] GC(68) - age   2:     252360 bytes,     366208 total
[2020-04-26T17:54:58.365+0000][1][gc,age       ] GC(68) - age   3:      18936 bytes,     385144 total
[2020-04-26T17:54:58.365+0000][1][gc,age       ] GC(68) - age   4:    7034672 bytes,    7419816 total
[2020-04-26T17:54:58.365+0000][1][gc,age       ] GC(68) - age   5:      17000 bytes,    7436816 total
[2020-04-26T17:54:58.365+0000][1][gc,age       ] GC(68) - age   6:      15048 bytes,    7451864 total
[2020-04-26T17:54:58.366+0000][1][gc,heap      ] GC(68) ParNew: 147187K->7574K(157248K)
[2020-04-26T17:54:58.366+0000][1][gc,heap      ] GC(68) CMS: 81371K->81462K(349568K)
[2020-04-26T17:54:58.366+0000][1][gc,metaspace ] GC(68) Metaspace: 99558K->99558K(1140736K)
[2020-04-26T17:54:58.366+0000][1][gc           ] GC(68) Pause Young (Allocation Failure) 223M->86M(494M) 8.754ms
[2020-04-26T17:54:58.366+0000][1][gc,cpu       ] GC(68) User=0.04s Sys=0.01s Real=0.01s
[2020-04-26T17:54:58.366+0000][1][safepoint    ] Safepoint "GenCollectForAllocation", Time since last: 993583300 ns, Reaching safepoint: 377100 ns, At safepoint: 9312300 ns, Total: 9689400 ns
[2020-04-26T17:54:59.367+0000][1][safepoint    ] Safepoint "Cleanup", Time since last: 1000274300 ns, Reaching safepoint: 135100 ns, At safepoint: 28500 ns, Total: 163600 ns
[2020-04-26T17:55:00.368+0000][1][safepoint    ] Safepoint "Cleanup", Time since last: 1000316800 ns, Reaching safepoint: 438400 ns, At safepoint: 220700 ns, Total: 659100 ns
[2020-04-26T17:55:01.368+0000][1][safepoint    ] Safepoint "RevokeBias", Time since last: 999908700 ns, Reaching safepoint: 317400 ns, At safepoint: 61800 ns, Total: 379200 ns
[2020-04-26T17:55:01.368+0000][1][safepoint    ] Safepoint "RevokeBias", Time since last: 210900 ns, Reaching safepoint: 215400 ns, At safepoint: 72500 ns, Total: 287900 ns
[2020-04-26T17:55:01.369+0000][1][safepoint    ] Safepoint "RevokeBias", Time since last: 742000 ns, Reaching safepoint: 190200 ns, At safepoint: 46900 ns, Total: 237100 ns
[2020-04-26T17:55:01.370+0000][1][safepoint    ] Safepoint "RevokeBias", Time since last: 143700 ns, Reaching safepoint: 152800 ns, At safepoint: 59500 ns, Total: 212300 ns
[2020-04-26T17:55:01.370+0000][1][safepoint    ] Safepoint "RevokeBias", Time since last: 100100 ns, Reaching safepoint: 138500 ns, At safepoint: 41500 ns, Total: 180000 ns
[2020-04-26T17:55:01.370+0000][1][safepoint    ] Safepoint "RevokeBias", Time since last: 108600 ns, Reaching safepoint: 147400 ns, At safepoint: 38400 ns, Total: 185800 ns
[2020-04-26T17:55:01.371+0000][1][safepoint    ] Safepoint "RevokeBias", Time since last: 99800 ns, Reaching safepoint: 124000 ns, At safepoint: 42200 ns, Total: 166200 ns
[2020-04-26T17:55:01.371+0000][1][safepoint    ] Safepoint "RevokeBias", Time since last: 94800 ns, Reaching safepoint: 163500 ns, At safepoint: 53900 ns, Total: 217400 ns
[2020-04-26T17:55:01.371+0000][1][safepoint    ] Safepoint "RevokeBias", Time since last: 175600 ns, Reaching safepoint: 108800 ns, At safepoint: 68000 ns, Total: 176800 ns
[2020-04-26T17:55:01.372+0000][1][safepoint    ] Safepoint "RevokeBias", Time since last: 183600 ns, Reaching safepoint: 171100 ns, At safepoint: 58400 ns, Total: 229500 ns
[2020-04-26T17:55:01.388+0000][1][safepoint    ] Safepoint "RevokeBias", Time since last: 15909600 ns, Reaching safepoint: 138600 ns, At safepoint: 59000 ns, Total: 197600 ns
[2020-04-26T17:55:01.388+0000][1][safepoint    ] Safepoint "RevokeBias", Time since last: 214700 ns, Reaching safepoint: 100600 ns, At safepoint: 38800 ns, Total: 139400 ns
[2020-04-26T17:55:01.405+0000][1][safepoint    ] Safepoint "RevokeBias", Time since last: 16806100 ns, Reaching safepoint: 172600 ns, At safepoint: 42800 ns, Total: 215400 ns
[2020-04-26T17:55:02.406+0000][1][safepoint    ] Safepoint "Cleanup", Time since last: 1000205800 ns, Reaching safepoint: 146000 ns, At safepoint: 46100 ns, Total: 192100 ns
[2020-04-26T17:55:03.407+0000][1][safepoint    ] Safepoint "Cleanup", Time since last: 1000397500 ns, Reaching safepoint: 665500 ns, At safepoint: 309200 ns, Total: 974700 ns
[2020-04-26T17:55:04.408+0000][1][safepoint    ] Safepoint "Cleanup", Time since last: 1000337500 ns, Reaching safepoint: 434200 ns, At safepoint: 233700 ns, Total: 667900 ns
[2020-04-26T17:55:05.409+0000][1][safepoint    ] Safepoint "Cleanup", Time since last: 1000528100 ns, Reaching safepoint: 202300 ns, At safepoint: 83900 ns, Total: 286200 ns
[2020-04-26T17:55:06.410+0000][1][safepoint    ] Safepoint "Cleanup", Time since last: 1000346500 ns, Reaching safepoint: 530500 ns, At safepoint: 205500 ns, Total: 736000 ns
[2020-04-26T17:55:08.227+0000][1][safepoint    ] Safepoint "Cleanup", Time since last: 1816781900 ns, Reaching safepoint: 451100 ns, At safepoint: 204500 ns, Total: 655600 ns
[2020-04-26T17:55:09.228+0000][1][safepoint    ] Safepoint "Cleanup", Time since last: 1000412300 ns, Reaching safepoint: 435300 ns, At safepoint: 180300 ns, Total: 615600 ns
[2020-04-26T17:55:10.229+0000][1][safepoint    ] Safepoint "Cleanup", Time since last: 1000516800 ns, Reaching safepoint: 266400 ns, At safepoint: 75700 ns, Total: 342100 ns
[2020-04-26T17:55:11.230+0000][1][safepoint    ] Safepoint "Cleanup", Time since last: 1000241500 ns, Reaching safepoint: 170900 ns, At safepoint: 43200 ns, Total: 214100 ns
[2020-04-26T17:55:12.231+0000][1][safepoint    ] Safepoint "Cleanup", Time since last: 1000304000 ns, Reaching safepoint: 486100 ns, At safepoint: 146000 ns, Total: 632100 ns
[2020-04-26T17:55:13.231+0000][1][safepoint    ] Safepoint "Cleanup", Time since last: 1000585700 ns, Reaching safepoint: 216700 ns, At safepoint: 59400 ns, Total: 276100 ns
[2020-04-26T17:55:14.232+0000][1][safepoint    ] Safepoint "Cleanup", Time since last: 1000223400 ns, Reaching safepoint: 136700 ns, At safepoint: 51200 ns, Total: 187900 ns
[2020-04-26T17:55:15.154+0000][1][safepoint    ] Safepoint "RevokeBias", Time since last: 922275000 ns, Reaching safepoint: 158200 ns, At safepoint: 90600 ns, Total: 248800 ns
[2020-04-26T17:55:15.155+0000][1][safepoint    ] Safepoint "RevokeBias", Time since last: 55400 ns, Reaching safepoint: 204800 ns, At safepoint: 97600 ns, Total: 302400 ns
[2020-04-26T17:55:15.155+0000][1][safepoint    ] Safepoint "RevokeBias", Time since last: 62700 ns, Reaching safepoint: 91800 ns, At safepoint: 99400 ns, Total: 191200 ns
[2020-04-26T17:55:15.160+0000][1][safepoint    ] Safepoint "RevokeBias", Time since last: 5061400 ns, Reaching safepoint: 135700 ns, At safepoint: 65300 ns, Total: 201000 ns
[2020-04-26T17:55:15.161+0000][1][safepoint    ] Safepoint "RevokeBias", Time since last: 264100 ns, Reaching safepoint: 206000 ns, At safepoint: 68300 ns, Total: 274300 ns
[2020-04-26T17:55:16.161+0000][1][safepoint    ] Safepoint "Cleanup", Time since last: 1000179700 ns, Reaching safepoint: 316800 ns, At safepoint: 67000 ns, Total: 383800 ns
[2020-04-26T17:55:17.162+0000][1][safepoint    ] Safepoint "Cleanup", Time since last: 1000235900 ns, Reaching safepoint: 264000 ns, At safepoint: 50000 ns, Total: 314000 ns
[2020-04-26T17:55:18.162+0000][1][safepoint    ] Safepoint "Cleanup", Time since last: 1000185600 ns, Reaching safepoint: 187900 ns, At safepoint: 68400 ns, Total: 256300 ns
[2020-04-26T17:55:19.163+0000][1][safepoint    ] Safepoint "Cleanup", Time since last: 1000296500 ns, Reaching safepoint: 400700 ns, At safepoint: 88000 ns, Total: 488700 ns
[2020-04-26T17:55:20.164+0000][1][safepoint    ] Safepoint "Cleanup", Time since last: 1000232700 ns, Reaching safepoint: 194900 ns, At safepoint: 38500 ns, Total: 233400 ns
[2020-04-26T17:55:21.165+0000][1][safepoint    ] Safepoint "Cleanup", Time since last: 1000641800 ns, Reaching safepoint: 422400 ns, At safepoint: 132300 ns, Total: 554700 ns
[2020-04-26T17:55:22.166+0000][1][safepoint    ] Safepoint "Cleanup", Time since last: 1000349900 ns, Reaching safepoint: 502000 ns, At safepoint: 131400 ns, Total: 633400 ns
[2020-04-26T17:55:23.166+0000][1][safepoint    ] Safepoint "Cleanup", Time since last: 1000229700 ns, Reaching safepoint: 140700 ns, At safepoint: 33700 ns, Total: 174400 ns
[2020-04-26T17:55:24.167+0000][1][safepoint    ] Safepoint "Cleanup", Time since last: 1000383300 ns, Reaching safepoint: 504500 ns, At safepoint: 212800 ns, Total: 717300 ns
[2020-04-26T17:55:25.168+0000][1][safepoint    ] Safepoint "Cleanup", Time since last: 1000550200 ns, Reaching safepoint: 459300 ns, At safepoint: 145900 ns, Total: 605200 ns
[2020-04-26T17:55:26.169+0000][1][safepoint    ] Safepoint "Cleanup", Time since last: 1000310600 ns, Reaching safepoint: 145400 ns, At safepoint: 28800 ns, Total: 174200 ns
[2020-04-26T17:55:27.170+0000][1][safepoint    ] Safepoint "Cleanup", Time since last: 1000466500 ns, Reaching safepoint: 311200 ns, At safepoint: 108500 ns, Total: 419700 ns
[2020-04-26T17:55:28.171+0000][1][safepoint    ] Safepoint "Cleanup", Time since last: 1000531300 ns, Reaching safepoint: 524600 ns, At safepoint: 132400 ns, Total: 657000 ns
[2020-04-26T17:55:29.172+0000][1][safepoint    ] Safepoint "Cleanup", Time since last: 1000537600 ns, Reaching safepoint: 456900 ns, At safepoint: 170300 ns, Total: 627200 ns
[2020-04-26T17:55:30.173+0000][1][safepoint    ] Safepoint "Cleanup", Time since last: 1000308300 ns, Reaching safepoint: 166000 ns, At safepoint: 37000 ns, Total: 203000 ns
[2020-04-26T17:55:31.174+0000][1][safepoint    ] Safepoint "Cleanup", Time since last: 1000304600 ns, Reaching safepoint: 468200 ns, At safepoint: 133300 ns, Total: 601500 ns
[2020-04-26T17:55:32.174+0000][1][safepoint    ] Safepoint "Cleanup", Time since last: 1000420000 ns, Reaching safepoint: 394100 ns, At safepoint: 93800 ns, Total: 487900 ns
[2020-04-26T17:55:33.176+0000][1][safepoint    ] Safepoint "Cleanup", Time since last: 1000600900 ns, Reaching safepoint: 460000 ns, At safepoint: 136600 ns, Total: 596600 ns
[2020-04-26T17:55:34.176+0000][1][safepoint    ] Safepoint "Cleanup", Time since last: 1000385900 ns, Reaching safepoint: 150200 ns, At safepoint: 34700 ns, Total: 184900 ns
[2020-04-26T17:55:35.177+0000][1][safepoint    ] Safepoint "Cleanup", Time since last: 1000326700 ns, Reaching safepoint: 215600 ns, At safepoint: 38700 ns, Total: 254300 ns
[2020-04-26T17:55:36.177+0000][1][safepoint    ] Safepoint "Cleanup", Time since last: 1000197400 ns, Reaching safepoint: 143200 ns, At safepoint: 28900 ns, Total: 172100 ns
[2020-04-26T17:55:37.178+0000][1][safepoint    ] Safepoint "Cleanup", Time since last: 1000317700 ns, Reaching safepoint: 459200 ns, At safepoint: 154300 ns, Total: 613500 ns
[2020-04-26T17:55:38.179+0000][1][safepoint    ] Safepoint "Cleanup", Time since last: 1000606200 ns, Reaching safepoint: 147800 ns, At safepoint: 35700 ns, Total: 183500 ns
[2020-04-26T17:55:39.180+0000][1][safepoint    ] Safepoint "Cleanup", Time since last: 1000357500 ns, Reaching safepoint: 458900 ns, At safepoint: 152500 ns, Total: 611400 ns
[2020-04-26T17:55:40.181+0000][1][safepoint    ] Safepoint "Cleanup", Time since last: 1000524400 ns, Reaching safepoint: 209500 ns, At safepoint: 56400 ns, Total: 265900 ns
[2020-04-26T17:55:41.181+0000][1][safepoint    ] Safepoint "Cleanup", Time since last: 1000320200 ns, Reaching safepoint: 143900 ns, At safepoint: 33800 ns, Total: 177700 ns
[2020-04-26T17:55:42.182+0000][1][safepoint    ] Safepoint "Cleanup", Time since last: 1000285400 ns, Reaching safepoint: 148600 ns, At safepoint: 32800 ns, Total: 181400 ns
[2020-04-26T17:55:43.183+0000][1][safepoint    ] Safepoint "Cleanup", Time since last: 1000321200 ns, Reaching safepoint: 447600 ns, At safepoint: 190600 ns, Total: 638200 ns
[2020-04-26T17:55:44.184+0000][1][safepoint    ] Safepoint "Cleanup", Time since last: 1000595000 ns, Reaching safepoint: 458200 ns, At safepoint: 145400 ns, Total: 603600 ns
[2020-04-26T17:55:45.185+0000][1][safepoint    ] Safepoint "Cleanup", Time since last: 1000558600 ns, Reaching safepoint: 152300 ns, At safepoint: 38800 ns, Total: 191100 ns
[2020-04-26T17:55:46.185+0000][1][safepoint    ] Safepoint "Cleanup", Time since last: 1000176400 ns, Reaching safepoint: 156200 ns, At safepoint: 29900 ns, Total: 186100 ns
[2020-04-26T17:55:47.185+0000][1][safepoint    ] Safepoint "Cleanup", Time since last: 1000193500 ns, Reaching safepoint: 184000 ns, At safepoint: 53000 ns, Total: 237000 ns
[2020-04-26T17:55:48.186+0000][1][safepoint    ] Safepoint "Cleanup", Time since last: 1000182800 ns, Reaching safepoint: 170600 ns, At safepoint: 33200 ns, Total: 203800 ns
[2020-04-26T17:55:49.186+0000][1][safepoint    ] Safepoint "Cleanup", Time since last: 1000193900 ns, Reaching safepoint: 311300 ns, At safepoint: 70300 ns, Total: 381600 ns
[2020-04-26T17:55:50.187+0000][1][safepoint    ] Safepoint "Cleanup", Time since last: 1000359700 ns, Reaching safepoint: 623900 ns, At safepoint: 144600 ns, Total: 768500 ns
[2020-04-26T17:55:51.188+0000][1][safepoint    ] Safepoint "Cleanup", Time since last: 1000292800 ns, Reaching safepoint: 216100 ns, At safepoint: 52400 ns, Total: 268500 ns
[2020-04-26T17:55:52.189+0000][1][safepoint    ] Safepoint "Cleanup", Time since last: 1000533200 ns, Reaching safepoint: 148400 ns, At safepoint: 35100 ns, Total: 183500 ns
[2020-04-26T17:55:53.190+0000][1][safepoint    ] Safepoint "Cleanup", Time since last: 1000360500 ns, Reaching safepoint: 465800 ns, At safepoint: 137500 ns, Total: 603300 ns
[2020-04-26T17:55:54.191+0000][1][safepoint    ] Safepoint "Cleanup", Time since last: 1000345200 ns, Reaching safepoint: 401000 ns, At safepoint: 93400 ns, Total: 494400 ns
[2020-04-26T17:55:55.191+0000][1][safepoint    ] Safepoint "Cleanup", Time since last: 1000364100 ns, Reaching safepoint: 449300 ns, At safepoint: 108900 ns, Total: 558200 ns
[2020-04-26T17:55:56.192+0000][1][safepoint    ] Safepoint "Cleanup", Time since last: 1000265600 ns, Reaching safepoint: 147100 ns, At safepoint: 37100 ns, Total: 184200 ns
[2020-04-26T17:55:57.192+0000][1][safepoint    ] Safepoint "Cleanup", Time since last: 1000186300 ns, Reaching safepoint: 229000 ns, At safepoint: 34200 ns, Total: 263200 ns
[2020-04-26T17:55:58.193+0000][1][safepoint    ] Safepoint "Cleanup", Time since last: 1000203300 ns, Reaching safepoint: 146000 ns, At safepoint: 33000 ns, Total: 179000 ns
[2020-04-26T17:55:59.193+0000][1][safepoint    ] Safepoint "Cleanup", Time since last: 1000181900 ns, Reaching safepoint: 289200 ns, At safepoint: 37900 ns, Total: 327100 ns
[2020-04-26T17:56:00.194+0000][1][safepoint    ] Safepoint "Cleanup", Time since last: 1000187700 ns, Reaching safepoint: 148100 ns, At safepoint: 32500 ns, Total: 180600 ns
[2020-04-26T17:56:01.194+0000][1][safepoint    ] Safepoint "Cleanup", Time since last: 1000197900 ns, Reaching safepoint: 161600 ns, At safepoint: 40500 ns, Total: 202100 ns
[2020-04-26T17:56:02.195+0000][1][safepoint    ] Safepoint "Cleanup", Time since last: 1000566700 ns, Reaching safepoint: 135800 ns, At safepoint: 31100 ns, Total: 166900 ns
[2020-04-26T17:56:03.195+0000][1][safepoint    ] Safepoint "Cleanup", Time since last: 1000266800 ns, Reaching safepoint: 225800 ns, At safepoint: 74400 ns, Total: 300200 ns
[2020-04-26T17:56:04.196+0000][1][safepoint    ] Safepoint "Cleanup", Time since last: 1000451700 ns, Reaching safepoint: 547000 ns, At safepoint: 194500 ns, Total: 741500 ns
[2020-04-26T17:56:05.197+0000][1][safepoint    ] Safepoint "Cleanup", Time since last: 1000663600 ns, Reaching safepoint: 164600 ns, At safepoint: 33800 ns, Total: 198400 ns
[2020-04-26T17:56:06.198+0000][1][safepoint    ] Safepoint "Cleanup", Time since last: 1000452300 ns, Reaching safepoint: 463100 ns, At safepoint: 141800 ns, Total: 604900 ns
[2020-04-26T17:56:07.199+0000][1][safepoint    ] Safepoint "Cleanup", Time since last: 1000334800 ns, Reaching safepoint: 295100 ns, At safepoint: 73300 ns, Total: 368400 ns
[2020-04-26T17:56:08.200+0000][1][safepoint    ] Safepoint "Cleanup", Time since last: 1000659500 ns, Reaching safepoint: 435400 ns, At safepoint: 136300 ns, Total: 571700 ns
[2020-04-26T17:56:09.201+0000][1][safepoint    ] Safepoint "Cleanup", Time since last: 1000395900 ns, Reaching safepoint: 475000 ns, At safepoint: 157300 ns, Total: 632300 ns
[2020-04-26T17:56:10.202+0000][1][safepoint    ] Safepoint "Cleanup", Time since last: 1000320200 ns, Reaching safepoint: 300600 ns, At safepoint: 67200 ns, Total: 367800 ns
[2020-04-26T17:56:11.202+0000][1][safepoint    ] Safepoint "Cleanup", Time since last: 1000184300 ns, Reaching safepoint: 135600 ns, At safepoint: 28300 ns, Total: 163900 ns
[2020-04-26T17:56:12.203+0000][1][safepoint    ] Safepoint "Cleanup", Time since last: 1000224400 ns, Reaching safepoint: 162800 ns, At safepoint: 40800 ns, Total: 203600 ns
[2020-04-26T17:56:13.203+0000][1][safepoint    ] Safepoint "Cleanup", Time since last: 1000252500 ns, Reaching safepoint: 266200 ns, At safepoint: 71600 ns, Total: 337800 ns
[2020-04-26T17:56:14.204+0000][1][safepoint    ] Safepoint "Cleanup", Time since last: 1000228500 ns, Reaching safepoint: 142200 ns, At safepoint: 31900 ns, Total: 174100 ns
[2020-04-26T17:56:15.205+0000][1][safepoint    ] Safepoint "Cleanup", Time since last: 1000296200 ns, Reaching safepoint: 467500 ns, At safepoint: 139800 ns, Total: 607300 ns
[2020-04-26T17:56:16.205+0000][1][safepoint    ] Safepoint "Cleanup", Time since last: 1000213400 ns, Reaching safepoint: 142300 ns, At safepoint: 35000 ns, Total: 177300 ns
[2020-04-26T17:56:17.150+0000][1][safepoint    ] Safepoint "RevokeBias", Time since last: 944306600 ns, Reaching safepoint: 219100 ns, At safepoint: 117900 ns, Total: 337000 ns
[2020-04-26T17:56:17.150+0000][1][safepoint    ] Safepoint "RevokeBias", Time since last: 91700 ns, Reaching safepoint: 416500 ns, At safepoint: 128600 ns, Total: 545100 ns
[2020-04-26T17:56:17.151+0000][1][safepoint    ] Safepoint "RevokeBias", Time since last: 63000 ns, Reaching safepoint: 325700 ns, At safepoint: 129600 ns, Total: 455300 ns
[2020-04-26T17:56:17.157+0000][1][safepoint    ] Safepoint "RevokeBias", Time since last: 5881600 ns, Reaching safepoint: 149000 ns, At safepoint: 64100 ns, Total: 213100 ns
[2020-04-26T17:56:17.157+0000][1][safepoint    ] Safepoint "RevokeBias", Time since last: 183400 ns, Reaching safepoint: 255700 ns, At safepoint: 63700 ns, Total: 319400 ns
[2020-04-26T17:56:18.158+0000][1][safepoint    ] Safepoint "Cleanup", Time since last: 1000207000 ns, Reaching safepoint: 146400 ns, At safepoint: 31900 ns, Total: 178300 ns
[2020-04-26T17:56:19.159+0000][1][safepoint    ] Safepoint "Cleanup", Time since last: 1000287300 ns, Reaching safepoint: 470900 ns, At safepoint: 114900 ns, Total: 585800 ns
[2020-04-26T17:56:20.159+0000][1][safepoint    ] Safepoint "Cleanup", Time since last: 1000199900 ns, Reaching safepoint: 140600 ns, At safepoint: 30700 ns, Total: 171300 ns
[2020-04-26T17:56:21.160+0000][1][safepoint    ] Safepoint "Cleanup", Time since last: 1000322500 ns, Reaching safepoint: 457800 ns, At safepoint: 130800 ns, Total: 588600 ns
[2020-04-26T17:56:22.161+0000][1][safepoint    ] Safepoint "Cleanup", Time since last: 1000743100 ns, Reaching safepoint: 435400 ns, At safepoint: 139300 ns, Total: 574700 ns
[2020-04-26T17:56:23.510+0000][1][safepoint    ] Safepoint "Cleanup", Time since last: 1347825300 ns, Reaching safepoint: 435400 ns, At safepoint: 148800 ns, Total: 584200 ns
[2020-04-26T17:56:24.510+0000][1][safepoint    ] Safepoint "Cleanup", Time since last: 1000246300 ns, Reaching safepoint: 132400 ns, At safepoint: 28900 ns, Total: 161300 ns
[2020-04-26T17:56:25.511+0000][1][safepoint    ] Safepoint "Cleanup", Time since last: 1000521300 ns, Reaching safepoint: 435500 ns, At safepoint: 133200 ns, Total: 568700 ns
[2020-04-26T17:56:26.512+0000][1][safepoint    ] Safepoint "Cleanup", Time since last: 1000374300 ns, Reaching safepoint: 514100 ns, At safepoint: 127500 ns, Total: 641600 ns
[2020-04-26T17:56:27.513+0000][1][safepoint    ] Safepoint "Cleanup", Time since last: 1000592900 ns, Reaching safepoint: 318000 ns, At safepoint: 84700 ns, Total: 402700 ns
[2020-04-26T17:56:28.514+0000][1][safepoint    ] Safepoint "Cleanup", Time since last: 1000379200 ns, Reaching safepoint: 139600 ns, At safepoint: 29900 ns, Total: 169500 ns
[2020-04-26T17:56:29.514+0000][1][safepoint    ] Safepoint "Cleanup", Time since last: 1000301600 ns, Reaching safepoint: 148800 ns, At safepoint: 27600 ns, Total: 176400 ns
[2020-04-26T17:56:30.515+0000][1][safepoint    ] Safepoint "Cleanup", Time since last: 1000471100 ns, Reaching safepoint: 259800 ns, At safepoint: 70300 ns, Total: 330100 ns
[2020-04-26T17:56:31.516+0000][1][safepoint    ] Safepoint "Cleanup", Time since last: 1000246200 ns, Reaching safepoint: 302900 ns, At safepoint: 85600 ns, Total: 388500 ns
[2020-04-26T17:56:32.516+0000][1][safepoint    ] Safepoint "Cleanup", Time since last: 1000264400 ns, Reaching safepoint: 342800 ns, At safepoint: 83300 ns, Total: 426100 ns
[2020-04-26T17:56:33.517+0000][1][safepoint    ] Safepoint "Cleanup", Time since last: 1000205800 ns, Reaching safepoint: 171700 ns, At safepoint: 47000 ns, Total: 218700 ns
[2020-04-26T17:56:34.518+0000][1][safepoint    ] Safepoint "Cleanup", Time since last: 1000529800 ns, Reaching safepoint: 398000 ns, At safepoint: 113600 ns, Total: 511600 ns
[2020-04-26T17:56:35.518+0000][1][safepoint    ] Safepoint "Cleanup", Time since last: 1000195500 ns, Reaching safepoint: 136400 ns, At safepoint: 28700 ns, Total: 165100 ns
[2020-04-26T17:56:36.519+0000][1][safepoint    ] Safepoint "Cleanup", Time since last: 1000177100 ns, Reaching safepoint: 231100 ns, At safepoint: 30500 ns, Total: 261600 ns
[2020-04-26T17:56:37.519+0000][1][safepoint    ] Safepoint "Cleanup", Time since last: 1000329200 ns, Reaching safepoint: 187200 ns, At safepoint: 35700 ns, Total: 222900 ns
[2020-04-26T17:56:38.520+0000][1][safepoint    ] Safepoint "Cleanup", Time since last: 1000225000 ns, Reaching safepoint: 136400 ns, At safepoint: 30900 ns, Total: 167300 ns
[2020-04-26T17:56:39.521+0000][1][safepoint    ] Safepoint "Cleanup", Time since last: 1000313700 ns, Reaching safepoint: 439100 ns, At safepoint: 182000 ns, Total: 621100 ns
[2020-04-26T17:56:40.522+0000][1][safepoint    ] Safepoint "Cleanup", Time since last: 1000585300 ns, Reaching safepoint: 439200 ns, At safepoint: 132500 ns, Total: 571700 ns
[2020-04-26T17:56:41.523+0000][1][safepoint    ] Safepoint "Cleanup", Time since last: 1000478400 ns, Reaching safepoint: 610900 ns, At safepoint: 131700 ns, Total: 742600 ns
[2020-04-26T17:56:42.524+0000][1][safepoint    ] Safepoint "Cleanup", Time since last: 1000590700 ns, Reaching safepoint: 439500 ns, At safepoint: 132800 ns, Total: 572300 ns
[2020-04-26T17:56:43.525+0000][1][safepoint    ] Safepoint "Cleanup", Time since last: 1000365900 ns, Reaching safepoint: 437100 ns, At safepoint: 129800 ns, Total: 566900 ns
[2020-04-26T17:56:44.526+0000][1][safepoint    ] Safepoint "Cleanup", Time since last: 1000388300 ns, Reaching safepoint: 158900 ns, At safepoint: 33000 ns, Total: 191900 ns
[2020-04-26T17:56:45.526+0000][1][safepoint    ] Safepoint "Cleanup", Time since last: 1000486700 ns, Reaching safepoint: 136400 ns, At safepoint: 32000 ns, Total: 168400 ns
[2020-04-26T17:56:46.527+0000][1][safepoint    ] Safepoint "Cleanup", Time since last: 1000502900 ns, Reaching safepoint: 159700 ns, At safepoint: 31000 ns, Total: 190700 ns
[2020-04-26T17:56:47.528+0000][1][safepoint    ] Safepoint "Cleanup", Time since last: 1000491500 ns, Reaching safepoint: 457300 ns, At safepoint: 140300 ns, Total: 597600 ns
[2020-04-26T17:56:48.529+0000][1][safepoint    ] Safepoint "Cleanup", Time since last: 1000426600 ns, Reaching safepoint: 437600 ns, At safepoint: 129400 ns, Total: 567000 ns
[2020-04-26T17:56:49.530+0000][1][safepoint    ] Safepoint "Cleanup", Time since last: 1000252300 ns, Reaching safepoint: 163100 ns, At safepoint: 35300 ns, Total: 198400 ns
[2020-04-26T17:56:50.530+0000][1][safepoint    ] Safepoint "Cleanup", Time since last: 1000176100 ns, Reaching safepoint: 136700 ns, At safepoint: 31000 ns, Total: 167700 ns
[2020-04-26T17:56:51.530+0000][1][safepoint    ] Safepoint "Cleanup", Time since last: 1000202000 ns, Reaching safepoint: 333700 ns, At safepoint: 71000 ns, Total: 404700 ns
[2020-04-26T17:56:52.531+0000][1][safepoint    ] Safepoint "Cleanup", Time since last: 1000226700 ns, Reaching safepoint: 271900 ns, At safepoint: 41100 ns, Total: 313000 ns
[2020-04-26T17:56:53.532+0000][1][safepoint    ] Safepoint "Cleanup", Time since last: 1000284600 ns, Reaching safepoint: 315000 ns, At safepoint: 94700 ns, Total: 409700 ns
[2020-04-26T17:56:54.532+0000][1][safepoint    ] Safepoint "Cleanup", Time since last: 1000297600 ns, Reaching safepoint: 224100 ns, At safepoint: 58600 ns, Total: 282700 ns
[2020-04-26T17:56:55.533+0000][1][safepoint    ] Safepoint "Cleanup", Time since last: 1000551600 ns, Reaching safepoint: 201200 ns, At safepoint: 55200 ns, Total: 256400 ns
[2020-04-26T17:56:57.470+0000][1][safepoint    ] Safepoint "Cleanup", Time since last: 1936659900 ns, Reaching safepoint: 148300 ns, At safepoint: 26000 ns, Total: 174300 ns
[2020-04-26T17:56:58.471+0000][1][safepoint    ] Safepoint "Cleanup", Time since last: 1000501900 ns, Reaching safepoint: 400000 ns, At safepoint: 100900 ns, Total: 500900 ns
[2020-04-26T17:56:59.471+0000][1][safepoint    ] Safepoint "Cleanup", Time since last: 1000178800 ns, Reaching safepoint: 204500 ns, At safepoint: 34200 ns, Total: 238700 ns
[2020-04-26T17:57:00.472+0000][1][safepoint    ] Safepoint "Cleanup", Time since last: 1000271200 ns, Reaching safepoint: 431500 ns, At safepoint: 60700 ns, Total: 492200 ns
[2020-04-26T17:57:01.472+0000][1][safepoint    ] Safepoint "Cleanup", Time since last: 1000220400 ns, Reaching safepoint: 135400 ns, At safepoint: 41000 ns, Total: 176400 ns
[2020-04-26T17:57:02.474+0000][1][safepoint    ] Safepoint "Cleanup", Time since last: 1000507100 ns, Reaching safepoint: 454100 ns, At safepoint: 210200 ns, Total: 664300 ns
[2020-04-26T17:57:03.474+0000][1][safepoint    ] Safepoint "Cleanup", Time since last: 1000257100 ns, Reaching safepoint: 137500 ns, At safepoint: 31600 ns, Total: 169100 ns
[2020-04-26T17:57:04.474+0000][1][safepoint    ] Safepoint "Cleanup", Time since last: 1000126800 ns, Reaching safepoint: 152900 ns, At safepoint: 47400 ns, Total: 200300 ns
[2020-04-26T17:57:05.476+0000][1][safepoint    ] Safepoint "Cleanup", Time since last: 1000641000 ns, Reaching safepoint: 462700 ns, At safepoint: 111300 ns, Total: 574000 ns
[2020-04-26T17:57:06.477+0000][1][safepoint    ] Safepoint "Cleanup", Time since last: 1000522700 ns, Reaching safepoint: 339800 ns, At safepoint: 99500 ns, Total: 439300 ns
[2020-04-26T17:57:07.477+0000][1][safepoint    ] Safepoint "Cleanup", Time since last: 1000341300 ns, Reaching safepoint: 410400 ns, At safepoint: 114700 ns, Total: 525100 ns
[2020-04-26T17:57:08.478+0000][1][safepoint    ] Safepoint "Cleanup", Time since last: 1000323400 ns, Reaching safepoint: 194100 ns, At safepoint: 56600 ns, Total: 250700 ns
[2020-04-26T17:57:09.478+0000][1][safepoint    ] Safepoint "Cleanup", Time since last: 1000206400 ns, Reaching safepoint: 175000 ns, At safepoint: 39800 ns, Total: 214800 ns
[2020-04-26T17:57:10.479+0000][1][safepoint    ] Safepoint "Cleanup", Time since last: 1000266000 ns, Reaching safepoint: 225700 ns, At safepoint: 60600 ns, Total: 286300 ns
[2020-04-26T17:57:11.480+0000][1][safepoint    ] Safepoint "Cleanup", Time since last: 1000199600 ns, Reaching safepoint: 411200 ns, At safepoint: 86900 ns, Total: 498100 ns
[2020-04-26T17:57:12.481+0000][1][safepoint    ] Safepoint "Cleanup", Time since last: 1000393300 ns, Reaching safepoint: 460000 ns, At safepoint: 145400 ns, Total: 605400 ns
[2020-04-26T17:57:13.481+0000][1][safepoint    ] Safepoint "Cleanup", Time since last: 1000174800 ns, Reaching safepoint: 176000 ns, At safepoint: 31000 ns, Total: 207000 ns
[2020-04-26T17:57:14.482+0000][1][safepoint    ] Safepoint "Cleanup", Time since last: 1000205900 ns, Reaching safepoint: 179500 ns, At safepoint: 35400 ns, Total: 214900 ns
[2020-04-26T17:57:15.482+0000][1][safepoint    ] Safepoint "Cleanup", Time since last: 1000468900 ns, Reaching safepoint: 197100 ns, At safepoint: 50900 ns, Total: 248000 ns
[2020-04-26T17:57:16.484+0000][1][safepoint    ] Safepoint "Cleanup", Time since last: 1000373200 ns, Reaching safepoint: 895400 ns, At safepoint: 226500 ns, Total: 1121900 ns
[2020-04-26T17:57:17.484+0000][1][safepoint    ] Safepoint "Cleanup", Time since last: 1000222200 ns, Reaching safepoint: 138200 ns, At safepoint: 30800 ns, Total: 169000 ns
[2020-04-26T17:57:18.484+0000][1][safepoint    ] Safepoint "Cleanup", Time since last: 1000153000 ns, Reaching safepoint: 140000 ns, At safepoint: 30600 ns, Total: 170600 ns
[2020-04-26T17:57:19.156+0000][1][safepoint    ] Safepoint "RevokeBias", Time since last: 671565400 ns, Reaching safepoint: 147000 ns, At safepoint: 84200 ns, Total: 231200 ns
[2020-04-26T17:57:19.156+0000][1][safepoint    ] Safepoint "RevokeBias", Time since last: 73100 ns, Reaching safepoint: 89800 ns, At safepoint: 77400 ns, Total: 167200 ns
[2020-04-26T17:57:19.157+0000][1][safepoint    ] Safepoint "RevokeBias", Time since last: 52100 ns, Reaching safepoint: 228100 ns, At safepoint: 67600 ns, Total: 295700 ns
[2020-04-26T17:57:19.164+0000][1][safepoint    ] Safepoint "RevokeBias", Time since last: 6892200 ns, Reaching safepoint: 141700 ns, At safepoint: 80700 ns, Total: 222400 ns
[2020-04-26T17:57:19.165+0000][1][safepoint    ] Safepoint "RevokeBias", Time since last: 269200 ns, Reaching safepoint: 223400 ns, At safepoint: 76400 ns, Total: 299800 ns
[2020-04-26T17:57:20.165+0000][1][safepoint    ] Safepoint "Cleanup", Time since last: 1000132800 ns, Reaching safepoint: 174400 ns, At safepoint: 50200 ns, Total: 224600 ns
[2020-04-26T17:57:21.165+0000][1][safepoint    ] Safepoint "Cleanup", Time since last: 1000178100 ns, Reaching safepoint: 146400 ns, At safepoint: 33800 ns, Total: 180200 ns
[2020-04-26T17:57:22.166+0000][1][safepoint    ] Safepoint "Cleanup", Time since last: 1000455100 ns, Reaching safepoint: 228500 ns, At safepoint: 67000 ns, Total: 295500 ns
[2020-04-26T17:57:23.167+0000][1][safepoint    ] Safepoint "Cleanup", Time since last: 1000295000 ns, Reaching safepoint: 340800 ns, At safepoint: 91700 ns, Total: 432500 ns
[2020-04-26T17:57:24.167+0000][1][safepoint    ] Safepoint "Cleanup", Time since last: 1000479800 ns, Reaching safepoint: 148800 ns, At safepoint: 37500 ns, Total: 186300 ns
[2020-04-26T17:57:25.168+0000][1][safepoint    ] Safepoint "Cleanup", Time since last: 1000148500 ns, Reaching safepoint: 136100 ns, At safepoint: 26800 ns, Total: 162900 ns
[2020-04-26T17:57:26.169+0000][1][safepoint    ] Safepoint "Cleanup", Time since last: 1000395700 ns, Reaching safepoint: 433800 ns, At safepoint: 133300 ns, Total: 567100 ns
[2020-04-26T17:57:27.169+0000][1][safepoint    ] Safepoint "Cleanup", Time since last: 1000387700 ns, Reaching safepoint: 353100 ns, At safepoint: 94200 ns, Total: 447300 ns
[2020-04-26T17:57:28.170+0000][1][safepoint    ] Safepoint "Cleanup", Time since last: 1000403400 ns, Reaching safepoint: 432900 ns, At safepoint: 134600 ns, Total: 567500 ns
[2020-04-26T17:57:29.171+0000][1][safepoint    ] Safepoint "Cleanup", Time since last: 1000213500 ns, Reaching safepoint: 168500 ns, At safepoint: 29400 ns, Total: 197900 ns
[2020-04-26T17:57:30.171+0000][1][safepoint    ] Safepoint "Cleanup", Time since last: 1000151800 ns, Reaching safepoint: 132200 ns, At safepoint: 29100 ns, Total: 161300 ns
[2020-04-26T17:57:31.172+0000][1][safepoint    ] Safepoint "Cleanup", Time since last: 1000620000 ns, Reaching safepoint: 444500 ns, At safepoint: 138300 ns, Total: 582800 ns
[2020-04-26T17:57:32.173+0000][1][safepoint    ] Safepoint "Cleanup", Time since last: 1000329500 ns, Reaching safepoint: 252200 ns, At safepoint: 198500 ns, Total: 450700 ns
[2020-04-26T17:57:33.174+0000][1][safepoint    ] Safepoint "Cleanup", Time since last: 1000495100 ns, Reaching safepoint: 440300 ns, At safepoint: 141200 ns, Total: 581500 ns
[2020-04-26T17:57:34.175+0000][1][safepoint    ] Safepoint "Cleanup", Time since last: 1000199900 ns, Reaching safepoint: 139500 ns, At safepoint: 34300 ns, Total: 173800 ns
[2020-04-26T17:57:35.175+0000][1][safepoint    ] Safepoint "Cleanup", Time since last: 1000191100 ns, Reaching safepoint: 158700 ns, At safepoint: 52200 ns, Total: 210900 ns
[2020-04-26T17:57:36.175+0000][1][safepoint    ] Safepoint "Cleanup", Time since last: 1000175000 ns, Reaching safepoint: 132100 ns, At safepoint: 27700 ns, Total: 159800 ns
[2020-04-26T17:57:37.513+0000][1][safepoint    ] Safepoint "Cleanup", Time since last: 1336936300 ns, Reaching safepoint: 506100 ns, At safepoint: 135500 ns, Total: 641600 ns
[2020-04-26T17:57:38.514+0000][1][safepoint    ] Safepoint "Cleanup", Time since last: 1000538500 ns, Reaching safepoint: 438500 ns, At safepoint: 133700 ns, Total: 572200 ns
[2020-04-26T17:57:39.515+0000][1][safepoint    ] Safepoint "Cleanup", Time since last: 1000539500 ns, Reaching safepoint: 442700 ns, At safepoint: 137700 ns, Total: 580400 ns
[2020-04-26T17:57:40.516+0000][1][safepoint    ] Safepoint "Cleanup", Time since last: 1000283800 ns, Reaching safepoint: 131400 ns, At safepoint: 26700 ns, Total: 158100 ns
[2020-04-26T17:57:41.516+0000][1][safepoint    ] Safepoint "Cleanup", Time since last: 1000308500 ns, Reaching safepoint: 426500 ns, At safepoint: 126000 ns, Total: 552500 ns
[2020-04-26T17:57:42.517+0000][1][safepoint    ] Safepoint "Cleanup", Time since last: 1000308600 ns, Reaching safepoint: 418600 ns, At safepoint: 120300 ns, Total: 538900 ns
[2020-04-26T17:57:43.518+0000][1][safepoint    ] Safepoint "Cleanup", Time since last: 1000264600 ns, Reaching safepoint: 181400 ns, At safepoint: 45700 ns, Total: 227100 ns
[2020-04-26T17:57:44.518+0000][1][safepoint    ] Safepoint "Cleanup", Time since last: 1000193200 ns, Reaching safepoint: 141000 ns, At safepoint: 27300 ns, Total: 168300 ns
[2020-04-26T17:57:45.519+0000][1][safepoint    ] Safepoint "Cleanup", Time since last: 1000257300 ns, Reaching safepoint: 451900 ns, At safepoint: 118900 ns, Total: 570800 ns
[2020-04-26T17:57:46.520+0000][1][safepoint    ] Safepoint "Cleanup", Time since last: 1000381800 ns, Reaching safepoint: 734800 ns, At safepoint: 196700 ns, Total: 931500 ns
[2020-04-26T17:57:47.522+0000][1][safepoint    ] Safepoint "Cleanup", Time since last: 1000715700 ns, Reaching safepoint: 436700 ns, At safepoint: 141400 ns, Total: 578100 ns
[2020-04-26T17:57:48.436+0000][1][gc,start     ] GC(69) Pause Young (Allocation Failure)
[2020-04-26T17:57:48.436+0000][1][gc,task      ] GC(69) Using 10 workers of 10 for evacuation
[2020-04-26T17:57:48.439+0000][1][gc,age       ] GC(69) Desired survivor size 8945664 bytes, new threshold 6 (max threshold 6)
[2020-04-26T17:57:48.439+0000][1][gc,age       ] GC(69) Age table with threshold 6 (max threshold 6)
[2020-04-26T17:57:48.439+0000][1][gc,age       ] GC(69) - age   1:     102216 bytes,     102216 total
[2020-04-26T17:57:48.439+0000][1][gc,age       ] GC(69) - age   2:       9184 bytes,     111400 total
[2020-04-26T17:57:48.439+0000][1][gc,age       ] GC(69) - age   3:     246064 bytes,     357464 total
[2020-04-26T17:57:48.439+0000][1][gc,age       ] GC(69) - age   4:      18936 bytes,     376400 total
[2020-04-26T17:57:48.439+0000][1][gc,age       ] GC(69) - age   5:    7034672 bytes,    7411072 total
[2020-04-26T17:57:48.439+0000][1][gc,age       ] GC(69) - age   6:      17000 bytes,    7428072 total
[2020-04-26T17:57:48.439+0000][1][gc,heap      ] GC(69) ParNew: 147350K->7494K(157248K)
[2020-04-26T17:57:48.439+0000][1][gc,heap      ] GC(69) CMS: 81462K->81477K(349568K)
[2020-04-26T17:57:48.439+0000][1][gc,metaspace ] GC(69) Metaspace: 99566K->99566K(1140736K)
[2020-04-26T17:57:48.439+0000][1][gc           ] GC(69) Pause Young (Allocation Failure) 223M->86M(494M) 3.066ms
[2020-04-26T17:57:48.439+0000][1][gc,cpu       ] GC(69) User=0.01s Sys=0.00s Real=0.00s
[2020-04-26T17:57:48.439+0000][1][safepoint    ] Safepoint "GenCollectForAllocation", Time since last: 913961900 ns, Reaching safepoint: 138300 ns, At safepoint: 3158400 ns, Total: 3296700 ns
[2020-04-26T17:57:49.440+0000][1][safepoint    ] Safepoint "Cleanup", Time since last: 1000357000 ns, Reaching safepoint: 452700 ns, At safepoint: 143100 ns, Total: 595800 ns
[2020-04-26T17:57:50.441+0000][1][safepoint    ] Safepoint "Cleanup", Time since last: 1000585400 ns, Reaching safepoint: 143600 ns, At safepoint: 34700 ns, Total: 178300 ns
[2020-04-26T17:57:51.441+0000][1][safepoint    ] Safepoint "Cleanup", Time since last: 1000150000 ns, Reaching safepoint: 223700 ns, At safepoint: 69100 ns, Total: 292800 ns
[2020-04-26T17:57:52.442+0000][1][safepoint    ] Safepoint "Cleanup", Time since last: 1000288000 ns, Reaching safepoint: 557600 ns, At safepoint: 124900 ns, Total: 682500 ns
[2020-04-26T17:57:53.443+0000][1][safepoint    ] Safepoint "Cleanup", Time since last: 1000679900 ns, Reaching safepoint: 436900 ns, At safepoint: 175300 ns, Total: 612200 ns
[2020-04-26T17:57:54.444+0000][1][safepoint    ] Safepoint "Cleanup", Time since last: 1000280400 ns, Reaching safepoint: 223400 ns, At safepoint: 76500 ns, Total: 299900 ns
[2020-04-26T17:57:55.445+0000][1][safepoint    ] Safepoint "Cleanup", Time since last: 1000604100 ns, Reaching safepoint: 559400 ns, At safepoint: 143200 ns, Total: 702600 ns
[2020-04-26T17:57:56.446+0000][1][safepoint    ] Safepoint "Cleanup", Time since last: 1000417300 ns, Reaching safepoint: 472000 ns, At safepoint: 153200 ns, Total: 625200 ns
[2020-04-26T17:57:57.447+0000][1][safepoint    ] Safepoint "Cleanup", Time since last: 1000474700 ns, Reaching safepoint: 327600 ns, At safepoint: 78800 ns, Total: 406400 ns
[2020-04-26T17:57:58.447+0000][1][safepoint    ] Safepoint "Cleanup", Time since last: 1000138400 ns, Reaching safepoint: 155200 ns, At safepoint: 30700 ns, Total: 185900 ns
[2020-04-26T17:57:59.448+0000][1][safepoint    ] Safepoint "Cleanup", Time since last: 1000124400 ns, Reaching safepoint: 142000 ns, At safepoint: 32000 ns, Total: 174000 ns
[2020-04-26T17:58:00.448+0000][1][safepoint    ] Safepoint "Cleanup", Time since last: 1000163200 ns, Reaching safepoint: 199400 ns, At safepoint: 34400 ns, Total: 233800 ns
[2020-04-26T17:58:01.448+0000][1][safepoint    ] Safepoint "Cleanup", Time since last: 1000133700 ns, Reaching safepoint: 132200 ns, At safepoint: 28500 ns, Total: 160700 ns
[2020-04-26T17:58:02.449+0000][1][safepoint    ] Safepoint "Cleanup", Time since last: 1000160800 ns, Reaching safepoint: 146700 ns, At safepoint: 32600 ns, Total: 179300 ns
[2020-04-26T17:58:03.449+0000][1][safepoint    ] Safepoint "Cleanup", Time since last: 1000141700 ns, Reaching safepoint: 230400 ns, At safepoint: 36000 ns, Total: 266400 ns
[2020-04-26T17:58:04.449+0000][1][safepoint    ] Safepoint "Cleanup", Time since last: 1000168000 ns, Reaching safepoint: 141700 ns, At safepoint: 28600 ns, Total: 170300 ns
[2020-04-26T17:58:05.450+0000][1][safepoint    ] Safepoint "Cleanup", Time since last: 1000182000 ns, Reaching safepoint: 292100 ns, At safepoint: 77300 ns, Total: 369400 ns
[2020-04-26T17:58:06.450+0000][1][safepoint    ] Safepoint "Cleanup", Time since last: 1000198300 ns, Reaching safepoint: 200900 ns, At safepoint: 28700 ns, Total: 229600 ns
[2020-04-26T17:58:07.451+0000][1][safepoint    ] Safepoint "Cleanup", Time since last: 1000143200 ns, Reaching safepoint: 126900 ns, At safepoint: 25900 ns, Total: 152800 ns
[2020-04-26T17:58:08.451+0000][1][safepoint    ] Safepoint "Cleanup", Time since last: 1000143000 ns, Reaching safepoint: 124400 ns, At safepoint: 24500 ns, Total: 148900 ns
[2020-04-26T17:58:09.451+0000][1][safepoint    ] Safepoint "Cleanup", Time since last: 1000144900 ns, Reaching safepoint: 128700 ns, At safepoint: 25600 ns, Total: 154300 ns
[2020-04-26T17:58:10.452+0000][1][safepoint    ] Safepoint "Cleanup", Time since last: 1000188500 ns, Reaching safepoint: 152800 ns, At safepoint: 30500 ns, Total: 183300 ns
[2020-04-26T17:58:11.452+0000][1][safepoint    ] Safepoint "Cleanup", Time since last: 1000408100 ns, Reaching safepoint: 138600 ns, At safepoint: 32200 ns, Total: 170800 ns
[2020-04-26T17:58:12.453+0000][1][safepoint    ] Safepoint "Cleanup", Time since last: 1000318000 ns, Reaching safepoint: 440200 ns, At safepoint: 133600 ns, Total: 573800 ns
[2020-04-26T17:58:13.454+0000][1][safepoint    ] Safepoint "Cleanup", Time since last: 1000284800 ns, Reaching safepoint: 262800 ns, At safepoint: 64600 ns, Total: 327400 ns
[2020-04-26T17:58:14.455+0000][1][safepoint    ] Safepoint "Cleanup", Time since last: 1000332400 ns, Reaching safepoint: 433100 ns, At safepoint: 131900 ns, Total: 565000 ns
[2020-04-26T17:58:15.456+0000][1][safepoint    ] Safepoint "Cleanup", Time since last: 1000837700 ns, Reaching safepoint: 434700 ns, At safepoint: 139100 ns, Total: 573800 ns
[2020-04-26T17:58:16.457+0000][1][safepoint    ] Safepoint "Cleanup", Time since last: 1000618300 ns, Reaching safepoint: 462100 ns, At safepoint: 139200 ns, Total: 601300 ns
[2020-04-26T17:58:17.458+0000][1][safepoint    ] Safepoint "Cleanup", Time since last: 1000452500 ns, Reaching safepoint: 271800 ns, At safepoint: 76400 ns, Total: 348200 ns
[2020-04-26T17:58:18.459+0000][1][safepoint    ] Safepoint "Cleanup", Time since last: 1000336100 ns, Reaching safepoint: 138600 ns, At safepoint: 24500 ns, Total: 163100 ns
[2020-04-26T17:58:19.460+0000][1][safepoint    ] Safepoint "Cleanup", Time since last: 1000348300 ns, Reaching safepoint: 528700 ns, At safepoint: 172700 ns, Total: 701400 ns
[2020-04-26T17:58:20.460+0000][1][safepoint    ] Safepoint "Cleanup", Time since last: 1000416800 ns, Reaching safepoint: 136400 ns, At safepoint: 30100 ns, Total: 166500 ns
[2020-04-26T17:58:21.148+0000][1][safepoint    ] Safepoint "RevokeBias", Time since last: 687404400 ns, Reaching safepoint: 158600 ns, At safepoint: 102400 ns, Total: 261000 ns
[2020-04-26T17:58:21.148+0000][1][safepoint    ] Safepoint "RevokeBias", Time since last: 77800 ns, Reaching safepoint: 190900 ns, At safepoint: 75900 ns, Total: 266800 ns
[2020-04-26T17:58:21.149+0000][1][safepoint    ] Safepoint "BulkRevokeBias", Time since last: 250700 ns, Reaching safepoint: 219200 ns, At safepoint: 599900 ns, Total: 819100 ns
[2020-04-26T17:58:21.154+0000][1][safepoint    ] Safepoint "RevokeBias", Time since last: 4364000 ns, Reaching safepoint: 270800 ns, At safepoint: 150300 ns, Total: 421100 ns
[2020-04-26T17:58:21.155+0000][1][safepoint    ] Safepoint "RevokeBias", Time since last: 45800 ns, Reaching safepoint: 277700 ns, At safepoint: 124000 ns, Total: 401700 ns
[2020-04-26T17:58:21.155+0000][1][safepoint    ] Safepoint "RevokeBias", Time since last: 148100 ns, Reaching safepoint: 212200 ns, At safepoint: 102700 ns, Total: 314900 ns
[2020-04-26T17:58:22.156+0000][1][safepoint    ] Safepoint "Cleanup", Time since last: 1000510500 ns, Reaching safepoint: 329700 ns, At safepoint: 149800 ns, Total: 479500 ns
[2020-04-26T17:58:23.157+0000][1][safepoint    ] Safepoint "Cleanup", Time since last: 1000433000 ns, Reaching safepoint: 461700 ns, At safepoint: 153900 ns, Total: 615600 ns
[2020-04-26T17:58:24.158+0000][1][safepoint    ] Safepoint "Cleanup", Time since last: 1000651200 ns, Reaching safepoint: 461600 ns, At safepoint: 144200 ns, Total: 605800 ns
[2020-04-26T17:58:25.159+0000][1][safepoint    ] Safepoint "Cleanup", Time since last: 1000489800 ns, Reaching safepoint: 449300 ns, At safepoint: 138700 ns, Total: 588000 ns
[2020-04-26T17:58:26.160+0000][1][safepoint    ] Safepoint "Cleanup", Time since last: 1000207900 ns, Reaching safepoint: 137200 ns, At safepoint: 26000 ns, Total: 163200 ns
[2020-04-26T17:58:27.160+0000][1][safepoint    ] Safepoint "Cleanup", Time since last: 1000257100 ns, Reaching safepoint: 315200 ns, At safepoint: 71300 ns, Total: 386500 ns
[2020-04-26T17:58:28.161+0000][1][safepoint    ] Safepoint "Cleanup", Time since last: 1000421000 ns, Reaching safepoint: 470900 ns, At safepoint: 134400 ns, Total: 605300 ns
[2020-04-26T17:58:29.162+0000][1][safepoint    ] Safepoint "Cleanup", Time since last: 1000222300 ns, Reaching safepoint: 157900 ns, At safepoint: 31300 ns, Total: 189200 ns
[2020-04-26T17:58:30.162+0000][1][safepoint    ] Safepoint "Cleanup", Time since last: 1000172900 ns, Reaching safepoint: 147900 ns, At safepoint: 31000 ns, Total: 178900 ns
[2020-04-26T17:58:31.164+0000][1][safepoint    ] Safepoint "Cleanup", Time since last: 1000748200 ns, Reaching safepoint: 549200 ns, At safepoint: 129300 ns, Total: 678500 ns
[2020-04-26T17:58:32.165+0000][1][safepoint    ] Safepoint "Cleanup", Time since last: 1000639000 ns, Reaching safepoint: 349800 ns, At safepoint: 107300 ns, Total: 457100 ns
[2020-04-26T17:58:33.165+0000][1][safepoint    ] Safepoint "Cleanup", Time since last: 1000265800 ns, Reaching safepoint: 155800 ns, At safepoint: 28600 ns, Total: 184400 ns
[2020-04-26T17:58:34.166+0000][1][safepoint    ] Safepoint "Cleanup", Time since last: 1000187500 ns, Reaching safepoint: 196500 ns, At safepoint: 48100 ns, Total: 244600 ns
[2020-04-26T17:58:35.166+0000][1][safepoint    ] Safepoint "Cleanup", Time since last: 1000191200 ns, Reaching safepoint: 142800 ns, At safepoint: 32500 ns, Total: 175300 ns
[2020-04-26T17:58:36.166+0000][1][safepoint    ] Safepoint "Cleanup", Time since last: 1000178400 ns, Reaching safepoint: 152500 ns, At safepoint: 28500 ns, Total: 181000 ns
[2020-04-26T17:58:37.167+0000][1][safepoint    ] Safepoint "Cleanup", Time since last: 1000231100 ns, Reaching safepoint: 394200 ns, At safepoint: 89200 ns, Total: 483400 ns
[2020-04-26T17:58:38.168+0000][1][safepoint    ] Safepoint "Cleanup", Time since last: 1000248200 ns, Reaching safepoint: 173900 ns, At safepoint: 37400 ns, Total: 211300 ns
[2020-04-26T17:58:39.168+0000][1][safepoint    ] Safepoint "Cleanup", Time since last: 1000665700 ns, Reaching safepoint: 139900 ns, At safepoint: 32100 ns, Total: 172000 ns
[2020-04-26T17:58:40.169+0000][1][safepoint    ] Safepoint "Cleanup", Time since last: 1000357500 ns, Reaching safepoint: 537600 ns, At safepoint: 124400 ns, Total: 662000 ns
[2020-04-26T17:58:41.170+0000][1][safepoint    ] Safepoint "Cleanup", Time since last: 1000490500 ns, Reaching safepoint: 209300 ns, At safepoint: 55900 ns, Total: 265200 ns
[2020-04-26T17:58:42.170+0000][1][safepoint    ] Safepoint "Cleanup", Time since last: 1000156100 ns, Reaching safepoint: 154600 ns, At safepoint: 43200 ns, Total: 197800 ns
[2020-04-26T17:58:43.171+0000][1][safepoint    ] Safepoint "Cleanup", Time since last: 1000154700 ns, Reaching safepoint: 141700 ns, At safepoint: 29500 ns, Total: 171200 ns
[2020-04-26T17:58:44.171+0000][1][safepoint    ] Safepoint "Cleanup", Time since last: 1000449900 ns, Reaching safepoint: 135900 ns, At safepoint: 29000 ns, Total: 164900 ns
[2020-04-26T17:58:45.172+0000][1][safepoint    ] Safepoint "Cleanup", Time since last: 1000201600 ns, Reaching safepoint: 399100 ns, At safepoint: 93000 ns, Total: 492100 ns
[2020-04-26T17:58:46.173+0000][1][safepoint    ] Safepoint "Cleanup", Time since last: 1000235200 ns, Reaching safepoint: 476300 ns, At safepoint: 62900 ns, Total: 539200 ns
[2020-04-26T17:58:47.173+0000][1][safepoint    ] Safepoint "Cleanup", Time since last: 1000147900 ns, Reaching safepoint: 132900 ns, At safepoint: 26900 ns, Total: 159800 ns
[2020-04-26T17:58:48.174+0000][1][safepoint    ] Safepoint "Cleanup", Time since last: 1000234800 ns, Reaching safepoint: 365100 ns, At safepoint: 151400 ns, Total: 516500 ns
[2020-04-26T17:58:49.175+0000][1][safepoint    ] Safepoint "Cleanup", Time since last: 1000374500 ns, Reaching safepoint: 214300 ns, At safepoint: 40800 ns, Total: 255100 ns
[2020-04-26T17:58:50.175+0000][1][safepoint    ] Safepoint "Cleanup", Time since last: 1000246400 ns, Reaching safepoint: 147400 ns, At safepoint: 34800 ns, Total: 182200 ns
[2020-04-26T17:58:51.175+0000][1][safepoint    ] Safepoint "Cleanup", Time since last: 1000216200 ns, Reaching safepoint: 142300 ns, At safepoint: 34100 ns, Total: 176400 ns
[2020-04-26T17:58:52.177+0000][1][safepoint    ] Safepoint "Cleanup", Time since last: 1000701200 ns, Reaching safepoint: 463200 ns, At safepoint: 134900 ns, Total: 598100 ns
[2020-04-26T17:58:53.177+0000][1][safepoint    ] Safepoint "Cleanup", Time since last: 1000400300 ns, Reaching safepoint: 196200 ns, At safepoint: 50500 ns, Total: 246700 ns
[2020-04-26T17:58:54.179+0000][1][safepoint    ] Safepoint "Cleanup", Time since last: 1000580100 ns, Reaching safepoint: 435600 ns, At safepoint: 146500 ns, Total: 582100 ns
[2020-04-26T17:58:55.179+0000][1][safepoint    ] Safepoint "Cleanup", Time since last: 1000363900 ns, Reaching safepoint: 196600 ns, At safepoint: 51400 ns, Total: 248000 ns
[2020-04-26T17:58:56.180+0000][1][safepoint    ] Safepoint "Cleanup", Time since last: 1000329500 ns, Reaching safepoint: 437600 ns, At safepoint: 179400 ns, Total: 617000 ns
[2020-04-26T17:58:57.181+0000][1][safepoint    ] Safepoint "Cleanup", Time since last: 1000527800 ns, Reaching safepoint: 268700 ns, At safepoint: 77100 ns, Total: 345800 ns
[2020-04-26T17:58:58.181+0000][1][safepoint    ] Safepoint "Cleanup", Time since last: 1000204800 ns, Reaching safepoint: 212300 ns, At safepoint: 53400 ns, Total: 265700 ns
[2020-04-26T17:58:59.182+0000][1][safepoint    ] Safepoint "Cleanup", Time since last: 1000211400 ns, Reaching safepoint: 242600 ns, At safepoint: 32200 ns, Total: 274800 ns
[2020-04-26T17:59:00.183+0000][1][safepoint    ] Safepoint "Cleanup", Time since last: 1000447400 ns, Reaching safepoint: 585900 ns, At safepoint: 119600 ns, Total: 705500 ns
[2020-04-26T17:59:01.184+0000][1][safepoint    ] Safepoint "Cleanup", Time since last: 1000474000 ns, Reaching safepoint: 217100 ns, At safepoint: 58100 ns, Total: 275200 ns
[2020-04-26T17:59:02.184+0000][1][safepoint    ] Safepoint "Cleanup", Time since last: 1000154000 ns, Reaching safepoint: 156400 ns, At safepoint: 38700 ns, Total: 195100 ns
[2020-04-26T17:59:03.185+0000][1][safepoint    ] Safepoint "Cleanup", Time since last: 1000237200 ns, Reaching safepoint: 265500 ns, At safepoint: 31200 ns, Total: 296700 ns
[2020-04-26T17:59:04.185+0000][1][safepoint    ] Safepoint "Cleanup", Time since last: 1000196400 ns, Reaching safepoint: 135200 ns, At safepoint: 28200 ns, Total: 163400 ns
[2020-04-26T17:59:05.185+0000][1][safepoint    ] Safepoint "Cleanup", Time since last: 1000180100 ns, Reaching safepoint: 155400 ns, At safepoint: 33000 ns, Total: 188400 ns
[2020-04-26T17:59:06.186+0000][1][safepoint    ] Safepoint "Cleanup", Time since last: 1000320000 ns, Reaching safepoint: 145600 ns, At safepoint: 28400 ns, Total: 174000 ns
[2020-04-26T17:59:07.187+0000][1][safepoint    ] Safepoint "Cleanup", Time since last: 1000540900 ns, Reaching safepoint: 153700 ns, At safepoint: 37300 ns, Total: 191000 ns
[2020-04-26T17:59:08.419+0000][1][safepoint    ] Safepoint "Cleanup", Time since last: 1232207500 ns, Reaching safepoint: 369500 ns, At safepoint: 112100 ns, Total: 481600 ns
[2020-04-26T17:59:09.421+0000][1][safepoint    ] Safepoint "Cleanup", Time since last: 1000731100 ns, Reaching safepoint: 459900 ns, At safepoint: 143200 ns, Total: 603100 ns
[2020-04-26T17:59:10.421+0000][1][safepoint    ] Safepoint "Cleanup", Time since last: 1000213300 ns, Reaching safepoint: 136600 ns, At safepoint: 30300 ns, Total: 166900 ns
[2020-04-26T17:59:11.422+0000][1][safepoint    ] Safepoint "Cleanup", Time since last: 1000348300 ns, Reaching safepoint: 507400 ns, At safepoint: 130900 ns, Total: 638300 ns
[2020-04-26T17:59:12.423+0000][1][safepoint    ] Safepoint "Cleanup", Time since last: 1000379600 ns, Reaching safepoint: 446700 ns, At safepoint: 119200 ns, Total: 565900 ns
[2020-04-26T17:59:13.424+0000][1][safepoint    ] Safepoint "Cleanup", Time since last: 1000345200 ns, Reaching safepoint: 374400 ns, At safepoint: 122400 ns, Total: 496800 ns
[2020-04-26T17:59:14.424+0000][1][safepoint    ] Safepoint "Cleanup", Time since last: 1000299200 ns, Reaching safepoint: 273500 ns, At safepoint: 77200 ns, Total: 350700 ns
[2020-04-26T17:59:15.426+0000][1][safepoint    ] Safepoint "Cleanup", Time since last: 1000523900 ns, Reaching safepoint: 458400 ns, At safepoint: 139900 ns, Total: 598300 ns
[2020-04-26T17:59:16.427+0000][1][safepoint    ] Safepoint "Cleanup", Time since last: 1000496600 ns, Reaching safepoint: 460300 ns, At safepoint: 242300 ns, Total: 702600 ns
[2020-04-26T17:59:17.428+0000][1][safepoint    ] Safepoint "Cleanup", Time since last: 1000375600 ns, Reaching safepoint: 332000 ns, At safepoint: 85000 ns, Total: 417000 ns
[2020-04-26T17:59:18.428+0000][1][safepoint    ] Safepoint "Cleanup", Time since last: 1000242600 ns, Reaching safepoint: 262000 ns, At safepoint: 68600 ns, Total: 330600 ns
[2020-04-26T17:59:19.429+0000][1][safepoint    ] Safepoint "Cleanup", Time since last: 1000428300 ns, Reaching safepoint: 147400 ns, At safepoint: 30500 ns, Total: 177900 ns
[2020-04-26T17:59:20.430+0000][1][safepoint    ] Safepoint "Cleanup", Time since last: 1000269200 ns, Reaching safepoint: 370200 ns, At safepoint: 104000 ns, Total: 474200 ns
[2020-04-26T17:59:21.430+0000][1][safepoint    ] Safepoint "Cleanup", Time since last: 1000227200 ns, Reaching safepoint: 158200 ns, At safepoint: 32800 ns, Total: 191000 ns
[2020-04-26T17:59:22.430+0000][1][safepoint    ] Safepoint "Cleanup", Time since last: 1000163400 ns, Reaching safepoint: 151700 ns, At safepoint: 34000 ns, Total: 185700 ns
[2020-04-26T17:59:23.141+0000][1][safepoint    ] Safepoint "RevokeBias", Time since last: 710364500 ns, Reaching safepoint: 134300 ns, At safepoint: 65700 ns, Total: 200000 ns
[2020-04-26T17:59:23.141+0000][1][safepoint    ] Safepoint "RevokeBias", Time since last: 41400 ns, Reaching safepoint: 84000 ns, At safepoint: 58300 ns, Total: 142300 ns
[2020-04-26T17:59:23.141+0000][1][safepoint    ] Safepoint "RevokeBias", Time since last: 253700 ns, Reaching safepoint: 82900 ns, At safepoint: 69000 ns, Total: 151900 ns
[2020-04-26T17:59:23.145+0000][1][safepoint    ] Safepoint "RevokeBias", Time since last: 3617100 ns, Reaching safepoint: 186900 ns, At safepoint: 69800 ns, Total: 256700 ns
[2020-04-26T17:59:23.146+0000][1][safepoint    ] Safepoint "RevokeBias", Time since last: 99200 ns, Reaching safepoint: 143700 ns, At safepoint: 60700 ns, Total: 204400 ns
[2020-04-26T17:59:23.146+0000][1][safepoint    ] Safepoint "RevokeBias", Time since last: 353600 ns, Reaching safepoint: 230600 ns, At safepoint: 90000 ns, Total: 320600 ns
[2020-04-26T17:59:24.148+0000][1][safepoint    ] Safepoint "Cleanup", Time since last: 1001565800 ns, Reaching safepoint: 146700 ns, At safepoint: 41400 ns, Total: 188100 ns
[2020-04-26T17:59:25.148+0000][1][safepoint    ] Safepoint "Cleanup", Time since last: 1000183300 ns, Reaching safepoint: 164200 ns, At safepoint: 28400 ns, Total: 192600 ns
[2020-04-26T17:59:26.149+0000][1][safepoint    ] Safepoint "Cleanup", Time since last: 1000468600 ns, Reaching safepoint: 186200 ns, At safepoint: 50400 ns, Total: 236600 ns
[2020-04-26T17:59:27.150+0000][1][safepoint    ] Safepoint "Cleanup", Time since last: 1000195400 ns, Reaching safepoint: 286100 ns, At safepoint: 55700 ns, Total: 341800 ns
[2020-04-26T17:59:28.150+0000][1][safepoint    ] Safepoint "Cleanup", Time since last: 1000465300 ns, Reaching safepoint: 175200 ns, At safepoint: 41200 ns, Total: 216400 ns
[2020-04-26T17:59:29.151+0000][1][safepoint    ] Safepoint "Cleanup", Time since last: 1000540300 ns, Reaching safepoint: 326600 ns, At safepoint: 101300 ns, Total: 427900 ns
[2020-04-26T17:59:30.153+0000][1][safepoint    ] Safepoint "Cleanup", Time since last: 1000533700 ns, Reaching safepoint: 520000 ns, At safepoint: 190700 ns, Total: 710700 ns
[2020-04-26T17:59:31.154+0000][1][safepoint    ] Safepoint "Cleanup", Time since last: 1000340100 ns, Reaching safepoint: 532500 ns, At safepoint: 124900 ns, Total: 657400 ns
[2020-04-26T17:59:32.155+0000][1][safepoint    ] Safepoint "Cleanup", Time since last: 1000386000 ns, Reaching safepoint: 466500 ns, At safepoint: 160200 ns, Total: 626700 ns
[2020-04-26T17:59:33.155+0000][1][safepoint    ] Safepoint "Cleanup", Time since last: 1000249400 ns, Reaching safepoint: 329800 ns, At safepoint: 87000 ns, Total: 416800 ns
[2020-04-26T17:59:34.156+0000][1][safepoint    ] Safepoint "Cleanup", Time since last: 1000490600 ns, Reaching safepoint: 157500 ns, At safepoint: 40600 ns, Total: 198100 ns
[2020-04-26T17:59:35.156+0000][1][safepoint    ] Safepoint "Cleanup", Time since last: 1000200300 ns, Reaching safepoint: 155400 ns, At safepoint: 49300 ns, Total: 204700 ns
[2020-04-26T17:59:36.158+0000][1][safepoint    ] Safepoint "Cleanup", Time since last: 1000695700 ns, Reaching safepoint: 384700 ns, At safepoint: 197000 ns, Total: 581700 ns
[2020-04-26T17:59:37.158+0000][1][safepoint    ] Safepoint "Cleanup", Time since last: 1000494200 ns, Reaching safepoint: 161500 ns, At safepoint: 38900 ns, Total: 200400 ns
[2020-04-26T17:59:38.159+0000][1][safepoint    ] Safepoint "Cleanup", Time since last: 1000148700 ns, Reaching safepoint: 132200 ns, At safepoint: 27500 ns, Total: 159700 ns
[2020-04-26T17:59:39.160+0000][1][safepoint    ] Safepoint "Cleanup", Time since last: 1000309400 ns, Reaching safepoint: 529900 ns, At safepoint: 200600 ns, Total: 730500 ns
[2020-04-26T17:59:40.161+0000][1][safepoint    ] Safepoint "Cleanup", Time since last: 1000445700 ns, Reaching safepoint: 464400 ns, At safepoint: 127100 ns, Total: 591500 ns
[2020-04-26T17:59:41.430+0000][1][safepoint    ] Safepoint "Cleanup", Time since last: 1268504800 ns, Reaching safepoint: 335300 ns, At safepoint: 96300 ns, Total: 431600 ns
[2020-04-26T17:59:42.430+0000][1][safepoint    ] Safepoint "Cleanup", Time since last: 1000373300 ns, Reaching safepoint: 141500 ns, At safepoint: 30400 ns, Total: 171900 ns
[2020-04-26T17:59:43.431+0000][1][safepoint    ] Safepoint "Cleanup", Time since last: 1000150200 ns, Reaching safepoint: 158400 ns, At safepoint: 52400 ns, Total: 210800 ns
[2020-04-26T17:59:44.431+0000][1][safepoint    ] Safepoint "Cleanup", Time since last: 1000277800 ns, Reaching safepoint: 397700 ns, At safepoint: 114000 ns, Total: 511700 ns
[2020-04-26T17:59:45.432+0000][1][safepoint    ] Safepoint "Cleanup", Time since last: 1000212800 ns, Reaching safepoint: 153100 ns, At safepoint: 29800 ns, Total: 182900 ns
[2020-04-26T17:59:46.432+0000][1][safepoint    ] Safepoint "Cleanup", Time since last: 1000151400 ns, Reaching safepoint: 179800 ns, At safepoint: 46600 ns, Total: 226400 ns
[2020-04-26T17:59:47.432+0000][1][safepoint    ] Safepoint "Cleanup", Time since last: 1000151800 ns, Reaching safepoint: 153400 ns, At safepoint: 65700 ns, Total: 219100 ns
[2020-04-26T17:59:48.433+0000][1][safepoint    ] Safepoint "Cleanup", Time since last: 1000485700 ns, Reaching safepoint: 136700 ns, At safepoint: 29900 ns, Total: 166600 ns
[2020-04-26T17:59:49.433+0000][1][safepoint    ] Safepoint "Cleanup", Time since last: 1000178000 ns, Reaching safepoint: 153800 ns, At safepoint: 29500 ns, Total: 183300 ns
[2020-04-26T17:59:50.435+0000][1][safepoint    ] Safepoint "Cleanup", Time since last: 1000465900 ns, Reaching safepoint: 532500 ns, At safepoint: 104400 ns, Total: 636900 ns
[2020-04-26T17:59:51.435+0000][1][safepoint    ] Safepoint "Cleanup", Time since last: 1000293000 ns, Reaching safepoint: 285300 ns, At safepoint: 67600 ns, Total: 352900 ns
[2020-04-26T17:59:52.436+0000][1][safepoint    ] Safepoint "Cleanup", Time since last: 1000351600 ns, Reaching safepoint: 325800 ns, At safepoint: 94700 ns, Total: 420500 ns
[2020-04-26T17:59:53.437+0000][1][safepoint    ] Safepoint "Cleanup", Time since last: 1000236100 ns, Reaching safepoint: 264900 ns, At safepoint: 66000 ns, Total: 330900 ns
[2020-04-26T17:59:54.437+0000][1][safepoint    ] Safepoint "Cleanup", Time since last: 1000445500 ns, Reaching safepoint: 247000 ns, At safepoint: 56900 ns, Total: 303900 ns
[2020-04-26T17:59:55.438+0000][1][safepoint    ] Safepoint "Cleanup", Time since last: 1000572000 ns, Reaching safepoint: 351800 ns, At safepoint: 109000 ns, Total: 460800 ns
[2020-04-26T17:59:56.439+0000][1][safepoint    ] Safepoint "Cleanup", Time since last: 1000352300 ns, Reaching safepoint: 215900 ns, At safepoint: 59300 ns, Total: 275200 ns
[2020-04-26T17:59:57.439+0000][1][safepoint    ] Safepoint "Cleanup", Time since last: 1000326600 ns, Reaching safepoint: 131800 ns, At safepoint: 29200 ns, Total: 161000 ns
[2020-04-26T17:59:58.242+0000][1][safepoint    ] Safepoint "RevokeBias", Time since last: 801816400 ns, Reaching safepoint: 363300 ns, At safepoint: 118500 ns, Total: 481800 ns
[2020-04-26T17:59:58.243+0000][1][safepoint    ] Safepoint "RevokeBias", Time since last: 492100 ns, Reaching safepoint: 324800 ns, At safepoint: 109900 ns, Total: 434700 ns
[2020-04-26T17:59:58.243+0000][1][safepoint    ] Safepoint "RevokeBias", Time since last: 330800 ns, Reaching safepoint: 232200 ns, At safepoint: 108600 ns, Total: 340800 ns
[2020-04-26T17:59:58.244+0000][1][safepoint    ] Safepoint "RevokeBias", Time since last: 416000 ns, Reaching safepoint: 227700 ns, At safepoint: 104200 ns, Total: 331900 ns
[2020-04-26T17:59:58.245+0000][1][safepoint    ] Safepoint "RevokeBias", Time since last: 428000 ns, Reaching safepoint: 227000 ns, At safepoint: 104300 ns, Total: 331300 ns
[2020-04-26T17:59:58.254+0000][1][safepoint    ] Safepoint "RevokeBias", Time since last: 9099600 ns, Reaching safepoint: 187400 ns, At safepoint: 89700 ns, Total: 277100 ns
[2020-04-26T17:59:58.255+0000][1][safepoint    ] Safepoint "RevokeBias", Time since last: 129600 ns, Reaching safepoint: 179100 ns, At safepoint: 33700 ns, Total: 212800 ns
[2020-04-26T17:59:59.255+0000][1][safepoint    ] Safepoint "Cleanup", Time since last: 1000162100 ns, Reaching safepoint: 291300 ns, At safepoint: 38800 ns, Total: 330100 ns
[2020-04-26T18:00:00.255+0000][1][safepoint    ] Safepoint "Cleanup", Time since last: 1000156800 ns, Reaching safepoint: 144400 ns, At safepoint: 32100 ns, Total: 176500 ns
[2020-04-26T18:00:01.256+0000][1][safepoint    ] Safepoint "Cleanup", Time since last: 1000199800 ns, Reaching safepoint: 139100 ns, At safepoint: 31600 ns, Total: 170700 ns
[2020-04-26T18:00:01.369+0000][1][safepoint    ] Safepoint "RevokeBias", Time since last: 113478800 ns, Reaching safepoint: 126700 ns, At safepoint: 42800 ns, Total: 169500 ns
[2020-04-26T18:00:02.370+0000][1][safepoint    ] Safepoint "Cleanup", Time since last: 1000192000 ns, Reaching safepoint: 143200 ns, At safepoint: 29300 ns, Total: 172500 ns
[2020-04-26T18:00:03.371+0000][1][safepoint    ] Safepoint "Cleanup", Time since last: 1000339200 ns, Reaching safepoint: 363100 ns, At safepoint: 100400 ns, Total: 463500 ns
[2020-04-26T18:00:04.372+0000][1][safepoint    ] Safepoint "Cleanup", Time since last: 1000731400 ns, Reaching safepoint: 453600 ns, At safepoint: 152300 ns, Total: 605900 ns
[2020-04-26T18:00:05.373+0000][1][safepoint    ] Safepoint "Cleanup", Time since last: 1000342000 ns, Reaching safepoint: 631700 ns, At safepoint: 141200 ns, Total: 772900 ns
[2020-04-26T18:00:06.374+0000][1][safepoint    ] Safepoint "Cleanup", Time since last: 1000330900 ns, Reaching safepoint: 170500 ns, At safepoint: 50000 ns, Total: 220500 ns
[2020-04-26T18:00:07.374+0000][1][safepoint    ] Safepoint "Cleanup", Time since last: 1000228100 ns, Reaching safepoint: 172700 ns, At safepoint: 54800 ns, Total: 227500 ns
[2020-04-26T18:00:08.375+0000][1][safepoint    ] Safepoint "Cleanup", Time since last: 1000568500 ns, Reaching safepoint: 300100 ns, At safepoint: 75500 ns, Total: 375600 ns
[2020-04-26T18:00:09.376+0000][1][safepoint    ] Safepoint "Cleanup", Time since last: 1000388300 ns, Reaching safepoint: 528400 ns, At safepoint: 155300 ns, Total: 683700 ns
[2020-04-26T18:00:10.377+0000][1][safepoint    ] Safepoint "Cleanup", Time since last: 1000638800 ns, Reaching safepoint: 491600 ns, At safepoint: 154900 ns, Total: 646500 ns
[2020-04-26T18:00:11.378+0000][1][safepoint    ] Safepoint "Cleanup", Time since last: 1000224700 ns, Reaching safepoint: 134500 ns, At safepoint: 30700 ns, Total: 165200 ns
[2020-04-26T18:00:12.378+0000][1][safepoint    ] Safepoint "Cleanup", Time since last: 1000155800 ns, Reaching safepoint: 149500 ns, At safepoint: 28800 ns, Total: 178300 ns
[2020-04-26T18:00:13.378+0000][1][safepoint    ] Safepoint "Cleanup", Time since last: 1000147800 ns, Reaching safepoint: 152400 ns, At safepoint: 42200 ns, Total: 194600 ns
[2020-04-26T18:00:14.379+0000][1][safepoint    ] Safepoint "Cleanup", Time since last: 1000444000 ns, Reaching safepoint: 478400 ns, At safepoint: 125000 ns, Total: 603400 ns
[2020-04-26T18:00:15.380+0000][1][safepoint    ] Safepoint "Cleanup", Time since last: 1000391300 ns, Reaching safepoint: 226100 ns, At safepoint: 63500 ns, Total: 289600 ns
[2020-04-26T18:00:16.380+0000][1][safepoint    ] Safepoint "Cleanup", Time since last: 1000155200 ns, Reaching safepoint: 132800 ns, At safepoint: 28800 ns, Total: 161600 ns
[2020-04-26T18:00:17.381+0000][1][safepoint    ] Safepoint "Cleanup", Time since last: 1000293500 ns, Reaching safepoint: 138200 ns, At safepoint: 36300 ns, Total: 174500 ns
[2020-04-26T18:00:18.382+0000][1][safepoint    ] Safepoint "Cleanup", Time since last: 1000441900 ns, Reaching safepoint: 331300 ns, At safepoint: 97500 ns, Total: 428800 ns
[2020-04-26T18:00:19.383+0000][1][safepoint    ] Safepoint "Cleanup", Time since last: 1000532100 ns, Reaching safepoint: 158800 ns, At safepoint: 34200 ns, Total: 193000 ns
[2020-04-26T18:00:20.383+0000][1][safepoint    ] Safepoint "Cleanup", Time since last: 1000171600 ns, Reaching safepoint: 134300 ns, At safepoint: 29800 ns, Total: 164100 ns
[2020-04-26T18:00:21.383+0000][1][safepoint    ] Safepoint "Cleanup", Time since last: 1000159700 ns, Reaching safepoint: 146200 ns, At safepoint: 31800 ns, Total: 178000 ns
[2020-04-26T18:00:22.384+0000][1][safepoint    ] Safepoint "Cleanup", Time since last: 1000310500 ns, Reaching safepoint: 669400 ns, At safepoint: 129700 ns, Total: 799100 ns
[2020-04-26T18:00:24.375+0000][1][safepoint    ] Safepoint "Cleanup", Time since last: 1990544100 ns, Reaching safepoint: 138100 ns, At safepoint: 29900 ns, Total: 168000 ns
[2020-04-26T18:00:25.137+0000][1][safepoint    ] Safepoint "RevokeBias", Time since last: 762249800 ns, Reaching safepoint: 148600 ns, At safepoint: 69400 ns, Total: 218000 ns
[2020-04-26T18:00:25.138+0000][1][safepoint    ] Safepoint "RevokeBias", Time since last: 94900 ns, Reaching safepoint: 280900 ns, At safepoint: 98200 ns, Total: 379100 ns
[2020-04-26T18:00:25.138+0000][1][safepoint    ] Safepoint "RevokeBias", Time since last: 38100 ns, Reaching safepoint: 255600 ns, At safepoint: 113200 ns, Total: 368800 ns
[2020-04-26T18:00:25.144+0000][1][safepoint    ] Safepoint "RevokeBias", Time since last: 5404900 ns, Reaching safepoint: 135800 ns, At safepoint: 65800 ns, Total: 201600 ns
[2020-04-26T18:00:25.144+0000][1][safepoint    ] Safepoint "RevokeBias", Time since last: 67600 ns, Reaching safepoint: 170400 ns, At safepoint: 93900 ns, Total: 264300 ns
[2020-04-26T18:00:25.145+0000][1][safepoint    ] Safepoint "RevokeBias", Time since last: 48000 ns, Reaching safepoint: 159200 ns, At safepoint: 99500 ns, Total: 258700 ns
[2020-04-26T18:00:26.145+0000][1][safepoint    ] Safepoint "Cleanup", Time since last: 1000114600 ns, Reaching safepoint: 188200 ns, At safepoint: 121800 ns, Total: 310000 ns
[2020-04-26T18:00:27.146+0000][1][safepoint    ] Safepoint "Cleanup", Time since last: 1000581700 ns, Reaching safepoint: 465100 ns, At safepoint: 253800 ns, Total: 718900 ns
[2020-04-26T18:00:28.148+0000][1][safepoint    ] Safepoint "Cleanup", Time since last: 1000658000 ns, Reaching safepoint: 459700 ns, At safepoint: 206100 ns, Total: 665800 ns
[2020-04-26T18:00:29.148+0000][1][safepoint    ] Safepoint "Cleanup", Time since last: 1000265400 ns, Reaching safepoint: 412200 ns, At safepoint: 89100 ns, Total: 501300 ns
[2020-04-26T18:00:30.149+0000][1][safepoint    ] Safepoint "Cleanup", Time since last: 1000317500 ns, Reaching safepoint: 516400 ns, At safepoint: 136800 ns, Total: 653200 ns
[2020-04-26T18:00:31.151+0000][1][safepoint    ] Safepoint "Cleanup", Time since last: 1000795100 ns, Reaching safepoint: 464000 ns, At safepoint: 142000 ns, Total: 606000 ns
[2020-04-26T18:00:32.152+0000][1][safepoint    ] Safepoint "Cleanup", Time since last: 1000546500 ns, Reaching safepoint: 152700 ns, At safepoint: 33300 ns, Total: 186000 ns
[2020-04-26T18:00:33.152+0000][1][safepoint    ] Safepoint "Cleanup", Time since last: 1000481700 ns, Reaching safepoint: 140800 ns, At safepoint: 31700 ns, Total: 172500 ns
[2020-04-26T18:00:34.153+0000][1][safepoint    ] Safepoint "Cleanup", Time since last: 1000297700 ns, Reaching safepoint: 153200 ns, At safepoint: 27500 ns, Total: 180700 ns
[2020-04-26T18:00:35.153+0000][1][safepoint    ] Safepoint "Cleanup", Time since last: 1000557100 ns, Reaching safepoint: 155400 ns, At safepoint: 42100 ns, Total: 197500 ns
[2020-04-26T18:00:36.155+0000][1][safepoint    ] Safepoint "Cleanup", Time since last: 1000344100 ns, Reaching safepoint: 1061400 ns, At safepoint: 271700 ns, Total: 1333100 ns
[2020-04-26T18:00:37.156+0000][1][safepoint    ] Safepoint "Cleanup", Time since last: 1000460200 ns, Reaching safepoint: 537400 ns, At safepoint: 134600 ns, Total: 672000 ns
[2020-04-26T18:00:38.157+0000][1][safepoint    ] Safepoint "Cleanup", Time since last: 1000324600 ns, Reaching safepoint: 398100 ns, At safepoint: 131500 ns, Total: 529600 ns
[2020-04-26T18:00:39.157+0000][1][safepoint    ] Safepoint "Cleanup", Time since last: 1000190900 ns, Reaching safepoint: 140900 ns, At safepoint: 45100 ns, Total: 186000 ns
[2020-04-26T18:00:40.158+0000][1][safepoint    ] Safepoint "Cleanup", Time since last: 1000290800 ns, Reaching safepoint: 335300 ns, At safepoint: 101200 ns, Total: 436500 ns
[2020-04-26T18:00:41.159+0000][1][safepoint    ] Safepoint "Cleanup", Time since last: 1000566100 ns, Reaching safepoint: 465200 ns, At safepoint: 157000 ns, Total: 622200 ns
[2020-04-26T18:00:41.650+0000][1][gc,start     ] GC(70) Pause Young (Allocation Failure)
[2020-04-26T18:00:41.650+0000][1][gc,task      ] GC(70) Using 10 workers of 10 for evacuation
[2020-04-26T18:00:41.653+0000][1][gc,age       ] GC(70) Desired survivor size 8945664 bytes, new threshold 6 (max threshold 6)
[2020-04-26T18:00:41.653+0000][1][gc,age       ] GC(70) Age table with threshold 6 (max threshold 6)
[2020-04-26T18:00:41.653+0000][1][gc,age       ] GC(70) - age   1:      70224 bytes,      70224 total
[2020-04-26T18:00:41.653+0000][1][gc,age       ] GC(70) - age   2:      22912 bytes,      93136 total
[2020-04-26T18:00:41.653+0000][1][gc,age       ] GC(70) - age   3:       9184 bytes,     102320 total
[2020-04-26T18:00:41.653+0000][1][gc,age       ] GC(70) - age   4:     243528 bytes,     345848 total
[2020-04-26T18:00:41.653+0000][1][gc,age       ] GC(70) - age   5:      18936 bytes,     364784 total
[2020-04-26T18:00:41.653+0000][1][gc,age       ] GC(70) - age   6:    7034608 bytes,    7399392 total
[2020-04-26T18:00:41.653+0000][1][gc,heap      ] GC(70) ParNew: 147270K->7459K(157248K)
[2020-04-26T18:00:41.653+0000][1][gc,heap      ] GC(70) CMS: 81477K->81494K(349568K)
[2020-04-26T18:00:41.653+0000][1][gc,metaspace ] GC(70) Metaspace: 99566K->99566K(1140736K)
[2020-04-26T18:00:41.653+0000][1][gc           ] GC(70) Pause Young (Allocation Failure) 223M->86M(494M) 2.556ms
[2020-04-26T18:00:41.653+0000][1][gc,cpu       ] GC(70) User=0.01s Sys=0.00s Real=0.01s
[2020-04-26T18:00:41.653+0000][1][safepoint    ] Safepoint "GenCollectForAllocation", Time since last: 490764000 ns, Reaching safepoint: 149300 ns, At safepoint: 2640600 ns, Total: 2789900 ns
[2020-04-26T18:00:42.654+0000][1][safepoint    ] Safepoint "Cleanup", Time since last: 1000353700 ns, Reaching safepoint: 535700 ns, At safepoint: 135400 ns, Total: 671100 ns
[2020-04-26T18:00:43.655+0000][1][safepoint    ] Safepoint "Cleanup", Time since last: 1000452200 ns, Reaching safepoint: 524700 ns, At safepoint: 206100 ns, Total: 730800 ns
[2020-04-26T18:00:44.656+0000][1][safepoint    ] Safepoint "Cleanup", Time since last: 1000421400 ns, Reaching safepoint: 180800 ns, At safepoint: 68600 ns, Total: 249400 ns
[2020-04-26T18:00:45.656+0000][1][safepoint    ] Safepoint "Cleanup", Time since last: 1000162000 ns, Reaching safepoint: 196700 ns, At safepoint: 40400 ns, Total: 237100 ns
[2020-04-26T18:00:46.657+0000][1][safepoint    ] Safepoint "Cleanup", Time since last: 1000165000 ns, Reaching safepoint: 136700 ns, At safepoint: 45700 ns, Total: 182400 ns
[2020-04-26T18:00:47.657+0000][1][safepoint    ] Safepoint "Cleanup", Time since last: 1000272800 ns, Reaching safepoint: 150100 ns, At safepoint: 43300 ns, Total: 193400 ns
[2020-04-26T18:00:48.658+0000][1][safepoint    ] Safepoint "Cleanup", Time since last: 1000502000 ns, Reaching safepoint: 331100 ns, At safepoint: 121300 ns, Total: 452400 ns
[2020-04-26T18:00:49.658+0000][1][safepoint    ] Safepoint "Cleanup", Time since last: 1000145100 ns, Reaching safepoint: 149800 ns, At safepoint: 29100 ns, Total: 178900 ns
[2020-04-26T18:00:50.659+0000][1][safepoint    ] Safepoint "Cleanup", Time since last: 1000158800 ns, Reaching safepoint: 162000 ns, At safepoint: 54100 ns, Total: 216100 ns
[2020-04-26T18:00:51.660+0000][1][safepoint    ] Safepoint "Cleanup", Time since last: 1000369600 ns, Reaching safepoint: 859500 ns, At safepoint: 205300 ns, Total: 1064800 ns
[2020-04-26T18:00:52.661+0000][1][safepoint    ] Safepoint "Cleanup", Time since last: 1000335600 ns, Reaching safepoint: 521400 ns, At safepoint: 136800 ns, Total: 658200 ns
[2020-04-26T18:00:53.662+0000][1][safepoint    ] Safepoint "Cleanup", Time since last: 1000304300 ns, Reaching safepoint: 139000 ns, At safepoint: 28200 ns, Total: 167200 ns
[2020-04-26T18:00:54.662+0000][1][safepoint    ] Safepoint "Cleanup", Time since last: 1000159500 ns, Reaching safepoint: 132800 ns, At safepoint: 28700 ns, Total: 161500 ns
[2020-04-26T18:00:55.663+0000][1][safepoint    ] Safepoint "Cleanup", Time since last: 1000622700 ns, Reaching safepoint: 535100 ns, At safepoint: 131900 ns, Total: 667000 ns
[2020-04-26T18:00:56.664+0000][1][safepoint    ] Safepoint "Cleanup", Time since last: 1000405700 ns, Reaching safepoint: 299000 ns, At safepoint: 75000 ns, Total: 374000 ns
[2020-04-26T18:00:57.665+0000][1][safepoint    ] Safepoint "Cleanup", Time since last: 1000261700 ns, Reaching safepoint: 366000 ns, At safepoint: 93000 ns, Total: 459000 ns
[2020-04-26T18:00:58.665+0000][1][safepoint    ] Safepoint "Cleanup", Time since last: 1000186400 ns, Reaching safepoint: 133100 ns, At safepoint: 30000 ns, Total: 163100 ns
[2020-04-26T18:00:59.665+0000][1][safepoint    ] Safepoint "Cleanup", Time since last: 1000165700 ns, Reaching safepoint: 201500 ns, At safepoint: 28700 ns, Total: 230200 ns
[2020-04-26T18:01:00.666+0000][1][safepoint    ] Safepoint "Cleanup", Time since last: 1000152700 ns, Reaching safepoint: 133400 ns, At safepoint: 28500 ns, Total: 161900 ns
[2020-04-26T18:01:01.667+0000][1][safepoint    ] Safepoint "Cleanup", Time since last: 1000591500 ns, Reaching safepoint: 535100 ns, At safepoint: 211800 ns, Total: 746900 ns
[2020-04-26T18:01:02.668+0000][1][safepoint    ] Safepoint "Cleanup", Time since last: 1000389000 ns, Reaching safepoint: 468400 ns, At safepoint: 137500 ns, Total: 605900 ns
[2020-04-26T18:01:03.669+0000][1][safepoint    ] Safepoint "Cleanup", Time since last: 1000241900 ns, Reaching safepoint: 269200 ns, At safepoint: 56900 ns, Total: 326100 ns
[2020-04-26T18:01:04.670+0000][1][safepoint    ] Safepoint "Cleanup", Time since last: 1000307500 ns, Reaching safepoint: 526700 ns, At safepoint: 134500 ns, Total: 661200 ns
[2020-04-26T18:01:05.670+0000][1][safepoint    ] Safepoint "Cleanup", Time since last: 1000320200 ns, Reaching safepoint: 181400 ns, At safepoint: 44600 ns, Total: 226000 ns
[2020-04-26T18:01:06.671+0000][1][safepoint    ] Safepoint "Cleanup", Time since last: 1000346700 ns, Reaching safepoint: 441300 ns, At safepoint: 129300 ns, Total: 570600 ns
[2020-04-26T18:01:07.671+0000][1][safepoint    ] Safepoint "Cleanup", Time since last: 1000174200 ns, Reaching safepoint: 137500 ns, At safepoint: 29300 ns, Total: 166800 ns
[2020-04-26T18:01:08.672+0000][1][safepoint    ] Safepoint "Cleanup", Time since last: 1000340400 ns, Reaching safepoint: 463100 ns, At safepoint: 182800 ns, Total: 645900 ns
[2020-04-26T18:01:09.673+0000][1][safepoint    ] Safepoint "Cleanup", Time since last: 1000347000 ns, Reaching safepoint: 280800 ns, At safepoint: 54200 ns, Total: 335000 ns
[2020-04-26T18:01:10.674+0000][1][safepoint    ] Safepoint "Cleanup", Time since last: 1000444000 ns, Reaching safepoint: 189300 ns, At safepoint: 49600 ns, Total: 238900 ns
[2020-04-26T18:01:11.674+0000][1][safepoint    ] Safepoint "Cleanup", Time since last: 1000250400 ns, Reaching safepoint: 303300 ns, At safepoint: 71700 ns, Total: 375000 ns
[2020-04-26T18:01:12.676+0000][1][safepoint    ] Safepoint "Cleanup", Time since last: 1000638000 ns, Reaching safepoint: 462100 ns, At safepoint: 139000 ns, Total: 601100 ns
[2020-04-26T18:01:14.479+0000][1][safepoint    ] Safepoint "Cleanup", Time since last: 1802730700 ns, Reaching safepoint: 173700 ns, At safepoint: 32800 ns, Total: 206500 ns
[2020-04-26T18:01:15.479+0000][1][safepoint    ] Safepoint "Cleanup", Time since last: 1000149000 ns, Reaching safepoint: 137200 ns, At safepoint: 27600 ns, Total: 164800 ns
[2020-04-26T18:01:16.480+0000][1][safepoint    ] Safepoint "Cleanup", Time since last: 1000459200 ns, Reaching safepoint: 190900 ns, At safepoint: 51100 ns, Total: 242000 ns
[2020-04-26T18:01:17.481+0000][1][safepoint    ] Safepoint "Cleanup", Time since last: 1000525500 ns, Reaching safepoint: 517300 ns, At safepoint: 134000 ns, Total: 651300 ns
[2020-04-26T18:01:18.482+0000][1][safepoint    ] Safepoint "Cleanup", Time since last: 1000603700 ns, Reaching safepoint: 458900 ns, At safepoint: 191000 ns, Total: 649900 ns
[2020-04-26T18:01:19.483+0000][1][safepoint    ] Safepoint "Cleanup", Time since last: 1000378900 ns, Reaching safepoint: 149000 ns, At safepoint: 28500 ns, Total: 177500 ns
[2020-04-26T18:01:20.484+0000][1][safepoint    ] Safepoint "Cleanup", Time since last: 1000581200 ns, Reaching safepoint: 443700 ns, At safepoint: 134100 ns, Total: 577800 ns
[2020-04-26T18:01:21.485+0000][1][safepoint    ] Safepoint "Cleanup", Time since last: 1000557500 ns, Reaching safepoint: 468600 ns, At safepoint: 136900 ns, Total: 605500 ns
[2020-04-26T18:01:22.486+0000][1][safepoint    ] Safepoint "Cleanup", Time since last: 1000498700 ns, Reaching safepoint: 297400 ns, At safepoint: 73200 ns, Total: 370600 ns
[2020-04-26T18:01:23.487+0000][1][safepoint    ] Safepoint "Cleanup", Time since last: 1000633700 ns, Reaching safepoint: 441900 ns, At safepoint: 135600 ns, Total: 577500 ns
[2020-04-26T18:01:24.488+0000][1][safepoint    ] Safepoint "Cleanup", Time since last: 1000361700 ns, Reaching safepoint: 442800 ns, At safepoint: 174100 ns, Total: 616900 ns
[2020-04-26T18:01:25.489+0000][1][safepoint    ] Safepoint "Cleanup", Time since last: 1000634800 ns, Reaching safepoint: 517000 ns, At safepoint: 135900 ns, Total: 652900 ns
[2020-04-26T18:01:26.490+0000][1][safepoint    ] Safepoint "Cleanup", Time since last: 1000319300 ns, Reaching safepoint: 227300 ns, At safepoint: 63200 ns, Total: 290500 ns
[2020-04-26T18:01:27.134+0000][1][safepoint    ] Safepoint "RevokeBias", Time since last: 643811200 ns, Reaching safepoint: 166500 ns, At safepoint: 117900 ns, Total: 284400 ns
[2020-04-26T18:01:27.134+0000][1][safepoint    ] Safepoint "RevokeBias", Time since last: 59000 ns, Reaching safepoint: 94200 ns, At safepoint: 60900 ns, Total: 155100 ns
[2020-04-26T18:01:27.135+0000][1][safepoint    ] Safepoint "RevokeBias", Time since last: 327800 ns, Reaching safepoint: 223900 ns, At safepoint: 60100 ns, Total: 284000 ns
[2020-04-26T18:01:27.139+0000][1][safepoint    ] Safepoint "RevokeBias", Time since last: 4066100 ns, Reaching safepoint: 416600 ns, At safepoint: 123500 ns, Total: 540100 ns
[2020-04-26T18:01:27.140+0000][1][safepoint    ] Safepoint "RevokeBias", Time since last: 55500 ns, Reaching safepoint: 256200 ns, At safepoint: 118800 ns, Total: 375000 ns
[2020-04-26T18:01:28.140+0000][1][safepoint    ] Safepoint "Cleanup", Time since last: 1000370600 ns, Reaching safepoint: 156200 ns, At safepoint: 36200 ns, Total: 192400 ns
[2020-04-26T18:01:29.141+0000][1][safepoint    ] Safepoint "Cleanup", Time since last: 1000233900 ns, Reaching safepoint: 766700 ns, At safepoint: 62200 ns, Total: 828900 ns
[2020-04-26T18:01:30.142+0000][1][safepoint    ] Safepoint "Cleanup", Time since last: 1000235800 ns, Reaching safepoint: 204000 ns, At safepoint: 31400 ns, Total: 235400 ns
[2020-04-26T18:01:31.143+0000][1][safepoint    ] Safepoint "Cleanup", Time since last: 1000320700 ns, Reaching safepoint: 708900 ns, At safepoint: 72500 ns, Total: 781400 ns
[2020-04-26T18:01:32.144+0000][1][safepoint    ] Safepoint "Cleanup", Time since last: 1000237700 ns, Reaching safepoint: 287500 ns, At safepoint: 30100 ns, Total: 317600 ns
[2020-04-26T18:01:33.144+0000][1][safepoint    ] Safepoint "Cleanup", Time since last: 1000216100 ns, Reaching safepoint: 362700 ns, At safepoint: 62200 ns, Total: 424900 ns
[2020-04-26T18:01:34.145+0000][1][safepoint    ] Safepoint "Cleanup", Time since last: 1000222600 ns, Reaching safepoint: 197800 ns, At safepoint: 37800 ns, Total: 235600 ns
[2020-04-26T18:01:35.146+0000][1][safepoint    ] Safepoint "Cleanup", Time since last: 1000323000 ns, Reaching safepoint: 530700 ns, At safepoint: 131100 ns, Total: 661800 ns
[2020-04-26T18:01:36.146+0000][1][safepoint    ] Safepoint "Cleanup", Time since last: 1000177700 ns, Reaching safepoint: 216800 ns, At safepoint: 36900 ns, Total: 253700 ns
[2020-04-26T18:01:37.147+0000][1][safepoint    ] Safepoint "Cleanup", Time since last: 1000210000 ns, Reaching safepoint: 194800 ns, At safepoint: 55200 ns, Total: 250000 ns
[2020-04-26T18:01:38.147+0000][1][safepoint    ] Safepoint "Cleanup", Time since last: 1000224100 ns, Reaching safepoint: 235400 ns, At safepoint: 59300 ns, Total: 294700 ns
[2020-04-26T18:01:39.148+0000][1][safepoint    ] Safepoint "Cleanup", Time since last: 1000531700 ns, Reaching safepoint: 349400 ns, At safepoint: 205800 ns, Total: 555200 ns
[2020-04-26T18:01:40.149+0000][1][safepoint    ] Safepoint "Cleanup", Time since last: 1000248000 ns, Reaching safepoint: 143200 ns, At safepoint: 43400 ns, Total: 186600 ns
[2020-04-26T18:01:41.149+0000][1][safepoint    ] Safepoint "Cleanup", Time since last: 1000507100 ns, Reaching safepoint: 228600 ns, At safepoint: 61300 ns, Total: 289900 ns
[2020-04-26T18:01:42.151+0000][1][safepoint    ] Safepoint "Cleanup", Time since last: 1000622600 ns, Reaching safepoint: 468100 ns, At safepoint: 138600 ns, Total: 606700 ns
[2020-04-26T18:01:43.152+0000][1][safepoint    ] Safepoint "Cleanup", Time since last: 1000665500 ns, Reaching safepoint: 465500 ns, At safepoint: 141700 ns, Total: 607200 ns
[2020-04-26T18:01:44.153+0000][1][safepoint    ] Safepoint "Cleanup", Time since last: 1000322100 ns, Reaching safepoint: 689400 ns, At safepoint: 127200 ns, Total: 816600 ns
[2020-04-26T18:01:45.154+0000][1][safepoint    ] Safepoint "Cleanup", Time since last: 1000322700 ns, Reaching safepoint: 270600 ns, At safepoint: 77100 ns, Total: 347700 ns
[2020-04-26T18:01:46.154+0000][1][safepoint    ] Safepoint "Cleanup", Time since last: 1000394900 ns, Reaching safepoint: 154100 ns, At safepoint: 41300 ns, Total: 195400 ns
[2020-04-26T18:01:47.155+0000][1][safepoint    ] Safepoint "Cleanup", Time since last: 1000343100 ns, Reaching safepoint: 464300 ns, At safepoint: 154600 ns, Total: 618900 ns
[2020-04-26T18:01:48.156+0000][1][safepoint    ] Safepoint "Cleanup", Time since last: 1000589700 ns, Reaching safepoint: 442700 ns, At safepoint: 134800 ns, Total: 577500 ns
[2020-04-26T18:01:49.157+0000][1][safepoint    ] Safepoint "Cleanup", Time since last: 1000446300 ns, Reaching safepoint: 321900 ns, At safepoint: 96600 ns, Total: 418500 ns
[2020-04-26T18:01:50.462+0000][1][safepoint    ] Safepoint "Cleanup", Time since last: 1304037100 ns, Reaching safepoint: 248800 ns, At safepoint: 89300 ns, Total: 338100 ns
[2020-04-26T18:01:51.463+0000][1][safepoint    ] Safepoint "Cleanup", Time since last: 1000368600 ns, Reaching safepoint: 617400 ns, At safepoint: 139900 ns, Total: 757300 ns
[2020-04-26T18:01:52.463+0000][1][safepoint    ] Safepoint "Cleanup", Time since last: 1000342300 ns, Reaching safepoint: 204500 ns, At safepoint: 58400 ns, Total: 262900 ns
[2020-04-26T18:01:53.464+0000][1][safepoint    ] Safepoint "Cleanup", Time since last: 1000449300 ns, Reaching safepoint: 371700 ns, At safepoint: 74400 ns, Total: 446100 ns
[2020-04-26T18:01:54.465+0000][1][safepoint    ] Safepoint "Cleanup", Time since last: 1000275200 ns, Reaching safepoint: 145100 ns, At safepoint: 34000 ns, Total: 179100 ns
[2020-04-26T18:01:55.465+0000][1][safepoint    ] Safepoint "Cleanup", Time since last: 1000176100 ns, Reaching safepoint: 155900 ns, At safepoint: 31100 ns, Total: 187000 ns
[2020-04-26T18:01:56.466+0000][1][safepoint    ] Safepoint "Cleanup", Time since last: 1000271700 ns, Reaching safepoint: 201600 ns, At safepoint: 56900 ns, Total: 258500 ns
[2020-04-26T18:01:57.467+0000][1][safepoint    ] Safepoint "Cleanup", Time since last: 1000467000 ns, Reaching safepoint: 318300 ns, At safepoint: 132300 ns, Total: 450600 ns
[2020-04-26T18:01:58.467+0000][1][safepoint    ] Safepoint "Cleanup", Time since last: 1000539300 ns, Reaching safepoint: 136600 ns, At safepoint: 32100 ns, Total: 168700 ns
[2020-04-26T18:01:59.468+0000][1][safepoint    ] Safepoint "Cleanup", Time since last: 1000187500 ns, Reaching safepoint: 169600 ns, At safepoint: 29900 ns, Total: 199500 ns
[2020-04-26T18:02:00.468+0000][1][safepoint    ] Safepoint "Cleanup", Time since last: 1000204500 ns, Reaching safepoint: 223100 ns, At safepoint: 50100 ns, Total: 273200 ns
[2020-04-26T18:02:01.469+0000][1][safepoint    ] Safepoint "Cleanup", Time since last: 1000494400 ns, Reaching safepoint: 484600 ns, At safepoint: 148100 ns, Total: 632700 ns
[2020-04-26T18:02:02.470+0000][1][safepoint    ] Safepoint "Cleanup", Time since last: 1000416800 ns, Reaching safepoint: 444500 ns, At safepoint: 146200 ns, Total: 590700 ns
[2020-04-26T18:02:03.471+0000][1][safepoint    ] Safepoint "Cleanup", Time since last: 1000625500 ns, Reaching safepoint: 432300 ns, At safepoint: 134400 ns, Total: 566700 ns
[2020-04-26T18:02:04.472+0000][1][safepoint    ] Safepoint "Cleanup", Time since last: 1000444600 ns, Reaching safepoint: 303700 ns, At safepoint: 90100 ns, Total: 393800 ns
[2020-04-26T18:02:05.473+0000][1][safepoint    ] Safepoint "Cleanup", Time since last: 1000593500 ns, Reaching safepoint: 339100 ns, At safepoint: 94900 ns, Total: 434000 ns
[2020-04-26T18:02:06.474+0000][1][safepoint    ] Safepoint "Cleanup", Time since last: 1000524800 ns, Reaching safepoint: 137000 ns, At safepoint: 31600 ns, Total: 168600 ns
[2020-04-26T18:02:07.475+0000][1][safepoint    ] Safepoint "Cleanup", Time since last: 1000531900 ns, Reaching safepoint: 135400 ns, At safepoint: 33500 ns, Total: 168900 ns
[2020-04-26T18:02:08.476+0000][1][safepoint    ] Safepoint "Cleanup", Time since last: 1000540400 ns, Reaching safepoint: 502000 ns, At safepoint: 144100 ns, Total: 646100 ns
[2020-04-26T18:02:09.477+0000][1][safepoint    ] Safepoint "Cleanup", Time since last: 1000416700 ns, Reaching safepoint: 434700 ns, At safepoint: 188800 ns, Total: 623500 ns
[2020-04-26T18:02:10.478+0000][1][safepoint    ] Safepoint "Cleanup", Time since last: 1000695000 ns, Reaching safepoint: 457100 ns, At safepoint: 132800 ns, Total: 589900 ns
[2020-04-26T18:02:11.479+0000][1][safepoint    ] Safepoint "Cleanup", Time since last: 1000481700 ns, Reaching safepoint: 457700 ns, At safepoint: 132400 ns, Total: 590100 ns
[2020-04-26T18:02:12.480+0000][1][safepoint    ] Safepoint "Cleanup", Time since last: 1000386400 ns, Reaching safepoint: 433700 ns, At safepoint: 134800 ns, Total: 568500 ns
[2020-04-26T18:02:13.482+0000][1][safepoint    ] Safepoint "Cleanup", Time since last: 1000700400 ns, Reaching safepoint: 457800 ns, At safepoint: 138200 ns, Total: 596000 ns
[2020-04-26T18:02:14.483+0000][1][safepoint    ] Safepoint "Cleanup", Time since last: 1000533100 ns, Reaching safepoint: 517700 ns, At safepoint: 177100 ns, Total: 694800 ns
[2020-04-26T18:02:15.484+0000][1][safepoint    ] Safepoint "Cleanup", Time since last: 1000673000 ns, Reaching safepoint: 433400 ns, At safepoint: 134100 ns, Total: 567500 ns
[2020-04-26T18:02:16.484+0000][1][safepoint    ] Safepoint "Cleanup", Time since last: 1000318400 ns, Reaching safepoint: 133200 ns, At safepoint: 28800 ns, Total: 162000 ns
[2020-04-26T18:02:17.485+0000][1][safepoint    ] Safepoint "Cleanup", Time since last: 1000633000 ns, Reaching safepoint: 138700 ns, At safepoint: 35200 ns, Total: 173900 ns
[2020-04-26T18:02:18.486+0000][1][safepoint    ] Safepoint "Cleanup", Time since last: 1000274900 ns, Reaching safepoint: 146700 ns, At safepoint: 34300 ns, Total: 181000 ns
[2020-04-26T18:02:19.487+0000][1][safepoint    ] Safepoint "Cleanup", Time since last: 1000608700 ns, Reaching safepoint: 452800 ns, At safepoint: 149800 ns, Total: 602600 ns
[2020-04-26T18:02:20.488+0000][1][safepoint    ] Safepoint "Cleanup", Time since last: 1000547100 ns, Reaching safepoint: 158200 ns, At safepoint: 44400 ns, Total: 202600 ns
[2020-04-26T18:02:21.489+0000][1][safepoint    ] Safepoint "Cleanup", Time since last: 1000502200 ns, Reaching safepoint: 345000 ns, At safepoint: 78600 ns, Total: 423600 ns
[2020-04-26T18:02:22.489+0000][1][safepoint    ] Safepoint "Cleanup", Time since last: 1000580600 ns, Reaching safepoint: 132800 ns, At safepoint: 31300 ns, Total: 164100 ns
[2020-04-26T18:02:23.490+0000][1][safepoint    ] Safepoint "Cleanup", Time since last: 1000216500 ns, Reaching safepoint: 140900 ns, At safepoint: 35900 ns, Total: 176800 ns
[2020-04-26T18:02:24.491+0000][1][safepoint    ] Safepoint "Cleanup", Time since last: 1000433200 ns, Reaching safepoint: 724200 ns, At safepoint: 94500 ns, Total: 818700 ns
[2020-04-26T18:02:25.492+0000][1][safepoint    ] Safepoint "Cleanup", Time since last: 1000449000 ns, Reaching safepoint: 525100 ns, At safepoint: 130200 ns, Total: 655300 ns
[2020-04-26T18:02:26.493+0000][1][safepoint    ] Safepoint "Cleanup", Time since last: 1000311400 ns, Reaching safepoint: 252100 ns, At safepoint: 51300 ns, Total: 303400 ns
[2020-04-26T18:02:27.494+0000][1][safepoint    ] Safepoint "Cleanup", Time since last: 1000335100 ns, Reaching safepoint: 456900 ns, At safepoint: 182100 ns, Total: 639000 ns
[2020-04-26T18:02:28.210+0000][1][safepoint    ] Safepoint "RevokeBias", Time since last: 716489600 ns, Reaching safepoint: 138700 ns, At safepoint: 65600 ns, Total: 204300 ns
[2020-04-26T18:02:28.211+0000][1][safepoint    ] Safepoint "BulkRevokeBias", Time since last: 277300 ns, Reaching safepoint: 192900 ns, At safepoint: 550000 ns, Total: 742900 ns
[2020-04-26T18:02:28.216+0000][1][safepoint    ] Safepoint "RevokeBias", Time since last: 4236200 ns, Reaching safepoint: 159300 ns, At safepoint: 67300 ns, Total: 226600 ns
[2020-04-26T18:02:28.216+0000][1][safepoint    ] Safepoint "RevokeBias", Time since last: 67900 ns, Reaching safepoint: 93400 ns, At safepoint: 66100 ns, Total: 159500 ns
[2020-04-26T18:02:28.217+0000][1][safepoint    ] Safepoint "RevokeBias", Time since last: 199800 ns, Reaching safepoint: 165500 ns, At safepoint: 56700 ns, Total: 222200 ns
[2020-04-26T18:02:29.218+0000][1][safepoint    ] Safepoint "Cleanup", Time since last: 1000295500 ns, Reaching safepoint: 630900 ns, At safepoint: 220400 ns, Total: 851300 ns
[2020-04-26T18:02:30.219+0000][1][safepoint    ] Safepoint "Cleanup", Time since last: 1000721500 ns, Reaching safepoint: 475200 ns, At safepoint: 210500 ns, Total: 685700 ns
[2020-04-26T18:02:31.220+0000][1][safepoint    ] Safepoint "Cleanup", Time since last: 1000694700 ns, Reaching safepoint: 305100 ns, At safepoint: 95200 ns, Total: 400300 ns
[2020-04-26T18:02:32.733+0000][1][safepoint    ] Safepoint "Cleanup", Time since last: 1511895400 ns, Reaching safepoint: 475500 ns, At safepoint: 132500 ns, Total: 608000 ns
[2020-04-26T18:02:33.734+0000][1][safepoint    ] Safepoint "Cleanup", Time since last: 1000303900 ns, Reaching safepoint: 551300 ns, At safepoint: 126800 ns, Total: 678100 ns
[2020-04-26T18:02:34.734+0000][1][safepoint    ] Safepoint "Cleanup", Time since last: 1000276700 ns, Reaching safepoint: 132200 ns, At safepoint: 30900 ns, Total: 163100 ns
[2020-04-26T18:02:35.735+0000][1][safepoint    ] Safepoint "Cleanup", Time since last: 1000512000 ns, Reaching safepoint: 436300 ns, At safepoint: 132200 ns, Total: 568500 ns
[2020-04-26T18:02:36.736+0000][1][safepoint    ] Safepoint "Cleanup", Time since last: 1000456200 ns, Reaching safepoint: 434700 ns, At safepoint: 138100 ns, Total: 572800 ns
[2020-04-26T18:02:37.737+0000][1][safepoint    ] Safepoint "Cleanup", Time since last: 1000239600 ns, Reaching safepoint: 240400 ns, At safepoint: 68500 ns, Total: 308900 ns
[2020-04-26T18:02:38.737+0000][1][safepoint    ] Safepoint "Cleanup", Time since last: 1000164900 ns, Reaching safepoint: 133000 ns, At safepoint: 27100 ns, Total: 160100 ns
[2020-04-26T18:02:39.737+0000][1][safepoint    ] Safepoint "Cleanup", Time since last: 1000165200 ns, Reaching safepoint: 148800 ns, At safepoint: 26700 ns, Total: 175500 ns
[2020-04-26T18:02:40.738+0000][1][safepoint    ] Safepoint "Cleanup", Time since last: 1000201900 ns, Reaching safepoint: 335800 ns, At safepoint: 95400 ns, Total: 431200 ns
[2020-04-26T18:02:41.739+0000][1][safepoint    ] Safepoint "Cleanup", Time since last: 1000265400 ns, Reaching safepoint: 142300 ns, At safepoint: 35300 ns, Total: 177600 ns
[2020-04-26T18:02:42.739+0000][1][safepoint    ] Safepoint "Cleanup", Time since last: 1000166900 ns, Reaching safepoint: 294800 ns, At safepoint: 69300 ns, Total: 364100 ns
[2020-04-26T18:02:43.740+0000][1][safepoint    ] Safepoint "Cleanup", Time since last: 1000177700 ns, Reaching safepoint: 529400 ns, At safepoint: 136000 ns, Total: 665400 ns
[2020-04-26T18:02:44.741+0000][1][safepoint    ] Safepoint "Cleanup", Time since last: 1000403700 ns, Reaching safepoint: 446500 ns, At safepoint: 195400 ns, Total: 641900 ns
[2020-04-26T18:02:45.742+0000][1][safepoint    ] Safepoint "Cleanup", Time since last: 1000441600 ns, Reaching safepoint: 191000 ns, At safepoint: 89600 ns, Total: 280600 ns
[2020-04-26T18:02:46.742+0000][1][safepoint    ] Safepoint "Cleanup", Time since last: 1000465900 ns, Reaching safepoint: 175400 ns, At safepoint: 53600 ns, Total: 229000 ns
[2020-04-26T18:02:47.743+0000][1][safepoint    ] Safepoint "Cleanup", Time since last: 1000513400 ns, Reaching safepoint: 132800 ns, At safepoint: 45900 ns, Total: 178700 ns
[2020-04-26T18:02:48.744+0000][1][safepoint    ] Safepoint "Cleanup", Time since last: 1000399500 ns, Reaching safepoint: 471300 ns, At safepoint: 244400 ns, Total: 715700 ns
[2020-04-26T18:02:49.745+0000][1][safepoint    ] Safepoint "Cleanup", Time since last: 1000342700 ns, Reaching safepoint: 326000 ns, At safepoint: 147600 ns, Total: 473600 ns
[2020-04-26T18:02:50.746+0000][1][safepoint    ] Safepoint "Cleanup", Time since last: 1000305900 ns, Reaching safepoint: 489000 ns, At safepoint: 198100 ns, Total: 687100 ns
[2020-04-26T18:02:51.747+0000][1][safepoint    ] Safepoint "Cleanup", Time since last: 1000352100 ns, Reaching safepoint: 219100 ns, At safepoint: 86000 ns, Total: 305100 ns
[2020-04-26T18:02:52.748+0000][1][safepoint    ] Safepoint "Cleanup", Time since last: 1000548100 ns, Reaching safepoint: 642500 ns, At safepoint: 204300 ns, Total: 846800 ns
[2020-04-26T18:02:53.748+0000][1][safepoint    ] Safepoint "Cleanup", Time since last: 1000303000 ns, Reaching safepoint: 143600 ns, At safepoint: 26900 ns, Total: 170500 ns
[2020-04-26T18:02:54.749+0000][1][safepoint    ] Safepoint "Cleanup", Time since last: 1000576800 ns, Reaching safepoint: 223100 ns, At safepoint: 44100 ns, Total: 267200 ns
[2020-04-26T18:02:55.751+0000][1][safepoint    ] Safepoint "Cleanup", Time since last: 1000342900 ns, Reaching safepoint: 616500 ns, At safepoint: 201500 ns, Total: 818000 ns
[2020-04-26T18:02:56.751+0000][1][safepoint    ] Safepoint "Cleanup", Time since last: 1000538100 ns, Reaching safepoint: 154400 ns, At safepoint: 55900 ns, Total: 210300 ns
[2020-04-26T18:02:57.753+0000][1][safepoint    ] Safepoint "Cleanup", Time since last: 1000471300 ns, Reaching safepoint: 628600 ns, At safepoint: 407200 ns, Total: 1035800 ns
[2020-04-26T18:02:58.754+0000][1][safepoint    ] Safepoint "Cleanup", Time since last: 1000532600 ns, Reaching safepoint: 718100 ns, At safepoint: 297200 ns, Total: 1015300 ns
[2020-04-26T18:02:59.755+0000][1][safepoint    ] Safepoint "Cleanup", Time since last: 1000343300 ns, Reaching safepoint: 586900 ns, At safepoint: 197000 ns, Total: 783900 ns
[2020-04-26T18:03:00.757+0000][1][safepoint    ] Safepoint "Cleanup", Time since last: 1000349700 ns, Reaching safepoint: 771400 ns, At safepoint: 266900 ns, Total: 1038300 ns
[2020-04-26T18:03:01.757+0000][1][safepoint    ] Safepoint "Cleanup", Time since last: 1000222200 ns, Reaching safepoint: 323500 ns, At safepoint: 100400 ns, Total: 423900 ns
[2020-04-26T18:03:02.758+0000][1][safepoint    ] Safepoint "Cleanup", Time since last: 1000420800 ns, Reaching safepoint: 436700 ns, At safepoint: 124700 ns, Total: 561400 ns
[2020-04-26T18:03:03.760+0000][1][safepoint    ] Safepoint "Cleanup", Time since last: 1000430500 ns, Reaching safepoint: 456800 ns, At safepoint: 214300 ns, Total: 671100 ns
[2020-04-26T18:03:04.760+0000][1][safepoint    ] Safepoint "Cleanup", Time since last: 1000259800 ns, Reaching safepoint: 156400 ns, At safepoint: 37700 ns, Total: 194100 ns
[2020-04-26T18:03:05.760+0000][1][safepoint    ] Safepoint "Cleanup", Time since last: 1000148000 ns, Reaching safepoint: 218400 ns, At safepoint: 61800 ns, Total: 280200 ns
[2020-04-26T18:03:06.761+0000][1][safepoint    ] Safepoint "Cleanup", Time since last: 1000197800 ns, Reaching safepoint: 138100 ns, At safepoint: 46600 ns, Total: 184700 ns
[2020-04-26T18:03:07.762+0000][1][safepoint    ] Safepoint "Cleanup", Time since last: 1000432900 ns, Reaching safepoint: 438400 ns, At safepoint: 117300 ns, Total: 555700 ns
[2020-04-26T18:03:08.762+0000][1][safepoint    ] Safepoint "Cleanup", Time since last: 1000210200 ns, Reaching safepoint: 183800 ns, At safepoint: 57800 ns, Total: 241600 ns
[2020-04-26T18:03:09.763+0000][1][safepoint    ] Safepoint "Cleanup", Time since last: 1000597200 ns, Reaching safepoint: 261000 ns, At safepoint: 147800 ns, Total: 408800 ns
[2020-04-26T18:03:10.764+0000][1][safepoint    ] Safepoint "Cleanup", Time since last: 1000501100 ns, Reaching safepoint: 322900 ns, At safepoint: 85000 ns, Total: 407900 ns
[2020-04-26T18:03:11.765+0000][1][safepoint    ] Safepoint "Cleanup", Time since last: 1000486200 ns, Reaching safepoint: 270800 ns, At safepoint: 61400 ns, Total: 332200 ns
[2020-04-26T18:03:12.766+0000][1][safepoint    ] Safepoint "Cleanup", Time since last: 1000675400 ns, Reaching safepoint: 443900 ns, At safepoint: 283300 ns, Total: 727200 ns
[2020-04-26T18:03:13.767+0000][1][safepoint    ] Safepoint "Cleanup", Time since last: 1000342300 ns, Reaching safepoint: 342500 ns, At safepoint: 84200 ns, Total: 426700 ns
[2020-04-26T18:03:14.768+0000][1][safepoint    ] Safepoint "Cleanup", Time since last: 1000441800 ns, Reaching safepoint: 632500 ns, At safepoint: 224700 ns, Total: 857200 ns
[2020-04-26T18:03:15.769+0000][1][safepoint    ] Safepoint "Cleanup", Time since last: 1000579700 ns, Reaching safepoint: 254600 ns, At safepoint: 57500 ns, Total: 312100 ns
[2020-04-26T18:03:16.770+0000][1][safepoint    ] Safepoint "Cleanup", Time since last: 1000501600 ns, Reaching safepoint: 135800 ns, At safepoint: 44900 ns, Total: 180700 ns
[2020-04-26T18:03:17.771+0000][1][safepoint    ] Safepoint "Cleanup", Time since last: 1000494800 ns, Reaching safepoint: 155000 ns, At safepoint: 55600 ns, Total: 210600 ns
[2020-04-26T18:03:18.772+0000][1][safepoint    ] Safepoint "Cleanup", Time since last: 1000417400 ns, Reaching safepoint: 720100 ns, At safepoint: 168700 ns, Total: 888800 ns
[2020-04-26T18:03:19.773+0000][1][safepoint    ] Safepoint "Cleanup", Time since last: 1000420700 ns, Reaching safepoint: 365300 ns, At safepoint: 52300 ns, Total: 417600 ns
[2020-04-26T18:03:20.775+0000][1][safepoint    ] Safepoint "Cleanup", Time since last: 1000722700 ns, Reaching safepoint: 620300 ns, At safepoint: 313900 ns, Total: 934200 ns
[2020-04-26T18:03:21.775+0000][1][safepoint    ] Safepoint "Cleanup", Time since last: 1000550400 ns, Reaching safepoint: 233100 ns, At safepoint: 127000 ns, Total: 360100 ns
[2020-04-26T18:03:22.777+0000][1][safepoint    ] Safepoint "Cleanup", Time since last: 1000490600 ns, Reaching safepoint: 441100 ns, At safepoint: 126600 ns, Total: 567700 ns
[2020-04-26T18:03:23.777+0000][1][safepoint    ] Safepoint "Cleanup", Time since last: 1000177900 ns, Reaching safepoint: 132500 ns, At safepoint: 27100 ns, Total: 159600 ns
[2020-04-26T18:03:24.778+0000][1][safepoint    ] Safepoint "Cleanup", Time since last: 1000584800 ns, Reaching safepoint: 510900 ns, At safepoint: 204800 ns, Total: 715700 ns
[2020-04-26T18:03:25.779+0000][1][safepoint    ] Safepoint "Cleanup", Time since last: 1000399200 ns, Reaching safepoint: 152200 ns, At safepoint: 43900 ns, Total: 196100 ns
[2020-04-26T18:03:26.779+0000][1][safepoint    ] Safepoint "Cleanup", Time since last: 1000356400 ns, Reaching safepoint: 139600 ns, At safepoint: 46500 ns, Total: 186100 ns
[2020-04-26T18:03:27.780+0000][1][safepoint    ] Safepoint "Cleanup", Time since last: 1000298300 ns, Reaching safepoint: 394300 ns, At safepoint: 175800 ns, Total: 570100 ns
[2020-04-26T18:03:28.781+0000][1][safepoint    ] Safepoint "Cleanup", Time since last: 1000315300 ns, Reaching safepoint: 324300 ns, At safepoint: 149800 ns, Total: 474100 ns
[2020-04-26T18:03:29.781+0000][1][safepoint    ] Safepoint "Cleanup", Time since last: 1000158400 ns, Reaching safepoint: 134200 ns, At safepoint: 29900 ns, Total: 164100 ns
[2020-04-26T18:03:30.135+0000][1][safepoint    ] Safepoint "RevokeBias", Time since last: 353967300 ns, Reaching safepoint: 186500 ns, At safepoint: 71000 ns, Total: 257500 ns
[2020-04-26T18:03:30.136+0000][1][safepoint    ] Safepoint "RevokeBias", Time since last: 269300 ns, Reaching safepoint: 196700 ns, At safepoint: 64200 ns, Total: 260900 ns
[2020-04-26T18:03:30.140+0000][1][safepoint    ] Safepoint "RevokeBias", Time since last: 4033300 ns, Reaching safepoint: 126100 ns, At safepoint: 66600 ns, Total: 192700 ns
[2020-04-26T18:03:30.140+0000][1][safepoint    ] Safepoint "RevokeBias", Time since last: 56100 ns, Reaching safepoint: 86100 ns, At safepoint: 72700 ns, Total: 158800 ns
[2020-04-26T18:03:30.141+0000][1][safepoint    ] Safepoint "RevokeBias", Time since last: 216700 ns, Reaching safepoint: 229800 ns, At safepoint: 63200 ns, Total: 293000 ns
[2020-04-26T18:03:31.142+0000][1][safepoint    ] Safepoint "Cleanup", Time since last: 1000183900 ns, Reaching safepoint: 320800 ns, At safepoint: 65000 ns, Total: 385800 ns
[2020-04-26T18:03:32.142+0000][1][safepoint    ] Safepoint "Cleanup", Time since last: 1000200200 ns, Reaching safepoint: 148400 ns, At safepoint: 38200 ns, Total: 186600 ns
[2020-04-26T18:03:33.143+0000][1][safepoint    ] Safepoint "Cleanup", Time since last: 1000248700 ns, Reaching safepoint: 392500 ns, At safepoint: 47600 ns, Total: 440100 ns
[2020-04-26T18:03:34.143+0000][1][safepoint    ] Safepoint "Cleanup", Time since last: 1000606100 ns, Reaching safepoint: 137500 ns, At safepoint: 30800 ns, Total: 168300 ns
[2020-04-26T18:03:35.144+0000][1][safepoint    ] Safepoint "Cleanup", Time since last: 1000129300 ns, Reaching safepoint: 140000 ns, At safepoint: 31400 ns, Total: 171400 ns
[2020-04-26T18:03:36.144+0000][1][safepoint    ] Safepoint "Cleanup", Time since last: 1000129500 ns, Reaching safepoint: 243500 ns, At safepoint: 43000 ns, Total: 286500 ns
[2020-04-26T18:03:37.144+0000][1][safepoint    ] Safepoint "Cleanup", Time since last: 1000173700 ns, Reaching safepoint: 156300 ns, At safepoint: 34000 ns, Total: 190300 ns
[2020-04-26T18:03:37.226+0000][1][gc,start     ] GC(71) Pause Young (Allocation Failure)
[2020-04-26T18:03:37.227+0000][1][gc,task      ] GC(71) Using 10 workers of 10 for evacuation
[2020-04-26T18:03:37.231+0000][1][gc,age       ] GC(71) Desired survivor size 8945664 bytes, new threshold 6 (max threshold 6)
[2020-04-26T18:03:37.231+0000][1][gc,age       ] GC(71) Age table with threshold 6 (max threshold 6)
[2020-04-26T18:03:37.231+0000][1][gc,age       ] GC(71) - age   1:      66864 bytes,      66864 total
[2020-04-26T18:03:37.231+0000][1][gc,age       ] GC(71) - age   2:       2592 bytes,      69456 total
[2020-04-26T18:03:37.231+0000][1][gc,age       ] GC(71) - age   3:      22816 bytes,      92272 total
[2020-04-26T18:03:37.231+0000][1][gc,age       ] GC(71) - age   4:       8680 bytes,     100952 total
[2020-04-26T18:03:37.231+0000][1][gc,age       ] GC(71) - age   5:     243624 bytes,     344576 total
[2020-04-26T18:03:37.231+0000][1][gc,age       ] GC(71) - age   6:      18936 bytes,     363512 total
[2020-04-26T18:03:37.231+0000][1][gc,heap      ] GC(71) ParNew: 147175K->585K(157248K)
[2020-04-26T18:03:37.231+0000][1][gc,heap      ] GC(71) CMS: 81494K->88366K(349568K)
[2020-04-26T18:03:37.231+0000][1][gc,metaspace ] GC(71) Metaspace: 99575K->99575K(1140736K)
[2020-04-26T18:03:37.231+0000][1][gc           ] GC(71) Pause Young (Allocation Failure) 223M->86M(494M) 4.855ms
[2020-04-26T18:03:37.231+0000][1][gc,cpu       ] GC(71) User=0.02s Sys=0.00s Real=0.00s
[2020-04-26T18:03:37.231+0000][1][safepoint    ] Safepoint "GenCollectForAllocation", Time since last: 80988300 ns, Reaching safepoint: 709900 ns, At safepoint: 5044000 ns, Total: 5753900 ns
[2020-04-26T18:03:38.254+0000][1][safepoint    ] Safepoint "Cleanup", Time since last: 1022233100 ns, Reaching safepoint: 139700 ns, At safepoint: 44000 ns, Total: 183700 ns
[2020-04-26T18:03:39.254+0000][1][safepoint    ] Safepoint "Cleanup", Time since last: 1000189600 ns, Reaching safepoint: 174100 ns, At safepoint: 36000 ns, Total: 210100 ns
[2020-04-26T18:03:40.255+0000][1][safepoint    ] Safepoint "Cleanup", Time since last: 1000677500 ns, Reaching safepoint: 491000 ns, At safepoint: 152100 ns, Total: 643100 ns
[2020-04-26T18:03:41.256+0000][1][safepoint    ] Safepoint "Cleanup", Time since last: 1000373100 ns, Reaching safepoint: 247000 ns, At safepoint: 68700 ns, Total: 315700 ns
[2020-04-26T18:03:42.257+0000][1][safepoint    ] Safepoint "Cleanup", Time since last: 1000470600 ns, Reaching safepoint: 464800 ns, At safepoint: 149500 ns, Total: 614300 ns
[2020-04-26T18:03:43.258+0000][1][safepoint    ] Safepoint "Cleanup", Time since last: 1000403100 ns, Reaching safepoint: 433800 ns, At safepoint: 133500 ns, Total: 567300 ns
[2020-04-26T18:03:44.259+0000][1][safepoint    ] Safepoint "Cleanup", Time since last: 1000382800 ns, Reaching safepoint: 130100 ns, At safepoint: 25300 ns, Total: 155400 ns
[2020-04-26T18:03:45.260+0000][1][safepoint    ] Safepoint "Cleanup", Time since last: 1000365900 ns, Reaching safepoint: 517600 ns, At safepoint: 170700 ns, Total: 688300 ns
[2020-04-26T18:03:46.261+0000][1][safepoint    ] Safepoint "Cleanup", Time since last: 1000745700 ns, Reaching safepoint: 152700 ns, At safepoint: 30900 ns, Total: 183600 ns
[2020-04-26T18:03:47.261+0000][1][safepoint    ] Safepoint "Cleanup", Time since last: 1000471100 ns, Reaching safepoint: 131900 ns, At safepoint: 32600 ns, Total: 164500 ns
[2020-04-26T18:03:48.262+0000][1][safepoint    ] Safepoint "Cleanup", Time since last: 1000441600 ns, Reaching safepoint: 153100 ns, At safepoint: 38300 ns, Total: 191400 ns
[2020-04-26T18:03:49.263+0000][1][safepoint    ] Safepoint "Cleanup", Time since last: 1000295100 ns, Reaching safepoint: 275500 ns, At safepoint: 99200 ns, Total: 374700 ns
[2020-04-26T18:03:50.263+0000][1][safepoint    ] Safepoint "Cleanup", Time since last: 1000609700 ns, Reaching safepoint: 152500 ns, At safepoint: 33700 ns, Total: 186200 ns
[2020-04-26T18:03:51.264+0000][1][safepoint    ] Safepoint "Cleanup", Time since last: 1000278800 ns, Reaching safepoint: 200700 ns, At safepoint: 55500 ns, Total: 256200 ns
[2020-04-26T18:03:52.265+0000][1][safepoint    ] Safepoint "Cleanup", Time since last: 1000313500 ns, Reaching safepoint: 441300 ns, At safepoint: 140700 ns, Total: 582000 ns
[2020-04-26T18:03:53.266+0000][1][safepoint    ] Safepoint "Cleanup", Time since last: 1000675200 ns, Reaching safepoint: 135100 ns, At safepoint: 32000 ns, Total: 167100 ns
[2020-04-26T18:03:54.267+0000][1][safepoint    ] Safepoint "Cleanup", Time since last: 1000538800 ns, Reaching safepoint: 437300 ns, At safepoint: 131800 ns, Total: 569100 ns
[2020-04-26T18:03:55.267+0000][1][safepoint    ] Safepoint "Cleanup", Time since last: 1000284500 ns, Reaching safepoint: 303300 ns, At safepoint: 41400 ns, Total: 344700 ns
[2020-04-26T18:03:56.269+0000][1][safepoint    ] Safepoint "Cleanup", Time since last: 1000505500 ns, Reaching safepoint: 524100 ns, At safepoint: 132300 ns, Total: 656400 ns
[2020-04-26T18:03:57.270+0000][1][safepoint    ] Safepoint "Cleanup", Time since last: 1000525700 ns, Reaching safepoint: 470800 ns, At safepoint: 157100 ns, Total: 627900 ns
[2020-04-26T18:03:58.271+0000][1][safepoint    ] Safepoint "Cleanup", Time since last: 1000461700 ns, Reaching safepoint: 504100 ns, At safepoint: 185200 ns, Total: 689300 ns
[2020-04-26T18:03:59.506+0000][1][safepoint    ] Safepoint "Cleanup", Time since last: 1234796900 ns, Reaching safepoint: 138000 ns, At safepoint: 28400 ns, Total: 166400 ns
[2020-04-26T18:04:00.507+0000][1][safepoint    ] Safepoint "Cleanup", Time since last: 1000592800 ns, Reaching safepoint: 478000 ns, At safepoint: 135600 ns, Total: 613600 ns
[2020-04-26T18:04:01.508+0000][1][safepoint    ] Safepoint "Cleanup", Time since last: 1000606900 ns, Reaching safepoint: 436500 ns, At safepoint: 133900 ns, Total: 570400 ns
[2020-04-26T18:04:02.509+0000][1][safepoint    ] Safepoint "Cleanup", Time since last: 1000239800 ns, Reaching safepoint: 145600 ns, At safepoint: 46900 ns, Total: 192500 ns
[2020-04-26T18:04:03.509+0000][1][safepoint    ] Safepoint "Cleanup", Time since last: 1000372700 ns, Reaching safepoint: 255300 ns, At safepoint: 72800 ns, Total: 328100 ns
[2020-04-26T18:04:04.510+0000][1][safepoint    ] Safepoint "Cleanup", Time since last: 1000351800 ns, Reaching safepoint: 438400 ns, At safepoint: 137100 ns, Total: 575500 ns
[2020-04-26T18:04:05.563+0000][1][safepoint    ] Safepoint "Cleanup", Time since last: 1051527100 ns, Reaching safepoint: 577700 ns, At safepoint: 131800 ns, Total: 709500 ns
[2020-04-26T18:04:06.563+0000][1][safepoint    ] Safepoint "Cleanup", Time since last: 1000488100 ns, Reaching safepoint: 316600 ns, At safepoint: 77100 ns, Total: 393700 ns
[2020-04-26T18:04:07.564+0000][1][safepoint    ] Safepoint "Cleanup", Time since last: 1000187300 ns, Reaching safepoint: 171900 ns, At safepoint: 27200 ns, Total: 199100 ns
[2020-04-26T18:04:08.564+0000][1][safepoint    ] Safepoint "Cleanup", Time since last: 1000510500 ns, Reaching safepoint: 150000 ns, At safepoint: 38600 ns, Total: 188600 ns
[2020-04-26T18:04:09.566+0000][1][safepoint    ] Safepoint "Cleanup", Time since last: 1000541800 ns, Reaching safepoint: 459900 ns, At safepoint: 138300 ns, Total: 598200 ns
[2020-04-26T18:04:10.566+0000][1][safepoint    ] Safepoint "Cleanup", Time since last: 1000325600 ns, Reaching safepoint: 140900 ns, At safepoint: 34800 ns, Total: 175700 ns
[2020-04-26T18:04:11.567+0000][1][safepoint    ] Safepoint "Cleanup", Time since last: 1000573600 ns, Reaching safepoint: 140700 ns, At safepoint: 34300 ns, Total: 175000 ns
[2020-04-26T18:04:12.567+0000][1][safepoint    ] Safepoint "Cleanup", Time since last: 1000233200 ns, Reaching safepoint: 264800 ns, At safepoint: 73000 ns, Total: 337800 ns
[2020-04-26T18:04:13.569+0000][1][safepoint    ] Safepoint "Cleanup", Time since last: 1000420700 ns, Reaching safepoint: 434200 ns, At safepoint: 291900 ns, Total: 726100 ns
[2020-04-26T18:04:14.570+0000][1][safepoint    ] Safepoint "Cleanup", Time since last: 1000696900 ns, Reaching safepoint: 441600 ns, At safepoint: 136400 ns, Total: 578000 ns
[2020-04-26T18:04:15.570+0000][1][safepoint    ] Safepoint "Cleanup", Time since last: 1000248800 ns, Reaching safepoint: 137100 ns, At safepoint: 28000 ns, Total: 165100 ns
[2020-04-26T18:04:16.572+0000][1][safepoint    ] Safepoint "Cleanup", Time since last: 1000698900 ns, Reaching safepoint: 436900 ns, At safepoint: 132500 ns, Total: 569400 ns
[2020-04-26T18:04:17.572+0000][1][safepoint    ] Safepoint "Cleanup", Time since last: 1000264100 ns, Reaching safepoint: 145600 ns, At safepoint: 33800 ns, Total: 179400 ns
[2020-04-26T18:04:18.573+0000][1][safepoint    ] Safepoint "Cleanup", Time since last: 1000424500 ns, Reaching safepoint: 228100 ns, At safepoint: 39600 ns, Total: 267700 ns
[2020-04-26T18:04:19.573+0000][1][safepoint    ] Safepoint "Cleanup", Time since last: 1000372200 ns, Reaching safepoint: 139600 ns, At safepoint: 43100 ns, Total: 182700 ns
[2020-04-26T18:04:20.574+0000][1][safepoint    ] Safepoint "Cleanup", Time since last: 1000364900 ns, Reaching safepoint: 580500 ns, At safepoint: 138400 ns, Total: 718900 ns
[2020-04-26T18:04:21.575+0000][1][safepoint    ] Safepoint "Cleanup", Time since last: 1000326900 ns, Reaching safepoint: 371200 ns, At safepoint: 110600 ns, Total: 481800 ns
[2020-04-26T18:04:22.577+0000][1][safepoint    ] Safepoint "Cleanup", Time since last: 1000689400 ns, Reaching safepoint: 560600 ns, At safepoint: 163900 ns, Total: 724500 ns
[2020-04-26T18:04:23.578+0000][1][safepoint    ] Safepoint "Cleanup", Time since last: 1000410400 ns, Reaching safepoint: 527300 ns, At safepoint: 138200 ns, Total: 665500 ns
[2020-04-26T18:04:24.578+0000][1][safepoint    ] Safepoint "Cleanup", Time since last: 1000267900 ns, Reaching safepoint: 136000 ns, At safepoint: 28800 ns, Total: 164800 ns
[2020-04-26T18:04:25.579+0000][1][safepoint    ] Safepoint "Cleanup", Time since last: 1000464300 ns, Reaching safepoint: 439000 ns, At safepoint: 131600 ns, Total: 570600 ns
[2020-04-26T18:04:26.580+0000][1][safepoint    ] Safepoint "Cleanup", Time since last: 1000716200 ns, Reaching safepoint: 458800 ns, At safepoint: 138800 ns, Total: 597600 ns
[2020-04-26T18:04:27.581+0000][1][safepoint    ] Safepoint "Cleanup", Time since last: 1000468800 ns, Reaching safepoint: 516400 ns, At safepoint: 137700 ns, Total: 654100 ns
[2020-04-26T18:04:29.508+0000][1][safepoint    ] Safepoint "Cleanup", Time since last: 1926289500 ns, Reaching safepoint: 374800 ns, At safepoint: 24300 ns, Total: 399100 ns
[2020-04-26T18:04:30.509+0000][1][safepoint    ] Safepoint "Cleanup", Time since last: 1000614900 ns, Reaching safepoint: 270000 ns, At safepoint: 98400 ns, Total: 368400 ns
[2020-04-26T18:04:31.510+0000][1][safepoint    ] Safepoint "Cleanup", Time since last: 1000347700 ns, Reaching safepoint: 526900 ns, At safepoint: 129000 ns, Total: 655900 ns
[2020-04-26T18:04:32.146+0000][1][safepoint    ] Safepoint "RevokeBias", Time since last: 635304000 ns, Reaching safepoint: 136000 ns, At safepoint: 72400 ns, Total: 208400 ns
[2020-04-26T18:04:32.146+0000][1][safepoint    ] Safepoint "RevokeBias", Time since last: 41800 ns, Reaching safepoint: 84700 ns, At safepoint: 110100 ns, Total: 194800 ns
[2020-04-26T18:04:32.147+0000][1][safepoint    ] Safepoint "RevokeBias", Time since last: 253000 ns, Reaching safepoint: 358700 ns, At safepoint: 112200 ns, Total: 470900 ns
[2020-04-26T18:04:32.152+0000][1][safepoint    ] Safepoint "RevokeBias", Time since last: 5148900 ns, Reaching safepoint: 240200 ns, At safepoint: 100900 ns, Total: 341100 ns
[2020-04-26T18:04:32.152+0000][1][safepoint    ] Safepoint "RevokeBias", Time since last: 48800 ns, Reaching safepoint: 104100 ns, At safepoint: 93200 ns, Total: 197300 ns
[2020-04-26T18:04:32.153+0000][1][safepoint    ] Safepoint "RevokeBias", Time since last: 152600 ns, Reaching safepoint: 193700 ns, At safepoint: 74500 ns, Total: 268200 ns
[2020-04-26T18:04:33.154+0000][1][safepoint    ] Safepoint "Cleanup", Time since last: 1000354400 ns, Reaching safepoint: 336400 ns, At safepoint: 100300 ns, Total: 436700 ns
[2020-04-26T18:04:34.154+0000][1][safepoint    ] Safepoint "Cleanup", Time since last: 1000301700 ns, Reaching safepoint: 258900 ns, At safepoint: 68200 ns, Total: 327100 ns
[2020-04-26T18:04:35.155+0000][1][safepoint    ] Safepoint "Cleanup", Time since last: 1000622800 ns, Reaching safepoint: 440000 ns, At safepoint: 136400 ns, Total: 576400 ns
[2020-04-26T18:04:36.157+0000][1][safepoint    ] Safepoint "Cleanup", Time since last: 1000438400 ns, Reaching safepoint: 503800 ns, At safepoint: 157500 ns, Total: 661300 ns
[2020-04-26T18:04:37.158+0000][1][safepoint    ] Safepoint "Cleanup", Time since last: 1000419400 ns, Reaching safepoint: 586600 ns, At safepoint: 130600 ns, Total: 717200 ns
[2020-04-26T18:04:38.159+0000][1][safepoint    ] Safepoint "Cleanup", Time since last: 1000567000 ns, Reaching safepoint: 512500 ns, At safepoint: 142300 ns, Total: 654800 ns
[2020-04-26T18:04:39.160+0000][1][safepoint    ] Safepoint "Cleanup", Time since last: 1000378500 ns, Reaching safepoint: 523800 ns, At safepoint: 124600 ns, Total: 648400 ns
[2020-04-26T18:04:40.161+0000][1][safepoint    ] Safepoint "Cleanup", Time since last: 1000311900 ns, Reaching safepoint: 284000 ns, At safepoint: 51600 ns, Total: 335600 ns
[2020-04-26T18:04:41.355+0000][1][safepoint    ] Safepoint "Cleanup", Time since last: 1193812800 ns, Reaching safepoint: 157600 ns, At safepoint: 31200 ns, Total: 188800 ns
[2020-04-26T18:04:42.355+0000][1][safepoint    ] Safepoint "Cleanup", Time since last: 1000267300 ns, Reaching safepoint: 139500 ns, At safepoint: 33600 ns, Total: 173100 ns
[2020-04-26T18:04:43.355+0000][1][safepoint    ] Safepoint "Cleanup", Time since last: 1000120900 ns, Reaching safepoint: 151300 ns, At safepoint: 29700 ns, Total: 181000 ns
[2020-04-26T18:04:44.356+0000][1][safepoint    ] Safepoint "Cleanup", Time since last: 1000512000 ns, Reaching safepoint: 155100 ns, At safepoint: 32100 ns, Total: 187200 ns
[2020-04-26T18:04:45.357+0000][1][safepoint    ] Safepoint "Cleanup", Time since last: 1000287900 ns, Reaching safepoint: 469600 ns, At safepoint: 139500 ns, Total: 609100 ns
[2020-04-26T18:04:46.357+0000][1][safepoint    ] Safepoint "Cleanup", Time since last: 1000238800 ns, Reaching safepoint: 159400 ns, At safepoint: 33200 ns, Total: 192600 ns
[2020-04-26T18:04:47.358+0000][1][safepoint    ] Safepoint "Cleanup", Time since last: 1000245500 ns, Reaching safepoint: 195300 ns, At safepoint: 47100 ns, Total: 242400 ns
[2020-04-26T18:04:48.358+0000][1][safepoint    ] Safepoint "Cleanup", Time since last: 1000222200 ns, Reaching safepoint: 197200 ns, At safepoint: 52700 ns, Total: 249900 ns
[2020-04-26T18:04:49.359+0000][1][safepoint    ] Safepoint "Cleanup", Time since last: 1000322400 ns, Reaching safepoint: 138900 ns, At safepoint: 34000 ns, Total: 172900 ns
[2020-04-26T18:04:50.359+0000][1][safepoint    ] Safepoint "Cleanup", Time since last: 1000119500 ns, Reaching safepoint: 135000 ns, At safepoint: 28600 ns, Total: 163600 ns
[2020-04-26T18:04:51.360+0000][1][safepoint    ] Safepoint "Cleanup", Time since last: 1000190800 ns, Reaching safepoint: 382000 ns, At safepoint: 104300 ns, Total: 486300 ns
[2020-04-26T18:04:52.360+0000][1][safepoint    ] Safepoint "Cleanup", Time since last: 1000365600 ns, Reaching safepoint: 210200 ns, At safepoint: 43300 ns, Total: 253500 ns
[2020-04-26T18:04:53.361+0000][1][safepoint    ] Safepoint "Cleanup", Time since last: 1000525500 ns, Reaching safepoint: 311500 ns, At safepoint: 91000 ns, Total: 402500 ns
[2020-04-26T18:04:54.362+0000][1][safepoint    ] Safepoint "Cleanup", Time since last: 1000325900 ns, Reaching safepoint: 255000 ns, At safepoint: 75600 ns, Total: 330600 ns
[2020-04-26T18:04:55.363+0000][1][safepoint    ] Safepoint "Cleanup", Time since last: 1000522300 ns, Reaching safepoint: 599500 ns, At safepoint: 126300 ns, Total: 725800 ns
[2020-04-26T18:04:56.364+0000][1][safepoint    ] Safepoint "Cleanup", Time since last: 1000600000 ns, Reaching safepoint: 538500 ns, At safepoint: 136000 ns, Total: 674500 ns
[2020-04-26T18:04:57.365+0000][1][safepoint    ] Safepoint "Cleanup", Time since last: 1000533100 ns, Reaching safepoint: 207700 ns, At safepoint: 57400 ns, Total: 265100 ns
[2020-04-26T18:04:58.366+0000][1][safepoint    ] Safepoint "Cleanup", Time since last: 1000223400 ns, Reaching safepoint: 267000 ns, At safepoint: 77200 ns, Total: 344200 ns
[2020-04-26T18:04:59.366+0000][1][safepoint    ] Safepoint "Cleanup", Time since last: 1000275200 ns, Reaching safepoint: 133700 ns, At safepoint: 31300 ns, Total: 165000 ns
[2020-04-26T18:05:00.367+0000][1][safepoint    ] Safepoint "Cleanup", Time since last: 1000144800 ns, Reaching safepoint: 262700 ns, At safepoint: 28600 ns, Total: 291300 ns
[2020-04-26T18:05:01.367+0000][1][safepoint    ] Safepoint "Cleanup", Time since last: 1000555400 ns, Reaching safepoint: 160900 ns, At safepoint: 39300 ns, Total: 200200 ns
[2020-04-26T18:05:02.368+0000][1][safepoint    ] Safepoint "Cleanup", Time since last: 1000487700 ns, Reaching safepoint: 198500 ns, At safepoint: 54900 ns, Total: 253400 ns
[2020-04-26T18:05:03.369+0000][1][safepoint    ] Safepoint "Cleanup", Time since last: 1000370300 ns, Reaching safepoint: 443100 ns, At safepoint: 136800 ns, Total: 579900 ns
[2020-04-26T18:05:04.370+0000][1][safepoint    ] Safepoint "Cleanup", Time since last: 1000414100 ns, Reaching safepoint: 383400 ns, At safepoint: 98400 ns, Total: 481800 ns
[2020-04-26T18:05:05.371+0000][1][safepoint    ] Safepoint "Cleanup", Time since last: 1000569600 ns, Reaching safepoint: 334800 ns, At safepoint: 98300 ns, Total: 433100 ns
[2020-04-26T18:05:06.372+0000][1][safepoint    ] Safepoint "Cleanup", Time since last: 1000265900 ns, Reaching safepoint: 236000 ns, At safepoint: 61500 ns, Total: 297500 ns
[2020-04-26T18:05:07.372+0000][1][safepoint    ] Safepoint "Cleanup", Time since last: 1000236400 ns, Reaching safepoint: 331500 ns, At safepoint: 97500 ns, Total: 429000 ns
[2020-04-26T18:05:08.373+0000][1][safepoint    ] Safepoint "Cleanup", Time since last: 1000266700 ns, Reaching safepoint: 182900 ns, At safepoint: 38400 ns, Total: 221300 ns
[2020-04-26T18:05:09.373+0000][1][safepoint    ] Safepoint "Cleanup", Time since last: 1000256200 ns, Reaching safepoint: 187800 ns, At safepoint: 68300 ns, Total: 256100 ns
[2020-04-26T18:05:10.374+0000][1][safepoint    ] Safepoint "Cleanup", Time since last: 1000320300 ns, Reaching safepoint: 149200 ns, At safepoint: 30600 ns, Total: 179800 ns
[2020-04-26T18:05:11.374+0000][1][safepoint    ] Safepoint "Cleanup", Time since last: 1000244800 ns, Reaching safepoint: 193800 ns, At safepoint: 34800 ns, Total: 228600 ns
[2020-04-26T18:05:12.375+0000][1][safepoint    ] Safepoint "Cleanup", Time since last: 1000323500 ns, Reaching safepoint: 491800 ns, At safepoint: 121200 ns, Total: 613000 ns
[2020-04-26T18:05:13.376+0000][1][safepoint    ] Safepoint "Cleanup", Time since last: 1000265700 ns, Reaching safepoint: 203400 ns, At safepoint: 47600 ns, Total: 251000 ns
[2020-04-26T18:05:14.376+0000][1][safepoint    ] Safepoint "Cleanup", Time since last: 1000333400 ns, Reaching safepoint: 330200 ns, At safepoint: 71800 ns, Total: 402000 ns
[2020-04-26T18:05:15.377+0000][1][safepoint    ] Safepoint "Cleanup", Time since last: 1000477300 ns, Reaching safepoint: 347700 ns, At safepoint: 101900 ns, Total: 449600 ns
[2020-04-26T18:05:16.378+0000][1][safepoint    ] Safepoint "Cleanup", Time since last: 1000404100 ns, Reaching safepoint: 325700 ns, At safepoint: 61400 ns, Total: 387100 ns
[2020-04-26T18:05:17.379+0000][1][safepoint    ] Safepoint "Cleanup", Time since last: 1000562800 ns, Reaching safepoint: 444000 ns, At safepoint: 143600 ns, Total: 587600 ns
[2020-04-26T18:05:18.380+0000][1][safepoint    ] Safepoint "Cleanup", Time since last: 1000657800 ns, Reaching safepoint: 174000 ns, At safepoint: 62800 ns, Total: 236800 ns
[2020-04-26T18:05:19.382+0000][1][safepoint    ] Safepoint "Cleanup", Time since last: 1000736100 ns, Reaching safepoint: 445100 ns, At safepoint: 141900 ns, Total: 587000 ns
[2020-04-26T18:05:20.383+0000][1][safepoint    ] Safepoint "Cleanup", Time since last: 1000624600 ns, Reaching safepoint: 574200 ns, At safepoint: 134000 ns, Total: 708200 ns
[2020-04-26T18:05:21.384+0000][1][safepoint    ] Safepoint "Cleanup", Time since last: 1000545000 ns, Reaching safepoint: 249900 ns, At safepoint: 68700 ns, Total: 318600 ns
[2020-04-26T18:05:22.384+0000][1][safepoint    ] Safepoint "Cleanup", Time since last: 1000406500 ns, Reaching safepoint: 138300 ns, At safepoint: 30400 ns, Total: 168700 ns
[2020-04-26T18:05:23.385+0000][1][safepoint    ] Safepoint "Cleanup", Time since last: 1000485900 ns, Reaching safepoint: 334300 ns, At safepoint: 97800 ns, Total: 432100 ns
[2020-04-26T18:05:24.386+0000][1][safepoint    ] Safepoint "Cleanup", Time since last: 1000409900 ns, Reaching safepoint: 253400 ns, At safepoint: 68800 ns, Total: 322200 ns
[2020-04-26T18:05:25.386+0000][1][safepoint    ] Safepoint "Cleanup", Time since last: 1000159300 ns, Reaching safepoint: 141200 ns, At safepoint: 30700 ns, Total: 171900 ns
[2020-04-26T18:05:26.387+0000][1][safepoint    ] Safepoint "Cleanup", Time since last: 1000139100 ns, Reaching safepoint: 146600 ns, At safepoint: 40900 ns, Total: 187500 ns
[2020-04-26T18:05:27.387+0000][1][safepoint    ] Safepoint "Cleanup", Time since last: 1000348700 ns, Reaching safepoint: 197600 ns, At safepoint: 53500 ns, Total: 251100 ns
[2020-04-26T18:05:28.388+0000][1][safepoint    ] Safepoint "Cleanup", Time since last: 1000489000 ns, Reaching safepoint: 135600 ns, At safepoint: 31400 ns, Total: 167000 ns
[2020-04-26T18:05:29.389+0000][1][safepoint    ] Safepoint "Cleanup", Time since last: 1000348700 ns, Reaching safepoint: 438400 ns, At safepoint: 132900 ns, Total: 571300 ns
[2020-04-26T18:05:30.390+0000][1][safepoint    ] Safepoint "Cleanup", Time since last: 1000367000 ns, Reaching safepoint: 496800 ns, At safepoint: 128800 ns, Total: 625600 ns
[2020-04-26T18:05:31.391+0000][1][safepoint    ] Safepoint "Cleanup", Time since last: 1000573500 ns, Reaching safepoint: 549400 ns, At safepoint: 135600 ns, Total: 685000 ns
[2020-04-26T18:05:32.392+0000][1][safepoint    ] Safepoint "Cleanup", Time since last: 1000448100 ns, Reaching safepoint: 533400 ns, At safepoint: 133600 ns, Total: 667000 ns
[2020-04-26T18:05:33.393+0000][1][safepoint    ] Safepoint "Cleanup", Time since last: 1000497300 ns, Reaching safepoint: 259600 ns, At safepoint: 58600 ns, Total: 318200 ns
[2020-04-26T18:05:34.140+0000][1][safepoint    ] Safepoint "RevokeBias", Time since last: 747048600 ns, Reaching safepoint: 145100 ns, At safepoint: 81000 ns, Total: 226100 ns
[2020-04-26T18:05:34.140+0000][1][safepoint    ] Safepoint "RevokeBias", Time since last: 41800 ns, Reaching safepoint: 91200 ns, At safepoint: 81700 ns, Total: 172900 ns
[2020-04-26T18:05:34.141+0000][1][safepoint    ] Safepoint "RevokeBias", Time since last: 126500 ns, Reaching safepoint: 224800 ns, At safepoint: 63800 ns, Total: 288600 ns
[2020-04-26T18:05:34.145+0000][1][safepoint    ] Safepoint "RevokeBias", Time since last: 4168500 ns, Reaching safepoint: 168800 ns, At safepoint: 66200 ns, Total: 235000 ns
[2020-04-26T18:05:34.147+0000][1][safepoint    ] Safepoint "RevokeBias", Time since last: 1246000 ns, Reaching safepoint: 261500 ns, At safepoint: 66100 ns, Total: 327600 ns
[2020-04-26T18:05:35.147+0000][1][safepoint    ] Safepoint "Cleanup", Time since last: 1000310700 ns, Reaching safepoint: 136300 ns, At safepoint: 27000 ns, Total: 163300 ns
[2020-04-26T18:05:36.148+0000][1][safepoint    ] Safepoint "Cleanup", Time since last: 1000279000 ns, Reaching safepoint: 457700 ns, At safepoint: 131000 ns, Total: 588700 ns
[2020-04-26T18:05:37.149+0000][1][safepoint    ] Safepoint "Cleanup", Time since last: 1000325900 ns, Reaching safepoint: 510000 ns, At safepoint: 127400 ns, Total: 637400 ns
[2020-04-26T18:05:38.150+0000][1][safepoint    ] Safepoint "Cleanup", Time since last: 1000586100 ns, Reaching safepoint: 338600 ns, At safepoint: 100900 ns, Total: 439500 ns
[2020-04-26T18:05:39.151+0000][1][safepoint    ] Safepoint "Cleanup", Time since last: 1000200300 ns, Reaching safepoint: 295700 ns, At safepoint: 50500 ns, Total: 346200 ns
[2020-04-26T18:05:40.152+0000][1][safepoint    ] Safepoint "Cleanup", Time since last: 1000431300 ns, Reaching safepoint: 515200 ns, At safepoint: 144400 ns, Total: 659600 ns
[2020-04-26T18:05:41.153+0000][1][safepoint    ] Safepoint "Cleanup", Time since last: 1000515000 ns, Reaching safepoint: 492100 ns, At safepoint: 150100 ns, Total: 642200 ns
[2020-04-26T18:05:42.154+0000][1][safepoint    ] Safepoint "Cleanup", Time since last: 1000360500 ns, Reaching safepoint: 614300 ns, At safepoint: 131100 ns, Total: 745400 ns
[2020-04-26T18:05:43.155+0000][1][safepoint    ] Safepoint "Cleanup", Time since last: 1000307200 ns, Reaching safepoint: 251900 ns, At safepoint: 66700 ns, Total: 318600 ns
[2020-04-26T18:05:44.156+0000][1][safepoint    ] Safepoint "Cleanup", Time since last: 1000347200 ns, Reaching safepoint: 474500 ns, At safepoint: 132200 ns, Total: 606700 ns
[2020-04-26T18:05:45.157+0000][1][safepoint    ] Safepoint "Cleanup", Time since last: 1000586200 ns, Reaching safepoint: 516000 ns, At safepoint: 133700 ns, Total: 649700 ns
[2020-04-26T18:05:46.158+0000][1][safepoint    ] Safepoint "Cleanup", Time since last: 1000478000 ns, Reaching safepoint: 238400 ns, At safepoint: 66800 ns, Total: 305200 ns
[2020-04-26T18:05:47.158+0000][1][safepoint    ] Safepoint "Cleanup", Time since last: 1000538800 ns, Reaching safepoint: 228000 ns, At safepoint: 62100 ns, Total: 290100 ns
[2020-04-26T18:05:48.160+0000][1][safepoint    ] Safepoint "Cleanup", Time since last: 1000317600 ns, Reaching safepoint: 649200 ns, At safepoint: 144100 ns, Total: 793300 ns
[2020-04-26T18:05:49.161+0000][1][safepoint    ] Safepoint "Cleanup", Time since last: 1000350300 ns, Reaching safepoint: 524100 ns, At safepoint: 128400 ns, Total: 652500 ns
[2020-04-26T18:05:50.161+0000][1][safepoint    ] Safepoint "Cleanup", Time since last: 1000343400 ns, Reaching safepoint: 198500 ns, At safepoint: 122000 ns, Total: 320500 ns
[2020-04-26T18:05:51.163+0000][1][safepoint    ] Safepoint "Cleanup", Time since last: 1000614300 ns, Reaching safepoint: 440400 ns, At safepoint: 136000 ns, Total: 576400 ns
[2020-04-26T18:05:52.163+0000][1][safepoint    ] Safepoint "Cleanup", Time since last: 1000329000 ns, Reaching safepoint: 183600 ns, At safepoint: 47500 ns, Total: 231100 ns
[2020-04-26T18:05:53.548+0000][1][safepoint    ] Safepoint "Cleanup", Time since last: 1385235100 ns, Reaching safepoint: 129100 ns, At safepoint: 27700 ns, Total: 156800 ns
[2020-04-26T18:05:54.550+0000][1][safepoint    ] Safepoint "Cleanup", Time since last: 1000493300 ns, Reaching safepoint: 449900 ns, At safepoint: 146100 ns, Total: 596000 ns
[2020-04-26T18:05:55.551+0000][1][safepoint    ] Safepoint "Cleanup", Time since last: 1000468900 ns, Reaching safepoint: 447600 ns, At safepoint: 189400 ns, Total: 637000 ns
[2020-04-26T18:05:56.551+0000][1][safepoint    ] Safepoint "Cleanup", Time since last: 1000282200 ns, Reaching safepoint: 301300 ns, At safepoint: 72500 ns, Total: 373800 ns
[2020-04-26T18:05:57.552+0000][1][safepoint    ] Safepoint "Cleanup", Time since last: 1000336300 ns, Reaching safepoint: 518700 ns, At safepoint: 133700 ns, Total: 652400 ns
[2020-04-26T18:05:58.553+0000][1][safepoint    ] Safepoint "Cleanup", Time since last: 1000579000 ns, Reaching safepoint: 153100 ns, At safepoint: 36700 ns, Total: 189800 ns
[2020-04-26T18:05:59.553+0000][1][safepoint    ] Safepoint "Cleanup", Time since last: 1000208500 ns, Reaching safepoint: 134300 ns, At safepoint: 26700 ns, Total: 161000 ns
[2020-04-26T18:06:00.554+0000][1][safepoint    ] Safepoint "Cleanup", Time since last: 1000172200 ns, Reaching safepoint: 235700 ns, At safepoint: 28600 ns, Total: 264300 ns
[2020-04-26T18:06:01.555+0000][1][safepoint    ] Safepoint "Cleanup", Time since last: 1000387800 ns, Reaching safepoint: 488500 ns, At safepoint: 116700 ns, Total: 605200 ns
[2020-04-26T18:06:02.556+0000][1][safepoint    ] Safepoint "Cleanup", Time since last: 1000359400 ns, Reaching safepoint: 486700 ns, At safepoint: 129300 ns, Total: 616000 ns
[2020-04-26T18:06:03.557+0000][1][safepoint    ] Safepoint "Cleanup", Time since last: 1000627600 ns, Reaching safepoint: 217100 ns, At safepoint: 58900 ns, Total: 276000 ns
[2020-04-26T18:06:04.558+0000][1][safepoint    ] Safepoint "Cleanup", Time since last: 1000504400 ns, Reaching safepoint: 330900 ns, At safepoint: 98000 ns, Total: 428900 ns
[2020-04-26T18:06:05.559+0000][1][safepoint    ] Safepoint "Cleanup", Time since last: 1000404500 ns, Reaching safepoint: 462500 ns, At safepoint: 132200 ns, Total: 594700 ns
[2020-04-26T18:06:06.559+0000][1][safepoint    ] Safepoint "Cleanup", Time since last: 1000390800 ns, Reaching safepoint: 360300 ns, At safepoint: 105100 ns, Total: 465400 ns
[2020-04-26T18:06:07.560+0000][1][safepoint    ] Safepoint "Cleanup", Time since last: 1000347400 ns, Reaching safepoint: 527600 ns, At safepoint: 128400 ns, Total: 656000 ns
[2020-04-26T18:06:08.561+0000][1][safepoint    ] Safepoint "Cleanup", Time since last: 1000303500 ns, Reaching safepoint: 133800 ns, At safepoint: 32600 ns, Total: 166400 ns
[2020-04-26T18:06:09.562+0000][1][safepoint    ] Safepoint "Cleanup", Time since last: 1000237000 ns, Reaching safepoint: 255500 ns, At safepoint: 66100 ns, Total: 321600 ns
[2020-04-26T18:06:10.563+0000][1][safepoint    ] Safepoint "Cleanup", Time since last: 1000664000 ns, Reaching safepoint: 590800 ns, At safepoint: 125900 ns, Total: 716700 ns
[2020-04-26T18:06:11.565+0000][1][safepoint    ] Safepoint "Cleanup", Time since last: 1000934900 ns, Reaching safepoint: 543900 ns, At safepoint: 164500 ns, Total: 708400 ns
[2020-04-26T18:06:12.565+0000][1][safepoint    ] Safepoint "Cleanup", Time since last: 1000347700 ns, Reaching safepoint: 443200 ns, At safepoint: 141600 ns, Total: 584800 ns
[2020-04-26T18:06:13.567+0000][1][safepoint    ] Safepoint "Cleanup", Time since last: 1000642900 ns, Reaching safepoint: 492600 ns, At safepoint: 132700 ns, Total: 625300 ns
[2020-04-26T18:06:14.567+0000][1][safepoint    ] Safepoint "Cleanup", Time since last: 1000311300 ns, Reaching safepoint: 144400 ns, At safepoint: 37900 ns, Total: 182300 ns
[2020-04-26T18:06:15.568+0000][1][safepoint    ] Safepoint "Cleanup", Time since last: 1000431800 ns, Reaching safepoint: 134800 ns, At safepoint: 31200 ns, Total: 166000 ns
[2020-04-26T18:06:16.569+0000][1][safepoint    ] Safepoint "Cleanup", Time since last: 1000584000 ns, Reaching safepoint: 523800 ns, At safepoint: 132800 ns, Total: 656600 ns
[2020-04-26T18:06:17.570+0000][1][safepoint    ] Safepoint "Cleanup", Time since last: 1000460700 ns, Reaching safepoint: 516700 ns, At safepoint: 129200 ns, Total: 645900 ns
[2020-04-26T18:06:18.571+0000][1][safepoint    ] Safepoint "Cleanup", Time since last: 1000259100 ns, Reaching safepoint: 136900 ns, At safepoint: 29200 ns, Total: 166100 ns
[2020-04-26T18:06:19.572+0000][1][safepoint    ] Safepoint "Cleanup", Time since last: 1000517700 ns, Reaching safepoint: 511900 ns, At safepoint: 156100 ns, Total: 668000 ns
[2020-04-26T18:06:20.573+0000][1][safepoint    ] Safepoint "Cleanup", Time since last: 1000465100 ns, Reaching safepoint: 466500 ns, At safepoint: 118800 ns, Total: 585300 ns
[2020-04-26T18:06:21.574+0000][1][safepoint    ] Safepoint "Cleanup", Time since last: 1000564100 ns, Reaching safepoint: 287900 ns, At safepoint: 83700 ns, Total: 371600 ns
[2020-04-26T18:06:22.575+0000][1][safepoint    ] Safepoint "Cleanup", Time since last: 1000563000 ns, Reaching safepoint: 439200 ns, At safepoint: 134300 ns, Total: 573500 ns
[2020-04-26T18:06:24.045+0000][1][safepoint    ] Safepoint "Cleanup", Time since last: 1469683200 ns, Reaching safepoint: 461600 ns, At safepoint: 143900 ns, Total: 605500 ns
[2020-04-26T18:06:25.046+0000][1][safepoint    ] Safepoint "Cleanup", Time since last: 1000395900 ns, Reaching safepoint: 439300 ns, At safepoint: 138300 ns, Total: 577600 ns
[2020-04-26T18:06:26.047+0000][1][safepoint    ] Safepoint "Cleanup", Time since last: 1000324300 ns, Reaching safepoint: 437400 ns, At safepoint: 115200 ns, Total: 552600 ns
[2020-04-26T18:06:27.047+0000][1][safepoint    ] Safepoint "Cleanup", Time since last: 1000200600 ns, Reaching safepoint: 134100 ns, At safepoint: 27400 ns, Total: 161500 ns
[2020-04-26T18:06:28.048+0000][1][safepoint    ] Safepoint "Cleanup", Time since last: 1000185800 ns, Reaching safepoint: 180800 ns, At safepoint: 40100 ns, Total: 220900 ns
[2020-04-26T18:06:29.049+0000][1][safepoint    ] Safepoint "Cleanup", Time since last: 1000478600 ns, Reaching safepoint: 173400 ns, At safepoint: 45100 ns, Total: 218500 ns
[2020-04-26T18:06:30.050+0000][1][safepoint    ] Safepoint "Cleanup", Time since last: 1000339400 ns, Reaching safepoint: 521100 ns, At safepoint: 129300 ns, Total: 650400 ns
[2020-04-26T18:06:31.051+0000][1][safepoint    ] Safepoint "Cleanup", Time since last: 1000535900 ns, Reaching safepoint: 444500 ns, At safepoint: 132600 ns, Total: 577100 ns
[2020-04-26T18:06:32.052+0000][1][safepoint    ] Safepoint "Cleanup", Time since last: 1000601100 ns, Reaching safepoint: 473700 ns, At safepoint: 162600 ns, Total: 636300 ns
[2020-04-26T18:06:33.053+0000][1][safepoint    ] Safepoint "Cleanup", Time since last: 1000432800 ns, Reaching safepoint: 573000 ns, At safepoint: 132500 ns, Total: 705500 ns
[2020-04-26T18:06:34.054+0000][1][safepoint    ] Safepoint "Cleanup", Time since last: 1000416000 ns, Reaching safepoint: 192400 ns, At safepoint: 35000 ns, Total: 227400 ns
[2020-04-26T18:06:35.054+0000][1][safepoint    ] Safepoint "Cleanup", Time since last: 1000336400 ns, Reaching safepoint: 394200 ns, At safepoint: 94800 ns, Total: 489000 ns
[2020-04-26T18:06:36.055+0000][1][safepoint    ] Safepoint "Cleanup", Time since last: 1000289100 ns, Reaching safepoint: 180900 ns, At safepoint: 40200 ns, Total: 221100 ns
[2020-04-26T18:06:36.152+0000][1][safepoint    ] Safepoint "RevokeBias", Time since last: 96468800 ns, Reaching safepoint: 234100 ns, At safepoint: 98500 ns, Total: 332600 ns
[2020-04-26T18:06:36.152+0000][1][safepoint    ] Safepoint "RevokeBias", Time since last: 67800 ns, Reaching safepoint: 129300 ns, At safepoint: 102800 ns, Total: 232100 ns
[2020-04-26T18:06:36.153+0000][1][safepoint    ] Safepoint "BulkRevokeBias", Time since last: 28300 ns, Reaching safepoint: 185700 ns, At safepoint: 729900 ns, Total: 915600 ns
[2020-04-26T18:06:36.153+0000][1][gc,start     ] GC(72) Pause Young (Allocation Failure)
[2020-04-26T18:06:36.154+0000][1][gc,task      ] GC(72) Using 10 workers of 10 for evacuation
[2020-04-26T18:06:36.156+0000][1][gc,age       ] GC(72) Desired survivor size 8945664 bytes, new threshold 6 (max threshold 6)
[2020-04-26T18:06:36.156+0000][1][gc,age       ] GC(72) Age table with threshold 6 (max threshold 6)
[2020-04-26T18:06:36.156+0000][1][gc,age       ] GC(72) - age   1:      76240 bytes,      76240 total
[2020-04-26T18:06:36.156+0000][1][gc,age       ] GC(72) - age   2:       1160 bytes,      77400 total
[2020-04-26T18:06:36.156+0000][1][gc,age       ] GC(72) - age   3:       2496 bytes,      79896 total
[2020-04-26T18:06:36.156+0000][1][gc,age       ] GC(72) - age   4:      22720 bytes,     102616 total
[2020-04-26T18:06:36.156+0000][1][gc,age       ] GC(72) - age   5:       8680 bytes,     111296 total
[2020-04-26T18:06:36.156+0000][1][gc,age       ] GC(72) - age   6:     243568 bytes,     354864 total
[2020-04-26T18:06:36.156+0000][1][gc,heap      ] GC(72) ParNew: 140361K->446K(157248K)
[2020-04-26T18:06:36.156+0000][1][gc,heap      ] GC(72) CMS: 88366K->88385K(349568K)
[2020-04-26T18:06:36.156+0000][1][gc,metaspace ] GC(72) Metaspace: 99577K->99577K(1140736K)
[2020-04-26T18:06:36.156+0000][1][gc           ] GC(72) Pause Young (Allocation Failure) 223M->86M(494M) 2.605ms
[2020-04-26T18:06:36.156+0000][1][gc,cpu       ] GC(72) User=0.01s Sys=0.00s Real=0.00s
[2020-04-26T18:06:36.156+0000][1][safepoint    ] Safepoint "GenCollectForAllocation", Time since last: 300800 ns, Reaching safepoint: 115200 ns, At safepoint: 2698300 ns, Total: 2813500 ns
[2020-04-26T18:06:36.164+0000][1][safepoint    ] Safepoint "RevokeBias", Time since last: 7551000 ns, Reaching safepoint: 422300 ns, At safepoint: 146200 ns, Total: 568500 ns
[2020-04-26T18:06:36.165+0000][1][safepoint    ] Safepoint "RevokeBias", Time since last: 90600 ns, Reaching safepoint: 164700 ns, At safepoint: 129800 ns, Total: 294500 ns
[2020-04-26T18:06:36.165+0000][1][safepoint    ] Safepoint "RevokeBias", Time since last: 95300 ns, Reaching safepoint: 265300 ns, At safepoint: 75200 ns, Total: 340500 ns
[2020-04-26T18:06:37.169+0000][1][safepoint    ] Safepoint "Cleanup", Time since last: 1003665300 ns, Reaching safepoint: 527800 ns, At safepoint: 138100 ns, Total: 665900 ns
[2020-04-26T18:06:38.170+0000][1][safepoint    ] Safepoint "Cleanup", Time since last: 1000345600 ns, Reaching safepoint: 149500 ns, At safepoint: 35300 ns, Total: 184800 ns
[2020-04-26T18:06:39.171+0000][1][safepoint    ] Safepoint "Cleanup", Time since last: 1000517200 ns, Reaching safepoint: 149800 ns, At safepoint: 51800 ns, Total: 201600 ns
[2020-04-26T18:06:40.171+0000][1][safepoint    ] Safepoint "Cleanup", Time since last: 1000121600 ns, Reaching safepoint: 135700 ns, At safepoint: 31300 ns, Total: 167000 ns
[2020-04-26T18:06:41.171+0000][1][safepoint    ] Safepoint "Cleanup", Time since last: 1000308600 ns, Reaching safepoint: 171900 ns, At safepoint: 36400 ns, Total: 208300 ns
[2020-04-26T18:06:42.172+0000][1][safepoint    ] Safepoint "Cleanup", Time since last: 1000232100 ns, Reaching safepoint: 552300 ns, At safepoint: 43300 ns, Total: 595600 ns
[2020-04-26T18:06:43.173+0000][1][safepoint    ] Safepoint "Cleanup", Time since last: 1000313200 ns, Reaching safepoint: 178900 ns, At safepoint: 45000 ns, Total: 223900 ns
[2020-04-26T18:06:44.173+0000][1][safepoint    ] Safepoint "Cleanup", Time since last: 1000162600 ns, Reaching safepoint: 130500 ns, At safepoint: 26900 ns, Total: 157400 ns
[2020-04-26T18:06:45.174+0000][1][safepoint    ] Safepoint "Cleanup", Time since last: 1000282200 ns, Reaching safepoint: 214100 ns, At safepoint: 53100 ns, Total: 267200 ns
[2020-04-26T18:06:46.175+0000][1][safepoint    ] Safepoint "Cleanup", Time since last: 1000524800 ns, Reaching safepoint: 351600 ns, At safepoint: 93800 ns, Total: 445400 ns
[2020-04-26T18:06:47.175+0000][1][safepoint    ] Safepoint "Cleanup", Time since last: 1000516000 ns, Reaching safepoint: 148900 ns, At safepoint: 35400 ns, Total: 184300 ns
[2020-04-26T18:06:48.176+0000][1][safepoint    ] Safepoint "Cleanup", Time since last: 1000446500 ns, Reaching safepoint: 229600 ns, At safepoint: 67100 ns, Total: 296700 ns
[2020-04-26T18:06:49.177+0000][1][safepoint    ] Safepoint "Cleanup", Time since last: 1000373800 ns, Reaching safepoint: 799800 ns, At safepoint: 154200 ns, Total: 954000 ns
[2020-04-26T18:06:50.178+0000][1][safepoint    ] Safepoint "Cleanup", Time since last: 1000558200 ns, Reaching safepoint: 377700 ns, At safepoint: 111900 ns, Total: 489600 ns
[2020-04-26T18:06:51.179+0000][1][safepoint    ] Safepoint "Cleanup", Time since last: 1000579300 ns, Reaching safepoint: 274900 ns, At safepoint: 79900 ns, Total: 354800 ns
[2020-04-26T18:06:52.180+0000][1][safepoint    ] Safepoint "Cleanup", Time since last: 1000549100 ns, Reaching safepoint: 381700 ns, At safepoint: 116400 ns, Total: 498100 ns
[2020-04-26T18:06:53.181+0000][1][safepoint    ] Safepoint "Cleanup", Time since last: 1000579600 ns, Reaching safepoint: 238000 ns, At safepoint: 75400 ns, Total: 313400 ns
[2020-04-26T18:06:54.182+0000][1][safepoint    ] Safepoint "Cleanup", Time since last: 1000379100 ns, Reaching safepoint: 431000 ns, At safepoint: 130800 ns, Total: 561800 ns
[2020-04-26T18:06:55.183+0000][1][safepoint    ] Safepoint "Cleanup", Time since last: 1000542900 ns, Reaching safepoint: 271500 ns, At safepoint: 75000 ns, Total: 346500 ns
[2020-04-26T18:06:56.184+0000][1][safepoint    ] Safepoint "Cleanup", Time since last: 1000296600 ns, Reaching safepoint: 526500 ns, At safepoint: 130400 ns, Total: 656900 ns
[2020-04-26T18:06:57.185+0000][1][safepoint    ] Safepoint "Cleanup", Time since last: 1000319900 ns, Reaching safepoint: 225100 ns, At safepoint: 64500 ns, Total: 289600 ns
[2020-04-26T18:06:58.185+0000][1][safepoint    ] Safepoint "Cleanup", Time since last: 1000290200 ns, Reaching safepoint: 210100 ns, At safepoint: 40700 ns, Total: 250800 ns
[2020-04-26T18:06:59.186+0000][1][safepoint    ] Safepoint "Cleanup", Time since last: 1000177700 ns, Reaching safepoint: 179400 ns, At safepoint: 42000 ns, Total: 221400 ns
[2020-04-26T18:07:00.187+0000][1][safepoint    ] Safepoint "Cleanup", Time since last: 1000536200 ns, Reaching safepoint: 401300 ns, At safepoint: 118700 ns, Total: 520000 ns
[2020-04-26T18:07:01.188+0000][1][safepoint    ] Safepoint "Cleanup", Time since last: 1000604900 ns, Reaching safepoint: 465900 ns, At safepoint: 139000 ns, Total: 604900 ns
[2020-04-26T18:07:02.189+0000][1][safepoint    ] Safepoint "Cleanup", Time since last: 1000411500 ns, Reaching safepoint: 215900 ns, At safepoint: 57400 ns, Total: 273300 ns
[2020-04-26T18:07:03.189+0000][1][safepoint    ] Safepoint "Cleanup", Time since last: 1000231300 ns, Reaching safepoint: 227500 ns, At safepoint: 62800 ns, Total: 290300 ns
[2020-04-26T18:07:04.190+0000][1][safepoint    ] Safepoint "Cleanup", Time since last: 1000343000 ns, Reaching safepoint: 465500 ns, At safepoint: 140100 ns, Total: 605600 ns
[2020-04-26T18:07:05.191+0000][1][safepoint    ] Safepoint "Cleanup", Time since last: 1000257100 ns, Reaching safepoint: 146200 ns, At safepoint: 32400 ns, Total: 178600 ns
[2020-04-26T18:07:06.191+0000][1][safepoint    ] Safepoint "Cleanup", Time since last: 1000390200 ns, Reaching safepoint: 214300 ns, At safepoint: 52400 ns, Total: 266700 ns
[2020-04-26T18:07:07.192+0000][1][safepoint    ] Safepoint "Cleanup", Time since last: 1000288100 ns, Reaching safepoint: 332600 ns, At safepoint: 101000 ns, Total: 433600 ns
[2020-04-26T18:07:08.193+0000][1][safepoint    ] Safepoint "Cleanup", Time since last: 1000342900 ns, Reaching safepoint: 508400 ns, At safepoint: 136100 ns, Total: 644500 ns
[2020-04-26T18:07:09.194+0000][1][safepoint    ] Safepoint "Cleanup", Time since last: 1000303100 ns, Reaching safepoint: 217500 ns, At safepoint: 65000 ns, Total: 282500 ns
[2020-04-26T18:07:10.194+0000][1][safepoint    ] Safepoint "Cleanup", Time since last: 1000484900 ns, Reaching safepoint: 271400 ns, At safepoint: 76400 ns, Total: 347800 ns
[2020-04-26T18:07:11.368+0000][1][safepoint    ] Safepoint "Cleanup", Time since last: 1173465600 ns, Reaching safepoint: 466400 ns, At safepoint: 142200 ns, Total: 608600 ns
[2020-04-26T18:07:12.370+0000][1][safepoint    ] Safepoint "Cleanup", Time since last: 1000558400 ns, Reaching safepoint: 526800 ns, At safepoint: 95400 ns, Total: 622200 ns
[2020-04-26T18:07:13.370+0000][1][safepoint    ] Safepoint "Cleanup", Time since last: 1000238500 ns, Reaching safepoint: 137300 ns, At safepoint: 31300 ns, Total: 168600 ns
[2020-04-26T18:07:14.370+0000][1][safepoint    ] Safepoint "Cleanup", Time since last: 1000147100 ns, Reaching safepoint: 135900 ns, At safepoint: 33400 ns, Total: 169300 ns
[2020-04-26T18:07:15.371+0000][1][safepoint    ] Safepoint "Cleanup", Time since last: 1000275600 ns, Reaching safepoint: 496000 ns, At safepoint: 126200 ns, Total: 622200 ns
[2020-04-26T18:07:16.372+0000][1][safepoint    ] Safepoint "Cleanup", Time since last: 1000188900 ns, Reaching safepoint: 135200 ns, At safepoint: 32100 ns, Total: 167300 ns
[2020-04-26T18:07:17.372+0000][1][safepoint    ] Safepoint "Cleanup", Time since last: 1000275300 ns, Reaching safepoint: 430600 ns, At safepoint: 124600 ns, Total: 555200 ns
[2020-04-26T18:07:18.373+0000][1][safepoint    ] Safepoint "Cleanup", Time since last: 1000556000 ns, Reaching safepoint: 276700 ns, At safepoint: 87800 ns, Total: 364500 ns
[2020-04-26T18:07:19.374+0000][1][safepoint    ] Safepoint "Cleanup", Time since last: 1000280300 ns, Reaching safepoint: 258300 ns, At safepoint: 75900 ns, Total: 334200 ns
[2020-04-26T18:07:20.375+0000][1][safepoint    ] Safepoint "Cleanup", Time since last: 1000620800 ns, Reaching safepoint: 458700 ns, At safepoint: 133700 ns, Total: 592400 ns
[2020-04-26T18:07:21.376+0000][1][safepoint    ] Safepoint "Cleanup", Time since last: 1000726500 ns, Reaching safepoint: 437000 ns, At safepoint: 140200 ns, Total: 577200 ns
[2020-04-26T18:07:22.377+0000][1][safepoint    ] Safepoint "Cleanup", Time since last: 1000653300 ns, Reaching safepoint: 154000 ns, At safepoint: 29700 ns, Total: 183700 ns
[2020-04-26T18:07:23.378+0000][1][safepoint    ] Safepoint "Cleanup", Time since last: 1000178900 ns, Reaching safepoint: 263500 ns, At safepoint: 65700 ns, Total: 329200 ns
[2020-04-26T18:07:24.378+0000][1][safepoint    ] Safepoint "Cleanup", Time since last: 1000238700 ns, Reaching safepoint: 137600 ns, At safepoint: 32000 ns, Total: 169600 ns
[2020-04-26T18:07:25.379+0000][1][safepoint    ] Safepoint "Cleanup", Time since last: 1000195400 ns, Reaching safepoint: 129000 ns, At safepoint: 28400 ns, Total: 157400 ns
[2020-04-26T18:07:26.379+0000][1][safepoint    ] Safepoint "Cleanup", Time since last: 1000211100 ns, Reaching safepoint: 250200 ns, At safepoint: 66200 ns, Total: 316400 ns
[2020-04-26T18:07:27.379+0000][1][safepoint    ] Safepoint "Cleanup", Time since last: 1000196000 ns, Reaching safepoint: 132500 ns, At safepoint: 26500 ns, Total: 159000 ns
[2020-04-26T18:07:28.380+0000][1][safepoint    ] Safepoint "Cleanup", Time since last: 1000263400 ns, Reaching safepoint: 189500 ns, At safepoint: 49300 ns, Total: 238800 ns
[2020-04-26T18:07:29.380+0000][1][safepoint    ] Safepoint "Cleanup", Time since last: 1000182700 ns, Reaching safepoint: 135200 ns, At safepoint: 28400 ns, Total: 163600 ns
[2020-04-26T18:07:30.381+0000][1][safepoint    ] Safepoint "Cleanup", Time since last: 1000155200 ns, Reaching safepoint: 133800 ns, At safepoint: 28000 ns, Total: 161800 ns
[2020-04-26T18:07:31.381+0000][1][safepoint    ] Safepoint "Cleanup", Time since last: 1000156100 ns, Reaching safepoint: 170400 ns, At safepoint: 48400 ns, Total: 218800 ns
[2020-04-26T18:07:32.381+0000][1][safepoint    ] Safepoint "Cleanup", Time since last: 1000147600 ns, Reaching safepoint: 144100 ns, At safepoint: 26200 ns, Total: 170300 ns
[2020-04-26T18:07:33.382+0000][1][safepoint    ] Safepoint "Cleanup", Time since last: 1000154100 ns, Reaching safepoint: 258600 ns, At safepoint: 30900 ns, Total: 289500 ns
[2020-04-26T18:07:34.383+0000][1][safepoint    ] Safepoint "Cleanup", Time since last: 1000207100 ns, Reaching safepoint: 399200 ns, At safepoint: 167300 ns, Total: 566500 ns
[2020-04-26T18:07:35.383+0000][1][safepoint    ] Safepoint "Cleanup", Time since last: 1000151300 ns, Reaching safepoint: 150500 ns, At safepoint: 27600 ns, Total: 178100 ns
[2020-04-26T18:07:36.383+0000][1][safepoint    ] Safepoint "Cleanup", Time since last: 1000106000 ns, Reaching safepoint: 148900 ns, At safepoint: 28100 ns, Total: 177000 ns
[2020-04-26T18:07:37.139+0000][1][safepoint    ] Safepoint "RevokeBias", Time since last: 755856100 ns, Reaching safepoint: 194500 ns, At safepoint: 175700 ns, Total: 370200 ns
[2020-04-26T18:07:37.140+0000][1][safepoint    ] Safepoint "RevokeBias", Time since last: 86800 ns, Reaching safepoint: 268700 ns, At safepoint: 115700 ns, Total: 384400 ns
[2020-04-26T18:07:37.140+0000][1][safepoint    ] Safepoint "RevokeBias", Time since last: 94700 ns, Reaching safepoint: 344800 ns, At safepoint: 183700 ns, Total: 528500 ns
[2020-04-26T18:07:37.148+0000][1][safepoint    ] Safepoint "RevokeBias", Time since last: 7296300 ns, Reaching safepoint: 300600 ns, At safepoint: 79300 ns, Total: 379900 ns
[2020-04-26T18:07:37.148+0000][1][safepoint    ] Safepoint "RevokeBias", Time since last: 64600 ns, Reaching safepoint: 210600 ns, At safepoint: 82600 ns, Total: 293200 ns
[2020-04-26T18:07:37.149+0000][1][safepoint    ] Safepoint "RevokeBias", Time since last: 79200 ns, Reaching safepoint: 162300 ns, At safepoint: 57800 ns, Total: 220100 ns
[2020-04-26T18:07:38.150+0000][1][safepoint    ] Safepoint "Cleanup", Time since last: 1001198400 ns, Reaching safepoint: 194500 ns, At safepoint: 49300 ns, Total: 243800 ns
[2020-04-26T18:07:39.151+0000][1][safepoint    ] Safepoint "Cleanup", Time since last: 1000359100 ns, Reaching safepoint: 427400 ns, At safepoint: 132900 ns, Total: 560300 ns
[2020-04-26T18:07:40.152+0000][1][safepoint    ] Safepoint "Cleanup", Time since last: 1000406000 ns, Reaching safepoint: 511300 ns, At safepoint: 129600 ns, Total: 640900 ns
[2020-04-26T18:07:41.153+0000][1][safepoint    ] Safepoint "Cleanup", Time since last: 1000267400 ns, Reaching safepoint: 197100 ns, At safepoint: 41800 ns, Total: 238900 ns
[2020-04-26T18:07:42.154+0000][1][safepoint    ] Safepoint "Cleanup", Time since last: 1000601400 ns, Reaching safepoint: 504800 ns, At safepoint: 152200 ns, Total: 657000 ns
[2020-04-26T18:07:43.155+0000][1][safepoint    ] Safepoint "Cleanup", Time since last: 1000621800 ns, Reaching safepoint: 208000 ns, At safepoint: 45900 ns, Total: 253900 ns
[2020-04-26T18:07:44.155+0000][1][safepoint    ] Safepoint "Cleanup", Time since last: 1000217100 ns, Reaching safepoint: 138000 ns, At safepoint: 30800 ns, Total: 168800 ns
[2020-04-26T18:07:45.156+0000][1][safepoint    ] Safepoint "Cleanup", Time since last: 1000282500 ns, Reaching safepoint: 714100 ns, At safepoint: 166900 ns, Total: 881000 ns
[2020-04-26T18:07:46.157+0000][1][safepoint    ] Safepoint "Cleanup", Time since last: 1000456200 ns, Reaching safepoint: 135300 ns, At safepoint: 31800 ns, Total: 167100 ns
[2020-04-26T18:07:47.157+0000][1][safepoint    ] Safepoint "Cleanup", Time since last: 1000189400 ns, Reaching safepoint: 228100 ns, At safepoint: 46300 ns, Total: 274400 ns
[2020-04-26T18:07:48.159+0000][1][safepoint    ] Safepoint "Cleanup", Time since last: 1000554000 ns, Reaching safepoint: 434600 ns, At safepoint: 128500 ns, Total: 563100 ns
[2020-04-26T18:07:49.159+0000][1][safepoint    ] Safepoint "Cleanup", Time since last: 1000210600 ns, Reaching safepoint: 167300 ns, At safepoint: 43400 ns, Total: 210700 ns
[2020-04-26T18:07:50.160+0000][1][safepoint    ] Safepoint "Cleanup", Time since last: 1000484500 ns, Reaching safepoint: 519800 ns, At safepoint: 131700 ns, Total: 651500 ns
[2020-04-26T18:07:51.161+0000][1][safepoint    ] Safepoint "Cleanup", Time since last: 1000304800 ns, Reaching safepoint: 256800 ns, At safepoint: 73400 ns, Total: 330200 ns
[2020-04-26T18:07:52.161+0000][1][safepoint    ] Safepoint "Cleanup", Time since last: 1000446000 ns, Reaching safepoint: 193300 ns, At safepoint: 50400 ns, Total: 243700 ns
[2020-04-26T18:07:53.162+0000][1][safepoint    ] Safepoint "Cleanup", Time since last: 1000111700 ns, Reaching safepoint: 139700 ns, At safepoint: 25500 ns, Total: 165200 ns
[2020-04-26T18:07:54.162+0000][1][safepoint    ] Safepoint "Cleanup", Time since last: 1000176700 ns, Reaching safepoint: 166200 ns, At safepoint: 44000 ns, Total: 210200 ns
[2020-04-26T18:07:55.163+0000][1][safepoint    ] Safepoint "Cleanup", Time since last: 1000207600 ns, Reaching safepoint: 152900 ns, At safepoint: 35700 ns, Total: 188600 ns
[2020-04-26T18:07:56.163+0000][1][safepoint    ] Safepoint "Cleanup", Time since last: 1000524800 ns, Reaching safepoint: 339500 ns, At safepoint: 88100 ns, Total: 427600 ns
[2020-04-26T18:07:57.164+0000][1][safepoint    ] Safepoint "Cleanup", Time since last: 1000200400 ns, Reaching safepoint: 133600 ns, At safepoint: 31300 ns, Total: 164900 ns
[2020-04-26T18:07:58.165+0000][1][safepoint    ] Safepoint "Cleanup", Time since last: 1000444800 ns, Reaching safepoint: 266300 ns, At safepoint: 71700 ns, Total: 338000 ns
[2020-04-26T18:07:59.166+0000][1][safepoint    ] Safepoint "Cleanup", Time since last: 1000652000 ns, Reaching safepoint: 244500 ns, At safepoint: 89700 ns, Total: 334200 ns
[2020-04-26T18:08:00.167+0000][1][safepoint    ] Safepoint "Cleanup", Time since last: 1000428600 ns, Reaching safepoint: 441200 ns, At safepoint: 138100 ns, Total: 579300 ns
[2020-04-26T18:08:01.168+0000][1][safepoint    ] Safepoint "Cleanup", Time since last: 1000623200 ns, Reaching safepoint: 552400 ns, At safepoint: 136700 ns, Total: 689100 ns
[2020-04-26T18:08:02.168+0000][1][safepoint    ] Safepoint "Cleanup", Time since last: 1000238400 ns, Reaching safepoint: 144900 ns, At safepoint: 29400 ns, Total: 174300 ns
[2020-04-26T18:08:03.169+0000][1][safepoint    ] Safepoint "Cleanup", Time since last: 1000427700 ns, Reaching safepoint: 207100 ns, At safepoint: 55800 ns, Total: 262900 ns
[2020-04-26T18:08:04.169+0000][1][safepoint    ] Safepoint "Cleanup", Time since last: 1000210300 ns, Reaching safepoint: 185100 ns, At safepoint: 45600 ns, Total: 230700 ns
[2020-04-26T18:08:05.170+0000][1][safepoint    ] Safepoint "Cleanup", Time since last: 1000311600 ns, Reaching safepoint: 500700 ns, At safepoint: 126700 ns, Total: 627400 ns
[2020-04-26T18:08:06.171+0000][1][safepoint    ] Safepoint "Cleanup", Time since last: 1000368300 ns, Reaching safepoint: 347700 ns, At safepoint: 66500 ns, Total: 414200 ns
[2020-04-26T18:08:07.172+0000][1][safepoint    ] Safepoint "Cleanup", Time since last: 1000552600 ns, Reaching safepoint: 273600 ns, At safepoint: 72700 ns, Total: 346300 ns
[2020-04-26T18:08:08.173+0000][1][safepoint    ] Safepoint "Cleanup", Time since last: 1000459000 ns, Reaching safepoint: 169100 ns, At safepoint: 35800 ns, Total: 204900 ns
[2020-04-26T18:08:09.174+0000][1][safepoint    ] Safepoint "Cleanup", Time since last: 1000217500 ns, Reaching safepoint: 429900 ns, At safepoint: 136700 ns, Total: 566600 ns
[2020-04-26T18:08:10.175+0000][1][safepoint    ] Safepoint "Cleanup", Time since last: 1000404300 ns, Reaching safepoint: 458400 ns, At safepoint: 134900 ns, Total: 593300 ns
[2020-04-26T18:08:11.176+0000][1][safepoint    ] Safepoint "Cleanup", Time since last: 1000676400 ns, Reaching safepoint: 317400 ns, At safepoint: 95600 ns, Total: 413000 ns
[2020-04-26T18:08:12.176+0000][1][safepoint    ] Safepoint "Cleanup", Time since last: 1000330200 ns, Reaching safepoint: 140400 ns, At safepoint: 33900 ns, Total: 174300 ns
[2020-04-26T18:08:13.177+0000][1][safepoint    ] Safepoint "Cleanup", Time since last: 1000476000 ns, Reaching safepoint: 517000 ns, At safepoint: 133900 ns, Total: 650900 ns
[2020-04-26T18:08:14.178+0000][1][safepoint    ] Safepoint "Cleanup", Time since last: 1000305300 ns, Reaching safepoint: 215300 ns, At safepoint: 59700 ns, Total: 275000 ns
[2020-04-26T18:08:15.179+0000][1][safepoint    ] Safepoint "Cleanup", Time since last: 1000336300 ns, Reaching safepoint: 471200 ns, At safepoint: 196300 ns, Total: 667500 ns
[2020-04-26T18:08:16.180+0000][1][safepoint    ] Safepoint "Cleanup", Time since last: 1000654800 ns, Reaching safepoint: 436200 ns, At safepoint: 133900 ns, Total: 570100 ns
[2020-04-26T18:08:17.181+0000][1][safepoint    ] Safepoint "Cleanup", Time since last: 1000594700 ns, Reaching safepoint: 575200 ns, At safepoint: 139500 ns, Total: 714700 ns
[2020-04-26T18:08:18.183+0000][1][safepoint    ] Safepoint "Cleanup", Time since last: 1000627200 ns, Reaching safepoint: 681300 ns, At safepoint: 129600 ns, Total: 810900 ns
[2020-04-26T18:08:19.184+0000][1][safepoint    ] Safepoint "Cleanup", Time since last: 1000445600 ns, Reaching safepoint: 448900 ns, At safepoint: 108400 ns, Total: 557300 ns
[2020-04-26T18:08:20.185+0000][1][safepoint    ] Safepoint "Cleanup", Time since last: 1000576200 ns, Reaching safepoint: 593600 ns, At safepoint: 139500 ns, Total: 733100 ns
[2020-04-26T18:08:21.186+0000][1][safepoint    ] Safepoint "Cleanup", Time since last: 1000570200 ns, Reaching safepoint: 454500 ns, At safepoint: 113700 ns, Total: 568200 ns
[2020-04-26T18:08:22.187+0000][1][safepoint    ] Safepoint "Cleanup", Time since last: 1000501600 ns, Reaching safepoint: 458000 ns, At safepoint: 140200 ns, Total: 598200 ns
[2020-04-26T18:08:23.188+0000][1][safepoint    ] Safepoint "Cleanup", Time since last: 1000340200 ns, Reaching safepoint: 132100 ns, At safepoint: 30400 ns, Total: 162500 ns
[2020-04-26T18:08:24.189+0000][1][safepoint    ] Safepoint "Cleanup", Time since last: 1000323300 ns, Reaching safepoint: 502800 ns, At safepoint: 88200 ns, Total: 591000 ns
[2020-04-26T18:08:25.190+0000][1][safepoint    ] Safepoint "Cleanup", Time since last: 1000633600 ns, Reaching safepoint: 462100 ns, At safepoint: 209300 ns, Total: 671400 ns
[2020-04-26T18:08:26.192+0000][1][safepoint    ] Safepoint "Cleanup", Time since last: 1000781200 ns, Reaching safepoint: 439700 ns, At safepoint: 205700 ns, Total: 645400 ns
[2020-04-26T18:08:27.193+0000][1][safepoint    ] Safepoint "Cleanup", Time since last: 1000668400 ns, Reaching safepoint: 738400 ns, At safepoint: 232600 ns, Total: 971000 ns
[2020-04-26T18:08:28.194+0000][1][safepoint    ] Safepoint "Cleanup", Time since last: 1000605700 ns, Reaching safepoint: 136200 ns, At safepoint: 32300 ns, Total: 168500 ns
[2020-04-26T18:08:29.195+0000][1][safepoint    ] Safepoint "Cleanup", Time since last: 1000417100 ns, Reaching safepoint: 760600 ns, At safepoint: 271500 ns, Total: 1032100 ns
[2020-04-26T18:08:30.197+0000][1][safepoint    ] Safepoint "Cleanup", Time since last: 1000477100 ns, Reaching safepoint: 439500 ns, At safepoint: 233600 ns, Total: 673100 ns
[2020-04-26T18:08:31.198+0000][1][safepoint    ] Safepoint "Cleanup", Time since last: 1000354500 ns, Reaching safepoint: 747200 ns, At safepoint: 109200 ns, Total: 856400 ns
[2020-04-26T18:08:32.199+0000][1][safepoint    ] Safepoint "Cleanup", Time since last: 1000426100 ns, Reaching safepoint: 569000 ns, At safepoint: 199300 ns, Total: 768300 ns
[2020-04-26T18:08:33.200+0000][1][safepoint    ] Safepoint "Cleanup", Time since last: 1000286700 ns, Reaching safepoint: 304600 ns, At safepoint: 69600 ns, Total: 374200 ns
[2020-04-26T18:08:34.200+0000][1][safepoint    ] Safepoint "Cleanup", Time since last: 1000348000 ns, Reaching safepoint: 214400 ns, At safepoint: 90500 ns, Total: 304900 ns
[2020-04-26T18:08:35.202+0000][1][safepoint    ] Safepoint "Cleanup", Time since last: 1000615600 ns, Reaching safepoint: 518600 ns, At safepoint: 200900 ns, Total: 719500 ns
[2020-04-26T18:08:36.202+0000][1][safepoint    ] Safepoint "Cleanup", Time since last: 1000454700 ns, Reaching safepoint: 245100 ns, At safepoint: 51200 ns, Total: 296300 ns
[2020-04-26T18:08:37.203+0000][1][safepoint    ] Safepoint "Cleanup", Time since last: 1000323000 ns, Reaching safepoint: 525500 ns, At safepoint: 136000 ns, Total: 661500 ns
[2020-04-26T18:08:38.259+0000][1][safepoint    ] Safepoint "Cleanup", Time since last: 1055043100 ns, Reaching safepoint: 266800 ns, At safepoint: 46500 ns, Total: 313300 ns
[2020-04-26T18:08:39.138+0000][1][safepoint    ] Safepoint "RevokeBias", Time since last: 879606700 ns, Reaching safepoint: 145900 ns, At safepoint: 69100 ns, Total: 215000 ns
[2020-04-26T18:08:39.139+0000][1][safepoint    ] Safepoint "RevokeBias", Time since last: 214100 ns, Reaching safepoint: 234400 ns, At safepoint: 76400 ns, Total: 310800 ns
[2020-04-26T18:08:39.143+0000][1][safepoint    ] Safepoint "RevokeBias", Time since last: 4043800 ns, Reaching safepoint: 118500 ns, At safepoint: 56300 ns, Total: 174800 ns
[2020-04-26T18:08:39.144+0000][1][safepoint    ] Safepoint "RevokeBias", Time since last: 239600 ns, Reaching safepoint: 192000 ns, At safepoint: 60400 ns, Total: 252400 ns
[2020-04-26T18:08:40.144+0000][1][safepoint    ] Safepoint "Cleanup", Time since last: 1000217700 ns, Reaching safepoint: 181300 ns, At safepoint: 45600 ns, Total: 226900 ns
[2020-04-26T18:08:41.145+0000][1][safepoint    ] Safepoint "Cleanup", Time since last: 1000158000 ns, Reaching safepoint: 139600 ns, At safepoint: 28100 ns, Total: 167700 ns
[2020-04-26T18:08:42.146+0000][1][safepoint    ] Safepoint "Cleanup", Time since last: 1000477700 ns, Reaching safepoint: 523500 ns, At safepoint: 162600 ns, Total: 686100 ns
[2020-04-26T18:08:43.147+0000][1][safepoint    ] Safepoint "Cleanup", Time since last: 1000624500 ns, Reaching safepoint: 469100 ns, At safepoint: 149200 ns, Total: 618300 ns
[2020-04-26T18:08:44.147+0000][1][safepoint    ] Safepoint "Cleanup", Time since last: 1000249200 ns, Reaching safepoint: 149000 ns, At safepoint: 45700 ns, Total: 194700 ns
[2020-04-26T18:08:45.149+0000][1][safepoint    ] Safepoint "Cleanup", Time since last: 1000604800 ns, Reaching safepoint: 463300 ns, At safepoint: 137400 ns, Total: 600700 ns
[2020-04-26T18:08:46.149+0000][1][safepoint    ] Safepoint "Cleanup", Time since last: 1000522200 ns, Reaching safepoint: 142200 ns, At safepoint: 34100 ns, Total: 176300 ns
[2020-04-26T18:08:47.150+0000][1][safepoint    ] Safepoint "Cleanup", Time since last: 1000216800 ns, Reaching safepoint: 520200 ns, At safepoint: 216400 ns, Total: 736600 ns
[2020-04-26T18:08:48.152+0000][1][safepoint    ] Safepoint "Cleanup", Time since last: 1000373000 ns, Reaching safepoint: 799500 ns, At safepoint: 258100 ns, Total: 1057600 ns
[2020-04-26T18:08:49.152+0000][1][safepoint    ] Safepoint "Cleanup", Time since last: 1000602500 ns, Reaching safepoint: 146700 ns, At safepoint: 34800 ns, Total: 181500 ns
[2020-04-26T18:08:50.154+0000][1][safepoint    ] Safepoint "Cleanup", Time since last: 1000365300 ns, Reaching safepoint: 524300 ns, At safepoint: 212200 ns, Total: 736500 ns
[2020-04-26T18:08:51.155+0000][1][safepoint    ] Safepoint "Cleanup", Time since last: 1000383100 ns, Reaching safepoint: 457500 ns, At safepoint: 232300 ns, Total: 689800 ns
[2020-04-26T18:08:52.156+0000][1][safepoint    ] Safepoint "Cleanup", Time since last: 1000679700 ns, Reaching safepoint: 518200 ns, At safepoint: 139800 ns, Total: 658000 ns
[2020-04-26T18:08:53.157+0000][1][safepoint    ] Safepoint "Cleanup", Time since last: 1000703500 ns, Reaching safepoint: 454200 ns, At safepoint: 141000 ns, Total: 595200 ns
[2020-04-26T18:08:54.158+0000][1][safepoint    ] Safepoint "Cleanup", Time since last: 1000393500 ns, Reaching safepoint: 456800 ns, At safepoint: 186600 ns, Total: 643400 ns
[2020-04-26T18:08:55.160+0000][1][safepoint    ] Safepoint "Cleanup", Time since last: 1000645600 ns, Reaching safepoint: 459100 ns, At safepoint: 139900 ns, Total: 599000 ns
[2020-04-26T18:08:56.160+0000][1][safepoint    ] Safepoint "Cleanup", Time since last: 1000366700 ns, Reaching safepoint: 456900 ns, At safepoint: 134500 ns, Total: 591400 ns
[2020-04-26T18:08:57.162+0000][1][safepoint    ] Safepoint "Cleanup", Time since last: 1000390800 ns, Reaching safepoint: 566500 ns, At safepoint: 130000 ns, Total: 696500 ns
[2020-04-26T18:08:58.163+0000][1][safepoint    ] Safepoint "Cleanup", Time since last: 1000368000 ns, Reaching safepoint: 451500 ns, At safepoint: 238900 ns, Total: 690400 ns
[2020-04-26T18:08:59.164+0000][1][safepoint    ] Safepoint "Cleanup", Time since last: 1000678600 ns, Reaching safepoint: 340400 ns, At safepoint: 106400 ns, Total: 446800 ns
[2020-04-26T18:09:00.164+0000][1][safepoint    ] Safepoint "Cleanup", Time since last: 1000188700 ns, Reaching safepoint: 156000 ns, At safepoint: 36800 ns, Total: 192800 ns
[2020-04-26T18:09:01.165+0000][1][safepoint    ] Safepoint "Cleanup", Time since last: 1000506300 ns, Reaching safepoint: 254200 ns, At safepoint: 71300 ns, Total: 325500 ns
[2020-04-26T18:09:02.166+0000][1][safepoint    ] Safepoint "Cleanup", Time since last: 1000466900 ns, Reaching safepoint: 265100 ns, At safepoint: 75900 ns, Total: 341000 ns
[2020-04-26T18:09:03.166+0000][1][safepoint    ] Safepoint "Cleanup", Time since last: 1000200000 ns, Reaching safepoint: 150400 ns, At safepoint: 31800 ns, Total: 182200 ns
[2020-04-26T18:09:04.587+0000][1][safepoint    ] Safepoint "Cleanup", Time since last: 1420883800 ns, Reaching safepoint: 126500 ns, At safepoint: 28300 ns, Total: 154800 ns
[2020-04-26T18:09:05.589+0000][1][safepoint    ] Safepoint "Cleanup", Time since last: 1000640800 ns, Reaching safepoint: 454900 ns, At safepoint: 407800 ns, Total: 862700 ns
[2020-04-26T18:09:06.589+0000][1][safepoint    ] Safepoint "Cleanup", Time since last: 1000303700 ns, Reaching safepoint: 166500 ns, At safepoint: 39000 ns, Total: 205500 ns
[2020-04-26T18:09:07.590+0000][1][safepoint    ] Safepoint "Cleanup", Time since last: 1000234300 ns, Reaching safepoint: 128100 ns, At safepoint: 27600 ns, Total: 155700 ns
[2020-04-26T18:09:08.591+0000][1][safepoint    ] Safepoint "Cleanup", Time since last: 1000600400 ns, Reaching safepoint: 434800 ns, At safepoint: 133000 ns, Total: 567800 ns
[2020-04-26T18:09:09.591+0000][1][safepoint    ] Safepoint "Cleanup", Time since last: 1000271300 ns, Reaching safepoint: 170800 ns, At safepoint: 41600 ns, Total: 212400 ns
[2020-04-26T18:09:10.592+0000][1][safepoint    ] Safepoint "Cleanup", Time since last: 1000285600 ns, Reaching safepoint: 331900 ns, At safepoint: 96400 ns, Total: 428300 ns
[2020-04-26T18:09:11.593+0000][1][safepoint    ] Safepoint "Cleanup", Time since last: 1000598600 ns, Reaching safepoint: 234300 ns, At safepoint: 62300 ns, Total: 296600 ns
[2020-04-26T18:09:12.593+0000][1][safepoint    ] Safepoint "Cleanup", Time since last: 1000251400 ns, Reaching safepoint: 180600 ns, At safepoint: 50300 ns, Total: 230900 ns
[2020-04-26T18:09:13.594+0000][1][safepoint    ] Safepoint "Cleanup", Time since last: 1000201500 ns, Reaching safepoint: 164400 ns, At safepoint: 38900 ns, Total: 203300 ns
[2020-04-26T18:09:14.595+0000][1][safepoint    ] Safepoint "Cleanup", Time since last: 1000421500 ns, Reaching safepoint: 457200 ns, At safepoint: 191900 ns, Total: 649100 ns
[2020-04-26T18:09:15.596+0000][1][safepoint    ] Safepoint "Cleanup", Time since last: 1000434900 ns, Reaching safepoint: 437100 ns, At safepoint: 131200 ns, Total: 568300 ns
[2020-04-26T18:09:16.597+0000][1][safepoint    ] Safepoint "Cleanup", Time since last: 1000598100 ns, Reaching safepoint: 435200 ns, At safepoint: 132500 ns, Total: 567700 ns
[2020-04-26T18:09:17.598+0000][1][safepoint    ] Safepoint "Cleanup", Time since last: 1000306000 ns, Reaching safepoint: 511900 ns, At safepoint: 131000 ns, Total: 642900 ns
[2020-04-26T18:09:18.599+0000][1][safepoint    ] Safepoint "Cleanup", Time since last: 1000505100 ns, Reaching safepoint: 480700 ns, At safepoint: 134000 ns, Total: 614700 ns
[2020-04-26T18:09:19.600+0000][1][safepoint    ] Safepoint "Cleanup", Time since last: 1000563600 ns, Reaching safepoint: 149300 ns, At safepoint: 29900 ns, Total: 179200 ns
[2020-04-26T18:09:20.601+0000][1][safepoint    ] Safepoint "Cleanup", Time since last: 1000627800 ns, Reaching safepoint: 433900 ns, At safepoint: 130700 ns, Total: 564600 ns
[2020-04-26T18:09:21.602+0000][1][safepoint    ] Safepoint "Cleanup", Time since last: 1000551200 ns, Reaching safepoint: 512200 ns, At safepoint: 131600 ns, Total: 643800 ns
[2020-04-26T18:09:22.603+0000][1][safepoint    ] Safepoint "Cleanup", Time since last: 1000364100 ns, Reaching safepoint: 229000 ns, At safepoint: 59200 ns, Total: 288200 ns
[2020-04-26T18:09:23.603+0000][1][safepoint    ] Safepoint "Cleanup", Time since last: 1000212900 ns, Reaching safepoint: 169300 ns, At safepoint: 42700 ns, Total: 212000 ns
[2020-04-26T18:09:24.604+0000][1][safepoint    ] Safepoint "Cleanup", Time since last: 1000504700 ns, Reaching safepoint: 176600 ns, At safepoint: 46400 ns, Total: 223000 ns
[2020-04-26T18:09:25.604+0000][1][safepoint    ] Safepoint "Cleanup", Time since last: 1000163800 ns, Reaching safepoint: 163000 ns, At safepoint: 34300 ns, Total: 197300 ns
[2020-04-26T18:09:26.605+0000][1][safepoint    ] Safepoint "Cleanup", Time since last: 1000312200 ns, Reaching safepoint: 520700 ns, At safepoint: 129500 ns, Total: 650200 ns
[2020-04-26T18:09:27.607+0000][1][safepoint    ] Safepoint "Cleanup", Time since last: 1000667700 ns, Reaching safepoint: 437000 ns, At safepoint: 130800 ns, Total: 567800 ns
[2020-04-26T18:09:28.575+0000][1][gc,start     ] GC(73) Pause Young (Allocation Failure)
[2020-04-26T18:09:28.575+0000][1][gc,task      ] GC(73) Using 10 workers of 10 for evacuation
[2020-04-26T18:09:28.582+0000][1][gc,age       ] GC(73) Desired survivor size 8945664 bytes, new threshold 6 (max threshold 6)
[2020-04-26T18:09:28.582+0000][1][gc,age       ] GC(73) Age table with threshold 6 (max threshold 6)
[2020-04-26T18:09:28.582+0000][1][gc,age       ] GC(73) - age   1:      94848 bytes,      94848 total
[2020-04-26T18:09:28.582+0000][1][gc,age       ] GC(73) - age   2:         96 bytes,      94944 total
[2020-04-26T18:09:28.582+0000][1][gc,age       ] GC(73) - age   3:       1064 bytes,      96008 total
[2020-04-26T18:09:28.582+0000][1][gc,age       ] GC(73) - age   4:       2496 bytes,      98504 total
[2020-04-26T18:09:28.582+0000][1][gc,age       ] GC(73) - age   5:      22720 bytes,     121224 total
[2020-04-26T18:09:28.582+0000][1][gc,age       ] GC(73) - age   6:       8680 bytes,     129904 total
[2020-04-26T18:09:28.582+0000][1][gc,heap      ] GC(73) ParNew: 140222K->308K(157248K)
[2020-04-26T18:09:28.582+0000][1][gc,heap      ] GC(73) CMS: 88385K->88635K(349568K)
[2020-04-26T18:09:28.582+0000][1][gc,metaspace ] GC(73) Metaspace: 99586K->99586K(1140736K)
[2020-04-26T18:09:28.582+0000][1][gc           ] GC(73) Pause Young (Allocation Failure) 223M->86M(494M) 7.022ms
[2020-04-26T18:09:28.582+0000][1][gc,cpu       ] GC(73) User=0.04s Sys=0.01s Real=0.00s
[2020-04-26T18:09:28.582+0000][1][safepoint    ] Safepoint "GenCollectForAllocation", Time since last: 968250100 ns, Reaching safepoint: 447200 ns, At safepoint: 7155100 ns, Total: 7602300 ns
[2020-04-26T18:09:29.583+0000][1][safepoint    ] Safepoint "Cleanup", Time since last: 1000363200 ns, Reaching safepoint: 224700 ns, At safepoint: 59900 ns, Total: 284600 ns
[2020-04-26T18:09:30.584+0000][1][safepoint    ] Safepoint "Cleanup", Time since last: 1000452600 ns, Reaching safepoint: 293100 ns, At safepoint: 72700 ns, Total: 365800 ns
[2020-04-26T18:09:31.585+0000][1][safepoint    ] Safepoint "Cleanup", Time since last: 1000764400 ns, Reaching safepoint: 437700 ns, At safepoint: 139400 ns, Total: 577100 ns
[2020-04-26T18:09:32.586+0000][1][safepoint    ] Safepoint "Cleanup", Time since last: 1000582400 ns, Reaching safepoint: 434600 ns, At safepoint: 133900 ns, Total: 568500 ns
[2020-04-26T18:09:33.587+0000][1][safepoint    ] Safepoint "Cleanup", Time since last: 1000381800 ns, Reaching safepoint: 488100 ns, At safepoint: 147500 ns, Total: 635600 ns
[2020-04-26T18:09:34.588+0000][1][safepoint    ] Safepoint "Cleanup", Time since last: 1000546600 ns, Reaching safepoint: 254900 ns, At safepoint: 103400 ns, Total: 358300 ns
[2020-04-26T18:09:35.589+0000][1][safepoint    ] Safepoint "Cleanup", Time since last: 1000351400 ns, Reaching safepoint: 436900 ns, At safepoint: 139400 ns, Total: 576300 ns
[2020-04-26T18:09:36.590+0000][1][safepoint    ] Safepoint "Cleanup", Time since last: 1000377700 ns, Reaching safepoint: 529400 ns, At safepoint: 190200 ns, Total: 719600 ns
[2020-04-26T18:09:38.264+0000][1][safepoint    ] Safepoint "Cleanup", Time since last: 1673524900 ns, Reaching safepoint: 140900 ns, At safepoint: 31300 ns, Total: 172200 ns
[2020-04-26T18:09:39.265+0000][1][safepoint    ] Safepoint "Cleanup", Time since last: 1000263900 ns, Reaching safepoint: 429200 ns, At safepoint: 126500 ns, Total: 555700 ns
[2020-04-26T18:09:40.173+0000][1][safepoint    ] Safepoint "RevokeBias", Time since last: 907913200 ns, Reaching safepoint: 160100 ns, At safepoint: 61400 ns, Total: 221500 ns
[2020-04-26T18:09:40.174+0000][1][safepoint    ] Safepoint "RevokeBias", Time since last: 237100 ns, Reaching safepoint: 260600 ns, At safepoint: 65600 ns, Total: 326200 ns
[2020-04-26T18:09:40.178+0000][1][safepoint    ] Safepoint "RevokeBias", Time since last: 4391400 ns, Reaching safepoint: 219300 ns, At safepoint: 85400 ns, Total: 304700 ns
[2020-04-26T18:09:40.179+0000][1][safepoint    ] Safepoint "RevokeBias", Time since last: 445100 ns, Reaching safepoint: 187400 ns, At safepoint: 51500 ns, Total: 238900 ns
[2020-04-26T18:09:41.180+0000][1][safepoint    ] Safepoint "Cleanup", Time since last: 1000625400 ns, Reaching safepoint: 458000 ns, At safepoint: 211500 ns, Total: 669500 ns
[2020-04-26T18:09:42.181+0000][1][safepoint    ] Safepoint "Cleanup", Time since last: 1000361400 ns, Reaching safepoint: 429100 ns, At safepoint: 136900 ns, Total: 566000 ns
[2020-04-26T18:09:43.182+0000][1][safepoint    ] Safepoint "Cleanup", Time since last: 1000230500 ns, Reaching safepoint: 170500 ns, At safepoint: 41500 ns, Total: 212000 ns
[2020-04-26T18:09:44.182+0000][1][safepoint    ] Safepoint "Cleanup", Time since last: 1000171600 ns, Reaching safepoint: 133100 ns, At safepoint: 26300 ns, Total: 159400 ns
[2020-04-26T18:09:45.182+0000][1][safepoint    ] Safepoint "Cleanup", Time since last: 1000212600 ns, Reaching safepoint: 133100 ns, At safepoint: 31300 ns, Total: 164400 ns
[2020-04-26T18:09:46.184+0000][1][safepoint    ] Safepoint "Cleanup", Time since last: 1000367300 ns, Reaching safepoint: 750000 ns, At safepoint: 175200 ns, Total: 925200 ns
[2020-04-26T18:09:47.184+0000][1][safepoint    ] Safepoint "Cleanup", Time since last: 1000332000 ns, Reaching safepoint: 271700 ns, At safepoint: 35500 ns, Total: 307200 ns
[2020-04-26T18:09:48.185+0000][1][safepoint    ] Safepoint "Cleanup", Time since last: 1000185700 ns, Reaching safepoint: 141200 ns, At safepoint: 25000 ns, Total: 166200 ns
[2020-04-26T18:09:49.186+0000][1][safepoint    ] Safepoint "Cleanup", Time since last: 1000433100 ns, Reaching safepoint: 453400 ns, At safepoint: 142900 ns, Total: 596300 ns
[2020-04-26T18:09:50.187+0000][1][safepoint    ] Safepoint "Cleanup", Time since last: 1000369200 ns, Reaching safepoint: 452200 ns, At safepoint: 134600 ns, Total: 586800 ns
[2020-04-26T18:09:51.188+0000][1][safepoint    ] Safepoint "Cleanup", Time since last: 1000538100 ns, Reaching safepoint: 459400 ns, At safepoint: 216200 ns, Total: 675600 ns
[2020-04-26T18:09:52.189+0000][1][safepoint    ] Safepoint "Cleanup", Time since last: 1000341900 ns, Reaching safepoint: 312000 ns, At safepoint: 230900 ns, Total: 542900 ns
[2020-04-26T18:09:53.189+0000][1][safepoint    ] Safepoint "Cleanup", Time since last: 1000296200 ns, Reaching safepoint: 299900 ns, At safepoint: 71900 ns, Total: 371800 ns
[2020-04-26T18:09:54.190+0000][1][safepoint    ] Safepoint "Cleanup", Time since last: 1000268600 ns, Reaching safepoint: 222000 ns, At safepoint: 55700 ns, Total: 277700 ns
[2020-04-26T18:09:55.190+0000][1][safepoint    ] Safepoint "Cleanup", Time since last: 1000236500 ns, Reaching safepoint: 183600 ns, At safepoint: 32300 ns, Total: 215900 ns
[2020-04-26T18:09:56.192+0000][1][safepoint    ] Safepoint "Cleanup", Time since last: 1000684800 ns, Reaching safepoint: 455300 ns, At safepoint: 144000 ns, Total: 599300 ns
[2020-04-26T18:09:57.193+0000][1][safepoint    ] Safepoint "Cleanup", Time since last: 1000343300 ns, Reaching safepoint: 498700 ns, At safepoint: 282800 ns, Total: 781500 ns
[2020-04-26T18:09:58.194+0000][1][safepoint    ] Safepoint "Cleanup", Time since last: 1000565900 ns, Reaching safepoint: 453100 ns, At safepoint: 139100 ns, Total: 592200 ns
[2020-04-26T18:09:59.195+0000][1][safepoint    ] Safepoint "Cleanup", Time since last: 1000365400 ns, Reaching safepoint: 368800 ns, At safepoint: 57100 ns, Total: 425900 ns
[2020-04-26T18:10:00.195+0000][1][safepoint    ] Safepoint "Cleanup", Time since last: 1000230100 ns, Reaching safepoint: 276300 ns, At safepoint: 75000 ns, Total: 351300 ns
[2020-04-26T18:10:01.196+0000][1][safepoint    ] Safepoint "Cleanup", Time since last: 1000402300 ns, Reaching safepoint: 518300 ns, At safepoint: 71600 ns, Total: 589900 ns
[2020-04-26T18:10:02.197+0000][1][safepoint    ] Safepoint "Cleanup", Time since last: 1000329400 ns, Reaching safepoint: 258800 ns, At safepoint: 82500 ns, Total: 341300 ns
[2020-04-26T18:10:03.197+0000][1][safepoint    ] Safepoint "Cleanup", Time since last: 1000195800 ns, Reaching safepoint: 141600 ns, At safepoint: 28100 ns, Total: 169700 ns
[2020-04-26T18:10:04.198+0000][1][safepoint    ] Safepoint "Cleanup", Time since last: 1000620900 ns, Reaching safepoint: 137100 ns, At safepoint: 33200 ns, Total: 170300 ns
[2020-04-26T18:10:05.199+0000][1][safepoint    ] Safepoint "Cleanup", Time since last: 1000594300 ns, Reaching safepoint: 392300 ns, At safepoint: 119200 ns, Total: 511500 ns
[2020-04-26T18:10:06.200+0000][1][safepoint    ] Safepoint "Cleanup", Time since last: 1000611200 ns, Reaching safepoint: 570400 ns, At safepoint: 130800 ns, Total: 701200 ns
[2020-04-26T18:10:07.202+0000][1][safepoint    ] Safepoint "Cleanup", Time since last: 1000756500 ns, Reaching safepoint: 453800 ns, At safepoint: 144700 ns, Total: 598500 ns
[2020-04-26T18:10:08.203+0000][1][safepoint    ] Safepoint "Cleanup", Time since last: 1000734400 ns, Reaching safepoint: 470800 ns, At safepoint: 151500 ns, Total: 622300 ns
[2020-04-26T18:10:09.204+0000][1][safepoint    ] Safepoint "Cleanup", Time since last: 1000337300 ns, Reaching safepoint: 342200 ns, At safepoint: 91600 ns, Total: 433800 ns
[2020-04-26T18:10:10.205+0000][1][safepoint    ] Safepoint "Cleanup", Time since last: 1000288500 ns, Reaching safepoint: 482700 ns, At safepoint: 128500 ns, Total: 611200 ns
[2020-04-26T18:10:11.389+0000][1][safepoint    ] Safepoint "Cleanup", Time since last: 1183353500 ns, Reaching safepoint: 325300 ns, At safepoint: 97200 ns, Total: 422500 ns
[2020-04-26T18:10:12.390+0000][1][safepoint    ] Safepoint "Cleanup", Time since last: 1000472200 ns, Reaching safepoint: 324600 ns, At safepoint: 131000 ns, Total: 455600 ns
[2020-04-26T18:10:13.390+0000][1][safepoint    ] Safepoint "Cleanup", Time since last: 1000273200 ns, Reaching safepoint: 177300 ns, At safepoint: 36100 ns, Total: 213400 ns
[2020-04-26T18:10:14.391+0000][1][safepoint    ] Safepoint "Cleanup", Time since last: 1000290600 ns, Reaching safepoint: 451000 ns, At safepoint: 187400 ns, Total: 638400 ns
[2020-04-26T18:10:15.392+0000][1][safepoint    ] Safepoint "Cleanup", Time since last: 1000354800 ns, Reaching safepoint: 516100 ns, At safepoint: 127100 ns, Total: 643200 ns
[2020-04-26T18:10:16.394+0000][1][safepoint    ] Safepoint "Cleanup", Time since last: 1000471100 ns, Reaching safepoint: 1058200 ns, At safepoint: 132700 ns, Total: 1190900 ns
[2020-04-26T18:10:17.394+0000][1][safepoint    ] Safepoint "Cleanup", Time since last: 1000220100 ns, Reaching safepoint: 188300 ns, At safepoint: 51000 ns, Total: 239300 ns
[2020-04-26T18:10:18.394+0000][1][safepoint    ] Safepoint "Cleanup", Time since last: 1000139400 ns, Reaching safepoint: 167900 ns, At safepoint: 38400 ns, Total: 206300 ns
[2020-04-26T18:10:19.395+0000][1][safepoint    ] Safepoint "Cleanup", Time since last: 1000380900 ns, Reaching safepoint: 510000 ns, At safepoint: 134200 ns, Total: 644200 ns
[2020-04-26T18:10:20.396+0000][1][safepoint    ] Safepoint "Cleanup", Time since last: 1000363800 ns, Reaching safepoint: 371500 ns, At safepoint: 79800 ns, Total: 451300 ns
[2020-04-26T18:10:21.398+0000][1][safepoint    ] Safepoint "Cleanup", Time since last: 1000578400 ns, Reaching safepoint: 622000 ns, At safepoint: 144700 ns, Total: 766700 ns
[2020-04-26T18:10:22.398+0000][1][safepoint    ] Safepoint "Cleanup", Time since last: 1000544000 ns, Reaching safepoint: 134700 ns, At safepoint: 31900 ns, Total: 166600 ns
[2020-04-26T18:10:23.399+0000][1][safepoint    ] Safepoint "Cleanup", Time since last: 1000195700 ns, Reaching safepoint: 216100 ns, At safepoint: 52900 ns, Total: 269000 ns
[2020-04-26T18:10:24.400+0000][1][safepoint    ] Safepoint "Cleanup", Time since last: 1000420700 ns, Reaching safepoint: 500100 ns, At safepoint: 132600 ns, Total: 632700 ns
[2020-04-26T18:10:25.401+0000][1][safepoint    ] Safepoint "Cleanup", Time since last: 1000566400 ns, Reaching safepoint: 227000 ns, At safepoint: 63700 ns, Total: 290700 ns
[2020-04-26T18:10:26.401+0000][1][safepoint    ] Safepoint "Cleanup", Time since last: 1000261100 ns, Reaching safepoint: 152000 ns, At safepoint: 31500 ns, Total: 183500 ns
[2020-04-26T18:10:27.402+0000][1][safepoint    ] Safepoint "Cleanup", Time since last: 1000189000 ns, Reaching safepoint: 240400 ns, At safepoint: 42300 ns, Total: 282700 ns
[2020-04-26T18:10:28.402+0000][1][safepoint    ] Safepoint "Cleanup", Time since last: 1000229400 ns, Reaching safepoint: 336700 ns, At safepoint: 49000 ns, Total: 385700 ns
[2020-04-26T18:10:29.403+0000][1][safepoint    ] Safepoint "Cleanup", Time since last: 1000343900 ns, Reaching safepoint: 199400 ns, At safepoint: 37200 ns, Total: 236600 ns
[2020-04-26T18:10:30.404+0000][1][safepoint    ] Safepoint "Cleanup", Time since last: 1000306900 ns, Reaching safepoint: 408600 ns, At safepoint: 71900 ns, Total: 480500 ns
[2020-04-26T18:10:31.404+0000][1][safepoint    ] Safepoint "Cleanup", Time since last: 1000209500 ns, Reaching safepoint: 142000 ns, At safepoint: 31800 ns, Total: 173800 ns
[2020-04-26T18:10:32.404+0000][1][safepoint    ] Safepoint "Cleanup", Time since last: 1000174600 ns, Reaching safepoint: 167300 ns, At safepoint: 34100 ns, Total: 201400 ns
[2020-04-26T18:10:33.405+0000][1][safepoint    ] Safepoint "Cleanup", Time since last: 1000473900 ns, Reaching safepoint: 204600 ns, At safepoint: 51400 ns, Total: 256000 ns
[2020-04-26T18:10:34.406+0000][1][safepoint    ] Safepoint "Cleanup", Time since last: 1000368300 ns, Reaching safepoint: 490100 ns, At safepoint: 153400 ns, Total: 643500 ns
[2020-04-26T18:10:35.407+0000][1][safepoint    ] Safepoint "Cleanup", Time since last: 1000271800 ns, Reaching safepoint: 181200 ns, At safepoint: 47800 ns, Total: 229000 ns
[2020-04-26T18:10:36.407+0000][1][safepoint    ] Safepoint "Cleanup", Time since last: 1000495100 ns, Reaching safepoint: 165300 ns, At safepoint: 35000 ns, Total: 200300 ns
[2020-04-26T18:10:37.408+0000][1][safepoint    ] Safepoint "Cleanup", Time since last: 1000547000 ns, Reaching safepoint: 338200 ns, At safepoint: 112700 ns, Total: 450900 ns
[2020-04-26T18:10:38.409+0000][1][safepoint    ] Safepoint "Cleanup", Time since last: 1000342200 ns, Reaching safepoint: 144700 ns, At safepoint: 38500 ns, Total: 183200 ns
[2020-04-26T18:10:39.409+0000][1][safepoint    ] Safepoint "Cleanup", Time since last: 1000154000 ns, Reaching safepoint: 264400 ns, At safepoint: 49800 ns, Total: 314200 ns
[2020-04-26T18:10:41.158+0000][1][safepoint    ] Safepoint "RevokeBias", Time since last: 1748727200 ns, Reaching safepoint: 150700 ns, At safepoint: 60900 ns, Total: 211600 ns
[2020-04-26T18:10:41.159+0000][1][safepoint    ] Safepoint "BulkRevokeBias", Time since last: 262100 ns, Reaching safepoint: 173800 ns, At safepoint: 533900 ns, Total: 707700 ns
[2020-04-26T18:10:41.164+0000][1][safepoint    ] Safepoint "RevokeBias", Time since last: 4588200 ns, Reaching safepoint: 119600 ns, At safepoint: 62600 ns, Total: 182200 ns
[2020-04-26T18:10:41.164+0000][1][safepoint    ] Safepoint "RevokeBias", Time since last: 94800 ns, Reaching safepoint: 228300 ns, At safepoint: 73100 ns, Total: 301400 ns
[2020-04-26T18:10:41.165+0000][1][safepoint    ] Safepoint "RevokeBias", Time since last: 268300 ns, Reaching safepoint: 91900 ns, At safepoint: 60100 ns, Total: 152000 ns
[2020-04-26T18:10:42.165+0000][1][safepoint    ] Safepoint "Cleanup", Time since last: 1000199200 ns, Reaching safepoint: 192700 ns, At safepoint: 30000 ns, Total: 222700 ns
[2020-04-26T18:10:43.166+0000][1][safepoint    ] Safepoint "Cleanup", Time since last: 1000170300 ns, Reaching safepoint: 152800 ns, At safepoint: 30100 ns, Total: 182900 ns
[2020-04-26T18:10:44.166+0000][1][safepoint    ] Safepoint "Cleanup", Time since last: 1000169900 ns, Reaching safepoint: 241200 ns, At safepoint: 51000 ns, Total: 292200 ns
[2020-04-26T18:10:45.166+0000][1][safepoint    ] Safepoint "Cleanup", Time since last: 1000198100 ns, Reaching safepoint: 166000 ns, At safepoint: 40300 ns, Total: 206300 ns
[2020-04-26T18:10:46.167+0000][1][safepoint    ] Safepoint "Cleanup", Time since last: 1000197400 ns, Reaching safepoint: 353700 ns, At safepoint: 87800 ns, Total: 441500 ns
[2020-04-26T18:10:47.168+0000][1][safepoint    ] Safepoint "Cleanup", Time since last: 1000306000 ns, Reaching safepoint: 290600 ns, At safepoint: 54100 ns, Total: 344700 ns
[2020-04-26T18:10:48.168+0000][1][safepoint    ] Safepoint "Cleanup", Time since last: 1000237700 ns, Reaching safepoint: 141200 ns, At safepoint: 34200 ns, Total: 175400 ns
[2020-04-26T18:10:49.169+0000][1][safepoint    ] Safepoint "Cleanup", Time since last: 1000213100 ns, Reaching safepoint: 202400 ns, At safepoint: 58700 ns, Total: 261100 ns
[2020-04-26T18:10:50.169+0000][1][safepoint    ] Safepoint "Cleanup", Time since last: 1000236300 ns, Reaching safepoint: 203400 ns, At safepoint: 44400 ns, Total: 247800 ns
[2020-04-26T18:10:51.170+0000][1][safepoint    ] Safepoint "Cleanup", Time since last: 1000355100 ns, Reaching safepoint: 370300 ns, At safepoint: 57300 ns, Total: 427600 ns
[2020-04-26T18:10:52.171+0000][1][safepoint    ] Safepoint "Cleanup", Time since last: 1000579700 ns, Reaching safepoint: 137900 ns, At safepoint: 32300 ns, Total: 170200 ns
[2020-04-26T18:10:53.171+0000][1][safepoint    ] Safepoint "Cleanup", Time since last: 1000163200 ns, Reaching safepoint: 142100 ns, At safepoint: 31600 ns, Total: 173700 ns
[2020-04-26T18:10:54.172+0000][1][safepoint    ] Safepoint "Cleanup", Time since last: 1000352600 ns, Reaching safepoint: 531800 ns, At safepoint: 77300 ns, Total: 609100 ns
[2020-04-26T18:10:55.173+0000][1][safepoint    ] Safepoint "Cleanup", Time since last: 1000380300 ns, Reaching safepoint: 371900 ns, At safepoint: 81400 ns, Total: 453300 ns
[2020-04-26T18:10:56.174+0000][1][safepoint    ] Safepoint "Cleanup", Time since last: 1000576500 ns, Reaching safepoint: 458600 ns, At safepoint: 130800 ns, Total: 589400 ns
[2020-04-26T18:10:57.174+0000][1][safepoint    ] Safepoint "Cleanup", Time since last: 1000227900 ns, Reaching safepoint: 151500 ns, At safepoint: 28700 ns, Total: 180200 ns
[2020-04-26T18:10:58.175+0000][1][safepoint    ] Safepoint "Cleanup", Time since last: 1000165500 ns, Reaching safepoint: 135500 ns, At safepoint: 28900 ns, Total: 164400 ns
[2020-04-26T18:10:59.175+0000][1][safepoint    ] Safepoint "Cleanup", Time since last: 1000480400 ns, Reaching safepoint: 223800 ns, At safepoint: 63400 ns, Total: 287200 ns
[2020-04-26T18:11:00.176+0000][1][safepoint    ] Safepoint "Cleanup", Time since last: 1000362000 ns, Reaching safepoint: 422100 ns, At safepoint: 65700 ns, Total: 487800 ns
[2020-04-26T18:11:01.177+0000][1][safepoint    ] Safepoint "Cleanup", Time since last: 1000440000 ns, Reaching safepoint: 390400 ns, At safepoint: 115900 ns, Total: 506300 ns
[2020-04-26T18:11:02.178+0000][1][safepoint    ] Safepoint "Cleanup", Time since last: 1000214000 ns, Reaching safepoint: 145600 ns, At safepoint: 31300 ns, Total: 176900 ns
[2020-04-26T18:11:03.178+0000][1][safepoint    ] Safepoint "Cleanup", Time since last: 1000165800 ns, Reaching safepoint: 151700 ns, At safepoint: 30700 ns, Total: 182400 ns
[2020-04-26T18:11:04.179+0000][1][safepoint    ] Safepoint "Cleanup", Time since last: 1000293400 ns, Reaching safepoint: 356900 ns, At safepoint: 100400 ns, Total: 457300 ns
[2020-04-26T18:11:05.179+0000][1][safepoint    ] Safepoint "Cleanup", Time since last: 1000462600 ns, Reaching safepoint: 214600 ns, At safepoint: 55700 ns, Total: 270300 ns
[2020-04-26T18:11:06.180+0000][1][safepoint    ] Safepoint "Cleanup", Time since last: 1000351900 ns, Reaching safepoint: 515500 ns, At safepoint: 132900 ns, Total: 648400 ns
[2020-04-26T18:11:07.181+0000][1][safepoint    ] Safepoint "Cleanup", Time since last: 1000638000 ns, Reaching safepoint: 150400 ns, At safepoint: 36100 ns, Total: 186500 ns
[2020-04-26T18:11:08.182+0000][1][safepoint    ] Safepoint "Cleanup", Time since last: 1000253400 ns, Reaching safepoint: 463900 ns, At safepoint: 97900 ns, Total: 561800 ns
[2020-04-26T18:11:09.183+0000][1][safepoint    ] Safepoint "Cleanup", Time since last: 1000584800 ns, Reaching safepoint: 137000 ns, At safepoint: 32700 ns, Total: 169700 ns
[2020-04-26T18:11:10.184+0000][1][safepoint    ] Safepoint "Cleanup", Time since last: 1000556500 ns, Reaching safepoint: 506600 ns, At safepoint: 133300 ns, Total: 639900 ns
[2020-04-26T18:11:11.402+0000][1][safepoint    ] Safepoint "Cleanup", Time since last: 1217760100 ns, Reaching safepoint: 266800 ns, At safepoint: 46100 ns, Total: 312900 ns
[2020-04-26T18:11:12.403+0000][1][safepoint    ] Safepoint "Cleanup", Time since last: 1000429800 ns, Reaching safepoint: 177300 ns, At safepoint: 40900 ns, Total: 218200 ns
[2020-04-26T18:11:13.404+0000][1][safepoint    ] Safepoint "Cleanup", Time since last: 1000355100 ns, Reaching safepoint: 451700 ns, At safepoint: 110500 ns, Total: 562200 ns
[2020-04-26T18:11:14.404+0000][1][safepoint    ] Safepoint "Cleanup", Time since last: 1000337800 ns, Reaching safepoint: 335200 ns, At safepoint: 46700 ns, Total: 381900 ns
[2020-04-26T18:11:15.406+0000][1][safepoint    ] Safepoint "Cleanup", Time since last: 1000537900 ns, Reaching safepoint: 436700 ns, At safepoint: 132700 ns, Total: 569400 ns
[2020-04-26T18:11:16.406+0000][1][safepoint    ] Safepoint "Cleanup", Time since last: 1000570400 ns, Reaching safepoint: 147700 ns, At safepoint: 37300 ns, Total: 185000 ns
[2020-04-26T18:11:17.407+0000][1][safepoint    ] Safepoint "Cleanup", Time since last: 1000576200 ns, Reaching safepoint: 131800 ns, At safepoint: 32200 ns, Total: 164000 ns
[2020-04-26T18:11:18.408+0000][1][safepoint    ] Safepoint "Cleanup", Time since last: 1000572500 ns, Reaching safepoint: 142500 ns, At safepoint: 35200 ns, Total: 177700 ns
[2020-04-26T18:11:19.409+0000][1][safepoint    ] Safepoint "Cleanup", Time since last: 1000417700 ns, Reaching safepoint: 434600 ns, At safepoint: 136000 ns, Total: 570600 ns
[2020-04-26T18:11:20.410+0000][1][safepoint    ] Safepoint "Cleanup", Time since last: 1000677400 ns, Reaching safepoint: 169800 ns, At safepoint: 44200 ns, Total: 214000 ns
[2020-04-26T18:11:21.410+0000][1][safepoint    ] Safepoint "Cleanup", Time since last: 1000549700 ns, Reaching safepoint: 183000 ns, At safepoint: 48100 ns, Total: 231100 ns
[2020-04-26T18:11:22.411+0000][1][safepoint    ] Safepoint "Cleanup", Time since last: 1000422900 ns, Reaching safepoint: 446000 ns, At safepoint: 143700 ns, Total: 589700 ns
[2020-04-26T18:11:23.412+0000][1][safepoint    ] Safepoint "Cleanup", Time since last: 1000296200 ns, Reaching safepoint: 181400 ns, At safepoint: 46000 ns, Total: 227400 ns
[2020-04-26T18:11:24.413+0000][1][safepoint    ] Safepoint "Cleanup", Time since last: 1000274100 ns, Reaching safepoint: 631600 ns, At safepoint: 123800 ns, Total: 755400 ns
[2020-04-26T18:11:25.414+0000][1][safepoint    ] Safepoint "Cleanup", Time since last: 1000571000 ns, Reaching safepoint: 182400 ns, At safepoint: 47800 ns, Total: 230200 ns
[2020-04-26T18:11:26.415+0000][1][safepoint    ] Safepoint "Cleanup", Time since last: 1000319700 ns, Reaching safepoint: 293700 ns, At safepoint: 93300 ns, Total: 387000 ns
[2020-04-26T18:11:27.415+0000][1][safepoint    ] Safepoint "Cleanup", Time since last: 1000342800 ns, Reaching safepoint: 434400 ns, At safepoint: 129200 ns, Total: 563600 ns
[2020-04-26T18:11:28.416+0000][1][safepoint    ] Safepoint "Cleanup", Time since last: 1000227400 ns, Reaching safepoint: 194800 ns, At safepoint: 53200 ns, Total: 248000 ns
[2020-04-26T18:11:29.417+0000][1][safepoint    ] Safepoint "Cleanup", Time since last: 1000501700 ns, Reaching safepoint: 519600 ns, At safepoint: 135900 ns, Total: 655500 ns
[2020-04-26T18:11:30.418+0000][1][safepoint    ] Safepoint "Cleanup", Time since last: 1000326500 ns, Reaching safepoint: 385000 ns, At safepoint: 91900 ns, Total: 476900 ns
[2020-04-26T18:11:31.419+0000][1][safepoint    ] Safepoint "Cleanup", Time since last: 1000633700 ns, Reaching safepoint: 175600 ns, At safepoint: 45500 ns, Total: 221100 ns
[2020-04-26T18:11:32.420+0000][1][safepoint    ] Safepoint "Cleanup", Time since last: 1000617900 ns, Reaching safepoint: 179800 ns, At safepoint: 39900 ns, Total: 219700 ns
[2020-04-26T18:11:33.420+0000][1][safepoint    ] Safepoint "Cleanup", Time since last: 1000490900 ns, Reaching safepoint: 143900 ns, At safepoint: 34100 ns, Total: 178000 ns
[2020-04-26T18:11:34.421+0000][1][safepoint    ] Safepoint "Cleanup", Time since last: 1000274200 ns, Reaching safepoint: 496300 ns, At safepoint: 131900 ns, Total: 628200 ns
[2020-04-26T18:11:35.422+0000][1][safepoint    ] Safepoint "Cleanup", Time since last: 1000614100 ns, Reaching safepoint: 130900 ns, At safepoint: 31600 ns, Total: 162500 ns
[2020-04-26T18:11:36.423+0000][1][safepoint    ] Safepoint "Cleanup", Time since last: 1000656500 ns, Reaching safepoint: 456200 ns, At safepoint: 141700 ns, Total: 597900 ns
[2020-04-26T18:11:38.252+0000][1][safepoint    ] Safepoint "Cleanup", Time since last: 1828529900 ns, Reaching safepoint: 532200 ns, At safepoint: 129800 ns, Total: 662000 ns
[2020-04-26T18:11:39.253+0000][1][safepoint    ] Safepoint "Cleanup", Time since last: 1000490500 ns, Reaching safepoint: 460700 ns, At safepoint: 153200 ns, Total: 613900 ns
[2020-04-26T18:11:40.254+0000][1][safepoint    ] Safepoint "Cleanup", Time since last: 1000327100 ns, Reaching safepoint: 561300 ns, At safepoint: 126700 ns, Total: 688000 ns
[2020-04-26T18:11:41.255+0000][1][safepoint    ] Safepoint "Cleanup", Time since last: 1000320600 ns, Reaching safepoint: 219100 ns, At safepoint: 65800 ns, Total: 284900 ns
[2020-04-26T18:11:42.256+0000][1][safepoint    ] Safepoint "Cleanup", Time since last: 1000379200 ns, Reaching safepoint: 458100 ns, At safepoint: 144200 ns, Total: 602300 ns
[2020-04-26T18:11:43.154+0000][1][safepoint    ] Safepoint "RevokeBias", Time since last: 897880300 ns, Reaching safepoint: 147200 ns, At safepoint: 42300 ns, Total: 189500 ns
[2020-04-26T18:11:43.155+0000][1][safepoint    ] Safepoint "RevokeBias", Time since last: 194400 ns, Reaching safepoint: 190500 ns, At safepoint: 58300 ns, Total: 248800 ns
[2020-04-26T18:11:43.159+0000][1][safepoint    ] Safepoint "RevokeBias", Time since last: 4144900 ns, Reaching safepoint: 191200 ns, At safepoint: 133700 ns, Total: 324900 ns
[2020-04-26T18:11:43.160+0000][1][safepoint    ] Safepoint "RevokeBias", Time since last: 194500 ns, Reaching safepoint: 267200 ns, At safepoint: 125100 ns, Total: 392300 ns
[2020-04-26T18:11:43.160+0000][1][safepoint    ] Safepoint "RevokeBias", Time since last: 72900 ns, Reaching safepoint: 184600 ns, At safepoint: 69300 ns, Total: 253900 ns
[2020-04-26T18:11:44.161+0000][1][safepoint    ] Safepoint "Cleanup", Time since last: 1000345100 ns, Reaching safepoint: 498100 ns, At safepoint: 150800 ns, Total: 648900 ns
[2020-04-26T18:11:45.162+0000][1][safepoint    ] Safepoint "Cleanup", Time since last: 1000605200 ns, Reaching safepoint: 455600 ns, At safepoint: 149600 ns, Total: 605200 ns
[2020-04-26T18:11:46.163+0000][1][safepoint    ] Safepoint "Cleanup", Time since last: 1000326700 ns, Reaching safepoint: 407800 ns, At safepoint: 97100 ns, Total: 504900 ns
[2020-04-26T18:11:47.164+0000][1][safepoint    ] Safepoint "Cleanup", Time since last: 1000497400 ns, Reaching safepoint: 464700 ns, At safepoint: 98000 ns, Total: 562700 ns
[2020-04-26T18:11:48.165+0000][1][safepoint    ] Safepoint "Cleanup", Time since last: 1000531300 ns, Reaching safepoint: 132700 ns, At safepoint: 32400 ns, Total: 165100 ns
[2020-04-26T18:11:49.166+0000][1][safepoint    ] Safepoint "Cleanup", Time since last: 1000610100 ns, Reaching safepoint: 430400 ns, At safepoint: 154900 ns, Total: 585300 ns
[2020-04-26T18:11:50.167+0000][1][safepoint    ] Safepoint "Cleanup", Time since last: 1000361300 ns, Reaching safepoint: 447400 ns, At safepoint: 137900 ns, Total: 585300 ns
[2020-04-26T18:11:51.168+0000][1][safepoint    ] Safepoint "Cleanup", Time since last: 1000614700 ns, Reaching safepoint: 498800 ns, At safepoint: 132300 ns, Total: 631100 ns
[2020-04-26T18:11:52.169+0000][1][safepoint    ] Safepoint "Cleanup", Time since last: 1000405000 ns, Reaching safepoint: 172100 ns, At safepoint: 46000 ns, Total: 218100 ns
[2020-04-26T18:11:53.581+0000][1][safepoint    ] Safepoint "Cleanup", Time since last: 1411530900 ns, Reaching safepoint: 477200 ns, At safepoint: 57800 ns, Total: 535000 ns
[2020-04-26T18:11:54.581+0000][1][safepoint    ] Safepoint "Cleanup", Time since last: 1000177500 ns, Reaching safepoint: 135900 ns, At safepoint: 29400 ns, Total: 165300 ns
[2020-04-26T18:11:55.582+0000][1][safepoint    ] Safepoint "Cleanup", Time since last: 1000256900 ns, Reaching safepoint: 298500 ns, At safepoint: 61200 ns, Total: 359700 ns
[2020-04-26T18:11:56.583+0000][1][safepoint    ] Safepoint "Cleanup", Time since last: 1000385200 ns, Reaching safepoint: 545800 ns, At safepoint: 138000 ns, Total: 683800 ns
[2020-04-26T18:11:57.584+0000][1][safepoint    ] Safepoint "Cleanup", Time since last: 1000546800 ns, Reaching safepoint: 308300 ns, At safepoint: 92700 ns, Total: 401000 ns
[2020-04-26T18:11:58.585+0000][1][safepoint    ] Safepoint "Cleanup", Time since last: 1000484700 ns, Reaching safepoint: 195200 ns, At safepoint: 50400 ns, Total: 245600 ns
[2020-04-26T18:11:59.585+0000][1][safepoint    ] Safepoint "Cleanup", Time since last: 1000162300 ns, Reaching safepoint: 135900 ns, At safepoint: 28200 ns, Total: 164100 ns
[2020-04-26T18:12:00.585+0000][1][safepoint    ] Safepoint "Cleanup", Time since last: 1000149600 ns, Reaching safepoint: 138600 ns, At safepoint: 29700 ns, Total: 168300 ns
[2020-04-26T18:12:01.586+0000][1][safepoint    ] Safepoint "Cleanup", Time since last: 1000308100 ns, Reaching safepoint: 453200 ns, At safepoint: 136300 ns, Total: 589500 ns
[2020-04-26T18:12:02.587+0000][1][safepoint    ] Safepoint "Cleanup", Time since last: 1000555600 ns, Reaching safepoint: 521600 ns, At safepoint: 131100 ns, Total: 652700 ns
[2020-04-26T18:12:03.588+0000][1][safepoint    ] Safepoint "Cleanup", Time since last: 1000447800 ns, Reaching safepoint: 434700 ns, At safepoint: 208500 ns, Total: 643200 ns
[2020-04-26T18:12:04.589+0000][1][safepoint    ] Safepoint "Cleanup", Time since last: 1000239200 ns, Reaching safepoint: 148800 ns, At safepoint: 30500 ns, Total: 179300 ns
[2020-04-26T18:12:05.589+0000][1][safepoint    ] Safepoint "Cleanup", Time since last: 1000186300 ns, Reaching safepoint: 176100 ns, At safepoint: 58000 ns, Total: 234100 ns
[2020-04-26T18:12:06.590+0000][1][safepoint    ] Safepoint "Cleanup", Time since last: 1000196000 ns, Reaching safepoint: 308600 ns, At safepoint: 77100 ns, Total: 385700 ns
[2020-04-26T18:12:07.591+0000][1][safepoint    ] Safepoint "Cleanup", Time since last: 1000420800 ns, Reaching safepoint: 431300 ns, At safepoint: 130900 ns, Total: 562200 ns
[2020-04-26T18:12:08.592+0000][1][safepoint    ] Safepoint "Cleanup", Time since last: 1000404600 ns, Reaching safepoint: 430700 ns, At safepoint: 131100 ns, Total: 561800 ns
[2020-04-26T18:12:09.592+0000][1][safepoint    ] Safepoint "Cleanup", Time since last: 1000258800 ns, Reaching safepoint: 232900 ns, At safepoint: 45200 ns, Total: 278100 ns
[2020-04-26T18:12:10.593+0000][1][safepoint    ] Safepoint "Cleanup", Time since last: 1000518100 ns, Reaching safepoint: 146800 ns, At safepoint: 36600 ns, Total: 183400 ns
[2020-04-26T18:12:11.594+0000][1][safepoint    ] Safepoint "Cleanup", Time since last: 1000403400 ns, Reaching safepoint: 522100 ns, At safepoint: 127800 ns, Total: 649900 ns
[2020-04-26T18:12:12.595+0000][1][safepoint    ] Safepoint "Cleanup", Time since last: 1000385400 ns, Reaching safepoint: 353700 ns, At safepoint: 133100 ns, Total: 486800 ns
[2020-04-26T18:12:13.596+0000][1][safepoint    ] Safepoint "Cleanup", Time since last: 1000416900 ns, Reaching safepoint: 642500 ns, At safepoint: 143500 ns, Total: 786000 ns
[2020-04-26T18:12:14.597+0000][1][safepoint    ] Safepoint "Cleanup", Time since last: 1000789900 ns, Reaching safepoint: 432000 ns, At safepoint: 138900 ns, Total: 570900 ns
[2020-04-26T18:12:15.599+0000][1][safepoint    ] Safepoint "Cleanup", Time since last: 1000676500 ns, Reaching safepoint: 430400 ns, At safepoint: 134100 ns, Total: 564500 ns
[2020-04-26T18:12:16.599+0000][1][safepoint    ] Safepoint "Cleanup", Time since last: 1000431400 ns, Reaching safepoint: 241200 ns, At safepoint: 66400 ns, Total: 307600 ns
[2020-04-26T18:12:17.601+0000][1][safepoint    ] Safepoint "Cleanup", Time since last: 1000510800 ns, Reaching safepoint: 519100 ns, At safepoint: 162900 ns, Total: 682000 ns
[2020-04-26T18:12:18.602+0000][1][safepoint    ] Safepoint "Cleanup", Time since last: 1000604700 ns, Reaching safepoint: 433500 ns, At safepoint: 133100 ns, Total: 566600 ns
[2020-04-26T18:12:19.602+0000][1][safepoint    ] Safepoint "Cleanup", Time since last: 1000422300 ns, Reaching safepoint: 135400 ns, At safepoint: 31600 ns, Total: 167000 ns
[2020-04-26T18:12:20.603+0000][1][safepoint    ] Safepoint "Cleanup", Time since last: 1000289300 ns, Reaching safepoint: 424200 ns, At safepoint: 139900 ns, Total: 564100 ns
[2020-04-26T18:12:21.604+0000][1][safepoint    ] Safepoint "Cleanup", Time since last: 1000471200 ns, Reaching safepoint: 615400 ns, At safepoint: 144300 ns, Total: 759700 ns
[2020-04-26T18:12:22.173+0000][1][gc,start     ] GC(74) Pause Young (Allocation Failure)
[2020-04-26T18:12:22.173+0000][1][gc,task      ] GC(74) Using 10 workers of 10 for evacuation
[2020-04-26T18:12:22.176+0000][1][gc,age       ] GC(74) Desired survivor size 8945664 bytes, new threshold 6 (max threshold 6)
[2020-04-26T18:12:22.176+0000][1][gc,age       ] GC(74) Age table with threshold 6 (max threshold 6)
[2020-04-26T18:12:22.176+0000][1][gc,age       ] GC(74) - age   1:      66888 bytes,      66888 total
[2020-04-26T18:12:22.176+0000][1][gc,age       ] GC(74) - age   2:       7424 bytes,      74312 total
[2020-04-26T18:12:22.176+0000][1][gc,age       ] GC(74) - age   4:       1064 bytes,      75376 total
[2020-04-26T18:12:22.176+0000][1][gc,age       ] GC(74) - age   5:       2360 bytes,      77736 total
[2020-04-26T18:12:22.176+0000][1][gc,age       ] GC(74) - age   6:      22720 bytes,     100456 total
[2020-04-26T18:12:22.176+0000][1][gc,heap      ] GC(74) ParNew: 140084K->173K(157248K)
[2020-04-26T18:12:22.176+0000][1][gc,heap      ] GC(74) CMS: 88635K->88643K(349568K)
[2020-04-26T18:12:22.176+0000][1][gc,metaspace ] GC(74) Metaspace: 99598K->99598K(1140736K)
[2020-04-26T18:12:22.176+0000][1][gc           ] GC(74) Pause Young (Allocation Failure) 223M->86M(494M) 2.641ms
[2020-04-26T18:12:22.176+0000][1][gc,cpu       ] GC(74) User=0.00s Sys=0.00s Real=0.00s
[2020-04-26T18:12:22.176+0000][1][safepoint    ] Safepoint "GenCollectForAllocation", Time since last: 568680400 ns, Reaching safepoint: 137900 ns, At safepoint: 2717400 ns, Total: 2855300 ns
[2020-04-26T18:12:23.576+0000][1][safepoint    ] Safepoint "Cleanup", Time since last: 1400259500 ns, Reaching safepoint: 145900 ns, At safepoint: 32600 ns, Total: 178500 ns
[2020-04-26T18:12:24.577+0000][1][safepoint    ] Safepoint "Cleanup", Time since last: 1000334300 ns, Reaching safepoint: 431900 ns, At safepoint: 133000 ns, Total: 564900 ns
[2020-04-26T18:12:25.579+0000][1][safepoint    ] Safepoint "Cleanup", Time since last: 1000626000 ns, Reaching safepoint: 432400 ns, At safepoint: 185500 ns, Total: 617900 ns
[2020-04-26T18:12:26.579+0000][1][safepoint    ] Safepoint "Cleanup", Time since last: 1000333700 ns, Reaching safepoint: 187300 ns, At safepoint: 50200 ns, Total: 237500 ns
[2020-04-26T18:12:27.580+0000][1][safepoint    ] Safepoint "Cleanup", Time since last: 1000472900 ns, Reaching safepoint: 265200 ns, At safepoint: 75300 ns, Total: 340500 ns
[2020-04-26T18:12:28.581+0000][1][safepoint    ] Safepoint "Cleanup", Time since last: 1000348800 ns, Reaching safepoint: 454500 ns, At safepoint: 136200 ns, Total: 590700 ns
[2020-04-26T18:12:29.582+0000][1][safepoint    ] Safepoint "Cleanup", Time since last: 1000543400 ns, Reaching safepoint: 160500 ns, At safepoint: 33800 ns, Total: 194300 ns
[2020-04-26T18:12:30.582+0000][1][safepoint    ] Safepoint "Cleanup", Time since last: 1000198400 ns, Reaching safepoint: 180400 ns, At safepoint: 48400 ns, Total: 228800 ns
[2020-04-26T18:12:31.583+0000][1][safepoint    ] Safepoint "Cleanup", Time since last: 1000609700 ns, Reaching safepoint: 130700 ns, At safepoint: 31100 ns, Total: 161800 ns
[2020-04-26T18:12:32.584+0000][1][safepoint    ] Safepoint "Cleanup", Time since last: 1000617700 ns, Reaching safepoint: 434200 ns, At safepoint: 134500 ns, Total: 568700 ns
[2020-04-26T18:12:33.585+0000][1][safepoint    ] Safepoint "Cleanup", Time since last: 1000620400 ns, Reaching safepoint: 457600 ns, At safepoint: 139400 ns, Total: 597000 ns
[2020-04-26T18:12:34.586+0000][1][safepoint    ] Safepoint "Cleanup", Time since last: 1000383100 ns, Reaching safepoint: 224100 ns, At safepoint: 55200 ns, Total: 279300 ns
[2020-04-26T18:12:35.587+0000][1][safepoint    ] Safepoint "Cleanup", Time since last: 1000356000 ns, Reaching safepoint: 444200 ns, At safepoint: 140300 ns, Total: 584500 ns
[2020-04-26T18:12:36.588+0000][1][safepoint    ] Safepoint "Cleanup", Time since last: 1000444100 ns, Reaching safepoint: 526000 ns, At safepoint: 132200 ns, Total: 658200 ns
[2020-04-26T18:12:38.246+0000][1][safepoint    ] Safepoint "Cleanup", Time since last: 1657850900 ns, Reaching safepoint: 253700 ns, At safepoint: 90900 ns, Total: 344600 ns
[2020-04-26T18:12:39.247+0000][1][safepoint    ] Safepoint "Cleanup", Time since last: 1000315900 ns, Reaching safepoint: 384100 ns, At safepoint: 92700 ns, Total: 476800 ns
[2020-04-26T18:12:40.248+0000][1][safepoint    ] Safepoint "Cleanup", Time since last: 1000609200 ns, Reaching safepoint: 433500 ns, At safepoint: 131700 ns, Total: 565200 ns
[2020-04-26T18:12:41.249+0000][1][safepoint    ] Safepoint "Cleanup", Time since last: 1000535400 ns, Reaching safepoint: 443600 ns, At safepoint: 111300 ns, Total: 554900 ns
[2020-04-26T18:12:42.251+0000][1][safepoint    ] Safepoint "Cleanup", Time since last: 1000609500 ns, Reaching safepoint: 638400 ns, At safepoint: 219900 ns, Total: 858300 ns
[2020-04-26T18:12:43.252+0000][1][safepoint    ] Safepoint "Cleanup", Time since last: 1000467600 ns, Reaching safepoint: 453000 ns, At safepoint: 139200 ns, Total: 592200 ns
[2020-04-26T18:12:44.164+0000][1][safepoint    ] Safepoint "RevokeBias", Time since last: 912290600 ns, Reaching safepoint: 134000 ns, At safepoint: 57300 ns, Total: 191300 ns
[2020-04-26T18:12:44.165+0000][1][safepoint    ] Safepoint "RevokeBias", Time since last: 245900 ns, Reaching safepoint: 195700 ns, At safepoint: 67300 ns, Total: 263000 ns
[2020-04-26T18:12:44.170+0000][1][safepoint    ] Safepoint "RevokeBias", Time since last: 5164400 ns, Reaching safepoint: 140900 ns, At safepoint: 83700 ns, Total: 224600 ns
[2020-04-26T18:12:44.170+0000][1][safepoint    ] Safepoint "RevokeBias", Time since last: 53600 ns, Reaching safepoint: 80800 ns, At safepoint: 45500 ns, Total: 126300 ns
[2020-04-26T18:12:45.171+0000][1][safepoint    ] Safepoint "Cleanup", Time since last: 1000320900 ns, Reaching safepoint: 442200 ns, At safepoint: 137700 ns, Total: 579900 ns
[2020-04-26T18:12:46.172+0000][1][safepoint    ] Safepoint "Cleanup", Time since last: 1000417000 ns, Reaching safepoint: 438000 ns, At safepoint: 125900 ns, Total: 563900 ns
[2020-04-26T18:12:47.173+0000][1][safepoint    ] Safepoint "Cleanup", Time since last: 1000457000 ns, Reaching safepoint: 339500 ns, At safepoint: 36800 ns, Total: 376300 ns
[2020-04-26T18:12:48.174+0000][1][safepoint    ] Safepoint "Cleanup", Time since last: 1000325400 ns, Reaching safepoint: 212100 ns, At safepoint: 41200 ns, Total: 253300 ns
[2020-04-26T18:12:49.174+0000][1][safepoint    ] Safepoint "Cleanup", Time since last: 1000309500 ns, Reaching safepoint: 257300 ns, At safepoint: 64600 ns, Total: 321900 ns
[2020-04-26T18:12:50.175+0000][1][safepoint    ] Safepoint "Cleanup", Time since last: 1000342600 ns, Reaching safepoint: 250500 ns, At safepoint: 27700 ns, Total: 278200 ns
[2020-04-26T18:12:51.176+0000][1][safepoint    ] Safepoint "Cleanup", Time since last: 1000326700 ns, Reaching safepoint: 434900 ns, At safepoint: 150400 ns, Total: 585300 ns
[2020-04-26T18:12:52.177+0000][1][safepoint    ] Safepoint "Cleanup", Time since last: 1000471100 ns, Reaching safepoint: 454400 ns, At safepoint: 134600 ns, Total: 589000 ns
[2020-04-26T18:12:53.178+0000][1][safepoint    ] Safepoint "Cleanup", Time since last: 1000631600 ns, Reaching safepoint: 381600 ns, At safepoint: 120400 ns, Total: 502000 ns
[2020-04-26T18:12:54.179+0000][1][safepoint    ] Safepoint "Cleanup", Time since last: 1000407300 ns, Reaching safepoint: 460900 ns, At safepoint: 162600 ns, Total: 623500 ns
[2020-04-26T18:12:55.180+0000][1][safepoint    ] Safepoint "Cleanup", Time since last: 1000538700 ns, Reaching safepoint: 543800 ns, At safepoint: 117700 ns, Total: 661500 ns
[2020-04-26T18:12:56.181+0000][1][safepoint    ] Safepoint "Cleanup", Time since last: 1000389500 ns, Reaching safepoint: 334900 ns, At safepoint: 214700 ns, Total: 549600 ns
[2020-04-26T18:12:57.182+0000][1][safepoint    ] Safepoint "Cleanup", Time since last: 1000536400 ns, Reaching safepoint: 308400 ns, At safepoint: 91300 ns, Total: 399700 ns
[2020-04-26T18:12:58.183+0000][1][safepoint    ] Safepoint "Cleanup", Time since last: 1000630500 ns, Reaching safepoint: 473300 ns, At safepoint: 216800 ns, Total: 690100 ns
[2020-04-26T18:12:59.494+0000][1][safepoint    ] Safepoint "Cleanup", Time since last: 1310531900 ns, Reaching safepoint: 146000 ns, At safepoint: 29800 ns, Total: 175800 ns
[2020-04-26T18:13:00.495+0000][1][safepoint    ] Safepoint "Cleanup", Time since last: 1000465800 ns, Reaching safepoint: 218200 ns, At safepoint: 58700 ns, Total: 276900 ns
[2020-04-26T18:13:01.495+0000][1][safepoint    ] Safepoint "Cleanup", Time since last: 1000358800 ns, Reaching safepoint: 137700 ns, At safepoint: 32100 ns, Total: 169800 ns
[2020-04-26T18:13:02.496+0000][1][safepoint    ] Safepoint "Cleanup", Time since last: 1000322000 ns, Reaching safepoint: 131800 ns, At safepoint: 27900 ns, Total: 159700 ns
[2020-04-26T18:13:03.497+0000][1][safepoint    ] Safepoint "Cleanup", Time since last: 1000341200 ns, Reaching safepoint: 580600 ns, At safepoint: 205100 ns, Total: 785700 ns
[2020-04-26T18:13:04.498+0000][1][safepoint    ] Safepoint "Cleanup", Time since last: 1000532600 ns, Reaching safepoint: 148100 ns, At safepoint: 36800 ns, Total: 184900 ns
[2020-04-26T18:13:05.499+0000][1][safepoint    ] Safepoint "Cleanup", Time since last: 1000274100 ns, Reaching safepoint: 563400 ns, At safepoint: 132400 ns, Total: 695800 ns
[2020-04-26T18:13:06.499+0000][1][safepoint    ] Safepoint "Cleanup", Time since last: 1000194200 ns, Reaching safepoint: 144700 ns, At safepoint: 34300 ns, Total: 179000 ns
[2020-04-26T18:13:07.500+0000][1][safepoint    ] Safepoint "Cleanup", Time since last: 1000217200 ns, Reaching safepoint: 242500 ns, At safepoint: 70500 ns, Total: 313000 ns
[2020-04-26T18:13:08.500+0000][1][safepoint    ] Safepoint "Cleanup", Time since last: 1000381400 ns, Reaching safepoint: 214500 ns, At safepoint: 57200 ns, Total: 271700 ns
[2020-04-26T18:13:09.501+0000][1][safepoint    ] Safepoint "Cleanup", Time since last: 1000314200 ns, Reaching safepoint: 350900 ns, At safepoint: 47100 ns, Total: 398000 ns
[2020-04-26T18:13:10.502+0000][1][safepoint    ] Safepoint "Cleanup", Time since last: 1000489400 ns, Reaching safepoint: 217500 ns, At safepoint: 54300 ns, Total: 271800 ns
[2020-04-26T18:13:11.503+0000][1][safepoint    ] Safepoint "Cleanup", Time since last: 1000336000 ns, Reaching safepoint: 659200 ns, At safepoint: 129600 ns, Total: 788800 ns
[2020-04-26T18:13:12.503+0000][1][safepoint    ] Safepoint "Cleanup", Time since last: 1000225100 ns, Reaching safepoint: 165100 ns, At safepoint: 47200 ns, Total: 212300 ns
[2020-04-26T18:13:13.504+0000][1][safepoint    ] Safepoint "Cleanup", Time since last: 1000377800 ns, Reaching safepoint: 442600 ns, At safepoint: 133700 ns, Total: 576300 ns
[2020-04-26T18:13:14.505+0000][1][safepoint    ] Safepoint "Cleanup", Time since last: 1000442200 ns, Reaching safepoint: 498500 ns, At safepoint: 106400 ns, Total: 604900 ns
[2020-04-26T18:13:15.506+0000][1][safepoint    ] Safepoint "Cleanup", Time since last: 1000608100 ns, Reaching safepoint: 439200 ns, At safepoint: 134500 ns, Total: 573700 ns
[2020-04-26T18:13:16.508+0000][1][safepoint    ] Safepoint "Cleanup", Time since last: 1000618400 ns, Reaching safepoint: 454900 ns, At safepoint: 138900 ns, Total: 593800 ns
[2020-04-26T18:13:17.508+0000][1][safepoint    ] Safepoint "Cleanup", Time since last: 1000392200 ns, Reaching safepoint: 306300 ns, At safepoint: 70700 ns, Total: 377000 ns
[2020-04-26T18:13:18.509+0000][1][safepoint    ] Safepoint "Cleanup", Time since last: 1000281900 ns, Reaching safepoint: 210700 ns, At safepoint: 54200 ns, Total: 264900 ns
[2020-04-26T18:13:19.509+0000][1][safepoint    ] Safepoint "Cleanup", Time since last: 1000155200 ns, Reaching safepoint: 132900 ns, At safepoint: 32500 ns, Total: 165400 ns
[2020-04-26T18:13:20.511+0000][1][safepoint    ] Safepoint "Cleanup", Time since last: 1000743100 ns, Reaching safepoint: 441600 ns, At safepoint: 141000 ns, Total: 582600 ns
[2020-04-26T18:13:21.512+0000][1][safepoint    ] Safepoint "Cleanup", Time since last: 1000609800 ns, Reaching safepoint: 235000 ns, At safepoint: 66900 ns, Total: 301900 ns
[2020-04-26T18:13:23.411+0000][1][safepoint    ] Safepoint "Cleanup", Time since last: 1899202800 ns, Reaching safepoint: 215000 ns, At safepoint: 49000 ns, Total: 264000 ns
[2020-04-26T18:13:24.412+0000][1][safepoint    ] Safepoint "Cleanup", Time since last: 1000304500 ns, Reaching safepoint: 436100 ns, At safepoint: 130700 ns, Total: 566800 ns
[2020-04-26T18:13:25.413+0000][1][safepoint    ] Safepoint "Cleanup", Time since last: 1000449300 ns, Reaching safepoint: 679800 ns, At safepoint: 128400 ns, Total: 808200 ns
[2020-04-26T18:13:26.414+0000][1][safepoint    ] Safepoint "Cleanup", Time since last: 1000323700 ns, Reaching safepoint: 286700 ns, At safepoint: 76200 ns, Total: 362900 ns
[2020-04-26T18:13:27.414+0000][1][safepoint    ] Safepoint "Cleanup", Time since last: 1000205700 ns, Reaching safepoint: 164000 ns, At safepoint: 39300 ns, Total: 203300 ns
[2020-04-26T18:13:28.415+0000][1][safepoint    ] Safepoint "Cleanup", Time since last: 1000413200 ns, Reaching safepoint: 377600 ns, At safepoint: 219400 ns, Total: 597000 ns
[2020-04-26T18:13:29.416+0000][1][safepoint    ] Safepoint "Cleanup", Time since last: 1000164200 ns, Reaching safepoint: 192800 ns, At safepoint: 28200 ns, Total: 221000 ns
[2020-04-26T18:13:30.416+0000][1][safepoint    ] Safepoint "Cleanup", Time since last: 1000256600 ns, Reaching safepoint: 313600 ns, At safepoint: 87400 ns, Total: 401000 ns
[2020-04-26T18:13:31.417+0000][1][safepoint    ] Safepoint "Cleanup", Time since last: 1000344200 ns, Reaching safepoint: 147800 ns, At safepoint: 36000 ns, Total: 183800 ns
[2020-04-26T18:13:32.417+0000][1][safepoint    ] Safepoint "Cleanup", Time since last: 1000225100 ns, Reaching safepoint: 149600 ns, At safepoint: 43300 ns, Total: 192900 ns
[2020-04-26T18:13:33.417+0000][1][safepoint    ] Safepoint "Cleanup", Time since last: 1000113500 ns, Reaching safepoint: 154400 ns, At safepoint: 35800 ns, Total: 190200 ns
[2020-04-26T18:13:34.419+0000][1][safepoint    ] Safepoint "Cleanup", Time since last: 1000412000 ns, Reaching safepoint: 434200 ns, At safepoint: 201700 ns, Total: 635900 ns
[2020-04-26T18:13:35.419+0000][1][safepoint    ] Safepoint "Cleanup", Time since last: 1000490100 ns, Reaching safepoint: 254200 ns, At safepoint: 63200 ns, Total: 317400 ns
[2020-04-26T18:13:36.420+0000][1][safepoint    ] Safepoint "Cleanup", Time since last: 1000320100 ns, Reaching safepoint: 332600 ns, At safepoint: 142600 ns, Total: 475200 ns
[2020-04-26T18:13:37.421+0000][1][safepoint    ] Safepoint "Cleanup", Time since last: 1000387600 ns, Reaching safepoint: 225800 ns, At safepoint: 47400 ns, Total: 273200 ns
[2020-04-26T18:13:38.421+0000][1][safepoint    ] Safepoint "Cleanup", Time since last: 1000209000 ns, Reaching safepoint: 198800 ns, At safepoint: 49500 ns, Total: 248300 ns
[2020-04-26T18:13:39.422+0000][1][safepoint    ] Safepoint "Cleanup", Time since last: 1000326600 ns, Reaching safepoint: 516400 ns, At safepoint: 205700 ns, Total: 722100 ns
[2020-04-26T18:13:40.423+0000][1][safepoint    ] Safepoint "Cleanup", Time since last: 1000336300 ns, Reaching safepoint: 138600 ns, At safepoint: 45300 ns, Total: 183900 ns
[2020-04-26T18:13:41.425+0000][1][safepoint    ] Safepoint "Cleanup", Time since last: 1000549900 ns, Reaching safepoint: 863000 ns, At safepoint: 369200 ns, Total: 1232200 ns
[2020-04-26T18:13:42.425+0000][1][safepoint    ] Safepoint "Cleanup", Time since last: 1000283400 ns, Reaching safepoint: 182700 ns, At safepoint: 48700 ns, Total: 231400 ns
[2020-04-26T18:13:43.426+0000][1][safepoint    ] Safepoint "Cleanup", Time since last: 1000242300 ns, Reaching safepoint: 137300 ns, At safepoint: 32800 ns, Total: 170100 ns
[2020-04-26T18:13:44.426+0000][1][safepoint    ] Safepoint "Cleanup", Time since last: 1000317500 ns, Reaching safepoint: 209800 ns, At safepoint: 84000 ns, Total: 293800 ns
[2020-04-26T18:13:45.427+0000][1][safepoint    ] Safepoint "Cleanup", Time since last: 1000635100 ns, Reaching safepoint: 198900 ns, At safepoint: 37100 ns, Total: 236000 ns
[2020-04-26T18:13:46.140+0000][1][safepoint    ] Safepoint "RevokeBias", Time since last: 712413800 ns, Reaching safepoint: 132800 ns, At safepoint: 74200 ns, Total: 207000 ns
[2020-04-26T18:13:46.140+0000][1][safepoint    ] Safepoint "RevokeBias", Time since last: 53100 ns, Reaching safepoint: 186000 ns, At safepoint: 72100 ns, Total: 258100 ns
[2020-04-26T18:13:46.140+0000][1][safepoint    ] Safepoint "RevokeBias", Time since last: 205100 ns, Reaching safepoint: 72600 ns, At safepoint: 59500 ns, Total: 132100 ns
[2020-04-26T18:13:46.145+0000][1][safepoint    ] Safepoint "RevokeBias", Time since last: 4311900 ns, Reaching safepoint: 143600 ns, At safepoint: 66200 ns, Total: 209800 ns
[2020-04-26T18:13:47.146+0000][1][safepoint    ] Safepoint "Cleanup", Time since last: 1000967500 ns, Reaching safepoint: 182800 ns, At safepoint: 40200 ns, Total: 223000 ns
[2020-04-26T18:13:48.146+0000][1][safepoint    ] Safepoint "Cleanup", Time since last: 1000177700 ns, Reaching safepoint: 146700 ns, At safepoint: 35400 ns, Total: 182100 ns
[2020-04-26T18:13:49.148+0000][1][safepoint    ] Safepoint "Cleanup", Time since last: 1000581900 ns, Reaching safepoint: 501400 ns, At safepoint: 131100 ns, Total: 632500 ns
[2020-04-26T18:13:50.148+0000][1][safepoint    ] Safepoint "Cleanup", Time since last: 1000261600 ns, Reaching safepoint: 173600 ns, At safepoint: 13000 ns, Total: 186600 ns
[2020-04-26T18:13:51.149+0000][1][safepoint    ] Safepoint "Cleanup", Time since last: 1000625600 ns, Reaching safepoint: 438000 ns, At safepoint: 138800 ns, Total: 576800 ns
[2020-04-26T18:13:52.150+0000][1][safepoint    ] Safepoint "Cleanup", Time since last: 1000398400 ns, Reaching safepoint: 431600 ns, At safepoint: 126500 ns, Total: 558100 ns
[2020-04-26T18:13:53.151+0000][1][safepoint    ] Safepoint "Cleanup", Time since last: 1000244900 ns, Reaching safepoint: 231400 ns, At safepoint: 30100 ns, Total: 261500 ns
[2020-04-26T18:13:54.151+0000][1][safepoint    ] Safepoint "Cleanup", Time since last: 1000272600 ns, Reaching safepoint: 250400 ns, At safepoint: 41900 ns, Total: 292300 ns
[2020-04-26T18:13:55.152+0000][1][safepoint    ] Safepoint "Cleanup", Time since last: 1000551600 ns, Reaching safepoint: 157400 ns, At safepoint: 51800 ns, Total: 209200 ns
[2020-04-26T18:13:56.153+0000][1][safepoint    ] Safepoint "Cleanup", Time since last: 1000318700 ns, Reaching safepoint: 434800 ns, At safepoint: 117100 ns, Total: 551900 ns
[2020-04-26T18:13:57.154+0000][1][safepoint    ] Safepoint "Cleanup", Time since last: 1000436600 ns, Reaching safepoint: 616800 ns, At safepoint: 126500 ns, Total: 743300 ns
[2020-04-26T18:13:58.156+0000][1][safepoint    ] Safepoint "Cleanup", Time since last: 1000747800 ns, Reaching safepoint: 460800 ns, At safepoint: 254300 ns, Total: 715100 ns
[2020-04-26T18:13:59.157+0000][1][safepoint    ] Safepoint "Cleanup", Time since last: 1000615500 ns, Reaching safepoint: 527400 ns, At safepoint: 149600 ns, Total: 677000 ns
[2020-04-26T18:14:00.157+0000][1][safepoint    ] Safepoint "Cleanup", Time since last: 1000247400 ns, Reaching safepoint: 247000 ns, At safepoint: 58600 ns, Total: 305600 ns
[2020-04-26T18:14:01.159+0000][1][safepoint    ] Safepoint "Cleanup", Time since last: 1000433600 ns, Reaching safepoint: 557700 ns, At safepoint: 133000 ns, Total: 690700 ns
[2020-04-26T18:14:02.159+0000][1][safepoint    ] Safepoint "Cleanup", Time since last: 1000522500 ns, Reaching safepoint: 259200 ns, At safepoint: 75500 ns, Total: 334700 ns
[2020-04-26T18:14:03.160+0000][1][safepoint    ] Safepoint "Cleanup", Time since last: 1000319000 ns, Reaching safepoint: 195800 ns, At safepoint: 43000 ns, Total: 238800 ns
[2020-04-26T18:14:04.161+0000][1][safepoint    ] Safepoint "Cleanup", Time since last: 1000285700 ns, Reaching safepoint: 355100 ns, At safepoint: 97500 ns, Total: 452600 ns
[2020-04-26T18:14:05.646+0000][1][safepoint    ] Safepoint "Cleanup", Time since last: 1484434200 ns, Reaching safepoint: 558300 ns, At safepoint: 136100 ns, Total: 694400 ns
[2020-04-26T18:14:06.647+0000][1][safepoint    ] Safepoint "Cleanup", Time since last: 1000612400 ns, Reaching safepoint: 143400 ns, At safepoint: 33400 ns, Total: 176800 ns
[2020-04-26T18:14:07.647+0000][1][safepoint    ] Safepoint "Cleanup", Time since last: 1000217500 ns, Reaching safepoint: 467600 ns, At safepoint: 173600 ns, Total: 641200 ns
[2020-04-26T18:14:08.648+0000][1][safepoint    ] Safepoint "Cleanup", Time since last: 1000261300 ns, Reaching safepoint: 425200 ns, At safepoint: 36000 ns, Total: 461200 ns
[2020-04-26T18:14:09.649+0000][1][safepoint    ] Safepoint "Cleanup", Time since last: 1000469300 ns, Reaching safepoint: 227100 ns, At safepoint: 62200 ns, Total: 289300 ns
[2020-04-26T18:14:10.650+0000][1][safepoint    ] Safepoint "Cleanup", Time since last: 1000397600 ns, Reaching safepoint: 594100 ns, At safepoint: 176900 ns, Total: 771000 ns
[2020-04-26T18:14:11.651+0000][1][safepoint    ] Safepoint "Cleanup", Time since last: 1000802800 ns, Reaching safepoint: 464900 ns, At safepoint: 139700 ns, Total: 604600 ns
[2020-04-26T18:14:12.652+0000][1][safepoint    ] Safepoint "Cleanup", Time since last: 1000374000 ns, Reaching safepoint: 146700 ns, At safepoint: 34000 ns, Total: 180700 ns
[2020-04-26T18:14:13.653+0000][1][safepoint    ] Safepoint "Cleanup", Time since last: 1000364900 ns, Reaching safepoint: 240500 ns, At safepoint: 39200 ns, Total: 279700 ns
[2020-04-26T18:14:14.653+0000][1][safepoint    ] Safepoint "Cleanup", Time since last: 1000518800 ns, Reaching safepoint: 164600 ns, At safepoint: 42500 ns, Total: 207100 ns
[2020-04-26T18:14:15.654+0000][1][safepoint    ] Safepoint "Cleanup", Time since last: 1000342500 ns, Reaching safepoint: 142400 ns, At safepoint: 29800 ns, Total: 172200 ns
[2020-04-26T18:14:16.655+0000][1][safepoint    ] Safepoint "Cleanup", Time since last: 1000692000 ns, Reaching safepoint: 622800 ns, At safepoint: 149000 ns, Total: 771800 ns
[2020-04-26T18:14:17.656+0000][1][safepoint    ] Safepoint "Cleanup", Time since last: 1000285800 ns, Reaching safepoint: 337200 ns, At safepoint: 70200 ns, Total: 407400 ns
[2020-04-26T18:14:18.657+0000][1][safepoint    ] Safepoint "Cleanup", Time since last: 1000458400 ns, Reaching safepoint: 531300 ns, At safepoint: 131200 ns, Total: 662500 ns
[2020-04-26T18:14:19.658+0000][1][safepoint    ] Safepoint "Cleanup", Time since last: 1000190700 ns, Reaching safepoint: 135800 ns, At safepoint: 29100 ns, Total: 164900 ns
[2020-04-26T18:14:20.658+0000][1][safepoint    ] Safepoint "Cleanup", Time since last: 1000246600 ns, Reaching safepoint: 155500 ns, At safepoint: 38400 ns, Total: 193900 ns
[2020-04-26T18:14:21.659+0000][1][safepoint    ] Safepoint "Cleanup", Time since last: 1000547400 ns, Reaching safepoint: 465900 ns, At safepoint: 138100 ns, Total: 604000 ns
[2020-04-26T18:14:22.660+0000][1][safepoint    ] Safepoint "Cleanup", Time since last: 1000374600 ns, Reaching safepoint: 456400 ns, At safepoint: 132200 ns, Total: 588600 ns
[2020-04-26T18:14:23.661+0000][1][safepoint    ] Safepoint "Cleanup", Time since last: 1000487400 ns, Reaching safepoint: 281800 ns, At safepoint: 64400 ns, Total: 346200 ns
[2020-04-26T18:14:24.661+0000][1][safepoint    ] Safepoint "Cleanup", Time since last: 1000233600 ns, Reaching safepoint: 139700 ns, At safepoint: 29200 ns, Total: 168900 ns
[2020-04-26T18:14:25.663+0000][1][safepoint    ] Safepoint "Cleanup", Time since last: 1000532900 ns, Reaching safepoint: 533600 ns, At safepoint: 186400 ns, Total: 720000 ns
[2020-04-26T18:14:26.664+0000][1][safepoint    ] Safepoint "Cleanup", Time since last: 1000343200 ns, Reaching safepoint: 539600 ns, At safepoint: 132400 ns, Total: 672000 ns
[2020-04-26T18:14:27.664+0000][1][safepoint    ] Safepoint "Cleanup", Time since last: 1000599100 ns, Reaching safepoint: 138200 ns, At safepoint: 31800 ns, Total: 170000 ns
[2020-04-26T18:14:28.665+0000][1][safepoint    ] Safepoint "Cleanup", Time since last: 1000153900 ns, Reaching safepoint: 208300 ns, At safepoint: 55600 ns, Total: 263900 ns
[2020-04-26T18:14:29.665+0000][1][safepoint    ] Safepoint "Cleanup", Time since last: 1000151400 ns, Reaching safepoint: 156700 ns, At safepoint: 31500 ns, Total: 188200 ns
[2020-04-26T18:14:30.666+0000][1][safepoint    ] Safepoint "Cleanup", Time since last: 1000474400 ns, Reaching safepoint: 158900 ns, At safepoint: 33100 ns, Total: 192000 ns
[2020-04-26T18:14:31.667+0000][1][safepoint    ] Safepoint "Cleanup", Time since last: 1000356300 ns, Reaching safepoint: 467100 ns, At safepoint: 191000 ns, Total: 658100 ns
[2020-04-26T18:14:32.668+0000][1][safepoint    ] Safepoint "Cleanup", Time since last: 1000352400 ns, Reaching safepoint: 517300 ns, At safepoint: 132700 ns, Total: 650000 ns
[2020-04-26T18:14:33.669+0000][1][safepoint    ] Safepoint "Cleanup", Time since last: 1000294600 ns, Reaching safepoint: 515100 ns, At safepoint: 127500 ns, Total: 642600 ns
[2020-04-26T18:14:34.670+0000][1][safepoint    ] Safepoint "Cleanup", Time since last: 1000473900 ns, Reaching safepoint: 468700 ns, At safepoint: 117500 ns, Total: 586200 ns
[2020-04-26T18:14:35.671+0000][1][safepoint    ] Safepoint "Cleanup", Time since last: 1000377700 ns, Reaching safepoint: 362500 ns, At safepoint: 97300 ns, Total: 459800 ns
[2020-04-26T18:14:36.671+0000][1][safepoint    ] Safepoint "Cleanup", Time since last: 1000210900 ns, Reaching safepoint: 203500 ns, At safepoint: 47400 ns, Total: 250900 ns
[2020-04-26T18:14:37.676+0000][1][safepoint    ] Safepoint "Cleanup", Time since last: 1004500500 ns, Reaching safepoint: 554600 ns, At safepoint: 162600 ns, Total: 717200 ns
[2020-04-26T18:14:38.678+0000][1][safepoint    ] Safepoint "Cleanup", Time since last: 1000824400 ns, Reaching safepoint: 468000 ns, At safepoint: 141000 ns, Total: 609000 ns
[2020-04-26T18:14:39.679+0000][1][safepoint    ] Safepoint "Cleanup", Time since last: 1000612800 ns, Reaching safepoint: 443000 ns, At safepoint: 135600 ns, Total: 578600 ns
[2020-04-26T18:14:40.680+0000][1][safepoint    ] Safepoint "Cleanup", Time since last: 1000604600 ns, Reaching safepoint: 468800 ns, At safepoint: 151000 ns, Total: 619800 ns
[2020-04-26T18:14:41.681+0000][1][safepoint    ] Safepoint "Cleanup", Time since last: 1000390600 ns, Reaching safepoint: 173800 ns, At safepoint: 28800 ns, Total: 202600 ns
[2020-04-26T18:14:42.682+0000][1][safepoint    ] Safepoint "Cleanup", Time since last: 1000567600 ns, Reaching safepoint: 138200 ns, At safepoint: 33200 ns, Total: 171400 ns
[2020-04-26T18:14:44.636+0000][1][safepoint    ] Safepoint "Cleanup", Time since last: 1954497200 ns, Reaching safepoint: 140500 ns, At safepoint: 29200 ns, Total: 169700 ns
[2020-04-26T18:14:45.637+0000][1][safepoint    ] Safepoint "Cleanup", Time since last: 1000292300 ns, Reaching safepoint: 543500 ns, At safepoint: 227500 ns, Total: 771000 ns
[2020-04-26T18:14:46.639+0000][1][safepoint    ] Safepoint "Cleanup", Time since last: 1000313300 ns, Reaching safepoint: 759800 ns, At safepoint: 267400 ns, Total: 1027200 ns
[2020-04-26T18:14:47.640+0000][1][safepoint    ] Safepoint "Cleanup", Time since last: 1000701400 ns, Reaching safepoint: 536200 ns, At safepoint: 132600 ns, Total: 668800 ns
[2020-04-26T18:14:48.156+0000][1][safepoint    ] Safepoint "RevokeBias", Time since last: 515875300 ns, Reaching safepoint: 157500 ns, At safepoint: 57500 ns, Total: 215000 ns
[2020-04-26T18:14:48.157+0000][1][safepoint    ] Safepoint "BulkRevokeBias", Time since last: 320700 ns, Reaching safepoint: 207500 ns, At safepoint: 634500 ns, Total: 842000 ns
[2020-04-26T18:14:48.163+0000][1][safepoint    ] Safepoint "RevokeBias", Time since last: 5122500 ns, Reaching safepoint: 142900 ns, At safepoint: 133300 ns, Total: 276200 ns
[2020-04-26T18:14:48.163+0000][1][safepoint    ] Safepoint "RevokeBias", Time since last: 182600 ns, Reaching safepoint: 183000 ns, At safepoint: 60900 ns, Total: 243900 ns
[2020-04-26T18:14:49.164+0000][1][safepoint    ] Safepoint "Cleanup", Time since last: 1000326000 ns, Reaching safepoint: 443500 ns, At safepoint: 161300 ns, Total: 604800 ns
[2020-04-26T18:14:50.165+0000][1][safepoint    ] Safepoint "Cleanup", Time since last: 1000385100 ns, Reaching safepoint: 531200 ns, At safepoint: 132200 ns, Total: 663400 ns
[2020-04-26T18:14:51.166+0000][1][safepoint    ] Safepoint "Cleanup", Time since last: 1000229700 ns, Reaching safepoint: 620700 ns, At safepoint: 144200 ns, Total: 764900 ns
[2020-04-26T18:14:52.166+0000][1][safepoint    ] Safepoint "Cleanup", Time since last: 1000213700 ns, Reaching safepoint: 143200 ns, At safepoint: 31500 ns, Total: 174700 ns
[2020-04-26T18:14:53.167+0000][1][safepoint    ] Safepoint "Cleanup", Time since last: 1000114400 ns, Reaching safepoint: 197400 ns, At safepoint: 25600 ns, Total: 223000 ns
[2020-04-26T18:14:54.167+0000][1][safepoint    ] Safepoint "Cleanup", Time since last: 1000175800 ns, Reaching safepoint: 178900 ns, At safepoint: 84700 ns, Total: 263600 ns
[2020-04-26T18:14:55.167+0000][1][safepoint    ] Safepoint "Cleanup", Time since last: 1000120300 ns, Reaching safepoint: 140200 ns, At safepoint: 26100 ns, Total: 166300 ns
[2020-04-26T18:14:56.168+0000][1][safepoint    ] Safepoint "Cleanup", Time since last: 1000244700 ns, Reaching safepoint: 152200 ns, At safepoint: 27100 ns, Total: 179300 ns
[2020-04-26T18:14:57.168+0000][1][safepoint    ] Safepoint "Cleanup", Time since last: 1000153500 ns, Reaching safepoint: 261600 ns, At safepoint: 56900 ns, Total: 318500 ns
[2020-04-26T18:14:58.169+0000][1][safepoint    ] Safepoint "Cleanup", Time since last: 1000145300 ns, Reaching safepoint: 232700 ns, At safepoint: 40400 ns, Total: 273100 ns
[2020-04-26T18:14:59.169+0000][1][safepoint    ] Safepoint "Cleanup", Time since last: 1000165300 ns, Reaching safepoint: 204300 ns, At safepoint: 40100 ns, Total: 244400 ns
[2020-04-26T18:15:00.170+0000][1][safepoint    ] Safepoint "Cleanup", Time since last: 1000202900 ns, Reaching safepoint: 317600 ns, At safepoint: 41700 ns, Total: 359300 ns
[2020-04-26T18:15:01.170+0000][1][safepoint    ] Safepoint "Cleanup", Time since last: 1000193500 ns, Reaching safepoint: 280200 ns, At safepoint: 53700 ns, Total: 333900 ns
[2020-04-26T18:15:02.171+0000][1][safepoint    ] Safepoint "Cleanup", Time since last: 1000145000 ns, Reaching safepoint: 154100 ns, At safepoint: 34100 ns, Total: 188200 ns
[2020-04-26T18:15:03.171+0000][1][safepoint    ] Safepoint "Cleanup", Time since last: 1000208200 ns, Reaching safepoint: 211700 ns, At safepoint: 43700 ns, Total: 255400 ns
[2020-04-26T18:15:04.171+0000][1][safepoint    ] Safepoint "Cleanup", Time since last: 1000163400 ns, Reaching safepoint: 186200 ns, At safepoint: 38000 ns, Total: 224200 ns
[2020-04-26T18:15:05.172+0000][1][safepoint    ] Safepoint "Cleanup", Time since last: 1000127800 ns, Reaching safepoint: 180600 ns, At safepoint: 30500 ns, Total: 211100 ns
[2020-04-26T18:15:06.172+0000][1][safepoint    ] Safepoint "Cleanup", Time since last: 1000120900 ns, Reaching safepoint: 154900 ns, At safepoint: 27800 ns, Total: 182700 ns
[2020-04-26T18:15:07.173+0000][1][safepoint    ] Safepoint "Cleanup", Time since last: 1000151000 ns, Reaching safepoint: 174200 ns, At safepoint: 67600 ns, Total: 241800 ns
[2020-04-26T18:15:08.242+0000][1][safepoint    ] Safepoint "Cleanup", Time since last: 1069465300 ns, Reaching safepoint: 221900 ns, At safepoint: 44100 ns, Total: 266000 ns
[2020-04-26T18:15:09.243+0000][1][safepoint    ] Safepoint "Cleanup", Time since last: 1000144700 ns, Reaching safepoint: 200700 ns, At safepoint: 28400 ns, Total: 229100 ns
[2020-04-26T18:15:10.243+0000][1][safepoint    ] Safepoint "Cleanup", Time since last: 1000144200 ns, Reaching safepoint: 149800 ns, At safepoint: 33900 ns, Total: 183700 ns
[2020-04-26T18:15:11.243+0000][1][safepoint    ] Safepoint "Cleanup", Time since last: 1000118400 ns, Reaching safepoint: 148900 ns, At safepoint: 29700 ns, Total: 178600 ns
[2020-04-26T18:15:12.244+0000][1][safepoint    ] Safepoint "Cleanup", Time since last: 1000160000 ns, Reaching safepoint: 160400 ns, At safepoint: 32900 ns, Total: 193300 ns
[2020-04-26T18:15:13.244+0000][1][safepoint    ] Safepoint "Cleanup", Time since last: 1000131000 ns, Reaching safepoint: 249300 ns, At safepoint: 32800 ns, Total: 282100 ns
[2020-04-26T18:15:14.244+0000][1][safepoint    ] Safepoint "Cleanup", Time since last: 1000125200 ns, Reaching safepoint: 165300 ns, At safepoint: 34400 ns, Total: 199700 ns
[2020-04-26T18:15:15.245+0000][1][safepoint    ] Safepoint "Cleanup", Time since last: 1000135800 ns, Reaching safepoint: 241200 ns, At safepoint: 68700 ns, Total: 309900 ns
[2020-04-26T18:15:16.245+0000][1][safepoint    ] Safepoint "Cleanup", Time since last: 1000186300 ns, Reaching safepoint: 143800 ns, At safepoint: 30600 ns, Total: 174400 ns
[2020-04-26T18:15:17.245+0000][1][safepoint    ] Safepoint "Cleanup", Time since last: 1000183300 ns, Reaching safepoint: 148300 ns, At safepoint: 29700 ns, Total: 178000 ns
[2020-04-26T18:15:17.302+0000][1][gc,start     ] GC(75) Pause Young (Allocation Failure)
[2020-04-26T18:15:17.303+0000][1][gc,task      ] GC(75) Using 10 workers of 10 for evacuation
[2020-04-26T18:15:17.304+0000][1][gc,age       ] GC(75) Desired survivor size 8945664 bytes, new threshold 6 (max threshold 6)
[2020-04-26T18:15:17.304+0000][1][gc,age       ] GC(75) Age table with threshold 6 (max threshold 6)
[2020-04-26T18:15:17.304+0000][1][gc,age       ] GC(75) - age   1:      68344 bytes,      68344 total
[2020-04-26T18:15:17.304+0000][1][gc,age       ] GC(75) - age   2:        744 bytes,      69088 total
[2020-04-26T18:15:17.305+0000][1][gc,age       ] GC(75) - age   3:       7328 bytes,      76416 total
[2020-04-26T18:15:17.305+0000][1][gc,age       ] GC(75) - age   5:        560 bytes,      76976 total
[2020-04-26T18:15:17.305+0000][1][gc,age       ] GC(75) - age   6:       2208 bytes,      79184 total
[2020-04-26T18:15:17.305+0000][1][gc,heap      ] GC(75) ParNew: 139949K->101K(157248K)
[2020-04-26T18:15:17.305+0000][1][gc,heap      ] GC(75) CMS: 88643K->88666K(349568K)
[2020-04-26T18:15:17.305+0000][1][gc,metaspace ] GC(75) Metaspace: 99608K->99608K(1140736K)
[2020-04-26T18:15:17.305+0000][1][gc           ] GC(75) Pause Young (Allocation Failure) 223M->86M(494M) 2.132ms
[2020-04-26T18:15:17.305+0000][1][gc,cpu       ] GC(75) User=0.00s Sys=0.01s Real=0.01s
[2020-04-26T18:15:17.305+0000][1][safepoint    ] Safepoint "GenCollectForAllocation", Time since last: 56766200 ns, Reaching safepoint: 166000 ns, At safepoint: 2220900 ns, Total: 2386900 ns
[2020-04-26T18:15:18.305+0000][1][safepoint    ] Safepoint "Cleanup", Time since last: 1000138700 ns, Reaching safepoint: 163000 ns, At safepoint: 36200 ns, Total: 199200 ns
[2020-04-26T18:15:19.306+0000][1][safepoint    ] Safepoint "Cleanup", Time since last: 1000237400 ns, Reaching safepoint: 346700 ns, At safepoint: 96700 ns, Total: 443400 ns
[2020-04-26T18:15:20.307+0000][1][safepoint    ] Safepoint "Cleanup", Time since last: 1000416500 ns, Reaching safepoint: 360700 ns, At safepoint: 96000 ns, Total: 456700 ns
[2020-04-26T18:15:21.307+0000][1][safepoint    ] Safepoint "Cleanup", Time since last: 1000297900 ns, Reaching safepoint: 144000 ns, At safepoint: 46700 ns, Total: 190700 ns
[2020-04-26T18:15:22.307+0000][1][safepoint    ] Safepoint "Cleanup", Time since last: 1000207600 ns, Reaching safepoint: 135500 ns, At safepoint: 46300 ns, Total: 181800 ns
[2020-04-26T18:15:23.309+0000][1][safepoint    ] Safepoint "Cleanup", Time since last: 1000586000 ns, Reaching safepoint: 688900 ns, At safepoint: 206100 ns, Total: 895000 ns
[2020-04-26T18:15:24.309+0000][1][safepoint    ] Safepoint "Cleanup", Time since last: 1000238900 ns, Reaching safepoint: 139400 ns, At safepoint: 32000 ns, Total: 171400 ns
[2020-04-26T18:15:25.310+0000][1][safepoint    ] Safepoint "Cleanup", Time since last: 1000292700 ns, Reaching safepoint: 439400 ns, At safepoint: 202100 ns, Total: 641500 ns
[2020-04-26T18:15:26.311+0000][1][safepoint    ] Safepoint "Cleanup", Time since last: 1000204200 ns, Reaching safepoint: 174700 ns, At safepoint: 34500 ns, Total: 209200 ns
[2020-04-26T18:15:27.312+0000][1][safepoint    ] Safepoint "Cleanup", Time since last: 1000338200 ns, Reaching safepoint: 531400 ns, At safepoint: 200800 ns, Total: 732200 ns
[2020-04-26T18:15:28.313+0000][1][safepoint    ] Safepoint "Cleanup", Time since last: 1000350300 ns, Reaching safepoint: 512600 ns, At safepoint: 186700 ns, Total: 699300 ns
[2020-04-26T18:15:29.313+0000][1][safepoint    ] Safepoint "Cleanup", Time since last: 1000353200 ns, Reaching safepoint: 157200 ns, At safepoint: 34400 ns, Total: 191600 ns
[2020-04-26T18:15:30.314+0000][1][safepoint    ] Safepoint "Cleanup", Time since last: 1000313300 ns, Reaching safepoint: 179500 ns, At safepoint: 42700 ns, Total: 222200 ns
[2020-04-26T18:15:31.314+0000][1][safepoint    ] Safepoint "Cleanup", Time since last: 1000222800 ns, Reaching safepoint: 215000 ns, At safepoint: 53300 ns, Total: 268300 ns
[2020-04-26T18:15:32.315+0000][1][safepoint    ] Safepoint "Cleanup", Time since last: 1000176200 ns, Reaching safepoint: 162400 ns, At safepoint: 46700 ns, Total: 209100 ns
[2020-04-26T18:15:33.316+0000][1][safepoint    ] Safepoint "Cleanup", Time since last: 1000356500 ns, Reaching safepoint: 529000 ns, At safepoint: 146100 ns, Total: 675100 ns
[2020-04-26T18:15:34.316+0000][1][safepoint    ] Safepoint "Cleanup", Time since last: 1000295700 ns, Reaching safepoint: 331600 ns, At safepoint: 64800 ns, Total: 396400 ns
[2020-04-26T18:15:35.317+0000][1][safepoint    ] Safepoint "Cleanup", Time since last: 1000563200 ns, Reaching safepoint: 155900 ns, At safepoint: 38700 ns, Total: 194600 ns
[2020-04-26T18:15:36.318+0000][1][safepoint    ] Safepoint "Cleanup", Time since last: 1000299200 ns, Reaching safepoint: 328900 ns, At safepoint: 41200 ns, Total: 370100 ns
[2020-04-26T18:15:38.244+0000][1][safepoint    ] Safepoint "Cleanup", Time since last: 1925793700 ns, Reaching safepoint: 522500 ns, At safepoint: 135400 ns, Total: 657900 ns
[2020-04-26T18:15:39.246+0000][1][safepoint    ] Safepoint "Cleanup", Time since last: 1000839800 ns, Reaching safepoint: 467000 ns, At safepoint: 140300 ns, Total: 607300 ns
[2020-04-26T18:15:40.247+0000][1][safepoint    ] Safepoint "Cleanup", Time since last: 1000541200 ns, Reaching safepoint: 641600 ns, At safepoint: 163700 ns, Total: 805300 ns
[2020-04-26T18:15:41.248+0000][1][safepoint    ] Safepoint "Cleanup", Time since last: 1000442500 ns, Reaching safepoint: 436200 ns, At safepoint: 132100 ns, Total: 568300 ns
[2020-04-26T18:15:42.249+0000][1][safepoint    ] Safepoint "Cleanup", Time since last: 1000493500 ns, Reaching safepoint: 431100 ns, At safepoint: 137900 ns, Total: 569000 ns
[2020-04-26T18:15:43.250+0000][1][safepoint    ] Safepoint "Cleanup", Time since last: 1000619100 ns, Reaching safepoint: 466500 ns, At safepoint: 138700 ns, Total: 605200 ns
[2020-04-26T18:15:44.251+0000][1][safepoint    ] Safepoint "Cleanup", Time since last: 1000402500 ns, Reaching safepoint: 440700 ns, At safepoint: 132900 ns, Total: 573600 ns
[2020-04-26T18:15:45.252+0000][1][safepoint    ] Safepoint "Cleanup", Time since last: 1000343500 ns, Reaching safepoint: 209700 ns, At safepoint: 59600 ns, Total: 269300 ns
[2020-04-26T18:15:46.253+0000][1][safepoint    ] Safepoint "Cleanup", Time since last: 1000303000 ns, Reaching safepoint: 340800 ns, At safepoint: 90300 ns, Total: 431100 ns
[2020-04-26T18:15:47.254+0000][1][safepoint    ] Safepoint "Cleanup", Time since last: 1000423100 ns, Reaching safepoint: 443900 ns, At safepoint: 148600 ns, Total: 592500 ns
[2020-04-26T18:15:48.255+0000][1][safepoint    ] Safepoint "Cleanup", Time since last: 1000389900 ns, Reaching safepoint: 458200 ns, At safepoint: 137600 ns, Total: 595800 ns
[2020-04-26T18:15:49.256+0000][1][safepoint    ] Safepoint "Cleanup", Time since last: 1000580300 ns, Reaching safepoint: 332800 ns, At safepoint: 105500 ns, Total: 438300 ns
[2020-04-26T18:15:50.149+0000][1][safepoint    ] Safepoint "RevokeBias", Time since last: 892674700 ns, Reaching safepoint: 355400 ns, At safepoint: 99800 ns, Total: 455200 ns
[2020-04-26T18:15:50.150+0000][1][safepoint    ] Safepoint "RevokeBias", Time since last: 331500 ns, Reaching safepoint: 250400 ns, At safepoint: 62200 ns, Total: 312600 ns
[2020-04-26T18:15:50.155+0000][1][safepoint    ] Safepoint "RevokeBias", Time since last: 4679100 ns, Reaching safepoint: 247300 ns, At safepoint: 92900 ns, Total: 340200 ns
[2020-04-26T18:15:50.155+0000][1][safepoint    ] Safepoint "RevokeBias", Time since last: 351300 ns, Reaching safepoint: 275500 ns, At safepoint: 76400 ns, Total: 351900 ns
[2020-04-26T18:15:51.158+0000][1][safepoint    ] Safepoint "Cleanup", Time since last: 1002121700 ns, Reaching safepoint: 166400 ns, At safepoint: 42100 ns, Total: 208500 ns
[2020-04-26T18:15:52.158+0000][1][safepoint    ] Safepoint "Cleanup", Time since last: 1000164100 ns, Reaching safepoint: 128300 ns, At safepoint: 25500 ns, Total: 153800 ns
[2020-04-26T18:15:53.159+0000][1][safepoint    ] Safepoint "Cleanup", Time since last: 1000544500 ns, Reaching safepoint: 431900 ns, At safepoint: 132500 ns, Total: 564400 ns
[2020-04-26T18:15:54.160+0000][1][safepoint    ] Safepoint "Cleanup", Time since last: 1000406600 ns, Reaching safepoint: 521200 ns, At safepoint: 226100 ns, Total: 747300 ns
[2020-04-26T18:15:55.161+0000][1][safepoint    ] Safepoint "Cleanup", Time since last: 1000373600 ns, Reaching safepoint: 434500 ns, At safepoint: 129300 ns, Total: 563800 ns
[2020-04-26T18:15:56.162+0000][1][safepoint    ] Safepoint "Cleanup", Time since last: 1000439500 ns, Reaching safepoint: 148500 ns, At safepoint: 35900 ns, Total: 184400 ns
[2020-04-26T18:15:57.162+0000][1][safepoint    ] Safepoint "Cleanup", Time since last: 1000116300 ns, Reaching safepoint: 143400 ns, At safepoint: 31600 ns, Total: 175000 ns
[2020-04-26T18:15:58.162+0000][1][safepoint    ] Safepoint "Cleanup", Time since last: 1000182100 ns, Reaching safepoint: 152000 ns, At safepoint: 32700 ns, Total: 184700 ns
[2020-04-26T18:15:59.163+0000][1][safepoint    ] Safepoint "Cleanup", Time since last: 1000374900 ns, Reaching safepoint: 462100 ns, At safepoint: 138500 ns, Total: 600600 ns
[2020-04-26T18:16:00.164+0000][1][safepoint    ] Safepoint "Cleanup", Time since last: 1000343900 ns, Reaching safepoint: 405300 ns, At safepoint: 72800 ns, Total: 478100 ns
[2020-04-26T18:16:01.165+0000][1][safepoint    ] Safepoint "Cleanup", Time since last: 1000164700 ns, Reaching safepoint: 173900 ns, At safepoint: 36200 ns, Total: 210100 ns
[2020-04-26T18:16:02.166+0000][1][safepoint    ] Safepoint "Cleanup", Time since last: 1000609900 ns, Reaching safepoint: 455900 ns, At safepoint: 364600 ns, Total: 820500 ns
[2020-04-26T18:16:03.167+0000][1][safepoint    ] Safepoint "Cleanup", Time since last: 1000363500 ns, Reaching safepoint: 488300 ns, At safepoint: 109700 ns, Total: 598000 ns
[2020-04-26T18:16:04.168+0000][1][safepoint    ] Safepoint "Cleanup", Time since last: 1000793700 ns, Reaching safepoint: 455800 ns, At safepoint: 152300 ns, Total: 608100 ns
[2020-04-26T18:16:05.170+0000][1][safepoint    ] Safepoint "Cleanup", Time since last: 1000675500 ns, Reaching safepoint: 455200 ns, At safepoint: 138500 ns, Total: 593700 ns
[2020-04-26T18:16:06.171+0000][1][safepoint    ] Safepoint "Cleanup", Time since last: 1000718900 ns, Reaching safepoint: 438600 ns, At safepoint: 126600 ns, Total: 565200 ns
[2020-04-26T18:16:07.172+0000][1][safepoint    ] Safepoint "Cleanup", Time since last: 1000399900 ns, Reaching safepoint: 193900 ns, At safepoint: 38200 ns, Total: 232100 ns
[2020-04-26T18:16:08.173+0000][1][safepoint    ] Safepoint "Cleanup", Time since last: 1000528700 ns, Reaching safepoint: 519300 ns, At safepoint: 206600 ns, Total: 725900 ns
[2020-04-26T18:16:09.174+0000][1][safepoint    ] Safepoint "Cleanup", Time since last: 1000600800 ns, Reaching safepoint: 434700 ns, At safepoint: 134800 ns, Total: 569500 ns
[2020-04-26T18:16:10.175+0000][1][safepoint    ] Safepoint "Cleanup", Time since last: 1000385900 ns, Reaching safepoint: 458500 ns, At safepoint: 189300 ns, Total: 647800 ns
[2020-04-26T18:16:11.176+0000][1][safepoint    ] Safepoint "Cleanup", Time since last: 1000523600 ns, Reaching safepoint: 242200 ns, At safepoint: 69800 ns, Total: 312000 ns
[2020-04-26T18:16:12.176+0000][1][safepoint    ] Safepoint "Cleanup", Time since last: 1000344100 ns, Reaching safepoint: 152800 ns, At safepoint: 33600 ns, Total: 186400 ns
[2020-04-26T18:16:13.177+0000][1][safepoint    ] Safepoint "Cleanup", Time since last: 1000492900 ns, Reaching safepoint: 167300 ns, At safepoint: 49200 ns, Total: 216500 ns
[2020-04-26T18:16:14.178+0000][1][safepoint    ] Safepoint "Cleanup", Time since last: 1000382800 ns, Reaching safepoint: 453600 ns, At safepoint: 136600 ns, Total: 590200 ns
[2020-04-26T18:16:15.179+0000][1][safepoint    ] Safepoint "Cleanup", Time since last: 1000351100 ns, Reaching safepoint: 433800 ns, At safepoint: 132700 ns, Total: 566500 ns
[2020-04-26T18:16:16.180+0000][1][safepoint    ] Safepoint "Cleanup", Time since last: 1000384700 ns, Reaching safepoint: 433700 ns, At safepoint: 152000 ns, Total: 585700 ns
[2020-04-26T18:16:17.181+0000][1][safepoint    ] Safepoint "Cleanup", Time since last: 1000463700 ns, Reaching safepoint: 437400 ns, At safepoint: 129300 ns, Total: 566700 ns
[2020-04-26T18:16:18.182+0000][1][safepoint    ] Safepoint "Cleanup", Time since last: 1000608600 ns, Reaching safepoint: 524000 ns, At safepoint: 132900 ns, Total: 656900 ns
[2020-04-26T18:16:19.183+0000][1][safepoint    ] Safepoint "Cleanup", Time since last: 1000522200 ns, Reaching safepoint: 157900 ns, At safepoint: 38800 ns, Total: 196700 ns
[2020-04-26T18:16:20.184+0000][1][safepoint    ] Safepoint "Cleanup", Time since last: 1000542800 ns, Reaching safepoint: 527700 ns, At safepoint: 136900 ns, Total: 664600 ns
[2020-04-26T18:16:21.185+0000][1][safepoint    ] Safepoint "Cleanup", Time since last: 1000325700 ns, Reaching safepoint: 254000 ns, At safepoint: 70300 ns, Total: 324300 ns
[2020-04-26T18:16:22.185+0000][1][safepoint    ] Safepoint "Cleanup", Time since last: 1000196000 ns, Reaching safepoint: 138800 ns, At safepoint: 31700 ns, Total: 170500 ns
[2020-04-26T18:16:23.186+0000][1][safepoint    ] Safepoint "Cleanup", Time since last: 1000576800 ns, Reaching safepoint: 158900 ns, At safepoint: 44000 ns, Total: 202900 ns
[2020-04-26T18:16:24.186+0000][1][safepoint    ] Safepoint "Cleanup", Time since last: 1000130000 ns, Reaching safepoint: 154400 ns, At safepoint: 32800 ns, Total: 187200 ns
[2020-04-26T18:16:25.187+0000][1][safepoint    ] Safepoint "Cleanup", Time since last: 1000110900 ns, Reaching safepoint: 136000 ns, At safepoint: 29700 ns, Total: 165700 ns
[2020-04-26T18:16:26.187+0000][1][safepoint    ] Safepoint "Cleanup", Time since last: 1000123000 ns, Reaching safepoint: 147400 ns, At safepoint: 14100 ns, Total: 161500 ns
[2020-04-26T18:16:27.187+0000][1][safepoint    ] Safepoint "Cleanup", Time since last: 1000113500 ns, Reaching safepoint: 138600 ns, At safepoint: 28800 ns, Total: 167400 ns
[2020-04-26T18:16:28.188+0000][1][safepoint    ] Safepoint "Cleanup", Time since last: 1000613800 ns, Reaching safepoint: 455700 ns, At safepoint: 139700 ns, Total: 595400 ns
[2020-04-26T18:16:29.189+0000][1][safepoint    ] Safepoint "Cleanup", Time since last: 1000200900 ns, Reaching safepoint: 234700 ns, At safepoint: 41200 ns, Total: 275900 ns
[2020-04-26T18:16:30.189+0000][1][safepoint    ] Safepoint "Cleanup", Time since last: 1000145000 ns, Reaching safepoint: 216600 ns, At safepoint: 44000 ns, Total: 260600 ns
[2020-04-26T18:16:31.190+0000][1][safepoint    ] Safepoint "Cleanup", Time since last: 1000140700 ns, Reaching safepoint: 171200 ns, At safepoint: 32500 ns, Total: 203700 ns
[2020-04-26T18:16:32.190+0000][1][safepoint    ] Safepoint "Cleanup", Time since last: 1000119800 ns, Reaching safepoint: 231500 ns, At safepoint: 62100 ns, Total: 293600 ns
[2020-04-26T18:16:33.190+0000][1][safepoint    ] Safepoint "Cleanup", Time since last: 1000155200 ns, Reaching safepoint: 149900 ns, At safepoint: 33800 ns, Total: 183700 ns
[2020-04-26T18:16:34.191+0000][1][safepoint    ] Safepoint "Cleanup", Time since last: 1000143800 ns, Reaching safepoint: 279700 ns, At safepoint: 67300 ns, Total: 347000 ns
[2020-04-26T18:16:35.191+0000][1][safepoint    ] Safepoint "Cleanup", Time since last: 1000197400 ns, Reaching safepoint: 186000 ns, At safepoint: 39600 ns, Total: 225600 ns
[2020-04-26T18:16:36.192+0000][1][safepoint    ] Safepoint "Cleanup", Time since last: 1000143000 ns, Reaching safepoint: 199200 ns, At safepoint: 61400 ns, Total: 260600 ns
[2020-04-26T18:16:37.192+0000][1][safepoint    ] Safepoint "Cleanup", Time since last: 1000189800 ns, Reaching safepoint: 208700 ns, At safepoint: 34900 ns, Total: 243600 ns
[2020-04-26T18:16:38.247+0000][1][safepoint    ] Safepoint "Cleanup", Time since last: 1054666900 ns, Reaching safepoint: 292700 ns, At safepoint: 39500 ns, Total: 332200 ns
[2020-04-26T18:16:39.247+0000][1][safepoint    ] Safepoint "Cleanup", Time since last: 1000131200 ns, Reaching safepoint: 188300 ns, At safepoint: 26000 ns, Total: 214300 ns
[2020-04-26T18:16:40.248+0000][1][safepoint    ] Safepoint "Cleanup", Time since last: 1000148100 ns, Reaching safepoint: 136800 ns, At safepoint: 29000 ns, Total: 165800 ns
[2020-04-26T18:16:41.248+0000][1][safepoint    ] Safepoint "Cleanup", Time since last: 1000148400 ns, Reaching safepoint: 206900 ns, At safepoint: 34100 ns, Total: 241000 ns
[2020-04-26T18:16:42.249+0000][1][safepoint    ] Safepoint "Cleanup", Time since last: 1000132000 ns, Reaching safepoint: 254800 ns, At safepoint: 46500 ns, Total: 301300 ns
[2020-04-26T18:16:43.249+0000][1][safepoint    ] Safepoint "Cleanup", Time since last: 1000137400 ns, Reaching safepoint: 192800 ns, At safepoint: 35300 ns, Total: 228100 ns
[2020-04-26T18:16:44.249+0000][1][safepoint    ] Safepoint "Cleanup", Time since last: 1000149900 ns, Reaching safepoint: 175400 ns, At safepoint: 36800 ns, Total: 212200 ns
[2020-04-26T18:16:45.250+0000][1][safepoint    ] Safepoint "Cleanup", Time since last: 1000135800 ns, Reaching safepoint: 196600 ns, At safepoint: 44800 ns, Total: 241400 ns
[2020-04-26T18:16:46.250+0000][1][safepoint    ] Safepoint "Cleanup", Time since last: 1000146800 ns, Reaching safepoint: 170800 ns, At safepoint: 46900 ns, Total: 217700 ns
[2020-04-26T18:16:47.250+0000][1][safepoint    ] Safepoint "Cleanup", Time since last: 1000129600 ns, Reaching safepoint: 159800 ns, At safepoint: 33000 ns, Total: 192800 ns
[2020-04-26T18:16:48.251+0000][1][safepoint    ] Safepoint "Cleanup", Time since last: 1000288300 ns, Reaching safepoint: 514400 ns, At safepoint: 98600 ns, Total: 613000 ns
[2020-04-26T18:16:49.252+0000][1][safepoint    ] Safepoint "Cleanup", Time since last: 1000266800 ns, Reaching safepoint: 304200 ns, At safepoint: 85200 ns, Total: 389400 ns
[2020-04-26T18:16:50.252+0000][1][safepoint    ] Safepoint "Cleanup", Time since last: 1000176100 ns, Reaching safepoint: 252800 ns, At safepoint: 70100 ns, Total: 322900 ns
[2020-04-26T18:16:51.253+0000][1][safepoint    ] Safepoint "Cleanup", Time since last: 1000271100 ns, Reaching safepoint: 137500 ns, At safepoint: 25600 ns, Total: 163100 ns
[2020-04-26T18:16:52.153+0000][1][safepoint    ] Safepoint "RevokeBias", Time since last: 899596500 ns, Reaching safepoint: 294900 ns, At safepoint: 116200 ns, Total: 411100 ns
[2020-04-26T18:16:52.153+0000][1][safepoint    ] Safepoint "RevokeBias", Time since last: 67400 ns, Reaching safepoint: 210300 ns, At safepoint: 116000 ns, Total: 326300 ns
[2020-04-26T18:16:52.154+0000][1][safepoint    ] Safepoint "RevokeBias", Time since last: 49900 ns, Reaching safepoint: 217200 ns, At safepoint: 113600 ns, Total: 330800 ns
[2020-04-26T18:16:52.162+0000][1][safepoint    ] Safepoint "RevokeBias", Time since last: 7666000 ns, Reaching safepoint: 629200 ns, At safepoint: 252500 ns, Total: 881700 ns
[2020-04-26T18:16:52.164+0000][1][safepoint    ] Safepoint "RevokeBias", Time since last: 447300 ns, Reaching safepoint: 809500 ns, At safepoint: 405200 ns, Total: 1214700 ns
[2020-04-26T18:16:52.165+0000][1][safepoint    ] Safepoint "RevokeBias", Time since last: 197700 ns, Reaching safepoint: 694200 ns, At safepoint: 203900 ns, Total: 898100 ns
[2020-04-26T18:16:53.165+0000][1][safepoint    ] Safepoint "Cleanup", Time since last: 1000152500 ns, Reaching safepoint: 145800 ns, At safepoint: 37300 ns, Total: 183100 ns
[2020-04-26T18:16:54.166+0000][1][safepoint    ] Safepoint "Cleanup", Time since last: 1000121200 ns, Reaching safepoint: 159000 ns, At safepoint: 27600 ns, Total: 186600 ns
[2020-04-26T18:16:55.166+0000][1][safepoint    ] Safepoint "Cleanup", Time since last: 1000123200 ns, Reaching safepoint: 166600 ns, At safepoint: 35300 ns, Total: 201900 ns
[2020-04-26T18:16:56.166+0000][1][safepoint    ] Safepoint "Cleanup", Time since last: 1000127800 ns, Reaching safepoint: 153300 ns, At safepoint: 28900 ns, Total: 182200 ns
[2020-04-26T18:16:57.167+0000][1][safepoint    ] Safepoint "Cleanup", Time since last: 1000159400 ns, Reaching safepoint: 178700 ns, At safepoint: 33500 ns, Total: 212200 ns
[2020-04-26T18:16:58.167+0000][1][safepoint    ] Safepoint "Cleanup", Time since last: 1000136200 ns, Reaching safepoint: 252500 ns, At safepoint: 84000 ns, Total: 336500 ns
[2020-04-26T18:16:59.167+0000][1][safepoint    ] Safepoint "Cleanup", Time since last: 1000197200 ns, Reaching safepoint: 206300 ns, At safepoint: 40400 ns, Total: 246700 ns
[2020-04-26T18:17:00.168+0000][1][safepoint    ] Safepoint "Cleanup", Time since last: 1000160600 ns, Reaching safepoint: 346200 ns, At safepoint: 61500 ns, Total: 407700 ns
[2020-04-26T18:17:01.169+0000][1][safepoint    ] Safepoint "Cleanup", Time since last: 1000181700 ns, Reaching safepoint: 327400 ns, At safepoint: 72100 ns, Total: 399500 ns
[2020-04-26T18:17:02.169+0000][1][safepoint    ] Safepoint "Cleanup", Time since last: 1000149600 ns, Reaching safepoint: 157700 ns, At safepoint: 27600 ns, Total: 185300 ns
[2020-04-26T18:17:03.169+0000][1][safepoint    ] Safepoint "Cleanup", Time since last: 1000151000 ns, Reaching safepoint: 259600 ns, At safepoint: 36600 ns, Total: 296200 ns
[2020-04-26T18:17:04.170+0000][1][safepoint    ] Safepoint "Cleanup", Time since last: 1000114300 ns, Reaching safepoint: 185000 ns, At safepoint: 29900 ns, Total: 214900 ns
[2020-04-26T18:17:05.170+0000][1][safepoint    ] Safepoint "Cleanup", Time since last: 1000158900 ns, Reaching safepoint: 288900 ns, At safepoint: 34200 ns, Total: 323100 ns
[2020-04-26T18:17:06.171+0000][1][safepoint    ] Safepoint "Cleanup", Time since last: 1000157000 ns, Reaching safepoint: 257300 ns, At safepoint: 52800 ns, Total: 310100 ns
[2020-04-26T18:17:07.171+0000][1][safepoint    ] Safepoint "Cleanup", Time since last: 1000158900 ns, Reaching safepoint: 351400 ns, At safepoint: 46500 ns, Total: 397900 ns
[2020-04-26T18:17:08.270+0000][1][safepoint    ] Safepoint "Cleanup", Time since last: 1098999900 ns, Reaching safepoint: 150000 ns, At safepoint: 29100 ns, Total: 179100 ns
[2020-04-26T18:17:09.271+0000][1][safepoint    ] Safepoint "Cleanup", Time since last: 1000123000 ns, Reaching safepoint: 189500 ns, At safepoint: 30200 ns, Total: 219700 ns
[2020-04-26T18:17:10.271+0000][1][safepoint    ] Safepoint "Cleanup", Time since last: 1000127800 ns, Reaching safepoint: 321800 ns, At safepoint: 43300 ns, Total: 365100 ns
[2020-04-26T18:17:11.272+0000][1][safepoint    ] Safepoint "Cleanup", Time since last: 1000145800 ns, Reaching safepoint: 152400 ns, At safepoint: 35800 ns, Total: 188200 ns
[2020-04-26T18:17:12.273+0000][1][safepoint    ] Safepoint "Cleanup", Time since last: 1000242900 ns, Reaching safepoint: 581300 ns, At safepoint: 144000 ns, Total: 725300 ns
[2020-04-26T18:17:13.273+0000][1][safepoint    ] Safepoint "Cleanup", Time since last: 1000222200 ns, Reaching safepoint: 200500 ns, At safepoint: 27400 ns, Total: 227900 ns
[2020-04-26T18:17:14.273+0000][1][safepoint    ] Safepoint "Cleanup", Time since last: 1000140300 ns, Reaching safepoint: 272500 ns, At safepoint: 30700 ns, Total: 303200 ns
[2020-04-26T18:17:15.274+0000][1][safepoint    ] Safepoint "Cleanup", Time since last: 1000117500 ns, Reaching safepoint: 141300 ns, At safepoint: 27700 ns, Total: 169000 ns
[2020-04-26T18:17:16.274+0000][1][safepoint    ] Safepoint "Cleanup", Time since last: 1000153800 ns, Reaching safepoint: 401200 ns, At safepoint: 51600 ns, Total: 452800 ns
[2020-04-26T18:17:17.275+0000][1][safepoint    ] Safepoint "Cleanup", Time since last: 1000172000 ns, Reaching safepoint: 198700 ns, At safepoint: 83500 ns, Total: 282200 ns
[2020-04-26T18:17:18.275+0000][1][safepoint    ] Safepoint "Cleanup", Time since last: 1000123500 ns, Reaching safepoint: 163200 ns, At safepoint: 55500 ns, Total: 218700 ns
[2020-04-26T18:17:19.275+0000][1][safepoint    ] Safepoint "Cleanup", Time since last: 1000111600 ns, Reaching safepoint: 176500 ns, At safepoint: 64700 ns, Total: 241200 ns
[2020-04-26T18:17:20.276+0000][1][safepoint    ] Safepoint "Cleanup", Time since last: 1000120100 ns, Reaching safepoint: 158100 ns, At safepoint: 29400 ns, Total: 187500 ns
[2020-04-26T18:17:21.276+0000][1][safepoint    ] Safepoint "Cleanup", Time since last: 1000113600 ns, Reaching safepoint: 143400 ns, At safepoint: 29500 ns, Total: 172900 ns
[2020-04-26T18:17:22.276+0000][1][safepoint    ] Safepoint "Cleanup", Time since last: 1000114500 ns, Reaching safepoint: 182400 ns, At safepoint: 37600 ns, Total: 220000 ns
[2020-04-26T18:17:23.592+0000][1][safepoint    ] Safepoint "Cleanup", Time since last: 1314915800 ns, Reaching safepoint: 403000 ns, At safepoint: 96000 ns, Total: 499000 ns
[2020-04-26T18:17:24.592+0000][1][safepoint    ] Safepoint "Cleanup", Time since last: 1000171300 ns, Reaching safepoint: 241900 ns, At safepoint: 58200 ns, Total: 300100 ns
[2020-04-26T18:17:25.593+0000][1][safepoint    ] Safepoint "Cleanup", Time since last: 1000151700 ns, Reaching safepoint: 327700 ns, At safepoint: 44200 ns, Total: 371900 ns
[2020-04-26T18:17:26.593+0000][1][safepoint    ] Safepoint "Cleanup", Time since last: 1000131200 ns, Reaching safepoint: 157400 ns, At safepoint: 30500 ns, Total: 187900 ns
[2020-04-26T18:17:27.594+0000][1][safepoint    ] Safepoint "Cleanup", Time since last: 1000163100 ns, Reaching safepoint: 250200 ns, At safepoint: 62100 ns, Total: 312300 ns
[2020-04-26T18:17:28.594+0000][1][safepoint    ] Safepoint "Cleanup", Time since last: 1000147400 ns, Reaching safepoint: 320000 ns, At safepoint: 53000 ns, Total: 373000 ns
[2020-04-26T18:17:29.594+0000][1][safepoint    ] Safepoint "Cleanup", Time since last: 1000137900 ns, Reaching safepoint: 155700 ns, At safepoint: 32600 ns, Total: 188300 ns
[2020-04-26T18:17:30.595+0000][1][safepoint    ] Safepoint "Cleanup", Time since last: 1000133800 ns, Reaching safepoint: 197400 ns, At safepoint: 60500 ns, Total: 257900 ns
[2020-04-26T18:17:31.595+0000][1][safepoint    ] Safepoint "Cleanup", Time since last: 1000140600 ns, Reaching safepoint: 274500 ns, At safepoint: 43200 ns, Total: 317700 ns
[2020-04-26T18:17:32.596+0000][1][safepoint    ] Safepoint "Cleanup", Time since last: 1000143800 ns, Reaching safepoint: 320400 ns, At safepoint: 41100 ns, Total: 361500 ns
[2020-04-26T18:17:33.596+0000][1][safepoint    ] Safepoint "Cleanup", Time since last: 1000128300 ns, Reaching safepoint: 158100 ns, At safepoint: 32200 ns, Total: 190300 ns
[2020-04-26T18:17:34.596+0000][1][safepoint    ] Safepoint "Cleanup", Time since last: 1000139500 ns, Reaching safepoint: 156100 ns, At safepoint: 36100 ns, Total: 192200 ns
[2020-04-26T18:17:35.597+0000][1][safepoint    ] Safepoint "Cleanup", Time since last: 1000122700 ns, Reaching safepoint: 155400 ns, At safepoint: 33500 ns, Total: 188900 ns
[2020-04-26T18:17:36.597+0000][1][safepoint    ] Safepoint "Cleanup", Time since last: 1000132500 ns, Reaching safepoint: 167500 ns, At safepoint: 38000 ns, Total: 205500 ns
[2020-04-26T18:17:38.249+0000][1][safepoint    ] Safepoint "Cleanup", Time since last: 1651680200 ns, Reaching safepoint: 165500 ns, At safepoint: 35700 ns, Total: 201200 ns
[2020-04-26T18:17:39.249+0000][1][safepoint    ] Safepoint "Cleanup", Time since last: 1000128600 ns, Reaching safepoint: 286200 ns, At safepoint: 40400 ns, Total: 326600 ns
[2020-04-26T18:17:40.250+0000][1][safepoint    ] Safepoint "Cleanup", Time since last: 1000128000 ns, Reaching safepoint: 210800 ns, At safepoint: 45600 ns, Total: 256400 ns
[2020-04-26T18:17:41.250+0000][1][safepoint    ] Safepoint "Cleanup", Time since last: 1000141900 ns, Reaching safepoint: 280800 ns, At safepoint: 49400 ns, Total: 330200 ns
[2020-04-26T18:17:42.251+0000][1][safepoint    ] Safepoint "Cleanup", Time since last: 1000167100 ns, Reaching safepoint: 203000 ns, At safepoint: 36200 ns, Total: 239200 ns
[2020-04-26T18:17:43.251+0000][1][safepoint    ] Safepoint "Cleanup", Time since last: 1000170000 ns, Reaching safepoint: 166200 ns, At safepoint: 38600 ns, Total: 204800 ns
[2020-04-26T18:17:44.251+0000][1][safepoint    ] Safepoint "Cleanup", Time since last: 1000146300 ns, Reaching safepoint: 154100 ns, At safepoint: 32300 ns, Total: 186400 ns
[2020-04-26T18:17:45.252+0000][1][safepoint    ] Safepoint "Cleanup", Time since last: 1000134200 ns, Reaching safepoint: 245500 ns, At safepoint: 40700 ns, Total: 286200 ns
[2020-04-26T18:17:46.252+0000][1][safepoint    ] Safepoint "Cleanup", Time since last: 1000106900 ns, Reaching safepoint: 157200 ns, At safepoint: 54800 ns, Total: 212000 ns
[2020-04-26T18:17:47.253+0000][1][safepoint    ] Safepoint "Cleanup", Time since last: 1000150300 ns, Reaching safepoint: 331700 ns, At safepoint: 43300 ns, Total: 375000 ns
[2020-04-26T18:17:48.253+0000][1][safepoint    ] Safepoint "Cleanup", Time since last: 1000142200 ns, Reaching safepoint: 157400 ns, At safepoint: 35900 ns, Total: 193300 ns
[2020-04-26T18:17:49.253+0000][1][safepoint    ] Safepoint "Cleanup", Time since last: 1000143200 ns, Reaching safepoint: 274700 ns, At safepoint: 39900 ns, Total: 314600 ns
[2020-04-26T18:17:50.254+0000][1][safepoint    ] Safepoint "Cleanup", Time since last: 1000143200 ns, Reaching safepoint: 205900 ns, At safepoint: 31600 ns, Total: 237500 ns
[2020-04-26T18:17:51.254+0000][1][safepoint    ] Safepoint "Cleanup", Time since last: 1000115000 ns, Reaching safepoint: 147800 ns, At safepoint: 31500 ns, Total: 179300 ns
[2020-04-26T18:17:52.254+0000][1][safepoint    ] Safepoint "Cleanup", Time since last: 1000122700 ns, Reaching safepoint: 153600 ns, At safepoint: 33100 ns, Total: 186700 ns
[2020-04-26T18:17:53.145+0000][1][safepoint    ] Safepoint "RevokeBias", Time since last: 890321800 ns, Reaching safepoint: 163100 ns, At safepoint: 81500 ns, Total: 244600 ns
[2020-04-26T18:17:53.145+0000][1][safepoint    ] Safepoint "RevokeBias", Time since last: 59700 ns, Reaching safepoint: 182100 ns, At safepoint: 91800 ns, Total: 273900 ns
[2020-04-26T18:17:53.146+0000][1][safepoint    ] Safepoint "RevokeBias", Time since last: 49900 ns, Reaching safepoint: 185600 ns, At safepoint: 70000 ns, Total: 255600 ns
[2020-04-26T18:17:53.152+0000][1][safepoint    ] Safepoint "RevokeBias", Time since last: 6255000 ns, Reaching safepoint: 212100 ns, At safepoint: 87400 ns, Total: 299500 ns
[2020-04-26T18:17:53.153+0000][1][safepoint    ] Safepoint "RevokeBias", Time since last: 141300 ns, Reaching safepoint: 193200 ns, At safepoint: 73400 ns, Total: 266600 ns
[2020-04-26T18:17:54.153+0000][1][safepoint    ] Safepoint "Cleanup", Time since last: 1000182800 ns, Reaching safepoint: 156400 ns, At safepoint: 35000 ns, Total: 191400 ns
[2020-04-26T18:17:55.153+0000][1][safepoint    ] Safepoint "Cleanup", Time since last: 1000138900 ns, Reaching safepoint: 204200 ns, At safepoint: 38200 ns, Total: 242400 ns
[2020-04-26T18:17:56.154+0000][1][safepoint    ] Safepoint "Cleanup", Time since last: 1000146200 ns, Reaching safepoint: 202000 ns, At safepoint: 35900 ns, Total: 237900 ns
[2020-04-26T18:17:57.154+0000][1][safepoint    ] Safepoint "Cleanup", Time since last: 1000196300 ns, Reaching safepoint: 149300 ns, At safepoint: 31000 ns, Total: 180300 ns
[2020-04-26T18:17:58.155+0000][1][safepoint    ] Safepoint "Cleanup", Time since last: 1000128700 ns, Reaching safepoint: 230600 ns, At safepoint: 63000 ns, Total: 293600 ns
[2020-04-26T18:17:59.155+0000][1][safepoint    ] Safepoint "Cleanup", Time since last: 1000135400 ns, Reaching safepoint: 173400 ns, At safepoint: 30900 ns, Total: 204300 ns
[2020-04-26T18:18:00.156+0000][1][safepoint    ] Safepoint "Cleanup", Time since last: 1000156600 ns, Reaching safepoint: 608700 ns, At safepoint: 53100 ns, Total: 661800 ns
[2020-04-26T18:18:01.156+0000][1][safepoint    ] Safepoint "Cleanup", Time since last: 1000241200 ns, Reaching safepoint: 198800 ns, At safepoint: 33200 ns, Total: 232000 ns
[2020-04-26T18:18:02.157+0000][1][safepoint    ] Safepoint "Cleanup", Time since last: 1000144100 ns, Reaching safepoint: 197800 ns, At safepoint: 75800 ns, Total: 273600 ns
[2020-04-26T18:18:03.157+0000][1][safepoint    ] Safepoint "Cleanup", Time since last: 1000132700 ns, Reaching safepoint: 174500 ns, At safepoint: 38400 ns, Total: 212900 ns
[2020-04-26T18:18:04.157+0000][1][safepoint    ] Safepoint "Cleanup", Time since last: 1000130900 ns, Reaching safepoint: 159700 ns, At safepoint: 33000 ns, Total: 192700 ns
[2020-04-26T18:18:05.158+0000][1][safepoint    ] Safepoint "Cleanup", Time since last: 1000158700 ns, Reaching safepoint: 151900 ns, At safepoint: 33400 ns, Total: 185300 ns
[2020-04-26T18:18:06.158+0000][1][safepoint    ] Safepoint "Cleanup", Time since last: 1000139200 ns, Reaching safepoint: 153700 ns, At safepoint: 36000 ns, Total: 189700 ns
[2020-04-26T18:18:07.158+0000][1][safepoint    ] Safepoint "Cleanup", Time since last: 1000138300 ns, Reaching safepoint: 166900 ns, At safepoint: 35200 ns, Total: 202100 ns
[2020-04-26T18:18:08.249+0000][1][safepoint    ] Safepoint "Cleanup", Time since last: 1090864600 ns, Reaching safepoint: 151100 ns, At safepoint: 34900 ns, Total: 186000 ns
[2020-04-26T18:18:09.250+0000][1][safepoint    ] Safepoint "Cleanup", Time since last: 1000133500 ns, Reaching safepoint: 221400 ns, At safepoint: 32900 ns, Total: 254300 ns
[2020-04-26T18:18:10.250+0000][1][safepoint    ] Safepoint "Cleanup", Time since last: 1000115800 ns, Reaching safepoint: 151500 ns, At safepoint: 33700 ns, Total: 185200 ns
[2020-04-26T18:18:11.251+0000][1][safepoint    ] Safepoint "Cleanup", Time since last: 1000343400 ns, Reaching safepoint: 479000 ns, At safepoint: 105800 ns, Total: 584800 ns
[2020-04-26T18:18:12.251+0000][1][safepoint    ] Safepoint "Cleanup", Time since last: 1000234000 ns, Reaching safepoint: 180600 ns, At safepoint: 34500 ns, Total: 215100 ns
[2020-04-26T18:18:12.399+0000][1][gc,start     ] GC(76) Pause Young (Allocation Failure)
[2020-04-26T18:18:12.399+0000][1][gc,task      ] GC(76) Using 10 workers of 10 for evacuation
[2020-04-26T18:18:12.403+0000][1][gc,age       ] GC(76) Desired survivor size 8945664 bytes, new threshold 6 (max threshold 6)
[2020-04-26T18:18:12.404+0000][1][gc,age       ] GC(76) Age table with threshold 6 (max threshold 6)
[2020-04-26T18:18:12.404+0000][1][gc,age       ] GC(76) - age   1:      67840 bytes,      67840 total
[2020-04-26T18:18:12.404+0000][1][gc,age       ] GC(76) - age   2:        920 bytes,      68760 total
[2020-04-26T18:18:12.404+0000][1][gc,age       ] GC(76) - age   3:        648 bytes,      69408 total
[2020-04-26T18:18:12.404+0000][1][gc,age       ] GC(76) - age   4:       7328 bytes,      76736 total
[2020-04-26T18:18:12.404+0000][1][gc,age       ] GC(76) - age   6:        560 bytes,      77296 total
[2020-04-26T18:18:12.404+0000][1][gc,heap      ] GC(76) ParNew: 139877K->92K(157248K)
[2020-04-26T18:18:12.404+0000][1][gc,heap      ] GC(76) CMS: 88666K->88668K(349568K)
[2020-04-26T18:18:12.404+0000][1][gc,metaspace ] GC(76) Metaspace: 99649K->99649K(1140736K)
[2020-04-26T18:18:12.404+0000][1][gc           ] GC(76) Pause Young (Allocation Failure) 223M->86M(494M) 5.245ms
[2020-04-26T18:18:12.404+0000][1][gc,cpu       ] GC(76) User=0.01s Sys=0.00s Real=0.01s
[2020-04-26T18:18:12.404+0000][1][safepoint    ] Safepoint "GenCollectForAllocation", Time since last: 146890200 ns, Reaching safepoint: 377000 ns, At safepoint: 5650200 ns, Total: 6027200 ns
[2020-04-26T18:18:13.405+0000][1][safepoint    ] Safepoint "Cleanup", Time since last: 1000182300 ns, Reaching safepoint: 280700 ns, At safepoint: 55000 ns, Total: 335700 ns
[2020-04-26T18:18:14.405+0000][1][safepoint    ] Safepoint "Cleanup", Time since last: 1000161800 ns, Reaching safepoint: 206500 ns, At safepoint: 34900 ns, Total: 241400 ns
[2020-04-26T18:18:15.406+0000][1][safepoint    ] Safepoint "Cleanup", Time since last: 1000158200 ns, Reaching safepoint: 330600 ns, At safepoint: 50200 ns, Total: 380800 ns
[2020-04-26T18:18:16.406+0000][1][safepoint    ] Safepoint "Cleanup", Time since last: 1000208100 ns, Reaching safepoint: 181400 ns, At safepoint: 35800 ns, Total: 217200 ns
[2020-04-26T18:18:17.407+0000][1][safepoint    ] Safepoint "Cleanup", Time since last: 1000125700 ns, Reaching safepoint: 159800 ns, At safepoint: 52300 ns, Total: 212100 ns
[2020-04-26T18:18:18.407+0000][1][safepoint    ] Safepoint "Cleanup", Time since last: 1000133500 ns, Reaching safepoint: 153200 ns, At safepoint: 32400 ns, Total: 185600 ns
[2020-04-26T18:18:19.407+0000][1][safepoint    ] Safepoint "Cleanup", Time since last: 1000145400 ns, Reaching safepoint: 179000 ns, At safepoint: 32900 ns, Total: 211900 ns
[2020-04-26T18:18:20.408+0000][1][safepoint    ] Safepoint "Cleanup", Time since last: 1000124300 ns, Reaching safepoint: 184300 ns, At safepoint: 39800 ns, Total: 224100 ns
[2020-04-26T18:18:21.408+0000][1][safepoint    ] Safepoint "Cleanup", Time since last: 1000137000 ns, Reaching safepoint: 159400 ns, At safepoint: 33000 ns, Total: 192400 ns
[2020-04-26T18:18:22.409+0000][1][safepoint    ] Safepoint "Cleanup", Time since last: 1000223400 ns, Reaching safepoint: 218600 ns, At safepoint: 129200 ns, Total: 347800 ns
[2020-04-26T18:18:23.409+0000][1][safepoint    ] Safepoint "Cleanup", Time since last: 1000182000 ns, Reaching safepoint: 213200 ns, At safepoint: 44100 ns, Total: 257300 ns
[2020-04-26T18:18:24.409+0000][1][safepoint    ] Safepoint "Cleanup", Time since last: 1000139600 ns, Reaching safepoint: 231700 ns, At safepoint: 36500 ns, Total: 268200 ns
[2020-04-26T18:18:25.410+0000][1][safepoint    ] Safepoint "Cleanup", Time since last: 1000144300 ns, Reaching safepoint: 299100 ns, At safepoint: 48600 ns, Total: 347700 ns
[2020-04-26T18:18:26.410+0000][1][safepoint    ] Safepoint "Cleanup", Time since last: 1000155000 ns, Reaching safepoint: 293200 ns, At safepoint: 39900 ns, Total: 333100 ns
[2020-04-26T18:18:27.411+0000][1][safepoint    ] Safepoint "Cleanup", Time since last: 1000167800 ns, Reaching safepoint: 211800 ns, At safepoint: 65300 ns, Total: 277100 ns
[2020-04-26T18:18:28.411+0000][1][safepoint    ] Safepoint "Cleanup", Time since last: 1000165000 ns, Reaching safepoint: 232200 ns, At safepoint: 41500 ns, Total: 273700 ns
[2020-04-26T18:18:29.412+0000][1][safepoint    ] Safepoint "Cleanup", Time since last: 1000165100 ns, Reaching safepoint: 300300 ns, At safepoint: 49800 ns, Total: 350100 ns
[2020-04-26T18:18:30.412+0000][1][safepoint    ] Safepoint "Cleanup", Time since last: 1000158900 ns, Reaching safepoint: 163600 ns, At safepoint: 33300 ns, Total: 196900 ns
[2020-04-26T18:18:31.412+0000][1][safepoint    ] Safepoint "Cleanup", Time since last: 1000124900 ns, Reaching safepoint: 152200 ns, At safepoint: 36200 ns, Total: 188400 ns
[2020-04-26T18:18:32.413+0000][1][safepoint    ] Safepoint "Cleanup", Time since last: 1000131600 ns, Reaching safepoint: 150900 ns, At safepoint: 33500 ns, Total: 184400 ns
[2020-04-26T18:18:33.413+0000][1][safepoint    ] Safepoint "Cleanup", Time since last: 1000146800 ns, Reaching safepoint: 270000 ns, At safepoint: 45300 ns, Total: 315300 ns
[2020-04-26T18:18:34.414+0000][1][safepoint    ] Safepoint "Cleanup", Time since last: 1000160400 ns, Reaching safepoint: 162700 ns, At safepoint: 35000 ns, Total: 197700 ns
[2020-04-26T18:18:35.414+0000][1][safepoint    ] Safepoint "Cleanup", Time since last: 1000126100 ns, Reaching safepoint: 150400 ns, At safepoint: 32800 ns, Total: 183200 ns
[2020-04-26T18:18:36.414+0000][1][safepoint    ] Safepoint "Cleanup", Time since last: 1000110500 ns, Reaching safepoint: 159000 ns, At safepoint: 33300 ns, Total: 192300 ns
[2020-04-26T18:18:38.251+0000][1][safepoint    ] Safepoint "Cleanup", Time since last: 1836041800 ns, Reaching safepoint: 479700 ns, At safepoint: 84600 ns, Total: 564300 ns
[2020-04-26T18:18:39.251+0000][1][safepoint    ] Safepoint "Cleanup", Time since last: 1000181700 ns, Reaching safepoint: 148900 ns, At safepoint: 38700 ns, Total: 187600 ns
[2020-04-26T18:18:40.251+0000][1][safepoint    ] Safepoint "Cleanup", Time since last: 1000152500 ns, Reaching safepoint: 156100 ns, At safepoint: 37100 ns, Total: 193200 ns
[2020-04-26T18:18:41.252+0000][1][safepoint    ] Safepoint "Cleanup", Time since last: 1000170100 ns, Reaching safepoint: 310300 ns, At safepoint: 47300 ns, Total: 357600 ns
[2020-04-26T18:18:42.252+0000][1][safepoint    ] Safepoint "Cleanup", Time since last: 1000168700 ns, Reaching safepoint: 156200 ns, At safepoint: 36700 ns, Total: 192900 ns
[2020-04-26T18:18:43.253+0000][1][safepoint    ] Safepoint "Cleanup", Time since last: 1000151000 ns, Reaching safepoint: 147300 ns, At safepoint: 50000 ns, Total: 197300 ns
[2020-04-26T18:18:44.253+0000][1][safepoint    ] Safepoint "Cleanup", Time since last: 1000137200 ns, Reaching safepoint: 160500 ns, At safepoint: 35800 ns, Total: 196300 ns
[2020-04-26T18:18:45.253+0000][1][safepoint    ] Safepoint "Cleanup", Time since last: 1000126600 ns, Reaching safepoint: 267900 ns, At safepoint: 47300 ns, Total: 315200 ns
[2020-04-26T18:18:46.254+0000][1][safepoint    ] Safepoint "Cleanup", Time since last: 1000140600 ns, Reaching safepoint: 215200 ns, At safepoint: 42500 ns, Total: 257700 ns
[2020-04-26T18:18:47.254+0000][1][safepoint    ] Safepoint "Cleanup", Time since last: 1000133300 ns, Reaching safepoint: 160200 ns, At safepoint: 32800 ns, Total: 193000 ns
[2020-04-26T18:18:48.255+0000][1][safepoint    ] Safepoint "Cleanup", Time since last: 1000137600 ns, Reaching safepoint: 154000 ns, At safepoint: 33900 ns, Total: 187900 ns
[2020-04-26T18:18:49.256+0000][1][safepoint    ] Safepoint "Cleanup", Time since last: 1000353100 ns, Reaching safepoint: 501600 ns, At safepoint: 122400 ns, Total: 624000 ns
[2020-04-26T18:18:50.257+0000][1][safepoint    ] Safepoint "Cleanup", Time since last: 1000378800 ns, Reaching safepoint: 512500 ns, At safepoint: 128200 ns, Total: 640700 ns
[2020-04-26T18:18:51.258+0000][1][safepoint    ] Safepoint "Cleanup", Time since last: 1000405500 ns, Reaching safepoint: 434800 ns, At safepoint: 143000 ns, Total: 577800 ns
[2020-04-26T18:18:52.258+0000][1][safepoint    ] Safepoint "Cleanup", Time since last: 1000392100 ns, Reaching safepoint: 376300 ns, At safepoint: 117200 ns, Total: 493500 ns
[2020-04-26T18:18:53.601+0000][1][safepoint    ] Safepoint "Cleanup", Time since last: 1342490600 ns, Reaching safepoint: 164800 ns, At safepoint: 36800 ns, Total: 201600 ns
[2020-04-26T18:18:54.602+0000][1][safepoint    ] Safepoint "Cleanup", Time since last: 1000426900 ns, Reaching safepoint: 395200 ns, At safepoint: 72000 ns, Total: 467200 ns
[2020-04-26T18:18:55.163+0000][1][safepoint    ] Safepoint "RevokeBias", Time since last: 560633600 ns, Reaching safepoint: 237300 ns, At safepoint: 85400 ns, Total: 322700 ns
[2020-04-26T18:18:55.163+0000][1][safepoint    ] Safepoint "RevokeBias", Time since last: 69800 ns, Reaching safepoint: 161700 ns, At safepoint: 76200 ns, Total: 237900 ns
[2020-04-26T18:18:55.165+0000][1][safepoint    ] Safepoint "BulkRevokeBias", Time since last: 217700 ns, Reaching safepoint: 358800 ns, At safepoint: 1181300 ns, Total: 1540100 ns
[2020-04-26T18:18:55.170+0000][1][safepoint    ] Safepoint "RevokeBias", Time since last: 5009000 ns, Reaching safepoint: 222400 ns, At safepoint: 86400 ns, Total: 308800 ns
[2020-04-26T18:18:55.171+0000][1][safepoint    ] Safepoint "RevokeBias", Time since last: 111600 ns, Reaching safepoint: 339300 ns, At safepoint: 152000 ns, Total: 491300 ns
[2020-04-26T18:18:55.172+0000][1][safepoint    ] Safepoint "RevokeBias", Time since last: 432000 ns, Reaching safepoint: 234700 ns, At safepoint: 145900 ns, Total: 380600 ns
[2020-04-26T18:18:56.172+0000][1][safepoint    ] Safepoint "Cleanup", Time since last: 1000265400 ns, Reaching safepoint: 331400 ns, At safepoint: 55300 ns, Total: 386700 ns
[2020-04-26T18:18:57.173+0000][1][safepoint    ] Safepoint "Cleanup", Time since last: 1000336600 ns, Reaching safepoint: 459600 ns, At safepoint: 135900 ns, Total: 595500 ns
[2020-04-26T18:18:58.174+0000][1][safepoint    ] Safepoint "Cleanup", Time since last: 1000325400 ns, Reaching safepoint: 431900 ns, At safepoint: 81700 ns, Total: 513600 ns
[2020-04-26T18:18:59.175+0000][1][safepoint    ] Safepoint "Cleanup", Time since last: 1000240900 ns, Reaching safepoint: 141200 ns, At safepoint: 27800 ns, Total: 169000 ns
[2020-04-26T18:19:00.175+0000][1][safepoint    ] Safepoint "Cleanup", Time since last: 1000264400 ns, Reaching safepoint: 383900 ns, At safepoint: 72400 ns, Total: 456300 ns
[2020-04-26T18:19:01.176+0000][1][safepoint    ] Safepoint "Cleanup", Time since last: 1000291700 ns, Reaching safepoint: 320700 ns, At safepoint: 92400 ns, Total: 413100 ns
[2020-04-26T18:19:02.177+0000][1][safepoint    ] Safepoint "Cleanup", Time since last: 1000324600 ns, Reaching safepoint: 245800 ns, At safepoint: 77200 ns, Total: 323000 ns
[2020-04-26T18:19:03.177+0000][1][safepoint    ] Safepoint "Cleanup", Time since last: 1000223100 ns, Reaching safepoint: 310400 ns, At safepoint: 80800 ns, Total: 391200 ns
[2020-04-26T18:19:04.178+0000][1][safepoint    ] Safepoint "Cleanup", Time since last: 1000535900 ns, Reaching safepoint: 438700 ns, At safepoint: 133100 ns, Total: 571800 ns
[2020-04-26T18:19:05.180+0000][1][safepoint    ] Safepoint "Cleanup", Time since last: 1000799800 ns, Reaching safepoint: 443600 ns, At safepoint: 131100 ns, Total: 574700 ns
[2020-04-26T18:19:06.180+0000][1][safepoint    ] Safepoint "Cleanup", Time since last: 1000527300 ns, Reaching safepoint: 173300 ns, At safepoint: 43400 ns, Total: 216700 ns
[2020-04-26T18:19:07.181+0000][1][safepoint    ] Safepoint "Cleanup", Time since last: 1000383900 ns, Reaching safepoint: 454900 ns, At safepoint: 128900 ns, Total: 583800 ns
[2020-04-26T18:19:08.255+0000][1][safepoint    ] Safepoint "Cleanup", Time since last: 1073344900 ns, Reaching safepoint: 557100 ns, At safepoint: 96200 ns, Total: 653300 ns
[2020-04-26T18:19:09.256+0000][1][safepoint    ] Safepoint "Cleanup", Time since last: 1000219700 ns, Reaching safepoint: 166900 ns, At safepoint: 43100 ns, Total: 210000 ns
[2020-04-26T18:19:10.257+0000][1][safepoint    ] Safepoint "Cleanup", Time since last: 1000380500 ns, Reaching safepoint: 470300 ns, At safepoint: 148200 ns, Total: 618500 ns
[2020-04-26T18:19:11.258+0000][1][safepoint    ] Safepoint "Cleanup", Time since last: 1000487200 ns, Reaching safepoint: 217000 ns, At safepoint: 59600 ns, Total: 276600 ns
[2020-04-26T18:19:12.258+0000][1][safepoint    ] Safepoint "Cleanup", Time since last: 1000212000 ns, Reaching safepoint: 268500 ns, At safepoint: 72800 ns, Total: 341300 ns
[2020-04-26T18:19:13.259+0000][1][safepoint    ] Safepoint "Cleanup", Time since last: 1000448000 ns, Reaching safepoint: 435100 ns, At safepoint: 144200 ns, Total: 579300 ns
[2020-04-26T18:19:14.260+0000][1][safepoint    ] Safepoint "Cleanup", Time since last: 1000379300 ns, Reaching safepoint: 557100 ns, At safepoint: 130600 ns, Total: 687700 ns
[2020-04-26T18:19:15.261+0000][1][safepoint    ] Safepoint "Cleanup", Time since last: 1000176800 ns, Reaching safepoint: 239800 ns, At safepoint: 44100 ns, Total: 283900 ns
[2020-04-26T18:19:16.261+0000][1][safepoint    ] Safepoint "Cleanup", Time since last: 1000296600 ns, Reaching safepoint: 266000 ns, At safepoint: 60900 ns, Total: 326900 ns
[2020-04-26T18:19:17.262+0000][1][safepoint    ] Safepoint "Cleanup", Time since last: 1000294300 ns, Reaching safepoint: 242700 ns, At safepoint: 51200 ns, Total: 293900 ns
[2020-04-26T18:19:18.263+0000][1][safepoint    ] Safepoint "Cleanup", Time since last: 1000338000 ns, Reaching safepoint: 477500 ns, At safepoint: 125500 ns, Total: 603000 ns
[2020-04-26T18:19:19.263+0000][1][safepoint    ] Safepoint "Cleanup", Time since last: 1000324800 ns, Reaching safepoint: 135900 ns, At safepoint: 30100 ns, Total: 166000 ns
[2020-04-26T18:19:20.264+0000][1][safepoint    ] Safepoint "Cleanup", Time since last: 1000267700 ns, Reaching safepoint: 521700 ns, At safepoint: 130700 ns, Total: 652400 ns
[2020-04-26T18:19:21.266+0000][1][safepoint    ] Safepoint "Cleanup", Time since last: 1000693400 ns, Reaching safepoint: 439200 ns, At safepoint: 133200 ns, Total: 572400 ns
[2020-04-26T18:19:22.266+0000][1][safepoint    ] Safepoint "Cleanup", Time since last: 1000624100 ns, Reaching safepoint: 204100 ns, At safepoint: 50100 ns, Total: 254200 ns
[2020-04-26T18:19:23.267+0000][1][safepoint    ] Safepoint "Cleanup", Time since last: 1000284600 ns, Reaching safepoint: 155900 ns, At safepoint: 33100 ns, Total: 189000 ns
[2020-04-26T18:19:24.268+0000][1][safepoint    ] Safepoint "Cleanup", Time since last: 1000445700 ns, Reaching safepoint: 441000 ns, At safepoint: 139200 ns, Total: 580200 ns
[2020-04-26T18:19:25.269+0000][1][safepoint    ] Safepoint "Cleanup", Time since last: 1000453900 ns, Reaching safepoint: 359200 ns, At safepoint: 145800 ns, Total: 505000 ns
[2020-04-26T18:19:26.269+0000][1][safepoint    ] Safepoint "Cleanup", Time since last: 1000200900 ns, Reaching safepoint: 177400 ns, At safepoint: 43500 ns, Total: 220900 ns
[2020-04-26T18:19:27.271+0000][1][safepoint    ] Safepoint "Cleanup", Time since last: 1000534600 ns, Reaching safepoint: 540600 ns, At safepoint: 210200 ns, Total: 750800 ns
[2020-04-26T18:19:28.271+0000][1][safepoint    ] Safepoint "Cleanup", Time since last: 1000302000 ns, Reaching safepoint: 274400 ns, At safepoint: 81200 ns, Total: 355600 ns
[2020-04-26T18:19:29.272+0000][1][safepoint    ] Safepoint "Cleanup", Time since last: 1000159700 ns, Reaching safepoint: 208700 ns, At safepoint: 36400 ns, Total: 245100 ns
[2020-04-26T18:19:30.272+0000][1][safepoint    ] Safepoint "Cleanup", Time since last: 1000264500 ns, Reaching safepoint: 327300 ns, At safepoint: 92900 ns, Total: 420200 ns
[2020-04-26T18:19:31.274+0000][1][safepoint    ] Safepoint "Cleanup", Time since last: 1000594900 ns, Reaching safepoint: 522300 ns, At safepoint: 133900 ns, Total: 656200 ns
[2020-04-26T18:19:32.274+0000][1][safepoint    ] Safepoint "Cleanup", Time since last: 1000409300 ns, Reaching safepoint: 323600 ns, At safepoint: 65600 ns, Total: 389200 ns
[2020-04-26T18:19:33.275+0000][1][safepoint    ] Safepoint "Cleanup", Time since last: 1000163600 ns, Reaching safepoint: 224800 ns, At safepoint: 55400 ns, Total: 280200 ns
[2020-04-26T18:19:34.276+0000][1][safepoint    ] Safepoint "Cleanup", Time since last: 1000621400 ns, Reaching safepoint: 134400 ns, At safepoint: 32000 ns, Total: 166400 ns
[2020-04-26T18:19:35.277+0000][1][safepoint    ] Safepoint "Cleanup", Time since last: 1000574600 ns, Reaching safepoint: 441800 ns, At safepoint: 134500 ns, Total: 576300 ns
[2020-04-26T18:19:36.277+0000][1][safepoint    ] Safepoint "Cleanup", Time since last: 1000252700 ns, Reaching safepoint: 163600 ns, At safepoint: 35200 ns, Total: 198800 ns
[2020-04-26T18:19:38.258+0000][1][safepoint    ] Safepoint "Cleanup", Time since last: 1980311600 ns, Reaching safepoint: 484700 ns, At safepoint: 109300 ns, Total: 594000 ns
[2020-04-26T18:19:39.259+0000][1][safepoint    ] Safepoint "Cleanup", Time since last: 1000293200 ns, Reaching safepoint: 280800 ns, At safepoint: 80500 ns, Total: 361300 ns
[2020-04-26T18:19:40.259+0000][1][safepoint    ] Safepoint "Cleanup", Time since last: 1000211700 ns, Reaching safepoint: 136300 ns, At safepoint: 30500 ns, Total: 166800 ns
[2020-04-26T18:19:41.260+0000][1][safepoint    ] Safepoint "Cleanup", Time since last: 1000176000 ns, Reaching safepoint: 141100 ns, At safepoint: 29800 ns, Total: 170900 ns
[2020-04-26T18:19:42.261+0000][1][safepoint    ] Safepoint "Cleanup", Time since last: 1000503300 ns, Reaching safepoint: 462500 ns, At safepoint: 137900 ns, Total: 600400 ns
[2020-04-26T18:19:43.261+0000][1][safepoint    ] Safepoint "Cleanup", Time since last: 1000358100 ns, Reaching safepoint: 331800 ns, At safepoint: 100800 ns, Total: 432600 ns
[2020-04-26T18:19:44.262+0000][1][safepoint    ] Safepoint "Cleanup", Time since last: 1000390100 ns, Reaching safepoint: 453900 ns, At safepoint: 132400 ns, Total: 586300 ns
[2020-04-26T18:19:45.263+0000][1][safepoint    ] Safepoint "Cleanup", Time since last: 1000511600 ns, Reaching safepoint: 415000 ns, At safepoint: 92500 ns, Total: 507500 ns
[2020-04-26T18:19:46.265+0000][1][safepoint    ] Safepoint "Cleanup", Time since last: 1000612500 ns, Reaching safepoint: 440100 ns, At safepoint: 133100 ns, Total: 573200 ns
[2020-04-26T18:19:47.265+0000][1][safepoint    ] Safepoint "Cleanup", Time since last: 1000579400 ns, Reaching safepoint: 132900 ns, At safepoint: 31100 ns, Total: 164000 ns
[2020-04-26T18:19:48.266+0000][1][safepoint    ] Safepoint "Cleanup", Time since last: 1000448100 ns, Reaching safepoint: 257200 ns, At safepoint: 72900 ns, Total: 330100 ns
[2020-04-26T18:19:49.267+0000][1][safepoint    ] Safepoint "Cleanup", Time since last: 1000228600 ns, Reaching safepoint: 139000 ns, At safepoint: 29600 ns, Total: 168600 ns
[2020-04-26T18:19:50.267+0000][1][safepoint    ] Safepoint "Cleanup", Time since last: 1000293500 ns, Reaching safepoint: 134100 ns, At safepoint: 31300 ns, Total: 165400 ns
[2020-04-26T18:19:51.268+0000][1][safepoint    ] Safepoint "Cleanup", Time since last: 1000305800 ns, Reaching safepoint: 162800 ns, At safepoint: 39100 ns, Total: 201900 ns
[2020-04-26T18:19:52.268+0000][1][safepoint    ] Safepoint "Cleanup", Time since last: 1000353400 ns, Reaching safepoint: 445800 ns, At safepoint: 152200 ns, Total: 598000 ns
[2020-04-26T18:19:53.269+0000][1][safepoint    ] Safepoint "Cleanup", Time since last: 1000534300 ns, Reaching safepoint: 295700 ns, At safepoint: 46300 ns, Total: 342000 ns
[2020-04-26T18:19:54.271+0000][1][safepoint    ] Safepoint "Cleanup", Time since last: 1000506500 ns, Reaching safepoint: 684100 ns, At safepoint: 156700 ns, Total: 840800 ns
[2020-04-26T18:19:55.271+0000][1][safepoint    ] Safepoint "Cleanup", Time since last: 1000488800 ns, Reaching safepoint: 160200 ns, At safepoint: 33200 ns, Total: 193400 ns
[2020-04-26T18:19:56.272+0000][1][safepoint    ] Safepoint "Cleanup", Time since last: 1000251600 ns, Reaching safepoint: 141900 ns, At safepoint: 35900 ns, Total: 177800 ns
[2020-04-26T18:19:57.149+0000][1][safepoint    ] Safepoint "RevokeBias", Time since last: 877203400 ns, Reaching safepoint: 217600 ns, At safepoint: 87800 ns, Total: 305400 ns
[2020-04-26T18:19:57.150+0000][1][safepoint    ] Safepoint "RevokeBias", Time since last: 68200 ns, Reaching safepoint: 179700 ns, At safepoint: 97400 ns, Total: 277100 ns
[2020-04-26T18:19:57.151+0000][1][safepoint    ] Safepoint "RevokeBias", Time since last: 872500 ns, Reaching safepoint: 205600 ns, At safepoint: 53600 ns, Total: 259200 ns
[2020-04-26T18:19:57.162+0000][1][safepoint    ] Safepoint "RevokeBias", Time since last: 11208700 ns, Reaching safepoint: 300700 ns, At safepoint: 59000 ns, Total: 359700 ns
[2020-04-26T18:19:57.168+0000][1][safepoint    ] Safepoint "RevokeBias", Time since last: 5214100 ns, Reaching safepoint: 345700 ns, At safepoint: 79100 ns, Total: 424800 ns
[2020-04-26T18:19:57.172+0000][1][safepoint    ] Safepoint "RevokeBias", Time since last: 3338300 ns, Reaching safepoint: 709400 ns, At safepoint: 158300 ns, Total: 867700 ns
[2020-04-26T18:19:58.173+0000][1][safepoint    ] Safepoint "Cleanup", Time since last: 1000238200 ns, Reaching safepoint: 180000 ns, At safepoint: 26900 ns, Total: 206900 ns
[2020-04-26T18:19:59.173+0000][1][safepoint    ] Safepoint "Cleanup", Time since last: 1000165700 ns, Reaching safepoint: 316500 ns, At safepoint: 53600 ns, Total: 370100 ns
[2020-04-26T18:20:00.174+0000][1][safepoint    ] Safepoint "Cleanup", Time since last: 1000164100 ns, Reaching safepoint: 155000 ns, At safepoint: 32600 ns, Total: 187600 ns
[2020-04-26T18:20:01.174+0000][1][safepoint    ] Safepoint "Cleanup", Time since last: 1000250900 ns, Reaching safepoint: 235100 ns, At safepoint: 63500 ns, Total: 298600 ns
[2020-04-26T18:20:02.174+0000][1][safepoint    ] Safepoint "Cleanup", Time since last: 1000188600 ns, Reaching safepoint: 130000 ns, At safepoint: 30100 ns, Total: 160100 ns
[2020-04-26T18:20:03.175+0000][1][safepoint    ] Safepoint "Cleanup", Time since last: 1000147600 ns, Reaching safepoint: 146300 ns, At safepoint: 24200 ns, Total: 170500 ns
[2020-04-26T18:20:04.175+0000][1][safepoint    ] Safepoint "Cleanup", Time since last: 1000213300 ns, Reaching safepoint: 134200 ns, At safepoint: 29400 ns, Total: 163600 ns
[2020-04-26T18:20:05.175+0000][1][safepoint    ] Safepoint "Cleanup", Time since last: 1000172300 ns, Reaching safepoint: 129700 ns, At safepoint: 25300 ns, Total: 155000 ns
[2020-04-26T18:20:06.176+0000][1][safepoint    ] Safepoint "Cleanup", Time since last: 1000144000 ns, Reaching safepoint: 146200 ns, At safepoint: 26600 ns, Total: 172800 ns
[2020-04-26T18:20:07.176+0000][1][safepoint    ] Safepoint "Cleanup", Time since last: 1000141400 ns, Reaching safepoint: 128700 ns, At safepoint: 27500 ns, Total: 156200 ns
[2020-04-26T18:20:08.176+0000][1][safepoint    ] Safepoint "Cleanup", Time since last: 1000148100 ns, Reaching safepoint: 141500 ns, At safepoint: 27800 ns, Total: 169300 ns
[2020-04-26T18:20:09.177+0000][1][safepoint    ] Safepoint "Cleanup", Time since last: 1000163200 ns, Reaching safepoint: 153200 ns, At safepoint: 26800 ns, Total: 180000 ns
[2020-04-26T18:20:10.177+0000][1][safepoint    ] Safepoint "Cleanup", Time since last: 1000207700 ns, Reaching safepoint: 131800 ns, At safepoint: 28700 ns, Total: 160500 ns
[2020-04-26T18:20:11.177+0000][1][safepoint    ] Safepoint "Cleanup", Time since last: 1000208800 ns, Reaching safepoint: 136500 ns, At safepoint: 28700 ns, Total: 165200 ns
[2020-04-26T18:20:12.178+0000][1][safepoint    ] Safepoint "Cleanup", Time since last: 1000164500 ns, Reaching safepoint: 156300 ns, At safepoint: 30300 ns, Total: 186600 ns
[2020-04-26T18:20:13.179+0000][1][safepoint    ] Safepoint "Cleanup", Time since last: 1000757300 ns, Reaching safepoint: 421400 ns, At safepoint: 127200 ns, Total: 548600 ns
[2020-04-26T18:20:14.180+0000][1][safepoint    ] Safepoint "Cleanup", Time since last: 1000264200 ns, Reaching safepoint: 131700 ns, At safepoint: 30400 ns, Total: 162100 ns
[2020-04-26T18:20:15.180+0000][1][safepoint    ] Safepoint "Cleanup", Time since last: 1000432200 ns, Reaching safepoint: 223100 ns, At safepoint: 60300 ns, Total: 283400 ns
[2020-04-26T18:20:16.181+0000][1][safepoint    ] Safepoint "Cleanup", Time since last: 1000464100 ns, Reaching safepoint: 432200 ns, At safepoint: 140900 ns, Total: 573100 ns
[2020-04-26T18:20:17.182+0000][1][safepoint    ] Safepoint "Cleanup", Time since last: 1000339400 ns, Reaching safepoint: 153800 ns, At safepoint: 34100 ns, Total: 187900 ns
[2020-04-26T18:20:18.182+0000][1][safepoint    ] Safepoint "Cleanup", Time since last: 1000138400 ns, Reaching safepoint: 192400 ns, At safepoint: 40800 ns, Total: 233200 ns
[2020-04-26T18:20:19.183+0000][1][safepoint    ] Safepoint "Cleanup", Time since last: 1000381100 ns, Reaching safepoint: 452700 ns, At safepoint: 141600 ns, Total: 594300 ns
[2020-04-26T18:20:20.184+0000][1][safepoint    ] Safepoint "Cleanup", Time since last: 1000213600 ns, Reaching safepoint: 133200 ns, At safepoint: 29100 ns, Total: 162300 ns
[2020-04-26T18:20:21.184+0000][1][safepoint    ] Safepoint "Cleanup", Time since last: 1000159700 ns, Reaching safepoint: 139000 ns, At safepoint: 72500 ns, Total: 211500 ns
[2020-04-26T18:20:22.184+0000][1][safepoint    ] Safepoint "Cleanup", Time since last: 1000158500 ns, Reaching safepoint: 144900 ns, At safepoint: 26800 ns, Total: 171700 ns
[2020-04-26T18:20:23.185+0000][1][safepoint    ] Safepoint "Cleanup", Time since last: 1000374300 ns, Reaching safepoint: 519400 ns, At safepoint: 175300 ns, Total: 694700 ns
[2020-04-26T18:20:24.187+0000][1][safepoint    ] Safepoint "Cleanup", Time since last: 1000485400 ns, Reaching safepoint: 712200 ns, At safepoint: 296200 ns, Total: 1008400 ns
[2020-04-26T18:20:25.188+0000][1][safepoint    ] Safepoint "Cleanup", Time since last: 1000344300 ns, Reaching safepoint: 550500 ns, At safepoint: 127300 ns, Total: 677800 ns
[2020-04-26T18:20:26.189+0000][1][safepoint    ] Safepoint "Cleanup", Time since last: 1000750300 ns, Reaching safepoint: 456300 ns, At safepoint: 145700 ns, Total: 602000 ns
[2020-04-26T18:20:27.190+0000][1][safepoint    ] Safepoint "Cleanup", Time since last: 1000541600 ns, Reaching safepoint: 458300 ns, At safepoint: 139400 ns, Total: 597700 ns
[2020-04-26T18:20:28.191+0000][1][safepoint    ] Safepoint "Cleanup", Time since last: 1000471000 ns, Reaching safepoint: 487600 ns, At safepoint: 130300 ns, Total: 617900 ns
[2020-04-26T18:20:29.193+0000][1][safepoint    ] Safepoint "Cleanup", Time since last: 1000625900 ns, Reaching safepoint: 743800 ns, At safepoint: 136200 ns, Total: 880000 ns
[2020-04-26T18:20:30.194+0000][1][safepoint    ] Safepoint "Cleanup", Time since last: 1000358200 ns, Reaching safepoint: 523000 ns, At safepoint: 130300 ns, Total: 653300 ns
[2020-04-26T18:20:31.195+0000][1][safepoint    ] Safepoint "Cleanup", Time since last: 1000595800 ns, Reaching safepoint: 338300 ns, At safepoint: 102700 ns, Total: 441000 ns
[2020-04-26T18:20:32.195+0000][1][safepoint    ] Safepoint "Cleanup", Time since last: 1000209400 ns, Reaching safepoint: 136500 ns, At safepoint: 29300 ns, Total: 165800 ns
[2020-04-26T18:20:33.196+0000][1][safepoint    ] Safepoint "Cleanup", Time since last: 1000239500 ns, Reaching safepoint: 337800 ns, At safepoint: 95900 ns, Total: 433700 ns
[2020-04-26T18:20:34.197+0000][1][safepoint    ] Safepoint "Cleanup", Time since last: 1000839600 ns, Reaching safepoint: 323600 ns, At safepoint: 104300 ns, Total: 427900 ns
[2020-04-26T18:20:35.198+0000][1][safepoint    ] Safepoint "Cleanup", Time since last: 1000468100 ns, Reaching safepoint: 305500 ns, At safepoint: 73300 ns, Total: 378800 ns
[2020-04-26T18:20:36.199+0000][1][safepoint    ] Safepoint "Cleanup", Time since last: 1000286300 ns, Reaching safepoint: 457800 ns, At safepoint: 129300 ns, Total: 587100 ns
[2020-04-26T18:20:37.200+0000][1][safepoint    ] Safepoint "Cleanup", Time since last: 1000389600 ns, Reaching safepoint: 502500 ns, At safepoint: 144000 ns, Total: 646500 ns
[2020-04-26T18:20:38.200+0000][1][safepoint    ] Safepoint "Cleanup", Time since last: 1000242200 ns, Reaching safepoint: 176200 ns, At safepoint: 46100 ns, Total: 222300 ns
[2020-04-26T18:20:39.201+0000][1][safepoint    ] Safepoint "Cleanup", Time since last: 1000330200 ns, Reaching safepoint: 257300 ns, At safepoint: 67800 ns, Total: 325100 ns
[2020-04-26T18:20:40.203+0000][1][safepoint    ] Safepoint "Cleanup", Time since last: 1000657900 ns, Reaching safepoint: 617900 ns, At safepoint: 186600 ns, Total: 804500 ns
[2020-04-26T18:20:41.203+0000][1][safepoint    ] Safepoint "Cleanup", Time since last: 1000384500 ns, Reaching safepoint: 139200 ns, At safepoint: 32700 ns, Total: 171900 ns
[2020-04-26T18:20:42.204+0000][1][safepoint    ] Safepoint "Cleanup", Time since last: 1000556600 ns, Reaching safepoint: 458700 ns, At safepoint: 138000 ns, Total: 596700 ns
[2020-04-26T18:20:43.205+0000][1][safepoint    ] Safepoint "Cleanup", Time since last: 1000322000 ns, Reaching safepoint: 300500 ns, At safepoint: 64200 ns, Total: 364700 ns
[2020-04-26T18:20:44.205+0000][1][safepoint    ] Safepoint "Cleanup", Time since last: 1000195300 ns, Reaching safepoint: 138100 ns, At safepoint: 30600 ns, Total: 168700 ns
[2020-04-26T18:20:45.206+0000][1][safepoint    ] Safepoint "Cleanup", Time since last: 1000548100 ns, Reaching safepoint: 330000 ns, At safepoint: 109700 ns, Total: 439700 ns
[2020-04-26T18:20:46.207+0000][1][safepoint    ] Safepoint "Cleanup", Time since last: 1000306800 ns, Reaching safepoint: 487900 ns, At safepoint: 34300 ns, Total: 522200 ns
[2020-04-26T18:20:47.208+0000][1][safepoint    ] Safepoint "Cleanup", Time since last: 1000342900 ns, Reaching safepoint: 151100 ns, At safepoint: 39000 ns, Total: 190100 ns
[2020-04-26T18:20:48.209+0000][1][safepoint    ] Safepoint "Cleanup", Time since last: 1000542600 ns, Reaching safepoint: 233400 ns, At safepoint: 66000 ns, Total: 299400 ns
[2020-04-26T18:20:49.210+0000][1][safepoint    ] Safepoint "Cleanup", Time since last: 1000669300 ns, Reaching safepoint: 455600 ns, At safepoint: 141800 ns, Total: 597400 ns
[2020-04-26T18:20:50.210+0000][1][safepoint    ] Safepoint "Cleanup", Time since last: 1000395900 ns, Reaching safepoint: 142900 ns, At safepoint: 32100 ns, Total: 175000 ns
[2020-04-26T18:20:51.211+0000][1][safepoint    ] Safepoint "Cleanup", Time since last: 1000170700 ns, Reaching safepoint: 159100 ns, At safepoint: 31400 ns, Total: 190500 ns
[2020-04-26T18:20:52.211+0000][1][safepoint    ] Safepoint "Cleanup", Time since last: 1000177800 ns, Reaching safepoint: 170300 ns, At safepoint: 32800 ns, Total: 203100 ns
[2020-04-26T18:20:53.212+0000][1][safepoint    ] Safepoint "Cleanup", Time since last: 1000387100 ns, Reaching safepoint: 474300 ns, At safepoint: 146900 ns, Total: 621200 ns
[2020-04-26T18:20:54.213+0000][1][safepoint    ] Safepoint "Cleanup", Time since last: 1000396600 ns, Reaching safepoint: 518700 ns, At safepoint: 57900 ns, Total: 576600 ns
[2020-04-26T18:20:55.214+0000][1][safepoint    ] Safepoint "Cleanup", Time since last: 1000308500 ns, Reaching safepoint: 279200 ns, At safepoint: 39200 ns, Total: 318400 ns
[2020-04-26T18:20:56.214+0000][1][safepoint    ] Safepoint "Cleanup", Time since last: 1000238900 ns, Reaching safepoint: 156200 ns, At safepoint: 29100 ns, Total: 185300 ns
[2020-04-26T18:20:57.215+0000][1][safepoint    ] Safepoint "Cleanup", Time since last: 1000167700 ns, Reaching safepoint: 253800 ns, At safepoint: 45500 ns, Total: 299300 ns
[2020-04-26T18:20:58.154+0000][1][safepoint    ] Safepoint "RevokeBias", Time since last: 938921800 ns, Reaching safepoint: 139800 ns, At safepoint: 78900 ns, Total: 218700 ns
[2020-04-26T18:20:58.154+0000][1][safepoint    ] Safepoint "RevokeBias", Time since last: 52600 ns, Reaching safepoint: 79100 ns, At safepoint: 59000 ns, Total: 138100 ns
[2020-04-26T18:20:58.154+0000][1][safepoint    ] Safepoint "RevokeBias", Time since last: 191800 ns, Reaching safepoint: 170600 ns, At safepoint: 86700 ns, Total: 257300 ns
[2020-04-26T18:20:58.159+0000][1][safepoint    ] Safepoint "RevokeBias", Time since last: 4015300 ns, Reaching safepoint: 119400 ns, At safepoint: 61500 ns, Total: 180900 ns
[2020-04-26T18:20:58.159+0000][1][safepoint    ] Safepoint "RevokeBias", Time since last: 54600 ns, Reaching safepoint: 95800 ns, At safepoint: 94500 ns, Total: 190300 ns
[2020-04-26T18:20:58.159+0000][1][safepoint    ] Safepoint "RevokeBias", Time since last: 207400 ns, Reaching safepoint: 197300 ns, At safepoint: 83600 ns, Total: 280900 ns
[2020-04-26T18:20:59.160+0000][1][safepoint    ] Safepoint "Cleanup", Time since last: 1000145200 ns, Reaching safepoint: 131900 ns, At safepoint: 29400 ns, Total: 161300 ns
[2020-04-26T18:21:00.161+0000][1][safepoint    ] Safepoint "Cleanup", Time since last: 1000288700 ns, Reaching safepoint: 641100 ns, At safepoint: 171700 ns, Total: 812800 ns
[2020-04-26T18:21:01.162+0000][1][safepoint    ] Safepoint "Cleanup", Time since last: 1000514200 ns, Reaching safepoint: 454600 ns, At safepoint: 140900 ns, Total: 595500 ns
[2020-04-26T18:21:02.162+0000][1][safepoint    ] Safepoint "Cleanup", Time since last: 1000259700 ns, Reaching safepoint: 166100 ns, At safepoint: 36700 ns, Total: 202800 ns
[2020-04-26T18:21:03.163+0000][1][safepoint    ] Safepoint "Cleanup", Time since last: 1000343000 ns, Reaching safepoint: 407300 ns, At safepoint: 94200 ns, Total: 501500 ns
[2020-04-26T18:21:04.164+0000][1][safepoint    ] Safepoint "Cleanup", Time since last: 1000356100 ns, Reaching safepoint: 134300 ns, At safepoint: 30700 ns, Total: 165000 ns
[2020-04-26T18:21:05.164+0000][1][safepoint    ] Safepoint "Cleanup", Time since last: 1000149300 ns, Reaching safepoint: 180700 ns, At safepoint: 27900 ns, Total: 208600 ns
[2020-04-26T18:21:06.164+0000][1][safepoint    ] Safepoint "Cleanup", Time since last: 1000187900 ns, Reaching safepoint: 141900 ns, At safepoint: 29400 ns, Total: 171300 ns
[2020-04-26T18:21:07.166+0000][1][safepoint    ] Safepoint "Cleanup", Time since last: 1000302700 ns, Reaching safepoint: 481700 ns, At safepoint: 297200 ns, Total: 778900 ns
[2020-04-26T18:21:07.512+0000][1][gc,start     ] GC(77) Pause Young (Allocation Failure)
[2020-04-26T18:21:07.512+0000][1][gc,task      ] GC(77) Using 10 workers of 10 for evacuation
[2020-04-26T18:21:07.517+0000][1][gc,age       ] GC(77) Desired survivor size 8945664 bytes, new threshold 6 (max threshold 6)
[2020-04-26T18:21:07.517+0000][1][gc,age       ] GC(77) Age table with threshold 6 (max threshold 6)
[2020-04-26T18:21:07.517+0000][1][gc,age       ] GC(77) - age   1:      68232 bytes,      68232 total
[2020-04-26T18:21:07.517+0000][1][gc,age       ] GC(77) - age   2:       1128 bytes,      69360 total
[2020-04-26T18:21:07.517+0000][1][gc,age       ] GC(77) - age   3:        920 bytes,      70280 total
[2020-04-26T18:21:07.517+0000][1][gc,age       ] GC(77) - age   4:        512 bytes,      70792 total
[2020-04-26T18:21:07.517+0000][1][gc,age       ] GC(77) - age   5:       7328 bytes,      78120 total
[2020-04-26T18:21:07.517+0000][1][gc,heap      ] GC(77) ParNew: 139868K->104K(157248K)
[2020-04-26T18:21:07.517+0000][1][gc,heap      ] GC(77) CMS: 88668K->88669K(349568K)
[2020-04-26T18:21:07.517+0000][1][gc,metaspace ] GC(77) Metaspace: 99736K->99736K(1142784K)
[2020-04-26T18:21:07.517+0000][1][gc           ] GC(77) Pause Young (Allocation Failure) 223M->86M(494M) 4.593ms
[2020-04-26T18:21:07.517+0000][1][gc,cpu       ] GC(77) User=0.01s Sys=0.01s Real=0.01s
[2020-04-26T18:21:07.517+0000][1][safepoint    ] Safepoint "GenCollectForAllocation", Time since last: 346447600 ns, Reaching safepoint: 243500 ns, At safepoint: 4742000 ns, Total: 4985500 ns
[2020-04-26T18:21:08.517+0000][1][safepoint    ] Safepoint "Cleanup", Time since last: 1000290800 ns, Reaching safepoint: 155500 ns, At safepoint: 34700 ns, Total: 190200 ns
[2020-04-26T18:21:09.518+0000][1][safepoint    ] Safepoint "Cleanup", Time since last: 1000198700 ns, Reaching safepoint: 218000 ns, At safepoint: 58500 ns, Total: 276500 ns
[2020-04-26T18:21:10.518+0000][1][safepoint    ] Safepoint "Cleanup", Time since last: 1000207300 ns, Reaching safepoint: 233000 ns, At safepoint: 158900 ns, Total: 391900 ns
[2020-04-26T18:21:11.519+0000][1][safepoint    ] Safepoint "Cleanup", Time since last: 1000287400 ns, Reaching safepoint: 336900 ns, At safepoint: 110000 ns, Total: 446900 ns
[2020-04-26T18:21:12.520+0000][1][safepoint    ] Safepoint "Cleanup", Time since last: 1000304200 ns, Reaching safepoint: 308800 ns, At safepoint: 86200 ns, Total: 395000 ns
[2020-04-26T18:21:13.520+0000][1][safepoint    ] Safepoint "Cleanup", Time since last: 1000196800 ns, Reaching safepoint: 166100 ns, At safepoint: 50500 ns, Total: 216600 ns
[2020-04-26T18:21:14.522+0000][1][safepoint    ] Safepoint "Cleanup", Time since last: 1000376600 ns, Reaching safepoint: 637700 ns, At safepoint: 179100 ns, Total: 816800 ns
[2020-04-26T18:21:15.522+0000][1][safepoint    ] Safepoint "Cleanup", Time since last: 1000545900 ns, Reaching safepoint: 177600 ns, At safepoint: 51700 ns, Total: 229300 ns
[2020-04-26T18:21:16.523+0000][1][safepoint    ] Safepoint "Cleanup", Time since last: 1000219100 ns, Reaching safepoint: 209900 ns, At safepoint: 64700 ns, Total: 274600 ns
[2020-04-26T18:21:17.523+0000][1][safepoint    ] Safepoint "Cleanup", Time since last: 1000172000 ns, Reaching safepoint: 130300 ns, At safepoint: 60200 ns, Total: 190500 ns
[2020-04-26T18:21:18.524+0000][1][safepoint    ] Safepoint "Cleanup", Time since last: 1000387000 ns, Reaching safepoint: 169800 ns, At safepoint: 61300 ns, Total: 231100 ns
[2020-04-26T18:21:19.524+0000][1][safepoint    ] Safepoint "Cleanup", Time since last: 1000299300 ns, Reaching safepoint: 137100 ns, At safepoint: 51400 ns, Total: 188500 ns
[2020-04-26T18:21:20.525+0000][1][safepoint    ] Safepoint "Cleanup", Time since last: 1000397500 ns, Reaching safepoint: 414700 ns, At safepoint: 208400 ns, Total: 623100 ns
[2020-04-26T18:21:21.526+0000][1][safepoint    ] Safepoint "Cleanup", Time since last: 1000394100 ns, Reaching safepoint: 433000 ns, At safepoint: 200800 ns, Total: 633800 ns
[2020-04-26T18:21:22.528+0000][1][safepoint    ] Safepoint "Cleanup", Time since last: 1000446500 ns, Reaching safepoint: 717900 ns, At safepoint: 202100 ns, Total: 920000 ns
[2020-04-26T18:21:23.528+0000][1][safepoint    ] Safepoint "Cleanup", Time since last: 1000311700 ns, Reaching safepoint: 182600 ns, At safepoint: 44300 ns, Total: 226900 ns
[2020-04-26T18:21:24.529+0000][1][safepoint    ] Safepoint "Cleanup", Time since last: 1000297300 ns, Reaching safepoint: 155900 ns, At safepoint: 30100 ns, Total: 186000 ns
[2020-04-26T18:21:25.529+0000][1][safepoint    ] Safepoint "Cleanup", Time since last: 1000342400 ns, Reaching safepoint: 258200 ns, At safepoint: 62200 ns, Total: 320400 ns
[2020-04-26T18:21:26.531+0000][1][safepoint    ] Safepoint "Cleanup", Time since last: 1000773500 ns, Reaching safepoint: 436000 ns, At safepoint: 213000 ns, Total: 649000 ns
[2020-04-26T18:21:27.531+0000][1][safepoint    ] Safepoint "Cleanup", Time since last: 1000410400 ns, Reaching safepoint: 135800 ns, At safepoint: 32800 ns, Total: 168600 ns
[2020-04-26T18:21:28.533+0000][1][safepoint    ] Safepoint "Cleanup", Time since last: 1000577100 ns, Reaching safepoint: 442800 ns, At safepoint: 226900 ns, Total: 669700 ns
[2020-04-26T18:21:29.534+0000][1][safepoint    ] Safepoint "Cleanup", Time since last: 1000409900 ns, Reaching safepoint: 519000 ns, At safepoint: 131500 ns, Total: 650500 ns
[2020-04-26T18:21:30.535+0000][1][safepoint    ] Safepoint "Cleanup", Time since last: 1000322800 ns, Reaching safepoint: 531100 ns, At safepoint: 142300 ns, Total: 673400 ns
[2020-04-26T18:21:31.536+0000][1][safepoint    ] Safepoint "Cleanup", Time since last: 1000618900 ns, Reaching safepoint: 433800 ns, At safepoint: 133600 ns, Total: 567400 ns
[2020-04-26T18:21:32.536+0000][1][safepoint    ] Safepoint "Cleanup", Time since last: 1000376900 ns, Reaching safepoint: 181100 ns, At safepoint: 73000 ns, Total: 254100 ns
[2020-04-26T18:21:33.537+0000][1][safepoint    ] Safepoint "Cleanup", Time since last: 1000177900 ns, Reaching safepoint: 238700 ns, At safepoint: 46200 ns, Total: 284900 ns
[2020-04-26T18:21:34.538+0000][1][safepoint    ] Safepoint "Cleanup", Time since last: 1000390900 ns, Reaching safepoint: 513600 ns, At safepoint: 133300 ns, Total: 646900 ns
[2020-04-26T18:21:35.539+0000][1][safepoint    ] Safepoint "Cleanup", Time since last: 1000249200 ns, Reaching safepoint: 251300 ns, At safepoint: 90800 ns, Total: 342100 ns
[2020-04-26T18:21:36.539+0000][1][safepoint    ] Safepoint "Cleanup", Time since last: 1000282100 ns, Reaching safepoint: 460000 ns, At safepoint: 105000 ns, Total: 565000 ns
[2020-04-26T18:21:37.540+0000][1][safepoint    ] Safepoint "Cleanup", Time since last: 1000279100 ns, Reaching safepoint: 500000 ns, At safepoint: 144500 ns, Total: 644500 ns
[2020-04-26T18:21:38.542+0000][1][safepoint    ] Safepoint "Cleanup", Time since last: 1000563300 ns, Reaching safepoint: 706500 ns, At safepoint: 169100 ns, Total: 875600 ns
[2020-04-26T18:21:39.542+0000][1][safepoint    ] Safepoint "Cleanup", Time since last: 1000455100 ns, Reaching safepoint: 147400 ns, At safepoint: 31500 ns, Total: 178900 ns
[2020-04-26T18:21:40.543+0000][1][safepoint    ] Safepoint "Cleanup", Time since last: 1000313500 ns, Reaching safepoint: 194200 ns, At safepoint: 49300 ns, Total: 243500 ns
[2020-04-26T18:21:41.544+0000][1][safepoint    ] Safepoint "Cleanup", Time since last: 1000333700 ns, Reaching safepoint: 434900 ns, At safepoint: 137500 ns, Total: 572400 ns
[2020-04-26T18:21:42.544+0000][1][safepoint    ] Safepoint "Cleanup", Time since last: 1000281700 ns, Reaching safepoint: 182100 ns, At safepoint: 66100 ns, Total: 248200 ns
[2020-04-26T18:21:43.545+0000][1][safepoint    ] Safepoint "Cleanup", Time since last: 1000395500 ns, Reaching safepoint: 148500 ns, At safepoint: 36600 ns, Total: 185100 ns
[2020-04-26T18:21:44.545+0000][1][safepoint    ] Safepoint "Cleanup", Time since last: 1000215300 ns, Reaching safepoint: 181400 ns, At safepoint: 34300 ns, Total: 215700 ns
[2020-04-26T18:21:45.546+0000][1][safepoint    ] Safepoint "Cleanup", Time since last: 1000385200 ns, Reaching safepoint: 215700 ns, At safepoint: 77000 ns, Total: 292700 ns
[2020-04-26T18:21:46.547+0000][1][safepoint    ] Safepoint "Cleanup", Time since last: 1000268300 ns, Reaching safepoint: 423900 ns, At safepoint: 193600 ns, Total: 617500 ns
[2020-04-26T18:21:47.547+0000][1][safepoint    ] Safepoint "Cleanup", Time since last: 1000200500 ns, Reaching safepoint: 129200 ns, At safepoint: 49000 ns, Total: 178200 ns
[2020-04-26T18:21:48.548+0000][1][safepoint    ] Safepoint "Cleanup", Time since last: 1000489000 ns, Reaching safepoint: 385400 ns, At safepoint: 112600 ns, Total: 498000 ns
[2020-04-26T18:21:49.549+0000][1][safepoint    ] Safepoint "Cleanup", Time since last: 1000318600 ns, Reaching safepoint: 265200 ns, At safepoint: 117200 ns, Total: 382400 ns
[2020-04-26T18:21:50.550+0000][1][safepoint    ] Safepoint "Cleanup", Time since last: 1000439300 ns, Reaching safepoint: 135100 ns, At safepoint: 47600 ns, Total: 182700 ns
[2020-04-26T18:21:51.551+0000][1][safepoint    ] Safepoint "Cleanup", Time since last: 1000355000 ns, Reaching safepoint: 329700 ns, At safepoint: 147500 ns, Total: 477200 ns
[2020-04-26T18:21:52.552+0000][1][safepoint    ] Safepoint "Cleanup", Time since last: 1000411500 ns, Reaching safepoint: 705100 ns, At safepoint: 200600 ns, Total: 905700 ns
[2020-04-26T18:21:53.553+0000][1][safepoint    ] Safepoint "Cleanup", Time since last: 1000324000 ns, Reaching safepoint: 288700 ns, At safepoint: 161700 ns, Total: 450400 ns
[2020-04-26T18:21:54.554+0000][1][safepoint    ] Safepoint "Cleanup", Time since last: 1000353500 ns, Reaching safepoint: 563800 ns, At safepoint: 138400 ns, Total: 702200 ns
[2020-04-26T18:21:55.554+0000][1][safepoint    ] Safepoint "Cleanup", Time since last: 1000278600 ns, Reaching safepoint: 388900 ns, At safepoint: 78700 ns, Total: 467600 ns
[2020-04-26T18:21:56.731+0000][1][safepoint    ] Safepoint "Cleanup", Time since last: 1175859400 ns, Reaching safepoint: 338500 ns, At safepoint: 110200 ns, Total: 448700 ns
[2020-04-26T18:21:57.732+0000][1][safepoint    ] Safepoint "Cleanup", Time since last: 1000566600 ns, Reaching safepoint: 450900 ns, At safepoint: 140300 ns, Total: 591200 ns
[2020-04-26T18:21:58.733+0000][1][safepoint    ] Safepoint "Cleanup", Time since last: 1000460800 ns, Reaching safepoint: 689200 ns, At safepoint: 260700 ns, Total: 949900 ns
[2020-04-26T18:21:59.734+0000][1][safepoint    ] Safepoint "Cleanup", Time since last: 1000226400 ns, Reaching safepoint: 153700 ns, At safepoint: 33000 ns, Total: 186700 ns
[2020-04-26T18:22:00.147+0000][1][safepoint    ] Safepoint "RevokeBias", Time since last: 413004200 ns, Reaching safepoint: 138500 ns, At safepoint: 79600 ns, Total: 218100 ns
[2020-04-26T18:22:00.147+0000][1][safepoint    ] Safepoint "RevokeBias", Time since last: 46700 ns, Reaching safepoint: 79500 ns, At safepoint: 42700 ns, Total: 122200 ns
[2020-04-26T18:22:00.153+0000][1][safepoint    ] Safepoint "RevokeBias", Time since last: 6086200 ns, Reaching safepoint: 188400 ns, At safepoint: 104600 ns, Total: 293000 ns
[2020-04-26T18:22:00.154+0000][1][safepoint    ] Safepoint "RevokeBias", Time since last: 82000 ns, Reaching safepoint: 165400 ns, At safepoint: 88200 ns, Total: 253600 ns
[2020-04-26T18:22:01.154+0000][1][safepoint    ] Safepoint "Cleanup", Time since last: 1000296100 ns, Reaching safepoint: 139700 ns, At safepoint: 31600 ns, Total: 171300 ns
[2020-04-26T18:22:02.155+0000][1][safepoint    ] Safepoint "Cleanup", Time since last: 1000305700 ns, Reaching safepoint: 251300 ns, At safepoint: 73700 ns, Total: 325000 ns
[2020-04-26T18:22:03.156+0000][1][safepoint    ] Safepoint "Cleanup", Time since last: 1000318500 ns, Reaching safepoint: 276200 ns, At safepoint: 46800 ns, Total: 323000 ns
[2020-04-26T18:22:04.157+0000][1][safepoint    ] Safepoint "Cleanup", Time since last: 1000282600 ns, Reaching safepoint: 629900 ns, At safepoint: 135300 ns, Total: 765200 ns
[2020-04-26T18:22:05.157+0000][1][safepoint    ] Safepoint "Cleanup", Time since last: 1000364000 ns, Reaching safepoint: 305000 ns, At safepoint: 77000 ns, Total: 382000 ns
[2020-04-26T18:22:06.158+0000][1][safepoint    ] Safepoint "Cleanup", Time since last: 1000622500 ns, Reaching safepoint: 132100 ns, At safepoint: 32300 ns, Total: 164400 ns
[2020-04-26T18:22:07.159+0000][1][safepoint    ] Safepoint "Cleanup", Time since last: 1000609600 ns, Reaching safepoint: 517600 ns, At safepoint: 132700 ns, Total: 650300 ns
[2020-04-26T18:22:08.161+0000][1][safepoint    ] Safepoint "Cleanup", Time since last: 1000677100 ns, Reaching safepoint: 433000 ns, At safepoint: 132400 ns, Total: 565400 ns
[2020-04-26T18:22:09.161+0000][1][safepoint    ] Safepoint "Cleanup", Time since last: 1000328500 ns, Reaching safepoint: 271500 ns, At safepoint: 69800 ns, Total: 341300 ns
[2020-04-26T18:22:10.162+0000][1][safepoint    ] Safepoint "Cleanup", Time since last: 1000515800 ns, Reaching safepoint: 434300 ns, At safepoint: 134000 ns, Total: 568300 ns
[2020-04-26T18:22:11.163+0000][1][safepoint    ] Safepoint "Cleanup", Time since last: 1000635600 ns, Reaching safepoint: 135200 ns, At safepoint: 31000 ns, Total: 166200 ns
[2020-04-26T18:22:12.164+0000][1][safepoint    ] Safepoint "Cleanup", Time since last: 1000440600 ns, Reaching safepoint: 253700 ns, At safepoint: 74500 ns, Total: 328200 ns
[2020-04-26T18:22:13.165+0000][1][safepoint    ] Safepoint "Cleanup", Time since last: 1000355900 ns, Reaching safepoint: 457000 ns, At safepoint: 140100 ns, Total: 597100 ns
[2020-04-26T18:22:14.166+0000][1][safepoint    ] Safepoint "Cleanup", Time since last: 1000552400 ns, Reaching safepoint: 735900 ns, At safepoint: 221800 ns, Total: 957700 ns
[2020-04-26T18:22:15.167+0000][1][safepoint    ] Safepoint "Cleanup", Time since last: 1000405300 ns, Reaching safepoint: 437700 ns, At safepoint: 137200 ns, Total: 574900 ns
[2020-04-26T18:22:16.168+0000][1][safepoint    ] Safepoint "Cleanup", Time since last: 1000321900 ns, Reaching safepoint: 319500 ns, At safepoint: 150600 ns, Total: 470100 ns
[2020-04-26T18:22:17.169+0000][1][safepoint    ] Safepoint "Cleanup", Time since last: 1000352000 ns, Reaching safepoint: 454100 ns, At safepoint: 130200 ns, Total: 584300 ns
[2020-04-26T18:22:18.170+0000][1][safepoint    ] Safepoint "Cleanup", Time since last: 1000624700 ns, Reaching safepoint: 504600 ns, At safepoint: 132000 ns, Total: 636600 ns
[2020-04-26T18:22:19.171+0000][1][safepoint    ] Safepoint "Cleanup", Time since last: 1000374400 ns, Reaching safepoint: 434400 ns, At safepoint: 150800 ns, Total: 585200 ns
[2020-04-26T18:22:20.172+0000][1][safepoint    ] Safepoint "Cleanup", Time since last: 1000406700 ns, Reaching safepoint: 176700 ns, At safepoint: 49500 ns, Total: 226200 ns
[2020-04-26T18:22:21.172+0000][1][safepoint    ] Safepoint "Cleanup", Time since last: 1000184000 ns, Reaching safepoint: 131400 ns, At safepoint: 29000 ns, Total: 160400 ns
[2020-04-26T18:22:22.174+0000][1][safepoint    ] Safepoint "Cleanup", Time since last: 1000599300 ns, Reaching safepoint: 431200 ns, At safepoint: 151900 ns, Total: 583100 ns
[2020-04-26T18:22:23.175+0000][1][safepoint    ] Safepoint "Cleanup", Time since last: 1000531600 ns, Reaching safepoint: 434100 ns, At safepoint: 134800 ns, Total: 568900 ns
[2020-04-26T18:22:24.175+0000][1][safepoint    ] Safepoint "Cleanup", Time since last: 1000275700 ns, Reaching safepoint: 213200 ns, At safepoint: 56200 ns, Total: 269400 ns
[2020-04-26T18:22:25.176+0000][1][safepoint    ] Safepoint "Cleanup", Time since last: 1000220600 ns, Reaching safepoint: 510500 ns, At safepoint: 105100 ns, Total: 615600 ns
[2020-04-26T18:22:26.177+0000][1][safepoint    ] Safepoint "Cleanup", Time since last: 1000548600 ns, Reaching safepoint: 157400 ns, At safepoint: 42800 ns, Total: 200200 ns
[2020-04-26T18:22:27.177+0000][1][safepoint    ] Safepoint "Cleanup", Time since last: 1000435200 ns, Reaching safepoint: 266200 ns, At safepoint: 59600 ns, Total: 325800 ns
[2020-04-26T18:22:28.178+0000][1][safepoint    ] Safepoint "Cleanup", Time since last: 1000378000 ns, Reaching safepoint: 144800 ns, At safepoint: 38100 ns, Total: 182900 ns
[2020-04-26T18:22:29.179+0000][1][safepoint    ] Safepoint "Cleanup", Time since last: 1000455000 ns, Reaching safepoint: 386500 ns, At safepoint: 95400 ns, Total: 481900 ns
[2020-04-26T18:22:30.179+0000][1][safepoint    ] Safepoint "Cleanup", Time since last: 1000163500 ns, Reaching safepoint: 140100 ns, At safepoint: 30900 ns, Total: 171000 ns
[2020-04-26T18:22:31.180+0000][1][safepoint    ] Safepoint "Cleanup", Time since last: 1000162000 ns, Reaching safepoint: 135600 ns, At safepoint: 29400 ns, Total: 165000 ns
[2020-04-26T18:22:32.181+0000][1][safepoint    ] Safepoint "Cleanup", Time since last: 1000325700 ns, Reaching safepoint: 377800 ns, At safepoint: 159600 ns, Total: 537400 ns
[2020-04-26T18:22:33.181+0000][1][safepoint    ] Safepoint "Cleanup", Time since last: 1000409600 ns, Reaching safepoint: 426700 ns, At safepoint: 132600 ns, Total: 559300 ns
[2020-04-26T18:22:34.183+0000][1][safepoint    ] Safepoint "Cleanup", Time since last: 1000480000 ns, Reaching safepoint: 446500 ns, At safepoint: 431900 ns, Total: 878400 ns
[2020-04-26T18:22:35.183+0000][1][safepoint    ] Safepoint "Cleanup", Time since last: 1000224400 ns, Reaching safepoint: 152100 ns, At safepoint: 26400 ns, Total: 178500 ns
[2020-04-26T18:22:36.184+0000][1][safepoint    ] Safepoint "Cleanup", Time since last: 1000266300 ns, Reaching safepoint: 340000 ns, At safepoint: 53800 ns, Total: 393800 ns
[2020-04-26T18:22:37.184+0000][1][safepoint    ] Safepoint "Cleanup", Time since last: 1000378400 ns, Reaching safepoint: 136100 ns, At safepoint: 32100 ns, Total: 168200 ns
[2020-04-26T18:22:38.185+0000][1][safepoint    ] Safepoint "Cleanup", Time since last: 1000187600 ns, Reaching safepoint: 202800 ns, At safepoint: 38300 ns, Total: 241100 ns
[2020-04-26T18:22:39.185+0000][1][safepoint    ] Safepoint "Cleanup", Time since last: 1000340300 ns, Reaching safepoint: 183300 ns, At safepoint: 28100 ns, Total: 211400 ns
[2020-04-26T18:22:40.186+0000][1][safepoint    ] Safepoint "Cleanup", Time since last: 1000328500 ns, Reaching safepoint: 346200 ns, At safepoint: 59700 ns, Total: 405900 ns
[2020-04-26T18:22:41.187+0000][1][safepoint    ] Safepoint "Cleanup", Time since last: 1000214300 ns, Reaching safepoint: 144100 ns, At safepoint: 29700 ns, Total: 173800 ns
[2020-04-26T18:22:42.187+0000][1][safepoint    ] Safepoint "Cleanup", Time since last: 1000302800 ns, Reaching safepoint: 339400 ns, At safepoint: 127900 ns, Total: 467300 ns
[2020-04-26T18:22:43.188+0000][1][safepoint    ] Safepoint "Cleanup", Time since last: 1000332600 ns, Reaching safepoint: 492800 ns, At safepoint: 155500 ns, Total: 648300 ns
[2020-04-26T18:22:44.189+0000][1][safepoint    ] Safepoint "Cleanup", Time since last: 1000633900 ns, Reaching safepoint: 269500 ns, At safepoint: 50600 ns, Total: 320100 ns
[2020-04-26T18:22:45.190+0000][1][safepoint    ] Safepoint "Cleanup", Time since last: 1000126600 ns, Reaching safepoint: 180400 ns, At safepoint: 27800 ns, Total: 208200 ns
[2020-04-26T18:22:46.191+0000][1][safepoint    ] Safepoint "Cleanup", Time since last: 1000304200 ns, Reaching safepoint: 509300 ns, At safepoint: 128100 ns, Total: 637400 ns
[2020-04-26T18:22:47.191+0000][1][safepoint    ] Safepoint "Cleanup", Time since last: 1000555000 ns, Reaching safepoint: 179400 ns, At safepoint: 37500 ns, Total: 216900 ns
[2020-04-26T18:22:48.192+0000][1][safepoint    ] Safepoint "Cleanup", Time since last: 1000274500 ns, Reaching safepoint: 157800 ns, At safepoint: 46700 ns, Total: 204500 ns
[2020-04-26T18:22:49.193+0000][1][safepoint    ] Safepoint "Cleanup", Time since last: 1000601800 ns, Reaching safepoint: 497000 ns, At safepoint: 140900 ns, Total: 637900 ns
[2020-04-26T18:22:50.197+0000][1][safepoint    ] Safepoint "Cleanup", Time since last: 1003658700 ns, Reaching safepoint: 155000 ns, At safepoint: 31400 ns, Total: 186400 ns
[2020-04-26T18:22:51.198+0000][1][safepoint    ] Safepoint "Cleanup", Time since last: 1000270800 ns, Reaching safepoint: 578900 ns, At safepoint: 106100 ns, Total: 685000 ns
[2020-04-26T18:22:52.199+0000][1][safepoint    ] Safepoint "Cleanup", Time since last: 1000504100 ns, Reaching safepoint: 698500 ns, At safepoint: 169300 ns, Total: 867800 ns
[2020-04-26T18:22:53.200+0000][1][safepoint    ] Safepoint "Cleanup", Time since last: 1000274600 ns, Reaching safepoint: 134200 ns, At safepoint: 28400 ns, Total: 162600 ns
[2020-04-26T18:22:54.200+0000][1][safepoint    ] Safepoint "Cleanup", Time since last: 1000330600 ns, Reaching safepoint: 377200 ns, At safepoint: 98200 ns, Total: 475400 ns
[2020-04-26T18:22:55.201+0000][1][safepoint    ] Safepoint "Cleanup", Time since last: 1000510200 ns, Reaching safepoint: 141000 ns, At safepoint: 37300 ns, Total: 178300 ns
[2020-04-26T18:22:56.202+0000][1][safepoint    ] Safepoint "Cleanup", Time since last: 1000203400 ns, Reaching safepoint: 132700 ns, At safepoint: 29400 ns, Total: 162100 ns
[2020-04-26T18:22:57.202+0000][1][safepoint    ] Safepoint "Cleanup", Time since last: 1000223600 ns, Reaching safepoint: 189000 ns, At safepoint: 51700 ns, Total: 240700 ns
[2020-04-26T18:22:58.203+0000][1][safepoint    ] Safepoint "Cleanup", Time since last: 1000258500 ns, Reaching safepoint: 306100 ns, At safepoint: 60200 ns, Total: 366300 ns
[2020-04-26T18:22:59.203+0000][1][safepoint    ] Safepoint "Cleanup", Time since last: 1000255500 ns, Reaching safepoint: 193500 ns, At safepoint: 41400 ns, Total: 234900 ns
[2020-04-26T18:23:00.204+0000][1][safepoint    ] Safepoint "Cleanup", Time since last: 1000391100 ns, Reaching safepoint: 247500 ns, At safepoint: 61000 ns, Total: 308500 ns
[2020-04-26T18:23:01.204+0000][1][safepoint    ] Safepoint "Cleanup", Time since last: 1000263400 ns, Reaching safepoint: 138000 ns, At safepoint: 46100 ns, Total: 184100 ns
[2020-04-26T18:23:02.129+0000][1][safepoint    ] Safepoint "RevokeBias", Time since last: 924430800 ns, Reaching safepoint: 157000 ns, At safepoint: 95000 ns, Total: 252000 ns
[2020-04-26T18:23:02.130+0000][1][safepoint    ] Safepoint "BulkRevokeBias", Time since last: 304700 ns, Reaching safepoint: 116400 ns, At safepoint: 539400 ns, Total: 655800 ns
[2020-04-26T18:23:02.133+0000][1][safepoint    ] Safepoint "RevokeBias", Time since last: 3233300 ns, Reaching safepoint: 128700 ns, At safepoint: 66600 ns, Total: 195300 ns
[2020-04-26T18:23:02.134+0000][1][safepoint    ] Safepoint "RevokeBias", Time since last: 54500 ns, Reaching safepoint: 161900 ns, At safepoint: 73400 ns, Total: 235300 ns
[2020-04-26T18:23:02.134+0000][1][safepoint    ] Safepoint "RevokeBias", Time since last: 200600 ns, Reaching safepoint: 229900 ns, At safepoint: 60500 ns, Total: 290400 ns
[2020-04-26T18:23:03.135+0000][1][safepoint    ] Safepoint "Cleanup", Time since last: 1000988000 ns, Reaching safepoint: 141300 ns, At safepoint: 34400 ns, Total: 175700 ns
[2020-04-26T18:23:04.136+0000][1][safepoint    ] Safepoint "Cleanup", Time since last: 1000256300 ns, Reaching safepoint: 141400 ns, At safepoint: 34000 ns, Total: 175400 ns
[2020-04-26T18:23:05.136+0000][1][safepoint    ] Safepoint "Cleanup", Time since last: 1000285500 ns, Reaching safepoint: 329300 ns, At safepoint: 88800 ns, Total: 418100 ns
[2020-04-26T18:23:06.137+0000][1][safepoint    ] Safepoint "Cleanup", Time since last: 1000269300 ns, Reaching safepoint: 272400 ns, At safepoint: 74700 ns, Total: 347100 ns
[2020-04-26T18:23:07.138+0000][1][safepoint    ] Safepoint "Cleanup", Time since last: 1000677500 ns, Reaching safepoint: 456300 ns, At safepoint: 143600 ns, Total: 599900 ns
[2020-04-26T18:23:08.140+0000][1][safepoint    ] Safepoint "Cleanup", Time since last: 1000848200 ns, Reaching safepoint: 459900 ns, At safepoint: 139200 ns, Total: 599100 ns
[2020-04-26T18:23:09.141+0000][1][safepoint    ] Safepoint "Cleanup", Time since last: 1000381500 ns, Reaching safepoint: 457700 ns, At safepoint: 133100 ns, Total: 590800 ns
[2020-04-26T18:23:10.142+0000][1][safepoint    ] Safepoint "Cleanup", Time since last: 1000723500 ns, Reaching safepoint: 488300 ns, At safepoint: 143400 ns, Total: 631700 ns
[2020-04-26T18:23:11.143+0000][1][safepoint    ] Safepoint "Cleanup", Time since last: 1000271600 ns, Reaching safepoint: 166900 ns, At safepoint: 33000 ns, Total: 199900 ns
[2020-04-26T18:23:12.144+0000][1][safepoint    ] Safepoint "Cleanup", Time since last: 1000705600 ns, Reaching safepoint: 457200 ns, At safepoint: 143300 ns, Total: 600500 ns
[2020-04-26T18:23:13.145+0000][1][safepoint    ] Safepoint "Cleanup", Time since last: 1000630800 ns, Reaching safepoint: 465600 ns, At safepoint: 155700 ns, Total: 621300 ns
[2020-04-26T18:23:14.146+0000][1][safepoint    ] Safepoint "Cleanup", Time since last: 1000454600 ns, Reaching safepoint: 137100 ns, At safepoint: 30900 ns, Total: 168000 ns
[2020-04-26T18:23:15.146+0000][1][safepoint    ] Safepoint "Cleanup", Time since last: 1000171300 ns, Reaching safepoint: 139800 ns, At safepoint: 32100 ns, Total: 171900 ns
[2020-04-26T18:23:16.147+0000][1][safepoint    ] Safepoint "Cleanup", Time since last: 1000275000 ns, Reaching safepoint: 360900 ns, At safepoint: 88400 ns, Total: 449300 ns
[2020-04-26T18:23:17.147+0000][1][safepoint    ] Safepoint "Cleanup", Time since last: 1000298200 ns, Reaching safepoint: 205600 ns, At safepoint: 43200 ns, Total: 248800 ns
[2020-04-26T18:23:18.148+0000][1][safepoint    ] Safepoint "Cleanup", Time since last: 1000259800 ns, Reaching safepoint: 251800 ns, At safepoint: 39900 ns, Total: 291700 ns
[2020-04-26T18:23:19.148+0000][1][safepoint    ] Safepoint "Cleanup", Time since last: 1000236000 ns, Reaching safepoint: 152200 ns, At safepoint: 30200 ns, Total: 182400 ns
[2020-04-26T18:23:20.770+0000][1][safepoint    ] Safepoint "Cleanup", Time since last: 1621773800 ns, Reaching safepoint: 256300 ns, At safepoint: 74200 ns, Total: 330500 ns
[2020-04-26T18:23:21.771+0000][1][safepoint    ] Safepoint "Cleanup", Time since last: 1000187400 ns, Reaching safepoint: 145700 ns, At safepoint: 31900 ns, Total: 177600 ns
[2020-04-26T18:23:22.771+0000][1][safepoint    ] Safepoint "Cleanup", Time since last: 1000176200 ns, Reaching safepoint: 216300 ns, At safepoint: 90300 ns, Total: 306600 ns
[2020-04-26T18:23:23.772+0000][1][safepoint    ] Safepoint "Cleanup", Time since last: 1000210400 ns, Reaching safepoint: 316100 ns, At safepoint: 65600 ns, Total: 381700 ns
[2020-04-26T18:23:24.772+0000][1][safepoint    ] Safepoint "Cleanup", Time since last: 1000360600 ns, Reaching safepoint: 135800 ns, At safepoint: 31800 ns, Total: 167600 ns
[2020-04-26T18:23:25.773+0000][1][safepoint    ] Safepoint "Cleanup", Time since last: 1000209200 ns, Reaching safepoint: 216200 ns, At safepoint: 46300 ns, Total: 262500 ns
[2020-04-26T18:23:26.774+0000][1][safepoint    ] Safepoint "Cleanup", Time since last: 1000448400 ns, Reaching safepoint: 545000 ns, At safepoint: 135100 ns, Total: 680100 ns
[2020-04-26T18:23:27.775+0000][1][safepoint    ] Safepoint "Cleanup", Time since last: 1000355100 ns, Reaching safepoint: 520400 ns, At safepoint: 129800 ns, Total: 650200 ns
[2020-04-26T18:23:28.776+0000][1][safepoint    ] Safepoint "Cleanup", Time since last: 1000535300 ns, Reaching safepoint: 269900 ns, At safepoint: 77500 ns, Total: 347400 ns
[2020-04-26T18:23:29.777+0000][1][safepoint    ] Safepoint "Cleanup", Time since last: 1000351300 ns, Reaching safepoint: 284700 ns, At safepoint: 79300 ns, Total: 364000 ns
[2020-04-26T18:23:30.777+0000][1][safepoint    ] Safepoint "Cleanup", Time since last: 1000281900 ns, Reaching safepoint: 380200 ns, At safepoint: 93000 ns, Total: 473200 ns
[2020-04-26T18:23:31.778+0000][1][safepoint    ] Safepoint "Cleanup", Time since last: 1000386500 ns, Reaching safepoint: 470900 ns, At safepoint: 92800 ns, Total: 563700 ns
[2020-04-26T18:23:32.779+0000][1][safepoint    ] Safepoint "Cleanup", Time since last: 1000378400 ns, Reaching safepoint: 258200 ns, At safepoint: 42000 ns, Total: 300200 ns
[2020-04-26T18:23:33.780+0000][1][safepoint    ] Safepoint "Cleanup", Time since last: 1000335700 ns, Reaching safepoint: 500800 ns, At safepoint: 89200 ns, Total: 590000 ns
[2020-04-26T18:23:34.780+0000][1][safepoint    ] Safepoint "Cleanup", Time since last: 1000229900 ns, Reaching safepoint: 235000 ns, At safepoint: 64200 ns, Total: 299200 ns
[2020-04-26T18:23:35.781+0000][1][safepoint    ] Safepoint "Cleanup", Time since last: 1000376000 ns, Reaching safepoint: 463400 ns, At safepoint: 190000 ns, Total: 653400 ns
[2020-04-26T18:23:36.783+0000][1][safepoint    ] Safepoint "Cleanup", Time since last: 1000384300 ns, Reaching safepoint: 569800 ns, At safepoint: 193200 ns, Total: 763000 ns
[2020-04-26T18:23:37.783+0000][1][safepoint    ] Safepoint "Cleanup", Time since last: 1000582300 ns, Reaching safepoint: 184000 ns, At safepoint: 47700 ns, Total: 231700 ns
[2020-04-26T18:23:38.784+0000][1][safepoint    ] Safepoint "Cleanup", Time since last: 1000338800 ns, Reaching safepoint: 366600 ns, At safepoint: 86700 ns, Total: 453300 ns
[2020-04-26T18:23:39.785+0000][1][safepoint    ] Safepoint "Cleanup", Time since last: 1000332000 ns, Reaching safepoint: 276400 ns, At safepoint: 72500 ns, Total: 348900 ns
[2020-04-26T18:23:40.786+0000][1][safepoint    ] Safepoint "Cleanup", Time since last: 1000315500 ns, Reaching safepoint: 453400 ns, At safepoint: 184300 ns, Total: 637700 ns
[2020-04-26T18:23:41.787+0000][1][safepoint    ] Safepoint "Cleanup", Time since last: 1000482900 ns, Reaching safepoint: 441200 ns, At safepoint: 153800 ns, Total: 595000 ns
[2020-04-26T18:23:42.788+0000][1][safepoint    ] Safepoint "Cleanup", Time since last: 1000470200 ns, Reaching safepoint: 455800 ns, At safepoint: 159700 ns, Total: 615500 ns
[2020-04-26T18:23:43.789+0000][1][safepoint    ] Safepoint "Cleanup", Time since last: 1000580600 ns, Reaching safepoint: 455200 ns, At safepoint: 136500 ns, Total: 591700 ns
[2020-04-26T18:23:44.790+0000][1][safepoint    ] Safepoint "Cleanup", Time since last: 1000325500 ns, Reaching safepoint: 279900 ns, At safepoint: 80500 ns, Total: 360400 ns
[2020-04-26T18:23:45.791+0000][1][safepoint    ] Safepoint "Cleanup", Time since last: 1000482500 ns, Reaching safepoint: 185700 ns, At safepoint: 50400 ns, Total: 236100 ns
[2020-04-26T18:23:46.791+0000][1][safepoint    ] Safepoint "Cleanup", Time since last: 1000207800 ns, Reaching safepoint: 157800 ns, At safepoint: 42900 ns, Total: 200700 ns
[2020-04-26T18:23:47.792+0000][1][safepoint    ] Safepoint "Cleanup", Time since last: 1000309800 ns, Reaching safepoint: 519800 ns, At safepoint: 201700 ns, Total: 721500 ns
[2020-04-26T18:23:48.793+0000][1][safepoint    ] Safepoint "Cleanup", Time since last: 1000368300 ns, Reaching safepoint: 544600 ns, At safepoint: 266900 ns, Total: 811500 ns
[2020-04-26T18:23:49.794+0000][1][safepoint    ] Safepoint "Cleanup", Time since last: 1000296300 ns, Reaching safepoint: 363200 ns, At safepoint: 69800 ns, Total: 433000 ns
[2020-04-26T18:23:50.794+0000][1][safepoint    ] Safepoint "Cleanup", Time since last: 1000162200 ns, Reaching safepoint: 145200 ns, At safepoint: 31100 ns, Total: 176300 ns
[2020-04-26T18:23:51.795+0000][1][safepoint    ] Safepoint "Cleanup", Time since last: 1000459200 ns, Reaching safepoint: 382400 ns, At safepoint: 97400 ns, Total: 479800 ns
[2020-04-26T18:23:52.796+0000][1][safepoint    ] Safepoint "Cleanup", Time since last: 1000388400 ns, Reaching safepoint: 278100 ns, At safepoint: 79100 ns, Total: 357200 ns
[2020-04-26T18:23:53.797+0000][1][safepoint    ] Safepoint "Cleanup", Time since last: 1000303700 ns, Reaching safepoint: 243400 ns, At safepoint: 53600 ns, Total: 297000 ns
[2020-04-26T18:23:54.797+0000][1][safepoint    ] Safepoint "Cleanup", Time since last: 1000242700 ns, Reaching safepoint: 162300 ns, At safepoint: 39800 ns, Total: 202100 ns
[2020-04-26T18:23:55.798+0000][1][safepoint    ] Safepoint "Cleanup", Time since last: 1000587500 ns, Reaching safepoint: 591300 ns, At safepoint: 150100 ns, Total: 741400 ns
[2020-04-26T18:23:56.799+0000][1][safepoint    ] Safepoint "Cleanup", Time since last: 1000364000 ns, Reaching safepoint: 347800 ns, At safepoint: 113900 ns, Total: 461700 ns
[2020-04-26T18:23:57.800+0000][1][safepoint    ] Safepoint "Cleanup", Time since last: 1000557000 ns, Reaching safepoint: 453800 ns, At safepoint: 138400 ns, Total: 592200 ns
[2020-04-26T18:23:58.801+0000][1][safepoint    ] Safepoint "Cleanup", Time since last: 1000362600 ns, Reaching safepoint: 259500 ns, At safepoint: 55900 ns, Total: 315400 ns
[2020-04-26T18:23:59.801+0000][1][safepoint    ] Safepoint "Cleanup", Time since last: 1000185400 ns, Reaching safepoint: 198200 ns, At safepoint: 36700 ns, Total: 234900 ns
[2020-04-26T18:24:00.803+0000][1][safepoint    ] Safepoint "Cleanup", Time since last: 1000660600 ns, Reaching safepoint: 370500 ns, At safepoint: 154400 ns, Total: 524900 ns
[2020-04-26T18:24:01.803+0000][1][safepoint    ] Safepoint "Cleanup", Time since last: 1000350300 ns, Reaching safepoint: 269700 ns, At safepoint: 60100 ns, Total: 329800 ns
[2020-04-26T18:24:02.804+0000][1][safepoint    ] Safepoint "Cleanup", Time since last: 1000252900 ns, Reaching safepoint: 294900 ns, At safepoint: 83700 ns, Total: 378600 ns
[2020-04-26T18:24:03.146+0000][1][safepoint    ] Safepoint "RevokeBias", Time since last: 341629800 ns, Reaching safepoint: 135100 ns, At safepoint: 66300 ns, Total: 201400 ns
[2020-04-26T18:24:03.146+0000][1][safepoint    ] Safepoint "RevokeBias", Time since last: 58600 ns, Reaching safepoint: 81700 ns, At safepoint: 82600 ns, Total: 164300 ns
[2020-04-26T18:24:03.146+0000][1][safepoint    ] Safepoint "RevokeBias", Time since last: 194700 ns, Reaching safepoint: 183800 ns, At safepoint: 86300 ns, Total: 270100 ns
[2020-04-26T18:24:03.149+0000][1][safepoint    ] Safepoint "RevokeBias", Time since last: 2896600 ns, Reaching safepoint: 94400 ns, At safepoint: 61200 ns, Total: 155600 ns
[2020-04-26T18:24:03.150+0000][1][safepoint    ] Safepoint "RevokeBias", Time since last: 50600 ns, Reaching safepoint: 75600 ns, At safepoint: 73200 ns, Total: 148800 ns
[2020-04-26T18:24:03.150+0000][1][safepoint    ] Safepoint "RevokeBias", Time since last: 202900 ns, Reaching safepoint: 235900 ns, At safepoint: 62200 ns, Total: 298100 ns
[2020-04-26T18:24:03.151+0000][1][gc,start     ] GC(78) Pause Young (Allocation Failure)
[2020-04-26T18:24:03.151+0000][1][gc,task      ] GC(78) Using 10 workers of 10 for evacuation
[2020-04-26T18:24:03.154+0000][1][gc,age       ] GC(78) Desired survivor size 8945664 bytes, new threshold 6 (max threshold 6)
[2020-04-26T18:24:03.154+0000][1][gc,age       ] GC(78) Age table with threshold 6 (max threshold 6)
[2020-04-26T18:24:03.154+0000][1][gc,age       ] GC(78) - age   1:      95392 bytes,      95392 total
[2020-04-26T18:24:03.154+0000][1][gc,age       ] GC(78) - age   2:       1688 bytes,      97080 total
[2020-04-26T18:24:03.154+0000][1][gc,age       ] GC(78) - age   3:       1032 bytes,      98112 total
[2020-04-26T18:24:03.154+0000][1][gc,age       ] GC(78) - age   4:        416 bytes,      98528 total
[2020-04-26T18:24:03.154+0000][1][gc,age       ] GC(78) - age   5:        512 bytes,      99040 total
[2020-04-26T18:24:03.154+0000][1][gc,age       ] GC(78) - age   6:       7328 bytes,     106368 total
[2020-04-26T18:24:03.154+0000][1][gc,heap      ] GC(78) ParNew: 139880K->130K(157248K)
[2020-04-26T18:24:03.154+0000][1][gc,heap      ] GC(78) CMS: 88669K->88669K(349568K)
[2020-04-26T18:24:03.154+0000][1][gc,metaspace ] GC(78) Metaspace: 99736K->99736K(1142784K)
[2020-04-26T18:24:03.154+0000][1][gc           ] GC(78) Pause Young (Allocation Failure) 223M->86M(494M) 2.854ms
[2020-04-26T18:24:03.154+0000][1][gc,cpu       ] GC(78) User=0.00s Sys=0.01s Real=0.01s
[2020-04-26T18:24:03.154+0000][1][safepoint    ] Safepoint "GenCollectForAllocation", Time since last: 913100 ns, Reaching safepoint: 150400 ns, At safepoint: 2936400 ns, Total: 3086800 ns
[2020-04-26T18:24:04.155+0000][1][safepoint    ] Safepoint "Cleanup", Time since last: 1000600600 ns, Reaching safepoint: 516700 ns, At safepoint: 154500 ns, Total: 671200 ns
[2020-04-26T18:24:05.803+0000][1][safepoint    ] Safepoint "Cleanup", Time since last: 1647655700 ns, Reaching safepoint: 148200 ns, At safepoint: 37000 ns, Total: 185200 ns
[2020-04-26T18:24:06.804+0000][1][safepoint    ] Safepoint "Cleanup", Time since last: 1000560300 ns, Reaching safepoint: 421000 ns, At safepoint: 132500 ns, Total: 553500 ns
[2020-04-26T18:24:07.805+0000][1][safepoint    ] Safepoint "Cleanup", Time since last: 1000547900 ns, Reaching safepoint: 407000 ns, At safepoint: 116700 ns, Total: 523700 ns
[2020-04-26T18:24:08.807+0000][1][safepoint    ] Safepoint "Cleanup", Time since last: 1000466100 ns, Reaching safepoint: 528600 ns, At safepoint: 136700 ns, Total: 665300 ns
[2020-04-26T18:24:09.807+0000][1][safepoint    ] Safepoint "Cleanup", Time since last: 1000593300 ns, Reaching safepoint: 223900 ns, At safepoint: 64500 ns, Total: 288400 ns
[2020-04-26T18:24:10.808+0000][1][safepoint    ] Safepoint "Cleanup", Time since last: 1000298300 ns, Reaching safepoint: 540600 ns, At safepoint: 141600 ns, Total: 682200 ns
[2020-04-26T18:24:11.809+0000][1][safepoint    ] Safepoint "Cleanup", Time since last: 1000401300 ns, Reaching safepoint: 456400 ns, At safepoint: 180800 ns, Total: 637200 ns
[2020-04-26T18:24:12.811+0000][1][safepoint    ] Safepoint "Cleanup", Time since last: 1000509600 ns, Reaching safepoint: 516600 ns, At safepoint: 135100 ns, Total: 651700 ns
[2020-04-26T18:24:13.811+0000][1][safepoint    ] Safepoint "Cleanup", Time since last: 1000287300 ns, Reaching safepoint: 245100 ns, At safepoint: 60800 ns, Total: 305900 ns
[2020-04-26T18:24:14.812+0000][1][safepoint    ] Safepoint "Cleanup", Time since last: 1000380400 ns, Reaching safepoint: 455100 ns, At safepoint: 133000 ns, Total: 588100 ns
[2020-04-26T18:24:15.813+0000][1][safepoint    ] Safepoint "Cleanup", Time since last: 1000334700 ns, Reaching safepoint: 459300 ns, At safepoint: 136800 ns, Total: 596100 ns
[2020-04-26T18:24:16.815+0000][1][safepoint    ] Safepoint "Cleanup", Time since last: 1000727400 ns, Reaching safepoint: 497900 ns, At safepoint: 156200 ns, Total: 654100 ns
[2020-04-26T18:24:17.816+0000][1][safepoint    ] Safepoint "Cleanup", Time since last: 1000388600 ns, Reaching safepoint: 457000 ns, At safepoint: 138800 ns, Total: 595800 ns
[2020-04-26T18:24:18.817+0000][1][safepoint    ] Safepoint "Cleanup", Time since last: 1000622000 ns, Reaching safepoint: 462200 ns, At safepoint: 141200 ns, Total: 603400 ns
[2020-04-26T18:24:19.818+0000][1][safepoint    ] Safepoint "Cleanup", Time since last: 1000732100 ns, Reaching safepoint: 459100 ns, At safepoint: 184100 ns, Total: 643200 ns
[2020-04-26T18:24:20.819+0000][1][safepoint    ] Safepoint "Cleanup", Time since last: 1000661300 ns, Reaching safepoint: 406000 ns, At safepoint: 111300 ns, Total: 517300 ns
[2020-04-26T18:24:21.820+0000][1][safepoint    ] Safepoint "Cleanup", Time since last: 1000456000 ns, Reaching safepoint: 173800 ns, At safepoint: 49600 ns, Total: 223400 ns
[2020-04-26T18:24:22.820+0000][1][safepoint    ] Safepoint "Cleanup", Time since last: 1000159000 ns, Reaching safepoint: 151700 ns, At safepoint: 42000 ns, Total: 193700 ns
[2020-04-26T18:24:23.821+0000][1][safepoint    ] Safepoint "Cleanup", Time since last: 1000188700 ns, Reaching safepoint: 156400 ns, At safepoint: 32700 ns, Total: 189100 ns
[2020-04-26T18:24:24.822+0000][1][safepoint    ] Safepoint "Cleanup", Time since last: 1000362000 ns, Reaching safepoint: 461200 ns, At safepoint: 141300 ns, Total: 602500 ns
[2020-04-26T18:24:25.823+0000][1][safepoint    ] Safepoint "Cleanup", Time since last: 1000594100 ns, Reaching safepoint: 638700 ns, At safepoint: 155000 ns, Total: 793700 ns
[2020-04-26T18:24:26.824+0000][1][safepoint    ] Safepoint "Cleanup", Time since last: 1000480600 ns, Reaching safepoint: 753100 ns, At safepoint: 137900 ns, Total: 891000 ns
[2020-04-26T18:24:27.825+0000][1][safepoint    ] Safepoint "Cleanup", Time since last: 1000227200 ns, Reaching safepoint: 197800 ns, At safepoint: 39200 ns, Total: 237000 ns
[2020-04-26T18:24:28.826+0000][1][safepoint    ] Safepoint "Cleanup", Time since last: 1000401600 ns, Reaching safepoint: 197400 ns, At safepoint: 39900 ns, Total: 237300 ns
[2020-04-26T18:24:29.827+0000][1][safepoint    ] Safepoint "Cleanup", Time since last: 1000579600 ns, Reaching safepoint: 457200 ns, At safepoint: 150800 ns, Total: 608000 ns
[2020-04-26T18:24:30.828+0000][1][safepoint    ] Safepoint "Cleanup", Time since last: 1000660900 ns, Reaching safepoint: 457800 ns, At safepoint: 144300 ns, Total: 602100 ns
[2020-04-26T18:24:31.829+0000][1][safepoint    ] Safepoint "Cleanup", Time since last: 1000803400 ns, Reaching safepoint: 454800 ns, At safepoint: 143400 ns, Total: 598200 ns
[2020-04-26T18:24:32.830+0000][1][safepoint    ] Safepoint "Cleanup", Time since last: 1000493600 ns, Reaching safepoint: 432200 ns, At safepoint: 149600 ns, Total: 581800 ns
[2020-04-26T18:24:33.831+0000][1][safepoint    ] Safepoint "Cleanup", Time since last: 1000393500 ns, Reaching safepoint: 507500 ns, At safepoint: 140400 ns, Total: 647900 ns
[2020-04-26T18:24:34.832+0000][1][safepoint    ] Safepoint "Cleanup", Time since last: 1000283800 ns, Reaching safepoint: 146200 ns, At safepoint: 37000 ns, Total: 183200 ns
[2020-04-26T18:24:35.833+0000][1][safepoint    ] Safepoint "Cleanup", Time since last: 1000609000 ns, Reaching safepoint: 344100 ns, At safepoint: 106400 ns, Total: 450500 ns
[2020-04-26T18:24:36.834+0000][1][safepoint    ] Safepoint "Cleanup", Time since last: 1000434700 ns, Reaching safepoint: 435800 ns, At safepoint: 160200 ns, Total: 596000 ns
[2020-04-26T18:24:38.812+0000][1][safepoint    ] Safepoint "Cleanup", Time since last: 1977496800 ns, Reaching safepoint: 470800 ns, At safepoint: 168900 ns, Total: 639700 ns
[2020-04-26T18:24:39.813+0000][1][safepoint    ] Safepoint "Cleanup", Time since last: 1000429500 ns, Reaching safepoint: 224300 ns, At safepoint: 64200 ns, Total: 288500 ns
[2020-04-26T18:24:40.813+0000][1][safepoint    ] Safepoint "Cleanup", Time since last: 1000229300 ns, Reaching safepoint: 265400 ns, At safepoint: 70500 ns, Total: 335900 ns
[2020-04-26T18:24:41.814+0000][1][safepoint    ] Safepoint "Cleanup", Time since last: 1000477200 ns, Reaching safepoint: 256200 ns, At safepoint: 75600 ns, Total: 331800 ns
[2020-04-26T18:24:42.815+0000][1][safepoint    ] Safepoint "Cleanup", Time since last: 1000281700 ns, Reaching safepoint: 263300 ns, At safepoint: 80400 ns, Total: 343700 ns
[2020-04-26T18:24:43.815+0000][1][safepoint    ] Safepoint "Cleanup", Time since last: 1000164100 ns, Reaching safepoint: 141900 ns, At safepoint: 34600 ns, Total: 176500 ns
[2020-04-26T18:24:44.816+0000][1][safepoint    ] Safepoint "Cleanup", Time since last: 1000184900 ns, Reaching safepoint: 141400 ns, At safepoint: 32000 ns, Total: 173400 ns
[2020-04-26T18:24:45.817+0000][1][safepoint    ] Safepoint "Cleanup", Time since last: 1000611600 ns, Reaching safepoint: 464600 ns, At safepoint: 147200 ns, Total: 611800 ns
[2020-04-26T18:24:46.818+0000][1][safepoint    ] Safepoint "Cleanup", Time since last: 1000416700 ns, Reaching safepoint: 509600 ns, At safepoint: 131900 ns, Total: 641500 ns
[2020-04-26T18:24:47.819+0000][1][safepoint    ] Safepoint "Cleanup", Time since last: 1000386800 ns, Reaching safepoint: 216200 ns, At safepoint: 45600 ns, Total: 261800 ns
[2020-04-26T18:24:48.820+0000][1][safepoint    ] Safepoint "Cleanup", Time since last: 1000345600 ns, Reaching safepoint: 522600 ns, At safepoint: 132700 ns, Total: 655300 ns
[2020-04-26T18:24:49.821+0000][1][safepoint    ] Safepoint "Cleanup", Time since last: 1000437200 ns, Reaching safepoint: 464000 ns, At safepoint: 143300 ns, Total: 607300 ns
[2020-04-26T18:24:50.821+0000][1][safepoint    ] Safepoint "Cleanup", Time since last: 1000355100 ns, Reaching safepoint: 178400 ns, At safepoint: 55400 ns, Total: 233800 ns
[2020-04-26T18:24:51.822+0000][1][safepoint    ] Safepoint "Cleanup", Time since last: 1000530600 ns, Reaching safepoint: 368700 ns, At safepoint: 110100 ns, Total: 478800 ns
[2020-04-26T18:24:52.823+0000][1][safepoint    ] Safepoint "Cleanup", Time since last: 1000705800 ns, Reaching safepoint: 457300 ns, At safepoint: 143700 ns, Total: 601000 ns
[2020-04-26T18:24:53.824+0000][1][safepoint    ] Safepoint "Cleanup", Time since last: 1000188600 ns, Reaching safepoint: 134000 ns, At safepoint: 30200 ns, Total: 164200 ns
[2020-04-26T18:24:54.824+0000][1][safepoint    ] Safepoint "Cleanup", Time since last: 1000158500 ns, Reaching safepoint: 429900 ns, At safepoint: 71100 ns, Total: 501000 ns
[2020-04-26T18:24:55.825+0000][1][safepoint    ] Safepoint "Cleanup", Time since last: 1000331200 ns, Reaching safepoint: 188500 ns, At safepoint: 52000 ns, Total: 240500 ns
[2020-04-26T18:24:56.826+0000][1][safepoint    ] Safepoint "Cleanup", Time since last: 1000332600 ns, Reaching safepoint: 542600 ns, At safepoint: 205100 ns, Total: 747700 ns
[2020-04-26T18:24:57.827+0000][1][safepoint    ] Safepoint "Cleanup", Time since last: 1000285400 ns, Reaching safepoint: 185800 ns, At safepoint: 32600 ns, Total: 218400 ns
[2020-04-26T18:24:58.827+0000][1][safepoint    ] Safepoint "Cleanup", Time since last: 1000209100 ns, Reaching safepoint: 203700 ns, At safepoint: 43800 ns, Total: 247500 ns
[2020-04-26T18:24:59.827+0000][1][safepoint    ] Safepoint "Cleanup", Time since last: 1000152000 ns, Reaching safepoint: 143700 ns, At safepoint: 34000 ns, Total: 177700 ns
[2020-04-26T18:25:00.828+0000][1][safepoint    ] Safepoint "Cleanup", Time since last: 1000288400 ns, Reaching safepoint: 205900 ns, At safepoint: 56800 ns, Total: 262700 ns
[2020-04-26T18:25:01.829+0000][1][safepoint    ] Safepoint "Cleanup", Time since last: 1000527900 ns, Reaching safepoint: 552900 ns, At safepoint: 138000 ns, Total: 690900 ns
[2020-04-26T18:25:02.830+0000][1][safepoint    ] Safepoint "Cleanup", Time since last: 1000491000 ns, Reaching safepoint: 505800 ns, At safepoint: 135500 ns, Total: 641300 ns
[2020-04-26T18:25:03.831+0000][1][safepoint    ] Safepoint "Cleanup", Time since last: 1000394000 ns, Reaching safepoint: 474100 ns, At safepoint: 161800 ns, Total: 635900 ns
[2020-04-26T18:25:04.832+0000][1][safepoint    ] Safepoint "Cleanup", Time since last: 1000295800 ns, Reaching safepoint: 156900 ns, At safepoint: 42100 ns, Total: 199000 ns
[2020-04-26T18:25:05.139+0000][1][safepoint    ] Safepoint "RevokeBias", Time since last: 306882700 ns, Reaching safepoint: 158100 ns, At safepoint: 56300 ns, Total: 214400 ns
[2020-04-26T18:25:05.140+0000][1][safepoint    ] Safepoint "RevokeBias", Time since last: 257300 ns, Reaching safepoint: 204300 ns, At safepoint: 82100 ns, Total: 286400 ns
[2020-04-26T18:25:05.144+0000][1][safepoint    ] Safepoint "RevokeBias", Time since last: 3937600 ns, Reaching safepoint: 119000 ns, At safepoint: 70600 ns, Total: 189600 ns
[2020-04-26T18:25:05.144+0000][1][safepoint    ] Safepoint "RevokeBias", Time since last: 53400 ns, Reaching safepoint: 118700 ns, At safepoint: 82000 ns, Total: 200700 ns
[2020-04-26T18:25:05.144+0000][1][safepoint    ] Safepoint "RevokeBias", Time since last: 122100 ns, Reaching safepoint: 168100 ns, At safepoint: 59300 ns, Total: 227400 ns
[2020-04-26T18:25:06.145+0000][1][safepoint    ] Safepoint "Cleanup", Time since last: 1000860800 ns, Reaching safepoint: 164000 ns, At safepoint: 41800 ns, Total: 205800 ns
[2020-04-26T18:25:07.146+0000][1][safepoint    ] Safepoint "Cleanup", Time since last: 1000377500 ns, Reaching safepoint: 289100 ns, At safepoint: 94900 ns, Total: 384000 ns
[2020-04-26T18:25:08.147+0000][1][safepoint    ] Safepoint "Cleanup", Time since last: 1000674800 ns, Reaching safepoint: 432900 ns, At safepoint: 132900 ns, Total: 565800 ns
[2020-04-26T18:25:09.148+0000][1][safepoint    ] Safepoint "Cleanup", Time since last: 1000424400 ns, Reaching safepoint: 564800 ns, At safepoint: 143900 ns, Total: 708700 ns
[2020-04-26T18:25:10.150+0000][1][safepoint    ] Safepoint "Cleanup", Time since last: 1000516700 ns, Reaching safepoint: 453700 ns, At safepoint: 134200 ns, Total: 587900 ns
[2020-04-26T18:25:11.150+0000][1][safepoint    ] Safepoint "Cleanup", Time since last: 1000300900 ns, Reaching safepoint: 456800 ns, At safepoint: 129200 ns, Total: 586000 ns
[2020-04-26T18:25:12.151+0000][1][safepoint    ] Safepoint "Cleanup", Time since last: 1000614700 ns, Reaching safepoint: 133200 ns, At safepoint: 33100 ns, Total: 166300 ns
[2020-04-26T18:25:13.152+0000][1][safepoint    ] Safepoint "Cleanup", Time since last: 1000510600 ns, Reaching safepoint: 432900 ns, At safepoint: 134700 ns, Total: 567600 ns
[2020-04-26T18:25:14.153+0000][1][safepoint    ] Safepoint "Cleanup", Time since last: 1000212400 ns, Reaching safepoint: 192900 ns, At safepoint: 38900 ns, Total: 231800 ns
[2020-04-26T18:25:15.153+0000][1][safepoint    ] Safepoint "Cleanup", Time since last: 1000278000 ns, Reaching safepoint: 247300 ns, At safepoint: 72200 ns, Total: 319500 ns
[2020-04-26T18:25:16.154+0000][1][safepoint    ] Safepoint "Cleanup", Time since last: 1000462400 ns, Reaching safepoint: 201000 ns, At safepoint: 48200 ns, Total: 249200 ns
[2020-04-26T18:25:17.155+0000][1][safepoint    ] Safepoint "Cleanup", Time since last: 1000560800 ns, Reaching safepoint: 161800 ns, At safepoint: 42900 ns, Total: 204700 ns
[2020-04-26T18:25:18.156+0000][1][safepoint    ] Safepoint "Cleanup", Time since last: 1000388100 ns, Reaching safepoint: 433300 ns, At safepoint: 186900 ns, Total: 620200 ns
[2020-04-26T18:25:19.156+0000][1][safepoint    ] Safepoint "Cleanup", Time since last: 1000312600 ns, Reaching safepoint: 135300 ns, At safepoint: 33500 ns, Total: 168800 ns
[2020-04-26T18:25:20.157+0000][1][safepoint    ] Safepoint "Cleanup", Time since last: 1000597700 ns, Reaching safepoint: 431800 ns, At safepoint: 141800 ns, Total: 573600 ns
[2020-04-26T18:25:21.158+0000][1][safepoint    ] Safepoint "Cleanup", Time since last: 1000636800 ns, Reaching safepoint: 155100 ns, At safepoint: 33200 ns, Total: 188300 ns
[2020-04-26T18:25:22.159+0000][1][safepoint    ] Safepoint "Cleanup", Time since last: 1000290300 ns, Reaching safepoint: 249400 ns, At safepoint: 74500 ns, Total: 323900 ns
[2020-04-26T18:25:23.160+0000][1][safepoint    ] Safepoint "Cleanup", Time since last: 1000606700 ns, Reaching safepoint: 431900 ns, At safepoint: 133000 ns, Total: 564900 ns
[2020-04-26T18:25:24.161+0000][1][safepoint    ] Safepoint "Cleanup", Time since last: 1000395300 ns, Reaching safepoint: 509900 ns, At safepoint: 132600 ns, Total: 642500 ns
[2020-04-26T18:25:25.162+0000][1][safepoint    ] Safepoint "Cleanup", Time since last: 1000647700 ns, Reaching safepoint: 444300 ns, At safepoint: 137500 ns, Total: 581800 ns
[2020-04-26T18:25:26.163+0000][1][safepoint    ] Safepoint "Cleanup", Time since last: 1000320900 ns, Reaching safepoint: 219800 ns, At safepoint: 63400 ns, Total: 283200 ns
[2020-04-26T18:25:27.164+0000][1][safepoint    ] Safepoint "Cleanup", Time since last: 1000420100 ns, Reaching safepoint: 397900 ns, At safepoint: 118000 ns, Total: 515900 ns
[2020-04-26T18:25:28.165+0000][1][safepoint    ] Safepoint "Cleanup", Time since last: 1000583300 ns, Reaching safepoint: 434100 ns, At safepoint: 132800 ns, Total: 566900 ns
[2020-04-26T18:25:29.166+0000][1][safepoint    ] Safepoint "Cleanup", Time since last: 1000300300 ns, Reaching safepoint: 386300 ns, At safepoint: 43100 ns, Total: 429400 ns
[2020-04-26T18:25:30.166+0000][1][safepoint    ] Safepoint "Cleanup", Time since last: 1000523100 ns, Reaching safepoint: 137800 ns, At safepoint: 34400 ns, Total: 172200 ns
[2020-04-26T18:25:31.168+0000][1][safepoint    ] Safepoint "Cleanup", Time since last: 1000626600 ns, Reaching safepoint: 507100 ns, At safepoint: 133100 ns, Total: 640200 ns
[2020-04-26T18:25:32.169+0000][1][safepoint    ] Safepoint "Cleanup", Time since last: 1000627100 ns, Reaching safepoint: 526700 ns, At safepoint: 132400 ns, Total: 659100 ns
[2020-04-26T18:25:33.170+0000][1][safepoint    ] Safepoint "Cleanup", Time since last: 1000458900 ns, Reaching safepoint: 433300 ns, At safepoint: 132200 ns, Total: 565500 ns
[2020-04-26T18:25:34.171+0000][1][safepoint    ] Safepoint "Cleanup", Time since last: 1000602000 ns, Reaching safepoint: 511200 ns, At safepoint: 133500 ns, Total: 644700 ns
[2020-04-26T18:25:35.172+0000][1][safepoint    ] Safepoint "Cleanup", Time since last: 1000627900 ns, Reaching safepoint: 380800 ns, At safepoint: 96200 ns, Total: 477000 ns
[2020-04-26T18:25:36.173+0000][1][safepoint    ] Safepoint "Cleanup", Time since last: 1000611500 ns, Reaching safepoint: 194200 ns, At safepoint: 52600 ns, Total: 246800 ns
[2020-04-26T18:25:37.174+0000][1][safepoint    ] Safepoint "Cleanup", Time since last: 1000287000 ns, Reaching safepoint: 463000 ns, At safepoint: 93800 ns, Total: 556800 ns
[2020-04-26T18:25:38.269+0000][1][safepoint    ] Safepoint "Cleanup", Time since last: 1094688400 ns, Reaching safepoint: 513100 ns, At safepoint: 137200 ns, Total: 650300 ns
[2020-04-26T18:25:39.270+0000][1][safepoint    ] Safepoint "Cleanup", Time since last: 1000540500 ns, Reaching safepoint: 130100 ns, At safepoint: 28900 ns, Total: 159000 ns
[2020-04-26T18:25:40.271+0000][1][safepoint    ] Safepoint "Cleanup", Time since last: 1000191900 ns, Reaching safepoint: 159100 ns, At safepoint: 36300 ns, Total: 195400 ns
[2020-04-26T18:25:41.271+0000][1][safepoint    ] Safepoint "Cleanup", Time since last: 1000281000 ns, Reaching safepoint: 403000 ns, At safepoint: 92700 ns, Total: 495700 ns
[2020-04-26T18:25:42.273+0000][1][safepoint    ] Safepoint "Cleanup", Time since last: 1000668000 ns, Reaching safepoint: 786200 ns, At safepoint: 159100 ns, Total: 945300 ns
[2020-04-26T18:25:43.274+0000][1][safepoint    ] Safepoint "Cleanup", Time since last: 1000468900 ns, Reaching safepoint: 142800 ns, At safepoint: 32300 ns, Total: 175100 ns
[2020-04-26T18:25:44.275+0000][1][safepoint    ] Safepoint "Cleanup", Time since last: 1000529500 ns, Reaching safepoint: 431100 ns, At safepoint: 133400 ns, Total: 564500 ns
[2020-04-26T18:25:45.276+0000][1][safepoint    ] Safepoint "Cleanup", Time since last: 1000494500 ns, Reaching safepoint: 432000 ns, At safepoint: 140200 ns, Total: 572200 ns
[2020-04-26T18:25:46.277+0000][1][safepoint    ] Safepoint "Cleanup", Time since last: 1000489700 ns, Reaching safepoint: 449500 ns, At safepoint: 147000 ns, Total: 596500 ns
[2020-04-26T18:25:47.278+0000][1][safepoint    ] Safepoint "Cleanup", Time since last: 1000435800 ns, Reaching safepoint: 593600 ns, At safepoint: 149300 ns, Total: 742900 ns
[2020-04-26T18:25:48.279+0000][1][safepoint    ] Safepoint "Cleanup", Time since last: 1000357300 ns, Reaching safepoint: 242200 ns, At safepoint: 71900 ns, Total: 314100 ns
[2020-04-26T18:25:49.280+0000][1][safepoint    ] Safepoint "Cleanup", Time since last: 1000321200 ns, Reaching safepoint: 460600 ns, At safepoint: 138400 ns, Total: 599000 ns
[2020-04-26T18:25:50.281+0000][1][safepoint    ] Safepoint "Cleanup", Time since last: 1000444800 ns, Reaching safepoint: 518500 ns, At safepoint: 131700 ns, Total: 650200 ns
[2020-04-26T18:25:51.282+0000][1][safepoint    ] Safepoint "Cleanup", Time since last: 1000599300 ns, Reaching safepoint: 433600 ns, At safepoint: 133200 ns, Total: 566800 ns
[2020-04-26T18:25:52.282+0000][1][safepoint    ] Safepoint "Cleanup", Time since last: 1000253000 ns, Reaching safepoint: 260500 ns, At safepoint: 54900 ns, Total: 315400 ns
[2020-04-26T18:25:53.284+0000][1][safepoint    ] Safepoint "Cleanup", Time since last: 1000486200 ns, Reaching safepoint: 792100 ns, At safepoint: 167300 ns, Total: 959400 ns
[2020-04-26T18:25:54.285+0000][1][safepoint    ] Safepoint "Cleanup", Time since last: 1000416500 ns, Reaching safepoint: 432900 ns, At safepoint: 131800 ns, Total: 564700 ns
[2020-04-26T18:25:55.286+0000][1][safepoint    ] Safepoint "Cleanup", Time since last: 1000713400 ns, Reaching safepoint: 432900 ns, At safepoint: 140200 ns, Total: 573100 ns
[2020-04-26T18:25:56.287+0000][1][safepoint    ] Safepoint "Cleanup", Time since last: 1000245000 ns, Reaching safepoint: 147300 ns, At safepoint: 32700 ns, Total: 180000 ns
[2020-04-26T18:25:57.287+0000][1][safepoint    ] Safepoint "Cleanup", Time since last: 1000169400 ns, Reaching safepoint: 145500 ns, At safepoint: 27800 ns, Total: 173300 ns
[2020-04-26T18:25:58.288+0000][1][safepoint    ] Safepoint "Cleanup", Time since last: 1000360500 ns, Reaching safepoint: 432600 ns, At safepoint: 136500 ns, Total: 569100 ns
[2020-04-26T18:25:59.288+0000][1][safepoint    ] Safepoint "Cleanup", Time since last: 1000212400 ns, Reaching safepoint: 248300 ns, At safepoint: 30500 ns, Total: 278800 ns
[2020-04-26T18:26:00.290+0000][1][safepoint    ] Safepoint "Cleanup", Time since last: 1000601600 ns, Reaching safepoint: 520300 ns, At safepoint: 132900 ns, Total: 653200 ns
[2020-04-26T18:26:01.290+0000][1][safepoint    ] Safepoint "Cleanup", Time since last: 1000348000 ns, Reaching safepoint: 438300 ns, At safepoint: 138300 ns, Total: 576600 ns
[2020-04-26T18:26:02.292+0000][1][safepoint    ] Safepoint "Cleanup", Time since last: 1000555300 ns, Reaching safepoint: 638800 ns, At safepoint: 156100 ns, Total: 794900 ns
[2020-04-26T18:26:03.293+0000][1][safepoint    ] Safepoint "Cleanup", Time since last: 1000533000 ns, Reaching safepoint: 593200 ns, At safepoint: 123500 ns, Total: 716700 ns
[2020-04-26T18:26:04.294+0000][1][safepoint    ] Safepoint "Cleanup", Time since last: 1000432700 ns, Reaching safepoint: 611500 ns, At safepoint: 134900 ns, Total: 746400 ns
[2020-04-26T18:26:05.295+0000][1][safepoint    ] Safepoint "Cleanup", Time since last: 1000647500 ns, Reaching safepoint: 458900 ns, At safepoint: 137800 ns, Total: 596700 ns
[2020-04-26T18:26:06.156+0000][1][safepoint    ] Safepoint "RevokeBias", Time since last: 860254800 ns, Reaching safepoint: 134000 ns, At safepoint: 60100 ns, Total: 194100 ns
[2020-04-26T18:26:06.156+0000][1][safepoint    ] Safepoint "RevokeBias", Time since last: 237500 ns, Reaching safepoint: 236700 ns, At safepoint: 71100 ns, Total: 307800 ns
[2020-04-26T18:26:06.162+0000][1][safepoint    ] Safepoint "RevokeBias", Time since last: 5039000 ns, Reaching safepoint: 133900 ns, At safepoint: 55400 ns, Total: 189300 ns
[2020-04-26T18:26:06.162+0000][1][safepoint    ] Safepoint "RevokeBias", Time since last: 70600 ns, Reaching safepoint: 84500 ns, At safepoint: 65900 ns, Total: 150400 ns
[2020-04-26T18:26:07.162+0000][1][safepoint    ] Safepoint "Cleanup", Time since last: 1000189900 ns, Reaching safepoint: 135600 ns, At safepoint: 30200 ns, Total: 165800 ns
[2020-04-26T18:26:08.297+0000][1][safepoint    ] Safepoint "Cleanup", Time since last: 1134793500 ns, Reaching safepoint: 256800 ns, At safepoint: 52400 ns, Total: 309200 ns
[2020-04-26T18:26:09.298+0000][1][safepoint    ] Safepoint "Cleanup", Time since last: 1000356500 ns, Reaching safepoint: 422100 ns, At safepoint: 91600 ns, Total: 513700 ns
[2020-04-26T18:26:10.299+0000][1][safepoint    ] Safepoint "Cleanup", Time since last: 1000310600 ns, Reaching safepoint: 220000 ns, At safepoint: 46900 ns, Total: 266900 ns
[2020-04-26T18:26:11.299+0000][1][safepoint    ] Safepoint "Cleanup", Time since last: 1000230400 ns, Reaching safepoint: 288800 ns, At safepoint: 62400 ns, Total: 351200 ns
[2020-04-26T18:26:12.300+0000][1][safepoint    ] Safepoint "Cleanup", Time since last: 1000252600 ns, Reaching safepoint: 247000 ns, At safepoint: 54600 ns, Total: 301600 ns
[2020-04-26T18:26:13.301+0000][1][safepoint    ] Safepoint "Cleanup", Time since last: 1000504800 ns, Reaching safepoint: 429300 ns, At safepoint: 134300 ns, Total: 563600 ns
[2020-04-26T18:26:14.302+0000][1][safepoint    ] Safepoint "Cleanup", Time since last: 1000603400 ns, Reaching safepoint: 433900 ns, At safepoint: 133100 ns, Total: 567000 ns
[2020-04-26T18:26:15.303+0000][1][safepoint    ] Safepoint "Cleanup", Time since last: 1000438400 ns, Reaching safepoint: 429500 ns, At safepoint: 132100 ns, Total: 561600 ns
[2020-04-26T18:26:16.304+0000][1][safepoint    ] Safepoint "Cleanup", Time since last: 1000409700 ns, Reaching safepoint: 328000 ns, At safepoint: 93600 ns, Total: 421600 ns
[2020-04-26T18:26:17.304+0000][1][safepoint    ] Safepoint "Cleanup", Time since last: 1000188300 ns, Reaching safepoint: 155800 ns, At safepoint: 30900 ns, Total: 186700 ns
[2020-04-26T18:26:18.305+0000][1][safepoint    ] Safepoint "Cleanup", Time since last: 1000164800 ns, Reaching safepoint: 162200 ns, At safepoint: 32000 ns, Total: 194200 ns
[2020-04-26T18:26:19.306+0000][1][safepoint    ] Safepoint "Cleanup", Time since last: 1000399200 ns, Reaching safepoint: 432000 ns, At safepoint: 141500 ns, Total: 573500 ns
[2020-04-26T18:26:20.306+0000][1][safepoint    ] Safepoint "Cleanup", Time since last: 1000291000 ns, Reaching safepoint: 147400 ns, At safepoint: 39300 ns, Total: 186700 ns
[2020-04-26T18:26:21.307+0000][1][safepoint    ] Safepoint "Cleanup", Time since last: 1000428700 ns, Reaching safepoint: 522900 ns, At safepoint: 134000 ns, Total: 656900 ns
[2020-04-26T18:26:22.308+0000][1][safepoint    ] Safepoint "Cleanup", Time since last: 1000343100 ns, Reaching safepoint: 520400 ns, At safepoint: 141300 ns, Total: 661700 ns
[2020-04-26T18:26:23.844+0000][1][safepoint    ] Safepoint "Cleanup", Time since last: 1535110800 ns, Reaching safepoint: 507000 ns, At safepoint: 207500 ns, Total: 714500 ns
[2020-04-26T18:26:24.845+0000][1][safepoint    ] Safepoint "Cleanup", Time since last: 1000404500 ns, Reaching safepoint: 523400 ns, At safepoint: 134600 ns, Total: 658000 ns
[2020-04-26T18:26:25.846+0000][1][safepoint    ] Safepoint "Cleanup", Time since last: 1000299800 ns, Reaching safepoint: 542500 ns, At safepoint: 127700 ns, Total: 670200 ns
[2020-04-26T18:26:26.847+0000][1][safepoint    ] Safepoint "Cleanup", Time since last: 1000640600 ns, Reaching safepoint: 322900 ns, At safepoint: 136900 ns, Total: 459800 ns
[2020-04-26T18:26:27.848+0000][1][safepoint    ] Safepoint "Cleanup", Time since last: 1000563200 ns, Reaching safepoint: 135700 ns, At safepoint: 34100 ns, Total: 169800 ns
[2020-04-26T18:26:28.850+0000][1][safepoint    ] Safepoint "Cleanup", Time since last: 1000286100 ns, Reaching safepoint: 816000 ns, At safepoint: 418500 ns, Total: 1234500 ns
[2020-04-26T18:26:29.851+0000][1][safepoint    ] Safepoint "Cleanup", Time since last: 1000695200 ns, Reaching safepoint: 470200 ns, At safepoint: 159300 ns, Total: 629500 ns
[2020-04-26T18:26:30.852+0000][1][safepoint    ] Safepoint "Cleanup", Time since last: 1000513100 ns, Reaching safepoint: 481500 ns, At safepoint: 142700 ns, Total: 624200 ns
[2020-04-26T18:26:31.853+0000][1][safepoint    ] Safepoint "Cleanup", Time since last: 1000375100 ns, Reaching safepoint: 153900 ns, At safepoint: 34900 ns, Total: 188800 ns
[2020-04-26T18:26:32.853+0000][1][safepoint    ] Safepoint "Cleanup", Time since last: 1000343900 ns, Reaching safepoint: 214600 ns, At safepoint: 59800 ns, Total: 274400 ns
[2020-04-26T18:26:33.854+0000][1][safepoint    ] Safepoint "Cleanup", Time since last: 1000518300 ns, Reaching safepoint: 147400 ns, At safepoint: 41000 ns, Total: 188400 ns
[2020-04-26T18:26:34.855+0000][1][safepoint    ] Safepoint "Cleanup", Time since last: 1000381400 ns, Reaching safepoint: 460100 ns, At safepoint: 222600 ns, Total: 682700 ns
[2020-04-26T18:26:35.856+0000][1][safepoint    ] Safepoint "Cleanup", Time since last: 1000404000 ns, Reaching safepoint: 513200 ns, At safepoint: 134300 ns, Total: 647500 ns
[2020-04-26T18:26:36.857+0000][1][safepoint    ] Safepoint "Cleanup", Time since last: 1000587800 ns, Reaching safepoint: 432000 ns, At safepoint: 173000 ns, Total: 605000 ns
[2020-04-26T18:26:37.858+0000][1][safepoint    ] Safepoint "Cleanup", Time since last: 1000670700 ns, Reaching safepoint: 163900 ns, At safepoint: 35800 ns, Total: 199700 ns
[2020-04-26T18:26:38.859+0000][1][safepoint    ] Safepoint "Cleanup", Time since last: 1000559200 ns, Reaching safepoint: 433600 ns, At safepoint: 134600 ns, Total: 568200 ns
[2020-04-26T18:26:39.860+0000][1][safepoint    ] Safepoint "Cleanup", Time since last: 1000426500 ns, Reaching safepoint: 453100 ns, At safepoint: 184200 ns, Total: 637300 ns
[2020-04-26T18:26:40.861+0000][1][safepoint    ] Safepoint "Cleanup", Time since last: 1000288300 ns, Reaching safepoint: 139600 ns, At safepoint: 36500 ns, Total: 176100 ns
[2020-04-26T18:26:41.862+0000][1][safepoint    ] Safepoint "Cleanup", Time since last: 1000608300 ns, Reaching safepoint: 173600 ns, At safepoint: 43600 ns, Total: 217200 ns
[2020-04-26T18:26:42.862+0000][1][safepoint    ] Safepoint "Cleanup", Time since last: 1000444400 ns, Reaching safepoint: 161600 ns, At safepoint: 41500 ns, Total: 203100 ns
[2020-04-26T18:26:43.863+0000][1][safepoint    ] Safepoint "Cleanup", Time since last: 1000269100 ns, Reaching safepoint: 144600 ns, At safepoint: 32800 ns, Total: 177400 ns
[2020-04-26T18:26:44.864+0000][1][safepoint    ] Safepoint "Cleanup", Time since last: 1000467900 ns, Reaching safepoint: 431200 ns, At safepoint: 143800 ns, Total: 575000 ns
[2020-04-26T18:26:45.865+0000][1][safepoint    ] Safepoint "Cleanup", Time since last: 1000696200 ns, Reaching safepoint: 428800 ns, At safepoint: 134100 ns, Total: 562900 ns
[2020-04-26T18:26:46.866+0000][1][safepoint    ] Safepoint "Cleanup", Time since last: 1000408600 ns, Reaching safepoint: 280200 ns, At safepoint: 84300 ns, Total: 364500 ns
[2020-04-26T18:26:47.866+0000][1][safepoint    ] Safepoint "Cleanup", Time since last: 1000515300 ns, Reaching safepoint: 153100 ns, At safepoint: 32300 ns, Total: 185400 ns
[2020-04-26T18:26:48.867+0000][1][safepoint    ] Safepoint "Cleanup", Time since last: 1000324600 ns, Reaching safepoint: 515300 ns, At safepoint: 133400 ns, Total: 648700 ns
[2020-04-26T18:26:49.869+0000][1][safepoint    ] Safepoint "Cleanup", Time since last: 1000598400 ns, Reaching safepoint: 460400 ns, At safepoint: 133300 ns, Total: 593700 ns
[2020-04-26T18:26:50.869+0000][1][safepoint    ] Safepoint "Cleanup", Time since last: 1000354800 ns, Reaching safepoint: 298100 ns, At safepoint: 65400 ns, Total: 363500 ns
[2020-04-26T18:26:51.870+0000][1][safepoint    ] Safepoint "Cleanup", Time since last: 1000265700 ns, Reaching safepoint: 154600 ns, At safepoint: 34000 ns, Total: 188600 ns
[2020-04-26T18:26:52.870+0000][1][safepoint    ] Safepoint "Cleanup", Time since last: 1000447600 ns, Reaching safepoint: 174600 ns, At safepoint: 47200 ns, Total: 221800 ns
[2020-04-26T18:26:53.871+0000][1][safepoint    ] Safepoint "Cleanup", Time since last: 1000181900 ns, Reaching safepoint: 142500 ns, At safepoint: 31600 ns, Total: 174100 ns
[2020-04-26T18:26:54.872+0000][1][safepoint    ] Safepoint "Cleanup", Time since last: 1000274600 ns, Reaching safepoint: 536400 ns, At safepoint: 132100 ns, Total: 668500 ns
[2020-04-26T18:26:55.872+0000][1][safepoint    ] Safepoint "Cleanup", Time since last: 1000272200 ns, Reaching safepoint: 209800 ns, At safepoint: 46200 ns, Total: 256000 ns
