[2020-05-01T11:22:09.705+0000][1][gc] Using Concurrent Mark Sweep
[2020-05-01T11:22:09.705+0000][1][gc,heap,coops] Heap address: 0x00000000e0000000, size: 512 MB, Compressed Oops mode: 32-bit
[2020-05-01T11:22:09.756+0000][1][safepoint    ] Safepoint "EnableBiasedLocking", Time since last: 40772800 ns, Reaching safepoint: 139000 ns, At safepoint: 148700 ns, Total: 287700 ns
[2020-05-01T11:22:09.759+0000][1][safepoint    ] Safepoint "RevokeBias", Time since last: 2733100 ns, Reaching safepoint: 114900 ns, At safepoint: 98500 ns, Total: 213400 ns
[2020-05-01T11:22:09.773+0000][1][safepoint    ] Safepoint "Deoptimize", Time since last: 14486000 ns, Reaching safepoint: 15700 ns, At safepoint: 55900 ns, Total: 71600 ns
[2020-05-01T11:22:09.894+0000][1][safepoint    ] Safepoint "RevokeBias", Time since last: 120451000 ns, Reaching safepoint: 27200 ns, At safepoint: 56100 ns, Total: 83300 ns
[2020-05-01T11:22:09.896+0000][1][safepoint    ] Safepoint "Deoptimize", Time since last: 1480800 ns, Reaching safepoint: 9800 ns, At safepoint: 63200 ns, Total: 73000 ns
[2020-05-01T11:22:09.897+0000][1][safepoint    ] Safepoint "Deoptimize", Time since last: 1534000 ns, Reaching safepoint: 9800 ns, At safepoint: 60600 ns, Total: 70400 ns
[2020-05-01T11:22:09.937+0000][1][safepoint    ] Safepoint "Deoptimize", Time since last: 39972200 ns, Reaching safepoint: 17400 ns, At safepoint: 71900 ns, Total: 89300 ns
[2020-05-01T11:22:10.339+0000][1][safepoint    ] Safepoint "Deoptimize", Time since last: 401668400 ns, Reaching safepoint: 118800 ns, At safepoint: 140600 ns, Total: 259400 ns
[2020-05-01T11:22:10.410+0000][1][safepoint    ] Safepoint "Deoptimize", Time since last: 70427600 ns, Reaching safepoint: 29900 ns, At safepoint: 137700 ns, Total: 167600 ns
[2020-05-01T11:22:10.514+0000][1][safepoint    ] Safepoint "Deoptimize", Time since last: 103901700 ns, Reaching safepoint: 33300 ns, At safepoint: 130000 ns, Total: 163300 ns
[2020-05-01T11:22:10.706+0000][1][safepoint    ] Safepoint "Deoptimize", Time since last: 191640300 ns, Reaching safepoint: 55300 ns, At safepoint: 340600 ns, Total: 395900 ns
[2020-05-01T11:22:10.999+0000][1][safepoint    ] Safepoint "Deoptimize", Time since last: 292879300 ns, Reaching safepoint: 70500 ns, At safepoint: 142400 ns, Total: 212900 ns
[2020-05-01T11:22:11.091+0000][1][safepoint    ] Safepoint "RevokeBias", Time since last: 92409700 ns, Reaching safepoint: 27800 ns, At safepoint: 105900 ns, Total: 133700 ns
[2020-05-01T11:22:11.215+0000][1][safepoint    ] Safepoint "Deoptimize", Time since last: 122799000 ns, Reaching safepoint: 62600 ns, At safepoint: 251100 ns, Total: 313700 ns
[2020-05-01T11:22:11.315+0000][1][safepoint    ] Safepoint "Deoptimize", Time since last: 100400100 ns, Reaching safepoint: 52700 ns, At safepoint: 262300 ns, Total: 315000 ns
[2020-05-01T11:22:11.316+0000][1][safepoint    ] Safepoint "Deoptimize", Time since last: 279300 ns, Reaching safepoint: 14800 ns, At safepoint: 173500 ns, Total: 188300 ns
[2020-05-01T11:22:11.378+0000][1][safepoint    ] Safepoint "Deoptimize", Time since last: 61603800 ns, Reaching safepoint: 28000 ns, At safepoint: 176700 ns, Total: 204700 ns
[2020-05-01T11:22:11.380+0000][1][safepoint    ] Safepoint "Deoptimize", Time since last: 2399300 ns, Reaching safepoint: 19600 ns, At safepoint: 169900 ns, Total: 189500 ns
[2020-05-01T11:22:11.392+0000][1][safepoint    ] Safepoint "RevokeBias", Time since last: 11316600 ns, Reaching safepoint: 129600 ns, At safepoint: 99500 ns, Total: 229100 ns
[2020-05-01T11:22:11.392+0000][1][safepoint    ] Safepoint "RevokeBias", Time since last: 169300 ns, Reaching safepoint: 128300 ns, At safepoint: 145300 ns, Total: 273600 ns
[2020-05-01T11:22:11.393+0000][1][safepoint    ] Safepoint "RevokeBias", Time since last: 177100 ns, Reaching safepoint: 150500 ns, At safepoint: 102600 ns, Total: 253100 ns
[2020-05-01T11:22:11.393+0000][1][safepoint    ] Safepoint "RevokeBias", Time since last: 195800 ns, Reaching safepoint: 7900 ns, At safepoint: 48600 ns, Total: 56500 ns
[2020-05-01T11:22:11.401+0000][1][safepoint    ] Safepoint "Deoptimize", Time since last: 7944300 ns, Reaching safepoint: 18700 ns, At safepoint: 187100 ns, Total: 205800 ns
[2020-05-01T11:22:11.901+0000][1][safepoint    ] Safepoint "Deoptimize", Time since last: 500057800 ns, Reaching safepoint: 105300 ns, At safepoint: 337700 ns, Total: 443000 ns
[2020-05-01T11:22:12.196+0000][1][safepoint    ] Safepoint "RevokeBias", Time since last: 294879800 ns, Reaching safepoint: 49900 ns, At safepoint: 48300 ns, Total: 98200 ns
[2020-05-01T11:22:12.394+0000][1][gc,start     ] GC(0) Pause Young (Allocation Failure)
[2020-05-01T11:22:12.396+0000][1][gc,task      ] GC(0) Using 10 workers of 10 for evacuation
[2020-05-01T11:22:12.402+0000][1][gc,age       ] GC(0) Desired survivor size 8945664 bytes, new threshold 1 (max threshold 6)
[2020-05-01T11:22:12.402+0000][1][gc,age       ] GC(0) Age table with threshold 1 (max threshold 6)
[2020-05-01T11:22:12.402+0000][1][gc,age       ] GC(0) - age   1:   10587288 bytes,   10587288 total
[2020-05-01T11:22:12.402+0000][1][gc,heap      ] GC(0) ParNew: 139776K->10478K(157248K)
[2020-05-01T11:22:12.402+0000][1][gc,heap      ] GC(0) CMS: 0K->0K(349568K)
[2020-05-01T11:22:12.402+0000][1][gc,metaspace ] GC(0) Metaspace: 17322K->17322K(1064960K)
[2020-05-01T11:22:12.402+0000][1][gc           ] GC(0) Pause Young (Allocation Failure) 136M->10M(494M) 8.081ms
[2020-05-01T11:22:12.402+0000][1][gc,cpu       ] GC(0) User=0.06s Sys=0.01s Real=0.01s
[2020-05-01T11:22:12.403+0000][1][safepoint    ] Safepoint "GenCollectForAllocation", Time since last: 197625900 ns, Reaching safepoint: 74500 ns, At safepoint: 8340000 ns, Total: 8414500 ns
[2020-05-01T11:22:12.403+0000][1][safepoint    ] Safepoint "RevokeBias", Time since last: 460500 ns, Reaching safepoint: 108200 ns, At safepoint: 91100 ns, Total: 199300 ns
[2020-05-01T11:22:12.404+0000][1][safepoint    ] Safepoint "RevokeBias", Time since last: 134700 ns, Reaching safepoint: 115000 ns, At safepoint: 159500 ns, Total: 274500 ns
[2020-05-01T11:22:12.404+0000][1][safepoint    ] Safepoint "BulkRevokeBias", Time since last: 132000 ns, Reaching safepoint: 98200 ns, At safepoint: 135600 ns, Total: 233800 ns
[2020-05-01T11:22:12.404+0000][1][safepoint    ] Safepoint "RevokeBias", Time since last: 58100 ns, Reaching safepoint: 131500 ns, At safepoint: 243500 ns, Total: 375000 ns
[2020-05-01T11:22:12.405+0000][1][safepoint    ] Safepoint "RevokeBias", Time since last: 64900 ns, Reaching safepoint: 123300 ns, At safepoint: 194100 ns, Total: 317400 ns
[2020-05-01T11:22:12.405+0000][1][safepoint    ] Safepoint "RevokeBias", Time since last: 86000 ns, Reaching safepoint: 179600 ns, At safepoint: 155100 ns, Total: 334700 ns
[2020-05-01T11:22:12.406+0000][1][safepoint    ] Safepoint "RevokeBias", Time since last: 318100 ns, Reaching safepoint: 181100 ns, At safepoint: 209100 ns, Total: 390200 ns
[2020-05-01T11:22:12.406+0000][1][safepoint    ] Safepoint "RevokeBias", Time since last: 371000 ns, Reaching safepoint: 129200 ns, At safepoint: 96500 ns, Total: 225700 ns
[2020-05-01T11:22:12.407+0000][1][safepoint    ] Safepoint "RevokeBias", Time since last: 183400 ns, Reaching safepoint: 135900 ns, At safepoint: 104400 ns, Total: 240300 ns
[2020-05-01T11:22:12.407+0000][1][safepoint    ] Safepoint "RevokeBias", Time since last: 182200 ns, Reaching safepoint: 151400 ns, At safepoint: 93600 ns, Total: 245000 ns
[2020-05-01T11:22:12.408+0000][1][safepoint    ] Safepoint "RevokeBias", Time since last: 124100 ns, Reaching safepoint: 123900 ns, At safepoint: 81400 ns, Total: 205300 ns
[2020-05-01T11:22:12.408+0000][1][safepoint    ] Safepoint "RevokeBias", Time since last: 207600 ns, Reaching safepoint: 158500 ns, At safepoint: 74600 ns, Total: 233100 ns
[2020-05-01T11:22:12.408+0000][1][safepoint    ] Safepoint "RevokeBias", Time since last: 148300 ns, Reaching safepoint: 15200 ns, At safepoint: 95600 ns, Total: 110800 ns
[2020-05-01T11:22:12.409+0000][1][safepoint    ] Safepoint "RevokeBias", Time since last: 159000 ns, Reaching safepoint: 115600 ns, At safepoint: 69400 ns, Total: 185000 ns
[2020-05-01T11:22:12.409+0000][1][safepoint    ] Safepoint "RevokeBias", Time since last: 140400 ns, Reaching safepoint: 137500 ns, At safepoint: 188700 ns, Total: 326200 ns
[2020-05-01T11:22:12.410+0000][1][safepoint    ] Safepoint "RevokeBias", Time since last: 353000 ns, Reaching safepoint: 168800 ns, At safepoint: 187400 ns, Total: 356200 ns
[2020-05-01T11:22:12.410+0000][1][safepoint    ] Safepoint "RevokeBias", Time since last: 279600 ns, Reaching safepoint: 127600 ns, At safepoint: 181900 ns, Total: 309500 ns
[2020-05-01T11:22:12.411+0000][1][safepoint    ] Safepoint "RevokeBias", Time since last: 168300 ns, Reaching safepoint: 110200 ns, At safepoint: 118500 ns, Total: 228700 ns
[2020-05-01T11:22:12.411+0000][1][safepoint    ] Safepoint "RevokeBias", Time since last: 190700 ns, Reaching safepoint: 102400 ns, At safepoint: 96100 ns, Total: 198500 ns
[2020-05-01T11:22:12.412+0000][1][safepoint    ] Safepoint "RevokeBias", Time since last: 304700 ns, Reaching safepoint: 101100 ns, At safepoint: 135100 ns, Total: 236200 ns
[2020-05-01T11:22:12.412+0000][1][safepoint    ] Safepoint "RevokeBias", Time since last: 117600 ns, Reaching safepoint: 106100 ns, At safepoint: 86600 ns, Total: 192700 ns
[2020-05-01T11:22:12.412+0000][1][safepoint    ] Safepoint "RevokeBias", Time since last: 114000 ns, Reaching safepoint: 101400 ns, At safepoint: 155600 ns, Total: 257000 ns
[2020-05-01T11:22:12.413+0000][1][safepoint    ] Safepoint "RevokeBias", Time since last: 111500 ns, Reaching safepoint: 133000 ns, At safepoint: 93900 ns, Total: 226900 ns
[2020-05-01T11:22:12.414+0000][1][safepoint    ] Safepoint "RevokeBias", Time since last: 213600 ns, Reaching safepoint: 213500 ns, At safepoint: 421400 ns, Total: 634900 ns
[2020-05-01T11:22:12.414+0000][1][safepoint    ] Safepoint "RevokeBias", Time since last: 357200 ns, Reaching safepoint: 151200 ns, At safepoint: 162900 ns, Total: 314100 ns
[2020-05-01T11:22:12.415+0000][1][safepoint    ] Safepoint "RevokeBias", Time since last: 291700 ns, Reaching safepoint: 148800 ns, At safepoint: 133900 ns, Total: 282700 ns
[2020-05-01T11:22:12.415+0000][1][safepoint    ] Safepoint "RevokeBias", Time since last: 185600 ns, Reaching safepoint: 104700 ns, At safepoint: 97700 ns, Total: 202400 ns
[2020-05-01T11:22:12.416+0000][1][safepoint    ] Safepoint "RevokeBias", Time since last: 151500 ns, Reaching safepoint: 115900 ns, At safepoint: 69600 ns, Total: 185500 ns
[2020-05-01T11:22:12.416+0000][1][safepoint    ] Safepoint "RevokeBias", Time since last: 123500 ns, Reaching safepoint: 106200 ns, At safepoint: 70800 ns, Total: 177000 ns
[2020-05-01T11:22:12.416+0000][1][safepoint    ] Safepoint "RevokeBias", Time since last: 317000 ns, Reaching safepoint: 106500 ns, At safepoint: 71000 ns, Total: 177500 ns
[2020-05-01T11:22:12.417+0000][1][safepoint    ] Safepoint "RevokeBias", Time since last: 142000 ns, Reaching safepoint: 105900 ns, At safepoint: 69800 ns, Total: 175700 ns
[2020-05-01T11:22:12.417+0000][1][safepoint    ] Safepoint "RevokeBias", Time since last: 140300 ns, Reaching safepoint: 141400 ns, At safepoint: 189000 ns, Total: 330400 ns
[2020-05-01T11:22:12.418+0000][1][safepoint    ] Safepoint "RevokeBias", Time since last: 220200 ns, Reaching safepoint: 132300 ns, At safepoint: 130900 ns, Total: 263200 ns
[2020-05-01T11:22:12.418+0000][1][safepoint    ] Safepoint "RevokeBias", Time since last: 222800 ns, Reaching safepoint: 115000 ns, At safepoint: 122000 ns, Total: 237000 ns
[2020-05-01T11:22:12.419+0000][1][safepoint    ] Safepoint "RevokeBias", Time since last: 170700 ns, Reaching safepoint: 135800 ns, At safepoint: 196500 ns, Total: 332300 ns
[2020-05-01T11:22:12.419+0000][1][safepoint    ] Safepoint "RevokeBias", Time since last: 157800 ns, Reaching safepoint: 107700 ns, At safepoint: 147700 ns, Total: 255400 ns
[2020-05-01T11:22:12.419+0000][1][safepoint    ] Safepoint "RevokeBias", Time since last: 117600 ns, Reaching safepoint: 10800 ns, At safepoint: 103500 ns, Total: 114300 ns
[2020-05-01T11:22:12.420+0000][1][safepoint    ] Safepoint "RevokeBias", Time since last: 394800 ns, Reaching safepoint: 19400 ns, At safepoint: 195400 ns, Total: 214800 ns
[2020-05-01T11:22:12.420+0000][1][safepoint    ] Safepoint "RevokeBias", Time since last: 182200 ns, Reaching safepoint: 120800 ns, At safepoint: 144700 ns, Total: 265500 ns
[2020-05-01T11:22:12.421+0000][1][safepoint    ] Safepoint "BulkRevokeBias", Time since last: 166200 ns, Reaching safepoint: 122900 ns, At safepoint: 187700 ns, Total: 310600 ns
[2020-05-01T11:22:12.421+0000][1][safepoint    ] Safepoint "BulkRevokeBias", Time since last: 152100 ns, Reaching safepoint: 150300 ns, At safepoint: 180200 ns, Total: 330500 ns
[2020-05-01T11:22:12.425+0000][1][safepoint    ] Safepoint "RevokeBias", Time since last: 3911100 ns, Reaching safepoint: 24600 ns, At safepoint: 129100 ns, Total: 153700 ns
[2020-05-01T11:22:12.429+0000][1][safepoint    ] Safepoint "RevokeBias", Time since last: 2970100 ns, Reaching safepoint: 239200 ns, At safepoint: 421200 ns, Total: 660400 ns
[2020-05-01T11:22:12.783+0000][1][safepoint    ] Safepoint "ICBufferFull", Time since last: 354059200 ns, Reaching safepoint: 150600 ns, At safepoint: 49400 ns, Total: 200000 ns
[2020-05-01T11:22:12.795+0000][1][gc,start     ] GC(1) Pause Young (Allocation Failure)
[2020-05-01T11:22:12.795+0000][1][gc,task      ] GC(1) Using 10 workers of 10 for evacuation
[2020-05-01T11:22:12.820+0000][1][gc,age       ] GC(1) Desired survivor size 8945664 bytes, new threshold 6 (max threshold 6)
[2020-05-01T11:22:12.820+0000][1][gc,age       ] GC(1) Age table with threshold 6 (max threshold 6)
[2020-05-01T11:22:12.820+0000][1][gc,age       ] GC(1) - age   1:    2184744 bytes,    2184744 total
[2020-05-01T11:22:12.820+0000][1][gc,heap      ] GC(1) ParNew: 150254K->7317K(157248K)
[2020-05-01T11:22:12.820+0000][1][gc,heap      ] GC(1) CMS: 0K->9561K(349568K)
[2020-05-01T11:22:12.820+0000][1][gc,metaspace ] GC(1) Metaspace: 18702K->18702K(1067008K)
[2020-05-01T11:22:12.820+0000][1][gc           ] GC(1) Pause Young (Allocation Failure) 146M->16M(494M) 25.633ms
[2020-05-01T11:22:12.820+0000][1][gc,cpu       ] GC(1) User=0.16s Sys=0.04s Real=0.03s
[2020-05-01T11:22:12.820+0000][1][safepoint    ] Safepoint "GenCollectForAllocation", Time since last: 11352700 ns, Reaching safepoint: 28100 ns, At safepoint: 25742900 ns, Total: 25771000 ns
[2020-05-01T11:22:12.821+0000][1][safepoint    ] Safepoint "RevokeBias", Time since last: 322600 ns, Reaching safepoint: 122500 ns, At safepoint: 77200 ns, Total: 199700 ns
[2020-05-01T11:22:12.821+0000][1][safepoint    ] Safepoint "RevokeBias", Time since last: 197400 ns, Reaching safepoint: 151300 ns, At safepoint: 111600 ns, Total: 262900 ns
[2020-05-01T11:22:12.822+0000][1][safepoint    ] Safepoint "RevokeBias", Time since last: 180500 ns, Reaching safepoint: 117600 ns, At safepoint: 97700 ns, Total: 215300 ns
[2020-05-01T11:22:12.822+0000][1][safepoint    ] Safepoint "RevokeBias", Time since last: 217100 ns, Reaching safepoint: 132200 ns, At safepoint: 129000 ns, Total: 261200 ns
[2020-05-01T11:22:12.823+0000][1][safepoint    ] Safepoint "RevokeBias", Time since last: 483900 ns, Reaching safepoint: 164500 ns, At safepoint: 175100 ns, Total: 339600 ns
[2020-05-01T11:22:12.823+0000][1][safepoint    ] Safepoint "RevokeBias", Time since last: 144600 ns, Reaching safepoint: 132700 ns, At safepoint: 93900 ns, Total: 226600 ns
[2020-05-01T11:22:12.824+0000][1][safepoint    ] Safepoint "RevokeBias", Time since last: 543600 ns, Reaching safepoint: 111000 ns, At safepoint: 164200 ns, Total: 275200 ns
[2020-05-01T11:22:12.825+0000][1][safepoint    ] Safepoint "RevokeBias", Time since last: 164600 ns, Reaching safepoint: 134800 ns, At safepoint: 168400 ns, Total: 303200 ns
[2020-05-01T11:22:12.825+0000][1][safepoint    ] Safepoint "RevokeBias", Time since last: 212700 ns, Reaching safepoint: 211300 ns, At safepoint: 196500 ns, Total: 407800 ns
[2020-05-01T11:22:12.826+0000][1][safepoint    ] Safepoint "RevokeBias", Time since last: 339500 ns, Reaching safepoint: 37800 ns, At safepoint: 188300 ns, Total: 226100 ns
[2020-05-01T11:22:12.826+0000][1][safepoint    ] Safepoint "RevokeBias", Time since last: 98900 ns, Reaching safepoint: 136900 ns, At safepoint: 123900 ns, Total: 260800 ns
[2020-05-01T11:22:12.827+0000][1][safepoint    ] Safepoint "RevokeBias", Time since last: 175800 ns, Reaching safepoint: 18200 ns, At safepoint: 98600 ns, Total: 116800 ns
[2020-05-01T11:22:12.827+0000][1][safepoint    ] Safepoint "RevokeBias", Time since last: 152000 ns, Reaching safepoint: 123500 ns, At safepoint: 85400 ns, Total: 208900 ns
[2020-05-01T11:22:12.827+0000][1][safepoint    ] Safepoint "RevokeBias", Time since last: 193100 ns, Reaching safepoint: 140500 ns, At safepoint: 100800 ns, Total: 241300 ns
[2020-05-01T11:22:12.828+0000][1][safepoint    ] Safepoint "RevokeBias", Time since last: 168100 ns, Reaching safepoint: 16600 ns, At safepoint: 86700 ns, Total: 103300 ns
[2020-05-01T11:22:12.828+0000][1][safepoint    ] Safepoint "RevokeBias", Time since last: 166800 ns, Reaching safepoint: 16600 ns, At safepoint: 93300 ns, Total: 109900 ns
[2020-05-01T11:22:12.829+0000][1][safepoint    ] Safepoint "RevokeBias", Time since last: 558600 ns, Reaching safepoint: 51700 ns, At safepoint: 316200 ns, Total: 367900 ns
[2020-05-01T11:22:12.829+0000][1][safepoint    ] Safepoint "RevokeBias", Time since last: 324600 ns, Reaching safepoint: 137500 ns, At safepoint: 118600 ns, Total: 256100 ns
[2020-05-01T11:22:12.830+0000][1][safepoint    ] Safepoint "RevokeBias", Time since last: 190300 ns, Reaching safepoint: 17500 ns, At safepoint: 121600 ns, Total: 139100 ns
[2020-05-01T11:22:12.830+0000][1][safepoint    ] Safepoint "RevokeBias", Time since last: 168800 ns, Reaching safepoint: 145400 ns, At safepoint: 92100 ns, Total: 237500 ns
[2020-05-01T11:22:12.831+0000][1][safepoint    ] Safepoint "RevokeBias", Time since last: 157000 ns, Reaching safepoint: 130500 ns, At safepoint: 107500 ns, Total: 238000 ns
[2020-05-01T11:22:12.831+0000][1][safepoint    ] Safepoint "RevokeBias", Time since last: 136600 ns, Reaching safepoint: 130000 ns, At safepoint: 89300 ns, Total: 219300 ns
[2020-05-01T11:22:12.831+0000][1][safepoint    ] Safepoint "RevokeBias", Time since last: 164100 ns, Reaching safepoint: 15200 ns, At safepoint: 97500 ns, Total: 112700 ns
[2020-05-01T11:22:12.832+0000][1][safepoint    ] Safepoint "RevokeBias", Time since last: 153100 ns, Reaching safepoint: 164000 ns, At safepoint: 92700 ns, Total: 256700 ns
[2020-05-01T11:22:12.832+0000][1][safepoint    ] Safepoint "RevokeBias", Time since last: 150300 ns, Reaching safepoint: 14800 ns, At safepoint: 97500 ns, Total: 112300 ns
[2020-05-01T11:22:12.833+0000][1][safepoint    ] Safepoint "RevokeBias", Time since last: 415400 ns, Reaching safepoint: 49200 ns, At safepoint: 190200 ns, Total: 239400 ns
[2020-05-01T11:22:12.833+0000][1][safepoint    ] Safepoint "RevokeBias", Time since last: 425500 ns, Reaching safepoint: 61700 ns, At safepoint: 138600 ns, Total: 200300 ns
[2020-05-01T11:22:13.150+0000][1][safepoint    ] Safepoint "Deoptimize", Time since last: 316842300 ns, Reaching safepoint: 70600 ns, At safepoint: 204500 ns, Total: 275100 ns
[2020-05-01T11:22:13.158+0000][1][gc,start     ] GC(2) Pause Young (Allocation Failure)
[2020-05-01T11:22:13.158+0000][1][gc,task      ] GC(2) Using 10 workers of 10 for evacuation
[2020-05-01T11:22:13.160+0000][1][gc,age       ] GC(2) Desired survivor size 8945664 bytes, new threshold 6 (max threshold 6)
[2020-05-01T11:22:13.160+0000][1][gc,age       ] GC(2) Age table with threshold 6 (max threshold 6)
[2020-05-01T11:22:13.160+0000][1][gc,age       ] GC(2) - age   1:    1952408 bytes,    1952408 total
[2020-05-01T11:22:13.160+0000][1][gc,age       ] GC(2) - age   2:    1619736 bytes,    3572144 total
[2020-05-01T11:22:13.160+0000][1][gc,heap      ] GC(2) ParNew: 147093K->4751K(157248K)
[2020-05-01T11:22:13.160+0000][1][gc,heap      ] GC(2) CMS: 9561K->9561K(349568K)
[2020-05-01T11:22:13.160+0000][1][gc,metaspace ] GC(2) Metaspace: 19264K->19264K(1067008K)
[2020-05-01T11:22:13.160+0000][1][gc           ] GC(2) Pause Young (Allocation Failure) 152M->13M(494M) 2.486ms
[2020-05-01T11:22:13.160+0000][1][gc,cpu       ] GC(2) User=0.01s Sys=0.00s Real=0.00s
[2020-05-01T11:22:13.160+0000][1][safepoint    ] Safepoint "GenCollectForAllocation", Time since last: 7243800 ns, Reaching safepoint: 23600 ns, At safepoint: 2598400 ns, Total: 2622000 ns
[2020-05-01T11:22:13.161+0000][1][safepoint    ] Safepoint "BulkRevokeBias", Time since last: 302700 ns, Reaching safepoint: 120400 ns, At safepoint: 143500 ns, Total: 263900 ns
[2020-05-01T11:22:13.161+0000][1][safepoint    ] Safepoint "RevokeBias", Time since last: 163500 ns, Reaching safepoint: 112500 ns, At safepoint: 136500 ns, Total: 249000 ns
[2020-05-01T11:22:13.162+0000][1][safepoint    ] Safepoint "RevokeBias", Time since last: 164700 ns, Reaching safepoint: 111600 ns, At safepoint: 156600 ns, Total: 268200 ns
[2020-05-01T11:22:13.162+0000][1][safepoint    ] Safepoint "RevokeBias", Time since last: 115400 ns, Reaching safepoint: 97400 ns, At safepoint: 88900 ns, Total: 186300 ns
[2020-05-01T11:22:13.162+0000][1][safepoint    ] Safepoint "RevokeBias", Time since last: 109700 ns, Reaching safepoint: 121500 ns, At safepoint: 139100 ns, Total: 260600 ns
[2020-05-01T11:22:13.163+0000][1][safepoint    ] Safepoint "RevokeBias", Time since last: 117400 ns, Reaching safepoint: 111600 ns, At safepoint: 178200 ns, Total: 289800 ns
[2020-05-01T11:22:13.163+0000][1][safepoint    ] Safepoint "RevokeBias", Time since last: 120900 ns, Reaching safepoint: 114600 ns, At safepoint: 160000 ns, Total: 274600 ns
[2020-05-01T11:22:13.163+0000][1][safepoint    ] Safepoint "RevokeBias", Time since last: 151500 ns, Reaching safepoint: 115700 ns, At safepoint: 112700 ns, Total: 228400 ns
[2020-05-01T11:22:13.164+0000][1][safepoint    ] Safepoint "RevokeBias", Time since last: 152700 ns, Reaching safepoint: 117000 ns, At safepoint: 123400 ns, Total: 240400 ns
[2020-05-01T11:22:13.164+0000][1][safepoint    ] Safepoint "RevokeBias", Time since last: 208300 ns, Reaching safepoint: 149300 ns, At safepoint: 205900 ns, Total: 355200 ns
[2020-05-01T11:22:13.165+0000][1][safepoint    ] Safepoint "RevokeBias", Time since last: 238500 ns, Reaching safepoint: 130200 ns, At safepoint: 166100 ns, Total: 296300 ns
[2020-05-01T11:22:13.165+0000][1][safepoint    ] Safepoint "BulkRevokeBias", Time since last: 229100 ns, Reaching safepoint: 108800 ns, At safepoint: 136700 ns, Total: 245500 ns
[2020-05-01T11:22:13.207+0000][1][safepoint    ] Safepoint "Deoptimize", Time since last: 41798800 ns, Reaching safepoint: 28300 ns, At safepoint: 233900 ns, Total: 262200 ns
[2020-05-01T11:22:13.419+0000][1][gc,start     ] GC(3) Pause Young (Allocation Failure)
[2020-05-01T11:22:13.419+0000][1][gc,task      ] GC(3) Using 10 workers of 10 for evacuation
[2020-05-01T11:22:13.424+0000][1][gc,age       ] GC(3) Desired survivor size 8945664 bytes, new threshold 6 (max threshold 6)
[2020-05-01T11:22:13.424+0000][1][gc,age       ] GC(3) Age table with threshold 6 (max threshold 6)
[2020-05-01T11:22:13.424+0000][1][gc,age       ] GC(3) - age   1:    3702824 bytes,    3702824 total
[2020-05-01T11:22:13.424+0000][1][gc,age       ] GC(3) - age   2:    1870216 bytes,    5573040 total
[2020-05-01T11:22:13.424+0000][1][gc,age       ] GC(3) - age   3:    1615544 bytes,    7188584 total
[2020-05-01T11:22:13.424+0000][1][gc,heap      ] GC(3) ParNew: 144527K->8775K(157248K)
[2020-05-01T11:22:13.424+0000][1][gc,heap      ] GC(3) CMS: 9561K->9561K(349568K)
[2020-05-01T11:22:13.424+0000][1][gc,metaspace ] GC(3) Metaspace: 19649K->19649K(1067008K)
[2020-05-01T11:22:13.424+0000][1][gc           ] GC(3) Pause Young (Allocation Failure) 150M->17M(494M) 5.373ms
[2020-05-01T11:22:13.424+0000][1][gc,cpu       ] GC(3) User=0.04s Sys=0.00s Real=0.00s
[2020-05-01T11:22:13.424+0000][1][safepoint    ] Safepoint "GenCollectForAllocation", Time since last: 211109400 ns, Reaching safepoint: 167400 ns, At safepoint: 5534800 ns, Total: 5702200 ns
[2020-05-01T11:22:13.425+0000][1][safepoint    ] Safepoint "BulkRevokeBias", Time since last: 320800 ns, Reaching safepoint: 138300 ns, At safepoint: 161400 ns, Total: 299700 ns
[2020-05-01T11:22:13.724+0000][1][gc,start     ] GC(4) Pause Young (Allocation Failure)
[2020-05-01T11:22:13.724+0000][1][gc,task      ] GC(4) Using 10 workers of 10 for evacuation
[2020-05-01T11:22:13.729+0000][1][gc,age       ] GC(4) Desired survivor size 8945664 bytes, new threshold 6 (max threshold 6)
[2020-05-01T11:22:13.729+0000][1][gc,age       ] GC(4) Age table with threshold 6 (max threshold 6)
[2020-05-01T11:22:13.729+0000][1][gc,age       ] GC(4) - age   1:     771816 bytes,     771816 total
[2020-05-01T11:22:13.729+0000][1][gc,age       ] GC(4) - age   2:    2158264 bytes,    2930080 total
[2020-05-01T11:22:13.729+0000][1][gc,age       ] GC(4) - age   3:    1869536 bytes,    4799616 total
[2020-05-01T11:22:13.729+0000][1][gc,age       ] GC(4) - age   4:    1615376 bytes,    6414992 total
[2020-05-01T11:22:13.729+0000][1][gc,heap      ] GC(4) ParNew: 148551K->9220K(157248K)
[2020-05-01T11:22:13.729+0000][1][gc,heap      ] GC(4) CMS: 9561K->9561K(349568K)
[2020-05-01T11:22:13.729+0000][1][gc,metaspace ] GC(4) Metaspace: 19923K->19923K(1067008K)
[2020-05-01T11:22:13.730+0000][1][gc           ] GC(4) Pause Young (Allocation Failure) 154M->18M(494M) 5.191ms
[2020-05-01T11:22:13.730+0000][1][gc,cpu       ] GC(4) User=0.05s Sys=0.00s Real=0.01s
[2020-05-01T11:22:13.730+0000][1][safepoint    ] Safepoint "GenCollectForAllocation", Time since last: 299500000 ns, Reaching safepoint: 30600 ns, At safepoint: 5464500 ns, Total: 5495100 ns
[2020-05-01T11:22:13.807+0000][1][safepoint    ] Safepoint "CollectForMetadataAllocation", Time since last: 77128300 ns, Reaching safepoint: 45600 ns, At safepoint: 133900 ns, Total: 179500 ns
[2020-05-01T11:22:13.824+0000][1][safepoint    ] Safepoint "CollectForMetadataAllocation", Time since last: 15358500 ns, Reaching safepoint: 29200 ns, At safepoint: 1018500 ns, Total: 1047700 ns
[2020-05-01T11:22:13.857+0000][1][safepoint    ] Safepoint "CollectForMetadataAllocation", Time since last: 33183600 ns, Reaching safepoint: 40700 ns, At safepoint: 222800 ns, Total: 263500 ns
[2020-05-01T11:22:14.070+0000][1][gc,start     ] GC(5) Pause Young (Allocation Failure)
[2020-05-01T11:22:14.070+0000][1][gc,task      ] GC(5) Using 10 workers of 10 for evacuation
[2020-05-01T11:22:14.075+0000][1][gc,age       ] GC(5) Desired survivor size 8945664 bytes, new threshold 6 (max threshold 6)
[2020-05-01T11:22:14.075+0000][1][gc,age       ] GC(5) Age table with threshold 6 (max threshold 6)
[2020-05-01T11:22:14.075+0000][1][gc,age       ] GC(5) - age   1:     957448 bytes,     957448 total
[2020-05-01T11:22:14.075+0000][1][gc,age       ] GC(5) - age   2:     560024 bytes,    1517472 total
[2020-05-01T11:22:14.075+0000][1][gc,age       ] GC(5) - age   3:    2157688 bytes,    3675160 total
[2020-05-01T11:22:14.075+0000][1][gc,age       ] GC(5) - age   4:    1869536 bytes,    5544696 total
[2020-05-01T11:22:14.075+0000][1][gc,age       ] GC(5) - age   5:    1615376 bytes,    7160072 total
[2020-05-01T11:22:14.075+0000][1][gc,heap      ] GC(5) ParNew: 148996K->8804K(157248K)
[2020-05-01T11:22:14.075+0000][1][gc,heap      ] GC(5) CMS: 9561K->9561K(349568K)
[2020-05-01T11:22:14.075+0000][1][gc,metaspace ] GC(5) Metaspace: 20856K->20856K(1069056K)
[2020-05-01T11:22:14.075+0000][1][gc           ] GC(5) Pause Young (Allocation Failure) 154M->17M(494M) 5.129ms
[2020-05-01T11:22:14.075+0000][1][gc,cpu       ] GC(5) User=0.03s Sys=0.00s Real=0.00s
[2020-05-01T11:22:14.076+0000][1][safepoint    ] Safepoint "GenCollectForAllocation", Time since last: 213196100 ns, Reaching safepoint: 64500 ns, At safepoint: 5320100 ns, Total: 5384600 ns
[2020-05-01T11:22:14.076+0000][1][gc,start     ] GC(6) Pause Initial Mark
[2020-05-01T11:22:14.078+0000][1][gc           ] GC(6) Pause Initial Mark 20M->20M(494M) 1.616ms
[2020-05-01T11:22:14.078+0000][1][gc,cpu       ] GC(6) User=0.01s Sys=0.00s Real=0.00s
[2020-05-01T11:22:14.078+0000][1][safepoint    ] Safepoint "CMS_Initial_Mark", Time since last: 414100 ns, Reaching safepoint: 277800 ns, At safepoint: 1933200 ns, Total: 2211000 ns
[2020-05-01T11:22:14.078+0000][1][gc           ] GC(6) Concurrent Mark
[2020-05-01T11:22:14.080+0000][1][gc,task      ] GC(6) Using 3 workers of 3 for marking
[2020-05-01T11:22:14.088+0000][1][gc           ] GC(6) Concurrent Mark 9.763ms
[2020-05-01T11:22:14.088+0000][1][gc,cpu       ] GC(6) User=0.05s Sys=0.00s Real=0.01s
[2020-05-01T11:22:14.088+0000][1][gc           ] GC(6) Concurrent Preclean
[2020-05-01T11:22:14.089+0000][1][gc           ] GC(6) Concurrent Preclean 1.010ms
[2020-05-01T11:22:14.089+0000][1][gc,cpu       ] GC(6) User=0.00s Sys=0.00s Real=0.00s
[2020-05-01T11:22:14.089+0000][1][gc           ] GC(6) Concurrent Abortable Preclean
[2020-05-01T11:22:14.281+0000][1][gc,start     ] GC(7) Pause Young (Allocation Failure)
[2020-05-01T11:22:14.281+0000][1][gc,task      ] GC(7) Using 10 workers of 10 for evacuation
[2020-05-01T11:22:14.284+0000][1][gc,age       ] GC(7) Desired survivor size 8945664 bytes, new threshold 6 (max threshold 6)
[2020-05-01T11:22:14.284+0000][1][gc,age       ] GC(7) Age table with threshold 6 (max threshold 6)
[2020-05-01T11:22:14.284+0000][1][gc,age       ] GC(7) - age   1:    1194120 bytes,    1194120 total
[2020-05-01T11:22:14.284+0000][1][gc,age       ] GC(7) - age   2:     763512 bytes,    1957632 total
[2020-05-01T11:22:14.284+0000][1][gc,age       ] GC(7) - age   3:     560024 bytes,    2517656 total
[2020-05-01T11:22:14.284+0000][1][gc,age       ] GC(7) - age   4:    2157472 bytes,    4675128 total
[2020-05-01T11:22:14.284+0000][1][gc,age       ] GC(7) - age   5:    1869536 bytes,    6544664 total
[2020-05-01T11:22:14.284+0000][1][gc,age       ] GC(7) - age   6:    1615376 bytes,    8160040 total
[2020-05-01T11:22:14.284+0000][1][gc,heap      ] GC(7) ParNew: 148580K->10916K(157248K)
[2020-05-01T11:22:14.284+0000][1][gc,heap      ] GC(7) CMS: 9561K->9561K(349568K)
[2020-05-01T11:22:14.284+0000][1][gc,metaspace ] GC(7) Metaspace: 21042K->21042K(1069056K)
[2020-05-01T11:22:14.284+0000][1][gc           ] GC(7) Pause Young (Allocation Failure) 154M->19M(494M) 3.636ms
[2020-05-01T11:22:14.284+0000][1][gc,cpu       ] GC(7) User=0.03s Sys=0.00s Real=0.00s
[2020-05-01T11:22:14.284+0000][1][safepoint    ] Safepoint "GenCollectForAllocation", Time since last: 202280300 ns, Reaching safepoint: 144900 ns, At safepoint: 3775300 ns, Total: 3920200 ns
[2020-05-01T11:22:14.284+0000][1][gc           ] GC(6) Concurrent Abortable Preclean 195.162ms
[2020-05-01T11:22:14.284+0000][1][gc,cpu       ] GC(6) User=0.78s Sys=0.06s Real=0.19s
[2020-05-01T11:22:14.285+0000][1][gc,start     ] GC(6) Pause Remark
[2020-05-01T11:22:14.290+0000][1][gc           ] GC(6) Pause Remark 22M->22M(494M) 5.298ms
[2020-05-01T11:22:14.290+0000][1][gc,cpu       ] GC(6) User=0.03s Sys=0.00s Real=0.01s
[2020-05-01T11:22:14.290+0000][1][safepoint    ] Safepoint "CMS_Final_Remark", Time since last: 244300 ns, Reaching safepoint: 144900 ns, At safepoint: 5500300 ns, Total: 5645200 ns
[2020-05-01T11:22:14.290+0000][1][gc           ] GC(6) Concurrent Sweep
[2020-05-01T11:22:14.295+0000][1][gc           ] GC(6) Concurrent Sweep 4.615ms
[2020-05-01T11:22:14.295+0000][1][gc,cpu       ] GC(6) User=0.01s Sys=0.00s Real=0.00s
[2020-05-01T11:22:14.295+0000][1][gc           ] GC(6) Concurrent Reset
[2020-05-01T11:22:14.296+0000][1][gc           ] GC(6) Concurrent Reset 0.576ms
[2020-05-01T11:22:14.296+0000][1][gc,cpu       ] GC(6) User=0.00s Sys=0.00s Real=0.00s
[2020-05-01T11:22:14.296+0000][1][gc,heap      ] GC(6) Old: 9561K->9558K(349568K)
[2020-05-01T11:22:14.443+0000][1][gc,start     ] GC(8) Pause Young (Allocation Failure)
[2020-05-01T11:22:14.443+0000][1][gc,task      ] GC(8) Using 10 workers of 10 for evacuation
[2020-05-01T11:22:14.448+0000][1][gc,age       ] GC(8) Desired survivor size 8945664 bytes, new threshold 6 (max threshold 6)
[2020-05-01T11:22:14.448+0000][1][gc,age       ] GC(8) Age table with threshold 6 (max threshold 6)
[2020-05-01T11:22:14.448+0000][1][gc,age       ] GC(8) - age   1:     715112 bytes,     715112 total
[2020-05-01T11:22:14.448+0000][1][gc,age       ] GC(8) - age   2:     417352 bytes,    1132464 total
[2020-05-01T11:22:14.448+0000][1][gc,age       ] GC(8) - age   3:     763312 bytes,    1895776 total
[2020-05-01T11:22:14.448+0000][1][gc,age       ] GC(8) - age   4:     560048 bytes,    2455824 total
[2020-05-01T11:22:14.448+0000][1][gc,age       ] GC(8) - age   5:    2156560 bytes,    4612384 total
[2020-05-01T11:22:14.448+0000][1][gc,age       ] GC(8) - age   6:    1869472 bytes,    6481856 total
[2020-05-01T11:22:14.448+0000][1][gc,heap      ] GC(8) ParNew: 150692K->10189K(157248K)
[2020-05-01T11:22:14.448+0000][1][gc,heap      ] GC(8) CMS: 9558K->11151K(349568K)
[2020-05-01T11:22:14.448+0000][1][gc,metaspace ] GC(8) Metaspace: 21149K->21149K(1069056K)
[2020-05-01T11:22:14.448+0000][1][gc           ] GC(8) Pause Young (Allocation Failure) 156M->20M(494M) 5.005ms
[2020-05-01T11:22:14.448+0000][1][gc,cpu       ] GC(8) User=0.01s Sys=0.02s Real=0.01s
[2020-05-01T11:22:14.448+0000][1][safepoint    ] Safepoint "GenCollectForAllocation", Time since last: 152534000 ns, Reaching safepoint: 335700 ns, At safepoint: 5077400 ns, Total: 5413100 ns
[2020-05-01T11:22:14.506+0000][1][safepoint    ] Safepoint "Deoptimize", Time since last: 57389900 ns, Reaching safepoint: 28400 ns, At safepoint: 267500 ns, Total: 295900 ns
[2020-05-01T11:22:15.014+0000][1][safepoint    ] Safepoint "Deoptimize", Time since last: 506819200 ns, Reaching safepoint: 440800 ns, At safepoint: 528500 ns, Total: 969300 ns
[2020-05-01T11:22:15.019+0000][1][safepoint    ] Safepoint "Deoptimize", Time since last: 5457500 ns, Reaching safepoint: 21800 ns, At safepoint: 259600 ns, Total: 281400 ns
[2020-05-01T11:22:15.573+0000][1][safepoint    ] Safepoint "Deoptimize", Time since last: 552857000 ns, Reaching safepoint: 177100 ns, At safepoint: 277400 ns, Total: 454500 ns
[2020-05-01T11:22:15.942+0000][1][gc,start     ] GC(9) Pause Young (Allocation Failure)
[2020-05-01T11:22:15.942+0000][1][gc,task      ] GC(9) Using 10 workers of 10 for evacuation
[2020-05-01T11:22:15.953+0000][1][gc,age       ] GC(9) Desired survivor size 8945664 bytes, new threshold 1 (max threshold 6)
[2020-05-01T11:22:15.953+0000][1][gc,age       ] GC(9) Age table with threshold 1 (max threshold 6)
[2020-05-01T11:22:15.953+0000][1][gc,age       ] GC(9) - age   1:   12598216 bytes,   12598216 total
[2020-05-01T11:22:15.953+0000][1][gc,age       ] GC(9) - age   2:     265480 bytes,   12863696 total
[2020-05-01T11:22:15.953+0000][1][gc,age       ] GC(9) - age   3:     414728 bytes,   13278424 total
[2020-05-01T11:22:15.953+0000][1][gc,age       ] GC(9) - age   4:     761512 bytes,   14039936 total
[2020-05-01T11:22:15.953+0000][1][gc,age       ] GC(9) - age   5:     557656 bytes,   14597592 total
[2020-05-01T11:22:15.953+0000][1][gc,age       ] GC(9) - age   6:    2152880 bytes,   16750472 total
[2020-05-01T11:22:15.953+0000][1][gc,heap      ] GC(9) ParNew: 149965K->17472K(157248K)
[2020-05-01T11:22:15.953+0000][1][gc,heap      ] GC(9) CMS: 11151K->13045K(349568K)
[2020-05-01T11:22:15.953+0000][1][gc,metaspace ] GC(9) Metaspace: 28251K->28251K(1075200K)
[2020-05-01T11:22:15.953+0000][1][gc           ] GC(9) Pause Young (Allocation Failure) 157M->29M(494M) 11.603ms
[2020-05-01T11:22:15.953+0000][1][gc,cpu       ] GC(9) User=0.10s Sys=0.00s Real=0.01s
[2020-05-01T11:22:15.953+0000][1][safepoint    ] Safepoint "GenCollectForAllocation", Time since last: 368751000 ns, Reaching safepoint: 47100 ns, At safepoint: 11711300 ns, Total: 11758400 ns
[2020-05-01T11:22:16.372+0000][1][safepoint    ] Safepoint "RevokeBias", Time since last: 418937000 ns, Reaching safepoint: 62600 ns, At safepoint: 85800 ns, Total: 148400 ns
[2020-05-01T11:22:16.766+0000][1][safepoint    ] Safepoint "RevokeBias", Time since last: 393407000 ns, Reaching safepoint: 63200 ns, At safepoint: 73200 ns, Total: 136400 ns
[2020-05-01T11:22:16.941+0000][1][gc,start     ] GC(10) Pause Young (Allocation Failure)
[2020-05-01T11:22:16.941+0000][1][gc,task      ] GC(10) Using 10 workers of 10 for evacuation
[2020-05-01T11:22:16.970+0000][1][gc,age       ] GC(10) Desired survivor size 8945664 bytes, new threshold 1 (max threshold 6)
[2020-05-01T11:22:16.970+0000][1][gc,age       ] GC(10) Age table with threshold 1 (max threshold 6)
[2020-05-01T11:22:16.970+0000][1][gc,age       ] GC(10) - age   1:   15994016 bytes,   15994016 total
[2020-05-01T11:22:16.970+0000][1][gc,heap      ] GC(10) ParNew: 157248K->17472K(157248K)
[2020-05-01T11:22:16.970+0000][1][gc,heap      ] GC(10) CMS: 13045K->31019K(349568K)
[2020-05-01T11:22:16.970+0000][1][gc,metaspace ] GC(10) Metaspace: 30872K->30872K(1077248K)
[2020-05-01T11:22:16.970+0000][1][gc           ] GC(10) Pause Young (Allocation Failure) 166M->47M(494M) 29.536ms
[2020-05-01T11:22:16.970+0000][1][gc,cpu       ] GC(10) User=0.27s Sys=0.00s Real=0.03s
[2020-05-01T11:22:16.970+0000][1][safepoint    ] Safepoint "GenCollectForAllocation", Time since last: 174670300 ns, Reaching safepoint: 57000 ns, At safepoint: 29641100 ns, Total: 29698100 ns
[2020-05-01T11:22:17.561+0000][1][safepoint    ] Safepoint "ICBufferFull", Time since last: 590770000 ns, Reaching safepoint: 93100 ns, At safepoint: 74400 ns, Total: 167500 ns
[2020-05-01T11:22:17.571+0000][1][safepoint    ] Safepoint "CollectForMetadataAllocation", Time since last: 9374400 ns, Reaching safepoint: 28200 ns, At safepoint: 183100 ns, Total: 211300 ns
[2020-05-01T11:22:17.583+0000][1][gc,start     ] GC(11) Pause Young (Allocation Failure)
[2020-05-01T11:22:17.584+0000][1][gc,task      ] GC(11) Using 10 workers of 10 for evacuation
[2020-05-01T11:22:17.599+0000][1][gc,age       ] GC(11) Desired survivor size 8945664 bytes, new threshold 6 (max threshold 6)
[2020-05-01T11:22:17.599+0000][1][gc,age       ] GC(11) Age table with threshold 6 (max threshold 6)
[2020-05-01T11:22:17.599+0000][1][gc,age       ] GC(11) - age   1:    2885504 bytes,    2885504 total
[2020-05-01T11:22:17.599+0000][1][gc,heap      ] GC(11) ParNew: 157248K->14861K(157248K)
[2020-05-01T11:22:17.599+0000][1][gc,heap      ] GC(11) CMS: 31019K->47659K(349568K)
[2020-05-01T11:22:17.599+0000][1][gc,metaspace ] GC(11) Metaspace: 34402K->34402K(1081344K)
[2020-05-01T11:22:17.599+0000][1][gc           ] GC(11) Pause Young (Allocation Failure) 183M->61M(494M) 15.267ms
[2020-05-01T11:22:17.599+0000][1][gc,cpu       ] GC(11) User=0.13s Sys=0.02s Real=0.02s
[2020-05-01T11:22:17.599+0000][1][safepoint    ] Safepoint "GenCollectForAllocation", Time since last: 12537200 ns, Reaching safepoint: 89000 ns, At safepoint: 15476200 ns, Total: 15565200 ns
[2020-05-01T11:22:17.599+0000][1][gc,start     ] GC(12) Pause Initial Mark
[2020-05-01T11:22:17.601+0000][1][gc           ] GC(12) Pause Initial Mark 63M->63M(494M) 1.323ms
[2020-05-01T11:22:17.601+0000][1][gc,cpu       ] GC(12) User=0.01s Sys=0.00s Real=0.00s
[2020-05-01T11:22:17.601+0000][1][safepoint    ] Safepoint "CMS_Initial_Mark", Time since last: 266200 ns, Reaching safepoint: 127700 ns, At safepoint: 1498200 ns, Total: 1625900 ns
[2020-05-01T11:22:17.601+0000][1][gc           ] GC(12) Concurrent Mark
[2020-05-01T11:22:17.601+0000][1][gc,task      ] GC(12) Using 3 workers of 3 for marking
[2020-05-01T11:22:17.625+0000][1][safepoint    ] Safepoint "CollectForMetadataAllocation", Time since last: 23629200 ns, Reaching safepoint: 752400 ns, At safepoint: 183500 ns, Total: 935900 ns
[2020-05-01T11:22:17.634+0000][1][gc           ] GC(12) Concurrent Mark 33.369ms
[2020-05-01T11:22:17.634+0000][1][gc,cpu       ] GC(12) User=0.18s Sys=0.01s Real=0.03s
[2020-05-01T11:22:17.634+0000][1][gc           ] GC(12) Concurrent Preclean
[2020-05-01T11:22:17.636+0000][1][gc           ] GC(12) Concurrent Preclean 1.636ms
[2020-05-01T11:22:17.636+0000][1][gc,cpu       ] GC(12) User=0.01s Sys=0.00s Real=0.00s
[2020-05-01T11:22:17.636+0000][1][gc           ] GC(12) Concurrent Abortable Preclean
[2020-05-01T11:22:17.645+0000][1][safepoint    ] Safepoint "CollectForMetadataAllocation", Time since last: 19685500 ns, Reaching safepoint: 41200 ns, At safepoint: 156900 ns, Total: 198100 ns
[2020-05-01T11:22:17.670+0000][1][safepoint    ] Safepoint "CollectForMetadataAllocation", Time since last: 24837000 ns, Reaching safepoint: 116300 ns, At safepoint: 123000 ns, Total: 239300 ns
[2020-05-01T11:22:17.692+0000][1][safepoint    ] Safepoint "CollectForMetadataAllocation", Time since last: 20907600 ns, Reaching safepoint: 97800 ns, At safepoint: 295000 ns, Total: 392800 ns
[2020-05-01T11:22:17.719+0000][1][safepoint    ] Safepoint "CollectForMetadataAllocation", Time since last: 27160500 ns, Reaching safepoint: 148100 ns, At safepoint: 211900 ns, Total: 360000 ns
[2020-05-01T11:22:17.730+0000][1][safepoint    ] Safepoint "CollectForMetadataAllocation", Time since last: 10839300 ns, Reaching safepoint: 105200 ns, At safepoint: 158900 ns, Total: 264100 ns
[2020-05-01T11:22:17.753+0000][1][safepoint    ] Safepoint "CollectForMetadataAllocation", Time since last: 22841800 ns, Reaching safepoint: 126000 ns, At safepoint: 141100 ns, Total: 267100 ns
[2020-05-01T11:22:17.769+0000][1][safepoint    ] Safepoint "CollectForMetadataAllocation", Time since last: 15312200 ns, Reaching safepoint: 37100 ns, At safepoint: 173000 ns, Total: 210100 ns
[2020-05-01T11:22:17.792+0000][1][safepoint    ] Safepoint "CollectForMetadataAllocation", Time since last: 23185300 ns, Reaching safepoint: 39700 ns, At safepoint: 133700 ns, Total: 173400 ns
[2020-05-01T11:22:17.810+0000][1][safepoint    ] Safepoint "CollectForMetadataAllocation", Time since last: 17753400 ns, Reaching safepoint: 155100 ns, At safepoint: 242300 ns, Total: 397400 ns
[2020-05-01T11:22:17.820+0000][1][safepoint    ] Safepoint "Deoptimize", Time since last: 9420900 ns, Reaching safepoint: 40700 ns, At safepoint: 334300 ns, Total: 375000 ns
[2020-05-01T11:22:17.824+0000][1][safepoint    ] Safepoint "CollectForMetadataAllocation", Time since last: 3399300 ns, Reaching safepoint: 50500 ns, At safepoint: 147100 ns, Total: 197600 ns
[2020-05-01T11:22:17.825+0000][1][safepoint    ] Safepoint "Deoptimize", Time since last: 1155000 ns, Reaching safepoint: 39800 ns, At safepoint: 367500 ns, Total: 407300 ns
[2020-05-01T11:22:17.841+0000][1][safepoint    ] Safepoint "CollectForMetadataAllocation", Time since last: 15807500 ns, Reaching safepoint: 98800 ns, At safepoint: 158400 ns, Total: 257200 ns
[2020-05-01T11:22:17.849+0000][1][safepoint    ] Safepoint "RevokeBias", Time since last: 7136100 ns, Reaching safepoint: 119300 ns, At safepoint: 79700 ns, Total: 199000 ns
[2020-05-01T11:22:17.850+0000][1][safepoint    ] Safepoint "Deoptimize", Time since last: 969400 ns, Reaching safepoint: 31700 ns, At safepoint: 352100 ns, Total: 383800 ns
[2020-05-01T11:22:17.856+0000][1][safepoint    ] Safepoint "RevokeBias", Time since last: 5494500 ns, Reaching safepoint: 28100 ns, At safepoint: 76200 ns, Total: 104300 ns
[2020-05-01T11:22:17.857+0000][1][safepoint    ] Safepoint "CollectForMetadataAllocation", Time since last: 1433600 ns, Reaching safepoint: 33300 ns, At safepoint: 130700 ns, Total: 164000 ns
[2020-05-01T11:22:17.867+0000][1][safepoint    ] Safepoint "RevokeBias", Time since last: 9796300 ns, Reaching safepoint: 49600 ns, At safepoint: 86300 ns, Total: 135900 ns
[2020-05-01T11:22:17.898+0000][1][safepoint    ] Safepoint "CollectForMetadataAllocation", Time since last: 30304300 ns, Reaching safepoint: 33700 ns, At safepoint: 191700 ns, Total: 225400 ns
[2020-05-01T11:22:17.911+0000][1][safepoint    ] Safepoint "CollectForMetadataAllocation", Time since last: 13176600 ns, Reaching safepoint: 121200 ns, At safepoint: 130800 ns, Total: 252000 ns
[2020-05-01T11:22:17.935+0000][1][safepoint    ] Safepoint "CollectForMetadataAllocation", Time since last: 23360500 ns, Reaching safepoint: 41600 ns, At safepoint: 98200 ns, Total: 139800 ns
[2020-05-01T11:22:17.955+0000][1][safepoint    ] Safepoint "CollectForMetadataAllocation", Time since last: 20091300 ns, Reaching safepoint: 66600 ns, At safepoint: 273000 ns, Total: 339600 ns
[2020-05-01T11:22:17.979+0000][1][safepoint    ] Safepoint "CollectForMetadataAllocation", Time since last: 23457300 ns, Reaching safepoint: 161900 ns, At safepoint: 224300 ns, Total: 386200 ns
[2020-05-01T11:22:18.005+0000][1][safepoint    ] Safepoint "CollectForMetadataAllocation", Time since last: 25368700 ns, Reaching safepoint: 44700 ns, At safepoint: 139700 ns, Total: 184400 ns
[2020-05-01T11:22:18.023+0000][1][safepoint    ] Safepoint "CollectForMetadataAllocation", Time since last: 18438700 ns, Reaching safepoint: 33400 ns, At safepoint: 179000 ns, Total: 212400 ns
[2020-05-01T11:22:18.046+0000][1][safepoint    ] Safepoint "CollectForMetadataAllocation", Time since last: 22524200 ns, Reaching safepoint: 330100 ns, At safepoint: 445000 ns, Total: 775100 ns
[2020-05-01T11:22:18.084+0000][1][safepoint    ] Safepoint "CollectForMetadataAllocation", Time since last: 36045700 ns, Reaching safepoint: 30800 ns, At safepoint: 983200 ns, Total: 1014000 ns
[2020-05-01T11:22:18.102+0000][1][safepoint    ] Safepoint "CollectForMetadataAllocation", Time since last: 18215200 ns, Reaching safepoint: 87000 ns, At safepoint: 275700 ns, Total: 362700 ns
[2020-05-01T11:22:18.128+0000][1][safepoint    ] Safepoint "CollectForMetadataAllocation", Time since last: 25858100 ns, Reaching safepoint: 101200 ns, At safepoint: 169900 ns, Total: 271100 ns
[2020-05-01T11:22:18.147+0000][1][safepoint    ] Safepoint "CollectForMetadataAllocation", Time since last: 18621600 ns, Reaching safepoint: 120400 ns, At safepoint: 186400 ns, Total: 306800 ns
[2020-05-01T11:22:18.190+0000][1][safepoint    ] Safepoint "CollectForMetadataAllocation", Time since last: 42422400 ns, Reaching safepoint: 31100 ns, At safepoint: 142200 ns, Total: 173300 ns
[2020-05-01T11:22:18.207+0000][1][safepoint    ] Safepoint "CollectForMetadataAllocation", Time since last: 16510600 ns, Reaching safepoint: 52500 ns, At safepoint: 851400 ns, Total: 903900 ns
[2020-05-01T11:22:18.230+0000][1][safepoint    ] Safepoint "CollectForMetadataAllocation", Time since last: 22699300 ns, Reaching safepoint: 126800 ns, At safepoint: 137500 ns, Total: 264300 ns
[2020-05-01T11:22:18.249+0000][1][safepoint    ] Safepoint "CollectForMetadataAllocation", Time since last: 18734100 ns, Reaching safepoint: 218100 ns, At safepoint: 230300 ns, Total: 448400 ns
[2020-05-01T11:22:18.275+0000][1][safepoint    ] Safepoint "CollectForMetadataAllocation", Time since last: 25053300 ns, Reaching safepoint: 52500 ns, At safepoint: 228600 ns, Total: 281100 ns
[2020-05-01T11:22:18.305+0000][1][safepoint    ] Safepoint "CollectForMetadataAllocation", Time since last: 29202700 ns, Reaching safepoint: 44700 ns, At safepoint: 689400 ns, Total: 734100 ns
[2020-05-01T11:22:18.322+0000][1][safepoint    ] Safepoint "CollectForMetadataAllocation", Time since last: 16778700 ns, Reaching safepoint: 265700 ns, At safepoint: 152500 ns, Total: 418200 ns
[2020-05-01T11:22:18.347+0000][1][safepoint    ] Safepoint "CollectForMetadataAllocation", Time since last: 24982400 ns, Reaching safepoint: 45800 ns, At safepoint: 132000 ns, Total: 177800 ns
[2020-05-01T11:22:18.365+0000][1][safepoint    ] Safepoint "CollectForMetadataAllocation", Time since last: 18319500 ns, Reaching safepoint: 45500 ns, At safepoint: 122400 ns, Total: 167900 ns
[2020-05-01T11:22:18.369+0000][1][safepoint    ] Safepoint "RevokeBias", Time since last: 3647900 ns, Reaching safepoint: 189000 ns, At safepoint: 94300 ns, Total: 283300 ns
[2020-05-01T11:22:18.370+0000][1][safepoint    ] Safepoint "RevokeBias", Time since last: 289300 ns, Reaching safepoint: 34800 ns, At safepoint: 97700 ns, Total: 132500 ns
[2020-05-01T11:22:18.389+0000][1][safepoint    ] Safepoint "CollectForMetadataAllocation", Time since last: 19288200 ns, Reaching safepoint: 74600 ns, At safepoint: 137200 ns, Total: 211800 ns
[2020-05-01T11:22:18.426+0000][1][safepoint    ] Safepoint "CollectForMetadataAllocation", Time since last: 36470500 ns, Reaching safepoint: 30400 ns, At safepoint: 171200 ns, Total: 201600 ns
[2020-05-01T11:22:18.466+0000][1][safepoint    ] Safepoint "CollectForMetadataAllocation", Time since last: 39410400 ns, Reaching safepoint: 134700 ns, At safepoint: 173200 ns, Total: 307900 ns
[2020-05-01T11:22:18.470+0000][1][safepoint    ] Safepoint "CollectForMetadataAllocation", Time since last: 3961900 ns, Reaching safepoint: 31800 ns, At safepoint: 121400 ns, Total: 153200 ns
[2020-05-01T11:22:18.476+0000][1][safepoint    ] Safepoint "Deoptimize", Time since last: 5539500 ns, Reaching safepoint: 45200 ns, At safepoint: 340400 ns, Total: 385600 ns
[2020-05-01T11:22:18.477+0000][1][safepoint    ] Safepoint "CollectForMetadataAllocation", Time since last: 1524400 ns, Reaching safepoint: 28700 ns, At safepoint: 186900 ns, Total: 215600 ns
[2020-05-01T11:22:18.478+0000][1][safepoint    ] Safepoint "Deoptimize", Time since last: 361300 ns, Reaching safepoint: 27700 ns, At safepoint: 341200 ns, Total: 368900 ns
[2020-05-01T11:22:18.496+0000][1][safepoint    ] Safepoint "CollectForMetadataAllocation", Time since last: 18131200 ns, Reaching safepoint: 37300 ns, At safepoint: 112000 ns, Total: 149300 ns
[2020-05-01T11:22:18.513+0000][1][gc           ] GC(12) Concurrent Abortable Preclean 877.335ms
[2020-05-01T11:22:18.513+0000][1][gc,cpu       ] GC(12) User=3.11s Sys=0.15s Real=0.88s
[2020-05-01T11:22:18.514+0000][1][gc,start     ] GC(12) Pause Remark
[2020-05-01T11:22:18.526+0000][1][gc           ] GC(12) Pause Remark 130M->130M(494M) 11.844ms
[2020-05-01T11:22:18.526+0000][1][gc,cpu       ] GC(12) User=0.06s Sys=0.00s Real=0.01s
[2020-05-01T11:22:18.526+0000][1][safepoint    ] Safepoint "CMS_Final_Remark", Time since last: 17197200 ns, Reaching safepoint: 220700 ns, At safepoint: 12014400 ns, Total: 12235100 ns
[2020-05-01T11:22:18.526+0000][1][gc           ] GC(12) Concurrent Sweep
[2020-05-01T11:22:18.552+0000][1][gc           ] GC(12) Concurrent Sweep 25.931ms
[2020-05-01T11:22:18.552+0000][1][gc,cpu       ] GC(12) User=0.11s Sys=0.00s Real=0.03s
[2020-05-01T11:22:18.552+0000][1][gc           ] GC(12) Concurrent Reset
[2020-05-01T11:22:18.552+0000][1][gc           ] GC(12) Concurrent Reset 0.472ms
[2020-05-01T11:22:18.552+0000][1][gc,cpu       ] GC(12) User=0.00s Sys=0.00s Real=0.00s
[2020-05-01T11:22:18.553+0000][1][gc,heap      ] GC(12) Old: 47659K->47487K(349568K)
[2020-05-01T11:22:19.321+0000][1][safepoint    ] Safepoint "Deoptimize", Time since last: 794306300 ns, Reaching safepoint: 733000 ns, At safepoint: 427500 ns, Total: 1160500 ns
[2020-05-01T11:22:19.369+0000][1][safepoint    ] Safepoint "RevokeBias", Time since last: 47048400 ns, Reaching safepoint: 196600 ns, At safepoint: 167400 ns, Total: 364000 ns
[2020-05-01T11:22:19.416+0000][1][safepoint    ] Safepoint "RevokeBias", Time since last: 47199800 ns, Reaching safepoint: 23500 ns, At safepoint: 60400 ns, Total: 83900 ns
[2020-05-01T11:22:19.421+0000][1][safepoint    ] Safepoint "RevokeBias", Time since last: 4940400 ns, Reaching safepoint: 34800 ns, At safepoint: 98900 ns, Total: 133700 ns
[2020-05-01T11:22:19.595+0000][1][safepoint    ] Safepoint "RevokeBias", Time since last: 172970600 ns, Reaching safepoint: 596100 ns, At safepoint: 141000 ns, Total: 737100 ns
[2020-05-01T11:22:19.595+0000][1][safepoint    ] Safepoint "RevokeBias", Time since last: 166600 ns, Reaching safepoint: 212400 ns, At safepoint: 130300 ns, Total: 342700 ns
[2020-05-01T11:22:19.596+0000][1][safepoint    ] Safepoint "RevokeBias", Time since last: 315000 ns, Reaching safepoint: 126300 ns, At safepoint: 142500 ns, Total: 268800 ns
[2020-05-01T11:22:19.596+0000][1][safepoint    ] Safepoint "RevokeBias", Time since last: 143200 ns, Reaching safepoint: 104600 ns, At safepoint: 164300 ns, Total: 268900 ns
[2020-05-01T11:22:19.624+0000][1][gc,start     ] GC(13) Pause Young (Allocation Failure)
[2020-05-01T11:22:19.624+0000][1][gc,task      ] GC(13) Using 10 workers of 10 for evacuation
[2020-05-01T11:22:19.632+0000][1][gc,age       ] GC(13) Desired survivor size 8945664 bytes, new threshold 2 (max threshold 6)
[2020-05-01T11:22:19.632+0000][1][gc,age       ] GC(13) Age table with threshold 2 (max threshold 6)
[2020-05-01T11:22:19.632+0000][1][gc,age       ] GC(13) - age   1:    6726976 bytes,    6726976 total
[2020-05-01T11:22:19.632+0000][1][gc,age       ] GC(13) - age   2:    2842160 bytes,    9569136 total
[2020-05-01T11:22:19.632+0000][1][gc,heap      ] GC(13) ParNew: 154637K->11036K(157248K)
[2020-05-01T11:22:19.632+0000][1][gc,heap      ] GC(13) CMS: 47487K->47487K(349568K)
[2020-05-01T11:22:19.632+0000][1][gc,metaspace ] GC(13) Metaspace: 50457K->50457K(1095680K)
[2020-05-01T11:22:19.632+0000][1][gc           ] GC(13) Pause Young (Allocation Failure) 197M->57M(494M) 8.815ms
[2020-05-01T11:22:19.632+0000][1][gc,cpu       ] GC(13) User=0.09s Sys=0.00s Real=0.01s
[2020-05-01T11:22:19.632+0000][1][safepoint    ] Safepoint "GenCollectForAllocation", Time since last: 27117000 ns, Reaching safepoint: 36100 ns, At safepoint: 8980700 ns, Total: 9016800 ns
[2020-05-01T11:22:19.635+0000][1][safepoint    ] Safepoint "RevokeBias", Time since last: 2619500 ns, Reaching safepoint: 128500 ns, At safepoint: 167200 ns, Total: 295700 ns
[2020-05-01T11:22:19.636+0000][1][safepoint    ] Safepoint "RevokeBias", Time since last: 160600 ns, Reaching safepoint: 120800 ns, At safepoint: 119900 ns, Total: 240700 ns
[2020-05-01T11:22:19.636+0000][1][safepoint    ] Safepoint "RevokeBias", Time since last: 142100 ns, Reaching safepoint: 103900 ns, At safepoint: 122700 ns, Total: 226600 ns
[2020-05-01T11:22:19.637+0000][1][safepoint    ] Safepoint "RevokeBias", Time since last: 134400 ns, Reaching safepoint: 112500 ns, At safepoint: 98600 ns, Total: 211100 ns
[2020-05-01T11:22:19.637+0000][1][safepoint    ] Safepoint "RevokeBias", Time since last: 132700 ns, Reaching safepoint: 132000 ns, At safepoint: 131200 ns, Total: 263200 ns
[2020-05-01T11:22:19.637+0000][1][safepoint    ] Safepoint "RevokeBias", Time since last: 145500 ns, Reaching safepoint: 117600 ns, At safepoint: 112300 ns, Total: 229900 ns
[2020-05-01T11:22:19.638+0000][1][safepoint    ] Safepoint "RevokeBias", Time since last: 131900 ns, Reaching safepoint: 127000 ns, At safepoint: 94700 ns, Total: 221700 ns
[2020-05-01T11:22:19.638+0000][1][safepoint    ] Safepoint "RevokeBias", Time since last: 180700 ns, Reaching safepoint: 116000 ns, At safepoint: 142000 ns, Total: 258000 ns
[2020-05-01T11:22:19.638+0000][1][safepoint    ] Safepoint "RevokeBias", Time since last: 148500 ns, Reaching safepoint: 127800 ns, At safepoint: 129900 ns, Total: 257700 ns
[2020-05-01T11:22:19.639+0000][1][safepoint    ] Safepoint "RevokeBias", Time since last: 130200 ns, Reaching safepoint: 400400 ns, At safepoint: 99500 ns, Total: 499900 ns
[2020-05-01T11:22:19.640+0000][1][safepoint    ] Safepoint "RevokeBias", Time since last: 107700 ns, Reaching safepoint: 197600 ns, At safepoint: 88900 ns, Total: 286500 ns
[2020-05-01T11:22:19.640+0000][1][safepoint    ] Safepoint "RevokeBias", Time since last: 103000 ns, Reaching safepoint: 104900 ns, At safepoint: 140100 ns, Total: 245000 ns
[2020-05-01T11:22:19.640+0000][1][safepoint    ] Safepoint "RevokeBias", Time since last: 119600 ns, Reaching safepoint: 113800 ns, At safepoint: 111300 ns, Total: 225100 ns
[2020-05-01T11:22:19.641+0000][1][safepoint    ] Safepoint "BulkRevokeBias", Time since last: 108300 ns, Reaching safepoint: 111000 ns, At safepoint: 141300 ns, Total: 252300 ns
[2020-05-01T11:22:19.676+0000][1][safepoint    ] Safepoint "RevokeBias", Time since last: 34920500 ns, Reaching safepoint: 163500 ns, At safepoint: 114300 ns, Total: 277800 ns
[2020-05-01T11:22:19.676+0000][1][safepoint    ] Safepoint "RevokeBias", Time since last: 220900 ns, Reaching safepoint: 127300 ns, At safepoint: 121900 ns, Total: 249200 ns
[2020-05-01T11:22:19.677+0000][1][safepoint    ] Safepoint "RevokeBias", Time since last: 256200 ns, Reaching safepoint: 21200 ns, At safepoint: 58700 ns, Total: 79900 ns
[2020-05-01T11:22:19.677+0000][1][safepoint    ] Safepoint "RevokeBias", Time since last: 255900 ns, Reaching safepoint: 138100 ns, At safepoint: 110400 ns, Total: 248500 ns
[2020-05-01T11:22:19.677+0000][1][safepoint    ] Safepoint "RevokeBias", Time since last: 235000 ns, Reaching safepoint: 109600 ns, At safepoint: 85800 ns, Total: 195400 ns
[2020-05-01T11:22:19.678+0000][1][safepoint    ] Safepoint "RevokeBias", Time since last: 855400 ns, Reaching safepoint: 33300 ns, At safepoint: 90000 ns, Total: 123300 ns
[2020-05-01T11:22:19.680+0000][1][safepoint    ] Safepoint "RevokeBias", Time since last: 1082500 ns, Reaching safepoint: 152000 ns, At safepoint: 139100 ns, Total: 291100 ns
[2020-05-01T11:22:19.680+0000][1][safepoint    ] Safepoint "RevokeBias", Time since last: 424300 ns, Reaching safepoint: 20800 ns, At safepoint: 58900 ns, Total: 79700 ns
[2020-05-01T11:22:19.681+0000][1][safepoint    ] Safepoint "RevokeBias", Time since last: 125600 ns, Reaching safepoint: 16300 ns, At safepoint: 52200 ns, Total: 68500 ns
[2020-05-01T11:22:19.681+0000][1][safepoint    ] Safepoint "RevokeBias", Time since last: 152400 ns, Reaching safepoint: 22200 ns, At safepoint: 68000 ns, Total: 90200 ns
[2020-05-01T11:22:19.681+0000][1][safepoint    ] Safepoint "RevokeBias", Time since last: 138800 ns, Reaching safepoint: 21200 ns, At safepoint: 90700 ns, Total: 111900 ns
[2020-05-01T11:22:19.681+0000][1][safepoint    ] Safepoint "RevokeBias", Time since last: 147000 ns, Reaching safepoint: 215200 ns, At safepoint: 89200 ns, Total: 304400 ns
[2020-05-01T11:22:19.682+0000][1][safepoint    ] Safepoint "RevokeBias", Time since last: 144800 ns, Reaching safepoint: 121100 ns, At safepoint: 90300 ns, Total: 211400 ns
[2020-05-01T11:22:19.683+0000][1][safepoint    ] Safepoint "RevokeBias", Time since last: 480800 ns, Reaching safepoint: 93100 ns, At safepoint: 485500 ns, Total: 578600 ns
[2020-05-01T11:22:19.684+0000][1][safepoint    ] Safepoint "RevokeBias", Time since last: 328700 ns, Reaching safepoint: 165000 ns, At safepoint: 131800 ns, Total: 296800 ns
[2020-05-01T11:22:19.684+0000][1][safepoint    ] Safepoint "RevokeBias", Time since last: 239000 ns, Reaching safepoint: 157800 ns, At safepoint: 140100 ns, Total: 297900 ns
[2020-05-01T11:22:19.684+0000][1][safepoint    ] Safepoint "RevokeBias", Time since last: 140100 ns, Reaching safepoint: 118500 ns, At safepoint: 79000 ns, Total: 197500 ns
[2020-05-01T11:22:19.685+0000][1][safepoint    ] Safepoint "RevokeBias", Time since last: 130000 ns, Reaching safepoint: 117900 ns, At safepoint: 88200 ns, Total: 206100 ns
[2020-05-01T11:22:19.685+0000][1][safepoint    ] Safepoint "RevokeBias", Time since last: 106300 ns, Reaching safepoint: 16400 ns, At safepoint: 52600 ns, Total: 69000 ns
[2020-05-01T11:22:19.685+0000][1][safepoint    ] Safepoint "RevokeBias", Time since last: 145900 ns, Reaching safepoint: 16200 ns, At safepoint: 56800 ns, Total: 73000 ns
[2020-05-01T11:22:19.685+0000][1][safepoint    ] Safepoint "RevokeBias", Time since last: 114100 ns, Reaching safepoint: 26800 ns, At safepoint: 59500 ns, Total: 86300 ns
[2020-05-01T11:22:19.686+0000][1][safepoint    ] Safepoint "RevokeBias", Time since last: 102200 ns, Reaching safepoint: 15000 ns, At safepoint: 55000 ns, Total: 70000 ns
[2020-05-01T11:22:19.686+0000][1][safepoint    ] Safepoint "RevokeBias", Time since last: 106100 ns, Reaching safepoint: 109400 ns, At safepoint: 78300 ns, Total: 187700 ns
[2020-05-01T11:22:19.686+0000][1][safepoint    ] Safepoint "RevokeBias", Time since last: 140900 ns, Reaching safepoint: 142500 ns, At safepoint: 104300 ns, Total: 246800 ns
[2020-05-01T11:22:19.687+0000][1][safepoint    ] Safepoint "RevokeBias", Time since last: 209100 ns, Reaching safepoint: 131700 ns, At safepoint: 97800 ns, Total: 229500 ns
[2020-05-01T11:22:19.687+0000][1][safepoint    ] Safepoint "RevokeBias", Time since last: 163700 ns, Reaching safepoint: 149700 ns, At safepoint: 154000 ns, Total: 303700 ns
[2020-05-01T11:22:19.688+0000][1][safepoint    ] Safepoint "BulkRevokeBias", Time since last: 156000 ns, Reaching safepoint: 177100 ns, At safepoint: 252900 ns, Total: 430000 ns
[2020-05-01T11:22:19.688+0000][1][safepoint    ] Safepoint "RevokeBias", Time since last: 235900 ns, Reaching safepoint: 154100 ns, At safepoint: 136100 ns, Total: 290200 ns
[2020-05-01T11:22:19.689+0000][1][safepoint    ] Safepoint "RevokeBias", Time since last: 121400 ns, Reaching safepoint: 119100 ns, At safepoint: 78700 ns, Total: 197800 ns
[2020-05-01T11:22:19.689+0000][1][safepoint    ] Safepoint "RevokeBias", Time since last: 170000 ns, Reaching safepoint: 207100 ns, At safepoint: 95900 ns, Total: 303000 ns
[2020-05-01T11:22:19.689+0000][1][safepoint    ] Safepoint "RevokeBias", Time since last: 140900 ns, Reaching safepoint: 170600 ns, At safepoint: 100000 ns, Total: 270600 ns
[2020-05-01T11:22:19.690+0000][1][safepoint    ] Safepoint "RevokeBias", Time since last: 120600 ns, Reaching safepoint: 116000 ns, At safepoint: 65600 ns, Total: 181600 ns
[2020-05-01T11:22:19.690+0000][1][safepoint    ] Safepoint "RevokeBias", Time since last: 132200 ns, Reaching safepoint: 14400 ns, At safepoint: 39700 ns, Total: 54100 ns
[2020-05-01T11:22:19.690+0000][1][safepoint    ] Safepoint "RevokeBias", Time since last: 245800 ns, Reaching safepoint: 27000 ns, At safepoint: 72400 ns, Total: 99400 ns
[2020-05-01T11:22:19.691+0000][1][safepoint    ] Safepoint "RevokeBias", Time since last: 598900 ns, Reaching safepoint: 176500 ns, At safepoint: 81200 ns, Total: 257700 ns
[2020-05-01T11:22:19.691+0000][1][safepoint    ] Safepoint "RevokeBias", Time since last: 274900 ns, Reaching safepoint: 24400 ns, At safepoint: 75800 ns, Total: 100200 ns
[2020-05-01T11:22:19.692+0000][1][safepoint    ] Safepoint "RevokeBias", Time since last: 157100 ns, Reaching safepoint: 22700 ns, At safepoint: 73500 ns, Total: 96200 ns
[2020-05-01T11:22:19.695+0000][1][safepoint    ] Safepoint "RevokeBias", Time since last: 3417400 ns, Reaching safepoint: 156800 ns, At safepoint: 161500 ns, Total: 318300 ns
[2020-05-01T11:22:19.696+0000][1][safepoint    ] Safepoint "RevokeBias", Time since last: 182000 ns, Reaching safepoint: 240600 ns, At safepoint: 158300 ns, Total: 398900 ns
[2020-05-01T11:22:19.696+0000][1][safepoint    ] Safepoint "RevokeBias", Time since last: 130000 ns, Reaching safepoint: 139300 ns, At safepoint: 90500 ns, Total: 229800 ns
[2020-05-01T11:22:19.697+0000][1][safepoint    ] Safepoint "RevokeBias", Time since last: 128300 ns, Reaching safepoint: 105300 ns, At safepoint: 89700 ns, Total: 195000 ns
[2020-05-01T11:22:19.697+0000][1][safepoint    ] Safepoint "RevokeBias", Time since last: 123500 ns, Reaching safepoint: 113600 ns, At safepoint: 77600 ns, Total: 191200 ns
[2020-05-01T11:22:19.697+0000][1][safepoint    ] Safepoint "RevokeBias", Time since last: 117500 ns, Reaching safepoint: 109200 ns, At safepoint: 70800 ns, Total: 180000 ns
[2020-05-01T11:22:19.698+0000][1][safepoint    ] Safepoint "RevokeBias", Time since last: 101900 ns, Reaching safepoint: 102600 ns, At safepoint: 67000 ns, Total: 169600 ns
[2020-05-01T11:22:19.698+0000][1][safepoint    ] Safepoint "RevokeBias", Time since last: 98400 ns, Reaching safepoint: 124300 ns, At safepoint: 103800 ns, Total: 228100 ns
[2020-05-01T11:22:19.698+0000][1][safepoint    ] Safepoint "RevokeBias", Time since last: 124000 ns, Reaching safepoint: 113200 ns, At safepoint: 84500 ns, Total: 197700 ns
[2020-05-01T11:22:19.699+0000][1][safepoint    ] Safepoint "RevokeBias", Time since last: 125100 ns, Reaching safepoint: 112500 ns, At safepoint: 83700 ns, Total: 196200 ns
[2020-05-01T11:22:19.699+0000][1][safepoint    ] Safepoint "RevokeBias", Time since last: 129500 ns, Reaching safepoint: 112500 ns, At safepoint: 101900 ns, Total: 214400 ns
[2020-05-01T11:22:19.699+0000][1][safepoint    ] Safepoint "RevokeBias", Time since last: 126900 ns, Reaching safepoint: 106300 ns, At safepoint: 73700 ns, Total: 180000 ns
[2020-05-01T11:22:19.700+0000][1][safepoint    ] Safepoint "RevokeBias", Time since last: 133500 ns, Reaching safepoint: 106000 ns, At safepoint: 74900 ns, Total: 180900 ns
[2020-05-01T11:22:19.700+0000][1][safepoint    ] Safepoint "RevokeBias", Time since last: 116000 ns, Reaching safepoint: 113400 ns, At safepoint: 75800 ns, Total: 189200 ns
[2020-05-01T11:22:19.700+0000][1][safepoint    ] Safepoint "BulkRevokeBias", Time since last: 117600 ns, Reaching safepoint: 106600 ns, At safepoint: 115800 ns, Total: 222400 ns
[2020-05-01T11:22:19.701+0000][1][safepoint    ] Safepoint "RevokeBias", Time since last: 212600 ns, Reaching safepoint: 115400 ns, At safepoint: 78700 ns, Total: 194100 ns
[2020-05-01T11:22:19.701+0000][1][safepoint    ] Safepoint "RevokeBias", Time since last: 174900 ns, Reaching safepoint: 121500 ns, At safepoint: 75300 ns, Total: 196800 ns
[2020-05-01T11:22:19.701+0000][1][safepoint    ] Safepoint "RevokeBias", Time since last: 168800 ns, Reaching safepoint: 113800 ns, At safepoint: 102500 ns, Total: 216300 ns
[2020-05-01T11:22:19.702+0000][1][safepoint    ] Safepoint "RevokeBias", Time since last: 160400 ns, Reaching safepoint: 113100 ns, At safepoint: 170400 ns, Total: 283500 ns
[2020-05-01T11:22:19.702+0000][1][safepoint    ] Safepoint "RevokeBias", Time since last: 152900 ns, Reaching safepoint: 107700 ns, At safepoint: 122100 ns, Total: 229800 ns
[2020-05-01T11:22:19.703+0000][1][safepoint    ] Safepoint "RevokeBias", Time since last: 227400 ns, Reaching safepoint: 122200 ns, At safepoint: 114100 ns, Total: 236300 ns
[2020-05-01T11:22:19.703+0000][1][safepoint    ] Safepoint "RevokeBias", Time since last: 545800 ns, Reaching safepoint: 145100 ns, At safepoint: 124900 ns, Total: 270000 ns
[2020-05-01T11:22:19.705+0000][1][safepoint    ] Safepoint "RevokeBias", Time since last: 179500 ns, Reaching safepoint: 996800 ns, At safepoint: 147300 ns, Total: 1144100 ns
[2020-05-01T11:22:19.705+0000][1][safepoint    ] Safepoint "RevokeBias", Time since last: 281500 ns, Reaching safepoint: 122700 ns, At safepoint: 131300 ns, Total: 254000 ns
[2020-05-01T11:22:19.706+0000][1][safepoint    ] Safepoint "RevokeBias", Time since last: 168600 ns, Reaching safepoint: 139400 ns, At safepoint: 156400 ns, Total: 295800 ns
[2020-05-01T11:22:19.706+0000][1][safepoint    ] Safepoint "RevokeBias", Time since last: 140200 ns, Reaching safepoint: 117600 ns, At safepoint: 94900 ns, Total: 212500 ns
[2020-05-01T11:22:19.706+0000][1][safepoint    ] Safepoint "RevokeBias", Time since last: 100100 ns, Reaching safepoint: 123400 ns, At safepoint: 117200 ns, Total: 240600 ns
[2020-05-01T11:22:19.707+0000][1][safepoint    ] Safepoint "RevokeBias", Time since last: 349400 ns, Reaching safepoint: 120000 ns, At safepoint: 86100 ns, Total: 206100 ns
[2020-05-01T11:22:19.708+0000][1][safepoint    ] Safepoint "RevokeBias", Time since last: 409500 ns, Reaching safepoint: 19500 ns, At safepoint: 93600 ns, Total: 113100 ns
[2020-05-01T11:22:19.708+0000][1][safepoint    ] Safepoint "RevokeBias", Time since last: 417400 ns, Reaching safepoint: 376300 ns, At safepoint: 81500 ns, Total: 457800 ns
[2020-05-01T11:22:19.709+0000][1][safepoint    ] Safepoint "RevokeBias", Time since last: 148200 ns, Reaching safepoint: 192500 ns, At safepoint: 75100 ns, Total: 267600 ns
[2020-05-01T11:22:19.709+0000][1][safepoint    ] Safepoint "RevokeBias", Time since last: 301300 ns, Reaching safepoint: 200600 ns, At safepoint: 66300 ns, Total: 266900 ns
[2020-05-01T11:22:19.710+0000][1][safepoint    ] Safepoint "RevokeBias", Time since last: 146900 ns, Reaching safepoint: 106500 ns, At safepoint: 81600 ns, Total: 188100 ns
[2020-05-01T11:22:19.712+0000][1][safepoint    ] Safepoint "Deoptimize", Time since last: 1470300 ns, Reaching safepoint: 496300 ns, At safepoint: 390200 ns, Total: 886500 ns
[2020-05-01T11:22:19.713+0000][1][safepoint    ] Safepoint "RevokeBias", Time since last: 408400 ns, Reaching safepoint: 123400 ns, At safepoint: 86100 ns, Total: 209500 ns
[2020-05-01T11:22:19.713+0000][1][safepoint    ] Safepoint "RevokeBias", Time since last: 133800 ns, Reaching safepoint: 133100 ns, At safepoint: 69000 ns, Total: 202100 ns
[2020-05-01T11:22:19.713+0000][1][safepoint    ] Safepoint "RevokeBias", Time since last: 174100 ns, Reaching safepoint: 119700 ns, At safepoint: 76100 ns, Total: 195800 ns
[2020-05-01T11:22:19.714+0000][1][safepoint    ] Safepoint "RevokeBias", Time since last: 68500 ns, Reaching safepoint: 11400 ns, At safepoint: 77300 ns, Total: 88700 ns
[2020-05-01T11:22:19.714+0000][1][safepoint    ] Safepoint "RevokeBias", Time since last: 302500 ns, Reaching safepoint: 102800 ns, At safepoint: 74800 ns, Total: 177600 ns
[2020-05-01T11:22:19.715+0000][1][safepoint    ] Safepoint "RevokeBias", Time since last: 858300 ns, Reaching safepoint: 114500 ns, At safepoint: 118400 ns, Total: 232900 ns
[2020-05-01T11:22:19.716+0000][1][safepoint    ] Safepoint "RevokeBias", Time since last: 120200 ns, Reaching safepoint: 104800 ns, At safepoint: 122800 ns, Total: 227600 ns
[2020-05-01T11:22:19.719+0000][1][safepoint    ] Safepoint "RevokeBias", Time since last: 3258900 ns, Reaching safepoint: 121200 ns, At safepoint: 150300 ns, Total: 271500 ns
[2020-05-01T11:22:19.719+0000][1][safepoint    ] Safepoint "RevokeBias", Time since last: 132600 ns, Reaching safepoint: 112200 ns, At safepoint: 201100 ns, Total: 313300 ns
[2020-05-01T11:22:19.720+0000][1][safepoint    ] Safepoint "RevokeBias", Time since last: 320100 ns, Reaching safepoint: 167400 ns, At safepoint: 208800 ns, Total: 376200 ns
[2020-05-01T11:22:19.722+0000][1][safepoint    ] Safepoint "RevokeBias", Time since last: 2005300 ns, Reaching safepoint: 145600 ns, At safepoint: 88600 ns, Total: 234200 ns
[2020-05-01T11:22:19.733+0000][1][safepoint    ] Safepoint "RevokeBias", Time since last: 10400400 ns, Reaching safepoint: 47900 ns, At safepoint: 89400 ns, Total: 137300 ns
[2020-05-01T11:22:19.741+0000][1][safepoint    ] Safepoint "RevokeBias", Time since last: 7865800 ns, Reaching safepoint: 31000 ns, At safepoint: 54900 ns, Total: 85900 ns
[2020-05-01T11:22:19.794+0000][1][safepoint    ] Safepoint "RevokeBias", Time since last: 52628000 ns, Reaching safepoint: 50400 ns, At safepoint: 89000 ns, Total: 139400 ns
[2020-05-01T11:22:19.801+0000][1][safepoint    ] Safepoint "RevokeBias", Time since last: 7371900 ns, Reaching safepoint: 31600 ns, At safepoint: 54100 ns, Total: 85700 ns
[2020-05-01T11:22:19.806+0000][1][safepoint    ] Safepoint "RevokeBias", Time since last: 4229800 ns, Reaching safepoint: 36000 ns, At safepoint: 126000 ns, Total: 162000 ns
[2020-05-01T11:22:19.816+0000][1][safepoint    ] Safepoint "RevokeBias", Time since last: 10124600 ns, Reaching safepoint: 47900 ns, At safepoint: 79900 ns, Total: 127800 ns
[2020-05-01T11:22:19.824+0000][1][safepoint    ] Safepoint "RevokeBias", Time since last: 7785400 ns, Reaching safepoint: 46200 ns, At safepoint: 70500 ns, Total: 116700 ns
[2020-05-01T11:22:19.833+0000][1][safepoint    ] Safepoint "RevokeBias", Time since last: 9028900 ns, Reaching safepoint: 30200 ns, At safepoint: 47200 ns, Total: 77400 ns
[2020-05-01T11:22:19.858+0000][1][safepoint    ] Safepoint "RevokeBias", Time since last: 24430100 ns, Reaching safepoint: 202500 ns, At safepoint: 132700 ns, Total: 335200 ns
[2020-05-01T11:22:19.859+0000][1][safepoint    ] Safepoint "BulkRevokeBias", Time since last: 1020600 ns, Reaching safepoint: 29700 ns, At safepoint: 141400 ns, Total: 171100 ns
[2020-05-01T11:22:20.641+0000][1][safepoint    ] Safepoint "RevokeBias", Time since last: 780255900 ns, Reaching safepoint: 1469300 ns, At safepoint: 90900 ns, Total: 1560200 ns
[2020-05-01T11:22:20.641+0000][1][safepoint    ] Safepoint "RevokeBias", Time since last: 208500 ns, Reaching safepoint: 122500 ns, At safepoint: 79600 ns, Total: 202100 ns
[2020-05-01T11:22:20.641+0000][1][safepoint    ] Safepoint "RevokeBias", Time since last: 221700 ns, Reaching safepoint: 102600 ns, At safepoint: 70100 ns, Total: 172700 ns
[2020-05-01T11:22:20.644+0000][1][safepoint    ] Safepoint "RevokeBias", Time since last: 2201600 ns, Reaching safepoint: 60700 ns, At safepoint: 168500 ns, Total: 229200 ns
[2020-05-01T11:22:20.740+0000][1][gc,start     ] GC(14) Pause Young (Allocation Failure)
[2020-05-01T11:22:20.740+0000][1][gc,task      ] GC(14) Using 10 workers of 10 for evacuation
[2020-05-01T11:22:20.752+0000][1][gc,age       ] GC(14) Desired survivor size 8945664 bytes, new threshold 2 (max threshold 6)
[2020-05-01T11:22:20.752+0000][1][gc,age       ] GC(14) Age table with threshold 2 (max threshold 6)
[2020-05-01T11:22:20.752+0000][1][gc,age       ] GC(14) - age   1:    3694824 bytes,    3694824 total
[2020-05-01T11:22:20.752+0000][1][gc,age       ] GC(14) - age   2:    6534832 bytes,   10229656 total
[2020-05-01T11:22:20.752+0000][1][gc,heap      ] GC(14) ParNew: 150812K->13709K(157248K)
[2020-05-01T11:22:20.752+0000][1][gc,heap      ] GC(14) CMS: 47487K->50320K(349568K)
[2020-05-01T11:22:20.752+0000][1][gc,metaspace ] GC(14) Metaspace: 63172K->63172K(1107968K)
[2020-05-01T11:22:20.752+0000][1][gc           ] GC(14) Pause Young (Allocation Failure) 193M->62M(494M) 12.169ms
[2020-05-01T11:22:20.752+0000][1][gc,cpu       ] GC(14) User=0.07s Sys=0.00s Real=0.01s
[2020-05-01T11:22:20.752+0000][1][safepoint    ] Safepoint "GenCollectForAllocation", Time since last: 96148000 ns, Reaching safepoint: 39700 ns, At safepoint: 12312500 ns, Total: 12352200 ns
[2020-05-01T11:22:20.888+0000][1][safepoint    ] Safepoint "Deoptimize", Time since last: 134737700 ns, Reaching safepoint: 51100 ns, At safepoint: 511700 ns, Total: 562800 ns
[2020-05-01T11:22:21.394+0000][1][safepoint    ] Safepoint "RevokeBias", Time since last: 505835500 ns, Reaching safepoint: 155000 ns, At safepoint: 141400 ns, Total: 296400 ns
[2020-05-01T11:22:21.462+0000][1][safepoint    ] Safepoint "Deoptimize", Time since last: 66940600 ns, Reaching safepoint: 270300 ns, At safepoint: 1164700 ns, Total: 1435000 ns
[2020-05-01T11:22:21.541+0000][1][safepoint    ] Safepoint "RevokeBias", Time since last: 78772400 ns, Reaching safepoint: 166900 ns, At safepoint: 137500 ns, Total: 304400 ns
[2020-05-01T11:22:21.542+0000][1][safepoint    ] Safepoint "BulkRevokeBias", Time since last: 929500 ns, Reaching safepoint: 24700 ns, At safepoint: 129200 ns, Total: 153900 ns
[2020-05-01T11:22:21.544+0000][1][safepoint    ] Safepoint "RevokeBias", Time since last: 1090000 ns, Reaching safepoint: 69200 ns, At safepoint: 154700 ns, Total: 223900 ns
[2020-05-01T11:22:21.546+0000][1][safepoint    ] Safepoint "RevokeBias", Time since last: 1753400 ns, Reaching safepoint: 95500 ns, At safepoint: 150400 ns, Total: 245900 ns
[2020-05-01T11:22:21.546+0000][1][safepoint    ] Safepoint "RevokeBias", Time since last: 230700 ns, Reaching safepoint: 48700 ns, At safepoint: 111300 ns, Total: 160000 ns
[2020-05-01T11:22:21.547+0000][1][safepoint    ] Safepoint "RevokeBias", Time since last: 647800 ns, Reaching safepoint: 37800 ns, At safepoint: 109400 ns, Total: 147200 ns
[2020-05-01T11:22:21.547+0000][1][safepoint    ] Safepoint "RevokeBias", Time since last: 562000 ns, Reaching safepoint: 31900 ns, At safepoint: 85400 ns, Total: 117300 ns
[2020-05-01T11:22:21.548+0000][1][safepoint    ] Safepoint "RevokeBias", Time since last: 442800 ns, Reaching safepoint: 45800 ns, At safepoint: 75400 ns, Total: 121200 ns
[2020-05-01T11:22:21.548+0000][1][safepoint    ] Safepoint "RevokeBias", Time since last: 134700 ns, Reaching safepoint: 23300 ns, At safepoint: 65900 ns, Total: 89200 ns
[2020-05-01T11:22:21.551+0000][1][safepoint    ] Safepoint "RevokeBias", Time since last: 2188200 ns, Reaching safepoint: 25800 ns, At safepoint: 59500 ns, Total: 85300 ns
[2020-05-01T11:22:21.551+0000][1][safepoint    ] Safepoint "RevokeBias", Time since last: 179500 ns, Reaching safepoint: 25000 ns, At safepoint: 67100 ns, Total: 92100 ns
[2020-05-01T11:22:21.554+0000][1][safepoint    ] Safepoint "Deoptimize", Time since last: 2479500 ns, Reaching safepoint: 27800 ns, At safepoint: 421100 ns, Total: 448900 ns
[2020-05-01T11:22:21.554+0000][1][safepoint    ] Safepoint "RevokeBias", Time since last: 650000 ns, Reaching safepoint: 17700 ns, At safepoint: 46000 ns, Total: 63700 ns
[2020-05-01T11:22:21.696+0000][1][safepoint    ] Safepoint "Deoptimize", Time since last: 139801600 ns, Reaching safepoint: 153500 ns, At safepoint: 1422600 ns, Total: 1576100 ns
[2020-05-01T11:22:21.841+0000][1][safepoint    ] Safepoint "Deoptimize", Time since last: 144937700 ns, Reaching safepoint: 116800 ns, At safepoint: 601200 ns, Total: 718000 ns
[2020-05-01T11:22:22.083+0000][1][safepoint    ] Safepoint "RevokeBias", Time since last: 241077200 ns, Reaching safepoint: 463200 ns, At safepoint: 185100 ns, Total: 648300 ns
[2020-05-01T11:22:22.086+0000][1][safepoint    ] Safepoint "RevokeBias", Time since last: 1530700 ns, Reaching safepoint: 1279700 ns, At safepoint: 193500 ns, Total: 1473200 ns
[2020-05-01T11:22:22.090+0000][1][safepoint    ] Safepoint "RevokeBias", Time since last: 3210400 ns, Reaching safepoint: 188400 ns, At safepoint: 258700 ns, Total: 447100 ns
[2020-05-01T11:22:22.099+0000][1][safepoint    ] Safepoint "RevokeBias", Time since last: 7423900 ns, Reaching safepoint: 873700 ns, At safepoint: 370200 ns, Total: 1243900 ns
[2020-05-01T11:22:22.100+0000][1][safepoint    ] Safepoint "RevokeBias", Time since last: 945300 ns, Reaching safepoint: 434500 ns, At safepoint: 373000 ns, Total: 807500 ns
[2020-05-01T11:22:22.102+0000][1][safepoint    ] Safepoint "RevokeBias", Time since last: 364300 ns, Reaching safepoint: 1334100 ns, At safepoint: 308800 ns, Total: 1642900 ns
[2020-05-01T11:22:22.104+0000][1][safepoint    ] Safepoint "RevokeBias", Time since last: 612800 ns, Reaching safepoint: 324400 ns, At safepoint: 1047900 ns, Total: 1372300 ns
[2020-05-01T11:22:22.106+0000][1][safepoint    ] Safepoint "RevokeBias", Time since last: 439900 ns, Reaching safepoint: 392000 ns, At safepoint: 586900 ns, Total: 978900 ns
[2020-05-01T11:22:22.109+0000][1][safepoint    ] Safepoint "RevokeBias", Time since last: 2798700 ns, Reaching safepoint: 58800 ns, At safepoint: 111900 ns, Total: 170700 ns
[2020-05-01T11:22:22.109+0000][1][safepoint    ] Safepoint "RevokeBias", Time since last: 287600 ns, Reaching safepoint: 62900 ns, At safepoint: 106100 ns, Total: 169000 ns
[2020-05-01T11:22:22.117+0000][1][safepoint    ] Safepoint "RevokeBias", Time since last: 6642900 ns, Reaching safepoint: 618100 ns, At safepoint: 705300 ns, Total: 1323400 ns
[2020-05-01T11:22:22.118+0000][1][safepoint    ] Safepoint "RevokeBias", Time since last: 223600 ns, Reaching safepoint: 147800 ns, At safepoint: 236400 ns, Total: 384200 ns
[2020-05-01T11:22:22.118+0000][1][safepoint    ] Safepoint "RevokeBias", Time since last: 63900 ns, Reaching safepoint: 162600 ns, At safepoint: 198400 ns, Total: 361000 ns
[2020-05-01T11:22:22.122+0000][1][safepoint    ] Safepoint "RevokeBias", Time since last: 3676700 ns, Reaching safepoint: 179600 ns, At safepoint: 257700 ns, Total: 437300 ns
[2020-05-01T11:22:22.124+0000][1][safepoint    ] Safepoint "RevokeBias", Time since last: 1526600 ns, Reaching safepoint: 313400 ns, At safepoint: 287400 ns, Total: 600800 ns
[2020-05-01T11:22:22.133+0000][1][safepoint    ] Safepoint "RevokeBias", Time since last: 171400 ns, Reaching safepoint: 7658700 ns, At safepoint: 885200 ns, Total: 8543900 ns
[2020-05-01T11:22:22.134+0000][1][safepoint    ] Safepoint "RevokeBias", Time since last: 393100 ns, Reaching safepoint: 186400 ns, At safepoint: 203100 ns, Total: 389500 ns
[2020-05-01T11:22:22.134+0000][1][safepoint    ] Safepoint "RevokeBias", Time since last: 66800 ns, Reaching safepoint: 169300 ns, At safepoint: 336300 ns, Total: 505600 ns
[2020-05-01T11:22:22.135+0000][1][safepoint    ] Safepoint "RevokeBias", Time since last: 280600 ns, Reaching safepoint: 149200 ns, At safepoint: 150100 ns, Total: 299300 ns
[2020-05-01T11:22:22.135+0000][1][safepoint    ] Safepoint "RevokeBias", Time since last: 224100 ns, Reaching safepoint: 81900 ns, At safepoint: 151800 ns, Total: 233700 ns
[2020-05-01T11:22:22.136+0000][1][safepoint    ] Safepoint "RevokeBias", Time since last: 221700 ns, Reaching safepoint: 301500 ns, At safepoint: 101400 ns, Total: 402900 ns
[2020-05-01T11:22:22.137+0000][1][safepoint    ] Safepoint "RevokeBias", Time since last: 956700 ns, Reaching safepoint: 39200 ns, At safepoint: 48800 ns, Total: 88000 ns
[2020-05-01T11:22:22.140+0000][1][safepoint    ] Safepoint "RevokeBias", Time since last: 2811200 ns, Reaching safepoint: 396200 ns, At safepoint: 80500 ns, Total: 476700 ns
[2020-05-01T11:22:22.141+0000][1][safepoint    ] Safepoint "RevokeBias", Time since last: 188600 ns, Reaching safepoint: 53200 ns, At safepoint: 76000 ns, Total: 129200 ns
[2020-05-01T11:22:22.141+0000][1][safepoint    ] Safepoint "RevokeBias", Time since last: 132900 ns, Reaching safepoint: 163500 ns, At safepoint: 97000 ns, Total: 260500 ns
[2020-05-01T11:22:22.142+0000][1][safepoint    ] Safepoint "RevokeBias", Time since last: 415600 ns, Reaching safepoint: 147500 ns, At safepoint: 187300 ns, Total: 334800 ns
[2020-05-01T11:22:22.147+0000][1][safepoint    ] Safepoint "RevokeBias", Time since last: 3398800 ns, Reaching safepoint: 673100 ns, At safepoint: 733200 ns, Total: 1406300 ns
[2020-05-01T11:22:22.148+0000][1][safepoint    ] Safepoint "RevokeBias", Time since last: 198100 ns, Reaching safepoint: 355600 ns, At safepoint: 495000 ns, Total: 850600 ns
[2020-05-01T11:22:22.149+0000][1][safepoint    ] Safepoint "RevokeBias", Time since last: 115300 ns, Reaching safepoint: 515800 ns, At safepoint: 905000 ns, Total: 1420800 ns
[2020-05-01T11:22:22.151+0000][1][safepoint    ] Safepoint "RevokeBias", Time since last: 1545900 ns, Reaching safepoint: 353200 ns, At safepoint: 198600 ns, Total: 551800 ns
[2020-05-01T11:22:22.152+0000][1][safepoint    ] Safepoint "RevokeBias", Time since last: 360400 ns, Reaching safepoint: 316500 ns, At safepoint: 111100 ns, Total: 427600 ns
[2020-05-01T11:22:22.166+0000][1][safepoint    ] Safepoint "RevokeBias", Time since last: 12992100 ns, Reaching safepoint: 393000 ns, At safepoint: 492500 ns, Total: 885500 ns
[2020-05-01T11:22:22.169+0000][1][safepoint    ] Safepoint "RevokeBias", Time since last: 2279200 ns, Reaching safepoint: 253000 ns, At safepoint: 282700 ns, Total: 535700 ns
[2020-05-01T11:22:22.170+0000][1][safepoint    ] Safepoint "RevokeBias", Time since last: 406200 ns, Reaching safepoint: 230300 ns, At safepoint: 921600 ns, Total: 1151900 ns
[2020-05-01T11:22:22.172+0000][1][safepoint    ] Safepoint "RevokeBias", Time since last: 533800 ns, Reaching safepoint: 479900 ns, At safepoint: 383600 ns, Total: 863500 ns
[2020-05-01T11:22:22.172+0000][1][safepoint    ] Safepoint "RevokeBias", Time since last: 131800 ns, Reaching safepoint: 203200 ns, At safepoint: 329800 ns, Total: 533000 ns
[2020-05-01T11:22:22.173+0000][1][safepoint    ] Safepoint "RevokeBias", Time since last: 68600 ns, Reaching safepoint: 162100 ns, At safepoint: 444100 ns, Total: 606200 ns
[2020-05-01T11:22:22.174+0000][1][safepoint    ] Safepoint "RevokeBias", Time since last: 78300 ns, Reaching safepoint: 175400 ns, At safepoint: 141100 ns, Total: 316500 ns
[2020-05-01T11:22:22.182+0000][1][safepoint    ] Safepoint "RevokeBias", Time since last: 7457300 ns, Reaching safepoint: 339100 ns, At safepoint: 193800 ns, Total: 532900 ns
[2020-05-01T11:22:22.183+0000][1][safepoint    ] Safepoint "RevokeBias", Time since last: 899700 ns, Reaching safepoint: 305900 ns, At safepoint: 255200 ns, Total: 561100 ns
[2020-05-01T11:22:22.184+0000][1][safepoint    ] Safepoint "RevokeBias", Time since last: 543400 ns, Reaching safepoint: 312900 ns, At safepoint: 297300 ns, Total: 610200 ns
[2020-05-01T11:22:22.185+0000][1][safepoint    ] Safepoint "RevokeBias", Time since last: 337600 ns, Reaching safepoint: 204100 ns, At safepoint: 117300 ns, Total: 321400 ns
[2020-05-01T11:22:22.186+0000][1][safepoint    ] Safepoint "RevokeBias", Time since last: 540200 ns, Reaching safepoint: 187300 ns, At safepoint: 327000 ns, Total: 514300 ns
[2020-05-01T11:22:22.187+0000][1][safepoint    ] Safepoint "RevokeBias", Time since last: 310700 ns, Reaching safepoint: 174800 ns, At safepoint: 286200 ns, Total: 461000 ns
[2020-05-01T11:22:22.189+0000][1][safepoint    ] Safepoint "RevokeBias", Time since last: 1907500 ns, Reaching safepoint: 277700 ns, At safepoint: 414200 ns, Total: 691900 ns
[2020-05-01T11:22:22.190+0000][1][safepoint    ] Safepoint "RevokeBias", Time since last: 155100 ns, Reaching safepoint: 203200 ns, At safepoint: 423600 ns, Total: 626800 ns
[2020-05-01T11:22:22.190+0000][1][safepoint    ] Safepoint "RevokeBias", Time since last: 36700 ns, Reaching safepoint: 159700 ns, At safepoint: 245300 ns, Total: 405000 ns
[2020-05-01T11:22:22.201+0000][1][safepoint    ] Safepoint "RevokeBias", Time since last: 3619800 ns, Reaching safepoint: 5475400 ns, At safepoint: 964100 ns, Total: 6439500 ns
[2020-05-01T11:22:22.207+0000][1][safepoint    ] Safepoint "RevokeBias", Time since last: 245200 ns, Reaching safepoint: 2445500 ns, At safepoint: 3502900 ns, Total: 5948400 ns
[2020-05-01T11:22:22.208+0000][1][safepoint    ] Safepoint "RevokeBias", Time since last: 76200 ns, Reaching safepoint: 246700 ns, At safepoint: 1042900 ns, Total: 1289600 ns
[2020-05-01T11:22:22.213+0000][1][safepoint    ] Safepoint "RevokeBias", Time since last: 3735200 ns, Reaching safepoint: 447800 ns, At safepoint: 350400 ns, Total: 798200 ns
[2020-05-01T11:22:22.218+0000][1][safepoint    ] Safepoint "RevokeBias", Time since last: 4171200 ns, Reaching safepoint: 999400 ns, At safepoint: 388300 ns, Total: 1387700 ns
[2020-05-01T11:22:22.219+0000][1][safepoint    ] Safepoint "RevokeBias", Time since last: 338800 ns, Reaching safepoint: 396500 ns, At safepoint: 306100 ns, Total: 702600 ns
[2020-05-01T11:22:22.220+0000][1][safepoint    ] Safepoint "RevokeBias", Time since last: 255800 ns, Reaching safepoint: 228800 ns, At safepoint: 252800 ns, Total: 481600 ns
[2020-05-01T11:22:22.221+0000][1][safepoint    ] Safepoint "RevokeBias", Time since last: 270500 ns, Reaching safepoint: 559400 ns, At safepoint: 276300 ns, Total: 835700 ns
[2020-05-01T11:22:22.222+0000][1][safepoint    ] Safepoint "RevokeBias", Time since last: 258900 ns, Reaching safepoint: 208000 ns, At safepoint: 257900 ns, Total: 465900 ns
[2020-05-01T11:22:22.223+0000][1][safepoint    ] Safepoint "RevokeBias", Time since last: 372000 ns, Reaching safepoint: 180900 ns, At safepoint: 214700 ns, Total: 395600 ns
[2020-05-01T11:22:22.223+0000][1][safepoint    ] Safepoint "RevokeBias", Time since last: 277300 ns, Reaching safepoint: 213700 ns, At safepoint: 219900 ns, Total: 433600 ns
[2020-05-01T11:22:22.228+0000][1][safepoint    ] Safepoint "RevokeBias", Time since last: 4402900 ns, Reaching safepoint: 205300 ns, At safepoint: 144600 ns, Total: 349900 ns
[2020-05-01T11:22:22.229+0000][1][safepoint    ] Safepoint "RevokeBias", Time since last: 386900 ns, Reaching safepoint: 160700 ns, At safepoint: 123500 ns, Total: 284200 ns
[2020-05-01T11:22:22.255+0000][1][safepoint    ] Safepoint "RevokeBias", Time since last: 25508400 ns, Reaching safepoint: 232500 ns, At safepoint: 202100 ns, Total: 434600 ns
[2020-05-01T11:22:22.259+0000][1][safepoint    ] Safepoint "RevokeBias", Time since last: 4240400 ns, Reaching safepoint: 177400 ns, At safepoint: 335100 ns, Total: 512500 ns
[2020-05-01T11:22:22.272+0000][1][safepoint    ] Safepoint "RevokeBias", Time since last: 12151500 ns, Reaching safepoint: 89600 ns, At safepoint: 183400 ns, Total: 273000 ns
[2020-05-01T11:22:22.274+0000][1][safepoint    ] Safepoint "RevokeBias", Time since last: 2311700 ns, Reaching safepoint: 155700 ns, At safepoint: 106400 ns, Total: 262100 ns
[2020-05-01T11:22:22.275+0000][1][safepoint    ] Safepoint "RevokeBias", Time since last: 72500 ns, Reaching safepoint: 26000 ns, At safepoint: 69000 ns, Total: 95000 ns
[2020-05-01T11:22:22.287+0000][1][safepoint    ] Safepoint "RevokeBias", Time since last: 11506100 ns, Reaching safepoint: 278900 ns, At safepoint: 315200 ns, Total: 594100 ns
[2020-05-01T11:22:22.291+0000][1][safepoint    ] Safepoint "RevokeBias", Time since last: 4019400 ns, Reaching safepoint: 177600 ns, At safepoint: 201700 ns, Total: 379300 ns
[2020-05-01T11:22:22.293+0000][1][safepoint    ] Safepoint "RevokeBias", Time since last: 1192200 ns, Reaching safepoint: 215800 ns, At safepoint: 185900 ns, Total: 401700 ns
[2020-05-01T11:22:22.294+0000][1][safepoint    ] Safepoint "RevokeBias", Time since last: 1231400 ns, Reaching safepoint: 225700 ns, At safepoint: 209100 ns, Total: 434800 ns
[2020-05-01T11:22:22.296+0000][1][safepoint    ] Safepoint "RevokeBias", Time since last: 1292100 ns, Reaching safepoint: 194800 ns, At safepoint: 153300 ns, Total: 348100 ns
[2020-05-01T11:22:22.297+0000][1][safepoint    ] Safepoint "RevokeBias", Time since last: 514400 ns, Reaching safepoint: 126900 ns, At safepoint: 109000 ns, Total: 235900 ns
[2020-05-01T11:22:22.298+0000][1][safepoint    ] Safepoint "RevokeBias", Time since last: 796300 ns, Reaching safepoint: 205500 ns, At safepoint: 125300 ns, Total: 330800 ns
[2020-05-01T11:22:22.323+0000][1][safepoint    ] Safepoint "RevokeBias", Time since last: 24898100 ns, Reaching safepoint: 72200 ns, At safepoint: 85700 ns, Total: 157900 ns
[2020-05-01T11:22:22.335+0000][1][safepoint    ] Safepoint "RevokeBias", Time since last: 12022400 ns, Reaching safepoint: 90100 ns, At safepoint: 144100 ns, Total: 234200 ns
[2020-05-01T11:22:22.363+0000][1][safepoint    ] Safepoint "RevokeBias", Time since last: 27888700 ns, Reaching safepoint: 240400 ns, At safepoint: 193900 ns, Total: 434300 ns
[2020-05-01T11:22:22.376+0000][1][safepoint    ] Safepoint "RevokeBias", Time since last: 12413400 ns, Reaching safepoint: 214800 ns, At safepoint: 120400 ns, Total: 335200 ns
[2020-05-01T11:22:22.377+0000][1][safepoint    ] Safepoint "RevokeBias", Time since last: 281600 ns, Reaching safepoint: 270600 ns, At safepoint: 196000 ns, Total: 466600 ns
[2020-05-01T11:22:22.378+0000][1][safepoint    ] Safepoint "RevokeBias", Time since last: 331900 ns, Reaching safepoint: 344300 ns, At safepoint: 164300 ns, Total: 508600 ns
[2020-05-01T11:22:22.378+0000][1][safepoint    ] Safepoint "RevokeBias", Time since last: 345300 ns, Reaching safepoint: 143000 ns, At safepoint: 189300 ns, Total: 332300 ns
[2020-05-01T11:22:22.379+0000][1][safepoint    ] Safepoint "RevokeBias", Time since last: 365600 ns, Reaching safepoint: 349300 ns, At safepoint: 162000 ns, Total: 511300 ns
[2020-05-01T11:22:22.380+0000][1][safepoint    ] Safepoint "RevokeBias", Time since last: 348500 ns, Reaching safepoint: 236800 ns, At safepoint: 163100 ns, Total: 399900 ns
[2020-05-01T11:22:22.381+0000][1][safepoint    ] Safepoint "RevokeBias", Time since last: 206800 ns, Reaching safepoint: 235100 ns, At safepoint: 141000 ns, Total: 376100 ns
[2020-05-01T11:22:22.381+0000][1][safepoint    ] Safepoint "RevokeBias", Time since last: 264600 ns, Reaching safepoint: 209500 ns, At safepoint: 193700 ns, Total: 403200 ns
[2020-05-01T11:22:22.400+0000][1][safepoint    ] Safepoint "RevokeBias", Time since last: 18368300 ns, Reaching safepoint: 247500 ns, At safepoint: 181100 ns, Total: 428600 ns
[2020-05-01T11:22:22.403+0000][1][safepoint    ] Safepoint "RevokeBias", Time since last: 2555400 ns, Reaching safepoint: 70200 ns, At safepoint: 86900 ns, Total: 157100 ns
[2020-05-01T11:22:22.480+0000][1][safepoint    ] Safepoint "RevokeBias", Time since last: 76214700 ns, Reaching safepoint: 282400 ns, At safepoint: 255900 ns, Total: 538300 ns
[2020-05-01T11:22:22.480+0000][1][safepoint    ] Safepoint "RevokeBias", Time since last: 387700 ns, Reaching safepoint: 108000 ns, At safepoint: 100500 ns, Total: 208500 ns
[2020-05-01T11:22:22.481+0000][1][safepoint    ] Safepoint "RevokeBias", Time since last: 187500 ns, Reaching safepoint: 46300 ns, At safepoint: 81000 ns, Total: 127300 ns
[2020-05-01T11:22:22.482+0000][1][safepoint    ] Safepoint "RevokeBias", Time since last: 1688700 ns, Reaching safepoint: 144300 ns, At safepoint: 95200 ns, Total: 239500 ns
[2020-05-01T11:22:22.483+0000][1][safepoint    ] Safepoint "RevokeBias", Time since last: 461300 ns, Reaching safepoint: 100500 ns, At safepoint: 94900 ns, Total: 195400 ns
[2020-05-01T11:22:22.483+0000][1][safepoint    ] Safepoint "RevokeBias", Time since last: 252200 ns, Reaching safepoint: 52900 ns, At safepoint: 91900 ns, Total: 144800 ns
[2020-05-01T11:22:22.498+0000][1][safepoint    ] Safepoint "RevokeBias", Time since last: 13645500 ns, Reaching safepoint: 706400 ns, At safepoint: 375000 ns, Total: 1081400 ns
[2020-05-01T11:22:22.500+0000][1][safepoint    ] Safepoint "RevokeBias", Time since last: 1392600 ns, Reaching safepoint: 482700 ns, At safepoint: 404800 ns, Total: 887500 ns
[2020-05-01T11:22:22.501+0000][1][safepoint    ] Safepoint "RevokeBias", Time since last: 242300 ns, Reaching safepoint: 221200 ns, At safepoint: 217600 ns, Total: 438800 ns
[2020-05-01T11:22:22.502+0000][1][safepoint    ] Safepoint "RevokeBias", Time since last: 619300 ns, Reaching safepoint: 245700 ns, At safepoint: 312400 ns, Total: 558100 ns
[2020-05-01T11:22:22.504+0000][1][safepoint    ] Safepoint "RevokeBias", Time since last: 726300 ns, Reaching safepoint: 198500 ns, At safepoint: 279500 ns, Total: 478000 ns
[2020-05-01T11:22:22.517+0000][1][safepoint    ] Safepoint "RevokeBias", Time since last: 12785100 ns, Reaching safepoint: 460700 ns, At safepoint: 217000 ns, Total: 677700 ns
[2020-05-01T11:22:22.524+0000][1][gc,start     ] GC(15) Pause Young (Allocation Failure)
[2020-05-01T11:22:22.525+0000][1][gc,task      ] GC(15) Using 10 workers of 10 for evacuation
[2020-05-01T11:22:22.554+0000][1][gc,age       ] GC(15) Desired survivor size 8945664 bytes, new threshold 6 (max threshold 6)
[2020-05-01T11:22:22.554+0000][1][gc,age       ] GC(15) Age table with threshold 6 (max threshold 6)
[2020-05-01T11:22:22.554+0000][1][gc,age       ] GC(15) - age   1:    5596592 bytes,    5596592 total
[2020-05-01T11:22:22.554+0000][1][gc,age       ] GC(15) - age   2:    3289432 bytes,    8886024 total
[2020-05-01T11:22:22.554+0000][1][gc,heap      ] GC(15) ParNew: 153485K->13287K(157248K)
[2020-05-01T11:22:22.554+0000][1][gc,heap      ] GC(15) CMS: 50320K->56774K(349568K)
[2020-05-01T11:22:22.554+0000][1][gc,metaspace ] GC(15) Metaspace: 75825K->75825K(1118208K)
[2020-05-01T11:22:22.554+0000][1][gc           ] GC(15) Pause Young (Allocation Failure) 199M->68M(494M) 29.569ms
[2020-05-01T11:22:22.554+0000][1][gc,cpu       ] GC(15) User=0.21s Sys=0.05s Real=0.03s
[2020-05-01T11:22:22.554+0000][1][safepoint    ] Safepoint "GenCollectForAllocation", Time since last: 7231000 ns, Reaching safepoint: 211600 ns, At safepoint: 29962400 ns, Total: 30174000 ns
[2020-05-01T11:22:22.562+0000][1][safepoint    ] Safepoint "RevokeBias", Time since last: 636100 ns, Reaching safepoint: 6914200 ns, At safepoint: 436100 ns, Total: 7350300 ns
[2020-05-01T11:22:22.564+0000][1][safepoint    ] Safepoint "RevokeBias", Time since last: 832800 ns, Reaching safepoint: 452700 ns, At safepoint: 226600 ns, Total: 679300 ns
[2020-05-01T11:22:22.573+0000][1][safepoint    ] Safepoint "RevokeBias", Time since last: 8947500 ns, Reaching safepoint: 122900 ns, At safepoint: 91800 ns, Total: 214700 ns
[2020-05-01T11:22:22.574+0000][1][safepoint    ] Safepoint "RevokeBias", Time since last: 320600 ns, Reaching safepoint: 77300 ns, At safepoint: 75500 ns, Total: 152800 ns
[2020-05-01T11:22:22.583+0000][1][safepoint    ] Safepoint "RevokeBias", Time since last: 8911900 ns, Reaching safepoint: 266400 ns, At safepoint: 87800 ns, Total: 354200 ns
[2020-05-01T11:22:22.583+0000][1][safepoint    ] Safepoint "RevokeBias", Time since last: 352900 ns, Reaching safepoint: 151500 ns, At safepoint: 65800 ns, Total: 217300 ns
[2020-05-01T11:22:22.599+0000][1][safepoint    ] Safepoint "RevokeBias", Time since last: 12978700 ns, Reaching safepoint: 2406800 ns, At safepoint: 314800 ns, Total: 2721600 ns
[2020-05-01T11:22:22.610+0000][1][safepoint    ] Safepoint "RevokeBias", Time since last: 10150400 ns, Reaching safepoint: 258100 ns, At safepoint: 215200 ns, Total: 473300 ns
[2020-05-01T11:22:22.612+0000][1][safepoint    ] Safepoint "RevokeBias", Time since last: 1335600 ns, Reaching safepoint: 647400 ns, At safepoint: 368200 ns, Total: 1015600 ns
[2020-05-01T11:22:22.641+0000][1][safepoint    ] Safepoint "RevokeBias", Time since last: 27924700 ns, Reaching safepoint: 248200 ns, At safepoint: 321200 ns, Total: 569400 ns
[2020-05-01T11:22:22.646+0000][1][safepoint    ] Safepoint "RevokeBias", Time since last: 4663300 ns, Reaching safepoint: 272400 ns, At safepoint: 154900 ns, Total: 427300 ns
[2020-05-01T11:22:22.667+0000][1][safepoint    ] Safepoint "RevokeBias", Time since last: 21609200 ns, Reaching safepoint: 117700 ns, At safepoint: 66900 ns, Total: 184600 ns
[2020-05-01T11:22:22.670+0000][1][safepoint    ] Safepoint "RevokeBias", Time since last: 2067400 ns, Reaching safepoint: 109000 ns, At safepoint: 270100 ns, Total: 379100 ns
[2020-05-01T11:22:22.706+0000][1][safepoint    ] Safepoint "RevokeBias", Time since last: 35629200 ns, Reaching safepoint: 119800 ns, At safepoint: 91100 ns, Total: 210900 ns
[2020-05-01T11:22:22.706+0000][1][safepoint    ] Safepoint "RevokeBias", Time since last: 385100 ns, Reaching safepoint: 108600 ns, At safepoint: 51200 ns, Total: 159800 ns
[2020-05-01T11:22:22.707+0000][1][safepoint    ] Safepoint "RevokeBias", Time since last: 177600 ns, Reaching safepoint: 75300 ns, At safepoint: 49700 ns, Total: 125000 ns
[2020-05-01T11:22:22.707+0000][1][safepoint    ] Safepoint "RevokeBias", Time since last: 372500 ns, Reaching safepoint: 133100 ns, At safepoint: 130700 ns, Total: 263800 ns
[2020-05-01T11:22:22.709+0000][1][safepoint    ] Safepoint "RevokeBias", Time since last: 1659200 ns, Reaching safepoint: 57900 ns, At safepoint: 65200 ns, Total: 123100 ns
[2020-05-01T11:22:22.710+0000][1][safepoint    ] Safepoint "RevokeBias", Time since last: 509900 ns, Reaching safepoint: 53800 ns, At safepoint: 56300 ns, Total: 110100 ns
[2020-05-01T11:22:22.719+0000][1][safepoint    ] Safepoint "RevokeBias", Time since last: 9532900 ns, Reaching safepoint: 133300 ns, At safepoint: 71100 ns, Total: 204400 ns
[2020-05-01T11:22:22.720+0000][1][safepoint    ] Safepoint "RevokeBias", Time since last: 230500 ns, Reaching safepoint: 104100 ns, At safepoint: 60600 ns, Total: 164700 ns
[2020-05-01T11:22:22.803+0000][1][safepoint    ] Safepoint "Deoptimize", Time since last: 82929500 ns, Reaching safepoint: 58500 ns, At safepoint: 487700 ns, Total: 546200 ns
[2020-05-01T11:22:22.854+0000][1][safepoint    ] Safepoint "CollectForMetadataAllocation", Time since last: 50814300 ns, Reaching safepoint: 148400 ns, At safepoint: 193800 ns, Total: 342200 ns
[2020-05-01T11:22:22.887+0000][1][safepoint    ] Safepoint "BulkRevokeBias", Time since last: 31827900 ns, Reaching safepoint: 101100 ns, At safepoint: 359300 ns, Total: 460400 ns
[2020-05-01T11:22:22.887+0000][1][safepoint    ] Safepoint "RevokeBias", Time since last: 170700 ns, Reaching safepoint: 56900 ns, At safepoint: 61000 ns, Total: 117900 ns
[2020-05-01T11:22:22.892+0000][1][safepoint    ] Safepoint "BulkRevokeBias", Time since last: 4703100 ns, Reaching safepoint: 141800 ns, At safepoint: 477500 ns, Total: 619300 ns
[2020-05-01T11:22:22.898+0000][1][safepoint    ] Safepoint "RevokeBias", Time since last: 5961300 ns, Reaching safepoint: 120600 ns, At safepoint: 73900 ns, Total: 194500 ns
[2020-05-01T11:22:22.899+0000][1][safepoint    ] Safepoint "RevokeBias", Time since last: 624900 ns, Reaching safepoint: 126300 ns, At safepoint: 84500 ns, Total: 210800 ns
[2020-05-01T11:22:22.906+0000][1][safepoint    ] Safepoint "CollectForMetadataAllocation", Time since last: 5458300 ns, Reaching safepoint: 72500 ns, At safepoint: 926600 ns, Total: 999100 ns
[2020-05-01T11:22:22.912+0000][1][safepoint    ] Safepoint "RevokeBias", Time since last: 6230400 ns, Reaching safepoint: 326400 ns, At safepoint: 93300 ns, Total: 419700 ns
[2020-05-01T11:22:22.920+0000][1][safepoint    ] Safepoint "RevokeBias", Time since last: 7282200 ns, Reaching safepoint: 107200 ns, At safepoint: 49700 ns, Total: 156900 ns
[2020-05-01T11:22:22.920+0000][1][safepoint    ] Safepoint "RevokeBias", Time since last: 425800 ns, Reaching safepoint: 49800 ns, At safepoint: 52600 ns, Total: 102400 ns
[2020-05-01T11:22:22.935+0000][1][safepoint    ] Safepoint "RevokeBias", Time since last: 14433000 ns, Reaching safepoint: 118900 ns, At safepoint: 132700 ns, Total: 251600 ns
[2020-05-01T11:22:22.941+0000][1][safepoint    ] Safepoint "RevokeBias", Time since last: 5938600 ns, Reaching safepoint: 146800 ns, At safepoint: 118400 ns, Total: 265200 ns
[2020-05-01T11:22:22.942+0000][1][safepoint    ] Safepoint "RevokeBias", Time since last: 373600 ns, Reaching safepoint: 98100 ns, At safepoint: 101600 ns, Total: 199700 ns
[2020-05-01T11:22:22.942+0000][1][safepoint    ] Safepoint "RevokeBias", Time since last: 230700 ns, Reaching safepoint: 83500 ns, At safepoint: 169500 ns, Total: 253000 ns
[2020-05-01T11:22:22.943+0000][1][safepoint    ] Safepoint "RevokeBias", Time since last: 322600 ns, Reaching safepoint: 86000 ns, At safepoint: 158700 ns, Total: 244700 ns
[2020-05-01T11:22:22.943+0000][1][safepoint    ] Safepoint "RevokeBias", Time since last: 289300 ns, Reaching safepoint: 90000 ns, At safepoint: 94500 ns, Total: 184500 ns
[2020-05-01T11:22:22.944+0000][1][safepoint    ] Safepoint "RevokeBias", Time since last: 318900 ns, Reaching safepoint: 81300 ns, At safepoint: 92800 ns, Total: 174100 ns
[2020-05-01T11:22:22.944+0000][1][safepoint    ] Safepoint "RevokeBias", Time since last: 274100 ns, Reaching safepoint: 101300 ns, At safepoint: 97300 ns, Total: 198600 ns
[2020-05-01T11:22:22.945+0000][1][safepoint    ] Safepoint "RevokeBias", Time since last: 289100 ns, Reaching safepoint: 132000 ns, At safepoint: 95800 ns, Total: 227800 ns
[2020-05-01T11:22:22.973+0000][1][safepoint    ] Safepoint "RevokeBias", Time since last: 27769800 ns, Reaching safepoint: 60300 ns, At safepoint: 85900 ns, Total: 146200 ns
[2020-05-01T11:22:22.974+0000][1][safepoint    ] Safepoint "RevokeBias", Time since last: 681700 ns, Reaching safepoint: 94000 ns, At safepoint: 137100 ns, Total: 231100 ns
[2020-05-01T11:22:22.993+0000][1][safepoint    ] Safepoint "RevokeBias", Time since last: 18706000 ns, Reaching safepoint: 70900 ns, At safepoint: 82000 ns, Total: 152900 ns
[2020-05-01T11:22:22.994+0000][1][safepoint    ] Safepoint "RevokeBias", Time since last: 1028900 ns, Reaching safepoint: 83900 ns, At safepoint: 59700 ns, Total: 143600 ns
[2020-05-01T11:22:22.998+0000][1][safepoint    ] Safepoint "RevokeBias", Time since last: 4195000 ns, Reaching safepoint: 222500 ns, At safepoint: 272000 ns, Total: 494500 ns
[2020-05-01T11:22:23.005+0000][1][safepoint    ] Safepoint "RevokeBias", Time since last: 6049400 ns, Reaching safepoint: 62900 ns, At safepoint: 111300 ns, Total: 174200 ns
[2020-05-01T11:22:23.036+0000][1][safepoint    ] Safepoint "RevokeBias", Time since last: 31193600 ns, Reaching safepoint: 77600 ns, At safepoint: 128600 ns, Total: 206200 ns
[2020-05-01T11:22:23.085+0000][1][safepoint    ] Safepoint "RevokeBias", Time since last: 48684100 ns, Reaching safepoint: 66600 ns, At safepoint: 60300 ns, Total: 126900 ns
[2020-05-01T11:22:23.103+0000][1][safepoint    ] Safepoint "CollectForMetadataAllocation", Time since last: 18151300 ns, Reaching safepoint: 105000 ns, At safepoint: 224100 ns, Total: 329100 ns
[2020-05-01T11:22:23.163+0000][1][safepoint    ] Safepoint "RevokeBias", Time since last: 59408600 ns, Reaching safepoint: 180100 ns, At safepoint: 88500 ns, Total: 268600 ns
[2020-05-01T11:22:23.163+0000][1][safepoint    ] Safepoint "RevokeBias", Time since last: 308400 ns, Reaching safepoint: 98000 ns, At safepoint: 50400 ns, Total: 148400 ns
[2020-05-01T11:22:23.185+0000][1][safepoint    ] Safepoint "CollectForMetadataAllocation", Time since last: 21705100 ns, Reaching safepoint: 62100 ns, At safepoint: 139200 ns, Total: 201300 ns
[2020-05-01T11:22:23.190+0000][1][safepoint    ] Safepoint "RevokeBias", Time since last: 4977000 ns, Reaching safepoint: 95400 ns, At safepoint: 87200 ns, Total: 182600 ns
[2020-05-01T11:22:23.191+0000][1][safepoint    ] Safepoint "RevokeBias", Time since last: 548300 ns, Reaching safepoint: 43700 ns, At safepoint: 40300 ns, Total: 84000 ns
[2020-05-01T11:22:23.204+0000][1][safepoint    ] Safepoint "RevokeBias", Time since last: 12725400 ns, Reaching safepoint: 169300 ns, At safepoint: 71100 ns, Total: 240400 ns
[2020-05-01T11:22:23.204+0000][1][safepoint    ] Safepoint "RevokeBias", Time since last: 169900 ns, Reaching safepoint: 32100 ns, At safepoint: 64900 ns, Total: 97000 ns
[2020-05-01T11:22:23.205+0000][1][safepoint    ] Safepoint "RevokeBias", Time since last: 117600 ns, Reaching safepoint: 30400 ns, At safepoint: 37300 ns, Total: 67700 ns
[2020-05-01T11:22:23.208+0000][1][safepoint    ] Safepoint "RevokeBias", Time since last: 3629600 ns, Reaching safepoint: 58500 ns, At safepoint: 86200 ns, Total: 144700 ns
[2020-05-01T11:22:23.225+0000][1][safepoint    ] Safepoint "CollectForMetadataAllocation", Time since last: 16452800 ns, Reaching safepoint: 58900 ns, At safepoint: 141600 ns, Total: 200500 ns
[2020-05-01T11:22:23.253+0000][1][safepoint    ] Safepoint "CollectForMetadataAllocation", Time since last: 27998200 ns, Reaching safepoint: 67900 ns, At safepoint: 206000 ns, Total: 273900 ns
[2020-05-01T11:22:23.281+0000][1][safepoint    ] Safepoint "Deoptimize", Time since last: 26551500 ns, Reaching safepoint: 158900 ns, At safepoint: 1207800 ns, Total: 1366700 ns
[2020-05-01T11:22:23.333+0000][1][safepoint    ] Safepoint "CollectForMetadataAllocation", Time since last: 50984000 ns, Reaching safepoint: 198400 ns, At safepoint: 230100 ns, Total: 428500 ns
[2020-05-01T11:22:23.336+0000][1][safepoint    ] Safepoint "Deoptimize", Time since last: 3337900 ns, Reaching safepoint: 51400 ns, At safepoint: 533700 ns, Total: 585100 ns
[2020-05-01T11:22:23.367+0000][1][safepoint    ] Safepoint "RevokeBias", Time since last: 30380900 ns, Reaching safepoint: 67800 ns, At safepoint: 61600 ns, Total: 129400 ns
[2020-05-01T11:22:23.367+0000][1][safepoint    ] Safepoint "RevokeBias", Time since last: 183300 ns, Reaching safepoint: 31700 ns, At safepoint: 45200 ns, Total: 76900 ns
[2020-05-01T11:22:23.370+0000][1][safepoint    ] Safepoint "CollectForMetadataAllocation", Time since last: 2196600 ns, Reaching safepoint: 63400 ns, At safepoint: 826600 ns, Total: 890000 ns
[2020-05-01T11:22:23.435+0000][1][safepoint    ] Safepoint "CollectForMetadataAllocation", Time since last: 64195600 ns, Reaching safepoint: 79300 ns, At safepoint: 214200 ns, Total: 293500 ns
[2020-05-01T11:22:23.809+0000][1][safepoint    ] Safepoint "CollectForMetadataAllocation", Time since last: 372740900 ns, Reaching safepoint: 816000 ns, At safepoint: 278800 ns, Total: 1094800 ns
[2020-05-01T11:22:23.824+0000][1][safepoint    ] Safepoint "RevokeBias", Time since last: 15588600 ns, Reaching safepoint: 81700 ns, At safepoint: 44700 ns, Total: 126400 ns
[2020-05-01T11:22:23.850+0000][1][safepoint    ] Safepoint "RevokeBias", Time since last: 25575800 ns, Reaching safepoint: 55500 ns, At safepoint: 66500 ns, Total: 122000 ns
[2020-05-01T11:22:23.850+0000][1][safepoint    ] Safepoint "RevokeBias", Time since last: 249500 ns, Reaching safepoint: 43100 ns, At safepoint: 35900 ns, Total: 79000 ns
[2020-05-01T11:22:23.861+0000][1][safepoint    ] Safepoint "RevokeBias", Time since last: 10239100 ns, Reaching safepoint: 138200 ns, At safepoint: 74100 ns, Total: 212300 ns
[2020-05-01T11:22:23.863+0000][1][safepoint    ] Safepoint "CollectForMetadataAllocation", Time since last: 1931700 ns, Reaching safepoint: 162000 ns, At safepoint: 246100 ns, Total: 408100 ns
[2020-05-01T11:22:23.924+0000][1][safepoint    ] Safepoint "CollectForMetadataAllocation", Time since last: 60165200 ns, Reaching safepoint: 56300 ns, At safepoint: 137800 ns, Total: 194100 ns
[2020-05-01T11:22:23.950+0000][1][safepoint    ] Safepoint "CollectForMetadataAllocation", Time since last: 25470300 ns, Reaching safepoint: 174600 ns, At safepoint: 838800 ns, Total: 1013400 ns
[2020-05-01T11:22:23.957+0000][1][safepoint    ] Safepoint "RevokeBias", Time since last: 6749900 ns, Reaching safepoint: 224800 ns, At safepoint: 92500 ns, Total: 317300 ns
[2020-05-01T11:22:23.958+0000][1][safepoint    ] Safepoint "RevokeBias", Time since last: 517500 ns, Reaching safepoint: 193700 ns, At safepoint: 73800 ns, Total: 267500 ns
[2020-05-01T11:22:23.998+0000][1][safepoint    ] Safepoint "CollectForMetadataAllocation", Time since last: 39735600 ns, Reaching safepoint: 152000 ns, At safepoint: 212000 ns, Total: 364000 ns
[2020-05-01T11:22:24.001+0000][1][safepoint    ] Safepoint "RevokeBias", Time since last: 2734800 ns, Reaching safepoint: 53700 ns, At safepoint: 46400 ns, Total: 100100 ns
[2020-05-01T11:22:24.001+0000][1][safepoint    ] Safepoint "RevokeBias", Time since last: 233900 ns, Reaching safepoint: 35500 ns, At safepoint: 37900 ns, Total: 73400 ns
[2020-05-01T11:22:24.074+0000][1][safepoint    ] Safepoint "CollectForMetadataAllocation", Time since last: 72024500 ns, Reaching safepoint: 207600 ns, At safepoint: 196900 ns, Total: 404500 ns
[2020-05-01T11:22:24.085+0000][1][safepoint    ] Safepoint "RevokeBias", Time since last: 10863200 ns, Reaching safepoint: 62700 ns, At safepoint: 101900 ns, Total: 164600 ns
[2020-05-01T11:22:24.125+0000][1][safepoint    ] Safepoint "RevokeBias", Time since last: 39790700 ns, Reaching safepoint: 61100 ns, At safepoint: 78900 ns, Total: 140000 ns
[2020-05-01T11:22:24.126+0000][1][safepoint    ] Safepoint "RevokeBias", Time since last: 1246800 ns, Reaching safepoint: 183500 ns, At safepoint: 117300 ns, Total: 300800 ns
[2020-05-01T11:22:24.127+0000][1][safepoint    ] Safepoint "RevokeBias", Time since last: 213300 ns, Reaching safepoint: 180900 ns, At safepoint: 96600 ns, Total: 277500 ns
[2020-05-01T11:22:24.128+0000][1][safepoint    ] Safepoint "CollectForMetadataAllocation", Time since last: 1282300 ns, Reaching safepoint: 180900 ns, At safepoint: 132300 ns, Total: 313200 ns
[2020-05-01T11:22:24.138+0000][1][safepoint    ] Safepoint "RevokeBias", Time since last: 9191300 ns, Reaching safepoint: 227300 ns, At safepoint: 198500 ns, Total: 425800 ns
[2020-05-01T11:22:24.143+0000][1][safepoint    ] Safepoint "RevokeBias", Time since last: 5382700 ns, Reaching safepoint: 59500 ns, At safepoint: 142600 ns, Total: 202100 ns
[2020-05-01T11:22:24.144+0000][1][safepoint    ] Safepoint "RevokeBias", Time since last: 58800 ns, Reaching safepoint: 31400 ns, At safepoint: 97000 ns, Total: 128400 ns
[2020-05-01T11:22:24.144+0000][1][safepoint    ] Safepoint "RevokeBias", Time since last: 487000 ns, Reaching safepoint: 136500 ns, At safepoint: 141600 ns, Total: 278100 ns
[2020-05-01T11:22:24.160+0000][1][safepoint    ] Safepoint "CollectForMetadataAllocation", Time since last: 15541500 ns, Reaching safepoint: 244900 ns, At safepoint: 361200 ns, Total: 606100 ns
[2020-05-01T11:22:24.166+0000][1][safepoint    ] Safepoint "RevokeBias", Time since last: 5566400 ns, Reaching safepoint: 160300 ns, At safepoint: 123500 ns, Total: 283800 ns
[2020-05-01T11:22:24.167+0000][1][safepoint    ] Safepoint "RevokeBias", Time since last: 230400 ns, Reaching safepoint: 157000 ns, At safepoint: 166300 ns, Total: 323300 ns
[2020-05-01T11:22:24.216+0000][1][safepoint    ] Safepoint "CollectForMetadataAllocation", Time since last: 48988800 ns, Reaching safepoint: 98700 ns, At safepoint: 152600 ns, Total: 251300 ns
[2020-05-01T11:22:24.226+0000][1][safepoint    ] Safepoint "RevokeBias", Time since last: 9111600 ns, Reaching safepoint: 224600 ns, At safepoint: 127400 ns, Total: 352000 ns
[2020-05-01T11:22:24.230+0000][1][safepoint    ] Safepoint "RevokeBias", Time since last: 4494300 ns, Reaching safepoint: 200800 ns, At safepoint: 132600 ns, Total: 333400 ns
[2020-05-01T11:22:24.233+0000][1][safepoint    ] Safepoint "RevokeBias", Time since last: 2156200 ns, Reaching safepoint: 159300 ns, At safepoint: 236300 ns, Total: 395600 ns
[2020-05-01T11:22:24.234+0000][1][safepoint    ] Safepoint "RevokeBias", Time since last: 820700 ns, Reaching safepoint: 474200 ns, At safepoint: 138000 ns, Total: 612200 ns
[2020-05-01T11:22:24.244+0000][1][safepoint    ] Safepoint "RevokeBias", Time since last: 8851700 ns, Reaching safepoint: 236000 ns, At safepoint: 268500 ns, Total: 504500 ns
[2020-05-01T11:22:24.246+0000][1][safepoint    ] Safepoint "RevokeBias", Time since last: 1395400 ns, Reaching safepoint: 338500 ns, At safepoint: 208900 ns, Total: 547400 ns
[2020-05-01T11:22:24.261+0000][1][gc,start     ] GC(16) Pause Young (Allocation Failure)
[2020-05-01T11:22:24.261+0000][1][gc,task      ] GC(16) Using 10 workers of 10 for evacuation
[2020-05-01T11:22:24.272+0000][1][gc,age       ] GC(16) Desired survivor size 8945664 bytes, new threshold 1 (max threshold 6)
[2020-05-01T11:22:24.272+0000][1][gc,age       ] GC(16) Age table with threshold 1 (max threshold 6)
[2020-05-01T11:22:24.272+0000][1][gc,age       ] GC(16) - age   1:    9242880 bytes,    9242880 total
[2020-05-01T11:22:24.272+0000][1][gc,age       ] GC(16) - age   2:    4582872 bytes,   13825752 total
[2020-05-01T11:22:24.272+0000][1][gc,age       ] GC(16) - age   3:    2975560 bytes,   16801312 total
[2020-05-01T11:22:24.272+0000][1][gc,heap      ] GC(16) ParNew: 153063K->17472K(157248K)
[2020-05-01T11:22:24.272+0000][1][gc,heap      ] GC(16) CMS: 56774K->60411K(349568K)
[2020-05-01T11:22:24.272+0000][1][gc,metaspace ] GC(16) Metaspace: 83791K->83791K(1126400K)
[2020-05-01T11:22:24.272+0000][1][gc           ] GC(16) Pause Young (Allocation Failure) 204M->76M(494M) 11.561ms
[2020-05-01T11:22:24.272+0000][1][gc,cpu       ] GC(16) User=0.10s Sys=0.00s Real=0.01s
[2020-05-01T11:22:24.272+0000][1][safepoint    ] Safepoint "GenCollectForAllocation", Time since last: 14626100 ns, Reaching safepoint: 248300 ns, At safepoint: 11754200 ns, Total: 12002500 ns
[2020-05-01T11:22:24.273+0000][1][gc,start     ] GC(17) Pause Initial Mark
[2020-05-01T11:22:24.277+0000][1][gc           ] GC(17) Pause Initial Mark 76M->76M(494M) 3.571ms
[2020-05-01T11:22:24.277+0000][1][gc,cpu       ] GC(17) User=0.04s Sys=0.00s Real=0.01s
[2020-05-01T11:22:24.277+0000][1][safepoint    ] Safepoint "CMS_Initial_Mark", Time since last: 233400 ns, Reaching safepoint: 382400 ns, At safepoint: 4073000 ns, Total: 4455400 ns
[2020-05-01T11:22:24.277+0000][1][gc           ] GC(17) Concurrent Mark
[2020-05-01T11:22:24.277+0000][1][gc,task      ] GC(17) Using 3 workers of 3 for marking
[2020-05-01T11:22:24.278+0000][1][safepoint    ] Safepoint "RevokeBias", Time since last: 238500 ns, Reaching safepoint: 661800 ns, At safepoint: 63500 ns, Total: 725300 ns
[2020-05-01T11:22:24.314+0000][1][safepoint    ] Safepoint "RevokeBias", Time since last: 34687800 ns, Reaching safepoint: 675900 ns, At safepoint: 220700 ns, Total: 896600 ns
[2020-05-01T11:22:24.318+0000][1][safepoint    ] Safepoint "RevokeBias", Time since last: 3891100 ns, Reaching safepoint: 479900 ns, At safepoint: 120500 ns, Total: 600400 ns
[2020-05-01T11:22:24.322+0000][1][safepoint    ] Safepoint "RevokeBias", Time since last: 2649300 ns, Reaching safepoint: 884600 ns, At safepoint: 218300 ns, Total: 1102900 ns
[2020-05-01T11:22:24.323+0000][1][safepoint    ] Safepoint "RevokeBias", Time since last: 286300 ns, Reaching safepoint: 206300 ns, At safepoint: 267600 ns, Total: 473900 ns
[2020-05-01T11:22:24.327+0000][1][safepoint    ] Safepoint "RevokeBias", Time since last: 3776700 ns, Reaching safepoint: 495300 ns, At safepoint: 215800 ns, Total: 711100 ns
[2020-05-01T11:22:24.329+0000][1][safepoint    ] Safepoint "RevokeBias", Time since last: 1218200 ns, Reaching safepoint: 327700 ns, At safepoint: 159600 ns, Total: 487300 ns
[2020-05-01T11:22:24.333+0000][1][gc           ] GC(17) Concurrent Mark 56.294ms
[2020-05-01T11:22:24.334+0000][1][gc,cpu       ] GC(17) User=0.44s Sys=0.01s Real=0.05s
[2020-05-01T11:22:24.334+0000][1][gc           ] GC(17) Concurrent Preclean
[2020-05-01T11:22:24.337+0000][1][gc           ] GC(17) Concurrent Preclean 3.217ms
[2020-05-01T11:22:24.337+0000][1][gc,cpu       ] GC(17) User=0.04s Sys=0.00s Real=0.01s
[2020-05-01T11:22:24.337+0000][1][gc           ] GC(17) Concurrent Abortable Preclean
[2020-05-01T11:22:24.357+0000][1][safepoint    ] Safepoint "RevokeBias", Time since last: 27607900 ns, Reaching safepoint: 184200 ns, At safepoint: 89400 ns, Total: 273600 ns
[2020-05-01T11:22:24.357+0000][1][safepoint    ] Safepoint "RevokeBias", Time since last: 240000 ns, Reaching safepoint: 82100 ns, At safepoint: 65700 ns, Total: 147800 ns
[2020-05-01T11:22:24.361+0000][1][safepoint    ] Safepoint "RevokeBias", Time since last: 3434300 ns, Reaching safepoint: 368900 ns, At safepoint: 221200 ns, Total: 590100 ns
[2020-05-01T11:22:24.364+0000][1][safepoint    ] Safepoint "RevokeBias", Time since last: 2638900 ns, Reaching safepoint: 170300 ns, At safepoint: 94900 ns, Total: 265200 ns
[2020-05-01T11:22:24.364+0000][1][safepoint    ] Safepoint "RevokeBias", Time since last: 256500 ns, Reaching safepoint: 96100 ns, At safepoint: 152500 ns, Total: 248600 ns
[2020-05-01T11:22:24.376+0000][1][safepoint    ] Safepoint "RevokeBias", Time since last: 11264700 ns, Reaching safepoint: 227500 ns, At safepoint: 305000 ns, Total: 532500 ns
[2020-05-01T11:22:24.377+0000][1][safepoint    ] Safepoint "RevokeBias", Time since last: 187800 ns, Reaching safepoint: 88200 ns, At safepoint: 55200 ns, Total: 143400 ns
[2020-05-01T11:22:24.380+0000][1][safepoint    ] Safepoint "RevokeBias", Time since last: 3555000 ns, Reaching safepoint: 87900 ns, At safepoint: 58000 ns, Total: 145900 ns
[2020-05-01T11:22:24.381+0000][1][safepoint    ] Safepoint "RevokeBias", Time since last: 167500 ns, Reaching safepoint: 62400 ns, At safepoint: 51000 ns, Total: 113400 ns
[2020-05-01T11:22:24.381+0000][1][safepoint    ] Safepoint "RevokeBias", Time since last: 155400 ns, Reaching safepoint: 48200 ns, At safepoint: 51800 ns, Total: 100000 ns
[2020-05-01T11:22:24.381+0000][1][safepoint    ] Safepoint "RevokeBias", Time since last: 153500 ns, Reaching safepoint: 64500 ns, At safepoint: 48800 ns, Total: 113300 ns
[2020-05-01T11:22:24.381+0000][1][safepoint    ] Safepoint "RevokeBias", Time since last: 154800 ns, Reaching safepoint: 48600 ns, At safepoint: 50100 ns, Total: 98700 ns
[2020-05-01T11:22:24.935+0000][1][safepoint    ] Safepoint "RevokeBias", Time since last: 553907000 ns, Reaching safepoint: 85400 ns, At safepoint: 49400 ns, Total: 134800 ns
[2020-05-01T11:22:24.937+0000][1][safepoint    ] Safepoint "RevokeBias", Time since last: 1046300 ns, Reaching safepoint: 115100 ns, At safepoint: 78700 ns, Total: 193800 ns
[2020-05-01T11:22:24.937+0000][1][safepoint    ] Safepoint "RevokeBias", Time since last: 292200 ns, Reaching safepoint: 67900 ns, At safepoint: 71400 ns, Total: 139300 ns
[2020-05-01T11:22:24.937+0000][1][safepoint    ] Safepoint "RevokeBias", Time since last: 162300 ns, Reaching safepoint: 36700 ns, At safepoint: 43800 ns, Total: 80500 ns
[2020-05-01T11:22:24.938+0000][1][safepoint    ] Safepoint "RevokeBias", Time since last: 145700 ns, Reaching safepoint: 442900 ns, At safepoint: 40500 ns, Total: 483400 ns
[2020-05-01T11:22:24.938+0000][1][safepoint    ] Safepoint "RevokeBias", Time since last: 161100 ns, Reaching safepoint: 236800 ns, At safepoint: 36800 ns, Total: 273600 ns
[2020-05-01T11:22:24.939+0000][1][safepoint    ] Safepoint "RevokeBias", Time since last: 140100 ns, Reaching safepoint: 35900 ns, At safepoint: 35900 ns, Total: 71800 ns
[2020-05-01T11:22:24.939+0000][1][safepoint    ] Safepoint "RevokeBias", Time since last: 144200 ns, Reaching safepoint: 35900 ns, At safepoint: 35800 ns, Total: 71700 ns
[2020-05-01T11:22:24.939+0000][1][safepoint    ] Safepoint "RevokeBias", Time since last: 138300 ns, Reaching safepoint: 33400 ns, At safepoint: 35800 ns, Total: 69200 ns
[2020-05-01T11:22:24.939+0000][1][safepoint    ] Safepoint "RevokeBias", Time since last: 134100 ns, Reaching safepoint: 35700 ns, At safepoint: 35700 ns, Total: 71400 ns
[2020-05-01T11:22:24.939+0000][1][safepoint    ] Safepoint "RevokeBias", Time since last: 132400 ns, Reaching safepoint: 35800 ns, At safepoint: 35800 ns, Total: 71600 ns
[2020-05-01T11:22:24.940+0000][1][safepoint    ] Safepoint "RevokeBias", Time since last: 140300 ns, Reaching safepoint: 35800 ns, At safepoint: 51600 ns, Total: 87400 ns
[2020-05-01T11:22:25.056+0000][1][safepoint    ] Safepoint "RevokeBias", Time since last: 116322900 ns, Reaching safepoint: 70500 ns, At safepoint: 50700 ns, Total: 121200 ns
[2020-05-01T11:22:25.056+0000][1][safepoint    ] Safepoint "RevokeBias", Time since last: 223400 ns, Reaching safepoint: 71600 ns, At safepoint: 44400 ns, Total: 116000 ns
[2020-05-01T11:22:25.057+0000][1][safepoint    ] Safepoint "RevokeBias", Time since last: 165300 ns, Reaching safepoint: 46000 ns, At safepoint: 42300 ns, Total: 88300 ns
[2020-05-01T11:22:25.075+0000][1][safepoint    ] Safepoint "RevokeBias", Time since last: 18451100 ns, Reaching safepoint: 86000 ns, At safepoint: 46700 ns, Total: 132700 ns
[2020-05-01T11:22:25.076+0000][1][safepoint    ] Safepoint "RevokeBias", Time since last: 251600 ns, Reaching safepoint: 53400 ns, At safepoint: 46400 ns, Total: 99800 ns
[2020-05-01T11:22:25.076+0000][1][safepoint    ] Safepoint "RevokeBias", Time since last: 176000 ns, Reaching safepoint: 39900 ns, At safepoint: 40400 ns, Total: 80300 ns
[2020-05-01T11:22:25.076+0000][1][safepoint    ] Safepoint "RevokeBias", Time since last: 195100 ns, Reaching safepoint: 45600 ns, At safepoint: 44700 ns, Total: 90300 ns
[2020-05-01T11:22:25.076+0000][1][safepoint    ] Safepoint "RevokeBias", Time since last: 169900 ns, Reaching safepoint: 48500 ns, At safepoint: 48200 ns, Total: 96700 ns
[2020-05-01T11:22:25.077+0000][1][safepoint    ] Safepoint "RevokeBias", Time since last: 157200 ns, Reaching safepoint: 49200 ns, At safepoint: 43500 ns, Total: 92700 ns
[2020-05-01T11:22:26.079+0000][1][safepoint    ] Safepoint "Cleanup", Time since last: 1002598100 ns, Reaching safepoint: 94600 ns, At safepoint: 35800 ns, Total: 130400 ns
[2020-05-01T11:22:27.080+0000][1][safepoint    ] Safepoint "Cleanup", Time since last: 1000160300 ns, Reaching safepoint: 97800 ns, At safepoint: 71900 ns, Total: 169700 ns
[2020-05-01T11:22:28.080+0000][1][safepoint    ] Safepoint "Cleanup", Time since last: 1000190700 ns, Reaching safepoint: 256500 ns, At safepoint: 57200 ns, Total: 313700 ns
[2020-05-01T11:22:28.370+0000][1][safepoint    ] Safepoint "RevokeBias", Time since last: 289388400 ns, Reaching safepoint: 87500 ns, At safepoint: 70600 ns, Total: 158100 ns
[2020-05-01T11:22:28.370+0000][1][safepoint    ] Safepoint "RevokeBias", Time since last: 229000 ns, Reaching safepoint: 62000 ns, At safepoint: 46300 ns, Total: 108300 ns
[2020-05-01T11:22:28.370+0000][1][safepoint    ] Safepoint "RevokeBias", Time since last: 156500 ns, Reaching safepoint: 51900 ns, At safepoint: 43700 ns, Total: 95600 ns
[2020-05-01T11:22:29.427+0000][1][gc           ] GC(17) Concurrent Abortable Preclean 5090.029ms
[2020-05-01T11:22:29.427+0000][1][gc,cpu       ] GC(17) User=2.96s Sys=0.05s Real=5.09s
[2020-05-01T11:22:29.427+0000][1][gc,start     ] GC(17) Pause Remark
[2020-05-01T11:22:29.442+0000][1][gc           ] GC(17) Pause Remark 101M->101M(494M) 15.009ms
[2020-05-01T11:22:29.442+0000][1][gc,cpu       ] GC(17) User=0.06s Sys=0.00s Real=0.01s
[2020-05-01T11:22:29.442+0000][1][safepoint    ] Safepoint "CMS_Final_Remark", Time since last: 1056692000 ns, Reaching safepoint: 92700 ns, At safepoint: 15141800 ns, Total: 15234500 ns
[2020-05-01T11:22:29.442+0000][1][gc           ] GC(17) Concurrent Sweep
[2020-05-01T11:22:29.461+0000][1][gc           ] GC(17) Concurrent Sweep 18.290ms
[2020-05-01T11:22:29.461+0000][1][gc,cpu       ] GC(17) User=0.02s Sys=0.00s Real=0.02s
[2020-05-01T11:22:29.461+0000][1][gc           ] GC(17) Concurrent Reset
[2020-05-01T11:22:29.461+0000][1][gc           ] GC(17) Concurrent Reset 0.415ms
[2020-05-01T11:22:29.461+0000][1][gc,cpu       ] GC(17) User=0.00s Sys=0.00s Real=0.00s
[2020-05-01T11:22:29.461+0000][1][gc,heap      ] GC(17) Old: 60411K->59956K(349568K)
[2020-05-01T11:22:34.445+0000][1][safepoint    ] Safepoint "Cleanup", Time since last: 5001043400 ns, Reaching safepoint: 1513800 ns, At safepoint: 131000 ns, Total: 1644800 ns
[2020-05-01T11:22:35.445+0000][1][safepoint    ] Safepoint "Cleanup", Time since last: 1000186900 ns, Reaching safepoint: 77100 ns, At safepoint: 40800 ns, Total: 117900 ns
[2020-05-01T11:22:36.446+0000][1][safepoint    ] Safepoint "Cleanup", Time since last: 1000243300 ns, Reaching safepoint: 76300 ns, At safepoint: 40100 ns, Total: 116400 ns
[2020-05-01T11:22:41.447+0000][1][safepoint    ] Safepoint "Cleanup", Time since last: 5000763000 ns, Reaching safepoint: 78500 ns, At safepoint: 55400 ns, Total: 133900 ns
[2020-05-01T11:22:41.890+0000][1][safepoint    ] Safepoint "RevokeBias", Time since last: 443558200 ns, Reaching safepoint: 222400 ns, At safepoint: 165700 ns, Total: 388100 ns
[2020-05-01T11:22:41.892+0000][1][safepoint    ] Safepoint "RevokeBias", Time since last: 800700 ns, Reaching safepoint: 496200 ns, At safepoint: 146100 ns, Total: 642300 ns
[2020-05-01T11:22:41.892+0000][1][safepoint    ] Safepoint "RevokeBias", Time since last: 251300 ns, Reaching safepoint: 43400 ns, At safepoint: 50400 ns, Total: 93800 ns
[2020-05-01T11:22:41.895+0000][1][safepoint    ] Safepoint "RevokeBias", Time since last: 2456200 ns, Reaching safepoint: 139400 ns, At safepoint: 95700 ns, Total: 235100 ns
[2020-05-01T11:22:41.895+0000][1][safepoint    ] Safepoint "RevokeBias", Time since last: 152000 ns, Reaching safepoint: 34400 ns, At safepoint: 61400 ns, Total: 95800 ns
[2020-05-01T11:22:41.897+0000][1][safepoint    ] Safepoint "RevokeBias", Time since last: 1877400 ns, Reaching safepoint: 41000 ns, At safepoint: 42500 ns, Total: 83500 ns
[2020-05-01T11:22:41.910+0000][1][safepoint    ] Safepoint "RevokeBias", Time since last: 12226800 ns, Reaching safepoint: 247600 ns, At safepoint: 191900 ns, Total: 439500 ns
[2020-05-01T11:22:41.925+0000][1][safepoint    ] Safepoint "Deoptimize", Time since last: 14236900 ns, Reaching safepoint: 67200 ns, At safepoint: 456300 ns, Total: 523500 ns
[2020-05-01T11:22:41.926+0000][1][safepoint    ] Safepoint "RevokeBias", Time since last: 1606000 ns, Reaching safepoint: 171000 ns, At safepoint: 129900 ns, Total: 300900 ns
[2020-05-01T11:22:41.927+0000][1][safepoint    ] Safepoint "RevokeBias", Time since last: 54500 ns, Reaching safepoint: 130300 ns, At safepoint: 152200 ns, Total: 282500 ns
[2020-05-01T11:22:41.927+0000][1][safepoint    ] Safepoint "RevokeBias", Time since last: 44200 ns, Reaching safepoint: 129400 ns, At safepoint: 87900 ns, Total: 217300 ns
[2020-05-01T11:22:41.929+0000][1][safepoint    ] Safepoint "RevokeBias", Time since last: 1707000 ns, Reaching safepoint: 186200 ns, At safepoint: 149500 ns, Total: 335700 ns
[2020-05-01T11:22:41.931+0000][1][safepoint    ] Safepoint "RevokeBias", Time since last: 1633900 ns, Reaching safepoint: 161300 ns, At safepoint: 117100 ns, Total: 278400 ns
[2020-05-01T11:22:41.940+0000][1][safepoint    ] Safepoint "RevokeBias", Time since last: 9045300 ns, Reaching safepoint: 68300 ns, At safepoint: 40500 ns, Total: 108800 ns
[2020-05-01T11:22:41.946+0000][1][safepoint    ] Safepoint "Deoptimize", Time since last: 5335300 ns, Reaching safepoint: 238700 ns, At safepoint: 571300 ns, Total: 810000 ns
[2020-05-01T11:22:41.955+0000][1][safepoint    ] Safepoint "RevokeBias", Time since last: 7942700 ns, Reaching safepoint: 227200 ns, At safepoint: 163000 ns, Total: 390200 ns
[2020-05-01T11:22:41.964+0000][1][safepoint    ] Safepoint "RevokeBias", Time since last: 9153400 ns, Reaching safepoint: 252100 ns, At safepoint: 224300 ns, Total: 476400 ns
[2020-05-01T11:22:41.966+0000][1][safepoint    ] Safepoint "RevokeBias", Time since last: 839700 ns, Reaching safepoint: 298200 ns, At safepoint: 188500 ns, Total: 486700 ns
[2020-05-01T11:22:41.968+0000][1][safepoint    ] Safepoint "RevokeBias", Time since last: 1534200 ns, Reaching safepoint: 226700 ns, At safepoint: 175600 ns, Total: 402300 ns
[2020-05-01T11:22:41.972+0000][1][safepoint    ] Safepoint "RevokeBias", Time since last: 1053100 ns, Reaching safepoint: 2843200 ns, At safepoint: 212200 ns, Total: 3055400 ns
[2020-05-01T11:22:41.972+0000][1][safepoint    ] Safepoint "RevokeBias", Time since last: 398100 ns, Reaching safepoint: 175200 ns, At safepoint: 176600 ns, Total: 351800 ns
[2020-05-01T11:22:41.973+0000][1][safepoint    ] Safepoint "RevokeBias", Time since last: 260500 ns, Reaching safepoint: 56600 ns, At safepoint: 179500 ns, Total: 236100 ns
[2020-05-01T11:22:41.974+0000][1][safepoint    ] Safepoint "RevokeBias", Time since last: 189800 ns, Reaching safepoint: 67100 ns, At safepoint: 420100 ns, Total: 487200 ns
[2020-05-01T11:22:41.974+0000][1][safepoint    ] Safepoint "RevokeBias", Time since last: 429000 ns, Reaching safepoint: 237700 ns, At safepoint: 166700 ns, Total: 404400 ns
[2020-05-01T11:22:41.975+0000][1][safepoint    ] Safepoint "RevokeBias", Time since last: 276400 ns, Reaching safepoint: 322300 ns, At safepoint: 105700 ns, Total: 428000 ns
[2020-05-01T11:22:41.976+0000][1][safepoint    ] Safepoint "RevokeBias", Time since last: 161100 ns, Reaching safepoint: 198000 ns, At safepoint: 110000 ns, Total: 308000 ns
[2020-05-01T11:22:41.976+0000][1][safepoint    ] Safepoint "RevokeBias", Time since last: 176400 ns, Reaching safepoint: 38700 ns, At safepoint: 81100 ns, Total: 119800 ns
[2020-05-01T11:22:41.976+0000][1][safepoint    ] Safepoint "RevokeBias", Time since last: 310000 ns, Reaching safepoint: 137600 ns, At safepoint: 125800 ns, Total: 263400 ns
[2020-05-01T11:22:41.977+0000][1][safepoint    ] Safepoint "RevokeBias", Time since last: 193100 ns, Reaching safepoint: 133700 ns, At safepoint: 256800 ns, Total: 390500 ns
[2020-05-01T11:22:41.978+0000][1][safepoint    ] Safepoint "RevokeBias", Time since last: 478500 ns, Reaching safepoint: 97000 ns, At safepoint: 231500 ns, Total: 328500 ns
[2020-05-01T11:22:41.979+0000][1][safepoint    ] Safepoint "RevokeBias", Time since last: 339800 ns, Reaching safepoint: 269200 ns, At safepoint: 170200 ns, Total: 439400 ns
[2020-05-01T11:22:41.979+0000][1][safepoint    ] Safepoint "RevokeBias", Time since last: 299100 ns, Reaching safepoint: 143800 ns, At safepoint: 86500 ns, Total: 230300 ns
[2020-05-01T11:22:41.980+0000][1][safepoint    ] Safepoint "RevokeBias", Time since last: 303400 ns, Reaching safepoint: 136300 ns, At safepoint: 116300 ns, Total: 252600 ns
[2020-05-01T11:22:41.980+0000][1][safepoint    ] Safepoint "RevokeBias", Time since last: 154900 ns, Reaching safepoint: 129400 ns, At safepoint: 130000 ns, Total: 259400 ns
[2020-05-01T11:22:41.981+0000][1][safepoint    ] Safepoint "RevokeBias", Time since last: 189000 ns, Reaching safepoint: 134200 ns, At safepoint: 111200 ns, Total: 245400 ns
[2020-05-01T11:22:41.981+0000][1][safepoint    ] Safepoint "RevokeBias", Time since last: 417600 ns, Reaching safepoint: 71400 ns, At safepoint: 167300 ns, Total: 238700 ns
[2020-05-01T11:22:41.982+0000][1][safepoint    ] Safepoint "RevokeBias", Time since last: 674300 ns, Reaching safepoint: 75300 ns, At safepoint: 198800 ns, Total: 274100 ns
[2020-05-01T11:22:41.984+0000][1][safepoint    ] Safepoint "RevokeBias", Time since last: 243700 ns, Reaching safepoint: 232000 ns, At safepoint: 872900 ns, Total: 1104900 ns
[2020-05-01T11:22:41.984+0000][1][safepoint    ] Safepoint "RevokeBias", Time since last: 259600 ns, Reaching safepoint: 197500 ns, At safepoint: 226700 ns, Total: 424200 ns
[2020-05-01T11:22:41.985+0000][1][safepoint    ] Safepoint "RevokeBias", Time since last: 216700 ns, Reaching safepoint: 214900 ns, At safepoint: 199600 ns, Total: 414500 ns
[2020-05-01T11:22:41.985+0000][1][safepoint    ] Safepoint "RevokeBias", Time since last: 239800 ns, Reaching safepoint: 62200 ns, At safepoint: 90000 ns, Total: 152200 ns
[2020-05-01T11:22:41.986+0000][1][safepoint    ] Safepoint "RevokeBias", Time since last: 420200 ns, Reaching safepoint: 225600 ns, At safepoint: 171400 ns, Total: 397000 ns
[2020-05-01T11:22:41.987+0000][1][safepoint    ] Safepoint "RevokeBias", Time since last: 353400 ns, Reaching safepoint: 157100 ns, At safepoint: 150500 ns, Total: 307600 ns
[2020-05-01T11:22:41.987+0000][1][safepoint    ] Safepoint "RevokeBias", Time since last: 387800 ns, Reaching safepoint: 152100 ns, At safepoint: 169400 ns, Total: 321500 ns
[2020-05-01T11:22:41.988+0000][1][safepoint    ] Safepoint "RevokeBias", Time since last: 177600 ns, Reaching safepoint: 45000 ns, At safepoint: 176800 ns, Total: 221800 ns
[2020-05-01T11:22:41.988+0000][1][safepoint    ] Safepoint "RevokeBias", Time since last: 192400 ns, Reaching safepoint: 147200 ns, At safepoint: 202300 ns, Total: 349500 ns
[2020-05-01T11:22:41.989+0000][1][safepoint    ] Safepoint "RevokeBias", Time since last: 205300 ns, Reaching safepoint: 201100 ns, At safepoint: 137700 ns, Total: 338800 ns
[2020-05-01T11:22:41.989+0000][1][safepoint    ] Safepoint "RevokeBias", Time since last: 197300 ns, Reaching safepoint: 153100 ns, At safepoint: 198000 ns, Total: 351100 ns
[2020-05-01T11:22:41.990+0000][1][safepoint    ] Safepoint "RevokeBias", Time since last: 224400 ns, Reaching safepoint: 228200 ns, At safepoint: 171400 ns, Total: 399600 ns
[2020-05-01T11:22:41.991+0000][1][safepoint    ] Safepoint "RevokeBias", Time since last: 171900 ns, Reaching safepoint: 202200 ns, At safepoint: 210000 ns, Total: 412200 ns
[2020-05-01T11:22:41.991+0000][1][safepoint    ] Safepoint "RevokeBias", Time since last: 457100 ns, Reaching safepoint: 156100 ns, At safepoint: 196800 ns, Total: 352900 ns
[2020-05-01T11:22:41.992+0000][1][safepoint    ] Safepoint "RevokeBias", Time since last: 208400 ns, Reaching safepoint: 155100 ns, At safepoint: 177600 ns, Total: 332700 ns
[2020-05-01T11:22:41.993+0000][1][safepoint    ] Safepoint "RevokeBias", Time since last: 303400 ns, Reaching safepoint: 60100 ns, At safepoint: 122500 ns, Total: 182600 ns
[2020-05-01T11:22:41.993+0000][1][safepoint    ] Safepoint "RevokeBias", Time since last: 172300 ns, Reaching safepoint: 153600 ns, At safepoint: 141000 ns, Total: 294600 ns
[2020-05-01T11:22:41.993+0000][1][safepoint    ] Safepoint "RevokeBias", Time since last: 190900 ns, Reaching safepoint: 197500 ns, At safepoint: 96800 ns, Total: 294300 ns
[2020-05-01T11:22:41.995+0000][1][safepoint    ] Safepoint "BulkRevokeBias", Time since last: 181700 ns, Reaching safepoint: 170400 ns, At safepoint: 1340900 ns, Total: 1511300 ns
[2020-05-01T11:22:41.996+0000][1][safepoint    ] Safepoint "RevokeBias", Time since last: 447200 ns, Reaching safepoint: 186100 ns, At safepoint: 192000 ns, Total: 378100 ns
[2020-05-01T11:22:41.997+0000][1][safepoint    ] Safepoint "RevokeBias", Time since last: 325900 ns, Reaching safepoint: 835400 ns, At safepoint: 290600 ns, Total: 1126000 ns
[2020-05-01T11:22:42.000+0000][1][safepoint    ] Safepoint "RevokeBias", Time since last: 2046100 ns, Reaching safepoint: 157800 ns, At safepoint: 168900 ns, Total: 326700 ns
[2020-05-01T11:22:42.000+0000][1][safepoint    ] Safepoint "RevokeBias", Time since last: 266100 ns, Reaching safepoint: 82600 ns, At safepoint: 245600 ns, Total: 328200 ns
[2020-05-01T11:22:42.001+0000][1][safepoint    ] Safepoint "RevokeBias", Time since last: 459900 ns, Reaching safepoint: 225800 ns, At safepoint: 248400 ns, Total: 474200 ns
[2020-05-01T11:22:42.002+0000][1][safepoint    ] Safepoint "RevokeBias", Time since last: 241800 ns, Reaching safepoint: 171800 ns, At safepoint: 227500 ns, Total: 399300 ns
[2020-05-01T11:22:42.003+0000][1][safepoint    ] Safepoint "RevokeBias", Time since last: 342300 ns, Reaching safepoint: 73800 ns, At safepoint: 177600 ns, Total: 251400 ns
[2020-05-01T11:22:42.003+0000][1][safepoint    ] Safepoint "RevokeBias", Time since last: 71400 ns, Reaching safepoint: 159700 ns, At safepoint: 209900 ns, Total: 369600 ns
[2020-05-01T11:22:42.004+0000][1][safepoint    ] Safepoint "RevokeBias", Time since last: 54900 ns, Reaching safepoint: 40000 ns, At safepoint: 485200 ns, Total: 525200 ns
[2020-05-01T11:22:42.004+0000][1][safepoint    ] Safepoint "RevokeBias", Time since last: 87300 ns, Reaching safepoint: 157600 ns, At safepoint: 240900 ns, Total: 398500 ns
[2020-05-01T11:22:42.005+0000][1][safepoint    ] Safepoint "RevokeBias", Time since last: 67700 ns, Reaching safepoint: 172100 ns, At safepoint: 196000 ns, Total: 368100 ns
[2020-05-01T11:22:42.005+0000][1][safepoint    ] Safepoint "RevokeBias", Time since last: 171800 ns, Reaching safepoint: 170000 ns, At safepoint: 176700 ns, Total: 346700 ns
[2020-05-01T11:22:42.006+0000][1][safepoint    ] Safepoint "RevokeBias", Time since last: 289000 ns, Reaching safepoint: 203800 ns, At safepoint: 170500 ns, Total: 374300 ns
[2020-05-01T11:22:42.006+0000][1][safepoint    ] Safepoint "RevokeBias", Time since last: 236900 ns, Reaching safepoint: 166300 ns, At safepoint: 159600 ns, Total: 325900 ns
[2020-05-01T11:22:42.007+0000][1][safepoint    ] Safepoint "RevokeBias", Time since last: 269200 ns, Reaching safepoint: 222300 ns, At safepoint: 210200 ns, Total: 432500 ns
[2020-05-01T11:22:42.008+0000][1][safepoint    ] Safepoint "RevokeBias", Time since last: 320500 ns, Reaching safepoint: 145400 ns, At safepoint: 188300 ns, Total: 333700 ns
[2020-05-01T11:22:42.008+0000][1][safepoint    ] Safepoint "RevokeBias", Time since last: 290500 ns, Reaching safepoint: 148300 ns, At safepoint: 158200 ns, Total: 306500 ns
[2020-05-01T11:22:42.009+0000][1][safepoint    ] Safepoint "RevokeBias", Time since last: 229100 ns, Reaching safepoint: 151400 ns, At safepoint: 150800 ns, Total: 302200 ns
[2020-05-01T11:22:42.009+0000][1][safepoint    ] Safepoint "RevokeBias", Time since last: 259400 ns, Reaching safepoint: 150200 ns, At safepoint: 146600 ns, Total: 296800 ns
[2020-05-01T11:22:42.010+0000][1][safepoint    ] Safepoint "RevokeBias", Time since last: 291200 ns, Reaching safepoint: 144700 ns, At safepoint: 123600 ns, Total: 268300 ns
[2020-05-01T11:22:42.010+0000][1][safepoint    ] Safepoint "RevokeBias", Time since last: 339000 ns, Reaching safepoint: 153500 ns, At safepoint: 140200 ns, Total: 293700 ns
[2020-05-01T11:22:42.014+0000][1][safepoint    ] Safepoint "BulkRevokeBias", Time since last: 214000 ns, Reaching safepoint: 145200 ns, At safepoint: 2905100 ns, Total: 3050300 ns
[2020-05-01T11:22:42.015+0000][1][safepoint    ] Safepoint "RevokeBias", Time since last: 1253800 ns, Reaching safepoint: 75300 ns, At safepoint: 116900 ns, Total: 192200 ns
[2020-05-01T11:22:42.027+0000][1][safepoint    ] Safepoint "RevokeBias", Time since last: 10920700 ns, Reaching safepoint: 248600 ns, At safepoint: 216700 ns, Total: 465300 ns
[2020-05-01T11:22:42.028+0000][1][safepoint    ] Safepoint "RevokeBias", Time since last: 1336000 ns, Reaching safepoint: 75700 ns, At safepoint: 132300 ns, Total: 208000 ns
[2020-05-01T11:22:42.032+0000][1][safepoint    ] Safepoint "RevokeBias", Time since last: 4021800 ns, Reaching safepoint: 61900 ns, At safepoint: 109400 ns, Total: 171300 ns
[2020-05-01T11:22:42.033+0000][1][safepoint    ] Safepoint "RevokeBias", Time since last: 198900 ns, Reaching safepoint: 185800 ns, At safepoint: 117500 ns, Total: 303300 ns
[2020-05-01T11:22:42.033+0000][1][safepoint    ] Safepoint "RevokeBias", Time since last: 46400 ns, Reaching safepoint: 130800 ns, At safepoint: 106100 ns, Total: 236900 ns
[2020-05-01T11:22:42.033+0000][1][safepoint    ] Safepoint "RevokeBias", Time since last: 86400 ns, Reaching safepoint: 34000 ns, At safepoint: 103400 ns, Total: 137400 ns
[2020-05-01T11:22:42.034+0000][1][safepoint    ] Safepoint "RevokeBias", Time since last: 131700 ns, Reaching safepoint: 138300 ns, At safepoint: 89400 ns, Total: 227700 ns
[2020-05-01T11:22:42.034+0000][1][safepoint    ] Safepoint "RevokeBias", Time since last: 201000 ns, Reaching safepoint: 415300 ns, At safepoint: 90200 ns, Total: 505500 ns
[2020-05-01T11:22:42.035+0000][1][safepoint    ] Safepoint "BulkRevokeBias", Time since last: 197000 ns, Reaching safepoint: 132700 ns, At safepoint: 305500 ns, Total: 438200 ns
[2020-05-01T11:22:42.045+0000][1][safepoint    ] Safepoint "RevokeBias", Time since last: 9769400 ns, Reaching safepoint: 214700 ns, At safepoint: 155100 ns, Total: 369800 ns
[2020-05-01T11:22:42.059+0000][1][safepoint    ] Safepoint "RevokeBias", Time since last: 13571900 ns, Reaching safepoint: 74600 ns, At safepoint: 199300 ns, Total: 273900 ns
[2020-05-01T11:22:42.072+0000][1][safepoint    ] Safepoint "RevokeBias", Time since last: 13080400 ns, Reaching safepoint: 262500 ns, At safepoint: 131300 ns, Total: 393800 ns
[2020-05-01T11:22:42.079+0000][1][safepoint    ] Safepoint "RevokeBias", Time since last: 6214400 ns, Reaching safepoint: 104700 ns, At safepoint: 167200 ns, Total: 271900 ns
[2020-05-01T11:22:42.083+0000][1][safepoint    ] Safepoint "RevokeBias", Time since last: 3829500 ns, Reaching safepoint: 192200 ns, At safepoint: 104800 ns, Total: 297000 ns
[2020-05-01T11:22:42.084+0000][1][safepoint    ] Safepoint "RevokeBias", Time since last: 402800 ns, Reaching safepoint: 134600 ns, At safepoint: 87200 ns, Total: 221800 ns
[2020-05-01T11:22:42.084+0000][1][safepoint    ] Safepoint "RevokeBias", Time since last: 166000 ns, Reaching safepoint: 146900 ns, At safepoint: 87000 ns, Total: 233900 ns
[2020-05-01T11:22:42.085+0000][1][safepoint    ] Safepoint "RevokeBias", Time since last: 151600 ns, Reaching safepoint: 133600 ns, At safepoint: 101000 ns, Total: 234600 ns
[2020-05-01T11:22:42.086+0000][1][safepoint    ] Safepoint "RevokeBias", Time since last: 1390200 ns, Reaching safepoint: 148100 ns, At safepoint: 107900 ns, Total: 256000 ns
[2020-05-01T11:22:42.086+0000][1][safepoint    ] Safepoint "RevokeBias", Time since last: 63300 ns, Reaching safepoint: 40600 ns, At safepoint: 83800 ns, Total: 124400 ns
[2020-05-01T11:22:43.087+0000][1][safepoint    ] Safepoint "Cleanup", Time since last: 1000156400 ns, Reaching safepoint: 74000 ns, At safepoint: 38400 ns, Total: 112400 ns
[2020-05-01T11:22:44.087+0000][1][safepoint    ] Safepoint "Cleanup", Time since last: 1000136800 ns, Reaching safepoint: 114900 ns, At safepoint: 52800 ns, Total: 167700 ns
[2020-05-01T11:22:44.393+0000][1][safepoint    ] Safepoint "RevokeBias", Time since last: 306007800 ns, Reaching safepoint: 118900 ns, At safepoint: 83500 ns, Total: 202400 ns
[2020-05-01T11:22:45.394+0000][1][safepoint    ] Safepoint "Cleanup", Time since last: 1000264600 ns, Reaching safepoint: 93700 ns, At safepoint: 41200 ns, Total: 134900 ns
[2020-05-01T11:22:45.805+0000][1][safepoint    ] Safepoint "RevokeBias", Time since last: 411687600 ns, Reaching safepoint: 176800 ns, At safepoint: 74900 ns, Total: 251700 ns
[2020-05-01T11:22:45.806+0000][1][safepoint    ] Safepoint "RevokeBias", Time since last: 218800 ns, Reaching safepoint: 163300 ns, At safepoint: 131800 ns, Total: 295100 ns
[2020-05-01T11:22:45.807+0000][1][safepoint    ] Safepoint "RevokeBias", Time since last: 331600 ns, Reaching safepoint: 625200 ns, At safepoint: 194700 ns, Total: 819900 ns
[2020-05-01T11:22:45.809+0000][1][safepoint    ] Safepoint "RevokeBias", Time since last: 1276500 ns, Reaching safepoint: 185800 ns, At safepoint: 138100 ns, Total: 323900 ns
[2020-05-01T11:22:45.809+0000][1][safepoint    ] Safepoint "RevokeBias", Time since last: 126700 ns, Reaching safepoint: 187100 ns, At safepoint: 174000 ns, Total: 361100 ns
[2020-05-01T11:22:45.810+0000][1][safepoint    ] Safepoint "RevokeBias", Time since last: 67800 ns, Reaching safepoint: 177100 ns, At safepoint: 215000 ns, Total: 392100 ns
[2020-05-01T11:22:45.810+0000][1][safepoint    ] Safepoint "RevokeBias", Time since last: 60100 ns, Reaching safepoint: 224500 ns, At safepoint: 319900 ns, Total: 544400 ns
[2020-05-01T11:22:45.811+0000][1][safepoint    ] Safepoint "BulkRevokeBias", Time since last: 429100 ns, Reaching safepoint: 226900 ns, At safepoint: 488100 ns, Total: 715000 ns
[2020-05-01T11:22:45.814+0000][1][safepoint    ] Safepoint "RevokeBias", Time since last: 2135700 ns, Reaching safepoint: 228100 ns, At safepoint: 409100 ns, Total: 637200 ns
[2020-05-01T11:22:45.818+0000][1][safepoint    ] Safepoint "RevokeBias", Time since last: 3535100 ns, Reaching safepoint: 285800 ns, At safepoint: 422700 ns, Total: 708500 ns
[2020-05-01T11:22:45.820+0000][1][safepoint    ] Safepoint "RevokeBias", Time since last: 639800 ns, Reaching safepoint: 312900 ns, At safepoint: 293400 ns, Total: 606300 ns
[2020-05-01T11:22:45.824+0000][1][safepoint    ] Safepoint "RevokeBias", Time since last: 3989700 ns, Reaching safepoint: 333800 ns, At safepoint: 260800 ns, Total: 594600 ns
[2020-05-01T11:22:45.838+0000][1][safepoint    ] Safepoint "RevokeBias", Time since last: 13715100 ns, Reaching safepoint: 261800 ns, At safepoint: 151500 ns, Total: 413300 ns
[2020-05-01T11:22:45.840+0000][1][safepoint    ] Safepoint "RevokeBias", Time since last: 1046500 ns, Reaching safepoint: 241900 ns, At safepoint: 101500 ns, Total: 343400 ns
[2020-05-01T11:22:45.843+0000][1][safepoint    ] Safepoint "RevokeBias", Time since last: 2637200 ns, Reaching safepoint: 88400 ns, At safepoint: 66000 ns, Total: 154400 ns
[2020-05-01T11:22:45.870+0000][1][safepoint    ] Safepoint "RevokeBias", Time since last: 26612100 ns, Reaching safepoint: 285600 ns, At safepoint: 194800 ns, Total: 480400 ns
[2020-05-01T11:22:46.588+0000][1][safepoint    ] Safepoint "RevokeBias", Time since last: 717807500 ns, Reaching safepoint: 293500 ns, At safepoint: 197700 ns, Total: 491200 ns
[2020-05-01T11:22:46.606+0000][1][safepoint    ] Safepoint "RevokeBias", Time since last: 17707600 ns, Reaching safepoint: 303500 ns, At safepoint: 243700 ns, Total: 547200 ns
[2020-05-01T11:22:46.613+0000][1][safepoint    ] Safepoint "RevokeBias", Time since last: 6516500 ns, Reaching safepoint: 241500 ns, At safepoint: 138300 ns, Total: 379800 ns
[2020-05-01T11:22:46.617+0000][1][safepoint    ] Safepoint "RevokeBias", Time since last: 3036200 ns, Reaching safepoint: 370600 ns, At safepoint: 445700 ns, Total: 816300 ns
[2020-05-01T11:22:46.618+0000][1][safepoint    ] Safepoint "RevokeBias", Time since last: 249400 ns, Reaching safepoint: 868200 ns, At safepoint: 109400 ns, Total: 977600 ns
[2020-05-01T11:22:46.623+0000][1][safepoint    ] Safepoint "RevokeBias", Time since last: 4348400 ns, Reaching safepoint: 90700 ns, At safepoint: 72300 ns, Total: 163000 ns
[2020-05-01T11:22:46.630+0000][1][safepoint    ] Safepoint "RevokeBias", Time since last: 7145600 ns, Reaching safepoint: 191000 ns, At safepoint: 107600 ns, Total: 298600 ns
[2020-05-01T11:22:46.727+0000][1][safepoint    ] Safepoint "RevokeBias", Time since last: 96724700 ns, Reaching safepoint: 83900 ns, At safepoint: 46500 ns, Total: 130400 ns
[2020-05-01T11:22:46.728+0000][1][safepoint    ] Safepoint "RevokeBias", Time since last: 485400 ns, Reaching safepoint: 71000 ns, At safepoint: 42800 ns, Total: 113800 ns
[2020-05-01T11:22:46.737+0000][1][safepoint    ] Safepoint "RevokeBias", Time since last: 8809200 ns, Reaching safepoint: 106000 ns, At safepoint: 49400 ns, Total: 155400 ns
[2020-05-01T11:22:46.738+0000][1][safepoint    ] Safepoint "RevokeBias", Time since last: 1449200 ns, Reaching safepoint: 109000 ns, At safepoint: 76500 ns, Total: 185500 ns
[2020-05-01T11:22:46.739+0000][1][safepoint    ] Safepoint "RevokeBias", Time since last: 326000 ns, Reaching safepoint: 89700 ns, At safepoint: 68100 ns, Total: 157800 ns
[2020-05-01T11:22:46.739+0000][1][safepoint    ] Safepoint "RevokeBias", Time since last: 400400 ns, Reaching safepoint: 53900 ns, At safepoint: 45300 ns, Total: 99200 ns
[2020-05-01T11:22:46.741+0000][1][safepoint    ] Safepoint "RevokeBias", Time since last: 1282200 ns, Reaching safepoint: 135400 ns, At safepoint: 122700 ns, Total: 258100 ns
[2020-05-01T11:22:46.890+0000][1][safepoint    ] Safepoint "RevokeBias", Time since last: 148810900 ns, Reaching safepoint: 102300 ns, At safepoint: 81200 ns, Total: 183500 ns
[2020-05-01T11:22:47.890+0000][1][safepoint    ] Safepoint "Cleanup", Time since last: 1000227300 ns, Reaching safepoint: 179900 ns, At safepoint: 83000 ns, Total: 262900 ns
[2020-05-01T11:22:48.891+0000][1][safepoint    ] Safepoint "Cleanup", Time since last: 1000216500 ns, Reaching safepoint: 150900 ns, At safepoint: 82400 ns, Total: 233300 ns
[2020-05-01T11:22:49.391+0000][1][safepoint    ] Safepoint "RevokeBias", Time since last: 499714700 ns, Reaching safepoint: 230400 ns, At safepoint: 94500 ns, Total: 324900 ns
[2020-05-01T11:22:49.557+0000][1][safepoint    ] Safepoint "RevokeBias", Time since last: 165724600 ns, Reaching safepoint: 118100 ns, At safepoint: 46300 ns, Total: 164400 ns
[2020-05-01T11:22:49.557+0000][1][safepoint    ] Safepoint "RevokeBias", Time since last: 421800 ns, Reaching safepoint: 76200 ns, At safepoint: 42200 ns, Total: 118400 ns
[2020-05-01T11:22:49.567+0000][1][safepoint    ] Safepoint "RevokeBias", Time since last: 10100700 ns, Reaching safepoint: 109000 ns, At safepoint: 67400 ns, Total: 176400 ns
[2020-05-01T11:22:49.574+0000][1][safepoint    ] Safepoint "RevokeBias", Time since last: 5965200 ns, Reaching safepoint: 398800 ns, At safepoint: 157800 ns, Total: 556600 ns
[2020-05-01T11:22:49.574+0000][1][safepoint    ] Safepoint "RevokeBias", Time since last: 313500 ns, Reaching safepoint: 133400 ns, At safepoint: 62900 ns, Total: 196300 ns
[2020-05-01T11:22:49.575+0000][1][safepoint    ] Safepoint "RevokeBias", Time since last: 265500 ns, Reaching safepoint: 86800 ns, At safepoint: 59900 ns, Total: 146700 ns
[2020-05-01T11:22:49.576+0000][1][safepoint    ] Safepoint "RevokeBias", Time since last: 596100 ns, Reaching safepoint: 127700 ns, At safepoint: 93500 ns, Total: 221200 ns
[2020-05-01T11:22:49.576+0000][1][safepoint    ] Safepoint "RevokeBias", Time since last: 281000 ns, Reaching safepoint: 91600 ns, At safepoint: 81400 ns, Total: 173000 ns
[2020-05-01T11:22:49.577+0000][1][safepoint    ] Safepoint "RevokeBias", Time since last: 371900 ns, Reaching safepoint: 94100 ns, At safepoint: 82000 ns, Total: 176100 ns
[2020-05-01T11:22:49.578+0000][1][safepoint    ] Safepoint "RevokeBias", Time since last: 1145500 ns, Reaching safepoint: 123700 ns, At safepoint: 75800 ns, Total: 199500 ns
[2020-05-01T11:22:49.580+0000][1][safepoint    ] Safepoint "RevokeBias", Time since last: 1369400 ns, Reaching safepoint: 397000 ns, At safepoint: 243800 ns, Total: 640800 ns
[2020-05-01T11:22:49.581+0000][1][safepoint    ] Safepoint "RevokeBias", Time since last: 656600 ns, Reaching safepoint: 253000 ns, At safepoint: 133500 ns, Total: 386500 ns
[2020-05-01T11:22:49.584+0000][1][safepoint    ] Safepoint "RevokeBias", Time since last: 2802800 ns, Reaching safepoint: 202700 ns, At safepoint: 154100 ns, Total: 356800 ns
[2020-05-01T11:22:49.585+0000][1][safepoint    ] Safepoint "RevokeBias", Time since last: 364100 ns, Reaching safepoint: 265900 ns, At safepoint: 159100 ns, Total: 425000 ns
[2020-05-01T11:22:49.586+0000][1][safepoint    ] Safepoint "RevokeBias", Time since last: 269100 ns, Reaching safepoint: 278900 ns, At safepoint: 164800 ns, Total: 443700 ns
[2020-05-01T11:22:49.586+0000][1][safepoint    ] Safepoint "RevokeBias", Time since last: 251800 ns, Reaching safepoint: 182000 ns, At safepoint: 106400 ns, Total: 288400 ns
[2020-05-01T11:22:49.587+0000][1][safepoint    ] Safepoint "RevokeBias", Time since last: 276700 ns, Reaching safepoint: 218500 ns, At safepoint: 128200 ns, Total: 346700 ns
[2020-05-01T11:22:49.588+0000][1][safepoint    ] Safepoint "RevokeBias", Time since last: 1077600 ns, Reaching safepoint: 136300 ns, At safepoint: 88100 ns, Total: 224400 ns
[2020-05-01T11:22:49.590+0000][1][safepoint    ] Safepoint "RevokeBias", Time since last: 1219200 ns, Reaching safepoint: 227500 ns, At safepoint: 169200 ns, Total: 396700 ns
[2020-05-01T11:22:49.590+0000][1][safepoint    ] Safepoint "RevokeBias", Time since last: 270900 ns, Reaching safepoint: 86100 ns, At safepoint: 81100 ns, Total: 167200 ns
[2020-05-01T11:22:49.591+0000][1][safepoint    ] Safepoint "RevokeBias", Time since last: 288400 ns, Reaching safepoint: 242100 ns, At safepoint: 154700 ns, Total: 396800 ns
[2020-05-01T11:22:49.591+0000][1][safepoint    ] Safepoint "RevokeBias", Time since last: 212500 ns, Reaching safepoint: 179300 ns, At safepoint: 116200 ns, Total: 295500 ns
[2020-05-01T11:22:49.592+0000][1][safepoint    ] Safepoint "RevokeBias", Time since last: 361600 ns, Reaching safepoint: 187200 ns, At safepoint: 77200 ns, Total: 264400 ns
[2020-05-01T11:22:49.593+0000][1][safepoint    ] Safepoint "RevokeBias", Time since last: 149800 ns, Reaching safepoint: 233200 ns, At safepoint: 105700 ns, Total: 338900 ns
[2020-05-01T11:22:49.593+0000][1][safepoint    ] Safepoint "RevokeBias", Time since last: 503400 ns, Reaching safepoint: 75600 ns, At safepoint: 117300 ns, Total: 192900 ns
[2020-05-01T11:22:49.594+0000][1][safepoint    ] Safepoint "RevokeBias", Time since last: 300700 ns, Reaching safepoint: 49000 ns, At safepoint: 37400 ns, Total: 86400 ns
[2020-05-01T11:22:49.594+0000][1][safepoint    ] Safepoint "RevokeBias", Time since last: 213200 ns, Reaching safepoint: 71100 ns, At safepoint: 65500 ns, Total: 136600 ns
[2020-05-01T11:22:49.594+0000][1][safepoint    ] Safepoint "RevokeBias", Time since last: 304500 ns, Reaching safepoint: 76700 ns, At safepoint: 83700 ns, Total: 160400 ns
[2020-05-01T11:22:49.595+0000][1][safepoint    ] Safepoint "RevokeBias", Time since last: 400100 ns, Reaching safepoint: 49100 ns, At safepoint: 65200 ns, Total: 114300 ns
[2020-05-01T11:22:49.595+0000][1][safepoint    ] Safepoint "RevokeBias", Time since last: 297800 ns, Reaching safepoint: 48600 ns, At safepoint: 43500 ns, Total: 92100 ns
[2020-05-01T11:22:49.596+0000][1][safepoint    ] Safepoint "RevokeBias", Time since last: 248700 ns, Reaching safepoint: 153800 ns, At safepoint: 66100 ns, Total: 219900 ns
[2020-05-01T11:22:49.596+0000][1][safepoint    ] Safepoint "RevokeBias", Time since last: 410600 ns, Reaching safepoint: 103100 ns, At safepoint: 89500 ns, Total: 192600 ns
[2020-05-01T11:22:49.597+0000][1][safepoint    ] Safepoint "RevokeBias", Time since last: 166500 ns, Reaching safepoint: 47500 ns, At safepoint: 42700 ns, Total: 90200 ns
[2020-05-01T11:22:49.599+0000][1][safepoint    ] Safepoint "BulkRevokeBias", Time since last: 1084100 ns, Reaching safepoint: 50400 ns, At safepoint: 874400 ns, Total: 924800 ns
[2020-05-01T11:22:49.603+0000][1][safepoint    ] Safepoint "RevokeBias", Time since last: 3929300 ns, Reaching safepoint: 86000 ns, At safepoint: 131800 ns, Total: 217800 ns
[2020-05-01T11:22:49.629+0000][1][safepoint    ] Safepoint "RevokeBias", Time since last: 25745000 ns, Reaching safepoint: 332600 ns, At safepoint: 127800 ns, Total: 460400 ns
[2020-05-01T11:22:49.634+0000][1][safepoint    ] Safepoint "RevokeBias", Time since last: 4262500 ns, Reaching safepoint: 411500 ns, At safepoint: 152600 ns, Total: 564100 ns
[2020-05-01T11:22:49.635+0000][1][safepoint    ] Safepoint "RevokeBias", Time since last: 994900 ns, Reaching safepoint: 281800 ns, At safepoint: 113100 ns, Total: 394900 ns
[2020-05-01T11:22:49.640+0000][1][safepoint    ] Safepoint "RevokeBias", Time since last: 4194200 ns, Reaching safepoint: 131700 ns, At safepoint: 106400 ns, Total: 238100 ns
[2020-05-01T11:22:49.642+0000][1][safepoint    ] Safepoint "RevokeBias", Time since last: 2325500 ns, Reaching safepoint: 147700 ns, At safepoint: 52600 ns, Total: 200300 ns
[2020-05-01T11:22:49.654+0000][1][safepoint    ] Safepoint "RevokeBias", Time since last: 11276500 ns, Reaching safepoint: 258400 ns, At safepoint: 64000 ns, Total: 322400 ns
[2020-05-01T11:22:49.658+0000][1][safepoint    ] Safepoint "RevokeBias", Time since last: 3878400 ns, Reaching safepoint: 101000 ns, At safepoint: 66700 ns, Total: 167700 ns
[2020-05-01T11:22:49.661+0000][1][safepoint    ] Safepoint "RevokeBias", Time since last: 2613500 ns, Reaching safepoint: 280000 ns, At safepoint: 130900 ns, Total: 410900 ns
[2020-05-01T11:22:49.665+0000][1][safepoint    ] Safepoint "RevokeBias", Time since last: 3697500 ns, Reaching safepoint: 407300 ns, At safepoint: 106900 ns, Total: 514200 ns
[2020-05-01T11:22:49.665+0000][1][safepoint    ] Safepoint "RevokeBias", Time since last: 164400 ns, Reaching safepoint: 76500 ns, At safepoint: 91300 ns, Total: 167800 ns
[2020-05-01T11:22:49.670+0000][1][safepoint    ] Safepoint "RevokeBias", Time since last: 4166400 ns, Reaching safepoint: 103400 ns, At safepoint: 53900 ns, Total: 157300 ns
[2020-05-01T11:22:49.679+0000][1][safepoint    ] Safepoint "RevokeBias", Time since last: 8357500 ns, Reaching safepoint: 291900 ns, At safepoint: 126900 ns, Total: 418800 ns
[2020-05-01T11:22:49.680+0000][1][safepoint    ] Safepoint "RevokeBias", Time since last: 731400 ns, Reaching safepoint: 189100 ns, At safepoint: 94200 ns, Total: 283300 ns
[2020-05-01T11:22:49.681+0000][1][safepoint    ] Safepoint "RevokeBias", Time since last: 1288600 ns, Reaching safepoint: 213300 ns, At safepoint: 152100 ns, Total: 365400 ns
[2020-05-01T11:22:49.688+0000][1][safepoint    ] Safepoint "RevokeBias", Time since last: 6208700 ns, Reaching safepoint: 282700 ns, At safepoint: 188600 ns, Total: 471300 ns
[2020-05-01T11:22:49.689+0000][1][safepoint    ] Safepoint "RevokeBias", Time since last: 919900 ns, Reaching safepoint: 163800 ns, At safepoint: 96500 ns, Total: 260300 ns
[2020-05-01T11:22:49.690+0000][1][safepoint    ] Safepoint "RevokeBias", Time since last: 889800 ns, Reaching safepoint: 295200 ns, At safepoint: 109500 ns, Total: 404700 ns
[2020-05-01T11:22:49.704+0000][1][safepoint    ] Safepoint "RevokeBias", Time since last: 13823600 ns, Reaching safepoint: 120300 ns, At safepoint: 72700 ns, Total: 193000 ns
[2020-05-01T11:22:49.706+0000][1][safepoint    ] Safepoint "RevokeBias", Time since last: 1685600 ns, Reaching safepoint: 234500 ns, At safepoint: 89000 ns, Total: 323500 ns
[2020-05-01T11:22:49.711+0000][1][safepoint    ] Safepoint "RevokeBias", Time since last: 4055600 ns, Reaching safepoint: 363600 ns, At safepoint: 154400 ns, Total: 518000 ns
[2020-05-01T11:22:49.719+0000][1][safepoint    ] Safepoint "RevokeBias", Time since last: 7682100 ns, Reaching safepoint: 107100 ns, At safepoint: 108100 ns, Total: 215200 ns
[2020-05-01T11:22:49.721+0000][1][safepoint    ] Safepoint "RevokeBias", Time since last: 1483100 ns, Reaching safepoint: 101800 ns, At safepoint: 116400 ns, Total: 218200 ns
[2020-05-01T11:22:49.736+0000][1][safepoint    ] Safepoint "RevokeBias", Time since last: 15016700 ns, Reaching safepoint: 258000 ns, At safepoint: 215800 ns, Total: 473800 ns
[2020-05-01T11:22:49.740+0000][1][safepoint    ] Safepoint "RevokeBias", Time since last: 3588000 ns, Reaching safepoint: 232400 ns, At safepoint: 90400 ns, Total: 322800 ns
[2020-05-01T11:22:49.741+0000][1][safepoint    ] Safepoint "RevokeBias", Time since last: 324100 ns, Reaching safepoint: 129000 ns, At safepoint: 71100 ns, Total: 200100 ns
[2020-05-01T11:22:49.743+0000][1][safepoint    ] Safepoint "RevokeBias", Time since last: 1979500 ns, Reaching safepoint: 264500 ns, At safepoint: 148400 ns, Total: 412900 ns
[2020-05-01T11:22:49.744+0000][1][safepoint    ] Safepoint "RevokeBias", Time since last: 323200 ns, Reaching safepoint: 302300 ns, At safepoint: 121800 ns, Total: 424100 ns
[2020-05-01T11:22:49.762+0000][1][safepoint    ] Safepoint "RevokeBias", Time since last: 17564200 ns, Reaching safepoint: 343300 ns, At safepoint: 276700 ns, Total: 620000 ns
[2020-05-01T11:22:49.763+0000][1][safepoint    ] Safepoint "RevokeBias", Time since last: 774600 ns, Reaching safepoint: 443600 ns, At safepoint: 276000 ns, Total: 719600 ns
[2020-05-01T11:22:49.765+0000][1][safepoint    ] Safepoint "RevokeBias", Time since last: 1130800 ns, Reaching safepoint: 333500 ns, At safepoint: 198600 ns, Total: 532100 ns
[2020-05-01T11:22:49.766+0000][1][safepoint    ] Safepoint "RevokeBias", Time since last: 602800 ns, Reaching safepoint: 275300 ns, At safepoint: 123300 ns, Total: 398600 ns
[2020-05-01T11:22:49.770+0000][1][safepoint    ] Safepoint "Deoptimize", Time since last: 3043700 ns, Reaching safepoint: 163500 ns, At safepoint: 828100 ns, Total: 991600 ns
[2020-05-01T11:22:49.784+0000][1][safepoint    ] Safepoint "RevokeBias", Time since last: 13299100 ns, Reaching safepoint: 158900 ns, At safepoint: 126000 ns, Total: 284900 ns
[2020-05-01T11:22:49.784+0000][1][safepoint    ] Safepoint "RevokeBias", Time since last: 468900 ns, Reaching safepoint: 126600 ns, At safepoint: 112100 ns, Total: 238700 ns
[2020-05-01T11:22:49.790+0000][1][safepoint    ] Safepoint "RevokeBias", Time since last: 5757300 ns, Reaching safepoint: 170200 ns, At safepoint: 73300 ns, Total: 243500 ns
[2020-05-01T11:22:49.792+0000][1][safepoint    ] Safepoint "RevokeBias", Time since last: 845100 ns, Reaching safepoint: 325200 ns, At safepoint: 156800 ns, Total: 482000 ns
[2020-05-01T11:22:49.801+0000][1][safepoint    ] Safepoint "RevokeBias", Time since last: 8560000 ns, Reaching safepoint: 578400 ns, At safepoint: 251100 ns, Total: 829500 ns
[2020-05-01T11:22:49.807+0000][1][safepoint    ] Safepoint "RevokeBias", Time since last: 4648100 ns, Reaching safepoint: 724000 ns, At safepoint: 251400 ns, Total: 975400 ns
[2020-05-01T11:22:49.816+0000][1][safepoint    ] Safepoint "RevokeBias", Time since last: 9250400 ns, Reaching safepoint: 104500 ns, At safepoint: 54900 ns, Total: 159400 ns
[2020-05-01T11:22:49.818+0000][1][safepoint    ] Safepoint "RevokeBias", Time since last: 1822000 ns, Reaching safepoint: 156900 ns, At safepoint: 149900 ns, Total: 306800 ns
[2020-05-01T11:22:49.819+0000][1][safepoint    ] Safepoint "RevokeBias", Time since last: 517700 ns, Reaching safepoint: 326300 ns, At safepoint: 160800 ns, Total: 487100 ns
[2020-05-01T11:22:49.820+0000][1][safepoint    ] Safepoint "RevokeBias", Time since last: 187000 ns, Reaching safepoint: 88100 ns, At safepoint: 148200 ns, Total: 236300 ns
[2020-05-01T11:22:49.820+0000][1][safepoint    ] Safepoint "RevokeBias", Time since last: 168300 ns, Reaching safepoint: 111400 ns, At safepoint: 153300 ns, Total: 264700 ns
[2020-05-01T11:22:49.821+0000][1][safepoint    ] Safepoint "RevokeBias", Time since last: 297000 ns, Reaching safepoint: 91100 ns, At safepoint: 151400 ns, Total: 242500 ns
[2020-05-01T11:22:49.823+0000][1][safepoint    ] Safepoint "RevokeBias", Time since last: 1987800 ns, Reaching safepoint: 308500 ns, At safepoint: 234000 ns, Total: 542500 ns
[2020-05-01T11:22:49.824+0000][1][safepoint    ] Safepoint "RevokeBias", Time since last: 182800 ns, Reaching safepoint: 164300 ns, At safepoint: 168900 ns, Total: 333200 ns
[2020-05-01T11:22:49.824+0000][1][safepoint    ] Safepoint "RevokeBias", Time since last: 240000 ns, Reaching safepoint: 214200 ns, At safepoint: 135500 ns, Total: 349700 ns
[2020-05-01T11:22:49.835+0000][1][safepoint    ] Safepoint "RevokeBias", Time since last: 10623300 ns, Reaching safepoint: 303700 ns, At safepoint: 146900 ns, Total: 450600 ns
[2020-05-01T11:22:49.849+0000][1][safepoint    ] Safepoint "RevokeBias", Time since last: 13435600 ns, Reaching safepoint: 182900 ns, At safepoint: 134200 ns, Total: 317100 ns
[2020-05-01T11:22:49.855+0000][1][safepoint    ] Safepoint "RevokeBias", Time since last: 5733300 ns, Reaching safepoint: 320000 ns, At safepoint: 322800 ns, Total: 642800 ns
[2020-05-01T11:22:49.856+0000][1][safepoint    ] Safepoint "RevokeBias", Time since last: 270100 ns, Reaching safepoint: 324800 ns, At safepoint: 161200 ns, Total: 486000 ns
[2020-05-01T11:22:49.864+0000][1][safepoint    ] Safepoint "RevokeBias", Time since last: 6763500 ns, Reaching safepoint: 401100 ns, At safepoint: 217600 ns, Total: 618700 ns
[2020-05-01T11:22:49.870+0000][1][safepoint    ] Safepoint "RevokeBias", Time since last: 5531800 ns, Reaching safepoint: 730800 ns, At safepoint: 396600 ns, Total: 1127400 ns
[2020-05-01T11:22:49.875+0000][1][safepoint    ] Safepoint "RevokeBias", Time since last: 4432300 ns, Reaching safepoint: 427600 ns, At safepoint: 261500 ns, Total: 689100 ns
[2020-05-01T11:22:49.902+0000][1][safepoint    ] Safepoint "RevokeBias", Time since last: 26663000 ns, Reaching safepoint: 204700 ns, At safepoint: 117100 ns, Total: 321800 ns
[2020-05-01T11:22:49.911+0000][1][safepoint    ] Safepoint "RevokeBias", Time since last: 8038300 ns, Reaching safepoint: 147800 ns, At safepoint: 108600 ns, Total: 256400 ns
[2020-05-01T11:22:49.911+0000][1][safepoint    ] Safepoint "RevokeBias", Time since last: 207400 ns, Reaching safepoint: 287200 ns, At safepoint: 157500 ns, Total: 444700 ns
[2020-05-01T11:22:49.925+0000][1][safepoint    ] Safepoint "RevokeBias", Time since last: 12144500 ns, Reaching safepoint: 1655000 ns, At safepoint: 166600 ns, Total: 1821600 ns
[2020-05-01T11:22:49.946+0000][1][safepoint    ] Safepoint "RevokeBias", Time since last: 20091300 ns, Reaching safepoint: 228300 ns, At safepoint: 152600 ns, Total: 380900 ns
[2020-05-01T11:22:49.987+0000][1][safepoint    ] Safepoint "RevokeBias", Time since last: 40272400 ns, Reaching safepoint: 514000 ns, At safepoint: 131500 ns, Total: 645500 ns
[2020-05-01T11:22:49.999+0000][1][safepoint    ] Safepoint "RevokeBias", Time since last: 10971500 ns, Reaching safepoint: 671200 ns, At safepoint: 319600 ns, Total: 990800 ns
[2020-05-01T11:22:50.004+0000][1][safepoint    ] Safepoint "RevokeBias", Time since last: 4883700 ns, Reaching safepoint: 377200 ns, At safepoint: 317600 ns, Total: 694800 ns
[2020-05-01T11:22:50.008+0000][1][safepoint    ] Safepoint "RevokeBias", Time since last: 3511200 ns, Reaching safepoint: 278400 ns, At safepoint: 300200 ns, Total: 578600 ns
[2020-05-01T11:22:50.011+0000][1][safepoint    ] Safepoint "RevokeBias", Time since last: 1875800 ns, Reaching safepoint: 887500 ns, At safepoint: 295500 ns, Total: 1183000 ns
[2020-05-01T11:22:50.017+0000][1][safepoint    ] Safepoint "RevokeBias", Time since last: 4578900 ns, Reaching safepoint: 607300 ns, At safepoint: 294600 ns, Total: 901900 ns
[2020-05-01T11:22:50.018+0000][1][safepoint    ] Safepoint "RevokeBias", Time since last: 706600 ns, Reaching safepoint: 347900 ns, At safepoint: 168500 ns, Total: 516400 ns
[2020-05-01T11:22:50.065+0000][1][safepoint    ] Safepoint "RevokeBias", Time since last: 46142100 ns, Reaching safepoint: 606500 ns, At safepoint: 208200 ns, Total: 814700 ns
[2020-05-01T11:22:50.076+0000][1][safepoint    ] Safepoint "Deoptimize", Time since last: 9855400 ns, Reaching safepoint: 389100 ns, At safepoint: 1026000 ns, Total: 1415100 ns
[2020-05-01T11:22:50.093+0000][1][safepoint    ] Safepoint "RevokeBias", Time since last: 15167200 ns, Reaching safepoint: 795800 ns, At safepoint: 280200 ns, Total: 1076000 ns
[2020-05-01T11:22:50.099+0000][1][safepoint    ] Safepoint "RevokeBias", Time since last: 4526900 ns, Reaching safepoint: 1383800 ns, At safepoint: 222800 ns, Total: 1606600 ns
[2020-05-01T11:22:50.102+0000][1][safepoint    ] Safepoint "RevokeBias", Time since last: 3020800 ns, Reaching safepoint: 209400 ns, At safepoint: 205400 ns, Total: 414800 ns
[2020-05-01T11:22:50.103+0000][1][safepoint    ] Safepoint "RevokeBias", Time since last: 419300 ns, Reaching safepoint: 384900 ns, At safepoint: 188000 ns, Total: 572900 ns
[2020-05-01T11:22:50.104+0000][1][safepoint    ] Safepoint "RevokeBias", Time since last: 418300 ns, Reaching safepoint: 333600 ns, At safepoint: 252200 ns, Total: 585800 ns
[2020-05-01T11:22:50.105+0000][1][safepoint    ] Safepoint "RevokeBias", Time since last: 254400 ns, Reaching safepoint: 633800 ns, At safepoint: 243800 ns, Total: 877600 ns
[2020-05-01T11:22:50.109+0000][1][safepoint    ] Safepoint "RevokeBias", Time since last: 1937600 ns, Reaching safepoint: 1134800 ns, At safepoint: 281200 ns, Total: 1416000 ns
[2020-05-01T11:22:50.115+0000][1][safepoint    ] Safepoint "RevokeBias", Time since last: 397400 ns, Reaching safepoint: 5275900 ns, At safepoint: 809300 ns, Total: 6085200 ns
[2020-05-01T11:22:50.120+0000][1][safepoint    ] Safepoint "RevokeBias", Time since last: 3624500 ns, Reaching safepoint: 515000 ns, At safepoint: 511000 ns, Total: 1026000 ns
[2020-05-01T11:22:50.122+0000][1][safepoint    ] Safepoint "RevokeBias", Time since last: 957000 ns, Reaching safepoint: 858800 ns, At safepoint: 481100 ns, Total: 1339900 ns
[2020-05-01T11:22:50.123+0000][1][safepoint    ] Safepoint "RevokeBias", Time since last: 202800 ns, Reaching safepoint: 305700 ns, At safepoint: 268100 ns, Total: 573800 ns
[2020-05-01T11:22:50.136+0000][1][safepoint    ] Safepoint "RevokeBias", Time since last: 11571300 ns, Reaching safepoint: 1176800 ns, At safepoint: 238400 ns, Total: 1415200 ns
[2020-05-01T11:22:50.143+0000][1][safepoint    ] Safepoint "RevokeBias", Time since last: 5984400 ns, Reaching safepoint: 1062500 ns, At safepoint: 268000 ns, Total: 1330500 ns
[2020-05-01T11:22:50.147+0000][1][safepoint    ] Safepoint "RevokeBias", Time since last: 2963900 ns, Reaching safepoint: 386600 ns, At safepoint: 244300 ns, Total: 630900 ns
[2020-05-01T11:22:50.152+0000][1][safepoint    ] Safepoint "RevokeBias", Time since last: 4324100 ns, Reaching safepoint: 666500 ns, At safepoint: 337100 ns, Total: 1003600 ns
[2020-05-01T11:22:50.156+0000][1][safepoint    ] Safepoint "RevokeBias", Time since last: 3467900 ns, Reaching safepoint: 606000 ns, At safepoint: 305900 ns, Total: 911900 ns
[2020-05-01T11:22:50.161+0000][1][safepoint    ] Safepoint "RevokeBias", Time since last: 1002100 ns, Reaching safepoint: 3098700 ns, At safepoint: 485600 ns, Total: 3584300 ns
[2020-05-01T11:22:50.164+0000][1][safepoint    ] Safepoint "RevokeBias", Time since last: 2216200 ns, Reaching safepoint: 327900 ns, At safepoint: 157800 ns, Total: 485700 ns
[2020-05-01T11:22:50.164+0000][1][safepoint    ] Safepoint "RevokeBias", Time since last: 144600 ns, Reaching safepoint: 321100 ns, At safepoint: 209900 ns, Total: 531000 ns
[2020-05-01T11:22:50.165+0000][1][safepoint    ] Safepoint "RevokeBias", Time since last: 81600 ns, Reaching safepoint: 266400 ns, At safepoint: 213700 ns, Total: 480100 ns
[2020-05-01T11:22:50.178+0000][1][safepoint    ] Safepoint "RevokeBias", Time since last: 12463300 ns, Reaching safepoint: 212600 ns, At safepoint: 252700 ns, Total: 465300 ns
[2020-05-01T11:22:50.179+0000][1][safepoint    ] Safepoint "RevokeBias", Time since last: 98100 ns, Reaching safepoint: 418100 ns, At safepoint: 446100 ns, Total: 864200 ns
[2020-05-01T11:22:50.181+0000][1][safepoint    ] Safepoint "RevokeBias", Time since last: 1723400 ns, Reaching safepoint: 467500 ns, At safepoint: 202900 ns, Total: 670400 ns
[2020-05-01T11:22:50.182+0000][1][safepoint    ] Safepoint "RevokeBias", Time since last: 345900 ns, Reaching safepoint: 516600 ns, At safepoint: 229700 ns, Total: 746300 ns
[2020-05-01T11:22:50.183+0000][1][safepoint    ] Safepoint "RevokeBias", Time since last: 309900 ns, Reaching safepoint: 505500 ns, At safepoint: 264100 ns, Total: 769600 ns
[2020-05-01T11:22:50.186+0000][1][safepoint    ] Safepoint "RevokeBias", Time since last: 2019500 ns, Reaching safepoint: 356300 ns, At safepoint: 258600 ns, Total: 614900 ns
[2020-05-01T11:22:50.194+0000][1][safepoint    ] Safepoint "RevokeBias", Time since last: 7351000 ns, Reaching safepoint: 164200 ns, At safepoint: 81400 ns, Total: 245600 ns
[2020-05-01T11:22:50.194+0000][1][safepoint    ] Safepoint "RevokeBias", Time since last: 189700 ns, Reaching safepoint: 315500 ns, At safepoint: 202900 ns, Total: 518400 ns
[2020-05-01T11:22:50.196+0000][1][safepoint    ] Safepoint "RevokeBias", Time since last: 989400 ns, Reaching safepoint: 402300 ns, At safepoint: 181500 ns, Total: 583800 ns
[2020-05-01T11:22:50.198+0000][1][safepoint    ] Safepoint "RevokeBias", Time since last: 1175600 ns, Reaching safepoint: 662400 ns, At safepoint: 523400 ns, Total: 1185800 ns
[2020-05-01T11:22:50.206+0000][1][safepoint    ] Safepoint "RevokeBias", Time since last: 7120500 ns, Reaching safepoint: 268300 ns, At safepoint: 232700 ns, Total: 501000 ns
[2020-05-01T11:22:50.207+0000][1][safepoint    ] Safepoint "RevokeBias", Time since last: 322900 ns, Reaching safepoint: 459400 ns, At safepoint: 167800 ns, Total: 627200 ns
[2020-05-01T11:22:50.243+0000][1][safepoint    ] Safepoint "RevokeBias", Time since last: 34813800 ns, Reaching safepoint: 582000 ns, At safepoint: 566600 ns, Total: 1148600 ns
[2020-05-01T11:22:51.188+0000][1][safepoint    ] Safepoint "RevokeBias", Time since last: 944557300 ns, Reaching safepoint: 138600 ns, At safepoint: 50400 ns, Total: 189000 ns
[2020-05-01T11:22:51.188+0000][1][gc,start     ] GC(18) Pause Young (Allocation Failure)
[2020-05-01T11:22:51.189+0000][1][gc,task      ] GC(18) Using 10 workers of 10 for evacuation
[2020-05-01T11:22:51.207+0000][1][gc,age       ] GC(18) Desired survivor size 8945664 bytes, new threshold 6 (max threshold 6)
[2020-05-01T11:22:51.207+0000][1][gc,age       ] GC(18) Age table with threshold 6 (max threshold 6)
[2020-05-01T11:22:51.207+0000][1][gc,age       ] GC(18) - age   1:    4928648 bytes,    4928648 total
[2020-05-01T11:22:51.207+0000][1][gc,heap      ] GC(18) ParNew: 156737K->12074K(157248K)
[2020-05-01T11:22:51.207+0000][1][gc,heap      ] GC(18) CMS: 59956K->76391K(349568K)
[2020-05-01T11:22:51.207+0000][1][gc,metaspace ] GC(18) Metaspace: 90709K->90709K(1132544K)
[2020-05-01T11:22:51.207+0000][1][gc           ] GC(18) Pause Young (Allocation Failure) 211M->86M(494M) 18.607ms
[2020-05-01T11:22:51.207+0000][1][gc,cpu       ] GC(18) User=0.15s Sys=0.00s Real=0.02s
[2020-05-01T11:22:51.207+0000][1][safepoint    ] Safepoint "GenCollectForAllocation", Time since last: 872600 ns, Reaching safepoint: 103700 ns, At safepoint: 18723900 ns, Total: 18827600 ns
[2020-05-01T11:22:51.211+0000][1][safepoint    ] Safepoint "RevokeBias", Time since last: 3725300 ns, Reaching safepoint: 368100 ns, At safepoint: 193100 ns, Total: 561200 ns
[2020-05-01T11:22:51.213+0000][1][safepoint    ] Safepoint "RevokeBias", Time since last: 806200 ns, Reaching safepoint: 408300 ns, At safepoint: 198700 ns, Total: 607000 ns
[2020-05-01T11:22:51.214+0000][1][safepoint    ] Safepoint "RevokeBias", Time since last: 696600 ns, Reaching safepoint: 255600 ns, At safepoint: 189900 ns, Total: 445500 ns
[2020-05-01T11:22:51.215+0000][1][safepoint    ] Safepoint "RevokeBias", Time since last: 431900 ns, Reaching safepoint: 319800 ns, At safepoint: 77900 ns, Total: 397700 ns
[2020-05-01T11:22:51.221+0000][1][safepoint    ] Safepoint "RevokeBias", Time since last: 6322000 ns, Reaching safepoint: 107500 ns, At safepoint: 74300 ns, Total: 181800 ns
[2020-05-01T11:22:51.231+0000][1][safepoint    ] Safepoint "RevokeBias", Time since last: 9776600 ns, Reaching safepoint: 108400 ns, At safepoint: 85200 ns, Total: 193600 ns
[2020-05-01T11:22:51.891+0000][1][safepoint    ] Safepoint "RevokeBias", Time since last: 659527500 ns, Reaching safepoint: 234000 ns, At safepoint: 229200 ns, Total: 463200 ns
[2020-05-01T11:22:52.551+0000][1][safepoint    ] Safepoint "RevokeBias", Time since last: 659609300 ns, Reaching safepoint: 142800 ns, At safepoint: 94600 ns, Total: 237400 ns
[2020-05-01T11:22:52.552+0000][1][safepoint    ] Safepoint "RevokeBias", Time since last: 141100 ns, Reaching safepoint: 74200 ns, At safepoint: 112800 ns, Total: 187000 ns
[2020-05-01T11:22:52.552+0000][1][safepoint    ] Safepoint "RevokeBias", Time since last: 121400 ns, Reaching safepoint: 70000 ns, At safepoint: 44900 ns, Total: 114900 ns
[2020-05-01T11:22:52.559+0000][1][safepoint    ] Safepoint "RevokeBias", Time since last: 6993000 ns, Reaching safepoint: 395400 ns, At safepoint: 168900 ns, Total: 564300 ns
[2020-05-01T11:22:53.560+0000][1][safepoint    ] Safepoint "Cleanup", Time since last: 1000287500 ns, Reaching safepoint: 131400 ns, At safepoint: 73300 ns, Total: 204700 ns
[2020-05-01T11:22:53.936+0000][1][safepoint    ] Safepoint "RevokeBias", Time since last: 375621500 ns, Reaching safepoint: 183100 ns, At safepoint: 164600 ns, Total: 347700 ns
[2020-05-01T11:22:53.936+0000][1][safepoint    ] Safepoint "RevokeBias", Time since last: 65600 ns, Reaching safepoint: 55700 ns, At safepoint: 58700 ns, Total: 114400 ns
[2020-05-01T11:22:53.937+0000][1][safepoint    ] Safepoint "RevokeBias", Time since last: 1123500 ns, Reaching safepoint: 196300 ns, At safepoint: 114500 ns, Total: 310800 ns
[2020-05-01T11:22:53.938+0000][1][safepoint    ] Safepoint "RevokeBias", Time since last: 240300 ns, Reaching safepoint: 230600 ns, At safepoint: 134300 ns, Total: 364900 ns
[2020-05-01T11:22:54.057+0000][1][safepoint    ] Safepoint "RevokeBias", Time since last: 118267800 ns, Reaching safepoint: 289400 ns, At safepoint: 174900 ns, Total: 464300 ns
[2020-05-01T11:22:54.057+0000][1][safepoint    ] Safepoint "RevokeBias", Time since last: 93000 ns, Reaching safepoint: 103400 ns, At safepoint: 64300 ns, Total: 167700 ns
[2020-05-01T11:22:54.057+0000][1][safepoint    ] Safepoint "RevokeBias", Time since last: 67000 ns, Reaching safepoint: 55100 ns, At safepoint: 101700 ns, Total: 156800 ns
[2020-05-01T11:22:54.076+0000][1][safepoint    ] Safepoint "RevokeBias", Time since last: 18088400 ns, Reaching safepoint: 261900 ns, At safepoint: 140200 ns, Total: 402100 ns
[2020-05-01T11:22:54.076+0000][1][safepoint    ] Safepoint "RevokeBias", Time since last: 70300 ns, Reaching safepoint: 177500 ns, At safepoint: 189700 ns, Total: 367200 ns
[2020-05-01T11:22:54.395+0000][1][safepoint    ] Safepoint "BulkRevokeBias", Time since last: 318170000 ns, Reaching safepoint: 223200 ns, At safepoint: 587900 ns, Total: 811100 ns
[2020-05-01T11:22:55.321+0000][1][safepoint    ] Safepoint "RevokeBias", Time since last: 925414800 ns, Reaching safepoint: 290400 ns, At safepoint: 202400 ns, Total: 492800 ns
[2020-05-01T11:22:55.323+0000][1][safepoint    ] Safepoint "RevokeBias", Time since last: 1610000 ns, Reaching safepoint: 149600 ns, At safepoint: 146400 ns, Total: 296000 ns
[2020-05-01T11:22:55.328+0000][1][safepoint    ] Safepoint "RevokeBias", Time since last: 4482700 ns, Reaching safepoint: 397500 ns, At safepoint: 178300 ns, Total: 575800 ns
[2020-05-01T11:22:55.329+0000][1][safepoint    ] Safepoint "RevokeBias", Time since last: 265200 ns, Reaching safepoint: 192200 ns, At safepoint: 111500 ns, Total: 303700 ns
[2020-05-01T11:22:55.335+0000][1][safepoint    ] Safepoint "RevokeBias", Time since last: 6126900 ns, Reaching safepoint: 225900 ns, At safepoint: 109200 ns, Total: 335100 ns
[2020-05-01T11:22:55.348+0000][1][safepoint    ] Safepoint "BulkRevokeBias", Time since last: 12011100 ns, Reaching safepoint: 127800 ns, At safepoint: 505100 ns, Total: 632900 ns
[2020-05-01T11:22:55.348+0000][1][safepoint    ] Safepoint "RevokeBias", Time since last: 320300 ns, Reaching safepoint: 69300 ns, At safepoint: 45900 ns, Total: 115200 ns
[2020-05-01T11:22:55.367+0000][1][safepoint    ] Safepoint "RevokeBias", Time since last: 18693200 ns, Reaching safepoint: 113800 ns, At safepoint: 53100 ns, Total: 166900 ns
[2020-05-01T11:22:55.371+0000][1][safepoint    ] Safepoint "RevokeBias", Time since last: 3532300 ns, Reaching safepoint: 107300 ns, At safepoint: 74400 ns, Total: 181700 ns
[2020-05-01T11:22:55.385+0000][1][safepoint    ] Safepoint "RevokeBias", Time since last: 13936700 ns, Reaching safepoint: 123200 ns, At safepoint: 78000 ns, Total: 201200 ns
[2020-05-01T11:22:55.385+0000][1][safepoint    ] Safepoint "RevokeBias", Time since last: 283000 ns, Reaching safepoint: 169300 ns, At safepoint: 90600 ns, Total: 259900 ns
[2020-05-01T11:22:55.386+0000][1][safepoint    ] Safepoint "RevokeBias", Time since last: 435500 ns, Reaching safepoint: 66100 ns, At safepoint: 67700 ns, Total: 133800 ns
[2020-05-01T11:22:55.386+0000][1][safepoint    ] Safepoint "RevokeBias", Time since last: 429900 ns, Reaching safepoint: 64400 ns, At safepoint: 66800 ns, Total: 131200 ns
[2020-05-01T11:22:55.388+0000][1][safepoint    ] Safepoint "RevokeBias", Time since last: 930600 ns, Reaching safepoint: 67800 ns, At safepoint: 43900 ns, Total: 111700 ns
[2020-05-01T11:22:55.388+0000][1][safepoint    ] Safepoint "RevokeBias", Time since last: 250500 ns, Reaching safepoint: 63500 ns, At safepoint: 43400 ns, Total: 106900 ns
[2020-05-01T11:22:55.389+0000][1][safepoint    ] Safepoint "RevokeBias", Time since last: 562800 ns, Reaching safepoint: 64800 ns, At safepoint: 43800 ns, Total: 108600 ns
[2020-05-01T11:22:55.389+0000][1][safepoint    ] Safepoint "RevokeBias", Time since last: 436700 ns, Reaching safepoint: 82500 ns, At safepoint: 47200 ns, Total: 129700 ns
[2020-05-01T11:22:55.958+0000][1][safepoint    ] Safepoint "RevokeBias", Time since last: 568357400 ns, Reaching safepoint: 221800 ns, At safepoint: 152400 ns, Total: 374200 ns
[2020-05-01T11:22:55.959+0000][1][safepoint    ] Safepoint "RevokeBias", Time since last: 397300 ns, Reaching safepoint: 320600 ns, At safepoint: 183500 ns, Total: 504100 ns
[2020-05-01T11:22:55.960+0000][1][safepoint    ] Safepoint "RevokeBias", Time since last: 1158200 ns, Reaching safepoint: 148300 ns, At safepoint: 141400 ns, Total: 289700 ns
[2020-05-01T11:22:55.964+0000][1][safepoint    ] Safepoint "RevokeBias", Time since last: 3063400 ns, Reaching safepoint: 146800 ns, At safepoint: 98800 ns, Total: 245600 ns
[2020-05-01T11:22:55.964+0000][1][safepoint    ] Safepoint "RevokeBias", Time since last: 583400 ns, Reaching safepoint: 137700 ns, At safepoint: 93700 ns, Total: 231400 ns
[2020-05-01T11:22:55.965+0000][1][safepoint    ] Safepoint "RevokeBias", Time since last: 519900 ns, Reaching safepoint: 290100 ns, At safepoint: 220000 ns, Total: 510100 ns
[2020-05-01T11:22:55.966+0000][1][safepoint    ] Safepoint "RevokeBias", Time since last: 378100 ns, Reaching safepoint: 133100 ns, At safepoint: 101800 ns, Total: 234900 ns
[2020-05-01T11:22:55.969+0000][1][safepoint    ] Safepoint "RevokeBias", Time since last: 3148200 ns, Reaching safepoint: 86900 ns, At safepoint: 44900 ns, Total: 131800 ns
[2020-05-01T11:22:55.970+0000][1][safepoint    ] Safepoint "RevokeBias", Time since last: 342600 ns, Reaching safepoint: 164100 ns, At safepoint: 64700 ns, Total: 228800 ns
[2020-05-01T11:22:55.971+0000][1][safepoint    ] Safepoint "RevokeBias", Time since last: 1307800 ns, Reaching safepoint: 63900 ns, At safepoint: 65900 ns, Total: 129800 ns
[2020-05-01T11:22:55.972+0000][1][safepoint    ] Safepoint "RevokeBias", Time since last: 492600 ns, Reaching safepoint: 62000 ns, At safepoint: 42800 ns, Total: 104800 ns
[2020-05-01T11:22:55.973+0000][1][safepoint    ] Safepoint "RevokeBias", Time since last: 1362300 ns, Reaching safepoint: 84100 ns, At safepoint: 46300 ns, Total: 130400 ns
[2020-05-01T11:22:55.977+0000][1][safepoint    ] Safepoint "RevokeBias", Time since last: 3284700 ns, Reaching safepoint: 115200 ns, At safepoint: 74500 ns, Total: 189700 ns
[2020-05-01T11:22:55.978+0000][1][safepoint    ] Safepoint "RevokeBias", Time since last: 1012300 ns, Reaching safepoint: 105300 ns, At safepoint: 97500 ns, Total: 202800 ns
[2020-05-01T11:22:55.980+0000][1][safepoint    ] Safepoint "RevokeBias", Time since last: 1837500 ns, Reaching safepoint: 101300 ns, At safepoint: 48900 ns, Total: 150200 ns
[2020-05-01T11:22:55.981+0000][1][safepoint    ] Safepoint "RevokeBias", Time since last: 778500 ns, Reaching safepoint: 191400 ns, At safepoint: 81900 ns, Total: 273300 ns
[2020-05-01T11:22:55.985+0000][1][safepoint    ] Safepoint "BulkRevokeBias", Time since last: 3060400 ns, Reaching safepoint: 128000 ns, At safepoint: 580400 ns, Total: 708400 ns
[2020-05-01T11:22:55.986+0000][1][safepoint    ] Safepoint "RevokeBias", Time since last: 274100 ns, Reaching safepoint: 205000 ns, At safepoint: 193200 ns, Total: 398200 ns
[2020-05-01T11:22:56.002+0000][1][safepoint    ] Safepoint "RevokeBias", Time since last: 16214800 ns, Reaching safepoint: 226500 ns, At safepoint: 96100 ns, Total: 322600 ns
[2020-05-01T11:22:56.002+0000][1][safepoint    ] Safepoint "RevokeBias", Time since last: 164600 ns, Reaching safepoint: 71400 ns, At safepoint: 72500 ns, Total: 143900 ns
[2020-05-01T11:22:56.022+0000][1][safepoint    ] Safepoint "RevokeBias", Time since last: 19190900 ns, Reaching safepoint: 185500 ns, At safepoint: 85500 ns, Total: 271000 ns
[2020-05-01T11:22:56.024+0000][1][safepoint    ] Safepoint "RevokeBias", Time since last: 1337800 ns, Reaching safepoint: 229000 ns, At safepoint: 166900 ns, Total: 395900 ns
[2020-05-01T11:22:56.024+0000][1][safepoint    ] Safepoint "RevokeBias", Time since last: 438600 ns, Reaching safepoint: 114500 ns, At safepoint: 67200 ns, Total: 181700 ns
[2020-05-01T11:22:56.030+0000][1][safepoint    ] Safepoint "RevokeBias", Time since last: 5649600 ns, Reaching safepoint: 145900 ns, At safepoint: 96800 ns, Total: 242700 ns
[2020-05-01T11:22:56.036+0000][1][safepoint    ] Safepoint "RevokeBias", Time since last: 5529400 ns, Reaching safepoint: 137500 ns, At safepoint: 108800 ns, Total: 246300 ns
[2020-05-01T11:22:56.040+0000][1][safepoint    ] Safepoint "RevokeBias", Time since last: 4194800 ns, Reaching safepoint: 111300 ns, At safepoint: 70100 ns, Total: 181400 ns
[2020-05-01T11:22:56.057+0000][1][safepoint    ] Safepoint "RevokeBias", Time since last: 16738500 ns, Reaching safepoint: 130600 ns, At safepoint: 78400 ns, Total: 209000 ns
[2020-05-01T11:22:56.077+0000][1][safepoint    ] Safepoint "RevokeBias", Time since last: 20083200 ns, Reaching safepoint: 136600 ns, At safepoint: 66000 ns, Total: 202600 ns
[2020-05-01T11:22:56.084+0000][1][safepoint    ] Safepoint "RevokeBias", Time since last: 6670000 ns, Reaching safepoint: 131500 ns, At safepoint: 47100 ns, Total: 178600 ns
[2020-05-01T11:22:56.085+0000][1][safepoint    ] Safepoint "RevokeBias", Time since last: 212400 ns, Reaching safepoint: 84100 ns, At safepoint: 39800 ns, Total: 123900 ns
[2020-05-01T11:22:57.085+0000][1][safepoint    ] Safepoint "Cleanup", Time since last: 1000277200 ns, Reaching safepoint: 216400 ns, At safepoint: 75600 ns, Total: 292000 ns
[2020-05-01T11:22:58.086+0000][1][safepoint    ] Safepoint "Cleanup", Time since last: 1000164900 ns, Reaching safepoint: 137500 ns, At safepoint: 50500 ns, Total: 188000 ns
[2020-05-01T11:22:59.086+0000][1][safepoint    ] Safepoint "Cleanup", Time since last: 1000223000 ns, Reaching safepoint: 182400 ns, At safepoint: 74300 ns, Total: 256700 ns
[2020-05-01T11:23:00.086+0000][1][safepoint    ] Safepoint "Cleanup", Time since last: 1000185100 ns, Reaching safepoint: 149400 ns, At safepoint: 70800 ns, Total: 220200 ns
[2020-05-01T11:23:01.088+0000][1][safepoint    ] Safepoint "Cleanup", Time since last: 1000501400 ns, Reaching safepoint: 480200 ns, At safepoint: 258100 ns, Total: 738300 ns
[2020-05-01T11:23:02.088+0000][1][safepoint    ] Safepoint "Cleanup", Time since last: 1000379900 ns, Reaching safepoint: 221800 ns, At safepoint: 61100 ns, Total: 282900 ns
[2020-05-01T11:23:03.089+0000][1][safepoint    ] Safepoint "Cleanup", Time since last: 1000288000 ns, Reaching safepoint: 308800 ns, At safepoint: 117500 ns, Total: 426300 ns
[2020-05-01T11:23:04.090+0000][1][safepoint    ] Safepoint "Cleanup", Time since last: 1000314500 ns, Reaching safepoint: 213900 ns, At safepoint: 142700 ns, Total: 356600 ns
[2020-05-01T11:23:05.091+0000][1][safepoint    ] Safepoint "Cleanup", Time since last: 1000466500 ns, Reaching safepoint: 551200 ns, At safepoint: 304700 ns, Total: 855900 ns
[2020-05-01T11:23:05.319+0000][1][safepoint    ] Safepoint "RevokeBias", Time since last: 228018900 ns, Reaching safepoint: 119000 ns, At safepoint: 48200 ns, Total: 167200 ns
[2020-05-01T11:23:06.320+0000][1][safepoint    ] Safepoint "Cleanup", Time since last: 1000364400 ns, Reaching safepoint: 145300 ns, At safepoint: 68700 ns, Total: 214000 ns
[2020-05-01T11:23:07.321+0000][1][safepoint    ] Safepoint "Cleanup", Time since last: 1000613200 ns, Reaching safepoint: 163600 ns, At safepoint: 59100 ns, Total: 222700 ns
[2020-05-01T11:23:08.321+0000][1][safepoint    ] Safepoint "Cleanup", Time since last: 1000231100 ns, Reaching safepoint: 298500 ns, At safepoint: 71500 ns, Total: 370000 ns
[2020-05-01T11:23:09.322+0000][1][safepoint    ] Safepoint "Cleanup", Time since last: 1000202500 ns, Reaching safepoint: 216300 ns, At safepoint: 81700 ns, Total: 298000 ns
[2020-05-01T11:23:10.322+0000][1][safepoint    ] Safepoint "Cleanup", Time since last: 1000214200 ns, Reaching safepoint: 143500 ns, At safepoint: 46500 ns, Total: 190000 ns
[2020-05-01T11:23:11.323+0000][1][safepoint    ] Safepoint "Cleanup", Time since last: 1000288000 ns, Reaching safepoint: 341800 ns, At safepoint: 128400 ns, Total: 470200 ns
[2020-05-01T11:23:12.325+0000][1][safepoint    ] Safepoint "Cleanup", Time since last: 1000443000 ns, Reaching safepoint: 884800 ns, At safepoint: 263000 ns, Total: 1147800 ns
[2020-05-01T11:23:13.326+0000][1][safepoint    ] Safepoint "Cleanup", Time since last: 1000612100 ns, Reaching safepoint: 319100 ns, At safepoint: 130400 ns, Total: 449500 ns
[2020-05-01T11:23:14.327+0000][1][safepoint    ] Safepoint "Cleanup", Time since last: 1000439500 ns, Reaching safepoint: 468000 ns, At safepoint: 177300 ns, Total: 645300 ns
[2020-05-01T11:23:15.319+0000][1][safepoint    ] Safepoint "RevokeBias", Time since last: 992133000 ns, Reaching safepoint: 126400 ns, At safepoint: 52400 ns, Total: 178800 ns
[2020-05-01T11:23:16.320+0000][1][safepoint    ] Safepoint "Cleanup", Time since last: 1000578900 ns, Reaching safepoint: 177800 ns, At safepoint: 81200 ns, Total: 259000 ns
[2020-05-01T11:23:17.321+0000][1][safepoint    ] Safepoint "Cleanup", Time since last: 1000209900 ns, Reaching safepoint: 478000 ns, At safepoint: 172900 ns, Total: 650900 ns
[2020-05-01T11:23:18.321+0000][1][safepoint    ] Safepoint "Cleanup", Time since last: 1000344200 ns, Reaching safepoint: 247900 ns, At safepoint: 96700 ns, Total: 344600 ns
[2020-05-01T11:23:19.322+0000][1][safepoint    ] Safepoint "Cleanup", Time since last: 1000520800 ns, Reaching safepoint: 221100 ns, At safepoint: 94400 ns, Total: 315500 ns
[2020-05-01T11:23:20.323+0000][1][safepoint    ] Safepoint "Cleanup", Time since last: 1000249000 ns, Reaching safepoint: 245800 ns, At safepoint: 83900 ns, Total: 329700 ns
[2020-05-01T11:23:21.324+0000][1][safepoint    ] Safepoint "Cleanup", Time since last: 1000438200 ns, Reaching safepoint: 388900 ns, At safepoint: 152600 ns, Total: 541500 ns
[2020-05-01T11:23:22.325+0000][1][safepoint    ] Safepoint "Cleanup", Time since last: 1000596100 ns, Reaching safepoint: 277600 ns, At safepoint: 128100 ns, Total: 405700 ns
[2020-05-01T11:23:22.514+0000][1][safepoint    ] Safepoint "RevokeBias", Time since last: 189154700 ns, Reaching safepoint: 123400 ns, At safepoint: 46600 ns, Total: 170000 ns
[2020-05-01T11:23:23.515+0000][1][safepoint    ] Safepoint "Cleanup", Time since last: 1000343100 ns, Reaching safepoint: 403000 ns, At safepoint: 146100 ns, Total: 549100 ns
[2020-05-01T11:23:24.516+0000][1][safepoint    ] Safepoint "Cleanup", Time since last: 1000403000 ns, Reaching safepoint: 177800 ns, At safepoint: 54700 ns, Total: 232500 ns
[2020-05-01T11:23:25.516+0000][1][safepoint    ] Safepoint "Cleanup", Time since last: 1000196400 ns, Reaching safepoint: 150800 ns, At safepoint: 55400 ns, Total: 206200 ns
[2020-05-01T11:23:26.517+0000][1][safepoint    ] Safepoint "Cleanup", Time since last: 1000336300 ns, Reaching safepoint: 159200 ns, At safepoint: 42000 ns, Total: 201200 ns
[2020-05-01T11:23:27.517+0000][1][safepoint    ] Safepoint "Cleanup", Time since last: 1000282900 ns, Reaching safepoint: 266200 ns, At safepoint: 135600 ns, Total: 401800 ns
[2020-05-01T11:23:28.518+0000][1][safepoint    ] Safepoint "Cleanup", Time since last: 1000318900 ns, Reaching safepoint: 179700 ns, At safepoint: 81800 ns, Total: 261500 ns
[2020-05-01T11:23:29.519+0000][1][safepoint    ] Safepoint "Cleanup", Time since last: 1000371800 ns, Reaching safepoint: 268300 ns, At safepoint: 93500 ns, Total: 361800 ns
[2020-05-01T11:23:30.519+0000][1][safepoint    ] Safepoint "Cleanup", Time since last: 1000383600 ns, Reaching safepoint: 344600 ns, At safepoint: 98800 ns, Total: 443400 ns
[2020-05-01T11:23:31.520+0000][1][safepoint    ] Safepoint "Cleanup", Time since last: 1000374500 ns, Reaching safepoint: 502400 ns, At safepoint: 195600 ns, Total: 698000 ns
[2020-05-01T11:23:32.521+0000][1][safepoint    ] Safepoint "Cleanup", Time since last: 1000275500 ns, Reaching safepoint: 141000 ns, At safepoint: 42500 ns, Total: 183500 ns
[2020-05-01T11:23:33.521+0000][1][safepoint    ] Safepoint "Cleanup", Time since last: 1000177900 ns, Reaching safepoint: 136600 ns, At safepoint: 41600 ns, Total: 178200 ns
[2020-05-01T11:23:34.522+0000][1][safepoint    ] Safepoint "Cleanup", Time since last: 1000368900 ns, Reaching safepoint: 358600 ns, At safepoint: 239400 ns, Total: 598000 ns
[2020-05-01T11:23:35.524+0000][1][safepoint    ] Safepoint "Cleanup", Time since last: 1000537400 ns, Reaching safepoint: 525900 ns, At safepoint: 203900 ns, Total: 729800 ns
[2020-05-01T11:23:36.524+0000][1][safepoint    ] Safepoint "Cleanup", Time since last: 1000274100 ns, Reaching safepoint: 238400 ns, At safepoint: 106600 ns, Total: 345000 ns
[2020-05-01T11:23:37.525+0000][1][safepoint    ] Safepoint "Cleanup", Time since last: 1000253000 ns, Reaching safepoint: 149600 ns, At safepoint: 45400 ns, Total: 195000 ns
[2020-05-01T11:23:38.525+0000][1][safepoint    ] Safepoint "Cleanup", Time since last: 1000200600 ns, Reaching safepoint: 175900 ns, At safepoint: 54300 ns, Total: 230200 ns
[2020-05-01T11:23:39.526+0000][1][safepoint    ] Safepoint "Cleanup", Time since last: 1000729800 ns, Reaching safepoint: 299600 ns, At safepoint: 202500 ns, Total: 502100 ns
[2020-05-01T11:23:40.527+0000][1][safepoint    ] Safepoint "Cleanup", Time since last: 1000207900 ns, Reaching safepoint: 138500 ns, At safepoint: 52100 ns, Total: 190600 ns
[2020-05-01T11:23:41.527+0000][1][safepoint    ] Safepoint "Cleanup", Time since last: 1000243200 ns, Reaching safepoint: 262000 ns, At safepoint: 112300 ns, Total: 374300 ns
[2020-05-01T11:23:42.528+0000][1][safepoint    ] Safepoint "Cleanup", Time since last: 1000532700 ns, Reaching safepoint: 180900 ns, At safepoint: 55600 ns, Total: 236500 ns
[2020-05-01T11:23:43.528+0000][1][safepoint    ] Safepoint "Cleanup", Time since last: 1000247500 ns, Reaching safepoint: 152500 ns, At safepoint: 61400 ns, Total: 213900 ns
[2020-05-01T11:23:44.529+0000][1][safepoint    ] Safepoint "Cleanup", Time since last: 1000197200 ns, Reaching safepoint: 141500 ns, At safepoint: 64100 ns, Total: 205600 ns
[2020-05-01T11:23:45.530+0000][1][safepoint    ] Safepoint "Cleanup", Time since last: 1000440600 ns, Reaching safepoint: 530600 ns, At safepoint: 212500 ns, Total: 743100 ns
[2020-05-01T11:23:46.531+0000][1][safepoint    ] Safepoint "Cleanup", Time since last: 1000727700 ns, Reaching safepoint: 347600 ns, At safepoint: 157600 ns, Total: 505200 ns
[2020-05-01T11:23:47.533+0000][1][safepoint    ] Safepoint "Cleanup", Time since last: 1000757800 ns, Reaching safepoint: 537300 ns, At safepoint: 206900 ns, Total: 744200 ns
[2020-05-01T11:23:48.534+0000][1][safepoint    ] Safepoint "Cleanup", Time since last: 1000340300 ns, Reaching safepoint: 314200 ns, At safepoint: 93500 ns, Total: 407700 ns
[2020-05-01T11:23:49.535+0000][1][safepoint    ] Safepoint "Cleanup", Time since last: 1000373200 ns, Reaching safepoint: 477300 ns, At safepoint: 205700 ns, Total: 683000 ns
[2020-05-01T11:23:50.536+0000][1][safepoint    ] Safepoint "Cleanup", Time since last: 1000424700 ns, Reaching safepoint: 397000 ns, At safepoint: 171300 ns, Total: 568300 ns
[2020-05-01T11:23:51.537+0000][1][safepoint    ] Safepoint "Cleanup", Time since last: 1000437500 ns, Reaching safepoint: 569000 ns, At safepoint: 195200 ns, Total: 764200 ns
[2020-05-01T11:23:52.538+0000][1][safepoint    ] Safepoint "Cleanup", Time since last: 1000596500 ns, Reaching safepoint: 516700 ns, At safepoint: 328600 ns, Total: 845300 ns
[2020-05-01T11:23:53.540+0000][1][safepoint    ] Safepoint "Cleanup", Time since last: 1000788500 ns, Reaching safepoint: 471800 ns, At safepoint: 199500 ns, Total: 671300 ns
[2020-05-01T11:23:54.541+0000][1][safepoint    ] Safepoint "Cleanup", Time since last: 1000513800 ns, Reaching safepoint: 523900 ns, At safepoint: 209000 ns, Total: 732900 ns
[2020-05-01T11:23:55.542+0000][1][safepoint    ] Safepoint "Cleanup", Time since last: 1000897200 ns, Reaching safepoint: 413400 ns, At safepoint: 183800 ns, Total: 597200 ns
[2020-05-01T11:23:56.544+0000][1][safepoint    ] Safepoint "Cleanup", Time since last: 1000725600 ns, Reaching safepoint: 239100 ns, At safepoint: 110500 ns, Total: 349600 ns
[2020-05-01T11:23:57.544+0000][1][safepoint    ] Safepoint "Cleanup", Time since last: 1000542300 ns, Reaching safepoint: 159500 ns, At safepoint: 69100 ns, Total: 228600 ns
[2020-05-01T11:23:58.545+0000][1][safepoint    ] Safepoint "Cleanup", Time since last: 1000576600 ns, Reaching safepoint: 220700 ns, At safepoint: 100700 ns, Total: 321400 ns
[2020-05-01T11:23:59.546+0000][1][safepoint    ] Safepoint "Cleanup", Time since last: 1000317500 ns, Reaching safepoint: 149100 ns, At safepoint: 54300 ns, Total: 203400 ns
[2020-05-01T11:24:00.547+0000][1][safepoint    ] Safepoint "Cleanup", Time since last: 1000559700 ns, Reaching safepoint: 418800 ns, At safepoint: 111900 ns, Total: 530700 ns
[2020-05-01T11:24:01.547+0000][1][safepoint    ] Safepoint "Cleanup", Time since last: 1000298400 ns, Reaching safepoint: 185400 ns, At safepoint: 75600 ns, Total: 261000 ns
[2020-05-01T11:24:02.548+0000][1][safepoint    ] Safepoint "Cleanup", Time since last: 1000192300 ns, Reaching safepoint: 153300 ns, At safepoint: 43700 ns, Total: 197000 ns
[2020-05-01T11:24:03.549+0000][1][safepoint    ] Safepoint "Cleanup", Time since last: 1000311500 ns, Reaching safepoint: 418300 ns, At safepoint: 198300 ns, Total: 616600 ns
[2020-05-01T11:24:04.550+0000][1][safepoint    ] Safepoint "Cleanup", Time since last: 1000541500 ns, Reaching safepoint: 458600 ns, At safepoint: 186000 ns, Total: 644600 ns
[2020-05-01T11:24:05.551+0000][1][safepoint    ] Safepoint "Cleanup", Time since last: 1000627300 ns, Reaching safepoint: 452700 ns, At safepoint: 176800 ns, Total: 629500 ns
[2020-05-01T11:24:06.552+0000][1][safepoint    ] Safepoint "Cleanup", Time since last: 1000504800 ns, Reaching safepoint: 437800 ns, At safepoint: 179800 ns, Total: 617600 ns
[2020-05-01T11:24:07.554+0000][1][safepoint    ] Safepoint "Cleanup", Time since last: 1000795300 ns, Reaching safepoint: 640600 ns, At safepoint: 224500 ns, Total: 865100 ns
[2020-05-01T11:24:08.555+0000][1][safepoint    ] Safepoint "Cleanup", Time since last: 1000408200 ns, Reaching safepoint: 184000 ns, At safepoint: 74400 ns, Total: 258400 ns
[2020-05-01T11:24:09.556+0000][1][safepoint    ] Safepoint "Cleanup", Time since last: 1000483900 ns, Reaching safepoint: 463200 ns, At safepoint: 189700 ns, Total: 652900 ns
[2020-05-01T11:24:10.556+0000][1][safepoint    ] Safepoint "Cleanup", Time since last: 1000198700 ns, Reaching safepoint: 130900 ns, At safepoint: 51300 ns, Total: 182200 ns
[2020-05-01T11:24:11.557+0000][1][safepoint    ] Safepoint "Cleanup", Time since last: 1000335300 ns, Reaching safepoint: 181100 ns, At safepoint: 69600 ns, Total: 250700 ns
[2020-05-01T11:24:12.557+0000][1][safepoint    ] Safepoint "Cleanup", Time since last: 1000187500 ns, Reaching safepoint: 189600 ns, At safepoint: 68200 ns, Total: 257800 ns
[2020-05-01T11:24:13.558+0000][1][safepoint    ] Safepoint "Cleanup", Time since last: 1000440300 ns, Reaching safepoint: 397200 ns, At safepoint: 140200 ns, Total: 537400 ns
[2020-05-01T11:24:14.559+0000][1][safepoint    ] Safepoint "Cleanup", Time since last: 1000376300 ns, Reaching safepoint: 301800 ns, At safepoint: 113100 ns, Total: 414900 ns
[2020-05-01T11:24:15.559+0000][1][safepoint    ] Safepoint "Cleanup", Time since last: 1000314800 ns, Reaching safepoint: 157400 ns, At safepoint: 66300 ns, Total: 223700 ns
[2020-05-01T11:24:16.560+0000][1][safepoint    ] Safepoint "Cleanup", Time since last: 1000288700 ns, Reaching safepoint: 173000 ns, At safepoint: 74000 ns, Total: 247000 ns
[2020-05-01T11:24:17.561+0000][1][safepoint    ] Safepoint "Cleanup", Time since last: 1000562700 ns, Reaching safepoint: 163400 ns, At safepoint: 64800 ns, Total: 228200 ns
[2020-05-01T11:24:18.561+0000][1][safepoint    ] Safepoint "Cleanup", Time since last: 1000297600 ns, Reaching safepoint: 179700 ns, At safepoint: 105000 ns, Total: 284700 ns
[2020-05-01T11:24:19.563+0000][1][safepoint    ] Safepoint "Cleanup", Time since last: 1000753100 ns, Reaching safepoint: 453800 ns, At safepoint: 225400 ns, Total: 679200 ns
[2020-05-01T11:24:20.564+0000][1][safepoint    ] Safepoint "Cleanup", Time since last: 1000575600 ns, Reaching safepoint: 647900 ns, At safepoint: 251200 ns, Total: 899100 ns
[2020-05-01T11:24:21.565+0000][1][safepoint    ] Safepoint "Cleanup", Time since last: 1000422900 ns, Reaching safepoint: 189800 ns, At safepoint: 82700 ns, Total: 272500 ns
[2020-05-01T11:24:22.565+0000][1][safepoint    ] Safepoint "Cleanup", Time since last: 1000259100 ns, Reaching safepoint: 164200 ns, At safepoint: 68600 ns, Total: 232800 ns
[2020-05-01T11:24:23.566+0000][1][safepoint    ] Safepoint "Cleanup", Time since last: 1000396400 ns, Reaching safepoint: 279800 ns, At safepoint: 99200 ns, Total: 379000 ns
[2020-05-01T11:24:24.567+0000][1][safepoint    ] Safepoint "Cleanup", Time since last: 1000271700 ns, Reaching safepoint: 234100 ns, At safepoint: 94500 ns, Total: 328600 ns
[2020-05-01T11:24:25.567+0000][1][safepoint    ] Safepoint "Cleanup", Time since last: 1000284000 ns, Reaching safepoint: 176100 ns, At safepoint: 56300 ns, Total: 232400 ns
[2020-05-01T11:24:26.568+0000][1][safepoint    ] Safepoint "Cleanup", Time since last: 1000159200 ns, Reaching safepoint: 146000 ns, At safepoint: 53900 ns, Total: 199900 ns
[2020-05-01T11:24:27.568+0000][1][safepoint    ] Safepoint "Cleanup", Time since last: 1000205000 ns, Reaching safepoint: 146900 ns, At safepoint: 55500 ns, Total: 202400 ns
[2020-05-01T11:24:28.569+0000][1][safepoint    ] Safepoint "Cleanup", Time since last: 1000426900 ns, Reaching safepoint: 293300 ns, At safepoint: 103800 ns, Total: 397100 ns
[2020-05-01T11:24:29.570+0000][1][safepoint    ] Safepoint "Cleanup", Time since last: 1000362300 ns, Reaching safepoint: 236600 ns, At safepoint: 103000 ns, Total: 339600 ns
[2020-05-01T11:24:30.571+0000][1][safepoint    ] Safepoint "Cleanup", Time since last: 1000447200 ns, Reaching safepoint: 357800 ns, At safepoint: 166200 ns, Total: 524000 ns
[2020-05-01T11:24:31.571+0000][1][safepoint    ] Safepoint "Cleanup", Time since last: 1000259600 ns, Reaching safepoint: 294700 ns, At safepoint: 124300 ns, Total: 419000 ns
[2020-05-01T11:24:32.572+0000][1][safepoint    ] Safepoint "Cleanup", Time since last: 1000202700 ns, Reaching safepoint: 184300 ns, At safepoint: 60400 ns, Total: 244700 ns
[2020-05-01T11:24:33.572+0000][1][safepoint    ] Safepoint "Cleanup", Time since last: 1000152000 ns, Reaching safepoint: 145800 ns, At safepoint: 50500 ns, Total: 196300 ns
[2020-05-01T11:24:34.572+0000][1][safepoint    ] Safepoint "Cleanup", Time since last: 1000159800 ns, Reaching safepoint: 155600 ns, At safepoint: 116400 ns, Total: 272000 ns
[2020-05-01T11:24:35.573+0000][1][safepoint    ] Safepoint "Cleanup", Time since last: 1000407000 ns, Reaching safepoint: 192400 ns, At safepoint: 47200 ns, Total: 239600 ns
[2020-05-01T11:24:36.574+0000][1][safepoint    ] Safepoint "Cleanup", Time since last: 1000233700 ns, Reaching safepoint: 144200 ns, At safepoint: 61300 ns, Total: 205500 ns
[2020-05-01T11:24:37.574+0000][1][safepoint    ] Safepoint "Cleanup", Time since last: 1000228100 ns, Reaching safepoint: 356300 ns, At safepoint: 166400 ns, Total: 522700 ns
[2020-05-01T11:24:38.575+0000][1][safepoint    ] Safepoint "Cleanup", Time since last: 1000236900 ns, Reaching safepoint: 149300 ns, At safepoint: 55000 ns, Total: 204300 ns
[2020-05-01T11:24:39.575+0000][1][safepoint    ] Safepoint "Cleanup", Time since last: 1000191300 ns, Reaching safepoint: 150600 ns, At safepoint: 55400 ns, Total: 206000 ns
[2020-05-01T11:24:40.576+0000][1][safepoint    ] Safepoint "Cleanup", Time since last: 1000261000 ns, Reaching safepoint: 377000 ns, At safepoint: 104300 ns, Total: 481300 ns
[2020-05-01T11:24:41.577+0000][1][safepoint    ] Safepoint "Cleanup", Time since last: 1000392600 ns, Reaching safepoint: 281000 ns, At safepoint: 70500 ns, Total: 351500 ns
[2020-05-01T11:24:42.577+0000][1][safepoint    ] Safepoint "Cleanup", Time since last: 1000232600 ns, Reaching safepoint: 186900 ns, At safepoint: 57600 ns, Total: 244500 ns
[2020-05-01T11:24:43.578+0000][1][safepoint    ] Safepoint "Cleanup", Time since last: 1000209400 ns, Reaching safepoint: 389700 ns, At safepoint: 364400 ns, Total: 754100 ns
[2020-05-01T11:24:44.579+0000][1][safepoint    ] Safepoint "Cleanup", Time since last: 1000196100 ns, Reaching safepoint: 165300 ns, At safepoint: 55700 ns, Total: 221000 ns
[2020-05-01T11:24:45.325+0000][1][gc,start     ] GC(19) Pause Young (Allocation Failure)
[2020-05-01T11:24:45.326+0000][1][gc,task      ] GC(19) Using 10 workers of 10 for evacuation
[2020-05-01T11:24:45.331+0000][1][gc,age       ] GC(19) Desired survivor size 8945664 bytes, new threshold 6 (max threshold 6)
[2020-05-01T11:24:45.331+0000][1][gc,age       ] GC(19) Age table with threshold 6 (max threshold 6)
[2020-05-01T11:24:45.331+0000][1][gc,age       ] GC(19) - age   1:    1279664 bytes,    1279664 total
[2020-05-01T11:24:45.331+0000][1][gc,age       ] GC(19) - age   2:    3796736 bytes,    5076400 total
[2020-05-01T11:24:45.331+0000][1][gc,heap      ] GC(19) ParNew: 151818K->6754K(157248K)
[2020-05-01T11:24:45.331+0000][1][gc,heap      ] GC(19) CMS: 76391K->76391K(349568K)
[2020-05-01T11:24:45.331+0000][1][gc,metaspace ] GC(19) Metaspace: 92097K->92097K(1134592K)
[2020-05-01T11:24:45.331+0000][1][gc           ] GC(19) Pause Young (Allocation Failure) 222M->81M(494M) 5.942ms
[2020-05-01T11:24:45.331+0000][1][gc,cpu       ] GC(19) User=0.03s Sys=0.00s Real=0.01s
[2020-05-01T11:24:45.332+0000][1][safepoint    ] Safepoint "GenCollectForAllocation", Time since last: 746816500 ns, Reaching safepoint: 150100 ns, At safepoint: 6040100 ns, Total: 6190200 ns
[2020-05-01T11:24:46.332+0000][1][safepoint    ] Safepoint "Cleanup", Time since last: 1000228500 ns, Reaching safepoint: 166300 ns, At safepoint: 64800 ns, Total: 231100 ns
[2020-05-01T11:24:47.332+0000][1][safepoint    ] Safepoint "Cleanup", Time since last: 1000240600 ns, Reaching safepoint: 185800 ns, At safepoint: 89100 ns, Total: 274900 ns
[2020-05-01T11:24:48.333+0000][1][safepoint    ] Safepoint "Cleanup", Time since last: 1000239600 ns, Reaching safepoint: 144000 ns, At safepoint: 67400 ns, Total: 211400 ns
[2020-05-01T11:24:49.333+0000][1][safepoint    ] Safepoint "Cleanup", Time since last: 1000175700 ns, Reaching safepoint: 146600 ns, At safepoint: 52100 ns, Total: 198700 ns
[2020-05-01T11:24:50.334+0000][1][safepoint    ] Safepoint "Cleanup", Time since last: 1000240900 ns, Reaching safepoint: 233500 ns, At safepoint: 76700 ns, Total: 310200 ns
[2020-05-01T11:24:51.334+0000][1][safepoint    ] Safepoint "Cleanup", Time since last: 1000173000 ns, Reaching safepoint: 143100 ns, At safepoint: 56700 ns, Total: 199800 ns
[2020-05-01T11:24:52.335+0000][1][safepoint    ] Safepoint "Cleanup", Time since last: 1000245500 ns, Reaching safepoint: 176400 ns, At safepoint: 69800 ns, Total: 246200 ns
[2020-05-01T11:24:53.335+0000][1][safepoint    ] Safepoint "Cleanup", Time since last: 1000196100 ns, Reaching safepoint: 179100 ns, At safepoint: 65600 ns, Total: 244700 ns
[2020-05-01T11:24:54.336+0000][1][safepoint    ] Safepoint "Cleanup", Time since last: 1000219700 ns, Reaching safepoint: 145900 ns, At safepoint: 55800 ns, Total: 201700 ns
[2020-05-01T11:24:55.336+0000][1][safepoint    ] Safepoint "Cleanup", Time since last: 1000130800 ns, Reaching safepoint: 139700 ns, At safepoint: 36400 ns, Total: 176100 ns
[2020-05-01T11:24:56.336+0000][1][safepoint    ] Safepoint "Cleanup", Time since last: 1000168900 ns, Reaching safepoint: 273300 ns, At safepoint: 43100 ns, Total: 316400 ns
[2020-05-01T11:24:57.337+0000][1][safepoint    ] Safepoint "Cleanup", Time since last: 1000213900 ns, Reaching safepoint: 137000 ns, At safepoint: 44100 ns, Total: 181100 ns
[2020-05-01T11:24:58.337+0000][1][safepoint    ] Safepoint "Cleanup", Time since last: 1000235700 ns, Reaching safepoint: 208300 ns, At safepoint: 71000 ns, Total: 279300 ns
[2020-05-01T11:24:59.338+0000][1][safepoint    ] Safepoint "Cleanup", Time since last: 1000199000 ns, Reaching safepoint: 182600 ns, At safepoint: 64700 ns, Total: 247300 ns
[2020-05-01T11:25:00.338+0000][1][safepoint    ] Safepoint "Cleanup", Time since last: 1000296100 ns, Reaching safepoint: 176700 ns, At safepoint: 73200 ns, Total: 249900 ns
[2020-05-01T11:25:01.339+0000][1][safepoint    ] Safepoint "Cleanup", Time since last: 1000210100 ns, Reaching safepoint: 147200 ns, At safepoint: 42100 ns, Total: 189300 ns
[2020-05-01T11:25:02.339+0000][1][safepoint    ] Safepoint "Cleanup", Time since last: 1000133700 ns, Reaching safepoint: 143800 ns, At safepoint: 37900 ns, Total: 181700 ns
[2020-05-01T11:25:03.339+0000][1][safepoint    ] Safepoint "Cleanup", Time since last: 1000212800 ns, Reaching safepoint: 143100 ns, At safepoint: 37800 ns, Total: 180900 ns
[2020-05-01T11:25:04.340+0000][1][safepoint    ] Safepoint "Cleanup", Time since last: 1000190600 ns, Reaching safepoint: 173400 ns, At safepoint: 49800 ns, Total: 223200 ns
[2020-05-01T11:25:05.340+0000][1][safepoint    ] Safepoint "Cleanup", Time since last: 1000250500 ns, Reaching safepoint: 250400 ns, At safepoint: 74500 ns, Total: 324900 ns
[2020-05-01T11:25:06.341+0000][1][safepoint    ] Safepoint "Cleanup", Time since last: 1000190800 ns, Reaching safepoint: 150200 ns, At safepoint: 58900 ns, Total: 209100 ns
[2020-05-01T11:25:07.341+0000][1][safepoint    ] Safepoint "Cleanup", Time since last: 1000172300 ns, Reaching safepoint: 190900 ns, At safepoint: 68500 ns, Total: 259400 ns
[2020-05-01T11:25:08.342+0000][1][safepoint    ] Safepoint "Cleanup", Time since last: 1000241700 ns, Reaching safepoint: 196800 ns, At safepoint: 73800 ns, Total: 270600 ns
[2020-05-01T11:25:09.342+0000][1][safepoint    ] Safepoint "Cleanup", Time since last: 1000266400 ns, Reaching safepoint: 373600 ns, At safepoint: 128100 ns, Total: 501700 ns
[2020-05-01T11:25:10.343+0000][1][safepoint    ] Safepoint "Cleanup", Time since last: 1000223400 ns, Reaching safepoint: 265500 ns, At safepoint: 91100 ns, Total: 356600 ns
[2020-05-01T11:25:11.343+0000][1][safepoint    ] Safepoint "Cleanup", Time since last: 1000188400 ns, Reaching safepoint: 161300 ns, At safepoint: 57000 ns, Total: 218300 ns
[2020-05-01T11:25:12.344+0000][1][safepoint    ] Safepoint "Cleanup", Time since last: 1000206400 ns, Reaching safepoint: 154800 ns, At safepoint: 58000 ns, Total: 212800 ns
[2020-05-01T11:25:13.345+0000][1][safepoint    ] Safepoint "Cleanup", Time since last: 1000271800 ns, Reaching safepoint: 326200 ns, At safepoint: 70800 ns, Total: 397000 ns
[2020-05-01T11:25:14.345+0000][1][safepoint    ] Safepoint "Cleanup", Time since last: 1000211500 ns, Reaching safepoint: 189400 ns, At safepoint: 60700 ns, Total: 250100 ns
[2020-05-01T11:25:15.345+0000][1][safepoint    ] Safepoint "Cleanup", Time since last: 1000166600 ns, Reaching safepoint: 158200 ns, At safepoint: 58100 ns, Total: 216300 ns
[2020-05-01T11:25:16.346+0000][1][safepoint    ] Safepoint "Cleanup", Time since last: 1000190500 ns, Reaching safepoint: 145000 ns, At safepoint: 40500 ns, Total: 185500 ns
[2020-05-01T11:25:17.346+0000][1][safepoint    ] Safepoint "Cleanup", Time since last: 1000224000 ns, Reaching safepoint: 159500 ns, At safepoint: 73400 ns, Total: 232900 ns
[2020-05-01T11:25:18.347+0000][1][safepoint    ] Safepoint "Cleanup", Time since last: 1000158500 ns, Reaching safepoint: 148100 ns, At safepoint: 46000 ns, Total: 194100 ns
[2020-05-01T11:25:19.347+0000][1][safepoint    ] Safepoint "Cleanup", Time since last: 1000188700 ns, Reaching safepoint: 207400 ns, At safepoint: 68500 ns, Total: 275900 ns
[2020-05-01T11:25:20.347+0000][1][safepoint    ] Safepoint "Cleanup", Time since last: 1000144600 ns, Reaching safepoint: 154200 ns, At safepoint: 52900 ns, Total: 207100 ns
[2020-05-01T11:25:21.348+0000][1][safepoint    ] Safepoint "Cleanup", Time since last: 1000208900 ns, Reaching safepoint: 193700 ns, At safepoint: 70400 ns, Total: 264100 ns
[2020-05-01T11:25:22.348+0000][1][safepoint    ] Safepoint "Cleanup", Time since last: 1000142500 ns, Reaching safepoint: 153200 ns, At safepoint: 54000 ns, Total: 207200 ns
[2020-05-01T11:25:23.349+0000][1][safepoint    ] Safepoint "Cleanup", Time since last: 1000206400 ns, Reaching safepoint: 148600 ns, At safepoint: 43100 ns, Total: 191700 ns
[2020-05-01T11:25:24.349+0000][1][safepoint    ] Safepoint "Cleanup", Time since last: 1000215400 ns, Reaching safepoint: 139600 ns, At safepoint: 47000 ns, Total: 186600 ns
[2020-05-01T11:25:25.349+0000][1][safepoint    ] Safepoint "Cleanup", Time since last: 1000142600 ns, Reaching safepoint: 164800 ns, At safepoint: 55400 ns, Total: 220200 ns
[2020-05-01T11:25:26.350+0000][1][safepoint    ] Safepoint "Cleanup", Time since last: 1000123300 ns, Reaching safepoint: 160400 ns, At safepoint: 51500 ns, Total: 211900 ns
[2020-05-01T11:25:27.350+0000][1][safepoint    ] Safepoint "Cleanup", Time since last: 1000132900 ns, Reaching safepoint: 132400 ns, At safepoint: 50800 ns, Total: 183200 ns
[2020-05-01T11:25:28.350+0000][1][safepoint    ] Safepoint "Cleanup", Time since last: 1000151800 ns, Reaching safepoint: 133000 ns, At safepoint: 44600 ns, Total: 177600 ns
[2020-05-01T11:25:29.351+0000][1][safepoint    ] Safepoint "Cleanup", Time since last: 1000266500 ns, Reaching safepoint: 378400 ns, At safepoint: 60500 ns, Total: 438900 ns
[2020-05-01T11:25:30.352+0000][1][safepoint    ] Safepoint "Cleanup", Time since last: 1000248300 ns, Reaching safepoint: 136700 ns, At safepoint: 46400 ns, Total: 183100 ns
[2020-05-01T11:25:31.352+0000][1][safepoint    ] Safepoint "Cleanup", Time since last: 1000234000 ns, Reaching safepoint: 151900 ns, At safepoint: 48700 ns, Total: 200600 ns
[2020-05-01T11:25:32.352+0000][1][safepoint    ] Safepoint "Cleanup", Time since last: 1000159100 ns, Reaching safepoint: 165400 ns, At safepoint: 57700 ns, Total: 223100 ns
[2020-05-01T11:25:33.353+0000][1][safepoint    ] Safepoint "Cleanup", Time since last: 1000129300 ns, Reaching safepoint: 138400 ns, At safepoint: 49700 ns, Total: 188100 ns
[2020-05-01T11:25:34.353+0000][1][safepoint    ] Safepoint "Cleanup", Time since last: 1000171900 ns, Reaching safepoint: 140000 ns, At safepoint: 53500 ns, Total: 193500 ns
[2020-05-01T11:25:35.354+0000][1][safepoint    ] Safepoint "Cleanup", Time since last: 1000185200 ns, Reaching safepoint: 256500 ns, At safepoint: 62300 ns, Total: 318800 ns
[2020-05-01T11:25:36.354+0000][1][safepoint    ] Safepoint "Cleanup", Time since last: 1000248700 ns, Reaching safepoint: 474400 ns, At safepoint: 147300 ns, Total: 621700 ns
[2020-05-01T11:25:37.355+0000][1][safepoint    ] Safepoint "Cleanup", Time since last: 1000355100 ns, Reaching safepoint: 256600 ns, At safepoint: 93400 ns, Total: 350000 ns
[2020-05-01T11:25:38.356+0000][1][safepoint    ] Safepoint "Cleanup", Time since last: 1000274400 ns, Reaching safepoint: 406900 ns, At safepoint: 85900 ns, Total: 492800 ns
[2020-05-01T11:25:39.357+0000][1][safepoint    ] Safepoint "Cleanup", Time since last: 1000307500 ns, Reaching safepoint: 333000 ns, At safepoint: 100200 ns, Total: 433200 ns
[2020-05-01T11:25:40.357+0000][1][safepoint    ] Safepoint "Cleanup", Time since last: 1000238100 ns, Reaching safepoint: 349800 ns, At safepoint: 119900 ns, Total: 469700 ns
[2020-05-01T11:25:41.358+0000][1][safepoint    ] Safepoint "Cleanup", Time since last: 1000299900 ns, Reaching safepoint: 419500 ns, At safepoint: 56600 ns, Total: 476100 ns
[2020-05-01T11:25:42.359+0000][1][safepoint    ] Safepoint "Cleanup", Time since last: 1000305800 ns, Reaching safepoint: 287500 ns, At safepoint: 80200 ns, Total: 367700 ns
[2020-05-01T11:25:43.359+0000][1][safepoint    ] Safepoint "Cleanup", Time since last: 1000203700 ns, Reaching safepoint: 265100 ns, At safepoint: 88600 ns, Total: 353700 ns
[2020-05-01T11:25:44.360+0000][1][safepoint    ] Safepoint "Cleanup", Time since last: 1000208600 ns, Reaching safepoint: 157200 ns, At safepoint: 54200 ns, Total: 211400 ns
[2020-05-01T11:25:45.360+0000][1][safepoint    ] Safepoint "Cleanup", Time since last: 1000227100 ns, Reaching safepoint: 145300 ns, At safepoint: 55200 ns, Total: 200500 ns
[2020-05-01T11:25:46.361+0000][1][safepoint    ] Safepoint "Cleanup", Time since last: 1000233400 ns, Reaching safepoint: 140500 ns, At safepoint: 55000 ns, Total: 195500 ns
[2020-05-01T11:25:47.361+0000][1][safepoint    ] Safepoint "Cleanup", Time since last: 1000264000 ns, Reaching safepoint: 144600 ns, At safepoint: 54800 ns, Total: 199400 ns
[2020-05-01T11:25:48.361+0000][1][safepoint    ] Safepoint "Cleanup", Time since last: 1000187900 ns, Reaching safepoint: 136200 ns, At safepoint: 51500 ns, Total: 187700 ns
[2020-05-01T11:25:49.362+0000][1][safepoint    ] Safepoint "Cleanup", Time since last: 1000192900 ns, Reaching safepoint: 156400 ns, At safepoint: 54600 ns, Total: 211000 ns
[2020-05-01T11:25:50.362+0000][1][safepoint    ] Safepoint "Cleanup", Time since last: 1000232100 ns, Reaching safepoint: 153600 ns, At safepoint: 56100 ns, Total: 209700 ns
[2020-05-01T11:25:51.363+0000][1][safepoint    ] Safepoint "Cleanup", Time since last: 1000171600 ns, Reaching safepoint: 176100 ns, At safepoint: 76600 ns, Total: 252700 ns
[2020-05-01T11:25:52.363+0000][1][safepoint    ] Safepoint "Cleanup", Time since last: 1000177900 ns, Reaching safepoint: 145900 ns, At safepoint: 57700 ns, Total: 203600 ns
[2020-05-01T11:25:53.364+0000][1][safepoint    ] Safepoint "Cleanup", Time since last: 1000259600 ns, Reaching safepoint: 146200 ns, At safepoint: 55800 ns, Total: 202000 ns
[2020-05-01T11:25:54.364+0000][1][safepoint    ] Safepoint "Cleanup", Time since last: 1000221600 ns, Reaching safepoint: 137700 ns, At safepoint: 55200 ns, Total: 192900 ns
[2020-05-01T11:25:55.364+0000][1][safepoint    ] Safepoint "Cleanup", Time since last: 1000170400 ns, Reaching safepoint: 142000 ns, At safepoint: 52200 ns, Total: 194200 ns
[2020-05-01T11:25:56.365+0000][1][safepoint    ] Safepoint "Cleanup", Time since last: 1000250700 ns, Reaching safepoint: 160500 ns, At safepoint: 68400 ns, Total: 228900 ns
[2020-05-01T11:25:57.365+0000][1][safepoint    ] Safepoint "Cleanup", Time since last: 1000238800 ns, Reaching safepoint: 142200 ns, At safepoint: 54700 ns, Total: 196900 ns
[2020-05-01T11:25:58.366+0000][1][safepoint    ] Safepoint "Cleanup", Time since last: 1000181500 ns, Reaching safepoint: 141800 ns, At safepoint: 54900 ns, Total: 196700 ns
[2020-05-01T11:25:59.366+0000][1][safepoint    ] Safepoint "Cleanup", Time since last: 1000208200 ns, Reaching safepoint: 327800 ns, At safepoint: 211600 ns, Total: 539400 ns
[2020-05-01T11:26:00.367+0000][1][safepoint    ] Safepoint "Cleanup", Time since last: 1000247700 ns, Reaching safepoint: 197400 ns, At safepoint: 121700 ns, Total: 319100 ns
[2020-05-01T11:26:01.367+0000][1][safepoint    ] Safepoint "Cleanup", Time since last: 1000254500 ns, Reaching safepoint: 164400 ns, At safepoint: 56500 ns, Total: 220900 ns
[2020-05-01T11:26:02.369+0000][1][safepoint    ] Safepoint "Cleanup", Time since last: 1000317900 ns, Reaching safepoint: 586800 ns, At safepoint: 282700 ns, Total: 869500 ns
[2020-05-01T11:26:03.370+0000][1][safepoint    ] Safepoint "Cleanup", Time since last: 1000474600 ns, Reaching safepoint: 530800 ns, At safepoint: 158600 ns, Total: 689400 ns
[2020-05-01T11:26:04.370+0000][1][safepoint    ] Safepoint "Cleanup", Time since last: 1000321900 ns, Reaching safepoint: 190200 ns, At safepoint: 88600 ns, Total: 278800 ns
[2020-05-01T11:26:05.371+0000][1][safepoint    ] Safepoint "Cleanup", Time since last: 1000329900 ns, Reaching safepoint: 182900 ns, At safepoint: 74000 ns, Total: 256900 ns
[2020-05-01T11:26:06.372+0000][1][safepoint    ] Safepoint "Cleanup", Time since last: 1000370500 ns, Reaching safepoint: 423700 ns, At safepoint: 120400 ns, Total: 544100 ns
[2020-05-01T11:26:07.373+0000][1][safepoint    ] Safepoint "Cleanup", Time since last: 1000411000 ns, Reaching safepoint: 326900 ns, At safepoint: 92200 ns, Total: 419100 ns
[2020-05-01T11:26:08.373+0000][1][safepoint    ] Safepoint "Cleanup", Time since last: 1000263000 ns, Reaching safepoint: 312200 ns, At safepoint: 72900 ns, Total: 385100 ns
[2020-05-01T11:26:09.374+0000][1][safepoint    ] Safepoint "Cleanup", Time since last: 1000229400 ns, Reaching safepoint: 185900 ns, At safepoint: 56700 ns, Total: 242600 ns
[2020-05-01T11:26:10.375+0000][1][safepoint    ] Safepoint "Cleanup", Time since last: 1000363200 ns, Reaching safepoint: 255100 ns, At safepoint: 100000 ns, Total: 355100 ns
[2020-05-01T11:26:11.375+0000][1][safepoint    ] Safepoint "Cleanup", Time since last: 1000274700 ns, Reaching safepoint: 149100 ns, At safepoint: 72800 ns, Total: 221900 ns
[2020-05-01T11:26:12.375+0000][1][safepoint    ] Safepoint "Cleanup", Time since last: 1000158300 ns, Reaching safepoint: 143900 ns, At safepoint: 53800 ns, Total: 197700 ns
[2020-05-01T11:26:13.376+0000][1][safepoint    ] Safepoint "Cleanup", Time since last: 1000122700 ns, Reaching safepoint: 139900 ns, At safepoint: 37700 ns, Total: 177600 ns
[2020-05-01T11:26:14.376+0000][1][safepoint    ] Safepoint "Cleanup", Time since last: 1000235300 ns, Reaching safepoint: 146600 ns, At safepoint: 61200 ns, Total: 207800 ns
[2020-05-01T11:26:15.377+0000][1][safepoint    ] Safepoint "Cleanup", Time since last: 1000219900 ns, Reaching safepoint: 143200 ns, At safepoint: 38300 ns, Total: 181500 ns
[2020-05-01T11:26:16.377+0000][1][safepoint    ] Safepoint "Cleanup", Time since last: 1000237400 ns, Reaching safepoint: 146700 ns, At safepoint: 57200 ns, Total: 203900 ns
[2020-05-01T11:26:17.377+0000][1][safepoint    ] Safepoint "Cleanup", Time since last: 1000212100 ns, Reaching safepoint: 143500 ns, At safepoint: 54800 ns, Total: 198300 ns
[2020-05-01T11:26:18.378+0000][1][safepoint    ] Safepoint "Cleanup", Time since last: 1000183200 ns, Reaching safepoint: 142500 ns, At safepoint: 51600 ns, Total: 194100 ns
[2020-05-01T11:26:19.378+0000][1][safepoint    ] Safepoint "Cleanup", Time since last: 1000170200 ns, Reaching safepoint: 148800 ns, At safepoint: 69000 ns, Total: 217800 ns
[2020-05-01T11:26:20.379+0000][1][safepoint    ] Safepoint "Cleanup", Time since last: 1000210300 ns, Reaching safepoint: 161100 ns, At safepoint: 57200 ns, Total: 218300 ns
[2020-05-01T11:26:21.379+0000][1][safepoint    ] Safepoint "Cleanup", Time since last: 1000169000 ns, Reaching safepoint: 436300 ns, At safepoint: 111000 ns, Total: 547300 ns
[2020-05-01T11:26:22.380+0000][1][safepoint    ] Safepoint "Cleanup", Time since last: 1000317700 ns, Reaching safepoint: 278400 ns, At safepoint: 102900 ns, Total: 381300 ns
[2020-05-01T11:26:23.381+0000][1][safepoint    ] Safepoint "Cleanup", Time since last: 1000456600 ns, Reaching safepoint: 509700 ns, At safepoint: 154700 ns, Total: 664400 ns
[2020-05-01T11:26:24.382+0000][1][safepoint    ] Safepoint "Cleanup", Time since last: 1000445100 ns, Reaching safepoint: 700400 ns, At safepoint: 206300 ns, Total: 906700 ns
[2020-05-01T11:26:25.384+0000][1][safepoint    ] Safepoint "Cleanup", Time since last: 1000462300 ns, Reaching safepoint: 598900 ns, At safepoint: 195500 ns, Total: 794400 ns
[2020-05-01T11:26:26.385+0000][1][safepoint    ] Safepoint "Cleanup", Time since last: 1000530300 ns, Reaching safepoint: 696900 ns, At safepoint: 147000 ns, Total: 843900 ns
[2020-05-01T11:26:27.387+0000][1][safepoint    ] Safepoint "Cleanup", Time since last: 1000453400 ns, Reaching safepoint: 625200 ns, At safepoint: 330700 ns, Total: 955900 ns
[2020-05-01T11:26:28.387+0000][1][safepoint    ] Safepoint "Cleanup", Time since last: 1000241400 ns, Reaching safepoint: 144600 ns, At safepoint: 56600 ns, Total: 201200 ns
[2020-05-01T11:26:29.387+0000][1][safepoint    ] Safepoint "Cleanup", Time since last: 1000263500 ns, Reaching safepoint: 214500 ns, At safepoint: 77500 ns, Total: 292000 ns
[2020-05-01T11:26:30.388+0000][1][safepoint    ] Safepoint "Cleanup", Time since last: 1000227700 ns, Reaching safepoint: 265500 ns, At safepoint: 104100 ns, Total: 369600 ns
[2020-05-01T11:26:31.389+0000][1][safepoint    ] Safepoint "Cleanup", Time since last: 1000194900 ns, Reaching safepoint: 173200 ns, At safepoint: 73300 ns, Total: 246500 ns
[2020-05-01T11:26:32.389+0000][1][safepoint    ] Safepoint "Cleanup", Time since last: 1000189000 ns, Reaching safepoint: 200400 ns, At safepoint: 70500 ns, Total: 270900 ns
[2020-05-01T11:26:33.389+0000][1][safepoint    ] Safepoint "Cleanup", Time since last: 1000202800 ns, Reaching safepoint: 160200 ns, At safepoint: 69200 ns, Total: 229400 ns
[2020-05-01T11:26:34.390+0000][1][safepoint    ] Safepoint "Cleanup", Time since last: 1000267300 ns, Reaching safepoint: 251200 ns, At safepoint: 96900 ns, Total: 348100 ns
[2020-05-01T11:26:35.391+0000][1][safepoint    ] Safepoint "Cleanup", Time since last: 1000258600 ns, Reaching safepoint: 151600 ns, At safepoint: 46100 ns, Total: 197700 ns
[2020-05-01T11:26:36.391+0000][1][safepoint    ] Safepoint "Cleanup", Time since last: 1000165900 ns, Reaching safepoint: 154900 ns, At safepoint: 58800 ns, Total: 213700 ns
[2020-05-01T11:26:37.391+0000][1][safepoint    ] Safepoint "Cleanup", Time since last: 1000202600 ns, Reaching safepoint: 160700 ns, At safepoint: 58400 ns, Total: 219100 ns
[2020-05-01T11:26:38.392+0000][1][safepoint    ] Safepoint "Cleanup", Time since last: 1000140300 ns, Reaching safepoint: 149000 ns, At safepoint: 63000 ns, Total: 212000 ns
[2020-05-01T11:26:39.392+0000][1][safepoint    ] Safepoint "Cleanup", Time since last: 1000154700 ns, Reaching safepoint: 138200 ns, At safepoint: 53000 ns, Total: 191200 ns
[2020-05-01T11:26:40.392+0000][1][safepoint    ] Safepoint "Cleanup", Time since last: 1000238100 ns, Reaching safepoint: 146600 ns, At safepoint: 53800 ns, Total: 200400 ns
[2020-05-01T11:26:41.393+0000][1][safepoint    ] Safepoint "Cleanup", Time since last: 1000235400 ns, Reaching safepoint: 134700 ns, At safepoint: 42400 ns, Total: 177100 ns
[2020-05-01T11:26:42.393+0000][1][safepoint    ] Safepoint "Cleanup", Time since last: 1000191200 ns, Reaching safepoint: 145800 ns, At safepoint: 51600 ns, Total: 197400 ns
[2020-05-01T11:26:43.394+0000][1][safepoint    ] Safepoint "Cleanup", Time since last: 1000201600 ns, Reaching safepoint: 180400 ns, At safepoint: 36700 ns, Total: 217100 ns
[2020-05-01T11:26:44.394+0000][1][safepoint    ] Safepoint "Cleanup", Time since last: 1000240400 ns, Reaching safepoint: 142700 ns, At safepoint: 50900 ns, Total: 193600 ns
[2020-05-01T11:26:45.395+0000][1][safepoint    ] Safepoint "Cleanup", Time since last: 1000208600 ns, Reaching safepoint: 154000 ns, At safepoint: 53600 ns, Total: 207600 ns
[2020-05-01T11:26:46.395+0000][1][safepoint    ] Safepoint "Cleanup", Time since last: 1000184800 ns, Reaching safepoint: 258600 ns, At safepoint: 46800 ns, Total: 305400 ns
[2020-05-01T11:26:47.395+0000][1][safepoint    ] Safepoint "Cleanup", Time since last: 1000271600 ns, Reaching safepoint: 147300 ns, At safepoint: 55300 ns, Total: 202600 ns
[2020-05-01T11:26:48.396+0000][1][safepoint    ] Safepoint "Cleanup", Time since last: 1000213100 ns, Reaching safepoint: 132800 ns, At safepoint: 52700 ns, Total: 185500 ns
[2020-05-01T11:26:49.396+0000][1][safepoint    ] Safepoint "Cleanup", Time since last: 1000276000 ns, Reaching safepoint: 266600 ns, At safepoint: 47700 ns, Total: 314300 ns
[2020-05-01T11:26:50.397+0000][1][safepoint    ] Safepoint "Cleanup", Time since last: 1000192400 ns, Reaching safepoint: 194200 ns, At safepoint: 69200 ns, Total: 263400 ns
[2020-05-01T11:26:51.397+0000][1][safepoint    ] Safepoint "Cleanup", Time since last: 1000194000 ns, Reaching safepoint: 269900 ns, At safepoint: 114800 ns, Total: 384700 ns
[2020-05-01T11:26:52.398+0000][1][safepoint    ] Safepoint "Cleanup", Time since last: 1000299500 ns, Reaching safepoint: 137900 ns, At safepoint: 50700 ns, Total: 188600 ns
[2020-05-01T11:26:53.398+0000][1][safepoint    ] Safepoint "Cleanup", Time since last: 1000159500 ns, Reaching safepoint: 161800 ns, At safepoint: 51800 ns, Total: 213600 ns
[2020-05-01T11:26:54.399+0000][1][safepoint    ] Safepoint "Cleanup", Time since last: 1000189400 ns, Reaching safepoint: 156300 ns, At safepoint: 54500 ns, Total: 210800 ns
[2020-05-01T11:26:55.399+0000][1][safepoint    ] Safepoint "Cleanup", Time since last: 1000170900 ns, Reaching safepoint: 142900 ns, At safepoint: 72000 ns, Total: 214900 ns
[2020-05-01T11:26:56.400+0000][1][safepoint    ] Safepoint "Cleanup", Time since last: 1000227300 ns, Reaching safepoint: 172600 ns, At safepoint: 53600 ns, Total: 226200 ns
[2020-05-01T11:26:57.400+0000][1][safepoint    ] Safepoint "Cleanup", Time since last: 1000215200 ns, Reaching safepoint: 146400 ns, At safepoint: 52500 ns, Total: 198900 ns
[2020-05-01T11:26:58.400+0000][1][safepoint    ] Safepoint "Cleanup", Time since last: 1000203700 ns, Reaching safepoint: 151200 ns, At safepoint: 50000 ns, Total: 201200 ns
[2020-05-01T11:26:59.401+0000][1][safepoint    ] Safepoint "Cleanup", Time since last: 1000228100 ns, Reaching safepoint: 169700 ns, At safepoint: 67200 ns, Total: 236900 ns
[2020-05-01T11:27:00.402+0000][1][safepoint    ] Safepoint "Cleanup", Time since last: 1000377300 ns, Reaching safepoint: 450700 ns, At safepoint: 118400 ns, Total: 569100 ns
[2020-05-01T11:27:01.402+0000][1][safepoint    ] Safepoint "Cleanup", Time since last: 1000269200 ns, Reaching safepoint: 135300 ns, At safepoint: 47700 ns, Total: 183000 ns
[2020-05-01T11:27:02.403+0000][1][safepoint    ] Safepoint "Cleanup", Time since last: 1000136400 ns, Reaching safepoint: 141500 ns, At safepoint: 52200 ns, Total: 193700 ns
[2020-05-01T11:27:03.403+0000][1][safepoint    ] Safepoint "Cleanup", Time since last: 1000168000 ns, Reaching safepoint: 201900 ns, At safepoint: 45200 ns, Total: 247100 ns
[2020-05-01T11:27:04.404+0000][1][safepoint    ] Safepoint "Cleanup", Time since last: 1000281400 ns, Reaching safepoint: 140000 ns, At safepoint: 70800 ns, Total: 210800 ns
[2020-05-01T11:27:05.404+0000][1][safepoint    ] Safepoint "Cleanup", Time since last: 1000198800 ns, Reaching safepoint: 152000 ns, At safepoint: 62200 ns, Total: 214200 ns
[2020-05-01T11:27:06.404+0000][1][safepoint    ] Safepoint "Cleanup", Time since last: 1000180500 ns, Reaching safepoint: 132100 ns, At safepoint: 34100 ns, Total: 166200 ns
[2020-05-01T11:27:07.405+0000][1][safepoint    ] Safepoint "Cleanup", Time since last: 1000172400 ns, Reaching safepoint: 141100 ns, At safepoint: 50900 ns, Total: 192000 ns
[2020-05-01T11:27:08.405+0000][1][safepoint    ] Safepoint "Cleanup", Time since last: 1000183500 ns, Reaching safepoint: 136500 ns, At safepoint: 54800 ns, Total: 191300 ns
[2020-05-01T11:27:09.405+0000][1][safepoint    ] Safepoint "Cleanup", Time since last: 1000171100 ns, Reaching safepoint: 135200 ns, At safepoint: 62700 ns, Total: 197900 ns
[2020-05-01T11:27:10.406+0000][1][safepoint    ] Safepoint "Cleanup", Time since last: 1000263500 ns, Reaching safepoint: 148100 ns, At safepoint: 44200 ns, Total: 192300 ns
[2020-05-01T11:27:11.407+0000][1][safepoint    ] Safepoint "Cleanup", Time since last: 1000201800 ns, Reaching safepoint: 419600 ns, At safepoint: 51600 ns, Total: 471200 ns
[2020-05-01T11:27:12.407+0000][1][safepoint    ] Safepoint "Cleanup", Time since last: 1000184400 ns, Reaching safepoint: 132600 ns, At safepoint: 50400 ns, Total: 183000 ns
[2020-05-01T11:27:13.407+0000][1][safepoint    ] Safepoint "Cleanup", Time since last: 1000175000 ns, Reaching safepoint: 135000 ns, At safepoint: 53000 ns, Total: 188000 ns
[2020-05-01T11:27:14.408+0000][1][safepoint    ] Safepoint "Cleanup", Time since last: 1000194300 ns, Reaching safepoint: 143000 ns, At safepoint: 49800 ns, Total: 192800 ns
[2020-05-01T11:27:15.408+0000][1][safepoint    ] Safepoint "Cleanup", Time since last: 1000317400 ns, Reaching safepoint: 366400 ns, At safepoint: 151100 ns, Total: 517500 ns
[2020-05-01T11:27:16.409+0000][1][safepoint    ] Safepoint "Cleanup", Time since last: 1000296400 ns, Reaching safepoint: 131100 ns, At safepoint: 50300 ns, Total: 181400 ns
[2020-05-01T11:27:17.409+0000][1][safepoint    ] Safepoint "Cleanup", Time since last: 1000189200 ns, Reaching safepoint: 139100 ns, At safepoint: 66100 ns, Total: 205200 ns
[2020-05-01T11:27:18.410+0000][1][safepoint    ] Safepoint "Cleanup", Time since last: 1000214300 ns, Reaching safepoint: 153800 ns, At safepoint: 53400 ns, Total: 207200 ns
[2020-05-01T11:27:19.410+0000][1][safepoint    ] Safepoint "Cleanup", Time since last: 1000145100 ns, Reaching safepoint: 138000 ns, At safepoint: 55900 ns, Total: 193900 ns
[2020-05-01T11:27:20.410+0000][1][safepoint    ] Safepoint "Cleanup", Time since last: 1000192800 ns, Reaching safepoint: 141400 ns, At safepoint: 51200 ns, Total: 192600 ns
[2020-05-01T11:27:21.411+0000][1][safepoint    ] Safepoint "Cleanup", Time since last: 1000140600 ns, Reaching safepoint: 147900 ns, At safepoint: 53100 ns, Total: 201000 ns
[2020-05-01T11:27:22.411+0000][1][safepoint    ] Safepoint "Cleanup", Time since last: 1000260600 ns, Reaching safepoint: 143300 ns, At safepoint: 54800 ns, Total: 198100 ns
[2020-05-01T11:27:23.412+0000][1][safepoint    ] Safepoint "Cleanup", Time since last: 1000141100 ns, Reaching safepoint: 136100 ns, At safepoint: 67400 ns, Total: 203500 ns
[2020-05-01T11:27:24.412+0000][1][safepoint    ] Safepoint "Cleanup", Time since last: 1000140900 ns, Reaching safepoint: 134500 ns, At safepoint: 58400 ns, Total: 192900 ns
[2020-05-01T11:27:25.412+0000][1][safepoint    ] Safepoint "Cleanup", Time since last: 1000185000 ns, Reaching safepoint: 137300 ns, At safepoint: 73600 ns, Total: 210900 ns
[2020-05-01T11:27:26.413+0000][1][safepoint    ] Safepoint "Cleanup", Time since last: 1000230800 ns, Reaching safepoint: 168200 ns, At safepoint: 53600 ns, Total: 221800 ns
[2020-05-01T11:27:27.413+0000][1][safepoint    ] Safepoint "Cleanup", Time since last: 1000173900 ns, Reaching safepoint: 138800 ns, At safepoint: 54300 ns, Total: 193100 ns
[2020-05-01T11:27:28.414+0000][1][safepoint    ] Safepoint "Cleanup", Time since last: 1000158200 ns, Reaching safepoint: 140600 ns, At safepoint: 50300 ns, Total: 190900 ns
[2020-05-01T11:27:29.414+0000][1][safepoint    ] Safepoint "Cleanup", Time since last: 1000195100 ns, Reaching safepoint: 140400 ns, At safepoint: 54500 ns, Total: 194900 ns
[2020-05-01T11:27:30.414+0000][1][safepoint    ] Safepoint "Cleanup", Time since last: 1000186000 ns, Reaching safepoint: 134300 ns, At safepoint: 54800 ns, Total: 189100 ns
[2020-05-01T11:27:31.415+0000][1][safepoint    ] Safepoint "Cleanup", Time since last: 1000134000 ns, Reaching safepoint: 128400 ns, At safepoint: 54500 ns, Total: 182900 ns
[2020-05-01T11:27:32.415+0000][1][safepoint    ] Safepoint "Cleanup", Time since last: 1000178900 ns, Reaching safepoint: 144000 ns, At safepoint: 57300 ns, Total: 201300 ns
[2020-05-01T11:27:33.415+0000][1][safepoint    ] Safepoint "Cleanup", Time since last: 1000215200 ns, Reaching safepoint: 151200 ns, At safepoint: 62700 ns, Total: 213900 ns
[2020-05-01T11:27:34.416+0000][1][safepoint    ] Safepoint "Cleanup", Time since last: 1000227100 ns, Reaching safepoint: 161700 ns, At safepoint: 62000 ns, Total: 223700 ns
[2020-05-01T11:27:34.605+0000][1][gc,start     ] GC(20) Pause Young (Allocation Failure)
[2020-05-01T11:27:34.605+0000][1][gc,task      ] GC(20) Using 10 workers of 10 for evacuation
[2020-05-01T11:27:34.610+0000][1][gc,age       ] GC(20) Desired survivor size 8945664 bytes, new threshold 6 (max threshold 6)
[2020-05-01T11:27:34.610+0000][1][gc,age       ] GC(20) Age table with threshold 6 (max threshold 6)
[2020-05-01T11:27:34.610+0000][1][gc,age       ] GC(20) - age   1:     141608 bytes,     141608 total
[2020-05-01T11:27:34.610+0000][1][gc,age       ] GC(20) - age   2:    1220120 bytes,    1361728 total
[2020-05-01T11:27:34.610+0000][1][gc,age       ] GC(20) - age   3:    3796368 bytes,    5158096 total
[2020-05-01T11:27:34.610+0000][1][gc,heap      ] GC(20) ParNew: 146530K->7637K(157248K)
[2020-05-01T11:27:34.610+0000][1][gc,heap      ] GC(20) CMS: 76391K->76391K(349568K)
[2020-05-01T11:27:34.610+0000][1][gc,metaspace ] GC(20) Metaspace: 92847K->92847K(1134592K)
[2020-05-01T11:27:34.610+0000][1][gc           ] GC(20) Pause Young (Allocation Failure) 217M->82M(494M) 5.228ms
[2020-05-01T11:27:34.610+0000][1][gc,cpu       ] GC(20) User=0.03s Sys=0.00s Real=0.01s
[2020-05-01T11:27:34.610+0000][1][safepoint    ] Safepoint "GenCollectForAllocation", Time since last: 188987500 ns, Reaching safepoint: 127200 ns, At safepoint: 5325400 ns, Total: 5452600 ns
[2020-05-01T11:27:34.612+0000][1][safepoint    ] Safepoint "RevokeBias", Time since last: 1684500 ns, Reaching safepoint: 133300 ns, At safepoint: 76000 ns, Total: 209300 ns
[2020-05-01T11:27:34.613+0000][1][safepoint    ] Safepoint "RevokeBias", Time since last: 177300 ns, Reaching safepoint: 225600 ns, At safepoint: 106600 ns, Total: 332200 ns
[2020-05-01T11:27:34.613+0000][1][safepoint    ] Safepoint "RevokeBias", Time since last: 171400 ns, Reaching safepoint: 70500 ns, At safepoint: 70000 ns, Total: 140500 ns
[2020-05-01T11:27:35.340+0000][1][safepoint    ] Safepoint "RevokeBias", Time since last: 726928100 ns, Reaching safepoint: 153100 ns, At safepoint: 98600 ns, Total: 251700 ns
[2020-05-01T11:27:35.341+0000][1][safepoint    ] Safepoint "RevokeBias", Time since last: 148200 ns, Reaching safepoint: 196000 ns, At safepoint: 112300 ns, Total: 308300 ns
[2020-05-01T11:27:35.341+0000][1][safepoint    ] Safepoint "RevokeBias", Time since last: 184500 ns, Reaching safepoint: 70400 ns, At safepoint: 94800 ns, Total: 165200 ns
[2020-05-01T11:27:35.342+0000][1][safepoint    ] Safepoint "RevokeBias", Time since last: 183300 ns, Reaching safepoint: 203300 ns, At safepoint: 140700 ns, Total: 344000 ns
[2020-05-01T11:27:35.342+0000][1][safepoint    ] Safepoint "RevokeBias", Time since last: 141900 ns, Reaching safepoint: 102300 ns, At safepoint: 84100 ns, Total: 186400 ns
[2020-05-01T11:27:35.342+0000][1][safepoint    ] Safepoint "RevokeBias", Time since last: 181300 ns, Reaching safepoint: 98600 ns, At safepoint: 72400 ns, Total: 171000 ns
[2020-05-01T11:27:35.343+0000][1][safepoint    ] Safepoint "RevokeBias", Time since last: 164000 ns, Reaching safepoint: 70000 ns, At safepoint: 88400 ns, Total: 158400 ns
[2020-05-01T11:27:35.343+0000][1][safepoint    ] Safepoint "RevokeBias", Time since last: 116200 ns, Reaching safepoint: 68500 ns, At safepoint: 70900 ns, Total: 139400 ns
[2020-05-01T11:27:36.343+0000][1][safepoint    ] Safepoint "Cleanup", Time since last: 1000220100 ns, Reaching safepoint: 144500 ns, At safepoint: 97900 ns, Total: 242400 ns
[2020-05-01T11:27:37.344+0000][1][safepoint    ] Safepoint "Cleanup", Time since last: 1000225200 ns, Reaching safepoint: 143600 ns, At safepoint: 55400 ns, Total: 199000 ns
[2020-05-01T11:27:38.344+0000][1][safepoint    ] Safepoint "Cleanup", Time since last: 1000219900 ns, Reaching safepoint: 188800 ns, At safepoint: 55300 ns, Total: 244100 ns
[2020-05-01T11:27:39.345+0000][1][safepoint    ] Safepoint "Cleanup", Time since last: 1000206900 ns, Reaching safepoint: 133900 ns, At safepoint: 53300 ns, Total: 187200 ns
[2020-05-01T11:27:40.345+0000][1][safepoint    ] Safepoint "Cleanup", Time since last: 1000192000 ns, Reaching safepoint: 144800 ns, At safepoint: 74400 ns, Total: 219200 ns
[2020-05-01T11:27:41.345+0000][1][safepoint    ] Safepoint "Cleanup", Time since last: 1000255400 ns, Reaching safepoint: 138100 ns, At safepoint: 52200 ns, Total: 190300 ns
[2020-05-01T11:27:42.346+0000][1][safepoint    ] Safepoint "Cleanup", Time since last: 1000195400 ns, Reaching safepoint: 138200 ns, At safepoint: 51300 ns, Total: 189500 ns
[2020-05-01T11:27:43.346+0000][1][safepoint    ] Safepoint "Cleanup", Time since last: 1000197700 ns, Reaching safepoint: 414800 ns, At safepoint: 42900 ns, Total: 457700 ns
[2020-05-01T11:27:44.347+0000][1][safepoint    ] Safepoint "Cleanup", Time since last: 1000245600 ns, Reaching safepoint: 141500 ns, At safepoint: 58800 ns, Total: 200300 ns
[2020-05-01T11:27:45.347+0000][1][safepoint    ] Safepoint "Cleanup", Time since last: 1000173000 ns, Reaching safepoint: 145600 ns, At safepoint: 38300 ns, Total: 183900 ns
[2020-05-01T11:27:46.348+0000][1][safepoint    ] Safepoint "Cleanup", Time since last: 1000138300 ns, Reaching safepoint: 132900 ns, At safepoint: 76100 ns, Total: 209000 ns
[2020-05-01T11:27:46.543+0000][1][safepoint    ] Safepoint "RevokeBias", Time since last: 195710600 ns, Reaching safepoint: 124200 ns, At safepoint: 52800 ns, Total: 177000 ns
[2020-05-01T11:27:47.544+0000][1][safepoint    ] Safepoint "Cleanup", Time since last: 1000305200 ns, Reaching safepoint: 149900 ns, At safepoint: 61100 ns, Total: 211000 ns
[2020-05-01T11:27:48.544+0000][1][safepoint    ] Safepoint "Cleanup", Time since last: 1000211100 ns, Reaching safepoint: 136900 ns, At safepoint: 63500 ns, Total: 200400 ns
[2020-05-01T11:27:49.545+0000][1][safepoint    ] Safepoint "Cleanup", Time since last: 1000178100 ns, Reaching safepoint: 152600 ns, At safepoint: 65600 ns, Total: 218200 ns
[2020-05-01T11:27:50.545+0000][1][safepoint    ] Safepoint "Cleanup", Time since last: 1000211000 ns, Reaching safepoint: 139800 ns, At safepoint: 74300 ns, Total: 214100 ns
[2020-05-01T11:27:51.546+0000][1][safepoint    ] Safepoint "Cleanup", Time since last: 1000199900 ns, Reaching safepoint: 152300 ns, At safepoint: 57300 ns, Total: 209600 ns
[2020-05-01T11:27:52.546+0000][1][safepoint    ] Safepoint "Cleanup", Time since last: 1000180300 ns, Reaching safepoint: 120800 ns, At safepoint: 40700 ns, Total: 161500 ns
[2020-05-01T11:27:53.415+0000][1][safepoint    ] Safepoint "RevokeBias", Time since last: 868428100 ns, Reaching safepoint: 126300 ns, At safepoint: 83600 ns, Total: 209900 ns
[2020-05-01T11:27:53.450+0000][1][safepoint    ] Safepoint "RevokeBias", Time since last: 34988700 ns, Reaching safepoint: 129600 ns, At safepoint: 48600 ns, Total: 178200 ns
[2020-05-01T11:27:53.451+0000][1][safepoint    ] Safepoint "RevokeBias", Time since last: 581400 ns, Reaching safepoint: 194600 ns, At safepoint: 91400 ns, Total: 286000 ns
[2020-05-01T11:27:53.455+0000][1][safepoint    ] Safepoint "RevokeBias", Time since last: 4105900 ns, Reaching safepoint: 120700 ns, At safepoint: 49800 ns, Total: 170500 ns
[2020-05-01T11:27:53.456+0000][1][safepoint    ] Safepoint "RevokeBias", Time since last: 866000 ns, Reaching safepoint: 120900 ns, At safepoint: 66700 ns, Total: 187600 ns
[2020-05-01T11:27:53.456+0000][1][safepoint    ] Safepoint "RevokeBias", Time since last: 371000 ns, Reaching safepoint: 87800 ns, At safepoint: 48600 ns, Total: 136400 ns
[2020-05-01T11:27:53.457+0000][1][safepoint    ] Safepoint "RevokeBias", Time since last: 133200 ns, Reaching safepoint: 130600 ns, At safepoint: 56000 ns, Total: 186600 ns
[2020-05-01T11:27:53.462+0000][1][safepoint    ] Safepoint "BulkRevokeBias", Time since last: 4587100 ns, Reaching safepoint: 130900 ns, At safepoint: 524800 ns, Total: 655700 ns
[2020-05-01T11:27:53.467+0000][1][safepoint    ] Safepoint "RevokeBias", Time since last: 4966400 ns, Reaching safepoint: 180900 ns, At safepoint: 104300 ns, Total: 285200 ns
[2020-05-01T11:27:53.468+0000][1][safepoint    ] Safepoint "RevokeBias", Time since last: 360000 ns, Reaching safepoint: 107700 ns, At safepoint: 59800 ns, Total: 167500 ns
[2020-05-01T11:27:54.468+0000][1][safepoint    ] Safepoint "Cleanup", Time since last: 1000232600 ns, Reaching safepoint: 144200 ns, At safepoint: 53900 ns, Total: 198100 ns
[2020-05-01T11:27:55.469+0000][1][safepoint    ] Safepoint "Cleanup", Time since last: 1000217500 ns, Reaching safepoint: 168500 ns, At safepoint: 70800 ns, Total: 239300 ns
[2020-05-01T11:27:56.469+0000][1][safepoint    ] Safepoint "Cleanup", Time since last: 1000204900 ns, Reaching safepoint: 161200 ns, At safepoint: 55100 ns, Total: 216300 ns
[2020-05-01T11:27:57.470+0000][1][safepoint    ] Safepoint "Cleanup", Time since last: 1000215200 ns, Reaching safepoint: 148000 ns, At safepoint: 51900 ns, Total: 199900 ns
[2020-05-01T11:27:58.413+0000][1][safepoint    ] Safepoint "RevokeBias", Time since last: 942997600 ns, Reaching safepoint: 133900 ns, At safepoint: 47900 ns, Total: 181800 ns
[2020-05-01T11:27:58.413+0000][1][safepoint    ] Safepoint "RevokeBias", Time since last: 179200 ns, Reaching safepoint: 68800 ns, At safepoint: 40600 ns, Total: 109400 ns
[2020-05-01T11:27:58.445+0000][1][safepoint    ] Safepoint "RevokeBias", Time since last: 32063000 ns, Reaching safepoint: 122800 ns, At safepoint: 54900 ns, Total: 177700 ns
[2020-05-01T11:27:58.446+0000][1][safepoint    ] Safepoint "RevokeBias", Time since last: 409700 ns, Reaching safepoint: 145200 ns, At safepoint: 47400 ns, Total: 192600 ns
[2020-05-01T11:27:58.449+0000][1][safepoint    ] Safepoint "RevokeBias", Time since last: 3109700 ns, Reaching safepoint: 129400 ns, At safepoint: 67000 ns, Total: 196400 ns
[2020-05-01T11:27:58.450+0000][1][safepoint    ] Safepoint "RevokeBias", Time since last: 250900 ns, Reaching safepoint: 81300 ns, At safepoint: 46300 ns, Total: 127600 ns
[2020-05-01T11:27:58.457+0000][1][safepoint    ] Safepoint "RevokeBias", Time since last: 7644000 ns, Reaching safepoint: 177700 ns, At safepoint: 97800 ns, Total: 275500 ns
[2020-05-01T11:27:58.458+0000][1][safepoint    ] Safepoint "RevokeBias", Time since last: 322100 ns, Reaching safepoint: 95600 ns, At safepoint: 91700 ns, Total: 187300 ns
[2020-05-01T11:27:59.458+0000][1][safepoint    ] Safepoint "Cleanup", Time since last: 1000262200 ns, Reaching safepoint: 153500 ns, At safepoint: 64100 ns, Total: 217600 ns
[2020-05-01T11:28:00.459+0000][1][safepoint    ] Safepoint "Cleanup", Time since last: 1000261000 ns, Reaching safepoint: 386900 ns, At safepoint: 129800 ns, Total: 516700 ns
[2020-05-01T11:28:01.460+0000][1][safepoint    ] Safepoint "Cleanup", Time since last: 1000275600 ns, Reaching safepoint: 136400 ns, At safepoint: 64600 ns, Total: 201000 ns
[2020-05-01T11:28:02.460+0000][1][safepoint    ] Safepoint "Cleanup", Time since last: 1000182800 ns, Reaching safepoint: 140000 ns, At safepoint: 67800 ns, Total: 207800 ns
[2020-05-01T11:28:03.460+0000][1][safepoint    ] Safepoint "Cleanup", Time since last: 1000144500 ns, Reaching safepoint: 133400 ns, At safepoint: 67800 ns, Total: 201200 ns
[2020-05-01T11:28:04.461+0000][1][safepoint    ] Safepoint "Cleanup", Time since last: 1000153600 ns, Reaching safepoint: 147200 ns, At safepoint: 43900 ns, Total: 191100 ns
[2020-05-01T11:28:05.461+0000][1][safepoint    ] Safepoint "Cleanup", Time since last: 1000221900 ns, Reaching safepoint: 137200 ns, At safepoint: 52200 ns, Total: 189400 ns
[2020-05-01T11:28:06.462+0000][1][safepoint    ] Safepoint "Cleanup", Time since last: 1000216600 ns, Reaching safepoint: 130200 ns, At safepoint: 54500 ns, Total: 184700 ns
[2020-05-01T11:28:07.462+0000][1][safepoint    ] Safepoint "Cleanup", Time since last: 1000177400 ns, Reaching safepoint: 130900 ns, At safepoint: 54300 ns, Total: 185200 ns
[2020-05-01T11:28:08.462+0000][1][safepoint    ] Safepoint "Cleanup", Time since last: 1000187600 ns, Reaching safepoint: 128300 ns, At safepoint: 51800 ns, Total: 180100 ns
[2020-05-01T11:28:09.463+0000][1][safepoint    ] Safepoint "Cleanup", Time since last: 1000189700 ns, Reaching safepoint: 155000 ns, At safepoint: 59200 ns, Total: 214200 ns
[2020-05-01T11:28:10.463+0000][1][safepoint    ] Safepoint "Cleanup", Time since last: 1000263400 ns, Reaching safepoint: 137300 ns, At safepoint: 55900 ns, Total: 193200 ns
[2020-05-01T11:28:11.464+0000][1][safepoint    ] Safepoint "Cleanup", Time since last: 1000272200 ns, Reaching safepoint: 191200 ns, At safepoint: 98200 ns, Total: 289400 ns
[2020-05-01T11:28:12.464+0000][1][safepoint    ] Safepoint "Cleanup", Time since last: 1000139700 ns, Reaching safepoint: 132900 ns, At safepoint: 50900 ns, Total: 183800 ns
[2020-05-01T11:28:13.464+0000][1][safepoint    ] Safepoint "Cleanup", Time since last: 1000200800 ns, Reaching safepoint: 131200 ns, At safepoint: 43100 ns, Total: 174300 ns
[2020-05-01T11:28:14.465+0000][1][safepoint    ] Safepoint "Cleanup", Time since last: 1000192700 ns, Reaching safepoint: 139800 ns, At safepoint: 50500 ns, Total: 190300 ns
[2020-05-01T11:28:15.343+0000][1][safepoint    ] Safepoint "RevokeBias", Time since last: 878399200 ns, Reaching safepoint: 115900 ns, At safepoint: 72100 ns, Total: 188000 ns
[2020-05-01T11:28:16.344+0000][1][safepoint    ] Safepoint "Cleanup", Time since last: 1000217600 ns, Reaching safepoint: 137700 ns, At safepoint: 69000 ns, Total: 206700 ns
[2020-05-01T11:28:17.344+0000][1][safepoint    ] Safepoint "Cleanup", Time since last: 1000205500 ns, Reaching safepoint: 143600 ns, At safepoint: 55800 ns, Total: 199400 ns
[2020-05-01T11:28:18.345+0000][1][safepoint    ] Safepoint "Cleanup", Time since last: 1000152900 ns, Reaching safepoint: 132400 ns, At safepoint: 52500 ns, Total: 184900 ns
[2020-05-01T11:28:19.345+0000][1][safepoint    ] Safepoint "Cleanup", Time since last: 1000198700 ns, Reaching safepoint: 148500 ns, At safepoint: 63500 ns, Total: 212000 ns
[2020-05-01T11:28:20.345+0000][1][safepoint    ] Safepoint "Cleanup", Time since last: 1000195800 ns, Reaching safepoint: 146400 ns, At safepoint: 54500 ns, Total: 200900 ns
[2020-05-01T11:28:21.346+0000][1][safepoint    ] Safepoint "Cleanup", Time since last: 1000250800 ns, Reaching safepoint: 141800 ns, At safepoint: 57100 ns, Total: 198900 ns
[2020-05-01T11:28:22.346+0000][1][safepoint    ] Safepoint "Cleanup", Time since last: 1000282000 ns, Reaching safepoint: 204900 ns, At safepoint: 36800 ns, Total: 241700 ns
[2020-05-01T11:28:23.347+0000][1][safepoint    ] Safepoint "Cleanup", Time since last: 1000256600 ns, Reaching safepoint: 144100 ns, At safepoint: 58000 ns, Total: 202100 ns
[2020-05-01T11:28:24.347+0000][1][safepoint    ] Safepoint "Cleanup", Time since last: 1000176300 ns, Reaching safepoint: 134900 ns, At safepoint: 55000 ns, Total: 189900 ns
[2020-05-01T11:28:25.348+0000][1][safepoint    ] Safepoint "Cleanup", Time since last: 1000168100 ns, Reaching safepoint: 147100 ns, At safepoint: 79000 ns, Total: 226100 ns
[2020-05-01T11:28:26.348+0000][1][safepoint    ] Safepoint "Cleanup", Time since last: 1000192400 ns, Reaching safepoint: 176200 ns, At safepoint: 49500 ns, Total: 225700 ns
[2020-05-01T11:28:27.348+0000][1][safepoint    ] Safepoint "Cleanup", Time since last: 1000218000 ns, Reaching safepoint: 156000 ns, At safepoint: 55400 ns, Total: 211400 ns
[2020-05-01T11:28:28.349+0000][1][safepoint    ] Safepoint "Cleanup", Time since last: 1000231900 ns, Reaching safepoint: 132700 ns, At safepoint: 51800 ns, Total: 184500 ns
[2020-05-01T11:28:29.349+0000][1][safepoint    ] Safepoint "Cleanup", Time since last: 1000176100 ns, Reaching safepoint: 153800 ns, At safepoint: 57100 ns, Total: 210900 ns
[2020-05-01T11:28:30.350+0000][1][safepoint    ] Safepoint "Cleanup", Time since last: 1000220600 ns, Reaching safepoint: 229400 ns, At safepoint: 62300 ns, Total: 291700 ns
[2020-05-01T11:28:31.350+0000][1][safepoint    ] Safepoint "Cleanup", Time since last: 1000178400 ns, Reaching safepoint: 133800 ns, At safepoint: 43500 ns, Total: 177300 ns
[2020-05-01T11:28:32.350+0000][1][safepoint    ] Safepoint "Cleanup", Time since last: 1000177500 ns, Reaching safepoint: 143300 ns, At safepoint: 67600 ns, Total: 210900 ns
[2020-05-01T11:28:33.351+0000][1][safepoint    ] Safepoint "Cleanup", Time since last: 1000180800 ns, Reaching safepoint: 132100 ns, At safepoint: 51000 ns, Total: 183100 ns
[2020-05-01T11:28:34.351+0000][1][safepoint    ] Safepoint "Cleanup", Time since last: 1000196100 ns, Reaching safepoint: 127700 ns, At safepoint: 71100 ns, Total: 198800 ns
[2020-05-01T11:28:35.876+0000][1][safepoint    ] Safepoint "Cleanup", Time since last: 1524343400 ns, Reaching safepoint: 224800 ns, At safepoint: 39400 ns, Total: 264200 ns
[2020-05-01T11:28:36.876+0000][1][safepoint    ] Safepoint "Cleanup", Time since last: 1000226800 ns, Reaching safepoint: 282000 ns, At safepoint: 42100 ns, Total: 324100 ns
[2020-05-01T11:28:37.877+0000][1][safepoint    ] Safepoint "Cleanup", Time since last: 1000166800 ns, Reaching safepoint: 229400 ns, At safepoint: 62800 ns, Total: 292200 ns
[2020-05-01T11:28:38.877+0000][1][safepoint    ] Safepoint "Cleanup", Time since last: 1000203600 ns, Reaching safepoint: 134000 ns, At safepoint: 53100 ns, Total: 187100 ns
[2020-05-01T11:28:39.878+0000][1][safepoint    ] Safepoint "Cleanup", Time since last: 1000203700 ns, Reaching safepoint: 134200 ns, At safepoint: 54300 ns, Total: 188500 ns
[2020-05-01T11:28:40.878+0000][1][safepoint    ] Safepoint "Cleanup", Time since last: 1000202600 ns, Reaching safepoint: 254500 ns, At safepoint: 87700 ns, Total: 342200 ns
[2020-05-01T11:28:41.879+0000][1][safepoint    ] Safepoint "Cleanup", Time since last: 1000219300 ns, Reaching safepoint: 131800 ns, At safepoint: 54100 ns, Total: 185900 ns
[2020-05-01T11:28:42.879+0000][1][safepoint    ] Safepoint "Cleanup", Time since last: 1000136500 ns, Reaching safepoint: 128200 ns, At safepoint: 96300 ns, Total: 224500 ns
[2020-05-01T11:28:43.879+0000][1][safepoint    ] Safepoint "Cleanup", Time since last: 1000224300 ns, Reaching safepoint: 132900 ns, At safepoint: 54500 ns, Total: 187400 ns
[2020-05-01T11:28:44.880+0000][1][safepoint    ] Safepoint "Cleanup", Time since last: 1000202900 ns, Reaching safepoint: 191100 ns, At safepoint: 76500 ns, Total: 267600 ns
[2020-05-01T11:28:45.880+0000][1][safepoint    ] Safepoint "Cleanup", Time since last: 1000189900 ns, Reaching safepoint: 151700 ns, At safepoint: 50700 ns, Total: 202400 ns
[2020-05-01T11:28:46.881+0000][1][safepoint    ] Safepoint "Cleanup", Time since last: 1000215900 ns, Reaching safepoint: 188900 ns, At safepoint: 74400 ns, Total: 263300 ns
[2020-05-01T11:28:47.881+0000][1][safepoint    ] Safepoint "Cleanup", Time since last: 1000205000 ns, Reaching safepoint: 140700 ns, At safepoint: 51300 ns, Total: 192000 ns
[2020-05-01T11:28:48.882+0000][1][safepoint    ] Safepoint "Cleanup", Time since last: 1000192500 ns, Reaching safepoint: 134700 ns, At safepoint: 54100 ns, Total: 188800 ns
[2020-05-01T11:28:49.882+0000][1][safepoint    ] Safepoint "Cleanup", Time since last: 1000198500 ns, Reaching safepoint: 145900 ns, At safepoint: 57800 ns, Total: 203700 ns
[2020-05-01T11:28:50.882+0000][1][safepoint    ] Safepoint "Cleanup", Time since last: 1000161600 ns, Reaching safepoint: 131000 ns, At safepoint: 53100 ns, Total: 184100 ns
[2020-05-01T11:28:51.883+0000][1][safepoint    ] Safepoint "Cleanup", Time since last: 1000209900 ns, Reaching safepoint: 133800 ns, At safepoint: 45300 ns, Total: 179100 ns
[2020-05-01T11:28:52.883+0000][1][safepoint    ] Safepoint "Cleanup", Time since last: 1000242900 ns, Reaching safepoint: 152700 ns, At safepoint: 55800 ns, Total: 208500 ns
[2020-05-01T11:28:53.883+0000][1][safepoint    ] Safepoint "Cleanup", Time since last: 1000163000 ns, Reaching safepoint: 138300 ns, At safepoint: 52700 ns, Total: 191000 ns
[2020-05-01T11:28:54.884+0000][1][safepoint    ] Safepoint "Cleanup", Time since last: 1000255200 ns, Reaching safepoint: 135800 ns, At safepoint: 55400 ns, Total: 191200 ns
[2020-05-01T11:28:55.884+0000][1][safepoint    ] Safepoint "Cleanup", Time since last: 1000152700 ns, Reaching safepoint: 144600 ns, At safepoint: 53400 ns, Total: 198000 ns
[2020-05-01T11:28:56.885+0000][1][safepoint    ] Safepoint "Cleanup", Time since last: 1000239300 ns, Reaching safepoint: 135300 ns, At safepoint: 56200 ns, Total: 191500 ns
[2020-05-01T11:28:57.885+0000][1][safepoint    ] Safepoint "Cleanup", Time since last: 1000177600 ns, Reaching safepoint: 204700 ns, At safepoint: 36300 ns, Total: 241000 ns
[2020-05-01T11:28:58.886+0000][1][safepoint    ] Safepoint "Cleanup", Time since last: 1000673300 ns, Reaching safepoint: 140700 ns, At safepoint: 49700 ns, Total: 190400 ns
[2020-05-01T11:28:59.886+0000][1][safepoint    ] Safepoint "Cleanup", Time since last: 1000178100 ns, Reaching safepoint: 172300 ns, At safepoint: 62200 ns, Total: 234500 ns
[2020-05-01T11:29:00.888+0000][1][safepoint    ] Safepoint "Cleanup", Time since last: 1000328100 ns, Reaching safepoint: 664600 ns, At safepoint: 193600 ns, Total: 858200 ns
[2020-05-01T11:29:01.888+0000][1][safepoint    ] Safepoint "Cleanup", Time since last: 1000275300 ns, Reaching safepoint: 127700 ns, At safepoint: 74900 ns, Total: 202600 ns
[2020-05-01T11:29:02.888+0000][1][safepoint    ] Safepoint "Cleanup", Time since last: 1000130600 ns, Reaching safepoint: 162700 ns, At safepoint: 72700 ns, Total: 235400 ns
[2020-05-01T11:29:03.889+0000][1][safepoint    ] Safepoint "Cleanup", Time since last: 1000248900 ns, Reaching safepoint: 158700 ns, At safepoint: 93900 ns, Total: 252600 ns
[2020-05-01T11:29:04.889+0000][1][safepoint    ] Safepoint "Cleanup", Time since last: 1000164900 ns, Reaching safepoint: 130100 ns, At safepoint: 53900 ns, Total: 184000 ns
[2020-05-01T11:29:05.890+0000][1][safepoint    ] Safepoint "Cleanup", Time since last: 1000139800 ns, Reaching safepoint: 160400 ns, At safepoint: 47600 ns, Total: 208000 ns
[2020-05-01T11:29:06.890+0000][1][safepoint    ] Safepoint "Cleanup", Time since last: 1000180800 ns, Reaching safepoint: 133100 ns, At safepoint: 50200 ns, Total: 183300 ns
[2020-05-01T11:29:07.890+0000][1][safepoint    ] Safepoint "Cleanup", Time since last: 1000190100 ns, Reaching safepoint: 138600 ns, At safepoint: 50800 ns, Total: 189400 ns
[2020-05-01T11:29:08.891+0000][1][safepoint    ] Safepoint "Cleanup", Time since last: 1000150600 ns, Reaching safepoint: 127700 ns, At safepoint: 51100 ns, Total: 178800 ns
[2020-05-01T11:29:09.892+0000][1][safepoint    ] Safepoint "Cleanup", Time since last: 1000384400 ns, Reaching safepoint: 333600 ns, At safepoint: 162600 ns, Total: 496200 ns
[2020-05-01T11:29:10.893+0000][1][safepoint    ] Safepoint "Cleanup", Time since last: 1000581300 ns, Reaching safepoint: 301200 ns, At safepoint: 148200 ns, Total: 449400 ns
[2020-05-01T11:29:11.894+0000][1][safepoint    ] Safepoint "Cleanup", Time since last: 1000352000 ns, Reaching safepoint: 473300 ns, At safepoint: 155100 ns, Total: 628400 ns
[2020-05-01T11:29:12.894+0000][1][safepoint    ] Safepoint "Cleanup", Time since last: 1000194500 ns, Reaching safepoint: 136100 ns, At safepoint: 50500 ns, Total: 186600 ns
[2020-05-01T11:29:13.894+0000][1][safepoint    ] Safepoint "Cleanup", Time since last: 1000215200 ns, Reaching safepoint: 142200 ns, At safepoint: 45500 ns, Total: 187700 ns
[2020-05-01T11:29:14.895+0000][1][safepoint    ] Safepoint "Cleanup", Time since last: 1000267100 ns, Reaching safepoint: 311400 ns, At safepoint: 128200 ns, Total: 439600 ns
[2020-05-01T11:29:15.896+0000][1][safepoint    ] Safepoint "Cleanup", Time since last: 1000281700 ns, Reaching safepoint: 132800 ns, At safepoint: 65500 ns, Total: 198300 ns
[2020-05-01T11:29:16.897+0000][1][safepoint    ] Safepoint "Cleanup", Time since last: 1000493100 ns, Reaching safepoint: 482900 ns, At safepoint: 96900 ns, Total: 579800 ns
[2020-05-01T11:29:17.897+0000][1][safepoint    ] Safepoint "Cleanup", Time since last: 1000356300 ns, Reaching safepoint: 240800 ns, At safepoint: 111400 ns, Total: 352200 ns
[2020-05-01T11:29:18.898+0000][1][safepoint    ] Safepoint "Cleanup", Time since last: 1000164600 ns, Reaching safepoint: 131700 ns, At safepoint: 40800 ns, Total: 172500 ns
[2020-05-01T11:29:19.898+0000][1][safepoint    ] Safepoint "Cleanup", Time since last: 1000196700 ns, Reaching safepoint: 155500 ns, At safepoint: 62400 ns, Total: 217900 ns
[2020-05-01T11:29:20.899+0000][1][safepoint    ] Safepoint "Cleanup", Time since last: 1000363700 ns, Reaching safepoint: 316300 ns, At safepoint: 121100 ns, Total: 437400 ns
[2020-05-01T11:29:21.899+0000][1][safepoint    ] Safepoint "Cleanup", Time since last: 1000285700 ns, Reaching safepoint: 137300 ns, At safepoint: 41900 ns, Total: 179200 ns
[2020-05-01T11:29:22.900+0000][1][safepoint    ] Safepoint "Cleanup", Time since last: 1000266500 ns, Reaching safepoint: 290100 ns, At safepoint: 112000 ns, Total: 402100 ns
[2020-05-01T11:29:23.900+0000][1][safepoint    ] Safepoint "Cleanup", Time since last: 1000194200 ns, Reaching safepoint: 134700 ns, At safepoint: 39800 ns, Total: 174500 ns
[2020-05-01T11:29:24.901+0000][1][safepoint    ] Safepoint "Cleanup", Time since last: 1000209200 ns, Reaching safepoint: 136900 ns, At safepoint: 57300 ns, Total: 194200 ns
[2020-05-01T11:29:25.901+0000][1][safepoint    ] Safepoint "Cleanup", Time since last: 1000186500 ns, Reaching safepoint: 139200 ns, At safepoint: 36700 ns, Total: 175900 ns
[2020-05-01T11:29:26.902+0000][1][safepoint    ] Safepoint "Cleanup", Time since last: 1000187700 ns, Reaching safepoint: 134200 ns, At safepoint: 56500 ns, Total: 190700 ns
[2020-05-01T11:29:27.902+0000][1][safepoint    ] Safepoint "Cleanup", Time since last: 1000221900 ns, Reaching safepoint: 208700 ns, At safepoint: 83800 ns, Total: 292500 ns
[2020-05-01T11:29:28.902+0000][1][safepoint    ] Safepoint "Cleanup", Time since last: 1000161900 ns, Reaching safepoint: 144100 ns, At safepoint: 56300 ns, Total: 200400 ns
[2020-05-01T11:29:29.903+0000][1][safepoint    ] Safepoint "Cleanup", Time since last: 1000217100 ns, Reaching safepoint: 131400 ns, At safepoint: 71200 ns, Total: 202600 ns
[2020-05-01T11:29:30.903+0000][1][safepoint    ] Safepoint "Cleanup", Time since last: 1000206700 ns, Reaching safepoint: 139200 ns, At safepoint: 58800 ns, Total: 198000 ns
[2020-05-01T11:29:31.904+0000][1][safepoint    ] Safepoint "Cleanup", Time since last: 1000190100 ns, Reaching safepoint: 158900 ns, At safepoint: 57200 ns, Total: 216100 ns
[2020-05-01T11:29:32.905+0000][1][safepoint    ] Safepoint "Cleanup", Time since last: 1000415500 ns, Reaching safepoint: 308300 ns, At safepoint: 154600 ns, Total: 462900 ns
[2020-05-01T11:29:33.905+0000][1][safepoint    ] Safepoint "Cleanup", Time since last: 1000413800 ns, Reaching safepoint: 282500 ns, At safepoint: 129200 ns, Total: 411700 ns
[2020-05-01T11:29:34.906+0000][1][safepoint    ] Safepoint "Cleanup", Time since last: 1000619500 ns, Reaching safepoint: 244400 ns, At safepoint: 139100 ns, Total: 383500 ns
[2020-05-01T11:29:35.908+0000][1][safepoint    ] Safepoint "Cleanup", Time since last: 1000970700 ns, Reaching safepoint: 394900 ns, At safepoint: 167000 ns, Total: 561900 ns
[2020-05-01T11:29:36.908+0000][1][safepoint    ] Safepoint "Cleanup", Time since last: 1000368900 ns, Reaching safepoint: 148900 ns, At safepoint: 55200 ns, Total: 204100 ns
[2020-05-01T11:29:37.909+0000][1][safepoint    ] Safepoint "Cleanup", Time since last: 1000238700 ns, Reaching safepoint: 133900 ns, At safepoint: 47400 ns, Total: 181300 ns
[2020-05-01T11:29:38.909+0000][1][safepoint    ] Safepoint "Cleanup", Time since last: 1000295800 ns, Reaching safepoint: 134300 ns, At safepoint: 61000 ns, Total: 195300 ns
[2020-05-01T11:29:39.910+0000][1][safepoint    ] Safepoint "Cleanup", Time since last: 1000302300 ns, Reaching safepoint: 144000 ns, At safepoint: 71500 ns, Total: 215500 ns
[2020-05-01T11:29:40.910+0000][1][safepoint    ] Safepoint "Cleanup", Time since last: 1000178800 ns, Reaching safepoint: 136300 ns, At safepoint: 53200 ns, Total: 189500 ns
[2020-05-01T11:29:41.911+0000][1][safepoint    ] Safepoint "Cleanup", Time since last: 1000583900 ns, Reaching safepoint: 130400 ns, At safepoint: 56400 ns, Total: 186800 ns
[2020-05-01T11:29:42.911+0000][1][safepoint    ] Safepoint "Cleanup", Time since last: 1000154100 ns, Reaching safepoint: 125800 ns, At safepoint: 55800 ns, Total: 181600 ns
[2020-05-01T11:29:43.912+0000][1][safepoint    ] Safepoint "Cleanup", Time since last: 1000211000 ns, Reaching safepoint: 128700 ns, At safepoint: 57700 ns, Total: 186400 ns
[2020-05-01T11:29:44.912+0000][1][safepoint    ] Safepoint "Cleanup", Time since last: 1000208700 ns, Reaching safepoint: 133400 ns, At safepoint: 41200 ns, Total: 174600 ns
[2020-05-01T11:29:45.912+0000][1][safepoint    ] Safepoint "Cleanup", Time since last: 1000187700 ns, Reaching safepoint: 131700 ns, At safepoint: 53400 ns, Total: 185100 ns
[2020-05-01T11:29:46.913+0000][1][safepoint    ] Safepoint "Cleanup", Time since last: 1000647300 ns, Reaching safepoint: 147400 ns, At safepoint: 85000 ns, Total: 232400 ns
[2020-05-01T11:29:47.914+0000][1][safepoint    ] Safepoint "Cleanup", Time since last: 1000590700 ns, Reaching safepoint: 282500 ns, At safepoint: 148100 ns, Total: 430600 ns
[2020-05-01T11:29:48.915+0000][1][safepoint    ] Safepoint "Cleanup", Time since last: 1000215200 ns, Reaching safepoint: 135600 ns, At safepoint: 57400 ns, Total: 193000 ns
[2020-05-01T11:29:49.915+0000][1][safepoint    ] Safepoint "Cleanup", Time since last: 1000153400 ns, Reaching safepoint: 126900 ns, At safepoint: 52800 ns, Total: 179700 ns
[2020-05-01T11:29:50.916+0000][1][safepoint    ] Safepoint "Cleanup", Time since last: 1000633100 ns, Reaching safepoint: 384900 ns, At safepoint: 247100 ns, Total: 632000 ns
[2020-05-01T11:29:51.917+0000][1][safepoint    ] Safepoint "Cleanup", Time since last: 1000267500 ns, Reaching safepoint: 130200 ns, At safepoint: 54300 ns, Total: 184500 ns
[2020-05-01T11:29:52.917+0000][1][safepoint    ] Safepoint "Cleanup", Time since last: 1000171900 ns, Reaching safepoint: 128600 ns, At safepoint: 50800 ns, Total: 179400 ns
[2020-05-01T11:29:53.918+0000][1][safepoint    ] Safepoint "Cleanup", Time since last: 1000143500 ns, Reaching safepoint: 145600 ns, At safepoint: 67100 ns, Total: 212700 ns
[2020-05-01T11:29:54.918+0000][1][safepoint    ] Safepoint "Cleanup", Time since last: 1000266600 ns, Reaching safepoint: 128400 ns, At safepoint: 57100 ns, Total: 185500 ns
[2020-05-01T11:29:55.918+0000][1][safepoint    ] Safepoint "Cleanup", Time since last: 1000205600 ns, Reaching safepoint: 132900 ns, At safepoint: 53100 ns, Total: 186000 ns
[2020-05-01T11:29:56.919+0000][1][safepoint    ] Safepoint "Cleanup", Time since last: 1000229900 ns, Reaching safepoint: 139600 ns, At safepoint: 58600 ns, Total: 198200 ns
[2020-05-01T11:29:57.919+0000][1][safepoint    ] Safepoint "Cleanup", Time since last: 1000199000 ns, Reaching safepoint: 143000 ns, At safepoint: 55900 ns, Total: 198900 ns
[2020-05-01T11:29:58.920+0000][1][safepoint    ] Safepoint "Cleanup", Time since last: 1000190200 ns, Reaching safepoint: 185500 ns, At safepoint: 39400 ns, Total: 224900 ns
[2020-05-01T11:29:59.920+0000][1][safepoint    ] Safepoint "Cleanup", Time since last: 1000185800 ns, Reaching safepoint: 132400 ns, At safepoint: 54100 ns, Total: 186500 ns
[2020-05-01T11:30:00.920+0000][1][safepoint    ] Safepoint "Cleanup", Time since last: 1000250400 ns, Reaching safepoint: 145300 ns, At safepoint: 61200 ns, Total: 206500 ns
[2020-05-01T11:30:01.921+0000][1][safepoint    ] Safepoint "Cleanup", Time since last: 1000182400 ns, Reaching safepoint: 136800 ns, At safepoint: 52700 ns, Total: 189500 ns
[2020-05-01T11:30:02.921+0000][1][safepoint    ] Safepoint "Cleanup", Time since last: 1000199700 ns, Reaching safepoint: 145700 ns, At safepoint: 55600 ns, Total: 201300 ns
[2020-05-01T11:30:03.922+0000][1][safepoint    ] Safepoint "Cleanup", Time since last: 1000235700 ns, Reaching safepoint: 167000 ns, At safepoint: 70700 ns, Total: 237700 ns
[2020-05-01T11:30:04.922+0000][1][safepoint    ] Safepoint "Cleanup", Time since last: 1000166800 ns, Reaching safepoint: 131800 ns, At safepoint: 58700 ns, Total: 190500 ns
[2020-05-01T11:30:05.922+0000][1][safepoint    ] Safepoint "Cleanup", Time since last: 1000192800 ns, Reaching safepoint: 142600 ns, At safepoint: 55400 ns, Total: 198000 ns
[2020-05-01T11:30:06.607+0000][1][gc,start     ] GC(21) Pause Young (Allocation Failure)
[2020-05-01T11:30:06.607+0000][1][gc,task      ] GC(21) Using 10 workers of 10 for evacuation
[2020-05-01T11:30:06.613+0000][1][gc,age       ] GC(21) Desired survivor size 8945664 bytes, new threshold 6 (max threshold 6)
[2020-05-01T11:30:06.613+0000][1][gc,age       ] GC(21) Age table with threshold 6 (max threshold 6)
[2020-05-01T11:30:06.613+0000][1][gc,age       ] GC(21) - age   1:     387784 bytes,     387784 total
[2020-05-01T11:30:06.613+0000][1][gc,age       ] GC(21) - age   2:      75792 bytes,     463576 total
[2020-05-01T11:30:06.613+0000][1][gc,age       ] GC(21) - age   3:     997488 bytes,    1461064 total
[2020-05-01T11:30:06.613+0000][1][gc,age       ] GC(21) - age   4:    3625768 bytes,    5086832 total
[2020-05-01T11:30:06.613+0000][1][gc,heap      ] GC(21) ParNew: 147413K->7953K(157248K)
[2020-05-01T11:30:06.613+0000][1][gc,heap      ] GC(21) CMS: 76391K->76391K(349568K)
[2020-05-01T11:30:06.613+0000][1][gc,metaspace ] GC(21) Metaspace: 93307K->93307K(1134592K)
[2020-05-01T11:30:06.613+0000][1][gc           ] GC(21) Pause Young (Allocation Failure) 218M->82M(494M) 6.169ms
[2020-05-01T11:30:06.613+0000][1][gc,cpu       ] GC(21) User=0.03s Sys=0.00s Real=0.00s
[2020-05-01T11:30:06.613+0000][1][safepoint    ] Safepoint "GenCollectForAllocation", Time since last: 683913400 ns, Reaching safepoint: 123300 ns, At safepoint: 6262300 ns, Total: 6385600 ns
[2020-05-01T11:30:07.613+0000][1][safepoint    ] Safepoint "Cleanup", Time since last: 1000216200 ns, Reaching safepoint: 140400 ns, At safepoint: 52800 ns, Total: 193200 ns
[2020-05-01T11:30:08.614+0000][1][safepoint    ] Safepoint "Cleanup", Time since last: 1000172100 ns, Reaching safepoint: 139000 ns, At safepoint: 51000 ns, Total: 190000 ns
[2020-05-01T11:30:09.614+0000][1][safepoint    ] Safepoint "Cleanup", Time since last: 1000248000 ns, Reaching safepoint: 134400 ns, At safepoint: 45200 ns, Total: 179600 ns
[2020-05-01T11:30:10.614+0000][1][safepoint    ] Safepoint "Cleanup", Time since last: 1000180200 ns, Reaching safepoint: 127700 ns, At safepoint: 49500 ns, Total: 177200 ns
[2020-05-01T11:30:11.615+0000][1][safepoint    ] Safepoint "Cleanup", Time since last: 1000175600 ns, Reaching safepoint: 231300 ns, At safepoint: 76800 ns, Total: 308100 ns
[2020-05-01T11:30:12.615+0000][1][safepoint    ] Safepoint "Cleanup", Time since last: 1000193800 ns, Reaching safepoint: 144700 ns, At safepoint: 51400 ns, Total: 196100 ns
[2020-05-01T11:30:13.616+0000][1][safepoint    ] Safepoint "Cleanup", Time since last: 1000175800 ns, Reaching safepoint: 127800 ns, At safepoint: 54000 ns, Total: 181800 ns
[2020-05-01T11:30:14.616+0000][1][safepoint    ] Safepoint "Cleanup", Time since last: 1000169700 ns, Reaching safepoint: 142700 ns, At safepoint: 49200 ns, Total: 191900 ns
[2020-05-01T11:30:15.616+0000][1][safepoint    ] Safepoint "Cleanup", Time since last: 1000195600 ns, Reaching safepoint: 136800 ns, At safepoint: 50800 ns, Total: 187600 ns
[2020-05-01T11:30:16.617+0000][1][safepoint    ] Safepoint "Cleanup", Time since last: 1000197500 ns, Reaching safepoint: 224500 ns, At safepoint: 67900 ns, Total: 292400 ns
[2020-05-01T11:30:17.617+0000][1][safepoint    ] Safepoint "Cleanup", Time since last: 1000165400 ns, Reaching safepoint: 144600 ns, At safepoint: 52300 ns, Total: 196900 ns
[2020-05-01T11:30:18.617+0000][1][safepoint    ] Safepoint "Cleanup", Time since last: 1000174300 ns, Reaching safepoint: 125500 ns, At safepoint: 43100 ns, Total: 168600 ns
[2020-05-01T11:30:19.618+0000][1][safepoint    ] Safepoint "Cleanup", Time since last: 1000189600 ns, Reaching safepoint: 130500 ns, At safepoint: 53400 ns, Total: 183900 ns
[2020-05-01T11:30:20.618+0000][1][safepoint    ] Safepoint "Cleanup", Time since last: 1000216600 ns, Reaching safepoint: 129700 ns, At safepoint: 35800 ns, Total: 165500 ns
[2020-05-01T11:30:21.619+0000][1][safepoint    ] Safepoint "Cleanup", Time since last: 1000234500 ns, Reaching safepoint: 129400 ns, At safepoint: 77200 ns, Total: 206600 ns
[2020-05-01T11:30:22.619+0000][1][safepoint    ] Safepoint "Cleanup", Time since last: 1000181400 ns, Reaching safepoint: 122100 ns, At safepoint: 58600 ns, Total: 180700 ns
[2020-05-01T11:30:23.619+0000][1][safepoint    ] Safepoint "Cleanup", Time since last: 1000189100 ns, Reaching safepoint: 149200 ns, At safepoint: 40300 ns, Total: 189500 ns
[2020-05-01T11:30:24.620+0000][1][safepoint    ] Safepoint "Cleanup", Time since last: 1000231800 ns, Reaching safepoint: 134100 ns, At safepoint: 67500 ns, Total: 201600 ns
[2020-05-01T11:30:25.620+0000][1][safepoint    ] Safepoint "Cleanup", Time since last: 1000206800 ns, Reaching safepoint: 127100 ns, At safepoint: 51500 ns, Total: 178600 ns
[2020-05-01T11:30:26.621+0000][1][safepoint    ] Safepoint "Cleanup", Time since last: 1000232200 ns, Reaching safepoint: 268500 ns, At safepoint: 74200 ns, Total: 342700 ns
[2020-05-01T11:30:27.621+0000][1][safepoint    ] Safepoint "Cleanup", Time since last: 1000279200 ns, Reaching safepoint: 127500 ns, At safepoint: 64600 ns, Total: 192100 ns
[2020-05-01T11:30:28.622+0000][1][safepoint    ] Safepoint "Cleanup", Time since last: 1000188800 ns, Reaching safepoint: 139000 ns, At safepoint: 47300 ns, Total: 186300 ns
[2020-05-01T11:30:29.622+0000][1][safepoint    ] Safepoint "Cleanup", Time since last: 1000158600 ns, Reaching safepoint: 150000 ns, At safepoint: 77300 ns, Total: 227300 ns
[2020-05-01T11:30:30.623+0000][1][safepoint    ] Safepoint "Cleanup", Time since last: 1000191200 ns, Reaching safepoint: 189200 ns, At safepoint: 84600 ns, Total: 273800 ns
[2020-05-01T11:30:31.623+0000][1][safepoint    ] Safepoint "Cleanup", Time since last: 1000174100 ns, Reaching safepoint: 215600 ns, At safepoint: 126200 ns, Total: 341800 ns
[2020-05-01T11:30:32.623+0000][1][safepoint    ] Safepoint "Cleanup", Time since last: 1000198800 ns, Reaching safepoint: 163500 ns, At safepoint: 59900 ns, Total: 223400 ns
[2020-05-01T11:30:33.624+0000][1][safepoint    ] Safepoint "Cleanup", Time since last: 1000158600 ns, Reaching safepoint: 127200 ns, At safepoint: 52400 ns, Total: 179600 ns
[2020-05-01T11:30:34.624+0000][1][safepoint    ] Safepoint "Cleanup", Time since last: 1000187800 ns, Reaching safepoint: 133500 ns, At safepoint: 54900 ns, Total: 188400 ns
[2020-05-01T11:30:35.625+0000][1][safepoint    ] Safepoint "Cleanup", Time since last: 1000151600 ns, Reaching safepoint: 176700 ns, At safepoint: 51600 ns, Total: 228300 ns
[2020-05-01T11:30:36.625+0000][1][safepoint    ] Safepoint "Cleanup", Time since last: 1000208700 ns, Reaching safepoint: 129000 ns, At safepoint: 51500 ns, Total: 180500 ns
[2020-05-01T11:30:37.626+0000][1][safepoint    ] Safepoint "Cleanup", Time since last: 1000502900 ns, Reaching safepoint: 371900 ns, At safepoint: 203300 ns, Total: 575200 ns
[2020-05-01T11:30:38.626+0000][1][safepoint    ] Safepoint "Cleanup", Time since last: 1000287000 ns, Reaching safepoint: 128500 ns, At safepoint: 51600 ns, Total: 180100 ns
[2020-05-01T11:30:39.627+0000][1][safepoint    ] Safepoint "Cleanup", Time since last: 1000230900 ns, Reaching safepoint: 141100 ns, At safepoint: 45400 ns, Total: 186500 ns
[2020-05-01T11:30:40.627+0000][1][safepoint    ] Safepoint "Cleanup", Time since last: 1000203000 ns, Reaching safepoint: 124200 ns, At safepoint: 50600 ns, Total: 174800 ns
[2020-05-01T11:30:41.628+0000][1][safepoint    ] Safepoint "Cleanup", Time since last: 1000185600 ns, Reaching safepoint: 232200 ns, At safepoint: 88000 ns, Total: 320200 ns
[2020-05-01T11:30:42.628+0000][1][safepoint    ] Safepoint "Cleanup", Time since last: 1000225100 ns, Reaching safepoint: 129300 ns, At safepoint: 43700 ns, Total: 173000 ns
[2020-05-01T11:30:43.629+0000][1][safepoint    ] Safepoint "Cleanup", Time since last: 1000138600 ns, Reaching safepoint: 129100 ns, At safepoint: 69100 ns, Total: 198200 ns
[2020-05-01T11:30:44.629+0000][1][safepoint    ] Safepoint "Cleanup", Time since last: 1000168800 ns, Reaching safepoint: 138000 ns, At safepoint: 68300 ns, Total: 206300 ns
[2020-05-01T11:30:45.629+0000][1][safepoint    ] Safepoint "Cleanup", Time since last: 1000215600 ns, Reaching safepoint: 143900 ns, At safepoint: 64200 ns, Total: 208100 ns
[2020-05-01T11:30:46.630+0000][1][safepoint    ] Safepoint "Cleanup", Time since last: 1000214800 ns, Reaching safepoint: 220100 ns, At safepoint: 98600 ns, Total: 318700 ns
[2020-05-01T11:30:47.630+0000][1][safepoint    ] Safepoint "Cleanup", Time since last: 1000193900 ns, Reaching safepoint: 133600 ns, At safepoint: 52000 ns, Total: 185600 ns
[2020-05-01T11:30:48.631+0000][1][safepoint    ] Safepoint "Cleanup", Time since last: 1000238000 ns, Reaching safepoint: 229200 ns, At safepoint: 75100 ns, Total: 304300 ns
[2020-05-01T11:30:49.631+0000][1][safepoint    ] Safepoint "Cleanup", Time since last: 1000229700 ns, Reaching safepoint: 129400 ns, At safepoint: 53400 ns, Total: 182800 ns
[2020-05-01T11:30:50.632+0000][1][safepoint    ] Safepoint "Cleanup", Time since last: 1000175500 ns, Reaching safepoint: 141400 ns, At safepoint: 50900 ns, Total: 192300 ns
[2020-05-01T11:30:51.632+0000][1][safepoint    ] Safepoint "Cleanup", Time since last: 1000268100 ns, Reaching safepoint: 226800 ns, At safepoint: 71800 ns, Total: 298600 ns
[2020-05-01T11:30:52.632+0000][1][safepoint    ] Safepoint "Cleanup", Time since last: 1000153500 ns, Reaching safepoint: 146500 ns, At safepoint: 57400 ns, Total: 203900 ns
[2020-05-01T11:30:53.633+0000][1][safepoint    ] Safepoint "Cleanup", Time since last: 1000188400 ns, Reaching safepoint: 128200 ns, At safepoint: 39800 ns, Total: 168000 ns
[2020-05-01T11:30:54.633+0000][1][safepoint    ] Safepoint "Cleanup", Time since last: 1000179700 ns, Reaching safepoint: 126800 ns, At safepoint: 46100 ns, Total: 172900 ns
[2020-05-01T11:30:55.634+0000][1][safepoint    ] Safepoint "Cleanup", Time since last: 1000230200 ns, Reaching safepoint: 135000 ns, At safepoint: 53800 ns, Total: 188800 ns
[2020-05-01T11:30:56.634+0000][1][safepoint    ] Safepoint "Cleanup", Time since last: 1000199400 ns, Reaching safepoint: 229700 ns, At safepoint: 68200 ns, Total: 297900 ns
[2020-05-01T11:30:57.635+0000][1][safepoint    ] Safepoint "Cleanup", Time since last: 1000254700 ns, Reaching safepoint: 129900 ns, At safepoint: 52300 ns, Total: 182200 ns
[2020-05-01T11:30:58.635+0000][1][safepoint    ] Safepoint "Cleanup", Time since last: 1000192000 ns, Reaching safepoint: 143900 ns, At safepoint: 69200 ns, Total: 213100 ns
[2020-05-01T11:30:59.635+0000][1][safepoint    ] Safepoint "Cleanup", Time since last: 1000189800 ns, Reaching safepoint: 148300 ns, At safepoint: 54200 ns, Total: 202500 ns
[2020-05-01T11:31:00.636+0000][1][safepoint    ] Safepoint "Cleanup", Time since last: 1000287800 ns, Reaching safepoint: 246900 ns, At safepoint: 163300 ns, Total: 410200 ns
[2020-05-01T11:31:01.637+0000][1][safepoint    ] Safepoint "Cleanup", Time since last: 1000359400 ns, Reaching safepoint: 300800 ns, At safepoint: 86800 ns, Total: 387600 ns
[2020-05-01T11:31:02.637+0000][1][safepoint    ] Safepoint "Cleanup", Time since last: 1000186000 ns, Reaching safepoint: 127300 ns, At safepoint: 42800 ns, Total: 170100 ns
[2020-05-01T11:31:03.638+0000][1][safepoint    ] Safepoint "Cleanup", Time since last: 1000200500 ns, Reaching safepoint: 127600 ns, At safepoint: 52100 ns, Total: 179700 ns
[2020-05-01T11:31:04.638+0000][1][safepoint    ] Safepoint "Cleanup", Time since last: 1000217600 ns, Reaching safepoint: 247600 ns, At safepoint: 72600 ns, Total: 320200 ns
[2020-05-01T11:31:05.638+0000][1][safepoint    ] Safepoint "Cleanup", Time since last: 1000183400 ns, Reaching safepoint: 128600 ns, At safepoint: 38400 ns, Total: 167000 ns
[2020-05-01T11:31:06.639+0000][1][safepoint    ] Safepoint "Cleanup", Time since last: 1000163800 ns, Reaching safepoint: 231700 ns, At safepoint: 60100 ns, Total: 291800 ns
[2020-05-01T11:31:07.639+0000][1][safepoint    ] Safepoint "Cleanup", Time since last: 1000210500 ns, Reaching safepoint: 149400 ns, At safepoint: 41400 ns, Total: 190800 ns
[2020-05-01T11:31:08.640+0000][1][safepoint    ] Safepoint "Cleanup", Time since last: 1000240000 ns, Reaching safepoint: 138400 ns, At safepoint: 46900 ns, Total: 185300 ns
[2020-05-01T11:31:09.640+0000][1][safepoint    ] Safepoint "Cleanup", Time since last: 1000215100 ns, Reaching safepoint: 127200 ns, At safepoint: 49100 ns, Total: 176300 ns
[2020-05-01T11:31:10.641+0000][1][safepoint    ] Safepoint "Cleanup", Time since last: 1000227100 ns, Reaching safepoint: 151600 ns, At safepoint: 90200 ns, Total: 241800 ns
[2020-05-01T11:31:11.641+0000][1][safepoint    ] Safepoint "Cleanup", Time since last: 1000216500 ns, Reaching safepoint: 137800 ns, At safepoint: 76600 ns, Total: 214400 ns
[2020-05-01T11:31:12.641+0000][1][safepoint    ] Safepoint "Cleanup", Time since last: 1000178800 ns, Reaching safepoint: 135700 ns, At safepoint: 41400 ns, Total: 177100 ns
[2020-05-01T11:31:13.642+0000][1][safepoint    ] Safepoint "Cleanup", Time since last: 1000191200 ns, Reaching safepoint: 245500 ns, At safepoint: 89800 ns, Total: 335300 ns
[2020-05-01T11:31:14.642+0000][1][safepoint    ] Safepoint "Cleanup", Time since last: 1000174600 ns, Reaching safepoint: 132600 ns, At safepoint: 61900 ns, Total: 194500 ns
[2020-05-01T11:31:15.643+0000][1][safepoint    ] Safepoint "Cleanup", Time since last: 1000204600 ns, Reaching safepoint: 133400 ns, At safepoint: 83400 ns, Total: 216800 ns
[2020-05-01T11:31:16.643+0000][1][safepoint    ] Safepoint "Cleanup", Time since last: 1000184600 ns, Reaching safepoint: 152200 ns, At safepoint: 98400 ns, Total: 250600 ns
[2020-05-01T11:31:17.644+0000][1][safepoint    ] Safepoint "Cleanup", Time since last: 1000215800 ns, Reaching safepoint: 156000 ns, At safepoint: 59700 ns, Total: 215700 ns
[2020-05-01T11:31:18.644+0000][1][safepoint    ] Safepoint "Cleanup", Time since last: 1000320500 ns, Reaching safepoint: 297400 ns, At safepoint: 150400 ns, Total: 447800 ns
[2020-05-01T11:31:19.646+0000][1][safepoint    ] Safepoint "Cleanup", Time since last: 1000594100 ns, Reaching safepoint: 798200 ns, At safepoint: 426700 ns, Total: 1224900 ns
[2020-05-01T11:31:20.647+0000][1][safepoint    ] Safepoint "Cleanup", Time since last: 1000584400 ns, Reaching safepoint: 327800 ns, At safepoint: 176800 ns, Total: 504600 ns
[2020-05-01T11:31:21.649+0000][1][safepoint    ] Safepoint "Cleanup", Time since last: 1000641000 ns, Reaching safepoint: 954100 ns, At safepoint: 363700 ns, Total: 1317800 ns
[2020-05-01T11:31:22.651+0000][1][safepoint    ] Safepoint "Cleanup", Time since last: 1000487700 ns, Reaching safepoint: 762600 ns, At safepoint: 402900 ns, Total: 1165500 ns
[2020-05-01T11:31:23.652+0000][1][safepoint    ] Safepoint "Cleanup", Time since last: 1000625500 ns, Reaching safepoint: 328800 ns, At safepoint: 213000 ns, Total: 541800 ns
[2020-05-01T11:31:24.653+0000][1][safepoint    ] Safepoint "Cleanup", Time since last: 1000532900 ns, Reaching safepoint: 381300 ns, At safepoint: 211900 ns, Total: 593200 ns
[2020-05-01T11:31:25.655+0000][1][safepoint    ] Safepoint "Cleanup", Time since last: 1000523800 ns, Reaching safepoint: 703000 ns, At safepoint: 423300 ns, Total: 1126300 ns
[2020-05-01T11:31:26.656+0000][1][safepoint    ] Safepoint "Cleanup", Time since last: 1000426800 ns, Reaching safepoint: 463000 ns, At safepoint: 231600 ns, Total: 694600 ns
[2020-05-01T11:31:27.657+0000][1][safepoint    ] Safepoint "Cleanup", Time since last: 1000577700 ns, Reaching safepoint: 125200 ns, At safepoint: 58000 ns, Total: 183200 ns
[2020-05-01T11:31:28.657+0000][1][safepoint    ] Safepoint "Cleanup", Time since last: 1000316300 ns, Reaching safepoint: 287700 ns, At safepoint: 124300 ns, Total: 412000 ns
[2020-05-01T11:31:29.659+0000][1][safepoint    ] Safepoint "Cleanup", Time since last: 1000422200 ns, Reaching safepoint: 558000 ns, At safepoint: 187500 ns, Total: 745500 ns
[2020-05-01T11:31:30.659+0000][1][safepoint    ] Safepoint "Cleanup", Time since last: 1000699500 ns, Reaching safepoint: 178800 ns, At safepoint: 84900 ns, Total: 263700 ns
[2020-05-01T11:31:31.661+0000][1][safepoint    ] Safepoint "Cleanup", Time since last: 1000769500 ns, Reaching safepoint: 354000 ns, At safepoint: 299200 ns, Total: 653200 ns
[2020-05-01T11:31:32.662+0000][1][safepoint    ] Safepoint "Cleanup", Time since last: 1000493800 ns, Reaching safepoint: 382100 ns, At safepoint: 218600 ns, Total: 600700 ns
[2020-05-01T11:31:33.663+0000][1][safepoint    ] Safepoint "Cleanup", Time since last: 1000596300 ns, Reaching safepoint: 125400 ns, At safepoint: 53800 ns, Total: 179200 ns
[2020-05-01T11:31:34.664+0000][1][safepoint    ] Safepoint "Cleanup", Time since last: 1000663600 ns, Reaching safepoint: 655900 ns, At safepoint: 254100 ns, Total: 910000 ns
[2020-05-01T11:31:35.666+0000][1][safepoint    ] Safepoint "Cleanup", Time since last: 1000548100 ns, Reaching safepoint: 340000 ns, At safepoint: 246300 ns, Total: 586300 ns
[2020-05-01T11:31:36.667+0000][1][safepoint    ] Safepoint "Cleanup", Time since last: 1000446400 ns, Reaching safepoint: 424700 ns, At safepoint: 199600 ns, Total: 624300 ns
[2020-05-01T11:31:37.667+0000][1][safepoint    ] Safepoint "Cleanup", Time since last: 1000187800 ns, Reaching safepoint: 140600 ns, At safepoint: 45900 ns, Total: 186500 ns
[2020-05-01T11:31:38.667+0000][1][safepoint    ] Safepoint "Cleanup", Time since last: 1000183700 ns, Reaching safepoint: 130700 ns, At safepoint: 66500 ns, Total: 197200 ns
[2020-05-01T11:31:39.668+0000][1][safepoint    ] Safepoint "Cleanup", Time since last: 1000241100 ns, Reaching safepoint: 130800 ns, At safepoint: 56500 ns, Total: 187300 ns
[2020-05-01T11:31:40.668+0000][1][safepoint    ] Safepoint "Cleanup", Time since last: 1000118800 ns, Reaching safepoint: 117900 ns, At safepoint: 41900 ns, Total: 159800 ns
[2020-05-01T11:31:41.668+0000][1][safepoint    ] Safepoint "Cleanup", Time since last: 1000148400 ns, Reaching safepoint: 129800 ns, At safepoint: 55900 ns, Total: 185700 ns
[2020-05-01T11:31:42.669+0000][1][safepoint    ] Safepoint "Cleanup", Time since last: 1000173900 ns, Reaching safepoint: 144000 ns, At safepoint: 70300 ns, Total: 214300 ns
[2020-05-01T11:31:43.669+0000][1][safepoint    ] Safepoint "Cleanup", Time since last: 1000145000 ns, Reaching safepoint: 135500 ns, At safepoint: 52800 ns, Total: 188300 ns
[2020-05-01T11:31:44.669+0000][1][safepoint    ] Safepoint "Cleanup", Time since last: 1000191500 ns, Reaching safepoint: 142200 ns, At safepoint: 60500 ns, Total: 202700 ns
[2020-05-01T11:31:45.670+0000][1][safepoint    ] Safepoint "Cleanup", Time since last: 1000181900 ns, Reaching safepoint: 130000 ns, At safepoint: 54600 ns, Total: 184600 ns
[2020-05-01T11:31:46.670+0000][1][safepoint    ] Safepoint "Cleanup", Time since last: 1000146300 ns, Reaching safepoint: 143000 ns, At safepoint: 51400 ns, Total: 194400 ns
[2020-05-01T11:31:47.671+0000][1][safepoint    ] Safepoint "Cleanup", Time since last: 1000559000 ns, Reaching safepoint: 480500 ns, At safepoint: 203300 ns, Total: 683800 ns
[2020-05-01T11:31:48.672+0000][1][safepoint    ] Safepoint "Cleanup", Time since last: 1000627600 ns, Reaching safepoint: 204800 ns, At safepoint: 155600 ns, Total: 360400 ns
[2020-05-01T11:31:49.673+0000][1][safepoint    ] Safepoint "Cleanup", Time since last: 1000238100 ns, Reaching safepoint: 128500 ns, At safepoint: 49200 ns, Total: 177700 ns
[2020-05-01T11:31:50.674+0000][1][safepoint    ] Safepoint "Cleanup", Time since last: 1000677100 ns, Reaching safepoint: 460000 ns, At safepoint: 169300 ns, Total: 629300 ns
[2020-05-01T11:31:51.676+0000][1][safepoint    ] Safepoint "Cleanup", Time since last: 1001020700 ns, Reaching safepoint: 297500 ns, At safepoint: 164600 ns, Total: 462100 ns
[2020-05-01T11:31:52.676+0000][1][safepoint    ] Safepoint "Cleanup", Time since last: 1000235700 ns, Reaching safepoint: 114100 ns, At safepoint: 41200 ns, Total: 155300 ns
[2020-05-01T11:31:53.676+0000][1][safepoint    ] Safepoint "Cleanup", Time since last: 1000244300 ns, Reaching safepoint: 127900 ns, At safepoint: 54200 ns, Total: 182100 ns
[2020-05-01T11:31:54.677+0000][1][safepoint    ] Safepoint "Cleanup", Time since last: 1000146700 ns, Reaching safepoint: 124800 ns, At safepoint: 51400 ns, Total: 176200 ns
[2020-05-01T11:31:55.677+0000][1][safepoint    ] Safepoint "Cleanup", Time since last: 1000131100 ns, Reaching safepoint: 114800 ns, At safepoint: 44300 ns, Total: 159100 ns
[2020-05-01T11:31:56.677+0000][1][safepoint    ] Safepoint "Cleanup", Time since last: 1000133300 ns, Reaching safepoint: 124000 ns, At safepoint: 52500 ns, Total: 176500 ns
[2020-05-01T11:31:57.678+0000][1][safepoint    ] Safepoint "Cleanup", Time since last: 1000159600 ns, Reaching safepoint: 126900 ns, At safepoint: 52400 ns, Total: 179300 ns
[2020-05-01T11:31:58.678+0000][1][safepoint    ] Safepoint "Cleanup", Time since last: 1000191500 ns, Reaching safepoint: 147800 ns, At safepoint: 53700 ns, Total: 201500 ns
[2020-05-01T11:31:59.679+0000][1][safepoint    ] Safepoint "Cleanup", Time since last: 1000209500 ns, Reaching safepoint: 149600 ns, At safepoint: 59500 ns, Total: 209100 ns
[2020-05-01T11:32:00.679+0000][1][safepoint    ] Safepoint "Cleanup", Time since last: 1000252000 ns, Reaching safepoint: 134400 ns, At safepoint: 58900 ns, Total: 193300 ns
[2020-05-01T11:32:01.679+0000][1][safepoint    ] Safepoint "Cleanup", Time since last: 1000139900 ns, Reaching safepoint: 125800 ns, At safepoint: 50900 ns, Total: 176700 ns
[2020-05-01T11:32:02.680+0000][1][safepoint    ] Safepoint "Cleanup", Time since last: 1000168100 ns, Reaching safepoint: 139700 ns, At safepoint: 72800 ns, Total: 212500 ns
[2020-05-01T11:32:03.680+0000][1][safepoint    ] Safepoint "Cleanup", Time since last: 1000300900 ns, Reaching safepoint: 153400 ns, At safepoint: 65100 ns, Total: 218500 ns
[2020-05-01T11:32:04.681+0000][1][safepoint    ] Safepoint "Cleanup", Time since last: 1000202900 ns, Reaching safepoint: 135500 ns, At safepoint: 50100 ns, Total: 185600 ns
[2020-05-01T11:32:05.681+0000][1][safepoint    ] Safepoint "Cleanup", Time since last: 1000197200 ns, Reaching safepoint: 129400 ns, At safepoint: 55100 ns, Total: 184500 ns
[2020-05-01T11:32:06.681+0000][1][safepoint    ] Safepoint "Cleanup", Time since last: 1000214200 ns, Reaching safepoint: 142500 ns, At safepoint: 63700 ns, Total: 206200 ns
[2020-05-01T11:32:07.682+0000][1][safepoint    ] Safepoint "Cleanup", Time since last: 1000213200 ns, Reaching safepoint: 140700 ns, At safepoint: 61200 ns, Total: 201900 ns
[2020-05-01T11:32:08.682+0000][1][safepoint    ] Safepoint "Cleanup", Time since last: 1000242400 ns, Reaching safepoint: 153500 ns, At safepoint: 64500 ns, Total: 218000 ns
[2020-05-01T11:32:09.683+0000][1][safepoint    ] Safepoint "Cleanup", Time since last: 1000282300 ns, Reaching safepoint: 272900 ns, At safepoint: 76400 ns, Total: 349300 ns
[2020-05-01T11:32:10.683+0000][1][safepoint    ] Safepoint "Cleanup", Time since last: 1000174400 ns, Reaching safepoint: 165200 ns, At safepoint: 78700 ns, Total: 243900 ns
[2020-05-01T11:32:11.684+0000][1][safepoint    ] Safepoint "Cleanup", Time since last: 1000169700 ns, Reaching safepoint: 136700 ns, At safepoint: 48300 ns, Total: 185000 ns
[2020-05-01T11:32:12.684+0000][1][safepoint    ] Safepoint "Cleanup", Time since last: 1000216700 ns, Reaching safepoint: 124700 ns, At safepoint: 53400 ns, Total: 178100 ns
[2020-05-01T11:32:13.684+0000][1][safepoint    ] Safepoint "Cleanup", Time since last: 1000136600 ns, Reaching safepoint: 167600 ns, At safepoint: 50900 ns, Total: 218500 ns
[2020-05-01T11:32:14.685+0000][1][safepoint    ] Safepoint "Cleanup", Time since last: 1000276700 ns, Reaching safepoint: 191800 ns, At safepoint: 104400 ns, Total: 296200 ns
[2020-05-01T11:32:15.685+0000][1][safepoint    ] Safepoint "Cleanup", Time since last: 1000221200 ns, Reaching safepoint: 174700 ns, At safepoint: 77400 ns, Total: 252100 ns
[2020-05-01T11:32:16.686+0000][1][safepoint    ] Safepoint "Cleanup", Time since last: 1000192000 ns, Reaching safepoint: 156400 ns, At safepoint: 76800 ns, Total: 233200 ns
[2020-05-01T11:32:17.686+0000][1][safepoint    ] Safepoint "Cleanup", Time since last: 1000224000 ns, Reaching safepoint: 181100 ns, At safepoint: 78400 ns, Total: 259500 ns
[2020-05-01T11:32:18.687+0000][1][safepoint    ] Safepoint "Cleanup", Time since last: 1000197200 ns, Reaching safepoint: 142500 ns, At safepoint: 84700 ns, Total: 227200 ns
[2020-05-01T11:32:19.687+0000][1][safepoint    ] Safepoint "Cleanup", Time since last: 1000192200 ns, Reaching safepoint: 135800 ns, At safepoint: 55400 ns, Total: 191200 ns
[2020-05-01T11:32:20.688+0000][1][safepoint    ] Safepoint "Cleanup", Time since last: 1000197500 ns, Reaching safepoint: 134400 ns, At safepoint: 55300 ns, Total: 189700 ns
[2020-05-01T11:32:21.688+0000][1][safepoint    ] Safepoint "Cleanup", Time since last: 1000188400 ns, Reaching safepoint: 132500 ns, At safepoint: 52500 ns, Total: 185000 ns
[2020-05-01T11:32:22.688+0000][1][safepoint    ] Safepoint "Cleanup", Time since last: 1000137000 ns, Reaching safepoint: 127900 ns, At safepoint: 51000 ns, Total: 178900 ns
[2020-05-01T11:32:23.689+0000][1][safepoint    ] Safepoint "Cleanup", Time since last: 1000210700 ns, Reaching safepoint: 139600 ns, At safepoint: 54500 ns, Total: 194100 ns
[2020-05-01T11:32:23.936+0000][1][safepoint    ] Safepoint "RevokeBias", Time since last: 246897700 ns, Reaching safepoint: 350600 ns, At safepoint: 198500 ns, Total: 549100 ns
[2020-05-01T11:32:24.057+0000][1][safepoint    ] Safepoint "RevokeBias", Time since last: 120761300 ns, Reaching safepoint: 335900 ns, At safepoint: 212900 ns, Total: 548800 ns
[2020-05-01T11:32:24.059+0000][1][safepoint    ] Safepoint "RevokeBias", Time since last: 748100 ns, Reaching safepoint: 337800 ns, At safepoint: 183600 ns, Total: 521400 ns
[2020-05-01T11:32:24.077+0000][1][safepoint    ] Safepoint "RevokeBias", Time since last: 17102500 ns, Reaching safepoint: 441700 ns, At safepoint: 349300 ns, Total: 791000 ns
[2020-05-01T11:32:25.078+0000][1][safepoint    ] Safepoint "Cleanup", Time since last: 1000692800 ns, Reaching safepoint: 258500 ns, At safepoint: 127100 ns, Total: 385600 ns
[2020-05-01T11:32:26.079+0000][1][safepoint    ] Safepoint "Cleanup", Time since last: 1000763000 ns, Reaching safepoint: 405200 ns, At safepoint: 197700 ns, Total: 602900 ns
[2020-05-01T11:32:27.079+0000][1][safepoint    ] Safepoint "Cleanup", Time since last: 1000263200 ns, Reaching safepoint: 119400 ns, At safepoint: 66300 ns, Total: 185700 ns
[2020-05-01T11:32:28.080+0000][1][safepoint    ] Safepoint "Cleanup", Time since last: 1000214000 ns, Reaching safepoint: 122900 ns, At safepoint: 53800 ns, Total: 176700 ns
[2020-05-01T11:32:29.080+0000][1][safepoint    ] Safepoint "Cleanup", Time since last: 1000176900 ns, Reaching safepoint: 144400 ns, At safepoint: 41000 ns, Total: 185400 ns
[2020-05-01T11:32:30.081+0000][1][safepoint    ] Safepoint "Cleanup", Time since last: 1000198100 ns, Reaching safepoint: 146900 ns, At safepoint: 59300 ns, Total: 206200 ns
[2020-05-01T11:32:31.081+0000][1][safepoint    ] Safepoint "Cleanup", Time since last: 1000183300 ns, Reaching safepoint: 123900 ns, At safepoint: 50100 ns, Total: 174000 ns
[2020-05-01T11:32:32.081+0000][1][safepoint    ] Safepoint "Cleanup", Time since last: 1000164000 ns, Reaching safepoint: 117100 ns, At safepoint: 49700 ns, Total: 166800 ns
[2020-05-01T11:32:33.082+0000][1][safepoint    ] Safepoint "Cleanup", Time since last: 1000161800 ns, Reaching safepoint: 128800 ns, At safepoint: 54400 ns, Total: 183200 ns
[2020-05-01T11:32:34.082+0000][1][safepoint    ] Safepoint "Cleanup", Time since last: 1000187600 ns, Reaching safepoint: 126300 ns, At safepoint: 62300 ns, Total: 188600 ns
[2020-05-01T11:32:35.082+0000][1][safepoint    ] Safepoint "Cleanup", Time since last: 1000187500 ns, Reaching safepoint: 135100 ns, At safepoint: 50800 ns, Total: 185900 ns
[2020-05-01T11:32:36.083+0000][1][safepoint    ] Safepoint "Cleanup", Time since last: 1000157800 ns, Reaching safepoint: 132500 ns, At safepoint: 62800 ns, Total: 195300 ns
[2020-05-01T11:32:37.083+0000][1][safepoint    ] Safepoint "Cleanup", Time since last: 1000151100 ns, Reaching safepoint: 122900 ns, At safepoint: 41000 ns, Total: 163900 ns
[2020-05-01T11:32:38.083+0000][1][safepoint    ] Safepoint "Cleanup", Time since last: 1000146500 ns, Reaching safepoint: 166700 ns, At safepoint: 55000 ns, Total: 221700 ns
[2020-05-01T11:32:39.084+0000][1][safepoint    ] Safepoint "Cleanup", Time since last: 1000211200 ns, Reaching safepoint: 124500 ns, At safepoint: 56000 ns, Total: 180500 ns
[2020-05-01T11:32:40.084+0000][1][safepoint    ] Safepoint "Cleanup", Time since last: 1000235300 ns, Reaching safepoint: 139800 ns, At safepoint: 55600 ns, Total: 195400 ns
[2020-05-01T11:32:41.085+0000][1][safepoint    ] Safepoint "Cleanup", Time since last: 1000163400 ns, Reaching safepoint: 129000 ns, At safepoint: 54700 ns, Total: 183700 ns
[2020-05-01T11:32:42.085+0000][1][safepoint    ] Safepoint "Cleanup", Time since last: 1000216600 ns, Reaching safepoint: 131500 ns, At safepoint: 50800 ns, Total: 182300 ns
[2020-05-01T11:32:43.085+0000][1][safepoint    ] Safepoint "Cleanup", Time since last: 1000134100 ns, Reaching safepoint: 139400 ns, At safepoint: 51800 ns, Total: 191200 ns
[2020-05-01T11:32:44.086+0000][1][safepoint    ] Safepoint "Cleanup", Time since last: 1000127800 ns, Reaching safepoint: 125900 ns, At safepoint: 53800 ns, Total: 179700 ns
[2020-05-01T11:32:45.086+0000][1][safepoint    ] Safepoint "Cleanup", Time since last: 1000184500 ns, Reaching safepoint: 153500 ns, At safepoint: 55900 ns, Total: 209400 ns
[2020-05-01T11:32:46.086+0000][1][safepoint    ] Safepoint "Cleanup", Time since last: 1000229200 ns, Reaching safepoint: 133700 ns, At safepoint: 58000 ns, Total: 191700 ns
[2020-05-01T11:32:47.087+0000][1][safepoint    ] Safepoint "Cleanup", Time since last: 1000146600 ns, Reaching safepoint: 117900 ns, At safepoint: 38300 ns, Total: 156200 ns
[2020-05-01T11:32:48.087+0000][1][safepoint    ] Safepoint "Cleanup", Time since last: 1000211400 ns, Reaching safepoint: 135000 ns, At safepoint: 54500 ns, Total: 189500 ns
[2020-05-01T11:32:49.088+0000][1][safepoint    ] Safepoint "Cleanup", Time since last: 1000174900 ns, Reaching safepoint: 126000 ns, At safepoint: 54100 ns, Total: 180100 ns
[2020-05-01T11:32:50.088+0000][1][safepoint    ] Safepoint "Cleanup", Time since last: 1000193800 ns, Reaching safepoint: 132100 ns, At safepoint: 80200 ns, Total: 212300 ns
[2020-05-01T11:32:51.088+0000][1][safepoint    ] Safepoint "Cleanup", Time since last: 1000194100 ns, Reaching safepoint: 126000 ns, At safepoint: 54800 ns, Total: 180800 ns
[2020-05-01T11:32:52.089+0000][1][safepoint    ] Safepoint "Cleanup", Time since last: 1000182500 ns, Reaching safepoint: 125400 ns, At safepoint: 44200 ns, Total: 169600 ns
[2020-05-01T11:32:53.089+0000][1][safepoint    ] Safepoint "Cleanup", Time since last: 1000163500 ns, Reaching safepoint: 145000 ns, At safepoint: 54100 ns, Total: 199100 ns
[2020-05-01T11:32:54.089+0000][1][safepoint    ] Safepoint "Cleanup", Time since last: 1000170100 ns, Reaching safepoint: 118800 ns, At safepoint: 40100 ns, Total: 158900 ns
[2020-05-01T11:32:55.090+0000][1][safepoint    ] Safepoint "Cleanup", Time since last: 1000121800 ns, Reaching safepoint: 122000 ns, At safepoint: 52100 ns, Total: 174100 ns
[2020-05-01T11:32:56.090+0000][1][safepoint    ] Safepoint "Cleanup", Time since last: 1000245500 ns, Reaching safepoint: 131900 ns, At safepoint: 55800 ns, Total: 187700 ns
[2020-05-01T11:32:57.090+0000][1][safepoint    ] Safepoint "Cleanup", Time since last: 1000169700 ns, Reaching safepoint: 119900 ns, At safepoint: 44700 ns, Total: 164600 ns
[2020-05-01T11:32:58.091+0000][1][safepoint    ] Safepoint "Cleanup", Time since last: 1000199500 ns, Reaching safepoint: 125100 ns, At safepoint: 52700 ns, Total: 177800 ns
[2020-05-01T11:32:58.459+0000][1][safepoint    ] Safepoint "RevokeBias", Time since last: 367904200 ns, Reaching safepoint: 114300 ns, At safepoint: 51100 ns, Total: 165400 ns
[2020-05-01T11:32:59.135+0000][1][safepoint    ] Safepoint "RevokeBias", Time since last: 675670300 ns, Reaching safepoint: 233100 ns, At safepoint: 102100 ns, Total: 335200 ns
[2020-05-01T11:33:01.708+0000][1][gc,start     ] GC(22) Pause Young (Allocation Failure)
[2020-05-01T11:33:01.708+0000][1][gc,task      ] GC(22) Using 10 workers of 10 for evacuation
[2020-05-01T11:33:01.713+0000][1][gc,age       ] GC(22) Desired survivor size 8945664 bytes, new threshold 6 (max threshold 6)
[2020-05-01T11:33:01.713+0000][1][gc,age       ] GC(22) Age table with threshold 6 (max threshold 6)
[2020-05-01T11:33:01.713+0000][1][gc,age       ] GC(22) - age   1:      87824 bytes,      87824 total
[2020-05-01T11:33:01.713+0000][1][gc,age       ] GC(22) - age   2:     328504 bytes,     416328 total
[2020-05-01T11:33:01.713+0000][1][gc,age       ] GC(22) - age   3:      75032 bytes,     491360 total
[2020-05-01T11:33:01.713+0000][1][gc,age       ] GC(22) - age   4:     936928 bytes,    1428288 total
[2020-05-01T11:33:01.713+0000][1][gc,age       ] GC(22) - age   5:    3306312 bytes,    4734600 total
[2020-05-01T11:33:01.713+0000][1][gc,heap      ] GC(22) ParNew: 147729K->7452K(157248K)
[2020-05-01T11:33:01.713+0000][1][gc,heap      ] GC(22) CMS: 76391K->76391K(349568K)
[2020-05-01T11:33:01.713+0000][1][gc,metaspace ] GC(22) Metaspace: 93542K->93542K(1134592K)
[2020-05-01T11:33:01.713+0000][1][gc           ] GC(22) Pause Young (Allocation Failure) 218M->81M(494M) 4.985ms
[2020-05-01T11:33:01.713+0000][1][gc,cpu       ] GC(22) User=0.02s Sys=0.00s Real=0.00s
[2020-05-01T11:33:01.713+0000][1][safepoint    ] Safepoint "GenCollectForAllocation", Time since last: 2572888600 ns, Reaching safepoint: 134900 ns, At safepoint: 5091300 ns, Total: 5226200 ns
[2020-05-01T11:33:04.662+0000][1][safepoint    ] Safepoint "RevokeBias", Time since last: 2948655700 ns, Reaching safepoint: 128900 ns, At safepoint: 88800 ns, Total: 217700 ns
[2020-05-01T11:33:04.662+0000][1][safepoint    ] Safepoint "RevokeBias", Time since last: 177900 ns, Reaching safepoint: 96200 ns, At safepoint: 47200 ns, Total: 143400 ns
[2020-05-01T11:33:05.373+0000][1][safepoint    ] Safepoint "RevokeBias", Time since last: 710382500 ns, Reaching safepoint: 113200 ns, At safepoint: 49200 ns, Total: 162400 ns
[2020-05-01T11:33:05.373+0000][1][safepoint    ] Safepoint "RevokeBias", Time since last: 245500 ns, Reaching safepoint: 194500 ns, At safepoint: 63900 ns, Total: 258400 ns
[2020-05-01T11:33:05.374+0000][1][safepoint    ] Safepoint "BulkRevokeBias", Time since last: 246200 ns, Reaching safepoint: 60200 ns, At safepoint: 447000 ns, Total: 507200 ns
[2020-05-01T11:33:10.375+0000][1][safepoint    ] Safepoint "Cleanup", Time since last: 5001269700 ns, Reaching safepoint: 140400 ns, At safepoint: 53800 ns, Total: 194200 ns
[2020-05-01T11:33:16.377+0000][1][safepoint    ] Safepoint "Cleanup", Time since last: 6001784700 ns, Reaching safepoint: 122200 ns, At safepoint: 44200 ns, Total: 166400 ns
[2020-05-01T11:33:17.378+0000][1][safepoint    ] Safepoint "Cleanup", Time since last: 1000466700 ns, Reaching safepoint: 278600 ns, At safepoint: 138000 ns, Total: 416600 ns
[2020-05-01T11:33:20.381+0000][1][safepoint    ] Safepoint "Cleanup", Time since last: 3001768800 ns, Reaching safepoint: 370300 ns, At safepoint: 225200 ns, Total: 595500 ns
[2020-05-01T11:33:23.383+0000][1][safepoint    ] Safepoint "Cleanup", Time since last: 3001184100 ns, Reaching safepoint: 486700 ns, At safepoint: 219700 ns, Total: 706400 ns
[2020-05-01T11:33:25.384+0000][1][safepoint    ] Safepoint "Cleanup", Time since last: 2000816800 ns, Reaching safepoint: 549200 ns, At safepoint: 165600 ns, Total: 714800 ns
[2020-05-01T11:33:29.387+0000][1][safepoint    ] Safepoint "Cleanup", Time since last: 4001803300 ns, Reaching safepoint: 500300 ns, At safepoint: 215600 ns, Total: 715900 ns
[2020-05-01T11:33:30.387+0000][1][safepoint    ] Safepoint "Cleanup", Time since last: 1000332500 ns, Reaching safepoint: 120200 ns, At safepoint: 47300 ns, Total: 167500 ns
[2020-05-01T11:33:32.389+0000][1][safepoint    ] Safepoint "Cleanup", Time since last: 2001401700 ns, Reaching safepoint: 228700 ns, At safepoint: 119600 ns, Total: 348300 ns
[2020-05-01T11:33:35.390+0000][1][safepoint    ] Safepoint "Cleanup", Time since last: 3001144700 ns, Reaching safepoint: 150800 ns, At safepoint: 51500 ns, Total: 202300 ns
[2020-05-01T11:33:41.392+0000][1][safepoint    ] Safepoint "Cleanup", Time since last: 6002172200 ns, Reaching safepoint: 120600 ns, At safepoint: 39200 ns, Total: 159800 ns
[2020-05-01T11:33:44.393+0000][1][safepoint    ] Safepoint "Cleanup", Time since last: 3000538800 ns, Reaching safepoint: 124800 ns, At safepoint: 49700 ns, Total: 174500 ns
[2020-05-01T11:33:46.394+0000][1][safepoint    ] Safepoint "Cleanup", Time since last: 2000342600 ns, Reaching safepoint: 129100 ns, At safepoint: 47300 ns, Total: 176400 ns
[2020-05-01T11:33:52.395+0000][1][safepoint    ] Safepoint "Cleanup", Time since last: 6000948900 ns, Reaching safepoint: 129500 ns, At safepoint: 46300 ns, Total: 175800 ns
[2020-05-01T11:33:54.395+0000][1][safepoint    ] Safepoint "Cleanup", Time since last: 2000327800 ns, Reaching safepoint: 130200 ns, At safepoint: 57300 ns, Total: 187500 ns
[2020-05-01T11:33:55.396+0000][1][safepoint    ] Safepoint "Cleanup", Time since last: 1000232400 ns, Reaching safepoint: 128800 ns, At safepoint: 56700 ns, Total: 185500 ns
[2020-05-01T11:34:02.397+0000][1][safepoint    ] Safepoint "Cleanup", Time since last: 7001161900 ns, Reaching safepoint: 155200 ns, At safepoint: 47700 ns, Total: 202900 ns
[2020-05-01T11:34:05.398+0000][1][safepoint    ] Safepoint "Cleanup", Time since last: 3000444000 ns, Reaching safepoint: 168400 ns, At safepoint: 43000 ns, Total: 211400 ns
[2020-05-01T11:34:10.399+0000][1][safepoint    ] Safepoint "Cleanup", Time since last: 5000746100 ns, Reaching safepoint: 166000 ns, At safepoint: 57200 ns, Total: 223200 ns
[2020-05-01T11:34:11.399+0000][1][safepoint    ] Safepoint "Cleanup", Time since last: 1000217800 ns, Reaching safepoint: 142500 ns, At safepoint: 50000 ns, Total: 192500 ns
[2020-05-01T11:34:16.400+0000][1][safepoint    ] Safepoint "Cleanup", Time since last: 5000735600 ns, Reaching safepoint: 123600 ns, At safepoint: 44200 ns, Total: 167800 ns
[2020-05-01T11:34:17.401+0000][1][safepoint    ] Safepoint "Cleanup", Time since last: 1000227400 ns, Reaching safepoint: 156600 ns, At safepoint: 43900 ns, Total: 200500 ns
[2020-05-01T11:34:20.401+0000][1][safepoint    ] Safepoint "Cleanup", Time since last: 3000459500 ns, Reaching safepoint: 120500 ns, At safepoint: 83500 ns, Total: 204000 ns
[2020-05-01T11:34:22.402+0000][1][safepoint    ] Safepoint "Cleanup", Time since last: 2000371900 ns, Reaching safepoint: 136700 ns, At safepoint: 49300 ns, Total: 186000 ns
[2020-05-01T11:34:23.402+0000][1][safepoint    ] Safepoint "Cleanup", Time since last: 1000259600 ns, Reaching safepoint: 170700 ns, At safepoint: 39100 ns, Total: 209800 ns
[2020-05-01T11:34:25.403+0000][1][safepoint    ] Safepoint "Cleanup", Time since last: 2000361900 ns, Reaching safepoint: 114600 ns, At safepoint: 36100 ns, Total: 150700 ns
[2020-05-01T11:34:26.403+0000][1][safepoint    ] Safepoint "Cleanup", Time since last: 1000162600 ns, Reaching safepoint: 108600 ns, At safepoint: 34900 ns, Total: 143500 ns
[2020-05-01T11:34:29.404+0000][1][safepoint    ] Safepoint "Cleanup", Time since last: 3000701500 ns, Reaching safepoint: 128800 ns, At safepoint: 46100 ns, Total: 174900 ns
[2020-05-01T11:34:32.405+0000][1][safepoint    ] Safepoint "Cleanup", Time since last: 3000447500 ns, Reaching safepoint: 136400 ns, At safepoint: 47100 ns, Total: 183500 ns
[2020-05-01T11:34:34.405+0000][1][safepoint    ] Safepoint "Cleanup", Time since last: 2000344300 ns, Reaching safepoint: 144200 ns, At safepoint: 51200 ns, Total: 195400 ns
[2020-05-01T11:34:55.410+0000][1][safepoint    ] Safepoint "Cleanup", Time since last: 21004540800 ns, Reaching safepoint: 393100 ns, At safepoint: 105800 ns, Total: 498900 ns
[2020-05-01T11:35:00.411+0000][1][safepoint    ] Safepoint "Cleanup", Time since last: 5000772500 ns, Reaching safepoint: 289200 ns, At safepoint: 51800 ns, Total: 341000 ns
[2020-05-01T11:35:05.413+0000][1][safepoint    ] Safepoint "Cleanup", Time since last: 5001366500 ns, Reaching safepoint: 296100 ns, At safepoint: 68500 ns, Total: 364600 ns
[2020-05-01T11:35:11.414+0000][1][safepoint    ] Safepoint "Cleanup", Time since last: 6001053000 ns, Reaching safepoint: 203500 ns, At safepoint: 111100 ns, Total: 314600 ns
[2020-05-01T11:35:14.415+0000][1][safepoint    ] Safepoint "Cleanup", Time since last: 3000491500 ns, Reaching safepoint: 129500 ns, At safepoint: 41600 ns, Total: 171100 ns
[2020-05-01T11:35:15.415+0000][1][safepoint    ] Safepoint "Cleanup", Time since last: 1000181800 ns, Reaching safepoint: 191900 ns, At safepoint: 74300 ns, Total: 266200 ns
[2020-05-01T11:35:17.416+0000][1][safepoint    ] Safepoint "Cleanup", Time since last: 2000333600 ns, Reaching safepoint: 121900 ns, At safepoint: 36700 ns, Total: 158600 ns
[2020-05-01T11:35:20.417+0000][1][safepoint    ] Safepoint "Cleanup", Time since last: 3000582400 ns, Reaching safepoint: 120600 ns, At safepoint: 38900 ns, Total: 159500 ns
[2020-05-01T11:35:23.417+0000][1][safepoint    ] Safepoint "Cleanup", Time since last: 3000491900 ns, Reaching safepoint: 146100 ns, At safepoint: 48600 ns, Total: 194700 ns
[2020-05-01T11:35:24.418+0000][1][safepoint    ] Safepoint "Cleanup", Time since last: 1000197700 ns, Reaching safepoint: 124000 ns, At safepoint: 45100 ns, Total: 169100 ns
[2020-05-01T11:35:25.418+0000][1][safepoint    ] Safepoint "Cleanup", Time since last: 1000174400 ns, Reaching safepoint: 123100 ns, At safepoint: 42500 ns, Total: 165600 ns
[2020-05-01T11:35:29.419+0000][1][safepoint    ] Safepoint "Cleanup", Time since last: 4000636800 ns, Reaching safepoint: 122100 ns, At safepoint: 46500 ns, Total: 168600 ns
[2020-05-01T11:35:32.420+0000][1][safepoint    ] Safepoint "Cleanup", Time since last: 3000475400 ns, Reaching safepoint: 137200 ns, At safepoint: 43300 ns, Total: 180500 ns
[2020-05-01T11:35:35.420+0000][1][safepoint    ] Safepoint "Cleanup", Time since last: 3000546600 ns, Reaching safepoint: 124000 ns, At safepoint: 45700 ns, Total: 169700 ns
[2020-05-01T11:35:45.422+0000][1][safepoint    ] Safepoint "Cleanup", Time since last: 10001586200 ns, Reaching safepoint: 133400 ns, At safepoint: 59200 ns, Total: 192600 ns
[2020-05-01T11:35:46.422+0000][1][safepoint    ] Safepoint "Cleanup", Time since last: 1000220700 ns, Reaching safepoint: 123500 ns, At safepoint: 43700 ns, Total: 167200 ns
[2020-05-01T11:35:47.423+0000][1][safepoint    ] Safepoint "Cleanup", Time since last: 1000189100 ns, Reaching safepoint: 141900 ns, At safepoint: 44200 ns, Total: 186100 ns
[2020-05-01T11:36:01.694+0000][1][gc,start     ] GC(23) Pause Young (Allocation Failure)
[2020-05-01T11:36:01.694+0000][1][gc,task      ] GC(23) Using 10 workers of 10 for evacuation
[2020-05-01T11:36:01.702+0000][1][gc,age       ] GC(23) Desired survivor size 8945664 bytes, new threshold 6 (max threshold 6)
[2020-05-01T11:36:01.702+0000][1][gc,age       ] GC(23) Age table with threshold 6 (max threshold 6)
[2020-05-01T11:36:01.702+0000][1][gc,age       ] GC(23) - age   1:     169640 bytes,     169640 total
[2020-05-01T11:36:01.702+0000][1][gc,age       ] GC(23) - age   2:      33416 bytes,     203056 total
[2020-05-01T11:36:01.702+0000][1][gc,age       ] GC(23) - age   3:     328320 bytes,     531376 total
[2020-05-01T11:36:01.702+0000][1][gc,age       ] GC(23) - age   4:      74920 bytes,     606296 total
[2020-05-01T11:36:01.702+0000][1][gc,age       ] GC(23) - age   5:     920704 bytes,    1527000 total
[2020-05-01T11:36:01.702+0000][1][gc,age       ] GC(23) - age   6:    3289832 bytes,    4816832 total
[2020-05-01T11:36:01.702+0000][1][gc,heap      ] GC(23) ParNew: 147228K->7535K(157248K)
[2020-05-01T11:36:01.702+0000][1][gc,heap      ] GC(23) CMS: 76391K->76391K(349568K)
[2020-05-01T11:36:01.702+0000][1][gc,metaspace ] GC(23) Metaspace: 93837K->93837K(1134592K)
[2020-05-01T11:36:01.702+0000][1][gc           ] GC(23) Pause Young (Allocation Failure) 218M->81M(494M) 7.694ms
[2020-05-01T11:36:01.702+0000][1][gc,cpu       ] GC(23) User=0.04s Sys=0.00s Real=0.01s
[2020-05-01T11:36:01.702+0000][1][safepoint    ] Safepoint "GenCollectForAllocation", Time since last: 14271445400 ns, Reaching safepoint: 177300 ns, At safepoint: 7921800 ns, Total: 8099100 ns
[2020-05-01T11:36:04.703+0000][1][safepoint    ] Safepoint "Cleanup", Time since last: 3000567200 ns, Reaching safepoint: 119000 ns, At safepoint: 43700 ns, Total: 162700 ns
[2020-05-01T11:36:05.385+0000][1][safepoint    ] Safepoint "RevokeBias", Time since last: 681999600 ns, Reaching safepoint: 177600 ns, At safepoint: 93000 ns, Total: 270600 ns
[2020-05-01T11:36:05.386+0000][1][safepoint    ] Safepoint "RevokeBias", Time since last: 166800 ns, Reaching safepoint: 115700 ns, At safepoint: 47200 ns, Total: 162900 ns
[2020-05-01T11:36:05.386+0000][1][safepoint    ] Safepoint "RevokeBias", Time since last: 193100 ns, Reaching safepoint: 118100 ns, At safepoint: 77000 ns, Total: 195100 ns
[2020-05-01T11:36:05.386+0000][1][safepoint    ] Safepoint "RevokeBias", Time since last: 187000 ns, Reaching safepoint: 86100 ns, At safepoint: 62100 ns, Total: 148200 ns
[2020-05-01T11:36:05.387+0000][1][safepoint    ] Safepoint "RevokeBias", Time since last: 170100 ns, Reaching safepoint: 113500 ns, At safepoint: 54300 ns, Total: 167800 ns
[2020-05-01T11:36:05.387+0000][1][safepoint    ] Safepoint "RevokeBias", Time since last: 155500 ns, Reaching safepoint: 86000 ns, At safepoint: 77700 ns, Total: 163700 ns
[2020-05-01T11:36:08.388+0000][1][safepoint    ] Safepoint "Cleanup", Time since last: 3000565600 ns, Reaching safepoint: 134200 ns, At safepoint: 57300 ns, Total: 191500 ns
[2020-05-01T11:36:11.388+0000][1][safepoint    ] Safepoint "Cleanup", Time since last: 3000450000 ns, Reaching safepoint: 125900 ns, At safepoint: 56100 ns, Total: 182000 ns
[2020-05-01T11:36:17.390+0000][1][safepoint    ] Safepoint "Cleanup", Time since last: 6000920800 ns, Reaching safepoint: 142000 ns, At safepoint: 74100 ns, Total: 216100 ns
[2020-05-01T11:36:23.391+0000][1][safepoint    ] Safepoint "Cleanup", Time since last: 6000860900 ns, Reaching safepoint: 148700 ns, At safepoint: 43700 ns, Total: 192400 ns
[2020-05-01T11:36:34.761+0000][1][safepoint    ] Safepoint "Cleanup", Time since last: 11369784100 ns, Reaching safepoint: 149000 ns, At safepoint: 100800 ns, Total: 249800 ns
[2020-05-01T11:36:35.761+0000][1][safepoint    ] Safepoint "Cleanup", Time since last: 1000242800 ns, Reaching safepoint: 252500 ns, At safepoint: 71100 ns, Total: 323600 ns
[2020-05-01T11:36:38.150+0000][1][safepoint    ] Safepoint "Cleanup", Time since last: 2388013000 ns, Reaching safepoint: 209200 ns, At safepoint: 97300 ns, Total: 306500 ns
[2020-05-01T11:36:47.151+0000][1][safepoint    ] Safepoint "Cleanup", Time since last: 9001426200 ns, Reaching safepoint: 123600 ns, At safepoint: 52100 ns, Total: 175700 ns
[2020-05-01T11:36:48.152+0000][1][safepoint    ] Safepoint "Cleanup", Time since last: 1000194400 ns, Reaching safepoint: 123800 ns, At safepoint: 65900 ns, Total: 189700 ns
[2020-05-01T11:36:50.152+0000][1][safepoint    ] Safepoint "Cleanup", Time since last: 2000356600 ns, Reaching safepoint: 127000 ns, At safepoint: 52300 ns, Total: 179300 ns
[2020-05-01T11:36:54.153+0000][1][safepoint    ] Safepoint "Cleanup", Time since last: 4000682700 ns, Reaching safepoint: 124300 ns, At safepoint: 64000 ns, Total: 188300 ns
[2020-05-01T11:36:56.154+0000][1][safepoint    ] Safepoint "Cleanup", Time since last: 2000407200 ns, Reaching safepoint: 131200 ns, At safepoint: 56000 ns, Total: 187200 ns
[2020-05-01T11:36:59.154+0000][1][safepoint    ] Safepoint "Cleanup", Time since last: 3000471700 ns, Reaching safepoint: 126900 ns, At safepoint: 54800 ns, Total: 181700 ns
[2020-05-01T11:37:06.156+0000][1][safepoint    ] Safepoint "Cleanup", Time since last: 7001380000 ns, Reaching safepoint: 163600 ns, At safepoint: 55500 ns, Total: 219100 ns
[2020-05-01T11:37:11.157+0000][1][safepoint    ] Safepoint "Cleanup", Time since last: 5000942200 ns, Reaching safepoint: 139300 ns, At safepoint: 53400 ns, Total: 192700 ns
[2020-05-01T11:37:20.159+0000][1][safepoint    ] Safepoint "Cleanup", Time since last: 9001564600 ns, Reaching safepoint: 152600 ns, At safepoint: 67200 ns, Total: 219800 ns
[2020-05-01T11:37:22.501+0000][1][safepoint    ] Safepoint "RevokeBias", Time since last: 2342572300 ns, Reaching safepoint: 116200 ns, At safepoint: 42800 ns, Total: 159000 ns
[2020-05-01T11:37:22.502+0000][1][safepoint    ] Safepoint "RevokeBias", Time since last: 730000 ns, Reaching safepoint: 88100 ns, At safepoint: 40600 ns, Total: 128700 ns
[2020-05-01T11:37:23.503+0000][1][safepoint    ] Safepoint "Cleanup", Time since last: 1000227100 ns, Reaching safepoint: 121100 ns, At safepoint: 38100 ns, Total: 159200 ns
[2020-05-01T11:37:25.503+0000][1][safepoint    ] Safepoint "Cleanup", Time since last: 2000426700 ns, Reaching safepoint: 123600 ns, At safepoint: 46000 ns, Total: 169600 ns
[2020-05-01T11:37:27.504+0000][1][safepoint    ] Safepoint "Cleanup", Time since last: 2000434600 ns, Reaching safepoint: 147500 ns, At safepoint: 79800 ns, Total: 227300 ns
[2020-05-01T11:37:32.505+0000][1][safepoint    ] Safepoint "Cleanup", Time since last: 5000832200 ns, Reaching safepoint: 303100 ns, At safepoint: 50900 ns, Total: 354000 ns
[2020-05-01T11:37:35.506+0000][1][safepoint    ] Safepoint "Cleanup", Time since last: 3000676800 ns, Reaching safepoint: 128100 ns, At safepoint: 52400 ns, Total: 180500 ns
[2020-05-01T11:37:38.507+0000][1][safepoint    ] Safepoint "Cleanup", Time since last: 3000508100 ns, Reaching safepoint: 136600 ns, At safepoint: 42700 ns, Total: 179300 ns
[2020-05-01T11:37:42.508+0000][1][safepoint    ] Safepoint "Cleanup", Time since last: 4000701900 ns, Reaching safepoint: 126200 ns, At safepoint: 58800 ns, Total: 185000 ns
[2020-05-01T11:37:53.509+0000][1][safepoint    ] Safepoint "Cleanup", Time since last: 11001631700 ns, Reaching safepoint: 123800 ns, At safepoint: 41600 ns, Total: 165400 ns
[2020-05-01T11:37:54.510+0000][1][safepoint    ] Safepoint "Cleanup", Time since last: 1000247000 ns, Reaching safepoint: 125800 ns, At safepoint: 70400 ns, Total: 196200 ns
[2020-05-01T11:38:08.512+0000][1][safepoint    ] Safepoint "Cleanup", Time since last: 14002173000 ns, Reaching safepoint: 154500 ns, At safepoint: 41600 ns, Total: 196100 ns
[2020-05-01T11:38:14.513+0000][1][safepoint    ] Safepoint "Cleanup", Time since last: 6000905100 ns, Reaching safepoint: 134600 ns, At safepoint: 46000 ns, Total: 180600 ns
[2020-05-01T11:38:35.517+0000][1][safepoint    ] Safepoint "Cleanup", Time since last: 21003294900 ns, Reaching safepoint: 267200 ns, At safepoint: 72000 ns, Total: 339200 ns
[2020-05-01T11:38:38.518+0000][1][safepoint    ] Safepoint "Cleanup", Time since last: 3000523800 ns, Reaching safepoint: 143000 ns, At safepoint: 61100 ns, Total: 204100 ns
[2020-05-01T11:38:40.518+0000][1][safepoint    ] Safepoint "Cleanup", Time since last: 2000301600 ns, Reaching safepoint: 164500 ns, At safepoint: 64800 ns, Total: 229300 ns
[2020-05-01T11:38:42.519+0000][1][safepoint    ] Safepoint "Cleanup", Time since last: 2000427800 ns, Reaching safepoint: 236500 ns, At safepoint: 69500 ns, Total: 306000 ns
[2020-05-01T11:38:52.521+0000][1][safepoint    ] Safepoint "Cleanup", Time since last: 10001628200 ns, Reaching safepoint: 120800 ns, At safepoint: 45000 ns, Total: 165800 ns
[2020-05-01T11:38:55.521+0000][1][safepoint    ] Safepoint "Cleanup", Time since last: 3000483600 ns, Reaching safepoint: 122100 ns, At safepoint: 50700 ns, Total: 172800 ns
[2020-05-01T11:38:56.522+0000][1][safepoint    ] Safepoint "Cleanup", Time since last: 1000178700 ns, Reaching safepoint: 123700 ns, At safepoint: 36700 ns, Total: 160400 ns
[2020-05-01T11:38:56.870+0000][1][gc,start     ] GC(24) Pause Young (Allocation Failure)
[2020-05-01T11:38:56.870+0000][1][gc,task      ] GC(24) Using 10 workers of 10 for evacuation
[2020-05-01T11:38:56.876+0000][1][gc,age       ] GC(24) Desired survivor size 8945664 bytes, new threshold 6 (max threshold 6)
[2020-05-01T11:38:56.876+0000][1][gc,age       ] GC(24) Age table with threshold 6 (max threshold 6)
[2020-05-01T11:38:56.876+0000][1][gc,age       ] GC(24) - age   1:     104376 bytes,     104376 total
[2020-05-01T11:38:56.876+0000][1][gc,age       ] GC(24) - age   2:      39056 bytes,     143432 total
[2020-05-01T11:38:56.876+0000][1][gc,age       ] GC(24) - age   3:      33416 bytes,     176848 total
[2020-05-01T11:38:56.876+0000][1][gc,age       ] GC(24) - age   4:     326512 bytes,     503360 total
[2020-05-01T11:38:56.876+0000][1][gc,age       ] GC(24) - age   5:      74920 bytes,     578280 total
[2020-05-01T11:38:56.876+0000][1][gc,age       ] GC(24) - age   6:     904544 bytes,    1482824 total
[2020-05-01T11:38:56.876+0000][1][gc,heap      ] GC(24) ParNew: 147311K->4705K(157248K)
[2020-05-01T11:38:56.876+0000][1][gc,heap      ] GC(24) CMS: 76391K->79684K(349568K)
[2020-05-01T11:38:56.876+0000][1][gc,metaspace ] GC(24) Metaspace: 93906K->93906K(1136640K)
[2020-05-01T11:38:56.876+0000][1][gc           ] GC(24) Pause Young (Allocation Failure) 218M->82M(494M) 6.181ms
[2020-05-01T11:38:56.876+0000][1][gc,cpu       ] GC(24) User=0.03s Sys=0.01s Real=0.01s
[2020-05-01T11:38:56.876+0000][1][safepoint    ] Safepoint "GenCollectForAllocation", Time since last: 348380200 ns, Reaching safepoint: 120900 ns, At safepoint: 6293000 ns, Total: 6413900 ns
[2020-05-01T11:38:57.877+0000][1][safepoint    ] Safepoint "Cleanup", Time since last: 1000209900 ns, Reaching safepoint: 126800 ns, At safepoint: 58500 ns, Total: 185300 ns
[2020-05-01T11:38:58.877+0000][1][safepoint    ] Safepoint "Cleanup", Time since last: 1000223500 ns, Reaching safepoint: 126200 ns, At safepoint: 64700 ns, Total: 190900 ns
[2020-05-01T11:39:01.878+0000][1][safepoint    ] Safepoint "Cleanup", Time since last: 3000584500 ns, Reaching safepoint: 152300 ns, At safepoint: 118400 ns, Total: 270700 ns
[2020-05-01T11:39:07.879+0000][1][safepoint    ] Safepoint "Cleanup", Time since last: 6001064400 ns, Reaching safepoint: 146500 ns, At safepoint: 60700 ns, Total: 207200 ns
[2020-05-01T11:39:12.880+0000][1][safepoint    ] Safepoint "Cleanup", Time since last: 5000836700 ns, Reaching safepoint: 129100 ns, At safepoint: 55500 ns, Total: 184600 ns
[2020-05-01T11:39:13.881+0000][1][safepoint    ] Safepoint "Cleanup", Time since last: 1000171600 ns, Reaching safepoint: 130300 ns, At safepoint: 56200 ns, Total: 186500 ns
[2020-05-01T11:39:16.881+0000][1][safepoint    ] Safepoint "Cleanup", Time since last: 3000482100 ns, Reaching safepoint: 125700 ns, At safepoint: 51800 ns, Total: 177500 ns
[2020-05-01T11:39:17.882+0000][1][safepoint    ] Safepoint "Cleanup", Time since last: 1000171200 ns, Reaching safepoint: 170600 ns, At safepoint: 114600 ns, Total: 285200 ns
[2020-05-01T11:39:19.882+0000][1][safepoint    ] Safepoint "Cleanup", Time since last: 2000373300 ns, Reaching safepoint: 125700 ns, At safepoint: 52900 ns, Total: 178600 ns
[2020-05-01T11:39:20.883+0000][1][safepoint    ] Safepoint "Cleanup", Time since last: 1000162800 ns, Reaching safepoint: 233500 ns, At safepoint: 102600 ns, Total: 336100 ns
[2020-05-01T11:39:22.883+0000][1][safepoint    ] Safepoint "Cleanup", Time since last: 2000303300 ns, Reaching safepoint: 128500 ns, At safepoint: 57400 ns, Total: 185900 ns
[2020-05-01T11:39:26.884+0000][1][safepoint    ] Safepoint "Cleanup", Time since last: 4000618300 ns, Reaching safepoint: 145900 ns, At safepoint: 53800 ns, Total: 199700 ns
[2020-05-01T11:39:34.886+0000][1][safepoint    ] Safepoint "Cleanup", Time since last: 8001203900 ns, Reaching safepoint: 143300 ns, At safepoint: 57500 ns, Total: 200800 ns
[2020-05-01T11:39:40.887+0000][1][safepoint    ] Safepoint "Cleanup", Time since last: 6000891200 ns, Reaching safepoint: 126500 ns, At safepoint: 58100 ns, Total: 184600 ns
[2020-05-01T11:39:42.887+0000][1][safepoint    ] Safepoint "Cleanup", Time since last: 2000397500 ns, Reaching safepoint: 150800 ns, At safepoint: 65400 ns, Total: 216200 ns
[2020-05-01T11:39:43.888+0000][1][safepoint    ] Safepoint "Cleanup", Time since last: 1000203000 ns, Reaching safepoint: 143700 ns, At safepoint: 63100 ns, Total: 206800 ns
[2020-05-01T11:39:46.888+0000][1][safepoint    ] Safepoint "Cleanup", Time since last: 3000484000 ns, Reaching safepoint: 135500 ns, At safepoint: 57100 ns, Total: 192600 ns
[2020-05-01T11:39:49.889+0000][1][safepoint    ] Safepoint "Cleanup", Time since last: 3000455900 ns, Reaching safepoint: 129200 ns, At safepoint: 56800 ns, Total: 186000 ns
[2020-05-01T11:39:55.890+0000][1][safepoint    ] Safepoint "Cleanup", Time since last: 6000979000 ns, Reaching safepoint: 131600 ns, At safepoint: 57800 ns, Total: 189400 ns
[2020-05-01T11:40:11.893+0000][1][safepoint    ] Safepoint "Cleanup", Time since last: 16002704500 ns, Reaching safepoint: 154400 ns, At safepoint: 48800 ns, Total: 203200 ns
[2020-05-01T11:40:12.893+0000][1][safepoint    ] Safepoint "Cleanup", Time since last: 1000184100 ns, Reaching safepoint: 124100 ns, At safepoint: 53500 ns, Total: 177600 ns
[2020-05-01T11:40:25.896+0000][1][safepoint    ] Safepoint "Cleanup", Time since last: 13002178800 ns, Reaching safepoint: 124200 ns, At safepoint: 54300 ns, Total: 178500 ns
[2020-05-01T11:40:28.896+0000][1][safepoint    ] Safepoint "Cleanup", Time since last: 3000445000 ns, Reaching safepoint: 118200 ns, At safepoint: 52800 ns, Total: 171000 ns
[2020-05-01T11:40:29.897+0000][1][safepoint    ] Safepoint "Cleanup", Time since last: 1000169400 ns, Reaching safepoint: 121600 ns, At safepoint: 53600 ns, Total: 175200 ns
[2020-05-01T11:40:31.897+0000][1][safepoint    ] Safepoint "Cleanup", Time since last: 2000352900 ns, Reaching safepoint: 121300 ns, At safepoint: 39100 ns, Total: 160400 ns
[2020-05-01T11:40:34.898+0000][1][safepoint    ] Safepoint "Cleanup", Time since last: 3000469600 ns, Reaching safepoint: 220300 ns, At safepoint: 96200 ns, Total: 316500 ns
[2020-05-01T11:40:35.898+0000][1][safepoint    ] Safepoint "Cleanup", Time since last: 1000160800 ns, Reaching safepoint: 155600 ns, At safepoint: 58600 ns, Total: 214200 ns
[2020-05-01T11:40:37.899+0000][1][safepoint    ] Safepoint "Cleanup", Time since last: 2000500500 ns, Reaching safepoint: 130300 ns, At safepoint: 56100 ns, Total: 186400 ns
[2020-05-01T11:40:40.900+0000][1][safepoint    ] Safepoint "Cleanup", Time since last: 3000641800 ns, Reaching safepoint: 169100 ns, At safepoint: 52200 ns, Total: 221300 ns
[2020-05-01T11:40:45.901+0000][1][safepoint    ] Safepoint "Cleanup", Time since last: 5000787000 ns, Reaching safepoint: 120700 ns, At safepoint: 53000 ns, Total: 173700 ns
[2020-05-01T11:40:47.901+0000][1][safepoint    ] Safepoint "Cleanup", Time since last: 2000285700 ns, Reaching safepoint: 124600 ns, At safepoint: 51100 ns, Total: 175700 ns
[2020-05-01T11:40:55.903+0000][1][safepoint    ] Safepoint "Cleanup", Time since last: 8001159600 ns, Reaching safepoint: 120600 ns, At safepoint: 52800 ns, Total: 173400 ns
[2020-05-01T11:41:07.905+0000][1][safepoint    ] Safepoint "Cleanup", Time since last: 12001981100 ns, Reaching safepoint: 212200 ns, At safepoint: 37900 ns, Total: 250100 ns
[2020-05-01T11:41:16.907+0000][1][safepoint    ] Safepoint "Cleanup", Time since last: 9001520900 ns, Reaching safepoint: 124700 ns, At safepoint: 54300 ns, Total: 179000 ns
[2020-05-01T11:41:17.907+0000][1][safepoint    ] Safepoint "Cleanup", Time since last: 1000170500 ns, Reaching safepoint: 138300 ns, At safepoint: 53000 ns, Total: 191300 ns
[2020-05-01T11:41:40.911+0000][1][safepoint    ] Safepoint "Cleanup", Time since last: 23003560300 ns, Reaching safepoint: 138000 ns, At safepoint: 51600 ns, Total: 189600 ns
[2020-05-01T11:41:43.911+0000][1][safepoint    ] Safepoint "Cleanup", Time since last: 3000458900 ns, Reaching safepoint: 123200 ns, At safepoint: 79400 ns, Total: 202600 ns
[2020-05-01T11:41:44.912+0000][1][safepoint    ] Safepoint "Cleanup", Time since last: 1000180600 ns, Reaching safepoint: 119500 ns, At safepoint: 53900 ns, Total: 173400 ns
[2020-05-01T11:41:52.913+0000][1][safepoint    ] Safepoint "Cleanup", Time since last: 8001144300 ns, Reaching safepoint: 121800 ns, At safepoint: 66300 ns, Total: 188100 ns
[2020-05-01T11:41:54.914+0000][1][safepoint    ] Safepoint "Cleanup", Time since last: 2000334100 ns, Reaching safepoint: 121600 ns, At safepoint: 39100 ns, Total: 160700 ns
[2020-05-01T11:41:55.914+0000][1][safepoint    ] Safepoint "Cleanup", Time since last: 1000174200 ns, Reaching safepoint: 121800 ns, At safepoint: 53800 ns, Total: 175600 ns
[2020-05-01T11:41:56.937+0000][1][gc,start     ] GC(25) Pause Young (Allocation Failure)
[2020-05-01T11:41:56.937+0000][1][gc,task      ] GC(25) Using 10 workers of 10 for evacuation
[2020-05-01T11:41:56.940+0000][1][gc,age       ] GC(25) Desired survivor size 8945664 bytes, new threshold 6 (max threshold 6)
[2020-05-01T11:41:56.940+0000][1][gc,age       ] GC(25) Age table with threshold 6 (max threshold 6)
[2020-05-01T11:41:56.940+0000][1][gc,age       ] GC(25) - age   1:     103080 bytes,     103080 total
[2020-05-01T11:41:56.940+0000][1][gc,age       ] GC(25) - age   2:      49648 bytes,     152728 total
[2020-05-01T11:41:56.940+0000][1][gc,age       ] GC(25) - age   3:      39056 bytes,     191784 total
[2020-05-01T11:41:56.940+0000][1][gc,age       ] GC(25) - age   4:      33416 bytes,     225200 total
[2020-05-01T11:41:56.940+0000][1][gc,age       ] GC(25) - age   5:     326512 bytes,     551712 total
[2020-05-01T11:41:56.940+0000][1][gc,age       ] GC(25) - age   6:      74920 bytes,     626632 total
[2020-05-01T11:41:56.940+0000][1][gc,heap      ] GC(25) ParNew: 144481K->1692K(157248K)
[2020-05-01T11:41:56.940+0000][1][gc,heap      ] GC(25) CMS: 79684K->80582K(349568K)
[2020-05-01T11:41:56.940+0000][1][gc,metaspace ] GC(25) Metaspace: 94019K->94019K(1136640K)
[2020-05-01T11:41:56.940+0000][1][gc           ] GC(25) Pause Young (Allocation Failure) 218M->80M(494M) 3.438ms
[2020-05-01T11:41:56.940+0000][1][gc,cpu       ] GC(25) User=0.02s Sys=0.00s Real=0.00s
[2020-05-01T11:41:56.940+0000][1][safepoint    ] Safepoint "GenCollectForAllocation", Time since last: 1022346700 ns, Reaching safepoint: 111800 ns, At safepoint: 3523500 ns, Total: 3635300 ns
[2020-05-01T11:42:17.943+0000][1][safepoint    ] Safepoint "Cleanup", Time since last: 21002860800 ns, Reaching safepoint: 137300 ns, At safepoint: 52200 ns, Total: 189500 ns
[2020-05-01T11:42:22.944+0000][1][safepoint    ] Safepoint "Cleanup", Time since last: 5000695000 ns, Reaching safepoint: 123400 ns, At safepoint: 58400 ns, Total: 181800 ns
[2020-05-01T11:42:35.946+0000][1][safepoint    ] Safepoint "Cleanup", Time since last: 13001799700 ns, Reaching safepoint: 137800 ns, At safepoint: 53800 ns, Total: 191600 ns
[2020-05-01T11:42:49.948+0000][1][safepoint    ] Safepoint "Cleanup", Time since last: 14001963900 ns, Reaching safepoint: 133200 ns, At safepoint: 56800 ns, Total: 190000 ns
[2020-05-01T11:42:52.949+0000][1][safepoint    ] Safepoint "Cleanup", Time since last: 3000371100 ns, Reaching safepoint: 118600 ns, At safepoint: 52900 ns, Total: 171500 ns
[2020-05-01T11:43:07.951+0000][1][safepoint    ] Safepoint "Cleanup", Time since last: 15002075000 ns, Reaching safepoint: 132800 ns, At safepoint: 54200 ns, Total: 187000 ns
[2020-05-01T11:43:16.952+0000][1][safepoint    ] Safepoint "Cleanup", Time since last: 9001265100 ns, Reaching safepoint: 119100 ns, At safepoint: 52100 ns, Total: 171200 ns
[2020-05-01T11:43:19.953+0000][1][safepoint    ] Safepoint "Cleanup", Time since last: 3000460200 ns, Reaching safepoint: 175700 ns, At safepoint: 98900 ns, Total: 274600 ns
[2020-05-01T11:43:24.954+0000][1][safepoint    ] Safepoint "Cleanup", Time since last: 5000606000 ns, Reaching safepoint: 126200 ns, At safepoint: 39600 ns, Total: 165800 ns
[2020-05-01T11:43:25.954+0000][1][safepoint    ] Safepoint "Cleanup", Time since last: 1000152100 ns, Reaching safepoint: 128200 ns, At safepoint: 57800 ns, Total: 186000 ns
[2020-05-01T11:43:38.956+0000][1][safepoint    ] Safepoint "Cleanup", Time since last: 13001825100 ns, Reaching safepoint: 226100 ns, At safepoint: 83100 ns, Total: 309200 ns
[2020-05-01T11:43:43.957+0000][1][safepoint    ] Safepoint "Cleanup", Time since last: 5000722900 ns, Reaching safepoint: 167100 ns, At safepoint: 53500 ns, Total: 220600 ns
[2020-05-01T11:43:46.958+0000][1][safepoint    ] Safepoint "Cleanup", Time since last: 3000465600 ns, Reaching safepoint: 149200 ns, At safepoint: 43100 ns, Total: 192300 ns
[2020-05-01T11:43:52.959+0000][1][safepoint    ] Safepoint "Cleanup", Time since last: 6000801400 ns, Reaching safepoint: 124100 ns, At safepoint: 43800 ns, Total: 167900 ns
[2020-05-01T11:43:53.959+0000][1][safepoint    ] Safepoint "Cleanup", Time since last: 1000164000 ns, Reaching safepoint: 143000 ns, At safepoint: 39500 ns, Total: 182500 ns
[2020-05-01T11:43:54.960+0000][1][safepoint    ] Safepoint "Cleanup", Time since last: 1000166600 ns, Reaching safepoint: 123000 ns, At safepoint: 78900 ns, Total: 201900 ns
[2020-05-01T11:43:55.960+0000][1][safepoint    ] Safepoint "Cleanup", Time since last: 1000130100 ns, Reaching safepoint: 115900 ns, At safepoint: 39900 ns, Total: 155800 ns
[2020-05-01T11:43:56.960+0000][1][safepoint    ] Safepoint "Cleanup", Time since last: 1000128500 ns, Reaching safepoint: 135000 ns, At safepoint: 44400 ns, Total: 179400 ns
[2020-05-01T11:44:02.961+0000][1][safepoint    ] Safepoint "Cleanup", Time since last: 6000821200 ns, Reaching safepoint: 122500 ns, At safepoint: 59700 ns, Total: 182200 ns
[2020-05-01T11:44:10.963+0000][1][safepoint    ] Safepoint "Cleanup", Time since last: 8001224900 ns, Reaching safepoint: 138800 ns, At safepoint: 37400 ns, Total: 176200 ns
[2020-05-01T11:44:19.964+0000][1][safepoint    ] Safepoint "Cleanup", Time since last: 9001216000 ns, Reaching safepoint: 118100 ns, At safepoint: 46400 ns, Total: 164500 ns
[2020-05-01T11:44:20.964+0000][1][safepoint    ] Safepoint "Cleanup", Time since last: 1000131800 ns, Reaching safepoint: 119500 ns, At safepoint: 51600 ns, Total: 171100 ns
[2020-05-01T11:44:24.965+0000][1][safepoint    ] Safepoint "Cleanup", Time since last: 4000521900 ns, Reaching safepoint: 135400 ns, At safepoint: 52100 ns, Total: 187500 ns
[2020-05-01T11:44:31.967+0000][1][safepoint    ] Safepoint "Cleanup", Time since last: 7001146500 ns, Reaching safepoint: 444700 ns, At safepoint: 188200 ns, Total: 632900 ns
[2020-05-01T11:44:40.968+0000][1][safepoint    ] Safepoint "Cleanup", Time since last: 9001163500 ns, Reaching safepoint: 259100 ns, At safepoint: 41700 ns, Total: 300800 ns
[2020-05-01T11:44:43.969+0000][1][safepoint    ] Safepoint "Cleanup", Time since last: 3000487300 ns, Reaching safepoint: 127200 ns, At safepoint: 62800 ns, Total: 190000 ns
[2020-05-01T11:44:52.790+0000][1][gc,start     ] GC(26) Pause Young (Allocation Failure)
[2020-05-01T11:44:52.790+0000][1][gc,task      ] GC(26) Using 10 workers of 10 for evacuation
[2020-05-01T11:44:52.794+0000][1][gc,age       ] GC(26) Desired survivor size 8945664 bytes, new threshold 6 (max threshold 6)
[2020-05-01T11:44:52.794+0000][1][gc,age       ] GC(26) Age table with threshold 6 (max threshold 6)
[2020-05-01T11:44:52.794+0000][1][gc,age       ] GC(26) - age   1:     105792 bytes,     105792 total
[2020-05-01T11:44:52.794+0000][1][gc,age       ] GC(26) - age   2:      49600 bytes,     155392 total
[2020-05-01T11:44:52.794+0000][1][gc,age       ] GC(26) - age   3:      49648 bytes,     205040 total
[2020-05-01T11:44:52.794+0000][1][gc,age       ] GC(26) - age   4:      39056 bytes,     244096 total
[2020-05-01T11:44:52.794+0000][1][gc,age       ] GC(26) - age   5:      32912 bytes,     277008 total
[2020-05-01T11:44:52.794+0000][1][gc,age       ] GC(26) - age   6:     326472 bytes,     603480 total
[2020-05-01T11:44:52.794+0000][1][gc,heap      ] GC(26) ParNew: 141468K->875K(157248K)
[2020-05-01T11:44:52.794+0000][1][gc,heap      ] GC(26) CMS: 80582K->80655K(349568K)
[2020-05-01T11:44:52.794+0000][1][gc,metaspace ] GC(26) Metaspace: 94090K->94090K(1136640K)
[2020-05-01T11:44:52.794+0000][1][gc           ] GC(26) Pause Young (Allocation Failure) 216M->79M(494M) 3.729ms
[2020-05-01T11:44:52.794+0000][1][gc,cpu       ] GC(26) User=0.01s Sys=0.01s Real=0.00s
[2020-05-01T11:44:52.794+0000][1][safepoint    ] Safepoint "GenCollectForAllocation", Time since last: 8821358100 ns, Reaching safepoint: 130100 ns, At safepoint: 3968000 ns, Total: 4098100 ns
[2020-05-01T11:44:53.795+0000][1][safepoint    ] Safepoint "Cleanup", Time since last: 1000203200 ns, Reaching safepoint: 121500 ns, At safepoint: 54900 ns, Total: 176400 ns
[2020-05-01T11:44:55.795+0000][1][safepoint    ] Safepoint "Cleanup", Time since last: 2000279000 ns, Reaching safepoint: 113600 ns, At safepoint: 45200 ns, Total: 158800 ns
[2020-05-01T11:45:02.797+0000][1][safepoint    ] Safepoint "Cleanup", Time since last: 7000979700 ns, Reaching safepoint: 288200 ns, At safepoint: 96900 ns, Total: 385100 ns
[2020-05-01T11:45:04.797+0000][1][safepoint    ] Safepoint "Cleanup", Time since last: 2000338200 ns, Reaching safepoint: 180400 ns, At safepoint: 125300 ns, Total: 305700 ns
[2020-05-01T11:45:05.797+0000][1][safepoint    ] Safepoint "Cleanup", Time since last: 1000135800 ns, Reaching safepoint: 119500 ns, At safepoint: 51100 ns, Total: 170600 ns
[2020-05-01T11:45:07.798+0000][1][safepoint    ] Safepoint "Cleanup", Time since last: 2000274500 ns, Reaching safepoint: 153400 ns, At safepoint: 41600 ns, Total: 195000 ns
[2020-05-01T11:45:16.799+0000][1][safepoint    ] Safepoint "Cleanup", Time since last: 9001187800 ns, Reaching safepoint: 110500 ns, At safepoint: 38300 ns, Total: 148800 ns
[2020-05-01T11:45:17.800+0000][1][safepoint    ] Safepoint "Cleanup", Time since last: 1000149800 ns, Reaching safepoint: 132400 ns, At safepoint: 56900 ns, Total: 189300 ns
[2020-05-01T11:45:18.800+0000][1][safepoint    ] Safepoint "Cleanup", Time since last: 1000187000 ns, Reaching safepoint: 125500 ns, At safepoint: 55600 ns, Total: 181100 ns
[2020-05-01T11:45:22.801+0000][1][safepoint    ] Safepoint "Cleanup", Time since last: 4000427500 ns, Reaching safepoint: 103200 ns, At safepoint: 34700 ns, Total: 137900 ns
[2020-05-01T11:45:24.801+0000][1][safepoint    ] Safepoint "Cleanup", Time since last: 2000248300 ns, Reaching safepoint: 106400 ns, At safepoint: 36800 ns, Total: 143200 ns
[2020-05-01T11:45:25.801+0000][1][safepoint    ] Safepoint "Cleanup", Time since last: 1000146500 ns, Reaching safepoint: 143200 ns, At safepoint: 38700 ns, Total: 181900 ns
[2020-05-01T11:45:34.803+0000][1][safepoint    ] Safepoint "Cleanup", Time since last: 9001142400 ns, Reaching safepoint: 106800 ns, At safepoint: 38600 ns, Total: 145400 ns
[2020-05-01T11:45:35.803+0000][1][safepoint    ] Safepoint "Cleanup", Time since last: 1000176100 ns, Reaching safepoint: 130100 ns, At safepoint: 42100 ns, Total: 172200 ns
[2020-05-01T11:45:37.803+0000][1][safepoint    ] Safepoint "Cleanup", Time since last: 2000245800 ns, Reaching safepoint: 109700 ns, At safepoint: 38900 ns, Total: 148600 ns
[2020-05-01T11:46:04.808+0000][1][safepoint    ] Safepoint "Cleanup", Time since last: 27004141700 ns, Reaching safepoint: 148500 ns, At safepoint: 73600 ns, Total: 222100 ns
[2020-05-01T11:46:07.808+0000][1][safepoint    ] Safepoint "Cleanup", Time since last: 3000430300 ns, Reaching safepoint: 247500 ns, At safepoint: 68100 ns, Total: 315600 ns
[2020-05-01T11:46:08.809+0000][1][safepoint    ] Safepoint "Cleanup", Time since last: 1000249300 ns, Reaching safepoint: 127200 ns, At safepoint: 76900 ns, Total: 204100 ns
[2020-05-01T11:46:10.809+0000][1][safepoint    ] Safepoint "Cleanup", Time since last: 2000383600 ns, Reaching safepoint: 106300 ns, At safepoint: 37400 ns, Total: 143700 ns
[2020-05-01T11:46:17.811+0000][1][safepoint    ] Safepoint "Cleanup", Time since last: 7001169500 ns, Reaching safepoint: 143200 ns, At safepoint: 41700 ns, Total: 184900 ns
[2020-05-01T11:46:19.811+0000][1][safepoint    ] Safepoint "Cleanup", Time since last: 2000334800 ns, Reaching safepoint: 126000 ns, At safepoint: 37100 ns, Total: 163100 ns
[2020-05-01T11:46:28.813+0000][1][safepoint    ] Safepoint "Cleanup", Time since last: 9001392100 ns, Reaching safepoint: 123700 ns, At safepoint: 36300 ns, Total: 160000 ns
[2020-05-01T11:46:42.815+0000][1][safepoint    ] Safepoint "Cleanup", Time since last: 14002150000 ns, Reaching safepoint: 134300 ns, At safepoint: 48700 ns, Total: 183000 ns
[2020-05-01T11:46:49.817+0000][1][safepoint    ] Safepoint "Cleanup", Time since last: 7001082200 ns, Reaching safepoint: 211900 ns, At safepoint: 88700 ns, Total: 300600 ns
[2020-05-01T11:46:52.817+0000][1][safepoint    ] Safepoint "Cleanup", Time since last: 3000593500 ns, Reaching safepoint: 223500 ns, At safepoint: 62700 ns, Total: 286200 ns
[2020-05-01T11:46:56.818+0000][1][safepoint    ] Safepoint "Cleanup", Time since last: 4000599500 ns, Reaching safepoint: 122500 ns, At safepoint: 46900 ns, Total: 169400 ns
[2020-05-01T11:47:05.820+0000][1][safepoint    ] Safepoint "Cleanup", Time since last: 9001408600 ns, Reaching safepoint: 128500 ns, At safepoint: 40900 ns, Total: 169400 ns
[2020-05-01T11:47:50.827+0000][1][safepoint    ] Safepoint "Cleanup", Time since last: 45006619400 ns, Reaching safepoint: 136800 ns, At safepoint: 47200 ns, Total: 184000 ns
[2020-05-01T11:47:52.056+0000][1][gc,start     ] GC(27) Pause Young (Allocation Failure)
[2020-05-01T11:47:52.056+0000][1][gc,task      ] GC(27) Using 10 workers of 10 for evacuation
[2020-05-01T11:47:52.059+0000][1][gc,age       ] GC(27) Desired survivor size 8945664 bytes, new threshold 6 (max threshold 6)
[2020-05-01T11:47:52.059+0000][1][gc,age       ] GC(27) Age table with threshold 6 (max threshold 6)
[2020-05-01T11:47:52.059+0000][1][gc,age       ] GC(27) - age   1:      84544 bytes,      84544 total
[2020-05-01T11:47:52.059+0000][1][gc,age       ] GC(27) - age   2:      13336 bytes,      97880 total
[2020-05-01T11:47:52.059+0000][1][gc,age       ] GC(27) - age   3:      49600 bytes,     147480 total
[2020-05-01T11:47:52.059+0000][1][gc,age       ] GC(27) - age   4:      49184 bytes,     196664 total
[2020-05-01T11:47:52.059+0000][1][gc,age       ] GC(27) - age   5:      39056 bytes,     235720 total
[2020-05-01T11:47:52.059+0000][1][gc,age       ] GC(27) - age   6:      32912 bytes,     268632 total
[2020-05-01T11:47:52.059+0000][1][gc,heap      ] GC(27) ParNew: 140651K->636K(157248K)
[2020-05-01T11:47:52.059+0000][1][gc,heap      ] GC(27) CMS: 80655K->80977K(349568K)
[2020-05-01T11:47:52.059+0000][1][gc,metaspace ] GC(27) Metaspace: 94361K->94361K(1136640K)
[2020-05-01T11:47:52.059+0000][1][gc           ] GC(27) Pause Young (Allocation Failure) 216M->79M(494M) 3.060ms
[2020-05-01T11:47:52.059+0000][1][gc,cpu       ] GC(27) User=0.01s Sys=0.00s Real=0.00s
[2020-05-01T11:47:52.059+0000][1][safepoint    ] Safepoint "GenCollectForAllocation", Time since last: 1229627200 ns, Reaching safepoint: 133900 ns, At safepoint: 3147300 ns, Total: 3281200 ns
[2020-05-01T11:47:55.060+0000][1][safepoint    ] Safepoint "Cleanup", Time since last: 3000532000 ns, Reaching safepoint: 177800 ns, At safepoint: 93800 ns, Total: 271600 ns
[2020-05-01T11:47:56.061+0000][1][safepoint    ] Safepoint "Cleanup", Time since last: 1000209500 ns, Reaching safepoint: 123100 ns, At safepoint: 50600 ns, Total: 173700 ns
[2020-05-01T11:48:03.062+0000][1][safepoint    ] Safepoint "Cleanup", Time since last: 7001321100 ns, Reaching safepoint: 119200 ns, At safepoint: 52900 ns, Total: 172100 ns
[2020-05-01T11:48:07.063+0000][1][safepoint    ] Safepoint "Cleanup", Time since last: 4000635600 ns, Reaching safepoint: 134100 ns, At safepoint: 63900 ns, Total: 198000 ns
[2020-05-01T11:48:08.063+0000][1][safepoint    ] Safepoint "Cleanup", Time since last: 1000120700 ns, Reaching safepoint: 117900 ns, At safepoint: 49200 ns, Total: 167100 ns
[2020-05-01T11:48:16.065+0000][1][safepoint    ] Safepoint "Cleanup", Time since last: 8001327900 ns, Reaching safepoint: 120100 ns, At safepoint: 58400 ns, Total: 178500 ns
[2020-05-01T11:48:17.065+0000][1][safepoint    ] Safepoint "Cleanup", Time since last: 1000168600 ns, Reaching safepoint: 119300 ns, At safepoint: 66800 ns, Total: 186100 ns
[2020-05-01T11:48:20.066+0000][1][safepoint    ] Safepoint "Cleanup", Time since last: 3000405300 ns, Reaching safepoint: 126900 ns, At safepoint: 52600 ns, Total: 179500 ns
[2020-05-01T11:48:26.067+0000][1][safepoint    ] Safepoint "Cleanup", Time since last: 6001109400 ns, Reaching safepoint: 120900 ns, At safepoint: 52100 ns, Total: 173000 ns
[2020-05-01T11:48:29.068+0000][1][safepoint    ] Safepoint "Cleanup", Time since last: 3000524000 ns, Reaching safepoint: 125900 ns, At safepoint: 56600 ns, Total: 182500 ns
[2020-05-01T11:48:36.069+0000][1][safepoint    ] Safepoint "Cleanup", Time since last: 7001216900 ns, Reaching safepoint: 126500 ns, At safepoint: 65300 ns, Total: 191800 ns
[2020-05-01T11:48:42.070+0000][1][safepoint    ] Safepoint "Cleanup", Time since last: 6000910900 ns, Reaching safepoint: 194700 ns, At safepoint: 38100 ns, Total: 232800 ns
[2020-05-01T11:48:47.077+0000][1][safepoint    ] Safepoint "Cleanup", Time since last: 5006719300 ns, Reaching safepoint: 263000 ns, At safepoint: 86900 ns, Total: 349900 ns
[2020-05-01T11:48:53.079+0000][1][safepoint    ] Safepoint "Cleanup", Time since last: 6001027500 ns, Reaching safepoint: 133800 ns, At safepoint: 58800 ns, Total: 192600 ns
[2020-05-01T11:48:56.079+0000][1][safepoint    ] Safepoint "Cleanup", Time since last: 3000596200 ns, Reaching safepoint: 192200 ns, At safepoint: 76100 ns, Total: 268300 ns
[2020-05-01T11:49:02.081+0000][1][safepoint    ] Safepoint "Cleanup", Time since last: 6001027500 ns, Reaching safepoint: 124200 ns, At safepoint: 54800 ns, Total: 179000 ns
[2020-05-01T11:49:05.081+0000][1][safepoint    ] Safepoint "Cleanup", Time since last: 3000463300 ns, Reaching safepoint: 125100 ns, At safepoint: 53900 ns, Total: 179000 ns
[2020-05-01T11:49:11.083+0000][1][safepoint    ] Safepoint "Cleanup", Time since last: 6001058200 ns, Reaching safepoint: 157800 ns, At safepoint: 55500 ns, Total: 213300 ns
[2020-05-01T11:49:29.086+0000][1][safepoint    ] Safepoint "Cleanup", Time since last: 18003025700 ns, Reaching safepoint: 122500 ns, At safepoint: 52900 ns, Total: 175400 ns
[2020-05-01T11:49:50.089+0000][1][safepoint    ] Safepoint "Cleanup", Time since last: 21003295400 ns, Reaching safepoint: 247700 ns, At safepoint: 121700 ns, Total: 369400 ns
[2020-05-01T11:50:17.094+0000][1][safepoint    ] Safepoint "Cleanup", Time since last: 27004019000 ns, Reaching safepoint: 142400 ns, At safepoint: 56000 ns, Total: 198400 ns
[2020-05-01T11:50:24.095+0000][1][safepoint    ] Safepoint "Cleanup", Time since last: 7001118500 ns, Reaching safepoint: 120100 ns, At safepoint: 45900 ns, Total: 166000 ns
[2020-05-01T11:50:44.098+0000][1][safepoint    ] Safepoint "Cleanup", Time since last: 20002797200 ns, Reaching safepoint: 153600 ns, At safepoint: 60900 ns, Total: 214500 ns
[2020-05-01T11:50:47.897+0000][1][gc,start     ] GC(28) Pause Young (Allocation Failure)
[2020-05-01T11:50:47.897+0000][1][gc,task      ] GC(28) Using 10 workers of 10 for evacuation
[2020-05-01T11:50:47.899+0000][1][gc,age       ] GC(28) Desired survivor size 8945664 bytes, new threshold 6 (max threshold 6)
[2020-05-01T11:50:47.899+0000][1][gc,age       ] GC(28) Age table with threshold 6 (max threshold 6)
[2020-05-01T11:50:47.899+0000][1][gc,age       ] GC(28) - age   1:      86792 bytes,      86792 total
[2020-05-01T11:50:47.899+0000][1][gc,age       ] GC(28) - age   2:      29864 bytes,     116656 total
[2020-05-01T11:50:47.899+0000][1][gc,age       ] GC(28) - age   3:      13336 bytes,     129992 total
[2020-05-01T11:50:47.899+0000][1][gc,age       ] GC(28) - age   4:      49600 bytes,     179592 total
[2020-05-01T11:50:47.899+0000][1][gc,age       ] GC(28) - age   5:      49184 bytes,     228776 total
[2020-05-01T11:50:47.899+0000][1][gc,age       ] GC(28) - age   6:      39056 bytes,     267832 total
[2020-05-01T11:50:47.899+0000][1][gc,heap      ] GC(28) ParNew: 140412K->375K(157248K)
[2020-05-01T11:50:47.899+0000][1][gc,heap      ] GC(28) CMS: 80977K->81010K(349568K)
[2020-05-01T11:50:47.899+0000][1][gc,metaspace ] GC(28) Metaspace: 94503K->94503K(1136640K)
[2020-05-01T11:50:47.899+0000][1][gc           ] GC(28) Pause Young (Allocation Failure) 216M->79M(494M) 2.769ms
[2020-05-01T11:50:47.899+0000][1][gc,cpu       ] GC(28) User=0.00s Sys=0.00s Real=0.00s
[2020-05-01T11:50:47.899+0000][1][safepoint    ] Safepoint "GenCollectForAllocation", Time since last: 3798609300 ns, Reaching safepoint: 114500 ns, At safepoint: 2857800 ns, Total: 2972300 ns
[2020-05-01T11:50:51.900+0000][1][safepoint    ] Safepoint "Cleanup", Time since last: 4000573500 ns, Reaching safepoint: 117000 ns, At safepoint: 47500 ns, Total: 164500 ns
[2020-05-01T11:50:54.901+0000][1][safepoint    ] Safepoint "Cleanup", Time since last: 3000387800 ns, Reaching safepoint: 127100 ns, At safepoint: 38000 ns, Total: 165100 ns
[2020-05-01T11:50:55.901+0000][1][safepoint    ] Safepoint "Cleanup", Time since last: 1000154100 ns, Reaching safepoint: 114700 ns, At safepoint: 41700 ns, Total: 156400 ns
[2020-05-01T11:50:59.902+0000][1][safepoint    ] Safepoint "Cleanup", Time since last: 4000694200 ns, Reaching safepoint: 121500 ns, At safepoint: 49100 ns, Total: 170600 ns
[2020-05-01T11:51:01.902+0000][1][safepoint    ] Safepoint "Cleanup", Time since last: 2000279500 ns, Reaching safepoint: 111400 ns, At safepoint: 36700 ns, Total: 148100 ns
[2020-05-01T11:51:06.903+0000][1][safepoint    ] Safepoint "Cleanup", Time since last: 5000836500 ns, Reaching safepoint: 117100 ns, At safepoint: 41300 ns, Total: 158400 ns
[2020-05-01T11:51:13.905+0000][1][safepoint    ] Safepoint "Cleanup", Time since last: 7001001600 ns, Reaching safepoint: 143900 ns, At safepoint: 56200 ns, Total: 200100 ns
[2020-05-01T11:51:15.905+0000][1][safepoint    ] Safepoint "Cleanup", Time since last: 2000340100 ns, Reaching safepoint: 115900 ns, At safepoint: 47200 ns, Total: 163100 ns
[2020-05-01T11:51:16.905+0000][1][safepoint    ] Safepoint "Cleanup", Time since last: 1000191600 ns, Reaching safepoint: 131900 ns, At safepoint: 54900 ns, Total: 186800 ns
[2020-05-01T11:51:24.907+0000][1][safepoint    ] Safepoint "Cleanup", Time since last: 8001246500 ns, Reaching safepoint: 126100 ns, At safepoint: 43800 ns, Total: 169900 ns
[2020-05-01T11:51:37.909+0000][1][safepoint    ] Safepoint "Cleanup", Time since last: 13001756900 ns, Reaching safepoint: 139600 ns, At safepoint: 52600 ns, Total: 192200 ns
[2020-05-01T11:52:15.914+0000][1][safepoint    ] Safepoint "Cleanup", Time since last: 38005358600 ns, Reaching safepoint: 145400 ns, At safepoint: 50600 ns, Total: 196000 ns
[2020-05-01T11:52:59.921+0000][1][safepoint    ] Safepoint "Cleanup", Time since last: 44006309700 ns, Reaching safepoint: 131500 ns, At safepoint: 39900 ns, Total: 171400 ns
[2020-05-01T11:53:22.924+0000][1][safepoint    ] Safepoint "Cleanup", Time since last: 23002926100 ns, Reaching safepoint: 135300 ns, At safepoint: 47700 ns, Total: 183000 ns
[2020-05-01T11:53:35.926+0000][1][safepoint    ] Safepoint "Cleanup", Time since last: 13001483600 ns, Reaching safepoint: 112000 ns, At safepoint: 37400 ns, Total: 149400 ns
[2020-05-01T11:53:46.927+0000][1][safepoint    ] Safepoint "Cleanup", Time since last: 11001293300 ns, Reaching safepoint: 119400 ns, At safepoint: 36400 ns, Total: 155800 ns
[2020-05-01T11:53:47.175+0000][1][gc,start     ] GC(29) Pause Young (Allocation Failure)
[2020-05-01T11:53:47.175+0000][1][gc,task      ] GC(29) Using 10 workers of 10 for evacuation
[2020-05-01T11:53:47.178+0000][1][gc,age       ] GC(29) Desired survivor size 8945664 bytes, new threshold 6 (max threshold 6)
[2020-05-01T11:53:47.178+0000][1][gc,age       ] GC(29) Age table with threshold 6 (max threshold 6)
[2020-05-01T11:53:47.178+0000][1][gc,age       ] GC(29) - age   1:      65240 bytes,      65240 total
[2020-05-01T11:53:47.178+0000][1][gc,age       ] GC(29) - age   2:      33400 bytes,      98640 total
[2020-05-01T11:53:47.178+0000][1][gc,age       ] GC(29) - age   3:      29864 bytes,     128504 total
[2020-05-01T11:53:47.178+0000][1][gc,age       ] GC(29) - age   4:      12832 bytes,     141336 total
[2020-05-01T11:53:47.178+0000][1][gc,age       ] GC(29) - age   5:      49600 bytes,     190936 total
[2020-05-01T11:53:47.178+0000][1][gc,age       ] GC(29) - age   6:      49032 bytes,     239968 total
[2020-05-01T11:53:47.178+0000][1][gc,heap      ] GC(29) ParNew: 140151K->342K(157248K)
[2020-05-01T11:53:47.178+0000][1][gc,heap      ] GC(29) CMS: 81010K->81048K(349568K)
[2020-05-01T11:53:47.178+0000][1][gc,metaspace ] GC(29) Metaspace: 94539K->94539K(1136640K)
[2020-05-01T11:53:47.178+0000][1][gc           ] GC(29) Pause Young (Allocation Failure) 215M->79M(494M) 3.093ms
[2020-05-01T11:53:47.178+0000][1][gc,cpu       ] GC(29) User=0.01s Sys=0.00s Real=0.01s
[2020-05-01T11:53:47.178+0000][1][safepoint    ] Safepoint "GenCollectForAllocation", Time since last: 247685400 ns, Reaching safepoint: 131000 ns, At safepoint: 3181900 ns, Total: 3312900 ns
[2020-05-01T11:53:56.179+0000][1][safepoint    ] Safepoint "Cleanup", Time since last: 9001240400 ns, Reaching safepoint: 127900 ns, At safepoint: 52100 ns, Total: 180000 ns
[2020-05-01T11:54:08.181+0000][1][safepoint    ] Safepoint "Cleanup", Time since last: 12001478200 ns, Reaching safepoint: 134100 ns, At safepoint: 53700 ns, Total: 187800 ns
[2020-05-01T11:54:16.183+0000][1][safepoint    ] Safepoint "Cleanup", Time since last: 8001173000 ns, Reaching safepoint: 147500 ns, At safepoint: 57300 ns, Total: 204800 ns
[2020-05-01T11:54:32.185+0000][1][safepoint    ] Safepoint "Cleanup", Time since last: 16002419800 ns, Reaching safepoint: 122200 ns, At safepoint: 56200 ns, Total: 178400 ns
[2020-05-01T11:54:41.187+0000][1][safepoint    ] Safepoint "Cleanup", Time since last: 9001218300 ns, Reaching safepoint: 137100 ns, At safepoint: 54900 ns, Total: 192000 ns
[2020-05-01T11:54:42.187+0000][1][safepoint    ] Safepoint "Cleanup", Time since last: 1000158500 ns, Reaching safepoint: 120800 ns, At safepoint: 58600 ns, Total: 179400 ns
[2020-05-01T11:54:46.188+0000][1][safepoint    ] Safepoint "Cleanup", Time since last: 4000505500 ns, Reaching safepoint: 128600 ns, At safepoint: 56200 ns, Total: 184800 ns
[2020-05-01T11:54:47.188+0000][1][safepoint    ] Safepoint "Cleanup", Time since last: 1000255500 ns, Reaching safepoint: 129200 ns, At safepoint: 57000 ns, Total: 186200 ns
[2020-05-01T11:54:53.189+0000][1][safepoint    ] Safepoint "Cleanup", Time since last: 6000872500 ns, Reaching safepoint: 118800 ns, At safepoint: 48800 ns, Total: 167600 ns
[2020-05-01T11:54:54.189+0000][1][safepoint    ] Safepoint "Cleanup", Time since last: 1000149400 ns, Reaching safepoint: 118200 ns, At safepoint: 43400 ns, Total: 161600 ns
[2020-05-01T11:54:59.190+0000][1][safepoint    ] Safepoint "Cleanup", Time since last: 5000625800 ns, Reaching safepoint: 120300 ns, At safepoint: 44000 ns, Total: 164300 ns
[2020-05-01T11:55:35.198+0000][1][safepoint    ] Safepoint "Cleanup", Time since last: 36007729800 ns, Reaching safepoint: 171100 ns, At safepoint: 35500 ns, Total: 206600 ns
[2020-05-01T11:55:36.198+0000][1][safepoint    ] Safepoint "Cleanup", Time since last: 1000132400 ns, Reaching safepoint: 118900 ns, At safepoint: 45800 ns, Total: 164700 ns
[2020-05-01T11:55:38.199+0000][1][safepoint    ] Safepoint "Cleanup", Time since last: 2000299800 ns, Reaching safepoint: 119200 ns, At safepoint: 36000 ns, Total: 155200 ns
[2020-05-01T11:56:08.203+0000][1][safepoint    ] Safepoint "Cleanup", Time since last: 30004194000 ns, Reaching safepoint: 137500 ns, At safepoint: 38900 ns, Total: 176400 ns
[2020-05-01T11:56:26.206+0000][1][safepoint    ] Safepoint "Cleanup", Time since last: 18002727300 ns, Reaching safepoint: 150900 ns, At safepoint: 44400 ns, Total: 195300 ns
[2020-05-01T11:56:28.207+0000][1][safepoint    ] Safepoint "Cleanup", Time since last: 2000333900 ns, Reaching safepoint: 121500 ns, At safepoint: 51300 ns, Total: 172800 ns
[2020-05-01T11:56:38.208+0000][1][safepoint    ] Safepoint "Cleanup", Time since last: 10001571300 ns, Reaching safepoint: 121600 ns, At safepoint: 53700 ns, Total: 175300 ns
[2020-05-01T11:56:44.210+0000][1][safepoint    ] Safepoint "Cleanup", Time since last: 6000967300 ns, Reaching safepoint: 135100 ns, At safepoint: 46100 ns, Total: 181200 ns
[2020-05-01T11:56:46.210+0000][1][safepoint    ] Safepoint "Cleanup", Time since last: 2000341500 ns, Reaching safepoint: 127400 ns, At safepoint: 53000 ns, Total: 180400 ns
[2020-05-01T11:56:46.968+0000][1][gc,start     ] GC(30) Pause Young (Allocation Failure)
[2020-05-01T11:56:46.968+0000][1][gc,task      ] GC(30) Using 10 workers of 10 for evacuation
[2020-05-01T11:56:46.972+0000][1][gc,age       ] GC(30) Desired survivor size 8945664 bytes, new threshold 6 (max threshold 6)
[2020-05-01T11:56:46.972+0000][1][gc,age       ] GC(30) Age table with threshold 6 (max threshold 6)
[2020-05-01T11:56:46.972+0000][1][gc,age       ] GC(30) - age   1:      57632 bytes,      57632 total
[2020-05-01T11:56:46.972+0000][1][gc,age       ] GC(30) - age   2:      10488 bytes,      68120 total
[2020-05-01T11:56:46.972+0000][1][gc,age       ] GC(30) - age   3:      33400 bytes,     101520 total
[2020-05-01T11:56:46.972+0000][1][gc,age       ] GC(30) - age   4:      29864 bytes,     131384 total
[2020-05-01T11:56:46.972+0000][1][gc,age       ] GC(30) - age   5:      12832 bytes,     144216 total
[2020-05-01T11:56:46.972+0000][1][gc,age       ] GC(30) - age   6:      49600 bytes,     193816 total
[2020-05-01T11:56:46.972+0000][1][gc,heap      ] GC(30) ParNew: 140102K->286K(157248K)
[2020-05-01T11:56:46.972+0000][1][gc,heap      ] GC(30) CMS: 81048K->81096K(349568K)
[2020-05-01T11:56:46.972+0000][1][gc,metaspace ] GC(30) Metaspace: 94579K->94579K(1136640K)
[2020-05-01T11:56:46.972+0000][1][gc           ] GC(30) Pause Young (Allocation Failure) 215M->79M(494M) 3.272ms
[2020-05-01T11:56:46.972+0000][1][gc,cpu       ] GC(30) User=0.01s Sys=0.00s Real=0.00s
[2020-05-01T11:56:46.972+0000][1][safepoint    ] Safepoint "GenCollectForAllocation", Time since last: 758225900 ns, Reaching safepoint: 146600 ns, At safepoint: 3367300 ns, Total: 3513900 ns
[2020-05-01T11:56:47.972+0000][1][safepoint    ] Safepoint "Cleanup", Time since last: 1000180300 ns, Reaching safepoint: 121100 ns, At safepoint: 50100 ns, Total: 171200 ns
[2020-05-01T11:57:05.975+0000][1][safepoint    ] Safepoint "Cleanup", Time since last: 18002653200 ns, Reaching safepoint: 126300 ns, At safepoint: 56600 ns, Total: 182900 ns
[2020-05-01T11:57:16.977+0000][1][safepoint    ] Safepoint "Cleanup", Time since last: 11001666500 ns, Reaching safepoint: 127000 ns, At safepoint: 60600 ns, Total: 187600 ns
[2020-05-01T11:57:59.984+0000][1][safepoint    ] Safepoint "Cleanup", Time since last: 43006751400 ns, Reaching safepoint: 320400 ns, At safepoint: 76800 ns, Total: 397200 ns
[2020-05-01T11:58:01.985+0000][1][safepoint    ] Safepoint "Cleanup", Time since last: 2000366900 ns, Reaching safepoint: 150800 ns, At safepoint: 93600 ns, Total: 244400 ns
[2020-05-01T11:58:05.985+0000][1][safepoint    ] Safepoint "Cleanup", Time since last: 4000671700 ns, Reaching safepoint: 141500 ns, At safepoint: 60200 ns, Total: 201700 ns
[2020-05-01T11:58:06.986+0000][1][safepoint    ] Safepoint "Cleanup", Time since last: 1000226200 ns, Reaching safepoint: 134100 ns, At safepoint: 61700 ns, Total: 195800 ns
[2020-05-01T11:58:23.989+0000][1][safepoint    ] Safepoint "Cleanup", Time since last: 17002684900 ns, Reaching safepoint: 135300 ns, At safepoint: 49400 ns, Total: 184700 ns
[2020-05-01T11:58:51.994+0000][1][safepoint    ] Safepoint "Cleanup", Time since last: 28004589400 ns, Reaching safepoint: 141700 ns, At safepoint: 54900 ns, Total: 196600 ns
[2020-05-01T11:59:05.996+0000][1][safepoint    ] Safepoint "Cleanup", Time since last: 14002557500 ns, Reaching safepoint: 150100 ns, At safepoint: 52400 ns, Total: 202500 ns
[2020-05-01T11:59:14.998+0000][1][safepoint    ] Safepoint "Cleanup", Time since last: 9001531000 ns, Reaching safepoint: 142200 ns, At safepoint: 56900 ns, Total: 199100 ns
[2020-05-01T11:59:15.998+0000][1][safepoint    ] Safepoint "Cleanup", Time since last: 1000179600 ns, Reaching safepoint: 120500 ns, At safepoint: 52400 ns, Total: 172900 ns
[2020-05-01T11:59:28.001+0000][1][safepoint    ] Safepoint "Cleanup", Time since last: 12002117200 ns, Reaching safepoint: 130800 ns, At safepoint: 56500 ns, Total: 187300 ns
[2020-05-01T11:59:30.002+0000][1][safepoint    ] Safepoint "Cleanup", Time since last: 2000573400 ns, Reaching safepoint: 396700 ns, At safepoint: 171600 ns, Total: 568300 ns
[2020-05-01T11:59:42.524+0000][1][gc,start     ] GC(31) Pause Young (Allocation Failure)
[2020-05-01T11:59:42.524+0000][1][gc,task      ] GC(31) Using 10 workers of 10 for evacuation
[2020-05-01T11:59:42.527+0000][1][gc,age       ] GC(31) Desired survivor size 8945664 bytes, new threshold 6 (max threshold 6)
[2020-05-01T11:59:42.527+0000][1][gc,age       ] GC(31) Age table with threshold 6 (max threshold 6)
[2020-05-01T11:59:42.527+0000][1][gc,age       ] GC(31) - age   1:      98160 bytes,      98160 total
[2020-05-01T11:59:42.527+0000][1][gc,age       ] GC(31) - age   2:       4208 bytes,     102368 total
[2020-05-01T11:59:42.527+0000][1][gc,age       ] GC(31) - age   3:      10488 bytes,     112856 total
[2020-05-01T11:59:42.527+0000][1][gc,age       ] GC(31) - age   4:      33400 bytes,     146256 total
[2020-05-01T11:59:42.527+0000][1][gc,age       ] GC(31) - age   5:      29864 bytes,     176120 total
[2020-05-01T11:59:42.527+0000][1][gc,age       ] GC(31) - age   6:      12832 bytes,     188952 total
[2020-05-01T11:59:42.527+0000][1][gc,heap      ] GC(31) ParNew: 140062K->250K(157248K)
[2020-05-01T11:59:42.527+0000][1][gc,heap      ] GC(31) CMS: 81096K->81144K(349568K)
[2020-05-01T11:59:42.527+0000][1][gc,metaspace ] GC(31) Metaspace: 94602K->94602K(1136640K)
[2020-05-01T11:59:42.528+0000][1][gc           ] GC(31) Pause Young (Allocation Failure) 215M->79M(494M) 3.111ms
[2020-05-01T11:59:42.528+0000][1][gc,cpu       ] GC(31) User=0.00s Sys=0.01s Real=0.01s
[2020-05-01T11:59:42.528+0000][1][safepoint    ] Safepoint "GenCollectForAllocation", Time since last: 12522424000 ns, Reaching safepoint: 139600 ns, At safepoint: 3208200 ns, Total: 3347800 ns
[2020-05-01T11:59:55.530+0000][1][safepoint    ] Safepoint "Cleanup", Time since last: 13001878900 ns, Reaching safepoint: 120100 ns, At safepoint: 44100 ns, Total: 164200 ns
[2020-05-01T12:00:33.536+0000][1][safepoint    ] Safepoint "Cleanup", Time since last: 38005745800 ns, Reaching safepoint: 159900 ns, At safepoint: 54000 ns, Total: 213900 ns
[2020-05-01T12:00:35.536+0000][1][safepoint    ] Safepoint "Cleanup", Time since last: 2000286200 ns, Reaching safepoint: 121100 ns, At safepoint: 48800 ns, Total: 169900 ns
[2020-05-01T12:00:45.538+0000][1][safepoint    ] Safepoint "Cleanup", Time since last: 10001630300 ns, Reaching safepoint: 209800 ns, At safepoint: 69300 ns, Total: 279100 ns
[2020-05-01T12:00:59.541+0000][1][safepoint    ] Safepoint "Cleanup", Time since last: 14002487300 ns, Reaching safepoint: 123100 ns, At safepoint: 55100 ns, Total: 178200 ns
[2020-05-01T12:01:05.542+0000][1][safepoint    ] Safepoint "Cleanup", Time since last: 6001178800 ns, Reaching safepoint: 145800 ns, At safepoint: 54400 ns, Total: 200200 ns
[2020-05-01T12:01:08.543+0000][1][safepoint    ] Safepoint "Cleanup", Time since last: 3000507300 ns, Reaching safepoint: 122900 ns, At safepoint: 54300 ns, Total: 177200 ns
[2020-05-01T12:02:24.554+0000][1][safepoint    ] Safepoint "Cleanup", Time since last: 76011027700 ns, Reaching safepoint: 139200 ns, At safepoint: 46700 ns, Total: 185900 ns
[2020-05-01T12:02:32.555+0000][1][safepoint    ] Safepoint "Cleanup", Time since last: 8001024200 ns, Reaching safepoint: 124400 ns, At safepoint: 56700 ns, Total: 181100 ns
[2020-05-01T12:02:35.556+0000][1][safepoint    ] Safepoint "Cleanup", Time since last: 3000624500 ns, Reaching safepoint: 123600 ns, At safepoint: 54600 ns, Total: 178200 ns
[2020-05-01T12:02:42.355+0000][1][gc,start     ] GC(32) Pause Young (Allocation Failure)
[2020-05-01T12:02:42.355+0000][1][gc,task      ] GC(32) Using 10 workers of 10 for evacuation
[2020-05-01T12:02:42.359+0000][1][gc,age       ] GC(32) Desired survivor size 8945664 bytes, new threshold 6 (max threshold 6)
[2020-05-01T12:02:42.359+0000][1][gc,age       ] GC(32) Age table with threshold 6 (max threshold 6)
[2020-05-01T12:02:42.359+0000][1][gc,age       ] GC(32) - age   1:      57960 bytes,      57960 total
[2020-05-01T12:02:42.359+0000][1][gc,age       ] GC(32) - age   2:       9272 bytes,      67232 total
[2020-05-01T12:02:42.359+0000][1][gc,age       ] GC(32) - age   3:       4208 bytes,      71440 total
[2020-05-01T12:02:42.359+0000][1][gc,age       ] GC(32) - age   4:       9984 bytes,      81424 total
[2020-05-01T12:02:42.359+0000][1][gc,age       ] GC(32) - age   5:      33400 bytes,     114824 total
[2020-05-01T12:02:42.359+0000][1][gc,age       ] GC(32) - age   6:      29864 bytes,     144688 total
[2020-05-01T12:02:42.359+0000][1][gc,heap      ] GC(32) ParNew: 140026K->201K(157248K)
[2020-05-01T12:02:42.359+0000][1][gc,heap      ] GC(32) CMS: 81144K->81157K(349568K)
[2020-05-01T12:02:42.359+0000][1][gc,metaspace ] GC(32) Metaspace: 94703K->94703K(1136640K)
[2020-05-01T12:02:42.359+0000][1][gc           ] GC(32) Pause Young (Allocation Failure) 215M->79M(494M) 3.499ms
[2020-05-01T12:02:42.359+0000][1][gc,cpu       ] GC(32) User=0.01s Sys=0.00s Real=0.01s
[2020-05-01T12:02:42.359+0000][1][safepoint    ] Safepoint "GenCollectForAllocation", Time since last: 6799242800 ns, Reaching safepoint: 210800 ns, At safepoint: 3594200 ns, Total: 3805000 ns
[2020-05-01T12:02:50.360+0000][1][safepoint    ] Safepoint "Cleanup", Time since last: 8000964900 ns, Reaching safepoint: 137200 ns, At safepoint: 51200 ns, Total: 188400 ns
[2020-05-01T12:02:53.361+0000][1][safepoint    ] Safepoint "Cleanup", Time since last: 3000335800 ns, Reaching safepoint: 122300 ns, At safepoint: 59000 ns, Total: 181300 ns
[2020-05-01T12:03:40.368+0000][1][safepoint    ] Safepoint "Cleanup", Time since last: 47007088300 ns, Reaching safepoint: 172500 ns, At safepoint: 61600 ns, Total: 234100 ns
[2020-05-01T12:03:41.369+0000][1][safepoint    ] Safepoint "Cleanup", Time since last: 1000230000 ns, Reaching safepoint: 292300 ns, At safepoint: 74900 ns, Total: 367200 ns
[2020-05-01T12:04:24.376+0000][1][safepoint    ] Safepoint "Cleanup", Time since last: 43007047500 ns, Reaching safepoint: 143600 ns, At safepoint: 57700 ns, Total: 201300 ns
[2020-05-01T12:04:56.381+0000][1][safepoint    ] Safepoint "Cleanup", Time since last: 32004982800 ns, Reaching safepoint: 129000 ns, At safepoint: 48000 ns, Total: 177000 ns
[2020-05-01T12:05:14.384+0000][1][safepoint    ] Safepoint "Cleanup", Time since last: 18003135900 ns, Reaching safepoint: 172400 ns, At safepoint: 41400 ns, Total: 213800 ns
[2020-05-01T12:05:16.385+0000][1][safepoint    ] Safepoint "Cleanup", Time since last: 2000411900 ns, Reaching safepoint: 155300 ns, At safepoint: 44400 ns, Total: 199700 ns
[2020-05-01T12:05:23.387+0000][1][safepoint    ] Safepoint "Cleanup", Time since last: 7001481900 ns, Reaching safepoint: 126000 ns, At safepoint: 43600 ns, Total: 169600 ns
[2020-05-01T12:05:24.387+0000][1][safepoint    ] Safepoint "Cleanup", Time since last: 1000189600 ns, Reaching safepoint: 126400 ns, At safepoint: 40900 ns, Total: 167300 ns
[2020-05-01T12:05:28.388+0000][1][safepoint    ] Safepoint "Cleanup", Time since last: 4000706600 ns, Reaching safepoint: 141800 ns, At safepoint: 54600 ns, Total: 196400 ns
[2020-05-01T12:05:29.388+0000][1][safepoint    ] Safepoint "Cleanup", Time since last: 1000181900 ns, Reaching safepoint: 149000 ns, At safepoint: 53500 ns, Total: 202500 ns
[2020-05-01T12:05:31.389+0000][1][safepoint    ] Safepoint "Cleanup", Time since last: 2000282300 ns, Reaching safepoint: 168400 ns, At safepoint: 57400 ns, Total: 225800 ns
[2020-05-01T12:05:36.391+0000][1][safepoint    ] Safepoint "Cleanup", Time since last: 5002272500 ns, Reaching safepoint: 212300 ns, At safepoint: 115400 ns, Total: 327700 ns
[2020-05-01T12:05:42.427+0000][1][gc,start     ] GC(33) Pause Young (Allocation Failure)
[2020-05-01T12:05:42.427+0000][1][gc,task      ] GC(33) Using 10 workers of 10 for evacuation
[2020-05-01T12:05:42.429+0000][1][gc,age       ] GC(33) Desired survivor size 8945664 bytes, new threshold 6 (max threshold 6)
[2020-05-01T12:05:42.429+0000][1][gc,age       ] GC(33) Age table with threshold 6 (max threshold 6)
[2020-05-01T12:05:42.429+0000][1][gc,age       ] GC(33) - age   1:      76496 bytes,      76496 total
[2020-05-01T12:05:42.429+0000][1][gc,age       ] GC(33) - age   2:       3544 bytes,      80040 total
[2020-05-01T12:05:42.429+0000][1][gc,age       ] GC(33) - age   3:       9272 bytes,      89312 total
[2020-05-01T12:05:42.429+0000][1][gc,age       ] GC(33) - age   4:       4208 bytes,      93520 total
[2020-05-01T12:05:42.429+0000][1][gc,age       ] GC(33) - age   5:       9984 bytes,     103504 total
[2020-05-01T12:05:42.429+0000][1][gc,age       ] GC(33) - age   6:      33400 bytes,     136904 total
[2020-05-01T12:05:42.429+0000][1][gc,heap      ] GC(33) ParNew: 139977K->201K(157248K)
[2020-05-01T12:05:42.429+0000][1][gc,heap      ] GC(33) CMS: 81157K->81186K(349568K)
[2020-05-01T12:05:42.429+0000][1][gc,metaspace ] GC(33) Metaspace: 94780K->94780K(1136640K)
[2020-05-01T12:05:42.429+0000][1][gc           ] GC(33) Pause Young (Allocation Failure) 215M->79M(494M) 1.958ms
[2020-05-01T12:05:42.429+0000][1][gc,cpu       ] GC(33) User=0.00s Sys=0.00s Real=0.00s
[2020-05-01T12:05:42.429+0000][1][safepoint    ] Safepoint "GenCollectForAllocation", Time since last: 6035170400 ns, Reaching safepoint: 119200 ns, At safepoint: 2035700 ns, Total: 2154900 ns
[2020-05-01T12:06:12.440+0000][1][safepoint    ] Safepoint "Cleanup", Time since last: 30011546300 ns, Reaching safepoint: 133800 ns, At safepoint: 50900 ns, Total: 184700 ns
[2020-05-01T12:06:23.445+0000][1][safepoint    ] Safepoint "Cleanup", Time since last: 11004769900 ns, Reaching safepoint: 134400 ns, At safepoint: 44200 ns, Total: 178600 ns
[2020-05-01T12:06:54.459+0000][1][safepoint    ] Safepoint "Cleanup", Time since last: 31013539300 ns, Reaching safepoint: 136400 ns, At safepoint: 64700 ns, Total: 201100 ns
[2020-05-01T12:06:59.461+0000][1][safepoint    ] Safepoint "Cleanup", Time since last: 5001571400 ns, Reaching safepoint: 121600 ns, At safepoint: 55400 ns, Total: 177000 ns
[2020-05-01T12:07:02.462+0000][1][safepoint    ] Safepoint "Cleanup", Time since last: 3000992800 ns, Reaching safepoint: 208300 ns, At safepoint: 71400 ns, Total: 279700 ns
[2020-05-01T12:07:03.463+0000][1][safepoint    ] Safepoint "Cleanup", Time since last: 1000540200 ns, Reaching safepoint: 165300 ns, At safepoint: 86500 ns, Total: 251800 ns
[2020-05-01T12:07:09.466+0000][1][safepoint    ] Safepoint "Cleanup", Time since last: 6002442000 ns, Reaching safepoint: 612100 ns, At safepoint: 188400 ns, Total: 800500 ns
[2020-05-01T12:07:11.468+0000][1][safepoint    ] Safepoint "Cleanup", Time since last: 2001238200 ns, Reaching safepoint: 394500 ns, At safepoint: 202000 ns, Total: 596500 ns
[2020-05-01T12:07:12.469+0000][1][safepoint    ] Safepoint "Cleanup", Time since last: 1000495000 ns, Reaching safepoint: 522000 ns, At safepoint: 206400 ns, Total: 728400 ns
[2020-05-01T12:07:14.470+0000][1][safepoint    ] Safepoint "Cleanup", Time since last: 2000824800 ns, Reaching safepoint: 130900 ns, At safepoint: 60500 ns, Total: 191400 ns
[2020-05-01T12:07:16.472+0000][1][safepoint    ] Safepoint "Cleanup", Time since last: 2001335200 ns, Reaching safepoint: 395800 ns, At safepoint: 203000 ns, Total: 598800 ns
[2020-05-01T12:07:17.474+0000][1][safepoint    ] Safepoint "Cleanup", Time since last: 1000922800 ns, Reaching safepoint: 379800 ns, At safepoint: 210500 ns, Total: 590300 ns
[2020-05-01T12:07:26.478+0000][1][safepoint    ] Safepoint "Cleanup", Time since last: 9003898900 ns, Reaching safepoint: 155600 ns, At safepoint: 71900 ns, Total: 227500 ns
[2020-05-01T12:07:29.479+0000][1][safepoint    ] Safepoint "Cleanup", Time since last: 3001431300 ns, Reaching safepoint: 123100 ns, At safepoint: 57800 ns, Total: 180900 ns
[2020-05-01T12:07:38.483+0000][1][safepoint    ] Safepoint "Cleanup", Time since last: 9002936500 ns, Reaching safepoint: 172100 ns, At safepoint: 85800 ns, Total: 257900 ns
[2020-05-01T12:07:42.485+0000][1][safepoint    ] Safepoint "Cleanup", Time since last: 4001845200 ns, Reaching safepoint: 125700 ns, At safepoint: 58100 ns, Total: 183800 ns
[2020-05-01T12:08:06.496+0000][1][safepoint    ] Safepoint "Cleanup", Time since last: 24011136400 ns, Reaching safepoint: 293000 ns, At safepoint: 156500 ns, Total: 449500 ns
[2020-05-01T12:08:16.503+0000][1][safepoint    ] Safepoint "Cleanup", Time since last: 10005604500 ns, Reaching safepoint: 423500 ns, At safepoint: 290900 ns, Total: 714400 ns
[2020-05-01T12:08:20.505+0000][1][safepoint    ] Safepoint "Cleanup", Time since last: 4001989400 ns, Reaching safepoint: 584000 ns, At safepoint: 168500 ns, Total: 752500 ns
[2020-05-01T12:08:23.508+0000][1][safepoint    ] Safepoint "Cleanup", Time since last: 3001780500 ns, Reaching safepoint: 313900 ns, At safepoint: 168500 ns, Total: 482400 ns
[2020-05-01T12:08:38.514+0000][1][safepoint    ] Safepoint "Cleanup", Time since last: 15006307200 ns, Reaching safepoint: 449700 ns, At safepoint: 206300 ns, Total: 656000 ns
[2020-05-01T12:08:40.185+0000][1][gc,start     ] GC(34) Pause Young (Allocation Failure)
[2020-05-01T12:08:40.185+0000][1][gc,task      ] GC(34) Using 10 workers of 10 for evacuation
[2020-05-01T12:08:40.190+0000][1][gc,age       ] GC(34) Desired survivor size 8945664 bytes, new threshold 6 (max threshold 6)
[2020-05-01T12:08:40.191+0000][1][gc,age       ] GC(34) Age table with threshold 6 (max threshold 6)
[2020-05-01T12:08:40.191+0000][1][gc,age       ] GC(34) - age   1:      76560 bytes,      76560 total
[2020-05-01T12:08:40.191+0000][1][gc,age       ] GC(34) - age   2:      22624 bytes,      99184 total
[2020-05-01T12:08:40.191+0000][1][gc,age       ] GC(34) - age   3:       3544 bytes,     102728 total
[2020-05-01T12:08:40.191+0000][1][gc,age       ] GC(34) - age   4:       9272 bytes,     112000 total
[2020-05-01T12:08:40.191+0000][1][gc,age       ] GC(34) - age   5:       4208 bytes,     116208 total
[2020-05-01T12:08:40.191+0000][1][gc,age       ] GC(34) - age   6:       9832 bytes,     126040 total
[2020-05-01T12:08:40.191+0000][1][gc,heap      ] GC(34) ParNew: 139977K->179K(157248K)
[2020-05-01T12:08:40.191+0000][1][gc,heap      ] GC(34) CMS: 81186K->81219K(349568K)
[2020-05-01T12:08:40.191+0000][1][gc,metaspace ] GC(34) Metaspace: 94796K->94796K(1136640K)
[2020-05-01T12:08:40.191+0000][1][gc           ] GC(34) Pause Young (Allocation Failure) 215M->79M(494M) 5.739ms
[2020-05-01T12:08:40.191+0000][1][gc,cpu       ] GC(34) User=0.02s Sys=0.01s Real=0.01s
[2020-05-01T12:08:40.191+0000][1][safepoint    ] Safepoint "GenCollectForAllocation", Time since last: 1669938200 ns, Reaching safepoint: 381000 ns, At safepoint: 5868400 ns, Total: 6249400 ns
[2020-05-01T12:08:47.194+0000][1][safepoint    ] Safepoint "Cleanup", Time since last: 7002562300 ns, Reaching safepoint: 419500 ns, At safepoint: 218700 ns, Total: 638200 ns
[2020-05-01T12:10:04.222+0000][1][safepoint    ] Safepoint "Cleanup", Time since last: 77027449400 ns, Reaching safepoint: 255900 ns, At safepoint: 122600 ns, Total: 378500 ns
[2020-05-01T12:10:05.223+0000][1][safepoint    ] Safepoint "Cleanup", Time since last: 1000554500 ns, Reaching safepoint: 217700 ns, At safepoint: 121200 ns, Total: 338900 ns
[2020-05-01T12:11:00.246+0000][1][safepoint    ] Safepoint "Cleanup", Time since last: 55022715300 ns, Reaching safepoint: 351800 ns, At safepoint: 111900 ns, Total: 463700 ns
[2020-05-01T12:11:38.206+0000][1][gc,start     ] GC(35) Pause Young (Allocation Failure)
[2020-05-01T12:11:38.214+0000][1][gc,task      ] GC(35) Using 10 workers of 10 for evacuation
[2020-05-01T12:11:38.224+0000][1][gc,age       ] GC(35) Desired survivor size 8945664 bytes, new threshold 6 (max threshold 6)
[2020-05-01T12:11:38.224+0000][1][gc,age       ] GC(35) Age table with threshold 6 (max threshold 6)
[2020-05-01T12:11:38.224+0000][1][gc,age       ] GC(35) - age   1:      53760 bytes,      53760 total
[2020-05-01T12:11:38.224+0000][1][gc,age       ] GC(35) - age   2:       9216 bytes,      62976 total
[2020-05-01T12:11:38.224+0000][1][gc,age       ] GC(35) - age   3:      22624 bytes,      85600 total
[2020-05-01T12:11:38.224+0000][1][gc,age       ] GC(35) - age   4:       3544 bytes,      89144 total
[2020-05-01T12:11:38.224+0000][1][gc,age       ] GC(35) - age   5:       9272 bytes,      98416 total
[2020-05-01T12:11:38.224+0000][1][gc,age       ] GC(35) - age   6:       4208 bytes,     102624 total
[2020-05-01T12:11:38.224+0000][1][gc,heap      ] GC(35) ParNew: 139955K->151K(157248K)
[2020-05-01T12:11:38.224+0000][1][gc,heap      ] GC(35) CMS: 81219K->81228K(349568K)
[2020-05-01T12:11:38.224+0000][1][gc,metaspace ] GC(35) Metaspace: 94804K->94804K(1136640K)
[2020-05-01T12:11:38.224+0000][1][gc           ] GC(35) Pause Young (Allocation Failure) 215M->79M(494M) 17.739ms
[2020-05-01T12:11:38.224+0000][1][gc,cpu       ] GC(35) User=0.03s Sys=0.00s Real=0.02s
[2020-05-01T12:11:38.224+0000][1][safepoint    ] Safepoint "GenCollectForAllocation", Time since last: 37959740300 ns, Reaching safepoint: 610000 ns, At safepoint: 17967700 ns, Total: 18577700 ns
[2020-05-01T12:11:41.226+0000][1][safepoint    ] Safepoint "Cleanup", Time since last: 3001390300 ns, Reaching safepoint: 122300 ns, At safepoint: 73600 ns, Total: 195900 ns
[2020-05-01T12:12:08.236+0000][1][safepoint    ] Safepoint "Cleanup", Time since last: 27010379200 ns, Reaching safepoint: 314100 ns, At safepoint: 113100 ns, Total: 427200 ns
[2020-05-01T12:12:12.239+0000][1][safepoint    ] Safepoint "Cleanup", Time since last: 4002346400 ns, Reaching safepoint: 390700 ns, At safepoint: 252600 ns, Total: 643300 ns
[2020-05-01T12:12:16.242+0000][1][safepoint    ] Safepoint "Cleanup", Time since last: 4002382000 ns, Reaching safepoint: 333500 ns, At safepoint: 153600 ns, Total: 487100 ns
[2020-05-01T12:12:18.244+0000][1][safepoint    ] Safepoint "Cleanup", Time since last: 2000743000 ns, Reaching safepoint: 331000 ns, At safepoint: 159600 ns, Total: 490600 ns
[2020-05-01T12:12:42.254+0000][1][safepoint    ] Safepoint "Cleanup", Time since last: 24009714800 ns, Reaching safepoint: 323000 ns, At safepoint: 146200 ns, Total: 469200 ns
[2020-05-01T12:13:14.265+0000][1][safepoint    ] Safepoint "Cleanup", Time since last: 32011279800 ns, Reaching safepoint: 219400 ns, At safepoint: 137800 ns, Total: 357200 ns
[2020-05-01T12:13:22.270+0000][1][safepoint    ] Safepoint "Cleanup", Time since last: 8004043700 ns, Reaching safepoint: 427600 ns, At safepoint: 212200 ns, Total: 639800 ns
[2020-05-01T12:13:35.276+0000][1][safepoint    ] Safepoint "Cleanup", Time since last: 13005208000 ns, Reaching safepoint: 293500 ns, At safepoint: 158600 ns, Total: 452100 ns
[2020-05-01T12:14:11.292+0000][1][safepoint    ] Safepoint "Cleanup", Time since last: 36015629000 ns, Reaching safepoint: 191600 ns, At safepoint: 37500 ns, Total: 229100 ns
[2020-05-01T12:14:14.294+0000][1][safepoint    ] Safepoint "Cleanup", Time since last: 3001612300 ns, Reaching safepoint: 598600 ns, At safepoint: 265200 ns, Total: 863800 ns
[2020-05-01T12:14:23.298+0000][1][safepoint    ] Safepoint "Cleanup", Time since last: 9003603300 ns, Reaching safepoint: 281400 ns, At safepoint: 130100 ns, Total: 411500 ns
[2020-05-01T12:14:32.303+0000][1][safepoint    ] Safepoint "Cleanup", Time since last: 9003950600 ns, Reaching safepoint: 296700 ns, At safepoint: 161000 ns, Total: 457700 ns
[2020-05-01T12:14:36.305+0000][1][safepoint    ] Safepoint "Cleanup", Time since last: 4001544200 ns, Reaching safepoint: 461400 ns, At safepoint: 280900 ns, Total: 742300 ns
[2020-05-01T12:14:37.982+0000][1][gc,start     ] GC(36) Pause Young (Allocation Failure)
[2020-05-01T12:14:37.982+0000][1][gc,task      ] GC(36) Using 10 workers of 10 for evacuation
[2020-05-01T12:14:37.990+0000][1][gc,age       ] GC(36) Desired survivor size 8945664 bytes, new threshold 6 (max threshold 6)
[2020-05-01T12:14:37.991+0000][1][gc,age       ] GC(36) Age table with threshold 6 (max threshold 6)
[2020-05-01T12:14:37.991+0000][1][gc,age       ] GC(36) - age   1:      62856 bytes,      62856 total
[2020-05-01T12:14:37.991+0000][1][gc,age       ] GC(36) - age   2:        416 bytes,      63272 total
[2020-05-01T12:14:37.991+0000][1][gc,age       ] GC(36) - age   3:       9216 bytes,      72488 total
[2020-05-01T12:14:37.991+0000][1][gc,age       ] GC(36) - age   4:      22624 bytes,      95112 total
[2020-05-01T12:14:37.991+0000][1][gc,age       ] GC(36) - age   5:       3040 bytes,      98152 total
[2020-05-01T12:14:37.991+0000][1][gc,age       ] GC(36) - age   6:       9272 bytes,     107424 total
[2020-05-01T12:14:37.991+0000][1][gc,heap      ] GC(36) ParNew: 139927K->150K(157248K)
[2020-05-01T12:14:37.991+0000][1][gc,heap      ] GC(36) CMS: 81228K->81232K(349568K)
[2020-05-01T12:14:37.991+0000][1][gc,metaspace ] GC(36) Metaspace: 94816K->94816K(1136640K)
[2020-05-01T12:14:37.991+0000][1][gc           ] GC(36) Pause Young (Allocation Failure) 215M->79M(494M) 9.189ms
[2020-05-01T12:14:37.991+0000][1][gc,cpu       ] GC(36) User=0.01s Sys=0.00s Real=0.01s
[2020-05-01T12:14:37.991+0000][1][safepoint    ] Safepoint "GenCollectForAllocation", Time since last: 1676402200 ns, Reaching safepoint: 297900 ns, At safepoint: 9376600 ns, Total: 9674500 ns
[2020-05-01T12:14:58.995+0000][1][safepoint    ] Safepoint "Cleanup", Time since last: 21003829100 ns, Reaching safepoint: 138400 ns, At safepoint: 50300 ns, Total: 188700 ns
[2020-05-01T12:15:15.999+0000][1][safepoint    ] Safepoint "Cleanup", Time since last: 17003899100 ns, Reaching safepoint: 117000 ns, At safepoint: 55700 ns, Total: 172700 ns
[2020-05-01T12:15:48.009+0000][1][safepoint    ] Safepoint "Cleanup", Time since last: 32009010200 ns, Reaching safepoint: 375600 ns, At safepoint: 209300 ns, Total: 584900 ns
[2020-05-01T12:16:15.018+0000][1][safepoint    ] Safepoint "Cleanup", Time since last: 27009094000 ns, Reaching safepoint: 415000 ns, At safepoint: 210400 ns, Total: 625400 ns
[2020-05-01T12:16:17.020+0000][1][safepoint    ] Safepoint "Cleanup", Time since last: 2000845500 ns, Reaching safepoint: 332500 ns, At safepoint: 151300 ns, Total: 483800 ns
[2020-05-01T12:16:33.025+0000][1][safepoint    ] Safepoint "Cleanup", Time since last: 16004642900 ns, Reaching safepoint: 504400 ns, At safepoint: 207400 ns, Total: 711800 ns
[2020-05-01T12:16:35.026+0000][1][safepoint    ] Safepoint "Cleanup", Time since last: 2000615100 ns, Reaching safepoint: 351300 ns, At safepoint: 196900 ns, Total: 548200 ns
[2020-05-01T12:16:36.027+0000][1][safepoint    ] Safepoint "Cleanup", Time since last: 1000324400 ns, Reaching safepoint: 123700 ns, At safepoint: 43200 ns, Total: 166900 ns
[2020-05-01T12:16:48.029+0000][1][safepoint    ] Safepoint "Cleanup", Time since last: 12002185600 ns, Reaching safepoint: 123600 ns, At safepoint: 54100 ns, Total: 177700 ns
[2020-05-01T12:17:14.035+0000][1][safepoint    ] Safepoint "Cleanup", Time since last: 26005579700 ns, Reaching safepoint: 140900 ns, At safepoint: 52600 ns, Total: 193500 ns
[2020-05-01T12:17:17.036+0000][1][safepoint    ] Safepoint "Cleanup", Time since last: 3000582900 ns, Reaching safepoint: 127500 ns, At safepoint: 90200 ns, Total: 217700 ns
[2020-05-01T12:17:37.408+0000][1][gc,start     ] GC(37) Pause Young (Allocation Failure)
[2020-05-01T12:17:37.408+0000][1][gc,task      ] GC(37) Using 10 workers of 10 for evacuation
[2020-05-01T12:17:37.418+0000][1][gc,age       ] GC(37) Desired survivor size 8945664 bytes, new threshold 6 (max threshold 6)
[2020-05-01T12:17:37.418+0000][1][gc,age       ] GC(37) Age table with threshold 6 (max threshold 6)
[2020-05-01T12:17:37.418+0000][1][gc,age       ] GC(37) - age   1:      55104 bytes,      55104 total
[2020-05-01T12:17:37.418+0000][1][gc,age       ] GC(37) - age   2:       8064 bytes,      63168 total
[2020-05-01T12:17:37.418+0000][1][gc,age       ] GC(37) - age   3:        416 bytes,      63584 total
[2020-05-01T12:17:37.419+0000][1][gc,age       ] GC(37) - age   4:       9216 bytes,      72800 total
[2020-05-01T12:17:37.419+0000][1][gc,age       ] GC(37) - age   5:      22624 bytes,      95424 total
[2020-05-01T12:17:37.419+0000][1][gc,age       ] GC(37) - age   6:       3040 bytes,      98464 total
[2020-05-01T12:17:37.419+0000][1][gc,heap      ] GC(37) ParNew: 139926K->139K(157248K)
[2020-05-01T12:17:37.419+0000][1][gc,heap      ] GC(37) CMS: 81232K->81241K(349568K)
[2020-05-01T12:17:37.419+0000][1][gc,metaspace ] GC(37) Metaspace: 94836K->94836K(1136640K)
[2020-05-01T12:17:37.419+0000][1][gc           ] GC(37) Pause Young (Allocation Failure) 215M->79M(494M) 10.518ms
[2020-05-01T12:17:37.419+0000][1][gc,cpu       ] GC(37) User=0.03s Sys=0.00s Real=0.01s
[2020-05-01T12:17:37.419+0000][1][safepoint    ] Safepoint "GenCollectForAllocation", Time since last: 20372194700 ns, Reaching safepoint: 490600 ns, At safepoint: 10876500 ns, Total: 11367100 ns
[2020-05-01T12:17:50.427+0000][1][safepoint    ] Safepoint "Cleanup", Time since last: 13006619100 ns, Reaching safepoint: 413400 ns, At safepoint: 479900 ns, Total: 893300 ns
[2020-05-01T12:17:55.430+0000][1][safepoint    ] Safepoint "Cleanup", Time since last: 5002262400 ns, Reaching safepoint: 901000 ns, At safepoint: 432200 ns, Total: 1333200 ns
[2020-05-01T12:18:20.443+0000][1][safepoint    ] Safepoint "Cleanup", Time since last: 25011542300 ns, Reaching safepoint: 649000 ns, At safepoint: 322400 ns, Total: 971400 ns
[2020-05-01T12:18:26.448+0000][1][safepoint    ] Safepoint "Cleanup", Time since last: 6004057400 ns, Reaching safepoint: 727300 ns, At safepoint: 455100 ns, Total: 1182400 ns
[2020-05-01T12:19:23.481+0000][1][safepoint    ] Safepoint "Cleanup", Time since last: 57032813700 ns, Reaching safepoint: 426100 ns, At safepoint: 199300 ns, Total: 625400 ns
[2020-05-01T12:19:36.488+0000][1][safepoint    ] Safepoint "Cleanup", Time since last: 13005882700 ns, Reaching safepoint: 459300 ns, At safepoint: 279300 ns, Total: 738600 ns
[2020-05-01T12:19:46.494+0000][1][safepoint    ] Safepoint "Cleanup", Time since last: 10005715300 ns, Reaching safepoint: 263600 ns, At safepoint: 120000 ns, Total: 383600 ns
[2020-05-01T12:19:53.498+0000][1][safepoint    ] Safepoint "Cleanup", Time since last: 7002808400 ns, Reaching safepoint: 374300 ns, At safepoint: 245100 ns, Total: 619400 ns
[2020-05-01T12:19:56.500+0000][1][safepoint    ] Safepoint "Cleanup", Time since last: 3001741200 ns, Reaching safepoint: 223800 ns, At safepoint: 163900 ns, Total: 387700 ns
[2020-05-01T12:20:34.575+0000][1][gc,start     ] GC(38) Pause Young (Allocation Failure)
[2020-05-01T12:20:34.575+0000][1][gc,task      ] GC(38) Using 10 workers of 10 for evacuation
[2020-05-01T12:20:34.582+0000][1][gc,age       ] GC(38) Desired survivor size 8945664 bytes, new threshold 6 (max threshold 6)
[2020-05-01T12:20:34.582+0000][1][gc,age       ] GC(38) Age table with threshold 6 (max threshold 6)
[2020-05-01T12:20:34.582+0000][1][gc,age       ] GC(38) - age   1:      61400 bytes,      61400 total
[2020-05-01T12:20:34.582+0000][1][gc,age       ] GC(38) - age   2:       1832 bytes,      63232 total
[2020-05-01T12:20:34.582+0000][1][gc,age       ] GC(38) - age   3:       8064 bytes,      71296 total
[2020-05-01T12:20:34.582+0000][1][gc,age       ] GC(38) - age   4:        416 bytes,      71712 total
[2020-05-01T12:20:34.582+0000][1][gc,age       ] GC(38) - age   5:       9216 bytes,      80928 total
[2020-05-01T12:20:34.582+0000][1][gc,age       ] GC(38) - age   6:      22624 bytes,     103552 total
[2020-05-01T12:20:34.582+0000][1][gc,heap      ] GC(38) ParNew: 139915K->156K(157248K)
[2020-05-01T12:20:34.582+0000][1][gc,heap      ] GC(38) CMS: 81241K->81244K(349568K)
[2020-05-01T12:20:34.582+0000][1][gc,metaspace ] GC(38) Metaspace: 94883K->94883K(1136640K)
[2020-05-01T12:20:34.582+0000][1][gc           ] GC(38) Pause Young (Allocation Failure) 215M->79M(494M) 6.952ms
[2020-05-01T12:20:34.582+0000][1][gc,cpu       ] GC(38) User=0.02s Sys=0.00s Real=0.01s
[2020-05-01T12:20:34.582+0000][1][safepoint    ] Safepoint "GenCollectForAllocation", Time since last: 38074784000 ns, Reaching safepoint: 341200 ns, At safepoint: 7356400 ns, Total: 7697600 ns
[2020-05-01T12:21:25.609+0000][1][safepoint    ] Safepoint "Cleanup", Time since last: 51027093600 ns, Reaching safepoint: 147400 ns, At safepoint: 58800 ns, Total: 206200 ns
[2020-05-01T12:22:11.632+0000][1][safepoint    ] Safepoint "Cleanup", Time since last: 46021468000 ns, Reaching safepoint: 410900 ns, At safepoint: 181600 ns, Total: 592500 ns
[2020-05-01T12:22:24.637+0000][1][safepoint    ] Safepoint "Cleanup", Time since last: 13005176800 ns, Reaching safepoint: 150400 ns, At safepoint: 64500 ns, Total: 214900 ns
[2020-05-01T12:22:47.649+0000][1][safepoint    ] Safepoint "Cleanup", Time since last: 23011741800 ns, Reaching safepoint: 365400 ns, At safepoint: 194100 ns, Total: 559500 ns
[2020-05-01T12:22:53.652+0000][1][safepoint    ] Safepoint "Cleanup", Time since last: 6002498100 ns, Reaching safepoint: 186600 ns, At safepoint: 87500 ns, Total: 274100 ns
[2020-05-01T12:22:56.654+0000][1][safepoint    ] Safepoint "Cleanup", Time since last: 3001474300 ns, Reaching safepoint: 172800 ns, At safepoint: 86400 ns, Total: 259200 ns
[2020-05-01T12:23:01.656+0000][1][safepoint    ] Safepoint "Cleanup", Time since last: 5001975200 ns, Reaching safepoint: 138000 ns, At safepoint: 52600 ns, Total: 190600 ns
[2020-05-01T12:23:15.665+0000][1][safepoint    ] Safepoint "Cleanup", Time since last: 14008628500 ns, Reaching safepoint: 353000 ns, At safepoint: 239000 ns, Total: 592000 ns
[2020-05-01T12:23:23.670+0000][1][safepoint    ] Safepoint "Cleanup", Time since last: 8004664200 ns, Reaching safepoint: 427200 ns, At safepoint: 235400 ns, Total: 662600 ns
[2020-05-01T12:23:25.672+0000][1][safepoint    ] Safepoint "Cleanup", Time since last: 2001083500 ns, Reaching safepoint: 405100 ns, At safepoint: 231300 ns, Total: 636400 ns
[2020-05-01T12:23:33.330+0000][1][gc,start     ] GC(39) Pause Young (Allocation Failure)
[2020-05-01T12:23:33.330+0000][1][gc,task      ] GC(39) Using 10 workers of 10 for evacuation
[2020-05-01T12:23:33.338+0000][1][gc,age       ] GC(39) Desired survivor size 8945664 bytes, new threshold 6 (max threshold 6)
[2020-05-01T12:23:33.338+0000][1][gc,age       ] GC(39) Age table with threshold 6 (max threshold 6)
[2020-05-01T12:23:33.338+0000][1][gc,age       ] GC(39) - age   1:      62048 bytes,      62048 total
[2020-05-01T12:23:33.338+0000][1][gc,age       ] GC(39) - age   2:       7968 bytes,      70016 total
[2020-05-01T12:23:33.338+0000][1][gc,age       ] GC(39) - age   3:       1832 bytes,      71848 total
[2020-05-01T12:23:33.338+0000][1][gc,age       ] GC(39) - age   4:       7560 bytes,      79408 total
[2020-05-01T12:23:33.338+0000][1][gc,age       ] GC(39) - age   5:        416 bytes,      79824 total
[2020-05-01T12:23:33.338+0000][1][gc,age       ] GC(39) - age   6:       9064 bytes,      88888 total
[2020-05-01T12:23:33.338+0000][1][gc,heap      ] GC(39) ParNew: 139932K->108K(157248K)
[2020-05-01T12:23:33.338+0000][1][gc,heap      ] GC(39) CMS: 81244K->81267K(349568K)
[2020-05-01T12:23:33.338+0000][1][gc,metaspace ] GC(39) Metaspace: 94906K->94906K(1136640K)
[2020-05-01T12:23:33.338+0000][1][gc           ] GC(39) Pause Young (Allocation Failure) 215M->79M(494M) 8.073ms
[2020-05-01T12:23:33.338+0000][1][gc,cpu       ] GC(39) User=0.02s Sys=0.00s Real=0.01s
[2020-05-01T12:23:33.338+0000][1][safepoint    ] Safepoint "GenCollectForAllocation", Time since last: 7657468800 ns, Reaching safepoint: 291200 ns, At safepoint: 8293100 ns, Total: 8584300 ns
[2020-05-01T12:23:48.346+0000][1][safepoint    ] Safepoint "Cleanup", Time since last: 15007252300 ns, Reaching safepoint: 315400 ns, At safepoint: 171400 ns, Total: 486800 ns
[2020-05-01T12:23:53.350+0000][1][safepoint    ] Safepoint "Cleanup", Time since last: 5003364000 ns, Reaching safepoint: 396600 ns, At safepoint: 311400 ns, Total: 708000 ns
[2020-05-01T12:24:03.356+0000][1][safepoint    ] Safepoint "Cleanup", Time since last: 10005267100 ns, Reaching safepoint: 431900 ns, At safepoint: 208600 ns, Total: 640500 ns
[2020-05-01T12:24:04.357+0000][1][safepoint    ] Safepoint "Cleanup", Time since last: 1000687500 ns, Reaching safepoint: 247200 ns, At safepoint: 125500 ns, Total: 372700 ns
[2020-05-01T12:24:12.362+0000][1][safepoint    ] Safepoint "Cleanup", Time since last: 8004233400 ns, Reaching safepoint: 397200 ns, At safepoint: 350500 ns, Total: 747700 ns
[2020-05-01T12:24:16.364+0000][1][safepoint    ] Safepoint "Cleanup", Time since last: 4001602100 ns, Reaching safepoint: 354800 ns, At safepoint: 154600 ns, Total: 509400 ns
[2020-05-01T12:24:18.366+0000][1][safepoint    ] Safepoint "Cleanup", Time since last: 2000853500 ns, Reaching safepoint: 403500 ns, At safepoint: 202900 ns, Total: 606400 ns
[2020-05-01T12:24:24.369+0000][1][safepoint    ] Safepoint "Cleanup", Time since last: 6002775100 ns, Reaching safepoint: 435200 ns, At safepoint: 300800 ns, Total: 736000 ns
[2020-05-01T12:26:16.425+0000][1][safepoint    ] Safepoint "Cleanup", Time since last: 112054942000 ns, Reaching safepoint: 525700 ns, At safepoint: 135300 ns, Total: 661000 ns
[2020-05-01T12:26:33.155+0000][1][gc,start     ] GC(40) Pause Young (Allocation Failure)
[2020-05-01T12:26:33.155+0000][1][gc,task      ] GC(40) Using 10 workers of 10 for evacuation
[2020-05-01T12:26:33.172+0000][1][gc,age       ] GC(40) Desired survivor size 8945664 bytes, new threshold 6 (max threshold 6)
[2020-05-01T12:26:33.172+0000][1][gc,age       ] GC(40) Age table with threshold 6 (max threshold 6)
[2020-05-01T12:26:33.172+0000][1][gc,age       ] GC(40) - age   1:      62688 bytes,      62688 total
[2020-05-01T12:26:33.172+0000][1][gc,age       ] GC(40) - age   2:       8168 bytes,      70856 total
[2020-05-01T12:26:33.172+0000][1][gc,age       ] GC(40) - age   3:       7968 bytes,      78824 total
[2020-05-01T12:26:33.172+0000][1][gc,age       ] GC(40) - age   4:       1832 bytes,      80656 total
[2020-05-01T12:26:33.173+0000][1][gc,age       ] GC(40) - age   5:       7560 bytes,      88216 total
[2020-05-01T12:26:33.173+0000][1][gc,age       ] GC(40) - age   6:        416 bytes,      88632 total
[2020-05-01T12:26:33.173+0000][1][gc,heap      ] GC(40) ParNew: 139884K->120K(157248K)
[2020-05-01T12:26:33.173+0000][1][gc,heap      ] GC(40) CMS: 81267K->81275K(349568K)
[2020-05-01T12:26:33.173+0000][1][gc,metaspace ] GC(40) Metaspace: 94950K->94950K(1136640K)
[2020-05-01T12:26:33.173+0000][1][gc           ] GC(40) Pause Young (Allocation Failure) 215M->79M(494M) 17.590ms
[2020-05-01T12:26:33.173+0000][1][gc,cpu       ] GC(40) User=0.03s Sys=0.02s Real=0.02s
[2020-05-01T12:26:33.173+0000][1][safepoint    ] Safepoint "GenCollectForAllocation", Time since last: 16729910300 ns, Reaching safepoint: 672500 ns, At safepoint: 18181300 ns, Total: 18853800 ns
[2020-05-01T12:26:36.177+0000][1][safepoint    ] Safepoint "Cleanup", Time since last: 3002430200 ns, Reaching safepoint: 1039900 ns, At safepoint: 405800 ns, Total: 1445700 ns
[2020-05-01T12:26:43.182+0000][1][safepoint    ] Safepoint "Cleanup", Time since last: 7004454000 ns, Reaching safepoint: 391300 ns, At safepoint: 225000 ns, Total: 616300 ns
[2020-05-01T12:26:46.185+0000][1][safepoint    ] Safepoint "Cleanup", Time since last: 3002063900 ns, Reaching safepoint: 412300 ns, At safepoint: 248300 ns, Total: 660600 ns
[2020-05-01T12:26:54.191+0000][1][safepoint    ] Safepoint "Cleanup", Time since last: 8005002900 ns, Reaching safepoint: 392000 ns, At safepoint: 213200 ns, Total: 605200 ns
[2020-05-01T12:26:57.192+0000][1][safepoint    ] Safepoint "Cleanup", Time since last: 3001151100 ns, Reaching safepoint: 137000 ns, At safepoint: 51300 ns, Total: 188300 ns
[2020-05-01T12:27:23.204+0000][1][safepoint    ] Safepoint "Cleanup", Time since last: 26011613200 ns, Reaching safepoint: 119500 ns, At safepoint: 52600 ns, Total: 172100 ns
[2020-05-01T12:27:24.204+0000][1][safepoint    ] Safepoint "Cleanup", Time since last: 1000292100 ns, Reaching safepoint: 135900 ns, At safepoint: 56500 ns, Total: 192400 ns
[2020-05-01T12:27:39.209+0000][1][safepoint    ] Safepoint "Cleanup", Time since last: 15004316400 ns, Reaching safepoint: 498800 ns, At safepoint: 212100 ns, Total: 710900 ns
[2020-05-01T12:27:42.212+0000][1][safepoint    ] Safepoint "Cleanup", Time since last: 3001495300 ns, Reaching safepoint: 471300 ns, At safepoint: 215500 ns, Total: 686800 ns
[2020-05-01T12:28:18.229+0000][1][safepoint    ] Safepoint "Cleanup", Time since last: 36016791800 ns, Reaching safepoint: 191800 ns, At safepoint: 87700 ns, Total: 279500 ns
[2020-05-01T12:28:24.233+0000][1][safepoint    ] Safepoint "Cleanup", Time since last: 6003468400 ns, Reaching safepoint: 413200 ns, At safepoint: 209900 ns, Total: 623100 ns
[2020-05-01T12:28:26.613+0000][1][safepoint    ] Safepoint "Cleanup", Time since last: 2379356400 ns, Reaching safepoint: 604700 ns, At safepoint: 204300 ns, Total: 809000 ns
[2020-05-01T12:28:39.262+0000][1][safepoint    ] Safepoint "Cleanup", Time since last: 12648841000 ns, Reaching safepoint: 126100 ns, At safepoint: 48300 ns, Total: 174400 ns
[2020-05-01T12:28:42.262+0000][1][safepoint    ] Safepoint "Cleanup", Time since last: 3000364600 ns, Reaching safepoint: 117400 ns, At safepoint: 40200 ns, Total: 157600 ns
[2020-05-01T12:28:46.263+0000][1][safepoint    ] Safepoint "Cleanup", Time since last: 4000619300 ns, Reaching safepoint: 121200 ns, At safepoint: 36600 ns, Total: 157800 ns
[2020-05-01T12:28:51.264+0000][1][safepoint    ] Safepoint "Cleanup", Time since last: 5000788400 ns, Reaching safepoint: 118500 ns, At safepoint: 38500 ns, Total: 157000 ns
[2020-05-01T12:28:54.265+0000][1][safepoint    ] Safepoint "Cleanup", Time since last: 3000488800 ns, Reaching safepoint: 116000 ns, At safepoint: 58300 ns, Total: 174300 ns
[2020-05-01T12:29:06.267+0000][1][safepoint    ] Safepoint "Cleanup", Time since last: 12002374000 ns, Reaching safepoint: 140100 ns, At safepoint: 55200 ns, Total: 195300 ns
[2020-05-01T12:29:09.268+0000][1][safepoint    ] Safepoint "Cleanup", Time since last: 3000476300 ns, Reaching safepoint: 125300 ns, At safepoint: 52100 ns, Total: 177400 ns
[2020-05-01T12:29:12.269+0000][1][safepoint    ] Safepoint "Cleanup", Time since last: 3000518000 ns, Reaching safepoint: 124100 ns, At safepoint: 52700 ns, Total: 176800 ns
[2020-05-01T12:29:16.270+0000][1][safepoint    ] Safepoint "Cleanup", Time since last: 4000637800 ns, Reaching safepoint: 123600 ns, At safepoint: 89500 ns, Total: 213100 ns
[2020-05-01T12:29:17.270+0000][1][safepoint    ] Safepoint "Cleanup", Time since last: 1000211800 ns, Reaching safepoint: 119800 ns, At safepoint: 53000 ns, Total: 172800 ns
[2020-05-01T12:29:29.459+0000][1][gc,start     ] GC(41) Pause Young (Allocation Failure)
[2020-05-01T12:29:29.459+0000][1][gc,task      ] GC(41) Using 10 workers of 10 for evacuation
[2020-05-01T12:29:29.469+0000][1][gc,age       ] GC(41) Desired survivor size 8945664 bytes, new threshold 6 (max threshold 6)
[2020-05-01T12:29:29.469+0000][1][gc,age       ] GC(41) Age table with threshold 6 (max threshold 6)
[2020-05-01T12:29:29.469+0000][1][gc,age       ] GC(41) - age   1:     102280 bytes,     102280 total
[2020-05-01T12:29:29.469+0000][1][gc,age       ] GC(41) - age   2:        696 bytes,     102976 total
[2020-05-01T12:29:29.469+0000][1][gc,age       ] GC(41) - age   3:       8168 bytes,     111144 total
[2020-05-01T12:29:29.469+0000][1][gc,age       ] GC(41) - age   4:       7968 bytes,     119112 total
[2020-05-01T12:29:29.469+0000][1][gc,age       ] GC(41) - age   5:       1832 bytes,     120944 total
[2020-05-01T12:29:29.469+0000][1][gc,age       ] GC(41) - age   6:       7560 bytes,     128504 total
[2020-05-01T12:29:29.469+0000][1][gc,heap      ] GC(41) ParNew: 139896K->151K(157248K)
[2020-05-01T12:29:29.469+0000][1][gc,heap      ] GC(41) CMS: 81275K->81276K(349568K)
[2020-05-01T12:29:29.469+0000][1][gc,metaspace ] GC(41) Metaspace: 94968K->94968K(1136640K)
[2020-05-01T12:29:29.469+0000][1][gc           ] GC(41) Pause Young (Allocation Failure) 215M->79M(494M) 9.820ms
[2020-05-01T12:29:29.469+0000][1][gc,cpu       ] GC(41) User=0.01s Sys=0.02s Real=0.01s
[2020-05-01T12:29:29.469+0000][1][safepoint    ] Safepoint "GenCollectForAllocation", Time since last: 12188661000 ns, Reaching safepoint: 481300 ns, At safepoint: 10105700 ns, Total: 10587000 ns
[2020-05-01T12:30:21.494+0000][1][safepoint    ] Safepoint "Cleanup", Time since last: 52024518300 ns, Reaching safepoint: 314100 ns, At safepoint: 170600 ns, Total: 484700 ns
[2020-05-01T12:30:23.496+0000][1][safepoint    ] Safepoint "Cleanup", Time since last: 2001124400 ns, Reaching safepoint: 214000 ns, At safepoint: 103800 ns, Total: 317800 ns
[2020-05-01T12:30:41.504+0000][1][safepoint    ] Safepoint "Cleanup", Time since last: 18007936900 ns, Reaching safepoint: 180700 ns, At safepoint: 68100 ns, Total: 248800 ns
[2020-05-01T12:30:46.506+0000][1][safepoint    ] Safepoint "Cleanup", Time since last: 5001976600 ns, Reaching safepoint: 397400 ns, At safepoint: 282700 ns, Total: 680100 ns
[2020-05-01T12:30:47.393+0000][1][safepoint    ] Safepoint "Deoptimize", Time since last: 882878700 ns, Reaching safepoint: 443400 ns, At safepoint: 2728800 ns, Total: 3172200 ns
[2020-05-01T12:30:48.393+0000][1][safepoint    ] Safepoint "Cleanup", Time since last: 1000437900 ns, Reaching safepoint: 124100 ns, At safepoint: 53700 ns, Total: 177800 ns
[2020-05-01T12:30:51.395+0000][1][safepoint    ] Safepoint "Cleanup", Time since last: 3001167400 ns, Reaching safepoint: 300900 ns, At safepoint: 208000 ns, Total: 508900 ns
[2020-05-01T12:31:03.402+0000][1][safepoint    ] Safepoint "Cleanup", Time since last: 12006369800 ns, Reaching safepoint: 360300 ns, At safepoint: 144800 ns, Total: 505100 ns
[2020-05-01T12:31:21.412+0000][1][safepoint    ] Safepoint "Cleanup", Time since last: 18009397200 ns, Reaching safepoint: 290300 ns, At safepoint: 149400 ns, Total: 439700 ns
[2020-05-01T12:31:39.422+0000][1][safepoint    ] Safepoint "Cleanup", Time since last: 18009723200 ns, Reaching safepoint: 254800 ns, At safepoint: 121600 ns, Total: 376400 ns
[2020-05-01T12:31:42.424+0000][1][safepoint    ] Safepoint "Cleanup", Time since last: 3001304000 ns, Reaching safepoint: 407300 ns, At safepoint: 203600 ns, Total: 610900 ns
[2020-05-01T12:31:54.429+0000][1][safepoint    ] Safepoint "Cleanup", Time since last: 12005656200 ns, Reaching safepoint: 143500 ns, At safepoint: 56500 ns, Total: 200000 ns
[2020-05-01T12:32:16.438+0000][1][safepoint    ] Safepoint "Cleanup", Time since last: 22007693100 ns, Reaching safepoint: 523000 ns, At safepoint: 207500 ns, Total: 730500 ns
[2020-05-01T12:32:27.442+0000][1][safepoint    ] Safepoint "Cleanup", Time since last: 11004465100 ns, Reaching safepoint: 125400 ns, At safepoint: 68500 ns, Total: 193900 ns
[2020-05-01T12:32:28.975+0000][1][gc,start     ] GC(42) Pause Young (Allocation Failure)
[2020-05-01T12:32:28.975+0000][1][gc,task      ] GC(42) Using 10 workers of 10 for evacuation
[2020-05-01T12:32:28.982+0000][1][gc,age       ] GC(42) Desired survivor size 8945664 bytes, new threshold 6 (max threshold 6)
[2020-05-01T12:32:28.982+0000][1][gc,age       ] GC(42) Age table with threshold 6 (max threshold 6)
[2020-05-01T12:32:28.982+0000][1][gc,age       ] GC(42) - age   1:      56816 bytes,      56816 total
[2020-05-01T12:32:28.982+0000][1][gc,age       ] GC(42) - age   2:       8576 bytes,      65392 total
[2020-05-01T12:32:28.982+0000][1][gc,age       ] GC(42) - age   3:        696 bytes,      66088 total
[2020-05-01T12:32:28.982+0000][1][gc,age       ] GC(42) - age   4:       7664 bytes,      73752 total
[2020-05-01T12:32:28.982+0000][1][gc,age       ] GC(42) - age   5:       7968 bytes,      81720 total
[2020-05-01T12:32:28.982+0000][1][gc,age       ] GC(42) - age   6:       1832 bytes,      83552 total
[2020-05-01T12:32:28.982+0000][1][gc,heap      ] GC(42) ParNew: 139927K->122K(157248K)
[2020-05-01T12:32:28.982+0000][1][gc,heap      ] GC(42) CMS: 81276K->81283K(349568K)
[2020-05-01T12:32:28.982+0000][1][gc,metaspace ] GC(42) Metaspace: 94992K->94992K(1136640K)
[2020-05-01T12:32:28.982+0000][1][gc           ] GC(42) Pause Young (Allocation Failure) 216M->79M(494M) 7.130ms
[2020-05-01T12:32:28.982+0000][1][gc,cpu       ] GC(42) User=0.02s Sys=0.00s Real=0.01s
[2020-05-01T12:32:28.982+0000][1][safepoint    ] Safepoint "GenCollectForAllocation", Time since last: 1532292600 ns, Reaching safepoint: 318500 ns, At safepoint: 7423100 ns, Total: 7741600 ns
[2020-05-01T12:32:32.984+0000][1][safepoint    ] Safepoint "Cleanup", Time since last: 4001594400 ns, Reaching safepoint: 206200 ns, At safepoint: 104200 ns, Total: 310400 ns
[2020-05-01T12:32:38.988+0000][1][safepoint    ] Safepoint "Cleanup", Time since last: 6003180800 ns, Reaching safepoint: 341600 ns, At safepoint: 181500 ns, Total: 523100 ns
[2020-05-01T12:33:39.017+0000][1][safepoint    ] Safepoint "Cleanup", Time since last: 60028228800 ns, Reaching safepoint: 251000 ns, At safepoint: 93400 ns, Total: 344400 ns
[2020-05-01T12:33:51.022+0000][1][safepoint    ] Safepoint "Cleanup", Time since last: 12005562000 ns, Reaching safepoint: 119800 ns, At safepoint: 45400 ns, Total: 165200 ns
[2020-05-01T12:34:25.037+0000][1][safepoint    ] Safepoint "Cleanup", Time since last: 34014147800 ns, Reaching safepoint: 432000 ns, At safepoint: 277500 ns, Total: 709500 ns
[2020-05-01T12:34:39.045+0000][1][safepoint    ] Safepoint "Cleanup", Time since last: 14007103500 ns, Reaching safepoint: 501600 ns, At safepoint: 184600 ns, Total: 686200 ns
[2020-05-01T12:34:41.047+0000][1][safepoint    ] Safepoint "Cleanup", Time since last: 2001012900 ns, Reaching safepoint: 513500 ns, At safepoint: 206800 ns, Total: 720300 ns
[2020-05-01T12:34:42.047+0000][1][safepoint    ] Safepoint "Cleanup", Time since last: 1000341200 ns, Reaching safepoint: 120400 ns, At safepoint: 50500 ns, Total: 170900 ns
[2020-05-01T12:35:29.191+0000][1][gc,start     ] GC(43) Pause Young (Allocation Failure)
[2020-05-01T12:35:29.191+0000][1][gc,task      ] GC(43) Using 10 workers of 10 for evacuation
[2020-05-01T12:35:29.196+0000][1][gc,age       ] GC(43) Desired survivor size 8945664 bytes, new threshold 6 (max threshold 6)
[2020-05-01T12:35:29.196+0000][1][gc,age       ] GC(43) Age table with threshold 6 (max threshold 6)
[2020-05-01T12:35:29.196+0000][1][gc,age       ] GC(43) - age   1:      59112 bytes,      59112 total
[2020-05-01T12:35:29.196+0000][1][gc,age       ] GC(43) - age   2:       2384 bytes,      61496 total
[2020-05-01T12:35:29.196+0000][1][gc,age       ] GC(43) - age   3:       8720 bytes,      70216 total
[2020-05-01T12:35:29.196+0000][1][gc,age       ] GC(43) - age   4:        696 bytes,      70912 total
[2020-05-01T12:35:29.196+0000][1][gc,age       ] GC(43) - age   5:       7664 bytes,      78576 total
[2020-05-01T12:35:29.196+0000][1][gc,age       ] GC(43) - age   6:       7968 bytes,      86544 total
[2020-05-01T12:35:29.196+0000][1][gc,heap      ] GC(43) ParNew: 139898K->107K(157248K)
[2020-05-01T12:35:29.196+0000][1][gc,heap      ] GC(43) CMS: 81283K->81285K(349568K)
[2020-05-01T12:35:29.196+0000][1][gc,metaspace ] GC(43) Metaspace: 94993K->94993K(1136640K)
[2020-05-01T12:35:29.196+0000][1][gc           ] GC(43) Pause Young (Allocation Failure) 215M->79M(494M) 5.312ms
[2020-05-01T12:35:29.196+0000][1][gc,cpu       ] GC(43) User=0.02s Sys=0.01s Real=0.00s
[2020-05-01T12:35:29.196+0000][1][safepoint    ] Safepoint "GenCollectForAllocation", Time since last: 47143178200 ns, Reaching safepoint: 230400 ns, At safepoint: 5561200 ns, Total: 5791600 ns
[2020-05-01T12:36:36.229+0000][1][safepoint    ] Safepoint "Cleanup", Time since last: 67032313200 ns, Reaching safepoint: 412400 ns, At safepoint: 173000 ns, Total: 585400 ns
[2020-05-01T12:36:39.231+0000][1][safepoint    ] Safepoint "Cleanup", Time since last: 3001254900 ns, Reaching safepoint: 307300 ns, At safepoint: 167600 ns, Total: 474900 ns
[2020-05-01T12:38:16.287+0000][1][safepoint    ] Safepoint "Cleanup", Time since last: 97054977300 ns, Reaching safepoint: 737900 ns, At safepoint: 193000 ns, Total: 930900 ns
[2020-05-01T12:38:28.547+0000][1][gc,start     ] GC(44) Pause Young (Allocation Failure)
[2020-05-01T12:38:28.547+0000][1][gc,task      ] GC(44) Using 10 workers of 10 for evacuation
[2020-05-01T12:38:28.557+0000][1][gc,age       ] GC(44) Desired survivor size 8945664 bytes, new threshold 6 (max threshold 6)
[2020-05-01T12:38:28.557+0000][1][gc,age       ] GC(44) Age table with threshold 6 (max threshold 6)
[2020-05-01T12:38:28.557+0000][1][gc,age       ] GC(44) - age   1:      54392 bytes,      54392 total
[2020-05-01T12:38:28.557+0000][1][gc,age       ] GC(44) - age   2:       5248 bytes,      59640 total
[2020-05-01T12:38:28.557+0000][1][gc,age       ] GC(44) - age   3:       2384 bytes,      62024 total
[2020-05-01T12:38:28.557+0000][1][gc,age       ] GC(44) - age   4:       8576 bytes,      70600 total
[2020-05-01T12:38:28.557+0000][1][gc,age       ] GC(44) - age   5:        696 bytes,      71296 total
[2020-05-01T12:38:28.557+0000][1][gc,age       ] GC(44) - age   6:       7512 bytes,      78808 total
[2020-05-01T12:38:28.557+0000][1][gc,heap      ] GC(44) ParNew: 139883K->103K(157248K)
[2020-05-01T12:38:28.557+0000][1][gc,heap      ] GC(44) CMS: 81285K->81293K(349568K)
[2020-05-01T12:38:28.557+0000][1][gc,metaspace ] GC(44) Metaspace: 94998K->94998K(1136640K)
[2020-05-01T12:38:28.557+0000][1][gc           ] GC(44) Pause Young (Allocation Failure) 215M->79M(494M) 10.489ms
[2020-05-01T12:38:28.557+0000][1][gc,cpu       ] GC(44) User=0.03s Sys=0.01s Real=0.01s
[2020-05-01T12:38:28.557+0000][1][safepoint    ] Safepoint "GenCollectForAllocation", Time since last: 12259342700 ns, Reaching safepoint: 437900 ns, At safepoint: 10787600 ns, Total: 11225500 ns
[2020-05-01T12:39:12.578+0000][1][safepoint    ] Safepoint "Cleanup", Time since last: 44019757500 ns, Reaching safepoint: 435800 ns, At safepoint: 210000 ns, Total: 645800 ns
[2020-05-01T12:39:30.587+0000][1][safepoint    ] Safepoint "Cleanup", Time since last: 18008574300 ns, Reaching safepoint: 454500 ns, At safepoint: 202800 ns, Total: 657300 ns
[2020-05-01T12:39:41.592+0000][1][safepoint    ] Safepoint "Cleanup", Time since last: 11004655800 ns, Reaching safepoint: 184500 ns, At safepoint: 102100 ns, Total: 286600 ns
[2020-05-01T12:39:42.592+0000][1][safepoint    ] Safepoint "Cleanup", Time since last: 1000214500 ns, Reaching safepoint: 157400 ns, At safepoint: 72800 ns, Total: 230200 ns
[2020-05-01T12:39:45.594+0000][1][safepoint    ] Safepoint "Cleanup", Time since last: 3000999700 ns, Reaching safepoint: 406000 ns, At safepoint: 208500 ns, Total: 614500 ns
[2020-05-01T12:39:46.595+0000][1][safepoint    ] Safepoint "Cleanup", Time since last: 1000769500 ns, Reaching safepoint: 168200 ns, At safepoint: 87000 ns, Total: 255200 ns
[2020-05-01T12:41:25.716+0000][1][gc,start     ] GC(45) Pause Young (Allocation Failure)
[2020-05-01T12:41:25.716+0000][1][gc,task      ] GC(45) Using 10 workers of 10 for evacuation
[2020-05-01T12:41:25.718+0000][1][gc,age       ] GC(45) Desired survivor size 8945664 bytes, new threshold 6 (max threshold 6)
[2020-05-01T12:41:25.718+0000][1][gc,age       ] GC(45) Age table with threshold 6 (max threshold 6)
[2020-05-01T12:41:25.718+0000][1][gc,age       ] GC(45) - age   1:      54424 bytes,      54424 total
[2020-05-01T12:41:25.718+0000][1][gc,age       ] GC(45) - age   2:        776 bytes,      55200 total
[2020-05-01T12:41:25.718+0000][1][gc,age       ] GC(45) - age   3:       5248 bytes,      60448 total
[2020-05-01T12:41:25.718+0000][1][gc,age       ] GC(45) - age   4:       2384 bytes,      62832 total
[2020-05-01T12:41:25.718+0000][1][gc,age       ] GC(45) - age   5:       8576 bytes,      71408 total
[2020-05-01T12:41:25.718+0000][1][gc,age       ] GC(45) - age   6:        696 bytes,      72104 total
[2020-05-01T12:41:25.718+0000][1][gc,heap      ] GC(45) ParNew: 139874K->91K(157248K)
[2020-05-01T12:41:25.718+0000][1][gc,heap      ] GC(45) CMS: 81293K->81300K(349568K)
[2020-05-01T12:41:25.718+0000][1][gc,metaspace ] GC(45) Metaspace: 95000K->95000K(1136640K)
[2020-05-01T12:41:25.718+0000][1][gc           ] GC(45) Pause Young (Allocation Failure) 215M->79M(494M) 2.408ms
[2020-05-01T12:41:25.718+0000][1][gc,cpu       ] GC(45) User=0.00s Sys=0.00s Real=0.01s
[2020-05-01T12:41:25.719+0000][1][safepoint    ] Safepoint "GenCollectForAllocation", Time since last: 99120833700 ns, Reaching safepoint: 142700 ns, At safepoint: 2502100 ns, Total: 2644800 ns
[2020-05-01T12:41:54.733+0000][1][safepoint    ] Safepoint "Cleanup", Time since last: 29013541700 ns, Reaching safepoint: 507700 ns, At safepoint: 205000 ns, Total: 712700 ns
[2020-05-01T12:42:01.736+0000][1][safepoint    ] Safepoint "Cleanup", Time since last: 7002826400 ns, Reaching safepoint: 337400 ns, At safepoint: 143200 ns, Total: 480600 ns
[2020-05-01T12:42:02.738+0000][1][safepoint    ] Safepoint "Cleanup", Time since last: 1000840100 ns, Reaching safepoint: 435400 ns, At safepoint: 296000 ns, Total: 731400 ns
[2020-05-01T12:43:15.774+0000][1][safepoint    ] Safepoint "Cleanup", Time since last: 73036266100 ns, Reaching safepoint: 244200 ns, At safepoint: 114500 ns, Total: 358700 ns
[2020-05-01T12:43:19.776+0000][1][safepoint    ] Safepoint "Cleanup", Time since last: 4001763000 ns, Reaching safepoint: 123000 ns, At safepoint: 96400 ns, Total: 219400 ns
[2020-05-01T12:43:20.777+0000][1][safepoint    ] Safepoint "Cleanup", Time since last: 1000181600 ns, Reaching safepoint: 252900 ns, At safepoint: 181600 ns, Total: 434500 ns
[2020-05-01T12:43:26.781+0000][1][safepoint    ] Safepoint "Cleanup", Time since last: 6003229300 ns, Reaching safepoint: 400200 ns, At safepoint: 215800 ns, Total: 616000 ns
[2020-05-01T12:43:45.791+0000][1][safepoint    ] Safepoint "Cleanup", Time since last: 19009940300 ns, Reaching safepoint: 238000 ns, At safepoint: 113000 ns, Total: 351000 ns
[2020-05-01T12:44:05.802+0000][1][safepoint    ] Safepoint "Cleanup", Time since last: 20010728200 ns, Reaching safepoint: 245500 ns, At safepoint: 96400 ns, Total: 341900 ns
[2020-05-01T12:44:24.655+0000][1][gc,start     ] GC(46) Pause Young (Allocation Failure)
[2020-05-01T12:44:24.656+0000][1][gc,task      ] GC(46) Using 10 workers of 10 for evacuation
[2020-05-01T12:44:24.659+0000][1][gc,age       ] GC(46) Desired survivor size 8945664 bytes, new threshold 6 (max threshold 6)
[2020-05-01T12:44:24.659+0000][1][gc,age       ] GC(46) Age table with threshold 6 (max threshold 6)
[2020-05-01T12:44:24.659+0000][1][gc,age       ] GC(46) - age   1:      57592 bytes,      57592 total
[2020-05-01T12:44:24.659+0000][1][gc,age       ] GC(46) - age   2:       1112 bytes,      58704 total
[2020-05-01T12:44:24.659+0000][1][gc,age       ] GC(46) - age   3:        776 bytes,      59480 total
[2020-05-01T12:44:24.659+0000][1][gc,age       ] GC(46) - age   4:       5248 bytes,      64728 total
[2020-05-01T12:44:24.659+0000][1][gc,age       ] GC(46) - age   5:       1880 bytes,      66608 total
[2020-05-01T12:44:24.659+0000][1][gc,age       ] GC(46) - age   6:       8576 bytes,      75184 total
[2020-05-01T12:44:24.659+0000][1][gc,heap      ] GC(46) ParNew: 139867K->96K(157248K)
[2020-05-01T12:44:24.659+0000][1][gc,heap      ] GC(46) CMS: 81300K->81301K(349568K)
[2020-05-01T12:44:24.659+0000][1][gc,metaspace ] GC(46) Metaspace: 95076K->95076K(1136640K)
[2020-05-01T12:44:24.659+0000][1][gc           ] GC(46) Pause Young (Allocation Failure) 215M->79M(494M) 3.685ms
[2020-05-01T12:44:24.659+0000][1][gc,cpu       ] GC(46) User=0.01s Sys=0.00s Real=0.01s
[2020-05-01T12:44:24.659+0000][1][safepoint    ] Safepoint "GenCollectForAllocation", Time since last: 18853197300 ns, Reaching safepoint: 187800 ns, At safepoint: 3816600 ns, Total: 4004400 ns
[2020-05-01T12:45:00.674+0000][1][safepoint    ] Safepoint "Cleanup", Time since last: 36014528600 ns, Reaching safepoint: 140400 ns, At safepoint: 58000 ns, Total: 198400 ns
[2020-05-01T12:45:12.680+0000][1][safepoint    ] Safepoint "Cleanup", Time since last: 12005528400 ns, Reaching safepoint: 234000 ns, At safepoint: 100400 ns, Total: 334400 ns
[2020-05-01T12:45:54.702+0000][1][safepoint    ] Safepoint "Cleanup", Time since last: 42021235400 ns, Reaching safepoint: 437600 ns, At safepoint: 207400 ns, Total: 645000 ns
[2020-05-01T12:46:12.711+0000][1][safepoint    ] Safepoint "Cleanup", Time since last: 18008984700 ns, Reaching safepoint: 388300 ns, At safepoint: 162900 ns, Total: 551200 ns
[2020-05-01T12:46:18.714+0000][1][safepoint    ] Safepoint "Cleanup", Time since last: 6002039900 ns, Reaching safepoint: 150900 ns, At safepoint: 67900 ns, Total: 218800 ns
[2020-05-01T12:46:54.729+0000][1][safepoint    ] Safepoint "Cleanup", Time since last: 36015477800 ns, Reaching safepoint: 121400 ns, At safepoint: 56400 ns, Total: 177800 ns
[2020-05-01T12:47:12.740+0000][1][safepoint    ] Safepoint "Cleanup", Time since last: 18009897700 ns, Reaching safepoint: 382400 ns, At safepoint: 183100 ns, Total: 565500 ns
[2020-05-01T12:47:18.744+0000][1][safepoint    ] Safepoint "Cleanup", Time since last: 6003854300 ns, Reaching safepoint: 324600 ns, At safepoint: 170800 ns, Total: 495400 ns
[2020-05-01T12:47:24.620+0000][1][gc,start     ] GC(47) Pause Young (Allocation Failure)
[2020-05-01T12:47:24.621+0000][1][gc,task      ] GC(47) Using 10 workers of 10 for evacuation
[2020-05-01T12:47:24.630+0000][1][gc,age       ] GC(47) Desired survivor size 8945664 bytes, new threshold 6 (max threshold 6)
[2020-05-01T12:47:24.630+0000][1][gc,age       ] GC(47) Age table with threshold 6 (max threshold 6)
[2020-05-01T12:47:24.630+0000][1][gc,age       ] GC(47) - age   1:      55472 bytes,      55472 total
[2020-05-01T12:47:24.630+0000][1][gc,age       ] GC(47) - age   2:       3144 bytes,      58616 total
[2020-05-01T12:47:24.630+0000][1][gc,age       ] GC(47) - age   3:       1112 bytes,      59728 total
[2020-05-01T12:47:24.630+0000][1][gc,age       ] GC(47) - age   4:        776 bytes,      60504 total
[2020-05-01T12:47:24.630+0000][1][gc,age       ] GC(47) - age   5:       5248 bytes,      65752 total
[2020-05-01T12:47:24.630+0000][1][gc,age       ] GC(47) - age   6:       1880 bytes,      67632 total
[2020-05-01T12:47:24.630+0000][1][gc,heap      ] GC(47) ParNew: 139836K->94K(157248K)
[2020-05-01T12:47:24.630+0000][1][gc,heap      ] GC(47) CMS: 81301K->81309K(349568K)
[2020-05-01T12:47:24.630+0000][1][gc,metaspace ] GC(47) Metaspace: 95128K->95128K(1136640K)
[2020-05-01T12:47:24.631+0000][1][gc           ] GC(47) Pause Young (Allocation Failure) 215M->79M(494M) 10.423ms
[2020-05-01T12:47:24.631+0000][1][gc,cpu       ] GC(47) User=0.00s Sys=0.03s Real=0.01s
[2020-05-01T12:47:24.631+0000][1][safepoint    ] Safepoint "GenCollectForAllocation", Time since last: 5875712700 ns, Reaching safepoint: 367600 ns, At safepoint: 10899000 ns, Total: 11266600 ns
[2020-05-01T12:47:26.633+0000][1][safepoint    ] Safepoint "Cleanup", Time since last: 2001259600 ns, Reaching safepoint: 385200 ns, At safepoint: 208300 ns, Total: 593500 ns
[2020-05-01T12:47:36.638+0000][1][safepoint    ] Safepoint "Cleanup", Time since last: 10004529000 ns, Reaching safepoint: 430700 ns, At safepoint: 225000 ns, Total: 655700 ns
[2020-05-01T12:47:52.647+0000][1][safepoint    ] Safepoint "Cleanup", Time since last: 16008245900 ns, Reaching safepoint: 354300 ns, At safepoint: 166200 ns, Total: 520500 ns
[2020-05-01T12:47:54.649+0000][1][safepoint    ] Safepoint "Cleanup", Time since last: 2001509600 ns, Reaching safepoint: 407500 ns, At safepoint: 208900 ns, Total: 616400 ns
[2020-05-01T12:48:54.679+0000][1][safepoint    ] Safepoint "Cleanup", Time since last: 60029343500 ns, Reaching safepoint: 168600 ns, At safepoint: 78700 ns, Total: 247300 ns
[2020-05-01T12:48:57.680+0000][1][safepoint    ] Safepoint "Cleanup", Time since last: 3001064200 ns, Reaching safepoint: 401800 ns, At safepoint: 197300 ns, Total: 599100 ns
[2020-05-01T12:49:00.681+0000][1][safepoint    ] Safepoint "Cleanup", Time since last: 3001055900 ns, Reaching safepoint: 122400 ns, At safepoint: 59300 ns, Total: 181700 ns
[2020-05-01T12:49:40.700+0000][1][safepoint    ] Safepoint "Cleanup", Time since last: 40018448000 ns, Reaching safepoint: 149700 ns, At safepoint: 62500 ns, Total: 212200 ns
[2020-05-01T12:50:20.804+0000][1][gc,start     ] GC(48) Pause Young (Allocation Failure)
[2020-05-01T12:50:20.804+0000][1][gc,task      ] GC(48) Using 10 workers of 10 for evacuation
[2020-05-01T12:50:20.807+0000][1][gc,age       ] GC(48) Desired survivor size 8945664 bytes, new threshold 6 (max threshold 6)
[2020-05-01T12:50:20.807+0000][1][gc,age       ] GC(48) Age table with threshold 6 (max threshold 6)
[2020-05-01T12:50:20.807+0000][1][gc,age       ] GC(48) - age   1:     139752 bytes,     139752 total
[2020-05-01T12:50:20.807+0000][1][gc,age       ] GC(48) - age   2:       1968 bytes,     141720 total
[2020-05-01T12:50:20.807+0000][1][gc,age       ] GC(48) - age   3:       3144 bytes,     144864 total
[2020-05-01T12:50:20.807+0000][1][gc,age       ] GC(48) - age   4:       1112 bytes,     145976 total
[2020-05-01T12:50:20.807+0000][1][gc,age       ] GC(48) - age   5:        776 bytes,     146752 total
[2020-05-01T12:50:20.807+0000][1][gc,age       ] GC(48) - age   6:       5248 bytes,     152000 total
[2020-05-01T12:50:20.807+0000][1][gc,heap      ] GC(48) ParNew: 139870K->161K(157248K)
[2020-05-01T12:50:20.807+0000][1][gc,heap      ] GC(48) CMS: 81309K->81311K(349568K)
[2020-05-01T12:50:20.807+0000][1][gc,metaspace ] GC(48) Metaspace: 95185K->95185K(1136640K)
[2020-05-01T12:50:20.807+0000][1][gc           ] GC(48) Pause Young (Allocation Failure) 215M->79M(494M) 2.482ms
[2020-05-01T12:50:20.807+0000][1][gc,cpu       ] GC(48) User=0.00s Sys=0.00s Real=0.01s
[2020-05-01T12:50:20.807+0000][1][safepoint    ] Safepoint "GenCollectForAllocation", Time since last: 40104052000 ns, Reaching safepoint: 135700 ns, At safepoint: 2562800 ns, Total: 2698500 ns
[2020-05-01T12:52:02.850+0000][1][safepoint    ] Safepoint "Cleanup", Time since last: 102042472100 ns, Reaching safepoint: 442900 ns, At safepoint: 212400 ns, Total: 655300 ns
[2020-05-01T12:52:12.855+0000][1][safepoint    ] Safepoint "Cleanup", Time since last: 10004459800 ns, Reaching safepoint: 135800 ns, At safepoint: 52400 ns, Total: 188200 ns
[2020-05-01T12:52:44.849+0000][1][safepoint    ] Safepoint "RevokeBias", Time since last: 31993226000 ns, Reaching safepoint: 685400 ns, At safepoint: 478700 ns, Total: 1164100 ns
[2020-05-01T12:53:17.848+0000][1][gc,start     ] GC(49) Pause Young (Allocation Failure)
[2020-05-01T12:53:17.848+0000][1][gc,task      ] GC(49) Using 10 workers of 10 for evacuation
[2020-05-01T12:53:17.850+0000][1][gc,age       ] GC(49) Desired survivor size 8945664 bytes, new threshold 6 (max threshold 6)
[2020-05-01T12:53:17.850+0000][1][gc,age       ] GC(49) Age table with threshold 6 (max threshold 6)
[2020-05-01T12:53:17.850+0000][1][gc,age       ] GC(49) - age   1:     142760 bytes,     142760 total
[2020-05-01T12:53:17.850+0000][1][gc,age       ] GC(49) - age   2:        976 bytes,     143736 total
[2020-05-01T12:53:17.850+0000][1][gc,age       ] GC(49) - age   3:       1968 bytes,     145704 total
[2020-05-01T12:53:17.850+0000][1][gc,age       ] GC(49) - age   4:       2640 bytes,     148344 total
[2020-05-01T12:53:17.850+0000][1][gc,age       ] GC(49) - age   5:       1112 bytes,     149456 total
[2020-05-01T12:53:17.850+0000][1][gc,age       ] GC(49) - age   6:        624 bytes,     150080 total
[2020-05-01T12:53:17.850+0000][1][gc,heap      ] GC(49) ParNew: 139937K->194K(157248K)
[2020-05-01T12:53:17.850+0000][1][gc,heap      ] GC(49) CMS: 81311K->81316K(349568K)
[2020-05-01T12:53:17.850+0000][1][gc,metaspace ] GC(49) Metaspace: 95186K->95186K(1136640K)
[2020-05-01T12:53:17.850+0000][1][gc           ] GC(49) Pause Young (Allocation Failure) 216M->79M(494M) 2.725ms
[2020-05-01T12:53:17.850+0000][1][gc,cpu       ] GC(49) User=0.00s Sys=0.01s Real=0.00s
[2020-05-01T12:53:17.850+0000][1][safepoint    ] Safepoint "GenCollectForAllocation", Time since last: 32998385900 ns, Reaching safepoint: 127200 ns, At safepoint: 2816800 ns, Total: 2944000 ns
[2020-05-01T12:53:25.854+0000][1][safepoint    ] Safepoint "Cleanup", Time since last: 8003555800 ns, Reaching safepoint: 153700 ns, At safepoint: 60000 ns, Total: 213700 ns
[2020-05-01T12:54:07.875+0000][1][safepoint    ] Safepoint "Cleanup", Time since last: 42020065800 ns, Reaching safepoint: 438700 ns, At safepoint: 218800 ns, Total: 657500 ns
[2020-05-01T12:54:14.879+0000][1][safepoint    ] Safepoint "Cleanup", Time since last: 7003446900 ns, Reaching safepoint: 503300 ns, At safepoint: 214400 ns, Total: 717700 ns
[2020-05-01T12:54:32.888+0000][1][safepoint    ] Safepoint "Cleanup", Time since last: 18008521800 ns, Reaching safepoint: 179900 ns, At safepoint: 85900 ns, Total: 265800 ns
[2020-05-01T12:54:35.890+0000][1][safepoint    ] Safepoint "Cleanup", Time since last: 3001623100 ns, Reaching safepoint: 230400 ns, At safepoint: 120300 ns, Total: 350700 ns
[2020-05-01T12:54:40.892+0000][1][safepoint    ] Safepoint "Cleanup", Time since last: 5002394700 ns, Reaching safepoint: 174600 ns, At safepoint: 79400 ns, Total: 254000 ns
[2020-05-01T12:55:59.933+0000][1][safepoint    ] Safepoint "Cleanup", Time since last: 79040403300 ns, Reaching safepoint: 436800 ns, At safepoint: 214300 ns, Total: 651100 ns
[2020-05-01T12:56:12.941+0000][1][safepoint    ] Safepoint "Cleanup", Time since last: 13007078100 ns, Reaching safepoint: 508900 ns, At safepoint: 210300 ns, Total: 719200 ns
[2020-05-01T12:56:16.229+0000][1][gc,start     ] GC(50) Pause Young (Allocation Failure)
[2020-05-01T12:56:16.229+0000][1][gc,task      ] GC(50) Using 10 workers of 10 for evacuation
[2020-05-01T12:56:16.235+0000][1][gc,age       ] GC(50) Desired survivor size 8945664 bytes, new threshold 6 (max threshold 6)
[2020-05-01T12:56:16.235+0000][1][gc,age       ] GC(50) Age table with threshold 6 (max threshold 6)
[2020-05-01T12:56:16.235+0000][1][gc,age       ] GC(50) - age   1:     125448 bytes,     125448 total
[2020-05-01T12:56:16.235+0000][1][gc,age       ] GC(50) - age   2:       4488 bytes,     129936 total
[2020-05-01T12:56:16.235+0000][1][gc,age       ] GC(50) - age   3:        976 bytes,     130912 total
[2020-05-01T12:56:16.235+0000][1][gc,age       ] GC(50) - age   4:       1968 bytes,     132880 total
[2020-05-01T12:56:16.235+0000][1][gc,age       ] GC(50) - age   5:       2640 bytes,     135520 total
[2020-05-01T12:56:16.235+0000][1][gc,age       ] GC(50) - age   6:       1112 bytes,     136632 total
[2020-05-01T12:56:16.235+0000][1][gc,heap      ] GC(50) ParNew: 139970K->183K(157248K)
[2020-05-01T12:56:16.235+0000][1][gc,heap      ] GC(50) CMS: 81316K->81317K(349568K)
[2020-05-01T12:56:16.235+0000][1][gc,metaspace ] GC(50) Metaspace: 95195K->95195K(1136640K)
[2020-05-01T12:56:16.235+0000][1][gc           ] GC(50) Pause Young (Allocation Failure) 216M->79M(494M) 6.202ms
[2020-05-01T12:56:16.235+0000][1][gc,cpu       ] GC(50) User=0.02s Sys=0.00s Real=0.00s
[2020-05-01T12:56:16.236+0000][1][safepoint    ] Safepoint "GenCollectForAllocation", Time since last: 3287633600 ns, Reaching safepoint: 287300 ns, At safepoint: 6402600 ns, Total: 6689900 ns
[2020-05-01T12:56:21.238+0000][1][safepoint    ] Safepoint "Cleanup", Time since last: 5001919200 ns, Reaching safepoint: 133300 ns, At safepoint: 52400 ns, Total: 185700 ns
[2020-05-01T12:56:24.240+0000][1][safepoint    ] Safepoint "Cleanup", Time since last: 3001711100 ns, Reaching safepoint: 294500 ns, At safepoint: 158500 ns, Total: 453000 ns
[2020-05-01T12:56:26.241+0000][1][safepoint    ] Safepoint "Cleanup", Time since last: 2000841900 ns, Reaching safepoint: 302000 ns, At safepoint: 158200 ns, Total: 460200 ns
[2020-05-01T12:57:12.263+0000][1][safepoint    ] Safepoint "Cleanup", Time since last: 46022068700 ns, Reaching safepoint: 136800 ns, At safepoint: 56900 ns, Total: 193700 ns
[2020-05-01T12:57:14.265+0000][1][safepoint    ] Safepoint "Cleanup", Time since last: 2000805600 ns, Reaching safepoint: 308700 ns, At safepoint: 166400 ns, Total: 475100 ns
[2020-05-01T12:57:24.272+0000][1][safepoint    ] Safepoint "Cleanup", Time since last: 10006561700 ns, Reaching safepoint: 357000 ns, At safepoint: 204000 ns, Total: 561000 ns
[2020-05-01T12:57:42.282+0000][1][safepoint    ] Safepoint "Cleanup", Time since last: 18009778300 ns, Reaching safepoint: 431400 ns, At safepoint: 272200 ns, Total: 703600 ns
[2020-05-01T12:57:53.287+0000][1][safepoint    ] Safepoint "Cleanup", Time since last: 11004073700 ns, Reaching safepoint: 472100 ns, At safepoint: 207100 ns, Total: 679200 ns
[2020-05-01T12:57:57.290+0000][1][safepoint    ] Safepoint "Cleanup", Time since last: 4002496500 ns, Reaching safepoint: 131200 ns, At safepoint: 56700 ns, Total: 187900 ns
[2020-05-01T12:57:59.290+0000][1][safepoint    ] Safepoint "Cleanup", Time since last: 2000388200 ns, Reaching safepoint: 216000 ns, At safepoint: 80500 ns, Total: 296500 ns
[2020-05-01T12:58:06.292+0000][1][safepoint    ] Safepoint "Cleanup", Time since last: 7001147100 ns, Reaching safepoint: 125100 ns, At safepoint: 35100 ns, Total: 160200 ns
[2020-05-01T12:58:17.295+0000][1][safepoint    ] Safepoint "Cleanup", Time since last: 11003573200 ns, Reaching safepoint: 150000 ns, At safepoint: 63100 ns, Total: 213100 ns
[2020-05-01T12:58:36.304+0000][1][safepoint    ] Safepoint "Cleanup", Time since last: 19008589000 ns, Reaching safepoint: 169900 ns, At safepoint: 66800 ns, Total: 236700 ns
[2020-05-01T12:58:41.308+0000][1][safepoint    ] Safepoint "Cleanup", Time since last: 5003048500 ns, Reaching safepoint: 646900 ns, At safepoint: 256600 ns, Total: 903500 ns
[2020-05-01T12:59:15.525+0000][1][gc,start     ] GC(51) Pause Young (Allocation Failure)
[2020-05-01T12:59:15.525+0000][1][gc,task      ] GC(51) Using 10 workers of 10 for evacuation
[2020-05-01T12:59:15.528+0000][1][gc,age       ] GC(51) Desired survivor size 8945664 bytes, new threshold 6 (max threshold 6)
[2020-05-01T12:59:15.528+0000][1][gc,age       ] GC(51) Age table with threshold 6 (max threshold 6)
[2020-05-01T12:59:15.528+0000][1][gc,age       ] GC(51) - age   1:      55560 bytes,      55560 total
[2020-05-01T12:59:15.528+0000][1][gc,age       ] GC(51) - age   2:       1208 bytes,      56768 total
[2020-05-01T12:59:15.528+0000][1][gc,age       ] GC(51) - age   3:       4488 bytes,      61256 total
[2020-05-01T12:59:15.528+0000][1][gc,age       ] GC(51) - age   4:        976 bytes,      62232 total
[2020-05-01T12:59:15.528+0000][1][gc,age       ] GC(51) - age   5:       1968 bytes,      64200 total
[2020-05-01T12:59:15.528+0000][1][gc,age       ] GC(51) - age   6:       2640 bytes,      66840 total
[2020-05-01T12:59:15.528+0000][1][gc,heap      ] GC(51) ParNew: 139959K->92K(157248K)
[2020-05-01T12:59:15.528+0000][1][gc,heap      ] GC(51) CMS: 81317K->81318K(349568K)
[2020-05-01T12:59:15.528+0000][1][gc,metaspace ] GC(51) Metaspace: 95206K->95206K(1136640K)
[2020-05-01T12:59:15.528+0000][1][gc           ] GC(51) Pause Young (Allocation Failure) 216M->79M(494M) 2.493ms
[2020-05-01T12:59:15.528+0000][1][gc,cpu       ] GC(51) User=0.00s Sys=0.00s Real=0.01s
[2020-05-01T12:59:15.528+0000][1][safepoint    ] Safepoint "GenCollectForAllocation", Time since last: 34217002300 ns, Reaching safepoint: 125600 ns, At safepoint: 2569000 ns, Total: 2694600 ns
[2020-05-01T13:00:14.557+0000][1][safepoint    ] Safepoint "Cleanup", Time since last: 59028333000 ns, Reaching safepoint: 220500 ns, At safepoint: 102300 ns, Total: 322800 ns
[2020-05-01T13:02:14.978+0000][1][gc,start     ] GC(52) Pause Young (Allocation Failure)
[2020-05-01T13:02:14.978+0000][1][gc,task      ] GC(52) Using 10 workers of 10 for evacuation
[2020-05-01T13:02:14.985+0000][1][gc,age       ] GC(52) Desired survivor size 8945664 bytes, new threshold 6 (max threshold 6)
[2020-05-01T13:02:14.985+0000][1][gc,age       ] GC(52) Age table with threshold 6 (max threshold 6)
[2020-05-01T13:02:14.985+0000][1][gc,age       ] GC(52) - age   1:     138280 bytes,     138280 total
[2020-05-01T13:02:14.985+0000][1][gc,age       ] GC(52) - age   2:       1088 bytes,     139368 total
[2020-05-01T13:02:14.985+0000][1][gc,age       ] GC(52) - age   3:       1208 bytes,     140576 total
[2020-05-01T13:02:14.985+0000][1][gc,age       ] GC(52) - age   4:       4488 bytes,     145064 total
[2020-05-01T13:02:14.985+0000][1][gc,age       ] GC(52) - age   5:        976 bytes,     146040 total
[2020-05-01T13:02:14.985+0000][1][gc,age       ] GC(52) - age   6:       1968 bytes,     148008 total
[2020-05-01T13:02:14.985+0000][1][gc,heap      ] GC(52) ParNew: 139868K->159K(157248K)
[2020-05-01T13:02:14.985+0000][1][gc,heap      ] GC(52) CMS: 81318K->81321K(349568K)
[2020-05-01T13:02:14.985+0000][1][gc,metaspace ] GC(52) Metaspace: 95206K->95206K(1136640K)
[2020-05-01T13:02:14.985+0000][1][gc           ] GC(52) Pause Young (Allocation Failure) 216M->79M(494M) 7.151ms
[2020-05-01T13:02:14.986+0000][1][gc,cpu       ] GC(52) User=0.02s Sys=0.00s Real=0.00s
[2020-05-01T13:02:14.986+0000][1][safepoint    ] Safepoint "GenCollectForAllocation", Time since last: 120421297700 ns, Reaching safepoint: 366300 ns, At safepoint: 7584500 ns, Total: 7950800 ns
[2020-05-01T13:02:18.987+0000][1][safepoint    ] Safepoint "Cleanup", Time since last: 4001182400 ns, Reaching safepoint: 233900 ns, At safepoint: 78300 ns, Total: 312200 ns
[2020-05-01T13:03:06.010+0000][1][safepoint    ] Safepoint "Cleanup", Time since last: 47022004400 ns, Reaching safepoint: 234700 ns, At safepoint: 40900 ns, Total: 275600 ns
[2020-05-01T13:03:19.018+0000][1][safepoint    ] Safepoint "Cleanup", Time since last: 13008096900 ns, Reaching safepoint: 370400 ns, At safepoint: 142200 ns, Total: 512600 ns
[2020-05-01T13:04:18.049+0000][1][safepoint    ] Safepoint "Cleanup", Time since last: 59030618800 ns, Reaching safepoint: 230400 ns, At safepoint: 55300 ns, Total: 285700 ns
[2020-05-01T13:04:30.056+0000][1][safepoint    ] Safepoint "Cleanup", Time since last: 12005788200 ns, Reaching safepoint: 393400 ns, At safepoint: 208400 ns, Total: 601800 ns
[2020-05-01T13:04:46.064+0000][1][safepoint    ] Safepoint "Cleanup", Time since last: 16007637700 ns, Reaching safepoint: 454000 ns, At safepoint: 252500 ns, Total: 706500 ns
[2020-05-01T13:04:59.071+0000][1][safepoint    ] Safepoint "Cleanup", Time since last: 13006155600 ns, Reaching safepoint: 302100 ns, At safepoint: 156600 ns, Total: 458700 ns
[2020-05-01T13:05:06.076+0000][1][safepoint    ] Safepoint "Cleanup", Time since last: 7004361300 ns, Reaching safepoint: 564100 ns, At safepoint: 210600 ns, Total: 774700 ns
[2020-05-01T13:05:12.031+0000][1][gc,start     ] GC(53) Pause Young (Allocation Failure)
[2020-05-01T13:05:12.031+0000][1][gc,task      ] GC(53) Using 10 workers of 10 for evacuation
[2020-05-01T13:05:12.033+0000][1][gc,age       ] GC(53) Desired survivor size 8945664 bytes, new threshold 6 (max threshold 6)
[2020-05-01T13:05:12.033+0000][1][gc,age       ] GC(53) Age table with threshold 6 (max threshold 6)
[2020-05-01T13:05:12.033+0000][1][gc,age       ] GC(53) - age   1:      60072 bytes,      60072 total
[2020-05-01T13:05:12.033+0000][1][gc,age       ] GC(53) - age   2:        784 bytes,      60856 total
[2020-05-01T13:05:12.033+0000][1][gc,age       ] GC(53) - age   3:       1088 bytes,      61944 total
[2020-05-01T13:05:12.033+0000][1][gc,age       ] GC(53) - age   4:       1208 bytes,      63152 total
[2020-05-01T13:05:12.033+0000][1][gc,age       ] GC(53) - age   5:       3984 bytes,      67136 total
[2020-05-01T13:05:12.033+0000][1][gc,age       ] GC(53) - age   6:        976 bytes,      68112 total
[2020-05-01T13:05:12.033+0000][1][gc,heap      ] GC(53) ParNew: 139935K->107K(157248K)
[2020-05-01T13:05:12.033+0000][1][gc,heap      ] GC(53) CMS: 81321K->81323K(349568K)
[2020-05-01T13:05:12.033+0000][1][gc,metaspace ] GC(53) Metaspace: 95224K->95224K(1136640K)
[2020-05-01T13:05:12.033+0000][1][gc           ] GC(53) Pause Young (Allocation Failure) 216M->79M(494M) 2.663ms
[2020-05-01T13:05:12.033+0000][1][gc,cpu       ] GC(53) User=0.01s Sys=0.00s Real=0.00s
[2020-05-01T13:05:12.033+0000][1][safepoint    ] Safepoint "GenCollectForAllocation", Time since last: 5954880200 ns, Reaching safepoint: 119500 ns, At safepoint: 2744400 ns, Total: 2863900 ns
[2020-05-01T13:05:24.040+0000][1][safepoint    ] Safepoint "Cleanup", Time since last: 12005566500 ns, Reaching safepoint: 642900 ns, At safepoint: 205400 ns, Total: 848300 ns
[2020-05-01T13:05:41.049+0000][1][safepoint    ] Safepoint "Cleanup", Time since last: 17008797100 ns, Reaching safepoint: 406100 ns, At safepoint: 235100 ns, Total: 641200 ns
[2020-05-01T13:05:50.058+0000][1][safepoint    ] Safepoint "Cleanup", Time since last: 9008487500 ns, Reaching safepoint: 542000 ns, At safepoint: 205300 ns, Total: 747300 ns
[2020-05-01T13:06:23.066+0000][1][safepoint    ] Safepoint "Cleanup", Time since last: 33006872800 ns, Reaching safepoint: 147300 ns, At safepoint: 56800 ns, Total: 204100 ns
[2020-05-01T13:07:23.093+0000][1][safepoint    ] Safepoint "Cleanup", Time since last: 60027179400 ns, Reaching safepoint: 516600 ns, At safepoint: 220700 ns, Total: 737300 ns
[2020-05-01T13:07:25.095+0000][1][safepoint    ] Safepoint "Cleanup", Time since last: 2000852700 ns, Reaching safepoint: 397800 ns, At safepoint: 208600 ns, Total: 606400 ns
[2020-05-01T13:08:02.116+0000][1][safepoint    ] Safepoint "Cleanup", Time since last: 37020441300 ns, Reaching safepoint: 186200 ns, At safepoint: 104300 ns, Total: 290500 ns
[2020-05-01T13:08:11.599+0000][1][gc,start     ] GC(54) Pause Young (Allocation Failure)
[2020-05-01T13:08:11.599+0000][1][gc,task      ] GC(54) Using 10 workers of 10 for evacuation
[2020-05-01T13:08:11.606+0000][1][gc,age       ] GC(54) Desired survivor size 8945664 bytes, new threshold 6 (max threshold 6)
[2020-05-01T13:08:11.606+0000][1][gc,age       ] GC(54) Age table with threshold 6 (max threshold 6)
[2020-05-01T13:08:11.606+0000][1][gc,age       ] GC(54) - age   1:      54880 bytes,      54880 total
[2020-05-01T13:08:11.606+0000][1][gc,age       ] GC(54) - age   2:       1784 bytes,      56664 total
[2020-05-01T13:08:11.606+0000][1][gc,age       ] GC(54) - age   3:        784 bytes,      57448 total
[2020-05-01T13:08:11.606+0000][1][gc,age       ] GC(54) - age   4:       1088 bytes,      58536 total
[2020-05-01T13:08:11.606+0000][1][gc,age       ] GC(54) - age   5:       1208 bytes,      59744 total
[2020-05-01T13:08:11.606+0000][1][gc,age       ] GC(54) - age   6:       3832 bytes,      63576 total
[2020-05-01T13:08:11.606+0000][1][gc,heap      ] GC(54) ParNew: 139850K->83K(157248K)
[2020-05-01T13:08:11.606+0000][1][gc,heap      ] GC(54) CMS: 81323K->81324K(349568K)
[2020-05-01T13:08:11.606+0000][1][gc,metaspace ] GC(54) Metaspace: 95229K->95229K(1136640K)
[2020-05-01T13:08:11.606+0000][1][gc           ] GC(54) Pause Young (Allocation Failure) 215M->79M(494M) 7.442ms
[2020-05-01T13:08:11.606+0000][1][gc,cpu       ] GC(54) User=0.02s Sys=0.00s Real=0.01s
[2020-05-01T13:08:11.606+0000][1][safepoint    ] Safepoint "GenCollectForAllocation", Time since last: 9482868700 ns, Reaching safepoint: 253800 ns, At safepoint: 7678000 ns, Total: 7931800 ns
[2020-05-01T13:08:45.622+0000][1][safepoint    ] Safepoint "Cleanup", Time since last: 34014568600 ns, Reaching safepoint: 437200 ns, At safepoint: 259200 ns, Total: 696400 ns
[2020-05-01T13:09:21.640+0000][1][safepoint    ] Safepoint "Cleanup", Time since last: 36017345300 ns, Reaching safepoint: 455300 ns, At safepoint: 213700 ns, Total: 669000 ns
[2020-05-01T13:09:53.655+0000][1][safepoint    ] Safepoint "Cleanup", Time since last: 32013809500 ns, Reaching safepoint: 787500 ns, At safepoint: 239900 ns, Total: 1027400 ns
[2020-05-01T13:09:54.656+0000][1][safepoint    ] Safepoint "Cleanup", Time since last: 1000821800 ns, Reaching safepoint: 135100 ns, At safepoint: 62400 ns, Total: 197500 ns
[2020-05-01T13:09:56.657+0000][1][safepoint    ] Safepoint "Cleanup", Time since last: 2000746500 ns, Reaching safepoint: 125800 ns, At safepoint: 52300 ns, Total: 178100 ns
[2020-05-01T13:10:12.666+0000][1][safepoint    ] Safepoint "Cleanup", Time since last: 16008881400 ns, Reaching safepoint: 124900 ns, At safepoint: 58300 ns, Total: 183200 ns
[2020-05-01T13:10:44.683+0000][1][safepoint    ] Safepoint "Cleanup", Time since last: 32016057200 ns, Reaching safepoint: 639100 ns, At safepoint: 310800 ns, Total: 949900 ns
[2020-05-01T13:11:09.133+0000][1][gc,start     ] GC(55) Pause Young (Allocation Failure)
[2020-05-01T13:11:09.134+0000][1][gc,task      ] GC(55) Using 10 workers of 10 for evacuation
[2020-05-01T13:11:09.146+0000][1][gc,age       ] GC(55) Desired survivor size 8945664 bytes, new threshold 6 (max threshold 6)
[2020-05-01T13:11:09.146+0000][1][gc,age       ] GC(55) Age table with threshold 6 (max threshold 6)
[2020-05-01T13:11:09.146+0000][1][gc,age       ] GC(55) - age   1:     130584 bytes,     130584 total
[2020-05-01T13:11:09.146+0000][1][gc,age       ] GC(55) - age   2:       1280 bytes,     131864 total
[2020-05-01T13:11:09.147+0000][1][gc,age       ] GC(55) - age   3:       1688 bytes,     133552 total
[2020-05-01T13:11:09.147+0000][1][gc,age       ] GC(55) - age   4:        784 bytes,     134336 total
[2020-05-01T13:11:09.147+0000][1][gc,age       ] GC(55) - age   5:       1088 bytes,     135424 total
[2020-05-01T13:11:09.147+0000][1][gc,age       ] GC(55) - age   6:       1208 bytes,     136632 total
[2020-05-01T13:11:09.147+0000][1][gc,heap      ] GC(55) ParNew: 139859K->147K(157248K)
[2020-05-01T13:11:09.147+0000][1][gc,heap      ] GC(55) CMS: 81324K->81327K(349568K)
[2020-05-01T13:11:09.147+0000][1][gc,metaspace ] GC(55) Metaspace: 95230K->95230K(1136640K)
[2020-05-01T13:11:09.147+0000][1][gc           ] GC(55) Pause Young (Allocation Failure) 215M->79M(494M) 13.462ms
[2020-05-01T13:11:09.147+0000][1][gc,cpu       ] GC(55) User=0.05s Sys=0.00s Real=0.02s
[2020-05-01T13:11:09.147+0000][1][safepoint    ] Safepoint "GenCollectForAllocation", Time since last: 24450364600 ns, Reaching safepoint: 442300 ns, At safepoint: 14047100 ns, Total: 14489400 ns
[2020-05-01T13:11:18.152+0000][1][safepoint    ] Safepoint "Cleanup", Time since last: 9004033200 ns, Reaching safepoint: 230000 ns, At safepoint: 102200 ns, Total: 332200 ns
[2020-05-01T13:13:45.220+0000][1][safepoint    ] Safepoint "Cleanup", Time since last: 147067570900 ns, Reaching safepoint: 131100 ns, At safepoint: 60000 ns, Total: 191100 ns
[2020-05-01T13:14:06.751+0000][1][gc,start     ] GC(56) Pause Young (Allocation Failure)
[2020-05-01T13:14:06.751+0000][1][gc,task      ] GC(56) Using 10 workers of 10 for evacuation
[2020-05-01T13:14:06.755+0000][1][gc,age       ] GC(56) Desired survivor size 8945664 bytes, new threshold 6 (max threshold 6)
[2020-05-01T13:14:06.755+0000][1][gc,age       ] GC(56) Age table with threshold 6 (max threshold 6)
[2020-05-01T13:14:06.755+0000][1][gc,age       ] GC(56) - age   1:      56016 bytes,      56016 total
[2020-05-01T13:14:06.755+0000][1][gc,age       ] GC(56) - age   2:       1088 bytes,      57104 total
[2020-05-01T13:14:06.755+0000][1][gc,age       ] GC(56) - age   3:       1280 bytes,      58384 total
[2020-05-01T13:14:06.756+0000][1][gc,age       ] GC(56) - age   4:       1184 bytes,      59568 total
[2020-05-01T13:14:06.756+0000][1][gc,age       ] GC(56) - age   5:        784 bytes,      60352 total
[2020-05-01T13:14:06.756+0000][1][gc,age       ] GC(56) - age   6:       1088 bytes,      61440 total
[2020-05-01T13:14:06.756+0000][1][gc,heap      ] GC(56) ParNew: 139923K->96K(157248K)
[2020-05-01T13:14:06.756+0000][1][gc,heap      ] GC(56) CMS: 81327K->81328K(349568K)
[2020-05-01T13:14:06.756+0000][1][gc,metaspace ] GC(56) Metaspace: 95230K->95230K(1136640K)
[2020-05-01T13:14:06.756+0000][1][gc           ] GC(56) Pause Young (Allocation Failure) 216M->79M(494M) 4.615ms
[2020-05-01T13:14:06.756+0000][1][gc,cpu       ] GC(56) User=0.01s Sys=0.00s Real=0.00s
[2020-05-01T13:14:06.756+0000][1][safepoint    ] Safepoint "GenCollectForAllocation", Time since last: 21531155400 ns, Reaching safepoint: 275500 ns, At safepoint: 4797800 ns, Total: 5073300 ns
[2020-05-01T13:14:14.760+0000][1][safepoint    ] Safepoint "Cleanup", Time since last: 8003793000 ns, Reaching safepoint: 383700 ns, At safepoint: 277500 ns, Total: 661200 ns
[2020-05-01T13:14:15.762+0000][1][safepoint    ] Safepoint "Cleanup", Time since last: 1000769400 ns, Reaching safepoint: 391400 ns, At safepoint: 213700 ns, Total: 605100 ns
[2020-05-01T13:14:16.762+0000][1][safepoint    ] Safepoint "Cleanup", Time since last: 1000380800 ns, Reaching safepoint: 133500 ns, At safepoint: 48800 ns, Total: 182300 ns
[2020-05-01T13:15:08.785+0000][1][safepoint    ] Safepoint "Cleanup", Time since last: 52022038600 ns, Reaching safepoint: 391500 ns, At safepoint: 156000 ns, Total: 547500 ns
[2020-05-01T13:15:53.808+0000][1][safepoint    ] Safepoint "Cleanup", Time since last: 45022233000 ns, Reaching safepoint: 419800 ns, At safepoint: 115100 ns, Total: 534900 ns
[2020-05-01T13:17:03.840+0000][1][safepoint    ] Safepoint "Cleanup", Time since last: 70032082200 ns, Reaching safepoint: 490000 ns, At safepoint: 230600 ns, Total: 720600 ns
[2020-05-01T13:17:06.646+0000][1][gc,start     ] GC(57) Pause Young (Allocation Failure)
[2020-05-01T13:17:06.646+0000][1][gc,task      ] GC(57) Using 10 workers of 10 for evacuation
[2020-05-01T13:17:06.655+0000][1][gc,age       ] GC(57) Desired survivor size 8945664 bytes, new threshold 6 (max threshold 6)
[2020-05-01T13:17:06.655+0000][1][gc,age       ] GC(57) Age table with threshold 6 (max threshold 6)
[2020-05-01T13:17:06.655+0000][1][gc,age       ] GC(57) - age   1:      54504 bytes,      54504 total
[2020-05-01T13:17:06.655+0000][1][gc,age       ] GC(57) - age   2:       2208 bytes,      56712 total
[2020-05-01T13:17:06.655+0000][1][gc,age       ] GC(57) - age   3:       1088 bytes,      57800 total
[2020-05-01T13:17:06.655+0000][1][gc,age       ] GC(57) - age   4:       1280 bytes,      59080 total
[2020-05-01T13:17:06.655+0000][1][gc,age       ] GC(57) - age   5:       1184 bytes,      60264 total
[2020-05-01T13:17:06.655+0000][1][gc,age       ] GC(57) - age   6:        784 bytes,      61048 total
[2020-05-01T13:17:06.655+0000][1][gc,heap      ] GC(57) ParNew: 139872K->74K(157248K)
[2020-05-01T13:17:06.655+0000][1][gc,heap      ] GC(57) CMS: 81328K->81330K(349568K)
[2020-05-01T13:17:06.655+0000][1][gc,metaspace ] GC(57) Metaspace: 95235K->95235K(1136640K)
[2020-05-01T13:17:06.655+0000][1][gc           ] GC(57) Pause Young (Allocation Failure) 216M->79M(494M) 9.327ms
[2020-05-01T13:17:06.655+0000][1][gc,cpu       ] GC(57) User=0.01s Sys=0.01s Real=0.01s
[2020-05-01T13:17:06.655+0000][1][safepoint    ] Safepoint "GenCollectForAllocation", Time since last: 2805021800 ns, Reaching safepoint: 393100 ns, At safepoint: 9697400 ns, Total: 10090500 ns
[2020-05-01T13:19:47.734+0000][1][safepoint    ] Safepoint "Cleanup", Time since last: 161077836200 ns, Reaching safepoint: 370300 ns, At safepoint: 181200 ns, Total: 551500 ns
[2020-05-01T13:20:06.271+0000][1][gc,start     ] GC(58) Pause Young (Allocation Failure)
[2020-05-01T13:20:06.271+0000][1][gc,task      ] GC(58) Using 10 workers of 10 for evacuation
[2020-05-01T13:20:06.282+0000][1][gc,age       ] GC(58) Desired survivor size 8945664 bytes, new threshold 6 (max threshold 6)
[2020-05-01T13:20:06.282+0000][1][gc,age       ] GC(58) Age table with threshold 6 (max threshold 6)
[2020-05-01T13:20:06.282+0000][1][gc,age       ] GC(58) - age   1:     135480 bytes,     135480 total
[2020-05-01T13:20:06.282+0000][1][gc,age       ] GC(58) - age   3:       2208 bytes,     137688 total
[2020-05-01T13:20:06.282+0000][1][gc,age       ] GC(58) - age   4:       1088 bytes,     138776 total
[2020-05-01T13:20:06.282+0000][1][gc,age       ] GC(58) - age   5:       1280 bytes,     140056 total
[2020-05-01T13:20:06.282+0000][1][gc,age       ] GC(58) - age   6:       1184 bytes,     141240 total
[2020-05-01T13:20:06.282+0000][1][gc,heap      ] GC(58) ParNew: 139850K->153K(157248K)
[2020-05-01T13:20:06.282+0000][1][gc,heap      ] GC(58) CMS: 81330K->81330K(349568K)
[2020-05-01T13:20:06.282+0000][1][gc,metaspace ] GC(58) Metaspace: 95244K->95244K(1136640K)
[2020-05-01T13:20:06.282+0000][1][gc           ] GC(58) Pause Young (Allocation Failure) 215M->79M(494M) 11.283ms
[2020-05-01T13:20:06.282+0000][1][gc,cpu       ] GC(58) User=0.02s Sys=0.01s Real=0.01s
[2020-05-01T13:20:06.283+0000][1][safepoint    ] Safepoint "GenCollectForAllocation", Time since last: 18536696700 ns, Reaching safepoint: 497400 ns, At safepoint: 11739500 ns, Total: 12236900 ns
[2020-05-01T13:20:23.293+0000][1][safepoint    ] Safepoint "Cleanup", Time since last: 17009658300 ns, Reaching safepoint: 430900 ns, At safepoint: 214200 ns, Total: 645100 ns
[2020-05-01T13:21:45.335+0000][1][safepoint    ] Safepoint "Cleanup", Time since last: 82041540700 ns, Reaching safepoint: 437600 ns, At safepoint: 203600 ns, Total: 641200 ns
[2020-05-01T13:22:15.354+0000][1][safepoint    ] Safepoint "Cleanup", Time since last: 30018068200 ns, Reaching safepoint: 455600 ns, At safepoint: 234000 ns, Total: 689600 ns
[2020-05-01T13:22:23.358+0000][1][safepoint    ] Safepoint "Cleanup", Time since last: 8003177400 ns, Reaching safepoint: 516800 ns, At safepoint: 209900 ns, Total: 726700 ns
[2020-05-01T13:23:00.379+0000][1][safepoint    ] Safepoint "Cleanup", Time since last: 37020384500 ns, Reaching safepoint: 524400 ns, At safepoint: 312400 ns, Total: 836800 ns
[2020-05-01T13:23:03.301+0000][1][gc,start     ] GC(59) Pause Young (Allocation Failure)
[2020-05-01T13:23:03.301+0000][1][gc,task      ] GC(59) Using 10 workers of 10 for evacuation
[2020-05-01T13:23:03.304+0000][1][gc,age       ] GC(59) Desired survivor size 8945664 bytes, new threshold 6 (max threshold 6)
[2020-05-01T13:23:03.304+0000][1][gc,age       ] GC(59) Age table with threshold 6 (max threshold 6)
[2020-05-01T13:23:03.304+0000][1][gc,age       ] GC(59) - age   1:      91976 bytes,      91976 total
[2020-05-01T13:23:03.304+0000][1][gc,age       ] GC(59) - age   2:        280 bytes,      92256 total
[2020-05-01T13:23:03.304+0000][1][gc,age       ] GC(59) - age   4:       1704 bytes,      93960 total
[2020-05-01T13:23:03.304+0000][1][gc,age       ] GC(59) - age   5:       1088 bytes,      95048 total
[2020-05-01T13:23:03.304+0000][1][gc,age       ] GC(59) - age   6:       1128 bytes,      96176 total
[2020-05-01T13:23:03.304+0000][1][gc,heap      ] GC(59) ParNew: 139929K->137K(157248K)
[2020-05-01T13:23:03.304+0000][1][gc,heap      ] GC(59) CMS: 81330K->81331K(349568K)
[2020-05-01T13:23:03.304+0000][1][gc,metaspace ] GC(59) Metaspace: 95259K->95259K(1136640K)
[2020-05-01T13:23:03.304+0000][1][gc           ] GC(59) Pause Young (Allocation Failure) 216M->79M(494M) 2.978ms
[2020-05-01T13:23:03.304+0000][1][gc,cpu       ] GC(59) User=0.01s Sys=0.00s Real=0.00s
[2020-05-01T13:23:03.304+0000][1][safepoint    ] Safepoint "GenCollectForAllocation", Time since last: 2921812100 ns, Reaching safepoint: 116500 ns, At safepoint: 3098800 ns, Total: 3215300 ns
[2020-05-01T13:23:39.319+0000][1][safepoint    ] Safepoint "Cleanup", Time since last: 36014833800 ns, Reaching safepoint: 245800 ns, At safepoint: 106200 ns, Total: 352000 ns
[2020-05-01T13:23:45.323+0000][1][safepoint    ] Safepoint "Cleanup", Time since last: 6003002600 ns, Reaching safepoint: 228500 ns, At safepoint: 101700 ns, Total: 330200 ns
[2020-05-01T13:23:57.328+0000][1][safepoint    ] Safepoint "Cleanup", Time since last: 12005232000 ns, Reaching safepoint: 389100 ns, At safepoint: 151200 ns, Total: 540300 ns
[2020-05-01T13:25:17.369+0000][1][safepoint    ] Safepoint "Cleanup", Time since last: 80040545500 ns, Reaching safepoint: 142200 ns, At safepoint: 74100 ns, Total: 216300 ns
[2020-05-01T13:25:42.382+0000][1][safepoint    ] Safepoint "Cleanup", Time since last: 25012174100 ns, Reaching safepoint: 318500 ns, At safepoint: 149100 ns, Total: 467600 ns
[2020-05-01T13:26:02.237+0000][1][gc,start     ] GC(60) Pause Young (Allocation Failure)
[2020-05-01T13:26:02.237+0000][1][gc,task      ] GC(60) Using 10 workers of 10 for evacuation
[2020-05-01T13:26:02.239+0000][1][gc,age       ] GC(60) Desired survivor size 8945664 bytes, new threshold 6 (max threshold 6)
[2020-05-01T13:26:02.239+0000][1][gc,age       ] GC(60) Age table with threshold 6 (max threshold 6)
[2020-05-01T13:26:02.239+0000][1][gc,age       ] GC(60) - age   1:      57264 bytes,      57264 total
[2020-05-01T13:26:02.239+0000][1][gc,age       ] GC(60) - age   2:        840 bytes,      58104 total
[2020-05-01T13:26:02.239+0000][1][gc,age       ] GC(60) - age   3:        280 bytes,      58384 total
[2020-05-01T13:26:02.239+0000][1][gc,age       ] GC(60) - age   5:       1704 bytes,      60088 total
[2020-05-01T13:26:02.239+0000][1][gc,age       ] GC(60) - age   6:       1088 bytes,      61176 total
[2020-05-01T13:26:02.239+0000][1][gc,heap      ] GC(60) ParNew: 139913K->84K(157248K)
[2020-05-01T13:26:02.239+0000][1][gc,heap      ] GC(60) CMS: 81331K->81333K(349568K)
[2020-05-01T13:26:02.239+0000][1][gc,metaspace ] GC(60) Metaspace: 95266K->95266K(1136640K)
[2020-05-01T13:26:02.239+0000][1][gc           ] GC(60) Pause Young (Allocation Failure) 216M->79M(494M) 2.502ms
[2020-05-01T13:26:02.239+0000][1][gc,cpu       ] GC(60) User=0.01s Sys=0.00s Real=0.00s
[2020-05-01T13:26:02.239+0000][1][safepoint    ] Safepoint "GenCollectForAllocation", Time since last: 19854786300 ns, Reaching safepoint: 129100 ns, At safepoint: 2580100 ns, Total: 2709200 ns
[2020-05-01T13:26:17.248+0000][1][safepoint    ] Safepoint "Cleanup", Time since last: 15008596400 ns, Reaching safepoint: 296800 ns, At safepoint: 149300 ns, Total: 446100 ns
[2020-05-01T13:26:55.269+0000][1][safepoint    ] Safepoint "Cleanup", Time since last: 38019392700 ns, Reaching safepoint: 430300 ns, At safepoint: 262600 ns, Total: 692900 ns
[2020-05-01T13:26:58.271+0000][1][safepoint    ] Safepoint "Cleanup", Time since last: 3001680300 ns, Reaching safepoint: 412300 ns, At safepoint: 295200 ns, Total: 707500 ns
[2020-05-01T13:28:12.310+0000][1][safepoint    ] Safepoint "Cleanup", Time since last: 74039242200 ns, Reaching safepoint: 138500 ns, At safepoint: 51900 ns, Total: 190400 ns
[2020-05-01T13:28:24.317+0000][1][safepoint    ] Safepoint "Cleanup", Time since last: 12006478100 ns, Reaching safepoint: 125700 ns, At safepoint: 54300 ns, Total: 180000 ns
[2020-05-01T13:28:42.329+0000][1][safepoint    ] Safepoint "Cleanup", Time since last: 18011431800 ns, Reaching safepoint: 184300 ns, At safepoint: 80500 ns, Total: 264800 ns
[2020-05-01T13:28:49.333+0000][1][safepoint    ] Safepoint "Cleanup", Time since last: 7003779700 ns, Reaching safepoint: 367900 ns, At safepoint: 194000 ns, Total: 561900 ns
[2020-05-01T13:29:02.403+0000][1][gc,start     ] GC(61) Pause Young (Allocation Failure)
[2020-05-01T13:29:02.403+0000][1][gc,task      ] GC(61) Using 10 workers of 10 for evacuation
[2020-05-01T13:29:02.406+0000][1][gc,age       ] GC(61) Desired survivor size 8945664 bytes, new threshold 6 (max threshold 6)
[2020-05-01T13:29:02.406+0000][1][gc,age       ] GC(61) Age table with threshold 6 (max threshold 6)
[2020-05-01T13:29:02.406+0000][1][gc,age       ] GC(61) - age   1:      56240 bytes,      56240 total
[2020-05-01T13:29:02.406+0000][1][gc,age       ] GC(61) - age   2:       2832 bytes,      59072 total
[2020-05-01T13:29:02.406+0000][1][gc,age       ] GC(61) - age   3:        840 bytes,      59912 total
[2020-05-01T13:29:02.406+0000][1][gc,age       ] GC(61) - age   4:        280 bytes,      60192 total
[2020-05-01T13:29:02.406+0000][1][gc,age       ] GC(61) - age   6:       1704 bytes,      61896 total
[2020-05-01T13:29:02.406+0000][1][gc,heap      ] GC(61) ParNew: 139860K->70K(157248K)
[2020-05-01T13:29:02.406+0000][1][gc,heap      ] GC(61) CMS: 81333K->81334K(349568K)
[2020-05-01T13:29:02.406+0000][1][gc,metaspace ] GC(61) Metaspace: 95302K->95302K(1136640K)
[2020-05-01T13:29:02.406+0000][1][gc           ] GC(61) Pause Young (Allocation Failure) 216M->79M(494M) 2.623ms
[2020-05-01T13:29:02.406+0000][1][gc,cpu       ] GC(61) User=0.00s Sys=0.00s Real=0.00s
[2020-05-01T13:29:02.406+0000][1][safepoint    ] Safepoint "GenCollectForAllocation", Time since last: 13070024500 ns, Reaching safepoint: 142400 ns, At safepoint: 2701300 ns, Total: 2843700 ns
[2020-05-01T13:29:17.415+0000][1][safepoint    ] Safepoint "Cleanup", Time since last: 15008295300 ns, Reaching safepoint: 382600 ns, At safepoint: 209100 ns, Total: 591700 ns
[2020-05-01T13:29:25.418+0000][1][safepoint    ] Safepoint "Cleanup", Time since last: 8003471600 ns, Reaching safepoint: 141200 ns, At safepoint: 51400 ns, Total: 192600 ns
[2020-05-01T13:29:52.431+0000][1][safepoint    ] Safepoint "Cleanup", Time since last: 27011870700 ns, Reaching safepoint: 415300 ns, At safepoint: 264800 ns, Total: 680100 ns
[2020-05-01T13:29:53.432+0000][1][safepoint    ] Safepoint "Cleanup", Time since last: 1000811500 ns, Reaching safepoint: 339900 ns, At safepoint: 231800 ns, Total: 571700 ns
[2020-05-01T13:29:58.435+0000][1][safepoint    ] Safepoint "Cleanup", Time since last: 5001979100 ns, Reaching safepoint: 141800 ns, At safepoint: 55800 ns, Total: 197600 ns
[2020-05-01T13:30:19.446+0000][1][safepoint    ] Safepoint "Cleanup", Time since last: 21010963900 ns, Reaching safepoint: 470600 ns, At safepoint: 343700 ns, Total: 814300 ns
[2020-05-01T13:30:24.450+0000][1][safepoint    ] Safepoint "Cleanup", Time since last: 5003226700 ns, Reaching safepoint: 384100 ns, At safepoint: 209300 ns, Total: 593400 ns
[2020-05-01T13:30:43.460+0000][1][safepoint    ] Safepoint "Cleanup", Time since last: 19009643900 ns, Reaching safepoint: 434900 ns, At safepoint: 211000 ns, Total: 645900 ns
[2020-05-01T13:30:53.466+0000][1][safepoint    ] Safepoint "Cleanup", Time since last: 10004713300 ns, Reaching safepoint: 307800 ns, At safepoint: 174900 ns, Total: 482700 ns
[2020-05-01T13:31:16.479+0000][1][safepoint    ] Safepoint "Cleanup", Time since last: 23013058500 ns, Reaching safepoint: 441400 ns, At safepoint: 282400 ns, Total: 723800 ns
[2020-05-01T13:31:23.483+0000][1][safepoint    ] Safepoint "Cleanup", Time since last: 7003162900 ns, Reaching safepoint: 171500 ns, At safepoint: 85500 ns, Total: 257000 ns
[2020-05-01T13:32:02.152+0000][1][gc,start     ] GC(62) Pause Young (Allocation Failure)
[2020-05-01T13:32:02.152+0000][1][gc,task      ] GC(62) Using 10 workers of 10 for evacuation
[2020-05-01T13:32:02.161+0000][1][gc,age       ] GC(62) Desired survivor size 8945664 bytes, new threshold 6 (max threshold 6)
[2020-05-01T13:32:02.161+0000][1][gc,age       ] GC(62) Age table with threshold 6 (max threshold 6)
[2020-05-01T13:32:02.161+0000][1][gc,age       ] GC(62) - age   1:      55952 bytes,      55952 total
[2020-05-01T13:32:02.161+0000][1][gc,age       ] GC(62) - age   2:       1424 bytes,      57376 total
[2020-05-01T13:32:02.161+0000][1][gc,age       ] GC(62) - age   3:       2832 bytes,      60208 total
[2020-05-01T13:32:02.161+0000][1][gc,age       ] GC(62) - age   4:        840 bytes,      61048 total
[2020-05-01T13:32:02.161+0000][1][gc,age       ] GC(62) - age   5:        280 bytes,      61328 total
[2020-05-01T13:32:02.161+0000][1][gc,heap      ] GC(62) ParNew: 139845K->74K(157248K)
[2020-05-01T13:32:02.161+0000][1][gc,heap      ] GC(62) CMS: 81334K->81335K(349568K)
[2020-05-01T13:32:02.161+0000][1][gc,metaspace ] GC(62) Metaspace: 95368K->95368K(1136640K)
[2020-05-01T13:32:02.161+0000][1][gc           ] GC(62) Pause Young (Allocation Failure) 215M->79M(494M) 8.800ms
[2020-05-01T13:32:02.161+0000][1][gc,cpu       ] GC(62) User=0.01s Sys=0.02s Real=0.01s
[2020-05-01T13:32:02.161+0000][1][safepoint    ] Safepoint "GenCollectForAllocation", Time since last: 38668551200 ns, Reaching safepoint: 533800 ns, At safepoint: 8936600 ns, Total: 9470400 ns
[2020-05-01T13:33:40.208+0000][1][safepoint    ] Safepoint "Cleanup", Time since last: 98046952400 ns, Reaching safepoint: 312000 ns, At safepoint: 119600 ns, Total: 431600 ns
[2020-05-01T13:34:34.232+0000][1][safepoint    ] Safepoint "Cleanup", Time since last: 54023399500 ns, Reaching safepoint: 124600 ns, At safepoint: 51500 ns, Total: 176100 ns
[2020-05-01T13:34:52.239+0000][1][safepoint    ] Safepoint "Cleanup", Time since last: 18006832600 ns, Reaching safepoint: 478600 ns, At safepoint: 250500 ns, Total: 729100 ns
[2020-05-01T13:34:53.240+0000][1][safepoint    ] Safepoint "Cleanup", Time since last: 1000448500 ns, Reaching safepoint: 129700 ns, At safepoint: 35300 ns, Total: 165000 ns
[2020-05-01T13:34:57.776+0000][1][gc,start     ] GC(63) Pause Young (Allocation Failure)
[2020-05-01T13:34:57.776+0000][1][gc,task      ] GC(63) Using 10 workers of 10 for evacuation
[2020-05-01T13:34:57.792+0000][1][gc,age       ] GC(63) Desired survivor size 8945664 bytes, new threshold 6 (max threshold 6)
[2020-05-01T13:34:57.793+0000][1][gc,age       ] GC(63) Age table with threshold 6 (max threshold 6)
[2020-05-01T13:34:57.793+0000][1][gc,age       ] GC(63) - age   1:      55056 bytes,      55056 total
[2020-05-01T13:34:57.793+0000][1][gc,age       ] GC(63) - age   2:       2496 bytes,      57552 total
[2020-05-01T13:34:57.793+0000][1][gc,age       ] GC(63) - age   3:       1424 bytes,      58976 total
[2020-05-01T13:34:57.793+0000][1][gc,age       ] GC(63) - age   4:       2832 bytes,      61808 total
[2020-05-01T13:34:57.793+0000][1][gc,age       ] GC(63) - age   5:        336 bytes,      62144 total
[2020-05-01T13:34:57.793+0000][1][gc,age       ] GC(63) - age   6:        280 bytes,      62424 total
[2020-05-01T13:34:57.793+0000][1][gc,heap      ] GC(63) ParNew: 139850K->76K(157248K)
[2020-05-01T13:34:57.793+0000][1][gc,heap      ] GC(63) CMS: 81335K->81335K(349568K)
[2020-05-01T13:34:57.793+0000][1][gc,metaspace ] GC(63) Metaspace: 95370K->95370K(1136640K)
[2020-05-01T13:34:57.793+0000][1][gc           ] GC(63) Pause Young (Allocation Failure) 216M->79M(494M) 16.876ms
[2020-05-01T13:34:57.793+0000][1][gc,cpu       ] GC(63) User=0.03s Sys=0.00s Real=0.02s
[2020-05-01T13:34:57.793+0000][1][safepoint    ] Safepoint "GenCollectForAllocation", Time since last: 4535453800 ns, Reaching safepoint: 362900 ns, At safepoint: 17236500 ns, Total: 17599400 ns
[2020-05-01T13:35:27.808+0000][1][safepoint    ] Safepoint "Cleanup", Time since last: 30014366300 ns, Reaching safepoint: 515300 ns, At safepoint: 189900 ns, Total: 705200 ns
[2020-05-01T13:35:36.813+0000][1][safepoint    ] Safepoint "Cleanup", Time since last: 9003799600 ns, Reaching safepoint: 448200 ns, At safepoint: 427400 ns, Total: 875600 ns
[2020-05-01T13:35:45.819+0000][1][safepoint    ] Safepoint "Cleanup", Time since last: 9005097900 ns, Reaching safepoint: 680300 ns, At safepoint: 320000 ns, Total: 1000300 ns
[2020-05-01T13:36:51.855+0000][1][safepoint    ] Safepoint "Cleanup", Time since last: 66035611300 ns, Reaching safepoint: 250100 ns, At safepoint: 173000 ns, Total: 423100 ns
[2020-05-01T13:37:00.860+0000][1][safepoint    ] Safepoint "Cleanup", Time since last: 9004171000 ns, Reaching safepoint: 566900 ns, At safepoint: 198700 ns, Total: 765600 ns
[2020-05-01T13:37:01.861+0000][1][safepoint    ] Safepoint "Cleanup", Time since last: 1000606500 ns, Reaching safepoint: 281900 ns, At safepoint: 113300 ns, Total: 395200 ns
[2020-05-01T13:37:03.863+0000][1][safepoint    ] Safepoint "Cleanup", Time since last: 2001035500 ns, Reaching safepoint: 454300 ns, At safepoint: 236400 ns, Total: 690700 ns
[2020-05-01T13:37:53.891+0000][1][safepoint    ] Safepoint "Cleanup", Time since last: 50027478900 ns, Reaching safepoint: 436000 ns, At safepoint: 289300 ns, Total: 725300 ns
[2020-05-01T13:37:58.003+0000][1][gc,start     ] GC(64) Pause Young (Allocation Failure)
[2020-05-01T13:37:58.003+0000][1][gc,task      ] GC(64) Using 10 workers of 10 for evacuation
[2020-05-01T13:37:58.005+0000][1][gc,age       ] GC(64) Desired survivor size 8945664 bytes, new threshold 6 (max threshold 6)
[2020-05-01T13:37:58.005+0000][1][gc,age       ] GC(64) Age table with threshold 6 (max threshold 6)
[2020-05-01T13:37:58.005+0000][1][gc,age       ] GC(64) - age   1:      55912 bytes,      55912 total
[2020-05-01T13:37:58.005+0000][1][gc,age       ] GC(64) - age   2:       1232 bytes,      57144 total
[2020-05-01T13:37:58.005+0000][1][gc,age       ] GC(64) - age   3:       2496 bytes,      59640 total
[2020-05-01T13:37:58.005+0000][1][gc,age       ] GC(64) - age   4:       1424 bytes,      61064 total
[2020-05-01T13:37:58.005+0000][1][gc,age       ] GC(64) - age   5:       2832 bytes,      63896 total
[2020-05-01T13:37:58.005+0000][1][gc,age       ] GC(64) - age   6:        184 bytes,      64080 total
[2020-05-01T13:37:58.005+0000][1][gc,heap      ] GC(64) ParNew: 139852K->75K(157248K)
[2020-05-01T13:37:58.005+0000][1][gc,heap      ] GC(64) CMS: 81335K->81336K(349568K)
[2020-05-01T13:37:58.005+0000][1][gc,metaspace ] GC(64) Metaspace: 95373K->95373K(1136640K)
[2020-05-01T13:37:58.005+0000][1][gc           ] GC(64) Pause Young (Allocation Failure) 216M->79M(494M) 2.732ms
[2020-05-01T13:37:58.005+0000][1][gc,cpu       ] GC(64) User=0.00s Sys=0.00s Real=0.00s
[2020-05-01T13:37:58.005+0000][1][safepoint    ] Safepoint "GenCollectForAllocation", Time since last: 4111670000 ns, Reaching safepoint: 115400 ns, At safepoint: 2822700 ns, Total: 2938100 ns
[2020-05-01T13:38:45.026+0000][1][safepoint    ] Safepoint "Cleanup", Time since last: 47020785700 ns, Reaching safepoint: 150900 ns, At safepoint: 54100 ns, Total: 205000 ns
[2020-05-01T13:40:58.200+0000][1][gc,start     ] GC(65) Pause Young (Allocation Failure)
[2020-05-01T13:40:58.200+0000][1][gc,task      ] GC(65) Using 10 workers of 10 for evacuation
[2020-05-01T13:40:58.203+0000][1][gc,age       ] GC(65) Desired survivor size 8945664 bytes, new threshold 6 (max threshold 6)
[2020-05-01T13:40:58.203+0000][1][gc,age       ] GC(65) Age table with threshold 6 (max threshold 6)
[2020-05-01T13:40:58.203+0000][1][gc,age       ] GC(65) - age   1:      55208 bytes,      55208 total
[2020-05-01T13:40:58.203+0000][1][gc,age       ] GC(65) - age   2:        992 bytes,      56200 total
[2020-05-01T13:40:58.203+0000][1][gc,age       ] GC(65) - age   3:       1232 bytes,      57432 total
[2020-05-01T13:40:58.203+0000][1][gc,age       ] GC(65) - age   4:       2520 bytes,      59952 total
[2020-05-01T13:40:58.203+0000][1][gc,age       ] GC(65) - age   5:       1424 bytes,      61376 total
[2020-05-01T13:40:58.203+0000][1][gc,age       ] GC(65) - age   6:       2832 bytes,      64208 total
[2020-05-01T13:40:58.203+0000][1][gc,heap      ] GC(65) ParNew: 139851K->77K(157248K)
[2020-05-01T13:40:58.203+0000][1][gc,heap      ] GC(65) CMS: 81336K->81336K(349568K)
[2020-05-01T13:40:58.203+0000][1][gc,metaspace ] GC(65) Metaspace: 95373K->95373K(1136640K)
[2020-05-01T13:40:58.203+0000][1][gc           ] GC(65) Pause Young (Allocation Failure) 216M->79M(494M) 2.766ms
[2020-05-01T13:40:58.203+0000][1][gc,cpu       ] GC(65) User=0.00s Sys=0.00s Real=0.00s
[2020-05-01T13:40:58.203+0000][1][safepoint    ] Safepoint "GenCollectForAllocation", Time since last: 133173373100 ns, Reaching safepoint: 127300 ns, At safepoint: 2840500 ns, Total: 2967800 ns
[2020-05-01T13:41:07.207+0000][1][safepoint    ] Safepoint "Cleanup", Time since last: 9003377400 ns, Reaching safepoint: 544100 ns, At safepoint: 203900 ns, Total: 748000 ns
[2020-05-01T13:43:58.388+0000][1][gc,start     ] GC(66) Pause Young (Allocation Failure)
[2020-05-01T13:43:58.388+0000][1][gc,task      ] GC(66) Using 10 workers of 10 for evacuation
[2020-05-01T13:43:58.392+0000][1][gc,age       ] GC(66) Desired survivor size 8945664 bytes, new threshold 6 (max threshold 6)
[2020-05-01T13:43:58.392+0000][1][gc,age       ] GC(66) Age table with threshold 6 (max threshold 6)
[2020-05-01T13:43:58.392+0000][1][gc,age       ] GC(66) - age   1:      54800 bytes,      54800 total
[2020-05-01T13:43:58.392+0000][1][gc,age       ] GC(66) - age   2:        688 bytes,      55488 total
[2020-05-01T13:43:58.392+0000][1][gc,age       ] GC(66) - age   3:        992 bytes,      56480 total
[2020-05-01T13:43:58.392+0000][1][gc,age       ] GC(66) - age   4:        728 bytes,      57208 total
[2020-05-01T13:43:58.392+0000][1][gc,age       ] GC(66) - age   5:       2496 bytes,      59704 total
[2020-05-01T13:43:58.392+0000][1][gc,age       ] GC(66) - age   6:       1424 bytes,      61128 total
[2020-05-01T13:43:58.392+0000][1][gc,heap      ] GC(66) ParNew: 139853K->71K(157248K)
[2020-05-01T13:43:58.392+0000][1][gc,heap      ] GC(66) CMS: 81336K->81339K(349568K)
[2020-05-01T13:43:58.392+0000][1][gc,metaspace ] GC(66) Metaspace: 95377K->95377K(1136640K)
[2020-05-01T13:43:58.392+0000][1][gc           ] GC(66) Pause Young (Allocation Failure) 216M->79M(494M) 4.238ms
[2020-05-01T13:43:58.392+0000][1][gc,cpu       ] GC(66) User=0.01s Sys=0.00s Real=0.00s
[2020-05-01T13:43:58.392+0000][1][safepoint    ] Safepoint "GenCollectForAllocation", Time since last: 171180529300 ns, Reaching safepoint: 205500 ns, At safepoint: 4408000 ns, Total: 4613500 ns
[2020-05-01T13:44:12.400+0000][1][safepoint    ] Safepoint "Cleanup", Time since last: 14007006500 ns, Reaching safepoint: 337400 ns, At safepoint: 157000 ns, Total: 494400 ns
[2020-05-01T13:46:58.615+0000][1][gc,start     ] GC(67) Pause Young (Allocation Failure)
[2020-05-01T13:46:58.615+0000][1][gc,task      ] GC(67) Using 10 workers of 10 for evacuation
[2020-05-01T13:46:58.619+0000][1][gc,age       ] GC(67) Desired survivor size 8945664 bytes, new threshold 6 (max threshold 6)
[2020-05-01T13:46:58.619+0000][1][gc,age       ] GC(67) Age table with threshold 6 (max threshold 6)
[2020-05-01T13:46:58.619+0000][1][gc,age       ] GC(67) - age   1:      55072 bytes,      55072 total
[2020-05-01T13:46:58.619+0000][1][gc,age       ] GC(67) - age   2:        776 bytes,      55848 total
[2020-05-01T13:46:58.619+0000][1][gc,age       ] GC(67) - age   3:        688 bytes,      56536 total
[2020-05-01T13:46:58.619+0000][1][gc,age       ] GC(67) - age   4:        992 bytes,      57528 total
[2020-05-01T13:46:58.619+0000][1][gc,age       ] GC(67) - age   5:        728 bytes,      58256 total
[2020-05-01T13:46:58.619+0000][1][gc,age       ] GC(67) - age   6:       2496 bytes,      60752 total
[2020-05-01T13:46:58.619+0000][1][gc,heap      ] GC(67) ParNew: 139847K->72K(157248K)
[2020-05-01T13:46:58.619+0000][1][gc,heap      ] GC(67) CMS: 81339K->81340K(349568K)
[2020-05-01T13:46:58.619+0000][1][gc,metaspace ] GC(67) Metaspace: 95377K->95377K(1136640K)
[2020-05-01T13:46:58.619+0000][1][gc           ] GC(67) Pause Young (Allocation Failure) 216M->79M(494M) 4.405ms
[2020-05-01T13:46:58.619+0000][1][gc,cpu       ] GC(67) User=0.00s Sys=0.01s Real=0.01s
[2020-05-01T13:46:58.619+0000][1][safepoint    ] Safepoint "GenCollectForAllocation", Time since last: 166215151500 ns, Reaching safepoint: 220100 ns, At safepoint: 4563100 ns, Total: 4783200 ns
[2020-05-01T13:47:42.642+0000][1][safepoint    ] Safepoint "Cleanup", Time since last: 44021727700 ns, Reaching safepoint: 503000 ns, At safepoint: 207800 ns, Total: 710800 ns
[2020-05-01T13:49:54.708+0000][1][safepoint    ] Safepoint "Cleanup", Time since last: 132065430700 ns, Reaching safepoint: 436300 ns, At safepoint: 212000 ns, Total: 648300 ns
[2020-05-01T13:49:57.811+0000][1][gc,start     ] GC(68) Pause Young (Allocation Failure)
[2020-05-01T13:49:57.811+0000][1][gc,task      ] GC(68) Using 10 workers of 10 for evacuation
[2020-05-01T13:49:57.817+0000][1][gc,age       ] GC(68) Desired survivor size 8945664 bytes, new threshold 6 (max threshold 6)
[2020-05-01T13:49:57.817+0000][1][gc,age       ] GC(68) Age table with threshold 6 (max threshold 6)
[2020-05-01T13:49:57.817+0000][1][gc,age       ] GC(68) - age   1:     147784 bytes,     147784 total
[2020-05-01T13:49:57.817+0000][1][gc,age       ] GC(68) - age   2:        576 bytes,     148360 total
[2020-05-01T13:49:57.817+0000][1][gc,age       ] GC(68) - age   3:        776 bytes,     149136 total
[2020-05-01T13:49:57.818+0000][1][gc,age       ] GC(68) - age   4:        688 bytes,     149824 total
[2020-05-01T13:49:57.818+0000][1][gc,age       ] GC(68) - age   5:        992 bytes,     150816 total
[2020-05-01T13:49:57.818+0000][1][gc,age       ] GC(68) - age   6:        728 bytes,     151544 total
[2020-05-01T13:49:57.818+0000][1][gc,heap      ] GC(68) ParNew: 139848K->163K(157248K)
[2020-05-01T13:49:57.818+0000][1][gc,heap      ] GC(68) CMS: 81340K->81342K(349568K)
[2020-05-01T13:49:57.818+0000][1][gc,metaspace ] GC(68) Metaspace: 95379K->95379K(1136640K)
[2020-05-01T13:49:57.818+0000][1][gc           ] GC(68) Pause Young (Allocation Failure) 216M->79M(494M) 7.205ms
[2020-05-01T13:49:57.818+0000][1][gc,cpu       ] GC(68) User=0.03s Sys=0.00s Real=0.01s
[2020-05-01T13:49:57.818+0000][1][safepoint    ] Safepoint "GenCollectForAllocation", Time since last: 3102217600 ns, Reaching safepoint: 315200 ns, At safepoint: 7515500 ns, Total: 7830700 ns
[2020-05-01T13:50:12.825+0000][1][safepoint    ] Safepoint "Cleanup", Time since last: 15006157800 ns, Reaching safepoint: 259600 ns, At safepoint: 103800 ns, Total: 363400 ns
[2020-05-01T13:51:54.870+0000][1][safepoint    ] Safepoint "Cleanup", Time since last: 102045320800 ns, Reaching safepoint: 191500 ns, At safepoint: 35300 ns, Total: 226800 ns
[2020-05-01T13:52:54.860+0000][1][gc,start     ] GC(69) Pause Young (Allocation Failure)
[2020-05-01T13:52:54.860+0000][1][gc,task      ] GC(69) Using 10 workers of 10 for evacuation
[2020-05-01T13:52:54.868+0000][1][gc,age       ] GC(69) Desired survivor size 8945664 bytes, new threshold 6 (max threshold 6)
[2020-05-01T13:52:54.868+0000][1][gc,age       ] GC(69) Age table with threshold 6 (max threshold 6)
[2020-05-01T13:52:54.868+0000][1][gc,age       ] GC(69) - age   1:     135632 bytes,     135632 total
[2020-05-01T13:52:54.868+0000][1][gc,age       ] GC(69) - age   2:        104 bytes,     135736 total
[2020-05-01T13:52:54.868+0000][1][gc,age       ] GC(69) - age   3:        576 bytes,     136312 total
[2020-05-01T13:52:54.868+0000][1][gc,age       ] GC(69) - age   4:        272 bytes,     136584 total
[2020-05-01T13:52:54.868+0000][1][gc,age       ] GC(69) - age   5:        688 bytes,     137272 total
[2020-05-01T13:52:54.868+0000][1][gc,age       ] GC(69) - age   6:        840 bytes,     138112 total
[2020-05-01T13:52:54.868+0000][1][gc,heap      ] GC(69) ParNew: 139939K->180K(157248K)
[2020-05-01T13:52:54.868+0000][1][gc,heap      ] GC(69) CMS: 81342K->81343K(349568K)
[2020-05-01T13:52:54.868+0000][1][gc,metaspace ] GC(69) Metaspace: 95379K->95379K(1136640K)
[2020-05-01T13:52:54.868+0000][1][gc           ] GC(69) Pause Young (Allocation Failure) 216M->79M(494M) 8.638ms
[2020-05-01T13:52:54.868+0000][1][gc,cpu       ] GC(69) User=0.02s Sys=0.00s Real=0.01s
[2020-05-01T13:52:54.869+0000][1][safepoint    ] Safepoint "GenCollectForAllocation", Time since last: 59989227200 ns, Reaching safepoint: 309500 ns, At safepoint: 8986800 ns, Total: 9296300 ns
[2020-05-01T13:53:17.881+0000][1][safepoint    ] Safepoint "Cleanup", Time since last: 23011252500 ns, Reaching safepoint: 436100 ns, At safepoint: 216500 ns, Total: 652600 ns
[2020-05-01T13:55:29.942+0000][1][safepoint    ] Safepoint "Cleanup", Time since last: 132061162600 ns, Reaching safepoint: 446600 ns, At safepoint: 249400 ns, Total: 696000 ns
[2020-05-01T13:55:54.193+0000][1][gc,start     ] GC(70) Pause Young (Allocation Failure)
[2020-05-01T13:55:54.193+0000][1][gc,task      ] GC(70) Using 10 workers of 10 for evacuation
[2020-05-01T13:55:54.197+0000][1][gc,age       ] GC(70) Desired survivor size 8945664 bytes, new threshold 6 (max threshold 6)
[2020-05-01T13:55:54.197+0000][1][gc,age       ] GC(70) Age table with threshold 6 (max threshold 6)
[2020-05-01T13:55:54.197+0000][1][gc,age       ] GC(70) - age   1:      53576 bytes,      53576 total
[2020-05-01T13:55:54.197+0000][1][gc,age       ] GC(70) - age   2:       2456 bytes,      56032 total
[2020-05-01T13:55:54.197+0000][1][gc,age       ] GC(70) - age   3:        104 bytes,      56136 total
[2020-05-01T13:55:54.197+0000][1][gc,age       ] GC(70) - age   4:        576 bytes,      56712 total
[2020-05-01T13:55:54.197+0000][1][gc,age       ] GC(70) - age   5:        272 bytes,      56984 total
[2020-05-01T13:55:54.197+0000][1][gc,age       ] GC(70) - age   6:        688 bytes,      57672 total
[2020-05-01T13:55:54.198+0000][1][gc,heap      ] GC(70) ParNew: 139956K->137K(157248K)
[2020-05-01T13:55:54.198+0000][1][gc,heap      ] GC(70) CMS: 81343K->81344K(349568K)
[2020-05-01T13:55:54.198+0000][1][gc,metaspace ] GC(70) Metaspace: 95379K->95379K(1136640K)
[2020-05-01T13:55:54.198+0000][1][gc           ] GC(70) Pause Young (Allocation Failure) 216M->79M(494M) 5.127ms
[2020-05-01T13:55:54.198+0000][1][gc,cpu       ] GC(70) User=0.01s Sys=0.00s Real=0.01s
[2020-05-01T13:55:54.198+0000][1][safepoint    ] Safepoint "GenCollectForAllocation", Time since last: 24249908600 ns, Reaching safepoint: 314100 ns, At safepoint: 5387500 ns, Total: 5701600 ns
[2020-05-01T13:56:13.204+0000][1][safepoint    ] Safepoint "Cleanup", Time since last: 19006210500 ns, Reaching safepoint: 153100 ns, At safepoint: 71200 ns, Total: 224300 ns
[2020-05-01T13:56:48.219+0000][1][safepoint    ] Safepoint "Cleanup", Time since last: 35014889100 ns, Reaching safepoint: 145200 ns, At safepoint: 55100 ns, Total: 200300 ns
[2020-05-01T13:58:54.389+0000][1][gc,start     ] GC(71) Pause Young (Allocation Failure)
[2020-05-01T13:58:54.389+0000][1][gc,task      ] GC(71) Using 10 workers of 10 for evacuation
[2020-05-01T13:58:54.404+0000][1][gc,age       ] GC(71) Desired survivor size 8945664 bytes, new threshold 6 (max threshold 6)
[2020-05-01T13:58:54.404+0000][1][gc,age       ] GC(71) Age table with threshold 6 (max threshold 6)
[2020-05-01T13:58:54.404+0000][1][gc,age       ] GC(71) - age   1:      54816 bytes,      54816 total
[2020-05-01T13:58:54.404+0000][1][gc,age       ] GC(71) - age   2:        232 bytes,      55048 total
[2020-05-01T13:58:54.404+0000][1][gc,age       ] GC(71) - age   3:       2456 bytes,      57504 total
[2020-05-01T13:58:54.404+0000][1][gc,age       ] GC(71) - age   4:        104 bytes,      57608 total
[2020-05-01T13:58:54.404+0000][1][gc,age       ] GC(71) - age   5:        576 bytes,      58184 total
[2020-05-01T13:58:54.404+0000][1][gc,age       ] GC(71) - age   6:        272 bytes,      58456 total
[2020-05-01T13:58:54.404+0000][1][gc,heap      ] GC(71) ParNew: 139913K->76K(157248K)
[2020-05-01T13:58:54.404+0000][1][gc,heap      ] GC(71) CMS: 81344K->81345K(349568K)
[2020-05-01T13:58:54.405+0000][1][gc,metaspace ] GC(71) Metaspace: 95379K->95379K(1136640K)
[2020-05-01T13:58:54.405+0000][1][gc           ] GC(71) Pause Young (Allocation Failure) 216M->79M(494M) 15.424ms
[2020-05-01T13:58:54.405+0000][1][gc,cpu       ] GC(71) User=0.02s Sys=0.03s Real=0.01s
[2020-05-01T13:58:54.405+0000][1][safepoint    ] Safepoint "GenCollectForAllocation", Time since last: 126169272000 ns, Reaching safepoint: 374400 ns, At safepoint: 15774400 ns, Total: 16148800 ns
[2020-05-01T13:59:05.411+0000][1][safepoint    ] Safepoint "Cleanup", Time since last: 11005873900 ns, Reaching safepoint: 175700 ns, At safepoint: 84800 ns, Total: 260500 ns
[2020-05-01T14:00:10.441+0000][1][safepoint    ] Safepoint "Cleanup", Time since last: 65030207600 ns, Reaching safepoint: 139000 ns, At safepoint: 53500 ns, Total: 192500 ns
[2020-05-01T14:00:16.444+0000][1][safepoint    ] Safepoint "Cleanup", Time since last: 6002001300 ns, Reaching safepoint: 406300 ns, At safepoint: 211400 ns, Total: 617700 ns
[2020-05-01T14:00:52.461+0000][1][safepoint    ] Safepoint "Cleanup", Time since last: 36015756400 ns, Reaching safepoint: 434000 ns, At safepoint: 238200 ns, Total: 672200 ns
[2020-05-01T14:01:53.429+0000][1][gc,start     ] GC(72) Pause Young (Allocation Failure)
[2020-05-01T14:01:53.429+0000][1][gc,task      ] GC(72) Using 10 workers of 10 for evacuation
[2020-05-01T14:01:53.439+0000][1][gc,age       ] GC(72) Desired survivor size 8945664 bytes, new threshold 6 (max threshold 6)
[2020-05-01T14:01:53.439+0000][1][gc,age       ] GC(72) Age table with threshold 6 (max threshold 6)
[2020-05-01T14:01:53.439+0000][1][gc,age       ] GC(72) - age   1:      68144 bytes,      68144 total
[2020-05-01T14:01:53.439+0000][1][gc,age       ] GC(72) - age   3:        232 bytes,      68376 total
[2020-05-01T14:01:53.439+0000][1][gc,age       ] GC(72) - age   4:       2456 bytes,      70832 total
[2020-05-01T14:01:53.439+0000][1][gc,age       ] GC(72) - age   5:        104 bytes,      70936 total
[2020-05-01T14:01:53.439+0000][1][gc,age       ] GC(72) - age   6:        576 bytes,      71512 total
[2020-05-01T14:01:53.439+0000][1][gc,heap      ] GC(72) ParNew: 139852K->79K(157248K)
[2020-05-01T14:01:53.439+0000][1][gc,heap      ] GC(72) CMS: 81345K->81345K(349568K)
[2020-05-01T14:01:53.439+0000][1][gc,metaspace ] GC(72) Metaspace: 95379K->95379K(1136640K)
[2020-05-01T14:01:53.439+0000][1][gc           ] GC(72) Pause Young (Allocation Failure) 216M->79M(494M) 10.206ms
[2020-05-01T14:01:53.439+0000][1][gc,cpu       ] GC(72) User=0.03s Sys=0.00s Real=0.01s
[2020-05-01T14:01:53.439+0000][1][safepoint    ] Safepoint "GenCollectForAllocation", Time since last: 60968021100 ns, Reaching safepoint: 394500 ns, At safepoint: 10574200 ns, Total: 10968700 ns
[2020-05-01T14:02:16.452+0000][1][safepoint    ] Safepoint "Cleanup", Time since last: 23011901900 ns, Reaching safepoint: 426300 ns, At safepoint: 108800 ns, Total: 535100 ns
[2020-05-01T14:02:54.470+0000][1][safepoint    ] Safepoint "Cleanup", Time since last: 38017303800 ns, Reaching safepoint: 550400 ns, At safepoint: 211200 ns, Total: 761600 ns
[2020-05-01T14:04:50.345+0000][1][gc,start     ] GC(73) Pause Young (Allocation Failure)
[2020-05-01T14:04:50.345+0000][1][gc,task      ] GC(73) Using 10 workers of 10 for evacuation
[2020-05-01T14:04:50.348+0000][1][gc,age       ] GC(73) Desired survivor size 8945664 bytes, new threshold 6 (max threshold 6)
[2020-05-01T14:04:50.348+0000][1][gc,age       ] GC(73) Age table with threshold 6 (max threshold 6)
[2020-05-01T14:04:50.348+0000][1][gc,age       ] GC(73) - age   1:      54944 bytes,      54944 total
[2020-05-01T14:04:50.348+0000][1][gc,age       ] GC(73) - age   2:       2976 bytes,      57920 total
[2020-05-01T14:04:50.348+0000][1][gc,age       ] GC(73) - age   4:        232 bytes,      58152 total
[2020-05-01T14:04:50.348+0000][1][gc,age       ] GC(73) - age   5:       1952 bytes,      60104 total
[2020-05-01T14:04:50.348+0000][1][gc,age       ] GC(73) - age   6:        104 bytes,      60208 total
[2020-05-01T14:04:50.348+0000][1][gc,heap      ] GC(73) ParNew: 139855K->75K(157248K)
[2020-05-01T14:04:50.348+0000][1][gc,heap      ] GC(73) CMS: 81345K->81345K(349568K)
[2020-05-01T14:04:50.348+0000][1][gc,metaspace ] GC(73) Metaspace: 95380K->95380K(1136640K)
[2020-05-01T14:04:50.348+0000][1][gc           ] GC(73) Pause Young (Allocation Failure) 216M->79M(494M) 2.760ms
[2020-05-01T14:04:50.348+0000][1][gc,cpu       ] GC(73) User=0.00s Sys=0.01s Real=0.01s
[2020-05-01T14:04:50.348+0000][1][safepoint    ] Safepoint "GenCollectForAllocation", Time since last: 115875055700 ns, Reaching safepoint: 132300 ns, At safepoint: 2840600 ns, Total: 2972900 ns
[2020-05-01T14:07:49.948+0000][1][gc,start     ] GC(74) Pause Young (Allocation Failure)
[2020-05-01T14:07:49.948+0000][1][gc,task      ] GC(74) Using 10 workers of 10 for evacuation
[2020-05-01T14:07:49.953+0000][1][gc,age       ] GC(74) Desired survivor size 8945664 bytes, new threshold 6 (max threshold 6)
[2020-05-01T14:07:49.953+0000][1][gc,age       ] GC(74) Age table with threshold 6 (max threshold 6)
[2020-05-01T14:07:49.953+0000][1][gc,age       ] GC(74) - age   1:      54944 bytes,      54944 total
[2020-05-01T14:07:49.953+0000][1][gc,age       ] GC(74) - age   2:       1136 bytes,      56080 total
[2020-05-01T14:07:49.953+0000][1][gc,age       ] GC(74) - age   3:       2976 bytes,      59056 total
[2020-05-01T14:07:49.953+0000][1][gc,age       ] GC(74) - age   5:        232 bytes,      59288 total
[2020-05-01T14:07:49.953+0000][1][gc,age       ] GC(74) - age   6:       1800 bytes,      61088 total
[2020-05-01T14:07:49.953+0000][1][gc,heap      ] GC(74) ParNew: 139851K->75K(157248K)
[2020-05-01T14:07:49.953+0000][1][gc,heap      ] GC(74) CMS: 81345K->81346K(349568K)
[2020-05-01T14:07:49.953+0000][1][gc,metaspace ] GC(74) Metaspace: 95380K->95380K(1136640K)
[2020-05-01T14:07:49.953+0000][1][gc           ] GC(74) Pause Young (Allocation Failure) 216M->79M(494M) 4.922ms
[2020-05-01T14:07:49.953+0000][1][gc,cpu       ] GC(74) User=0.01s Sys=0.00s Real=0.00s
[2020-05-01T14:07:49.953+0000][1][safepoint    ] Safepoint "GenCollectForAllocation", Time since last: 179599632500 ns, Reaching safepoint: 239800 ns, At safepoint: 5103500 ns, Total: 5343300 ns
[2020-05-01T14:10:50.093+0000][1][gc,start     ] GC(75) Pause Young (Allocation Failure)
[2020-05-01T14:10:50.093+0000][1][gc,task      ] GC(75) Using 10 workers of 10 for evacuation
[2020-05-01T14:10:50.100+0000][1][gc,age       ] GC(75) Desired survivor size 8945664 bytes, new threshold 6 (max threshold 6)
[2020-05-01T14:10:50.100+0000][1][gc,age       ] GC(75) Age table with threshold 6 (max threshold 6)
[2020-05-01T14:10:50.100+0000][1][gc,age       ] GC(75) - age   1:      54576 bytes,      54576 total
[2020-05-01T14:10:50.100+0000][1][gc,age       ] GC(75) - age   2:        152 bytes,      54728 total
[2020-05-01T14:10:50.100+0000][1][gc,age       ] GC(75) - age   3:       1136 bytes,      55864 total
[2020-05-01T14:10:50.100+0000][1][gc,age       ] GC(75) - age   4:       2976 bytes,      58840 total
[2020-05-01T14:10:50.100+0000][1][gc,age       ] GC(75) - age   6:        232 bytes,      59072 total
[2020-05-01T14:10:50.100+0000][1][gc,heap      ] GC(75) ParNew: 139851K->73K(157248K)
[2020-05-01T14:10:50.100+0000][1][gc,heap      ] GC(75) CMS: 81346K->81347K(349568K)
[2020-05-01T14:10:50.100+0000][1][gc,metaspace ] GC(75) Metaspace: 95380K->95380K(1136640K)
[2020-05-01T14:10:50.100+0000][1][gc           ] GC(75) Pause Young (Allocation Failure) 216M->79M(494M) 7.664ms
[2020-05-01T14:10:50.100+0000][1][gc,cpu       ] GC(75) User=0.02s Sys=0.02s Real=0.01s
[2020-05-01T14:10:50.100+0000][1][safepoint    ] Safepoint "GenCollectForAllocation", Time since last: 180139057800 ns, Reaching safepoint: 452900 ns, At safepoint: 7788500 ns, Total: 8241400 ns
[2020-05-01T14:11:43.123+0000][1][safepoint    ] Safepoint "Cleanup", Time since last: 53022007800 ns, Reaching safepoint: 258400 ns, At safepoint: 117600 ns, Total: 376000 ns
[2020-05-01T14:13:49.195+0000][1][gc,start     ] GC(76) Pause Young (Allocation Failure)
[2020-05-01T14:13:49.195+0000][1][gc,task      ] GC(76) Using 10 workers of 10 for evacuation
[2020-05-01T14:13:49.197+0000][1][gc,age       ] GC(76) Desired survivor size 8945664 bytes, new threshold 6 (max threshold 6)
[2020-05-01T14:13:49.197+0000][1][gc,age       ] GC(76) Age table with threshold 6 (max threshold 6)
[2020-05-01T14:13:49.197+0000][1][gc,age       ] GC(76) - age   1:     146224 bytes,     146224 total
[2020-05-01T14:13:49.197+0000][1][gc,age       ] GC(76) - age   3:        152 bytes,     146376 total
[2020-05-01T14:13:49.197+0000][1][gc,age       ] GC(76) - age   4:        632 bytes,     147008 total
[2020-05-01T14:13:49.197+0000][1][gc,age       ] GC(76) - age   5:       2976 bytes,     149984 total
[2020-05-01T14:13:49.197+0000][1][gc,heap      ] GC(76) ParNew: 139849K->153K(157248K)
[2020-05-01T14:13:49.197+0000][1][gc,heap      ] GC(76) CMS: 81347K->81348K(349568K)
[2020-05-01T14:13:49.197+0000][1][gc,metaspace ] GC(76) Metaspace: 95387K->95387K(1136640K)
[2020-05-01T14:13:49.197+0000][1][gc           ] GC(76) Pause Young (Allocation Failure) 216M->79M(494M) 2.520ms
[2020-05-01T14:13:49.197+0000][1][gc,cpu       ] GC(76) User=0.01s Sys=0.00s Real=0.01s
[2020-05-01T14:13:49.197+0000][1][safepoint    ] Safepoint "GenCollectForAllocation", Time since last: 126072029800 ns, Reaching safepoint: 127600 ns, At safepoint: 2599300 ns, Total: 2726900 ns
[2020-05-01T14:13:54.199+0000][1][safepoint    ] Safepoint "Cleanup", Time since last: 5001402000 ns, Reaching safepoint: 142600 ns, At safepoint: 67700 ns, Total: 210300 ns
[2020-05-01T14:14:42.218+0000][1][safepoint    ] Safepoint "Cleanup", Time since last: 48018705700 ns, Reaching safepoint: 220800 ns, At safepoint: 87500 ns, Total: 308300 ns
[2020-05-01T14:16:47.535+0000][1][gc,start     ] GC(77) Pause Young (Allocation Failure)
[2020-05-01T14:16:47.535+0000][1][gc,task      ] GC(77) Using 10 workers of 10 for evacuation
[2020-05-01T14:16:47.538+0000][1][gc,age       ] GC(77) Desired survivor size 8945664 bytes, new threshold 6 (max threshold 6)
[2020-05-01T14:16:47.538+0000][1][gc,age       ] GC(77) Age table with threshold 6 (max threshold 6)
[2020-05-01T14:16:47.539+0000][1][gc,age       ] GC(77) - age   1:      53136 bytes,      53136 total
[2020-05-01T14:16:47.539+0000][1][gc,age       ] GC(77) - age   2:       4072 bytes,      57208 total
[2020-05-01T14:16:47.539+0000][1][gc,age       ] GC(77) - age   4:        152 bytes,      57360 total
[2020-05-01T14:16:47.539+0000][1][gc,age       ] GC(77) - age   5:        632 bytes,      57992 total
[2020-05-01T14:16:47.539+0000][1][gc,age       ] GC(77) - age   6:       2976 bytes,      60968 total
[2020-05-01T14:16:47.539+0000][1][gc,heap      ] GC(77) ParNew: 139890K->107K(157248K)
[2020-05-01T14:16:47.539+0000][1][gc,heap      ] GC(77) CMS: 81348K->81348K(349568K)
[2020-05-01T14:16:47.539+0000][1][gc,metaspace ] GC(77) Metaspace: 95387K->95387K(1136640K)
[2020-05-01T14:16:47.539+0000][1][gc           ] GC(77) Pause Young (Allocation Failure) 216M->79M(494M) 3.403ms
[2020-05-01T14:16:47.539+0000][1][gc,cpu       ] GC(77) User=0.01s Sys=0.00s Real=0.01s
[2020-05-01T14:16:47.539+0000][1][safepoint    ] Safepoint "GenCollectForAllocation", Time since last: 125317012800 ns, Reaching safepoint: 186400 ns, At safepoint: 3548500 ns, Total: 3734900 ns
[2020-05-01T14:18:36.598+0000][1][safepoint    ] Safepoint "Cleanup", Time since last: 109058809900 ns, Reaching safepoint: 435300 ns, At safepoint: 210500 ns, Total: 645800 ns
[2020-05-01T14:19:42.629+0000][1][safepoint    ] Safepoint "Cleanup", Time since last: 66030544200 ns, Reaching safepoint: 413200 ns, At safepoint: 177700 ns, Total: 590900 ns
[2020-05-01T14:19:46.153+0000][1][gc,start     ] GC(78) Pause Young (Allocation Failure)
[2020-05-01T14:19:46.153+0000][1][gc,task      ] GC(78) Using 10 workers of 10 for evacuation
[2020-05-01T14:19:46.163+0000][1][gc,age       ] GC(78) Desired survivor size 8945664 bytes, new threshold 6 (max threshold 6)
[2020-05-01T14:19:46.163+0000][1][gc,age       ] GC(78) Age table with threshold 6 (max threshold 6)
[2020-05-01T14:19:46.163+0000][1][gc,age       ] GC(78) - age   1:      55072 bytes,      55072 total
[2020-05-01T14:19:46.163+0000][1][gc,age       ] GC(78) - age   3:       4072 bytes,      59144 total
[2020-05-01T14:19:46.163+0000][1][gc,age       ] GC(78) - age   5:        152 bytes,      59296 total
[2020-05-01T14:19:46.163+0000][1][gc,age       ] GC(78) - age   6:        632 bytes,      59928 total
[2020-05-01T14:19:46.163+0000][1][gc,heap      ] GC(78) ParNew: 139883K->76K(157248K)
[2020-05-01T14:19:46.163+0000][1][gc,heap      ] GC(78) CMS: 81348K->81350K(349568K)
[2020-05-01T14:19:46.163+0000][1][gc,metaspace ] GC(78) Metaspace: 95387K->95387K(1136640K)
[2020-05-01T14:19:46.163+0000][1][gc           ] GC(78) Pause Young (Allocation Failure) 216M->79M(494M) 10.658ms
[2020-05-01T14:19:46.163+0000][1][gc,cpu       ] GC(78) User=0.03s Sys=0.00s Real=0.01s
[2020-05-01T14:19:46.164+0000][1][safepoint    ] Safepoint "GenCollectForAllocation", Time since last: 3522928400 ns, Reaching safepoint: 383700 ns, At safepoint: 11254900 ns, Total: 11638600 ns
[2020-05-01T14:22:45.739+0000][1][gc,start     ] GC(79) Pause Young (Allocation Failure)
[2020-05-01T14:22:45.739+0000][1][gc,task      ] GC(79) Using 10 workers of 10 for evacuation
[2020-05-01T14:22:45.745+0000][1][gc,age       ] GC(79) Desired survivor size 8945664 bytes, new threshold 6 (max threshold 6)
[2020-05-01T14:22:45.745+0000][1][gc,age       ] GC(79) Age table with threshold 6 (max threshold 6)
[2020-05-01T14:22:45.745+0000][1][gc,age       ] GC(79) - age   1:      55136 bytes,      55136 total
[2020-05-01T14:22:45.745+0000][1][gc,age       ] GC(79) - age   2:       1616 bytes,      56752 total
[2020-05-01T14:22:45.745+0000][1][gc,age       ] GC(79) - age   4:       3568 bytes,      60320 total
[2020-05-01T14:22:45.745+0000][1][gc,heap      ] GC(79) ParNew: 139852K->71K(157248K)
[2020-05-01T14:22:45.745+0000][1][gc,heap      ] GC(79) CMS: 81350K->81351K(349568K)
[2020-05-01T14:22:45.745+0000][1][gc,metaspace ] GC(79) Metaspace: 95387K->95387K(1136640K)
[2020-05-01T14:22:45.745+0000][1][gc           ] GC(79) Pause Young (Allocation Failure) 216M->79M(494M) 5.578ms
[2020-05-01T14:22:45.745+0000][1][gc,cpu       ] GC(79) User=0.01s Sys=0.01s Real=0.00s
[2020-05-01T14:22:45.745+0000][1][safepoint    ] Safepoint "GenCollectForAllocation", Time since last: 179575127100 ns, Reaching safepoint: 236300 ns, At safepoint: 5757600 ns, Total: 5993900 ns
[2020-05-01T14:22:47.747+0000][1][safepoint    ] Safepoint "Cleanup", Time since last: 2001185800 ns, Reaching safepoint: 176800 ns, At safepoint: 90600 ns, Total: 267400 ns
[2020-05-01T14:24:31.798+0000][1][safepoint    ] Safepoint "Cleanup", Time since last: 104050574600 ns, Reaching safepoint: 274300 ns, At safepoint: 129100 ns, Total: 403400 ns
[2020-05-01T14:24:36.801+0000][1][safepoint    ] Safepoint "Cleanup", Time since last: 5002550800 ns, Reaching safepoint: 411700 ns, At safepoint: 219700 ns, Total: 631400 ns
[2020-05-01T14:25:43.925+0000][1][gc,start     ] GC(80) Pause Young (Allocation Failure)
[2020-05-01T14:25:43.925+0000][1][gc,task      ] GC(80) Using 10 workers of 10 for evacuation
[2020-05-01T14:25:43.934+0000][1][gc,age       ] GC(80) Desired survivor size 8945664 bytes, new threshold 6 (max threshold 6)
[2020-05-01T14:25:43.934+0000][1][gc,age       ] GC(80) Age table with threshold 6 (max threshold 6)
[2020-05-01T14:25:43.934+0000][1][gc,age       ] GC(80) - age   1:      53824 bytes,      53824 total
[2020-05-01T14:25:43.934+0000][1][gc,age       ] GC(80) - age   2:        688 bytes,      54512 total
[2020-05-01T14:25:43.934+0000][1][gc,age       ] GC(80) - age   3:       1616 bytes,      56128 total
[2020-05-01T14:25:43.934+0000][1][gc,age       ] GC(80) - age   5:       3568 bytes,      59696 total
[2020-05-01T14:25:43.934+0000][1][gc,heap      ] GC(80) ParNew: 139847K->73K(157248K)
[2020-05-01T14:25:43.934+0000][1][gc,heap      ] GC(80) CMS: 81351K->81351K(349568K)
[2020-05-01T14:25:43.934+0000][1][gc,metaspace ] GC(80) Metaspace: 95387K->95387K(1136640K)
[2020-05-01T14:25:43.934+0000][1][gc           ] GC(80) Pause Young (Allocation Failure) 216M->79M(494M) 8.979ms
[2020-05-01T14:25:43.934+0000][1][gc,cpu       ] GC(80) User=0.03s Sys=0.01s Real=0.01s
[2020-05-01T14:25:43.934+0000][1][safepoint    ] Safepoint "GenCollectForAllocation", Time since last: 67123920500 ns, Reaching safepoint: 416400 ns, At safepoint: 9374100 ns, Total: 9790500 ns
[2020-05-01T14:27:12.976+0000][1][safepoint    ] Safepoint "Cleanup", Time since last: 89040618000 ns, Reaching safepoint: 1022300 ns, At safepoint: 269000 ns, Total: 1291300 ns
[2020-05-01T14:28:42.196+0000][1][gc,start     ] GC(81) Pause Young (Allocation Failure)
[2020-05-01T14:28:42.196+0000][1][gc,task      ] GC(81) Using 10 workers of 10 for evacuation
[2020-05-01T14:28:42.200+0000][1][gc,age       ] GC(81) Desired survivor size 8945664 bytes, new threshold 6 (max threshold 6)
[2020-05-01T14:28:42.200+0000][1][gc,age       ] GC(81) Age table with threshold 6 (max threshold 6)
[2020-05-01T14:28:42.200+0000][1][gc,age       ] GC(81) - age   1:      58304 bytes,      58304 total
[2020-05-01T14:28:42.200+0000][1][gc,age       ] GC(81) - age   2:        168 bytes,      58472 total
[2020-05-01T14:28:42.200+0000][1][gc,age       ] GC(81) - age   3:        688 bytes,      59160 total
[2020-05-01T14:28:42.200+0000][1][gc,age       ] GC(81) - age   4:       1616 bytes,      60776 total
[2020-05-01T14:28:42.200+0000][1][gc,age       ] GC(81) - age   6:       3568 bytes,      64344 total
[2020-05-01T14:28:42.201+0000][1][gc,heap      ] GC(81) ParNew: 139849K->77K(157248K)
[2020-05-01T14:28:42.201+0000][1][gc,heap      ] GC(81) CMS: 81351K->81351K(349568K)
[2020-05-01T14:28:42.201+0000][1][gc,metaspace ] GC(81) Metaspace: 95387K->95387K(1136640K)
[2020-05-01T14:28:42.201+0000][1][gc           ] GC(81) Pause Young (Allocation Failure) 216M->79M(494M) 4.727ms
[2020-05-01T14:28:42.201+0000][1][gc,cpu       ] GC(81) User=0.00s Sys=0.01s Real=0.01s
[2020-05-01T14:28:42.201+0000][1][safepoint    ] Safepoint "GenCollectForAllocation", Time since last: 89219284600 ns, Reaching safepoint: 221100 ns, At safepoint: 4895000 ns, Total: 5116100 ns
[2020-05-01T14:30:18.239+0000][1][safepoint    ] Safepoint "Cleanup", Time since last: 96038023500 ns, Reaching safepoint: 250700 ns, At safepoint: 77600 ns, Total: 328300 ns
[2020-05-01T14:31:41.557+0000][1][gc,start     ] GC(82) Pause Young (Allocation Failure)
[2020-05-01T14:31:41.557+0000][1][gc,task      ] GC(82) Using 10 workers of 10 for evacuation
[2020-05-01T14:31:41.569+0000][1][gc,age       ] GC(82) Desired survivor size 8945664 bytes, new threshold 6 (max threshold 6)
[2020-05-01T14:31:41.569+0000][1][gc,age       ] GC(82) Age table with threshold 6 (max threshold 6)
[2020-05-01T14:31:41.569+0000][1][gc,age       ] GC(82) - age   1:      53976 bytes,      53976 total
[2020-05-01T14:31:41.569+0000][1][gc,age       ] GC(82) - age   2:         96 bytes,      54072 total
[2020-05-01T14:31:41.569+0000][1][gc,age       ] GC(82) - age   3:        168 bytes,      54240 total
[2020-05-01T14:31:41.569+0000][1][gc,age       ] GC(82) - age   4:        688 bytes,      54928 total
[2020-05-01T14:31:41.569+0000][1][gc,age       ] GC(82) - age   5:       1616 bytes,      56544 total
[2020-05-01T14:31:41.569+0000][1][gc,heap      ] GC(82) ParNew: 139853K->70K(157248K)
[2020-05-01T14:31:41.569+0000][1][gc,heap      ] GC(82) CMS: 81351K->81355K(349568K)
[2020-05-01T14:31:41.569+0000][1][gc,metaspace ] GC(82) Metaspace: 95397K->95397K(1136640K)
[2020-05-01T14:31:41.569+0000][1][gc           ] GC(82) Pause Young (Allocation Failure) 216M->79M(494M) 12.400ms
[2020-05-01T14:31:41.569+0000][1][gc,cpu       ] GC(82) User=0.03s Sys=0.01s Real=0.01s
[2020-05-01T14:31:41.569+0000][1][safepoint    ] Safepoint "GenCollectForAllocation", Time since last: 83316926200 ns, Reaching safepoint: 548900 ns, At safepoint: 12762900 ns, Total: 13311800 ns
[2020-05-01T14:31:52.575+0000][1][safepoint    ] Safepoint "Cleanup", Time since last: 11005638300 ns, Reaching safepoint: 190700 ns, At safepoint: 98300 ns, Total: 289000 ns
[2020-05-01T14:32:12.584+0000][1][safepoint    ] Safepoint "Cleanup", Time since last: 20008415600 ns, Reaching safepoint: 438400 ns, At safepoint: 333500 ns, Total: 771900 ns
[2020-05-01T14:32:58.608+0000][1][safepoint    ] Safepoint "Cleanup", Time since last: 46023326200 ns, Reaching safepoint: 224600 ns, At safepoint: 74000 ns, Total: 298600 ns
[2020-05-01T14:33:12.616+0000][1][safepoint    ] Safepoint "Cleanup", Time since last: 14006993000 ns, Reaching safepoint: 381400 ns, At safepoint: 347600 ns, Total: 729000 ns
[2020-05-01T14:33:31.625+0000][1][safepoint    ] Safepoint "Cleanup", Time since last: 19008546800 ns, Reaching safepoint: 180900 ns, At safepoint: 109300 ns, Total: 290200 ns
[2020-05-01T14:33:42.628+0000][1][safepoint    ] Safepoint "Cleanup", Time since last: 11002789400 ns, Reaching safepoint: 299800 ns, At safepoint: 246300 ns, Total: 546100 ns
[2020-05-01T14:33:53.634+0000][1][safepoint    ] Safepoint "Cleanup", Time since last: 11005251700 ns, Reaching safepoint: 331200 ns, At safepoint: 265500 ns, Total: 596700 ns
[2020-05-01T14:34:41.479+0000][1][gc,start     ] GC(83) Pause Young (Allocation Failure)
[2020-05-01T14:34:41.479+0000][1][gc,task      ] GC(83) Using 10 workers of 10 for evacuation
[2020-05-01T14:34:41.489+0000][1][gc,age       ] GC(83) Desired survivor size 8945664 bytes, new threshold 6 (max threshold 6)
[2020-05-01T14:34:41.489+0000][1][gc,age       ] GC(83) Age table with threshold 6 (max threshold 6)
[2020-05-01T14:34:41.489+0000][1][gc,age       ] GC(83) - age   1:      60296 bytes,      60296 total
[2020-05-01T14:34:41.489+0000][1][gc,age       ] GC(83) - age   2:        704 bytes,      61000 total
[2020-05-01T14:34:41.489+0000][1][gc,age       ] GC(83) - age   4:        168 bytes,      61168 total
[2020-05-01T14:34:41.489+0000][1][gc,age       ] GC(83) - age   5:        184 bytes,      61352 total
[2020-05-01T14:34:41.489+0000][1][gc,age       ] GC(83) - age   6:       1616 bytes,      62968 total
[2020-05-01T14:34:41.489+0000][1][gc,heap      ] GC(83) ParNew: 139846K->74K(157248K)
[2020-05-01T14:34:41.489+0000][1][gc,heap      ] GC(83) CMS: 81355K->81355K(349568K)
[2020-05-01T14:34:41.489+0000][1][gc,metaspace ] GC(83) Metaspace: 95458K->95458K(1136640K)
[2020-05-01T14:34:41.489+0000][1][gc           ] GC(83) Pause Young (Allocation Failure) 216M->79M(494M) 10.047ms
[2020-05-01T14:34:41.490+0000][1][gc,cpu       ] GC(83) User=0.02s Sys=0.02s Real=0.01s
[2020-05-01T14:34:41.490+0000][1][safepoint    ] Safepoint "GenCollectForAllocation", Time since last: 47845053400 ns, Reaching safepoint: 328200 ns, At safepoint: 10531500 ns, Total: 10859700 ns
[2020-05-01T14:34:54.496+0000][1][safepoint    ] Safepoint "Cleanup", Time since last: 13006630100 ns, Reaching safepoint: 117300 ns, At safepoint: 37200 ns, Total: 154500 ns
[2020-05-01T14:35:38.520+0000][1][safepoint    ] Safepoint "Cleanup", Time since last: 44023148400 ns, Reaching safepoint: 444100 ns, At safepoint: 230900 ns, Total: 675000 ns
[2020-05-01T14:36:52.575+0000][1][safepoint    ] Safepoint "Deoptimize", Time since last: 74051285400 ns, Reaching safepoint: 387200 ns, At safepoint: 2640500 ns, Total: 3027700 ns
[2020-05-01T14:37:41.397+0000][1][gc,start     ] GC(84) Pause Young (Allocation Failure)
[2020-05-01T14:37:41.397+0000][1][gc,task      ] GC(84) Using 10 workers of 10 for evacuation
[2020-05-01T14:37:41.399+0000][1][gc,age       ] GC(84) Desired survivor size 8945664 bytes, new threshold 6 (max threshold 6)
[2020-05-01T14:37:41.399+0000][1][gc,age       ] GC(84) Age table with threshold 6 (max threshold 6)
[2020-05-01T14:37:41.399+0000][1][gc,age       ] GC(84) - age   1:      54176 bytes,      54176 total
[2020-05-01T14:37:41.399+0000][1][gc,age       ] GC(84) - age   2:       5528 bytes,      59704 total
[2020-05-01T14:37:41.399+0000][1][gc,age       ] GC(84) - age   3:        728 bytes,      60432 total
[2020-05-01T14:37:41.399+0000][1][gc,age       ] GC(84) - age   5:        168 bytes,      60600 total
[2020-05-01T14:37:41.399+0000][1][gc,age       ] GC(84) - age   6:         32 bytes,      60632 total
[2020-05-01T14:37:41.399+0000][1][gc,heap      ] GC(84) ParNew: 139824K->71K(157248K)
[2020-05-01T14:37:41.399+0000][1][gc,heap      ] GC(84) CMS: 81355K->81356K(349568K)
[2020-05-01T14:37:41.399+0000][1][gc,metaspace ] GC(84) Metaspace: 95460K->95460K(1136640K)
[2020-05-01T14:37:41.399+0000][1][gc           ] GC(84) Pause Young (Allocation Failure) 215M->79M(494M) 2.107ms
[2020-05-01T14:37:41.399+0000][1][gc,cpu       ] GC(84) User=0.00s Sys=0.00s Real=0.00s
[2020-05-01T14:37:41.399+0000][1][safepoint    ] Safepoint "GenCollectForAllocation", Time since last: 48822297500 ns, Reaching safepoint: 130700 ns, At safepoint: 2183000 ns, Total: 2313700 ns
[2020-05-01T14:38:05.412+0000][1][safepoint    ] Safepoint "Cleanup", Time since last: 24012454300 ns, Reaching safepoint: 158100 ns, At safepoint: 65500 ns, Total: 223600 ns
[2020-05-01T14:38:18.419+0000][1][safepoint    ] Safepoint "Cleanup", Time since last: 13007011800 ns, Reaching safepoint: 128800 ns, At safepoint: 78100 ns, Total: 206900 ns
[2020-05-01T14:39:48.465+0000][1][safepoint    ] Safepoint "Cleanup", Time since last: 90044854100 ns, Reaching safepoint: 406400 ns, At safepoint: 197100 ns, Total: 603500 ns
[2020-05-01T14:40:02.473+0000][1][safepoint    ] Safepoint "Cleanup", Time since last: 14007885500 ns, Reaching safepoint: 141500 ns, At safepoint: 57700 ns, Total: 199200 ns
[2020-05-01T14:40:07.476+0000][1][safepoint    ] Safepoint "Cleanup", Time since last: 5002875000 ns, Reaching safepoint: 209500 ns, At safepoint: 70900 ns, Total: 280400 ns
[2020-05-01T14:40:36.871+0000][1][gc,start     ] GC(85) Pause Young (Allocation Failure)
[2020-05-01T14:40:36.871+0000][1][gc,task      ] GC(85) Using 10 workers of 10 for evacuation
[2020-05-01T14:40:36.876+0000][1][gc,age       ] GC(85) Desired survivor size 8945664 bytes, new threshold 6 (max threshold 6)
[2020-05-01T14:40:36.876+0000][1][gc,age       ] GC(85) Age table with threshold 6 (max threshold 6)
[2020-05-01T14:40:36.876+0000][1][gc,age       ] GC(85) - age   1:      53736 bytes,      53736 total
[2020-05-01T14:40:36.876+0000][1][gc,age       ] GC(85) - age   2:        640 bytes,      54376 total
[2020-05-01T14:40:36.876+0000][1][gc,age       ] GC(85) - age   3:       5528 bytes,      59904 total
[2020-05-01T14:40:36.876+0000][1][gc,age       ] GC(85) - age   4:        704 bytes,      60608 total
[2020-05-01T14:40:36.876+0000][1][gc,age       ] GC(85) - age   6:        168 bytes,      60776 total
[2020-05-01T14:40:36.876+0000][1][gc,heap      ] GC(85) ParNew: 139847K->76K(157248K)
[2020-05-01T14:40:36.876+0000][1][gc,heap      ] GC(85) CMS: 81356K->81356K(349568K)
[2020-05-01T14:40:36.876+0000][1][gc,metaspace ] GC(85) Metaspace: 95462K->95462K(1136640K)
[2020-05-01T14:40:36.876+0000][1][gc           ] GC(85) Pause Young (Allocation Failure) 216M->79M(494M) 5.236ms
[2020-05-01T14:40:36.876+0000][1][gc,cpu       ] GC(85) User=0.02s Sys=0.00s Real=0.00s
[2020-05-01T14:40:36.876+0000][1][safepoint    ] Safepoint "GenCollectForAllocation", Time since last: 29394322800 ns, Reaching safepoint: 508000 ns, At safepoint: 5352700 ns, Total: 5860700 ns
[2020-05-01T14:43:21.952+0000][1][safepoint    ] Safepoint "Cleanup", Time since last: 165075926000 ns, Reaching safepoint: 153200 ns, At safepoint: 62100 ns, Total: 215300 ns
[2020-05-01T14:43:37.047+0000][1][gc,start     ] GC(86) Pause Young (Allocation Failure)
[2020-05-01T14:43:37.047+0000][1][gc,task      ] GC(86) Using 10 workers of 10 for evacuation
[2020-05-01T14:43:37.049+0000][1][gc,age       ] GC(86) Desired survivor size 8945664 bytes, new threshold 6 (max threshold 6)
[2020-05-01T14:43:37.049+0000][1][gc,age       ] GC(86) Age table with threshold 6 (max threshold 6)
[2020-05-01T14:43:37.049+0000][1][gc,age       ] GC(86) - age   1:      55384 bytes,      55384 total
[2020-05-01T14:43:37.049+0000][1][gc,age       ] GC(86) - age   2:        208 bytes,      55592 total
[2020-05-01T14:43:37.049+0000][1][gc,age       ] GC(86) - age   3:        640 bytes,      56232 total
[2020-05-01T14:43:37.049+0000][1][gc,age       ] GC(86) - age   4:       5024 bytes,      61256 total
[2020-05-01T14:43:37.049+0000][1][gc,age       ] GC(86) - age   5:        704 bytes,      61960 total
[2020-05-01T14:43:37.049+0000][1][gc,heap      ] GC(86) ParNew: 139852K->73K(157248K)
[2020-05-01T14:43:37.049+0000][1][gc,heap      ] GC(86) CMS: 81356K->81356K(349568K)
[2020-05-01T14:43:37.049+0000][1][gc,metaspace ] GC(86) Metaspace: 95462K->95462K(1136640K)
[2020-05-01T14:43:37.049+0000][1][gc           ] GC(86) Pause Young (Allocation Failure) 216M->79M(494M) 2.507ms
[2020-05-01T14:43:37.049+0000][1][gc,cpu       ] GC(86) User=0.00s Sys=0.00s Real=0.00s
[2020-05-01T14:43:37.049+0000][1][safepoint    ] Safepoint "GenCollectForAllocation", Time since last: 15094560200 ns, Reaching safepoint: 156700 ns, At safepoint: 2615200 ns, Total: 2771900 ns
[2020-05-01T14:43:53.057+0000][1][safepoint    ] Safepoint "Cleanup", Time since last: 16007167200 ns, Reaching safepoint: 413300 ns, At safepoint: 219300 ns, Total: 632600 ns
[2020-05-01T14:44:11.068+0000][1][safepoint    ] Safepoint "Cleanup", Time since last: 18009991700 ns, Reaching safepoint: 282400 ns, At safepoint: 178500 ns, Total: 460900 ns
[2020-05-01T14:46:37.238+0000][1][gc,start     ] GC(87) Pause Young (Allocation Failure)
[2020-05-01T14:46:37.238+0000][1][gc,task      ] GC(87) Using 10 workers of 10 for evacuation
[2020-05-01T14:46:37.249+0000][1][gc,age       ] GC(87) Desired survivor size 8945664 bytes, new threshold 6 (max threshold 6)
[2020-05-01T14:46:37.249+0000][1][gc,age       ] GC(87) Age table with threshold 6 (max threshold 6)
[2020-05-01T14:46:37.249+0000][1][gc,age       ] GC(87) - age   1:      55264 bytes,      55264 total
[2020-05-01T14:46:37.249+0000][1][gc,age       ] GC(87) - age   2:        536 bytes,      55800 total
[2020-05-01T14:46:37.249+0000][1][gc,age       ] GC(87) - age   3:        208 bytes,      56008 total
[2020-05-01T14:46:37.249+0000][1][gc,age       ] GC(87) - age   4:        640 bytes,      56648 total
[2020-05-01T14:46:37.249+0000][1][gc,age       ] GC(87) - age   5:       5024 bytes,      61672 total
[2020-05-01T14:46:37.249+0000][1][gc,age       ] GC(87) - age   6:        704 bytes,      62376 total
[2020-05-01T14:46:37.249+0000][1][gc,heap      ] GC(87) ParNew: 139849K->80K(157248K)
[2020-05-01T14:46:37.249+0000][1][gc,heap      ] GC(87) CMS: 81356K->81356K(349568K)
[2020-05-01T14:46:37.249+0000][1][gc,metaspace ] GC(87) Metaspace: 95463K->95463K(1136640K)
[2020-05-01T14:46:37.250+0000][1][gc           ] GC(87) Pause Young (Allocation Failure) 216M->79M(494M) 11.935ms
[2020-05-01T14:46:37.250+0000][1][gc,cpu       ] GC(87) User=0.02s Sys=0.02s Real=0.01s
[2020-05-01T14:46:37.250+0000][1][safepoint    ] Safepoint "GenCollectForAllocation", Time since last: 146169446700 ns, Reaching safepoint: 387000 ns, At safepoint: 12524800 ns, Total: 12911800 ns
[2020-05-01T14:48:31.297+0000][1][safepoint    ] Safepoint "Cleanup", Time since last: 114046736400 ns, Reaching safepoint: 172700 ns, At safepoint: 78400 ns, Total: 251100 ns
[2020-05-01T14:49:36.634+0000][1][gc,start     ] GC(88) Pause Young (Allocation Failure)
[2020-05-01T14:49:36.634+0000][1][gc,task      ] GC(88) Using 10 workers of 10 for evacuation
[2020-05-01T14:49:36.637+0000][1][gc,age       ] GC(88) Desired survivor size 8945664 bytes, new threshold 6 (max threshold 6)
[2020-05-01T14:49:36.637+0000][1][gc,age       ] GC(88) Age table with threshold 6 (max threshold 6)
[2020-05-01T14:49:36.637+0000][1][gc,age       ] GC(88) - age   1:      56104 bytes,      56104 total
[2020-05-01T14:49:36.637+0000][1][gc,age       ] GC(88) - age   2:        800 bytes,      56904 total
[2020-05-01T14:49:36.637+0000][1][gc,age       ] GC(88) - age   3:        536 bytes,      57440 total
[2020-05-01T14:49:36.637+0000][1][gc,age       ] GC(88) - age   4:        208 bytes,      57648 total
[2020-05-01T14:49:36.637+0000][1][gc,age       ] GC(88) - age   5:        640 bytes,      58288 total
[2020-05-01T14:49:36.637+0000][1][gc,age       ] GC(88) - age   6:       5024 bytes,      63312 total
[2020-05-01T14:49:36.637+0000][1][gc,heap      ] GC(88) ParNew: 139820K->78K(157248K)
[2020-05-01T14:49:36.637+0000][1][gc,heap      ] GC(88) CMS: 81356K->81357K(349568K)
[2020-05-01T14:49:36.637+0000][1][gc,metaspace ] GC(88) Metaspace: 95463K->95463K(1136640K)
[2020-05-01T14:49:36.637+0000][1][gc           ] GC(88) Pause Young (Allocation Failure) 215M->79M(494M) 2.888ms
[2020-05-01T14:49:36.637+0000][1][gc,cpu       ] GC(88) User=0.00s Sys=0.01s Real=0.01s
[2020-05-01T14:49:36.637+0000][1][safepoint    ] Safepoint "GenCollectForAllocation", Time since last: 65336930200 ns, Reaching safepoint: 125200 ns, At safepoint: 2968000 ns, Total: 3093200 ns
[2020-05-01T14:49:41.641+0000][1][safepoint    ] Safepoint "Cleanup", Time since last: 5003108200 ns, Reaching safepoint: 303100 ns, At safepoint: 161600 ns, Total: 464700 ns
[2020-05-01T14:49:54.648+0000][1][safepoint    ] Safepoint "Cleanup", Time since last: 13006508000 ns, Reaching safepoint: 391300 ns, At safepoint: 225700 ns, Total: 617000 ns
[2020-05-01T14:52:34.823+0000][1][gc,start     ] GC(89) Pause Young (Allocation Failure)
[2020-05-01T14:52:34.823+0000][1][gc,task      ] GC(89) Using 10 workers of 10 for evacuation
[2020-05-01T14:52:34.832+0000][1][gc,age       ] GC(89) Desired survivor size 8945664 bytes, new threshold 6 (max threshold 6)
[2020-05-01T14:52:34.832+0000][1][gc,age       ] GC(89) Age table with threshold 6 (max threshold 6)
[2020-05-01T14:52:34.832+0000][1][gc,age       ] GC(89) - age   1:      53880 bytes,      53880 total
[2020-05-01T14:52:34.832+0000][1][gc,age       ] GC(89) - age   2:       2328 bytes,      56208 total
[2020-05-01T14:52:34.832+0000][1][gc,age       ] GC(89) - age   3:        800 bytes,      57008 total
[2020-05-01T14:52:34.832+0000][1][gc,age       ] GC(89) - age   4:         32 bytes,      57040 total
[2020-05-01T14:52:34.832+0000][1][gc,age       ] GC(89) - age   5:        208 bytes,      57248 total
[2020-05-01T14:52:34.832+0000][1][gc,age       ] GC(89) - age   6:        488 bytes,      57736 total
[2020-05-01T14:52:34.832+0000][1][gc,heap      ] GC(89) ParNew: 139836K->73K(157248K)
[2020-05-01T14:52:34.832+0000][1][gc,heap      ] GC(89) CMS: 81357K->81362K(349568K)
[2020-05-01T14:52:34.832+0000][1][gc,metaspace ] GC(89) Metaspace: 95464K->95464K(1136640K)
[2020-05-01T14:52:34.832+0000][1][gc           ] GC(89) Pause Young (Allocation Failure) 216M->79M(494M) 9.409ms
[2020-05-01T14:52:34.832+0000][1][gc,cpu       ] GC(89) User=0.00s Sys=0.03s Real=0.01s
[2020-05-01T14:52:34.832+0000][1][safepoint    ] Safepoint "GenCollectForAllocation", Time since last: 160174584300 ns, Reaching safepoint: 348800 ns, At safepoint: 9713400 ns, Total: 10062200 ns
[2020-05-01T14:55:33.653+0000][1][gc,start     ] GC(90) Pause Young (Allocation Failure)
[2020-05-01T14:55:33.653+0000][1][gc,task      ] GC(90) Using 10 workers of 10 for evacuation
[2020-05-01T14:55:33.658+0000][1][gc,age       ] GC(90) Desired survivor size 8945664 bytes, new threshold 6 (max threshold 6)
[2020-05-01T14:55:33.658+0000][1][gc,age       ] GC(90) Age table with threshold 6 (max threshold 6)
[2020-05-01T14:55:33.658+0000][1][gc,age       ] GC(90) - age   1:      54376 bytes,      54376 total
[2020-05-01T14:55:33.658+0000][1][gc,age       ] GC(90) - age   2:        688 bytes,      55064 total
[2020-05-01T14:55:33.658+0000][1][gc,age       ] GC(90) - age   3:       2328 bytes,      57392 total
[2020-05-01T14:55:33.658+0000][1][gc,age       ] GC(90) - age   4:        800 bytes,      58192 total
[2020-05-01T14:55:33.658+0000][1][gc,age       ] GC(90) - age   5:         32 bytes,      58224 total
[2020-05-01T14:55:33.658+0000][1][gc,age       ] GC(90) - age   6:        208 bytes,      58432 total
[2020-05-01T14:55:33.658+0000][1][gc,heap      ] GC(90) ParNew: 139849K->69K(157248K)
[2020-05-01T14:55:33.658+0000][1][gc,heap      ] GC(90) CMS: 81362K->81362K(349568K)
[2020-05-01T14:55:33.658+0000][1][gc,metaspace ] GC(90) Metaspace: 95464K->95464K(1136640K)
[2020-05-01T14:55:33.658+0000][1][gc           ] GC(90) Pause Young (Allocation Failure) 216M->79M(494M) 4.787ms
[2020-05-01T14:55:33.658+0000][1][gc,cpu       ] GC(90) User=0.00s Sys=0.01s Real=0.01s
[2020-05-01T14:55:33.658+0000][1][safepoint    ] Safepoint "GenCollectForAllocation", Time since last: 178820387300 ns, Reaching safepoint: 188700 ns, At safepoint: 4988900 ns, Total: 5177600 ns
[2020-05-01T14:58:32.912+0000][1][gc,start     ] GC(91) Pause Young (Allocation Failure)
[2020-05-01T14:58:32.912+0000][1][gc,task      ] GC(91) Using 10 workers of 10 for evacuation
[2020-05-01T14:58:32.922+0000][1][gc,age       ] GC(91) Desired survivor size 8945664 bytes, new threshold 6 (max threshold 6)
[2020-05-01T14:58:32.922+0000][1][gc,age       ] GC(91) Age table with threshold 6 (max threshold 6)
[2020-05-01T14:58:32.922+0000][1][gc,age       ] GC(91) - age   1:      54848 bytes,      54848 total
[2020-05-01T14:58:32.922+0000][1][gc,age       ] GC(91) - age   2:        520 bytes,      55368 total
[2020-05-01T14:58:32.922+0000][1][gc,age       ] GC(91) - age   3:        688 bytes,      56056 total
[2020-05-01T14:58:32.922+0000][1][gc,age       ] GC(91) - age   4:       2328 bytes,      58384 total
[2020-05-01T14:58:32.922+0000][1][gc,age       ] GC(91) - age   5:        800 bytes,      59184 total
[2020-05-01T14:58:32.922+0000][1][gc,age       ] GC(91) - age   6:         32 bytes,      59216 total
[2020-05-01T14:58:32.922+0000][1][gc,heap      ] GC(91) ParNew: 139845K->68K(157248K)
[2020-05-01T14:58:32.922+0000][1][gc,heap      ] GC(91) CMS: 81362K->81363K(349568K)
[2020-05-01T14:58:32.922+0000][1][gc,metaspace ] GC(91) Metaspace: 95464K->95464K(1136640K)
[2020-05-01T14:58:32.923+0000][1][gc           ] GC(91) Pause Young (Allocation Failure) 216M->79M(494M) 10.338ms
[2020-05-01T14:58:32.923+0000][1][gc,cpu       ] GC(91) User=0.02s Sys=0.02s Real=0.01s
[2020-05-01T14:58:32.923+0000][1][safepoint    ] Safepoint "GenCollectForAllocation", Time since last: 179253699000 ns, Reaching safepoint: 420400 ns, At safepoint: 10793400 ns, Total: 11213800 ns
[2020-05-01T14:58:59.935+0000][1][safepoint    ] Safepoint "Cleanup", Time since last: 27011231500 ns, Reaching safepoint: 440200 ns, At safepoint: 209800 ns, Total: 650000 ns
[2020-05-01T15:00:19.975+0000][1][safepoint    ] Safepoint "Cleanup", Time since last: 80038941100 ns, Reaching safepoint: 577300 ns, At safepoint: 208600 ns, Total: 785900 ns
[2020-05-01T15:00:23.978+0000][1][safepoint    ] Safepoint "Cleanup", Time since last: 4003068500 ns, Reaching safepoint: 274200 ns, At safepoint: 97000 ns, Total: 371200 ns
[2020-05-01T15:01:32.015+0000][1][gc,start     ] GC(92) Pause Young (Allocation Failure)
[2020-05-01T15:01:32.015+0000][1][gc,task      ] GC(92) Using 10 workers of 10 for evacuation
[2020-05-01T15:01:32.025+0000][1][gc,age       ] GC(92) Desired survivor size 8945664 bytes, new threshold 6 (max threshold 6)
[2020-05-01T15:01:32.025+0000][1][gc,age       ] GC(92) Age table with threshold 6 (max threshold 6)
[2020-05-01T15:01:32.025+0000][1][gc,age       ] GC(92) - age   1:     134504 bytes,     134504 total
[2020-05-01T15:01:32.025+0000][1][gc,age       ] GC(92) - age   3:        632 bytes,     135136 total
[2020-05-01T15:01:32.025+0000][1][gc,age       ] GC(92) - age   4:        688 bytes,     135824 total
[2020-05-01T15:01:32.025+0000][1][gc,age       ] GC(92) - age   5:       2328 bytes,     138152 total
[2020-05-01T15:01:32.025+0000][1][gc,age       ] GC(92) - age   6:        800 bytes,     138952 total
[2020-05-01T15:01:32.025+0000][1][gc,heap      ] GC(92) ParNew: 139844K->144K(157248K)
[2020-05-01T15:01:32.025+0000][1][gc,heap      ] GC(92) CMS: 81363K->81363K(349568K)
[2020-05-01T15:01:32.025+0000][1][gc,metaspace ] GC(92) Metaspace: 95464K->95464K(1136640K)
[2020-05-01T15:01:32.025+0000][1][gc           ] GC(92) Pause Young (Allocation Failure) 216M->79M(494M) 10.154ms
[2020-05-01T15:01:32.025+0000][1][gc,cpu       ] GC(92) User=0.03s Sys=0.02s Real=0.01s
[2020-05-01T15:01:32.026+0000][1][safepoint    ] Safepoint "GenCollectForAllocation", Time since last: 68036786300 ns, Reaching safepoint: 348200 ns, At safepoint: 10628800 ns, Total: 10977000 ns
[2020-05-01T15:04:29.063+0000][1][gc,start     ] GC(93) Pause Young (Allocation Failure)
[2020-05-01T15:04:29.063+0000][1][gc,task      ] GC(93) Using 10 workers of 10 for evacuation
[2020-05-01T15:04:29.066+0000][1][gc,age       ] GC(93) Desired survivor size 8945664 bytes, new threshold 6 (max threshold 6)
[2020-05-01T15:04:29.066+0000][1][gc,age       ] GC(93) Age table with threshold 6 (max threshold 6)
[2020-05-01T15:04:29.066+0000][1][gc,age       ] GC(93) - age   1:     123896 bytes,     123896 total
[2020-05-01T15:04:29.066+0000][1][gc,age       ] GC(93) - age   2:        240 bytes,     124136 total
[2020-05-01T15:04:29.066+0000][1][gc,age       ] GC(93) - age   4:        520 bytes,     124656 total
[2020-05-01T15:04:29.066+0000][1][gc,age       ] GC(93) - age   5:        184 bytes,     124840 total
[2020-05-01T15:04:29.066+0000][1][gc,age       ] GC(93) - age   6:       2328 bytes,     127168 total
[2020-05-01T15:04:29.067+0000][1][gc,heap      ] GC(93) ParNew: 139920K->158K(157248K)
[2020-05-01T15:04:29.067+0000][1][gc,heap      ] GC(93) CMS: 81363K->81363K(349568K)
[2020-05-01T15:04:29.067+0000][1][gc,metaspace ] GC(93) Metaspace: 95464K->95464K(1136640K)
[2020-05-01T15:04:29.067+0000][1][gc           ] GC(93) Pause Young (Allocation Failure) 216M->79M(494M) 3.638ms
[2020-05-01T15:04:29.067+0000][1][gc,cpu       ] GC(93) User=0.01s Sys=0.00s Real=0.01s
[2020-05-01T15:04:29.067+0000][1][safepoint    ] Safepoint "GenCollectForAllocation", Time since last: 177036993000 ns, Reaching safepoint: 174200 ns, At safepoint: 3761300 ns, Total: 3935500 ns
[2020-05-01T15:04:41.073+0000][1][safepoint    ] Safepoint "Cleanup", Time since last: 12005775700 ns, Reaching safepoint: 458700 ns, At safepoint: 198600 ns, Total: 657300 ns
[2020-05-01T15:07:28.509+0000][1][gc,start     ] GC(94) Pause Young (Allocation Failure)
[2020-05-01T15:07:28.509+0000][1][gc,task      ] GC(94) Using 10 workers of 10 for evacuation
[2020-05-01T15:07:28.515+0000][1][gc,age       ] GC(94) Desired survivor size 8945664 bytes, new threshold 6 (max threshold 6)
[2020-05-01T15:07:28.515+0000][1][gc,age       ] GC(94) Age table with threshold 6 (max threshold 6)
[2020-05-01T15:07:28.515+0000][1][gc,age       ] GC(94) - age   1:      53712 bytes,      53712 total
[2020-05-01T15:07:28.516+0000][1][gc,age       ] GC(94) - age   2:        536 bytes,      54248 total
[2020-05-01T15:07:28.516+0000][1][gc,age       ] GC(94) - age   3:        240 bytes,      54488 total
[2020-05-01T15:07:28.516+0000][1][gc,age       ] GC(94) - age   5:        520 bytes,      55008 total
[2020-05-01T15:07:28.516+0000][1][gc,age       ] GC(94) - age   6:         32 bytes,      55040 total
[2020-05-01T15:07:28.516+0000][1][gc,heap      ] GC(94) ParNew: 139934K->121K(157248K)
[2020-05-01T15:07:28.516+0000][1][gc,heap      ] GC(94) CMS: 81363K->81366K(349568K)
[2020-05-01T15:07:28.516+0000][1][gc,metaspace ] GC(94) Metaspace: 95464K->95464K(1136640K)
[2020-05-01T15:07:28.516+0000][1][gc           ] GC(94) Pause Young (Allocation Failure) 216M->79M(494M) 6.872ms
[2020-05-01T15:07:28.516+0000][1][gc,cpu       ] GC(94) User=0.02s Sys=0.00s Real=0.00s
[2020-05-01T15:07:28.516+0000][1][safepoint    ] Safepoint "GenCollectForAllocation", Time since last: 167435377600 ns, Reaching safepoint: 280700 ns, At safepoint: 7204000 ns, Total: 7484700 ns
[2020-05-01T15:10:28.696+0000][1][gc,start     ] GC(95) Pause Young (Allocation Failure)
[2020-05-01T15:10:28.696+0000][1][gc,task      ] GC(95) Using 10 workers of 10 for evacuation
[2020-05-01T15:10:28.698+0000][1][gc,age       ] GC(95) Desired survivor size 8945664 bytes, new threshold 6 (max threshold 6)
[2020-05-01T15:10:28.698+0000][1][gc,age       ] GC(95) Age table with threshold 6 (max threshold 6)
[2020-05-01T15:10:28.698+0000][1][gc,age       ] GC(95) - age   1:      55464 bytes,      55464 total
[2020-05-01T15:10:28.698+0000][1][gc,age       ] GC(95) - age   2:        456 bytes,      55920 total
[2020-05-01T15:10:28.698+0000][1][gc,age       ] GC(95) - age   3:        536 bytes,      56456 total
[2020-05-01T15:10:28.698+0000][1][gc,age       ] GC(95) - age   4:        240 bytes,      56696 total
[2020-05-01T15:10:28.698+0000][1][gc,age       ] GC(95) - age   6:        520 bytes,      57216 total
[2020-05-01T15:10:28.698+0000][1][gc,heap      ] GC(95) ParNew: 139897K->72K(157248K)
[2020-05-01T15:10:28.698+0000][1][gc,heap      ] GC(95) CMS: 81366K->81366K(349568K)
[2020-05-01T15:10:28.698+0000][1][gc,metaspace ] GC(95) Metaspace: 95464K->95464K(1136640K)
[2020-05-01T15:10:28.698+0000][1][gc           ] GC(95) Pause Young (Allocation Failure) 216M->79M(494M) 2.838ms
[2020-05-01T15:10:28.698+0000][1][gc,cpu       ] GC(95) User=0.01s Sys=0.00s Real=0.01s
[2020-05-01T15:10:28.698+0000][1][safepoint    ] Safepoint "GenCollectForAllocation", Time since last: 180179452500 ns, Reaching safepoint: 139900 ns, At safepoint: 2925700 ns, Total: 3065600 ns
[2020-05-01T15:10:53.711+0000][1][safepoint    ] Safepoint "Cleanup", Time since last: 25012040600 ns, Reaching safepoint: 434200 ns, At safepoint: 134500 ns, Total: 568700 ns
[2020-05-01T15:13:28.897+0000][1][gc,start     ] GC(96) Pause Young (Allocation Failure)
[2020-05-01T15:13:28.897+0000][1][gc,task      ] GC(96) Using 10 workers of 10 for evacuation
[2020-05-01T15:13:28.905+0000][1][gc,age       ] GC(96) Desired survivor size 8945664 bytes, new threshold 6 (max threshold 6)
[2020-05-01T15:13:28.905+0000][1][gc,age       ] GC(96) Age table with threshold 6 (max threshold 6)
[2020-05-01T15:13:28.905+0000][1][gc,age       ] GC(96) - age   1:      55360 bytes,      55360 total
[2020-05-01T15:13:28.905+0000][1][gc,age       ] GC(96) - age   2:        520 bytes,      55880 total
[2020-05-01T15:13:28.905+0000][1][gc,age       ] GC(96) - age   3:        456 bytes,      56336 total
[2020-05-01T15:13:28.905+0000][1][gc,age       ] GC(96) - age   4:         32 bytes,      56368 total
[2020-05-01T15:13:28.905+0000][1][gc,age       ] GC(96) - age   5:        240 bytes,      56608 total
[2020-05-01T15:13:28.905+0000][1][gc,heap      ] GC(96) ParNew: 139848K->67K(157248K)
[2020-05-01T15:13:28.905+0000][1][gc,heap      ] GC(96) CMS: 81366K->81366K(349568K)
[2020-05-01T15:13:28.905+0000][1][gc,metaspace ] GC(96) Metaspace: 95464K->95464K(1136640K)
[2020-05-01T15:13:28.905+0000][1][gc           ] GC(96) Pause Young (Allocation Failure) 216M->79M(494M) 8.003ms
[2020-05-01T15:13:28.905+0000][1][gc,cpu       ] GC(96) User=0.03s Sys=0.01s Real=0.00s
[2020-05-01T15:13:28.905+0000][1][safepoint    ] Safepoint "GenCollectForAllocation", Time since last: 155185270800 ns, Reaching safepoint: 507800 ns, At safepoint: 8478800 ns, Total: 8986600 ns
[2020-05-01T15:16:29.092+0000][1][gc,start     ] GC(97) Pause Young (Allocation Failure)
[2020-05-01T15:16:29.092+0000][1][gc,task      ] GC(97) Using 10 workers of 10 for evacuation
[2020-05-01T15:16:29.095+0000][1][gc,age       ] GC(97) Desired survivor size 8945664 bytes, new threshold 6 (max threshold 6)
[2020-05-01T15:16:29.095+0000][1][gc,age       ] GC(97) Age table with threshold 6 (max threshold 6)
[2020-05-01T15:16:29.095+0000][1][gc,age       ] GC(97) - age   1:      53624 bytes,      53624 total
[2020-05-01T15:16:29.095+0000][1][gc,age       ] GC(97) - age   2:        536 bytes,      54160 total
[2020-05-01T15:16:29.095+0000][1][gc,age       ] GC(97) - age   3:        520 bytes,      54680 total
[2020-05-01T15:16:29.095+0000][1][gc,age       ] GC(97) - age   4:        456 bytes,      55136 total
[2020-05-01T15:16:29.095+0000][1][gc,age       ] GC(97) - age   5:         32 bytes,      55168 total
[2020-05-01T15:16:29.095+0000][1][gc,age       ] GC(97) - age   6:        240 bytes,      55408 total
[2020-05-01T15:16:29.095+0000][1][gc,heap      ] GC(97) ParNew: 139843K->64K(157248K)
[2020-05-01T15:16:29.095+0000][1][gc,heap      ] GC(97) CMS: 81366K->81366K(349568K)
[2020-05-01T15:16:29.095+0000][1][gc,metaspace ] GC(97) Metaspace: 95464K->95464K(1136640K)
[2020-05-01T15:16:29.095+0000][1][gc           ] GC(97) Pause Young (Allocation Failure) 216M->79M(494M) 3.521ms
[2020-05-01T15:16:29.095+0000][1][gc,cpu       ] GC(97) User=0.01s Sys=0.00s Real=0.00s
[2020-05-01T15:16:29.095+0000][1][safepoint    ] Safepoint "GenCollectForAllocation", Time since last: 180186277500 ns, Reaching safepoint: 180600 ns, At safepoint: 3636000 ns, Total: 3816600 ns
[2020-05-01T15:19:26.762+0000][1][gc,start     ] GC(98) Pause Young (Allocation Failure)
[2020-05-01T15:19:26.762+0000][1][gc,task      ] GC(98) Using 10 workers of 10 for evacuation
[2020-05-01T15:19:26.766+0000][1][gc,age       ] GC(98) Desired survivor size 8945664 bytes, new threshold 6 (max threshold 6)
[2020-05-01T15:19:26.766+0000][1][gc,age       ] GC(98) Age table with threshold 6 (max threshold 6)
[2020-05-01T15:19:26.766+0000][1][gc,age       ] GC(98) - age   1:      53952 bytes,      53952 total
[2020-05-01T15:19:26.766+0000][1][gc,age       ] GC(98) - age   3:        536 bytes,      54488 total
[2020-05-01T15:19:26.766+0000][1][gc,age       ] GC(98) - age   4:        520 bytes,      55008 total
[2020-05-01T15:19:26.766+0000][1][gc,age       ] GC(98) - age   5:        456 bytes,      55464 total
[2020-05-01T15:19:26.766+0000][1][gc,age       ] GC(98) - age   6:         32 bytes,      55496 total
[2020-05-01T15:19:26.766+0000][1][gc,heap      ] GC(98) ParNew: 139835K->67K(157248K)
[2020-05-01T15:19:26.766+0000][1][gc,heap      ] GC(98) CMS: 81366K->81366K(349568K)
[2020-05-01T15:19:26.766+0000][1][gc,metaspace ] GC(98) Metaspace: 95464K->95464K(1136640K)
[2020-05-01T15:19:26.766+0000][1][gc           ] GC(98) Pause Young (Allocation Failure) 216M->79M(494M) 4.687ms
[2020-05-01T15:19:26.766+0000][1][gc,cpu       ] GC(98) User=0.01s Sys=0.00s Real=0.01s
[2020-05-01T15:19:26.767+0000][1][safepoint    ] Safepoint "GenCollectForAllocation", Time since last: 177666061500 ns, Reaching safepoint: 239500 ns, At safepoint: 4850500 ns, Total: 5090000 ns
[2020-05-01T15:22:24.558+0000][1][gc,start     ] GC(99) Pause Young (Allocation Failure)
[2020-05-01T15:22:24.559+0000][1][gc,task      ] GC(99) Using 10 workers of 10 for evacuation
[2020-05-01T15:22:24.568+0000][1][gc,age       ] GC(99) Desired survivor size 8945664 bytes, new threshold 6 (max threshold 6)
[2020-05-01T15:22:24.568+0000][1][gc,age       ] GC(99) Age table with threshold 6 (max threshold 6)
[2020-05-01T15:22:24.568+0000][1][gc,age       ] GC(99) - age   1:      57888 bytes,      57888 total
[2020-05-01T15:22:24.568+0000][1][gc,age       ] GC(99) - age   2:        144 bytes,      58032 total
[2020-05-01T15:22:24.568+0000][1][gc,age       ] GC(99) - age   4:         32 bytes,      58064 total
[2020-05-01T15:22:24.568+0000][1][gc,age       ] GC(99) - age   5:        520 bytes,      58584 total
[2020-05-01T15:22:24.568+0000][1][gc,age       ] GC(99) - age   6:        304 bytes,      58888 total
[2020-05-01T15:22:24.568+0000][1][gc,heap      ] GC(99) ParNew: 139843K->69K(157248K)
[2020-05-01T15:22:24.568+0000][1][gc,heap      ] GC(99) CMS: 81366K->81366K(349568K)
[2020-05-01T15:22:24.568+0000][1][gc,metaspace ] GC(99) Metaspace: 95464K->95464K(1136640K)
[2020-05-01T15:22:24.569+0000][1][gc           ] GC(99) Pause Young (Allocation Failure) 216M->79M(494M) 10.071ms
[2020-05-01T15:22:24.569+0000][1][gc,cpu       ] GC(99) User=0.02s Sys=0.01s Real=0.01s
[2020-05-01T15:22:24.569+0000][1][safepoint    ] Safepoint "GenCollectForAllocation", Time since last: 177791333600 ns, Reaching safepoint: 491400 ns, At safepoint: 10434500 ns, Total: 10925900 ns
[2020-05-01T15:22:35.574+0000][1][safepoint    ] Safepoint "Cleanup", Time since last: 11004863100 ns, Reaching safepoint: 457400 ns, At safepoint: 287500 ns, Total: 744900 ns
[2020-05-01T15:24:12.620+0000][1][safepoint    ] Safepoint "Cleanup", Time since last: 97044580400 ns, Reaching safepoint: 405700 ns, At safepoint: 189700 ns, Total: 595400 ns
[2020-05-01T15:24:36.629+0000][1][safepoint    ] Safepoint "Cleanup", Time since last: 24008588900 ns, Reaching safepoint: 529300 ns, At safepoint: 248900 ns, Total: 778200 ns
[2020-05-01T15:25:24.659+0000][1][gc,start     ] GC(100) Pause Young (Allocation Failure)
[2020-05-01T15:25:24.660+0000][1][gc,task      ] GC(100) Using 10 workers of 10 for evacuation
[2020-05-01T15:25:24.663+0000][1][gc,age       ] GC(100) Desired survivor size 8945664 bytes, new threshold 6 (max threshold 6)
[2020-05-01T15:25:24.663+0000][1][gc,age       ] GC(100) Age table with threshold 6 (max threshold 6)
[2020-05-01T15:25:24.663+0000][1][gc,age       ] GC(100) - age   1:      54808 bytes,      54808 total
[2020-05-01T15:25:24.663+0000][1][gc,age       ] GC(100) - age   2:        688 bytes,      55496 total
[2020-05-01T15:25:24.663+0000][1][gc,age       ] GC(100) - age   3:        144 bytes,      55640 total
[2020-05-01T15:25:24.663+0000][1][gc,age       ] GC(100) - age   5:         32 bytes,      55672 total
[2020-05-01T15:25:24.663+0000][1][gc,age       ] GC(100) - age   6:        520 bytes,      56192 total
[2020-05-01T15:25:24.663+0000][1][gc,heap      ] GC(100) ParNew: 139845K->66K(157248K)
[2020-05-01T15:25:24.663+0000][1][gc,heap      ] GC(100) CMS: 81366K->81367K(349568K)
[2020-05-01T15:25:24.663+0000][1][gc,metaspace ] GC(100) Metaspace: 95464K->95464K(1136640K)
[2020-05-01T15:25:24.663+0000][1][gc           ] GC(100) Pause Young (Allocation Failure) 216M->79M(494M) 3.529ms
[2020-05-01T15:25:24.663+0000][1][gc,cpu       ] GC(100) User=0.01s Sys=0.00s Real=0.00s
[2020-05-01T15:25:24.663+0000][1][safepoint    ] Safepoint "GenCollectForAllocation", Time since last: 48030239400 ns, Reaching safepoint: 177900 ns, At safepoint: 3642300 ns, Total: 3820200 ns
[2020-05-01T15:25:44.671+0000][1][safepoint    ] Safepoint "Cleanup", Time since last: 20007595500 ns, Reaching safepoint: 128800 ns, At safepoint: 57400 ns, Total: 186200 ns
[2020-05-01T15:26:12.682+0000][1][safepoint    ] Safepoint "Cleanup", Time since last: 28010878500 ns, Reaching safepoint: 160700 ns, At safepoint: 89100 ns, Total: 249800 ns
[2020-05-01T15:26:42.699+0000][1][safepoint    ] Safepoint "Cleanup", Time since last: 30016039400 ns, Reaching safepoint: 460400 ns, At safepoint: 222100 ns, Total: 682500 ns
[2020-05-01T15:28:12.737+0000][1][safepoint    ] Safepoint "Cleanup", Time since last: 90038439500 ns, Reaching safepoint: 225700 ns, At safepoint: 100100 ns, Total: 325800 ns
[2020-05-01T15:28:24.839+0000][1][gc,start     ] GC(101) Pause Young (Allocation Failure)
[2020-05-01T15:28:24.839+0000][1][gc,task      ] GC(101) Using 10 workers of 10 for evacuation
[2020-05-01T15:28:24.849+0000][1][gc,age       ] GC(101) Desired survivor size 8945664 bytes, new threshold 6 (max threshold 6)
[2020-05-01T15:28:24.849+0000][1][gc,age       ] GC(101) Age table with threshold 6 (max threshold 6)
[2020-05-01T15:28:24.849+0000][1][gc,age       ] GC(101) - age   1:      55224 bytes,      55224 total
[2020-05-01T15:28:24.849+0000][1][gc,age       ] GC(101) - age   3:        688 bytes,      55912 total
[2020-05-01T15:28:24.849+0000][1][gc,age       ] GC(101) - age   4:        144 bytes,      56056 total
[2020-05-01T15:28:24.849+0000][1][gc,age       ] GC(101) - age   6:         32 bytes,      56088 total
[2020-05-01T15:28:24.849+0000][1][gc,heap      ] GC(101) ParNew: 139842K->67K(157248K)
[2020-05-01T15:28:24.849+0000][1][gc,heap      ] GC(101) CMS: 81367K->81367K(349568K)
[2020-05-01T15:28:24.849+0000][1][gc,metaspace ] GC(101) Metaspace: 95464K->95464K(1136640K)
[2020-05-01T15:28:24.849+0000][1][gc           ] GC(101) Pause Young (Allocation Failure) 216M->79M(494M) 10.490ms
[2020-05-01T15:28:24.849+0000][1][gc,cpu       ] GC(101) User=0.02s Sys=0.01s Real=0.01s
[2020-05-01T15:28:24.849+0000][1][safepoint    ] Safepoint "GenCollectForAllocation", Time since last: 12100712700 ns, Reaching safepoint: 444200 ns, At safepoint: 10713300 ns, Total: 11157500 ns
[2020-05-01T15:29:16.870+0000][1][safepoint    ] Safepoint "Cleanup", Time since last: 52019939300 ns, Reaching safepoint: 332500 ns, At safepoint: 154900 ns, Total: 487400 ns
[2020-05-01T15:29:18.872+0000][1][safepoint    ] Safepoint "Cleanup", Time since last: 2001559200 ns, Reaching safepoint: 422200 ns, At safepoint: 215000 ns, Total: 637200 ns
[2020-05-01T15:30:18.896+0000][1][safepoint    ] Safepoint "Cleanup", Time since last: 60023572600 ns, Reaching safepoint: 393500 ns, At safepoint: 162900 ns, Total: 556400 ns
[2020-05-01T15:31:25.027+0000][1][gc,start     ] GC(102) Pause Young (Allocation Failure)
[2020-05-01T15:31:25.027+0000][1][gc,task      ] GC(102) Using 10 workers of 10 for evacuation
[2020-05-01T15:31:25.031+0000][1][gc,age       ] GC(102) Desired survivor size 8945664 bytes, new threshold 6 (max threshold 6)
[2020-05-01T15:31:25.031+0000][1][gc,age       ] GC(102) Age table with threshold 6 (max threshold 6)
[2020-05-01T15:31:25.031+0000][1][gc,age       ] GC(102) - age   1:      53640 bytes,      53640 total
[2020-05-01T15:31:25.031+0000][1][gc,age       ] GC(102) - age   2:        384 bytes,      54024 total
[2020-05-01T15:31:25.031+0000][1][gc,age       ] GC(102) - age   4:        688 bytes,      54712 total
[2020-05-01T15:31:25.031+0000][1][gc,age       ] GC(102) - age   5:        144 bytes,      54856 total
[2020-05-01T15:31:25.031+0000][1][gc,heap      ] GC(102) ParNew: 139843K->64K(157248K)
[2020-05-01T15:31:25.031+0000][1][gc,heap      ] GC(102) CMS: 81367K->81367K(349568K)
[2020-05-01T15:31:25.031+0000][1][gc,metaspace ] GC(102) Metaspace: 95465K->95465K(1136640K)
[2020-05-01T15:31:25.031+0000][1][gc           ] GC(102) Pause Young (Allocation Failure) 216M->79M(494M) 3.398ms
[2020-05-01T15:31:25.031+0000][1][gc,cpu       ] GC(102) User=0.01s Sys=0.01s Real=0.00s
[2020-05-01T15:31:25.031+0000][1][safepoint    ] Safepoint "GenCollectForAllocation", Time since last: 66131078700 ns, Reaching safepoint: 156300 ns, At safepoint: 3498800 ns, Total: 3655100 ns
[2020-05-01T15:32:03.052+0000][1][safepoint    ] Safepoint "Cleanup", Time since last: 38020959400 ns, Reaching safepoint: 326200 ns, At safepoint: 164300 ns, Total: 490500 ns
[2020-05-01T15:32:54.080+0000][1][safepoint    ] Safepoint "Cleanup", Time since last: 51026587900 ns, Reaching safepoint: 428100 ns, At safepoint: 207300 ns, Total: 635400 ns
[2020-05-01T15:34:24.869+0000][1][gc,start     ] GC(103) Pause Young (Allocation Failure)
[2020-05-01T15:34:24.869+0000][1][gc,task      ] GC(103) Using 10 workers of 10 for evacuation
[2020-05-01T15:34:24.880+0000][1][gc,age       ] GC(103) Desired survivor size 8945664 bytes, new threshold 6 (max threshold 6)
[2020-05-01T15:34:24.880+0000][1][gc,age       ] GC(103) Age table with threshold 6 (max threshold 6)
[2020-05-01T15:34:24.880+0000][1][gc,age       ] GC(103) - age   1:      67416 bytes,      67416 total
[2020-05-01T15:34:24.880+0000][1][gc,age       ] GC(103) - age   3:        384 bytes,      67800 total
[2020-05-01T15:34:24.880+0000][1][gc,age       ] GC(103) - age   5:        184 bytes,      67984 total
[2020-05-01T15:34:24.880+0000][1][gc,age       ] GC(103) - age   6:        144 bytes,      68128 total
[2020-05-01T15:34:24.880+0000][1][gc,heap      ] GC(103) ParNew: 139840K->80K(157248K)
[2020-05-01T15:34:24.880+0000][1][gc,heap      ] GC(103) CMS: 81367K->81367K(349568K)
[2020-05-01T15:34:24.880+0000][1][gc,metaspace ] GC(103) Metaspace: 95467K->95467K(1136640K)
[2020-05-01T15:34:24.881+0000][1][gc           ] GC(103) Pause Young (Allocation Failure) 216M->79M(494M) 11.311ms
[2020-05-01T15:34:24.881+0000][1][gc,cpu       ] GC(103) User=0.00s Sys=0.03s Real=0.01s
[2020-05-01T15:34:24.881+0000][1][safepoint    ] Safepoint "GenCollectForAllocation", Time since last: 90789148700 ns, Reaching safepoint: 497300 ns, At safepoint: 11678000 ns, Total: 12175300 ns
[2020-05-01T15:36:24.938+0000][1][safepoint    ] Safepoint "Cleanup", Time since last: 120056901900 ns, Reaching safepoint: 498800 ns, At safepoint: 231200 ns, Total: 730000 ns
[2020-05-01T15:36:42.949+0000][1][safepoint    ] Safepoint "Cleanup", Time since last: 18009414900 ns, Reaching safepoint: 506900 ns, At safepoint: 208600 ns, Total: 715500 ns
[2020-05-01T15:37:22.446+0000][1][gc,start     ] GC(104) Pause Young (Allocation Failure)
[2020-05-01T15:37:22.446+0000][1][gc,task      ] GC(104) Using 10 workers of 10 for evacuation
[2020-05-01T15:37:22.458+0000][1][gc,age       ] GC(104) Desired survivor size 8945664 bytes, new threshold 6 (max threshold 6)
[2020-05-01T15:37:22.458+0000][1][gc,age       ] GC(104) Age table with threshold 6 (max threshold 6)
[2020-05-01T15:37:22.458+0000][1][gc,age       ] GC(104) - age   1:      77976 bytes,      77976 total
[2020-05-01T15:37:22.458+0000][1][gc,age       ] GC(104) - age   2:        600 bytes,      78576 total
[2020-05-01T15:37:22.458+0000][1][gc,age       ] GC(104) - age   4:        384 bytes,      78960 total
[2020-05-01T15:37:22.458+0000][1][gc,age       ] GC(104) - age   6:        184 bytes,      79144 total
[2020-05-01T15:37:22.458+0000][1][gc,heap      ] GC(104) ParNew: 139856K->92K(157248K)
[2020-05-01T15:37:22.458+0000][1][gc,heap      ] GC(104) CMS: 81367K->81367K(349568K)
[2020-05-01T15:37:22.458+0000][1][gc,metaspace ] GC(104) Metaspace: 95493K->95493K(1136640K)
[2020-05-01T15:37:22.458+0000][1][gc           ] GC(104) Pause Young (Allocation Failure) 216M->79M(494M) 11.844ms
[2020-05-01T15:37:22.458+0000][1][gc,cpu       ] GC(104) User=0.02s Sys=0.01s Real=0.02s
[2020-05-01T15:37:22.458+0000][1][safepoint    ] Safepoint "GenCollectForAllocation", Time since last: 39497063700 ns, Reaching safepoint: 424500 ns, At safepoint: 12333400 ns, Total: 12757900 ns
[2020-05-01T15:37:54.475+0000][1][safepoint    ] Safepoint "Cleanup", Time since last: 32015572600 ns, Reaching safepoint: 410700 ns, At safepoint: 275500 ns, Total: 686200 ns
[2020-05-01T15:38:54.502+0000][1][safepoint    ] Safepoint "Cleanup", Time since last: 60027239600 ns, Reaching safepoint: 143000 ns, At safepoint: 56600 ns, Total: 199600 ns
[2020-05-01T15:40:20.783+0000][1][gc,start     ] GC(105) Pause Young (Allocation Failure)
[2020-05-01T15:40:20.783+0000][1][gc,task      ] GC(105) Using 10 workers of 10 for evacuation
[2020-05-01T15:40:20.792+0000][1][gc,age       ] GC(105) Desired survivor size 8945664 bytes, new threshold 6 (max threshold 6)
[2020-05-01T15:40:20.792+0000][1][gc,age       ] GC(105) Age table with threshold 6 (max threshold 6)
[2020-05-01T15:40:20.792+0000][1][gc,age       ] GC(105) - age   1:      54424 bytes,      54424 total
[2020-05-01T15:40:20.792+0000][1][gc,age       ] GC(105) - age   2:       1248 bytes,      55672 total
[2020-05-01T15:40:20.792+0000][1][gc,age       ] GC(105) - age   3:        600 bytes,      56272 total
[2020-05-01T15:40:20.792+0000][1][gc,age       ] GC(105) - age   5:        384 bytes,      56656 total
[2020-05-01T15:40:20.792+0000][1][gc,heap      ] GC(105) ParNew: 139868K->82K(157248K)
[2020-05-01T15:40:20.792+0000][1][gc,heap      ] GC(105) CMS: 81367K->81367K(349568K)
[2020-05-01T15:40:20.792+0000][1][gc,metaspace ] GC(105) Metaspace: 95616K->95616K(1136640K)
[2020-05-01T15:40:20.792+0000][1][gc           ] GC(105) Pause Young (Allocation Failure) 216M->79M(494M) 9.797ms
[2020-05-01T15:40:20.793+0000][1][gc,cpu       ] GC(105) User=0.01s Sys=0.02s Real=0.01s
[2020-05-01T15:40:20.793+0000][1][safepoint    ] Safepoint "GenCollectForAllocation", Time since last: 86279966500 ns, Reaching safepoint: 481200 ns, At safepoint: 10290500 ns, Total: 10771700 ns
[2020-05-01T15:43:20.784+0000][1][gc,start     ] GC(106) Pause Young (Allocation Failure)
[2020-05-01T15:43:20.785+0000][1][gc,task      ] GC(106) Using 10 workers of 10 for evacuation
[2020-05-01T15:43:20.790+0000][1][gc,age       ] GC(106) Desired survivor size 8945664 bytes, new threshold 6 (max threshold 6)
[2020-05-01T15:43:20.790+0000][1][gc,age       ] GC(106) Age table with threshold 6 (max threshold 6)
[2020-05-01T15:43:20.790+0000][1][gc,age       ] GC(106) - age   1:      55360 bytes,      55360 total
[2020-05-01T15:43:20.790+0000][1][gc,age       ] GC(106) - age   2:        696 bytes,      56056 total
[2020-05-01T15:43:20.790+0000][1][gc,age       ] GC(106) - age   3:       1248 bytes,      57304 total
[2020-05-01T15:43:20.790+0000][1][gc,age       ] GC(106) - age   4:         96 bytes,      57400 total
[2020-05-01T15:43:20.790+0000][1][gc,age       ] GC(106) - age   6:        384 bytes,      57784 total
[2020-05-01T15:43:20.790+0000][1][gc,heap      ] GC(106) ParNew: 139858K->69K(157248K)
[2020-05-01T15:43:20.790+0000][1][gc,heap      ] GC(106) CMS: 81367K->81367K(349568K)
[2020-05-01T15:43:20.790+0000][1][gc,metaspace ] GC(106) Metaspace: 95616K->95616K(1136640K)
[2020-05-01T15:43:20.790+0000][1][gc           ] GC(106) Pause Young (Allocation Failure) 216M->79M(494M) 5.723ms
[2020-05-01T15:43:20.790+0000][1][gc,cpu       ] GC(106) User=0.02s Sys=0.01s Real=0.01s
[2020-05-01T15:43:20.790+0000][1][safepoint    ] Safepoint "GenCollectForAllocation", Time since last: 179991250000 ns, Reaching safepoint: 345800 ns, At safepoint: 5888200 ns, Total: 6234000 ns
[2020-05-01T15:46:19.140+0000][1][gc,start     ] GC(107) Pause Young (Allocation Failure)
[2020-05-01T15:46:19.140+0000][1][gc,task      ] GC(107) Using 10 workers of 10 for evacuation
[2020-05-01T15:46:19.149+0000][1][gc,age       ] GC(107) Desired survivor size 8945664 bytes, new threshold 6 (max threshold 6)
[2020-05-01T15:46:19.149+0000][1][gc,age       ] GC(107) Age table with threshold 6 (max threshold 6)
[2020-05-01T15:46:19.149+0000][1][gc,age       ] GC(107) - age   1:      55424 bytes,      55424 total
[2020-05-01T15:46:19.149+0000][1][gc,age       ] GC(107) - age   2:        536 bytes,      55960 total
[2020-05-01T15:46:19.149+0000][1][gc,age       ] GC(107) - age   3:        696 bytes,      56656 total
[2020-05-01T15:46:19.149+0000][1][gc,age       ] GC(107) - age   4:       1248 bytes,      57904 total
[2020-05-01T15:46:19.149+0000][1][gc,age       ] GC(107) - age   5:         96 bytes,      58000 total
[2020-05-01T15:46:19.149+0000][1][gc,heap      ] GC(107) ParNew: 139816K->66K(157248K)
[2020-05-01T15:46:19.149+0000][1][gc,heap      ] GC(107) CMS: 81367K->81368K(349568K)
[2020-05-01T15:46:19.149+0000][1][gc,metaspace ] GC(107) Metaspace: 95675K->95675K(1136640K)
[2020-05-01T15:46:19.149+0000][1][gc           ] GC(107) Pause Young (Allocation Failure) 216M->79M(494M) 8.999ms
[2020-05-01T15:46:19.149+0000][1][gc,cpu       ] GC(107) User=0.02s Sys=0.00s Real=0.01s
[2020-05-01T15:46:19.149+0000][1][safepoint    ] Safepoint "GenCollectForAllocation", Time since last: 178349430000 ns, Reaching safepoint: 293500 ns, At safepoint: 9239500 ns, Total: 9533000 ns
[2020-05-01T15:47:48.197+0000][1][safepoint    ] Safepoint "Cleanup", Time since last: 89047152700 ns, Reaching safepoint: 442500 ns, At safepoint: 216500 ns, Total: 659000 ns
[2020-05-01T15:48:54.228+0000][1][safepoint    ] Safepoint "Cleanup", Time since last: 66030561000 ns, Reaching safepoint: 337600 ns, At safepoint: 161800 ns, Total: 499400 ns
[2020-05-01T15:49:16.365+0000][1][gc,start     ] GC(108) Pause Young (Allocation Failure)
[2020-05-01T15:49:16.365+0000][1][gc,task      ] GC(108) Using 10 workers of 10 for evacuation
[2020-05-01T15:49:16.376+0000][1][gc,age       ] GC(108) Desired survivor size 8945664 bytes, new threshold 6 (max threshold 6)
[2020-05-01T15:49:16.377+0000][1][gc,age       ] GC(108) Age table with threshold 6 (max threshold 6)
[2020-05-01T15:49:16.377+0000][1][gc,age       ] GC(108) - age   1:     125160 bytes,     125160 total
[2020-05-01T15:49:16.377+0000][1][gc,age       ] GC(108) - age   2:       1888 bytes,     127048 total
[2020-05-01T15:49:16.377+0000][1][gc,age       ] GC(108) - age   3:        536 bytes,     127584 total
[2020-05-01T15:49:16.377+0000][1][gc,age       ] GC(108) - age   4:        696 bytes,     128280 total
[2020-05-01T15:49:16.377+0000][1][gc,age       ] GC(108) - age   5:       1248 bytes,     129528 total
[2020-05-01T15:49:16.377+0000][1][gc,age       ] GC(108) - age   6:         96 bytes,     129624 total
[2020-05-01T15:49:16.377+0000][1][gc,heap      ] GC(108) ParNew: 139842K->137K(157248K)
[2020-05-01T15:49:16.377+0000][1][gc,heap      ] GC(108) CMS: 81368K->81368K(349568K)
[2020-05-01T15:49:16.377+0000][1][gc,metaspace ] GC(108) Metaspace: 95675K->95675K(1136640K)
[2020-05-01T15:49:16.377+0000][1][gc           ] GC(108) Pause Young (Allocation Failure) 216M->79M(494M) 11.924ms
[2020-05-01T15:49:16.377+0000][1][gc,cpu       ] GC(108) User=0.02s Sys=0.01s Real=0.02s
[2020-05-01T15:49:16.378+0000][1][safepoint    ] Safepoint "GenCollectForAllocation", Time since last: 22136227100 ns, Reaching safepoint: 813300 ns, At safepoint: 12403100 ns, Total: 13216400 ns
[2020-05-01T15:51:15.440+0000][1][safepoint    ] Safepoint "Cleanup", Time since last: 119061486700 ns, Reaching safepoint: 494600 ns, At safepoint: 206600 ns, Total: 701200 ns
[2020-05-01T15:51:30.449+0000][1][safepoint    ] Safepoint "Cleanup", Time since last: 15008202400 ns, Reaching safepoint: 515900 ns, At safepoint: 195600 ns, Total: 711500 ns
[2020-05-01T15:51:33.451+0000][1][safepoint    ] Safepoint "Cleanup", Time since last: 3002132900 ns, Reaching safepoint: 405900 ns, At safepoint: 193500 ns, Total: 599400 ns
[2020-05-01T15:51:39.455+0000][1][safepoint    ] Safepoint "Cleanup", Time since last: 6003173200 ns, Reaching safepoint: 425600 ns, At safepoint: 166100 ns, Total: 591700 ns
[2020-05-01T15:52:16.315+0000][1][gc,start     ] GC(109) Pause Young (Allocation Failure)
[2020-05-01T15:52:16.315+0000][1][gc,task      ] GC(109) Using 10 workers of 10 for evacuation
[2020-05-01T15:52:16.318+0000][1][gc,age       ] GC(109) Desired survivor size 8945664 bytes, new threshold 6 (max threshold 6)
[2020-05-01T15:52:16.318+0000][1][gc,age       ] GC(109) Age table with threshold 6 (max threshold 6)
[2020-05-01T15:52:16.318+0000][1][gc,age       ] GC(109) - age   1:      58448 bytes,      58448 total
[2020-05-01T15:52:16.318+0000][1][gc,age       ] GC(109) - age   2:        520 bytes,      58968 total
[2020-05-01T15:52:16.318+0000][1][gc,age       ] GC(109) - age   3:       1760 bytes,      60728 total
[2020-05-01T15:52:16.318+0000][1][gc,age       ] GC(109) - age   4:        536 bytes,      61264 total
[2020-05-01T15:52:16.318+0000][1][gc,age       ] GC(109) - age   5:        696 bytes,      61960 total
[2020-05-01T15:52:16.318+0000][1][gc,age       ] GC(109) - age   6:       1248 bytes,      63208 total
[2020-05-01T15:52:16.318+0000][1][gc,heap      ] GC(109) ParNew: 139913K->78K(157248K)
[2020-05-01T15:52:16.318+0000][1][gc,heap      ] GC(109) CMS: 81368K->81368K(349568K)
[2020-05-01T15:52:16.318+0000][1][gc,metaspace ] GC(109) Metaspace: 95678K->95678K(1136640K)
[2020-05-01T15:52:16.318+0000][1][gc           ] GC(109) Pause Young (Allocation Failure) 216M->79M(494M) 2.983ms
[2020-05-01T15:52:16.318+0000][1][gc,cpu       ] GC(109) User=0.00s Sys=0.01s Real=0.01s
[2020-05-01T15:52:16.318+0000][1][safepoint    ] Safepoint "GenCollectForAllocation", Time since last: 36860064100 ns, Reaching safepoint: 131300 ns, At safepoint: 3091800 ns, Total: 3223100 ns
[2020-05-01T15:55:16.483+0000][1][gc,start     ] GC(110) Pause Young (Allocation Failure)
[2020-05-01T15:55:16.483+0000][1][gc,task      ] GC(110) Using 10 workers of 10 for evacuation
[2020-05-01T15:55:16.491+0000][1][gc,age       ] GC(110) Desired survivor size 8945664 bytes, new threshold 6 (max threshold 6)
[2020-05-01T15:55:16.491+0000][1][gc,age       ] GC(110) Age table with threshold 6 (max threshold 6)
[2020-05-01T15:55:16.491+0000][1][gc,age       ] GC(110) - age   1:      55632 bytes,      55632 total
[2020-05-01T15:55:16.491+0000][1][gc,age       ] GC(110) - age   2:       3912 bytes,      59544 total
[2020-05-01T15:55:16.491+0000][1][gc,age       ] GC(110) - age   3:        520 bytes,      60064 total
[2020-05-01T15:55:16.491+0000][1][gc,age       ] GC(110) - age   4:       1760 bytes,      61824 total
[2020-05-01T15:55:16.491+0000][1][gc,age       ] GC(110) - age   5:         32 bytes,      61856 total
[2020-05-01T15:55:16.491+0000][1][gc,age       ] GC(110) - age   6:        544 bytes,      62400 total
[2020-05-01T15:55:16.491+0000][1][gc,heap      ] GC(110) ParNew: 139854K->73K(157248K)
[2020-05-01T15:55:16.491+0000][1][gc,heap      ] GC(110) CMS: 81368K->81369K(349568K)
[2020-05-01T15:55:16.491+0000][1][gc,metaspace ] GC(110) Metaspace: 95679K->95679K(1136640K)
[2020-05-01T15:55:16.491+0000][1][gc           ] GC(110) Pause Young (Allocation Failure) 216M->79M(494M) 8.330ms
[2020-05-01T15:55:16.491+0000][1][gc,cpu       ] GC(110) User=0.02s Sys=0.01s Real=0.01s
[2020-05-01T15:55:16.491+0000][1][safepoint    ] Safepoint "GenCollectForAllocation", Time since last: 180163771300 ns, Reaching safepoint: 625100 ns, At safepoint: 8611100 ns, Total: 9236200 ns
[2020-05-01T15:57:45.556+0000][1][safepoint    ] Safepoint "Cleanup", Time since last: 149063910800 ns, Reaching safepoint: 514700 ns, At safepoint: 202900 ns, Total: 717600 ns
[2020-05-01T15:58:15.514+0000][1][gc,start     ] GC(111) Pause Young (Allocation Failure)
[2020-05-01T15:58:15.515+0000][1][gc,task      ] GC(111) Using 10 workers of 10 for evacuation
[2020-05-01T15:58:15.524+0000][1][gc,age       ] GC(111) Desired survivor size 8945664 bytes, new threshold 6 (max threshold 6)
[2020-05-01T15:58:15.524+0000][1][gc,age       ] GC(111) Age table with threshold 6 (max threshold 6)
[2020-05-01T15:58:15.524+0000][1][gc,age       ] GC(111) - age   1:      64496 bytes,      64496 total
[2020-05-01T15:58:15.525+0000][1][gc,age       ] GC(111) - age   2:        688 bytes,      65184 total
[2020-05-01T15:58:15.525+0000][1][gc,age       ] GC(111) - age   3:       3784 bytes,      68968 total
[2020-05-01T15:58:15.525+0000][1][gc,age       ] GC(111) - age   4:        520 bytes,      69488 total
[2020-05-01T15:58:15.525+0000][1][gc,age       ] GC(111) - age   5:       1760 bytes,      71248 total
[2020-05-01T15:58:15.525+0000][1][gc,age       ] GC(111) - age   6:         32 bytes,      71280 total
[2020-05-01T15:58:15.525+0000][1][gc,heap      ] GC(111) ParNew: 139849K->87K(157248K)
[2020-05-01T15:58:15.525+0000][1][gc,heap      ] GC(111) CMS: 81369K->81370K(349568K)
[2020-05-01T15:58:15.525+0000][1][gc,metaspace ] GC(111) Metaspace: 95686K->95686K(1136640K)
[2020-05-01T15:58:15.525+0000][1][gc           ] GC(111) Pause Young (Allocation Failure) 216M->79M(494M) 10.346ms
[2020-05-01T15:58:15.525+0000][1][gc,cpu       ] GC(111) User=0.03s Sys=0.00s Real=0.01s
[2020-05-01T15:58:15.525+0000][1][safepoint    ] Safepoint "GenCollectForAllocation", Time since last: 29957919800 ns, Reaching safepoint: 386100 ns, At safepoint: 10722700 ns, Total: 11108800 ns
[2020-05-01T16:01:12.354+0000][1][gc,start     ] GC(112) Pause Young (Allocation Failure)
[2020-05-01T16:01:12.354+0000][1][gc,task      ] GC(112) Using 10 workers of 10 for evacuation
[2020-05-01T16:01:12.356+0000][1][gc,age       ] GC(112) Desired survivor size 8945664 bytes, new threshold 6 (max threshold 6)
[2020-05-01T16:01:12.356+0000][1][gc,age       ] GC(112) Age table with threshold 6 (max threshold 6)
[2020-05-01T16:01:12.356+0000][1][gc,age       ] GC(112) - age   1:      57576 bytes,      57576 total
[2020-05-01T16:01:12.356+0000][1][gc,age       ] GC(112) - age   2:       2008 bytes,      59584 total
[2020-05-01T16:01:12.356+0000][1][gc,age       ] GC(112) - age   3:        688 bytes,      60272 total
[2020-05-01T16:01:12.356+0000][1][gc,age       ] GC(112) - age   4:       3784 bytes,      64056 total
[2020-05-01T16:01:12.356+0000][1][gc,age       ] GC(112) - age   5:        520 bytes,      64576 total
[2020-05-01T16:01:12.356+0000][1][gc,age       ] GC(112) - age   6:       1760 bytes,      66336 total
[2020-05-01T16:01:12.356+0000][1][gc,heap      ] GC(112) ParNew: 139863K->78K(157248K)
[2020-05-01T16:01:12.356+0000][1][gc,heap      ] GC(112) CMS: 81370K->81370K(349568K)
[2020-05-01T16:01:12.356+0000][1][gc,metaspace ] GC(112) Metaspace: 95686K->95686K(1136640K)
[2020-05-01T16:01:12.356+0000][1][gc           ] GC(112) Pause Young (Allocation Failure) 216M->79M(494M) 2.608ms
[2020-05-01T16:01:12.356+0000][1][gc,cpu       ] GC(112) User=0.00s Sys=0.00s Real=0.01s
[2020-05-01T16:01:12.356+0000][1][safepoint    ] Safepoint "GenCollectForAllocation", Time since last: 176828407200 ns, Reaching safepoint: 136200 ns, At safepoint: 2686500 ns, Total: 2822700 ns
[2020-05-01T16:04:12.225+0000][1][gc,start     ] GC(113) Pause Young (Allocation Failure)
[2020-05-01T16:04:12.225+0000][1][gc,task      ] GC(113) Using 10 workers of 10 for evacuation
[2020-05-01T16:04:12.228+0000][1][gc,age       ] GC(113) Desired survivor size 8945664 bytes, new threshold 6 (max threshold 6)
[2020-05-01T16:04:12.228+0000][1][gc,age       ] GC(113) Age table with threshold 6 (max threshold 6)
[2020-05-01T16:04:12.228+0000][1][gc,age       ] GC(113) - age   1:      81128 bytes,      81128 total
[2020-05-01T16:04:12.228+0000][1][gc,age       ] GC(113) - age   2:         96 bytes,      81224 total
[2020-05-01T16:04:12.228+0000][1][gc,age       ] GC(113) - age   3:       2008 bytes,      83232 total
[2020-05-01T16:04:12.228+0000][1][gc,age       ] GC(113) - age   4:        184 bytes,      83416 total
[2020-05-01T16:04:12.228+0000][1][gc,age       ] GC(113) - age   5:       3784 bytes,      87200 total
[2020-05-01T16:04:12.228+0000][1][gc,age       ] GC(113) - age   6:        520 bytes,      87720 total
[2020-05-01T16:04:12.228+0000][1][gc,heap      ] GC(113) ParNew: 139854K->102K(157248K)
[2020-05-01T16:04:12.228+0000][1][gc,heap      ] GC(113) CMS: 81370K->81371K(349568K)
[2020-05-01T16:04:12.228+0000][1][gc,metaspace ] GC(113) Metaspace: 95686K->95686K(1136640K)
[2020-05-01T16:04:12.228+0000][1][gc           ] GC(113) Pause Young (Allocation Failure) 216M->79M(494M) 3.109ms
[2020-05-01T16:04:12.228+0000][1][gc,cpu       ] GC(113) User=0.00s Sys=0.00s Real=0.01s
[2020-05-01T16:04:12.228+0000][1][safepoint    ] Safepoint "GenCollectForAllocation", Time since last: 179868230200 ns, Reaching safepoint: 165300 ns, At safepoint: 3234900 ns, Total: 3400200 ns
[2020-05-01T16:04:21.233+0000][1][safepoint    ] Safepoint "Cleanup", Time since last: 9004470500 ns, Reaching safepoint: 107500 ns, At safepoint: 36300 ns, Total: 143800 ns
[2020-05-01T16:04:27.235+0000][1][safepoint    ] Safepoint "Cleanup", Time since last: 6002021800 ns, Reaching safepoint: 345800 ns, At safepoint: 168200 ns, Total: 514000 ns
[2020-05-01T16:07:12.175+0000][1][gc,start     ] GC(114) Pause Young (Allocation Failure)
[2020-05-01T16:07:12.175+0000][1][gc,task      ] GC(114) Using 10 workers of 10 for evacuation
[2020-05-01T16:07:12.185+0000][1][gc,age       ] GC(114) Desired survivor size 8945664 bytes, new threshold 6 (max threshold 6)
[2020-05-01T16:07:12.185+0000][1][gc,age       ] GC(114) Age table with threshold 6 (max threshold 6)
[2020-05-01T16:07:12.185+0000][1][gc,age       ] GC(114) - age   1:      53664 bytes,      53664 total
[2020-05-01T16:07:12.185+0000][1][gc,age       ] GC(114) - age   2:        536 bytes,      54200 total
[2020-05-01T16:07:12.185+0000][1][gc,age       ] GC(114) - age   4:       2008 bytes,      56208 total
[2020-05-01T16:07:12.185+0000][1][gc,age       ] GC(114) - age   5:        184 bytes,      56392 total
[2020-05-01T16:07:12.185+0000][1][gc,age       ] GC(114) - age   6:       3784 bytes,      60176 total
[2020-05-01T16:07:12.185+0000][1][gc,heap      ] GC(114) ParNew: 139878K->90K(157248K)
[2020-05-01T16:07:12.185+0000][1][gc,heap      ] GC(114) CMS: 81371K->81372K(349568K)
[2020-05-01T16:07:12.185+0000][1][gc,metaspace ] GC(114) Metaspace: 95686K->95686K(1136640K)
[2020-05-01T16:07:12.185+0000][1][gc           ] GC(114) Pause Young (Allocation Failure) 216M->79M(494M) 9.998ms
[2020-05-01T16:07:12.185+0000][1][gc,cpu       ] GC(114) User=0.03s Sys=0.01s Real=0.01s
[2020-05-01T16:07:12.185+0000][1][safepoint    ] Safepoint "GenCollectForAllocation", Time since last: 164939609400 ns, Reaching safepoint: 349700 ns, At safepoint: 10323200 ns, Total: 10672900 ns
[2020-05-01T16:10:12.364+0000][1][gc,start     ] GC(115) Pause Young (Allocation Failure)
[2020-05-01T16:10:12.364+0000][1][gc,task      ] GC(115) Using 10 workers of 10 for evacuation
[2020-05-01T16:10:12.367+0000][1][gc,age       ] GC(115) Desired survivor size 8945664 bytes, new threshold 6 (max threshold 6)
[2020-05-01T16:10:12.367+0000][1][gc,age       ] GC(115) Age table with threshold 6 (max threshold 6)
[2020-05-01T16:10:12.367+0000][1][gc,age       ] GC(115) - age   1:      55288 bytes,      55288 total
[2020-05-01T16:10:12.367+0000][1][gc,age       ] GC(115) - age   2:        336 bytes,      55624 total
[2020-05-01T16:10:12.367+0000][1][gc,age       ] GC(115) - age   3:        536 bytes,      56160 total
[2020-05-01T16:10:12.367+0000][1][gc,age       ] GC(115) - age   5:       2008 bytes,      58168 total
[2020-05-01T16:10:12.367+0000][1][gc,age       ] GC(115) - age   6:         32 bytes,      58200 total
[2020-05-01T16:10:12.367+0000][1][gc,heap      ] GC(115) ParNew: 139866K->67K(157248K)
[2020-05-01T16:10:12.367+0000][1][gc,heap      ] GC(115) CMS: 81372K->81376K(349568K)
[2020-05-01T16:10:12.367+0000][1][gc,metaspace ] GC(115) Metaspace: 95686K->95686K(1136640K)
[2020-05-01T16:10:12.367+0000][1][gc           ] GC(115) Pause Young (Allocation Failure) 216M->79M(494M) 2.924ms
[2020-05-01T16:10:12.367+0000][1][gc,cpu       ] GC(115) User=0.01s Sys=0.00s Real=0.01s
[2020-05-01T16:10:12.367+0000][1][safepoint    ] Safepoint "GenCollectForAllocation", Time since last: 180178411700 ns, Reaching safepoint: 142900 ns, At safepoint: 3008100 ns, Total: 3151000 ns
[2020-05-01T16:10:47.385+0000][1][safepoint    ] Safepoint "Cleanup", Time since last: 35017779500 ns, Reaching safepoint: 433500 ns, At safepoint: 219700 ns, Total: 653200 ns
[2020-05-01T16:13:12.352+0000][1][gc,start     ] GC(116) Pause Young (Allocation Failure)
[2020-05-01T16:13:12.352+0000][1][gc,task      ] GC(116) Using 10 workers of 10 for evacuation
[2020-05-01T16:13:12.361+0000][1][gc,age       ] GC(116) Desired survivor size 8945664 bytes, new threshold 6 (max threshold 6)
[2020-05-01T16:13:12.361+0000][1][gc,age       ] GC(116) Age table with threshold 6 (max threshold 6)
[2020-05-01T16:13:12.361+0000][1][gc,age       ] GC(116) - age   1:      70464 bytes,      70464 total
[2020-05-01T16:13:12.361+0000][1][gc,age       ] GC(116) - age   2:        152 bytes,      70616 total
[2020-05-01T16:13:12.361+0000][1][gc,age       ] GC(116) - age   3:        336 bytes,      70952 total
[2020-05-01T16:13:12.361+0000][1][gc,age       ] GC(116) - age   4:         32 bytes,      70984 total
[2020-05-01T16:13:12.361+0000][1][gc,age       ] GC(116) - age   6:       2008 bytes,      72992 total
[2020-05-01T16:13:12.361+0000][1][gc,heap      ] GC(116) ParNew: 139843K->89K(157248K)
[2020-05-01T16:13:12.361+0000][1][gc,heap      ] GC(116) CMS: 81376K->81376K(349568K)
[2020-05-01T16:13:12.361+0000][1][gc,metaspace ] GC(116) Metaspace: 95686K->95686K(1136640K)
[2020-05-01T16:13:12.361+0000][1][gc           ] GC(116) Pause Young (Allocation Failure) 216M->79M(494M) 9.719ms
[2020-05-01T16:13:12.361+0000][1][gc,cpu       ] GC(116) User=0.00s Sys=0.03s Real=0.01s
[2020-05-01T16:13:12.362+0000][1][safepoint    ] Safepoint "GenCollectForAllocation", Time since last: 144965747200 ns, Reaching safepoint: 341900 ns, At safepoint: 10051700 ns, Total: 10393600 ns
[2020-05-01T16:15:55.231+0000][1][safepoint    ] Safepoint "Cleanup", Time since last: 162869168200 ns, Reaching safepoint: 160200 ns, At safepoint: 57200 ns, Total: 217400 ns
[2020-05-01T16:16:07.751+0000][1][gc,start     ] GC(117) Pause Young (Allocation Failure)
[2020-05-01T16:16:07.751+0000][1][gc,task      ] GC(117) Using 10 workers of 10 for evacuation
[2020-05-01T16:16:07.753+0000][1][gc,age       ] GC(117) Desired survivor size 8945664 bytes, new threshold 6 (max threshold 6)
[2020-05-01T16:16:07.753+0000][1][gc,age       ] GC(117) Age table with threshold 6 (max threshold 6)
[2020-05-01T16:16:07.753+0000][1][gc,age       ] GC(117) - age   1:      53296 bytes,      53296 total
[2020-05-01T16:16:07.753+0000][1][gc,age       ] GC(117) - age   2:      16936 bytes,      70232 total
[2020-05-01T16:16:07.753+0000][1][gc,age       ] GC(117) - age   3:        152 bytes,      70384 total
[2020-05-01T16:16:07.753+0000][1][gc,age       ] GC(117) - age   4:        336 bytes,      70720 total
[2020-05-01T16:16:07.753+0000][1][gc,age       ] GC(117) - age   5:         32 bytes,      70752 total
[2020-05-01T16:16:07.753+0000][1][gc,heap      ] GC(117) ParNew: 139865K->79K(157248K)
[2020-05-01T16:16:07.753+0000][1][gc,heap      ] GC(117) CMS: 81376K->81378K(349568K)
[2020-05-01T16:16:07.753+0000][1][gc,metaspace ] GC(117) Metaspace: 95686K->95686K(1136640K)
[2020-05-01T16:16:07.753+0000][1][gc           ] GC(117) Pause Young (Allocation Failure) 216M->79M(494M) 2.597ms
[2020-05-01T16:16:07.753+0000][1][gc,cpu       ] GC(117) User=0.00s Sys=0.00s Real=0.00s
[2020-05-01T16:16:07.753+0000][1][safepoint    ] Safepoint "GenCollectForAllocation", Time since last: 12519668100 ns, Reaching safepoint: 119100 ns, At safepoint: 2717900 ns, Total: 2837000 ns
[2020-05-01T16:18:54.463+0000][1][safepoint    ] Safepoint "Cleanup", Time since last: 166708574900 ns, Reaching safepoint: 334100 ns, At safepoint: 155400 ns, Total: 489500 ns
[2020-05-01T16:19:07.948+0000][1][gc,start     ] GC(118) Pause Young (Allocation Failure)
[2020-05-01T16:19:07.948+0000][1][gc,task      ] GC(118) Using 10 workers of 10 for evacuation
[2020-05-01T16:19:07.951+0000][1][gc,age       ] GC(118) Desired survivor size 8945664 bytes, new threshold 6 (max threshold 6)
[2020-05-01T16:19:07.951+0000][1][gc,age       ] GC(118) Age table with threshold 6 (max threshold 6)
[2020-05-01T16:19:07.951+0000][1][gc,age       ] GC(118) - age   1:      54800 bytes,      54800 total
[2020-05-01T16:19:07.951+0000][1][gc,age       ] GC(118) - age   3:      16936 bytes,      71736 total
[2020-05-01T16:19:07.951+0000][1][gc,age       ] GC(118) - age   4:        152 bytes,      71888 total
[2020-05-01T16:19:07.951+0000][1][gc,age       ] GC(118) - age   5:        336 bytes,      72224 total
[2020-05-01T16:19:07.951+0000][1][gc,age       ] GC(118) - age   6:         32 bytes,      72256 total
[2020-05-01T16:19:07.951+0000][1][gc,heap      ] GC(118) ParNew: 139855K->77K(157248K)
[2020-05-01T16:19:07.951+0000][1][gc,heap      ] GC(118) CMS: 81378K->81378K(349568K)
[2020-05-01T16:19:07.951+0000][1][gc,metaspace ] GC(118) Metaspace: 95686K->95686K(1136640K)
[2020-05-01T16:19:07.951+0000][1][gc           ] GC(118) Pause Young (Allocation Failure) 216M->79M(494M) 3.252ms
[2020-05-01T16:19:07.951+0000][1][gc,cpu       ] GC(118) User=0.00s Sys=0.00s Real=0.00s
[2020-05-01T16:19:07.951+0000][1][safepoint    ] Safepoint "GenCollectForAllocation", Time since last: 13484897000 ns, Reaching safepoint: 137600 ns, At safepoint: 3336200 ns, Total: 3473800 ns
