[2020-05-01T16:42:27.830+0000][1][gc] Using Concurrent Mark Sweep
[2020-05-01T16:42:27.830+0000][1][gc,heap,coops] Heap address: 0x00000000e0000000, size: 512 MB, Compressed Oops mode: 32-bit
[2020-05-01T16:42:27.881+0000][1][safepoint    ] Safepoint "EnableBiasedLocking", Time since last: 40245800 ns, Reaching safepoint: 111300 ns, At safepoint: 64200 ns, Total: 175500 ns
[2020-05-01T16:42:27.884+0000][1][safepoint    ] Safepoint "RevokeBias", Time since last: 2861400 ns, Reaching safepoint: 102800 ns, At safepoint: 57400 ns, Total: 160200 ns
[2020-05-01T16:42:27.895+0000][1][safepoint    ] Safepoint "Deoptimize", Time since last: 10608800 ns, Reaching safepoint: 11500 ns, At safepoint: 38600 ns, Total: 50100 ns
[2020-05-01T16:42:28.020+0000][1][safepoint    ] Safepoint "RevokeBias", Time since last: 124829100 ns, Reaching safepoint: 28000 ns, At safepoint: 64100 ns, Total: 92100 ns
[2020-05-01T16:42:28.021+0000][1][safepoint    ] Safepoint "Deoptimize", Time since last: 1565100 ns, Reaching safepoint: 10400 ns, At safepoint: 53300 ns, Total: 63700 ns
[2020-05-01T16:42:28.023+0000][1][safepoint    ] Safepoint "Deoptimize", Time since last: 1604700 ns, Reaching safepoint: 12900 ns, At safepoint: 60200 ns, Total: 73100 ns
[2020-05-01T16:42:28.068+0000][1][safepoint    ] Safepoint "Deoptimize", Time since last: 44795200 ns, Reaching safepoint: 21300 ns, At safepoint: 73600 ns, Total: 94900 ns
[2020-05-01T16:42:28.427+0000][1][safepoint    ] Safepoint "Deoptimize", Time since last: 359534200 ns, Reaching safepoint: 76400 ns, At safepoint: 93700 ns, Total: 170100 ns
[2020-05-01T16:42:28.485+0000][1][safepoint    ] Safepoint "Deoptimize", Time since last: 57863700 ns, Reaching safepoint: 28700 ns, At safepoint: 85200 ns, Total: 113900 ns
[2020-05-01T16:42:28.593+0000][1][safepoint    ] Safepoint "Deoptimize", Time since last: 107248000 ns, Reaching safepoint: 31600 ns, At safepoint: 155700 ns, Total: 187300 ns
[2020-05-01T16:42:28.806+0000][1][safepoint    ] Safepoint "Deoptimize", Time since last: 212550400 ns, Reaching safepoint: 158800 ns, At safepoint: 180900 ns, Total: 339700 ns
[2020-05-01T16:42:29.191+0000][1][safepoint    ] Safepoint "Deoptimize", Time since last: 385130500 ns, Reaching safepoint: 71100 ns, At safepoint: 149900 ns, Total: 221000 ns
[2020-05-01T16:42:29.304+0000][1][safepoint    ] Safepoint "RevokeBias", Time since last: 113040700 ns, Reaching safepoint: 121900 ns, At safepoint: 98000 ns, Total: 219900 ns
[2020-05-01T16:42:29.462+0000][1][safepoint    ] Safepoint "Deoptimize", Time since last: 156984500 ns, Reaching safepoint: 43100 ns, At safepoint: 245500 ns, Total: 288600 ns
[2020-05-01T16:42:29.586+0000][1][safepoint    ] Safepoint "Deoptimize", Time since last: 123887400 ns, Reaching safepoint: 78200 ns, At safepoint: 420900 ns, Total: 499100 ns
[2020-05-01T16:42:29.587+0000][1][safepoint    ] Safepoint "Deoptimize", Time since last: 251800 ns, Reaching safepoint: 106400 ns, At safepoint: 331500 ns, Total: 437900 ns
[2020-05-01T16:42:29.652+0000][1][safepoint    ] Safepoint "Deoptimize", Time since last: 65493700 ns, Reaching safepoint: 26800 ns, At safepoint: 179400 ns, Total: 206200 ns
[2020-05-01T16:42:29.655+0000][1][safepoint    ] Safepoint "Deoptimize", Time since last: 2485900 ns, Reaching safepoint: 18800 ns, At safepoint: 183000 ns, Total: 201800 ns
[2020-05-01T16:42:29.667+0000][1][safepoint    ] Safepoint "RevokeBias", Time since last: 11579000 ns, Reaching safepoint: 111800 ns, At safepoint: 60200 ns, Total: 172000 ns
[2020-05-01T16:42:29.667+0000][1][safepoint    ] Safepoint "RevokeBias", Time since last: 140800 ns, Reaching safepoint: 103100 ns, At safepoint: 76600 ns, Total: 179700 ns
[2020-05-01T16:42:29.667+0000][1][safepoint    ] Safepoint "RevokeBias", Time since last: 113400 ns, Reaching safepoint: 92600 ns, At safepoint: 54500 ns, Total: 147100 ns
[2020-05-01T16:42:29.668+0000][1][safepoint    ] Safepoint "RevokeBias", Time since last: 204800 ns, Reaching safepoint: 101500 ns, At safepoint: 86500 ns, Total: 188000 ns
[2020-05-01T16:42:29.668+0000][1][safepoint    ] Safepoint "RevokeBias", Time since last: 265700 ns, Reaching safepoint: 100500 ns, At safepoint: 66800 ns, Total: 167300 ns
[2020-05-01T16:42:29.675+0000][1][safepoint    ] Safepoint "Deoptimize", Time since last: 6700300 ns, Reaching safepoint: 27800 ns, At safepoint: 236500 ns, Total: 264300 ns
[2020-05-01T16:42:30.072+0000][1][safepoint    ] Safepoint "RevokeBias", Time since last: 397107300 ns, Reaching safepoint: 85500 ns, At safepoint: 79200 ns, Total: 164700 ns
[2020-05-01T16:42:30.081+0000][1][safepoint    ] Safepoint "RevokeBias", Time since last: 7993700 ns, Reaching safepoint: 22100 ns, At safepoint: 38800 ns, Total: 60900 ns
[2020-05-01T16:42:30.369+0000][1][safepoint    ] Safepoint "RevokeBias", Time since last: 288477000 ns, Reaching safepoint: 169200 ns, At safepoint: 74900 ns, Total: 244100 ns
[2020-05-01T16:42:30.405+0000][1][safepoint    ] Safepoint "Deoptimize", Time since last: 35429400 ns, Reaching safepoint: 45000 ns, At safepoint: 399100 ns, Total: 444100 ns
[2020-05-01T16:42:30.630+0000][1][safepoint    ] Safepoint "RevokeBias", Time since last: 225251500 ns, Reaching safepoint: 44700 ns, At safepoint: 40200 ns, Total: 84900 ns
[2020-05-01T16:42:30.873+0000][1][gc,start     ] GC(0) Pause Young (Allocation Failure)
[2020-05-01T16:42:30.874+0000][1][gc,task      ] GC(0) Using 10 workers of 10 for evacuation
[2020-05-01T16:42:30.880+0000][1][gc,age       ] GC(0) Desired survivor size 8945664 bytes, new threshold 1 (max threshold 6)
[2020-05-01T16:42:30.880+0000][1][gc,age       ] GC(0) Age table with threshold 1 (max threshold 6)
[2020-05-01T16:42:30.880+0000][1][gc,age       ] GC(0) - age   1:   10634008 bytes,   10634008 total
[2020-05-01T16:42:30.880+0000][1][gc,heap      ] GC(0) ParNew: 139776K->10524K(157248K)
[2020-05-01T16:42:30.880+0000][1][gc,heap      ] GC(0) CMS: 0K->0K(349568K)
[2020-05-01T16:42:30.880+0000][1][gc,metaspace ] GC(0) Metaspace: 17250K->17250K(1064960K)
[2020-05-01T16:42:30.880+0000][1][gc           ] GC(0) Pause Young (Allocation Failure) 136M->10M(494M) 7.671ms
[2020-05-01T16:42:30.880+0000][1][gc,cpu       ] GC(0) User=0.06s Sys=0.00s Real=0.01s
[2020-05-01T16:42:30.880+0000][1][safepoint    ] Safepoint "GenCollectForAllocation", Time since last: 242235100 ns, Reaching safepoint: 42700 ns, At safepoint: 7741400 ns, Total: 7784100 ns
[2020-05-01T16:42:30.881+0000][1][safepoint    ] Safepoint "RevokeBias", Time since last: 283800 ns, Reaching safepoint: 106300 ns, At safepoint: 74700 ns, Total: 181000 ns
[2020-05-01T16:42:30.881+0000][1][safepoint    ] Safepoint "RevokeBias", Time since last: 100300 ns, Reaching safepoint: 94100 ns, At safepoint: 73100 ns, Total: 167200 ns
[2020-05-01T16:42:30.882+0000][1][safepoint    ] Safepoint "RevokeBias", Time since last: 150000 ns, Reaching safepoint: 97400 ns, At safepoint: 197800 ns, Total: 295200 ns
[2020-05-01T16:42:30.882+0000][1][safepoint    ] Safepoint "RevokeBias", Time since last: 318300 ns, Reaching safepoint: 138000 ns, At safepoint: 253900 ns, Total: 391900 ns
[2020-05-01T16:42:30.883+0000][1][safepoint    ] Safepoint "RevokeBias", Time since last: 278300 ns, Reaching safepoint: 114800 ns, At safepoint: 142300 ns, Total: 257100 ns
[2020-05-01T16:42:30.883+0000][1][safepoint    ] Safepoint "RevokeBias", Time since last: 167200 ns, Reaching safepoint: 138500 ns, At safepoint: 193300 ns, Total: 331800 ns
[2020-05-01T16:42:30.884+0000][1][safepoint    ] Safepoint "RevokeBias", Time since last: 290600 ns, Reaching safepoint: 97800 ns, At safepoint: 68300 ns, Total: 166100 ns
[2020-05-01T16:42:30.884+0000][1][safepoint    ] Safepoint "RevokeBias", Time since last: 94300 ns, Reaching safepoint: 93800 ns, At safepoint: 46600 ns, Total: 140400 ns
[2020-05-01T16:42:30.884+0000][1][safepoint    ] Safepoint "RevokeBias", Time since last: 89800 ns, Reaching safepoint: 102300 ns, At safepoint: 55700 ns, Total: 158000 ns
[2020-05-01T16:42:30.885+0000][1][safepoint    ] Safepoint "RevokeBias", Time since last: 84700 ns, Reaching safepoint: 108500 ns, At safepoint: 67900 ns, Total: 176400 ns
[2020-05-01T16:42:30.885+0000][1][safepoint    ] Safepoint "RevokeBias", Time since last: 84400 ns, Reaching safepoint: 15500 ns, At safepoint: 63700 ns, Total: 79200 ns
[2020-05-01T16:42:30.885+0000][1][safepoint    ] Safepoint "RevokeBias", Time since last: 96200 ns, Reaching safepoint: 98900 ns, At safepoint: 53700 ns, Total: 152600 ns
[2020-05-01T16:42:30.885+0000][1][safepoint    ] Safepoint "RevokeBias", Time since last: 227700 ns, Reaching safepoint: 111800 ns, At safepoint: 51500 ns, Total: 163300 ns
[2020-05-01T16:42:30.886+0000][1][safepoint    ] Safepoint "RevokeBias", Time since last: 84500 ns, Reaching safepoint: 196500 ns, At safepoint: 324100 ns, Total: 520600 ns
[2020-05-01T16:42:30.887+0000][1][safepoint    ] Safepoint "RevokeBias", Time since last: 463400 ns, Reaching safepoint: 137900 ns, At safepoint: 105600 ns, Total: 243500 ns
[2020-05-01T16:42:30.887+0000][1][safepoint    ] Safepoint "RevokeBias", Time since last: 175400 ns, Reaching safepoint: 140700 ns, At safepoint: 152800 ns, Total: 293500 ns
[2020-05-01T16:42:30.888+0000][1][safepoint    ] Safepoint "RevokeBias", Time since last: 267600 ns, Reaching safepoint: 164500 ns, At safepoint: 105500 ns, Total: 270000 ns
[2020-05-01T16:42:30.888+0000][1][safepoint    ] Safepoint "RevokeBias", Time since last: 100300 ns, Reaching safepoint: 99500 ns, At safepoint: 110700 ns, Total: 210200 ns
[2020-05-01T16:42:30.888+0000][1][safepoint    ] Safepoint "RevokeBias", Time since last: 180100 ns, Reaching safepoint: 99900 ns, At safepoint: 67900 ns, Total: 167800 ns
[2020-05-01T16:42:30.889+0000][1][safepoint    ] Safepoint "RevokeBias", Time since last: 81100 ns, Reaching safepoint: 88500 ns, At safepoint: 60900 ns, Total: 149400 ns
[2020-05-01T16:42:30.889+0000][1][safepoint    ] Safepoint "RevokeBias", Time since last: 96400 ns, Reaching safepoint: 113700 ns, At safepoint: 119600 ns, Total: 233300 ns
[2020-05-01T16:42:30.889+0000][1][safepoint    ] Safepoint "RevokeBias", Time since last: 119200 ns, Reaching safepoint: 105800 ns, At safepoint: 109000 ns, Total: 214800 ns
[2020-05-01T16:42:30.889+0000][1][safepoint    ] Safepoint "RevokeBias", Time since last: 101600 ns, Reaching safepoint: 13800 ns, At safepoint: 73800 ns, Total: 87600 ns
[2020-05-01T16:42:30.890+0000][1][safepoint    ] Safepoint "RevokeBias", Time since last: 278900 ns, Reaching safepoint: 205600 ns, At safepoint: 184200 ns, Total: 389800 ns
[2020-05-01T16:42:30.891+0000][1][safepoint    ] Safepoint "RevokeBias", Time since last: 488200 ns, Reaching safepoint: 141000 ns, At safepoint: 172900 ns, Total: 313900 ns
[2020-05-01T16:42:30.891+0000][1][safepoint    ] Safepoint "RevokeBias", Time since last: 182600 ns, Reaching safepoint: 126100 ns, At safepoint: 137900 ns, Total: 264000 ns
[2020-05-01T16:42:30.892+0000][1][safepoint    ] Safepoint "RevokeBias", Time since last: 179300 ns, Reaching safepoint: 128800 ns, At safepoint: 74000 ns, Total: 202800 ns
[2020-05-01T16:42:30.892+0000][1][safepoint    ] Safepoint "RevokeBias", Time since last: 109000 ns, Reaching safepoint: 96500 ns, At safepoint: 74300 ns, Total: 170800 ns
[2020-05-01T16:42:30.892+0000][1][safepoint    ] Safepoint "RevokeBias", Time since last: 88900 ns, Reaching safepoint: 99800 ns, At safepoint: 82900 ns, Total: 182700 ns
[2020-05-01T16:42:30.893+0000][1][safepoint    ] Safepoint "RevokeBias", Time since last: 81800 ns, Reaching safepoint: 95000 ns, At safepoint: 68000 ns, Total: 163000 ns
[2020-05-01T16:42:30.893+0000][1][safepoint    ] Safepoint "RevokeBias", Time since last: 121300 ns, Reaching safepoint: 109700 ns, At safepoint: 63800 ns, Total: 173500 ns
[2020-05-01T16:42:30.893+0000][1][safepoint    ] Safepoint "RevokeBias", Time since last: 95000 ns, Reaching safepoint: 100400 ns, At safepoint: 59700 ns, Total: 160100 ns
[2020-05-01T16:42:30.893+0000][1][safepoint    ] Safepoint "RevokeBias", Time since last: 101200 ns, Reaching safepoint: 98200 ns, At safepoint: 53100 ns, Total: 151300 ns
[2020-05-01T16:42:30.894+0000][1][safepoint    ] Safepoint "RevokeBias", Time since last: 95500 ns, Reaching safepoint: 272600 ns, At safepoint: 320100 ns, Total: 592700 ns
[2020-05-01T16:42:30.895+0000][1][safepoint    ] Safepoint "RevokeBias", Time since last: 380900 ns, Reaching safepoint: 194100 ns, At safepoint: 133400 ns, Total: 327500 ns
[2020-05-01T16:42:30.895+0000][1][safepoint    ] Safepoint "RevokeBias", Time since last: 269300 ns, Reaching safepoint: 140500 ns, At safepoint: 142900 ns, Total: 283400 ns
[2020-05-01T16:42:30.896+0000][1][safepoint    ] Safepoint "RevokeBias", Time since last: 241200 ns, Reaching safepoint: 184400 ns, At safepoint: 120100 ns, Total: 304500 ns
[2020-05-01T16:42:30.896+0000][1][safepoint    ] Safepoint "RevokeBias", Time since last: 178500 ns, Reaching safepoint: 140300 ns, At safepoint: 106900 ns, Total: 247200 ns
[2020-05-01T16:42:30.897+0000][1][safepoint    ] Safepoint "BulkRevokeBias", Time since last: 224500 ns, Reaching safepoint: 161100 ns, At safepoint: 187700 ns, Total: 348800 ns
[2020-05-01T16:42:30.897+0000][1][safepoint    ] Safepoint "BulkRevokeBias", Time since last: 191900 ns, Reaching safepoint: 129000 ns, At safepoint: 131000 ns, Total: 260000 ns
[2020-05-01T16:42:30.907+0000][1][safepoint    ] Safepoint "RevokeBias", Time since last: 9590900 ns, Reaching safepoint: 157900 ns, At safepoint: 161000 ns, Total: 318900 ns
[2020-05-01T16:42:30.911+0000][1][safepoint    ] Safepoint "RevokeBias", Time since last: 3523400 ns, Reaching safepoint: 27300 ns, At safepoint: 91600 ns, Total: 118900 ns
[2020-05-01T16:42:31.383+0000][1][gc,start     ] GC(1) Pause Young (Allocation Failure)
[2020-05-01T16:42:31.383+0000][1][gc,task      ] GC(1) Using 10 workers of 10 for evacuation
[2020-05-01T16:42:31.403+0000][1][gc,age       ] GC(1) Desired survivor size 8945664 bytes, new threshold 6 (max threshold 6)
[2020-05-01T16:42:31.403+0000][1][gc,age       ] GC(1) Age table with threshold 6 (max threshold 6)
[2020-05-01T16:42:31.403+0000][1][gc,age       ] GC(1) - age   1:    2190424 bytes,    2190424 total
[2020-05-01T16:42:31.403+0000][1][gc,heap      ] GC(1) ParNew: 150300K->6735K(157248K)
[2020-05-01T16:42:31.403+0000][1][gc,heap      ] GC(1) CMS: 0K->9535K(349568K)
[2020-05-01T16:42:31.403+0000][1][gc,metaspace ] GC(1) Metaspace: 18614K->18614K(1067008K)
[2020-05-01T16:42:31.403+0000][1][gc           ] GC(1) Pause Young (Allocation Failure) 146M->15M(494M) 19.967ms
[2020-05-01T16:42:31.403+0000][1][gc,cpu       ] GC(1) User=0.15s Sys=0.05s Real=0.02s
[2020-05-01T16:42:31.403+0000][1][safepoint    ] Safepoint "GenCollectForAllocation", Time since last: 472159400 ns, Reaching safepoint: 129900 ns, At safepoint: 20071200 ns, Total: 20201100 ns
[2020-05-01T16:42:31.404+0000][1][safepoint    ] Safepoint "RevokeBias", Time since last: 275900 ns, Reaching safepoint: 117800 ns, At safepoint: 96100 ns, Total: 213900 ns
[2020-05-01T16:42:31.404+0000][1][safepoint    ] Safepoint "RevokeBias", Time since last: 120100 ns, Reaching safepoint: 17000 ns, At safepoint: 73800 ns, Total: 90800 ns
[2020-05-01T16:42:31.404+0000][1][safepoint    ] Safepoint "RevokeBias", Time since last: 152500 ns, Reaching safepoint: 121400 ns, At safepoint: 74400 ns, Total: 195800 ns
[2020-05-01T16:42:31.405+0000][1][safepoint    ] Safepoint "RevokeBias", Time since last: 121200 ns, Reaching safepoint: 114400 ns, At safepoint: 71800 ns, Total: 186200 ns
[2020-05-01T16:42:31.405+0000][1][safepoint    ] Safepoint "RevokeBias", Time since last: 137700 ns, Reaching safepoint: 104400 ns, At safepoint: 69700 ns, Total: 174100 ns
[2020-05-01T16:42:31.405+0000][1][safepoint    ] Safepoint "RevokeBias", Time since last: 139900 ns, Reaching safepoint: 106400 ns, At safepoint: 82000 ns, Total: 188400 ns
[2020-05-01T16:42:31.406+0000][1][safepoint    ] Safepoint "RevokeBias", Time since last: 132200 ns, Reaching safepoint: 104500 ns, At safepoint: 73000 ns, Total: 177500 ns
[2020-05-01T16:42:31.406+0000][1][safepoint    ] Safepoint "RevokeBias", Time since last: 121000 ns, Reaching safepoint: 105800 ns, At safepoint: 95600 ns, Total: 201400 ns
[2020-05-01T16:42:31.407+0000][1][safepoint    ] Safepoint "RevokeBias", Time since last: 694500 ns, Reaching safepoint: 107400 ns, At safepoint: 107800 ns, Total: 215200 ns
[2020-05-01T16:42:31.407+0000][1][safepoint    ] Safepoint "RevokeBias", Time since last: 138900 ns, Reaching safepoint: 101500 ns, At safepoint: 105100 ns, Total: 206600 ns
[2020-05-01T16:42:31.407+0000][1][safepoint    ] Safepoint "RevokeBias", Time since last: 129100 ns, Reaching safepoint: 109000 ns, At safepoint: 87000 ns, Total: 196000 ns
[2020-05-01T16:42:31.408+0000][1][safepoint    ] Safepoint "RevokeBias", Time since last: 180400 ns, Reaching safepoint: 115600 ns, At safepoint: 88100 ns, Total: 203700 ns
[2020-05-01T16:42:31.408+0000][1][safepoint    ] Safepoint "RevokeBias", Time since last: 154600 ns, Reaching safepoint: 19500 ns, At safepoint: 102700 ns, Total: 122200 ns
[2020-05-01T16:42:31.408+0000][1][safepoint    ] Safepoint "RevokeBias", Time since last: 132000 ns, Reaching safepoint: 123100 ns, At safepoint: 96000 ns, Total: 219100 ns
[2020-05-01T16:42:31.409+0000][1][safepoint    ] Safepoint "RevokeBias", Time since last: 148700 ns, Reaching safepoint: 112300 ns, At safepoint: 89900 ns, Total: 202200 ns
[2020-05-01T16:42:31.409+0000][1][safepoint    ] Safepoint "RevokeBias", Time since last: 130900 ns, Reaching safepoint: 119900 ns, At safepoint: 86400 ns, Total: 206300 ns
[2020-05-01T16:42:31.409+0000][1][safepoint    ] Safepoint "RevokeBias", Time since last: 120900 ns, Reaching safepoint: 100100 ns, At safepoint: 67000 ns, Total: 167100 ns
[2020-05-01T16:42:31.410+0000][1][safepoint    ] Safepoint "RevokeBias", Time since last: 137400 ns, Reaching safepoint: 122400 ns, At safepoint: 99600 ns, Total: 222000 ns
[2020-05-01T16:42:31.410+0000][1][safepoint    ] Safepoint "RevokeBias", Time since last: 125100 ns, Reaching safepoint: 114900 ns, At safepoint: 83000 ns, Total: 197900 ns
[2020-05-01T16:42:31.410+0000][1][safepoint    ] Safepoint "RevokeBias", Time since last: 127900 ns, Reaching safepoint: 17500 ns, At safepoint: 85200 ns, Total: 102700 ns
[2020-05-01T16:42:31.411+0000][1][safepoint    ] Safepoint "RevokeBias", Time since last: 128400 ns, Reaching safepoint: 111000 ns, At safepoint: 81800 ns, Total: 192800 ns
[2020-05-01T16:42:31.411+0000][1][safepoint    ] Safepoint "RevokeBias", Time since last: 121000 ns, Reaching safepoint: 99700 ns, At safepoint: 63700 ns, Total: 163400 ns
[2020-05-01T16:42:31.411+0000][1][safepoint    ] Safepoint "RevokeBias", Time since last: 112100 ns, Reaching safepoint: 101400 ns, At safepoint: 78400 ns, Total: 179800 ns
[2020-05-01T16:42:31.412+0000][1][safepoint    ] Safepoint "RevokeBias", Time since last: 108400 ns, Reaching safepoint: 100100 ns, At safepoint: 71500 ns, Total: 171600 ns
[2020-05-01T16:42:31.412+0000][1][safepoint    ] Safepoint "RevokeBias", Time since last: 113200 ns, Reaching safepoint: 97500 ns, At safepoint: 61100 ns, Total: 158600 ns
[2020-05-01T16:42:31.412+0000][1][safepoint    ] Safepoint "RevokeBias", Time since last: 145000 ns, Reaching safepoint: 116500 ns, At safepoint: 105900 ns, Total: 222400 ns
[2020-05-01T16:42:31.412+0000][1][safepoint    ] Safepoint "RevokeBias", Time since last: 111600 ns, Reaching safepoint: 111000 ns, At safepoint: 81000 ns, Total: 192000 ns
[2020-05-01T16:42:31.713+0000][1][safepoint    ] Safepoint "Deoptimize", Time since last: 300156900 ns, Reaching safepoint: 90100 ns, At safepoint: 398000 ns, Total: 488100 ns
[2020-05-01T16:42:31.719+0000][1][gc,start     ] GC(2) Pause Young (Allocation Failure)
[2020-05-01T16:42:31.719+0000][1][gc,task      ] GC(2) Using 10 workers of 10 for evacuation
[2020-05-01T16:42:31.722+0000][1][gc,age       ] GC(2) Desired survivor size 8945664 bytes, new threshold 6 (max threshold 6)
[2020-05-01T16:42:31.722+0000][1][gc,age       ] GC(2) Age table with threshold 6 (max threshold 6)
[2020-05-01T16:42:31.722+0000][1][gc,age       ] GC(2) - age   1:    1884600 bytes,    1884600 total
[2020-05-01T16:42:31.722+0000][1][gc,age       ] GC(2) - age   2:    1619344 bytes,    3503944 total
[2020-05-01T16:42:31.722+0000][1][gc,heap      ] GC(2) ParNew: 146511K->4611K(157248K)
[2020-05-01T16:42:31.722+0000][1][gc,heap      ] GC(2) CMS: 9535K->9535K(349568K)
[2020-05-01T16:42:31.722+0000][1][gc,metaspace ] GC(2) Metaspace: 19180K->19180K(1067008K)
[2020-05-01T16:42:31.722+0000][1][gc           ] GC(2) Pause Young (Allocation Failure) 152M->13M(494M) 2.427ms
[2020-05-01T16:42:31.722+0000][1][gc,cpu       ] GC(2) User=0.01s Sys=0.01s Real=0.00s
[2020-05-01T16:42:31.722+0000][1][safepoint    ] Safepoint "GenCollectForAllocation", Time since last: 6231600 ns, Reaching safepoint: 25100 ns, At safepoint: 2498600 ns, Total: 2523700 ns
[2020-05-01T16:42:31.722+0000][1][safepoint    ] Safepoint "BulkRevokeBias", Time since last: 204900 ns, Reaching safepoint: 128900 ns, At safepoint: 129300 ns, Total: 258200 ns
[2020-05-01T16:42:31.723+0000][1][safepoint    ] Safepoint "RevokeBias", Time since last: 156900 ns, Reaching safepoint: 145900 ns, At safepoint: 112900 ns, Total: 258800 ns
[2020-05-01T16:42:31.723+0000][1][safepoint    ] Safepoint "RevokeBias", Time since last: 199400 ns, Reaching safepoint: 140300 ns, At safepoint: 130000 ns, Total: 270300 ns
[2020-05-01T16:42:31.724+0000][1][safepoint    ] Safepoint "RevokeBias", Time since last: 181100 ns, Reaching safepoint: 142400 ns, At safepoint: 97500 ns, Total: 239900 ns
[2020-05-01T16:42:31.724+0000][1][safepoint    ] Safepoint "RevokeBias", Time since last: 106800 ns, Reaching safepoint: 94700 ns, At safepoint: 49900 ns, Total: 144600 ns
[2020-05-01T16:42:31.724+0000][1][safepoint    ] Safepoint "RevokeBias", Time since last: 83200 ns, Reaching safepoint: 106200 ns, At safepoint: 67300 ns, Total: 173500 ns
[2020-05-01T16:42:31.724+0000][1][safepoint    ] Safepoint "RevokeBias", Time since last: 100200 ns, Reaching safepoint: 17200 ns, At safepoint: 53800 ns, Total: 71000 ns
[2020-05-01T16:42:31.724+0000][1][safepoint    ] Safepoint "RevokeBias", Time since last: 90500 ns, Reaching safepoint: 14200 ns, At safepoint: 51100 ns, Total: 65300 ns
[2020-05-01T16:42:31.725+0000][1][safepoint    ] Safepoint "RevokeBias", Time since last: 94000 ns, Reaching safepoint: 13500 ns, At safepoint: 49500 ns, Total: 63000 ns
[2020-05-01T16:42:31.725+0000][1][safepoint    ] Safepoint "RevokeBias", Time since last: 100100 ns, Reaching safepoint: 15000 ns, At safepoint: 82200 ns, Total: 97200 ns
[2020-05-01T16:42:31.725+0000][1][safepoint    ] Safepoint "RevokeBias", Time since last: 90100 ns, Reaching safepoint: 186300 ns, At safepoint: 64700 ns, Total: 251000 ns
[2020-05-01T16:42:31.725+0000][1][safepoint    ] Safepoint "BulkRevokeBias", Time since last: 98200 ns, Reaching safepoint: 102600 ns, At safepoint: 82700 ns, Total: 185300 ns
[2020-05-01T16:42:31.767+0000][1][safepoint    ] Safepoint "Deoptimize", Time since last: 41591000 ns, Reaching safepoint: 22800 ns, At safepoint: 220500 ns, Total: 243300 ns
[2020-05-01T16:42:31.981+0000][1][gc,start     ] GC(3) Pause Young (Allocation Failure)
[2020-05-01T16:42:31.981+0000][1][gc,task      ] GC(3) Using 10 workers of 10 for evacuation
[2020-05-01T16:42:31.985+0000][1][gc,age       ] GC(3) Desired survivor size 8945664 bytes, new threshold 6 (max threshold 6)
[2020-05-01T16:42:31.985+0000][1][gc,age       ] GC(3) Age table with threshold 6 (max threshold 6)
[2020-05-01T16:42:31.985+0000][1][gc,age       ] GC(3) - age   1:    3737904 bytes,    3737904 total
[2020-05-01T16:42:31.985+0000][1][gc,age       ] GC(3) - age   2:    1829464 bytes,    5567368 total
[2020-05-01T16:42:31.985+0000][1][gc,age       ] GC(3) - age   3:    1615184 bytes,    7182552 total
[2020-05-01T16:42:31.985+0000][1][gc,heap      ] GC(3) ParNew: 144387K->7727K(157248K)
[2020-05-01T16:42:31.985+0000][1][gc,heap      ] GC(3) CMS: 9535K->9535K(349568K)
[2020-05-01T16:42:31.985+0000][1][gc,metaspace ] GC(3) Metaspace: 19562K->19562K(1067008K)
[2020-05-01T16:42:31.985+0000][1][gc           ] GC(3) Pause Young (Allocation Failure) 150M->16M(494M) 3.799ms
[2020-05-01T16:42:31.985+0000][1][gc,cpu       ] GC(3) User=0.03s Sys=0.00s Real=0.00s
[2020-05-01T16:42:31.985+0000][1][safepoint    ] Safepoint "GenCollectForAllocation", Time since last: 213716900 ns, Reaching safepoint: 57100 ns, At safepoint: 3884200 ns, Total: 3941300 ns
[2020-05-01T16:42:31.985+0000][1][safepoint    ] Safepoint "BulkRevokeBias", Time since last: 214600 ns, Reaching safepoint: 133400 ns, At safepoint: 84800 ns, Total: 218200 ns
[2020-05-01T16:42:32.208+0000][1][gc,start     ] GC(4) Pause Young (Allocation Failure)
[2020-05-01T16:42:32.208+0000][1][gc,task      ] GC(4) Using 10 workers of 10 for evacuation
[2020-05-01T16:42:32.211+0000][1][gc,age       ] GC(4) Desired survivor size 8945664 bytes, new threshold 6 (max threshold 6)
[2020-05-01T16:42:32.211+0000][1][gc,age       ] GC(4) Age table with threshold 6 (max threshold 6)
[2020-05-01T16:42:32.211+0000][1][gc,age       ] GC(4) - age   1:     575232 bytes,     575232 total
[2020-05-01T16:42:32.211+0000][1][gc,age       ] GC(4) - age   2:    2199968 bytes,    2775200 total
[2020-05-01T16:42:32.211+0000][1][gc,age       ] GC(4) - age   3:    1827944 bytes,    4603144 total
[2020-05-01T16:42:32.211+0000][1][gc,age       ] GC(4) - age   4:    1615040 bytes,    6218184 total
[2020-05-01T16:42:32.211+0000][1][gc,heap      ] GC(4) ParNew: 147503K->8352K(157248K)
[2020-05-01T16:42:32.211+0000][1][gc,heap      ] GC(4) CMS: 9535K->9535K(349568K)
[2020-05-01T16:42:32.211+0000][1][gc,metaspace ] GC(4) Metaspace: 19824K->19824K(1067008K)
[2020-05-01T16:42:32.211+0000][1][gc           ] GC(4) Pause Young (Allocation Failure) 153M->17M(494M) 3.386ms
[2020-05-01T16:42:32.211+0000][1][gc,cpu       ] GC(4) User=0.02s Sys=0.00s Real=0.00s
[2020-05-01T16:42:32.211+0000][1][safepoint    ] Safepoint "GenCollectForAllocation", Time since last: 222192500 ns, Reaching safepoint: 46900 ns, At safepoint: 3485500 ns, Total: 3532400 ns
[2020-05-01T16:42:32.282+0000][1][safepoint    ] Safepoint "CollectForMetadataAllocation", Time since last: 70318900 ns, Reaching safepoint: 46200 ns, At safepoint: 191800 ns, Total: 238000 ns
[2020-05-01T16:42:32.294+0000][1][safepoint    ] Safepoint "CollectForMetadataAllocation", Time since last: 12299600 ns, Reaching safepoint: 33500 ns, At safepoint: 197300 ns, Total: 230800 ns
[2020-05-01T16:42:32.321+0000][1][safepoint    ] Safepoint "CollectForMetadataAllocation", Time since last: 27068700 ns, Reaching safepoint: 36200 ns, At safepoint: 141300 ns, Total: 177500 ns
[2020-05-01T16:42:32.460+0000][1][gc,start     ] GC(5) Pause Young (Allocation Failure)
[2020-05-01T16:42:32.460+0000][1][gc,task      ] GC(5) Using 10 workers of 10 for evacuation
[2020-05-01T16:42:32.464+0000][1][gc,age       ] GC(5) Desired survivor size 8945664 bytes, new threshold 6 (max threshold 6)
[2020-05-01T16:42:32.464+0000][1][gc,age       ] GC(5) Age table with threshold 6 (max threshold 6)
[2020-05-01T16:42:32.464+0000][1][gc,age       ] GC(5) - age   1:    1623896 bytes,    1623896 total
[2020-05-01T16:42:32.464+0000][1][gc,age       ] GC(5) - age   2:     549976 bytes,    2173872 total
[2020-05-01T16:42:32.464+0000][1][gc,age       ] GC(5) - age   3:    2199392 bytes,    4373264 total
[2020-05-01T16:42:32.464+0000][1][gc,age       ] GC(5) - age   4:    1827944 bytes,    6201208 total
[2020-05-01T16:42:32.464+0000][1][gc,age       ] GC(5) - age   5:    1615016 bytes,    7816224 total
[2020-05-01T16:42:32.464+0000][1][gc,heap      ] GC(5) ParNew: 148128K->10009K(157248K)
[2020-05-01T16:42:32.464+0000][1][gc,heap      ] GC(5) CMS: 9535K->9535K(349568K)
[2020-05-01T16:42:32.464+0000][1][gc,metaspace ] GC(5) Metaspace: 20767K->20767K(1069056K)
[2020-05-01T16:42:32.464+0000][1][gc           ] GC(5) Pause Young (Allocation Failure) 153M->19M(494M) 3.954ms
[2020-05-01T16:42:32.464+0000][1][gc,cpu       ] GC(5) User=0.02s Sys=0.00s Real=0.00s
[2020-05-01T16:42:32.464+0000][1][safepoint    ] Safepoint "GenCollectForAllocation", Time since last: 138196900 ns, Reaching safepoint: 122900 ns, At safepoint: 4049700 ns, Total: 4172600 ns
[2020-05-01T16:42:32.464+0000][1][gc,start     ] GC(6) Pause Initial Mark
[2020-05-01T16:42:32.465+0000][1][gc           ] GC(6) Pause Initial Mark 21M->21M(494M) 0.986ms
[2020-05-01T16:42:32.465+0000][1][gc,cpu       ] GC(6) User=0.01s Sys=0.00s Real=0.00s
[2020-05-01T16:42:32.465+0000][1][safepoint    ] Safepoint "CMS_Initial_Mark", Time since last: 197700 ns, Reaching safepoint: 113700 ns, At safepoint: 1113700 ns, Total: 1227400 ns
[2020-05-01T16:42:32.465+0000][1][gc           ] GC(6) Concurrent Mark
[2020-05-01T16:42:32.466+0000][1][gc,task      ] GC(6) Using 3 workers of 3 for marking
[2020-05-01T16:42:32.472+0000][1][gc           ] GC(6) Concurrent Mark 6.544ms
[2020-05-01T16:42:32.472+0000][1][gc,cpu       ] GC(6) User=0.04s Sys=0.00s Real=0.01s
[2020-05-01T16:42:32.472+0000][1][gc           ] GC(6) Concurrent Preclean
[2020-05-01T16:42:32.473+0000][1][gc           ] GC(6) Concurrent Preclean 0.953ms
[2020-05-01T16:42:32.473+0000][1][gc,cpu       ] GC(6) User=0.00s Sys=0.00s Real=0.00s
[2020-05-01T16:42:32.473+0000][1][gc           ] GC(6) Concurrent Abortable Preclean
[2020-05-01T16:42:32.658+0000][1][gc           ] GC(6) Concurrent Abortable Preclean 184.952ms
[2020-05-01T16:42:32.658+0000][1][gc,cpu       ] GC(6) User=0.80s Sys=0.01s Real=0.19s
[2020-05-01T16:42:32.658+0000][1][gc,start     ] GC(6) Pause Remark
[2020-05-01T16:42:32.675+0000][1][gc           ] GC(6) Pause Remark 154M->154M(494M) 17.173ms
[2020-05-01T16:42:32.675+0000][1][gc,cpu       ] GC(6) User=0.14s Sys=0.00s Real=0.01s
[2020-05-01T16:42:32.676+0000][1][safepoint    ] Safepoint "CMS_Final_Remark", Time since last: 192844600 ns, Reaching safepoint: 154100 ns, At safepoint: 17300200 ns, Total: 17454300 ns
[2020-05-01T16:42:32.676+0000][1][gc           ] GC(6) Concurrent Sweep
[2020-05-01T16:42:32.680+0000][1][gc           ] GC(6) Concurrent Sweep 4.650ms
[2020-05-01T16:42:32.680+0000][1][gc,cpu       ] GC(6) User=0.02s Sys=0.00s Real=0.01s
[2020-05-01T16:42:32.680+0000][1][gc           ] GC(6) Concurrent Reset
[2020-05-01T16:42:32.681+0000][1][gc           ] GC(6) Concurrent Reset 0.970ms
[2020-05-01T16:42:32.681+0000][1][gc,cpu       ] GC(6) User=0.00s Sys=0.00s Real=0.00s
[2020-05-01T16:42:32.682+0000][1][gc,heap      ] GC(6) Old: 9535K->9532K(349568K)
[2020-05-01T16:42:32.683+0000][1][gc,start     ] GC(7) Pause Young (Allocation Failure)
[2020-05-01T16:42:32.683+0000][1][gc,task      ] GC(7) Using 10 workers of 10 for evacuation
[2020-05-01T16:42:32.688+0000][1][gc,age       ] GC(7) Desired survivor size 8945664 bytes, new threshold 6 (max threshold 6)
[2020-05-01T16:42:32.688+0000][1][gc,age       ] GC(7) Age table with threshold 6 (max threshold 6)
[2020-05-01T16:42:32.688+0000][1][gc,age       ] GC(7) - age   1:     952096 bytes,     952096 total
[2020-05-01T16:42:32.688+0000][1][gc,age       ] GC(7) - age   2:     772624 bytes,    1724720 total
[2020-05-01T16:42:32.688+0000][1][gc,age       ] GC(7) - age   3:     549976 bytes,    2274696 total
[2020-05-01T16:42:32.688+0000][1][gc,age       ] GC(7) - age   4:    2198264 bytes,    4472960 total
[2020-05-01T16:42:32.688+0000][1][gc,age       ] GC(7) - age   5:    1827904 bytes,    6300864 total
[2020-05-01T16:42:32.688+0000][1][gc,age       ] GC(7) - age   6:    1615016 bytes,    7915880 total
[2020-05-01T16:42:32.688+0000][1][gc,heap      ] GC(7) ParNew: 149785K->10425K(157248K)
[2020-05-01T16:42:32.688+0000][1][gc,heap      ] GC(7) CMS: 9532K->9532K(349568K)
[2020-05-01T16:42:32.688+0000][1][gc,metaspace ] GC(7) Metaspace: 20956K->20956K(1069056K)
[2020-05-01T16:42:32.688+0000][1][gc           ] GC(7) Pause Young (Allocation Failure) 155M->19M(494M) 4.842ms
[2020-05-01T16:42:32.688+0000][1][gc,cpu       ] GC(7) User=0.03s Sys=0.02s Real=0.01s
[2020-05-01T16:42:32.688+0000][1][safepoint    ] Safepoint "GenCollectForAllocation", Time since last: 7365100 ns, Reaching safepoint: 305700 ns, At safepoint: 4912900 ns, Total: 5218600 ns
[2020-05-01T16:42:32.871+0000][1][gc,start     ] GC(8) Pause Young (Allocation Failure)
[2020-05-01T16:42:32.871+0000][1][gc,task      ] GC(8) Using 10 workers of 10 for evacuation
[2020-05-01T16:42:32.875+0000][1][gc,age       ] GC(8) Desired survivor size 8945664 bytes, new threshold 6 (max threshold 6)
[2020-05-01T16:42:32.875+0000][1][gc,age       ] GC(8) Age table with threshold 6 (max threshold 6)
[2020-05-01T16:42:32.875+0000][1][gc,age       ] GC(8) - age   1:     498384 bytes,     498384 total
[2020-05-01T16:42:32.875+0000][1][gc,age       ] GC(8) - age   2:     417448 bytes,     915832 total
[2020-05-01T16:42:32.875+0000][1][gc,age       ] GC(8) - age   3:     772472 bytes,    1688304 total
[2020-05-01T16:42:32.875+0000][1][gc,age       ] GC(8) - age   4:     549976 bytes,    2238280 total
[2020-05-01T16:42:32.875+0000][1][gc,age       ] GC(8) - age   5:    2198288 bytes,    4436568 total
[2020-05-01T16:42:32.875+0000][1][gc,age       ] GC(8) - age   6:    1827880 bytes,    6264448 total
[2020-05-01T16:42:32.875+0000][1][gc,heap      ] GC(8) ParNew: 150201K->10428K(157248K)
[2020-05-01T16:42:32.875+0000][1][gc,heap      ] GC(8) CMS: 9532K->11126K(349568K)
[2020-05-01T16:42:32.875+0000][1][gc,metaspace ] GC(8) Metaspace: 21055K->21055K(1069056K)
[2020-05-01T16:42:32.875+0000][1][gc           ] GC(8) Pause Young (Allocation Failure) 155M->21M(494M) 4.402ms
[2020-05-01T16:42:32.875+0000][1][gc,cpu       ] GC(8) User=0.03s Sys=0.00s Real=0.00s
[2020-05-01T16:42:32.876+0000][1][safepoint    ] Safepoint "GenCollectForAllocation", Time since last: 182922400 ns, Reaching safepoint: 32700 ns, At safepoint: 4491500 ns, Total: 4524200 ns
[2020-05-01T16:42:33.384+0000][1][safepoint    ] Safepoint "Deoptimize", Time since last: 508221500 ns, Reaching safepoint: 255100 ns, At safepoint: 346800 ns, Total: 601900 ns
[2020-05-01T16:42:33.388+0000][1][safepoint    ] Safepoint "Deoptimize", Time since last: 3408700 ns, Reaching safepoint: 40000 ns, At safepoint: 481800 ns, Total: 521800 ns
[2020-05-01T16:42:34.220+0000][1][gc,start     ] GC(9) Pause Young (Allocation Failure)
[2020-05-01T16:42:34.220+0000][1][gc,task      ] GC(9) Using 10 workers of 10 for evacuation
[2020-05-01T16:42:34.239+0000][1][gc,age       ] GC(9) Desired survivor size 8945664 bytes, new threshold 1 (max threshold 6)
[2020-05-01T16:42:34.239+0000][1][gc,age       ] GC(9) Age table with threshold 1 (max threshold 6)
[2020-05-01T16:42:34.239+0000][1][gc,age       ] GC(9) - age   1:   12142944 bytes,   12142944 total
[2020-05-01T16:42:34.239+0000][1][gc,age       ] GC(9) - age   2:     265024 bytes,   12407968 total
[2020-05-01T16:42:34.239+0000][1][gc,age       ] GC(9) - age   3:     414840 bytes,   12822808 total
[2020-05-01T16:42:34.239+0000][1][gc,age       ] GC(9) - age   4:     771280 bytes,   13594088 total
[2020-05-01T16:42:34.239+0000][1][gc,age       ] GC(9) - age   5:     547520 bytes,   14141608 total
[2020-05-01T16:42:34.239+0000][1][gc,age       ] GC(9) - age   6:    2195216 bytes,   16336824 total
[2020-05-01T16:42:34.239+0000][1][gc,heap      ] GC(9) ParNew: 150204K->17472K(157248K)
[2020-05-01T16:42:34.239+0000][1][gc,heap      ] GC(9) CMS: 11126K->12920K(349568K)
[2020-05-01T16:42:34.239+0000][1][gc,metaspace ] GC(9) Metaspace: 28056K->28056K(1075200K)
[2020-05-01T16:42:34.239+0000][1][gc           ] GC(9) Pause Young (Allocation Failure) 157M->29M(494M) 19.551ms
[2020-05-01T16:42:34.239+0000][1][gc,cpu       ] GC(9) User=0.18s Sys=0.00s Real=0.02s
[2020-05-01T16:42:34.239+0000][1][safepoint    ] Safepoint "GenCollectForAllocation", Time since last: 830967200 ns, Reaching safepoint: 428800 ns, At safepoint: 19796600 ns, Total: 20225400 ns
[2020-05-01T16:42:34.330+0000][1][safepoint    ] Safepoint "RevokeBias", Time since last: 90487900 ns, Reaching safepoint: 188200 ns, At safepoint: 126400 ns, Total: 314600 ns
[2020-05-01T16:42:35.270+0000][1][safepoint    ] Safepoint "Deoptimize", Time since last: 938951400 ns, Reaching safepoint: 80300 ns, At safepoint: 669300 ns, Total: 749600 ns
[2020-05-01T16:42:35.630+0000][1][safepoint    ] Safepoint "RevokeBias", Time since last: 360313000 ns, Reaching safepoint: 60100 ns, At safepoint: 79700 ns, Total: 139800 ns
[2020-05-01T16:42:35.879+0000][1][gc,start     ] GC(10) Pause Young (Allocation Failure)
[2020-05-01T16:42:35.880+0000][1][gc,task      ] GC(10) Using 10 workers of 10 for evacuation
[2020-05-01T16:42:35.921+0000][1][gc,age       ] GC(10) Desired survivor size 8945664 bytes, new threshold 1 (max threshold 6)
[2020-05-01T16:42:35.921+0000][1][gc,age       ] GC(10) Age table with threshold 1 (max threshold 6)
[2020-05-01T16:42:35.921+0000][1][gc,age       ] GC(10) - age   1:   15634320 bytes,   15634320 total
[2020-05-01T16:42:35.921+0000][1][gc,heap      ] GC(10) ParNew: 157248K->17472K(157248K)
[2020-05-01T16:42:35.921+0000][1][gc,heap      ] GC(10) CMS: 12920K->31300K(349568K)
[2020-05-01T16:42:35.921+0000][1][gc,metaspace ] GC(10) Metaspace: 30476K->30476K(1077248K)
[2020-05-01T16:42:35.921+0000][1][gc           ] GC(10) Pause Young (Allocation Failure) 166M->47M(494M) 41.899ms
[2020-05-01T16:42:35.921+0000][1][gc,cpu       ] GC(10) User=0.29s Sys=0.08s Real=0.04s
[2020-05-01T16:42:35.921+0000][1][safepoint    ] Safepoint "GenCollectForAllocation", Time since last: 248592700 ns, Reaching safepoint: 362800 ns, At safepoint: 42097700 ns, Total: 42460500 ns
[2020-05-01T16:42:36.856+0000][1][safepoint    ] Safepoint "ICBufferFull", Time since last: 934004700 ns, Reaching safepoint: 176800 ns, At safepoint: 73800 ns, Total: 250600 ns
[2020-05-01T16:42:36.889+0000][1][gc,start     ] GC(11) Pause Young (Allocation Failure)
[2020-05-01T16:42:36.889+0000][1][gc,task      ] GC(11) Using 10 workers of 10 for evacuation
[2020-05-01T16:42:36.909+0000][1][gc,age       ] GC(11) Desired survivor size 8945664 bytes, new threshold 6 (max threshold 6)
[2020-05-01T16:42:36.909+0000][1][gc,age       ] GC(11) Age table with threshold 6 (max threshold 6)
[2020-05-01T16:42:36.909+0000][1][gc,age       ] GC(11) - age   1:    2809480 bytes,    2809480 total
[2020-05-01T16:42:36.910+0000][1][gc,heap      ] GC(11) ParNew: 157248K->15979K(157248K)
[2020-05-01T16:42:36.910+0000][1][gc,heap      ] GC(11) CMS: 31300K->47177K(349568K)
[2020-05-01T16:42:36.910+0000][1][gc,metaspace ] GC(11) Metaspace: 34027K->34027K(1081344K)
[2020-05-01T16:42:36.910+0000][1][gc           ] GC(11) Pause Young (Allocation Failure) 184M->61M(494M) 20.938ms
[2020-05-01T16:42:36.910+0000][1][gc,cpu       ] GC(11) User=0.19s Sys=0.00s Real=0.02s
[2020-05-01T16:42:36.910+0000][1][safepoint    ] Safepoint "GenCollectForAllocation", Time since last: 32802200 ns, Reaching safepoint: 144600 ns, At safepoint: 21534700 ns, Total: 21679300 ns
[2020-05-01T16:42:36.956+0000][1][safepoint    ] Safepoint "CollectForMetadataAllocation", Time since last: 45433500 ns, Reaching safepoint: 157200 ns, At safepoint: 247100 ns, Total: 404300 ns
[2020-05-01T16:42:36.998+0000][1][safepoint    ] Safepoint "CollectForMetadataAllocation", Time since last: 41613500 ns, Reaching safepoint: 144700 ns, At safepoint: 342700 ns, Total: 487400 ns
[2020-05-01T16:42:37.062+0000][1][safepoint    ] Safepoint "CollectForMetadataAllocation", Time since last: 63937100 ns, Reaching safepoint: 34100 ns, At safepoint: 110200 ns, Total: 144300 ns
[2020-05-01T16:42:37.111+0000][1][safepoint    ] Safepoint "CollectForMetadataAllocation", Time since last: 48319600 ns, Reaching safepoint: 57200 ns, At safepoint: 214000 ns, Total: 271200 ns
[2020-05-01T16:42:37.142+0000][1][safepoint    ] Safepoint "CollectForMetadataAllocation", Time since last: 31169900 ns, Reaching safepoint: 24400 ns, At safepoint: 188700 ns, Total: 213100 ns
[2020-05-01T16:42:37.183+0000][1][safepoint    ] Safepoint "CollectForMetadataAllocation", Time since last: 40147700 ns, Reaching safepoint: 33300 ns, At safepoint: 271700 ns, Total: 305000 ns
[2020-05-01T16:42:37.215+0000][1][safepoint    ] Safepoint "CollectForMetadataAllocation", Time since last: 31763100 ns, Reaching safepoint: 22200 ns, At safepoint: 168100 ns, Total: 190300 ns
[2020-05-01T16:42:37.242+0000][1][safepoint    ] Safepoint "CollectForMetadataAllocation", Time since last: 26558400 ns, Reaching safepoint: 62700 ns, At safepoint: 274000 ns, Total: 336700 ns
[2020-05-01T16:42:37.266+0000][1][safepoint    ] Safepoint "CollectForMetadataAllocation", Time since last: 24504200 ns, Reaching safepoint: 39900 ns, At safepoint: 180000 ns, Total: 219900 ns
[2020-05-01T16:42:37.295+0000][1][safepoint    ] Safepoint "CollectForMetadataAllocation", Time since last: 28472500 ns, Reaching safepoint: 29200 ns, At safepoint: 182700 ns, Total: 211900 ns
[2020-05-01T16:42:37.327+0000][1][safepoint    ] Safepoint "CollectForMetadataAllocation", Time since last: 31305300 ns, Reaching safepoint: 78500 ns, At safepoint: 376000 ns, Total: 454500 ns
[2020-05-01T16:42:37.351+0000][1][safepoint    ] Safepoint "Deoptimize", Time since last: 23491100 ns, Reaching safepoint: 62300 ns, At safepoint: 981500 ns, Total: 1043800 ns
[2020-05-01T16:42:37.357+0000][1][safepoint    ] Safepoint "Deoptimize", Time since last: 4903600 ns, Reaching safepoint: 30400 ns, At safepoint: 658900 ns, Total: 689300 ns
[2020-05-01T16:42:37.359+0000][1][safepoint    ] Safepoint "CollectForMetadataAllocation", Time since last: 1701800 ns, Reaching safepoint: 38500 ns, At safepoint: 270000 ns, Total: 308500 ns
[2020-05-01T16:42:37.373+0000][1][safepoint    ] Safepoint "CollectForMetadataAllocation", Time since last: 14086100 ns, Reaching safepoint: 60000 ns, At safepoint: 248400 ns, Total: 308400 ns
[2020-05-01T16:42:37.391+0000][1][safepoint    ] Safepoint "RevokeBias", Time since last: 17882000 ns, Reaching safepoint: 51900 ns, At safepoint: 182400 ns, Total: 234300 ns
[2020-05-01T16:42:37.397+0000][1][safepoint    ] Safepoint "Deoptimize", Time since last: 4410100 ns, Reaching safepoint: 88800 ns, At safepoint: 1021500 ns, Total: 1110300 ns
[2020-05-01T16:42:37.409+0000][1][safepoint    ] Safepoint "RevokeBias", Time since last: 11956400 ns, Reaching safepoint: 67900 ns, At safepoint: 167100 ns, Total: 235000 ns
[2020-05-01T16:42:37.413+0000][1][safepoint    ] Safepoint "CollectForMetadataAllocation", Time since last: 3280900 ns, Reaching safepoint: 105600 ns, At safepoint: 418400 ns, Total: 524000 ns
[2020-05-01T16:42:37.424+0000][1][safepoint    ] Safepoint "RevokeBias", Time since last: 11496700 ns, Reaching safepoint: 33000 ns, At safepoint: 76900 ns, Total: 109900 ns
[2020-05-01T16:42:37.469+0000][1][safepoint    ] Safepoint "CollectForMetadataAllocation", Time since last: 44350700 ns, Reaching safepoint: 38500 ns, At safepoint: 167200 ns, Total: 205700 ns
[2020-05-01T16:42:37.501+0000][1][safepoint    ] Safepoint "CollectForMetadataAllocation", Time since last: 31213200 ns, Reaching safepoint: 21700 ns, At safepoint: 581100 ns, Total: 602800 ns
[2020-05-01T16:42:37.541+0000][1][safepoint    ] Safepoint "CollectForMetadataAllocation", Time since last: 40000300 ns, Reaching safepoint: 87600 ns, At safepoint: 338600 ns, Total: 426200 ns
[2020-05-01T16:42:37.566+0000][1][safepoint    ] Safepoint "CollectForMetadataAllocation", Time since last: 23941900 ns, Reaching safepoint: 79400 ns, At safepoint: 390500 ns, Total: 469900 ns
[2020-05-01T16:42:37.611+0000][1][safepoint    ] Safepoint "CollectForMetadataAllocation", Time since last: 44835400 ns, Reaching safepoint: 55500 ns, At safepoint: 385200 ns, Total: 440700 ns
[2020-05-01T16:42:37.647+0000][1][safepoint    ] Safepoint "CollectForMetadataAllocation", Time since last: 35173100 ns, Reaching safepoint: 113600 ns, At safepoint: 424000 ns, Total: 537600 ns
[2020-05-01T16:42:37.679+0000][1][safepoint    ] Safepoint "CollectForMetadataAllocation", Time since last: 31591000 ns, Reaching safepoint: 64200 ns, At safepoint: 256700 ns, Total: 320900 ns
[2020-05-01T16:42:37.717+0000][1][safepoint    ] Safepoint "CollectForMetadataAllocation", Time since last: 38283300 ns, Reaching safepoint: 23700 ns, At safepoint: 154300 ns, Total: 178000 ns
[2020-05-01T16:42:37.765+0000][1][safepoint    ] Safepoint "CollectForMetadataAllocation", Time since last: 47447600 ns, Reaching safepoint: 50000 ns, At safepoint: 256100 ns, Total: 306100 ns
[2020-05-01T16:42:37.796+0000][1][safepoint    ] Safepoint "CollectForMetadataAllocation", Time since last: 31263400 ns, Reaching safepoint: 77400 ns, At safepoint: 266000 ns, Total: 343400 ns
[2020-05-01T16:42:37.843+0000][1][safepoint    ] Safepoint "CollectForMetadataAllocation", Time since last: 46524500 ns, Reaching safepoint: 28400 ns, At safepoint: 180700 ns, Total: 209100 ns
[2020-05-01T16:42:37.893+0000][1][safepoint    ] Safepoint "CollectForMetadataAllocation", Time since last: 49731000 ns, Reaching safepoint: 47100 ns, At safepoint: 151400 ns, Total: 198500 ns
[2020-05-01T16:42:37.967+0000][1][safepoint    ] Safepoint "CollectForMetadataAllocation", Time since last: 73457800 ns, Reaching safepoint: 87000 ns, At safepoint: 310400 ns, Total: 397400 ns
[2020-05-01T16:42:37.993+0000][1][safepoint    ] Safepoint "CollectForMetadataAllocation", Time since last: 26262600 ns, Reaching safepoint: 76300 ns, At safepoint: 211700 ns, Total: 288000 ns
[2020-05-01T16:42:38.059+0000][1][safepoint    ] Safepoint "CollectForMetadataAllocation", Time since last: 65227800 ns, Reaching safepoint: 40400 ns, At safepoint: 236100 ns, Total: 276500 ns
[2020-05-01T16:42:38.108+0000][1][safepoint    ] Safepoint "CollectForMetadataAllocation", Time since last: 48142800 ns, Reaching safepoint: 169300 ns, At safepoint: 333300 ns, Total: 502600 ns
[2020-05-01T16:42:38.171+0000][1][safepoint    ] Safepoint "CollectForMetadataAllocation", Time since last: 62672500 ns, Reaching safepoint: 111000 ns, At safepoint: 359500 ns, Total: 470500 ns
[2020-05-01T16:42:38.217+0000][1][safepoint    ] Safepoint "CollectForMetadataAllocation", Time since last: 45984500 ns, Reaching safepoint: 34600 ns, At safepoint: 202500 ns, Total: 237100 ns
[2020-05-01T16:42:38.232+0000][1][safepoint    ] Safepoint "CollectForMetadataAllocation", Time since last: 14962500 ns, Reaching safepoint: 114700 ns, At safepoint: 331300 ns, Total: 446000 ns
[2020-05-01T16:42:38.268+0000][1][safepoint    ] Safepoint "CollectForMetadataAllocation", Time since last: 34922600 ns, Reaching safepoint: 51300 ns, At safepoint: 332400 ns, Total: 383700 ns
[2020-05-01T16:42:38.300+0000][1][safepoint    ] Safepoint "CollectForMetadataAllocation", Time since last: 32606000 ns, Reaching safepoint: 23200 ns, At safepoint: 141200 ns, Total: 164400 ns
[2020-05-01T16:42:38.302+0000][1][safepoint    ] Safepoint "RevokeBias", Time since last: 1426300 ns, Reaching safepoint: 160100 ns, At safepoint: 110200 ns, Total: 270300 ns
[2020-05-01T16:42:38.303+0000][1][safepoint    ] Safepoint "RevokeBias", Time since last: 288400 ns, Reaching safepoint: 149200 ns, At safepoint: 70200 ns, Total: 219400 ns
[2020-05-01T16:42:38.334+0000][1][safepoint    ] Safepoint "CollectForMetadataAllocation", Time since last: 31323700 ns, Reaching safepoint: 44800 ns, At safepoint: 211100 ns, Total: 255900 ns
[2020-05-01T16:42:38.469+0000][1][safepoint    ] Safepoint "CollectForMetadataAllocation", Time since last: 134350400 ns, Reaching safepoint: 215200 ns, At safepoint: 200700 ns, Total: 415900 ns
[2020-05-01T16:42:38.470+0000][1][safepoint    ] Safepoint "CollectForMetadataAllocation", Time since last: 232000 ns, Reaching safepoint: 1065600 ns, At safepoint: 118000 ns, Total: 1183600 ns
[2020-05-01T16:42:38.482+0000][1][safepoint    ] Safepoint "CollectForMetadataAllocation", Time since last: 10990000 ns, Reaching safepoint: 224300 ns, At safepoint: 445900 ns, Total: 670200 ns
[2020-05-01T16:42:38.493+0000][1][safepoint    ] Safepoint "CollectForMetadataAllocation", Time since last: 10359200 ns, Reaching safepoint: 67800 ns, At safepoint: 222400 ns, Total: 290200 ns
[2020-05-01T16:42:38.511+0000][1][safepoint    ] Safepoint "Deoptimize", Time since last: 17235800 ns, Reaching safepoint: 100900 ns, At safepoint: 1023900 ns, Total: 1124800 ns
[2020-05-01T16:42:38.514+0000][1][safepoint    ] Safepoint "CollectForMetadataAllocation", Time since last: 2470900 ns, Reaching safepoint: 70200 ns, At safepoint: 288300 ns, Total: 358500 ns
[2020-05-01T16:42:38.518+0000][1][safepoint    ] Safepoint "Deoptimize", Time since last: 2977100 ns, Reaching safepoint: 101600 ns, At safepoint: 1190900 ns, Total: 1292500 ns
[2020-05-01T16:42:38.567+0000][1][safepoint    ] Safepoint "CollectForMetadataAllocation", Time since last: 48219600 ns, Reaching safepoint: 106300 ns, At safepoint: 315600 ns, Total: 421900 ns
[2020-05-01T16:42:38.911+0000][1][gc,start     ] GC(12) Pause Initial Mark
[2020-05-01T16:42:38.923+0000][1][gc           ] GC(12) Pause Initial Mark 143M->143M(494M) 12.481ms
[2020-05-01T16:42:38.923+0000][1][gc,cpu       ] GC(12) User=0.11s Sys=0.00s Real=0.01s
[2020-05-01T16:42:38.923+0000][1][safepoint    ] Safepoint "CMS_Initial_Mark", Time since last: 343482300 ns, Reaching safepoint: 171100 ns, At safepoint: 12761200 ns, Total: 12932300 ns
[2020-05-01T16:42:38.923+0000][1][gc           ] GC(12) Concurrent Mark
[2020-05-01T16:42:38.923+0000][1][gc,task      ] GC(12) Using 3 workers of 3 for marking
[2020-05-01T16:42:38.961+0000][1][gc           ] GC(12) Concurrent Mark 37.608ms
[2020-05-01T16:42:38.961+0000][1][gc,cpu       ] GC(12) User=0.14s Sys=0.01s Real=0.04s
[2020-05-01T16:42:38.961+0000][1][gc           ] GC(12) Concurrent Preclean
[2020-05-01T16:42:38.970+0000][1][gc           ] GC(12) Concurrent Preclean 8.533ms
[2020-05-01T16:42:38.970+0000][1][gc,cpu       ] GC(12) User=0.02s Sys=0.00s Real=0.01s
[2020-05-01T16:42:38.970+0000][1][gc           ] GC(12) Concurrent Abortable Preclean
[2020-05-01T16:42:39.092+0000][1][safepoint    ] Safepoint "CollectForMetadataAllocation", Time since last: 168833400 ns, Reaching safepoint: 46200 ns, At safepoint: 200600 ns, Total: 246800 ns
[2020-05-01T16:42:39.354+0000][1][safepoint    ] Safepoint "CollectForMetadataAllocation", Time since last: 261897400 ns, Reaching safepoint: 63300 ns, At safepoint: 146500 ns, Total: 209800 ns
[2020-05-01T16:42:39.429+0000][1][safepoint    ] Safepoint "Deoptimize", Time since last: 73001100 ns, Reaching safepoint: 168800 ns, At safepoint: 1321700 ns, Total: 1490500 ns
[2020-05-01T16:42:39.436+0000][1][safepoint    ] Safepoint "CollectForMetadataAllocation", Time since last: 6737000 ns, Reaching safepoint: 160600 ns, At safepoint: 192100 ns, Total: 352700 ns
[2020-05-01T16:42:39.607+0000][1][safepoint    ] Safepoint "CollectForMetadataAllocation", Time since last: 170628900 ns, Reaching safepoint: 60700 ns, At safepoint: 231500 ns, Total: 292200 ns
[2020-05-01T16:42:39.694+0000][1][safepoint    ] Safepoint "CollectForMetadataAllocation", Time since last: 86760400 ns, Reaching safepoint: 68600 ns, At safepoint: 245600 ns, Total: 314200 ns
[2020-05-01T16:42:39.728+0000][1][safepoint    ] Safepoint "CollectForMetadataAllocation", Time since last: 33936100 ns, Reaching safepoint: 190900 ns, At safepoint: 246300 ns, Total: 437200 ns
[2020-05-01T16:42:39.796+0000][1][safepoint    ] Safepoint "CollectForMetadataAllocation", Time since last: 67209900 ns, Reaching safepoint: 328500 ns, At safepoint: 414300 ns, Total: 742800 ns
[2020-05-01T16:42:39.893+0000][1][safepoint    ] Safepoint "CollectForMetadataAllocation", Time since last: 96770100 ns, Reaching safepoint: 69900 ns, At safepoint: 148100 ns, Total: 218000 ns
[2020-05-01T16:42:39.952+0000][1][safepoint    ] Safepoint "RevokeBias", Time since last: 57879700 ns, Reaching safepoint: 316300 ns, At safepoint: 92700 ns, Total: 409000 ns
[2020-05-01T16:42:39.961+0000][1][safepoint    ] Safepoint "RevokeBias", Time since last: 9104600 ns, Reaching safepoint: 385700 ns, At safepoint: 365800 ns, Total: 751500 ns
[2020-05-01T16:42:40.062+0000][1][safepoint    ] Safepoint "CollectForMetadataAllocation", Time since last: 99915800 ns, Reaching safepoint: 122600 ns, At safepoint: 210100 ns, Total: 332700 ns
[2020-05-01T16:42:40.146+0000][1][safepoint    ] Safepoint "CollectForMetadataAllocation", Time since last: 84149300 ns, Reaching safepoint: 49600 ns, At safepoint: 226900 ns, Total: 276500 ns
[2020-05-01T16:42:40.195+0000][1][safepoint    ] Safepoint "CollectForMetadataAllocation", Time since last: 48693300 ns, Reaching safepoint: 172200 ns, At safepoint: 227800 ns, Total: 400000 ns
[2020-05-01T16:42:40.271+0000][1][safepoint    ] Safepoint "CollectForMetadataAllocation", Time since last: 75353900 ns, Reaching safepoint: 45700 ns, At safepoint: 663300 ns, Total: 709000 ns
[2020-05-01T16:42:40.332+0000][1][gc,start     ] GC(13) Pause Young (Allocation Failure)
[2020-05-01T16:42:40.332+0000][1][gc,task      ] GC(13) Using 10 workers of 10 for evacuation
[2020-05-01T16:42:40.347+0000][1][gc,age       ] GC(13) Desired survivor size 8945664 bytes, new threshold 2 (max threshold 6)
[2020-05-01T16:42:40.347+0000][1][gc,age       ] GC(13) Age table with threshold 2 (max threshold 6)
[2020-05-01T16:42:40.347+0000][1][gc,age       ] GC(13) - age   1:    6908872 bytes,    6908872 total
[2020-05-01T16:42:40.348+0000][1][gc,age       ] GC(13) - age   2:    2780376 bytes,    9689248 total
[2020-05-01T16:42:40.348+0000][1][gc,heap      ] GC(13) ParNew: 155755K->12094K(157248K)
[2020-05-01T16:42:40.348+0000][1][gc,heap      ] GC(13) CMS: 47177K->47177K(349568K)
[2020-05-01T16:42:40.348+0000][1][gc,metaspace ] GC(13) Metaspace: 50264K->50264K(1095680K)
[2020-05-01T16:42:40.348+0000][1][gc           ] GC(13) Pause Young (Allocation Failure) 198M->57M(494M) 15.447ms
[2020-05-01T16:42:40.348+0000][1][gc,cpu       ] GC(13) User=0.16s Sys=0.00s Real=0.02s
[2020-05-01T16:42:40.348+0000][1][safepoint    ] Safepoint "GenCollectForAllocation", Time since last: 59899700 ns, Reaching safepoint: 936200 ns, At safepoint: 15585600 ns, Total: 16521800 ns
[2020-05-01T16:42:40.349+0000][1][safepoint    ] Safepoint "RevokeBias", Time since last: 1185100 ns, Reaching safepoint: 197200 ns, At safepoint: 243500 ns, Total: 440700 ns
[2020-05-01T16:42:40.351+0000][1][safepoint    ] Safepoint "CollectForMetadataAllocation", Time since last: 589300 ns, Reaching safepoint: 210700 ns, At safepoint: 356100 ns, Total: 566800 ns
[2020-05-01T16:42:40.351+0000][1][safepoint    ] Safepoint "RevokeBias", Time since last: 380500 ns, Reaching safepoint: 204900 ns, At safepoint: 108300 ns, Total: 313200 ns
[2020-05-01T16:42:40.352+0000][1][safepoint    ] Safepoint "RevokeBias", Time since last: 233400 ns, Reaching safepoint: 233000 ns, At safepoint: 105100 ns, Total: 338100 ns
[2020-05-01T16:42:40.353+0000][1][safepoint    ] Safepoint "RevokeBias", Time since last: 669400 ns, Reaching safepoint: 275500 ns, At safepoint: 296600 ns, Total: 572100 ns
[2020-05-01T16:42:40.354+0000][1][safepoint    ] Safepoint "RevokeBias", Time since last: 342500 ns, Reaching safepoint: 121000 ns, At safepoint: 194000 ns, Total: 315000 ns
[2020-05-01T16:42:40.354+0000][1][safepoint    ] Safepoint "RevokeBias", Time since last: 173700 ns, Reaching safepoint: 62400 ns, At safepoint: 144100 ns, Total: 206500 ns
[2020-05-01T16:42:40.355+0000][1][safepoint    ] Safepoint "RevokeBias", Time since last: 165300 ns, Reaching safepoint: 461400 ns, At safepoint: 80800 ns, Total: 542200 ns
[2020-05-01T16:42:40.355+0000][1][safepoint    ] Safepoint "RevokeBias", Time since last: 109800 ns, Reaching safepoint: 121000 ns, At safepoint: 67600 ns, Total: 188600 ns
[2020-05-01T16:42:40.355+0000][1][safepoint    ] Safepoint "RevokeBias", Time since last: 104200 ns, Reaching safepoint: 120400 ns, At safepoint: 65600 ns, Total: 186000 ns
[2020-05-01T16:42:40.356+0000][1][safepoint    ] Safepoint "RevokeBias", Time since last: 104600 ns, Reaching safepoint: 128000 ns, At safepoint: 103200 ns, Total: 231200 ns
[2020-05-01T16:42:40.356+0000][1][safepoint    ] Safepoint "RevokeBias", Time since last: 114600 ns, Reaching safepoint: 135500 ns, At safepoint: 138900 ns, Total: 274400 ns
[2020-05-01T16:42:40.357+0000][1][safepoint    ] Safepoint "RevokeBias", Time since last: 138800 ns, Reaching safepoint: 401000 ns, At safepoint: 187000 ns, Total: 588000 ns
[2020-05-01T16:42:40.357+0000][1][safepoint    ] Safepoint "RevokeBias", Time since last: 284200 ns, Reaching safepoint: 203100 ns, At safepoint: 126300 ns, Total: 329400 ns
[2020-05-01T16:42:40.358+0000][1][safepoint    ] Safepoint "BulkRevokeBias", Time since last: 213500 ns, Reaching safepoint: 148000 ns, At safepoint: 324000 ns, Total: 472000 ns
[2020-05-01T16:42:40.391+0000][1][safepoint    ] Safepoint "RevokeBias", Time since last: 32949000 ns, Reaching safepoint: 59100 ns, At safepoint: 48400 ns, Total: 107500 ns
[2020-05-01T16:42:40.426+0000][1][safepoint    ] Safepoint "CollectForMetadataAllocation", Time since last: 34343100 ns, Reaching safepoint: 54800 ns, At safepoint: 203600 ns, Total: 258400 ns
[2020-05-01T16:42:40.478+0000][1][safepoint    ] Safepoint "RevokeBias", Time since last: 52359000 ns, Reaching safepoint: 65600 ns, At safepoint: 89500 ns, Total: 155100 ns
[2020-05-01T16:42:40.479+0000][1][safepoint    ] Safepoint "RevokeBias", Time since last: 164100 ns, Reaching safepoint: 231700 ns, At safepoint: 99700 ns, Total: 331400 ns
[2020-05-01T16:42:40.479+0000][1][safepoint    ] Safepoint "RevokeBias", Time since last: 251800 ns, Reaching safepoint: 46700 ns, At safepoint: 66000 ns, Total: 112700 ns
[2020-05-01T16:42:40.480+0000][1][safepoint    ] Safepoint "RevokeBias", Time since last: 229000 ns, Reaching safepoint: 172000 ns, At safepoint: 80400 ns, Total: 252400 ns
[2020-05-01T16:42:40.480+0000][1][safepoint    ] Safepoint "RevokeBias", Time since last: 233600 ns, Reaching safepoint: 236100 ns, At safepoint: 77400 ns, Total: 313500 ns
[2020-05-01T16:42:40.481+0000][1][safepoint    ] Safepoint "RevokeBias", Time since last: 987900 ns, Reaching safepoint: 75900 ns, At safepoint: 84700 ns, Total: 160600 ns
[2020-05-01T16:42:40.483+0000][1][safepoint    ] Safepoint "RevokeBias", Time since last: 1006100 ns, Reaching safepoint: 200600 ns, At safepoint: 86900 ns, Total: 287500 ns
[2020-05-01T16:42:40.483+0000][1][safepoint    ] Safepoint "RevokeBias", Time since last: 462700 ns, Reaching safepoint: 55500 ns, At safepoint: 83100 ns, Total: 138600 ns
[2020-05-01T16:42:40.484+0000][1][safepoint    ] Safepoint "RevokeBias", Time since last: 149800 ns, Reaching safepoint: 47700 ns, At safepoint: 108800 ns, Total: 156500 ns
[2020-05-01T16:42:40.484+0000][1][safepoint    ] Safepoint "RevokeBias", Time since last: 96600 ns, Reaching safepoint: 32300 ns, At safepoint: 49200 ns, Total: 81500 ns
[2020-05-01T16:42:40.484+0000][1][safepoint    ] Safepoint "RevokeBias", Time since last: 98300 ns, Reaching safepoint: 220400 ns, At safepoint: 73000 ns, Total: 293400 ns
[2020-05-01T16:42:40.484+0000][1][safepoint    ] Safepoint "RevokeBias", Time since last: 111600 ns, Reaching safepoint: 135400 ns, At safepoint: 82500 ns, Total: 217900 ns
[2020-05-01T16:42:40.485+0000][1][safepoint    ] Safepoint "RevokeBias", Time since last: 126100 ns, Reaching safepoint: 122500 ns, At safepoint: 74500 ns, Total: 197000 ns
[2020-05-01T16:42:40.485+0000][1][safepoint    ] Safepoint "RevokeBias", Time since last: 122700 ns, Reaching safepoint: 47200 ns, At safepoint: 96800 ns, Total: 144000 ns
[2020-05-01T16:42:40.485+0000][1][safepoint    ] Safepoint "RevokeBias", Time since last: 117900 ns, Reaching safepoint: 167900 ns, At safepoint: 72000 ns, Total: 239900 ns
[2020-05-01T16:42:40.486+0000][1][safepoint    ] Safepoint "RevokeBias", Time since last: 136300 ns, Reaching safepoint: 274700 ns, At safepoint: 105200 ns, Total: 379900 ns
[2020-05-01T16:42:40.486+0000][1][safepoint    ] Safepoint "RevokeBias", Time since last: 140100 ns, Reaching safepoint: 155000 ns, At safepoint: 95700 ns, Total: 250700 ns
[2020-05-01T16:42:40.487+0000][1][safepoint    ] Safepoint "RevokeBias", Time since last: 142900 ns, Reaching safepoint: 140200 ns, At safepoint: 94400 ns, Total: 234600 ns
[2020-05-01T16:42:40.487+0000][1][safepoint    ] Safepoint "RevokeBias", Time since last: 126900 ns, Reaching safepoint: 135600 ns, At safepoint: 104400 ns, Total: 240000 ns
[2020-05-01T16:42:40.487+0000][1][safepoint    ] Safepoint "RevokeBias", Time since last: 129500 ns, Reaching safepoint: 47700 ns, At safepoint: 78600 ns, Total: 126300 ns
[2020-05-01T16:42:40.488+0000][1][safepoint    ] Safepoint "RevokeBias", Time since last: 131000 ns, Reaching safepoint: 45100 ns, At safepoint: 148100 ns, Total: 193200 ns
[2020-05-01T16:42:40.488+0000][1][safepoint    ] Safepoint "RevokeBias", Time since last: 138100 ns, Reaching safepoint: 31800 ns, At safepoint: 70500 ns, Total: 102300 ns
[2020-05-01T16:42:40.488+0000][1][safepoint    ] Safepoint "RevokeBias", Time since last: 113900 ns, Reaching safepoint: 42900 ns, At safepoint: 86900 ns, Total: 129800 ns
[2020-05-01T16:42:40.489+0000][1][safepoint    ] Safepoint "RevokeBias", Time since last: 105100 ns, Reaching safepoint: 344500 ns, At safepoint: 106700 ns, Total: 451200 ns
[2020-05-01T16:42:40.489+0000][1][safepoint    ] Safepoint "RevokeBias", Time since last: 136200 ns, Reaching safepoint: 144500 ns, At safepoint: 97400 ns, Total: 241900 ns
[2020-05-01T16:42:40.490+0000][1][safepoint    ] Safepoint "RevokeBias", Time since last: 222600 ns, Reaching safepoint: 160100 ns, At safepoint: 178000 ns, Total: 338100 ns
[2020-05-01T16:42:40.490+0000][1][safepoint    ] Safepoint "BulkRevokeBias", Time since last: 163800 ns, Reaching safepoint: 164300 ns, At safepoint: 250200 ns, Total: 414500 ns
[2020-05-01T16:42:40.491+0000][1][safepoint    ] Safepoint "RevokeBias", Time since last: 270400 ns, Reaching safepoint: 313100 ns, At safepoint: 403800 ns, Total: 716900 ns
[2020-05-01T16:42:40.492+0000][1][safepoint    ] Safepoint "RevokeBias", Time since last: 169800 ns, Reaching safepoint: 186400 ns, At safepoint: 178800 ns, Total: 365200 ns
[2020-05-01T16:42:40.492+0000][1][safepoint    ] Safepoint "RevokeBias", Time since last: 106700 ns, Reaching safepoint: 79700 ns, At safepoint: 125800 ns, Total: 205500 ns
[2020-05-01T16:42:40.492+0000][1][safepoint    ] Safepoint "RevokeBias", Time since last: 101500 ns, Reaching safepoint: 50600 ns, At safepoint: 141300 ns, Total: 191900 ns
[2020-05-01T16:42:40.493+0000][1][safepoint    ] Safepoint "RevokeBias", Time since last: 182300 ns, Reaching safepoint: 406100 ns, At safepoint: 111000 ns, Total: 517100 ns
[2020-05-01T16:42:40.493+0000][1][safepoint    ] Safepoint "RevokeBias", Time since last: 169600 ns, Reaching safepoint: 156300 ns, At safepoint: 97600 ns, Total: 253900 ns
[2020-05-01T16:42:40.494+0000][1][safepoint    ] Safepoint "RevokeBias", Time since last: 165800 ns, Reaching safepoint: 127700 ns, At safepoint: 63200 ns, Total: 190900 ns
[2020-05-01T16:42:40.494+0000][1][safepoint    ] Safepoint "RevokeBias", Time since last: 552500 ns, Reaching safepoint: 45000 ns, At safepoint: 110800 ns, Total: 155800 ns
[2020-05-01T16:42:40.495+0000][1][safepoint    ] Safepoint "RevokeBias", Time since last: 441300 ns, Reaching safepoint: 52200 ns, At safepoint: 119400 ns, Total: 171600 ns
[2020-05-01T16:42:40.495+0000][1][safepoint    ] Safepoint "RevokeBias", Time since last: 154400 ns, Reaching safepoint: 40400 ns, At safepoint: 76500 ns, Total: 116900 ns
[2020-05-01T16:42:40.501+0000][1][safepoint    ] Safepoint "CollectForMetadataAllocation", Time since last: 4634500 ns, Reaching safepoint: 358900 ns, At safepoint: 484100 ns, Total: 843000 ns
[2020-05-01T16:42:40.506+0000][1][safepoint    ] Safepoint "RevokeBias", Time since last: 4100200 ns, Reaching safepoint: 619900 ns, At safepoint: 186000 ns, Total: 805900 ns
[2020-05-01T16:42:40.506+0000][1][safepoint    ] Safepoint "RevokeBias", Time since last: 257500 ns, Reaching safepoint: 80800 ns, At safepoint: 110800 ns, Total: 191600 ns
[2020-05-01T16:42:40.506+0000][1][safepoint    ] Safepoint "RevokeBias", Time since last: 144800 ns, Reaching safepoint: 33200 ns, At safepoint: 57100 ns, Total: 90300 ns
[2020-05-01T16:42:40.507+0000][1][safepoint    ] Safepoint "RevokeBias", Time since last: 139000 ns, Reaching safepoint: 28000 ns, At safepoint: 40200 ns, Total: 68200 ns
[2020-05-01T16:42:40.507+0000][1][safepoint    ] Safepoint "RevokeBias", Time since last: 112000 ns, Reaching safepoint: 27700 ns, At safepoint: 42300 ns, Total: 70000 ns
[2020-05-01T16:42:40.507+0000][1][safepoint    ] Safepoint "RevokeBias", Time since last: 124900 ns, Reaching safepoint: 28500 ns, At safepoint: 44300 ns, Total: 72800 ns
[2020-05-01T16:42:40.507+0000][1][safepoint    ] Safepoint "RevokeBias", Time since last: 114200 ns, Reaching safepoint: 35100 ns, At safepoint: 65600 ns, Total: 100700 ns
[2020-05-01T16:42:40.507+0000][1][safepoint    ] Safepoint "RevokeBias", Time since last: 116600 ns, Reaching safepoint: 36900 ns, At safepoint: 56700 ns, Total: 93600 ns
[2020-05-01T16:42:40.508+0000][1][safepoint    ] Safepoint "RevokeBias", Time since last: 239100 ns, Reaching safepoint: 45400 ns, At safepoint: 79100 ns, Total: 124500 ns
[2020-05-01T16:42:40.508+0000][1][safepoint    ] Safepoint "RevokeBias", Time since last: 179100 ns, Reaching safepoint: 75800 ns, At safepoint: 67200 ns, Total: 143000 ns
[2020-05-01T16:42:40.508+0000][1][safepoint    ] Safepoint "RevokeBias", Time since last: 135400 ns, Reaching safepoint: 39100 ns, At safepoint: 92700 ns, Total: 131800 ns
[2020-05-01T16:42:40.509+0000][1][safepoint    ] Safepoint "RevokeBias", Time since last: 203700 ns, Reaching safepoint: 47600 ns, At safepoint: 67700 ns, Total: 115300 ns
[2020-05-01T16:42:40.509+0000][1][safepoint    ] Safepoint "RevokeBias", Time since last: 159300 ns, Reaching safepoint: 51400 ns, At safepoint: 76000 ns, Total: 127400 ns
[2020-05-01T16:42:40.509+0000][1][safepoint    ] Safepoint "RevokeBias", Time since last: 150100 ns, Reaching safepoint: 53200 ns, At safepoint: 84000 ns, Total: 137200 ns
[2020-05-01T16:42:40.510+0000][1][safepoint    ] Safepoint "BulkRevokeBias", Time since last: 189200 ns, Reaching safepoint: 59400 ns, At safepoint: 213800 ns, Total: 273200 ns
[2020-05-01T16:42:40.510+0000][1][safepoint    ] Safepoint "RevokeBias", Time since last: 505700 ns, Reaching safepoint: 72600 ns, At safepoint: 71900 ns, Total: 144500 ns
[2020-05-01T16:42:40.511+0000][1][safepoint    ] Safepoint "RevokeBias", Time since last: 292700 ns, Reaching safepoint: 34100 ns, At safepoint: 49500 ns, Total: 83600 ns
[2020-05-01T16:42:40.511+0000][1][safepoint    ] Safepoint "RevokeBias", Time since last: 165700 ns, Reaching safepoint: 143000 ns, At safepoint: 230500 ns, Total: 373500 ns
[2020-05-01T16:42:40.512+0000][1][safepoint    ] Safepoint "RevokeBias", Time since last: 234600 ns, Reaching safepoint: 265900 ns, At safepoint: 288400 ns, Total: 554300 ns
[2020-05-01T16:42:40.514+0000][1][safepoint    ] Safepoint "RevokeBias", Time since last: 611100 ns, Reaching safepoint: 460600 ns, At safepoint: 405500 ns, Total: 866100 ns
[2020-05-01T16:42:40.515+0000][1][safepoint    ] Safepoint "RevokeBias", Time since last: 713700 ns, Reaching safepoint: 447400 ns, At safepoint: 545500 ns, Total: 992900 ns
[2020-05-01T16:42:40.517+0000][1][safepoint    ] Safepoint "RevokeBias", Time since last: 917100 ns, Reaching safepoint: 117800 ns, At safepoint: 252900 ns, Total: 370700 ns
[2020-05-01T16:42:40.518+0000][1][safepoint    ] Safepoint "RevokeBias", Time since last: 361500 ns, Reaching safepoint: 863100 ns, At safepoint: 259400 ns, Total: 1122500 ns
[2020-05-01T16:42:40.520+0000][1][safepoint    ] Safepoint "RevokeBias", Time since last: 666100 ns, Reaching safepoint: 415100 ns, At safepoint: 387100 ns, Total: 802200 ns
[2020-05-01T16:42:40.521+0000][1][safepoint    ] Safepoint "RevokeBias", Time since last: 928900 ns, Reaching safepoint: 294400 ns, At safepoint: 309200 ns, Total: 603600 ns
[2020-05-01T16:42:40.522+0000][1][safepoint    ] Safepoint "RevokeBias", Time since last: 270500 ns, Reaching safepoint: 175400 ns, At safepoint: 202000 ns, Total: 377400 ns
[2020-05-01T16:42:40.522+0000][1][safepoint    ] Safepoint "RevokeBias", Time since last: 166600 ns, Reaching safepoint: 176700 ns, At safepoint: 127000 ns, Total: 303700 ns
[2020-05-01T16:42:40.523+0000][1][safepoint    ] Safepoint "RevokeBias", Time since last: 570500 ns, Reaching safepoint: 244900 ns, At safepoint: 90700 ns, Total: 335600 ns
[2020-05-01T16:42:40.524+0000][1][safepoint    ] Safepoint "RevokeBias", Time since last: 769700 ns, Reaching safepoint: 57100 ns, At safepoint: 124900 ns, Total: 182000 ns
[2020-05-01T16:42:40.526+0000][1][safepoint    ] Safepoint "RevokeBias", Time since last: 878500 ns, Reaching safepoint: 538500 ns, At safepoint: 183500 ns, Total: 722000 ns
[2020-05-01T16:42:40.526+0000][1][safepoint    ] Safepoint "RevokeBias", Time since last: 329100 ns, Reaching safepoint: 149700 ns, At safepoint: 224700 ns, Total: 374400 ns
[2020-05-01T16:42:40.527+0000][1][safepoint    ] Safepoint "RevokeBias", Time since last: 527700 ns, Reaching safepoint: 92800 ns, At safepoint: 185100 ns, Total: 277900 ns
[2020-05-01T16:42:40.528+0000][1][safepoint    ] Safepoint "RevokeBias", Time since last: 271000 ns, Reaching safepoint: 346000 ns, At safepoint: 96100 ns, Total: 442100 ns
[2020-05-01T16:42:40.531+0000][1][safepoint    ] Safepoint "Deoptimize", Time since last: 2459600 ns, Reaching safepoint: 182500 ns, At safepoint: 528800 ns, Total: 711300 ns
[2020-05-01T16:42:40.533+0000][1][safepoint    ] Safepoint "RevokeBias", Time since last: 1289200 ns, Reaching safepoint: 591100 ns, At safepoint: 123800 ns, Total: 714900 ns
[2020-05-01T16:42:40.534+0000][1][safepoint    ] Safepoint "RevokeBias", Time since last: 209700 ns, Reaching safepoint: 207900 ns, At safepoint: 153800 ns, Total: 361700 ns
[2020-05-01T16:42:40.535+0000][1][safepoint    ] Safepoint "RevokeBias", Time since last: 1073700 ns, Reaching safepoint: 97400 ns, At safepoint: 132500 ns, Total: 229900 ns
[2020-05-01T16:42:40.536+0000][1][safepoint    ] Safepoint "RevokeBias", Time since last: 173300 ns, Reaching safepoint: 522000 ns, At safepoint: 216000 ns, Total: 738000 ns
[2020-05-01T16:42:40.537+0000][1][safepoint    ] Safepoint "RevokeBias", Time since last: 948500 ns, Reaching safepoint: 258100 ns, At safepoint: 268700 ns, Total: 526800 ns
[2020-05-01T16:42:40.538+0000][1][safepoint    ] Safepoint "RevokeBias", Time since last: 465600 ns, Reaching safepoint: 193700 ns, At safepoint: 192400 ns, Total: 386100 ns
[2020-05-01T16:42:40.539+0000][1][safepoint    ] Safepoint "RevokeBias", Time since last: 111000 ns, Reaching safepoint: 275000 ns, At safepoint: 522500 ns, Total: 797500 ns
[2020-05-01T16:42:40.540+0000][1][safepoint    ] Safepoint "RevokeBias", Time since last: 251700 ns, Reaching safepoint: 400700 ns, At safepoint: 558700 ns, Total: 959400 ns
[2020-05-01T16:42:40.542+0000][1][safepoint    ] Safepoint "RevokeBias", Time since last: 300000 ns, Reaching safepoint: 462600 ns, At safepoint: 479800 ns, Total: 942400 ns
[2020-05-01T16:42:40.542+0000][1][safepoint    ] Safepoint "RevokeBias", Time since last: 421100 ns, Reaching safepoint: 137100 ns, At safepoint: 323600 ns, Total: 460700 ns
[2020-05-01T16:42:40.544+0000][1][safepoint    ] Safepoint "RevokeBias", Time since last: 496400 ns, Reaching safepoint: 395100 ns, At safepoint: 376400 ns, Total: 771500 ns
[2020-05-01T16:42:40.545+0000][1][safepoint    ] Safepoint "RevokeBias", Time since last: 691900 ns, Reaching safepoint: 214400 ns, At safepoint: 190900 ns, Total: 405300 ns
[2020-05-01T16:42:40.553+0000][1][safepoint    ] Safepoint "RevokeBias", Time since last: 7654700 ns, Reaching safepoint: 279500 ns, At safepoint: 251000 ns, Total: 530500 ns
[2020-05-01T16:42:40.556+0000][1][safepoint    ] Safepoint "RevokeBias", Time since last: 469400 ns, Reaching safepoint: 2463100 ns, At safepoint: 449900 ns, Total: 2913000 ns
[2020-05-01T16:42:40.558+0000][1][safepoint    ] Safepoint "RevokeBias", Time since last: 1025700 ns, Reaching safepoint: 122400 ns, At safepoint: 290400 ns, Total: 412800 ns
[2020-05-01T16:42:40.564+0000][1][safepoint    ] Safepoint "CollectForMetadataAllocation", Time since last: 5556500 ns, Reaching safepoint: 87400 ns, At safepoint: 149800 ns, Total: 237200 ns
[2020-05-01T16:42:40.587+0000][1][safepoint    ] Safepoint "RevokeBias", Time since last: 23457500 ns, Reaching safepoint: 243200 ns, At safepoint: 105000 ns, Total: 348200 ns
[2020-05-01T16:42:40.618+0000][1][safepoint    ] Safepoint "RevokeBias", Time since last: 30940000 ns, Reaching safepoint: 61900 ns, At safepoint: 69900 ns, Total: 131800 ns
[2020-05-01T16:42:40.658+0000][1][safepoint    ] Safepoint "CollectForMetadataAllocation", Time since last: 39173700 ns, Reaching safepoint: 62800 ns, At safepoint: 168000 ns, Total: 230800 ns
[2020-05-01T16:42:40.665+0000][1][safepoint    ] Safepoint "BulkRevokeBias", Time since last: 6476600 ns, Reaching safepoint: 79200 ns, At safepoint: 204800 ns, Total: 284000 ns
[2020-05-01T16:42:40.747+0000][1][safepoint    ] Safepoint "CollectForMetadataAllocation", Time since last: 82572100 ns, Reaching safepoint: 54800 ns, At safepoint: 190900 ns, Total: 245700 ns
[2020-05-01T16:42:40.835+0000][1][safepoint    ] Safepoint "CollectForMetadataAllocation", Time since last: 87438600 ns, Reaching safepoint: 63900 ns, At safepoint: 169200 ns, Total: 233100 ns
[2020-05-01T16:42:40.930+0000][1][safepoint    ] Safepoint "CollectForMetadataAllocation", Time since last: 95007900 ns, Reaching safepoint: 134000 ns, At safepoint: 141800 ns, Total: 275800 ns
[2020-05-01T16:42:41.016+0000][1][safepoint    ] Safepoint "CollectForMetadataAllocation", Time since last: 85663600 ns, Reaching safepoint: 67200 ns, At safepoint: 213400 ns, Total: 280600 ns
[2020-05-01T16:42:41.071+0000][1][safepoint    ] Safepoint "CollectForMetadataAllocation", Time since last: 53938100 ns, Reaching safepoint: 101900 ns, At safepoint: 676300 ns, Total: 778200 ns
[2020-05-01T16:42:41.150+0000][1][safepoint    ] Safepoint "RevokeBias", Time since last: 78195800 ns, Reaching safepoint: 806900 ns, At safepoint: 223500 ns, Total: 1030400 ns
[2020-05-01T16:42:41.154+0000][1][safepoint    ] Safepoint "CollectForMetadataAllocation", Time since last: 3098200 ns, Reaching safepoint: 108700 ns, At safepoint: 320600 ns, Total: 429300 ns
[2020-05-01T16:42:41.243+0000][1][safepoint    ] Safepoint "CollectForMetadataAllocation", Time since last: 88735800 ns, Reaching safepoint: 109000 ns, At safepoint: 396800 ns, Total: 505800 ns
[2020-05-01T16:42:41.322+0000][1][safepoint    ] Safepoint "CollectForMetadataAllocation", Time since last: 78349300 ns, Reaching safepoint: 196500 ns, At safepoint: 243300 ns, Total: 439800 ns
[2020-05-01T16:42:41.398+0000][1][safepoint    ] Safepoint "CollectForMetadataAllocation", Time since last: 75793800 ns, Reaching safepoint: 258000 ns, At safepoint: 335500 ns, Total: 593500 ns
[2020-05-01T16:42:41.440+0000][1][safepoint    ] Safepoint "CollectForMetadataAllocation", Time since last: 41912300 ns, Reaching safepoint: 57700 ns, At safepoint: 165700 ns, Total: 223400 ns
[2020-05-01T16:42:41.491+0000][1][safepoint    ] Safepoint "CollectForMetadataAllocation", Time since last: 50158700 ns, Reaching safepoint: 108900 ns, At safepoint: 214000 ns, Total: 322900 ns
[2020-05-01T16:42:41.602+0000][1][safepoint    ] Safepoint "CollectForMetadataAllocation", Time since last: 111000600 ns, Reaching safepoint: 100700 ns, At safepoint: 227500 ns, Total: 328200 ns
[2020-05-01T16:42:41.604+0000][1][gc           ] GC(12) Concurrent Abortable Preclean 2633.807ms
[2020-05-01T16:42:41.604+0000][1][gc,cpu       ] GC(12) User=10.54s Sys=0.32s Real=2.63s
[2020-05-01T16:42:41.604+0000][1][gc,start     ] GC(12) Pause Remark
[2020-05-01T16:42:41.645+0000][1][gc           ] GC(12) Pause Remark 127M->127M(494M) 41.586ms
[2020-05-01T16:42:41.645+0000][1][gc,cpu       ] GC(12) User=0.22s Sys=0.01s Real=0.04s
[2020-05-01T16:42:41.646+0000][1][safepoint    ] Safepoint "CMS_Final_Remark", Time since last: 1601200 ns, Reaching safepoint: 50200 ns, At safepoint: 41810500 ns, Total: 41860700 ns
[2020-05-01T16:42:41.646+0000][1][gc           ] GC(12) Concurrent Sweep
[2020-05-01T16:42:41.702+0000][1][gc           ] GC(12) Concurrent Sweep 55.777ms
[2020-05-01T16:42:41.702+0000][1][gc,cpu       ] GC(12) User=0.28s Sys=0.00s Real=0.06s
[2020-05-01T16:42:41.702+0000][1][gc           ] GC(12) Concurrent Reset
[2020-05-01T16:42:41.703+0000][1][gc           ] GC(12) Concurrent Reset 1.822ms
[2020-05-01T16:42:41.704+0000][1][gc,cpu       ] GC(12) User=0.00s Sys=0.00s Real=0.00s
[2020-05-01T16:42:41.704+0000][1][gc,heap      ] GC(12) Old: 47177K->46976K(349568K)
[2020-05-01T16:42:42.648+0000][1][safepoint    ] Safepoint "Cleanup", Time since last: 1000186600 ns, Reaching safepoint: 2143800 ns, At safepoint: 157500 ns, Total: 2301300 ns
[2020-05-01T16:42:42.871+0000][1][safepoint    ] Safepoint "RevokeBias", Time since last: 222017000 ns, Reaching safepoint: 260500 ns, At safepoint: 845700 ns, Total: 1106200 ns
[2020-05-01T16:42:42.872+0000][1][safepoint    ] Safepoint "RevokeBias", Time since last: 403600 ns, Reaching safepoint: 202600 ns, At safepoint: 310300 ns, Total: 512900 ns
[2020-05-01T16:42:42.874+0000][1][safepoint    ] Safepoint "RevokeBias", Time since last: 1077900 ns, Reaching safepoint: 243300 ns, At safepoint: 159700 ns, Total: 403000 ns
[2020-05-01T16:42:42.880+0000][1][safepoint    ] Safepoint "RevokeBias", Time since last: 6079500 ns, Reaching safepoint: 101200 ns, At safepoint: 172700 ns, Total: 273900 ns
[2020-05-01T16:42:42.994+0000][1][gc,start     ] GC(14) Pause Young (Allocation Failure)
[2020-05-01T16:42:42.994+0000][1][gc,task      ] GC(14) Using 10 workers of 10 for evacuation
[2020-05-01T16:42:43.013+0000][1][gc,age       ] GC(14) Desired survivor size 8945664 bytes, new threshold 2 (max threshold 6)
[2020-05-01T16:42:43.013+0000][1][gc,age       ] GC(14) Age table with threshold 2 (max threshold 6)
[2020-05-01T16:42:43.013+0000][1][gc,age       ] GC(14) - age   1:    3529472 bytes,    3529472 total
[2020-05-01T16:42:43.013+0000][1][gc,age       ] GC(14) - age   2:    6719136 bytes,   10248608 total
[2020-05-01T16:42:43.013+0000][1][gc,heap      ] GC(14) ParNew: 151870K->13735K(157248K)
[2020-05-01T16:42:43.013+0000][1][gc,heap      ] GC(14) CMS: 46976K->49731K(349568K)
[2020-05-01T16:42:43.013+0000][1][gc,metaspace ] GC(14) Metaspace: 62908K->62908K(1107968K)
[2020-05-01T16:42:43.013+0000][1][gc           ] GC(14) Pause Young (Allocation Failure) 194M->61M(494M) 19.081ms
[2020-05-01T16:42:43.013+0000][1][gc,cpu       ] GC(14) User=0.12s Sys=0.01s Real=0.02s
[2020-05-01T16:42:43.013+0000][1][safepoint    ] Safepoint "GenCollectForAllocation", Time since last: 114134700 ns, Reaching safepoint: 66200 ns, At safepoint: 19277000 ns, Total: 19343200 ns
[2020-05-01T16:42:43.340+0000][1][safepoint    ] Safepoint "Deoptimize", Time since last: 325040100 ns, Reaching safepoint: 204600 ns, At safepoint: 1436000 ns, Total: 1640600 ns
[2020-05-01T16:42:44.300+0000][1][safepoint    ] Safepoint "BulkRevokeBias", Time since last: 959605500 ns, Reaching safepoint: 90300 ns, At safepoint: 138800 ns, Total: 229100 ns
[2020-05-01T16:42:44.482+0000][1][safepoint    ] Safepoint "RevokeBias", Time since last: 181643000 ns, Reaching safepoint: 195600 ns, At safepoint: 165500 ns, Total: 361100 ns
[2020-05-01T16:42:44.483+0000][1][safepoint    ] Safepoint "RevokeBias", Time since last: 839100 ns, Reaching safepoint: 227200 ns, At safepoint: 111000 ns, Total: 338200 ns
[2020-05-01T16:42:44.485+0000][1][safepoint    ] Safepoint "RevokeBias", Time since last: 1761500 ns, Reaching safepoint: 44400 ns, At safepoint: 88200 ns, Total: 132600 ns
[2020-05-01T16:42:44.487+0000][1][safepoint    ] Safepoint "RevokeBias", Time since last: 1383800 ns, Reaching safepoint: 101000 ns, At safepoint: 185500 ns, Total: 286500 ns
[2020-05-01T16:42:44.488+0000][1][safepoint    ] Safepoint "RevokeBias", Time since last: 341500 ns, Reaching safepoint: 197600 ns, At safepoint: 243100 ns, Total: 440700 ns
[2020-05-01T16:42:44.489+0000][1][safepoint    ] Safepoint "RevokeBias", Time since last: 971200 ns, Reaching safepoint: 95900 ns, At safepoint: 121800 ns, Total: 217700 ns
[2020-05-01T16:42:44.490+0000][1][safepoint    ] Safepoint "RevokeBias", Time since last: 790500 ns, Reaching safepoint: 147800 ns, At safepoint: 115000 ns, Total: 262800 ns
[2020-05-01T16:42:44.490+0000][1][safepoint    ] Safepoint "RevokeBias", Time since last: 491500 ns, Reaching safepoint: 61100 ns, At safepoint: 127000 ns, Total: 188100 ns
[2020-05-01T16:42:44.491+0000][1][safepoint    ] Safepoint "RevokeBias", Time since last: 189700 ns, Reaching safepoint: 43700 ns, At safepoint: 101800 ns, Total: 145500 ns
[2020-05-01T16:42:44.493+0000][1][safepoint    ] Safepoint "RevokeBias", Time since last: 1466900 ns, Reaching safepoint: 134900 ns, At safepoint: 270400 ns, Total: 405300 ns
[2020-05-01T16:42:44.497+0000][1][safepoint    ] Safepoint "RevokeBias", Time since last: 3929200 ns, Reaching safepoint: 102800 ns, At safepoint: 115800 ns, Total: 218600 ns
[2020-05-01T16:42:44.498+0000][1][safepoint    ] Safepoint "RevokeBias", Time since last: 498100 ns, Reaching safepoint: 105100 ns, At safepoint: 208900 ns, Total: 314000 ns
[2020-05-01T16:42:44.506+0000][1][safepoint    ] Safepoint "Deoptimize", Time since last: 7395300 ns, Reaching safepoint: 75200 ns, At safepoint: 1059500 ns, Total: 1134700 ns
[2020-05-01T16:42:44.671+0000][1][safepoint    ] Safepoint "Deoptimize", Time since last: 162862200 ns, Reaching safepoint: 210100 ns, At safepoint: 1492500 ns, Total: 1702600 ns
[2020-05-01T16:42:44.855+0000][1][safepoint    ] Safepoint "Deoptimize", Time since last: 183424700 ns, Reaching safepoint: 160300 ns, At safepoint: 506700 ns, Total: 667000 ns
[2020-05-01T16:42:45.255+0000][1][safepoint    ] Safepoint "RevokeBias", Time since last: 400367000 ns, Reaching safepoint: 189200 ns, At safepoint: 71600 ns, Total: 260800 ns
[2020-05-01T16:42:45.257+0000][1][safepoint    ] Safepoint "RevokeBias", Time since last: 876700 ns, Reaching safepoint: 199600 ns, At safepoint: 173500 ns, Total: 373100 ns
[2020-05-01T16:42:45.261+0000][1][safepoint    ] Safepoint "RevokeBias", Time since last: 4131900 ns, Reaching safepoint: 551200 ns, At safepoint: 164600 ns, Total: 715800 ns
[2020-05-01T16:42:45.266+0000][1][safepoint    ] Safepoint "RevokeBias", Time since last: 3658000 ns, Reaching safepoint: 213600 ns, At safepoint: 237800 ns, Total: 451400 ns
[2020-05-01T16:42:45.272+0000][1][safepoint    ] Safepoint "RevokeBias", Time since last: 4079800 ns, Reaching safepoint: 1204300 ns, At safepoint: 813200 ns, Total: 2017500 ns
[2020-05-01T16:42:45.273+0000][1][safepoint    ] Safepoint "RevokeBias", Time since last: 1143400 ns, Reaching safepoint: 290400 ns, At safepoint: 338600 ns, Total: 629000 ns
[2020-05-01T16:42:45.275+0000][1][safepoint    ] Safepoint "RevokeBias", Time since last: 131700 ns, Reaching safepoint: 473000 ns, At safepoint: 651800 ns, Total: 1124800 ns
[2020-05-01T16:42:45.276+0000][1][safepoint    ] Safepoint "RevokeBias", Time since last: 102300 ns, Reaching safepoint: 368400 ns, At safepoint: 620100 ns, Total: 988500 ns
[2020-05-01T16:42:45.277+0000][1][safepoint    ] Safepoint "RevokeBias", Time since last: 203100 ns, Reaching safepoint: 355800 ns, At safepoint: 511700 ns, Total: 867500 ns
[2020-05-01T16:42:45.277+0000][1][safepoint    ] Safepoint "RevokeBias", Time since last: 132600 ns, Reaching safepoint: 201100 ns, At safepoint: 199400 ns, Total: 400500 ns
[2020-05-01T16:42:45.278+0000][1][safepoint    ] Safepoint "RevokeBias", Time since last: 82300 ns, Reaching safepoint: 140700 ns, At safepoint: 204900 ns, Total: 345600 ns
[2020-05-01T16:42:45.278+0000][1][safepoint    ] Safepoint "RevokeBias", Time since last: 56000 ns, Reaching safepoint: 65600 ns, At safepoint: 207000 ns, Total: 272600 ns
[2020-05-01T16:42:45.279+0000][1][safepoint    ] Safepoint "RevokeBias", Time since last: 215900 ns, Reaching safepoint: 311300 ns, At safepoint: 169500 ns, Total: 480800 ns
[2020-05-01T16:42:45.279+0000][1][safepoint    ] Safepoint "RevokeBias", Time since last: 248300 ns, Reaching safepoint: 140600 ns, At safepoint: 138000 ns, Total: 278600 ns
[2020-05-01T16:42:45.280+0000][1][safepoint    ] Safepoint "RevokeBias", Time since last: 157300 ns, Reaching safepoint: 136800 ns, At safepoint: 184700 ns, Total: 321500 ns
[2020-05-01T16:42:45.281+0000][1][safepoint    ] Safepoint "RevokeBias", Time since last: 224600 ns, Reaching safepoint: 226900 ns, At safepoint: 206300 ns, Total: 433200 ns
[2020-05-01T16:42:45.284+0000][1][safepoint    ] Safepoint "RevokeBias", Time since last: 2366100 ns, Reaching safepoint: 354600 ns, At safepoint: 464000 ns, Total: 818600 ns
[2020-05-01T16:42:45.285+0000][1][safepoint    ] Safepoint "RevokeBias", Time since last: 988700 ns, Reaching safepoint: 218700 ns, At safepoint: 238600 ns, Total: 457300 ns
[2020-05-01T16:42:45.286+0000][1][safepoint    ] Safepoint "RevokeBias", Time since last: 424900 ns, Reaching safepoint: 218100 ns, At safepoint: 132800 ns, Total: 350900 ns
[2020-05-01T16:42:45.292+0000][1][safepoint    ] Safepoint "BulkRevokeBias", Time since last: 4254800 ns, Reaching safepoint: 309500 ns, At safepoint: 1569700 ns, Total: 1879200 ns
[2020-05-01T16:42:45.297+0000][1][safepoint    ] Safepoint "RevokeBias", Time since last: 4935400 ns, Reaching safepoint: 167700 ns, At safepoint: 218400 ns, Total: 386100 ns
[2020-05-01T16:42:45.301+0000][1][safepoint    ] Safepoint "RevokeBias", Time since last: 198600 ns, Reaching safepoint: 2950700 ns, At safepoint: 299900 ns, Total: 3250600 ns
[2020-05-01T16:42:45.302+0000][1][safepoint    ] Safepoint "RevokeBias", Time since last: 78800 ns, Reaching safepoint: 402300 ns, At safepoint: 412400 ns, Total: 814700 ns
[2020-05-01T16:42:45.302+0000][1][safepoint    ] Safepoint "RevokeBias", Time since last: 68500 ns, Reaching safepoint: 363200 ns, At safepoint: 285300 ns, Total: 648500 ns
[2020-05-01T16:42:45.303+0000][1][safepoint    ] Safepoint "RevokeBias", Time since last: 426200 ns, Reaching safepoint: 165800 ns, At safepoint: 263300 ns, Total: 429100 ns
[2020-05-01T16:42:45.304+0000][1][safepoint    ] Safepoint "RevokeBias", Time since last: 68300 ns, Reaching safepoint: 199200 ns, At safepoint: 246400 ns, Total: 445600 ns
[2020-05-01T16:42:45.305+0000][1][safepoint    ] Safepoint "RevokeBias", Time since last: 62800 ns, Reaching safepoint: 303400 ns, At safepoint: 313200 ns, Total: 616600 ns
[2020-05-01T16:42:45.305+0000][1][safepoint    ] Safepoint "RevokeBias", Time since last: 75900 ns, Reaching safepoint: 243400 ns, At safepoint: 300900 ns, Total: 544300 ns
[2020-05-01T16:42:45.311+0000][1][safepoint    ] Safepoint "RevokeBias", Time since last: 4597100 ns, Reaching safepoint: 351300 ns, At safepoint: 1013400 ns, Total: 1364700 ns
[2020-05-01T16:42:45.313+0000][1][safepoint    ] Safepoint "RevokeBias", Time since last: 275800 ns, Reaching safepoint: 717900 ns, At safepoint: 915900 ns, Total: 1633800 ns
[2020-05-01T16:42:45.314+0000][1][safepoint    ] Safepoint "RevokeBias", Time since last: 936900 ns, Reaching safepoint: 158500 ns, At safepoint: 141500 ns, Total: 300000 ns
[2020-05-01T16:42:45.315+0000][1][safepoint    ] Safepoint "RevokeBias", Time since last: 378100 ns, Reaching safepoint: 240500 ns, At safepoint: 98800 ns, Total: 339300 ns
[2020-05-01T16:42:45.326+0000][1][safepoint    ] Safepoint "RevokeBias", Time since last: 9818700 ns, Reaching safepoint: 417100 ns, At safepoint: 589900 ns, Total: 1007000 ns
[2020-05-01T16:42:45.329+0000][1][safepoint    ] Safepoint "RevokeBias", Time since last: 2361400 ns, Reaching safepoint: 231900 ns, At safepoint: 284200 ns, Total: 516100 ns
[2020-05-01T16:42:45.329+0000][1][safepoint    ] Safepoint "RevokeBias", Time since last: 189300 ns, Reaching safepoint: 170200 ns, At safepoint: 320600 ns, Total: 490800 ns
[2020-05-01T16:42:45.331+0000][1][safepoint    ] Safepoint "RevokeBias", Time since last: 130900 ns, Reaching safepoint: 307100 ns, At safepoint: 981100 ns, Total: 1288200 ns
[2020-05-01T16:42:45.332+0000][1][safepoint    ] Safepoint "RevokeBias", Time since last: 230900 ns, Reaching safepoint: 255800 ns, At safepoint: 345600 ns, Total: 601400 ns
[2020-05-01T16:42:45.332+0000][1][safepoint    ] Safepoint "RevokeBias", Time since last: 153700 ns, Reaching safepoint: 279000 ns, At safepoint: 296600 ns, Total: 575600 ns
[2020-05-01T16:42:45.333+0000][1][safepoint    ] Safepoint "RevokeBias", Time since last: 118400 ns, Reaching safepoint: 183300 ns, At safepoint: 366200 ns, Total: 549500 ns
[2020-05-01T16:42:45.333+0000][1][safepoint    ] Safepoint "RevokeBias", Time since last: 54200 ns, Reaching safepoint: 44200 ns, At safepoint: 103900 ns, Total: 148100 ns
[2020-05-01T16:42:45.333+0000][1][safepoint    ] Safepoint "RevokeBias", Time since last: 50900 ns, Reaching safepoint: 132600 ns, At safepoint: 97800 ns, Total: 230400 ns
[2020-05-01T16:42:45.334+0000][1][safepoint    ] Safepoint "RevokeBias", Time since last: 315000 ns, Reaching safepoint: 145600 ns, At safepoint: 64500 ns, Total: 210100 ns
[2020-05-01T16:42:45.339+0000][1][safepoint    ] Safepoint "RevokeBias", Time since last: 4234300 ns, Reaching safepoint: 175800 ns, At safepoint: 94100 ns, Total: 269900 ns
[2020-05-01T16:42:45.339+0000][1][safepoint    ] Safepoint "RevokeBias", Time since last: 284300 ns, Reaching safepoint: 183700 ns, At safepoint: 189100 ns, Total: 372800 ns
[2020-05-01T16:42:45.340+0000][1][safepoint    ] Safepoint "RevokeBias", Time since last: 267500 ns, Reaching safepoint: 143600 ns, At safepoint: 131300 ns, Total: 274900 ns
[2020-05-01T16:42:45.340+0000][1][safepoint    ] Safepoint "RevokeBias", Time since last: 225300 ns, Reaching safepoint: 140700 ns, At safepoint: 159100 ns, Total: 299800 ns
[2020-05-01T16:42:45.341+0000][1][safepoint    ] Safepoint "RevokeBias", Time since last: 389600 ns, Reaching safepoint: 230900 ns, At safepoint: 197700 ns, Total: 428600 ns
[2020-05-01T16:42:45.343+0000][1][safepoint    ] Safepoint "RevokeBias", Time since last: 504500 ns, Reaching safepoint: 189600 ns, At safepoint: 1555800 ns, Total: 1745400 ns
[2020-05-01T16:42:45.347+0000][1][safepoint    ] Safepoint "RevokeBias", Time since last: 79400 ns, Reaching safepoint: 212500 ns, At safepoint: 3247100 ns, Total: 3459600 ns
[2020-05-01T16:42:45.348+0000][1][safepoint    ] Safepoint "RevokeBias", Time since last: 80400 ns, Reaching safepoint: 399000 ns, At safepoint: 282100 ns, Total: 681100 ns
[2020-05-01T16:42:45.349+0000][1][safepoint    ] Safepoint "RevokeBias", Time since last: 1001100 ns, Reaching safepoint: 240500 ns, At safepoint: 250000 ns, Total: 490500 ns
[2020-05-01T16:42:45.354+0000][1][safepoint    ] Safepoint "RevokeBias", Time since last: 695600 ns, Reaching safepoint: 4373100 ns, At safepoint: 305600 ns, Total: 4678700 ns
[2020-05-01T16:42:45.356+0000][1][safepoint    ] Safepoint "RevokeBias", Time since last: 1041800 ns, Reaching safepoint: 283700 ns, At safepoint: 317000 ns, Total: 600700 ns
[2020-05-01T16:42:45.364+0000][1][safepoint    ] Safepoint "RevokeBias", Time since last: 7457200 ns, Reaching safepoint: 376800 ns, At safepoint: 192800 ns, Total: 569600 ns
[2020-05-01T16:42:45.368+0000][1][safepoint    ] Safepoint "RevokeBias", Time since last: 3362700 ns, Reaching safepoint: 314200 ns, At safepoint: 288600 ns, Total: 602800 ns
[2020-05-01T16:42:45.369+0000][1][safepoint    ] Safepoint "RevokeBias", Time since last: 418800 ns, Reaching safepoint: 377600 ns, At safepoint: 253700 ns, Total: 631300 ns
[2020-05-01T16:42:45.373+0000][1][safepoint    ] Safepoint "ICBufferFull", Time since last: 2762500 ns, Reaching safepoint: 509300 ns, At safepoint: 168300 ns, Total: 677600 ns
[2020-05-01T16:42:45.387+0000][1][safepoint    ] Safepoint "RevokeBias", Time since last: 13558300 ns, Reaching safepoint: 280200 ns, At safepoint: 209400 ns, Total: 489600 ns
[2020-05-01T16:42:45.387+0000][1][safepoint    ] Safepoint "RevokeBias", Time since last: 300200 ns, Reaching safepoint: 188900 ns, At safepoint: 149000 ns, Total: 337900 ns
[2020-05-01T16:42:45.388+0000][1][safepoint    ] Safepoint "RevokeBias", Time since last: 207400 ns, Reaching safepoint: 158300 ns, At safepoint: 100000 ns, Total: 258300 ns
[2020-05-01T16:42:45.388+0000][1][safepoint    ] Safepoint "RevokeBias", Time since last: 134000 ns, Reaching safepoint: 147600 ns, At safepoint: 112100 ns, Total: 259700 ns
[2020-05-01T16:42:45.388+0000][1][safepoint    ] Safepoint "RevokeBias", Time since last: 159200 ns, Reaching safepoint: 47200 ns, At safepoint: 99400 ns, Total: 146600 ns
[2020-05-01T16:42:45.389+0000][1][safepoint    ] Safepoint "RevokeBias", Time since last: 334900 ns, Reaching safepoint: 140500 ns, At safepoint: 115800 ns, Total: 256300 ns
[2020-05-01T16:42:45.389+0000][1][safepoint    ] Safepoint "RevokeBias", Time since last: 122600 ns, Reaching safepoint: 148900 ns, At safepoint: 93000 ns, Total: 241900 ns
[2020-05-01T16:42:45.391+0000][1][safepoint    ] Safepoint "RevokeBias", Time since last: 903500 ns, Reaching safepoint: 168900 ns, At safepoint: 115900 ns, Total: 284800 ns
[2020-05-01T16:42:45.418+0000][1][safepoint    ] Safepoint "RevokeBias", Time since last: 27748100 ns, Reaching safepoint: 84000 ns, At safepoint: 71300 ns, Total: 155300 ns
[2020-05-01T16:42:45.425+0000][1][safepoint    ] Safepoint "RevokeBias", Time since last: 6086800 ns, Reaching safepoint: 155300 ns, At safepoint: 164000 ns, Total: 319300 ns
[2020-05-01T16:42:45.429+0000][1][safepoint    ] Safepoint "RevokeBias", Time since last: 3304900 ns, Reaching safepoint: 394300 ns, At safepoint: 226100 ns, Total: 620400 ns
[2020-05-01T16:42:45.432+0000][1][safepoint    ] Safepoint "RevokeBias", Time since last: 2788400 ns, Reaching safepoint: 209900 ns, At safepoint: 125500 ns, Total: 335400 ns
[2020-05-01T16:42:45.444+0000][1][safepoint    ] Safepoint "RevokeBias", Time since last: 11672700 ns, Reaching safepoint: 207600 ns, At safepoint: 106100 ns, Total: 313700 ns
[2020-05-01T16:42:45.448+0000][1][safepoint    ] Safepoint "RevokeBias", Time since last: 3771200 ns, Reaching safepoint: 61800 ns, At safepoint: 83100 ns, Total: 144900 ns
[2020-05-01T16:42:45.461+0000][1][safepoint    ] Safepoint "RevokeBias", Time since last: 13532200 ns, Reaching safepoint: 61300 ns, At safepoint: 56800 ns, Total: 118100 ns
[2020-05-01T16:42:45.463+0000][1][safepoint    ] Safepoint "RevokeBias", Time since last: 1543900 ns, Reaching safepoint: 72600 ns, At safepoint: 86100 ns, Total: 158700 ns
[2020-05-01T16:42:45.464+0000][1][safepoint    ] Safepoint "RevokeBias", Time since last: 451600 ns, Reaching safepoint: 46600 ns, At safepoint: 51500 ns, Total: 98100 ns
[2020-05-01T16:42:45.464+0000][1][safepoint    ] Safepoint "RevokeBias", Time since last: 221800 ns, Reaching safepoint: 35900 ns, At safepoint: 47400 ns, Total: 83300 ns
[2020-05-01T16:42:45.465+0000][1][safepoint    ] Safepoint "RevokeBias", Time since last: 522100 ns, Reaching safepoint: 33400 ns, At safepoint: 49100 ns, Total: 82500 ns
[2020-05-01T16:42:45.499+0000][1][safepoint    ] Safepoint "RevokeBias", Time since last: 33847400 ns, Reaching safepoint: 51700 ns, At safepoint: 68000 ns, Total: 119700 ns
[2020-05-01T16:42:45.509+0000][1][safepoint    ] Safepoint "RevokeBias", Time since last: 10074000 ns, Reaching safepoint: 329100 ns, At safepoint: 105400 ns, Total: 434500 ns
[2020-05-01T16:42:45.540+0000][1][safepoint    ] Safepoint "RevokeBias", Time since last: 30523000 ns, Reaching safepoint: 273600 ns, At safepoint: 311900 ns, Total: 585500 ns
[2020-05-01T16:42:45.571+0000][1][safepoint    ] Safepoint "RevokeBias", Time since last: 30145700 ns, Reaching safepoint: 115200 ns, At safepoint: 101300 ns, Total: 216500 ns
[2020-05-01T16:42:45.575+0000][1][safepoint    ] Safepoint "RevokeBias", Time since last: 3744100 ns, Reaching safepoint: 208700 ns, At safepoint: 248900 ns, Total: 457600 ns
[2020-05-01T16:42:45.655+0000][1][safepoint    ] Safepoint "RevokeBias", Time since last: 80243600 ns, Reaching safepoint: 121100 ns, At safepoint: 110500 ns, Total: 231600 ns
[2020-05-01T16:42:45.656+0000][1][safepoint    ] Safepoint "RevokeBias", Time since last: 241300 ns, Reaching safepoint: 204500 ns, At safepoint: 103600 ns, Total: 308100 ns
[2020-05-01T16:42:45.656+0000][1][safepoint    ] Safepoint "RevokeBias", Time since last: 259700 ns, Reaching safepoint: 129100 ns, At safepoint: 114300 ns, Total: 243400 ns
[2020-05-01T16:42:45.661+0000][1][safepoint    ] Safepoint "RevokeBias", Time since last: 3817400 ns, Reaching safepoint: 258400 ns, At safepoint: 156000 ns, Total: 414400 ns
[2020-05-01T16:42:45.662+0000][1][safepoint    ] Safepoint "RevokeBias", Time since last: 775500 ns, Reaching safepoint: 361800 ns, At safepoint: 181000 ns, Total: 542800 ns
[2020-05-01T16:42:45.662+0000][1][safepoint    ] Safepoint "RevokeBias", Time since last: 308600 ns, Reaching safepoint: 158200 ns, At safepoint: 154600 ns, Total: 312800 ns
[2020-05-01T16:42:45.685+0000][1][safepoint    ] Safepoint "RevokeBias", Time since last: 21821500 ns, Reaching safepoint: 311800 ns, At safepoint: 175200 ns, Total: 487000 ns
[2020-05-01T16:42:45.687+0000][1][safepoint    ] Safepoint "RevokeBias", Time since last: 748700 ns, Reaching safepoint: 1186300 ns, At safepoint: 238400 ns, Total: 1424700 ns
[2020-05-01T16:42:45.688+0000][1][gc,start     ] GC(15) Pause Young (Allocation Failure)
[2020-05-01T16:42:45.688+0000][1][gc,task      ] GC(15) Using 10 workers of 10 for evacuation
[2020-05-01T16:42:45.720+0000][1][gc,age       ] GC(15) Desired survivor size 8945664 bytes, new threshold 6 (max threshold 6)
[2020-05-01T16:42:45.720+0000][1][gc,age       ] GC(15) Age table with threshold 6 (max threshold 6)
[2020-05-01T16:42:45.720+0000][1][gc,age       ] GC(15) - age   1:    5540936 bytes,    5540936 total
[2020-05-01T16:42:45.720+0000][1][gc,age       ] GC(15) - age   2:    3141520 bytes,    8682456 total
[2020-05-01T16:42:45.720+0000][1][gc,heap      ] GC(15) ParNew: 153511K->14263K(157248K)
[2020-05-01T16:42:45.720+0000][1][gc,heap      ] GC(15) CMS: 49731K->56368K(349568K)
[2020-05-01T16:42:45.720+0000][1][gc,metaspace ] GC(15) Metaspace: 75639K->75639K(1120256K)
[2020-05-01T16:42:45.720+0000][1][gc           ] GC(15) Pause Young (Allocation Failure) 198M->68M(494M) 32.435ms
[2020-05-01T16:42:45.720+0000][1][gc,cpu       ] GC(15) User=0.25s Sys=0.01s Real=0.04s
[2020-05-01T16:42:45.721+0000][1][safepoint    ] Safepoint "GenCollectForAllocation", Time since last: 200700 ns, Reaching safepoint: 323800 ns, At safepoint: 33140800 ns, Total: 33464600 ns
[2020-05-01T16:42:45.728+0000][1][safepoint    ] Safepoint "RevokeBias", Time since last: 669500 ns, Reaching safepoint: 6699500 ns, At safepoint: 239800 ns, Total: 6939300 ns
[2020-05-01T16:42:45.729+0000][1][safepoint    ] Safepoint "RevokeBias", Time since last: 368700 ns, Reaching safepoint: 207300 ns, At safepoint: 223100 ns, Total: 430400 ns
[2020-05-01T16:42:45.741+0000][1][safepoint    ] Safepoint "RevokeBias", Time since last: 11598500 ns, Reaching safepoint: 254600 ns, At safepoint: 123400 ns, Total: 378000 ns
[2020-05-01T16:42:45.742+0000][1][safepoint    ] Safepoint "RevokeBias", Time since last: 320400 ns, Reaching safepoint: 220600 ns, At safepoint: 123900 ns, Total: 344500 ns
[2020-05-01T16:42:45.753+0000][1][safepoint    ] Safepoint "RevokeBias", Time since last: 11214400 ns, Reaching safepoint: 200800 ns, At safepoint: 167200 ns, Total: 368000 ns
[2020-05-01T16:42:45.755+0000][1][safepoint    ] Safepoint "RevokeBias", Time since last: 1374800 ns, Reaching safepoint: 545400 ns, At safepoint: 216400 ns, Total: 761800 ns
[2020-05-01T16:42:45.775+0000][1][safepoint    ] Safepoint "RevokeBias", Time since last: 18964300 ns, Reaching safepoint: 96200 ns, At safepoint: 88600 ns, Total: 184800 ns
[2020-05-01T16:42:45.775+0000][1][safepoint    ] Safepoint "RevokeBias", Time since last: 298500 ns, Reaching safepoint: 128400 ns, At safepoint: 77000 ns, Total: 205400 ns
[2020-05-01T16:42:45.778+0000][1][safepoint    ] Safepoint "RevokeBias", Time since last: 2885400 ns, Reaching safepoint: 81100 ns, At safepoint: 67500 ns, Total: 148600 ns
[2020-05-01T16:42:45.778+0000][1][safepoint    ] Safepoint "RevokeBias", Time since last: 150300 ns, Reaching safepoint: 60800 ns, At safepoint: 69500 ns, Total: 130300 ns
[2020-05-01T16:42:45.788+0000][1][safepoint    ] Safepoint "RevokeBias", Time since last: 9460900 ns, Reaching safepoint: 240800 ns, At safepoint: 131100 ns, Total: 371900 ns
[2020-05-01T16:42:45.811+0000][1][safepoint    ] Safepoint "RevokeBias", Time since last: 22169400 ns, Reaching safepoint: 259500 ns, At safepoint: 171300 ns, Total: 430800 ns
[2020-05-01T16:42:45.813+0000][1][safepoint    ] Safepoint "RevokeBias", Time since last: 1334600 ns, Reaching safepoint: 310700 ns, At safepoint: 273600 ns, Total: 584300 ns
[2020-05-01T16:42:45.833+0000][1][safepoint    ] Safepoint "RevokeBias", Time since last: 19814900 ns, Reaching safepoint: 122600 ns, At safepoint: 112100 ns, Total: 234700 ns
[2020-05-01T16:42:45.839+0000][1][safepoint    ] Safepoint "RevokeBias", Time since last: 5645600 ns, Reaching safepoint: 411600 ns, At safepoint: 306300 ns, Total: 717900 ns
[2020-05-01T16:42:45.850+0000][1][safepoint    ] Safepoint "RevokeBias", Time since last: 10480500 ns, Reaching safepoint: 491200 ns, At safepoint: 190700 ns, Total: 681900 ns
[2020-05-01T16:42:45.862+0000][1][safepoint    ] Safepoint "RevokeBias", Time since last: 11748200 ns, Reaching safepoint: 124800 ns, At safepoint: 60500 ns, Total: 185300 ns
[2020-05-01T16:42:45.909+0000][1][safepoint    ] Safepoint "RevokeBias", Time since last: 46784900 ns, Reaching safepoint: 107500 ns, At safepoint: 45900 ns, Total: 153400 ns
[2020-05-01T16:42:45.910+0000][1][safepoint    ] Safepoint "RevokeBias", Time since last: 455100 ns, Reaching safepoint: 121200 ns, At safepoint: 41800 ns, Total: 163000 ns
[2020-05-01T16:42:45.910+0000][1][safepoint    ] Safepoint "RevokeBias", Time since last: 147600 ns, Reaching safepoint: 49600 ns, At safepoint: 40000 ns, Total: 89600 ns
[2020-05-01T16:42:45.910+0000][1][safepoint    ] Safepoint "RevokeBias", Time since last: 311700 ns, Reaching safepoint: 70400 ns, At safepoint: 52900 ns, Total: 123300 ns
[2020-05-01T16:42:45.913+0000][1][safepoint    ] Safepoint "RevokeBias", Time since last: 1871600 ns, Reaching safepoint: 755200 ns, At safepoint: 108800 ns, Total: 864000 ns
[2020-05-01T16:42:45.914+0000][1][safepoint    ] Safepoint "RevokeBias", Time since last: 788300 ns, Reaching safepoint: 193400 ns, At safepoint: 79300 ns, Total: 272700 ns
[2020-05-01T16:42:45.928+0000][1][safepoint    ] Safepoint "RevokeBias", Time since last: 13025500 ns, Reaching safepoint: 392800 ns, At safepoint: 69900 ns, Total: 462700 ns
[2020-05-01T16:42:45.928+0000][1][safepoint    ] Safepoint "RevokeBias", Time since last: 244900 ns, Reaching safepoint: 73200 ns, At safepoint: 40000 ns, Total: 113200 ns
[2020-05-01T16:42:46.085+0000][1][safepoint    ] Safepoint "Deoptimize", Time since last: 155740600 ns, Reaching safepoint: 156700 ns, At safepoint: 932500 ns, Total: 1089200 ns
[2020-05-01T16:42:46.214+0000][1][safepoint    ] Safepoint "BulkRevokeBias", Time since last: 128657400 ns, Reaching safepoint: 121200 ns, At safepoint: 449200 ns, Total: 570400 ns
[2020-05-01T16:42:46.215+0000][1][safepoint    ] Safepoint "RevokeBias", Time since last: 186500 ns, Reaching safepoint: 135400 ns, At safepoint: 83200 ns, Total: 218600 ns
[2020-05-01T16:42:46.223+0000][1][safepoint    ] Safepoint "BulkRevokeBias", Time since last: 6180800 ns, Reaching safepoint: 145400 ns, At safepoint: 2078700 ns, Total: 2224100 ns
[2020-05-01T16:42:46.235+0000][1][safepoint    ] Safepoint "RevokeBias", Time since last: 11663700 ns, Reaching safepoint: 76400 ns, At safepoint: 70700 ns, Total: 147100 ns
[2020-05-01T16:42:46.236+0000][1][safepoint    ] Safepoint "RevokeBias", Time since last: 659700 ns, Reaching safepoint: 265300 ns, At safepoint: 174400 ns, Total: 439700 ns
[2020-05-01T16:42:46.253+0000][1][safepoint    ] Safepoint "RevokeBias", Time since last: 16616600 ns, Reaching safepoint: 94600 ns, At safepoint: 99800 ns, Total: 194400 ns
[2020-05-01T16:42:46.258+0000][1][safepoint    ] Safepoint "RevokeBias", Time since last: 5236800 ns, Reaching safepoint: 260300 ns, At safepoint: 94100 ns, Total: 354400 ns
[2020-05-01T16:42:46.259+0000][1][safepoint    ] Safepoint "RevokeBias", Time since last: 802900 ns, Reaching safepoint: 149900 ns, At safepoint: 88400 ns, Total: 238300 ns
[2020-05-01T16:42:46.281+0000][1][safepoint    ] Safepoint "RevokeBias", Time since last: 21283300 ns, Reaching safepoint: 238100 ns, At safepoint: 190900 ns, Total: 429000 ns
[2020-05-01T16:42:46.284+0000][1][safepoint    ] Safepoint "RevokeBias", Time since last: 2964500 ns, Reaching safepoint: 271500 ns, At safepoint: 103700 ns, Total: 375200 ns
[2020-05-01T16:42:46.291+0000][1][safepoint    ] Safepoint "RevokeBias", Time since last: 6215100 ns, Reaching safepoint: 174000 ns, At safepoint: 87100 ns, Total: 261100 ns
[2020-05-01T16:42:46.291+0000][1][safepoint    ] Safepoint "RevokeBias", Time since last: 240900 ns, Reaching safepoint: 112400 ns, At safepoint: 77600 ns, Total: 190000 ns
[2020-05-01T16:42:46.292+0000][1][safepoint    ] Safepoint "RevokeBias", Time since last: 243900 ns, Reaching safepoint: 97300 ns, At safepoint: 53900 ns, Total: 151200 ns
[2020-05-01T16:42:46.292+0000][1][safepoint    ] Safepoint "RevokeBias", Time since last: 203800 ns, Reaching safepoint: 74500 ns, At safepoint: 56500 ns, Total: 131000 ns
[2020-05-01T16:42:46.292+0000][1][safepoint    ] Safepoint "RevokeBias", Time since last: 181100 ns, Reaching safepoint: 67100 ns, At safepoint: 52000 ns, Total: 119100 ns
[2020-05-01T16:42:46.293+0000][1][safepoint    ] Safepoint "RevokeBias", Time since last: 181600 ns, Reaching safepoint: 74500 ns, At safepoint: 37600 ns, Total: 112100 ns
[2020-05-01T16:42:46.293+0000][1][safepoint    ] Safepoint "RevokeBias", Time since last: 117500 ns, Reaching safepoint: 50700 ns, At safepoint: 38700 ns, Total: 89400 ns
[2020-05-01T16:42:46.293+0000][1][safepoint    ] Safepoint "RevokeBias", Time since last: 109800 ns, Reaching safepoint: 46900 ns, At safepoint: 36200 ns, Total: 83100 ns
[2020-05-01T16:42:46.323+0000][1][safepoint    ] Safepoint "RevokeBias", Time since last: 29609600 ns, Reaching safepoint: 178200 ns, At safepoint: 63200 ns, Total: 241400 ns
[2020-05-01T16:42:46.325+0000][1][safepoint    ] Safepoint "RevokeBias", Time since last: 1427100 ns, Reaching safepoint: 255200 ns, At safepoint: 65700 ns, Total: 320900 ns
[2020-05-01T16:42:46.346+0000][1][safepoint    ] Safepoint "RevokeBias", Time since last: 20811400 ns, Reaching safepoint: 217200 ns, At safepoint: 42000 ns, Total: 259200 ns
[2020-05-01T16:42:46.350+0000][1][safepoint    ] Safepoint "RevokeBias", Time since last: 3782500 ns, Reaching safepoint: 336200 ns, At safepoint: 91400 ns, Total: 427600 ns
[2020-05-01T16:42:46.355+0000][1][safepoint    ] Safepoint "RevokeBias", Time since last: 4514100 ns, Reaching safepoint: 312800 ns, At safepoint: 103400 ns, Total: 416200 ns
[2020-05-01T16:42:46.363+0000][1][safepoint    ] Safepoint "RevokeBias", Time since last: 7442100 ns, Reaching safepoint: 485400 ns, At safepoint: 211200 ns, Total: 696600 ns
[2020-05-01T16:42:46.422+0000][1][safepoint    ] Safepoint "RevokeBias", Time since last: 58651000 ns, Reaching safepoint: 203300 ns, At safepoint: 104100 ns, Total: 307400 ns
[2020-05-01T16:42:46.526+0000][1][safepoint    ] Safepoint "RevokeBias", Time since last: 103517500 ns, Reaching safepoint: 452800 ns, At safepoint: 137200 ns, Total: 590000 ns
[2020-05-01T16:42:46.647+0000][1][safepoint    ] Safepoint "RevokeBias", Time since last: 120943800 ns, Reaching safepoint: 192600 ns, At safepoint: 136900 ns, Total: 329500 ns
[2020-05-01T16:42:46.648+0000][1][safepoint    ] Safepoint "RevokeBias", Time since last: 475600 ns, Reaching safepoint: 457000 ns, At safepoint: 199300 ns, Total: 656300 ns
[2020-05-01T16:42:46.708+0000][1][safepoint    ] Safepoint "RevokeBias", Time since last: 58798100 ns, Reaching safepoint: 210900 ns, At safepoint: 63600 ns, Total: 274500 ns
[2020-05-01T16:42:46.709+0000][1][safepoint    ] Safepoint "RevokeBias", Time since last: 727500 ns, Reaching safepoint: 320400 ns, At safepoint: 106600 ns, Total: 427000 ns
[2020-05-01T16:42:46.752+0000][1][safepoint    ] Safepoint "RevokeBias", Time since last: 43561400 ns, Reaching safepoint: 112800 ns, At safepoint: 74200 ns, Total: 187000 ns
[2020-05-01T16:42:46.753+0000][1][safepoint    ] Safepoint "RevokeBias", Time since last: 289500 ns, Reaching safepoint: 197000 ns, At safepoint: 80300 ns, Total: 277300 ns
[2020-05-01T16:42:46.754+0000][1][safepoint    ] Safepoint "RevokeBias", Time since last: 235400 ns, Reaching safepoint: 237100 ns, At safepoint: 104700 ns, Total: 341800 ns
[2020-05-01T16:42:46.899+0000][1][safepoint    ] Safepoint "Deoptimize", Time since last: 142250600 ns, Reaching safepoint: 285700 ns, At safepoint: 2608700 ns, Total: 2894400 ns
[2020-05-01T16:42:46.913+0000][1][safepoint    ] Safepoint "Deoptimize", Time since last: 12775000 ns, Reaching safepoint: 278600 ns, At safepoint: 1076000 ns, Total: 1354600 ns
[2020-05-01T16:42:47.012+0000][1][safepoint    ] Safepoint "Deoptimize", Time since last: 96439900 ns, Reaching safepoint: 333200 ns, At safepoint: 1947300 ns, Total: 2280500 ns
[2020-05-01T16:42:47.067+0000][1][safepoint    ] Safepoint "RevokeBias", Time since last: 54793200 ns, Reaching safepoint: 454200 ns, At safepoint: 287200 ns, Total: 741400 ns
[2020-05-01T16:42:47.069+0000][1][safepoint    ] Safepoint "RevokeBias", Time since last: 1111200 ns, Reaching safepoint: 293500 ns, At safepoint: 242400 ns, Total: 535900 ns
[2020-05-01T16:42:47.777+0000][1][safepoint    ] Safepoint "RevokeBias", Time since last: 706060200 ns, Reaching safepoint: 1747900 ns, At safepoint: 172200 ns, Total: 1920100 ns
[2020-05-01T16:42:47.821+0000][1][safepoint    ] Safepoint "RevokeBias", Time since last: 43970900 ns, Reaching safepoint: 206500 ns, At safepoint: 59700 ns, Total: 266200 ns
[2020-05-01T16:42:47.822+0000][1][safepoint    ] Safepoint "RevokeBias", Time since last: 820500 ns, Reaching safepoint: 214300 ns, At safepoint: 44400 ns, Total: 258700 ns
[2020-05-01T16:42:47.836+0000][1][safepoint    ] Safepoint "RevokeBias", Time since last: 13756600 ns, Reaching safepoint: 185500 ns, At safepoint: 59000 ns, Total: 244500 ns
[2020-05-01T16:42:48.041+0000][1][safepoint    ] Safepoint "RevokeBias", Time since last: 204783300 ns, Reaching safepoint: 105700 ns, At safepoint: 130700 ns, Total: 236400 ns
[2020-05-01T16:42:48.042+0000][1][safepoint    ] Safepoint "RevokeBias", Time since last: 645400 ns, Reaching safepoint: 89300 ns, At safepoint: 54200 ns, Total: 143500 ns
[2020-05-01T16:42:48.128+0000][1][safepoint    ] Safepoint "RevokeBias", Time since last: 86014300 ns, Reaching safepoint: 100800 ns, At safepoint: 48500 ns, Total: 149300 ns
[2020-05-01T16:42:48.129+0000][1][safepoint    ] Safepoint "RevokeBias", Time since last: 377700 ns, Reaching safepoint: 100500 ns, At safepoint: 49400 ns, Total: 149900 ns
[2020-05-01T16:42:48.175+0000][1][safepoint    ] Safepoint "RevokeBias", Time since last: 46395600 ns, Reaching safepoint: 361400 ns, At safepoint: 195600 ns, Total: 557000 ns
[2020-05-01T16:42:48.291+0000][1][safepoint    ] Safepoint "RevokeBias", Time since last: 115547100 ns, Reaching safepoint: 132600 ns, At safepoint: 69100 ns, Total: 201700 ns
[2020-05-01T16:42:48.369+0000][1][safepoint    ] Safepoint "RevokeBias", Time since last: 77372900 ns, Reaching safepoint: 322200 ns, At safepoint: 178400 ns, Total: 500600 ns
[2020-05-01T16:42:48.375+0000][1][safepoint    ] Safepoint "RevokeBias", Time since last: 5019800 ns, Reaching safepoint: 401300 ns, At safepoint: 243900 ns, Total: 645200 ns
[2020-05-01T16:42:48.376+0000][1][safepoint    ] Safepoint "RevokeBias", Time since last: 294600 ns, Reaching safepoint: 330600 ns, At safepoint: 234100 ns, Total: 564700 ns
[2020-05-01T16:42:48.390+0000][1][safepoint    ] Safepoint "RevokeBias", Time since last: 14353500 ns, Reaching safepoint: 187400 ns, At safepoint: 102500 ns, Total: 289900 ns
[2020-05-01T16:42:48.403+0000][1][safepoint    ] Safepoint "RevokeBias", Time since last: 12822100 ns, Reaching safepoint: 149100 ns, At safepoint: 210500 ns, Total: 359600 ns
[2020-05-01T16:42:48.405+0000][1][safepoint    ] Safepoint "RevokeBias", Time since last: 433800 ns, Reaching safepoint: 397800 ns, At safepoint: 571000 ns, Total: 968800 ns
[2020-05-01T16:42:48.408+0000][1][safepoint    ] Safepoint "RevokeBias", Time since last: 2739800 ns, Reaching safepoint: 407700 ns, At safepoint: 242600 ns, Total: 650300 ns
[2020-05-01T16:42:48.424+0000][1][safepoint    ] Safepoint "RevokeBias", Time since last: 15396100 ns, Reaching safepoint: 473600 ns, At safepoint: 277600 ns, Total: 751200 ns
[2020-05-01T16:42:48.426+0000][1][safepoint    ] Safepoint "RevokeBias", Time since last: 446000 ns, Reaching safepoint: 790700 ns, At safepoint: 265700 ns, Total: 1056400 ns
[2020-05-01T16:42:48.430+0000][1][safepoint    ] Safepoint "RevokeBias", Time since last: 3805400 ns, Reaching safepoint: 374000 ns, At safepoint: 176400 ns, Total: 550400 ns
[2020-05-01T16:42:48.554+0000][1][safepoint    ] Safepoint "RevokeBias", Time since last: 123446700 ns, Reaching safepoint: 155700 ns, At safepoint: 102700 ns, Total: 258400 ns
[2020-05-01T16:42:48.555+0000][1][safepoint    ] Safepoint "RevokeBias", Time since last: 258900 ns, Reaching safepoint: 336200 ns, At safepoint: 289900 ns, Total: 626100 ns
[2020-05-01T16:42:48.567+0000][1][safepoint    ] Safepoint "RevokeBias", Time since last: 11795200 ns, Reaching safepoint: 114400 ns, At safepoint: 82900 ns, Total: 197300 ns
[2020-05-01T16:42:48.570+0000][1][safepoint    ] Safepoint "RevokeBias", Time since last: 2362500 ns, Reaching safepoint: 313000 ns, At safepoint: 116300 ns, Total: 429300 ns
[2020-05-01T16:42:48.571+0000][1][safepoint    ] Safepoint "RevokeBias", Time since last: 828300 ns, Reaching safepoint: 321000 ns, At safepoint: 106900 ns, Total: 427900 ns
[2020-05-01T16:42:48.580+0000][1][safepoint    ] Safepoint "RevokeBias", Time since last: 9219000 ns, Reaching safepoint: 176000 ns, At safepoint: 130400 ns, Total: 306400 ns
[2020-05-01T16:42:48.583+0000][1][safepoint    ] Safepoint "RevokeBias", Time since last: 1654500 ns, Reaching safepoint: 353700 ns, At safepoint: 243000 ns, Total: 596700 ns
[2020-05-01T16:42:48.618+0000][1][gc,start     ] GC(16) Pause Young (Allocation Failure)
[2020-05-01T16:42:48.618+0000][1][gc,task      ] GC(16) Using 10 workers of 10 for evacuation
[2020-05-01T16:42:48.635+0000][1][gc,age       ] GC(16) Desired survivor size 8945664 bytes, new threshold 2 (max threshold 6)
[2020-05-01T16:42:48.635+0000][1][gc,age       ] GC(16) Age table with threshold 2 (max threshold 6)
[2020-05-01T16:42:48.635+0000][1][gc,age       ] GC(16) - age   1:    7826664 bytes,    7826664 total
[2020-05-01T16:42:48.635+0000][1][gc,age       ] GC(16) - age   2:    5026552 bytes,   12853216 total
[2020-05-01T16:42:48.635+0000][1][gc,age       ] GC(16) - age   3:    3048856 bytes,   15902072 total
[2020-05-01T16:42:48.635+0000][1][gc,heap      ] GC(16) ParNew: 154039K->17472K(157248K)
[2020-05-01T16:42:48.635+0000][1][gc,heap      ] GC(16) CMS: 56368K->61020K(349568K)
[2020-05-01T16:42:48.635+0000][1][gc,metaspace ] GC(16) Metaspace: 83851K->83851K(1126400K)
[2020-05-01T16:42:48.635+0000][1][gc           ] GC(16) Pause Young (Allocation Failure) 205M->76M(494M) 17.513ms
[2020-05-01T16:42:48.635+0000][1][gc,cpu       ] GC(16) User=0.14s Sys=0.01s Real=0.01s
[2020-05-01T16:42:48.636+0000][1][safepoint    ] Safepoint "GenCollectForAllocation", Time since last: 34914300 ns, Reaching safepoint: 254200 ns, At safepoint: 18202600 ns, Total: 18456800 ns
[2020-05-01T16:42:48.647+0000][1][safepoint    ] Safepoint "RevokeBias", Time since last: 9774300 ns, Reaching safepoint: 365600 ns, At safepoint: 378600 ns, Total: 744200 ns
[2020-05-01T16:42:48.663+0000][1][safepoint    ] Safepoint "RevokeBias", Time since last: 16290600 ns, Reaching safepoint: 369300 ns, At safepoint: 185700 ns, Total: 555000 ns
[2020-05-01T16:42:48.676+0000][1][safepoint    ] Safepoint "RevokeBias", Time since last: 11452500 ns, Reaching safepoint: 539200 ns, At safepoint: 204300 ns, Total: 743500 ns
[2020-05-01T16:42:48.677+0000][1][safepoint    ] Safepoint "RevokeBias", Time since last: 341600 ns, Reaching safepoint: 610200 ns, At safepoint: 313800 ns, Total: 924000 ns
[2020-05-01T16:42:48.678+0000][1][safepoint    ] Safepoint "RevokeBias", Time since last: 269900 ns, Reaching safepoint: 285900 ns, At safepoint: 402200 ns, Total: 688100 ns
[2020-05-01T16:42:48.683+0000][1][safepoint    ] Safepoint "RevokeBias", Time since last: 4378200 ns, Reaching safepoint: 373600 ns, At safepoint: 321500 ns, Total: 695100 ns
[2020-05-01T16:42:48.686+0000][1][safepoint    ] Safepoint "RevokeBias", Time since last: 2074000 ns, Reaching safepoint: 420300 ns, At safepoint: 300200 ns, Total: 720500 ns
[2020-05-01T16:42:48.692+0000][1][safepoint    ] Safepoint "RevokeBias", Time since last: 5560500 ns, Reaching safepoint: 312400 ns, At safepoint: 221900 ns, Total: 534300 ns
[2020-05-01T16:42:48.704+0000][1][safepoint    ] Safepoint "RevokeBias", Time since last: 12453600 ns, Reaching safepoint: 110500 ns, At safepoint: 97500 ns, Total: 208000 ns
[2020-05-01T16:42:48.780+0000][1][safepoint    ] Safepoint "RevokeBias", Time since last: 75069700 ns, Reaching safepoint: 264000 ns, At safepoint: 203100 ns, Total: 467100 ns
[2020-05-01T16:42:48.780+0000][1][safepoint    ] Safepoint "RevokeBias", Time since last: 241400 ns, Reaching safepoint: 96300 ns, At safepoint: 87300 ns, Total: 183600 ns
[2020-05-01T16:42:48.792+0000][1][safepoint    ] Safepoint "RevokeBias", Time since last: 11601400 ns, Reaching safepoint: 270300 ns, At safepoint: 94000 ns, Total: 364300 ns
[2020-05-01T16:42:48.793+0000][1][safepoint    ] Safepoint "RevokeBias", Time since last: 159100 ns, Reaching safepoint: 71800 ns, At safepoint: 50000 ns, Total: 121800 ns
[2020-05-01T16:42:48.809+0000][1][safepoint    ] Safepoint "RevokeBias", Time since last: 16216400 ns, Reaching safepoint: 182600 ns, At safepoint: 74200 ns, Total: 256800 ns
[2020-05-01T16:42:48.809+0000][1][safepoint    ] Safepoint "RevokeBias", Time since last: 138300 ns, Reaching safepoint: 62700 ns, At safepoint: 65600 ns, Total: 128300 ns
[2020-05-01T16:42:48.814+0000][1][safepoint    ] Safepoint "RevokeBias", Time since last: 3943700 ns, Reaching safepoint: 145000 ns, At safepoint: 107300 ns, Total: 252300 ns
[2020-05-01T16:42:48.814+0000][1][safepoint    ] Safepoint "RevokeBias", Time since last: 217300 ns, Reaching safepoint: 154400 ns, At safepoint: 96700 ns, Total: 251100 ns
[2020-05-01T16:42:48.814+0000][1][safepoint    ] Safepoint "RevokeBias", Time since last: 195500 ns, Reaching safepoint: 97200 ns, At safepoint: 90000 ns, Total: 187200 ns
[2020-05-01T16:42:48.815+0000][1][safepoint    ] Safepoint "RevokeBias", Time since last: 233600 ns, Reaching safepoint: 141900 ns, At safepoint: 92100 ns, Total: 234000 ns
[2020-05-01T16:42:48.816+0000][1][safepoint    ] Safepoint "RevokeBias", Time since last: 419100 ns, Reaching safepoint: 306700 ns, At safepoint: 178500 ns, Total: 485200 ns
[2020-05-01T16:42:48.994+0000][1][safepoint    ] Safepoint "RevokeBias", Time since last: 178424700 ns, Reaching safepoint: 99900 ns, At safepoint: 112000 ns, Total: 211900 ns
[2020-05-01T16:42:48.997+0000][1][safepoint    ] Safepoint "RevokeBias", Time since last: 1986800 ns, Reaching safepoint: 87800 ns, At safepoint: 58000 ns, Total: 145800 ns
[2020-05-01T16:42:48.997+0000][1][safepoint    ] Safepoint "RevokeBias", Time since last: 243100 ns, Reaching safepoint: 81200 ns, At safepoint: 75300 ns, Total: 156500 ns
[2020-05-01T16:42:48.997+0000][1][safepoint    ] Safepoint "RevokeBias", Time since last: 180400 ns, Reaching safepoint: 108700 ns, At safepoint: 86200 ns, Total: 194900 ns
[2020-05-01T16:42:48.998+0000][1][safepoint    ] Safepoint "RevokeBias", Time since last: 317200 ns, Reaching safepoint: 379500 ns, At safepoint: 236900 ns, Total: 616400 ns
[2020-05-01T16:42:48.999+0000][1][safepoint    ] Safepoint "RevokeBias", Time since last: 652700 ns, Reaching safepoint: 304500 ns, At safepoint: 124300 ns, Total: 428800 ns
[2020-05-01T16:42:49.000+0000][1][safepoint    ] Safepoint "RevokeBias", Time since last: 265300 ns, Reaching safepoint: 194200 ns, At safepoint: 77400 ns, Total: 271600 ns
[2020-05-01T16:42:49.000+0000][1][safepoint    ] Safepoint "RevokeBias", Time since last: 232000 ns, Reaching safepoint: 242200 ns, At safepoint: 115400 ns, Total: 357600 ns
[2020-05-01T16:42:49.001+0000][1][safepoint    ] Safepoint "RevokeBias", Time since last: 248700 ns, Reaching safepoint: 201900 ns, At safepoint: 101400 ns, Total: 303300 ns
[2020-05-01T16:42:49.002+0000][1][safepoint    ] Safepoint "RevokeBias", Time since last: 284800 ns, Reaching safepoint: 183500 ns, At safepoint: 63500 ns, Total: 247000 ns
[2020-05-01T16:42:49.002+0000][1][safepoint    ] Safepoint "RevokeBias", Time since last: 153800 ns, Reaching safepoint: 72200 ns, At safepoint: 53000 ns, Total: 125200 ns
[2020-05-01T16:42:49.242+0000][1][safepoint    ] Safepoint "RevokeBias", Time since last: 240061300 ns, Reaching safepoint: 177400 ns, At safepoint: 87300 ns, Total: 264700 ns
[2020-05-01T16:42:49.243+0000][1][safepoint    ] Safepoint "RevokeBias", Time since last: 213300 ns, Reaching safepoint: 172900 ns, At safepoint: 84300 ns, Total: 257200 ns
[2020-05-01T16:42:49.243+0000][1][safepoint    ] Safepoint "RevokeBias", Time since last: 180600 ns, Reaching safepoint: 52500 ns, At safepoint: 84200 ns, Total: 136700 ns
[2020-05-01T16:42:49.279+0000][1][safepoint    ] Safepoint "RevokeBias", Time since last: 35207500 ns, Reaching safepoint: 302900 ns, At safepoint: 177800 ns, Total: 480700 ns
[2020-05-01T16:42:49.280+0000][1][safepoint    ] Safepoint "RevokeBias", Time since last: 560100 ns, Reaching safepoint: 183600 ns, At safepoint: 128600 ns, Total: 312200 ns
[2020-05-01T16:42:49.280+0000][1][safepoint    ] Safepoint "RevokeBias", Time since last: 264900 ns, Reaching safepoint: 135300 ns, At safepoint: 54900 ns, Total: 190200 ns
[2020-05-01T16:42:49.280+0000][1][safepoint    ] Safepoint "RevokeBias", Time since last: 140700 ns, Reaching safepoint: 47800 ns, At safepoint: 51100 ns, Total: 98900 ns
[2020-05-01T16:42:49.280+0000][1][safepoint    ] Safepoint "RevokeBias", Time since last: 141700 ns, Reaching safepoint: 52000 ns, At safepoint: 42900 ns, Total: 94900 ns
[2020-05-01T16:42:49.281+0000][1][safepoint    ] Safepoint "RevokeBias", Time since last: 171000 ns, Reaching safepoint: 86700 ns, At safepoint: 64500 ns, Total: 151200 ns
[2020-05-01T16:42:50.281+0000][1][safepoint    ] Safepoint "Cleanup", Time since last: 1000255100 ns, Reaching safepoint: 137100 ns, At safepoint: 56800 ns, Total: 193900 ns
[2020-05-01T16:42:53.307+0000][1][safepoint    ] Safepoint "RevokeBias", Time since last: 3025518700 ns, Reaching safepoint: 323700 ns, At safepoint: 214100 ns, Total: 537800 ns
[2020-05-01T16:42:53.308+0000][1][safepoint    ] Safepoint "RevokeBias", Time since last: 355300 ns, Reaching safepoint: 148700 ns, At safepoint: 96800 ns, Total: 245500 ns
[2020-05-01T16:42:53.308+0000][1][safepoint    ] Safepoint "RevokeBias", Time since last: 207800 ns, Reaching safepoint: 78300 ns, At safepoint: 81100 ns, Total: 159400 ns
[2020-05-01T16:42:54.309+0000][1][safepoint    ] Safepoint "Cleanup", Time since last: 1000226600 ns, Reaching safepoint: 73900 ns, At safepoint: 31700 ns, Total: 105600 ns
[2020-05-01T16:42:57.310+0000][1][safepoint    ] Safepoint "Cleanup", Time since last: 3000698700 ns, Reaching safepoint: 361100 ns, At safepoint: 95600 ns, Total: 456700 ns
[2020-05-01T16:42:58.310+0000][1][safepoint    ] Safepoint "Cleanup", Time since last: 1000273200 ns, Reaching safepoint: 98500 ns, At safepoint: 39000 ns, Total: 137500 ns
[2020-05-01T16:42:59.311+0000][1][safepoint    ] Safepoint "Cleanup", Time since last: 1000167700 ns, Reaching safepoint: 128100 ns, At safepoint: 65000 ns, Total: 193100 ns
[2020-05-01T16:43:00.311+0000][1][safepoint    ] Safepoint "Cleanup", Time since last: 1000182100 ns, Reaching safepoint: 146000 ns, At safepoint: 53800 ns, Total: 199800 ns
[2020-05-01T16:43:07.312+0000][1][safepoint    ] Safepoint "Cleanup", Time since last: 7001029600 ns, Reaching safepoint: 317300 ns, At safepoint: 152700 ns, Total: 470000 ns
[2020-05-01T16:43:11.313+0000][1][safepoint    ] Safepoint "Cleanup", Time since last: 4000748900 ns, Reaching safepoint: 137600 ns, At safepoint: 37000 ns, Total: 174600 ns
[2020-05-01T16:43:12.314+0000][1][safepoint    ] Safepoint "Cleanup", Time since last: 1000146200 ns, Reaching safepoint: 205600 ns, At safepoint: 48400 ns, Total: 254000 ns
[2020-05-01T16:43:13.314+0000][1][safepoint    ] Safepoint "Cleanup", Time since last: 1000260500 ns, Reaching safepoint: 189300 ns, At safepoint: 53100 ns, Total: 242400 ns
[2020-05-01T16:43:14.315+0000][1][safepoint    ] Safepoint "Cleanup", Time since last: 1000312700 ns, Reaching safepoint: 329300 ns, At safepoint: 120600 ns, Total: 449900 ns
[2020-05-01T16:43:16.316+0000][1][safepoint    ] Safepoint "Cleanup", Time since last: 2000436200 ns, Reaching safepoint: 76300 ns, At safepoint: 30200 ns, Total: 106500 ns
[2020-05-01T16:43:17.994+0000][1][safepoint    ] Safepoint "RevokeBias", Time since last: 1677844900 ns, Reaching safepoint: 87200 ns, At safepoint: 66500 ns, Total: 153700 ns
[2020-05-01T16:43:17.995+0000][1][safepoint    ] Safepoint "RevokeBias", Time since last: 1754700 ns, Reaching safepoint: 95000 ns, At safepoint: 83400 ns, Total: 178400 ns
[2020-05-01T16:43:17.996+0000][1][safepoint    ] Safepoint "RevokeBias", Time since last: 180600 ns, Reaching safepoint: 141400 ns, At safepoint: 60000 ns, Total: 201400 ns
[2020-05-01T16:43:18.242+0000][1][safepoint    ] Safepoint "RevokeBias", Time since last: 245866800 ns, Reaching safepoint: 168300 ns, At safepoint: 89500 ns, Total: 257800 ns
[2020-05-01T16:43:18.242+0000][1][safepoint    ] Safepoint "RevokeBias", Time since last: 55200 ns, Reaching safepoint: 132900 ns, At safepoint: 68700 ns, Total: 201600 ns
[2020-05-01T16:43:18.243+0000][1][safepoint    ] Safepoint "RevokeBias", Time since last: 117600 ns, Reaching safepoint: 123200 ns, At safepoint: 75700 ns, Total: 198900 ns
[2020-05-01T16:43:18.243+0000][1][safepoint    ] Safepoint "RevokeBias", Time since last: 117600 ns, Reaching safepoint: 127800 ns, At safepoint: 81300 ns, Total: 209100 ns
[2020-05-01T16:43:18.278+0000][1][safepoint    ] Safepoint "RevokeBias", Time since last: 34883400 ns, Reaching safepoint: 73000 ns, At safepoint: 42700 ns, Total: 115700 ns
[2020-05-01T16:43:18.278+0000][1][safepoint    ] Safepoint "RevokeBias", Time since last: 194900 ns, Reaching safepoint: 47900 ns, At safepoint: 69000 ns, Total: 116900 ns
[2020-05-01T16:43:18.278+0000][1][safepoint    ] Safepoint "RevokeBias", Time since last: 161500 ns, Reaching safepoint: 40400 ns, At safepoint: 90100 ns, Total: 130500 ns
[2020-05-01T16:43:18.711+0000][1][safepoint    ] Safepoint "RevokeBias", Time since last: 431514400 ns, Reaching safepoint: 454900 ns, At safepoint: 132600 ns, Total: 587500 ns
[2020-05-01T16:43:18.711+0000][1][safepoint    ] Safepoint "RevokeBias", Time since last: 396500 ns, Reaching safepoint: 159600 ns, At safepoint: 81600 ns, Total: 241200 ns
[2020-05-01T16:43:18.712+0000][1][safepoint    ] Safepoint "RevokeBias", Time since last: 559100 ns, Reaching safepoint: 70500 ns, At safepoint: 62400 ns, Total: 132900 ns
[2020-05-01T16:43:18.716+0000][1][safepoint    ] Safepoint "RevokeBias", Time since last: 3840800 ns, Reaching safepoint: 163300 ns, At safepoint: 72000 ns, Total: 235300 ns
[2020-05-01T16:43:18.717+0000][1][safepoint    ] Safepoint "RevokeBias", Time since last: 676800 ns, Reaching safepoint: 216100 ns, At safepoint: 208200 ns, Total: 424300 ns
[2020-05-01T16:43:18.727+0000][1][safepoint    ] Safepoint "RevokeBias", Time since last: 9680900 ns, Reaching safepoint: 354000 ns, At safepoint: 204000 ns, Total: 558000 ns
[2020-05-01T16:43:18.728+0000][1][safepoint    ] Safepoint "RevokeBias", Time since last: 149400 ns, Reaching safepoint: 137400 ns, At safepoint: 160400 ns, Total: 297800 ns
[2020-05-01T16:43:18.728+0000][1][safepoint    ] Safepoint "RevokeBias", Time since last: 81800 ns, Reaching safepoint: 281900 ns, At safepoint: 135700 ns, Total: 417600 ns
[2020-05-01T16:43:18.743+0000][1][safepoint    ] Safepoint "RevokeBias", Time since last: 14556100 ns, Reaching safepoint: 226600 ns, At safepoint: 116600 ns, Total: 343200 ns
[2020-05-01T16:43:18.761+0000][1][safepoint    ] Safepoint "Deoptimize", Time since last: 17531500 ns, Reaching safepoint: 90300 ns, At safepoint: 708300 ns, Total: 798600 ns
[2020-05-01T16:43:18.765+0000][1][safepoint    ] Safepoint "RevokeBias", Time since last: 2798400 ns, Reaching safepoint: 218900 ns, At safepoint: 102300 ns, Total: 321200 ns
[2020-05-01T16:43:18.769+0000][1][safepoint    ] Safepoint "RevokeBias", Time since last: 3821100 ns, Reaching safepoint: 177300 ns, At safepoint: 82500 ns, Total: 259800 ns
[2020-05-01T16:43:18.778+0000][1][safepoint    ] Safepoint "RevokeBias", Time since last: 9411900 ns, Reaching safepoint: 74300 ns, At safepoint: 26100 ns, Total: 100400 ns
[2020-05-01T16:43:18.785+0000][1][safepoint    ] Safepoint "Deoptimize", Time since last: 5770400 ns, Reaching safepoint: 226400 ns, At safepoint: 553700 ns, Total: 780100 ns
[2020-05-01T16:43:18.794+0000][1][safepoint    ] Safepoint "RevokeBias", Time since last: 8917600 ns, Reaching safepoint: 236100 ns, At safepoint: 122300 ns, Total: 358400 ns
[2020-05-01T16:43:18.820+0000][1][safepoint    ] Safepoint "RevokeBias", Time since last: 25963400 ns, Reaching safepoint: 211000 ns, At safepoint: 130200 ns, Total: 341200 ns
[2020-05-01T16:43:18.821+0000][1][safepoint    ] Safepoint "RevokeBias", Time since last: 825500 ns, Reaching safepoint: 209900 ns, At safepoint: 64200 ns, Total: 274100 ns
[2020-05-01T16:43:18.824+0000][1][safepoint    ] Safepoint "RevokeBias", Time since last: 2462100 ns, Reaching safepoint: 121800 ns, At safepoint: 124100 ns, Total: 245900 ns
[2020-05-01T16:43:18.825+0000][1][safepoint    ] Safepoint "RevokeBias", Time since last: 272000 ns, Reaching safepoint: 75500 ns, At safepoint: 65200 ns, Total: 140700 ns
[2020-05-01T16:43:18.825+0000][1][safepoint    ] Safepoint "RevokeBias", Time since last: 220200 ns, Reaching safepoint: 149600 ns, At safepoint: 70800 ns, Total: 220400 ns
[2020-05-01T16:43:18.825+0000][1][safepoint    ] Safepoint "RevokeBias", Time since last: 117800 ns, Reaching safepoint: 46600 ns, At safepoint: 49600 ns, Total: 96200 ns
[2020-05-01T16:43:18.826+0000][1][safepoint    ] Safepoint "RevokeBias", Time since last: 221700 ns, Reaching safepoint: 152100 ns, At safepoint: 63500 ns, Total: 215600 ns
[2020-05-01T16:43:18.826+0000][1][safepoint    ] Safepoint "RevokeBias", Time since last: 118600 ns, Reaching safepoint: 150100 ns, At safepoint: 51100 ns, Total: 201200 ns
[2020-05-01T16:43:18.826+0000][1][safepoint    ] Safepoint "RevokeBias", Time since last: 111400 ns, Reaching safepoint: 66800 ns, At safepoint: 35400 ns, Total: 102200 ns
[2020-05-01T16:43:18.827+0000][1][safepoint    ] Safepoint "RevokeBias", Time since last: 100200 ns, Reaching safepoint: 166800 ns, At safepoint: 62900 ns, Total: 229700 ns
[2020-05-01T16:43:18.827+0000][1][safepoint    ] Safepoint "RevokeBias", Time since last: 254400 ns, Reaching safepoint: 147400 ns, At safepoint: 83800 ns, Total: 231200 ns
[2020-05-01T16:43:18.827+0000][1][safepoint    ] Safepoint "RevokeBias", Time since last: 144000 ns, Reaching safepoint: 163200 ns, At safepoint: 62700 ns, Total: 225900 ns
[2020-05-01T16:43:18.828+0000][1][safepoint    ] Safepoint "RevokeBias", Time since last: 123800 ns, Reaching safepoint: 70100 ns, At safepoint: 37400 ns, Total: 107500 ns
[2020-05-01T16:43:18.828+0000][1][safepoint    ] Safepoint "RevokeBias", Time since last: 103700 ns, Reaching safepoint: 38300 ns, At safepoint: 49000 ns, Total: 87300 ns
[2020-05-01T16:43:18.828+0000][1][safepoint    ] Safepoint "RevokeBias", Time since last: 112200 ns, Reaching safepoint: 38100 ns, At safepoint: 46700 ns, Total: 84800 ns
[2020-05-01T16:43:18.828+0000][1][safepoint    ] Safepoint "RevokeBias", Time since last: 235500 ns, Reaching safepoint: 41500 ns, At safepoint: 32000 ns, Total: 73500 ns
[2020-05-01T16:43:18.828+0000][1][safepoint    ] Safepoint "RevokeBias", Time since last: 93400 ns, Reaching safepoint: 38800 ns, At safepoint: 47300 ns, Total: 86100 ns
[2020-05-01T16:43:18.829+0000][1][safepoint    ] Safepoint "RevokeBias", Time since last: 102400 ns, Reaching safepoint: 130700 ns, At safepoint: 63100 ns, Total: 193800 ns
[2020-05-01T16:43:18.829+0000][1][safepoint    ] Safepoint "RevokeBias", Time since last: 217400 ns, Reaching safepoint: 129000 ns, At safepoint: 67800 ns, Total: 196800 ns
[2020-05-01T16:43:18.830+0000][1][safepoint    ] Safepoint "RevokeBias", Time since last: 355600 ns, Reaching safepoint: 136400 ns, At safepoint: 83600 ns, Total: 220000 ns
[2020-05-01T16:43:18.830+0000][1][safepoint    ] Safepoint "RevokeBias", Time since last: 111200 ns, Reaching safepoint: 132100 ns, At safepoint: 67900 ns, Total: 200000 ns
[2020-05-01T16:43:18.830+0000][1][safepoint    ] Safepoint "RevokeBias", Time since last: 43700 ns, Reaching safepoint: 137200 ns, At safepoint: 87400 ns, Total: 224600 ns
[2020-05-01T16:43:18.831+0000][1][safepoint    ] Safepoint "RevokeBias", Time since last: 67800 ns, Reaching safepoint: 148200 ns, At safepoint: 82700 ns, Total: 230900 ns
[2020-05-01T16:43:18.831+0000][1][safepoint    ] Safepoint "RevokeBias", Time since last: 52400 ns, Reaching safepoint: 166700 ns, At safepoint: 99700 ns, Total: 266400 ns
[2020-05-01T16:43:18.831+0000][1][safepoint    ] Safepoint "RevokeBias", Time since last: 44400 ns, Reaching safepoint: 146800 ns, At safepoint: 101800 ns, Total: 248600 ns
[2020-05-01T16:43:18.832+0000][1][safepoint    ] Safepoint "RevokeBias", Time since last: 153100 ns, Reaching safepoint: 125100 ns, At safepoint: 58500 ns, Total: 183600 ns
[2020-05-01T16:43:18.832+0000][1][safepoint    ] Safepoint "RevokeBias", Time since last: 82100 ns, Reaching safepoint: 123500 ns, At safepoint: 85900 ns, Total: 209400 ns
[2020-05-01T16:43:18.832+0000][1][safepoint    ] Safepoint "RevokeBias", Time since last: 59600 ns, Reaching safepoint: 137300 ns, At safepoint: 92800 ns, Total: 230100 ns
[2020-05-01T16:43:18.832+0000][1][safepoint    ] Safepoint "RevokeBias", Time since last: 125300 ns, Reaching safepoint: 143100 ns, At safepoint: 67900 ns, Total: 211000 ns
[2020-05-01T16:43:18.833+0000][1][safepoint    ] Safepoint "RevokeBias", Time since last: 113400 ns, Reaching safepoint: 45300 ns, At safepoint: 55000 ns, Total: 100300 ns
[2020-05-01T16:43:18.833+0000][1][safepoint    ] Safepoint "RevokeBias", Time since last: 101900 ns, Reaching safepoint: 56400 ns, At safepoint: 34200 ns, Total: 90600 ns
[2020-05-01T16:43:18.833+0000][1][safepoint    ] Safepoint "RevokeBias", Time since last: 107500 ns, Reaching safepoint: 41400 ns, At safepoint: 33200 ns, Total: 74600 ns
[2020-05-01T16:43:18.833+0000][1][safepoint    ] Safepoint "RevokeBias", Time since last: 98700 ns, Reaching safepoint: 40800 ns, At safepoint: 33700 ns, Total: 74500 ns
[2020-05-01T16:43:18.833+0000][1][safepoint    ] Safepoint "RevokeBias", Time since last: 127700 ns, Reaching safepoint: 58900 ns, At safepoint: 47600 ns, Total: 106500 ns
[2020-05-01T16:43:18.834+0000][1][safepoint    ] Safepoint "RevokeBias", Time since last: 150400 ns, Reaching safepoint: 58900 ns, At safepoint: 47900 ns, Total: 106800 ns
[2020-05-01T16:43:18.834+0000][1][safepoint    ] Safepoint "RevokeBias", Time since last: 311700 ns, Reaching safepoint: 59100 ns, At safepoint: 47400 ns, Total: 106500 ns
[2020-05-01T16:43:18.834+0000][1][safepoint    ] Safepoint "RevokeBias", Time since last: 166100 ns, Reaching safepoint: 58800 ns, At safepoint: 60500 ns, Total: 119300 ns
[2020-05-01T16:43:18.835+0000][1][safepoint    ] Safepoint "RevokeBias", Time since last: 183800 ns, Reaching safepoint: 42800 ns, At safepoint: 45000 ns, Total: 87800 ns
[2020-05-01T16:43:18.835+0000][1][safepoint    ] Safepoint "RevokeBias", Time since last: 104400 ns, Reaching safepoint: 35400 ns, At safepoint: 42600 ns, Total: 78000 ns
[2020-05-01T16:43:18.835+0000][1][safepoint    ] Safepoint "RevokeBias", Time since last: 94500 ns, Reaching safepoint: 34900 ns, At safepoint: 42600 ns, Total: 77500 ns
[2020-05-01T16:43:18.836+0000][1][safepoint    ] Safepoint "BulkRevokeBias", Time since last: 90100 ns, Reaching safepoint: 123800 ns, At safepoint: 496900 ns, Total: 620700 ns
[2020-05-01T16:43:18.837+0000][1][safepoint    ] Safepoint "RevokeBias", Time since last: 307300 ns, Reaching safepoint: 853200 ns, At safepoint: 329400 ns, Total: 1182600 ns
[2020-05-01T16:43:18.838+0000][1][safepoint    ] Safepoint "RevokeBias", Time since last: 491700 ns, Reaching safepoint: 181700 ns, At safepoint: 139800 ns, Total: 321500 ns
[2020-05-01T16:43:18.839+0000][1][safepoint    ] Safepoint "RevokeBias", Time since last: 1002100 ns, Reaching safepoint: 152100 ns, At safepoint: 101700 ns, Total: 253800 ns
[2020-05-01T16:43:18.840+0000][1][safepoint    ] Safepoint "RevokeBias", Time since last: 137000 ns, Reaching safepoint: 155500 ns, At safepoint: 125200 ns, Total: 280700 ns
[2020-05-01T16:43:18.840+0000][1][safepoint    ] Safepoint "RevokeBias", Time since last: 408200 ns, Reaching safepoint: 76600 ns, At safepoint: 96400 ns, Total: 173000 ns
[2020-05-01T16:43:18.841+0000][1][safepoint    ] Safepoint "RevokeBias", Time since last: 572300 ns, Reaching safepoint: 220200 ns, At safepoint: 172900 ns, Total: 393100 ns
[2020-05-01T16:43:18.842+0000][1][safepoint    ] Safepoint "RevokeBias", Time since last: 241500 ns, Reaching safepoint: 126400 ns, At safepoint: 71200 ns, Total: 197600 ns
[2020-05-01T16:43:18.842+0000][1][safepoint    ] Safepoint "RevokeBias", Time since last: 199300 ns, Reaching safepoint: 124600 ns, At safepoint: 69400 ns, Total: 194000 ns
[2020-05-01T16:43:18.842+0000][1][safepoint    ] Safepoint "RevokeBias", Time since last: 134100 ns, Reaching safepoint: 120000 ns, At safepoint: 70800 ns, Total: 190800 ns
[2020-05-01T16:43:18.843+0000][1][safepoint    ] Safepoint "RevokeBias", Time since last: 153700 ns, Reaching safepoint: 137100 ns, At safepoint: 84800 ns, Total: 221900 ns
[2020-05-01T16:43:18.843+0000][1][safepoint    ] Safepoint "RevokeBias", Time since last: 140000 ns, Reaching safepoint: 124000 ns, At safepoint: 71300 ns, Total: 195300 ns
[2020-05-01T16:43:18.844+0000][1][safepoint    ] Safepoint "RevokeBias", Time since last: 326100 ns, Reaching safepoint: 528400 ns, At safepoint: 376300 ns, Total: 904700 ns
[2020-05-01T16:43:18.845+0000][1][safepoint    ] Safepoint "RevokeBias", Time since last: 373900 ns, Reaching safepoint: 213400 ns, At safepoint: 201200 ns, Total: 414600 ns
[2020-05-01T16:43:18.846+0000][1][safepoint    ] Safepoint "RevokeBias", Time since last: 312000 ns, Reaching safepoint: 136000 ns, At safepoint: 87200 ns, Total: 223200 ns
[2020-05-01T16:43:18.846+0000][1][safepoint    ] Safepoint "RevokeBias", Time since last: 189600 ns, Reaching safepoint: 138300 ns, At safepoint: 86000 ns, Total: 224300 ns
[2020-05-01T16:43:18.847+0000][1][safepoint    ] Safepoint "RevokeBias", Time since last: 151900 ns, Reaching safepoint: 132300 ns, At safepoint: 96400 ns, Total: 228700 ns
[2020-05-01T16:43:18.847+0000][1][safepoint    ] Safepoint "RevokeBias", Time since last: 158000 ns, Reaching safepoint: 128800 ns, At safepoint: 112300 ns, Total: 241100 ns
[2020-05-01T16:43:18.847+0000][1][safepoint    ] Safepoint "RevokeBias", Time since last: 162500 ns, Reaching safepoint: 144400 ns, At safepoint: 106200 ns, Total: 250600 ns
[2020-05-01T16:43:18.850+0000][1][safepoint    ] Safepoint "RevokeBias", Time since last: 949800 ns, Reaching safepoint: 1113900 ns, At safepoint: 138600 ns, Total: 1252500 ns
[2020-05-01T16:43:18.850+0000][1][safepoint    ] Safepoint "BulkRevokeBias", Time since last: 172400 ns, Reaching safepoint: 134700 ns, At safepoint: 503000 ns, Total: 637700 ns
[2020-05-01T16:43:18.853+0000][1][safepoint    ] Safepoint "RevokeBias", Time since last: 1896200 ns, Reaching safepoint: 248500 ns, At safepoint: 193500 ns, Total: 442000 ns
[2020-05-01T16:43:18.855+0000][1][safepoint    ] Safepoint "RevokeBias", Time since last: 1694100 ns, Reaching safepoint: 205600 ns, At safepoint: 177800 ns, Total: 383400 ns
[2020-05-01T16:43:18.856+0000][1][safepoint    ] Safepoint "RevokeBias", Time since last: 480500 ns, Reaching safepoint: 270100 ns, At safepoint: 130000 ns, Total: 400100 ns
[2020-05-01T16:43:18.856+0000][1][safepoint    ] Safepoint "RevokeBias", Time since last: 49200 ns, Reaching safepoint: 205700 ns, At safepoint: 170200 ns, Total: 375900 ns
[2020-05-01T16:43:18.857+0000][1][safepoint    ] Safepoint "RevokeBias", Time since last: 58100 ns, Reaching safepoint: 200900 ns, At safepoint: 196700 ns, Total: 397600 ns
[2020-05-01T16:43:18.863+0000][1][safepoint    ] Safepoint "BulkRevokeBias", Time since last: 5389100 ns, Reaching safepoint: 98200 ns, At safepoint: 1183300 ns, Total: 1281500 ns
[2020-05-01T16:43:18.866+0000][1][safepoint    ] Safepoint "RevokeBias", Time since last: 2974900 ns, Reaching safepoint: 193400 ns, At safepoint: 119200 ns, Total: 312600 ns
[2020-05-01T16:43:18.871+0000][1][safepoint    ] Safepoint "RevokeBias", Time since last: 4247300 ns, Reaching safepoint: 165800 ns, At safepoint: 97300 ns, Total: 263100 ns
[2020-05-01T16:43:18.873+0000][1][safepoint    ] Safepoint "RevokeBias", Time since last: 1674900 ns, Reaching safepoint: 80600 ns, At safepoint: 128200 ns, Total: 208800 ns
[2020-05-01T16:43:18.876+0000][1][safepoint    ] Safepoint "RevokeBias", Time since last: 3216600 ns, Reaching safepoint: 157700 ns, At safepoint: 44400 ns, Total: 202100 ns
[2020-05-01T16:43:18.877+0000][1][safepoint    ] Safepoint "RevokeBias", Time since last: 121300 ns, Reaching safepoint: 136600 ns, At safepoint: 42600 ns, Total: 179200 ns
[2020-05-01T16:43:18.877+0000][1][safepoint    ] Safepoint "RevokeBias", Time since last: 126300 ns, Reaching safepoint: 131300 ns, At safepoint: 54700 ns, Total: 186000 ns
[2020-05-01T16:43:18.877+0000][1][safepoint    ] Safepoint "RevokeBias", Time since last: 115000 ns, Reaching safepoint: 134200 ns, At safepoint: 51000 ns, Total: 185200 ns
[2020-05-01T16:43:18.878+0000][1][safepoint    ] Safepoint "RevokeBias", Time since last: 92100 ns, Reaching safepoint: 563800 ns, At safepoint: 84500 ns, Total: 648300 ns
[2020-05-01T16:43:18.879+0000][1][safepoint    ] Safepoint "BulkRevokeBias", Time since last: 98400 ns, Reaching safepoint: 136400 ns, At safepoint: 380600 ns, Total: 517000 ns
[2020-05-01T16:43:18.889+0000][1][safepoint    ] Safepoint "RevokeBias", Time since last: 10488800 ns, Reaching safepoint: 92300 ns, At safepoint: 104200 ns, Total: 196500 ns
[2020-05-01T16:43:18.902+0000][1][safepoint    ] Safepoint "RevokeBias", Time since last: 12386600 ns, Reaching safepoint: 125900 ns, At safepoint: 311500 ns, Total: 437400 ns
[2020-05-01T16:43:18.915+0000][1][safepoint    ] Safepoint "RevokeBias", Time since last: 12455100 ns, Reaching safepoint: 197500 ns, At safepoint: 66400 ns, Total: 263900 ns
[2020-05-01T16:43:18.922+0000][1][safepoint    ] Safepoint "RevokeBias", Time since last: 6765300 ns, Reaching safepoint: 201900 ns, At safepoint: 108600 ns, Total: 310500 ns
[2020-05-01T16:43:18.927+0000][1][safepoint    ] Safepoint "RevokeBias", Time since last: 4883100 ns, Reaching safepoint: 188400 ns, At safepoint: 210700 ns, Total: 399100 ns
[2020-05-01T16:43:18.928+0000][1][safepoint    ] Safepoint "RevokeBias", Time since last: 529700 ns, Reaching safepoint: 169900 ns, At safepoint: 90400 ns, Total: 260300 ns
[2020-05-01T16:43:18.928+0000][1][safepoint    ] Safepoint "RevokeBias", Time since last: 131300 ns, Reaching safepoint: 59800 ns, At safepoint: 81700 ns, Total: 141500 ns
[2020-05-01T16:43:18.931+0000][1][safepoint    ] Safepoint "RevokeBias", Time since last: 2036800 ns, Reaching safepoint: 172600 ns, At safepoint: 68100 ns, Total: 240700 ns
[2020-05-01T16:43:18.931+0000][1][safepoint    ] Safepoint "RevokeBias", Time since last: 276900 ns, Reaching safepoint: 59600 ns, At safepoint: 55000 ns, Total: 114600 ns
[2020-05-01T16:43:19.931+0000][1][safepoint    ] Safepoint "Cleanup", Time since last: 1000157600 ns, Reaching safepoint: 87400 ns, At safepoint: 30900 ns, Total: 118300 ns
[2020-05-01T16:43:20.931+0000][1][safepoint    ] Safepoint "Cleanup", Time since last: 1000175500 ns, Reaching safepoint: 104900 ns, At safepoint: 40100 ns, Total: 145000 ns
[2020-05-01T16:43:21.315+0000][1][safepoint    ] Safepoint "RevokeBias", Time since last: 383429100 ns, Reaching safepoint: 86400 ns, At safepoint: 62300 ns, Total: 148700 ns
[2020-05-01T16:43:22.316+0000][1][safepoint    ] Safepoint "Cleanup", Time since last: 1000178100 ns, Reaching safepoint: 158400 ns, At safepoint: 114400 ns, Total: 272800 ns
[2020-05-01T16:43:22.339+0000][1][safepoint    ] Safepoint "RevokeBias", Time since last: 23633200 ns, Reaching safepoint: 98400 ns, At safepoint: 77200 ns, Total: 175600 ns
[2020-05-01T16:43:22.340+0000][1][safepoint    ] Safepoint "RevokeBias", Time since last: 151900 ns, Reaching safepoint: 165600 ns, At safepoint: 65000 ns, Total: 230600 ns
[2020-05-01T16:43:22.340+0000][1][safepoint    ] Safepoint "RevokeBias", Time since last: 134600 ns, Reaching safepoint: 257500 ns, At safepoint: 90500 ns, Total: 348000 ns
[2020-05-01T16:43:22.342+0000][1][safepoint    ] Safepoint "RevokeBias", Time since last: 1789300 ns, Reaching safepoint: 181900 ns, At safepoint: 80700 ns, Total: 262600 ns
[2020-05-01T16:43:22.342+0000][1][safepoint    ] Safepoint "RevokeBias", Time since last: 82700 ns, Reaching safepoint: 61600 ns, At safepoint: 76600 ns, Total: 138200 ns
[2020-05-01T16:43:22.345+0000][1][safepoint    ] Safepoint "RevokeBias", Time since last: 2254800 ns, Reaching safepoint: 216700 ns, At safepoint: 126000 ns, Total: 342700 ns
[2020-05-01T16:43:22.347+0000][1][safepoint    ] Safepoint "BulkRevokeBias", Time since last: 263000 ns, Reaching safepoint: 585700 ns, At safepoint: 892700 ns, Total: 1478400 ns
[2020-05-01T16:43:22.358+0000][1][safepoint    ] Safepoint "RevokeBias", Time since last: 10772100 ns, Reaching safepoint: 384500 ns, At safepoint: 127600 ns, Total: 512100 ns
[2020-05-01T16:43:22.359+0000][1][safepoint    ] Safepoint "RevokeBias", Time since last: 381900 ns, Reaching safepoint: 254000 ns, At safepoint: 140000 ns, Total: 394000 ns
[2020-05-01T16:43:22.363+0000][1][safepoint    ] Safepoint "RevokeBias", Time since last: 3477600 ns, Reaching safepoint: 272900 ns, At safepoint: 109900 ns, Total: 382800 ns
[2020-05-01T16:43:22.400+0000][1][safepoint    ] Safepoint "RevokeBias", Time since last: 36559900 ns, Reaching safepoint: 226700 ns, At safepoint: 162900 ns, Total: 389600 ns
[2020-05-01T16:43:22.402+0000][1][safepoint    ] Safepoint "RevokeBias", Time since last: 1415000 ns, Reaching safepoint: 319800 ns, At safepoint: 121400 ns, Total: 441200 ns
[2020-05-01T16:43:22.405+0000][1][safepoint    ] Safepoint "RevokeBias", Time since last: 3549300 ns, Reaching safepoint: 132600 ns, At safepoint: 122000 ns, Total: 254600 ns
[2020-05-01T16:43:22.442+0000][1][safepoint    ] Safepoint "RevokeBias", Time since last: 36742800 ns, Reaching safepoint: 102900 ns, At safepoint: 48800 ns, Total: 151700 ns
[2020-05-01T16:43:23.311+0000][1][safepoint    ] Safepoint "RevokeBias", Time since last: 867934200 ns, Reaching safepoint: 478300 ns, At safepoint: 235200 ns, Total: 713500 ns
[2020-05-01T16:43:23.315+0000][1][safepoint    ] Safepoint "RevokeBias", Time since last: 3713300 ns, Reaching safepoint: 393700 ns, At safepoint: 216800 ns, Total: 610500 ns
[2020-05-01T16:43:23.327+0000][1][safepoint    ] Safepoint "RevokeBias", Time since last: 11710100 ns, Reaching safepoint: 229000 ns, At safepoint: 116100 ns, Total: 345100 ns
[2020-05-01T16:43:23.338+0000][1][safepoint    ] Safepoint "RevokeBias", Time since last: 10557700 ns, Reaching safepoint: 107600 ns, At safepoint: 45500 ns, Total: 153100 ns
[2020-05-01T16:43:23.340+0000][1][safepoint    ] Safepoint "RevokeBias", Time since last: 2087100 ns, Reaching safepoint: 181900 ns, At safepoint: 75800 ns, Total: 257700 ns
[2020-05-01T16:43:23.341+0000][1][safepoint    ] Safepoint "RevokeBias", Time since last: 169300 ns, Reaching safepoint: 70500 ns, At safepoint: 53900 ns, Total: 124400 ns
[2020-05-01T16:43:23.352+0000][1][safepoint    ] Safepoint "RevokeBias", Time since last: 11481800 ns, Reaching safepoint: 151000 ns, At safepoint: 56500 ns, Total: 207500 ns
[2020-05-01T16:43:23.499+0000][1][safepoint    ] Safepoint "RevokeBias", Time since last: 146695300 ns, Reaching safepoint: 253200 ns, At safepoint: 73000 ns, Total: 326200 ns
[2020-05-01T16:43:23.500+0000][1][safepoint    ] Safepoint "RevokeBias", Time since last: 889100 ns, Reaching safepoint: 207900 ns, At safepoint: 67500 ns, Total: 275400 ns
[2020-05-01T16:43:23.516+0000][1][safepoint    ] Safepoint "RevokeBias", Time since last: 14811800 ns, Reaching safepoint: 278300 ns, At safepoint: 79400 ns, Total: 357700 ns
[2020-05-01T16:43:23.516+0000][1][safepoint    ] Safepoint "RevokeBias", Time since last: 136000 ns, Reaching safepoint: 113500 ns, At safepoint: 49800 ns, Total: 163300 ns
[2020-05-01T16:43:23.519+0000][1][safepoint    ] Safepoint "RevokeBias", Time since last: 2441200 ns, Reaching safepoint: 254300 ns, At safepoint: 124400 ns, Total: 378700 ns
[2020-05-01T16:43:23.819+0000][1][safepoint    ] Safepoint "RevokeBias", Time since last: 299775400 ns, Reaching safepoint: 180900 ns, At safepoint: 101600 ns, Total: 282500 ns
[2020-05-01T16:43:24.819+0000][1][safepoint    ] Safepoint "Cleanup", Time since last: 1000175900 ns, Reaching safepoint: 97300 ns, At safepoint: 28600 ns, Total: 125900 ns
[2020-05-01T16:43:25.819+0000][1][safepoint    ] Safepoint "Cleanup", Time since last: 1000154600 ns, Reaching safepoint: 115200 ns, At safepoint: 29700 ns, Total: 144900 ns
[2020-05-01T16:43:26.270+0000][1][safepoint    ] Safepoint "RevokeBias", Time since last: 449955200 ns, Reaching safepoint: 143100 ns, At safepoint: 33200 ns, Total: 176300 ns
[2020-05-01T16:43:26.270+0000][1][safepoint    ] Safepoint "RevokeBias", Time since last: 357200 ns, Reaching safepoint: 86000 ns, At safepoint: 35300 ns, Total: 121300 ns
[2020-05-01T16:43:26.284+0000][1][safepoint    ] Safepoint "RevokeBias", Time since last: 13749100 ns, Reaching safepoint: 236400 ns, At safepoint: 172000 ns, Total: 408400 ns
[2020-05-01T16:43:26.292+0000][1][safepoint    ] Safepoint "RevokeBias", Time since last: 7077100 ns, Reaching safepoint: 165200 ns, At safepoint: 96800 ns, Total: 262000 ns
[2020-05-01T16:43:26.292+0000][1][safepoint    ] Safepoint "RevokeBias", Time since last: 243800 ns, Reaching safepoint: 98600 ns, At safepoint: 60000 ns, Total: 158600 ns
[2020-05-01T16:43:26.292+0000][1][safepoint    ] Safepoint "RevokeBias", Time since last: 170200 ns, Reaching safepoint: 84700 ns, At safepoint: 83500 ns, Total: 168200 ns
[2020-05-01T16:43:26.293+0000][1][safepoint    ] Safepoint "RevokeBias", Time since last: 632100 ns, Reaching safepoint: 87900 ns, At safepoint: 84300 ns, Total: 172200 ns
[2020-05-01T16:43:26.294+0000][1][safepoint    ] Safepoint "RevokeBias", Time since last: 178900 ns, Reaching safepoint: 250000 ns, At safepoint: 92600 ns, Total: 342600 ns
[2020-05-01T16:43:26.294+0000][1][safepoint    ] Safepoint "RevokeBias", Time since last: 192800 ns, Reaching safepoint: 127600 ns, At safepoint: 115000 ns, Total: 242600 ns
[2020-05-01T16:43:26.295+0000][1][safepoint    ] Safepoint "RevokeBias", Time since last: 943100 ns, Reaching safepoint: 96900 ns, At safepoint: 91600 ns, Total: 188500 ns
[2020-05-01T16:43:26.296+0000][1][safepoint    ] Safepoint "RevokeBias", Time since last: 875200 ns, Reaching safepoint: 115700 ns, At safepoint: 93500 ns, Total: 209200 ns
[2020-05-01T16:43:26.297+0000][1][safepoint    ] Safepoint "RevokeBias", Time since last: 272900 ns, Reaching safepoint: 169600 ns, At safepoint: 71400 ns, Total: 241000 ns
[2020-05-01T16:43:26.298+0000][1][safepoint    ] Safepoint "RevokeBias", Time since last: 1048100 ns, Reaching safepoint: 91600 ns, At safepoint: 78800 ns, Total: 170400 ns
[2020-05-01T16:43:26.298+0000][1][safepoint    ] Safepoint "RevokeBias", Time since last: 163100 ns, Reaching safepoint: 73400 ns, At safepoint: 102400 ns, Total: 175800 ns
[2020-05-01T16:43:26.299+0000][1][safepoint    ] Safepoint "RevokeBias", Time since last: 211200 ns, Reaching safepoint: 179900 ns, At safepoint: 135500 ns, Total: 315400 ns
[2020-05-01T16:43:26.299+0000][1][safepoint    ] Safepoint "RevokeBias", Time since last: 198600 ns, Reaching safepoint: 117800 ns, At safepoint: 101700 ns, Total: 219500 ns
[2020-05-01T16:43:26.300+0000][1][safepoint    ] Safepoint "RevokeBias", Time since last: 188000 ns, Reaching safepoint: 87100 ns, At safepoint: 70600 ns, Total: 157700 ns
[2020-05-01T16:43:26.301+0000][1][safepoint    ] Safepoint "RevokeBias", Time since last: 1220100 ns, Reaching safepoint: 151800 ns, At safepoint: 63700 ns, Total: 215500 ns
[2020-05-01T16:43:26.302+0000][1][safepoint    ] Safepoint "RevokeBias", Time since last: 606700 ns, Reaching safepoint: 153200 ns, At safepoint: 44100 ns, Total: 197300 ns
[2020-05-01T16:43:26.302+0000][1][safepoint    ] Safepoint "RevokeBias", Time since last: 131300 ns, Reaching safepoint: 135700 ns, At safepoint: 59000 ns, Total: 194700 ns
[2020-05-01T16:43:26.303+0000][1][safepoint    ] Safepoint "RevokeBias", Time since last: 213700 ns, Reaching safepoint: 94200 ns, At safepoint: 92900 ns, Total: 187100 ns
[2020-05-01T16:43:26.303+0000][1][safepoint    ] Safepoint "RevokeBias", Time since last: 185300 ns, Reaching safepoint: 296500 ns, At safepoint: 104100 ns, Total: 400600 ns
[2020-05-01T16:43:26.304+0000][1][safepoint    ] Safepoint "RevokeBias", Time since last: 276700 ns, Reaching safepoint: 209300 ns, At safepoint: 80900 ns, Total: 290200 ns
[2020-05-01T16:43:26.304+0000][1][safepoint    ] Safepoint "RevokeBias", Time since last: 186000 ns, Reaching safepoint: 64800 ns, At safepoint: 63300 ns, Total: 128100 ns
[2020-05-01T16:43:26.305+0000][1][safepoint    ] Safepoint "RevokeBias", Time since last: 675800 ns, Reaching safepoint: 196600 ns, At safepoint: 66900 ns, Total: 263500 ns
[2020-05-01T16:43:26.305+0000][1][safepoint    ] Safepoint "RevokeBias", Time since last: 190300 ns, Reaching safepoint: 74100 ns, At safepoint: 54500 ns, Total: 128600 ns
[2020-05-01T16:43:26.306+0000][1][safepoint    ] Safepoint "RevokeBias", Time since last: 170000 ns, Reaching safepoint: 53300 ns, At safepoint: 49000 ns, Total: 102300 ns
[2020-05-01T16:43:26.306+0000][1][safepoint    ] Safepoint "RevokeBias", Time since last: 170400 ns, Reaching safepoint: 222200 ns, At safepoint: 69000 ns, Total: 291200 ns
[2020-05-01T16:43:26.307+0000][1][safepoint    ] Safepoint "RevokeBias", Time since last: 340200 ns, Reaching safepoint: 109600 ns, At safepoint: 104900 ns, Total: 214500 ns
[2020-05-01T16:43:26.307+0000][1][safepoint    ] Safepoint "RevokeBias", Time since last: 243400 ns, Reaching safepoint: 184000 ns, At safepoint: 106900 ns, Total: 290900 ns
[2020-05-01T16:43:26.308+0000][1][safepoint    ] Safepoint "RevokeBias", Time since last: 518300 ns, Reaching safepoint: 169900 ns, At safepoint: 59400 ns, Total: 229300 ns
[2020-05-01T16:43:26.308+0000][1][safepoint    ] Safepoint "RevokeBias", Time since last: 405100 ns, Reaching safepoint: 117900 ns, At safepoint: 56700 ns, Total: 174600 ns
[2020-05-01T16:43:26.309+0000][1][safepoint    ] Safepoint "RevokeBias", Time since last: 134700 ns, Reaching safepoint: 49000 ns, At safepoint: 32300 ns, Total: 81300 ns
[2020-05-01T16:43:26.311+0000][1][safepoint    ] Safepoint "BulkRevokeBias", Time since last: 1184800 ns, Reaching safepoint: 93200 ns, At safepoint: 983700 ns, Total: 1076900 ns
[2020-05-01T16:43:26.314+0000][1][safepoint    ] Safepoint "RevokeBias", Time since last: 3058400 ns, Reaching safepoint: 191300 ns, At safepoint: 78100 ns, Total: 269400 ns
[2020-05-01T16:43:26.317+0000][1][safepoint    ] Safepoint "RevokeBias", Time since last: 2707300 ns, Reaching safepoint: 139800 ns, At safepoint: 114000 ns, Total: 253800 ns
[2020-05-01T16:43:26.340+0000][1][safepoint    ] Safepoint "RevokeBias", Time since last: 22975500 ns, Reaching safepoint: 193300 ns, At safepoint: 83100 ns, Total: 276400 ns
[2020-05-01T16:43:26.341+0000][1][safepoint    ] Safepoint "RevokeBias", Time since last: 156900 ns, Reaching safepoint: 107800 ns, At safepoint: 76600 ns, Total: 184400 ns
[2020-05-01T16:43:26.351+0000][1][safepoint    ] Safepoint "RevokeBias", Time since last: 10379400 ns, Reaching safepoint: 146600 ns, At safepoint: 51500 ns, Total: 198100 ns
[2020-05-01T16:43:27.352+0000][1][safepoint    ] Safepoint "Cleanup", Time since last: 1000202000 ns, Reaching safepoint: 110600 ns, At safepoint: 31900 ns, Total: 142500 ns
[2020-05-01T16:43:28.352+0000][1][safepoint    ] Safepoint "Cleanup", Time since last: 1000204000 ns, Reaching safepoint: 96200 ns, At safepoint: 29100 ns, Total: 125300 ns
[2020-05-01T16:43:28.814+0000][1][safepoint    ] Safepoint "RevokeBias", Time since last: 461523400 ns, Reaching safepoint: 114400 ns, At safepoint: 104100 ns, Total: 218500 ns
[2020-05-01T16:43:29.265+0000][1][safepoint    ] Safepoint "RevokeBias", Time since last: 451415000 ns, Reaching safepoint: 149000 ns, At safepoint: 65600 ns, Total: 214600 ns
[2020-05-01T16:43:29.669+0000][1][safepoint    ] Safepoint "RevokeBias", Time since last: 403127000 ns, Reaching safepoint: 99300 ns, At safepoint: 29900 ns, Total: 129200 ns
[2020-05-01T16:43:30.669+0000][1][safepoint    ] Safepoint "Cleanup", Time since last: 1000181100 ns, Reaching safepoint: 114400 ns, At safepoint: 27000 ns, Total: 141400 ns
[2020-05-01T16:43:31.314+0000][1][safepoint    ] Safepoint "RevokeBias", Time since last: 644667700 ns, Reaching safepoint: 107400 ns, At safepoint: 44800 ns, Total: 152200 ns
[2020-05-01T16:43:31.772+0000][1][safepoint    ] Safepoint "RevokeBias", Time since last: 457846000 ns, Reaching safepoint: 206300 ns, At safepoint: 100000 ns, Total: 306300 ns
[2020-05-01T16:43:31.775+0000][1][safepoint    ] Safepoint "RevokeBias", Time since last: 3181200 ns, Reaching safepoint: 215100 ns, At safepoint: 45100 ns, Total: 260200 ns
[2020-05-01T16:43:31.777+0000][1][safepoint    ] Safepoint "RevokeBias", Time since last: 774300 ns, Reaching safepoint: 259500 ns, At safepoint: 83300 ns, Total: 342800 ns
[2020-05-01T16:43:31.780+0000][1][safepoint    ] Safepoint "RevokeBias", Time since last: 3074700 ns, Reaching safepoint: 161700 ns, At safepoint: 116600 ns, Total: 278300 ns
[2020-05-01T16:43:31.780+0000][1][safepoint    ] Safepoint "RevokeBias", Time since last: 194500 ns, Reaching safepoint: 208800 ns, At safepoint: 112300 ns, Total: 321100 ns
[2020-05-01T16:43:31.781+0000][1][safepoint    ] Safepoint "RevokeBias", Time since last: 670100 ns, Reaching safepoint: 104800 ns, At safepoint: 136000 ns, Total: 240800 ns
[2020-05-01T16:43:31.782+0000][1][safepoint    ] Safepoint "RevokeBias", Time since last: 341500 ns, Reaching safepoint: 74800 ns, At safepoint: 47300 ns, Total: 122100 ns
[2020-05-01T16:43:31.783+0000][1][safepoint    ] Safepoint "RevokeBias", Time since last: 1557000 ns, Reaching safepoint: 106400 ns, At safepoint: 45600 ns, Total: 152000 ns
[2020-05-01T16:43:31.809+0000][1][safepoint    ] Safepoint "Deoptimize", Time since last: 25055700 ns, Reaching safepoint: 98700 ns, At safepoint: 516500 ns, Total: 615200 ns
[2020-05-01T16:43:31.813+0000][1][safepoint    ] Safepoint "RevokeBias", Time since last: 3872300 ns, Reaching safepoint: 100300 ns, At safepoint: 38500 ns, Total: 138800 ns
[2020-05-01T16:43:31.818+0000][1][safepoint    ] Safepoint "RevokeBias", Time since last: 4828600 ns, Reaching safepoint: 104700 ns, At safepoint: 50900 ns, Total: 155600 ns
[2020-05-01T16:43:31.821+0000][1][safepoint    ] Safepoint "RevokeBias", Time since last: 2521600 ns, Reaching safepoint: 102100 ns, At safepoint: 59600 ns, Total: 161700 ns
[2020-05-01T16:43:31.821+0000][1][safepoint    ] Safepoint "RevokeBias", Time since last: 238600 ns, Reaching safepoint: 77300 ns, At safepoint: 60400 ns, Total: 137700 ns
[2020-05-01T16:43:31.822+0000][1][safepoint    ] Safepoint "RevokeBias", Time since last: 779000 ns, Reaching safepoint: 78400 ns, At safepoint: 70800 ns, Total: 149200 ns
[2020-05-01T16:43:31.831+0000][1][safepoint    ] Safepoint "RevokeBias", Time since last: 8319400 ns, Reaching safepoint: 221000 ns, At safepoint: 86900 ns, Total: 307900 ns
[2020-05-01T16:43:31.837+0000][1][safepoint    ] Safepoint "RevokeBias", Time since last: 5795800 ns, Reaching safepoint: 117600 ns, At safepoint: 52000 ns, Total: 169600 ns
[2020-05-01T16:43:31.838+0000][1][safepoint    ] Safepoint "RevokeBias", Time since last: 1028700 ns, Reaching safepoint: 107700 ns, At safepoint: 72000 ns, Total: 179700 ns
[2020-05-01T16:43:31.841+0000][1][safepoint    ] Safepoint "RevokeBias", Time since last: 2843300 ns, Reaching safepoint: 97200 ns, At safepoint: 52500 ns, Total: 149700 ns
[2020-05-01T16:43:31.842+0000][1][safepoint    ] Safepoint "BulkRevokeBias", Time since last: 797400 ns, Reaching safepoint: 112700 ns, At safepoint: 496000 ns, Total: 608700 ns
[2020-05-01T16:43:31.845+0000][1][safepoint    ] Safepoint "RevokeBias", Time since last: 2260000 ns, Reaching safepoint: 97200 ns, At safepoint: 50500 ns, Total: 147700 ns
[2020-05-01T16:43:31.859+0000][1][safepoint    ] Safepoint "RevokeBias", Time since last: 14502900 ns, Reaching safepoint: 138900 ns, At safepoint: 72800 ns, Total: 211700 ns
[2020-05-01T16:43:31.860+0000][1][safepoint    ] Safepoint "RevokeBias", Time since last: 774800 ns, Reaching safepoint: 98300 ns, At safepoint: 50500 ns, Total: 148800 ns
[2020-05-01T16:43:31.861+0000][1][safepoint    ] Safepoint "RevokeBias", Time since last: 656200 ns, Reaching safepoint: 58000 ns, At safepoint: 28500 ns, Total: 86500 ns
[2020-05-01T16:43:31.862+0000][1][safepoint    ] Safepoint "RevokeBias", Time since last: 364000 ns, Reaching safepoint: 55000 ns, At safepoint: 28400 ns, Total: 83400 ns
[2020-05-01T16:43:31.866+0000][1][safepoint    ] Safepoint "RevokeBias", Time since last: 4349100 ns, Reaching safepoint: 84100 ns, At safepoint: 34700 ns, Total: 118800 ns
[2020-05-01T16:43:31.867+0000][1][safepoint    ] Safepoint "RevokeBias", Time since last: 793600 ns, Reaching safepoint: 68300 ns, At safepoint: 32400 ns, Total: 100700 ns
[2020-05-01T16:43:31.868+0000][1][safepoint    ] Safepoint "RevokeBias", Time since last: 1005500 ns, Reaching safepoint: 83200 ns, At safepoint: 36600 ns, Total: 119800 ns
[2020-05-01T16:43:31.869+0000][1][safepoint    ] Safepoint "RevokeBias", Time since last: 790300 ns, Reaching safepoint: 79500 ns, At safepoint: 35000 ns, Total: 114500 ns
[2020-05-01T16:43:32.031+0000][1][safepoint    ] Safepoint "RevokeBias", Time since last: 161409800 ns, Reaching safepoint: 131800 ns, At safepoint: 45700 ns, Total: 177500 ns
[2020-05-01T16:43:32.031+0000][1][safepoint    ] Safepoint "RevokeBias", Time since last: 180200 ns, Reaching safepoint: 76400 ns, At safepoint: 39100 ns, Total: 115500 ns
[2020-05-01T16:43:32.034+0000][1][safepoint    ] Safepoint "RevokeBias", Time since last: 2707700 ns, Reaching safepoint: 94800 ns, At safepoint: 63600 ns, Total: 158400 ns
[2020-05-01T16:43:32.042+0000][1][safepoint    ] Safepoint "RevokeBias", Time since last: 7651500 ns, Reaching safepoint: 144800 ns, At safepoint: 95500 ns, Total: 240300 ns
[2020-05-01T16:43:32.042+0000][1][safepoint    ] Safepoint "RevokeBias", Time since last: 444300 ns, Reaching safepoint: 95600 ns, At safepoint: 92300 ns, Total: 187900 ns
[2020-05-01T16:43:32.043+0000][1][safepoint    ] Safepoint "RevokeBias", Time since last: 362300 ns, Reaching safepoint: 125800 ns, At safepoint: 74400 ns, Total: 200200 ns
[2020-05-01T16:43:32.043+0000][1][safepoint    ] Safepoint "RevokeBias", Time since last: 197300 ns, Reaching safepoint: 219500 ns, At safepoint: 109100 ns, Total: 328600 ns
[2020-05-01T16:43:32.045+0000][1][safepoint    ] Safepoint "Deoptimize", Time since last: 611400 ns, Reaching safepoint: 80700 ns, At safepoint: 722200 ns, Total: 802900 ns
[2020-05-01T16:43:32.048+0000][1][safepoint    ] Safepoint "RevokeBias", Time since last: 3111200 ns, Reaching safepoint: 83200 ns, At safepoint: 35500 ns, Total: 118700 ns
[2020-05-01T16:43:32.048+0000][1][safepoint    ] Safepoint "RevokeBias", Time since last: 277900 ns, Reaching safepoint: 62400 ns, At safepoint: 59100 ns, Total: 121500 ns
[2020-05-01T16:43:32.053+0000][1][safepoint    ] Safepoint "RevokeBias", Time since last: 4937900 ns, Reaching safepoint: 88200 ns, At safepoint: 52500 ns, Total: 140700 ns
[2020-05-01T16:43:32.054+0000][1][safepoint    ] Safepoint "RevokeBias", Time since last: 672700 ns, Reaching safepoint: 72500 ns, At safepoint: 50400 ns, Total: 122900 ns
[2020-05-01T16:43:32.057+0000][1][safepoint    ] Safepoint "RevokeBias", Time since last: 2425900 ns, Reaching safepoint: 68900 ns, At safepoint: 34700 ns, Total: 103600 ns
[2020-05-01T16:43:32.057+0000][1][safepoint    ] Safepoint "RevokeBias", Time since last: 350700 ns, Reaching safepoint: 62900 ns, At safepoint: 48900 ns, Total: 111800 ns
[2020-05-01T16:43:32.058+0000][1][safepoint    ] Safepoint "RevokeBias", Time since last: 651200 ns, Reaching safepoint: 64000 ns, At safepoint: 68700 ns, Total: 132700 ns
[2020-05-01T16:43:32.100+0000][1][safepoint    ] Safepoint "RevokeBias", Time since last: 41688400 ns, Reaching safepoint: 155400 ns, At safepoint: 42200 ns, Total: 197600 ns
[2020-05-01T16:43:32.102+0000][1][safepoint    ] Safepoint "RevokeBias", Time since last: 1030900 ns, Reaching safepoint: 402300 ns, At safepoint: 206800 ns, Total: 609100 ns
[2020-05-01T16:43:32.107+0000][1][safepoint    ] Safepoint "RevokeBias", Time since last: 5037800 ns, Reaching safepoint: 383300 ns, At safepoint: 180200 ns, Total: 563500 ns
[2020-05-01T16:43:32.108+0000][1][safepoint    ] Safepoint "RevokeBias", Time since last: 313400 ns, Reaching safepoint: 296900 ns, At safepoint: 125400 ns, Total: 422300 ns
[2020-05-01T16:43:32.108+0000][1][safepoint    ] Safepoint "RevokeBias", Time since last: 222400 ns, Reaching safepoint: 195300 ns, At safepoint: 89200 ns, Total: 284500 ns
[2020-05-01T16:43:32.109+0000][1][safepoint    ] Safepoint "RevokeBias", Time since last: 240500 ns, Reaching safepoint: 138500 ns, At safepoint: 70100 ns, Total: 208600 ns
[2020-05-01T16:43:32.109+0000][1][safepoint    ] Safepoint "RevokeBias", Time since last: 245000 ns, Reaching safepoint: 129300 ns, At safepoint: 72900 ns, Total: 202200 ns
[2020-05-01T16:43:32.110+0000][1][safepoint    ] Safepoint "RevokeBias", Time since last: 219800 ns, Reaching safepoint: 124100 ns, At safepoint: 65100 ns, Total: 189200 ns
[2020-05-01T16:43:32.110+0000][1][safepoint    ] Safepoint "RevokeBias", Time since last: 233300 ns, Reaching safepoint: 121300 ns, At safepoint: 71600 ns, Total: 192900 ns
[2020-05-01T16:43:32.111+0000][1][safepoint    ] Safepoint "RevokeBias", Time since last: 236600 ns, Reaching safepoint: 150600 ns, At safepoint: 70300 ns, Total: 220900 ns
[2020-05-01T16:43:32.111+0000][1][safepoint    ] Safepoint "RevokeBias", Time since last: 443200 ns, Reaching safepoint: 265100 ns, At safepoint: 102800 ns, Total: 367900 ns
[2020-05-01T16:43:32.132+0000][1][safepoint    ] Safepoint "RevokeBias", Time since last: 19918500 ns, Reaching safepoint: 179700 ns, At safepoint: 60000 ns, Total: 239700 ns
[2020-05-01T16:43:32.132+0000][1][safepoint    ] Safepoint "BulkRevokeBias", Time since last: 112700 ns, Reaching safepoint: 67900 ns, At safepoint: 462000 ns, Total: 529900 ns
[2020-05-01T16:43:32.165+0000][1][safepoint    ] Safepoint "RevokeBias", Time since last: 32239300 ns, Reaching safepoint: 131500 ns, At safepoint: 36400 ns, Total: 167900 ns
[2020-05-01T16:43:32.167+0000][1][safepoint    ] Safepoint "RevokeBias", Time since last: 1633200 ns, Reaching safepoint: 284600 ns, At safepoint: 141300 ns, Total: 425900 ns
[2020-05-01T16:43:32.174+0000][1][safepoint    ] Safepoint "RevokeBias", Time since last: 7409200 ns, Reaching safepoint: 193400 ns, At safepoint: 72100 ns, Total: 265500 ns
[2020-05-01T16:43:32.194+0000][1][safepoint    ] Safepoint "RevokeBias", Time since last: 19161700 ns, Reaching safepoint: 126100 ns, At safepoint: 57500 ns, Total: 183600 ns
[2020-05-01T16:43:32.213+0000][1][safepoint    ] Safepoint "RevokeBias", Time since last: 19620700 ns, Reaching safepoint: 115700 ns, At safepoint: 39200 ns, Total: 154900 ns
[2020-05-01T16:43:32.239+0000][1][safepoint    ] Safepoint "RevokeBias", Time since last: 25540100 ns, Reaching safepoint: 251700 ns, At safepoint: 74400 ns, Total: 326100 ns
[2020-05-01T16:43:32.247+0000][1][safepoint    ] Safepoint "RevokeBias", Time since last: 7794600 ns, Reaching safepoint: 132100 ns, At safepoint: 54700 ns, Total: 186800 ns
[2020-05-01T16:43:32.248+0000][1][safepoint    ] Safepoint "RevokeBias", Time since last: 107900 ns, Reaching safepoint: 202600 ns, At safepoint: 49900 ns, Total: 252500 ns
[2020-05-01T16:43:33.248+0000][1][safepoint    ] Safepoint "Cleanup", Time since last: 1000147900 ns, Reaching safepoint: 145000 ns, At safepoint: 38900 ns, Total: 183900 ns
[2020-05-01T16:43:34.248+0000][1][safepoint    ] Safepoint "Cleanup", Time since last: 1000139900 ns, Reaching safepoint: 141900 ns, At safepoint: 36200 ns, Total: 178100 ns
[2020-05-01T16:43:35.249+0000][1][safepoint    ] Safepoint "Cleanup", Time since last: 1000157800 ns, Reaching safepoint: 251900 ns, At safepoint: 57800 ns, Total: 309700 ns
[2020-05-01T16:43:36.249+0000][1][safepoint    ] Safepoint "Cleanup", Time since last: 1000133800 ns, Reaching safepoint: 124000 ns, At safepoint: 26900 ns, Total: 150900 ns
[2020-05-01T16:43:37.249+0000][1][safepoint    ] Safepoint "Cleanup", Time since last: 1000155700 ns, Reaching safepoint: 119500 ns, At safepoint: 26500 ns, Total: 146000 ns
[2020-05-01T16:43:38.250+0000][1][safepoint    ] Safepoint "Cleanup", Time since last: 1000123400 ns, Reaching safepoint: 112900 ns, At safepoint: 42000 ns, Total: 154900 ns
[2020-05-01T16:43:39.250+0000][1][safepoint    ] Safepoint "Cleanup", Time since last: 1000152100 ns, Reaching safepoint: 149000 ns, At safepoint: 56200 ns, Total: 205200 ns
[2020-05-01T16:43:40.250+0000][1][safepoint    ] Safepoint "Cleanup", Time since last: 1000124300 ns, Reaching safepoint: 116800 ns, At safepoint: 27400 ns, Total: 144200 ns
[2020-05-01T16:43:41.251+0000][1][safepoint    ] Safepoint "Cleanup", Time since last: 1000126100 ns, Reaching safepoint: 135100 ns, At safepoint: 32400 ns, Total: 167500 ns
[2020-05-01T16:43:41.772+0000][1][safepoint    ] Safepoint "RevokeBias", Time since last: 520854700 ns, Reaching safepoint: 133500 ns, At safepoint: 66100 ns, Total: 199600 ns
[2020-05-01T16:43:42.772+0000][1][safepoint    ] Safepoint "Cleanup", Time since last: 1000205600 ns, Reaching safepoint: 123700 ns, At safepoint: 29100 ns, Total: 152800 ns
[2020-05-01T16:43:43.772+0000][1][safepoint    ] Safepoint "Cleanup", Time since last: 1000188400 ns, Reaching safepoint: 115400 ns, At safepoint: 30200 ns, Total: 145600 ns
[2020-05-01T16:43:44.773+0000][1][safepoint    ] Safepoint "Cleanup", Time since last: 1000132200 ns, Reaching safepoint: 128600 ns, At safepoint: 29700 ns, Total: 158300 ns
[2020-05-01T16:43:45.705+0000][1][safepoint    ] Safepoint "RevokeBias", Time since last: 932286900 ns, Reaching safepoint: 109300 ns, At safepoint: 51100 ns, Total: 160400 ns
[2020-05-01T16:43:45.706+0000][1][safepoint    ] Safepoint "RevokeBias", Time since last: 248500 ns, Reaching safepoint: 211600 ns, At safepoint: 71300 ns, Total: 282900 ns
[2020-05-01T16:43:46.706+0000][1][safepoint    ] Safepoint "Cleanup", Time since last: 1000164800 ns, Reaching safepoint: 115600 ns, At safepoint: 30100 ns, Total: 145700 ns
[2020-05-01T16:43:47.706+0000][1][safepoint    ] Safepoint "Cleanup", Time since last: 1000164800 ns, Reaching safepoint: 122200 ns, At safepoint: 28100 ns, Total: 150300 ns
[2020-05-01T16:43:48.707+0000][1][safepoint    ] Safepoint "Cleanup", Time since last: 1000106000 ns, Reaching safepoint: 205700 ns, At safepoint: 44100 ns, Total: 249800 ns
[2020-05-01T16:43:48.718+0000][1][gc,start     ] GC(17) Pause Young (Allocation Failure)
[2020-05-01T16:43:48.718+0000][1][gc,task      ] GC(17) Using 10 workers of 10 for evacuation
[2020-05-01T16:43:48.734+0000][1][gc,age       ] GC(17) Desired survivor size 8945664 bytes, new threshold 2 (max threshold 6)
[2020-05-01T16:43:48.734+0000][1][gc,age       ] GC(17) Age table with threshold 2 (max threshold 6)
[2020-05-01T16:43:48.734+0000][1][gc,age       ] GC(17) - age   1:    4050808 bytes,    4050808 total
[2020-05-01T16:43:48.734+0000][1][gc,age       ] GC(17) - age   2:    7441448 bytes,   11492256 total
[2020-05-01T16:43:48.734+0000][1][gc,heap      ] GC(17) ParNew: 157248K->16962K(157248K)
[2020-05-01T16:43:48.734+0000][1][gc,heap      ] GC(17) CMS: 61020K->69164K(349568K)
[2020-05-01T16:43:48.734+0000][1][gc,metaspace ] GC(17) Metaspace: 90500K->90500K(1132544K)
[2020-05-01T16:43:48.734+0000][1][gc           ] GC(17) Pause Young (Allocation Failure) 213M->84M(494M) 16.230ms
[2020-05-01T16:43:48.734+0000][1][gc,cpu       ] GC(17) User=0.12s Sys=0.01s Real=0.01s
[2020-05-01T16:43:48.734+0000][1][safepoint    ] Safepoint "GenCollectForAllocation", Time since last: 11005700 ns, Reaching safepoint: 190200 ns, At safepoint: 16369300 ns, Total: 16559500 ns
[2020-05-01T16:43:49.735+0000][1][safepoint    ] Safepoint "Cleanup", Time since last: 1000212200 ns, Reaching safepoint: 124200 ns, At safepoint: 32100 ns, Total: 156300 ns
[2020-05-01T16:43:50.735+0000][1][safepoint    ] Safepoint "Cleanup", Time since last: 1000115400 ns, Reaching safepoint: 122900 ns, At safepoint: 26800 ns, Total: 149700 ns
[2020-05-01T16:43:51.735+0000][1][safepoint    ] Safepoint "Cleanup", Time since last: 1000165200 ns, Reaching safepoint: 116300 ns, At safepoint: 29400 ns, Total: 145700 ns
[2020-05-01T16:43:51.772+0000][1][safepoint    ] Safepoint "RevokeBias", Time since last: 36917700 ns, Reaching safepoint: 119800 ns, At safepoint: 34100 ns, Total: 153900 ns
[2020-05-01T16:43:52.772+0000][1][safepoint    ] Safepoint "Cleanup", Time since last: 1000142400 ns, Reaching safepoint: 124600 ns, At safepoint: 30200 ns, Total: 154800 ns
[2020-05-01T16:43:53.773+0000][1][safepoint    ] Safepoint "Cleanup", Time since last: 1000136900 ns, Reaching safepoint: 122200 ns, At safepoint: 30200 ns, Total: 152400 ns
[2020-05-01T16:43:54.773+0000][1][safepoint    ] Safepoint "Cleanup", Time since last: 1000115700 ns, Reaching safepoint: 135900 ns, At safepoint: 26700 ns, Total: 162600 ns
[2020-05-01T16:43:55.773+0000][1][safepoint    ] Safepoint "Cleanup", Time since last: 1000131300 ns, Reaching safepoint: 115200 ns, At safepoint: 28500 ns, Total: 143700 ns
[2020-05-01T16:43:56.774+0000][1][safepoint    ] Safepoint "Cleanup", Time since last: 1000117300 ns, Reaching safepoint: 120300 ns, At safepoint: 27100 ns, Total: 147400 ns
[2020-05-01T16:43:57.774+0000][1][safepoint    ] Safepoint "Cleanup", Time since last: 1000158400 ns, Reaching safepoint: 117400 ns, At safepoint: 28400 ns, Total: 145800 ns
[2020-05-01T16:43:58.774+0000][1][safepoint    ] Safepoint "Cleanup", Time since last: 1000108400 ns, Reaching safepoint: 126600 ns, At safepoint: 25700 ns, Total: 152300 ns
[2020-05-01T16:43:59.774+0000][1][safepoint    ] Safepoint "Cleanup", Time since last: 1000139900 ns, Reaching safepoint: 131400 ns, At safepoint: 29300 ns, Total: 160700 ns
[2020-05-01T16:44:00.775+0000][1][safepoint    ] Safepoint "Cleanup", Time since last: 1000241300 ns, Reaching safepoint: 216900 ns, At safepoint: 35600 ns, Total: 252500 ns
[2020-05-01T16:44:01.775+0000][1][safepoint    ] Safepoint "Cleanup", Time since last: 1000218000 ns, Reaching safepoint: 128600 ns, At safepoint: 63800 ns, Total: 192400 ns
[2020-05-01T16:44:02.776+0000][1][safepoint    ] Safepoint "Cleanup", Time since last: 1000143800 ns, Reaching safepoint: 125300 ns, At safepoint: 25300 ns, Total: 150600 ns
[2020-05-01T16:44:03.776+0000][1][safepoint    ] Safepoint "Cleanup", Time since last: 1000188700 ns, Reaching safepoint: 393700 ns, At safepoint: 57400 ns, Total: 451100 ns
[2020-05-01T16:44:04.777+0000][1][safepoint    ] Safepoint "Cleanup", Time since last: 1000152600 ns, Reaching safepoint: 117600 ns, At safepoint: 25200 ns, Total: 142800 ns
[2020-05-01T16:44:05.777+0000][1][safepoint    ] Safepoint "Cleanup", Time since last: 1000156800 ns, Reaching safepoint: 143200 ns, At safepoint: 32400 ns, Total: 175600 ns
[2020-05-01T16:44:06.777+0000][1][safepoint    ] Safepoint "Cleanup", Time since last: 1000167300 ns, Reaching safepoint: 288400 ns, At safepoint: 49200 ns, Total: 337600 ns
[2020-05-01T16:44:07.778+0000][1][safepoint    ] Safepoint "Cleanup", Time since last: 1000243900 ns, Reaching safepoint: 214100 ns, At safepoint: 46500 ns, Total: 260600 ns
[2020-05-01T16:44:08.778+0000][1][safepoint    ] Safepoint "Cleanup", Time since last: 1000185200 ns, Reaching safepoint: 140300 ns, At safepoint: 33100 ns, Total: 173400 ns
[2020-05-01T16:44:09.779+0000][1][safepoint    ] Safepoint "Cleanup", Time since last: 1000127600 ns, Reaching safepoint: 144000 ns, At safepoint: 46600 ns, Total: 190600 ns
[2020-05-01T16:44:10.779+0000][1][safepoint    ] Safepoint "Cleanup", Time since last: 1000217400 ns, Reaching safepoint: 123400 ns, At safepoint: 29100 ns, Total: 152500 ns
[2020-05-01T16:44:11.779+0000][1][safepoint    ] Safepoint "Cleanup", Time since last: 1000160000 ns, Reaching safepoint: 204800 ns, At safepoint: 50600 ns, Total: 255400 ns
[2020-05-01T16:44:12.780+0000][1][safepoint    ] Safepoint "Cleanup", Time since last: 1000153500 ns, Reaching safepoint: 114100 ns, At safepoint: 27800 ns, Total: 141900 ns
[2020-05-01T16:44:13.780+0000][1][safepoint    ] Safepoint "Cleanup", Time since last: 1000140700 ns, Reaching safepoint: 184900 ns, At safepoint: 43000 ns, Total: 227900 ns
[2020-05-01T16:44:14.780+0000][1][safepoint    ] Safepoint "Cleanup", Time since last: 1000168100 ns, Reaching safepoint: 145300 ns, At safepoint: 27400 ns, Total: 172700 ns
[2020-05-01T16:44:15.781+0000][1][safepoint    ] Safepoint "Cleanup", Time since last: 1000170300 ns, Reaching safepoint: 139900 ns, At safepoint: 29300 ns, Total: 169200 ns
[2020-05-01T16:44:16.781+0000][1][safepoint    ] Safepoint "Cleanup", Time since last: 1000162100 ns, Reaching safepoint: 165900 ns, At safepoint: 34700 ns, Total: 200600 ns
[2020-05-01T16:44:17.781+0000][1][safepoint    ] Safepoint "Cleanup", Time since last: 1000164900 ns, Reaching safepoint: 123400 ns, At safepoint: 28700 ns, Total: 152100 ns
[2020-05-01T16:44:18.782+0000][1][safepoint    ] Safepoint "Cleanup", Time since last: 1000185600 ns, Reaching safepoint: 142600 ns, At safepoint: 30000 ns, Total: 172600 ns
[2020-05-01T16:44:19.782+0000][1][safepoint    ] Safepoint "Cleanup", Time since last: 1000154600 ns, Reaching safepoint: 122700 ns, At safepoint: 27600 ns, Total: 150300 ns
[2020-05-01T16:44:20.782+0000][1][safepoint    ] Safepoint "Cleanup", Time since last: 1000147600 ns, Reaching safepoint: 127300 ns, At safepoint: 26400 ns, Total: 153700 ns
[2020-05-01T16:44:21.783+0000][1][safepoint    ] Safepoint "Cleanup", Time since last: 1000158400 ns, Reaching safepoint: 174800 ns, At safepoint: 39800 ns, Total: 214600 ns
[2020-05-01T16:44:22.783+0000][1][safepoint    ] Safepoint "Cleanup", Time since last: 1000188400 ns, Reaching safepoint: 225500 ns, At safepoint: 49200 ns, Total: 274700 ns
[2020-05-01T16:44:23.784+0000][1][safepoint    ] Safepoint "Cleanup", Time since last: 1000156700 ns, Reaching safepoint: 131100 ns, At safepoint: 25900 ns, Total: 157000 ns
[2020-05-01T16:44:24.784+0000][1][safepoint    ] Safepoint "Cleanup", Time since last: 1000145800 ns, Reaching safepoint: 195900 ns, At safepoint: 46600 ns, Total: 242500 ns
[2020-05-01T16:44:25.784+0000][1][safepoint    ] Safepoint "Cleanup", Time since last: 1000185200 ns, Reaching safepoint: 307000 ns, At safepoint: 50900 ns, Total: 357900 ns
[2020-05-01T16:44:26.785+0000][1][safepoint    ] Safepoint "Cleanup", Time since last: 1000161900 ns, Reaching safepoint: 156500 ns, At safepoint: 36200 ns, Total: 192700 ns
[2020-05-01T16:44:27.785+0000][1][safepoint    ] Safepoint "Cleanup", Time since last: 1000168000 ns, Reaching safepoint: 115900 ns, At safepoint: 26600 ns, Total: 142500 ns
[2020-05-01T16:44:28.785+0000][1][safepoint    ] Safepoint "Cleanup", Time since last: 1000145900 ns, Reaching safepoint: 189600 ns, At safepoint: 52000 ns, Total: 241600 ns
[2020-05-01T16:44:29.786+0000][1][safepoint    ] Safepoint "Cleanup", Time since last: 1000183200 ns, Reaching safepoint: 195100 ns, At safepoint: 38600 ns, Total: 233700 ns
[2020-05-01T16:44:30.787+0000][1][safepoint    ] Safepoint "Cleanup", Time since last: 1000325100 ns, Reaching safepoint: 840200 ns, At safepoint: 84800 ns, Total: 925000 ns
[2020-05-01T16:44:31.787+0000][1][safepoint    ] Safepoint "Cleanup", Time since last: 1000179800 ns, Reaching safepoint: 109700 ns, At safepoint: 25500 ns, Total: 135200 ns
[2020-05-01T16:44:32.788+0000][1][safepoint    ] Safepoint "Cleanup", Time since last: 1000181000 ns, Reaching safepoint: 173500 ns, At safepoint: 40800 ns, Total: 214300 ns
[2020-05-01T16:44:33.788+0000][1][safepoint    ] Safepoint "Cleanup", Time since last: 1000149000 ns, Reaching safepoint: 114300 ns, At safepoint: 26000 ns, Total: 140300 ns
[2020-05-01T16:44:34.789+0000][1][safepoint    ] Safepoint "Cleanup", Time since last: 1000194400 ns, Reaching safepoint: 216000 ns, At safepoint: 84000 ns, Total: 300000 ns
[2020-05-01T16:44:35.789+0000][1][safepoint    ] Safepoint "Cleanup", Time since last: 1000214700 ns, Reaching safepoint: 179900 ns, At safepoint: 50500 ns, Total: 230400 ns
[2020-05-01T16:44:36.789+0000][1][safepoint    ] Safepoint "Cleanup", Time since last: 1000133500 ns, Reaching safepoint: 117500 ns, At safepoint: 26200 ns, Total: 143700 ns
[2020-05-01T16:44:37.790+0000][1][safepoint    ] Safepoint "Cleanup", Time since last: 1000151200 ns, Reaching safepoint: 128800 ns, At safepoint: 26900 ns, Total: 155700 ns
[2020-05-01T16:44:38.790+0000][1][safepoint    ] Safepoint "Cleanup", Time since last: 1000164800 ns, Reaching safepoint: 122300 ns, At safepoint: 25500 ns, Total: 147800 ns
[2020-05-01T16:44:39.790+0000][1][safepoint    ] Safepoint "Cleanup", Time since last: 1000112500 ns, Reaching safepoint: 113700 ns, At safepoint: 27500 ns, Total: 141200 ns
[2020-05-01T16:44:40.791+0000][1][safepoint    ] Safepoint "Cleanup", Time since last: 1000387300 ns, Reaching safepoint: 352500 ns, At safepoint: 124900 ns, Total: 477400 ns
[2020-05-01T16:44:41.792+0000][1][safepoint    ] Safepoint "Cleanup", Time since last: 1000247300 ns, Reaching safepoint: 177400 ns, At safepoint: 45600 ns, Total: 223000 ns
[2020-05-01T16:44:42.792+0000][1][safepoint    ] Safepoint "Cleanup", Time since last: 1000339800 ns, Reaching safepoint: 434200 ns, At safepoint: 115900 ns, Total: 550100 ns
[2020-05-01T16:44:43.793+0000][1][safepoint    ] Safepoint "Cleanup", Time since last: 1000392800 ns, Reaching safepoint: 116800 ns, At safepoint: 29600 ns, Total: 146400 ns
[2020-05-01T16:44:44.794+0000][1][safepoint    ] Safepoint "Cleanup", Time since last: 1000620800 ns, Reaching safepoint: 419700 ns, At safepoint: 144300 ns, Total: 564000 ns
[2020-05-01T16:44:45.795+0000][1][safepoint    ] Safepoint "Cleanup", Time since last: 1000248800 ns, Reaching safepoint: 124700 ns, At safepoint: 30100 ns, Total: 154800 ns
[2020-05-01T16:44:46.795+0000][1][safepoint    ] Safepoint "Cleanup", Time since last: 1000353200 ns, Reaching safepoint: 119300 ns, At safepoint: 30700 ns, Total: 150000 ns
[2020-05-01T16:44:47.796+0000][1][safepoint    ] Safepoint "Cleanup", Time since last: 1000317400 ns, Reaching safepoint: 427700 ns, At safepoint: 112500 ns, Total: 540200 ns
[2020-05-01T16:44:48.797+0000][1][safepoint    ] Safepoint "Cleanup", Time since last: 1000322900 ns, Reaching safepoint: 201100 ns, At safepoint: 60900 ns, Total: 262000 ns
[2020-05-01T16:44:49.797+0000][1][safepoint    ] Safepoint "Cleanup", Time since last: 1000163200 ns, Reaching safepoint: 143100 ns, At safepoint: 31300 ns, Total: 174400 ns
[2020-05-01T16:44:50.797+0000][1][safepoint    ] Safepoint "Cleanup", Time since last: 1000141100 ns, Reaching safepoint: 120100 ns, At safepoint: 27800 ns, Total: 147900 ns
[2020-05-01T16:44:51.797+0000][1][safepoint    ] Safepoint "Cleanup", Time since last: 1000107700 ns, Reaching safepoint: 124500 ns, At safepoint: 28600 ns, Total: 153100 ns
[2020-05-01T16:44:52.798+0000][1][safepoint    ] Safepoint "Cleanup", Time since last: 1000598400 ns, Reaching safepoint: 127500 ns, At safepoint: 33300 ns, Total: 160800 ns
[2020-05-01T16:44:53.799+0000][1][safepoint    ] Safepoint "Cleanup", Time since last: 1000281400 ns, Reaching safepoint: 135800 ns, At safepoint: 27300 ns, Total: 163100 ns
[2020-05-01T16:44:54.799+0000][1][safepoint    ] Safepoint "Cleanup", Time since last: 1000306200 ns, Reaching safepoint: 369500 ns, At safepoint: 116200 ns, Total: 485700 ns
[2020-05-01T16:44:55.800+0000][1][safepoint    ] Safepoint "Cleanup", Time since last: 1000429800 ns, Reaching safepoint: 360700 ns, At safepoint: 118900 ns, Total: 479600 ns
[2020-05-01T16:44:56.801+0000][1][safepoint    ] Safepoint "Cleanup", Time since last: 1000383600 ns, Reaching safepoint: 120400 ns, At safepoint: 29000 ns, Total: 149400 ns
[2020-05-01T16:44:57.802+0000][1][safepoint    ] Safepoint "Cleanup", Time since last: 1000334300 ns, Reaching safepoint: 415200 ns, At safepoint: 107000 ns, Total: 522200 ns
[2020-05-01T16:44:58.803+0000][1][safepoint    ] Safepoint "Cleanup", Time since last: 1000698200 ns, Reaching safepoint: 293100 ns, At safepoint: 94900 ns, Total: 388000 ns
[2020-05-01T16:44:59.803+0000][1][safepoint    ] Safepoint "Cleanup", Time since last: 1000202800 ns, Reaching safepoint: 129000 ns, At safepoint: 28200 ns, Total: 157200 ns
[2020-05-01T16:45:00.804+0000][1][safepoint    ] Safepoint "Cleanup", Time since last: 1000332200 ns, Reaching safepoint: 119900 ns, At safepoint: 33400 ns, Total: 153300 ns
[2020-05-01T16:45:01.804+0000][1][safepoint    ] Safepoint "Cleanup", Time since last: 1000231100 ns, Reaching safepoint: 123300 ns, At safepoint: 62100 ns, Total: 185400 ns
[2020-05-01T16:45:02.805+0000][1][safepoint    ] Safepoint "Cleanup", Time since last: 1000423700 ns, Reaching safepoint: 376800 ns, At safepoint: 117000 ns, Total: 493800 ns
[2020-05-01T16:45:03.806+0000][1][safepoint    ] Safepoint "Cleanup", Time since last: 1000349000 ns, Reaching safepoint: 371200 ns, At safepoint: 136800 ns, Total: 508000 ns
[2020-05-01T16:45:04.807+0000][1][safepoint    ] Safepoint "Cleanup", Time since last: 1000735100 ns, Reaching safepoint: 195000 ns, At safepoint: 59000 ns, Total: 254000 ns
[2020-05-01T16:45:05.807+0000][1][safepoint    ] Safepoint "Cleanup", Time since last: 1000261600 ns, Reaching safepoint: 251700 ns, At safepoint: 81100 ns, Total: 332800 ns
[2020-05-01T16:45:06.808+0000][1][safepoint    ] Safepoint "Cleanup", Time since last: 1000355100 ns, Reaching safepoint: 148400 ns, At safepoint: 42700 ns, Total: 191100 ns
[2020-05-01T16:45:07.809+0000][1][safepoint    ] Safepoint "Cleanup", Time since last: 1000543900 ns, Reaching safepoint: 121600 ns, At safepoint: 32100 ns, Total: 153700 ns
[2020-05-01T16:45:08.809+0000][1][safepoint    ] Safepoint "Cleanup", Time since last: 1000482900 ns, Reaching safepoint: 124600 ns, At safepoint: 30200 ns, Total: 154800 ns
[2020-05-01T16:45:09.810+0000][1][safepoint    ] Safepoint "Cleanup", Time since last: 1000428100 ns, Reaching safepoint: 116100 ns, At safepoint: 32300 ns, Total: 148400 ns
[2020-05-01T16:45:10.810+0000][1][safepoint    ] Safepoint "Cleanup", Time since last: 1000308900 ns, Reaching safepoint: 157200 ns, At safepoint: 38100 ns, Total: 195300 ns
[2020-05-01T16:45:11.811+0000][1][safepoint    ] Safepoint "Cleanup", Time since last: 1000406000 ns, Reaching safepoint: 136100 ns, At safepoint: 29300 ns, Total: 165400 ns
[2020-05-01T16:45:12.812+0000][1][safepoint    ] Safepoint "Cleanup", Time since last: 1000322000 ns, Reaching safepoint: 459500 ns, At safepoint: 129300 ns, Total: 588800 ns
[2020-05-01T16:45:13.812+0000][1][safepoint    ] Safepoint "Cleanup", Time since last: 1000212500 ns, Reaching safepoint: 161200 ns, At safepoint: 47300 ns, Total: 208500 ns
[2020-05-01T16:45:14.813+0000][1][safepoint    ] Safepoint "Cleanup", Time since last: 1000671500 ns, Reaching safepoint: 389200 ns, At safepoint: 115700 ns, Total: 504900 ns
[2020-05-01T16:45:15.815+0000][1][safepoint    ] Safepoint "Cleanup", Time since last: 1000676300 ns, Reaching safepoint: 274500 ns, At safepoint: 75300 ns, Total: 349800 ns
[2020-05-01T16:45:16.815+0000][1][safepoint    ] Safepoint "Cleanup", Time since last: 1000723800 ns, Reaching safepoint: 154900 ns, At safepoint: 38500 ns, Total: 193400 ns
[2020-05-01T16:45:17.816+0000][1][safepoint    ] Safepoint "Cleanup", Time since last: 1000238000 ns, Reaching safepoint: 320100 ns, At safepoint: 88800 ns, Total: 408900 ns
[2020-05-01T16:45:18.816+0000][1][safepoint    ] Safepoint "Cleanup", Time since last: 1000242800 ns, Reaching safepoint: 127300 ns, At safepoint: 30900 ns, Total: 158200 ns
[2020-05-01T16:45:19.817+0000][1][safepoint    ] Safepoint "Cleanup", Time since last: 1000137500 ns, Reaching safepoint: 127700 ns, At safepoint: 32600 ns, Total: 160300 ns
[2020-05-01T16:45:20.817+0000][1][safepoint    ] Safepoint "Cleanup", Time since last: 1000249100 ns, Reaching safepoint: 128400 ns, At safepoint: 27000 ns, Total: 155400 ns
[2020-05-01T16:45:21.818+0000][1][safepoint    ] Safepoint "Cleanup", Time since last: 1000645500 ns, Reaching safepoint: 138100 ns, At safepoint: 31300 ns, Total: 169400 ns
[2020-05-01T16:45:22.819+0000][1][safepoint    ] Safepoint "Cleanup", Time since last: 1000449000 ns, Reaching safepoint: 224600 ns, At safepoint: 54500 ns, Total: 279100 ns
[2020-05-01T16:45:23.819+0000][1][safepoint    ] Safepoint "Cleanup", Time since last: 1000141200 ns, Reaching safepoint: 125200 ns, At safepoint: 28600 ns, Total: 153800 ns
[2020-05-01T16:45:24.820+0000][1][safepoint    ] Safepoint "Cleanup", Time since last: 1000588900 ns, Reaching safepoint: 239500 ns, At safepoint: 72000 ns, Total: 311500 ns
[2020-05-01T16:45:25.820+0000][1][safepoint    ] Safepoint "Cleanup", Time since last: 1000269100 ns, Reaching safepoint: 230600 ns, At safepoint: 71100 ns, Total: 301700 ns
[2020-05-01T16:45:26.821+0000][1][safepoint    ] Safepoint "Cleanup", Time since last: 1000176900 ns, Reaching safepoint: 129900 ns, At safepoint: 26500 ns, Total: 156400 ns
[2020-05-01T16:45:27.821+0000][1][safepoint    ] Safepoint "Cleanup", Time since last: 1000198700 ns, Reaching safepoint: 225200 ns, At safepoint: 74400 ns, Total: 299600 ns
[2020-05-01T16:45:28.823+0000][1][safepoint    ] Safepoint "Cleanup", Time since last: 1000389000 ns, Reaching safepoint: 841100 ns, At safepoint: 204000 ns, Total: 1045100 ns
[2020-05-01T16:45:29.824+0000][1][safepoint    ] Safepoint "Cleanup", Time since last: 1000474100 ns, Reaching safepoint: 438400 ns, At safepoint: 150500 ns, Total: 588900 ns
[2020-05-01T16:45:30.824+0000][1][safepoint    ] Safepoint "Cleanup", Time since last: 1000408000 ns, Reaching safepoint: 117800 ns, At safepoint: 31400 ns, Total: 149200 ns
[2020-05-01T16:45:31.825+0000][1][safepoint    ] Safepoint "Cleanup", Time since last: 1000553700 ns, Reaching safepoint: 118300 ns, At safepoint: 29600 ns, Total: 147900 ns
[2020-05-01T16:45:32.826+0000][1][safepoint    ] Safepoint "Cleanup", Time since last: 1000301500 ns, Reaching safepoint: 395700 ns, At safepoint: 124800 ns, Total: 520500 ns
[2020-05-01T16:45:33.827+0000][1][safepoint    ] Safepoint "Cleanup", Time since last: 1000538700 ns, Reaching safepoint: 164600 ns, At safepoint: 46700 ns, Total: 211300 ns
                                                                                                                                