[2020-04-26T18:54:04.199+0000][1][gc] Using Concurrent Mark Sweep
[2020-04-26T18:54:04.199+0000][1][gc,heap,coops] Heap address: 0x00000000e0000000, size: 512 MB, Compressed Oops mode: 32-bit
[2020-04-26T18:54:04.249+0000][1][safepoint    ] Safepoint "EnableBiasedLocking", Time since last: 40837300 ns, Reaching safepoint: 195200 ns, At safepoint: 113100 ns, Total: 308300 ns
[2020-04-26T18:54:04.255+0000][1][safepoint    ] Safepoint "RevokeBias", Time since last: 5505900 ns, Reaching safepoint: 221700 ns, At safepoint: 105300 ns, Total: 327000 ns
[2020-04-26T18:54:04.266+0000][1][safepoint    ] Safepoint "Deoptimize", Time since last: 11415200 ns, Reaching safepoint: 12800 ns, At safepoint: 73100 ns, Total: 85900 ns
[2020-04-26T18:54:04.374+0000][1][safepoint    ] Safepoint "RevokeBias", Time since last: 107357400 ns, Reaching safepoint: 62400 ns, At safepoint: 99400 ns, Total: 161800 ns
[2020-04-26T18:54:04.375+0000][1][safepoint    ] Safepoint "Deoptimize", Time since last: 1440000 ns, Reaching safepoint: 10900 ns, At safepoint: 60300 ns, Total: 71200 ns
[2020-04-26T18:54:04.376+0000][1][safepoint    ] Safepoint "Deoptimize", Time since last: 1058400 ns, Reaching safepoint: 10100 ns, At safepoint: 57900 ns, Total: 68000 ns
[2020-04-26T18:54:04.397+0000][1][safepoint    ] Safepoint "Deoptimize", Time since last: 20889500 ns, Reaching safepoint: 16000 ns, At safepoint: 50100 ns, Total: 66100 ns
[2020-04-26T18:54:04.637+0000][1][safepoint    ] Safepoint "Deoptimize", Time since last: 239704400 ns, Reaching safepoint: 52800 ns, At safepoint: 115200 ns, Total: 168000 ns
[2020-04-26T18:54:04.670+0000][1][safepoint    ] Safepoint "Deoptimize", Time since last: 32301600 ns, Reaching safepoint: 28800 ns, At safepoint: 107100 ns, Total: 135900 ns
[2020-04-26T18:54:04.756+0000][1][safepoint    ] Safepoint "Deoptimize", Time since last: 85786000 ns, Reaching safepoint: 111000 ns, At safepoint: 198700 ns, Total: 309700 ns
[2020-04-26T18:54:04.880+0000][1][safepoint    ] Safepoint "Deoptimize", Time since last: 123907100 ns, Reaching safepoint: 41600 ns, At safepoint: 127800 ns, Total: 169400 ns
[2020-04-26T18:54:05.168+0000][1][safepoint    ] Safepoint "Deoptimize", Time since last: 288085000 ns, Reaching safepoint: 35900 ns, At safepoint: 151200 ns, Total: 187100 ns
[2020-04-26T18:54:05.270+0000][1][safepoint    ] Safepoint "RevokeBias", Time since last: 101122800 ns, Reaching safepoint: 246800 ns, At safepoint: 227500 ns, Total: 474300 ns
[2020-04-26T18:54:05.424+0000][1][safepoint    ] Safepoint "Deoptimize", Time since last: 153853600 ns, Reaching safepoint: 38800 ns, At safepoint: 182600 ns, Total: 221400 ns
[2020-04-26T18:54:05.512+0000][1][safepoint    ] Safepoint "Deoptimize", Time since last: 87875500 ns, Reaching safepoint: 34800 ns, At safepoint: 133300 ns, Total: 168100 ns
[2020-04-26T18:54:05.512+0000][1][safepoint    ] Safepoint "Deoptimize", Time since last: 162700 ns, Reaching safepoint: 6100 ns, At safepoint: 102200 ns, Total: 108300 ns
[2020-04-26T18:54:05.537+0000][1][safepoint    ] Safepoint "Deoptimize", Time since last: 25032400 ns, Reaching safepoint: 19500 ns, At safepoint: 136700 ns, Total: 156200 ns
[2020-04-26T18:54:05.539+0000][1][safepoint    ] Safepoint "Deoptimize", Time since last: 1631700 ns, Reaching safepoint: 9900 ns, At safepoint: 119700 ns, Total: 129600 ns
[2020-04-26T18:54:05.544+0000][1][safepoint    ] Safepoint "RevokeBias", Time since last: 4646600 ns, Reaching safepoint: 97600 ns, At safepoint: 50800 ns, Total: 148400 ns
[2020-04-26T18:54:05.544+0000][1][safepoint    ] Safepoint "RevokeBias", Time since last: 149100 ns, Reaching safepoint: 93400 ns, At safepoint: 47900 ns, Total: 141300 ns
[2020-04-26T18:54:05.544+0000][1][safepoint    ] Safepoint "RevokeBias", Time since last: 140000 ns, Reaching safepoint: 93400 ns, At safepoint: 47000 ns, Total: 140400 ns
[2020-04-26T18:54:05.545+0000][1][safepoint    ] Safepoint "RevokeBias", Time since last: 186000 ns, Reaching safepoint: 93500 ns, At safepoint: 45200 ns, Total: 138700 ns
[2020-04-26T18:54:05.545+0000][1][safepoint    ] Safepoint "RevokeBias", Time since last: 378400 ns, Reaching safepoint: 92600 ns, At safepoint: 41700 ns, Total: 134300 ns
[2020-04-26T18:54:05.550+0000][1][safepoint    ] Safepoint "Deoptimize", Time since last: 4589000 ns, Reaching safepoint: 15200 ns, At safepoint: 145100 ns, Total: 160300 ns
[2020-04-26T18:54:05.766+0000][1][safepoint    ] Safepoint "Deoptimize", Time since last: 215833300 ns, Reaching safepoint: 45400 ns, At safepoint: 164600 ns, Total: 210000 ns
[2020-04-26T18:54:06.041+0000][1][gc,start     ] GC(0) Pause Young (Allocation Failure)
[2020-04-26T18:54:06.042+0000][1][gc,task      ] GC(0) Using 10 workers of 10 for evacuation
[2020-04-26T18:54:06.048+0000][1][gc,age       ] GC(0) Desired survivor size 8945664 bytes, new threshold 1 (max threshold 6)
[2020-04-26T18:54:06.048+0000][1][gc,age       ] GC(0) Age table with threshold 1 (max threshold 6)
[2020-04-26T18:54:06.048+0000][1][gc,age       ] GC(0) - age   1:   10599976 bytes,   10599976 total
[2020-04-26T18:54:06.048+0000][1][gc,heap      ] GC(0) ParNew: 139776K->10490K(157248K)
[2020-04-26T18:54:06.048+0000][1][gc,heap      ] GC(0) CMS: 0K->0K(349568K)
[2020-04-26T18:54:06.048+0000][1][gc,metaspace ] GC(0) Metaspace: 17264K->17264K(1064960K)
[2020-04-26T18:54:06.048+0000][1][gc           ] GC(0) Pause Young (Allocation Failure) 136M->10M(494M) 7.656ms
[2020-04-26T18:54:06.048+0000][1][gc,cpu       ] GC(0) User=0.05s Sys=0.01s Real=0.01s
[2020-04-26T18:54:06.048+0000][1][safepoint    ] Safepoint "GenCollectForAllocation", Time since last: 274364800 ns, Reaching safepoint: 185700 ns, At safepoint: 7781200 ns, Total: 7966900 ns
[2020-04-26T18:54:06.049+0000][1][safepoint    ] Safepoint "RevokeBias", Time since last: 394700 ns, Reaching safepoint: 108800 ns, At safepoint: 107200 ns, Total: 216000 ns
[2020-04-26T18:54:06.049+0000][1][safepoint    ] Safepoint "RevokeBias", Time since last: 109100 ns, Reaching safepoint: 148900 ns, At safepoint: 84700 ns, Total: 233600 ns
[2020-04-26T18:54:06.050+0000][1][safepoint    ] Safepoint "RevokeBias", Time since last: 164800 ns, Reaching safepoint: 155700 ns, At safepoint: 114300 ns, Total: 270000 ns
[2020-04-26T18:54:06.050+0000][1][safepoint    ] Safepoint "BulkRevokeBias", Time since last: 76700 ns, Reaching safepoint: 102700 ns, At safepoint: 193200 ns, Total: 295900 ns
[2020-04-26T18:54:06.050+0000][1][safepoint    ] Safepoint "RevokeBias", Time since last: 42600 ns, Reaching safepoint: 100700 ns, At safepoint: 139900 ns, Total: 240600 ns
[2020-04-26T18:54:06.051+0000][1][safepoint    ] Safepoint "RevokeBias", Time since last: 23100 ns, Reaching safepoint: 102400 ns, At safepoint: 139800 ns, Total: 242200 ns
[2020-04-26T18:54:06.051+0000][1][safepoint    ] Safepoint "RevokeBias", Time since last: 38300 ns, Reaching safepoint: 102100 ns, At safepoint: 91300 ns, Total: 193400 ns
[2020-04-26T18:54:06.051+0000][1][safepoint    ] Safepoint "RevokeBias", Time since last: 50200 ns, Reaching safepoint: 99200 ns, At safepoint: 89600 ns, Total: 188800 ns
[2020-04-26T18:54:06.051+0000][1][safepoint    ] Safepoint "RevokeBias", Time since last: 144200 ns, Reaching safepoint: 13300 ns, At safepoint: 101400 ns, Total: 114700 ns
[2020-04-26T18:54:06.052+0000][1][safepoint    ] Safepoint "RevokeBias", Time since last: 169800 ns, Reaching safepoint: 103400 ns, At safepoint: 68100 ns, Total: 171500 ns
[2020-04-26T18:54:06.052+0000][1][safepoint    ] Safepoint "RevokeBias", Time since last: 159400 ns, Reaching safepoint: 114900 ns, At safepoint: 57400 ns, Total: 172300 ns
[2020-04-26T18:54:06.052+0000][1][safepoint    ] Safepoint "RevokeBias", Time since last: 134800 ns, Reaching safepoint: 101100 ns, At safepoint: 57000 ns, Total: 158100 ns
[2020-04-26T18:54:06.053+0000][1][safepoint    ] Safepoint "RevokeBias", Time since last: 176100 ns, Reaching safepoint: 108600 ns, At safepoint: 52500 ns, Total: 161100 ns
[2020-04-26T18:54:06.053+0000][1][safepoint    ] Safepoint "RevokeBias", Time since last: 127500 ns, Reaching safepoint: 96900 ns, At safepoint: 51000 ns, Total: 147900 ns
[2020-04-26T18:54:06.053+0000][1][safepoint    ] Safepoint "RevokeBias", Time since last: 125800 ns, Reaching safepoint: 96900 ns, At safepoint: 53400 ns, Total: 150300 ns
[2020-04-26T18:54:06.053+0000][1][safepoint    ] Safepoint "RevokeBias", Time since last: 136500 ns, Reaching safepoint: 95500 ns, At safepoint: 47900 ns, Total: 143400 ns
[2020-04-26T18:54:06.054+0000][1][safepoint    ] Safepoint "RevokeBias", Time since last: 135400 ns, Reaching safepoint: 98200 ns, At safepoint: 54800 ns, Total: 153000 ns
[2020-04-26T18:54:06.054+0000][1][safepoint    ] Safepoint "RevokeBias", Time since last: 127600 ns, Reaching safepoint: 98000 ns, At safepoint: 56100 ns, Total: 154100 ns
[2020-04-26T18:54:06.054+0000][1][safepoint    ] Safepoint "RevokeBias", Time since last: 126000 ns, Reaching safepoint: 96400 ns, At safepoint: 76800 ns, Total: 173200 ns
[2020-04-26T18:54:06.055+0000][1][safepoint    ] Safepoint "RevokeBias", Time since last: 283500 ns, Reaching safepoint: 138900 ns, At safepoint: 78600 ns, Total: 217500 ns
[2020-04-26T18:54:06.055+0000][1][safepoint    ] Safepoint "RevokeBias", Time since last: 127100 ns, Reaching safepoint: 100200 ns, At safepoint: 69900 ns, Total: 170100 ns
[2020-04-26T18:54:06.055+0000][1][safepoint    ] Safepoint "RevokeBias", Time since last: 125600 ns, Reaching safepoint: 96100 ns, At safepoint: 64700 ns, Total: 160800 ns
[2020-04-26T18:54:06.056+0000][1][safepoint    ] Safepoint "RevokeBias", Time since last: 91000 ns, Reaching safepoint: 136200 ns, At safepoint: 69800 ns, Total: 206000 ns
[2020-04-26T18:54:06.056+0000][1][safepoint    ] Safepoint "RevokeBias", Time since last: 127800 ns, Reaching safepoint: 96300 ns, At safepoint: 104300 ns, Total: 200600 ns
[2020-04-26T18:54:06.056+0000][1][safepoint    ] Safepoint "RevokeBias", Time since last: 113600 ns, Reaching safepoint: 93500 ns, At safepoint: 62300 ns, Total: 155800 ns
[2020-04-26T18:54:06.057+0000][1][safepoint    ] Safepoint "RevokeBias", Time since last: 115300 ns, Reaching safepoint: 92500 ns, At safepoint: 64900 ns, Total: 157400 ns
[2020-04-26T18:54:06.057+0000][1][safepoint    ] Safepoint "RevokeBias", Time since last: 113400 ns, Reaching safepoint: 92100 ns, At safepoint: 61000 ns, Total: 153100 ns
[2020-04-26T18:54:06.057+0000][1][safepoint    ] Safepoint "RevokeBias", Time since last: 110900 ns, Reaching safepoint: 92100 ns, At safepoint: 61800 ns, Total: 153900 ns
[2020-04-26T18:54:06.057+0000][1][safepoint    ] Safepoint "RevokeBias", Time since last: 114000 ns, Reaching safepoint: 92500 ns, At safepoint: 65000 ns, Total: 157500 ns
[2020-04-26T18:54:06.058+0000][1][safepoint    ] Safepoint "RevokeBias", Time since last: 195500 ns, Reaching safepoint: 100300 ns, At safepoint: 52500 ns, Total: 152800 ns
[2020-04-26T18:54:06.058+0000][1][safepoint    ] Safepoint "RevokeBias", Time since last: 93700 ns, Reaching safepoint: 105600 ns, At safepoint: 108400 ns, Total: 214000 ns
[2020-04-26T18:54:06.058+0000][1][safepoint    ] Safepoint "RevokeBias", Time since last: 99900 ns, Reaching safepoint: 105400 ns, At safepoint: 49600 ns, Total: 155000 ns
[2020-04-26T18:54:06.059+0000][1][safepoint    ] Safepoint "RevokeBias", Time since last: 84200 ns, Reaching safepoint: 103400 ns, At safepoint: 53800 ns, Total: 157200 ns
[2020-04-26T18:54:06.059+0000][1][safepoint    ] Safepoint "RevokeBias", Time since last: 87200 ns, Reaching safepoint: 91300 ns, At safepoint: 49800 ns, Total: 141100 ns
[2020-04-26T18:54:06.059+0000][1][safepoint    ] Safepoint "RevokeBias", Time since last: 80100 ns, Reaching safepoint: 91100 ns, At safepoint: 49200 ns, Total: 140300 ns
[2020-04-26T18:54:06.059+0000][1][safepoint    ] Safepoint "RevokeBias", Time since last: 83100 ns, Reaching safepoint: 91500 ns, At safepoint: 48900 ns, Total: 140400 ns
[2020-04-26T18:54:06.059+0000][1][safepoint    ] Safepoint "RevokeBias", Time since last: 78000 ns, Reaching safepoint: 90800 ns, At safepoint: 58900 ns, Total: 149700 ns
[2020-04-26T18:54:06.060+0000][1][safepoint    ] Safepoint "RevokeBias", Time since last: 305800 ns, Reaching safepoint: 90800 ns, At safepoint: 66400 ns, Total: 157200 ns
[2020-04-26T18:54:06.060+0000][1][safepoint    ] Safepoint "RevokeBias", Time since last: 73700 ns, Reaching safepoint: 88300 ns, At safepoint: 56600 ns, Total: 144900 ns
[2020-04-26T18:54:06.060+0000][1][safepoint    ] Safepoint "BulkRevokeBias", Time since last: 98400 ns, Reaching safepoint: 92100 ns, At safepoint: 86900 ns, Total: 179000 ns
[2020-04-26T18:54:06.061+0000][1][safepoint    ] Safepoint "BulkRevokeBias", Time since last: 74900 ns, Reaching safepoint: 90300 ns, At safepoint: 75000 ns, Total: 165300 ns
[2020-04-26T18:54:06.064+0000][1][safepoint    ] Safepoint "RevokeBias", Time since last: 3029600 ns, Reaching safepoint: 98400 ns, At safepoint: 66300 ns, Total: 164700 ns
[2020-04-26T18:54:06.066+0000][1][safepoint    ] Safepoint "RevokeBias", Time since last: 2146500 ns, Reaching safepoint: 170000 ns, At safepoint: 43000 ns, Total: 213000 ns
[2020-04-26T18:54:06.280+0000][1][safepoint    ] Safepoint "ICBufferFull", Time since last: 213973400 ns, Reaching safepoint: 104600 ns, At safepoint: 32900 ns, Total: 137500 ns
[2020-04-26T18:54:06.298+0000][1][gc,start     ] GC(1) Pause Young (Allocation Failure)
[2020-04-26T18:54:06.298+0000][1][gc,task      ] GC(1) Using 10 workers of 10 for evacuation
[2020-04-26T18:54:06.314+0000][1][gc,age       ] GC(1) Desired survivor size 8945664 bytes, new threshold 6 (max threshold 6)
[2020-04-26T18:54:06.315+0000][1][gc,age       ] GC(1) Age table with threshold 6 (max threshold 6)
[2020-04-26T18:54:06.315+0000][1][gc,age       ] GC(1) - age   1:    2170688 bytes,    2170688 total
[2020-04-26T18:54:06.315+0000][1][gc,heap      ] GC(1) ParNew: 150266K->7994K(157248K)
[2020-04-26T18:54:06.315+0000][1][gc,heap      ] GC(1) CMS: 0K->9557K(349568K)
[2020-04-26T18:54:06.315+0000][1][gc,metaspace ] GC(1) Metaspace: 18620K->18620K(1067008K)
[2020-04-26T18:54:06.315+0000][1][gc           ] GC(1) Pause Young (Allocation Failure) 146M->17M(494M) 16.715ms
[2020-04-26T18:54:06.315+0000][1][gc,cpu       ] GC(1) User=0.11s Sys=0.05s Real=0.02s
[2020-04-26T18:54:06.315+0000][1][safepoint    ] Safepoint "GenCollectForAllocation", Time since last: 17537100 ns, Reaching safepoint: 19600 ns, At safepoint: 16807400 ns, Total: 16827000 ns
[2020-04-26T18:54:06.315+0000][1][safepoint    ] Safepoint "RevokeBias", Time since last: 284200 ns, Reaching safepoint: 154800 ns, At safepoint: 73300 ns, Total: 228100 ns
[2020-04-26T18:54:06.316+0000][1][safepoint    ] Safepoint "RevokeBias", Time since last: 166800 ns, Reaching safepoint: 145000 ns, At safepoint: 58600 ns, Total: 203600 ns
[2020-04-26T18:54:06.316+0000][1][safepoint    ] Safepoint "RevokeBias", Time since last: 172300 ns, Reaching safepoint: 97800 ns, At safepoint: 51800 ns, Total: 149600 ns
[2020-04-26T18:54:06.316+0000][1][safepoint    ] Safepoint "RevokeBias", Time since last: 190500 ns, Reaching safepoint: 99800 ns, At safepoint: 69200 ns, Total: 169000 ns
[2020-04-26T18:54:06.317+0000][1][safepoint    ] Safepoint "RevokeBias", Time since last: 186900 ns, Reaching safepoint: 100400 ns, At safepoint: 74600 ns, Total: 175000 ns
[2020-04-26T18:54:06.317+0000][1][safepoint    ] Safepoint "RevokeBias", Time since last: 169500 ns, Reaching safepoint: 102100 ns, At safepoint: 81700 ns, Total: 183800 ns
[2020-04-26T18:54:06.317+0000][1][safepoint    ] Safepoint "RevokeBias", Time since last: 178500 ns, Reaching safepoint: 99400 ns, At safepoint: 63600 ns, Total: 163000 ns
[2020-04-26T18:54:06.318+0000][1][safepoint    ] Safepoint "RevokeBias", Time since last: 169900 ns, Reaching safepoint: 112500 ns, At safepoint: 77100 ns, Total: 189600 ns
[2020-04-26T18:54:06.318+0000][1][safepoint    ] Safepoint "RevokeBias", Time since last: 185600 ns, Reaching safepoint: 101100 ns, At safepoint: 102500 ns, Total: 203600 ns
[2020-04-26T18:54:06.318+0000][1][safepoint    ] Safepoint "RevokeBias", Time since last: 193500 ns, Reaching safepoint: 101100 ns, At safepoint: 60100 ns, Total: 161200 ns
[2020-04-26T18:54:06.319+0000][1][safepoint    ] Safepoint "RevokeBias", Time since last: 184100 ns, Reaching safepoint: 97200 ns, At safepoint: 54800 ns, Total: 152000 ns
[2020-04-26T18:54:06.319+0000][1][safepoint    ] Safepoint "RevokeBias", Time since last: 190400 ns, Reaching safepoint: 98100 ns, At safepoint: 55400 ns, Total: 153500 ns
[2020-04-26T18:54:06.319+0000][1][safepoint    ] Safepoint "RevokeBias", Time since last: 152700 ns, Reaching safepoint: 100600 ns, At safepoint: 55600 ns, Total: 156200 ns
[2020-04-26T18:54:06.320+0000][1][safepoint    ] Safepoint "RevokeBias", Time since last: 173300 ns, Reaching safepoint: 97400 ns, At safepoint: 51100 ns, Total: 148500 ns
[2020-04-26T18:54:06.320+0000][1][safepoint    ] Safepoint "RevokeBias", Time since last: 158400 ns, Reaching safepoint: 10500 ns, At safepoint: 52900 ns, Total: 63400 ns
[2020-04-26T18:54:06.320+0000][1][safepoint    ] Safepoint "RevokeBias", Time since last: 163200 ns, Reaching safepoint: 97400 ns, At safepoint: 50100 ns, Total: 147500 ns
[2020-04-26T18:54:06.320+0000][1][safepoint    ] Safepoint "RevokeBias", Time since last: 173900 ns, Reaching safepoint: 10300 ns, At safepoint: 52200 ns, Total: 62500 ns
[2020-04-26T18:54:06.321+0000][1][safepoint    ] Safepoint "RevokeBias", Time since last: 159800 ns, Reaching safepoint: 100200 ns, At safepoint: 92600 ns, Total: 192800 ns
[2020-04-26T18:54:06.321+0000][1][safepoint    ] Safepoint "RevokeBias", Time since last: 119900 ns, Reaching safepoint: 95900 ns, At safepoint: 62200 ns, Total: 158100 ns
[2020-04-26T18:54:06.321+0000][1][safepoint    ] Safepoint "RevokeBias", Time since last: 152300 ns, Reaching safepoint: 97900 ns, At safepoint: 73800 ns, Total: 171700 ns
[2020-04-26T18:54:06.322+0000][1][safepoint    ] Safepoint "RevokeBias", Time since last: 149200 ns, Reaching safepoint: 97000 ns, At safepoint: 68400 ns, Total: 165400 ns
[2020-04-26T18:54:06.322+0000][1][safepoint    ] Safepoint "RevokeBias", Time since last: 142600 ns, Reaching safepoint: 10200 ns, At safepoint: 51800 ns, Total: 62000 ns
[2020-04-26T18:54:06.322+0000][1][safepoint    ] Safepoint "RevokeBias", Time since last: 140300 ns, Reaching safepoint: 97200 ns, At safepoint: 68400 ns, Total: 165600 ns
[2020-04-26T18:54:06.323+0000][1][safepoint    ] Safepoint "RevokeBias", Time since last: 144800 ns, Reaching safepoint: 95700 ns, At safepoint: 62700 ns, Total: 158400 ns
[2020-04-26T18:54:06.323+0000][1][safepoint    ] Safepoint "RevokeBias", Time since last: 139400 ns, Reaching safepoint: 95600 ns, At safepoint: 49600 ns, Total: 145200 ns
[2020-04-26T18:54:06.323+0000][1][safepoint    ] Safepoint "RevokeBias", Time since last: 155300 ns, Reaching safepoint: 96400 ns, At safepoint: 56900 ns, Total: 153300 ns
[2020-04-26T18:54:06.323+0000][1][safepoint    ] Safepoint "RevokeBias", Time since last: 117100 ns, Reaching safepoint: 95400 ns, At safepoint: 79100 ns, Total: 174500 ns
[2020-04-26T18:54:06.490+0000][1][safepoint    ] Safepoint "Deoptimize", Time since last: 166679500 ns, Reaching safepoint: 48800 ns, At safepoint: 205700 ns, Total: 254500 ns
[2020-04-26T18:54:06.495+0000][1][gc,start     ] GC(2) Pause Young (Allocation Failure)
[2020-04-26T18:54:06.495+0000][1][gc,task      ] GC(2) Using 10 workers of 10 for evacuation
[2020-04-26T18:54:06.497+0000][1][gc,age       ] GC(2) Desired survivor size 8945664 bytes, new threshold 6 (max threshold 6)
[2020-04-26T18:54:06.497+0000][1][gc,age       ] GC(2) Age table with threshold 6 (max threshold 6)
[2020-04-26T18:54:06.497+0000][1][gc,age       ] GC(2) - age   1:    1901832 bytes,    1901832 total
[2020-04-26T18:54:06.497+0000][1][gc,age       ] GC(2) - age   2:    1619200 bytes,    3521032 total
[2020-04-26T18:54:06.497+0000][1][gc,heap      ] GC(2) ParNew: 147770K->4724K(157248K)
[2020-04-26T18:54:06.497+0000][1][gc,heap      ] GC(2) CMS: 9557K->9557K(349568K)
[2020-04-26T18:54:06.497+0000][1][gc,metaspace ] GC(2) Metaspace: 19186K->19186K(1067008K)
[2020-04-26T18:54:06.497+0000][1][gc           ] GC(2) Pause Young (Allocation Failure) 153M->13M(494M) 2.344ms
[2020-04-26T18:54:06.497+0000][1][gc,cpu       ] GC(2) User=0.02s Sys=0.01s Real=0.00s
[2020-04-26T18:54:06.497+0000][1][safepoint    ] Safepoint "GenCollectForAllocation", Time since last: 4123700 ns, Reaching safepoint: 18800 ns, At safepoint: 2424700 ns, Total: 2443500 ns
[2020-04-26T18:54:06.497+0000][1][safepoint    ] Safepoint "BulkRevokeBias", Time since last: 204400 ns, Reaching safepoint: 108800 ns, At safepoint: 155200 ns, Total: 264000 ns
[2020-04-26T18:54:06.498+0000][1][safepoint    ] Safepoint "RevokeBias", Time since last: 213200 ns, Reaching safepoint: 141300 ns, At safepoint: 70500 ns, Total: 211800 ns
[2020-04-26T18:54:06.498+0000][1][safepoint    ] Safepoint "RevokeBias", Time since last: 167600 ns, Reaching safepoint: 100500 ns, At safepoint: 71400 ns, Total: 171900 ns
[2020-04-26T18:54:06.498+0000][1][safepoint    ] Safepoint "RevokeBias", Time since last: 119800 ns, Reaching safepoint: 97600 ns, At safepoint: 56100 ns, Total: 153700 ns
[2020-04-26T18:54:06.499+0000][1][safepoint    ] Safepoint "RevokeBias", Time since last: 149200 ns, Reaching safepoint: 97100 ns, At safepoint: 62400 ns, Total: 159500 ns
[2020-04-26T18:54:06.499+0000][1][safepoint    ] Safepoint "RevokeBias", Time since last: 155900 ns, Reaching safepoint: 94400 ns, At safepoint: 48100 ns, Total: 142500 ns
[2020-04-26T18:54:06.499+0000][1][safepoint    ] Safepoint "RevokeBias", Time since last: 172400 ns, Reaching safepoint: 141000 ns, At safepoint: 55300 ns, Total: 196300 ns
[2020-04-26T18:54:06.500+0000][1][safepoint    ] Safepoint "RevokeBias", Time since last: 159100 ns, Reaching safepoint: 100500 ns, At safepoint: 67500 ns, Total: 168000 ns
[2020-04-26T18:54:06.500+0000][1][safepoint    ] Safepoint "RevokeBias", Time since last: 153400 ns, Reaching safepoint: 140400 ns, At safepoint: 51800 ns, Total: 192200 ns
[2020-04-26T18:54:06.500+0000][1][safepoint    ] Safepoint "RevokeBias", Time since last: 189900 ns, Reaching safepoint: 98000 ns, At safepoint: 101000 ns, Total: 199000 ns
[2020-04-26T18:54:06.501+0000][1][safepoint    ] Safepoint "RevokeBias", Time since last: 125700 ns, Reaching safepoint: 110000 ns, At safepoint: 88700 ns, Total: 198700 ns
[2020-04-26T18:54:06.501+0000][1][safepoint    ] Safepoint "BulkRevokeBias", Time since last: 124900 ns, Reaching safepoint: 96000 ns, At safepoint: 111300 ns, Total: 207300 ns
[2020-04-26T18:54:06.524+0000][1][safepoint    ] Safepoint "Deoptimize", Time since last: 22706200 ns, Reaching safepoint: 22400 ns, At safepoint: 238600 ns, Total: 261000 ns
[2020-04-26T18:54:06.648+0000][1][gc,start     ] GC(3) Pause Young (Allocation Failure)
[2020-04-26T18:54:06.648+0000][1][gc,task      ] GC(3) Using 10 workers of 10 for evacuation
[2020-04-26T18:54:06.652+0000][1][gc,age       ] GC(3) Desired survivor size 8945664 bytes, new threshold 6 (max threshold 6)
[2020-04-26T18:54:06.652+0000][1][gc,age       ] GC(3) Age table with threshold 6 (max threshold 6)
[2020-04-26T18:54:06.652+0000][1][gc,age       ] GC(3) - age   1:    3735664 bytes,    3735664 total
[2020-04-26T18:54:06.652+0000][1][gc,age       ] GC(3) - age   2:    1836624 bytes,    5572288 total
[2020-04-26T18:54:06.652+0000][1][gc,age       ] GC(3) - age   3:    1615064 bytes,    7187352 total
[2020-04-26T18:54:06.652+0000][1][gc,heap      ] GC(3) ParNew: 144500K->7802K(157248K)
[2020-04-26T18:54:06.652+0000][1][gc,heap      ] GC(3) CMS: 9557K->9557K(349568K)
[2020-04-26T18:54:06.652+0000][1][gc,metaspace ] GC(3) Metaspace: 19565K->19565K(1067008K)
[2020-04-26T18:54:06.652+0000][1][gc           ] GC(3) Pause Young (Allocation Failure) 150M->16M(494M) 4.051ms
[2020-04-26T18:54:06.652+0000][1][gc,cpu       ] GC(3) User=0.03s Sys=0.02s Real=0.01s
[2020-04-26T18:54:06.652+0000][1][safepoint    ] Safepoint "GenCollectForAllocation", Time since last: 123678800 ns, Reaching safepoint: 137900 ns, At safepoint: 4147200 ns, Total: 4285100 ns
[2020-04-26T18:54:06.652+0000][1][safepoint    ] Safepoint "BulkRevokeBias", Time since last: 183300 ns, Reaching safepoint: 102900 ns, At safepoint: 96100 ns, Total: 199000 ns
[2020-04-26T18:54:06.835+0000][1][gc,start     ] GC(4) Pause Young (Allocation Failure)
[2020-04-26T18:54:06.835+0000][1][gc,task      ] GC(4) Using 10 workers of 10 for evacuation
[2020-04-26T18:54:06.840+0000][1][gc,age       ] GC(4) Desired survivor size 8945664 bytes, new threshold 6 (max threshold 6)
[2020-04-26T18:54:06.840+0000][1][gc,age       ] GC(4) Age table with threshold 6 (max threshold 6)
[2020-04-26T18:54:06.840+0000][1][gc,age       ] GC(4) - age   1:     733024 bytes,     733024 total
[2020-04-26T18:54:06.840+0000][1][gc,age       ] GC(4) - age   2:    2193904 bytes,    2926928 total
[2020-04-26T18:54:06.840+0000][1][gc,age       ] GC(4) - age   3:    1835944 bytes,    4762872 total
[2020-04-26T18:54:06.840+0000][1][gc,age       ] GC(4) - age   4:    1615256 bytes,    6378128 total
[2020-04-26T18:54:06.840+0000][1][gc,heap      ] GC(4) ParNew: 147578K->9012K(157248K)
[2020-04-26T18:54:06.840+0000][1][gc,heap      ] GC(4) CMS: 9557K->9557K(349568K)
[2020-04-26T18:54:06.840+0000][1][gc,metaspace ] GC(4) Metaspace: 19837K->19837K(1067008K)
[2020-04-26T18:54:06.840+0000][1][gc           ] GC(4) Pause Young (Allocation Failure) 153M->18M(494M) 5.560ms
[2020-04-26T18:54:06.840+0000][1][gc,cpu       ] GC(4) User=0.06s Sys=0.00s Real=0.01s
[2020-04-26T18:54:06.840+0000][1][safepoint    ] Safepoint "GenCollectForAllocation", Time since last: 182246700 ns, Reaching safepoint: 114200 ns, At safepoint: 5686600 ns, Total: 5800800 ns
[2020-04-26T18:54:06.898+0000][1][safepoint    ] Safepoint "CollectForMetadataAllocation", Time since last: 57304200 ns, Reaching safepoint: 21500 ns, At safepoint: 214000 ns, Total: 235500 ns
[2020-04-26T18:54:06.914+0000][1][safepoint    ] Safepoint "CollectForMetadataAllocation", Time since last: 15663000 ns, Reaching safepoint: 26800 ns, At safepoint: 139600 ns, Total: 166400 ns
[2020-04-26T18:54:07.005+0000][1][safepoint    ] Safepoint "CollectForMetadataAllocation", Time since last: 90777500 ns, Reaching safepoint: 117700 ns, At safepoint: 167300 ns, Total: 285000 ns
[2020-04-26T18:54:07.018+0000][1][gc,start     ] GC(5) Pause Young (Allocation Failure)
[2020-04-26T18:54:07.018+0000][1][gc,task      ] GC(5) Using 10 workers of 10 for evacuation
[2020-04-26T18:54:07.021+0000][1][gc,age       ] GC(5) Desired survivor size 8945664 bytes, new threshold 6 (max threshold 6)
[2020-04-26T18:54:07.021+0000][1][gc,age       ] GC(5) Age table with threshold 6 (max threshold 6)
[2020-04-26T18:54:07.021+0000][1][gc,age       ] GC(5) - age   1:     799224 bytes,     799224 total
[2020-04-26T18:54:07.021+0000][1][gc,age       ] GC(5) - age   2:     559616 bytes,    1358840 total
[2020-04-26T18:54:07.021+0000][1][gc,age       ] GC(5) - age   3:    2192464 bytes,    3551304 total
[2020-04-26T18:54:07.021+0000][1][gc,age       ] GC(5) - age   4:    1835944 bytes,    5387248 total
[2020-04-26T18:54:07.021+0000][1][gc,age       ] GC(5) - age   5:    1614896 bytes,    7002144 total
[2020-04-26T18:54:07.021+0000][1][gc,heap      ] GC(5) ParNew: 148788K->9823K(157248K)
[2020-04-26T18:54:07.021+0000][1][gc,heap      ] GC(5) CMS: 9557K->9557K(349568K)
[2020-04-26T18:54:07.021+0000][1][gc,metaspace ] GC(5) Metaspace: 20776K->20776K(1069056K)
[2020-04-26T18:54:07.021+0000][1][gc           ] GC(5) Pause Young (Allocation Failure) 154M->18M(494M) 3.162ms
[2020-04-26T18:54:07.021+0000][1][gc,cpu       ] GC(5) User=0.01s Sys=0.00s Real=0.00s
[2020-04-26T18:54:07.021+0000][1][safepoint    ] Safepoint "GenCollectForAllocation", Time since last: 13080300 ns, Reaching safepoint: 29500 ns, At safepoint: 3309400 ns, Total: 3338900 ns
[2020-04-26T18:54:07.022+0000][1][gc,start     ] GC(6) Pause Initial Mark
[2020-04-26T18:54:07.023+0000][1][gc           ] GC(6) Pause Initial Mark 21M->21M(494M) 0.874ms
[2020-04-26T18:54:07.023+0000][1][gc,cpu       ] GC(6) User=0.01s Sys=0.00s Real=0.00s
[2020-04-26T18:54:07.023+0000][1][safepoint    ] Safepoint "CMS_Initial_Mark", Time since last: 269300 ns, Reaching safepoint: 18100 ns, At safepoint: 973400 ns, Total: 991500 ns
[2020-04-26T18:54:07.023+0000][1][gc           ] GC(6) Concurrent Mark
[2020-04-26T18:54:07.023+0000][1][gc,task      ] GC(6) Using 3 workers of 3 for marking
[2020-04-26T18:54:07.028+0000][1][gc           ] GC(6) Concurrent Mark 5.712ms
[2020-04-26T18:54:07.028+0000][1][gc,cpu       ] GC(6) User=0.04s Sys=0.00s Real=0.01s
[2020-04-26T18:54:07.028+0000][1][gc           ] GC(6) Concurrent Preclean
[2020-04-26T18:54:07.029+0000][1][gc           ] GC(6) Concurrent Preclean 0.565ms
[2020-04-26T18:54:07.029+0000][1][gc,cpu       ] GC(6) User=0.00s Sys=0.00s Real=0.00s
[2020-04-26T18:54:07.029+0000][1][gc           ] GC(6) Concurrent Abortable Preclean
[2020-04-26T18:54:07.148+0000][1][gc,start     ] GC(7) Pause Young (Allocation Failure)
[2020-04-26T18:54:07.148+0000][1][gc,task      ] GC(7) Using 10 workers of 10 for evacuation
[2020-04-26T18:54:07.151+0000][1][gc           ] GC(6) Concurrent Abortable Preclean 122.097ms
[2020-04-26T18:54:07.151+0000][1][gc,cpu       ] GC(6) User=0.53s Sys=0.01s Real=0.12s
[2020-04-26T18:54:07.152+0000][1][gc,age       ] GC(7) Desired survivor size 8945664 bytes, new threshold 6 (max threshold 6)
[2020-04-26T18:54:07.152+0000][1][gc,age       ] GC(7) Age table with threshold 6 (max threshold 6)
[2020-04-26T18:54:07.152+0000][1][gc,age       ] GC(7) - age   1:    1187632 bytes,    1187632 total
[2020-04-26T18:54:07.152+0000][1][gc,age       ] GC(7) - age   2:     763400 bytes,    1951032 total
[2020-04-26T18:54:07.152+0000][1][gc,age       ] GC(7) - age   3:     559616 bytes,    2510648 total
[2020-04-26T18:54:07.152+0000][1][gc,age       ] GC(7) - age   4:    2192056 bytes,    4702704 total
[2020-04-26T18:54:07.152+0000][1][gc,age       ] GC(7) - age   5:    1835944 bytes,    6538648 total
[2020-04-26T18:54:07.152+0000][1][gc,age       ] GC(7) - age   6:    1614896 bytes,    8153544 total
[2020-04-26T18:54:07.152+0000][1][gc,heap      ] GC(7) ParNew: 149599K->11043K(157248K)
[2020-04-26T18:54:07.152+0000][1][gc,heap      ] GC(7) CMS: 9557K->9557K(349568K)
[2020-04-26T18:54:07.152+0000][1][gc,metaspace ] GC(7) Metaspace: 20963K->20963K(1069056K)
[2020-04-26T18:54:07.152+0000][1][gc           ] GC(7) Pause Young (Allocation Failure) 155M->20M(494M) 4.263ms
[2020-04-26T18:54:07.152+0000][1][gc,cpu       ] GC(7) User=0.05s Sys=0.01s Real=0.01s
[2020-04-26T18:54:07.152+0000][1][safepoint    ] Safepoint "GenCollectForAllocation", Time since last: 125053700 ns, Reaching safepoint: 29100 ns, At safepoint: 4319100 ns, Total: 4348200 ns
[2020-04-26T18:54:07.152+0000][1][gc,start     ] GC(6) Pause Remark
[2020-04-26T18:54:07.157+0000][1][gc           ] GC(6) Pause Remark 22M->22M(494M) 5.082ms
[2020-04-26T18:54:07.157+0000][1][gc,cpu       ] GC(6) User=0.01s Sys=0.00s Real=0.00s
[2020-04-26T18:54:07.157+0000][1][safepoint    ] Safepoint "CMS_Final_Remark", Time since last: 136100 ns, Reaching safepoint: 105400 ns, At safepoint: 5186800 ns, Total: 5292200 ns
[2020-04-26T18:54:07.158+0000][1][gc           ] GC(6) Concurrent Sweep
[2020-04-26T18:54:07.161+0000][1][gc           ] GC(6) Concurrent Sweep 3.156ms
[2020-04-26T18:54:07.161+0000][1][gc,cpu       ] GC(6) User=0.04s Sys=0.00s Real=0.01s
[2020-04-26T18:54:07.161+0000][1][gc           ] GC(6) Concurrent Reset
[2020-04-26T18:54:07.161+0000][1][gc           ] GC(6) Concurrent Reset 0.636ms
[2020-04-26T18:54:07.161+0000][1][gc,cpu       ] GC(6) User=0.00s Sys=0.00s Real=0.00s
[2020-04-26T18:54:07.161+0000][1][gc,heap      ] GC(6) Old: 9557K->9554K(349568K)
[2020-04-26T18:54:07.270+0000][1][gc,start     ] GC(8) Pause Young (Allocation Failure)
[2020-04-26T18:54:07.270+0000][1][gc,task      ] GC(8) Using 10 workers of 10 for evacuation
[2020-04-26T18:54:07.274+0000][1][gc,age       ] GC(8) Desired survivor size 8945664 bytes, new threshold 6 (max threshold 6)
[2020-04-26T18:54:07.274+0000][1][gc,age       ] GC(8) Age table with threshold 6 (max threshold 6)
[2020-04-26T18:54:07.274+0000][1][gc,age       ] GC(8) - age   1:     604632 bytes,     604632 total
[2020-04-26T18:54:07.274+0000][1][gc,age       ] GC(8) - age   2:     416664 bytes,    1021296 total
[2020-04-26T18:54:07.274+0000][1][gc,age       ] GC(8) - age   3:     763200 bytes,    1784496 total
[2020-04-26T18:54:07.274+0000][1][gc,age       ] GC(8) - age   4:     559616 bytes,    2344112 total
[2020-04-26T18:54:07.274+0000][1][gc,age       ] GC(8) - age   5:    2191144 bytes,    4535256 total
[2020-04-26T18:54:07.274+0000][1][gc,age       ] GC(8) - age   6:    1835880 bytes,    6371136 total
[2020-04-26T18:54:07.274+0000][1][gc,heap      ] GC(8) ParNew: 150819K->10260K(157248K)
[2020-04-26T18:54:07.274+0000][1][gc,heap      ] GC(8) CMS: 9554K->11147K(349568K)
[2020-04-26T18:54:07.274+0000][1][gc,metaspace ] GC(8) Metaspace: 21070K->21070K(1069056K)
[2020-04-26T18:54:07.274+0000][1][gc           ] GC(8) Pause Young (Allocation Failure) 156M->20M(494M) 3.697ms
[2020-04-26T18:54:07.274+0000][1][gc,cpu       ] GC(8) User=0.02s Sys=0.00s Real=0.00s
[2020-04-26T18:54:07.274+0000][1][safepoint    ] Safepoint "GenCollectForAllocation", Time since last: 112327200 ns, Reaching safepoint: 280200 ns, At safepoint: 3785100 ns, Total: 4065300 ns
[2020-04-26T18:54:07.584+0000][1][safepoint    ] Safepoint "Deoptimize", Time since last: 309619400 ns, Reaching safepoint: 258900 ns, At safepoint: 376000 ns, Total: 634900 ns
[2020-04-26T18:54:07.588+0000][1][safepoint    ] Safepoint "Deoptimize", Time since last: 3608500 ns, Reaching safepoint: 17400 ns, At safepoint: 247400 ns, Total: 264800 ns
[2020-04-26T18:54:07.975+0000][1][safepoint    ] Safepoint "RevokeBias", Time since last: 386455500 ns, Reaching safepoint: 191000 ns, At safepoint: 72200 ns, Total: 263200 ns
[2020-04-26T18:54:08.125+0000][1][gc,start     ] GC(9) Pause Young (Allocation Failure)
[2020-04-26T18:54:08.126+0000][1][gc,task      ] GC(9) Using 10 workers of 10 for evacuation
[2020-04-26T18:54:08.135+0000][1][gc,age       ] GC(9) Desired survivor size 8945664 bytes, new threshold 1 (max threshold 6)
[2020-04-26T18:54:08.135+0000][1][gc,age       ] GC(9) Age table with threshold 1 (max threshold 6)
[2020-04-26T18:54:08.135+0000][1][gc,age       ] GC(9) - age   1:   13080152 bytes,   13080152 total
[2020-04-26T18:54:08.135+0000][1][gc,age       ] GC(9) - age   2:     265440 bytes,   13345592 total
[2020-04-26T18:54:08.135+0000][1][gc,age       ] GC(9) - age   3:     414072 bytes,   13759664 total
[2020-04-26T18:54:08.135+0000][1][gc,age       ] GC(9) - age   4:     762032 bytes,   14521696 total
[2020-04-26T18:54:08.135+0000][1][gc,age       ] GC(9) - age   5:     557248 bytes,   15078944 total
[2020-04-26T18:54:08.135+0000][1][gc,age       ] GC(9) - age   6:    2188008 bytes,   17266952 total
[2020-04-26T18:54:08.135+0000][1][gc,heap      ] GC(9) ParNew: 150036K->17472K(157248K)
[2020-04-26T18:54:08.135+0000][1][gc,heap      ] GC(9) CMS: 11147K->13087K(349568K)
[2020-04-26T18:54:08.135+0000][1][gc,metaspace ] GC(9) Metaspace: 28105K->28105K(1075200K)
[2020-04-26T18:54:08.135+0000][1][gc           ] GC(9) Pause Young (Allocation Failure) 157M->29M(494M) 9.694ms
[2020-04-26T18:54:08.135+0000][1][gc,cpu       ] GC(9) User=0.10s Sys=0.00s Real=0.01s
[2020-04-26T18:54:08.135+0000][1][safepoint    ] Safepoint "GenCollectForAllocation", Time since last: 150760500 ns, Reaching safepoint: 31900 ns, At safepoint: 9807900 ns, Total: 9839800 ns
[2020-04-26T18:54:08.617+0000][1][safepoint    ] Safepoint "Deoptimize", Time since last: 480696400 ns, Reaching safepoint: 64500 ns, At safepoint: 481400 ns, Total: 545900 ns
[2020-04-26T18:54:08.780+0000][1][safepoint    ] Safepoint "RevokeBias", Time since last: 163172500 ns, Reaching safepoint: 39400 ns, At safepoint: 65200 ns, Total: 104600 ns
[2020-04-26T18:54:08.867+0000][1][gc,start     ] GC(10) Pause Young (Allocation Failure)
[2020-04-26T18:54:08.867+0000][1][gc,task      ] GC(10) Using 10 workers of 10 for evacuation
[2020-04-26T18:54:08.899+0000][1][gc,age       ] GC(10) Desired survivor size 8945664 bytes, new threshold 1 (max threshold 6)
[2020-04-26T18:54:08.899+0000][1][gc,age       ] GC(10) Age table with threshold 1 (max threshold 6)
[2020-04-26T18:54:08.899+0000][1][gc,age       ] GC(10) - age   1:   15218232 bytes,   15218232 total
[2020-04-26T18:54:08.899+0000][1][gc,heap      ] GC(10) ParNew: 157248K->17472K(157248K)
[2020-04-26T18:54:08.899+0000][1][gc,heap      ] GC(10) CMS: 13087K->31757K(349568K)
[2020-04-26T18:54:08.899+0000][1][gc,metaspace ] GC(10) Metaspace: 30512K->30512K(1077248K)
[2020-04-26T18:54:08.899+0000][1][gc           ] GC(10) Pause Young (Allocation Failure) 166M->48M(494M) 32.717ms
[2020-04-26T18:54:08.899+0000][1][gc,cpu       ] GC(10) User=0.32s Sys=0.03s Real=0.04s
[2020-04-26T18:54:08.900+0000][1][safepoint    ] Safepoint "GenCollectForAllocation", Time since last: 86864500 ns, Reaching safepoint: 54800 ns, At safepoint: 32885700 ns, Total: 32940500 ns
[2020-04-26T18:54:08.947+0000][1][safepoint    ] Safepoint "RevokeBias", Time since last: 47098800 ns, Reaching safepoint: 177300 ns, At safepoint: 62300 ns, Total: 239600 ns
[2020-04-26T18:54:08.970+0000][1][safepoint    ] Safepoint "RevokeBias", Time since last: 22714200 ns, Reaching safepoint: 21600 ns, At safepoint: 48600 ns, Total: 70200 ns
[2020-04-26T18:54:08.972+0000][1][safepoint    ] Safepoint "RevokeBias", Time since last: 2236000 ns, Reaching safepoint: 151700 ns, At safepoint: 63600 ns, Total: 215300 ns
[2020-04-26T18:54:08.977+0000][1][safepoint    ] Safepoint "RevokeBias", Time since last: 4653800 ns, Reaching safepoint: 19400 ns, At safepoint: 52400 ns, Total: 71800 ns
[2020-04-26T18:54:08.985+0000][1][safepoint    ] Safepoint "RevokeBias", Time since last: 7443200 ns, Reaching safepoint: 112800 ns, At safepoint: 77700 ns, Total: 190500 ns
[2020-04-26T18:54:08.989+0000][1][safepoint    ] Safepoint "RevokeBias", Time since last: 4117900 ns, Reaching safepoint: 19500 ns, At safepoint: 52700 ns, Total: 72200 ns
[2020-04-26T18:54:08.993+0000][1][safepoint    ] Safepoint "RevokeBias", Time since last: 4705300 ns, Reaching safepoint: 17300 ns, At safepoint: 46200 ns, Total: 63500 ns
[2020-04-26T18:54:08.996+0000][1][safepoint    ] Safepoint "RevokeBias", Time since last: 2911800 ns, Reaching safepoint: 20600 ns, At safepoint: 48900 ns, Total: 69500 ns
[2020-04-26T18:54:09.000+0000][1][safepoint    ] Safepoint "RevokeBias", Time since last: 3057000 ns, Reaching safepoint: 20200 ns, At safepoint: 55500 ns, Total: 75700 ns
[2020-04-26T18:54:09.321+0000][1][gc,start     ] GC(11) Pause Young (Allocation Failure)
[2020-04-26T18:54:09.321+0000][1][gc,task      ] GC(11) Using 10 workers of 10 for evacuation
[2020-04-26T18:54:09.333+0000][1][gc,age       ] GC(11) Desired survivor size 8945664 bytes, new threshold 6 (max threshold 6)
[2020-04-26T18:54:09.333+0000][1][gc,age       ] GC(11) Age table with threshold 6 (max threshold 6)
[2020-04-26T18:54:09.333+0000][1][gc,age       ] GC(11) - age   1:    2805864 bytes,    2805864 total
[2020-04-26T18:54:09.333+0000][1][gc,heap      ] GC(11) ParNew: 157248K->14370K(157248K)
[2020-04-26T18:54:09.333+0000][1][gc,heap      ] GC(11) CMS: 31757K->47166K(349568K)
[2020-04-26T18:54:09.333+0000][1][gc,metaspace ] GC(11) Metaspace: 34058K->34058K(1081344K)
[2020-04-26T18:54:09.333+0000][1][gc           ] GC(11) Pause Young (Allocation Failure) 184M->60M(494M) 11.511ms
[2020-04-26T18:54:09.333+0000][1][gc,cpu       ] GC(11) User=0.10s Sys=0.01s Real=0.01s
[2020-04-26T18:54:09.333+0000][1][safepoint    ] Safepoint "GenCollectForAllocation", Time since last: 321532100 ns, Reaching safepoint: 68300 ns, At safepoint: 11610100 ns, Total: 11678400 ns
[2020-04-26T18:54:09.346+0000][1][safepoint    ] Safepoint "CollectForMetadataAllocation", Time since last: 12952800 ns, Reaching safepoint: 22700 ns, At safepoint: 82000 ns, Total: 104700 ns
[2020-04-26T18:54:09.365+0000][1][safepoint    ] Safepoint "CollectForMetadataAllocation", Time since last: 19145000 ns, Reaching safepoint: 131900 ns, At safepoint: 137500 ns, Total: 269400 ns
[2020-04-26T18:54:09.386+0000][1][safepoint    ] Safepoint "CollectForMetadataAllocation", Time since last: 20643000 ns, Reaching safepoint: 27100 ns, At safepoint: 143000 ns, Total: 170100 ns
[2020-04-26T18:54:09.419+0000][1][safepoint    ] Safepoint "CollectForMetadataAllocation", Time since last: 32378900 ns, Reaching safepoint: 213400 ns, At safepoint: 273600 ns, Total: 487000 ns
[2020-04-26T18:54:09.436+0000][1][safepoint    ] Safepoint "CollectForMetadataAllocation", Time since last: 16797900 ns, Reaching safepoint: 24200 ns, At safepoint: 157400 ns, Total: 181600 ns
[2020-04-26T18:54:09.450+0000][1][safepoint    ] Safepoint "CollectForMetadataAllocation", Time since last: 13433200 ns, Reaching safepoint: 73100 ns, At safepoint: 267000 ns, Total: 340100 ns
[2020-04-26T18:54:09.462+0000][1][safepoint    ] Safepoint "CollectForMetadataAllocation", Time since last: 12509300 ns, Reaching safepoint: 18800 ns, At safepoint: 115400 ns, Total: 134200 ns
[2020-04-26T18:54:09.475+0000][1][safepoint    ] Safepoint "CollectForMetadataAllocation", Time since last: 12275800 ns, Reaching safepoint: 18800 ns, At safepoint: 112100 ns, Total: 130900 ns
[2020-04-26T18:54:09.486+0000][1][safepoint    ] Safepoint "CollectForMetadataAllocation", Time since last: 10954200 ns, Reaching safepoint: 17600 ns, At safepoint: 114500 ns, Total: 132100 ns
[2020-04-26T18:54:09.495+0000][1][safepoint    ] Safepoint "CollectForMetadataAllocation", Time since last: 8766700 ns, Reaching safepoint: 16500 ns, At safepoint: 109800 ns, Total: 126300 ns
[2020-04-26T18:54:09.509+0000][1][safepoint    ] Safepoint "CollectForMetadataAllocation", Time since last: 14447200 ns, Reaching safepoint: 120700 ns, At safepoint: 144000 ns, Total: 264700 ns
[2020-04-26T18:54:09.522+0000][1][safepoint    ] Safepoint "Deoptimize", Time since last: 12279400 ns, Reaching safepoint: 21900 ns, At safepoint: 373500 ns, Total: 395400 ns
[2020-04-26T18:54:09.526+0000][1][safepoint    ] Safepoint "Deoptimize", Time since last: 3135600 ns, Reaching safepoint: 22600 ns, At safepoint: 455300 ns, Total: 477900 ns
[2020-04-26T18:54:09.528+0000][1][safepoint    ] Safepoint "CollectForMetadataAllocation", Time since last: 2284400 ns, Reaching safepoint: 208000 ns, At safepoint: 224800 ns, Total: 432800 ns
[2020-04-26T18:54:09.533+0000][1][safepoint    ] Safepoint "CollectForMetadataAllocation", Time since last: 4860800 ns, Reaching safepoint: 23300 ns, At safepoint: 143200 ns, Total: 166500 ns
[2020-04-26T18:54:09.545+0000][1][safepoint    ] Safepoint "RevokeBias", Time since last: 11078700 ns, Reaching safepoint: 29100 ns, At safepoint: 83000 ns, Total: 112100 ns
[2020-04-26T18:54:09.546+0000][1][safepoint    ] Safepoint "Deoptimize", Time since last: 864800 ns, Reaching safepoint: 14700 ns, At safepoint: 323400 ns, Total: 338100 ns
[2020-04-26T18:54:09.551+0000][1][safepoint    ] Safepoint "RevokeBias", Time since last: 5406700 ns, Reaching safepoint: 22600 ns, At safepoint: 83900 ns, Total: 106500 ns
[2020-04-26T18:54:09.560+0000][1][safepoint    ] Safepoint "CollectForMetadataAllocation", Time since last: 8279000 ns, Reaching safepoint: 25200 ns, At safepoint: 144500 ns, Total: 169700 ns
[2020-04-26T18:54:09.560+0000][1][safepoint    ] Safepoint "RevokeBias", Time since last: 496400 ns, Reaching safepoint: 17100 ns, At safepoint: 64000 ns, Total: 81100 ns
[2020-04-26T18:54:09.576+0000][1][safepoint    ] Safepoint "CollectForMetadataAllocation", Time since last: 15279300 ns, Reaching safepoint: 39200 ns, At safepoint: 111400 ns, Total: 150600 ns
[2020-04-26T18:54:09.584+0000][1][safepoint    ] Safepoint "CollectForMetadataAllocation", Time since last: 7635900 ns, Reaching safepoint: 40900 ns, At safepoint: 218700 ns, Total: 259600 ns
[2020-04-26T18:54:09.604+0000][1][safepoint    ] Safepoint "CollectForMetadataAllocation", Time since last: 20216300 ns, Reaching safepoint: 22300 ns, At safepoint: 151500 ns, Total: 173800 ns
[2020-04-26T18:54:09.616+0000][1][safepoint    ] Safepoint "CollectForMetadataAllocation", Time since last: 11972300 ns, Reaching safepoint: 65300 ns, At safepoint: 141500 ns, Total: 206800 ns
[2020-04-26T18:54:09.631+0000][1][safepoint    ] Safepoint "CollectForMetadataAllocation", Time since last: 14418700 ns, Reaching safepoint: 19200 ns, At safepoint: 140400 ns, Total: 159600 ns
[2020-04-26T18:54:09.643+0000][1][safepoint    ] Safepoint "CollectForMetadataAllocation", Time since last: 11722400 ns, Reaching safepoint: 20700 ns, At safepoint: 122200 ns, Total: 142900 ns
[2020-04-26T18:54:09.657+0000][1][safepoint    ] Safepoint "CollectForMetadataAllocation", Time since last: 14588100 ns, Reaching safepoint: 18600 ns, At safepoint: 92200 ns, Total: 110800 ns
[2020-04-26T18:54:09.673+0000][1][safepoint    ] Safepoint "CollectForMetadataAllocation", Time since last: 14950700 ns, Reaching safepoint: 20400 ns, At safepoint: 143200 ns, Total: 163600 ns
[2020-04-26T18:54:09.689+0000][1][safepoint    ] Safepoint "CollectForMetadataAllocation", Time since last: 16509400 ns, Reaching safepoint: 30400 ns, At safepoint: 116200 ns, Total: 146600 ns
[2020-04-26T18:54:09.702+0000][1][safepoint    ] Safepoint "CollectForMetadataAllocation", Time since last: 12992700 ns, Reaching safepoint: 18900 ns, At safepoint: 140100 ns, Total: 159000 ns
[2020-04-26T18:54:09.715+0000][1][safepoint    ] Safepoint "CollectForMetadataAllocation", Time since last: 12744500 ns, Reaching safepoint: 21400 ns, At safepoint: 132500 ns, Total: 153900 ns
[2020-04-26T18:54:09.734+0000][1][safepoint    ] Safepoint "CollectForMetadataAllocation", Time since last: 18247800 ns, Reaching safepoint: 19300 ns, At safepoint: 122000 ns, Total: 141300 ns
[2020-04-26T18:54:09.746+0000][1][safepoint    ] Safepoint "CollectForMetadataAllocation", Time since last: 12385400 ns, Reaching safepoint: 25800 ns, At safepoint: 130900 ns, Total: 156700 ns
[2020-04-26T18:54:09.766+0000][1][safepoint    ] Safepoint "CollectForMetadataAllocation", Time since last: 19379000 ns, Reaching safepoint: 25100 ns, At safepoint: 153400 ns, Total: 178500 ns
[2020-04-26T18:54:09.779+0000][1][safepoint    ] Safepoint "CollectForMetadataAllocation", Time since last: 13302000 ns, Reaching safepoint: 25400 ns, At safepoint: 119100 ns, Total: 144500 ns
[2020-04-26T18:54:09.795+0000][1][safepoint    ] Safepoint "CollectForMetadataAllocation", Time since last: 15267500 ns, Reaching safepoint: 26200 ns, At safepoint: 153700 ns, Total: 179900 ns
[2020-04-26T18:54:09.813+0000][1][safepoint    ] Safepoint "CollectForMetadataAllocation", Time since last: 18430000 ns, Reaching safepoint: 25900 ns, At safepoint: 128100 ns, Total: 154000 ns
[2020-04-26T18:54:09.832+0000][1][safepoint    ] Safepoint "CollectForMetadataAllocation", Time since last: 19030300 ns, Reaching safepoint: 24500 ns, At safepoint: 81600 ns, Total: 106100 ns
[2020-04-26T18:54:09.847+0000][1][safepoint    ] Safepoint "CollectForMetadataAllocation", Time since last: 14606500 ns, Reaching safepoint: 19700 ns, At safepoint: 88000 ns, Total: 107700 ns
[2020-04-26T18:54:09.855+0000][1][safepoint    ] Safepoint "CollectForMetadataAllocation", Time since last: 8174900 ns, Reaching safepoint: 21600 ns, At safepoint: 138700 ns, Total: 160300 ns
[2020-04-26T18:54:09.869+0000][1][safepoint    ] Safepoint "CollectForMetadataAllocation", Time since last: 13801500 ns, Reaching safepoint: 33900 ns, At safepoint: 134000 ns, Total: 167900 ns
[2020-04-26T18:54:09.874+0000][1][safepoint    ] Safepoint "RevokeBias", Time since last: 4750800 ns, Reaching safepoint: 145800 ns, At safepoint: 53700 ns, Total: 199500 ns
[2020-04-26T18:54:09.882+0000][1][safepoint    ] Safepoint "CollectForMetadataAllocation", Time since last: 7087300 ns, Reaching safepoint: 22600 ns, At safepoint: 116500 ns, Total: 139100 ns
[2020-04-26T18:54:09.933+0000][1][safepoint    ] Safepoint "CollectForMetadataAllocation", Time since last: 51640800 ns, Reaching safepoint: 34600 ns, At safepoint: 168500 ns, Total: 203100 ns
[2020-04-26T18:54:09.937+0000][1][safepoint    ] Safepoint "CollectForMetadataAllocation", Time since last: 3884700 ns, Reaching safepoint: 18600 ns, At safepoint: 106200 ns, Total: 124800 ns
[2020-04-26T18:54:09.943+0000][1][safepoint    ] Safepoint "CollectForMetadataAllocation", Time since last: 5063300 ns, Reaching safepoint: 13000 ns, At safepoint: 106100 ns, Total: 119100 ns
[2020-04-26T18:54:09.945+0000][1][safepoint    ] Safepoint "Deoptimize", Time since last: 1760400 ns, Reaching safepoint: 14900 ns, At safepoint: 313900 ns, Total: 328800 ns
[2020-04-26T18:54:09.950+0000][1][safepoint    ] Safepoint "CollectForMetadataAllocation", Time since last: 4801000 ns, Reaching safepoint: 20100 ns, At safepoint: 98900 ns, Total: 119000 ns
[2020-04-26T18:54:09.960+0000][1][safepoint    ] Safepoint "CollectForMetadataAllocation", Time since last: 10208300 ns, Reaching safepoint: 31600 ns, At safepoint: 121600 ns, Total: 153200 ns
[2020-04-26T18:54:10.207+0000][1][safepoint    ] Safepoint "CollectForMetadataAllocation", Time since last: 247176800 ns, Reaching safepoint: 76600 ns, At safepoint: 116900 ns, Total: 193500 ns
[2020-04-26T18:54:10.487+0000][1][safepoint    ] Safepoint "CollectForMetadataAllocation", Time since last: 279810700 ns, Reaching safepoint: 30400 ns, At safepoint: 113100 ns, Total: 143500 ns
[2020-04-26T18:54:10.533+0000][1][safepoint    ] Safepoint "Deoptimize", Time since last: 44896900 ns, Reaching safepoint: 29100 ns, At safepoint: 304500 ns, Total: 333600 ns
[2020-04-26T18:54:10.617+0000][1][safepoint    ] Safepoint "CollectForMetadataAllocation", Time since last: 83923100 ns, Reaching safepoint: 63000 ns, At safepoint: 139500 ns, Total: 202500 ns
[2020-04-26T18:54:10.659+0000][1][safepoint    ] Safepoint "CollectForMetadataAllocation", Time since last: 42613900 ns, Reaching safepoint: 31000 ns, At safepoint: 122100 ns, Total: 153100 ns
[2020-04-26T18:54:10.670+0000][1][safepoint    ] Safepoint "CollectForMetadataAllocation", Time since last: 10465500 ns, Reaching safepoint: 24600 ns, At safepoint: 137800 ns, Total: 162400 ns
[2020-04-26T18:54:10.683+0000][1][safepoint    ] Safepoint "CollectForMetadataAllocation", Time since last: 12138300 ns, Reaching safepoint: 54800 ns, At safepoint: 270800 ns, Total: 325600 ns
[2020-04-26T18:54:10.690+0000][1][safepoint    ] Safepoint "RevokeBias", Time since last: 7333600 ns, Reaching safepoint: 38200 ns, At safepoint: 102500 ns, Total: 140700 ns
[2020-04-26T18:54:10.701+0000][1][safepoint    ] Safepoint "RevokeBias", Time since last: 10758700 ns, Reaching safepoint: 157200 ns, At safepoint: 69500 ns, Total: 226700 ns
[2020-04-26T18:54:10.703+0000][1][safepoint    ] Safepoint "CollectForMetadataAllocation", Time since last: 1479900 ns, Reaching safepoint: 29100 ns, At safepoint: 203000 ns, Total: 232100 ns
[2020-04-26T18:54:10.725+0000][1][safepoint    ] Safepoint "CollectForMetadataAllocation", Time since last: 22253100 ns, Reaching safepoint: 31600 ns, At safepoint: 127300 ns, Total: 158900 ns
[2020-04-26T18:54:10.735+0000][1][safepoint    ] Safepoint "RevokeBias", Time since last: 10031500 ns, Reaching safepoint: 39400 ns, At safepoint: 119700 ns, Total: 159100 ns
[2020-04-26T18:54:10.761+0000][1][safepoint    ] Safepoint "RevokeBias", Time since last: 25648500 ns, Reaching safepoint: 161400 ns, At safepoint: 58400 ns, Total: 219800 ns
[2020-04-26T18:54:10.765+0000][1][safepoint    ] Safepoint "RevokeBias", Time since last: 4150000 ns, Reaching safepoint: 32500 ns, At safepoint: 91500 ns, Total: 124000 ns
[2020-04-26T18:54:10.797+0000][1][safepoint    ] Safepoint "CollectForMetadataAllocation", Time since last: 31372400 ns, Reaching safepoint: 34600 ns, At safepoint: 91900 ns, Total: 126500 ns
[2020-04-26T18:54:10.822+0000][1][safepoint    ] Safepoint "CollectForMetadataAllocation", Time since last: 24960300 ns, Reaching safepoint: 25500 ns, At safepoint: 135000 ns, Total: 160500 ns
[2020-04-26T18:54:10.839+0000][1][safepoint    ] Safepoint "CollectForMetadataAllocation", Time since last: 16291400 ns, Reaching safepoint: 22700 ns, At safepoint: 162200 ns, Total: 184900 ns
[2020-04-26T18:54:10.859+0000][1][safepoint    ] Safepoint "CollectForMetadataAllocation", Time since last: 20294100 ns, Reaching safepoint: 244100 ns, At safepoint: 120800 ns, Total: 364900 ns
[2020-04-26T18:54:10.872+0000][1][safepoint    ] Safepoint "GenCollectForAllocation", Time since last: 12560000 ns, Reaching safepoint: 29600 ns, At safepoint: 56500 ns, Total: 86100 ns
[2020-04-26T18:54:10.872+0000][1][gc,start     ] GC(12) Pause Young (Allocation Failure)
[2020-04-26T18:54:10.872+0000][1][gc,task      ] GC(12) Using 10 workers of 10 for evacuation
[2020-04-26T18:54:10.878+0000][1][gc,age       ] GC(12) Desired survivor size 8945664 bytes, new threshold 2 (max threshold 6)
[2020-04-26T18:54:10.878+0000][1][gc,age       ] GC(12) Age table with threshold 2 (max threshold 6)
[2020-04-26T18:54:10.878+0000][1][gc,age       ] GC(12) - age   1:    6890120 bytes,    6890120 total
[2020-04-26T18:54:10.878+0000][1][gc,age       ] GC(12) - age   2:    2778056 bytes,    9668176 total
[2020-04-26T18:54:10.878+0000][1][gc,heap      ] GC(12) ParNew: 154146K->11914K(157248K)
[2020-04-26T18:54:10.878+0000][1][gc,heap      ] GC(12) CMS: 47166K->47166K(349568K)
[2020-04-26T18:54:10.878+0000][1][gc,metaspace ] GC(12) Metaspace: 50234K->50234K(1095680K)
[2020-04-26T18:54:10.878+0000][1][gc           ] GC(12) Pause Young (Allocation Failure) 196M->57M(494M) 5.627ms
[2020-04-26T18:54:10.878+0000][1][gc,cpu       ] GC(12) User=0.05s Sys=0.00s Real=0.00s
[2020-04-26T18:54:10.878+0000][1][safepoint    ] Safepoint "GenCollectForAllocation", Time since last: 179300 ns, Reaching safepoint: 18200 ns, At safepoint: 5692800 ns, Total: 5711000 ns
[2020-04-26T18:54:10.878+0000][1][gc,start     ] GC(13) Pause Initial Mark
[2020-04-26T18:54:10.880+0000][1][gc           ] GC(13) Pause Initial Mark 59M->59M(494M) 1.611ms
[2020-04-26T18:54:10.880+0000][1][gc,cpu       ] GC(13) User=0.02s Sys=0.01s Real=0.00s
[2020-04-26T18:54:10.880+0000][1][safepoint    ] Safepoint "CMS_Initial_Mark", Time since last: 158000 ns, Reaching safepoint: 27300 ns, At safepoint: 1728500 ns, Total: 1755800 ns
[2020-04-26T18:54:10.880+0000][1][gc           ] GC(13) Concurrent Mark
[2020-04-26T18:54:10.880+0000][1][gc,task      ] GC(13) Using 3 workers of 3 for marking
[2020-04-26T18:54:10.880+0000][1][gc,start     ] GC(14) Pause Young (GCLocker Initiated GC)
[2020-04-26T18:54:10.880+0000][1][gc,task      ] GC(14) Using 10 workers of 10 for evacuation
[2020-04-26T18:54:10.886+0000][1][gc,age       ] GC(14) Desired survivor size 8945664 bytes, new threshold 6 (max threshold 6)
[2020-04-26T18:54:10.886+0000][1][gc,age       ] GC(14) Age table with threshold 6 (max threshold 6)
[2020-04-26T18:54:10.886+0000][1][gc,age       ] GC(14) - age   1:        240 bytes,        240 total
[2020-04-26T18:54:10.886+0000][1][gc,age       ] GC(14) - age   2:    6875016 bytes,    6875256 total
[2020-04-26T18:54:10.886+0000][1][gc,heap      ] GC(14) ParNew: 13312K->12153K(157248K)
[2020-04-26T18:54:10.886+0000][1][gc,heap      ] GC(14) CMS: 47166K->49946K(349568K)
[2020-04-26T18:54:10.886+0000][1][gc,metaspace ] GC(14) Metaspace: 50234K->50234K(1095680K)
[2020-04-26T18:54:10.886+0000][1][gc           ] GC(14) Pause Young (GCLocker Initiated GC) 59M->60M(494M) 5.556ms
[2020-04-26T18:54:10.886+0000][1][gc,cpu       ] GC(14) User=0.04s Sys=0.00s Real=0.00s
[2020-04-26T18:54:10.886+0000][1][safepoint    ] Safepoint "RevokeBias", Time since last: 153800 ns, Reaching safepoint: 348500 ns, At safepoint: 5674400 ns, Total: 6022900 ns
[2020-04-26T18:54:10.887+0000][1][safepoint    ] Safepoint "RevokeBias", Time since last: 258800 ns, Reaching safepoint: 377700 ns, At safepoint: 73900 ns, Total: 451600 ns
[2020-04-26T18:54:10.887+0000][1][safepoint    ] Safepoint "RevokeBias", Time since last: 99100 ns, Reaching safepoint: 96300 ns, At safepoint: 63000 ns, Total: 159300 ns
[2020-04-26T18:54:10.888+0000][1][safepoint    ] Safepoint "CollectForMetadataAllocation", Time since last: 669600 ns, Reaching safepoint: 291500 ns, At safepoint: 122800 ns, Total: 414300 ns
[2020-04-26T18:54:10.889+0000][1][safepoint    ] Safepoint "RevokeBias", Time since last: 557200 ns, Reaching safepoint: 110900 ns, At safepoint: 45000 ns, Total: 155900 ns
[2020-04-26T18:54:10.889+0000][1][safepoint    ] Safepoint "RevokeBias", Time since last: 176000 ns, Reaching safepoint: 320300 ns, At safepoint: 58700 ns, Total: 379000 ns
[2020-04-26T18:54:10.890+0000][1][safepoint    ] Safepoint "RevokeBias", Time since last: 156800 ns, Reaching safepoint: 259800 ns, At safepoint: 35100 ns, Total: 294900 ns
[2020-04-26T18:54:10.890+0000][1][safepoint    ] Safepoint "RevokeBias", Time since last: 115000 ns, Reaching safepoint: 90900 ns, At safepoint: 30800 ns, Total: 121700 ns
[2020-04-26T18:54:10.890+0000][1][safepoint    ] Safepoint "RevokeBias", Time since last: 114100 ns, Reaching safepoint: 91000 ns, At safepoint: 48000 ns, Total: 139000 ns
[2020-04-26T18:54:10.890+0000][1][safepoint    ] Safepoint "RevokeBias", Time since last: 108800 ns, Reaching safepoint: 209800 ns, At safepoint: 40900 ns, Total: 250700 ns
[2020-04-26T18:54:10.891+0000][1][safepoint    ] Safepoint "RevokeBias", Time since last: 114600 ns, Reaching safepoint: 95600 ns, At safepoint: 45200 ns, Total: 140800 ns
[2020-04-26T18:54:10.891+0000][1][safepoint    ] Safepoint "RevokeBias", Time since last: 113200 ns, Reaching safepoint: 93600 ns, At safepoint: 35400 ns, Total: 129000 ns
[2020-04-26T18:54:10.891+0000][1][safepoint    ] Safepoint "RevokeBias", Time since last: 116100 ns, Reaching safepoint: 13400 ns, At safepoint: 42000 ns, Total: 55400 ns
[2020-04-26T18:54:10.892+0000][1][safepoint    ] Safepoint "RevokeBias", Time since last: 87700 ns, Reaching safepoint: 249700 ns, At safepoint: 51900 ns, Total: 301600 ns
[2020-04-26T18:54:10.892+0000][1][safepoint    ] Safepoint "RevokeBias", Time since last: 96300 ns, Reaching safepoint: 213300 ns, At safepoint: 41200 ns, Total: 254500 ns
[2020-04-26T18:54:10.892+0000][1][safepoint    ] Safepoint "RevokeBias", Time since last: 118400 ns, Reaching safepoint: 90700 ns, At safepoint: 40200 ns, Total: 130900 ns
[2020-04-26T18:54:10.892+0000][1][safepoint    ] Safepoint "RevokeBias", Time since last: 28900 ns, Reaching safepoint: 91900 ns, At safepoint: 55100 ns, Total: 147000 ns
[2020-04-26T18:54:10.893+0000][1][safepoint    ] Safepoint "RevokeBias", Time since last: 73700 ns, Reaching safepoint: 109300 ns, At safepoint: 61100 ns, Total: 170400 ns
[2020-04-26T18:54:10.893+0000][1][safepoint    ] Safepoint "BulkRevokeBias", Time since last: 113600 ns, Reaching safepoint: 101400 ns, At safepoint: 125600 ns, Total: 227000 ns
[2020-04-26T18:54:10.912+0000][1][safepoint    ] Safepoint "CollectForMetadataAllocation", Time since last: 19047900 ns, Reaching safepoint: 169600 ns, At safepoint: 111900 ns, Total: 281500 ns
[2020-04-26T18:54:10.917+0000][1][gc           ] GC(13) Concurrent Mark 37.561ms
[2020-04-26T18:54:10.917+0000][1][gc,cpu       ] GC(13) User=0.24s Sys=0.00s Real=0.03s
[2020-04-26T18:54:10.917+0000][1][gc           ] GC(13) Concurrent Preclean
[2020-04-26T18:54:10.923+0000][1][gc           ] GC(13) Concurrent Preclean 5.304ms
[2020-04-26T18:54:10.923+0000][1][gc,cpu       ] GC(13) User=0.05s Sys=0.00s Real=0.01s
[2020-04-26T18:54:10.923+0000][1][gc           ] GC(13) Concurrent Abortable Preclean
[2020-04-26T18:54:10.944+0000][1][safepoint    ] Safepoint "RevokeBias", Time since last: 31931400 ns, Reaching safepoint: 288800 ns, At safepoint: 73600 ns, Total: 362400 ns
[2020-04-26T18:54:10.945+0000][1][safepoint    ] Safepoint "RevokeBias", Time since last: 241400 ns, Reaching safepoint: 28700 ns, At safepoint: 47900 ns, Total: 76600 ns
[2020-04-26T18:54:10.945+0000][1][safepoint    ] Safepoint "RevokeBias", Time since last: 244100 ns, Reaching safepoint: 26600 ns, At safepoint: 52600 ns, Total: 79200 ns
[2020-04-26T18:54:10.946+0000][1][safepoint    ] Safepoint "RevokeBias", Time since last: 222700 ns, Reaching safepoint: 111100 ns, At safepoint: 60900 ns, Total: 172000 ns
[2020-04-26T18:54:10.946+0000][1][safepoint    ] Safepoint "RevokeBias", Time since last: 154500 ns, Reaching safepoint: 103200 ns, At safepoint: 49900 ns, Total: 153100 ns
[2020-04-26T18:54:10.947+0000][1][safepoint    ] Safepoint "RevokeBias", Time since last: 678100 ns, Reaching safepoint: 106500 ns, At safepoint: 51200 ns, Total: 157700 ns
[2020-04-26T18:54:10.947+0000][1][safepoint    ] Safepoint "RevokeBias", Time since last: 454000 ns, Reaching safepoint: 116800 ns, At safepoint: 57300 ns, Total: 174100 ns
[2020-04-26T18:54:10.948+0000][1][safepoint    ] Safepoint "RevokeBias", Time since last: 465200 ns, Reaching safepoint: 115800 ns, At safepoint: 94600 ns, Total: 210400 ns
[2020-04-26T18:54:10.948+0000][1][safepoint    ] Safepoint "RevokeBias", Time since last: 164900 ns, Reaching safepoint: 115100 ns, At safepoint: 81100 ns, Total: 196200 ns
[2020-04-26T18:54:10.949+0000][1][safepoint    ] Safepoint "RevokeBias", Time since last: 147300 ns, Reaching safepoint: 110500 ns, At safepoint: 68400 ns, Total: 178900 ns
[2020-04-26T18:54:10.949+0000][1][safepoint    ] Safepoint "RevokeBias", Time since last: 141000 ns, Reaching safepoint: 109800 ns, At safepoint: 78400 ns, Total: 188200 ns
[2020-04-26T18:54:10.949+0000][1][safepoint    ] Safepoint "RevokeBias", Time since last: 127600 ns, Reaching safepoint: 115500 ns, At safepoint: 74000 ns, Total: 189500 ns
[2020-04-26T18:54:10.950+0000][1][safepoint    ] Safepoint "RevokeBias", Time since last: 135900 ns, Reaching safepoint: 109100 ns, At safepoint: 77200 ns, Total: 186300 ns
[2020-04-26T18:54:10.950+0000][1][safepoint    ] Safepoint "RevokeBias", Time since last: 132800 ns, Reaching safepoint: 26400 ns, At safepoint: 74900 ns, Total: 101300 ns
[2020-04-26T18:54:10.950+0000][1][safepoint    ] Safepoint "RevokeBias", Time since last: 133900 ns, Reaching safepoint: 107800 ns, At safepoint: 71800 ns, Total: 179600 ns
[2020-04-26T18:54:10.951+0000][1][safepoint    ] Safepoint "RevokeBias", Time since last: 130900 ns, Reaching safepoint: 105800 ns, At safepoint: 137500 ns, Total: 243300 ns
[2020-04-26T18:54:10.951+0000][1][safepoint    ] Safepoint "RevokeBias", Time since last: 142000 ns, Reaching safepoint: 169500 ns, At safepoint: 67200 ns, Total: 236700 ns
[2020-04-26T18:54:10.951+0000][1][safepoint    ] Safepoint "RevokeBias", Time since last: 134800 ns, Reaching safepoint: 108100 ns, At safepoint: 84800 ns, Total: 192900 ns
[2020-04-26T18:54:10.952+0000][1][safepoint    ] Safepoint "RevokeBias", Time since last: 128600 ns, Reaching safepoint: 106400 ns, At safepoint: 79000 ns, Total: 185400 ns
[2020-04-26T18:54:10.952+0000][1][safepoint    ] Safepoint "RevokeBias", Time since last: 122200 ns, Reaching safepoint: 109500 ns, At safepoint: 67100 ns, Total: 176600 ns
[2020-04-26T18:54:10.952+0000][1][safepoint    ] Safepoint "RevokeBias", Time since last: 132300 ns, Reaching safepoint: 109100 ns, At safepoint: 82800 ns, Total: 191900 ns
[2020-04-26T18:54:10.953+0000][1][safepoint    ] Safepoint "RevokeBias", Time since last: 150200 ns, Reaching safepoint: 108200 ns, At safepoint: 63900 ns, Total: 172100 ns
[2020-04-26T18:54:10.953+0000][1][safepoint    ] Safepoint "RevokeBias", Time since last: 130300 ns, Reaching safepoint: 111200 ns, At safepoint: 83800 ns, Total: 195000 ns
[2020-04-26T18:54:10.953+0000][1][safepoint    ] Safepoint "RevokeBias", Time since last: 121100 ns, Reaching safepoint: 108100 ns, At safepoint: 69400 ns, Total: 177500 ns
[2020-04-26T18:54:10.953+0000][1][safepoint    ] Safepoint "RevokeBias", Time since last: 111900 ns, Reaching safepoint: 24700 ns, At safepoint: 57400 ns, Total: 82100 ns
[2020-04-26T18:54:10.954+0000][1][safepoint    ] Safepoint "RevokeBias", Time since last: 134500 ns, Reaching safepoint: 508600 ns, At safepoint: 67500 ns, Total: 576100 ns
[2020-04-26T18:54:10.954+0000][1][safepoint    ] Safepoint "BulkRevokeBias", Time since last: 117000 ns, Reaching safepoint: 103800 ns, At safepoint: 110800 ns, Total: 214600 ns
[2020-04-26T18:54:10.955+0000][1][safepoint    ] Safepoint "RevokeBias", Time since last: 120500 ns, Reaching safepoint: 102900 ns, At safepoint: 65500 ns, Total: 168400 ns
[2020-04-26T18:54:10.955+0000][1][safepoint    ] Safepoint "RevokeBias", Time since last: 123600 ns, Reaching safepoint: 180200 ns, At safepoint: 58800 ns, Total: 239000 ns
[2020-04-26T18:54:10.955+0000][1][safepoint    ] Safepoint "RevokeBias", Time since last: 118400 ns, Reaching safepoint: 195300 ns, At safepoint: 62800 ns, Total: 258100 ns
[2020-04-26T18:54:10.956+0000][1][safepoint    ] Safepoint "RevokeBias", Time since last: 119900 ns, Reaching safepoint: 105000 ns, At safepoint: 64600 ns, Total: 169600 ns
[2020-04-26T18:54:10.956+0000][1][safepoint    ] Safepoint "RevokeBias", Time since last: 131600 ns, Reaching safepoint: 112200 ns, At safepoint: 78700 ns, Total: 190900 ns
[2020-04-26T18:54:10.956+0000][1][safepoint    ] Safepoint "RevokeBias", Time since last: 129100 ns, Reaching safepoint: 25700 ns, At safepoint: 57200 ns, Total: 82900 ns
[2020-04-26T18:54:10.957+0000][1][safepoint    ] Safepoint "RevokeBias", Time since last: 214800 ns, Reaching safepoint: 161100 ns, At safepoint: 69800 ns, Total: 230900 ns
[2020-04-26T18:54:10.957+0000][1][safepoint    ] Safepoint "RevokeBias", Time since last: 536400 ns, Reaching safepoint: 181100 ns, At safepoint: 58500 ns, Total: 239600 ns
[2020-04-26T18:54:10.958+0000][1][safepoint    ] Safepoint "RevokeBias", Time since last: 234200 ns, Reaching safepoint: 106200 ns, At safepoint: 55800 ns, Total: 162000 ns
[2020-04-26T18:54:10.958+0000][1][safepoint    ] Safepoint "RevokeBias", Time since last: 145900 ns, Reaching safepoint: 112400 ns, At safepoint: 55200 ns, Total: 167600 ns
[2020-04-26T18:54:10.961+0000][1][safepoint    ] Safepoint "RevokeBias", Time since last: 2802700 ns, Reaching safepoint: 31000 ns, At safepoint: 51900 ns, Total: 82900 ns
[2020-04-26T18:54:10.961+0000][1][safepoint    ] Safepoint "RevokeBias", Time since last: 131500 ns, Reaching safepoint: 25700 ns, At safepoint: 38300 ns, Total: 64000 ns
[2020-04-26T18:54:10.961+0000][1][safepoint    ] Safepoint "RevokeBias", Time since last: 141300 ns, Reaching safepoint: 22200 ns, At safepoint: 57000 ns, Total: 79200 ns
[2020-04-26T18:54:10.962+0000][1][safepoint    ] Safepoint "RevokeBias", Time since last: 137800 ns, Reaching safepoint: 24500 ns, At safepoint: 37000 ns, Total: 61500 ns
[2020-04-26T18:54:10.962+0000][1][safepoint    ] Safepoint "RevokeBias", Time since last: 144900 ns, Reaching safepoint: 22100 ns, At safepoint: 36800 ns, Total: 58900 ns
[2020-04-26T18:54:10.962+0000][1][safepoint    ] Safepoint "RevokeBias", Time since last: 137900 ns, Reaching safepoint: 24700 ns, At safepoint: 37100 ns, Total: 61800 ns
[2020-04-26T18:54:10.962+0000][1][safepoint    ] Safepoint "RevokeBias", Time since last: 141900 ns, Reaching safepoint: 21900 ns, At safepoint: 37000 ns, Total: 58900 ns
[2020-04-26T18:54:10.962+0000][1][safepoint    ] Safepoint "RevokeBias", Time since last: 142200 ns, Reaching safepoint: 22100 ns, At safepoint: 54200 ns, Total: 76300 ns
[2020-04-26T18:54:10.963+0000][1][safepoint    ] Safepoint "RevokeBias", Time since last: 139200 ns, Reaching safepoint: 24500 ns, At safepoint: 38300 ns, Total: 62800 ns
[2020-04-26T18:54:10.963+0000][1][safepoint    ] Safepoint "RevokeBias", Time since last: 140300 ns, Reaching safepoint: 22100 ns, At safepoint: 38800 ns, Total: 60900 ns
[2020-04-26T18:54:10.963+0000][1][safepoint    ] Safepoint "RevokeBias", Time since last: 137900 ns, Reaching safepoint: 22000 ns, At safepoint: 37400 ns, Total: 59400 ns
[2020-04-26T18:54:10.963+0000][1][safepoint    ] Safepoint "RevokeBias", Time since last: 136200 ns, Reaching safepoint: 24600 ns, At safepoint: 36500 ns, Total: 61100 ns
[2020-04-26T18:54:10.964+0000][1][safepoint    ] Safepoint "RevokeBias", Time since last: 175100 ns, Reaching safepoint: 29900 ns, At safepoint: 44000 ns, Total: 73900 ns
[2020-04-26T18:54:10.964+0000][1][safepoint    ] Safepoint "RevokeBias", Time since last: 153700 ns, Reaching safepoint: 29800 ns, At safepoint: 44800 ns, Total: 74600 ns
[2020-04-26T18:54:10.964+0000][1][safepoint    ] Safepoint "RevokeBias", Time since last: 164400 ns, Reaching safepoint: 29800 ns, At safepoint: 44700 ns, Total: 74500 ns
[2020-04-26T18:54:10.964+0000][1][safepoint    ] Safepoint "RevokeBias", Time since last: 243500 ns, Reaching safepoint: 29300 ns, At safepoint: 41400 ns, Total: 70700 ns
[2020-04-26T18:54:10.965+0000][1][safepoint    ] Safepoint "BulkRevokeBias", Time since last: 159500 ns, Reaching safepoint: 23100 ns, At safepoint: 63700 ns, Total: 86800 ns
[2020-04-26T18:54:10.965+0000][1][safepoint    ] Safepoint "RevokeBias", Time since last: 174300 ns, Reaching safepoint: 22700 ns, At safepoint: 35900 ns, Total: 58600 ns
[2020-04-26T18:54:10.965+0000][1][safepoint    ] Safepoint "RevokeBias", Time since last: 137800 ns, Reaching safepoint: 114600 ns, At safepoint: 45200 ns, Total: 159800 ns
[2020-04-26T18:54:10.965+0000][1][safepoint    ] Safepoint "RevokeBias", Time since last: 122100 ns, Reaching safepoint: 105800 ns, At safepoint: 45600 ns, Total: 151400 ns
[2020-04-26T18:54:10.966+0000][1][safepoint    ] Safepoint "RevokeBias", Time since last: 117400 ns, Reaching safepoint: 106700 ns, At safepoint: 48100 ns, Total: 154800 ns
[2020-04-26T18:54:10.966+0000][1][safepoint    ] Safepoint "RevokeBias", Time since last: 202500 ns, Reaching safepoint: 106100 ns, At safepoint: 65100 ns, Total: 171200 ns
[2020-04-26T18:54:10.966+0000][1][safepoint    ] Safepoint "RevokeBias", Time since last: 269900 ns, Reaching safepoint: 112900 ns, At safepoint: 75000 ns, Total: 187900 ns
[2020-04-26T18:54:10.967+0000][1][safepoint    ] Safepoint "RevokeBias", Time since last: 239000 ns, Reaching safepoint: 136000 ns, At safepoint: 81300 ns, Total: 217300 ns
[2020-04-26T18:54:10.967+0000][1][safepoint    ] Safepoint "RevokeBias", Time since last: 128800 ns, Reaching safepoint: 106200 ns, At safepoint: 50000 ns, Total: 156200 ns
[2020-04-26T18:54:10.967+0000][1][safepoint    ] Safepoint "RevokeBias", Time since last: 115600 ns, Reaching safepoint: 26600 ns, At safepoint: 79600 ns, Total: 106200 ns
[2020-04-26T18:54:10.968+0000][1][safepoint    ] Safepoint "RevokeBias", Time since last: 155500 ns, Reaching safepoint: 147500 ns, At safepoint: 61700 ns, Total: 209200 ns
[2020-04-26T18:54:10.969+0000][1][safepoint    ] Safepoint "RevokeBias", Time since last: 614100 ns, Reaching safepoint: 39800 ns, At safepoint: 57700 ns, Total: 97500 ns
[2020-04-26T18:54:10.969+0000][1][safepoint    ] Safepoint "RevokeBias", Time since last: 409400 ns, Reaching safepoint: 191800 ns, At safepoint: 58400 ns, Total: 250200 ns
[2020-04-26T18:54:10.970+0000][1][safepoint    ] Safepoint "RevokeBias", Time since last: 453700 ns, Reaching safepoint: 108900 ns, At safepoint: 51800 ns, Total: 160700 ns
[2020-04-26T18:54:10.970+0000][1][safepoint    ] Safepoint "RevokeBias", Time since last: 155800 ns, Reaching safepoint: 23900 ns, At safepoint: 39500 ns, Total: 63400 ns
[2020-04-26T18:54:10.971+0000][1][safepoint    ] Safepoint "RevokeBias", Time since last: 386200 ns, Reaching safepoint: 128000 ns, At safepoint: 62200 ns, Total: 190200 ns
[2020-04-26T18:54:10.972+0000][1][safepoint    ] Safepoint "RevokeBias", Time since last: 1352700 ns, Reaching safepoint: 197100 ns, At safepoint: 50500 ns, Total: 247600 ns
[2020-04-26T18:54:10.973+0000][1][safepoint    ] Safepoint "RevokeBias", Time since last: 144800 ns, Reaching safepoint: 112600 ns, At safepoint: 77800 ns, Total: 190400 ns
[2020-04-26T18:54:10.973+0000][1][safepoint    ] Safepoint "RevokeBias", Time since last: 121000 ns, Reaching safepoint: 110200 ns, At safepoint: 59100 ns, Total: 169300 ns
[2020-04-26T18:54:10.973+0000][1][safepoint    ] Safepoint "RevokeBias", Time since last: 140800 ns, Reaching safepoint: 111500 ns, At safepoint: 62500 ns, Total: 174000 ns
[2020-04-26T18:54:10.973+0000][1][safepoint    ] Safepoint "RevokeBias", Time since last: 162300 ns, Reaching safepoint: 122300 ns, At safepoint: 66100 ns, Total: 188400 ns
[2020-04-26T18:54:10.974+0000][1][safepoint    ] Safepoint "RevokeBias", Time since last: 119600 ns, Reaching safepoint: 146300 ns, At safepoint: 58900 ns, Total: 205200 ns
[2020-04-26T18:54:10.975+0000][1][safepoint    ] Safepoint "Deoptimize", Time since last: 425400 ns, Reaching safepoint: 26200 ns, At safepoint: 383000 ns, Total: 409200 ns
[2020-04-26T18:54:10.975+0000][1][safepoint    ] Safepoint "RevokeBias", Time since last: 272900 ns, Reaching safepoint: 223400 ns, At safepoint: 56000 ns, Total: 279400 ns
[2020-04-26T18:54:10.976+0000][1][safepoint    ] Safepoint "RevokeBias", Time since last: 649800 ns, Reaching safepoint: 118700 ns, At safepoint: 84800 ns, Total: 203500 ns
[2020-04-26T18:54:10.976+0000][1][safepoint    ] Safepoint "RevokeBias", Time since last: 135000 ns, Reaching safepoint: 118600 ns, At safepoint: 84600 ns, Total: 203200 ns
[2020-04-26T18:54:10.977+0000][1][safepoint    ] Safepoint "CollectForMetadataAllocation", Time since last: 134500 ns, Reaching safepoint: 502900 ns, At safepoint: 150500 ns, Total: 653400 ns
[2020-04-26T18:54:10.980+0000][1][safepoint    ] Safepoint "RevokeBias", Time since last: 2365600 ns, Reaching safepoint: 165400 ns, At safepoint: 133300 ns, Total: 298700 ns
[2020-04-26T18:54:10.980+0000][1][safepoint    ] Safepoint "RevokeBias", Time since last: 185300 ns, Reaching safepoint: 136600 ns, At safepoint: 115400 ns, Total: 252000 ns
[2020-04-26T18:54:10.981+0000][1][safepoint    ] Safepoint "RevokeBias", Time since last: 412600 ns, Reaching safepoint: 107400 ns, At safepoint: 74300 ns, Total: 181700 ns
[2020-04-26T18:54:10.997+0000][1][safepoint    ] Safepoint "CollectForMetadataAllocation", Time since last: 16172100 ns, Reaching safepoint: 85400 ns, At safepoint: 119800 ns, Total: 205200 ns
[2020-04-26T18:54:11.014+0000][1][safepoint    ] Safepoint "RevokeBias", Time since last: 16547300 ns, Reaching safepoint: 165100 ns, At safepoint: 48400 ns, Total: 213500 ns
[2020-04-26T18:54:11.017+0000][1][safepoint    ] Safepoint "RevokeBias", Time since last: 2944000 ns, Reaching safepoint: 34300 ns, At safepoint: 48500 ns, Total: 82800 ns
[2020-04-26T18:54:11.017+0000][1][safepoint    ] Safepoint "RevokeBias", Time since last: 203300 ns, Reaching safepoint: 26400 ns, At safepoint: 30500 ns, Total: 56900 ns
[2020-04-26T18:54:11.021+0000][1][safepoint    ] Safepoint "CollectForMetadataAllocation", Time since last: 3935400 ns, Reaching safepoint: 138200 ns, At safepoint: 130500 ns, Total: 268700 ns
[2020-04-26T18:54:11.022+0000][1][safepoint    ] Safepoint "RevokeBias", Time since last: 458900 ns, Reaching safepoint: 27000 ns, At safepoint: 90400 ns, Total: 117400 ns
[2020-04-26T18:54:11.023+0000][1][safepoint    ] Safepoint "RevokeBias", Time since last: 357900 ns, Reaching safepoint: 166300 ns, At safepoint: 59600 ns, Total: 225900 ns
[2020-04-26T18:54:11.033+0000][1][safepoint    ] Safepoint "RevokeBias", Time since last: 10529500 ns, Reaching safepoint: 42200 ns, At safepoint: 35600 ns, Total: 77800 ns
[2020-04-26T18:54:11.041+0000][1][safepoint    ] Safepoint "RevokeBias", Time since last: 7537300 ns, Reaching safepoint: 39100 ns, At safepoint: 32000 ns, Total: 71100 ns
[2020-04-26T18:54:11.048+0000][1][safepoint    ] Safepoint "CollectForMetadataAllocation", Time since last: 6703100 ns, Reaching safepoint: 37500 ns, At safepoint: 119300 ns, Total: 156800 ns
[2020-04-26T18:54:11.061+0000][1][safepoint    ] Safepoint "RevokeBias", Time since last: 12581500 ns, Reaching safepoint: 142400 ns, At safepoint: 66600 ns, Total: 209000 ns
[2020-04-26T18:54:11.075+0000][1][safepoint    ] Safepoint "RevokeBias", Time since last: 14812700 ns, Reaching safepoint: 47200 ns, At safepoint: 36200 ns, Total: 83400 ns
[2020-04-26T18:54:11.078+0000][1][safepoint    ] Safepoint "CollectForMetadataAllocation", Time since last: 2006900 ns, Reaching safepoint: 43200 ns, At safepoint: 106100 ns, Total: 149300 ns
[2020-04-26T18:54:11.090+0000][1][safepoint    ] Safepoint "BulkRevokeBias", Time since last: 11755500 ns, Reaching safepoint: 188500 ns, At safepoint: 102700 ns, Total: 291200 ns
[2020-04-26T18:54:11.101+0000][1][safepoint    ] Safepoint "CollectForMetadataAllocation", Time since last: 11146100 ns, Reaching safepoint: 78300 ns, At safepoint: 142200 ns, Total: 220500 ns
[2020-04-26T18:54:11.117+0000][1][safepoint    ] Safepoint "CollectForMetadataAllocation", Time since last: 16107800 ns, Reaching safepoint: 91900 ns, At safepoint: 185200 ns, Total: 277100 ns
[2020-04-26T18:54:11.141+0000][1][safepoint    ] Safepoint "CollectForMetadataAllocation", Time since last: 23446500 ns, Reaching safepoint: 286400 ns, At safepoint: 129800 ns, Total: 416200 ns
[2020-04-26T18:54:11.157+0000][1][safepoint    ] Safepoint "CollectForMetadataAllocation", Time since last: 15234700 ns, Reaching safepoint: 41300 ns, At safepoint: 118500 ns, Total: 159800 ns
[2020-04-26T18:54:11.172+0000][1][safepoint    ] Safepoint "CollectForMetadataAllocation", Time since last: 15156100 ns, Reaching safepoint: 39800 ns, At safepoint: 128800 ns, Total: 168600 ns
[2020-04-26T18:54:11.191+0000][1][safepoint    ] Safepoint "CollectForMetadataAllocation", Time since last: 19342800 ns, Reaching safepoint: 72500 ns, At safepoint: 100400 ns, Total: 172900 ns
[2020-04-26T18:54:11.212+0000][1][safepoint    ] Safepoint "CollectForMetadataAllocation", Time since last: 19944100 ns, Reaching safepoint: 32700 ns, At safepoint: 108700 ns, Total: 141400 ns
[2020-04-26T18:54:11.223+0000][1][safepoint    ] Safepoint "CollectForMetadataAllocation", Time since last: 11571800 ns, Reaching safepoint: 35300 ns, At safepoint: 73200 ns, Total: 108500 ns
[2020-04-26T18:54:11.236+0000][1][safepoint    ] Safepoint "CollectForMetadataAllocation", Time since last: 12433600 ns, Reaching safepoint: 120000 ns, At safepoint: 135800 ns, Total: 255800 ns
[2020-04-26T18:54:11.258+0000][1][safepoint    ] Safepoint "CollectForMetadataAllocation", Time since last: 22187600 ns, Reaching safepoint: 26800 ns, At safepoint: 127000 ns, Total: 153800 ns
[2020-04-26T18:54:11.258+0000][1][gc           ] GC(13) Concurrent Abortable Preclean 335.581ms
[2020-04-26T18:54:11.258+0000][1][gc,cpu       ] GC(13) User=1.48s Sys=0.05s Real=0.34s
[2020-04-26T18:54:11.259+0000][1][gc,start     ] GC(13) Pause Remark
[2020-04-26T18:54:11.269+0000][1][gc           ] GC(13) Pause Remark 133M->133M(494M) 9.998ms
[2020-04-26T18:54:11.269+0000][1][gc,cpu       ] GC(13) User=0.05s Sys=0.00s Real=0.01s
[2020-04-26T18:54:11.269+0000][1][safepoint    ] Safepoint "CMS_Final_Remark", Time since last: 165100 ns, Reaching safepoint: 100300 ns, At safepoint: 10097500 ns, Total: 10197800 ns
[2020-04-26T18:54:11.269+0000][1][gc           ] GC(13) Concurrent Sweep
[2020-04-26T18:54:11.282+0000][1][gc           ] GC(13) Concurrent Sweep 12.959ms
[2020-04-26T18:54:11.282+0000][1][gc,cpu       ] GC(13) User=0.05s Sys=0.00s Real=0.01s
[2020-04-26T18:54:11.282+0000][1][gc           ] GC(13) Concurrent Reset
[2020-04-26T18:54:11.282+0000][1][gc           ] GC(13) Concurrent Reset 0.432ms
[2020-04-26T18:54:11.282+0000][1][gc,cpu       ] GC(13) User=0.00s Sys=0.00s Real=0.00s
[2020-04-26T18:54:11.282+0000][1][gc,heap      ] GC(13) Old: 47166K->49673K(349568K)
[2020-04-26T18:54:11.601+0000][1][safepoint    ] Safepoint "RevokeBias", Time since last: 330936000 ns, Reaching safepoint: 1335700 ns, At safepoint: 60500 ns, Total: 1396200 ns
[2020-04-26T18:54:11.601+0000][1][safepoint    ] Safepoint "RevokeBias", Time since last: 165200 ns, Reaching safepoint: 99200 ns, At safepoint: 62600 ns, Total: 161800 ns
[2020-04-26T18:54:11.602+0000][1][safepoint    ] Safepoint "RevokeBias", Time since last: 156300 ns, Reaching safepoint: 96200 ns, At safepoint: 48700 ns, Total: 144900 ns
[2020-04-26T18:54:11.603+0000][1][safepoint    ] Safepoint "RevokeBias", Time since last: 1608800 ns, Reaching safepoint: 12300 ns, At safepoint: 36100 ns, Total: 48400 ns
[2020-04-26T18:54:11.633+0000][1][gc,start     ] GC(15) Pause Young (Allocation Failure)
[2020-04-26T18:54:11.634+0000][1][gc,task      ] GC(15) Using 10 workers of 10 for evacuation
[2020-04-26T18:54:11.640+0000][1][gc,age       ] GC(15) Desired survivor size 8945664 bytes, new threshold 3 (max threshold 6)
[2020-04-26T18:54:11.640+0000][1][gc,age       ] GC(15) Age table with threshold 3 (max threshold 6)
[2020-04-26T18:54:11.640+0000][1][gc,age       ] GC(15) - age   1:    3497728 bytes,    3497728 total
[2020-04-26T18:54:11.640+0000][1][gc,age       ] GC(15) - age   2:        152 bytes,    3497880 total
[2020-04-26T18:54:11.640+0000][1][gc,age       ] GC(15) - age   3:    6655936 bytes,   10153816 total
[2020-04-26T18:54:11.640+0000][1][gc,heap      ] GC(15) ParNew: 151929K->12267K(157248K)
[2020-04-26T18:54:11.640+0000][1][gc,heap      ] GC(15) CMS: 49673K->49673K(349568K)
[2020-04-26T18:54:11.640+0000][1][gc,metaspace ] GC(15) Metaspace: 62852K->62852K(1107968K)
[2020-04-26T18:54:11.640+0000][1][gc           ] GC(15) Pause Young (Allocation Failure) 196M->60M(494M) 6.944ms
[2020-04-26T18:54:11.640+0000][1][gc,cpu       ] GC(15) User=0.06s Sys=0.00s Real=0.01s
[2020-04-26T18:54:11.641+0000][1][safepoint    ] Safepoint "GenCollectForAllocation", Time since last: 29811400 ns, Reaching safepoint: 435900 ns, At safepoint: 7019100 ns, Total: 7455000 ns
[2020-04-26T18:54:11.749+0000][1][safepoint    ] Safepoint "Deoptimize", Time since last: 107722000 ns, Reaching safepoint: 38000 ns, At safepoint: 353600 ns, Total: 391600 ns
[2020-04-26T18:54:12.078+0000][1][safepoint    ] Safepoint "RevokeBias", Time since last: 328923600 ns, Reaching safepoint: 50300 ns, At safepoint: 30700 ns, Total: 81000 ns
[2020-04-26T18:54:12.105+0000][1][safepoint    ] Safepoint "Deoptimize", Time since last: 26701600 ns, Reaching safepoint: 25400 ns, At safepoint: 325300 ns, Total: 350700 ns
[2020-04-26T18:54:12.143+0000][1][safepoint    ] Safepoint "BulkRevokeBias", Time since last: 37782100 ns, Reaching safepoint: 165900 ns, At safepoint: 144100 ns, Total: 310000 ns
[2020-04-26T18:54:12.144+0000][1][safepoint    ] Safepoint "RevokeBias", Time since last: 847600 ns, Reaching safepoint: 152300 ns, At safepoint: 158800 ns, Total: 311100 ns
[2020-04-26T18:54:12.144+0000][1][safepoint    ] Safepoint "RevokeBias", Time since last: 439300 ns, Reaching safepoint: 17200 ns, At safepoint: 53400 ns, Total: 70600 ns
[2020-04-26T18:54:12.145+0000][1][safepoint    ] Safepoint "RevokeBias", Time since last: 124600 ns, Reaching safepoint: 13300 ns, At safepoint: 57400 ns, Total: 70700 ns
[2020-04-26T18:54:12.145+0000][1][safepoint    ] Safepoint "RevokeBias", Time since last: 218000 ns, Reaching safepoint: 13400 ns, At safepoint: 33700 ns, Total: 47100 ns
[2020-04-26T18:54:12.145+0000][1][safepoint    ] Safepoint "RevokeBias", Time since last: 229500 ns, Reaching safepoint: 10800 ns, At safepoint: 33100 ns, Total: 43900 ns
[2020-04-26T18:54:12.145+0000][1][safepoint    ] Safepoint "RevokeBias", Time since last: 184300 ns, Reaching safepoint: 12100 ns, At safepoint: 35100 ns, Total: 47200 ns
[2020-04-26T18:54:12.146+0000][1][safepoint    ] Safepoint "RevokeBias", Time since last: 120800 ns, Reaching safepoint: 12400 ns, At safepoint: 33800 ns, Total: 46200 ns
[2020-04-26T18:54:12.147+0000][1][safepoint    ] Safepoint "RevokeBias", Time since last: 965900 ns, Reaching safepoint: 14800 ns, At safepoint: 34800 ns, Total: 49600 ns
[2020-04-26T18:54:12.147+0000][1][safepoint    ] Safepoint "RevokeBias", Time since last: 190800 ns, Reaching safepoint: 12300 ns, At safepoint: 51300 ns, Total: 63600 ns
[2020-04-26T18:54:12.149+0000][1][safepoint    ] Safepoint "Deoptimize", Time since last: 1731400 ns, Reaching safepoint: 14900 ns, At safepoint: 379300 ns, Total: 394200 ns
[2020-04-26T18:54:12.149+0000][1][safepoint    ] Safepoint "RevokeBias", Time since last: 361500 ns, Reaching safepoint: 11100 ns, At safepoint: 28800 ns, Total: 39900 ns
[2020-04-26T18:54:12.216+0000][1][safepoint    ] Safepoint "Deoptimize", Time since last: 66280200 ns, Reaching safepoint: 44600 ns, At safepoint: 342300 ns, Total: 386900 ns
[2020-04-26T18:54:12.283+0000][1][safepoint    ] Safepoint "Deoptimize", Time since last: 66792800 ns, Reaching safepoint: 63700 ns, At safepoint: 507500 ns, Total: 571200 ns
[2020-04-26T18:54:12.418+0000][1][safepoint    ] Safepoint "RevokeBias", Time since last: 134490200 ns, Reaching safepoint: 150700 ns, At safepoint: 73400 ns, Total: 224100 ns
[2020-04-26T18:54:12.439+0000][1][safepoint    ] Safepoint "RevokeBias", Time since last: 19725500 ns, Reaching safepoint: 910700 ns, At safepoint: 67600 ns, Total: 978300 ns
[2020-04-26T18:54:12.439+0000][1][safepoint    ] Safepoint "RevokeBias", Time since last: 233300 ns, Reaching safepoint: 100600 ns, At safepoint: 58600 ns, Total: 159200 ns
[2020-04-26T18:54:12.440+0000][1][safepoint    ] Safepoint "RevokeBias", Time since last: 207900 ns, Reaching safepoint: 106000 ns, At safepoint: 44800 ns, Total: 150800 ns
[2020-04-26T18:54:12.440+0000][1][safepoint    ] Safepoint "RevokeBias", Time since last: 164500 ns, Reaching safepoint: 97500 ns, At safepoint: 44200 ns, Total: 141700 ns
[2020-04-26T18:54:12.440+0000][1][safepoint    ] Safepoint "RevokeBias", Time since last: 190200 ns, Reaching safepoint: 97400 ns, At safepoint: 45700 ns, Total: 143100 ns
[2020-04-26T18:54:12.441+0000][1][safepoint    ] Safepoint "RevokeBias", Time since last: 186700 ns, Reaching safepoint: 97000 ns, At safepoint: 45000 ns, Total: 142000 ns
[2020-04-26T18:54:12.441+0000][1][safepoint    ] Safepoint "RevokeBias", Time since last: 186100 ns, Reaching safepoint: 10700 ns, At safepoint: 49200 ns, Total: 59900 ns
[2020-04-26T18:54:12.441+0000][1][safepoint    ] Safepoint "RevokeBias", Time since last: 150000 ns, Reaching safepoint: 13200 ns, At safepoint: 31300 ns, Total: 44500 ns
[2020-04-26T18:54:12.441+0000][1][safepoint    ] Safepoint "RevokeBias", Time since last: 190400 ns, Reaching safepoint: 10600 ns, At safepoint: 30300 ns, Total: 40900 ns
[2020-04-26T18:54:12.441+0000][1][safepoint    ] Safepoint "RevokeBias", Time since last: 172400 ns, Reaching safepoint: 10600 ns, At safepoint: 30700 ns, Total: 41300 ns
[2020-04-26T18:54:12.442+0000][1][safepoint    ] Safepoint "RevokeBias", Time since last: 169800 ns, Reaching safepoint: 10600 ns, At safepoint: 31600 ns, Total: 42200 ns
[2020-04-26T18:54:12.442+0000][1][safepoint    ] Safepoint "RevokeBias", Time since last: 164600 ns, Reaching safepoint: 9600 ns, At safepoint: 26800 ns, Total: 36400 ns
[2020-04-26T18:54:12.442+0000][1][safepoint    ] Safepoint "RevokeBias", Time since last: 164800 ns, Reaching safepoint: 9400 ns, At safepoint: 26100 ns, Total: 35500 ns
[2020-04-26T18:54:12.442+0000][1][safepoint    ] Safepoint "RevokeBias", Time since last: 163400 ns, Reaching safepoint: 9500 ns, At safepoint: 26400 ns, Total: 35900 ns
[2020-04-26T18:54:12.443+0000][1][safepoint    ] Safepoint "RevokeBias", Time since last: 383800 ns, Reaching safepoint: 130100 ns, At safepoint: 80500 ns, Total: 210600 ns
[2020-04-26T18:54:12.444+0000][1][safepoint    ] Safepoint "RevokeBias", Time since last: 912800 ns, Reaching safepoint: 15200 ns, At safepoint: 29900 ns, Total: 45100 ns
[2020-04-26T18:54:12.445+0000][1][safepoint    ] Safepoint "RevokeBias", Time since last: 847800 ns, Reaching safepoint: 12100 ns, At safepoint: 31400 ns, Total: 43500 ns
[2020-04-26T18:54:12.446+0000][1][safepoint    ] Safepoint "RevokeBias", Time since last: 1131600 ns, Reaching safepoint: 13200 ns, At safepoint: 30200 ns, Total: 43400 ns
[2020-04-26T18:54:12.446+0000][1][safepoint    ] Safepoint "RevokeBias", Time since last: 325400 ns, Reaching safepoint: 12600 ns, At safepoint: 30100 ns, Total: 42700 ns
[2020-04-26T18:54:12.447+0000][1][safepoint    ] Safepoint "RevokeBias", Time since last: 813200 ns, Reaching safepoint: 304600 ns, At safepoint: 85900 ns, Total: 390500 ns
[2020-04-26T18:54:12.448+0000][1][safepoint    ] Safepoint "RevokeBias", Time since last: 168700 ns, Reaching safepoint: 105600 ns, At safepoint: 111200 ns, Total: 216800 ns
[2020-04-26T18:54:12.448+0000][1][safepoint    ] Safepoint "RevokeBias", Time since last: 91300 ns, Reaching safepoint: 369200 ns, At safepoint: 112300 ns, Total: 481500 ns
[2020-04-26T18:54:12.449+0000][1][safepoint    ] Safepoint "RevokeBias", Time since last: 193400 ns, Reaching safepoint: 237200 ns, At safepoint: 110000 ns, Total: 347200 ns
[2020-04-26T18:54:12.450+0000][1][safepoint    ] Safepoint "RevokeBias", Time since last: 121900 ns, Reaching safepoint: 575600 ns, At safepoint: 103900 ns, Total: 679500 ns
[2020-04-26T18:54:12.450+0000][1][safepoint    ] Safepoint "RevokeBias", Time since last: 218700 ns, Reaching safepoint: 330600 ns, At safepoint: 156000 ns, Total: 486600 ns
[2020-04-26T18:54:12.451+0000][1][safepoint    ] Safepoint "RevokeBias", Time since last: 157400 ns, Reaching safepoint: 275200 ns, At safepoint: 110300 ns, Total: 385500 ns
[2020-04-26T18:54:12.451+0000][1][safepoint    ] Safepoint "RevokeBias", Time since last: 60500 ns, Reaching safepoint: 277900 ns, At safepoint: 124900 ns, Total: 402800 ns
[2020-04-26T18:54:12.452+0000][1][safepoint    ] Safepoint "RevokeBias", Time since last: 125000 ns, Reaching safepoint: 293600 ns, At safepoint: 110600 ns, Total: 404200 ns
[2020-04-26T18:54:12.452+0000][1][safepoint    ] Safepoint "RevokeBias", Time since last: 54300 ns, Reaching safepoint: 317100 ns, At safepoint: 105200 ns, Total: 422300 ns
[2020-04-26T18:54:12.453+0000][1][safepoint    ] Safepoint "RevokeBias", Time since last: 119800 ns, Reaching safepoint: 249700 ns, At safepoint: 123200 ns, Total: 372900 ns
[2020-04-26T18:54:12.453+0000][1][safepoint    ] Safepoint "RevokeBias", Time since last: 116200 ns, Reaching safepoint: 270100 ns, At safepoint: 121300 ns, Total: 391400 ns
[2020-04-26T18:54:12.454+0000][1][safepoint    ] Safepoint "RevokeBias", Time since last: 66700 ns, Reaching safepoint: 314000 ns, At safepoint: 94800 ns, Total: 408800 ns
[2020-04-26T18:54:12.454+0000][1][safepoint    ] Safepoint "RevokeBias", Time since last: 103500 ns, Reaching safepoint: 247300 ns, At safepoint: 91000 ns, Total: 338300 ns
[2020-04-26T18:54:12.455+0000][1][safepoint    ] Safepoint "RevokeBias", Time since last: 119400 ns, Reaching safepoint: 283800 ns, At safepoint: 110000 ns, Total: 393800 ns
[2020-04-26T18:54:12.456+0000][1][safepoint    ] Safepoint "RevokeBias", Time since last: 125600 ns, Reaching safepoint: 507400 ns, At safepoint: 80600 ns, Total: 588000 ns
[2020-04-26T18:54:12.458+0000][1][safepoint    ] Safepoint "BulkRevokeBias", Time since last: 101800 ns, Reaching safepoint: 2583400 ns, At safepoint: 155500 ns, Total: 2738900 ns
[2020-04-26T18:54:12.459+0000][1][safepoint    ] Safepoint "RevokeBias", Time since last: 193600 ns, Reaching safepoint: 128100 ns, At safepoint: 200600 ns, Total: 328700 ns
[2020-04-26T18:54:12.459+0000][1][safepoint    ] Safepoint "RevokeBias", Time since last: 38600 ns, Reaching safepoint: 303000 ns, At safepoint: 137400 ns, Total: 440400 ns
[2020-04-26T18:54:12.460+0000][1][safepoint    ] Safepoint "RevokeBias", Time since last: 234700 ns, Reaching safepoint: 178000 ns, At safepoint: 81900 ns, Total: 259900 ns
[2020-04-26T18:54:12.460+0000][1][safepoint    ] Safepoint "RevokeBias", Time since last: 139400 ns, Reaching safepoint: 260700 ns, At safepoint: 57800 ns, Total: 318500 ns
[2020-04-26T18:54:12.461+0000][1][safepoint    ] Safepoint "RevokeBias", Time since last: 123500 ns, Reaching safepoint: 94200 ns, At safepoint: 36300 ns, Total: 130500 ns
[2020-04-26T18:54:12.461+0000][1][safepoint    ] Safepoint "RevokeBias", Time since last: 159100 ns, Reaching safepoint: 10300 ns, At safepoint: 29500 ns, Total: 39800 ns
[2020-04-26T18:54:12.461+0000][1][safepoint    ] Safepoint "RevokeBias", Time since last: 628800 ns, Reaching safepoint: 10300 ns, At safepoint: 26200 ns, Total: 36500 ns
[2020-04-26T18:54:12.462+0000][1][safepoint    ] Safepoint "RevokeBias", Time since last: 211000 ns, Reaching safepoint: 9600 ns, At safepoint: 25700 ns, Total: 35300 ns
[2020-04-26T18:54:12.462+0000][1][safepoint    ] Safepoint "RevokeBias", Time since last: 143900 ns, Reaching safepoint: 9300 ns, At safepoint: 25700 ns, Total: 35000 ns
[2020-04-26T18:54:12.462+0000][1][safepoint    ] Safepoint "RevokeBias", Time since last: 186400 ns, Reaching safepoint: 9400 ns, At safepoint: 25600 ns, Total: 35000 ns
[2020-04-26T18:54:12.462+0000][1][safepoint    ] Safepoint "RevokeBias", Time since last: 142300 ns, Reaching safepoint: 9400 ns, At safepoint: 25200 ns, Total: 34600 ns
[2020-04-26T18:54:12.463+0000][1][safepoint    ] Safepoint "BulkRevokeBias", Time since last: 129700 ns, Reaching safepoint: 9500 ns, At safepoint: 57900 ns, Total: 67400 ns
[2020-04-26T18:54:12.468+0000][1][safepoint    ] Safepoint "RevokeBias", Time since last: 5378200 ns, Reaching safepoint: 98400 ns, At safepoint: 75100 ns, Total: 173500 ns
[2020-04-26T18:54:12.469+0000][1][safepoint    ] Safepoint "RevokeBias", Time since last: 180200 ns, Reaching safepoint: 217100 ns, At safepoint: 101200 ns, Total: 318300 ns
[2020-04-26T18:54:12.469+0000][1][safepoint    ] Safepoint "RevokeBias", Time since last: 150900 ns, Reaching safepoint: 167800 ns, At safepoint: 106900 ns, Total: 274700 ns
[2020-04-26T18:54:12.470+0000][1][safepoint    ] Safepoint "RevokeBias", Time since last: 701200 ns, Reaching safepoint: 103400 ns, At safepoint: 70700 ns, Total: 174100 ns
[2020-04-26T18:54:12.470+0000][1][safepoint    ] Safepoint "RevokeBias", Time since last: 134300 ns, Reaching safepoint: 97800 ns, At safepoint: 69800 ns, Total: 167600 ns
[2020-04-26T18:54:12.470+0000][1][safepoint    ] Safepoint "RevokeBias", Time since last: 134400 ns, Reaching safepoint: 99800 ns, At safepoint: 55500 ns, Total: 155300 ns
[2020-04-26T18:54:12.471+0000][1][safepoint    ] Safepoint "RevokeBias", Time since last: 392600 ns, Reaching safepoint: 102300 ns, At safepoint: 56900 ns, Total: 159200 ns
[2020-04-26T18:54:12.472+0000][1][safepoint    ] Safepoint "RevokeBias", Time since last: 370800 ns, Reaching safepoint: 100800 ns, At safepoint: 57200 ns, Total: 158000 ns
[2020-04-26T18:54:12.473+0000][1][safepoint    ] Safepoint "RevokeBias", Time since last: 1663600 ns, Reaching safepoint: 143300 ns, At safepoint: 116300 ns, Total: 259600 ns
[2020-04-26T18:54:12.474+0000][1][safepoint    ] Safepoint "RevokeBias", Time since last: 724200 ns, Reaching safepoint: 153700 ns, At safepoint: 94900 ns, Total: 248600 ns
[2020-04-26T18:54:12.475+0000][1][safepoint    ] Safepoint "RevokeBias", Time since last: 156500 ns, Reaching safepoint: 96900 ns, At safepoint: 57000 ns, Total: 153900 ns
[2020-04-26T18:54:12.475+0000][1][safepoint    ] Safepoint "RevokeBias", Time since last: 197000 ns, Reaching safepoint: 98900 ns, At safepoint: 71300 ns, Total: 170200 ns
[2020-04-26T18:54:12.476+0000][1][safepoint    ] Safepoint "RevokeBias", Time since last: 774700 ns, Reaching safepoint: 98000 ns, At safepoint: 57800 ns, Total: 155800 ns
[2020-04-26T18:54:12.476+0000][1][safepoint    ] Safepoint "RevokeBias", Time since last: 138800 ns, Reaching safepoint: 96100 ns, At safepoint: 56600 ns, Total: 152700 ns
[2020-04-26T18:54:12.477+0000][1][safepoint    ] Safepoint "RevokeBias", Time since last: 155500 ns, Reaching safepoint: 94700 ns, At safepoint: 55800 ns, Total: 150500 ns
[2020-04-26T18:54:12.477+0000][1][safepoint    ] Safepoint "RevokeBias", Time since last: 144800 ns, Reaching safepoint: 95900 ns, At safepoint: 42300 ns, Total: 138200 ns
[2020-04-26T18:54:12.477+0000][1][safepoint    ] Safepoint "RevokeBias", Time since last: 160700 ns, Reaching safepoint: 8700 ns, At safepoint: 40300 ns, Total: 49000 ns
[2020-04-26T18:54:12.477+0000][1][safepoint    ] Safepoint "RevokeBias", Time since last: 153300 ns, Reaching safepoint: 90500 ns, At safepoint: 40900 ns, Total: 131400 ns
[2020-04-26T18:54:12.478+0000][1][safepoint    ] Safepoint "RevokeBias", Time since last: 175600 ns, Reaching safepoint: 90800 ns, At safepoint: 41000 ns, Total: 131800 ns
[2020-04-26T18:54:12.478+0000][1][safepoint    ] Safepoint "RevokeBias", Time since last: 121500 ns, Reaching safepoint: 100200 ns, At safepoint: 17500 ns, Total: 117700 ns
[2020-04-26T18:54:12.478+0000][1][safepoint    ] Safepoint "RevokeBias", Time since last: 114600 ns, Reaching safepoint: 9400 ns, At safepoint: 27300 ns, Total: 36700 ns
[2020-04-26T18:54:12.479+0000][1][safepoint    ] Safepoint "RevokeBias", Time since last: 947900 ns, Reaching safepoint: 17600 ns, At safepoint: 47800 ns, Total: 65400 ns
[2020-04-26T18:54:12.479+0000][1][safepoint    ] Safepoint "RevokeBias", Time since last: 147700 ns, Reaching safepoint: 104600 ns, At safepoint: 60100 ns, Total: 164700 ns
[2020-04-26T18:54:12.480+0000][1][safepoint    ] Safepoint "RevokeBias", Time since last: 125300 ns, Reaching safepoint: 95000 ns, At safepoint: 64900 ns, Total: 159900 ns
[2020-04-26T18:54:12.480+0000][1][safepoint    ] Safepoint "RevokeBias", Time since last: 245700 ns, Reaching safepoint: 98800 ns, At safepoint: 104600 ns, Total: 203400 ns
[2020-04-26T18:54:12.480+0000][1][safepoint    ] Safepoint "RevokeBias", Time since last: 32400 ns, Reaching safepoint: 100500 ns, At safepoint: 97300 ns, Total: 197800 ns
[2020-04-26T18:54:12.483+0000][1][gc,heap,exit ] Heap
[2020-04-26T18:54:12.483+0000][1][gc,heap,exit ]  par new generation   total 157248K, used 148525K [0x00000000e0000000, 0x00000000eaaa0000, 0x00000000eaaa0000)
[2020-04-26T18:54:12.483+0000][1][gc,heap,exit ]   eden space 139776K,  97% used [0x00000000e0000000, 0x00000000e8510998, 0x00000000e8880000)
[2020-04-26T18:54:12.483+0000][1][gc,heap,exit ]   from space 17472K,  70% used [0x00000000e8880000, 0x00000000e947ad20, 0x00000000e9990000)
[2020-04-26T18:54:12.483+0000][1][gc,heap,exit ]   to   space 17472K,   0% used [0x00000000e9990000, 0x00000000e9990000, 0x00000000eaaa0000)
[2020-04-26T18:54:12.483+0000][1][gc,heap,exit ]  concurrent mark-sweep generation total 349568K, used 49673K [0x00000000eaaa0000, 0x0000000100000000, 0x0000000100000000)
[2020-04-26T18:54:12.483+0000][1][gc,heap,exit ]  Metaspace       used 73720K, capacity 79667K, committed 79736K, reserved 1118208K
[2020-04-26T18:54:12.483+0000][1][gc,heap,exit ]   class space    used 9954K, capacity 12411K, committed 12416K, reserved 1048576K
