[2020-04-26T18:53:09.134+0000][1][gc] Using Concurrent Mark Sweep
[2020-04-26T18:53:09.134+0000][1][gc,heap,coops] Heap address: 0x00000000e0000000, size: 512 MB, Compressed Oops mode: 32-bit
[2020-04-26T18:53:09.176+0000][1][safepoint    ] Safepoint "EnableBiasedLocking", Time since last: 32913900 ns, Reaching safepoint: 173600 ns, At safepoint: 96900 ns, Total: 270500 ns
[2020-04-26T18:53:09.179+0000][1][safepoint    ] Safepoint "RevokeBias", Time since last: 2901400 ns, Reaching safepoint: 125100 ns, At safepoint: 82100 ns, Total: 207200 ns
[2020-04-26T18:53:09.190+0000][1][safepoint    ] Safepoint "Deoptimize", Time since last: 10719000 ns, Reaching safepoint: 16300 ns, At safepoint: 40100 ns, Total: 56400 ns
[2020-04-26T18:53:09.298+0000][1][safepoint    ] Safepoint "RevokeBias", Time since last: 108491100 ns, Reaching safepoint: 39500 ns, At safepoint: 53200 ns, Total: 92700 ns
[2020-04-26T18:53:09.299+0000][1][safepoint    ] Safepoint "Deoptimize", Time since last: 1077600 ns, Reaching safepoint: 5900 ns, At safepoint: 42500 ns, Total: 48400 ns
[2020-04-26T18:53:09.300+0000][1][safepoint    ] Safepoint "Deoptimize", Time since last: 999800 ns, Reaching safepoint: 5300 ns, At safepoint: 36200 ns, Total: 41500 ns
[2020-04-26T18:53:09.330+0000][1][safepoint    ] Safepoint "Deoptimize", Time since last: 29239500 ns, Reaching safepoint: 14700 ns, At safepoint: 48700 ns, Total: 63400 ns
[2020-04-26T18:53:09.607+0000][1][safepoint    ] Safepoint "Deoptimize", Time since last: 277342600 ns, Reaching safepoint: 50300 ns, At safepoint: 76900 ns, Total: 127200 ns
[2020-04-26T18:53:09.662+0000][1][safepoint    ] Safepoint "Deoptimize", Time since last: 54898900 ns, Reaching safepoint: 30300 ns, At safepoint: 94900 ns, Total: 125200 ns
[2020-04-26T18:53:09.910+0000][1][safepoint    ] Safepoint "Deoptimize", Time since last: 247681300 ns, Reaching safepoint: 67300 ns, At safepoint: 111000 ns, Total: 178300 ns
[2020-04-26T18:53:10.177+0000][1][safepoint    ] Safepoint "Deoptimize", Time since last: 267198900 ns, Reaching safepoint: 36100 ns, At safepoint: 114300 ns, Total: 150400 ns
[2020-04-26T18:53:10.244+0000][1][safepoint    ] Safepoint "RevokeBias", Time since last: 66768100 ns, Reaching safepoint: 26100 ns, At safepoint: 79100 ns, Total: 105200 ns
[2020-04-26T18:53:10.346+0000][1][safepoint    ] Safepoint "Deoptimize", Time since last: 101693100 ns, Reaching safepoint: 49200 ns, At safepoint: 199400 ns, Total: 248600 ns
[2020-04-26T18:53:10.445+0000][1][safepoint    ] Safepoint "Deoptimize", Time since last: 98892800 ns, Reaching safepoint: 64200 ns, At safepoint: 187600 ns, Total: 251800 ns
[2020-04-26T18:53:10.446+0000][1][safepoint    ] Safepoint "Deoptimize", Time since last: 281400 ns, Reaching safepoint: 9800 ns, At safepoint: 164700 ns, Total: 174500 ns
[2020-04-26T18:53:10.497+0000][1][safepoint    ] Safepoint "Deoptimize", Time since last: 51172400 ns, Reaching safepoint: 20700 ns, At safepoint: 133700 ns, Total: 154400 ns
[2020-04-26T18:53:10.499+0000][1][safepoint    ] Safepoint "Deoptimize", Time since last: 1815300 ns, Reaching safepoint: 12000 ns, At safepoint: 126100 ns, Total: 138100 ns
[2020-04-26T18:53:10.508+0000][1][safepoint    ] Safepoint "RevokeBias", Time since last: 8960800 ns, Reaching safepoint: 104800 ns, At safepoint: 52200 ns, Total: 157000 ns
[2020-04-26T18:53:10.509+0000][1][safepoint    ] Safepoint "RevokeBias", Time since last: 200500 ns, Reaching safepoint: 88500 ns, At safepoint: 45500 ns, Total: 134000 ns
[2020-04-26T18:53:10.509+0000][1][safepoint    ] Safepoint "RevokeBias", Time since last: 133500 ns, Reaching safepoint: 91100 ns, At safepoint: 47000 ns, Total: 138100 ns
[2020-04-26T18:53:10.509+0000][1][safepoint    ] Safepoint "RevokeBias", Time since last: 171800 ns, Reaching safepoint: 93400 ns, At safepoint: 84000 ns, Total: 177400 ns
[2020-04-26T18:53:10.509+0000][1][safepoint    ] Safepoint "RevokeBias", Time since last: 87000 ns, Reaching safepoint: 124300 ns, At safepoint: 62900 ns, Total: 187200 ns
[2020-04-26T18:53:10.510+0000][1][safepoint    ] Safepoint "RevokeBias", Time since last: 41200 ns, Reaching safepoint: 5600 ns, At safepoint: 40500 ns, Total: 46100 ns
[2020-04-26T18:53:10.515+0000][1][safepoint    ] Safepoint "Deoptimize", Time since last: 5699300 ns, Reaching safepoint: 14100 ns, At safepoint: 135000 ns, Total: 149100 ns
[2020-04-26T18:53:10.784+0000][1][safepoint    ] Safepoint "RevokeBias", Time since last: 268234000 ns, Reaching safepoint: 31000 ns, At safepoint: 33700 ns, Total: 64700 ns
[2020-04-26T18:53:10.929+0000][1][safepoint    ] Safepoint "Deoptimize", Time since last: 144914700 ns, Reaching safepoint: 190700 ns, At safepoint: 276800 ns, Total: 467500 ns
[2020-04-26T18:53:11.011+0000][1][safepoint    ] Safepoint "Deoptimize", Time since last: 81860500 ns, Reaching safepoint: 48500 ns, At safepoint: 201400 ns, Total: 249900 ns
[2020-04-26T18:53:11.089+0000][1][safepoint    ] Safepoint "RevokeBias", Time since last: 78062800 ns, Reaching safepoint: 46700 ns, At safepoint: 37800 ns, Total: 84500 ns
[2020-04-26T18:53:11.276+0000][1][gc,start     ] GC(0) Pause Young (Allocation Failure)
[2020-04-26T18:53:11.277+0000][1][gc,task      ] GC(0) Using 10 workers of 10 for evacuation
[2020-04-26T18:53:11.282+0000][1][gc,age       ] GC(0) Desired survivor size 8945664 bytes, new threshold 1 (max threshold 6)
[2020-04-26T18:53:11.283+0000][1][gc,age       ] GC(0) Age table with threshold 1 (max threshold 6)
[2020-04-26T18:53:11.283+0000][1][gc,age       ] GC(0) - age   1:   10346088 bytes,   10346088 total
[2020-04-26T18:53:11.283+0000][1][gc,heap      ] GC(0) ParNew: 139776K->10230K(157248K)
[2020-04-26T18:53:11.283+0000][1][gc,heap      ] GC(0) CMS: 0K->0K(349568K)
[2020-04-26T18:53:11.283+0000][1][gc,metaspace ] GC(0) Metaspace: 17215K->17215K(1064960K)
[2020-04-26T18:53:11.283+0000][1][gc           ] GC(0) Pause Young (Allocation Failure) 136M->9M(494M) 6.994ms
[2020-04-26T18:53:11.283+0000][1][gc,cpu       ] GC(0) User=0.06s Sys=0.00s Real=0.01s
[2020-04-26T18:53:11.283+0000][1][safepoint    ] Safepoint "GenCollectForAllocation", Time since last: 186205700 ns, Reaching safepoint: 68000 ns, At safepoint: 7077500 ns, Total: 7145500 ns
[2020-04-26T18:53:11.283+0000][1][safepoint    ] Safepoint "RevokeBias", Time since last: 352000 ns, Reaching safepoint: 129700 ns, At safepoint: 102200 ns, Total: 231900 ns
[2020-04-26T18:53:11.284+0000][1][safepoint    ] Safepoint "RevokeBias", Time since last: 114100 ns, Reaching safepoint: 120400 ns, At safepoint: 96400 ns, Total: 216800 ns
[2020-04-26T18:53:11.284+0000][1][safepoint    ] Safepoint "RevokeBias", Time since last: 124400 ns, Reaching safepoint: 116600 ns, At safepoint: 122700 ns, Total: 239300 ns
[2020-04-26T18:53:11.284+0000][1][safepoint    ] Safepoint "RevokeBias", Time since last: 174300 ns, Reaching safepoint: 123400 ns, At safepoint: 119100 ns, Total: 242500 ns
[2020-04-26T18:53:11.285+0000][1][safepoint    ] Safepoint "RevokeBias", Time since last: 112200 ns, Reaching safepoint: 11800 ns, At safepoint: 59400 ns, Total: 71200 ns
[2020-04-26T18:53:11.285+0000][1][safepoint    ] Safepoint "RevokeBias", Time since last: 106000 ns, Reaching safepoint: 118500 ns, At safepoint: 88800 ns, Total: 207300 ns
[2020-04-26T18:53:11.285+0000][1][safepoint    ] Safepoint "RevokeBias", Time since last: 249500 ns, Reaching safepoint: 9400 ns, At safepoint: 59100 ns, Total: 68500 ns
[2020-04-26T18:53:11.285+0000][1][safepoint    ] Safepoint "RevokeBias", Time since last: 93500 ns, Reaching safepoint: 98500 ns, At safepoint: 55500 ns, Total: 154000 ns
[2020-04-26T18:53:11.286+0000][1][safepoint    ] Safepoint "RevokeBias", Time since last: 95600 ns, Reaching safepoint: 105800 ns, At safepoint: 90800 ns, Total: 196600 ns
[2020-04-26T18:53:11.286+0000][1][safepoint    ] Safepoint "RevokeBias", Time since last: 107800 ns, Reaching safepoint: 108000 ns, At safepoint: 88700 ns, Total: 196700 ns
[2020-04-26T18:53:11.286+0000][1][safepoint    ] Safepoint "RevokeBias", Time since last: 103900 ns, Reaching safepoint: 100000 ns, At safepoint: 75200 ns, Total: 175200 ns
[2020-04-26T18:53:11.287+0000][1][safepoint    ] Safepoint "RevokeBias", Time since last: 96200 ns, Reaching safepoint: 98200 ns, At safepoint: 72000 ns, Total: 170200 ns
[2020-04-26T18:53:11.287+0000][1][safepoint    ] Safepoint "RevokeBias", Time since last: 155100 ns, Reaching safepoint: 129800 ns, At safepoint: 91200 ns, Total: 221000 ns
[2020-04-26T18:53:11.287+0000][1][safepoint    ] Safepoint "RevokeBias", Time since last: 99400 ns, Reaching safepoint: 10700 ns, At safepoint: 57900 ns, Total: 68600 ns
[2020-04-26T18:53:11.287+0000][1][safepoint    ] Safepoint "RevokeBias", Time since last: 235900 ns, Reaching safepoint: 97900 ns, At safepoint: 55500 ns, Total: 153400 ns
[2020-04-26T18:53:11.288+0000][1][safepoint    ] Safepoint "RevokeBias", Time since last: 103900 ns, Reaching safepoint: 110200 ns, At safepoint: 85300 ns, Total: 195500 ns
[2020-04-26T18:53:11.288+0000][1][safepoint    ] Safepoint "RevokeBias", Time since last: 119800 ns, Reaching safepoint: 112800 ns, At safepoint: 82000 ns, Total: 194800 ns
[2020-04-26T18:53:11.288+0000][1][safepoint    ] Safepoint "RevokeBias", Time since last: 99600 ns, Reaching safepoint: 93200 ns, At safepoint: 75500 ns, Total: 168700 ns
[2020-04-26T18:53:11.289+0000][1][safepoint    ] Safepoint "RevokeBias", Time since last: 147300 ns, Reaching safepoint: 115100 ns, At safepoint: 114300 ns, Total: 229400 ns
[2020-04-26T18:53:11.289+0000][1][safepoint    ] Safepoint "RevokeBias", Time since last: 100000 ns, Reaching safepoint: 10900 ns, At safepoint: 41300 ns, Total: 52200 ns
[2020-04-26T18:53:11.289+0000][1][safepoint    ] Safepoint "RevokeBias", Time since last: 103300 ns, Reaching safepoint: 94600 ns, At safepoint: 78000 ns, Total: 172600 ns
[2020-04-26T18:53:11.289+0000][1][safepoint    ] Safepoint "RevokeBias", Time since last: 97800 ns, Reaching safepoint: 94600 ns, At safepoint: 60000 ns, Total: 154600 ns
[2020-04-26T18:53:11.290+0000][1][safepoint    ] Safepoint "RevokeBias", Time since last: 97400 ns, Reaching safepoint: 89400 ns, At safepoint: 47800 ns, Total: 137200 ns
[2020-04-26T18:53:11.290+0000][1][safepoint    ] Safepoint "RevokeBias", Time since last: 78400 ns, Reaching safepoint: 88800 ns, At safepoint: 46600 ns, Total: 135400 ns
[2020-04-26T18:53:11.290+0000][1][safepoint    ] Safepoint "RevokeBias", Time since last: 82800 ns, Reaching safepoint: 89000 ns, At safepoint: 61100 ns, Total: 150100 ns
[2020-04-26T18:53:11.290+0000][1][safepoint    ] Safepoint "RevokeBias", Time since last: 82200 ns, Reaching safepoint: 89100 ns, At safepoint: 62800 ns, Total: 151900 ns
[2020-04-26T18:53:11.291+0000][1][safepoint    ] Safepoint "RevokeBias", Time since last: 84600 ns, Reaching safepoint: 89600 ns, At safepoint: 49500 ns, Total: 139100 ns
[2020-04-26T18:53:11.291+0000][1][safepoint    ] Safepoint "RevokeBias", Time since last: 79600 ns, Reaching safepoint: 95000 ns, At safepoint: 49300 ns, Total: 144300 ns
[2020-04-26T18:53:11.291+0000][1][safepoint    ] Safepoint "RevokeBias", Time since last: 86300 ns, Reaching safepoint: 88900 ns, At safepoint: 60700 ns, Total: 149600 ns
[2020-04-26T18:53:11.291+0000][1][safepoint    ] Safepoint "RevokeBias", Time since last: 79700 ns, Reaching safepoint: 88800 ns, At safepoint: 48700 ns, Total: 137500 ns
[2020-04-26T18:53:11.291+0000][1][safepoint    ] Safepoint "RevokeBias", Time since last: 90900 ns, Reaching safepoint: 89300 ns, At safepoint: 52500 ns, Total: 141800 ns
[2020-04-26T18:53:11.292+0000][1][safepoint    ] Safepoint "RevokeBias", Time since last: 80300 ns, Reaching safepoint: 92400 ns, At safepoint: 64600 ns, Total: 157000 ns
[2020-04-26T18:53:11.292+0000][1][safepoint    ] Safepoint "RevokeBias", Time since last: 96500 ns, Reaching safepoint: 101800 ns, At safepoint: 59600 ns, Total: 161400 ns
[2020-04-26T18:53:11.292+0000][1][safepoint    ] Safepoint "RevokeBias", Time since last: 83300 ns, Reaching safepoint: 95700 ns, At safepoint: 53300 ns, Total: 149000 ns
[2020-04-26T18:53:11.292+0000][1][safepoint    ] Safepoint "RevokeBias", Time since last: 101400 ns, Reaching safepoint: 94300 ns, At safepoint: 51500 ns, Total: 145800 ns
[2020-04-26T18:53:11.293+0000][1][safepoint    ] Safepoint "RevokeBias", Time since last: 80000 ns, Reaching safepoint: 96300 ns, At safepoint: 63100 ns, Total: 159400 ns
[2020-04-26T18:53:11.293+0000][1][safepoint    ] Safepoint "RevokeBias", Time since last: 107800 ns, Reaching safepoint: 93100 ns, At safepoint: 48900 ns, Total: 142000 ns
[2020-04-26T18:53:11.293+0000][1][safepoint    ] Safepoint "RevokeBias", Time since last: 79300 ns, Reaching safepoint: 93700 ns, At safepoint: 51300 ns, Total: 145000 ns
[2020-04-26T18:53:11.294+0000][1][safepoint    ] Safepoint "BulkRevokeBias", Time since last: 156800 ns, Reaching safepoint: 111100 ns, At safepoint: 98200 ns, Total: 209300 ns
[2020-04-26T18:53:11.294+0000][1][safepoint    ] Safepoint "BulkRevokeBias", Time since last: 90000 ns, Reaching safepoint: 115300 ns, At safepoint: 86100 ns, Total: 201400 ns
[2020-04-26T18:53:11.301+0000][1][safepoint    ] Safepoint "RevokeBias", Time since last: 7146600 ns, Reaching safepoint: 59900 ns, At safepoint: 81900 ns, Total: 141800 ns
[2020-04-26T18:53:11.303+0000][1][safepoint    ] Safepoint "RevokeBias", Time since last: 2215100 ns, Reaching safepoint: 16700 ns, At safepoint: 44700 ns, Total: 61400 ns
[2020-04-26T18:53:11.606+0000][1][gc,start     ] GC(1) Pause Young (Allocation Failure)
[2020-04-26T18:53:11.606+0000][1][gc,task      ] GC(1) Using 10 workers of 10 for evacuation
[2020-04-26T18:53:11.625+0000][1][gc,age       ] GC(1) Desired survivor size 8945664 bytes, new threshold 6 (max threshold 6)
[2020-04-26T18:53:11.625+0000][1][gc,age       ] GC(1) Age table with threshold 6 (max threshold 6)
[2020-04-26T18:53:11.625+0000][1][gc,age       ] GC(1) - age   1:    1640992 bytes,    1640992 total
[2020-04-26T18:53:11.625+0000][1][gc,heap      ] GC(1) ParNew: 150006K->7078K(157248K)
[2020-04-26T18:53:11.625+0000][1][gc,heap      ] GC(1) CMS: 0K->9529K(349568K)
[2020-04-26T18:53:11.625+0000][1][gc,metaspace ] GC(1) Metaspace: 18550K->18550K(1067008K)
[2020-04-26T18:53:11.625+0000][1][gc           ] GC(1) Pause Young (Allocation Failure) 146M->16M(494M) 19.122ms
[2020-04-26T18:53:11.625+0000][1][gc,cpu       ] GC(1) User=0.11s Sys=0.08s Real=0.02s
[2020-04-26T18:53:11.625+0000][1][safepoint    ] Safepoint "GenCollectForAllocation", Time since last: 302570200 ns, Reaching safepoint: 66100 ns, At safepoint: 19237900 ns, Total: 19304000 ns
[2020-04-26T18:53:11.626+0000][1][safepoint    ] Safepoint "RevokeBias", Time since last: 305700 ns, Reaching safepoint: 192300 ns, At safepoint: 71500 ns, Total: 263800 ns
[2020-04-26T18:53:11.626+0000][1][safepoint    ] Safepoint "RevokeBias", Time since last: 106500 ns, Reaching safepoint: 104200 ns, At safepoint: 77700 ns, Total: 181900 ns
[2020-04-26T18:53:11.627+0000][1][safepoint    ] Safepoint "RevokeBias", Time since last: 338000 ns, Reaching safepoint: 109500 ns, At safepoint: 80400 ns, Total: 189900 ns
[2020-04-26T18:53:11.627+0000][1][safepoint    ] Safepoint "RevokeBias", Time since last: 112700 ns, Reaching safepoint: 97800 ns, At safepoint: 73100 ns, Total: 170900 ns
[2020-04-26T18:53:11.627+0000][1][safepoint    ] Safepoint "RevokeBias", Time since last: 114800 ns, Reaching safepoint: 123800 ns, At safepoint: 88300 ns, Total: 212100 ns
[2020-04-26T18:53:11.628+0000][1][safepoint    ] Safepoint "RevokeBias", Time since last: 106400 ns, Reaching safepoint: 98900 ns, At safepoint: 70200 ns, Total: 169100 ns
[2020-04-26T18:53:11.628+0000][1][safepoint    ] Safepoint "RevokeBias", Time since last: 100200 ns, Reaching safepoint: 102600 ns, At safepoint: 79600 ns, Total: 182200 ns
[2020-04-26T18:53:11.628+0000][1][safepoint    ] Safepoint "RevokeBias", Time since last: 95100 ns, Reaching safepoint: 112400 ns, At safepoint: 73000 ns, Total: 185400 ns
[2020-04-26T18:53:11.628+0000][1][safepoint    ] Safepoint "RevokeBias", Time since last: 92600 ns, Reaching safepoint: 114900 ns, At safepoint: 84600 ns, Total: 199500 ns
[2020-04-26T18:53:11.629+0000][1][safepoint    ] Safepoint "RevokeBias", Time since last: 123900 ns, Reaching safepoint: 113800 ns, At safepoint: 104300 ns, Total: 218100 ns
[2020-04-26T18:53:11.629+0000][1][safepoint    ] Safepoint "RevokeBias", Time since last: 107400 ns, Reaching safepoint: 99500 ns, At safepoint: 70100 ns, Total: 169600 ns
[2020-04-26T18:53:11.629+0000][1][safepoint    ] Safepoint "RevokeBias", Time since last: 117400 ns, Reaching safepoint: 18600 ns, At safepoint: 94700 ns, Total: 113300 ns
[2020-04-26T18:53:11.630+0000][1][safepoint    ] Safepoint "RevokeBias", Time since last: 109100 ns, Reaching safepoint: 106100 ns, At safepoint: 101400 ns, Total: 207500 ns
[2020-04-26T18:53:11.630+0000][1][safepoint    ] Safepoint "RevokeBias", Time since last: 121400 ns, Reaching safepoint: 100000 ns, At safepoint: 84100 ns, Total: 184100 ns
[2020-04-26T18:53:11.630+0000][1][safepoint    ] Safepoint "RevokeBias", Time since last: 112000 ns, Reaching safepoint: 107400 ns, At safepoint: 91500 ns, Total: 198900 ns
[2020-04-26T18:53:11.630+0000][1][safepoint    ] Safepoint "RevokeBias", Time since last: 132200 ns, Reaching safepoint: 108400 ns, At safepoint: 81200 ns, Total: 189600 ns
[2020-04-26T18:53:11.631+0000][1][safepoint    ] Safepoint "RevokeBias", Time since last: 109600 ns, Reaching safepoint: 95900 ns, At safepoint: 80200 ns, Total: 176100 ns
[2020-04-26T18:53:11.631+0000][1][safepoint    ] Safepoint "RevokeBias", Time since last: 113100 ns, Reaching safepoint: 96700 ns, At safepoint: 78700 ns, Total: 175400 ns
[2020-04-26T18:53:11.631+0000][1][safepoint    ] Safepoint "RevokeBias", Time since last: 100600 ns, Reaching safepoint: 108500 ns, At safepoint: 83800 ns, Total: 192300 ns
[2020-04-26T18:53:11.632+0000][1][safepoint    ] Safepoint "RevokeBias", Time since last: 116500 ns, Reaching safepoint: 100300 ns, At safepoint: 89800 ns, Total: 190100 ns
[2020-04-26T18:53:11.632+0000][1][safepoint    ] Safepoint "RevokeBias", Time since last: 109500 ns, Reaching safepoint: 100600 ns, At safepoint: 86800 ns, Total: 187400 ns
[2020-04-26T18:53:11.632+0000][1][safepoint    ] Safepoint "RevokeBias", Time since last: 152600 ns, Reaching safepoint: 99500 ns, At safepoint: 102900 ns, Total: 202400 ns
[2020-04-26T18:53:11.633+0000][1][safepoint    ] Safepoint "RevokeBias", Time since last: 114700 ns, Reaching safepoint: 120000 ns, At safepoint: 79400 ns, Total: 199400 ns
[2020-04-26T18:53:11.633+0000][1][safepoint    ] Safepoint "RevokeBias", Time since last: 144700 ns, Reaching safepoint: 106800 ns, At safepoint: 76600 ns, Total: 183400 ns
[2020-04-26T18:53:11.633+0000][1][safepoint    ] Safepoint "RevokeBias", Time since last: 101400 ns, Reaching safepoint: 101500 ns, At safepoint: 86200 ns, Total: 187700 ns
[2020-04-26T18:53:11.875+0000][1][gc,start     ] GC(2) Pause Young (Allocation Failure)
[2020-04-26T18:53:11.875+0000][1][gc,task      ] GC(2) Using 10 workers of 10 for evacuation
[2020-04-26T18:53:11.876+0000][1][gc,age       ] GC(2) Desired survivor size 8945664 bytes, new threshold 6 (max threshold 6)
[2020-04-26T18:53:11.876+0000][1][gc,age       ] GC(2) Age table with threshold 6 (max threshold 6)
[2020-04-26T18:53:11.876+0000][1][gc,age       ] GC(2) - age   1:    1711520 bytes,    1711520 total
[2020-04-26T18:53:11.876+0000][1][gc,age       ] GC(2) - age   2:    1592896 bytes,    3304416 total
[2020-04-26T18:53:11.876+0000][1][gc,heap      ] GC(2) ParNew: 146854K->4390K(157248K)
[2020-04-26T18:53:11.876+0000][1][gc,heap      ] GC(2) CMS: 9529K->9529K(349568K)
[2020-04-26T18:53:11.876+0000][1][gc,metaspace ] GC(2) Metaspace: 19058K->19058K(1067008K)
[2020-04-26T18:53:11.876+0000][1][gc           ] GC(2) Pause Young (Allocation Failure) 152M->13M(494M) 1.645ms
[2020-04-26T18:53:11.876+0000][1][gc,cpu       ] GC(2) User=0.00s Sys=0.01s Real=0.00s
[2020-04-26T18:53:11.876+0000][1][safepoint    ] Safepoint "GenCollectForAllocation", Time since last: 241372500 ns, Reaching safepoint: 54000 ns, At safepoint: 1697300 ns, Total: 1751300 ns
[2020-04-26T18:53:11.877+0000][1][safepoint    ] Safepoint "BulkRevokeBias", Time since last: 216000 ns, Reaching safepoint: 153200 ns, At safepoint: 195700 ns, Total: 348900 ns
[2020-04-26T18:53:11.877+0000][1][safepoint    ] Safepoint "RevokeBias", Time since last: 204500 ns, Reaching safepoint: 141300 ns, At safepoint: 128500 ns, Total: 269800 ns
[2020-04-26T18:53:11.878+0000][1][safepoint    ] Safepoint "RevokeBias", Time since last: 170000 ns, Reaching safepoint: 33900 ns, At safepoint: 87000 ns, Total: 120900 ns
[2020-04-26T18:53:11.878+0000][1][safepoint    ] Safepoint "RevokeBias", Time since last: 112300 ns, Reaching safepoint: 111300 ns, At safepoint: 160100 ns, Total: 271400 ns
[2020-04-26T18:53:11.879+0000][1][safepoint    ] Safepoint "RevokeBias", Time since last: 124800 ns, Reaching safepoint: 166900 ns, At safepoint: 233800 ns, Total: 400700 ns
[2020-04-26T18:53:11.879+0000][1][safepoint    ] Safepoint "RevokeBias", Time since last: 172600 ns, Reaching safepoint: 121500 ns, At safepoint: 113400 ns, Total: 234900 ns
[2020-04-26T18:53:11.879+0000][1][safepoint    ] Safepoint "RevokeBias", Time since last: 172200 ns, Reaching safepoint: 123400 ns, At safepoint: 114200 ns, Total: 237600 ns
[2020-04-26T18:53:11.880+0000][1][safepoint    ] Safepoint "RevokeBias", Time since last: 170800 ns, Reaching safepoint: 123200 ns, At safepoint: 107400 ns, Total: 230600 ns
[2020-04-26T18:53:11.880+0000][1][safepoint    ] Safepoint "RevokeBias", Time since last: 173500 ns, Reaching safepoint: 138000 ns, At safepoint: 116200 ns, Total: 254200 ns
[2020-04-26T18:53:11.881+0000][1][safepoint    ] Safepoint "RevokeBias", Time since last: 175400 ns, Reaching safepoint: 120300 ns, At safepoint: 94700 ns, Total: 215000 ns
[2020-04-26T18:53:11.892+0000][1][safepoint    ] Safepoint "Deoptimize", Time since last: 11108000 ns, Reaching safepoint: 19800 ns, At safepoint: 198200 ns, Total: 218000 ns
[2020-04-26T18:53:11.929+0000][1][safepoint    ] Safepoint "Deoptimize", Time since last: 36742700 ns, Reaching safepoint: 33100 ns, At safepoint: 296100 ns, Total: 329200 ns
[2020-04-26T18:53:12.108+0000][1][gc,start     ] GC(3) Pause Young (Allocation Failure)
[2020-04-26T18:53:12.108+0000][1][gc,task      ] GC(3) Using 10 workers of 10 for evacuation
[2020-04-26T18:53:12.112+0000][1][gc,age       ] GC(3) Desired survivor size 8945664 bytes, new threshold 6 (max threshold 6)
[2020-04-26T18:53:12.112+0000][1][gc,age       ] GC(3) Age table with threshold 6 (max threshold 6)
[2020-04-26T18:53:12.112+0000][1][gc,age       ] GC(3) - age   1:    3627056 bytes,    3627056 total
[2020-04-26T18:53:12.112+0000][1][gc,age       ] GC(3) - age   2:    1690152 bytes,    5317208 total
[2020-04-26T18:53:12.112+0000][1][gc,age       ] GC(3) - age   3:    1588872 bytes,    6906080 total
[2020-04-26T18:53:12.112+0000][1][gc,heap      ] GC(3) ParNew: 144166K->7582K(157248K)
[2020-04-26T18:53:12.112+0000][1][gc,heap      ] GC(3) CMS: 9529K->9529K(349568K)
[2020-04-26T18:53:12.112+0000][1][gc,metaspace ] GC(3) Metaspace: 19527K->19527K(1067008K)
[2020-04-26T18:53:12.112+0000][1][gc           ] GC(3) Pause Young (Allocation Failure) 150M->16M(494M) 4.001ms
[2020-04-26T18:53:12.112+0000][1][gc,cpu       ] GC(3) User=0.05s Sys=0.01s Real=0.01s
[2020-04-26T18:53:12.112+0000][1][safepoint    ] Safepoint "GenCollectForAllocation", Time since last: 178641600 ns, Reaching safepoint: 49000 ns, At safepoint: 4084000 ns, Total: 4133000 ns
[2020-04-26T18:53:12.112+0000][1][safepoint    ] Safepoint "RevokeBias", Time since last: 163000 ns, Reaching safepoint: 96200 ns, At safepoint: 67100 ns, Total: 163300 ns
[2020-04-26T18:53:12.112+0000][1][safepoint    ] Safepoint "RevokeBias", Time since last: 83000 ns, Reaching safepoint: 99000 ns, At safepoint: 78300 ns, Total: 177300 ns
[2020-04-26T18:53:12.113+0000][1][safepoint    ] Safepoint "RevokeBias", Time since last: 114100 ns, Reaching safepoint: 102800 ns, At safepoint: 67600 ns, Total: 170400 ns
[2020-04-26T18:53:12.113+0000][1][safepoint    ] Safepoint "BulkRevokeBias", Time since last: 81900 ns, Reaching safepoint: 88500 ns, At safepoint: 80300 ns, Total: 168800 ns
[2020-04-26T18:53:12.113+0000][1][safepoint    ] Safepoint "BulkRevokeBias", Time since last: 84800 ns, Reaching safepoint: 98400 ns, At safepoint: 89400 ns, Total: 187800 ns
[2020-04-26T18:53:12.303+0000][1][gc,start     ] GC(4) Pause Young (Allocation Failure)
[2020-04-26T18:53:12.303+0000][1][gc,task      ] GC(4) Using 10 workers of 10 for evacuation
[2020-04-26T18:53:12.307+0000][1][gc,age       ] GC(4) Desired survivor size 8945664 bytes, new threshold 6 (max threshold 6)
[2020-04-26T18:53:12.307+0000][1][gc,age       ] GC(4) Age table with threshold 6 (max threshold 6)
[2020-04-26T18:53:12.307+0000][1][gc,age       ] GC(4) - age   1:    2520712 bytes,    2520712 total
[2020-04-26T18:53:12.307+0000][1][gc,age       ] GC(4) - age   2:    2368952 bytes,    4889664 total
[2020-04-26T18:53:12.307+0000][1][gc,age       ] GC(4) - age   3:    1689472 bytes,    6579136 total
[2020-04-26T18:53:12.307+0000][1][gc,age       ] GC(4) - age   4:    1588512 bytes,    8167648 total
[2020-04-26T18:53:12.307+0000][1][gc,heap      ] GC(4) ParNew: 147358K->10479K(157248K)
[2020-04-26T18:53:12.307+0000][1][gc,heap      ] GC(4) CMS: 9529K->9529K(349568K)
[2020-04-26T18:53:12.307+0000][1][gc,metaspace ] GC(4) Metaspace: 19785K->19785K(1067008K)
[2020-04-26T18:53:12.307+0000][1][gc           ] GC(4) Pause Young (Allocation Failure) 153M->19M(494M) 4.244ms
[2020-04-26T18:53:12.307+0000][1][gc,cpu       ] GC(4) User=0.03s Sys=0.00s Real=0.00s
[2020-04-26T18:53:12.307+0000][1][safepoint    ] Safepoint "GenCollectForAllocation", Time since last: 189871600 ns, Reaching safepoint: 34800 ns, At safepoint: 4298400 ns, Total: 4333200 ns
[2020-04-26T18:53:12.372+0000][1][safepoint    ] Safepoint "CollectForMetadataAllocation", Time since last: 63985500 ns, Reaching safepoint: 21400 ns, At safepoint: 118100 ns, Total: 139500 ns
[2020-04-26T18:53:12.388+0000][1][safepoint    ] Safepoint "CollectForMetadataAllocation", Time since last: 15454800 ns, Reaching safepoint: 162300 ns, At safepoint: 381900 ns, Total: 544200 ns
[2020-04-26T18:53:12.526+0000][1][gc,start     ] GC(5) Pause Young (Allocation Failure)
[2020-04-26T18:53:12.526+0000][1][gc,task      ] GC(5) Using 10 workers of 10 for evacuation
[2020-04-26T18:53:12.530+0000][1][gc,age       ] GC(5) Desired survivor size 8945664 bytes, new threshold 6 (max threshold 6)
[2020-04-26T18:53:12.530+0000][1][gc,age       ] GC(5) Age table with threshold 6 (max threshold 6)
[2020-04-26T18:53:12.530+0000][1][gc,age       ] GC(5) - age   1:    1571944 bytes,    1571944 total
[2020-04-26T18:53:12.530+0000][1][gc,age       ] GC(5) - age   2:     525728 bytes,    2097672 total
[2020-04-26T18:53:12.530+0000][1][gc,age       ] GC(5) - age   3:    2368520 bytes,    4466192 total
[2020-04-26T18:53:12.530+0000][1][gc,age       ] GC(5) - age   4:    1689544 bytes,    6155736 total
[2020-04-26T18:53:12.530+0000][1][gc,age       ] GC(5) - age   5:    1588536 bytes,    7744272 total
[2020-04-26T18:53:12.530+0000][1][gc,heap      ] GC(5) ParNew: 150255K->9849K(157248K)
[2020-04-26T18:53:12.530+0000][1][gc,heap      ] GC(5) CMS: 9529K->9529K(349568K)
[2020-04-26T18:53:12.530+0000][1][gc,metaspace ] GC(5) Metaspace: 20730K->20730K(1069056K)
[2020-04-26T18:53:12.530+0000][1][gc           ] GC(5) Pause Young (Allocation Failure) 156M->18M(494M) 3.638ms
[2020-04-26T18:53:12.530+0000][1][gc,cpu       ] GC(5) User=0.04s Sys=0.00s Real=0.01s
[2020-04-26T18:53:12.530+0000][1][safepoint    ] Safepoint "GenCollectForAllocation", Time since last: 138793600 ns, Reaching safepoint: 59700 ns, At safepoint: 3830800 ns, Total: 3890500 ns
[2020-04-26T18:53:12.531+0000][1][gc,start     ] GC(6) Pause Initial Mark
[2020-04-26T18:53:12.532+0000][1][gc           ] GC(6) Pause Initial Mark 21M->21M(494M) 0.763ms
[2020-04-26T18:53:12.532+0000][1][gc,cpu       ] GC(6) User=0.01s Sys=0.00s Real=0.00s
[2020-04-26T18:53:12.532+0000][1][safepoint    ] Safepoint "CMS_Initial_Mark", Time since last: 412200 ns, Reaching safepoint: 148900 ns, At safepoint: 856400 ns, Total: 1005300 ns
[2020-04-26T18:53:12.532+0000][1][gc           ] GC(6) Concurrent Mark
[2020-04-26T18:53:12.532+0000][1][gc,task      ] GC(6) Using 3 workers of 3 for marking
[2020-04-26T18:53:12.539+0000][1][gc           ] GC(6) Concurrent Mark 7.228ms
[2020-04-26T18:53:12.539+0000][1][gc,cpu       ] GC(6) User=0.05s Sys=0.00s Real=0.01s
[2020-04-26T18:53:12.539+0000][1][gc           ] GC(6) Concurrent Preclean
[2020-04-26T18:53:12.540+0000][1][gc           ] GC(6) Concurrent Preclean 0.617ms
[2020-04-26T18:53:12.540+0000][1][gc,cpu       ] GC(6) User=0.00s Sys=0.00s Real=0.00s
[2020-04-26T18:53:12.540+0000][1][gc           ] GC(6) Concurrent Abortable Preclean
[2020-04-26T18:53:12.584+0000][1][safepoint    ] Safepoint "CollectForMetadataAllocation", Time since last: 52617500 ns, Reaching safepoint: 29200 ns, At safepoint: 115100 ns, Total: 144300 ns
[2020-04-26T18:53:12.686+0000][1][gc,start     ] GC(7) Pause Young (Allocation Failure)
[2020-04-26T18:53:12.686+0000][1][gc,task      ] GC(7) Using 10 workers of 10 for evacuation
[2020-04-26T18:53:12.690+0000][1][gc,age       ] GC(7) Desired survivor size 8945664 bytes, new threshold 6 (max threshold 6)
[2020-04-26T18:53:12.690+0000][1][gc,age       ] GC(7) Age table with threshold 6 (max threshold 6)
[2020-04-26T18:53:12.690+0000][1][gc,age       ] GC(7) - age   1:     445592 bytes,     445592 total
[2020-04-26T18:53:12.690+0000][1][gc,age       ] GC(7) - age   2:     797768 bytes,    1243360 total
[2020-04-26T18:53:12.690+0000][1][gc,age       ] GC(7) - age   3:     525808 bytes,    1769168 total
[2020-04-26T18:53:12.690+0000][1][gc,age       ] GC(7) - age   4:    2368400 bytes,    4137568 total
[2020-04-26T18:53:12.690+0000][1][gc,age       ] GC(7) - age   5:    1689568 bytes,    5827136 total
[2020-04-26T18:53:12.690+0000][1][gc,age       ] GC(7) - age   6:    1588512 bytes,    7415648 total
[2020-04-26T18:53:12.690+0000][1][gc,heap      ] GC(7) ParNew: 149625K->11321K(157248K)
[2020-04-26T18:53:12.690+0000][1][gc,heap      ] GC(7) CMS: 9529K->9529K(349568K)
[2020-04-26T18:53:12.690+0000][1][gc,metaspace ] GC(7) Metaspace: 20911K->20911K(1069056K)
[2020-04-26T18:53:12.690+0000][1][gc           ] GC(7) Pause Young (Allocation Failure) 155M->20M(494M) 3.832ms
[2020-04-26T18:53:12.690+0000][1][gc,cpu       ] GC(7) User=0.03s Sys=0.00s Real=0.01s
[2020-04-26T18:53:12.690+0000][1][safepoint    ] Safepoint "GenCollectForAllocation", Time since last: 101968900 ns, Reaching safepoint: 29700 ns, At safepoint: 4048100 ns, Total: 4077800 ns
[2020-04-26T18:53:12.690+0000][1][gc           ] GC(6) Concurrent Abortable Preclean 150.811ms
[2020-04-26T18:53:12.691+0000][1][gc,cpu       ] GC(6) User=0.60s Sys=0.00s Real=0.15s
[2020-04-26T18:53:12.691+0000][1][gc,start     ] GC(6) Pause Remark
[2020-04-26T18:53:12.700+0000][1][gc           ] GC(6) Pause Remark 23M->23M(494M) 9.107ms
[2020-04-26T18:53:12.700+0000][1][gc,cpu       ] GC(6) User=0.02s Sys=0.00s Real=0.01s
[2020-04-26T18:53:12.700+0000][1][safepoint    ] Safepoint "CMS_Final_Remark", Time since last: 472900 ns, Reaching safepoint: 180900 ns, At safepoint: 9201500 ns, Total: 9382400 ns
[2020-04-26T18:53:12.700+0000][1][gc           ] GC(6) Concurrent Sweep
[2020-04-26T18:53:12.703+0000][1][gc           ] GC(6) Concurrent Sweep 2.512ms
[2020-04-26T18:53:12.703+0000][1][gc,cpu       ] GC(6) User=0.00s Sys=0.00s Real=0.00s
[2020-04-26T18:53:12.703+0000][1][gc           ] GC(6) Concurrent Reset
[2020-04-26T18:53:12.703+0000][1][gc           ] GC(6) Concurrent Reset 0.457ms
[2020-04-26T18:53:12.703+0000][1][gc,cpu       ] GC(6) User=0.01s Sys=0.00s Real=0.00s
[2020-04-26T18:53:12.703+0000][1][gc,heap      ] GC(6) Old: 9529K->9526K(349568K)
[2020-04-26T18:53:12.829+0000][1][gc,start     ] GC(8) Pause Young (Allocation Failure)
[2020-04-26T18:53:12.829+0000][1][gc,task      ] GC(8) Using 10 workers of 10 for evacuation
[2020-04-26T18:53:12.833+0000][1][gc,age       ] GC(8) Desired survivor size 8945664 bytes, new threshold 6 (max threshold 6)
[2020-04-26T18:53:12.833+0000][1][gc,age       ] GC(8) Age table with threshold 6 (max threshold 6)
[2020-04-26T18:53:12.833+0000][1][gc,age       ] GC(8) - age   1:    1120096 bytes,    1120096 total
[2020-04-26T18:53:12.833+0000][1][gc,age       ] GC(8) - age   2:     401792 bytes,    1521888 total
[2020-04-26T18:53:12.833+0000][1][gc,age       ] GC(8) - age   3:     797664 bytes,    2319552 total
[2020-04-26T18:53:12.833+0000][1][gc,age       ] GC(8) - age   4:     525680 bytes,    2845232 total
[2020-04-26T18:53:12.833+0000][1][gc,age       ] GC(8) - age   5:    2368712 bytes,    5213944 total
[2020-04-26T18:53:12.833+0000][1][gc,age       ] GC(8) - age   6:    1689464 bytes,    6903408 total
[2020-04-26T18:53:12.833+0000][1][gc,heap      ] GC(8) ParNew: 151097K->9536K(157248K)
[2020-04-26T18:53:12.833+0000][1][gc,heap      ] GC(8) CMS: 9526K->11092K(349568K)
[2020-04-26T18:53:12.833+0000][1][gc,metaspace ] GC(8) Metaspace: 21024K->21024K(1069056K)
[2020-04-26T18:53:12.833+0000][1][gc           ] GC(8) Pause Young (Allocation Failure) 156M->20M(494M) 3.928ms
[2020-04-26T18:53:12.833+0000][1][gc,cpu       ] GC(8) User=0.03s Sys=0.00s Real=0.00s
[2020-04-26T18:53:12.833+0000][1][safepoint    ] Safepoint "GenCollectForAllocation", Time since last: 128786300 ns, Reaching safepoint: 266500 ns, At safepoint: 3999900 ns, Total: 4266400 ns
[2020-04-26T18:53:12.877+0000][1][safepoint    ] Safepoint "Deoptimize", Time since last: 43000600 ns, Reaching safepoint: 21900 ns, At safepoint: 218700 ns, Total: 240600 ns
[2020-04-26T18:53:13.208+0000][1][safepoint    ] Safepoint "Deoptimize", Time since last: 330698100 ns, Reaching safepoint: 157700 ns, At safepoint: 219800 ns, Total: 377500 ns
[2020-04-26T18:53:13.212+0000][1][safepoint    ] Safepoint "Deoptimize", Time since last: 3597100 ns, Reaching safepoint: 18600 ns, At safepoint: 223400 ns, Total: 242000 ns
[2020-04-26T18:53:13.829+0000][1][gc,start     ] GC(9) Pause Young (Allocation Failure)
[2020-04-26T18:53:13.829+0000][1][gc,task      ] GC(9) Using 10 workers of 10 for evacuation
[2020-04-26T18:53:13.839+0000][1][gc,age       ] GC(9) Desired survivor size 8945664 bytes, new threshold 1 (max threshold 6)
[2020-04-26T18:53:13.839+0000][1][gc,age       ] GC(9) Age table with threshold 1 (max threshold 6)
[2020-04-26T18:53:13.839+0000][1][gc,age       ] GC(9) - age   1:   12015816 bytes,   12015816 total
[2020-04-26T18:53:13.839+0000][1][gc,age       ] GC(9) - age   2:     281104 bytes,   12296920 total
[2020-04-26T18:53:13.839+0000][1][gc,age       ] GC(9) - age   3:     399208 bytes,   12696128 total
[2020-04-26T18:53:13.839+0000][1][gc,age       ] GC(9) - age   4:     796352 bytes,   13492480 total
[2020-04-26T18:53:13.839+0000][1][gc,age       ] GC(9) - age   5:     523216 bytes,   14015696 total
[2020-04-26T18:53:13.839+0000][1][gc,age       ] GC(9) - age   6:    2362704 bytes,   16378400 total
[2020-04-26T18:53:13.839+0000][1][gc,heap      ] GC(9) ParNew: 149312K->17472K(157248K)
[2020-04-26T18:53:13.839+0000][1][gc,heap      ] GC(9) CMS: 11092K->12871K(349568K)
[2020-04-26T18:53:13.839+0000][1][gc,metaspace ] GC(9) Metaspace: 28030K->28030K(1075200K)
[2020-04-26T18:53:13.839+0000][1][gc           ] GC(9) Pause Young (Allocation Failure) 156M->29M(494M) 10.710ms
[2020-04-26T18:53:13.839+0000][1][gc,cpu       ] GC(9) User=0.09s Sys=0.02s Real=0.01s
[2020-04-26T18:53:13.839+0000][1][safepoint    ] Safepoint "GenCollectForAllocation", Time since last: 616852100 ns, Reaching safepoint: 283100 ns, At safepoint: 10814100 ns, Total: 11097200 ns
[2020-04-26T18:53:14.313+0000][1][safepoint    ] Safepoint "RevokeBias", Time since last: 473012900 ns, Reaching safepoint: 29700 ns, At safepoint: 71500 ns, Total: 101200 ns
[2020-04-26T18:53:14.492+0000][1][safepoint    ] Safepoint "Deoptimize", Time since last: 178953800 ns, Reaching safepoint: 27700 ns, At safepoint: 313700 ns, Total: 341400 ns
[2020-04-26T18:53:14.602+0000][1][safepoint    ] Safepoint "RevokeBias", Time since last: 110181700 ns, Reaching safepoint: 47600 ns, At safepoint: 55600 ns, Total: 103200 ns
[2020-04-26T18:53:14.713+0000][1][gc,start     ] GC(10) Pause Young (Allocation Failure)
[2020-04-26T18:53:14.713+0000][1][gc,task      ] GC(10) Using 10 workers of 10 for evacuation
[2020-04-26T18:53:14.740+0000][1][gc,age       ] GC(10) Desired survivor size 8945664 bytes, new threshold 1 (max threshold 6)
[2020-04-26T18:53:14.740+0000][1][gc,age       ] GC(10) Age table with threshold 1 (max threshold 6)
[2020-04-26T18:53:14.740+0000][1][gc,age       ] GC(10) - age   1:   15082232 bytes,   15082232 total
[2020-04-26T18:53:14.740+0000][1][gc,heap      ] GC(10) ParNew: 157248K->17472K(157248K)
[2020-04-26T18:53:14.740+0000][1][gc,heap      ] GC(10) CMS: 12871K->31936K(349568K)
[2020-04-26T18:53:14.740+0000][1][gc,metaspace ] GC(10) Metaspace: 30450K->30450K(1077248K)
[2020-04-26T18:53:14.740+0000][1][gc           ] GC(10) Pause Young (Allocation Failure) 166M->48M(494M) 26.828ms
[2020-04-26T18:53:14.740+0000][1][gc,cpu       ] GC(10) User=0.25s Sys=0.00s Real=0.03s
[2020-04-26T18:53:14.740+0000][1][safepoint    ] Safepoint "GenCollectForAllocation", Time since last: 110842100 ns, Reaching safepoint: 48600 ns, At safepoint: 27005500 ns, Total: 27054100 ns
[2020-04-26T18:53:14.798+0000][1][safepoint    ] Safepoint "RevokeBias", Time since last: 57585500 ns, Reaching safepoint: 71600 ns, At safepoint: 85600 ns, Total: 157200 ns
[2020-04-26T18:53:15.185+0000][1][safepoint    ] Safepoint "CollectForMetadataAllocation", Time since last: 386794800 ns, Reaching safepoint: 89900 ns, At safepoint: 135400 ns, Total: 225300 ns
[2020-04-26T18:53:15.190+0000][1][gc,start     ] GC(11) Pause Young (Allocation Failure)
[2020-04-26T18:53:15.190+0000][1][gc,task      ] GC(11) Using 10 workers of 10 for evacuation
[2020-04-26T18:53:15.204+0000][1][gc,age       ] GC(11) Desired survivor size 8945664 bytes, new threshold 6 (max threshold 6)
[2020-04-26T18:53:15.204+0000][1][gc,age       ] GC(11) Age table with threshold 6 (max threshold 6)
[2020-04-26T18:53:15.204+0000][1][gc,age       ] GC(11) - age   1:    2810728 bytes,    2810728 total
[2020-04-26T18:53:15.204+0000][1][gc,heap      ] GC(11) ParNew: 157248K->14362K(157248K)
[2020-04-26T18:53:15.204+0000][1][gc,heap      ] GC(11) CMS: 31936K->47083K(349568K)
[2020-04-26T18:53:15.204+0000][1][gc,metaspace ] GC(11) Metaspace: 33999K->33999K(1081344K)
[2020-04-26T18:53:15.204+0000][1][gc           ] GC(11) Pause Young (Allocation Failure) 184M->60M(494M) 13.340ms
[2020-04-26T18:53:15.204+0000][1][gc,cpu       ] GC(11) User=0.12s Sys=0.00s Real=0.01s
[2020-04-26T18:53:15.204+0000][1][safepoint    ] Safepoint "GenCollectForAllocation", Time since last: 5422700 ns, Reaching safepoint: 28700 ns, At safepoint: 13447500 ns, Total: 13476200 ns
[2020-04-26T18:53:15.204+0000][1][gc,start     ] GC(12) Pause Initial Mark
[2020-04-26T18:53:15.205+0000][1][gc           ] GC(12) Pause Initial Mark 62M->62M(494M) 1.236ms
[2020-04-26T18:53:15.205+0000][1][gc,cpu       ] GC(12) User=0.01s Sys=0.00s Real=0.00s
[2020-04-26T18:53:15.205+0000][1][safepoint    ] Safepoint "CMS_Initial_Mark", Time since last: 173200 ns, Reaching safepoint: 131900 ns, At safepoint: 1361300 ns, Total: 1493200 ns
[2020-04-26T18:53:15.205+0000][1][gc           ] GC(12) Concurrent Mark
[2020-04-26T18:53:15.205+0000][1][gc,task      ] GC(12) Using 3 workers of 3 for marking
[2020-04-26T18:53:15.238+0000][1][safepoint    ] Safepoint "CollectForMetadataAllocation", Time since last: 31938500 ns, Reaching safepoint: 479600 ns, At safepoint: 200200 ns, Total: 679800 ns
[2020-04-26T18:53:15.245+0000][1][gc           ] GC(12) Concurrent Mark 39.321ms
[2020-04-26T18:53:15.245+0000][1][gc,cpu       ] GC(12) User=0.23s Sys=0.03s Real=0.04s
[2020-04-26T18:53:15.245+0000][1][gc           ] GC(12) Concurrent Preclean
[2020-04-26T18:53:15.247+0000][1][gc           ] GC(12) Concurrent Preclean 2.393ms
[2020-04-26T18:53:15.247+0000][1][gc,cpu       ] GC(12) User=0.01s Sys=0.00s Real=0.00s
[2020-04-26T18:53:15.247+0000][1][gc           ] GC(12) Concurrent Abortable Preclean
[2020-04-26T18:53:15.266+0000][1][safepoint    ] Safepoint "CollectForMetadataAllocation", Time since last: 28193100 ns, Reaching safepoint: 93200 ns, At safepoint: 181400 ns, Total: 274600 ns
[2020-04-26T18:53:15.302+0000][1][safepoint    ] Safepoint "CollectForMetadataAllocation", Time since last: 34707300 ns, Reaching safepoint: 38200 ns, At safepoint: 1042500 ns, Total: 1080700 ns
[2020-04-26T18:53:15.316+0000][1][safepoint    ] Safepoint "CollectForMetadataAllocation", Time since last: 13239400 ns, Reaching safepoint: 85800 ns, At safepoint: 118500 ns, Total: 204300 ns
[2020-04-26T18:53:15.329+0000][1][safepoint    ] Safepoint "CollectForMetadataAllocation", Time since last: 13286600 ns, Reaching safepoint: 26800 ns, At safepoint: 127600 ns, Total: 154400 ns
[2020-04-26T18:53:15.350+0000][1][safepoint    ] Safepoint "CollectForMetadataAllocation", Time since last: 20672400 ns, Reaching safepoint: 31600 ns, At safepoint: 119300 ns, Total: 150900 ns
[2020-04-26T18:53:15.368+0000][1][safepoint    ] Safepoint "CollectForMetadataAllocation", Time since last: 17796700 ns, Reaching safepoint: 39100 ns, At safepoint: 122900 ns, Total: 162000 ns
[2020-04-26T18:53:15.386+0000][1][safepoint    ] Safepoint "CollectForMetadataAllocation", Time since last: 17788000 ns, Reaching safepoint: 41800 ns, At safepoint: 172600 ns, Total: 214400 ns
[2020-04-26T18:53:15.397+0000][1][safepoint    ] Safepoint "CollectForMetadataAllocation", Time since last: 10728800 ns, Reaching safepoint: 33900 ns, At safepoint: 129100 ns, Total: 163000 ns
[2020-04-26T18:53:15.418+0000][1][safepoint    ] Safepoint "CollectForMetadataAllocation", Time since last: 20736600 ns, Reaching safepoint: 27000 ns, At safepoint: 157300 ns, Total: 184300 ns
[2020-04-26T18:53:15.441+0000][1][safepoint    ] Safepoint "Deoptimize", Time since last: 22861300 ns, Reaching safepoint: 32000 ns, At safepoint: 289500 ns, Total: 321500 ns
[2020-04-26T18:53:15.441+0000][1][safepoint    ] Safepoint "CollectForMetadataAllocation", Time since last: 207700 ns, Reaching safepoint: 24200 ns, At safepoint: 106500 ns, Total: 130700 ns
[2020-04-26T18:53:15.446+0000][1][safepoint    ] Safepoint "Deoptimize", Time since last: 4095900 ns, Reaching safepoint: 48600 ns, At safepoint: 375300 ns, Total: 423900 ns
[2020-04-26T18:53:15.450+0000][1][safepoint    ] Safepoint "CollectForMetadataAllocation", Time since last: 3827800 ns, Reaching safepoint: 143000 ns, At safepoint: 115000 ns, Total: 258000 ns
[2020-04-26T18:53:15.470+0000][1][safepoint    ] Safepoint "CollectForMetadataAllocation", Time since last: 19979200 ns, Reaching safepoint: 51100 ns, At safepoint: 97700 ns, Total: 148800 ns
[2020-04-26T18:53:15.472+0000][1][safepoint    ] Safepoint "RevokeBias", Time since last: 1795500 ns, Reaching safepoint: 38200 ns, At safepoint: 96100 ns, Total: 134300 ns
[2020-04-26T18:53:15.473+0000][1][safepoint    ] Safepoint "Deoptimize", Time since last: 1125100 ns, Reaching safepoint: 32700 ns, At safepoint: 347100 ns, Total: 379800 ns
[2020-04-26T18:53:15.489+0000][1][safepoint    ] Safepoint "CollectForMetadataAllocation", Time since last: 15203300 ns, Reaching safepoint: 30200 ns, At safepoint: 134400 ns, Total: 164600 ns
[2020-04-26T18:53:15.489+0000][1][safepoint    ] Safepoint "CollectForMetadataAllocation", Time since last: 180800 ns, Reaching safepoint: 131200 ns, At safepoint: 65200 ns, Total: 196400 ns
[2020-04-26T18:53:15.510+0000][1][safepoint    ] Safepoint "CollectForMetadataAllocation", Time since last: 21081400 ns, Reaching safepoint: 46100 ns, At safepoint: 147700 ns, Total: 193800 ns
[2020-04-26T18:53:15.532+0000][1][safepoint    ] Safepoint "CollectForMetadataAllocation", Time since last: 21391000 ns, Reaching safepoint: 43900 ns, At safepoint: 114200 ns, Total: 158100 ns
[2020-04-26T18:53:15.552+0000][1][safepoint    ] Safepoint "CollectForMetadataAllocation", Time since last: 19356500 ns, Reaching safepoint: 56900 ns, At safepoint: 110000 ns, Total: 166900 ns
[2020-04-26T18:53:15.564+0000][1][safepoint    ] Safepoint "CollectForMetadataAllocation", Time since last: 12621300 ns, Reaching safepoint: 65700 ns, At safepoint: 128100 ns, Total: 193800 ns
[2020-04-26T18:53:15.587+0000][1][safepoint    ] Safepoint "CollectForMetadataAllocation", Time since last: 22845100 ns, Reaching safepoint: 23900 ns, At safepoint: 95500 ns, Total: 119400 ns
[2020-04-26T18:53:15.601+0000][1][safepoint    ] Safepoint "CollectForMetadataAllocation", Time since last: 13050100 ns, Reaching safepoint: 63000 ns, At safepoint: 117400 ns, Total: 180400 ns
[2020-04-26T18:53:15.620+0000][1][safepoint    ] Safepoint "CollectForMetadataAllocation", Time since last: 18950600 ns, Reaching safepoint: 63900 ns, At safepoint: 128300 ns, Total: 192200 ns
[2020-04-26T18:53:15.636+0000][1][safepoint    ] Safepoint "CollectForMetadataAllocation", Time since last: 16480600 ns, Reaching safepoint: 19000 ns, At safepoint: 133900 ns, Total: 152900 ns
[2020-04-26T18:53:15.651+0000][1][safepoint    ] Safepoint "CollectForMetadataAllocation", Time since last: 14855000 ns, Reaching safepoint: 74000 ns, At safepoint: 147000 ns, Total: 221000 ns
[2020-04-26T18:53:15.677+0000][1][safepoint    ] Safepoint "CollectForMetadataAllocation", Time since last: 24977300 ns, Reaching safepoint: 42500 ns, At safepoint: 206700 ns, Total: 249200 ns
[2020-04-26T18:53:15.695+0000][1][safepoint    ] Safepoint "CollectForMetadataAllocation", Time since last: 17877500 ns, Reaching safepoint: 57000 ns, At safepoint: 158700 ns, Total: 215700 ns
[2020-04-26T18:53:15.720+0000][1][safepoint    ] Safepoint "CollectForMetadataAllocation", Time since last: 25459900 ns, Reaching safepoint: 40400 ns, At safepoint: 138200 ns, Total: 178600 ns
[2020-04-26T18:53:15.746+0000][1][safepoint    ] Safepoint "CollectForMetadataAllocation", Time since last: 24961900 ns, Reaching safepoint: 31600 ns, At safepoint: 172500 ns, Total: 204100 ns
[2020-04-26T18:53:15.763+0000][1][safepoint    ] Safepoint "CollectForMetadataAllocation", Time since last: 17251600 ns, Reaching safepoint: 129100 ns, At safepoint: 137400 ns, Total: 266500 ns
[2020-04-26T18:53:15.795+0000][1][safepoint    ] Safepoint "CollectForMetadataAllocation", Time since last: 32029100 ns, Reaching safepoint: 62400 ns, At safepoint: 128200 ns, Total: 190600 ns
[2020-04-26T18:53:15.808+0000][1][safepoint    ] Safepoint "CollectForMetadataAllocation", Time since last: 12315000 ns, Reaching safepoint: 68300 ns, At safepoint: 123500 ns, Total: 191800 ns
[2020-04-26T18:53:15.842+0000][1][safepoint    ] Safepoint "CollectForMetadataAllocation", Time since last: 33921000 ns, Reaching safepoint: 74600 ns, At safepoint: 159200 ns, Total: 233800 ns
[2020-04-26T18:53:15.858+0000][1][safepoint    ] Safepoint "CollectForMetadataAllocation", Time since last: 16261300 ns, Reaching safepoint: 41800 ns, At safepoint: 144700 ns, Total: 186500 ns
[2020-04-26T18:53:15.873+0000][1][safepoint    ] Safepoint "CollectForMetadataAllocation", Time since last: 14390200 ns, Reaching safepoint: 139200 ns, At safepoint: 89100 ns, Total: 228300 ns
[2020-04-26T18:53:15.893+0000][1][safepoint    ] Safepoint "CollectForMetadataAllocation", Time since last: 19985700 ns, Reaching safepoint: 38800 ns, At safepoint: 105000 ns, Total: 143800 ns
[2020-04-26T18:53:15.900+0000][1][safepoint    ] Safepoint "RevokeBias", Time since last: 6043600 ns, Reaching safepoint: 354400 ns, At safepoint: 63500 ns, Total: 417900 ns
[2020-04-26T18:53:15.913+0000][1][safepoint    ] Safepoint "CollectForMetadataAllocation", Time since last: 13098400 ns, Reaching safepoint: 47100 ns, At safepoint: 152200 ns, Total: 199300 ns
[2020-04-26T18:53:15.951+0000][1][safepoint    ] Safepoint "CollectForMetadataAllocation", Time since last: 38113300 ns, Reaching safepoint: 128100 ns, At safepoint: 180200 ns, Total: 308300 ns
[2020-04-26T18:53:15.981+0000][1][safepoint    ] Safepoint "CollectForMetadataAllocation", Time since last: 29308700 ns, Reaching safepoint: 27500 ns, At safepoint: 127100 ns, Total: 154600 ns
[2020-04-26T18:53:15.981+0000][1][gc           ] GC(12) Concurrent Abortable Preclean 733.494ms
[2020-04-26T18:53:15.981+0000][1][gc,cpu       ] GC(12) User=2.98s Sys=0.03s Real=0.74s
[2020-04-26T18:53:15.981+0000][1][gc,start     ] GC(12) Pause Remark
[2020-04-26T18:53:15.990+0000][1][gc           ] GC(12) Pause Remark 129M->129M(494M) 9.293ms
[2020-04-26T18:53:15.990+0000][1][gc,cpu       ] GC(12) User=0.03s Sys=0.00s Real=0.01s
[2020-04-26T18:53:15.991+0000][1][safepoint    ] Safepoint "CMS_Final_Remark", Time since last: 152600 ns, Reaching safepoint: 194200 ns, At safepoint: 9426200 ns, Total: 9620400 ns
[2020-04-26T18:53:15.991+0000][1][gc           ] GC(12) Concurrent Sweep
[2020-04-26T18:53:15.996+0000][1][safepoint    ] Safepoint "CollectForMetadataAllocation", Time since last: 4757900 ns, Reaching safepoint: 689300 ns, At safepoint: 43400 ns, Total: 732700 ns
[2020-04-26T18:53:15.996+0000][1][safepoint    ] Safepoint "CollectForMetadataAllocation", Time since last: 137500 ns, Reaching safepoint: 30100 ns, At safepoint: 123900 ns, Total: 154000 ns
[2020-04-26T18:53:16.002+0000][1][safepoint    ] Safepoint "CollectForMetadataAllocation", Time since last: 5705900 ns, Reaching safepoint: 30600 ns, At safepoint: 114900 ns, Total: 145500 ns
[2020-04-26T18:53:16.005+0000][1][gc           ] GC(12) Concurrent Sweep 14.374ms
[2020-04-26T18:53:16.005+0000][1][gc,cpu       ] GC(12) User=0.03s Sys=0.01s Real=0.01s
[2020-04-26T18:53:16.005+0000][1][gc           ] GC(12) Concurrent Reset
[2020-04-26T18:53:16.005+0000][1][gc           ] GC(12) Concurrent Reset 0.366ms
[2020-04-26T18:53:16.005+0000][1][gc,cpu       ] GC(12) User=0.00s Sys=0.00s Real=0.00s
[2020-04-26T18:53:16.005+0000][1][gc,heap      ] GC(12) Old: 47083K->46910K(349568K)
[2020-04-26T18:53:16.009+0000][1][safepoint    ] Safepoint "Deoptimize", Time since last: 6387900 ns, Reaching safepoint: 21900 ns, At safepoint: 306400 ns, Total: 328300 ns
[2020-04-26T18:53:16.010+0000][1][safepoint    ] Safepoint "Deoptimize", Time since last: 1087200 ns, Reaching safepoint: 13500 ns, At safepoint: 313400 ns, Total: 326900 ns
[2020-04-26T18:53:16.502+0000][1][safepoint    ] Safepoint "Deoptimize", Time since last: 491801700 ns, Reaching safepoint: 62500 ns, At safepoint: 348600 ns, Total: 411100 ns
[2020-04-26T18:53:16.721+0000][1][safepoint    ] Safepoint "Deoptimize", Time since last: 217587700 ns, Reaching safepoint: 66700 ns, At safepoint: 381300 ns, Total: 448000 ns
[2020-04-26T18:53:16.766+0000][1][safepoint    ] Safepoint "RevokeBias", Time since last: 44855300 ns, Reaching safepoint: 49900 ns, At safepoint: 69100 ns, Total: 119000 ns
[2020-04-26T18:53:16.770+0000][1][safepoint    ] Safepoint "RevokeBias", Time since last: 4675000 ns, Reaching safepoint: 33500 ns, At safepoint: 82300 ns, Total: 115800 ns
[2020-04-26T18:53:16.909+0000][1][gc,start     ] GC(13) Pause Young (Allocation Failure)
[2020-04-26T18:53:16.909+0000][1][gc,task      ] GC(13) Using 10 workers of 10 for evacuation
[2020-04-26T18:53:16.916+0000][1][gc,age       ] GC(13) Desired survivor size 8945664 bytes, new threshold 2 (max threshold 6)
[2020-04-26T18:53:16.916+0000][1][gc,age       ] GC(13) Age table with threshold 2 (max threshold 6)
[2020-04-26T18:53:16.916+0000][1][gc,age       ] GC(13) - age   1:    6900488 bytes,    6900488 total
[2020-04-26T18:53:16.916+0000][1][gc,age       ] GC(13) - age   2:    2766352 bytes,    9666840 total
[2020-04-26T18:53:16.916+0000][1][gc,heap      ] GC(13) ParNew: 154138K->11090K(157248K)
[2020-04-26T18:53:16.916+0000][1][gc,heap      ] GC(13) CMS: 46910K->46910K(349568K)
[2020-04-26T18:53:16.916+0000][1][gc,metaspace ] GC(13) Metaspace: 50055K->50055K(1095680K)
[2020-04-26T18:53:16.916+0000][1][gc           ] GC(13) Pause Young (Allocation Failure) 196M->56M(494M) 6.728ms
[2020-04-26T18:53:16.916+0000][1][gc,cpu       ] GC(13) User=0.04s Sys=0.01s Real=0.00s
[2020-04-26T18:53:16.916+0000][1][safepoint    ] Safepoint "GenCollectForAllocation", Time since last: 138429600 ns, Reaching safepoint: 508000 ns, At safepoint: 6818700 ns, Total: 7326700 ns
[2020-04-26T18:53:16.919+0000][1][safepoint    ] Safepoint "RevokeBias", Time since last: 2933400 ns, Reaching safepoint: 113400 ns, At safepoint: 97000 ns, Total: 210400 ns
[2020-04-26T18:53:16.920+0000][1][safepoint    ] Safepoint "RevokeBias", Time since last: 107400 ns, Reaching safepoint: 97900 ns, At safepoint: 103100 ns, Total: 201000 ns
[2020-04-26T18:53:16.920+0000][1][safepoint    ] Safepoint "RevokeBias", Time since last: 347000 ns, Reaching safepoint: 122500 ns, At safepoint: 132800 ns, Total: 255300 ns
[2020-04-26T18:53:16.921+0000][1][safepoint    ] Safepoint "RevokeBias", Time since last: 264800 ns, Reaching safepoint: 137100 ns, At safepoint: 116000 ns, Total: 253100 ns
[2020-04-26T18:53:16.921+0000][1][safepoint    ] Safepoint "RevokeBias", Time since last: 60200 ns, Reaching safepoint: 105200 ns, At safepoint: 124500 ns, Total: 229700 ns
[2020-04-26T18:53:16.974+0000][1][safepoint    ] Safepoint "RevokeBias", Time since last: 53187700 ns, Reaching safepoint: 264400 ns, At safepoint: 78200 ns, Total: 342600 ns
[2020-04-26T18:53:16.975+0000][1][safepoint    ] Safepoint "RevokeBias", Time since last: 168700 ns, Reaching safepoint: 112400 ns, At safepoint: 58600 ns, Total: 171000 ns
[2020-04-26T18:53:16.975+0000][1][safepoint    ] Safepoint "RevokeBias", Time since last: 372700 ns, Reaching safepoint: 110200 ns, At safepoint: 66400 ns, Total: 176600 ns
[2020-04-26T18:53:16.976+0000][1][safepoint    ] Safepoint "RevokeBias", Time since last: 131900 ns, Reaching safepoint: 92500 ns, At safepoint: 45700 ns, Total: 138200 ns
[2020-04-26T18:53:16.976+0000][1][safepoint    ] Safepoint "RevokeBias", Time since last: 85700 ns, Reaching safepoint: 94200 ns, At safepoint: 57000 ns, Total: 151200 ns
[2020-04-26T18:53:16.976+0000][1][safepoint    ] Safepoint "RevokeBias", Time since last: 535500 ns, Reaching safepoint: 16600 ns, At safepoint: 44900 ns, Total: 61500 ns
[2020-04-26T18:53:16.977+0000][1][safepoint    ] Safepoint "RevokeBias", Time since last: 309300 ns, Reaching safepoint: 105500 ns, At safepoint: 72500 ns, Total: 178000 ns
[2020-04-26T18:53:16.978+0000][1][safepoint    ] Safepoint "RevokeBias", Time since last: 514400 ns, Reaching safepoint: 24500 ns, At safepoint: 123700 ns, Total: 148200 ns
[2020-04-26T18:53:16.979+0000][1][safepoint    ] Safepoint "RevokeBias", Time since last: 799900 ns, Reaching safepoint: 256500 ns, At safepoint: 83500 ns, Total: 340000 ns
[2020-04-26T18:53:16.979+0000][1][safepoint    ] Safepoint "RevokeBias", Time since last: 111800 ns, Reaching safepoint: 121100 ns, At safepoint: 71500 ns, Total: 192600 ns
[2020-04-26T18:53:16.979+0000][1][safepoint    ] Safepoint "RevokeBias", Time since last: 101800 ns, Reaching safepoint: 120000 ns, At safepoint: 86900 ns, Total: 206900 ns
[2020-04-26T18:53:16.980+0000][1][safepoint    ] Safepoint "RevokeBias", Time since last: 115400 ns, Reaching safepoint: 111500 ns, At safepoint: 55200 ns, Total: 166700 ns
[2020-04-26T18:53:16.980+0000][1][safepoint    ] Safepoint "RevokeBias", Time since last: 94000 ns, Reaching safepoint: 96900 ns, At safepoint: 54900 ns, Total: 151800 ns
[2020-04-26T18:53:16.980+0000][1][safepoint    ] Safepoint "RevokeBias", Time since last: 94600 ns, Reaching safepoint: 93700 ns, At safepoint: 48800 ns, Total: 142500 ns
[2020-04-26T18:53:16.980+0000][1][safepoint    ] Safepoint "RevokeBias", Time since last: 83200 ns, Reaching safepoint: 93200 ns, At safepoint: 61200 ns, Total: 154400 ns
[2020-04-26T18:53:16.981+0000][1][safepoint    ] Safepoint "RevokeBias", Time since last: 86100 ns, Reaching safepoint: 107500 ns, At safepoint: 74000 ns, Total: 181500 ns
[2020-04-26T18:53:16.981+0000][1][safepoint    ] Safepoint "RevokeBias", Time since last: 94600 ns, Reaching safepoint: 99700 ns, At safepoint: 86400 ns, Total: 186100 ns
[2020-04-26T18:53:16.981+0000][1][safepoint    ] Safepoint "RevokeBias", Time since last: 97200 ns, Reaching safepoint: 109700 ns, At safepoint: 87800 ns, Total: 197500 ns
[2020-04-26T18:53:16.981+0000][1][safepoint    ] Safepoint "RevokeBias", Time since last: 104500 ns, Reaching safepoint: 22900 ns, At safepoint: 58900 ns, Total: 81800 ns
[2020-04-26T18:53:16.982+0000][1][safepoint    ] Safepoint "RevokeBias", Time since last: 150800 ns, Reaching safepoint: 35600 ns, At safepoint: 96400 ns, Total: 132000 ns
[2020-04-26T18:53:16.982+0000][1][safepoint    ] Safepoint "RevokeBias", Time since last: 184000 ns, Reaching safepoint: 34900 ns, At safepoint: 137200 ns, Total: 172100 ns
[2020-04-26T18:53:16.982+0000][1][safepoint    ] Safepoint "RevokeBias", Time since last: 166100 ns, Reaching safepoint: 149400 ns, At safepoint: 104200 ns, Total: 253600 ns
[2020-04-26T18:53:16.983+0000][1][safepoint    ] Safepoint "RevokeBias", Time since last: 174200 ns, Reaching safepoint: 182200 ns, At safepoint: 55400 ns, Total: 237600 ns
[2020-04-26T18:53:16.983+0000][1][safepoint    ] Safepoint "RevokeBias", Time since last: 133100 ns, Reaching safepoint: 113800 ns, At safepoint: 71900 ns, Total: 185700 ns
[2020-04-26T18:53:16.983+0000][1][safepoint    ] Safepoint "RevokeBias", Time since last: 94700 ns, Reaching safepoint: 97200 ns, At safepoint: 72300 ns, Total: 169500 ns
[2020-04-26T18:53:16.984+0000][1][safepoint    ] Safepoint "RevokeBias", Time since last: 102400 ns, Reaching safepoint: 109300 ns, At safepoint: 74300 ns, Total: 183600 ns
[2020-04-26T18:53:16.984+0000][1][safepoint    ] Safepoint "RevokeBias", Time since last: 88700 ns, Reaching safepoint: 105500 ns, At safepoint: 82700 ns, Total: 188200 ns
[2020-04-26T18:53:16.984+0000][1][safepoint    ] Safepoint "BulkRevokeBias", Time since last: 85400 ns, Reaching safepoint: 101800 ns, At safepoint: 100000 ns, Total: 201800 ns
[2020-04-26T18:53:16.984+0000][1][safepoint    ] Safepoint "RevokeBias", Time since last: 77900 ns, Reaching safepoint: 21900 ns, At safepoint: 76200 ns, Total: 98100 ns
[2020-04-26T18:53:16.985+0000][1][safepoint    ] Safepoint "RevokeBias", Time since last: 168900 ns, Reaching safepoint: 30600 ns, At safepoint: 120700 ns, Total: 151300 ns
[2020-04-26T18:53:16.985+0000][1][safepoint    ] Safepoint "RevokeBias", Time since last: 177500 ns, Reaching safepoint: 154700 ns, At safepoint: 79500 ns, Total: 234200 ns
[2020-04-26T18:53:16.985+0000][1][safepoint    ] Safepoint "RevokeBias", Time since last: 50100 ns, Reaching safepoint: 20300 ns, At safepoint: 67900 ns, Total: 88200 ns
[2020-04-26T18:53:16.986+0000][1][safepoint    ] Safepoint "RevokeBias", Time since last: 50800 ns, Reaching safepoint: 118100 ns, At safepoint: 97600 ns, Total: 215700 ns
[2020-04-26T18:53:16.986+0000][1][safepoint    ] Safepoint "RevokeBias", Time since last: 44500 ns, Reaching safepoint: 108700 ns, At safepoint: 74500 ns, Total: 183200 ns
[2020-04-26T18:53:16.986+0000][1][safepoint    ] Safepoint "RevokeBias", Time since last: 366400 ns, Reaching safepoint: 105500 ns, At safepoint: 65800 ns, Total: 171300 ns
[2020-04-26T18:53:16.987+0000][1][safepoint    ] Safepoint "RevokeBias", Time since last: 109000 ns, Reaching safepoint: 23900 ns, At safepoint: 64900 ns, Total: 88800 ns
[2020-04-26T18:53:16.987+0000][1][safepoint    ] Safepoint "RevokeBias", Time since last: 189400 ns, Reaching safepoint: 20000 ns, At safepoint: 58900 ns, Total: 78900 ns
[2020-04-26T18:53:16.987+0000][1][safepoint    ] Safepoint "RevokeBias", Time since last: 100700 ns, Reaching safepoint: 18800 ns, At safepoint: 69500 ns, Total: 88300 ns
[2020-04-26T18:53:16.990+0000][1][safepoint    ] Safepoint "RevokeBias", Time since last: 3067800 ns, Reaching safepoint: 252300 ns, At safepoint: 120000 ns, Total: 372300 ns
[2020-04-26T18:53:16.991+0000][1][safepoint    ] Safepoint "RevokeBias", Time since last: 123500 ns, Reaching safepoint: 106900 ns, At safepoint: 64000 ns, Total: 170900 ns
[2020-04-26T18:53:16.991+0000][1][safepoint    ] Safepoint "RevokeBias", Time since last: 86300 ns, Reaching safepoint: 13400 ns, At safepoint: 52300 ns, Total: 65700 ns
[2020-04-26T18:53:16.991+0000][1][safepoint    ] Safepoint "RevokeBias", Time since last: 79900 ns, Reaching safepoint: 18600 ns, At safepoint: 66100 ns, Total: 84700 ns
[2020-04-26T18:53:16.991+0000][1][safepoint    ] Safepoint "RevokeBias", Time since last: 117300 ns, Reaching safepoint: 14500 ns, At safepoint: 46700 ns, Total: 61200 ns
[2020-04-26T18:53:16.991+0000][1][safepoint    ] Safepoint "RevokeBias", Time since last: 125700 ns, Reaching safepoint: 14100 ns, At safepoint: 43900 ns, Total: 58000 ns
[2020-04-26T18:53:16.992+0000][1][safepoint    ] Safepoint "RevokeBias", Time since last: 142100 ns, Reaching safepoint: 14400 ns, At safepoint: 43900 ns, Total: 58300 ns
[2020-04-26T18:53:16.992+0000][1][safepoint    ] Safepoint "RevokeBias", Time since last: 129700 ns, Reaching safepoint: 14300 ns, At safepoint: 40400 ns, Total: 54700 ns
[2020-04-26T18:53:16.992+0000][1][safepoint    ] Safepoint "RevokeBias", Time since last: 79800 ns, Reaching safepoint: 18400 ns, At safepoint: 65600 ns, Total: 84000 ns
[2020-04-26T18:53:16.992+0000][1][safepoint    ] Safepoint "RevokeBias", Time since last: 129600 ns, Reaching safepoint: 14500 ns, At safepoint: 39700 ns, Total: 54200 ns
[2020-04-26T18:53:16.992+0000][1][safepoint    ] Safepoint "RevokeBias", Time since last: 124100 ns, Reaching safepoint: 14400 ns, At safepoint: 41100 ns, Total: 55500 ns
[2020-04-26T18:53:16.992+0000][1][safepoint    ] Safepoint "RevokeBias", Time since last: 80500 ns, Reaching safepoint: 13000 ns, At safepoint: 39000 ns, Total: 52000 ns
[2020-04-26T18:53:16.993+0000][1][safepoint    ] Safepoint "RevokeBias", Time since last: 226600 ns, Reaching safepoint: 161100 ns, At safepoint: 117700 ns, Total: 278800 ns
[2020-04-26T18:53:16.993+0000][1][safepoint    ] Safepoint "RevokeBias", Time since last: 274000 ns, Reaching safepoint: 24700 ns, At safepoint: 176300 ns, Total: 201000 ns
[2020-04-26T18:53:16.994+0000][1][safepoint    ] Safepoint "BulkRevokeBias", Time since last: 108300 ns, Reaching safepoint: 111800 ns, At safepoint: 118400 ns, Total: 230200 ns
[2020-04-26T18:53:16.994+0000][1][safepoint    ] Safepoint "RevokeBias", Time since last: 151900 ns, Reaching safepoint: 114700 ns, At safepoint: 62400 ns, Total: 177100 ns
[2020-04-26T18:53:16.994+0000][1][safepoint    ] Safepoint "RevokeBias", Time since last: 142400 ns, Reaching safepoint: 112200 ns, At safepoint: 61900 ns, Total: 174100 ns
[2020-04-26T18:53:16.995+0000][1][safepoint    ] Safepoint "RevokeBias", Time since last: 223500 ns, Reaching safepoint: 101600 ns, At safepoint: 55600 ns, Total: 157200 ns
[2020-04-26T18:53:16.995+0000][1][safepoint    ] Safepoint "RevokeBias", Time since last: 164300 ns, Reaching safepoint: 109400 ns, At safepoint: 79300 ns, Total: 188700 ns
[2020-04-26T18:53:16.995+0000][1][safepoint    ] Safepoint "RevokeBias", Time since last: 113300 ns, Reaching safepoint: 99100 ns, At safepoint: 69300 ns, Total: 168400 ns
[2020-04-26T18:53:16.996+0000][1][safepoint    ] Safepoint "RevokeBias", Time since last: 135900 ns, Reaching safepoint: 100000 ns, At safepoint: 75100 ns, Total: 175100 ns
[2020-04-26T18:53:16.996+0000][1][safepoint    ] Safepoint "RevokeBias", Time since last: 204700 ns, Reaching safepoint: 108500 ns, At safepoint: 77700 ns, Total: 186200 ns
[2020-04-26T18:53:16.997+0000][1][safepoint    ] Safepoint "RevokeBias", Time since last: 483500 ns, Reaching safepoint: 112800 ns, At safepoint: 103000 ns, Total: 215800 ns
[2020-04-26T18:53:16.997+0000][1][safepoint    ] Safepoint "RevokeBias", Time since last: 126500 ns, Reaching safepoint: 343700 ns, At safepoint: 99400 ns, Total: 443100 ns
[2020-04-26T18:53:16.998+0000][1][safepoint    ] Safepoint "RevokeBias", Time since last: 240300 ns, Reaching safepoint: 100200 ns, At safepoint: 84800 ns, Total: 185000 ns
[2020-04-26T18:53:16.998+0000][1][safepoint    ] Safepoint "RevokeBias", Time since last: 160600 ns, Reaching safepoint: 100600 ns, At safepoint: 77600 ns, Total: 178200 ns
[2020-04-26T18:53:16.998+0000][1][safepoint    ] Safepoint "RevokeBias", Time since last: 96900 ns, Reaching safepoint: 101100 ns, At safepoint: 102500 ns, Total: 203600 ns
[2020-04-26T18:53:16.999+0000][1][safepoint    ] Safepoint "RevokeBias", Time since last: 110500 ns, Reaching safepoint: 102300 ns, At safepoint: 89000 ns, Total: 191300 ns
[2020-04-26T18:53:16.999+0000][1][safepoint    ] Safepoint "RevokeBias", Time since last: 306600 ns, Reaching safepoint: 102400 ns, At safepoint: 87100 ns, Total: 189500 ns
[2020-04-26T18:53:17.000+0000][1][safepoint    ] Safepoint "RevokeBias", Time since last: 165100 ns, Reaching safepoint: 98300 ns, At safepoint: 68000 ns, Total: 166300 ns
[2020-04-26T18:53:17.000+0000][1][safepoint    ] Safepoint "RevokeBias", Time since last: 291800 ns, Reaching safepoint: 107100 ns, At safepoint: 78800 ns, Total: 185900 ns
[2020-04-26T18:53:17.000+0000][1][safepoint    ] Safepoint "RevokeBias", Time since last: 123800 ns, Reaching safepoint: 100900 ns, At safepoint: 75100 ns, Total: 176000 ns
[2020-04-26T18:53:17.001+0000][1][safepoint    ] Safepoint "RevokeBias", Time since last: 286200 ns, Reaching safepoint: 577600 ns, At safepoint: 96000 ns, Total: 673600 ns
[2020-04-26T18:53:17.002+0000][1][safepoint    ] Safepoint "RevokeBias", Time since last: 462400 ns, Reaching safepoint: 114800 ns, At safepoint: 80200 ns, Total: 195000 ns
[2020-04-26T18:53:17.002+0000][1][safepoint    ] Safepoint "RevokeBias", Time since last: 108500 ns, Reaching safepoint: 104600 ns, At safepoint: 66000 ns, Total: 170600 ns
[2020-04-26T18:53:17.003+0000][1][safepoint    ] Safepoint "RevokeBias", Time since last: 208200 ns, Reaching safepoint: 103400 ns, At safepoint: 52600 ns, Total: 156000 ns
[2020-04-26T18:53:17.003+0000][1][safepoint    ] Safepoint "RevokeBias", Time since last: 315100 ns, Reaching safepoint: 106600 ns, At safepoint: 63600 ns, Total: 170200 ns
[2020-04-26T18:53:17.004+0000][1][safepoint    ] Safepoint "RevokeBias", Time since last: 254100 ns, Reaching safepoint: 99200 ns, At safepoint: 100600 ns, Total: 199800 ns
[2020-04-26T18:53:17.006+0000][1][safepoint    ] Safepoint "Deoptimize", Time since last: 1402900 ns, Reaching safepoint: 135700 ns, At safepoint: 480700 ns, Total: 616400 ns
[2020-04-26T18:53:17.006+0000][1][safepoint    ] Safepoint "BulkRevokeBias", Time since last: 277900 ns, Reaching safepoint: 118600 ns, At safepoint: 109200 ns, Total: 227800 ns
[2020-04-26T18:53:17.007+0000][1][safepoint    ] Safepoint "RevokeBias", Time since last: 1007700 ns, Reaching safepoint: 98900 ns, At safepoint: 83400 ns, Total: 182300 ns
[2020-04-26T18:53:17.008+0000][1][safepoint    ] Safepoint "RevokeBias", Time since last: 584100 ns, Reaching safepoint: 187300 ns, At safepoint: 80900 ns, Total: 268200 ns
[2020-04-26T18:53:17.009+0000][1][safepoint    ] Safepoint "RevokeBias", Time since last: 103600 ns, Reaching safepoint: 176000 ns, At safepoint: 101300 ns, Total: 277300 ns
[2020-04-26T18:53:17.011+0000][1][safepoint    ] Safepoint "RevokeBias", Time since last: 2657700 ns, Reaching safepoint: 112600 ns, At safepoint: 79800 ns, Total: 192400 ns
[2020-04-26T18:53:17.012+0000][1][safepoint    ] Safepoint "RevokeBias", Time since last: 94800 ns, Reaching safepoint: 97000 ns, At safepoint: 79500 ns, Total: 176500 ns
[2020-04-26T18:53:17.012+0000][1][safepoint    ] Safepoint "RevokeBias", Time since last: 243900 ns, Reaching safepoint: 24600 ns, At safepoint: 79900 ns, Total: 104500 ns
[2020-04-26T18:53:17.025+0000][1][safepoint    ] Safepoint "RevokeBias", Time since last: 13074000 ns, Reaching safepoint: 36600 ns, At safepoint: 48100 ns, Total: 84700 ns
[2020-04-26T18:53:17.025+0000][1][safepoint    ] Safepoint "RevokeBias", Time since last: 192800 ns, Reaching safepoint: 21700 ns, At safepoint: 37900 ns, Total: 59600 ns
[2020-04-26T18:53:17.032+0000][1][safepoint    ] Safepoint "RevokeBias", Time since last: 5993200 ns, Reaching safepoint: 38800 ns, At safepoint: 65400 ns, Total: 104200 ns
[2020-04-26T18:53:17.037+0000][1][safepoint    ] Safepoint "RevokeBias", Time since last: 5406500 ns, Reaching safepoint: 130700 ns, At safepoint: 55800 ns, Total: 186500 ns
[2020-04-26T18:53:17.038+0000][1][safepoint    ] Safepoint "RevokeBias", Time since last: 794500 ns, Reaching safepoint: 108900 ns, At safepoint: 84800 ns, Total: 193700 ns
[2020-04-26T18:53:17.039+0000][1][safepoint    ] Safepoint "RevokeBias", Time since last: 414200 ns, Reaching safepoint: 20900 ns, At safepoint: 98700 ns, Total: 119600 ns
[2020-04-26T18:53:17.055+0000][1][safepoint    ] Safepoint "RevokeBias", Time since last: 16456300 ns, Reaching safepoint: 33400 ns, At safepoint: 40100 ns, Total: 73500 ns
[2020-04-26T18:53:17.058+0000][1][safepoint    ] Safepoint "RevokeBias", Time since last: 2972600 ns, Reaching safepoint: 23300 ns, At safepoint: 31000 ns, Total: 54300 ns
[2020-04-26T18:53:17.064+0000][1][safepoint    ] Safepoint "RevokeBias", Time since last: 5419600 ns, Reaching safepoint: 31400 ns, At safepoint: 41300 ns, Total: 72700 ns
[2020-04-26T18:53:17.065+0000][1][safepoint    ] Safepoint "RevokeBias", Time since last: 1464600 ns, Reaching safepoint: 21600 ns, At safepoint: 32600 ns, Total: 54200 ns
[2020-04-26T18:53:17.068+0000][1][safepoint    ] Safepoint "RevokeBias", Time since last: 2446900 ns, Reaching safepoint: 28500 ns, At safepoint: 34500 ns, Total: 63000 ns
[2020-04-26T18:53:17.070+0000][1][safepoint    ] Safepoint "RevokeBias", Time since last: 2288300 ns, Reaching safepoint: 119900 ns, At safepoint: 51900 ns, Total: 171800 ns
[2020-04-26T18:53:17.071+0000][1][safepoint    ] Safepoint "RevokeBias", Time since last: 332600 ns, Reaching safepoint: 107200 ns, At safepoint: 99500 ns, Total: 206700 ns
[2020-04-26T18:53:17.076+0000][1][safepoint    ] Safepoint "RevokeBias", Time since last: 5030100 ns, Reaching safepoint: 32200 ns, At safepoint: 38200 ns, Total: 70400 ns
[2020-04-26T18:53:17.078+0000][1][safepoint    ] Safepoint "RevokeBias", Time since last: 2537800 ns, Reaching safepoint: 33100 ns, At safepoint: 53600 ns, Total: 86700 ns
[2020-04-26T18:53:17.082+0000][1][safepoint    ] Safepoint "RevokeBias", Time since last: 3017500 ns, Reaching safepoint: 37400 ns, At safepoint: 46400 ns, Total: 83800 ns
[2020-04-26T18:53:17.083+0000][1][safepoint    ] Safepoint "RevokeBias", Time since last: 836100 ns, Reaching safepoint: 156400 ns, At safepoint: 52100 ns, Total: 208500 ns
[2020-04-26T18:53:17.088+0000][1][safepoint    ] Safepoint "RevokeBias", Time since last: 5399800 ns, Reaching safepoint: 27500 ns, At safepoint: 36900 ns, Total: 64400 ns
[2020-04-26T18:53:17.089+0000][1][safepoint    ] Safepoint "RevokeBias", Time since last: 1098400 ns, Reaching safepoint: 18200 ns, At safepoint: 29100 ns, Total: 47300 ns
[2020-04-26T18:53:17.091+0000][1][safepoint    ] Safepoint "BulkRevokeBias", Time since last: 1534800 ns, Reaching safepoint: 126700 ns, At safepoint: 114700 ns, Total: 241400 ns
[2020-04-26T18:53:17.798+0000][1][safepoint    ] Safepoint "ICBufferFull", Time since last: 705590700 ns, Reaching safepoint: 885100 ns, At safepoint: 59400 ns, Total: 944500 ns
[2020-04-26T18:53:17.802+0000][1][safepoint    ] Safepoint "RevokeBias", Time since last: 3828900 ns, Reaching safepoint: 153200 ns, At safepoint: 96000 ns, Total: 249200 ns
[2020-04-26T18:53:17.802+0000][1][safepoint    ] Safepoint "RevokeBias", Time since last: 186500 ns, Reaching safepoint: 17300 ns, At safepoint: 70800 ns, Total: 88100 ns
[2020-04-26T18:53:17.802+0000][1][safepoint    ] Safepoint "RevokeBias", Time since last: 219800 ns, Reaching safepoint: 16800 ns, At safepoint: 57100 ns, Total: 73900 ns
[2020-04-26T18:53:17.804+0000][1][safepoint    ] Safepoint "RevokeBias", Time since last: 1843200 ns, Reaching safepoint: 12000 ns, At safepoint: 48200 ns, Total: 60200 ns
[2020-04-26T18:53:17.850+0000][1][gc,start     ] GC(14) Pause Young (Allocation Failure)
[2020-04-26T18:53:17.850+0000][1][gc,task      ] GC(14) Using 10 workers of 10 for evacuation
[2020-04-26T18:53:17.859+0000][1][gc,age       ] GC(14) Desired survivor size 8945664 bytes, new threshold 2 (max threshold 6)
[2020-04-26T18:53:17.859+0000][1][gc,age       ] GC(14) Age table with threshold 2 (max threshold 6)
[2020-04-26T18:53:17.859+0000][1][gc,age       ] GC(14) - age   1:    3645920 bytes,    3645920 total
[2020-04-26T18:53:17.859+0000][1][gc,age       ] GC(14) - age   2:    6695112 bytes,   10341032 total
[2020-04-26T18:53:17.859+0000][1][gc,heap      ] GC(14) ParNew: 150866K->13772K(157248K)
[2020-04-26T18:53:17.859+0000][1][gc,heap      ] GC(14) CMS: 46910K->49663K(349568K)
[2020-04-26T18:53:17.859+0000][1][gc,metaspace ] GC(14) Metaspace: 62980K->62980K(1107968K)
[2020-04-26T18:53:17.859+0000][1][gc           ] GC(14) Pause Young (Allocation Failure) 193M->61M(494M) 9.008ms
[2020-04-26T18:53:17.859+0000][1][gc,cpu       ] GC(14) User=0.08s Sys=0.00s Real=0.01s
[2020-04-26T18:53:17.859+0000][1][safepoint    ] Safepoint "GenCollectForAllocation", Time since last: 45834500 ns, Reaching safepoint: 48400 ns, At safepoint: 9084800 ns, Total: 9133200 ns
[2020-04-26T18:53:17.981+0000][1][safepoint    ] Safepoint "Deoptimize", Time since last: 120376400 ns, Reaching safepoint: 49600 ns, At safepoint: 1107100 ns, Total: 1156700 ns
[2020-04-26T18:53:18.404+0000][1][safepoint    ] Safepoint "RevokeBias", Time since last: 423602600 ns, Reaching safepoint: 104800 ns, At safepoint: 33900 ns, Total: 138700 ns
[2020-04-26T18:53:18.449+0000][1][safepoint    ] Safepoint "Deoptimize", Time since last: 44376500 ns, Reaching safepoint: 25400 ns, At safepoint: 316000 ns, Total: 341400 ns
[2020-04-26T18:53:18.497+0000][1][safepoint    ] Safepoint "RevokeBias", Time since last: 47370000 ns, Reaching safepoint: 144200 ns, At safepoint: 60700 ns, Total: 204900 ns
[2020-04-26T18:53:18.497+0000][1][safepoint    ] Safepoint "RevokeBias", Time since last: 393400 ns, Reaching safepoint: 16700 ns, At safepoint: 46300 ns, Total: 63000 ns
[2020-04-26T18:53:18.498+0000][1][safepoint    ] Safepoint "RevokeBias", Time since last: 715100 ns, Reaching safepoint: 19900 ns, At safepoint: 52500 ns, Total: 72400 ns
[2020-04-26T18:53:18.499+0000][1][safepoint    ] Safepoint "RevokeBias", Time since last: 799200 ns, Reaching safepoint: 21500 ns, At safepoint: 47600 ns, Total: 69100 ns
[2020-04-26T18:53:18.499+0000][1][safepoint    ] Safepoint "RevokeBias", Time since last: 199400 ns, Reaching safepoint: 16600 ns, At safepoint: 45200 ns, Total: 61800 ns
[2020-04-26T18:53:18.499+0000][1][safepoint    ] Safepoint "RevokeBias", Time since last: 254000 ns, Reaching safepoint: 16800 ns, At safepoint: 61300 ns, Total: 78100 ns
[2020-04-26T18:53:18.500+0000][1][safepoint    ] Safepoint "RevokeBias", Time since last: 530900 ns, Reaching safepoint: 11000 ns, At safepoint: 36600 ns, Total: 47600 ns
[2020-04-26T18:53:18.500+0000][1][safepoint    ] Safepoint "RevokeBias", Time since last: 256100 ns, Reaching safepoint: 12400 ns, At safepoint: 35900 ns, Total: 48300 ns
[2020-04-26T18:53:18.500+0000][1][safepoint    ] Safepoint "RevokeBias", Time since last: 124700 ns, Reaching safepoint: 12100 ns, At safepoint: 33400 ns, Total: 45500 ns
[2020-04-26T18:53:18.501+0000][1][safepoint    ] Safepoint "RevokeBias", Time since last: 419800 ns, Reaching safepoint: 10500 ns, At safepoint: 34200 ns, Total: 44700 ns
[2020-04-26T18:53:18.502+0000][1][safepoint    ] Safepoint "RevokeBias", Time since last: 739700 ns, Reaching safepoint: 20200 ns, At safepoint: 48400 ns, Total: 68600 ns
[2020-04-26T18:53:18.502+0000][1][safepoint    ] Safepoint "RevokeBias", Time since last: 161900 ns, Reaching safepoint: 14600 ns, At safepoint: 51100 ns, Total: 65700 ns
[2020-04-26T18:53:18.504+0000][1][safepoint    ] Safepoint "Deoptimize", Time since last: 1793600 ns, Reaching safepoint: 15700 ns, At safepoint: 334800 ns, Total: 350500 ns
[2020-04-26T18:53:18.591+0000][1][safepoint    ] Safepoint "Deoptimize", Time since last: 85798900 ns, Reaching safepoint: 103100 ns, At safepoint: 734400 ns, Total: 837500 ns
[2020-04-26T18:53:18.683+0000][1][safepoint    ] Safepoint "Deoptimize", Time since last: 91818000 ns, Reaching safepoint: 71400 ns, At safepoint: 509600 ns, Total: 581000 ns
[2020-04-26T18:53:18.867+0000][1][safepoint    ] Safepoint "RevokeBias", Time since last: 183905300 ns, Reaching safepoint: 84300 ns, At safepoint: 84000 ns, Total: 168300 ns
[2020-04-26T18:53:18.867+0000][1][safepoint    ] Safepoint "RevokeBias", Time since last: 174700 ns, Reaching safepoint: 121200 ns, At safepoint: 74400 ns, Total: 195600 ns
[2020-04-26T18:53:18.868+0000][1][safepoint    ] Safepoint "RevokeBias", Time since last: 131000 ns, Reaching safepoint: 99100 ns, At safepoint: 59500 ns, Total: 158600 ns
[2020-04-26T18:53:18.868+0000][1][safepoint    ] Safepoint "RevokeBias", Time since last: 191300 ns, Reaching safepoint: 122500 ns, At safepoint: 46500 ns, Total: 169000 ns
[2020-04-26T18:53:18.868+0000][1][safepoint    ] Safepoint "RevokeBias", Time since last: 118200 ns, Reaching safepoint: 105700 ns, At safepoint: 45200 ns, Total: 150900 ns
[2020-04-26T18:53:18.869+0000][1][safepoint    ] Safepoint "RevokeBias", Time since last: 88500 ns, Reaching safepoint: 10400 ns, At safepoint: 29500 ns, Total: 39900 ns
[2020-04-26T18:53:18.869+0000][1][safepoint    ] Safepoint "RevokeBias", Time since last: 83600 ns, Reaching safepoint: 10200 ns, At safepoint: 45000 ns, Total: 55200 ns
[2020-04-26T18:53:18.869+0000][1][safepoint    ] Safepoint "RevokeBias", Time since last: 82800 ns, Reaching safepoint: 90900 ns, At safepoint: 44300 ns, Total: 135200 ns
[2020-04-26T18:53:18.869+0000][1][safepoint    ] Safepoint "RevokeBias", Time since last: 96900 ns, Reaching safepoint: 12500 ns, At safepoint: 45200 ns, Total: 57700 ns
[2020-04-26T18:53:18.869+0000][1][safepoint    ] Safepoint "RevokeBias", Time since last: 88400 ns, Reaching safepoint: 91000 ns, At safepoint: 45500 ns, Total: 136500 ns
[2020-04-26T18:53:18.869+0000][1][safepoint    ] Safepoint "RevokeBias", Time since last: 106400 ns, Reaching safepoint: 9900 ns, At safepoint: 54100 ns, Total: 64000 ns
[2020-04-26T18:53:18.870+0000][1][safepoint    ] Safepoint "RevokeBias", Time since last: 105800 ns, Reaching safepoint: 103100 ns, At safepoint: 58700 ns, Total: 161800 ns
[2020-04-26T18:53:18.870+0000][1][safepoint    ] Safepoint "RevokeBias", Time since last: 107800 ns, Reaching safepoint: 101300 ns, At safepoint: 59900 ns, Total: 161200 ns
[2020-04-26T18:53:18.870+0000][1][safepoint    ] Safepoint "RevokeBias", Time since last: 122800 ns, Reaching safepoint: 13900 ns, At safepoint: 60800 ns, Total: 74700 ns
[2020-04-26T18:53:18.870+0000][1][safepoint    ] Safepoint "RevokeBias", Time since last: 116000 ns, Reaching safepoint: 14000 ns, At safepoint: 58800 ns, Total: 72800 ns
[2020-04-26T18:53:18.871+0000][1][safepoint    ] Safepoint "RevokeBias", Time since last: 114800 ns, Reaching safepoint: 13800 ns, At safepoint: 63200 ns, Total: 77000 ns
[2020-04-26T18:53:18.871+0000][1][safepoint    ] Safepoint "RevokeBias", Time since last: 176900 ns, Reaching safepoint: 12100 ns, At safepoint: 52000 ns, Total: 64100 ns
[2020-04-26T18:53:18.871+0000][1][safepoint    ] Safepoint "RevokeBias", Time since last: 463200 ns, Reaching safepoint: 114200 ns, At safepoint: 52900 ns, Total: 167100 ns
[2020-04-26T18:53:18.873+0000][1][safepoint    ] Safepoint "RevokeBias", Time since last: 1836200 ns, Reaching safepoint: 126800 ns, At safepoint: 59700 ns, Total: 186500 ns
[2020-04-26T18:53:18.875+0000][1][safepoint    ] Safepoint "RevokeBias", Time since last: 1063300 ns, Reaching safepoint: 122400 ns, At safepoint: 56800 ns, Total: 179200 ns
[2020-04-26T18:53:18.877+0000][1][safepoint    ] Safepoint "RevokeBias", Time since last: 2092200 ns, Reaching safepoint: 118300 ns, At safepoint: 54600 ns, Total: 172900 ns
[2020-04-26T18:53:18.878+0000][1][safepoint    ] Safepoint "RevokeBias", Time since last: 472900 ns, Reaching safepoint: 130400 ns, At safepoint: 62700 ns, Total: 193100 ns
[2020-04-26T18:53:18.878+0000][1][safepoint    ] Safepoint "RevokeBias", Time since last: 262100 ns, Reaching safepoint: 104800 ns, At safepoint: 34300 ns, Total: 139100 ns
[2020-04-26T18:53:18.879+0000][1][safepoint    ] Safepoint "RevokeBias", Time since last: 537200 ns, Reaching safepoint: 209900 ns, At safepoint: 86700 ns, Total: 296600 ns
[2020-04-26T18:53:18.879+0000][1][safepoint    ] Safepoint "RevokeBias", Time since last: 110000 ns, Reaching safepoint: 233200 ns, At safepoint: 102700 ns, Total: 335900 ns
[2020-04-26T18:53:18.880+0000][1][safepoint    ] Safepoint "RevokeBias", Time since last: 207700 ns, Reaching safepoint: 175100 ns, At safepoint: 90500 ns, Total: 265600 ns
[2020-04-26T18:53:18.880+0000][1][safepoint    ] Safepoint "RevokeBias", Time since last: 233000 ns, Reaching safepoint: 366900 ns, At safepoint: 115900 ns, Total: 482800 ns
[2020-04-26T18:53:18.881+0000][1][safepoint    ] Safepoint "RevokeBias", Time since last: 57000 ns, Reaching safepoint: 268800 ns, At safepoint: 123700 ns, Total: 392500 ns
[2020-04-26T18:53:18.881+0000][1][safepoint    ] Safepoint "RevokeBias", Time since last: 35800 ns, Reaching safepoint: 105700 ns, At safepoint: 98700 ns, Total: 204400 ns
[2020-04-26T18:53:18.882+0000][1][safepoint    ] Safepoint "RevokeBias", Time since last: 45700 ns, Reaching safepoint: 313100 ns, At safepoint: 77900 ns, Total: 391000 ns
[2020-04-26T18:53:18.882+0000][1][safepoint    ] Safepoint "RevokeBias", Time since last: 147000 ns, Reaching safepoint: 107900 ns, At safepoint: 102100 ns, Total: 210000 ns
[2020-04-26T18:53:18.882+0000][1][safepoint    ] Safepoint "RevokeBias", Time since last: 67400 ns, Reaching safepoint: 246600 ns, At safepoint: 86800 ns, Total: 333400 ns
[2020-04-26T18:53:18.883+0000][1][safepoint    ] Safepoint "RevokeBias", Time since last: 135300 ns, Reaching safepoint: 219700 ns, At safepoint: 124600 ns, Total: 344300 ns
[2020-04-26T18:53:18.883+0000][1][safepoint    ] Safepoint "RevokeBias", Time since last: 117200 ns, Reaching safepoint: 191700 ns, At safepoint: 203700 ns, Total: 395400 ns
[2020-04-26T18:53:18.884+0000][1][safepoint    ] Safepoint "RevokeBias", Time since last: 44000 ns, Reaching safepoint: 305200 ns, At safepoint: 203900 ns, Total: 509100 ns
[2020-04-26T18:53:18.884+0000][1][safepoint    ] Safepoint "RevokeBias", Time since last: 189600 ns, Reaching safepoint: 143200 ns, At safepoint: 139900 ns, Total: 283100 ns
[2020-04-26T18:53:18.885+0000][1][safepoint    ] Safepoint "RevokeBias", Time since last: 38500 ns, Reaching safepoint: 304700 ns, At safepoint: 85800 ns, Total: 390500 ns
[2020-04-26T18:53:18.885+0000][1][safepoint    ] Safepoint "RevokeBias", Time since last: 172400 ns, Reaching safepoint: 102100 ns, At safepoint: 99500 ns, Total: 201600 ns
[2020-04-26T18:53:18.886+0000][1][safepoint    ] Safepoint "RevokeBias", Time since last: 64200 ns, Reaching safepoint: 316200 ns, At safepoint: 87500 ns, Total: 403700 ns
[2020-04-26T18:53:18.886+0000][1][safepoint    ] Safepoint "RevokeBias", Time since last: 190500 ns, Reaching safepoint: 93300 ns, At safepoint: 81800 ns, Total: 175100 ns
[2020-04-26T18:53:18.886+0000][1][safepoint    ] Safepoint "RevokeBias", Time since last: 147800 ns, Reaching safepoint: 176500 ns, At safepoint: 91200 ns, Total: 267700 ns
[2020-04-26T18:53:18.887+0000][1][safepoint    ] Safepoint "RevokeBias", Time since last: 177200 ns, Reaching safepoint: 242000 ns, At safepoint: 112200 ns, Total: 354200 ns
[2020-04-26T18:53:18.888+0000][1][safepoint    ] Safepoint "RevokeBias", Time since last: 256900 ns, Reaching safepoint: 125300 ns, At safepoint: 207000 ns, Total: 332300 ns
[2020-04-26T18:53:18.888+0000][1][safepoint    ] Safepoint "RevokeBias", Time since last: 291500 ns, Reaching safepoint: 314100 ns, At safepoint: 134700 ns, Total: 448800 ns
[2020-04-26T18:53:18.889+0000][1][safepoint    ] Safepoint "RevokeBias", Time since last: 163300 ns, Reaching safepoint: 296700 ns, At safepoint: 78800 ns, Total: 375500 ns
[2020-04-26T18:53:18.889+0000][1][safepoint    ] Safepoint "RevokeBias", Time since last: 120400 ns, Reaching safepoint: 94400 ns, At safepoint: 37800 ns, Total: 132200 ns
[2020-04-26T18:53:18.889+0000][1][safepoint    ] Safepoint "RevokeBias", Time since last: 49000 ns, Reaching safepoint: 89500 ns, At safepoint: 57400 ns, Total: 146900 ns
[2020-04-26T18:53:18.889+0000][1][safepoint    ] Safepoint "RevokeBias", Time since last: 46800 ns, Reaching safepoint: 9500 ns, At safepoint: 21800 ns, Total: 31300 ns
[2020-04-26T18:53:18.889+0000][1][safepoint    ] Safepoint "RevokeBias", Time since last: 28800 ns, Reaching safepoint: 8600 ns, At safepoint: 21400 ns, Total: 30000 ns
[2020-04-26T18:53:18.890+0000][1][safepoint    ] Safepoint "RevokeBias", Time since last: 572100 ns, Reaching safepoint: 115700 ns, At safepoint: 83400 ns, Total: 199100 ns
[2020-04-26T18:53:18.891+0000][1][safepoint    ] Safepoint "RevokeBias", Time since last: 271800 ns, Reaching safepoint: 16500 ns, At safepoint: 56700 ns, Total: 73200 ns
[2020-04-26T18:53:18.891+0000][1][safepoint    ] Safepoint "RevokeBias", Time since last: 124400 ns, Reaching safepoint: 13400 ns, At safepoint: 36300 ns, Total: 49700 ns
[2020-04-26T18:53:18.891+0000][1][safepoint    ] Safepoint "RevokeBias", Time since last: 167700 ns, Reaching safepoint: 13400 ns, At safepoint: 37400 ns, Total: 50800 ns
[2020-04-26T18:53:18.891+0000][1][safepoint    ] Safepoint "RevokeBias", Time since last: 115700 ns, Reaching safepoint: 13000 ns, At safepoint: 35700 ns, Total: 48700 ns
[2020-04-26T18:53:18.891+0000][1][safepoint    ] Safepoint "BulkRevokeBias", Time since last: 104500 ns, Reaching safepoint: 13300 ns, At safepoint: 95300 ns, Total: 108600 ns
[2020-04-26T18:53:18.898+0000][1][safepoint    ] Safepoint "RevokeBias", Time since last: 6451600 ns, Reaching safepoint: 110400 ns, At safepoint: 97600 ns, Total: 208000 ns
[2020-04-26T18:53:18.898+0000][1][safepoint    ] Safepoint "RevokeBias", Time since last: 103800 ns, Reaching safepoint: 102200 ns, At safepoint: 73200 ns, Total: 175400 ns
[2020-04-26T18:53:18.899+0000][1][safepoint    ] Safepoint "RevokeBias", Time since last: 111800 ns, Reaching safepoint: 96900 ns, At safepoint: 92700 ns, Total: 189600 ns
[2020-04-26T18:53:18.899+0000][1][safepoint    ] Safepoint "RevokeBias", Time since last: 671000 ns, Reaching safepoint: 104900 ns, At safepoint: 82000 ns, Total: 186900 ns
[2020-04-26T18:53:18.900+0000][1][safepoint    ] Safepoint "RevokeBias", Time since last: 213400 ns, Reaching safepoint: 129900 ns, At safepoint: 108200 ns, Total: 238100 ns
[2020-04-26T18:53:18.900+0000][1][safepoint    ] Safepoint "RevokeBias", Time since last: 174600 ns, Reaching safepoint: 128600 ns, At safepoint: 106500 ns, Total: 235100 ns
[2020-04-26T18:53:18.901+0000][1][safepoint    ] Safepoint "RevokeBias", Time since last: 594700 ns, Reaching safepoint: 95700 ns, At safepoint: 60600 ns, Total: 156300 ns
[2020-04-26T18:53:18.902+0000][1][safepoint    ] Safepoint "RevokeBias", Time since last: 497400 ns, Reaching safepoint: 104000 ns, At safepoint: 76700 ns, Total: 180700 ns
[2020-04-26T18:53:18.905+0000][1][safepoint    ] Safepoint "RevokeBias", Time since last: 3064100 ns, Reaching safepoint: 113200 ns, At safepoint: 96700 ns, Total: 209900 ns
[2020-04-26T18:53:18.906+0000][1][safepoint    ] Safepoint "RevokeBias", Time since last: 461600 ns, Reaching safepoint: 98800 ns, At safepoint: 75600 ns, Total: 174400 ns
[2020-04-26T18:53:18.906+0000][1][safepoint    ] Safepoint "RevokeBias", Time since last: 126400 ns, Reaching safepoint: 94800 ns, At safepoint: 74800 ns, Total: 169600 ns
[2020-04-26T18:53:18.906+0000][1][safepoint    ] Safepoint "RevokeBias", Time since last: 120600 ns, Reaching safepoint: 93400 ns, At safepoint: 69300 ns, Total: 162700 ns
[2020-04-26T18:53:18.908+0000][1][safepoint    ] Safepoint "RevokeBias", Time since last: 1468400 ns, Reaching safepoint: 137400 ns, At safepoint: 177200 ns, Total: 314600 ns
[2020-04-26T18:53:18.908+0000][1][safepoint    ] Safepoint "RevokeBias", Time since last: 187100 ns, Reaching safepoint: 131100 ns, At safepoint: 133500 ns, Total: 264600 ns
[2020-04-26T18:53:18.909+0000][1][safepoint    ] Safepoint "RevokeBias", Time since last: 232300 ns, Reaching safepoint: 89200 ns, At safepoint: 72300 ns, Total: 161500 ns
[2020-04-26T18:53:18.909+0000][1][safepoint    ] Safepoint "RevokeBias", Time since last: 125800 ns, Reaching safepoint: 111500 ns, At safepoint: 87400 ns, Total: 198900 ns
[2020-04-26T18:53:18.909+0000][1][safepoint    ] Safepoint "RevokeBias", Time since last: 156300 ns, Reaching safepoint: 10700 ns, At safepoint: 30500 ns, Total: 41200 ns
[2020-04-26T18:53:18.910+0000][1][safepoint    ] Safepoint "RevokeBias", Time since last: 132700 ns, Reaching safepoint: 92300 ns, At safepoint: 58800 ns, Total: 151100 ns
[2020-04-26T18:53:18.910+0000][1][safepoint    ] Safepoint "RevokeBias", Time since last: 185200 ns, Reaching safepoint: 101900 ns, At safepoint: 60800 ns, Total: 162700 ns
[2020-04-26T18:53:18.910+0000][1][safepoint    ] Safepoint "RevokeBias", Time since last: 161400 ns, Reaching safepoint: 9500 ns, At safepoint: 60800 ns, Total: 70300 ns
[2020-04-26T18:53:18.911+0000][1][safepoint    ] Safepoint "RevokeBias", Time since last: 135400 ns, Reaching safepoint: 93900 ns, At safepoint: 88100 ns, Total: 182000 ns
[2020-04-26T18:53:18.912+0000][1][safepoint    ] Safepoint "RevokeBias", Time since last: 1412500 ns, Reaching safepoint: 23800 ns, At safepoint: 77900 ns, Total: 101700 ns
[2020-04-26T18:53:18.912+0000][1][safepoint    ] Safepoint "RevokeBias", Time since last: 181300 ns, Reaching safepoint: 107200 ns, At safepoint: 92700 ns, Total: 199900 ns
[2020-04-26T18:53:18.913+0000][1][safepoint    ] Safepoint "RevokeBias", Time since last: 64800 ns, Reaching safepoint: 125500 ns, At safepoint: 104700 ns, Total: 230200 ns
[2020-04-26T18:53:18.913+0000][1][safepoint    ] Safepoint "RevokeBias", Time since last: 51400 ns, Reaching safepoint: 98700 ns, At safepoint: 95300 ns, Total: 194000 ns
[2020-04-26T18:53:18.913+0000][1][safepoint    ] Safepoint "RevokeBias", Time since last: 101900 ns, Reaching safepoint: 152600 ns, At safepoint: 99900 ns, Total: 252500 ns
[2020-04-26T18:53:18.914+0000][1][safepoint    ] Safepoint "RevokeBias", Time since last: 180400 ns, Reaching safepoint: 126300 ns, At safepoint: 138700 ns, Total: 265000 ns
[2020-04-26T18:53:18.917+0000][1][gc,heap,exit ] Heap
[2020-04-26T18:53:18.917+0000][1][gc,heap,exit ]  par new generation   total 157248K, used 147255K [0x00000000e0000000, 0x00000000eaaa0000, 0x00000000eaaa0000)
[2020-04-26T18:53:18.917+0000][1][gc,heap,exit ]   eden space 139776K,  95% used [0x00000000e0000000, 0x00000000e825aca0, 0x00000000e8880000)
[2020-04-26T18:53:18.917+0000][1][gc,heap,exit ]   from space 17472K,  78% used [0x00000000e9990000, 0x00000000ea703108, 0x00000000eaaa0000)
[2020-04-26T18:53:18.917+0000][1][gc,heap,exit ]   to   space 17472K,   0% used [0x00000000e8880000, 0x00000000e8880000, 0x00000000e9990000)
[2020-04-26T18:53:18.917+0000][1][gc,heap,exit ]  concurrent mark-sweep generation total 349568K, used 49663K [0x00000000eaaa0000, 0x0000000100000000, 0x0000000100000000)
[2020-04-26T18:53:18.917+0000][1][gc,heap,exit ]  Metaspace       used 73793K, capacity 79731K, committed 79828K, reserved 1116160K
[2020-04-26T18:53:18.917+0000][1][gc,heap,exit ]   class space    used 9955K, capacity 12411K, committed 12444K, reserved 1048576K
